Starting Valgrind tests...
Starting Valgrind tests...
Running valgrind on ./maps/test/wall_hole_east.cub...

[0;31m Error:[Walls check] incorrect vertical walls 
[0m [0;34mN[0;34mO[0;34m [0;34mt[0;34me[0;34mx[0;34mt[0;34mu[0;34mr[0;34me[0;34ms[0;34m/[0;34mt[0;34me[0;34ms[0;34mt[0;34m/[0;34mn[0;34mo[0;34mr[0;34mt[0;34mh[0;34m.[0;34mx[0;34mp[0;34mm
[0m[0;34mS[0;34mO[0;34m [0;34mt[0;34me[0;34mx[0;34mt[0;34mu[0;34mr[0;34me[0;34ms[0;34m/[0;34mt[0;34me[0;34ms[0;34mt[0;34m/[0;34ms[0;34mo[0;34mu[0;34mt[0;34mh[0;34m.[0;34mx[0;34mp[0;34mm
[0m[0;34mW[0;34mE[0;34m [0;34mt[0;34me[0;34mx[0;34mt[0;34mu[0;34mr[0;34me[0;34ms[0;34m/[0;34mt[0;34me[0;34ms[0;34mt[0;34m/[0;34mw[0;34me[0;34ms[0;34mt[0;34m.[0;34mx[0;34mp[0;34mm
[0m[0;34mE[0;34mA[0;34m [0;34mt[0;34me[0;34mx[0;34mt[0;34mu[0;34mr[0;34me[0;34ms[0;34m/[0;34mt[0;34me[0;34ms[0;34mt[0;34m/[0;34me[0;34ma[0;34ms[0;34mt[0;34m.[0;34mx[0;34mp[0;34mm
[0m
[0m[0;34mF[0;34m [0;34m2[0;34m0[0;34m,[0;34m2[0;34m0[0;34m,[0;34m2[0;34m0
[0m[0;34mC[0;34m [0;34m2[0;34m0[0;34m0[0;34m,[0;34m2[0;34m0[0;34m0[0;34m,[0;34m2[0;34m0[0;34m0
[0m
[0m[0;34m1[0;34m1[0;34m1[0;34m1[0;34m1
[0m[0;34m1[0;34m0[0;34m0[0;34m0[0;34m1
[0m[0;34m1[0;34m0[0;34mS[0;34m0[0;34m1
[0m[0;34m1[0;34m0[0;34m0[0;34m0[0;34m1
[0m[0;34m1[0;34m0[0;34m0[0;34m0[0;34m1
[0m[0;34m1[0;34m0[0;34m0[0;34m0[0;34m1
[0m[0;34m1[0;34m1[0;34m0[0;34m0[0;34m0
[0m[0;34m1[0;34m0[0;34m0[0;34m0[0;34m1
[0m[0;34m1[0;34m0[0;34m0[0;34m0[0;34m1
[0m[0;34m1[0;34m0[0;34m0[0;34m0[0;34m1
[0m[0;34m1[0;34m0[0;34m0[0;34m0[0;34m1
[0m[0;34m1[0;34m0[0;34m0[0;34m0[0;34m1
[0m[0;34m1[0;34m1[0;34m1[0;34m1[0;34m1
[0mExit code: 1
‚ö†Ô∏è No Valgrind alerts, but with leaks[0m  
==7292== Memcheck, a memory error detector
==7292== Copyright (C) 2002-2022, and GNU GPL'd, by Julian Seward et al.
==7292== Using Valgrind-3.22.0 and LibVEX; rerun with -h for copyright info
==7292== Command: ./cub3d ./maps/test/wall_hole_east.cub
==7292== Parent PID: 7290
==7292== 
==7292== 
==7292== HEAP SUMMARY:
==7292==     in use at exit: 598 bytes in 36 blocks
==7292==   total heap usage: 126 allocs, 90 frees, 7,925 bytes allocated
==7292== 
==7292== LEAK SUMMARY:
==7292==    definitely lost: 288 bytes in 2 blocks
==7292==    indirectly lost: 310 bytes in 34 blocks
==7292==      possibly lost: 0 bytes in 0 blocks
==7292==    still reachable: 0 bytes in 0 blocks
==7292==         suppressed: 0 bytes in 0 blocks
==7292== Rerun with --leak-check=full to see details of leaked memory
==7292== 
==7292== For lists of detected and suppressed errors, rerun with: -s
==7292== ERROR SUMMARY: 0 errors from 0 contexts (suppressed: 0 from 0)
Running valgrind on ./maps/test/wall_hole_north.cub...

[0;31m Error:[Walls check] incorrect horizontal walls
[0m [0;34mN[0;34mO[0;34m [0;34mt[0;34me[0;34mx[0;34mt[0;34mu[0;34mr[0;34me[0;34ms[0;34m/[0;34mt[0;34me[0;34ms[0;34mt[0;34m/[0;34mn[0;34mo[0;34mr[0;34mt[0;34mh[0;34m.[0;34mx[0;34mp[0;34mm
[0m[0;34mS[0;34mO[0;34m [0;34mt[0;34me[0;34mx[0;34mt[0;34mu[0;34mr[0;34me[0;34ms[0;34m/[0;34mt[0;34me[0;34ms[0;34mt[0;34m/[0;34ms[0;34mo[0;34mu[0;34mt[0;34mh[0;34m.[0;34mx[0;34mp[0;34mm
[0m[0;34mW[0;34mE[0;34m [0;34mt[0;34me[0;34mx[0;34mt[0;34mu[0;34mr[0;34me[0;34ms[0;34m/[0;34mt[0;34me[0;34ms[0;34mt[0;34m/[0;34mw[0;34me[0;34ms[0;34mt[0;34m.[0;34mx[0;34mp[0;34mm
[0m[0;34mE[0;34mA[0;34m [0;34mt[0;34me[0;34mx[0;34mt[0;34mu[0;34mr[0;34me[0;34ms[0;34m/[0;34mt[0;34me[0;34ms[0;34mt[0;34m/[0;34me[0;34ma[0;34ms[0;34mt[0;34m.[0;34mx[0;34mp[0;34mm
[0m
[0m[0;34mF[0;34m [0;34m2[0;34m0[0;34m,[0;34m2[0;34m0[0;34m,[0;34m2[0;34m0
[0m[0;34mC[0;34m [0;34m2[0;34m0[0;34m0[0;34m,[0;34m2[0;34m0[0;34m0[0;34m,[0;34m2[0;34m0[0;34m0
[0m
[0m[0;34m1[0;34m1[0;34m0[0;34m1[0;34m1
[0m[0;34m1[0;34m0[0;34m0[0;34m0[0;34m1
[0m[0;34m1[0;34m0[0;34mS[0;34m0[0;34m1
[0m[0;34m1[0;34m0[0;34m0[0;34m0[0;34m1
[0m[0;34m1[0;34m0[0;34m0[0;34m0[0;34m1
[0m[0;34m1[0;34m0[0;34m0[0;34m0[0;34m1
[0m[0;34m1[0;34m1[0;34m0[0;34m0[0;34m1
[0m[0;34m1[0;34m0[0;34m0[0;34m0[0;34m1
[0m[0;34m1[0;34m0[0;34m0[0;34m0[0;34m1
[0m[0;34m1[0;34m0[0;34m0[0;34m0[0;34m1
[0m[0;34m1[0;34m0[0;34m0[0;34m0[0;34m1
[0m[0;34m1[0;34m0[0;34m0[0;34m0[0;34m1
[0m[0;34m1[0;34m1[0;34m1[0;34m1[0;34m1
[0mExit code: 1
‚ö†Ô∏è No Valgrind alerts, but with leaks[0m  
==7298== Memcheck, a memory error detector
==7298== Copyright (C) 2002-2022, and GNU GPL'd, by Julian Seward et al.
==7298== Using Valgrind-3.22.0 and LibVEX; rerun with -h for copyright info
==7298== Command: ./cub3d ./maps/test/wall_hole_north.cub
==7298== Parent PID: 7290
==7298== 
==7298== 
==7298== HEAP SUMMARY:
==7298==     in use at exit: 598 bytes in 36 blocks
==7298==   total heap usage: 126 allocs, 90 frees, 7,925 bytes allocated
==7298== 
==7298== LEAK SUMMARY:
==7298==    definitely lost: 288 bytes in 2 blocks
==7298==    indirectly lost: 310 bytes in 34 blocks
==7298==      possibly lost: 0 bytes in 0 blocks
==7298==    still reachable: 0 bytes in 0 blocks
==7298==         suppressed: 0 bytes in 0 blocks
==7298== Rerun with --leak-check=full to see details of leaked memory
==7298== 
==7298== For lists of detected and suppressed errors, rerun with: -s
==7298== ERROR SUMMARY: 0 errors from 0 contexts (suppressed: 0 from 0)
Running valgrind on ./maps/test/wall_hole_south.cub...

[0;31m Error:[Walls check] incorrect horizontal walls
[0m [0;34mN[0;34mO[0;34m [0;34mt[0;34me[0;34mx[0;34mt[0;34mu[0;34mr[0;34me[0;34ms[0;34m/[0;34mt[0;34me[0;34ms[0;34mt[0;34m/[0;34mn[0;34mo[0;34mr[0;34mt[0;34mh[0;34m.[0;34mx[0;34mp[0;34mm
[0m[0;34mS[0;34mO[0;34m [0;34mt[0;34me[0;34mx[0;34mt[0;34mu[0;34mr[0;34me[0;34ms[0;34m/[0;34mt[0;34me[0;34ms[0;34mt[0;34m/[0;34ms[0;34mo[0;34mu[0;34mt[0;34mh[0;34m.[0;34mx[0;34mp[0;34mm
[0m[0;34mW[0;34mE[0;34m [0;34mt[0;34me[0;34mx[0;34mt[0;34mu[0;34mr[0;34me[0;34ms[0;34m/[0;34mt[0;34me[0;34ms[0;34mt[0;34m/[0;34mw[0;34me[0;34ms[0;34mt[0;34m.[0;34mx[0;34mp[0;34mm
[0m[0;34mE[0;34mA[0;34m [0;34mt[0;34me[0;34mx[0;34mt[0;34mu[0;34mr[0;34me[0;34ms[0;34m/[0;34mt[0;34me[0;34ms[0;34mt[0;34m/[0;34me[0;34ma[0;34ms[0;34mt[0;34m.[0;34mx[0;34mp[0;34mm
[0m
[0m[0;34mF[0;34m [0;34m2[0;34m0[0;34m,[0;34m2[0;34m0[0;34m,[0;34m2[0;34m0
[0m[0;34mC[0;34m [0;34m2[0;34m0[0;34m0[0;34m,[0;34m2[0;34m0[0;34m0[0;34m,[0;34m2[0;34m0[0;34m0
[0m
[0m[0;34m1[0;34m1[0;34m1[0;34m1[0;34m1
[0m[0;34m1[0;34m0[0;34m0[0;34m0[0;34m1
[0m[0;34m1[0;34m0[0;34mS[0;34m0[0;34m1
[0m[0;34m1[0;34m0[0;34m0[0;34m0[0;34m1
[0m[0;34m1[0;34m0[0;34m0[0;34m0[0;34m1
[0m[0;34m1[0;34m0[0;34m0[0;34m0[0;34m1
[0m[0;34m1[0;34m1[0;34m0[0;34m0[0;34m1
[0m[0;34m1[0;34m0[0;34m0[0;34m0[0;34m1
[0m[0;34m1[0;34m0[0;34m0[0;34m0[0;34m1
[0m[0;34m1[0;34m0[0;34m0[0;34m0[0;34m1
[0m[0;34m1[0;34m0[0;34m0[0;34m0[0;34m1
[0m[0;34m1[0;34m0[0;34m0[0;34m0[0;34m1
[0m[0;34m1[0;34m1[0;34m0[0;34m1[0;34m1
[0mExit code: 1
‚ö†Ô∏è No Valgrind alerts, but with leaks[0m  
==7314== Memcheck, a memory error detector
==7314== Copyright (C) 2002-2022, and GNU GPL'd, by Julian Seward et al.
==7314== Using Valgrind-3.22.0 and LibVEX; rerun with -h for copyright info
==7314== Command: ./cub3d ./maps/test/wall_hole_south.cub
==7314== Parent PID: 7290
==7314== 
==7314== 
==7314== HEAP SUMMARY:
==7314==     in use at exit: 598 bytes in 36 blocks
==7314==   total heap usage: 126 allocs, 90 frees, 7,925 bytes allocated
==7314== 
==7314== LEAK SUMMARY:
==7314==    definitely lost: 288 bytes in 2 blocks
==7314==    indirectly lost: 310 bytes in 34 blocks
==7314==      possibly lost: 0 bytes in 0 blocks
==7314==    still reachable: 0 bytes in 0 blocks
==7314==         suppressed: 0 bytes in 0 blocks
==7314== Rerun with --leak-check=full to see details of leaked memory
==7314== 
==7314== For lists of detected and suppressed errors, rerun with: -s
==7314== ERROR SUMMARY: 0 errors from 0 contexts (suppressed: 0 from 0)
Running valgrind on ./maps/test/wall_hole_west.cub...

[0;31m Error:[Map check in file] Invalid map placement or format
[0m [0;34mN[0;34mO[0;34m [0;34mt[0;34me[0;34mx[0;34mt[0;34mu[0;34mr[0;34me[0;34ms[0;34m/[0;34mt[0;34me[0;34ms[0;34mt[0;34m/[0;34mn[0;34mo[0;34mr[0;34mt[0;34mh[0;34m.[0;34mx[0;34mp[0;34mm
[0m[0;34mS[0;34mO[0;34m [0;34mt[0;34me[0;34mx[0;34mt[0;34mu[0;34mr[0;34me[0;34ms[0;34m/[0;34mt[0;34me[0;34ms[0;34mt[0;34m/[0;34ms[0;34mo[0;34mu[0;34mt[0;34mh[0;34m.[0;34mx[0;34mp[0;34mm
[0m[0;34mW[0;34mE[0;34m [0;34mt[0;34me[0;34mx[0;34mt[0;34mu[0;34mr[0;34me[0;34ms[0;34m/[0;34mt[0;34me[0;34ms[0;34mt[0;34m/[0;34mw[0;34me[0;34ms[0;34mt[0;34m.[0;34mx[0;34mp[0;34mm
[0m[0;34mE[0;34mA[0;34m [0;34mt[0;34me[0;34mx[0;34mt[0;34mu[0;34mr[0;34me[0;34ms[0;34m/[0;34mt[0;34me[0;34ms[0;34mt[0;34m/[0;34me[0;34ma[0;34ms[0;34mt[0;34m.[0;34mx[0;34mp[0;34mm
[0m
[0m[0;34mF[0;34m [0;34m2[0;34m0[0;34m,[0;34m2[0;34m0[0;34m,[0;34m2[0;34m0
[0m[0;34mC[0;34m [0;34m2[0;34m0[0;34m0[0;34m,[0;34m2[0;34m0[0;34m0[0;34m,[0;34m2[0;34m0[0;34m0
[0m
[0m[0;34m1[0;34m1[0;34m1[0;34m1[0;34m1
[0m[0;34m1[0;34m0[0;34m0[0;34m0[0;34m1
[0m[0;34m1[0;34m0[0;34mS[0;34m0[0;34m1
[0m[0;34m1[0;34m0[0;34m0[0;34m0[0;34m1
[0m[0;34m1[0;34m0[0;34m0[0;34m0[0;34m1
[0m[0;34m0[0;34m0[0;34m0[0;34m0[0;34m1
[0m[0;34m1[0;34m1[0;34m0[0;34m0[0;34m1
[0m[0;34m1[0;34m0[0;34m0[0;34m0[0;34m1
[0m[0;34m1[0;34m0[0;34m0[0;34m0[0;34m1
[0m[0;34m1[0;34m0[0;34m0[0;34m0[0;34m1
[0m[0;34m1[0;34m0[0;34m0[0;34m0[0;34m1
[0m[0;34m1[0;34m0[0;34m0[0;34m0[0;34m1
[0m[0;34m1[0;34m1[0;34m1[0;34m1[0;34m1
[0mExit code: 1
‚ö†Ô∏è No Valgrind alerts, but with leaks[0m  
==7317== Memcheck, a memory error detector
==7317== Copyright (C) 2002-2022, and GNU GPL'd, by Julian Seward et al.
==7317== Using Valgrind-3.22.0 and LibVEX; rerun with -h for copyright info
==7317== Command: ./cub3d ./maps/test/wall_hole_west.cub
==7317== Parent PID: 7290
==7317== 
==7317== 
==7317== HEAP SUMMARY:
==7317==     in use at exit: 408 bytes in 22 blocks
==7317==   total heap usage: 99 allocs, 77 frees, 7,657 bytes allocated
==7317== 
==7317== LEAK SUMMARY:
==7317==    definitely lost: 176 bytes in 1 blocks
==7317==    indirectly lost: 232 bytes in 21 blocks
==7317==      possibly lost: 0 bytes in 0 blocks
==7317==    still reachable: 0 bytes in 0 blocks
==7317==         suppressed: 0 bytes in 0 blocks
==7317== Rerun with --leak-check=full to see details of leaked memory
==7317== 
==7317== For lists of detected and suppressed errors, rerun with: -s
==7317== ERROR SUMMARY: 0 errors from 0 contexts (suppressed: 0 from 0)
Running valgrind on ./maps/test/wall_none.cub...

[0;31m Error:[Map start] No map or incorrect placement
[0m [0;34mN[0;34mO[0;34m [0;34mt[0;34me[0;34mx[0;34mt[0;34mu[0;34mr[0;34me[0;34ms[0;34m/[0;34mt[0;34me[0;34ms[0;34mt[0;34m/[0;34mn[0;34mo[0;34mr[0;34mt[0;34mh[0;34m.[0;34mx[0;34mp[0;34mm
[0m[0;34mS[0;34mO[0;34m [0;34mt[0;34me[0;34mx[0;34mt[0;34mu[0;34mr[0;34me[0;34ms[0;34m/[0;34mt[0;34me[0;34ms[0;34mt[0;34m/[0;34ms[0;34mo[0;34mu[0;34mt[0;34mh[0;34m.[0;34mx[0;34mp[0;34mm
[0m[0;34mW[0;34mE[0;34m [0;34mt[0;34me[0;34mx[0;34mt[0;34mu[0;34mr[0;34me[0;34ms[0;34m/[0;34mt[0;34me[0;34ms[0;34mt[0;34m/[0;34mw[0;34me[0;34ms[0;34mt[0;34m.[0;34mx[0;34mp[0;34mm
[0m[0;34mE[0;34mA[0;34m [0;34mt[0;34me[0;34mx[0;34mt[0;34mu[0;34mr[0;34me[0;34ms[0;34m/[0;34mt[0;34me[0;34ms[0;34mt[0;34m/[0;34me[0;34ma[0;34ms[0;34mt[0;34m.[0;34mx[0;34mp[0;34mm
[0m
[0m[0;34mF[0;34m [0;34m2[0;34m0[0;34m,[0;34m2[0;34m0[0;34m,[0;34m2[0;34m0
[0m[0;34mC[0;34m [0;34m2[0;34m0[0;34m0[0;34m,[0;34m2[0;34m0[0;34m0[0;34m,[0;34m2[0;34m0[0;34m0
[0m
[0m[0;34m0[0;34m0[0;34m0[0;34m0[0;34m0
[0m[0;34m0[0;34m0[0;34m0[0;34m0[0;34m0
[0m[0;34m0[0;34m0[0;34mS[0;34m0[0;34m0
[0m[0;34m0[0;34m0[0;34m0[0;34m0[0;34m0
[0m[0;34m0[0;34m0[0;34m0[0;34m0[0;34m0
[0m[0;34m0[0;34m0[0;34m0[0;34m0[0;34m0
[0m[0;34m0[0;34m0[0;34m0[0;34m0[0;34m0
[0m[0;34m0[0;34m0[0;34m0[0;34m0[0;34m0
[0m[0;34m0[0;34m0[0;34m0[0;34m0[0;34m0
[0m[0;34m0[0;34m0[0;34m0[0;34m0[0;34m0
[0m[0;34m0[0;34m0[0;34m0[0;34m0[0;34m0
[0m[0;34m0[0;34m0[0;34m0[0;34m0[0;34m0
[0m[0;34m0[0;34m0[0;34m0[0;34m0[0;34m0
[0mExit code: 1
‚ö†Ô∏è No Valgrind alerts, but with leaks[0m  
==7331== Memcheck, a memory error detector
==7331== Copyright (C) 2002-2022, and GNU GPL'd, by Julian Seward et al.
==7331== Using Valgrind-3.22.0 and LibVEX; rerun with -h for copyright info
==7331== Command: ./cub3d ./maps/test/wall_none.cub
==7331== Parent PID: 7290
==7331== 
==7331== 
==7331== HEAP SUMMARY:
==7331==     in use at exit: 408 bytes in 22 blocks
==7331==   total heap usage: 99 allocs, 77 frees, 7,657 bytes allocated
==7331== 
==7331== LEAK SUMMARY:
==7331==    definitely lost: 176 bytes in 1 blocks
==7331==    indirectly lost: 232 bytes in 21 blocks
==7331==      possibly lost: 0 bytes in 0 blocks
==7331==    still reachable: 0 bytes in 0 blocks
==7331==         suppressed: 0 bytes in 0 blocks
==7331== Rerun with --leak-check=full to see details of leaked memory
==7331== 
==7331== For lists of detected and suppressed errors, rerun with: -s
==7331== ERROR SUMMARY: 0 errors from 0 contexts (suppressed: 0 from 0)
Valgrind tests completed. Results saved to test_output.txt.
Starting Valgrind tests...
Running valgrind on ./maps/test/wall_hole_east.cub...

[0;31m Error:[Walls check] incorrect vertical walls 
[0m [0;34mN[0;34mO[0;34m [0;34mt[0;34me[0;34mx[0;34mt[0;34mu[0;34mr[0;34me[0;34ms[0;34m/[0;34mt[0;34me[0;34ms[0;34mt[0;34m/[0;34mn[0;34mo[0;34mr[0;34mt[0;34mh[0;34m.[0;34mx[0;34mp[0;34mm
[0m[0;34mS[0;34mO[0;34m [0;34mt[0;34me[0;34mx[0;34mt[0;34mu[0;34mr[0;34me[0;34ms[0;34m/[0;34mt[0;34me[0;34ms[0;34mt[0;34m/[0;34ms[0;34mo[0;34mu[0;34mt[0;34mh[0;34m.[0;34mx[0;34mp[0;34mm
[0m[0;34mW[0;34mE[0;34m [0;34mt[0;34me[0;34mx[0;34mt[0;34mu[0;34mr[0;34me[0;34ms[0;34m/[0;34mt[0;34me[0;34ms[0;34mt[0;34m/[0;34mw[0;34me[0;34ms[0;34mt[0;34m.[0;34mx[0;34mp[0;34mm
[0m[0;34mE[0;34mA[0;34m [0;34mt[0;34me[0;34mx[0;34mt[0;34mu[0;34mr[0;34me[0;34ms[0;34m/[0;34mt[0;34me[0;34ms[0;34mt[0;34m/[0;34me[0;34ma[0;34ms[0;34mt[0;34m.[0;34mx[0;34mp[0;34mm
[0m
[0m[0;34mF[0;34m [0;34m2[0;34m0[0;34m,[0;34m2[0;34m0[0;34m,[0;34m2[0;34m0
[0m[0;34mC[0;34m [0;34m2[0;34m0[0;34m0[0;34m,[0;34m2[0;34m0[0;34m0[0;34m,[0;34m2[0;34m0[0;34m0
[0m
[0m[0;34m1[0;34m1[0;34m1[0;34m1[0;34m1
[0m[0;34m1[0;34m0[0;34m0[0;34m0[0;34m1
[0m[0;34m1[0;34m0[0;34mS[0;34m0[0;34m1
[0m[0;34m1[0;34m0[0;34m0[0;34m0[0;34m1
[0m[0;34m1[0;34m0[0;34m0[0;34m0[0;34m1
[0m[0;34m1[0;34m0[0;34m0[0;34m0[0;34m1
[0m[0;34m1[0;34m1[0;34m0[0;34m0[0;34m0
[0m[0;34m1[0;34m0[0;34m0[0;34m0[0;34m1
[0m[0;34m1[0;34m0[0;34m0[0;34m0[0;34m1
[0m[0;34m1[0;34m0[0;34m0[0;34m0[0;34m1
[0m[0;34m1[0;34m0[0;34m0[0;34m0[0;34m1
[0m[0;34m1[0;34m0[0;34m0[0;34m0[0;34m1
[0m[0;34m1[0;34m1[0;34m1[0;34m1[0;34m1
[0mExit code: 1
‚ö†Ô∏è No Valgrind alerts, but with leaks[0m  
==7415== Memcheck, a memory error detector
==7415== Copyright (C) 2002-2022, and GNU GPL'd, by Julian Seward et al.
==7415== Using Valgrind-3.22.0 and LibVEX; rerun with -h for copyright info
==7415== Command: ./cub3d ./maps/test/wall_hole_east.cub
==7415== Parent PID: 7413
==7415== 
==7415== 
==7415== HEAP SUMMARY:
==7415==     in use at exit: 598 bytes in 36 blocks
==7415==   total heap usage: 126 allocs, 90 frees, 7,925 bytes allocated
==7415== 
==7415== LEAK SUMMARY:
==7415==    definitely lost: 288 bytes in 2 blocks
==7415==    indirectly lost: 310 bytes in 34 blocks
==7415==      possibly lost: 0 bytes in 0 blocks
==7415==    still reachable: 0 bytes in 0 blocks
==7415==         suppressed: 0 bytes in 0 blocks
==7415== Rerun with --leak-check=full to see details of leaked memory
==7415== 
==7415== For lists of detected and suppressed errors, rerun with: -s
==7415== ERROR SUMMARY: 0 errors from 0 contexts (suppressed: 0 from 0)
Running valgrind on ./maps/test/wall_hole_north.cub...

[0;31m Error:[Walls check] incorrect horizontal walls
[0m [0;34mN[0;34mO[0;34m [0;34mt[0;34me[0;34mx[0;34mt[0;34mu[0;34mr[0;34me[0;34ms[0;34m/[0;34mt[0;34me[0;34ms[0;34mt[0;34m/[0;34mn[0;34mo[0;34mr[0;34mt[0;34mh[0;34m.[0;34mx[0;34mp[0;34mm
[0m[0;34mS[0;34mO[0;34m [0;34mt[0;34me[0;34mx[0;34mt[0;34mu[0;34mr[0;34me[0;34ms[0;34m/[0;34mt[0;34me[0;34ms[0;34mt[0;34m/[0;34ms[0;34mo[0;34mu[0;34mt[0;34mh[0;34m.[0;34mx[0;34mp[0;34mm
[0m[0;34mW[0;34mE[0;34m [0;34mt[0;34me[0;34mx[0;34mt[0;34mu[0;34mr[0;34me[0;34ms[0;34m/[0;34mt[0;34me[0;34ms[0;34mt[0;34m/[0;34mw[0;34me[0;34ms[0;34mt[0;34m.[0;34mx[0;34mp[0;34mm
[0m[0;34mE[0;34mA[0;34m [0;34mt[0;34me[0;34mx[0;34mt[0;34mu[0;34mr[0;34me[0;34ms[0;34m/[0;34mt[0;34me[0;34ms[0;34mt[0;34m/[0;34me[0;34ma[0;34ms[0;34mt[0;34m.[0;34mx[0;34mp[0;34mm
[0m
[0m[0;34mF[0;34m [0;34m2[0;34m0[0;34m,[0;34m2[0;34m0[0;34m,[0;34m2[0;34m0
[0m[0;34mC[0;34m [0;34m2[0;34m0[0;34m0[0;34m,[0;34m2[0;34m0[0;34m0[0;34m,[0;34m2[0;34m0[0;34m0
[0m
[0m[0;34m1[0;34m1[0;34m0[0;34m1[0;34m1
[0m[0;34m1[0;34m0[0;34m0[0;34m0[0;34m1
[0m[0;34m1[0;34m0[0;34mS[0;34m0[0;34m1
[0m[0;34m1[0;34m0[0;34m0[0;34m0[0;34m1
[0m[0;34m1[0;34m0[0;34m0[0;34m0[0;34m1
[0m[0;34m1[0;34m0[0;34m0[0;34m0[0;34m1
[0m[0;34m1[0;34m1[0;34m0[0;34m0[0;34m1
[0m[0;34m1[0;34m0[0;34m0[0;34m0[0;34m1
[0m[0;34m1[0;34m0[0;34m0[0;34m0[0;34m1
[0m[0;34m1[0;34m0[0;34m0[0;34m0[0;34m1
[0m[0;34m1[0;34m0[0;34m0[0;34m0[0;34m1
[0m[0;34m1[0;34m0[0;34m0[0;34m0[0;34m1
[0m[0;34m1[0;34m1[0;34m1[0;34m1[0;34m1
[0mExit code: 1
‚ö†Ô∏è No Valgrind alerts, but with leaks[0m  
==7418== Memcheck, a memory error detector
==7418== Copyright (C) 2002-2022, and GNU GPL'd, by Julian Seward et al.
==7418== Using Valgrind-3.22.0 and LibVEX; rerun with -h for copyright info
==7418== Command: ./cub3d ./maps/test/wall_hole_north.cub
==7418== Parent PID: 7413
==7418== 
==7418== 
==7418== HEAP SUMMARY:
==7418==     in use at exit: 598 bytes in 36 blocks
==7418==   total heap usage: 126 allocs, 90 frees, 7,925 bytes allocated
==7418== 
==7418== LEAK SUMMARY:
==7418==    definitely lost: 288 bytes in 2 blocks
==7418==    indirectly lost: 310 bytes in 34 blocks
==7418==      possibly lost: 0 bytes in 0 blocks
==7418==    still reachable: 0 bytes in 0 blocks
==7418==         suppressed: 0 bytes in 0 blocks
==7418== Rerun with --leak-check=full to see details of leaked memory
==7418== 
==7418== For lists of detected and suppressed errors, rerun with: -s
==7418== ERROR SUMMARY: 0 errors from 0 contexts (suppressed: 0 from 0)
Running valgrind on ./maps/test/wall_hole_south.cub...

[0;31m Error:[Walls check] incorrect horizontal walls
[0m [0;34mN[0;34mO[0;34m [0;34mt[0;34me[0;34mx[0;34mt[0;34mu[0;34mr[0;34me[0;34ms[0;34m/[0;34mt[0;34me[0;34ms[0;34mt[0;34m/[0;34mn[0;34mo[0;34mr[0;34mt[0;34mh[0;34m.[0;34mx[0;34mp[0;34mm
[0m[0;34mS[0;34mO[0;34m [0;34mt[0;34me[0;34mx[0;34mt[0;34mu[0;34mr[0;34me[0;34ms[0;34m/[0;34mt[0;34me[0;34ms[0;34mt[0;34m/[0;34ms[0;34mo[0;34mu[0;34mt[0;34mh[0;34m.[0;34mx[0;34mp[0;34mm
[0m[0;34mW[0;34mE[0;34m [0;34mt[0;34me[0;34mx[0;34mt[0;34mu[0;34mr[0;34me[0;34ms[0;34m/[0;34mt[0;34me[0;34ms[0;34mt[0;34m/[0;34mw[0;34me[0;34ms[0;34mt[0;34m.[0;34mx[0;34mp[0;34mm
[0m[0;34mE[0;34mA[0;34m [0;34mt[0;34me[0;34mx[0;34mt[0;34mu[0;34mr[0;34me[0;34ms[0;34m/[0;34mt[0;34me[0;34ms[0;34mt[0;34m/[0;34me[0;34ma[0;34ms[0;34mt[0;34m.[0;34mx[0;34mp[0;34mm
[0m
[0m[0;34mF[0;34m [0;34m2[0;34m0[0;34m,[0;34m2[0;34m0[0;34m,[0;34m2[0;34m0
[0m[0;34mC[0;34m [0;34m2[0;34m0[0;34m0[0;34m,[0;34m2[0;34m0[0;34m0[0;34m,[0;34m2[0;34m0[0;34m0
[0m
[0m[0;34m1[0;34m1[0;34m1[0;34m1[0;34m1
[0m[0;34m1[0;34m0[0;34m0[0;34m0[0;34m1
[0m[0;34m1[0;34m0[0;34mS[0;34m0[0;34m1
[0m[0;34m1[0;34m0[0;34m0[0;34m0[0;34m1
[0m[0;34m1[0;34m0[0;34m0[0;34m0[0;34m1
[0m[0;34m1[0;34m0[0;34m0[0;34m0[0;34m1
[0m[0;34m1[0;34m1[0;34m0[0;34m0[0;34m1
[0m[0;34m1[0;34m0[0;34m0[0;34m0[0;34m1
[0m[0;34m1[0;34m0[0;34m0[0;34m0[0;34m1
[0m[0;34m1[0;34m0[0;34m0[0;34m0[0;34m1
[0m[0;34m1[0;34m0[0;34m0[0;34m0[0;34m1
[0m[0;34m1[0;34m0[0;34m0[0;34m0[0;34m1
[0m[0;34m1[0;34m1[0;34m0[0;34m1[0;34m1
[0mExit code: 1
‚ö†Ô∏è No Valgrind alerts, but with leaks[0m  
==7435== Memcheck, a memory error detector
==7435== Copyright (C) 2002-2022, and GNU GPL'd, by Julian Seward et al.
==7435== Using Valgrind-3.22.0 and LibVEX; rerun with -h for copyright info
==7435== Command: ./cub3d ./maps/test/wall_hole_south.cub
==7435== Parent PID: 7413
==7435== 
==7435== 
==7435== HEAP SUMMARY:
==7435==     in use at exit: 598 bytes in 36 blocks
==7435==   total heap usage: 126 allocs, 90 frees, 7,925 bytes allocated
==7435== 
==7435== LEAK SUMMARY:
==7435==    definitely lost: 288 bytes in 2 blocks
==7435==    indirectly lost: 310 bytes in 34 blocks
==7435==      possibly lost: 0 bytes in 0 blocks
==7435==    still reachable: 0 bytes in 0 blocks
==7435==         suppressed: 0 bytes in 0 blocks
==7435== Rerun with --leak-check=full to see details of leaked memory
==7435== 
==7435== For lists of detected and suppressed errors, rerun with: -s
==7435== ERROR SUMMARY: 0 errors from 0 contexts (suppressed: 0 from 0)
Running valgrind on ./maps/test/wall_hole_west.cub...

[0;31m Error:[Map check in file] Invalid map placement or format
[0m [0;34mN[0;34mO[0;34m [0;34mt[0;34me[0;34mx[0;34mt[0;34mu[0;34mr[0;34me[0;34ms[0;34m/[0;34mt[0;34me[0;34ms[0;34mt[0;34m/[0;34mn[0;34mo[0;34mr[0;34mt[0;34mh[0;34m.[0;34mx[0;34mp[0;34mm
[0m[0;34mS[0;34mO[0;34m [0;34mt[0;34me[0;34mx[0;34mt[0;34mu[0;34mr[0;34me[0;34ms[0;34m/[0;34mt[0;34me[0;34ms[0;34mt[0;34m/[0;34ms[0;34mo[0;34mu[0;34mt[0;34mh[0;34m.[0;34mx[0;34mp[0;34mm
[0m[0;34mW[0;34mE[0;34m [0;34mt[0;34me[0;34mx[0;34mt[0;34mu[0;34mr[0;34me[0;34ms[0;34m/[0;34mt[0;34me[0;34ms[0;34mt[0;34m/[0;34mw[0;34me[0;34ms[0;34mt[0;34m.[0;34mx[0;34mp[0;34mm
[0m[0;34mE[0;34mA[0;34m [0;34mt[0;34me[0;34mx[0;34mt[0;34mu[0;34mr[0;34me[0;34ms[0;34m/[0;34mt[0;34me[0;34ms[0;34mt[0;34m/[0;34me[0;34ma[0;34ms[0;34mt[0;34m.[0;34mx[0;34mp[0;34mm
[0m
[0m[0;34mF[0;34m [0;34m2[0;34m0[0;34m,[0;34m2[0;34m0[0;34m,[0;34m2[0;34m0
[0m[0;34mC[0;34m [0;34m2[0;34m0[0;34m0[0;34m,[0;34m2[0;34m0[0;34m0[0;34m,[0;34m2[0;34m0[0;34m0
[0m
[0m[0;34m1[0;34m1[0;34m1[0;34m1[0;34m1
[0m[0;34m1[0;34m0[0;34m0[0;34m0[0;34m1
[0m[0;34m1[0;34m0[0;34mS[0;34m0[0;34m1
[0m[0;34m1[0;34m0[0;34m0[0;34m0[0;34m1
[0m[0;34m1[0;34m0[0;34m0[0;34m0[0;34m1
[0m[0;34m0[0;34m0[0;34m0[0;34m0[0;34m1
[0m[0;34m1[0;34m1[0;34m0[0;34m0[0;34m1
[0m[0;34m1[0;34m0[0;34m0[0;34m0[0;34m1
[0m[0;34m1[0;34m0[0;34m0[0;34m0[0;34m1
[0m[0;34m1[0;34m0[0;34m0[0;34m0[0;34m1
[0m[0;34m1[0;34m0[0;34m0[0;34m0[0;34m1
[0m[0;34m1[0;34m0[0;34m0[0;34m0[0;34m1
[0m[0;34m1[0;34m1[0;34m1[0;34m1[0;34m1
[0mExit code: 1
‚ö†Ô∏è No Valgrind alerts, but with leaks[0m  
==7449== Memcheck, a memory error detector
==7449== Copyright (C) 2002-2022, and GNU GPL'd, by Julian Seward et al.
==7449== Using Valgrind-3.22.0 and LibVEX; rerun with -h for copyright info
==7449== Command: ./cub3d ./maps/test/wall_hole_west.cub
==7449== Parent PID: 7413
==7449== 
==7449== 
==7449== HEAP SUMMARY:
==7449==     in use at exit: 408 bytes in 22 blocks
==7449==   total heap usage: 99 allocs, 77 frees, 7,657 bytes allocated
==7449== 
==7449== LEAK SUMMARY:
==7449==    definitely lost: 176 bytes in 1 blocks
==7449==    indirectly lost: 232 bytes in 21 blocks
==7449==      possibly lost: 0 bytes in 0 blocks
==7449==    still reachable: 0 bytes in 0 blocks
==7449==         suppressed: 0 bytes in 0 blocks
==7449== Rerun with --leak-check=full to see details of leaked memory
==7449== 
==7449== For lists of detected and suppressed errors, rerun with: -s
==7449== ERROR SUMMARY: 0 errors from 0 contexts (suppressed: 0 from 0)
Running valgrind on ./maps/test/wall_none.cub...

[0;31m Error:[Map start] No map or incorrect placement
[0m [0;34mN[0;34mO[0;34m [0;34mt[0;34me[0;34mx[0;34mt[0;34mu[0;34mr[0;34me[0;34ms[0;34m/[0;34mt[0;34me[0;34ms[0;34mt[0;34m/[0;34mn[0;34mo[0;34mr[0;34mt[0;34mh[0;34m.[0;34mx[0;34mp[0;34mm
[0m[0;34mS[0;34mO[0;34m [0;34mt[0;34me[0;34mx[0;34mt[0;34mu[0;34mr[0;34me[0;34ms[0;34m/[0;34mt[0;34me[0;34ms[0;34mt[0;34m/[0;34ms[0;34mo[0;34mu[0;34mt[0;34mh[0;34m.[0;34mx[0;34mp[0;34mm
[0m[0;34mW[0;34mE[0;34m [0;34mt[0;34me[0;34mx[0;34mt[0;34mu[0;34mr[0;34me[0;34ms[0;34m/[0;34mt[0;34me[0;34ms[0;34mt[0;34m/[0;34mw[0;34me[0;34ms[0;34mt[0;34m.[0;34mx[0;34mp[0;34mm
[0m[0;34mE[0;34mA[0;34m [0;34mt[0;34me[0;34mx[0;34mt[0;34mu[0;34mr[0;34me[0;34ms[0;34m/[0;34mt[0;34me[0;34ms[0;34mt[0;34m/[0;34me[0;34ma[0;34ms[0;34mt[0;34m.[0;34mx[0;34mp[0;34mm
[0m
[0m[0;34mF[0;34m [0;34m2[0;34m0[0;34m,[0;34m2[0;34m0[0;34m,[0;34m2[0;34m0
[0m[0;34mC[0;34m [0;34m2[0;34m0[0;34m0[0;34m,[0;34m2[0;34m0[0;34m0[0;34m,[0;34m2[0;34m0[0;34m0
[0m
[0m[0;34m0[0;34m0[0;34m0[0;34m0[0;34m0
[0m[0;34m0[0;34m0[0;34m0[0;34m0[0;34m0
[0m[0;34m0[0;34m0[0;34mS[0;34m0[0;34m0
[0m[0;34m0[0;34m0[0;34m0[0;34m0[0;34m0
[0m[0;34m0[0;34m0[0;34m0[0;34m0[0;34m0
[0m[0;34m0[0;34m0[0;34m0[0;34m0[0;34m0
[0m[0;34m0[0;34m0[0;34m0[0;34m0[0;34m0
[0m[0;34m0[0;34m0[0;34m0[0;34m0[0;34m0
[0m[0;34m0[0;34m0[0;34m0[0;34m0[0;34m0
[0m[0;34m0[0;34m0[0;34m0[0;34m0[0;34m0
[0m[0;34m0[0;34m0[0;34m0[0;34m0[0;34m0
[0m[0;34m0[0;34m0[0;34m0[0;34m0[0;34m0
[0m[0;34m0[0;34m0[0;34m0[0;34m0[0;34m0
[0mExit code: 1
‚ö†Ô∏è No Valgrind alerts, but with leaks[0m  
==7452== Memcheck, a memory error detector
==7452== Copyright (C) 2002-2022, and GNU GPL'd, by Julian Seward et al.
==7452== Using Valgrind-3.22.0 and LibVEX; rerun with -h for copyright info
==7452== Command: ./cub3d ./maps/test/wall_none.cub
==7452== Parent PID: 7413
==7452== 
==7452== 
==7452== HEAP SUMMARY:
==7452==     in use at exit: 408 bytes in 22 blocks
==7452==   total heap usage: 99 allocs, 77 frees, 7,657 bytes allocated
==7452== 
==7452== LEAK SUMMARY:
==7452==    definitely lost: 176 bytes in 1 blocks
==7452==    indirectly lost: 232 bytes in 21 blocks
==7452==      possibly lost: 0 bytes in 0 blocks
==7452==    still reachable: 0 bytes in 0 blocks
==7452==         suppressed: 0 bytes in 0 blocks
==7452== Rerun with --leak-check=full to see details of leaked memory
==7452== 
==7452== For lists of detected and suppressed errors, rerun with: -s
==7452== ERROR SUMMARY: 0 errors from 0 contexts (suppressed: 0 from 0)
Valgrind tests completed. Results saved to test_output.txt.
Starting Valgrind tests...
Running valgrind on ./maps/bad/color_invalid_rgb.cub...

[0;31m Error:[Color] color number out of range
[0m [0;34mN[0;34mO[0;34m [0;34mt[0;34me[0;34mx[0;34mt[0;34mu[0;34mr[0;34me[0;34ms[0;34m/[0;34mt[0;34me[0;34ms[0;34mt[0;34m/[0;34mn[0;34mo[0;34mr[0;34mt[0;34mh[0;34m.[0;34mx[0;34mp[0;34mm
[0m[0;34mS[0;34mO[0;34m [0;34mt[0;34me[0;34mx[0;34mt[0;34mu[0;34mr[0;34me[0;34ms[0;34m/[0;34mt[0;34me[0;34ms[0;34mt[0;34m/[0;34ms[0;34mo[0;34mu[0;34mt[0;34mh[0;34m.[0;34mx[0;34mp[0;34mm
[0m[0;34mW[0;34mE[0;34m [0;34mt[0;34me[0;34mx[0;34mt[0;34mu[0;34mr[0;34me[0;34ms[0;34m/[0;34mt[0;34me[0;34ms[0;34mt[0;34m/[0;34mw[0;34me[0;34ms[0;34mt[0;34m.[0;34mx[0;34mp[0;34mm
[0m[0;34mE[0;34mA[0;34m [0;34mt[0;34me[0;34mx[0;34mt[0;34mu[0;34mr[0;34me[0;34ms[0;34m/[0;34mt[0;34me[0;34ms[0;34mt[0;34m/[0;34me[0;34ma[0;34ms[0;34mt[0;34m.[0;34mx[0;34mp[0;34mm
[0m
[0m[0;34mF[0;34m [0;34m2[0;34m0[0;34m,[0;34m2[0;34m0[0;34m,[0;34m-[0;34m2[0;34m0
[0m[0;34mC[0;34m [0;34m2[0;34m0[0;34m0[0;34m,[0;34m2[0;34m0[0;34m0[0;34m,[0;34m2[0;34m0[0;34m0
[0m
[0m[0;34m1[0;34m1[0;34m1[0;34m1[0;34m1
[0m[0;34m1[0;34m0[0;34m0[0;34m0[0;34m1
[0m[0;34m1[0;34m0[0;34mS[0;34m0[0;34m1
[0m[0;34m1[0;34m0[0;34m0[0;34m0[0;34m1
[0m[0;34m1[0;34m0[0;34m0[0;34m0[0;34m1
[0m[0;34m1[0;34m0[0;34m0[0;34m0[0;34m1
[0m[0;34m1[0;34m1[0;34m0[0;34m0[0;34m1
[0m[0;34m1[0;34m0[0;34m0[0;34m0[0;34m1
[0m[0;34m1[0;34m0[0;34m0[0;34m0[0;34m1
[0m[0;34m1[0;34m0[0;34m0[0;34m0[0;34m1
[0m[0;34m1[0;34m0[0;34m0[0;34m0[0;34m1
[0m[0;34m1[0;34m0[0;34m0[0;34m0[0;34m1
[0m[0;34m1[0;34m1[0;34m1[0;34m1[0;34m1
[0mExit code: 1
‚ö†Ô∏è No Valgrind alerts, but with leaks[0m  
==7586== Memcheck, a memory error detector
==7586== Copyright (C) 2002-2022, and GNU GPL'd, by Julian Seward et al.
==7586== Using Valgrind-3.22.0 and LibVEX; rerun with -h for copyright info
==7586== Command: ./cub3d ./maps/bad/color_invalid_rgb.cub
==7586== Parent PID: 7584
==7586== 
==7586== 
==7586== HEAP SUMMARY:
==7586==     in use at exit: 895 bytes in 54 blocks
==7586==   total heap usage: 146 allocs, 92 frees, 8,229 bytes allocated
==7586== 
==7586== LEAK SUMMARY:
==7586==    definitely lost: 562 bytes in 14 blocks
==7586==    indirectly lost: 333 bytes in 40 blocks
==7586==      possibly lost: 0 bytes in 0 blocks
==7586==    still reachable: 0 bytes in 0 blocks
==7586==         suppressed: 0 bytes in 0 blocks
==7586== Rerun with --leak-check=full to see details of leaked memory
==7586== 
==7586== For lists of detected and suppressed errors, rerun with: -s
==7586== ERROR SUMMARY: 0 errors from 0 contexts (suppressed: 0 from 0)
Running valgrind on ./maps/bad/color_missing_ceiling_rgb.cub...

[0;31m Error:[Color] incorrect numbers
[0m [0;34mN[0;34mO[0;34m [0;34mt[0;34me[0;34mx[0;34mt[0;34mu[0;34mr[0;34me[0;34ms[0;34m/[0;34mt[0;34me[0;34ms[0;34mt[0;34m/[0;34mn[0;34mo[0;34mr[0;34mt[0;34mh[0;34m.[0;34mx[0;34mp[0;34mm
[0m[0;34mS[0;34mO[0;34m [0;34mt[0;34me[0;34mx[0;34mt[0;34mu[0;34mr[0;34me[0;34ms[0;34m/[0;34mt[0;34me[0;34ms[0;34mt[0;34m/[0;34ms[0;34mo[0;34mu[0;34mt[0;34mh[0;34m.[0;34mx[0;34mp[0;34mm
[0m[0;34mW[0;34mE[0;34m [0;34mt[0;34me[0;34mx[0;34mt[0;34mu[0;34mr[0;34me[0;34ms[0;34m/[0;34mt[0;34me[0;34ms[0;34mt[0;34m/[0;34mw[0;34me[0;34ms[0;34mt[0;34m.[0;34mx[0;34mp[0;34mm
[0m[0;34mE[0;34mA[0;34m [0;34mt[0;34me[0;34mx[0;34mt[0;34mu[0;34mr[0;34me[0;34ms[0;34m/[0;34mt[0;34me[0;34ms[0;34mt[0;34m/[0;34me[0;34ma[0;34ms[0;34mt[0;34m.[0;34mx[0;34mp[0;34mm
[0m
[0m[0;34mF[0;34m [0;34m2[0;34m0[0;34m,[0;34m2[0;34m0[0;34m,[0;34m2[0;34m0
[0m[0;34mC[0;34m [0;34m2[0;34m0[0;34m0[0;34m,[0;34m2[0;34m0[0;34m0[0;34m,
[0m
[0m[0;34m1[0;34m1[0;34m1[0;34m1[0;34m1
[0m[0;34m1[0;34m0[0;34m0[0;34m0[0;34m1
[0m[0;34m1[0;34m0[0;34mS[0;34m0[0;34m1
[0m[0;34m1[0;34m0[0;34m0[0;34m0[0;34m1
[0m[0;34m1[0;34m0[0;34m0[0;34m0[0;34m1
[0m[0;34m1[0;34m0[0;34m0[0;34m0[0;34m1
[0m[0;34m1[0;34m1[0;34m0[0;34m0[0;34m1
[0m[0;34m1[0;34m0[0;34m0[0;34m0[0;34m1
[0m[0;34m1[0;34m0[0;34m0[0;34m0[0;34m1
[0m[0;34m1[0;34m0[0;34m0[0;34m0[0;34m1
[0m[0;34m1[0;34m0[0;34m0[0;34m0[0;34m1
[0m[0;34m1[0;34m0[0;34m0[0;34m0[0;34m1
[0m[0;34m1[0;34m1[0;34m1[0;34m1[0;34m1
[0mExit code: 1
‚ö†Ô∏è No Valgrind alerts, but with leaks[0m  
==7589== Memcheck, a memory error detector
==7589== Copyright (C) 2002-2022, and GNU GPL'd, by Julian Seward et al.
==7589== Using Valgrind-3.22.0 and LibVEX; rerun with -h for copyright info
==7589== Command: ./cub3d ./maps/bad/color_missing_ceiling_rgb.cub
==7589== Parent PID: 7584
==7589== 
==7589== 
==7589== HEAP SUMMARY:
==7589==     in use at exit: 874 bytes in 53 blocks
==7589==   total heap usage: 145 allocs, 92 frees, 8,176 bytes allocated
==7589== 
==7589== LEAK SUMMARY:
==7589==    definitely lost: 550 bytes in 14 blocks
==7589==    indirectly lost: 324 bytes in 39 blocks
==7589==      possibly lost: 0 bytes in 0 blocks
==7589==    still reachable: 0 bytes in 0 blocks
==7589==         suppressed: 0 bytes in 0 blocks
==7589== Rerun with --leak-check=full to see details of leaked memory
==7589== 
==7589== For lists of detected and suppressed errors, rerun with: -s
==7589== ERROR SUMMARY: 0 errors from 0 contexts (suppressed: 0 from 0)
Running valgrind on ./maps/bad/color_missing.cub...

[0;31m Error:[Color] colors are not complete
[0m [0;34mN[0;34mO[0;34m [0;34mt[0;34me[0;34mx[0;34mt[0;34mu[0;34mr[0;34me[0;34ms[0;34m/[0;34mt[0;34me[0;34ms[0;34mt[0;34m/[0;34mn[0;34mo[0;34mr[0;34mt[0;34mh[0;34m.[0;34mx[0;34mp[0;34mm
[0m[0;34mS[0;34mO[0;34m [0;34mt[0;34me[0;34mx[0;34mt[0;34mu[0;34mr[0;34me[0;34ms[0;34m/[0;34mt[0;34me[0;34ms[0;34mt[0;34m/[0;34ms[0;34mo[0;34mu[0;34mt[0;34mh[0;34m.[0;34mx[0;34mp[0;34mm
[0m[0;34mW[0;34mE[0;34m [0;34mt[0;34me[0;34mx[0;34mt[0;34mu[0;34mr[0;34me[0;34ms[0;34m/[0;34mt[0;34me[0;34ms[0;34mt[0;34m/[0;34mw[0;34me[0;34ms[0;34mt[0;34m.[0;34mx[0;34mp[0;34mm
[0m[0;34mE[0;34mA[0;34m [0;34mt[0;34me[0;34mx[0;34mt[0;34mu[0;34mr[0;34me[0;34ms[0;34m/[0;34mt[0;34me[0;34ms[0;34mt[0;34m/[0;34me[0;34ma[0;34ms[0;34mt[0;34m.[0;34mx[0;34mp[0;34mm
[0m
[0m[0;34mC[0;34m [0;34m2[0;34m0[0;34m0[0;34m,[0;34m2[0;34m0[0;34m0[0;34m,[0;34m2[0;34m0[0;34m0
[0m
[0m[0;34m1[0;34m1[0;34m1[0;34m1[0;34m1
[0m[0;34m1[0;34m0[0;34m0[0;34m0[0;34m1
[0m[0;34m1[0;34m0[0;34mS[0;34m0[0;34m1
[0m[0;34m1[0;34m0[0;34m0[0;34m0[0;34m1
[0m[0;34m1[0;34m0[0;34m0[0;34m0[0;34m1
[0m[0;34m1[0;34m0[0;34m0[0;34m0[0;34m1
[0m[0;34m1[0;34m1[0;34m0[0;34m0[0;34m1
[0m[0;34m1[0;34m0[0;34m0[0;34m0[0;34m1
[0m[0;34m1[0;34m0[0;34m0[0;34m0[0;34m1
[0m[0;34m1[0;34m0[0;34m0[0;34m0[0;34m1
[0m[0;34m1[0;34m0[0;34m0[0;34m0[0;34m1
[0m[0;34m1[0;34m0[0;34m0[0;34m0[0;34m1
[0m[0;34m1[0;34m1[0;34m1[0;34m1[0;34m1
[0mExit code: 1
‚ö†Ô∏è No Valgrind alerts, but with leaks[0m  
==7605== Memcheck, a memory error detector
==7605== Copyright (C) 2002-2022, and GNU GPL'd, by Julian Seward et al.
==7605== Using Valgrind-3.22.0 and LibVEX; rerun with -h for copyright info
==7605== Command: ./cub3d ./maps/bad/color_missing.cub
==7605== Parent PID: 7584
==7605== 
==7605== 
==7605== HEAP SUMMARY:
==7605==     in use at exit: 822 bytes in 48 blocks
==7605==   total heap usage: 136 allocs, 88 frees, 7,970 bytes allocated
==7605== 
==7605== LEAK SUMMARY:
==7605==    definitely lost: 512 bytes in 12 blocks
==7605==    indirectly lost: 310 bytes in 36 blocks
==7605==      possibly lost: 0 bytes in 0 blocks
==7605==    still reachable: 0 bytes in 0 blocks
==7605==         suppressed: 0 bytes in 0 blocks
==7605== Rerun with --leak-check=full to see details of leaked memory
==7605== 
==7605== For lists of detected and suppressed errors, rerun with: -s
==7605== ERROR SUMMARY: 0 errors from 0 contexts (suppressed: 0 from 0)
Running valgrind on ./maps/bad/color_missing_floor_rgb.cub...

[0;31m Error:[Color] incorrect numbers
[0m [0;34mN[0;34mO[0;34m [0;34mt[0;34me[0;34mx[0;34mt[0;34mu[0;34mr[0;34me[0;34ms[0;34m/[0;34mt[0;34me[0;34ms[0;34mt[0;34m/[0;34mn[0;34mo[0;34mr[0;34mt[0;34mh[0;34m.[0;34mx[0;34mp[0;34mm
[0m[0;34mS[0;34mO[0;34m [0;34mt[0;34me[0;34mx[0;34mt[0;34mu[0;34mr[0;34me[0;34ms[0;34m/[0;34mt[0;34me[0;34ms[0;34mt[0;34m/[0;34ms[0;34mo[0;34mu[0;34mt[0;34mh[0;34m.[0;34mx[0;34mp[0;34mm
[0m[0;34mW[0;34mE[0;34m [0;34mt[0;34me[0;34mx[0;34mt[0;34mu[0;34mr[0;34me[0;34ms[0;34m/[0;34mt[0;34me[0;34ms[0;34mt[0;34m/[0;34mw[0;34me[0;34ms[0;34mt[0;34m.[0;34mx[0;34mp[0;34mm
[0m[0;34mE[0;34mA[0;34m [0;34mt[0;34me[0;34mx[0;34mt[0;34mu[0;34mr[0;34me[0;34ms[0;34m/[0;34mt[0;34me[0;34ms[0;34mt[0;34m/[0;34me[0;34ma[0;34ms[0;34mt[0;34m.[0;34mx[0;34mp[0;34mm
[0m
[0m[0;34mF[0;34m [0;34m2[0;34m0[0;34m,[0;34m2[0;34m0
[0m[0;34mC[0;34m [0;34m2[0;34m0[0;34m0[0;34m,[0;34m2[0;34m0[0;34m0[0;34m,[0;34m2[0;34m0[0;34m0
[0m
[0m[0;34m1[0;34m1[0;34m1[0;34m1[0;34m1
[0m[0;34m1[0;34m0[0;34m0[0;34m0[0;34m1
[0m[0;34m1[0;34m0[0;34mS[0;34m0[0;34m1
[0m[0;34m1[0;34m0[0;34m0[0;34m0[0;34m1
[0m[0;34m1[0;34m0[0;34m0[0;34m0[0;34m1
[0m[0;34m1[0;34m0[0;34m0[0;34m0[0;34m1
[0m[0;34m1[0;34m1[0;34m0[0;34m0[0;34m1
[0m[0;34m1[0;34m0[0;34m0[0;34m0[0;34m1
[0m[0;34m1[0;34m0[0;34m0[0;34m0[0;34m1
[0m[0;34m1[0;34m0[0;34m0[0;34m0[0;34m1
[0m[0;34m1[0;34m0[0;34m0[0;34m0[0;34m1
[0m[0;34m1[0;34m0[0;34m0[0;34m0[0;34m1
[0m[0;34m1[0;34m1[0;34m1[0;34m1[0;34m1
[0mExit code: 1
‚ö†Ô∏è No Valgrind alerts, but with leaks[0m  
==7608== Memcheck, a memory error detector
==7608== Copyright (C) 2002-2022, and GNU GPL'd, by Julian Seward et al.
==7608== Using Valgrind-3.22.0 and LibVEX; rerun with -h for copyright info
==7608== Command: ./cub3d ./maps/bad/color_missing_floor_rgb.cub
==7608== Parent PID: 7584
==7608== 
==7608== 
==7608== HEAP SUMMARY:
==7608==     in use at exit: 875 bytes in 53 blocks
==7608==   total heap usage: 145 allocs, 92 frees, 8,183 bytes allocated
==7608== 
==7608== LEAK SUMMARY:
==7608==    definitely lost: 550 bytes in 14 blocks
==7608==    indirectly lost: 325 bytes in 39 blocks
==7608==      possibly lost: 0 bytes in 0 blocks
==7608==    still reachable: 0 bytes in 0 blocks
==7608==         suppressed: 0 bytes in 0 blocks
==7608== Rerun with --leak-check=full to see details of leaked memory
==7608== 
==7608== For lists of detected and suppressed errors, rerun with: -s
==7608== ERROR SUMMARY: 0 errors from 0 contexts (suppressed: 0 from 0)
Running valgrind on ./maps/bad/color_none.cub...

[0;31m Error:[Color] colors are not complete
[0m [0;34mN[0;34mO[0;34m [0;34mt[0;34me[0;34mx[0;34mt[0;34mu[0;34mr[0;34me[0;34ms[0;34m/[0;34mt[0;34me[0;34ms[0;34mt[0;34m/[0;34mn[0;34mo[0;34mr[0;34mt[0;34mh[0;34m.[0;34mx[0;34mp[0;34mm
[0m[0;34mS[0;34mO[0;34m [0;34mt[0;34me[0;34mx[0;34mt[0;34mu[0;34mr[0;34me[0;34ms[0;34m/[0;34mt[0;34me[0;34ms[0;34mt[0;34m/[0;34ms[0;34mo[0;34mu[0;34mt[0;34mh[0;34m.[0;34mx[0;34mp[0;34mm
[0m[0;34mW[0;34mE[0;34m [0;34mt[0;34me[0;34mx[0;34mt[0;34mu[0;34mr[0;34me[0;34ms[0;34m/[0;34mt[0;34me[0;34ms[0;34mt[0;34m/[0;34mw[0;34me[0;34ms[0;34mt[0;34m.[0;34mx[0;34mp[0;34mm
[0m[0;34mE[0;34mA[0;34m [0;34mt[0;34me[0;34mx[0;34mt[0;34mu[0;34mr[0;34me[0;34ms[0;34m/[0;34mt[0;34me[0;34ms[0;34mt[0;34m/[0;34me[0;34ma[0;34ms[0;34mt[0;34m.[0;34mx[0;34mp[0;34mm
[0m
[0m[0;34m1[0;34m1[0;34m1[0;34m1[0;34m1
[0m[0;34m1[0;34m0[0;34m0[0;34m0[0;34m1
[0m[0;34m1[0;34m0[0;34mS[0;34m0[0;34m1
[0m[0;34m1[0;34m0[0;34m0[0;34m0[0;34m1
[0m[0;34m1[0;34m0[0;34m0[0;34m0[0;34m1
[0m[0;34m1[0;34m0[0;34m0[0;34m0[0;34m1
[0m[0;34m1[0;34m1[0;34m0[0;34m0[0;34m1
[0m[0;34m1[0;34m0[0;34m0[0;34m0[0;34m1
[0m[0;34m1[0;34m0[0;34m0[0;34m0[0;34m1
[0m[0;34m1[0;34m0[0;34m0[0;34m0[0;34m1
[0m[0;34m1[0;34m0[0;34m0[0;34m0[0;34m1
[0m[0;34m1[0;34m0[0;34m0[0;34m0[0;34m1
[0m[0;34m1[0;34m1[0;34m1[0;34m1[0;34m1
[0mExit code: 1
‚ö†Ô∏è No Valgrind alerts, but with leaks[0m  
==7622== Memcheck, a memory error detector
==7622== Copyright (C) 2002-2022, and GNU GPL'd, by Julian Seward et al.
==7622== Using Valgrind-3.22.0 and LibVEX; rerun with -h for copyright info
==7622== Command: ./cub3d ./maps/bad/color_none.cub
==7622== Parent PID: 7584
==7622== 
==7622== 
==7622== HEAP SUMMARY:
==7622==     in use at exit: 733 bytes in 41 blocks
==7622==   total heap usage: 121 allocs, 80 frees, 7,386 bytes allocated
==7622== 
==7622== LEAK SUMMARY:
==7622==    definitely lost: 452 bytes in 10 blocks
==7622==    indirectly lost: 281 bytes in 31 blocks
==7622==      possibly lost: 0 bytes in 0 blocks
==7622==    still reachable: 0 bytes in 0 blocks
==7622==         suppressed: 0 bytes in 0 blocks
==7622== Rerun with --leak-check=full to see details of leaked memory
==7622== 
==7622== For lists of detected and suppressed errors, rerun with: -s
==7622== ERROR SUMMARY: 0 errors from 0 contexts (suppressed: 0 from 0)
Running valgrind on ./maps/bad/empty.cub...
[0;31m Error:[Read file] file is empty
[0m Exit code: 1
[0;32m‚úÖ No Valgrind alerts, no leaks[0m  
==7625== Memcheck, a memory error detector
==7625== Copyright (C) 2002-2022, and GNU GPL'd, by Julian Seward et al.
==7625== Using Valgrind-3.22.0 and LibVEX; rerun with -h for copyright info
==7625== Command: ./cub3d ./maps/bad/empty.cub
==7625== Parent PID: 7584
==7625== 
==7625== 
==7625== HEAP SUMMARY:
==7625==     in use at exit: 0 bytes in 0 blocks
==7625==   total heap usage: 5 allocs, 5 frees, 170 bytes allocated
==7625== 
==7625== All heap blocks were freed -- no leaks are possible
==7625== 
==7625== For lists of detected and suppressed errors, rerun with: -s
==7625== ERROR SUMMARY: 0 errors from 0 contexts (suppressed: 0 from 0)
Running valgrind on ./maps/bad/file_letter_end.cub...

[0;32m[Debug info]üõ†Ô∏è  Map info üîç
[0m[0;32m[Debug info] - Map width:[0m5
[0;32m[Debug info] - Map height:[0m27
[0;32m[Debug info]üõ†Ô∏è  Starting player position info üîç
[0m[0;32m[Debug info] - Player X:[0m2
[0;32m[Debug info] - Player Y:[0m2
[0;32m[Debug info] - Player Direction:[0mS
[0;32m[Debug info]üõ†Ô∏è  Colors info c:  üîç
[0m[0;32m[Debug info]üõ†Ô∏è  Colors info f:  üîç
[0m[0;32m[Debug info]üõ†Ô∏è  Textures info:  üîç
[0m[0;32m[Debug info] texture:[0mtextures/test/north.xpm
[0;32m[Debug info] texture:[0mtextures/test/south.xpm
[0;32m[Debug info] texture:[0mtextures/test/west.xpm
[0;32m[Debug info] texture:[0mtextures/test/east.xpm
[0;34mN[0;34mO[0;34m [0;34mt[0;34me[0;34mx[0;34mt[0;34mu[0;34mr[0;34me[0;34ms[0;34m/[0;34mt[0;34me[0;34ms[0;34mt[0;34m/[0;34mn[0;34mo[0;34mr[0;34mt[0;34mh[0;34m.[0;34mx[0;34mp[0;34mm
[0m[0;34mS[0;34mO[0;34m [0;34mt[0;34me[0;34mx[0;34mt[0;34mu[0;34mr[0;34me[0;34ms[0;34m/[0;34mt[0;34me[0;34ms[0;34mt[0;34m/[0;34ms[0;34mo[0;34mu[0;34mt[0;34mh[0;34m.[0;34mx[0;34mp[0;34mm
[0m[0;34mW[0;34mE[0;34m [0;34mt[0;34me[0;34mx[0;34mt[0;34mu[0;34mr[0;34me[0;34ms[0;34m/[0;34mt[0;34me[0;34ms[0;34mt[0;34m/[0;34mw[0;34me[0;34ms[0;34mt[0;34m.[0;34mx[0;34mp[0;34mm
[0m[0;34mE[0;34mA[0;34m [0;34mt[0;34me[0;34mx[0;34mt[0;34mu[0;34mr[0;34me[0;34ms[0;34m/[0;34mt[0;34me[0;34ms[0;34mt[0;34m/[0;34me[0;34ma[0;34ms[0;34mt[0;34m.[0;34mx[0;34mp[0;34mm
[0m
[0m[0;34mF[0;34m [0;34m2[0;34m0[0;34m,[0;34m2[0;34m0[0;34m,[0;34m2[0;34m0
[0m[0;34mC[0;34m [0;34m2[0;34m0[0;34m0[0;34m,[0;34m2[0;34m0[0;34m0[0;34m,[0;34m2[0;34m0[0;34m0
[0m
[0m[0;34m1[0;34m1[0;34m1[0;34m1[0;34m1
[0m[0;34m1[0;34m0[0;34m0[0;34m0[0;34m1
[0m[0;34m1[0;34m0[0;34mS[0;34m0[0;34m1
[0m[0;34m1[0;34m0[0;34m0[0;34m0[0;34m1
[0m[0;34m1[0;34m0[0;34m0[0;34m0[0;34m1
[0m[0;34m1[0;34m0[0;34m0[0;34m0[0;34m1
[0m[0;34m1[0;34m1[0;34m0[0;34m0[0;34m1
[0m[0;34m1[0;34m0[0;34m0[0;34m0[0;34m1
[0m[0;34m1[0;34m0[0;34m0[0;34m0[0;34m1
[0m[0;34m1[0;34m0[0;34m0[0;34m0[0;34m1
[0m[0;34m1[0;34m0[0;34m0[0;34m0[0;34m1
[0m[0;34m1[0;34m0[0;34m0[0;34m0[0;34m1
[0m[0;34m1[0;34m1[0;34m1[0;34m1[0;34m1
[0m
[0m
[0m
[0m
[0m
[0m
[0m
[0m
[0m
[0m
[0m
[0m
[0m
[0m[0;34m1
[0m[0;34m2[0;34m0[0;34m0
[0m[0;34m2[0;34m0[0;34m0
[0m[0;34m2[0;34m0[0;34m0
[0m[0;34m2[0;34m0
[0m[0;34m2[0;34m0
[0m[0;34m2[0;34m0
[0m[0;34m1[0;34m1[0;34m1[0;34m1[0;34m1
[0m[0;34m1[0;34m0[0;34m0[0;34m0[0;34m1
[0m[0;34m1[0;34m0[0;34mS[0;34m0[0;34m1
[0m[0;34m1[0;34m0[0;34m0[0;34m0[0;34m1
[0m[0;34m1[0;34m0[0;34m0[0;34m0[0;34m1
[0m[0;34m1[0;34m0[0;34m0[0;34m0[0;34m1
[0m[0;34m1[0;34m1[0;34m0[0;34m0[0;34m1
[0m[0;34m1[0;34m0[0;34m0[0;34m0[0;34m1
[0m[0;34m1[0;34m0[0;34m0[0;34m0[0;34m1
[0m[0;34m1[0;34m0[0;34m0[0;34m0[0;34m1
[0m[0;34m1[0;34m0[0;34m0[0;34m0[0;34m1
[0m[0;34m1[0;34m0[0;34m0[0;34m0[0;34m1
[0m[0;34m1[0;34m1[0;34m1[0;34m1[0;34m1
[0m[0;34m1[0;34m1[0;34m1[0;34m1[0;34m1
[0m[0;34m1[0;34m1[0;34m1[0;34m1[0;34m1
[0m[0;34m1[0;34m1[0;34m1[0;34m1[0;34m1
[0m[0;34m1[0;34m1[0;34m1[0;34m1[0;34m1
[0m[0;34m1[0;34m1[0;34m1[0;34m1[0;34m1
[0m[0;34m1[0;34m1[0;34m1[0;34m1[0;34m1
[0m[0;34m1[0;34m1[0;34m1[0;34m1[0;34m1
[0m[0;34m1[0;34m1[0;34m1[0;34m1[0;34m1
[0m[0;34m1[0;34m1[0;34m1[0;34m1[0;34m1
[0m[0;34m1[0;34m1[0;34m1[0;34m1[0;34m1
[0m[0;34m1[0;34m1[0;34m1[0;34m1[0;34m1
[0m[0;34m1[0;34m1[0;34m1[0;34m1[0;34m1
[0m[0;34m1[0;34m1[0;34m1[0;34m1[0;34m1
[0m[0;34m1[0;34m1[0;34m1[0;34m1[0;34m1
[0mExit code: 0
‚ö†Ô∏è No Valgrind alerts, but with leaks[0m  
==7628== Memcheck, a memory error detector
==7628== Copyright (C) 2002-2022, and GNU GPL'd, by Julian Seward et al.
==7628== Using Valgrind-3.22.0 and LibVEX; rerun with -h for copyright info
==7628== Command: ./cub3d ./maps/bad/file_letter_end.cub
==7628== Parent PID: 7584
==7628== 
==7628== 
==7628== HEAP SUMMARY:
==7628==     in use at exit: 1,229 bytes in 82 blocks
==7628==   total heap usage: 231 allocs, 149 frees, 12,243 bytes allocated
==7628== 
==7628== LEAK SUMMARY:
==7628==    definitely lost: 785 bytes in 14 blocks
==7628==    indirectly lost: 444 bytes in 68 blocks
==7628==      possibly lost: 0 bytes in 0 blocks
==7628==    still reachable: 0 bytes in 0 blocks
==7628==         suppressed: 0 bytes in 0 blocks
==7628== Rerun with --leak-check=full to see details of leaked memory
==7628== 
==7628== For lists of detected and suppressed errors, rerun with: -s
==7628== ERROR SUMMARY: 0 errors from 0 contexts (suppressed: 0 from 0)
Running valgrind on ./maps/bad/filetype_missing...
[0;31m Error:[Check args] no map or invalid map extension
[0m Exit code: 1
[0;32m‚úÖ No Valgrind alerts, no leaks[0m  
==7631== Memcheck, a memory error detector
==7631== Copyright (C) 2002-2022, and GNU GPL'd, by Julian Seward et al.
==7631== Using Valgrind-3.22.0 and LibVEX; rerun with -h for copyright info
==7631== Command: ./cub3d ./maps/bad/filetype_missing
==7631== Parent PID: 7584
==7631== 
==7631== 
==7631== HEAP SUMMARY:
==7631==     in use at exit: 0 bytes in 0 blocks
==7631==   total heap usage: 3 allocs, 3 frees, 144 bytes allocated
==7631== 
==7631== All heap blocks were freed -- no leaks are possible
==7631== 
==7631== For lists of detected and suppressed errors, rerun with: -s
==7631== ERROR SUMMARY: 0 errors from 0 contexts (suppressed: 0 from 0)
Running valgrind on ./maps/bad/filetype_wrong.buc...
[0;31m Error:[Check args] no map or invalid map extension
[0m Exit code: 1
[0;32m‚úÖ No Valgrind alerts, no leaks[0m  
==7648== Memcheck, a memory error detector
==7648== Copyright (C) 2002-2022, and GNU GPL'd, by Julian Seward et al.
==7648== Using Valgrind-3.22.0 and LibVEX; rerun with -h for copyright info
==7648== Command: ./cub3d ./maps/bad/filetype_wrong.buc
==7648== Parent PID: 7584
==7648== 
==7648== 
==7648== HEAP SUMMARY:
==7648==     in use at exit: 0 bytes in 0 blocks
==7648==   total heap usage: 3 allocs, 3 frees, 144 bytes allocated
==7648== 
==7648== All heap blocks were freed -- no leaks are possible
==7648== 
==7648== For lists of detected and suppressed errors, rerun with: -s
==7648== ERROR SUMMARY: 0 errors from 0 contexts (suppressed: 0 from 0)
Running valgrind on ./maps/bad/forbidden.cub...

[0;32m[Debug info]üõ†Ô∏è  Map info üîç
[0m[0;32m[Debug info] - Map width:[0m12
[0;32m[Debug info] - Map height:[0m8
[0;32m[Debug info]üõ†Ô∏è  Starting player position info üîç
[0m[0;32m[Debug info] - Player X:[0m2
[0;32m[Debug info] - Player Y:[0m4
[0;32m[Debug info] - Player Direction:[0mS
[0;32m[Debug info]üõ†Ô∏è  Colors info c:  üîç
[0m[0;32m[Debug info]üõ†Ô∏è  Colors info f:  üîç
[0m[0;32m[Debug info]üõ†Ô∏è  Textures info:  üîç
[0m[0;32m[Debug info] texture:[0mtextures/wolfenstein/grey_stone.xpm
[0;32m[Debug info] texture:[0mtextures/wolfenstein/purple_stone.xpm
[0;32m[Debug info] texture:[0mtextures/wolfenstein/red_brick.xpm
[0;32m[Debug info] texture:[0mtextures/wolfenstein/wood.xpm
[0;34mN[0;34mO[0;34m [0;34mt[0;34me[0;34mx[0;34mt[0;34mu[0;34mr[0;34me[0;34ms[0;34m/[0;34mw[0;34mo[0;34ml[0;34mf[0;34me[0;34mn[0;34ms[0;34mt[0;34me[0;34mi[0;34mn[0;34m/[0;34mg[0;34mr[0;34me[0;34my[0;34m_[0;34ms[0;34mt[0;34mo[0;34mn[0;34me[0;34m.[0;34mx[0;34mp[0;34mm
[0m[0;34mS[0;34mO[0;34m [0;34mt[0;34me[0;34mx[0;34mt[0;34mu[0;34mr[0;34me[0;34ms[0;34m/[0;34mw[0;34mo[0;34ml[0;34mf[0;34me[0;34mn[0;34ms[0;34mt[0;34me[0;34mi[0;34mn[0;34m/[0;34mp[0;34mu[0;34mr[0;34mp[0;34ml[0;34me[0;34m_[0;34ms[0;34mt[0;34mo[0;34mn[0;34me[0;34m.[0;34mx[0;34mp[0;34mm
[0m[0;34mW[0;34mE[0;34m [0;34mt[0;34me[0;34mx[0;34mt[0;34mu[0;34mr[0;34me[0;34ms[0;34m/[0;34mw[0;34mo[0;34ml[0;34mf[0;34me[0;34mn[0;34ms[0;34mt[0;34me[0;34mi[0;34mn[0;34m/[0;34mr[0;34me[0;34md[0;34m_[0;34mb[0;34mr[0;34mi[0;34mc[0;34mk[0;34m.[0;34mx[0;34mp[0;34mm
[0m[0;34mE[0;34mA[0;34m [0;34mt[0;34me[0;34mx[0;34mt[0;34mu[0;34mr[0;34me[0;34ms[0;34m/[0;34mw[0;34mo[0;34ml[0;34mf[0;34me[0;34mn[0;34ms[0;34mt[0;34me[0;34mi[0;34mn[0;34m/[0;34mw[0;34mo[0;34mo[0;34md[0;34m.[0;34mx[0;34mp[0;34mm
[0m
[0m[0;34mF[0;34m [0;34m1[0;34m8[0;34m,[0;34m5[0;34m3[0;34m,[0;34m2[0;34m5
[0m[0;34mC[0;34m [0;34m1[0;34m5[0;34m3[0;34m,[0;34m2[0;34m0[0;34m4[0;34m,[0;34m2[0;34m5[0;34m5
[0m
[0m[0;34m1[0;34m1[0;34m1[0;34m1[0;34m1[0;34m1[0;34m1[0;34m1[0;34m1[0;34m1[0;34m1[0;34m1
[0m[0;34m1[0;34m [0;34m [0;34m [0;34m [0;34m [0;34m [0;34m [0;34m [0;34m [0;34m1[0;34m1
[0m[0;34m1[0;34m [0;34m [0;34m [0;34m [0;34m [0;34m [0;34m [0;34m [0;34m [0;34m [0;34m1
[0m[0;34m1[0;34m1[0;34m1[0;34m1[0;34m1[0;34m1[0;34m1[0;34m1[0;34m1[0;34m1[0;34m1[0;34m1
[0m[0;34m1[0;34m0[0;34mS[0;34m0[0;34m0[0;34m0[0;34m0[0;34m0[0;34m0[0;34m0[0;34m0[0;34m1
[0m[0;34m1[0;34m1[0;34m1[0;34m1[0;34m1[0;34m1[0;34m1[0;34m1[0;34m1[0;34m1[0;34m1[0;34m1
[0m[0;34m1[0;34m1[0;34m [0;34m [0;34m [0;34m [0;34m [0;34m [0;34m [0;34m [0;34m [0;34m1
[0m[0;34m1[0;34m1[0;34m1[0;34m1[0;34m1[0;34m1[0;34m1[0;34m1[0;34m1[0;34m1[0;34m1[0;34m1
[0m[0;34m1[0;34m5[0;34m3
[0m[0;34m2[0;34m0[0;34m4
[0m[0;34m2[0;34m5[0;34m5
[0m[0;34m1[0;34m8
[0m[0;34m5[0;34m3
[0m[0;34m2[0;34m5
[0m[0;34m1[0;34m1[0;34m1[0;34m1[0;34m1[0;34m1[0;34m1[0;34m1[0;34m1[0;34m1[0;34m1[0;34m1
[0m[0;34m1[0;34m1[0;34m1[0;34m1[0;34m1[0;34m1[0;34m1[0;34m1[0;34m1[0;34m1[0;34m1[0;34m1
[0m[0;34m1[0;34m1[0;34m1[0;34m1[0;34m1[0;34m1[0;34m1[0;34m1[0;34m1[0;34m1[0;34m1[0;34m1
[0m[0;34m1[0;34m1[0;34m1[0;34m1[0;34m1[0;34m1[0;34m1[0;34m1[0;34m1[0;34m1[0;34m1[0;34m1
[0m[0;34m1[0;34m0[0;34mS[0;34m0[0;34m0[0;34m0[0;34m0[0;34m0[0;34m0[0;34m0[0;34m0[0;34m1
[0m[0;34m1[0;34m1[0;34m1[0;34m1[0;34m1[0;34m1[0;34m1[0;34m1[0;34m1[0;34m1[0;34m1[0;34m1
[0m[0;34m1[0;34m1[0;34m1[0;34m1[0;34m1[0;34m1[0;34m1[0;34m1[0;34m1[0;34m1[0;34m1[0;34m1
[0m[0;34m1[0;34m1[0;34m1[0;34m1[0;34m1[0;34m1[0;34m1[0;34m1[0;34m1[0;34m1[0;34m1[0;34m1
[0mExit code: 0
‚ö†Ô∏è No Valgrind alerts, but with leaks[0m  
==7651== Memcheck, a memory error detector
==7651== Copyright (C) 2002-2022, and GNU GPL'd, by Julian Seward et al.
==7651== Using Valgrind-3.22.0 and LibVEX; rerun with -h for copyright info
==7651== Command: ./cub3d ./maps/bad/forbidden.cub
==7651== Parent PID: 7584
==7651== 
==7651== 
==7651== HEAP SUMMARY:
==7651==     in use at exit: 994 bytes in 44 blocks
==7651==   total heap usage: 119 allocs, 75 frees, 7,519 bytes allocated
==7651== 
==7651== LEAK SUMMARY:
==7651==    definitely lost: 571 bytes in 14 blocks
==7651==    indirectly lost: 423 bytes in 30 blocks
==7651==      possibly lost: 0 bytes in 0 blocks
==7651==    still reachable: 0 bytes in 0 blocks
==7651==         suppressed: 0 bytes in 0 blocks
==7651== Rerun with --leak-check=full to see details of leaked memory
==7651== 
==7651== For lists of detected and suppressed errors, rerun with: -s
==7651== ERROR SUMMARY: 0 errors from 0 contexts (suppressed: 0 from 0)
Running valgrind on ./maps/bad/map_first.cub...

[0;31m Error:[Map start] No map or incorrect placement
[0m [0;34m1[0;34m1[0;34m1[0;34m1[0;34m1
[0m[0;34m1[0;34m0[0;34m0[0;34m0[0;34m1
[0m[0;34m1[0;34m0[0;34mS[0;34m0[0;34m1
[0m[0;34m1[0;34m0[0;34m0[0;34m0[0;34m1
[0m[0;34m1[0;34m0[0;34m0[0;34m0[0;34m1
[0m[0;34m1[0;34m0[0;34m0[0;34m0[0;34m1
[0m[0;34m1[0;34m1[0;34m0[0;34m0[0;34m1
[0m[0;34m1[0;34m0[0;34m0[0;34m0[0;34m1
[0m[0;34m1[0;34m0[0;34m0[0;34m0[0;34m1
[0m[0;34m1[0;34m0[0;34m0[0;34m0[0;34m1
[0m[0;34m1[0;34m0[0;34m0[0;34m0[0;34m1
[0m[0;34m1[0;34m0[0;34m0[0;34m0[0;34m1
[0m[0;34m1[0;34m1[0;34m1[0;34m1[0;34m1
[0m
[0m[0;34mN[0;34mO[0;34m [0;34mt[0;34me[0;34mx[0;34mt[0;34mu[0;34mr[0;34me[0;34ms[0;34m/[0;34mt[0;34me[0;34ms[0;34mt[0;34m/[0;34mn[0;34mo[0;34mr[0;34mt[0;34mh[0;34m.[0;34mx[0;34mp[0;34mm
[0m[0;34mS[0;34mO[0;34m [0;34mt[0;34me[0;34mx[0;34mt[0;34mu[0;34mr[0;34me[0;34ms[0;34m/[0;34mt[0;34me[0;34ms[0;34mt[0;34m/[0;34ms[0;34mo[0;34mu[0;34mt[0;34mh[0;34m.[0;34mx[0;34mp[0;34mm
[0m[0;34mW[0;34mE[0;34m [0;34mt[0;34me[0;34mx[0;34mt[0;34mu[0;34mr[0;34me[0;34ms[0;34m/[0;34mt[0;34me[0;34ms[0;34mt[0;34m/[0;34mw[0;34me[0;34ms[0;34mt[0;34m.[0;34mx[0;34mp[0;34mm
[0m[0;34mE[0;34mA[0;34m [0;34mt[0;34me[0;34mx[0;34mt[0;34mu[0;34mr[0;34me[0;34ms[0;34m/[0;34mt[0;34me[0;34ms[0;34mt[0;34m/[0;34me[0;34ma[0;34ms[0;34mt[0;34m.[0;34mx[0;34mp[0;34mm
[0m
[0m[0;34mF[0;34m [0;34m2[0;34m0[0;34m,[0;34m2[0;34m0[0;34m,[0;34m2[0;34m0
[0m[0;34mC[0;34m [0;34m2[0;34m0[0;34m0[0;34m,[0;34m2[0;34m0[0;34m0[0;34m,[0;34m2[0;34m0[0;34m0
[0mExit code: 1
‚ö†Ô∏è No Valgrind alerts, but with leaks[0m  
==7666== Memcheck, a memory error detector
==7666== Copyright (C) 2002-2022, and GNU GPL'd, by Julian Seward et al.
==7666== Using Valgrind-3.22.0 and LibVEX; rerun with -h for copyright info
==7666== Command: ./cub3d ./maps/bad/map_first.cub
==7666== Parent PID: 7584
==7666== 
==7666== 
==7666== HEAP SUMMARY:
==7666==     in use at exit: 408 bytes in 22 blocks
==7666==   total heap usage: 99 allocs, 77 frees, 7,572 bytes allocated
==7666== 
==7666== LEAK SUMMARY:
==7666==    definitely lost: 176 bytes in 1 blocks
==7666==    indirectly lost: 232 bytes in 21 blocks
==7666==      possibly lost: 0 bytes in 0 blocks
==7666==    still reachable: 0 bytes in 0 blocks
==7666==         suppressed: 0 bytes in 0 blocks
==7666== Rerun with --leak-check=full to see details of leaked memory
==7666== 
==7666== For lists of detected and suppressed errors, rerun with: -s
==7666== ERROR SUMMARY: 0 errors from 0 contexts (suppressed: 0 from 0)
Running valgrind on ./maps/bad/map_middle.cub...

[0;31m Error:[Map check in file] Invalid map placement or format
[0m [0;34mN[0;34mO[0;34m [0;34mt[0;34me[0;34mx[0;34mt[0;34mu[0;34mr[0;34me[0;34ms[0;34m/[0;34mt[0;34me[0;34ms[0;34mt[0;34m/[0;34mn[0;34mo[0;34mr[0;34mt[0;34mh[0;34m.[0;34mx[0;34mp[0;34mm
[0m[0;34mS[0;34mO[0;34m [0;34mt[0;34me[0;34mx[0;34mt[0;34mu[0;34mr[0;34me[0;34ms[0;34m/[0;34mt[0;34me[0;34ms[0;34mt[0;34m/[0;34ms[0;34mo[0;34mu[0;34mt[0;34mh[0;34m.[0;34mx[0;34mp[0;34mm
[0m[0;34mW[0;34mE[0;34m [0;34mt[0;34me[0;34mx[0;34mt[0;34mu[0;34mr[0;34me[0;34ms[0;34m/[0;34mt[0;34me[0;34ms[0;34mt[0;34m/[0;34mw[0;34me[0;34ms[0;34mt[0;34m.[0;34mx[0;34mp[0;34mm
[0m[0;34mE[0;34mA[0;34m [0;34mt[0;34me[0;34mx[0;34mt[0;34mu[0;34mr[0;34me[0;34ms[0;34m/[0;34mt[0;34me[0;34ms[0;34mt[0;34m/[0;34me[0;34ma[0;34ms[0;34mt[0;34m.[0;34mx[0;34mp[0;34mm
[0m
[0m[0;34m1[0;34m1[0;34m1[0;34m1[0;34m1
[0m[0;34m1[0;34m0[0;34m0[0;34m0[0;34m1
[0m[0;34m1[0;34m0[0;34mS[0;34m0[0;34m1
[0m[0;34m1[0;34m0[0;34m0[0;34m0[0;34m1
[0m[0;34m1[0;34m0[0;34m0[0;34m0[0;34m1
[0m[0;34m1[0;34m0[0;34m0[0;34m0[0;34m1
[0m[0;34m1[0;34m1[0;34m0[0;34m0[0;34m1
[0m[0;34m1[0;34m0[0;34m0[0;34m0[0;34m1
[0m[0;34m1[0;34m0[0;34m0[0;34m0[0;34m1
[0m[0;34m1[0;34m0[0;34m0[0;34m0[0;34m1
[0m[0;34m1[0;34m0[0;34m0[0;34m0[0;34m1
[0m[0;34m1[0;34m0[0;34m0[0;34m0[0;34m1
[0m[0;34m1[0;34m1[0;34m1[0;34m1[0;34m1
[0m
[0m[0;34mF[0;34m [0;34m2[0;34m0[0;34m,[0;34m2[0;34m0[0;34m,[0;34m2[0;34m0
[0m[0;34mC[0;34m [0;34m2[0;34m0[0;34m0[0;34m,[0;34m2[0;34m0[0;34m0[0;34m,[0;34m2[0;34m0[0;34m0
[0m
[0m
[0mExit code: 1
‚ö†Ô∏è No Valgrind alerts, but with leaks[0m  
==7669== Memcheck, a memory error detector
==7669== Copyright (C) 2002-2022, and GNU GPL'd, by Julian Seward et al.
==7669== Using Valgrind-3.22.0 and LibVEX; rerun with -h for copyright info
==7669== Command: ./cub3d ./maps/bad/map_middle.cub
==7669== Parent PID: 7584
==7669== 
==7669== 
==7669== HEAP SUMMARY:
==7669==     in use at exit: 428 bytes in 24 blocks
==7669==   total heap usage: 107 allocs, 83 frees, 8,059 bytes allocated
==7669== 
==7669== LEAK SUMMARY:
==7669==    definitely lost: 192 bytes in 1 blocks
==7669==    indirectly lost: 236 bytes in 23 blocks
==7669==      possibly lost: 0 bytes in 0 blocks
==7669==    still reachable: 0 bytes in 0 blocks
==7669==         suppressed: 0 bytes in 0 blocks
==7669== Rerun with --leak-check=full to see details of leaked memory
==7669== 
==7669== For lists of detected and suppressed errors, rerun with: -s
==7669== ERROR SUMMARY: 0 errors from 0 contexts (suppressed: 0 from 0)
Running valgrind on ./maps/bad/map_missing.cub...

[0;31m Error:[Map start] No map or incorrect placement
[0m [0;34mN[0;34mO[0;34m [0;34mt[0;34me[0;34mx[0;34mt[0;34mu[0;34mr[0;34me[0;34ms[0;34m/[0;34mt[0;34me[0;34ms[0;34mt[0;34m/[0;34mn[0;34mo[0;34mr[0;34mt[0;34mh[0;34m.[0;34mx[0;34mp[0;34mm
[0m[0;34mS[0;34mO[0;34m [0;34mt[0;34me[0;34mx[0;34mt[0;34mu[0;34mr[0;34me[0;34ms[0;34m/[0;34mt[0;34me[0;34ms[0;34mt[0;34m/[0;34ms[0;34mo[0;34mu[0;34mt[0;34mh[0;34m.[0;34mx[0;34mp[0;34mm
[0m[0;34mW[0;34mE[0;34m [0;34mt[0;34me[0;34mx[0;34mt[0;34mu[0;34mr[0;34me[0;34ms[0;34m/[0;34mt[0;34me[0;34ms[0;34mt[0;34m/[0;34mw[0;34me[0;34ms[0;34mt[0;34m.[0;34mx[0;34mp[0;34mm
[0m[0;34mE[0;34mA[0;34m [0;34mt[0;34me[0;34mx[0;34mt[0;34mu[0;34mr[0;34me[0;34ms[0;34m/[0;34mt[0;34me[0;34ms[0;34mt[0;34m/[0;34me[0;34ma[0;34ms[0;34mt[0;34m.[0;34mx[0;34mp[0;34mm
[0m
[0m[0;34mF[0;34m [0;34m2[0;34m0[0;34m,[0;34m2[0;34m0[0;34m,[0;34m2[0;34m0
[0m[0;34mC[0;34m [0;34m2[0;34m0[0;34m0[0;34m,[0;34m2[0;34m0[0;34m0[0;34m,[0;34m2[0;34m0[0;34m0
[0m
[0mExit code: 1
‚ö†Ô∏è No Valgrind alerts, but with leaks[0m  
==7672== Memcheck, a memory error detector
==7672== Copyright (C) 2002-2022, and GNU GPL'd, by Julian Seward et al.
==7672== Using Valgrind-3.22.0 and LibVEX; rerun with -h for copyright info
==7672== Command: ./cub3d ./maps/bad/map_missing.cub
==7672== Parent PID: 7584
==7672== 
==7672== 
==7672== HEAP SUMMARY:
==7672==     in use at exit: 213 bytes in 9 blocks
==7672==   total heap usage: 44 allocs, 35 frees, 5,280 bytes allocated
==7672== 
==7672== LEAK SUMMARY:
==7672==    definitely lost: 72 bytes in 1 blocks
==7672==    indirectly lost: 141 bytes in 8 blocks
==7672==      possibly lost: 0 bytes in 0 blocks
==7672==    still reachable: 0 bytes in 0 blocks
==7672==         suppressed: 0 bytes in 0 blocks
==7672== Rerun with --leak-check=full to see details of leaked memory
==7672== 
==7672== For lists of detected and suppressed errors, rerun with: -s
==7672== ERROR SUMMARY: 0 errors from 0 contexts (suppressed: 0 from 0)
Running valgrind on ./maps/bad/map_only.cub...

[0;31m Error:[Map start] No map or incorrect placement
[0m [0;34m1[0;34m1[0;34m1[0;34m1[0;34m1
[0m[0;34m1[0;34m0[0;34m0[0;34m0[0;34m1
[0m[0;34m1[0;34m0[0;34mS[0;34m0[0;34m1
[0m[0;34m1[0;34m0[0;34m0[0;34m0[0;34m1
[0m[0;34m1[0;34m0[0;34m0[0;34m0[0;34m1
[0m[0;34m1[0;34m0[0;34m0[0;34m0[0;34m1
[0m[0;34m1[0;34m1[0;34m0[0;34m0[0;34m1
[0m[0;34m1[0;34m0[0;34m0[0;34m0[0;34m1
[0m[0;34m1[0;34m0[0;34m0[0;34m0[0;34m1
[0m[0;34m1[0;34m0[0;34m0[0;34m0[0;34m1
[0m[0;34m1[0;34m0[0;34m0[0;34m0[0;34m1
[0m[0;34m1[0;34m0[0;34m0[0;34m0[0;34m1
[0m[0;34m1[0;34m1[0;34m1[0;34m1[0;34m1
[0mExit code: 1
‚ö†Ô∏è No Valgrind alerts, but with leaks[0m  
==7675== Memcheck, a memory error detector
==7675== Copyright (C) 2002-2022, and GNU GPL'd, by Julian Seward et al.
==7675== Using Valgrind-3.22.0 and LibVEX; rerun with -h for copyright info
==7675== Command: ./cub3d ./maps/bad/map_only.cub
==7675== Parent PID: 7584
==7675== 
==7675== 
==7675== HEAP SUMMARY:
==7675==     in use at exit: 203 bytes in 14 blocks
==7675==   total heap usage: 62 allocs, 48 frees, 5,730 bytes allocated
==7675== 
==7675== LEAK SUMMARY:
==7675==    definitely lost: 112 bytes in 1 blocks
==7675==    indirectly lost: 91 bytes in 13 blocks
==7675==      possibly lost: 0 bytes in 0 blocks
==7675==    still reachable: 0 bytes in 0 blocks
==7675==         suppressed: 0 bytes in 0 blocks
==7675== Rerun with --leak-check=full to see details of leaked memory
==7675== 
==7675== For lists of detected and suppressed errors, rerun with: -s
==7675== ERROR SUMMARY: 0 errors from 0 contexts (suppressed: 0 from 0)
Running valgrind on ./maps/bad/map_too_small.cub...

[0;31m Error:[Map check in file] Invalid map size
[0m [0;34mN[0;34mO[0;34m [0;34mt[0;34me[0;34mx[0;34mt[0;34mu[0;34mr[0;34me[0;34ms[0;34m/[0;34mt[0;34me[0;34ms[0;34mt[0;34m/[0;34mn[0;34mo[0;34mr[0;34mt[0;34mh[0;34m.[0;34mx[0;34mp[0;34mm
[0m[0;34mS[0;34mO[0;34m [0;34mt[0;34me[0;34mx[0;34mt[0;34mu[0;34mr[0;34me[0;34ms[0;34m/[0;34mt[0;34me[0;34ms[0;34mt[0;34m/[0;34ms[0;34mo[0;34mu[0;34mt[0;34mh[0;34m.[0;34mx[0;34mp[0;34mm
[0m[0;34mW[0;34mE[0;34m [0;34mt[0;34me[0;34mx[0;34mt[0;34mu[0;34mr[0;34me[0;34ms[0;34m/[0;34mt[0;34me[0;34ms[0;34mt[0;34m/[0;34mw[0;34me[0;34ms[0;34mt[0;34m.[0;34mx[0;34mp[0;34mm
[0m[0;34mE[0;34mA[0;34m [0;34mt[0;34me[0;34mx[0;34mt[0;34mu[0;34mr[0;34me[0;34ms[0;34m/[0;34mt[0;34me[0;34ms[0;34mt[0;34m/[0;34me[0;34ma[0;34ms[0;34mt[0;34m.[0;34mx[0;34mp[0;34mm
[0m
[0m[0;34mF[0;34m [0;34m2[0;34m0[0;34m,[0;34m2[0;34m0[0;34m,[0;34m2[0;34m0
[0m[0;34mC[0;34m [0;34m2[0;34m0[0;34m0[0;34m,[0;34m2[0;34m0[0;34m0[0;34m,[0;34m2[0;34m0[0;34m0
[0m
[0m[0;34m1[0;34m1[0;34m1
[0m[0;34m1[0;34m1[0;34m1
[0mExit code: 1
‚ö†Ô∏è No Valgrind alerts, but with leaks[0m  
==7678== Memcheck, a memory error detector
==7678== Copyright (C) 2002-2022, and GNU GPL'd, by Julian Seward et al.
==7678== Using Valgrind-3.22.0 and LibVEX; rerun with -h for copyright info
==7678== Command: ./cub3d ./maps/bad/map_too_small.cub
==7678== Parent PID: 7584
==7678== 
==7678== 
==7678== HEAP SUMMARY:
==7678==     in use at exit: 239 bytes in 11 blocks
==7678==   total heap usage: 52 allocs, 41 frees, 5,540 bytes allocated
==7678== 
==7678== LEAK SUMMARY:
==7678==    definitely lost: 88 bytes in 1 blocks
==7678==    indirectly lost: 151 bytes in 10 blocks
==7678==      possibly lost: 0 bytes in 0 blocks
==7678==    still reachable: 0 bytes in 0 blocks
==7678==         suppressed: 0 bytes in 0 blocks
==7678== Rerun with --leak-check=full to see details of leaked memory
==7678== 
==7678== For lists of detected and suppressed errors, rerun with: -s
==7678== ERROR SUMMARY: 0 errors from 0 contexts (suppressed: 0 from 0)
Running valgrind on ./maps/bad/player_multiple.cub...

[0;31m Error:[Map validation] invalid number of player 
[0m [0;34mN[0;34mO[0;34m [0;34mt[0;34me[0;34mx[0;34mt[0;34mu[0;34mr[0;34me[0;34ms[0;34m/[0;34mt[0;34me[0;34ms[0;34mt[0;34m/[0;34mn[0;34mo[0;34mr[0;34mt[0;34mh[0;34m.[0;34mx[0;34mp[0;34mm
[0m[0;34mS[0;34mO[0;34m [0;34mt[0;34me[0;34mx[0;34mt[0;34mu[0;34mr[0;34me[0;34ms[0;34m/[0;34mt[0;34me[0;34ms[0;34mt[0;34m/[0;34ms[0;34mo[0;34mu[0;34mt[0;34mh[0;34m.[0;34mx[0;34mp[0;34mm
[0m[0;34mW[0;34mE[0;34m [0;34mt[0;34me[0;34mx[0;34mt[0;34mu[0;34mr[0;34me[0;34ms[0;34m/[0;34mt[0;34me[0;34ms[0;34mt[0;34m/[0;34mw[0;34me[0;34ms[0;34mt[0;34m.[0;34mx[0;34mp[0;34mm
[0m[0;34mE[0;34mA[0;34m [0;34mt[0;34me[0;34mx[0;34mt[0;34mu[0;34mr[0;34me[0;34ms[0;34m/[0;34mt[0;34me[0;34ms[0;34mt[0;34m/[0;34me[0;34ma[0;34ms[0;34mt[0;34m.[0;34mx[0;34mp[0;34mm
[0m
[0m[0;34mF[0;34m [0;34m2[0;34m0[0;34m,[0;34m2[0;34m0[0;34m,[0;34m2[0;34m0
[0m[0;34mC[0;34m [0;34m2[0;34m0[0;34m0[0;34m,[0;34m2[0;34m0[0;34m0[0;34m,[0;34m2[0;34m0[0;34m0
[0m
[0m[0;34m1[0;34m1[0;34m1[0;34m1[0;34m1
[0m[0;34m1[0;34m0[0;34m0[0;34m0[0;34m1
[0m[0;34m1[0;34m0[0;34mS[0;34m0[0;34m1
[0m[0;34m1[0;34m0[0;34m0[0;34m0[0;34m1
[0m[0;34m1[0;34m0[0;34m0[0;34m0[0;34m1
[0m[0;34m1[0;34m0[0;34m0[0;34m0[0;34m1
[0m[0;34m1[0;34m1[0;34mE[0;34m0[0;34m1
[0m[0;34m1[0;34m0[0;34m0[0;34m0[0;34m1
[0m[0;34m1[0;34m0[0;34m0[0;34m0[0;34m1
[0m[0;34m1[0;34m0[0;34m0[0;34m0[0;34m1
[0m[0;34m1[0;34m0[0;34m0[0;34m0[0;34m1
[0m[0;34m1[0;34m0[0;34m0[0;34m0[0;34m1
[0m[0;34m1[0;34m1[0;34m1[0;34m1[0;34m1
[0mExit code: 1
‚ö†Ô∏è No Valgrind alerts, but with leaks[0m  
==7681== Memcheck, a memory error detector
==7681== Copyright (C) 2002-2022, and GNU GPL'd, by Julian Seward et al.
==7681== Using Valgrind-3.22.0 and LibVEX; rerun with -h for copyright info
==7681== Command: ./cub3d ./maps/bad/player_multiple.cub
==7681== Parent PID: 7584
==7681== 
==7681== 
==7681== HEAP SUMMARY:
==7681==     in use at exit: 598 bytes in 36 blocks
==7681==   total heap usage: 126 allocs, 90 frees, 7,925 bytes allocated
==7681== 
==7681== LEAK SUMMARY:
==7681==    definitely lost: 288 bytes in 2 blocks
==7681==    indirectly lost: 310 bytes in 34 blocks
==7681==      possibly lost: 0 bytes in 0 blocks
==7681==    still reachable: 0 bytes in 0 blocks
==7681==         suppressed: 0 bytes in 0 blocks
==7681== Rerun with --leak-check=full to see details of leaked memory
==7681== 
==7681== For lists of detected and suppressed errors, rerun with: -s
==7681== ERROR SUMMARY: 0 errors from 0 contexts (suppressed: 0 from 0)
Running valgrind on ./maps/bad/player_none.cub...

[0;31m Error:[Map validation] invalid number of player 
[0m [0;34mN[0;34mO[0;34m [0;34mt[0;34me[0;34mx[0;34mt[0;34mu[0;34mr[0;34me[0;34ms[0;34m/[0;34mt[0;34me[0;34ms[0;34mt[0;34m/[0;34mn[0;34mo[0;34mr[0;34mt[0;34mh[0;34m.[0;34mx[0;34mp[0;34mm
[0m[0;34mS[0;34mO[0;34m [0;34mt[0;34me[0;34mx[0;34mt[0;34mu[0;34mr[0;34me[0;34ms[0;34m/[0;34mt[0;34me[0;34ms[0;34mt[0;34m/[0;34ms[0;34mo[0;34mu[0;34mt[0;34mh[0;34m.[0;34mx[0;34mp[0;34mm
[0m[0;34mW[0;34mE[0;34m [0;34mt[0;34me[0;34mx[0;34mt[0;34mu[0;34mr[0;34me[0;34ms[0;34m/[0;34mt[0;34me[0;34ms[0;34mt[0;34m/[0;34mw[0;34me[0;34ms[0;34mt[0;34m.[0;34mx[0;34mp[0;34mm
[0m[0;34mE[0;34mA[0;34m [0;34mt[0;34me[0;34mx[0;34mt[0;34mu[0;34mr[0;34me[0;34ms[0;34m/[0;34mt[0;34me[0;34ms[0;34mt[0;34m/[0;34me[0;34ma[0;34ms[0;34mt[0;34m.[0;34mx[0;34mp[0;34mm
[0m
[0m[0;34mF[0;34m [0;34m2[0;34m0[0;34m,[0;34m2[0;34m0[0;34m,[0;34m2[0;34m0
[0m[0;34mC[0;34m [0;34m2[0;34m0[0;34m0[0;34m,[0;34m2[0;34m0[0;34m0[0;34m,[0;34m2[0;34m0[0;34m0
[0m
[0m[0;34m1[0;34m1[0;34m1[0;34m1[0;34m1
[0m[0;34m1[0;34m0[0;34m0[0;34m0[0;34m1
[0m[0;34m1[0;34m0[0;34m0[0;34m0[0;34m1
[0m[0;34m1[0;34m0[0;34m0[0;34m0[0;34m1
[0m[0;34m1[0;34m0[0;34m0[0;34m0[0;34m1
[0m[0;34m1[0;34m0[0;34m0[0;34m0[0;34m1
[0m[0;34m1[0;34m1[0;34m0[0;34m0[0;34m1
[0m[0;34m1[0;34m0[0;34m0[0;34m0[0;34m1
[0m[0;34m1[0;34m0[0;34m0[0;34m0[0;34m1
[0m[0;34m1[0;34m0[0;34m0[0;34m0[0;34m1
[0m[0;34m1[0;34m0[0;34m0[0;34m0[0;34m1
[0m[0;34m1[0;34m0[0;34m0[0;34m0[0;34m1
[0m[0;34m1[0;34m1[0;34m1[0;34m1[0;34m1
[0mExit code: 1
‚ö†Ô∏è No Valgrind alerts, but with leaks[0m  
==7697== Memcheck, a memory error detector
==7697== Copyright (C) 2002-2022, and GNU GPL'd, by Julian Seward et al.
==7697== Using Valgrind-3.22.0 and LibVEX; rerun with -h for copyright info
==7697== Command: ./cub3d ./maps/bad/player_none.cub
==7697== Parent PID: 7584
==7697== 
==7697== 
==7697== HEAP SUMMARY:
==7697==     in use at exit: 598 bytes in 36 blocks
==7697==   total heap usage: 126 allocs, 90 frees, 7,925 bytes allocated
==7697== 
==7697== LEAK SUMMARY:
==7697==    definitely lost: 288 bytes in 2 blocks
==7697==    indirectly lost: 310 bytes in 34 blocks
==7697==      possibly lost: 0 bytes in 0 blocks
==7697==    still reachable: 0 bytes in 0 blocks
==7697==         suppressed: 0 bytes in 0 blocks
==7697== Rerun with --leak-check=full to see details of leaked memory
==7697== 
==7697== For lists of detected and suppressed errors, rerun with: -s
==7697== ERROR SUMMARY: 0 errors from 0 contexts (suppressed: 0 from 0)
Running valgrind on ./maps/bad/player_on_edge.cub...

[0;31m Error:[Walls check] incorrect horizontal walls
[0m [0;34mN[0;34mO[0;34m [0;34mt[0;34me[0;34mx[0;34mt[0;34mu[0;34mr[0;34me[0;34ms[0;34m/[0;34mt[0;34me[0;34ms[0;34mt[0;34m/[0;34mn[0;34mo[0;34mr[0;34mt[0;34mh[0;34m.[0;34mx[0;34mp[0;34mm
[0m[0;34mS[0;34mO[0;34m [0;34mt[0;34me[0;34mx[0;34mt[0;34mu[0;34mr[0;34me[0;34ms[0;34m/[0;34mt[0;34me[0;34ms[0;34mt[0;34m/[0;34ms[0;34mo[0;34mu[0;34mt[0;34mh[0;34m.[0;34mx[0;34mp[0;34mm
[0m[0;34mW[0;34mE[0;34m [0;34mt[0;34me[0;34mx[0;34mt[0;34mu[0;34mr[0;34me[0;34ms[0;34m/[0;34mt[0;34me[0;34ms[0;34mt[0;34m/[0;34mw[0;34me[0;34ms[0;34mt[0;34m.[0;34mx[0;34mp[0;34mm
[0m[0;34mE[0;34mA[0;34m [0;34mt[0;34me[0;34mx[0;34mt[0;34mu[0;34mr[0;34me[0;34ms[0;34m/[0;34mt[0;34me[0;34ms[0;34mt[0;34m/[0;34me[0;34ma[0;34ms[0;34mt[0;34m.[0;34mx[0;34mp[0;34mm
[0m
[0m[0;34mF[0;34m [0;34m2[0;34m0[0;34m,[0;34m2[0;34m0[0;34m,[0;34m2[0;34m0
[0m[0;34mC[0;34m [0;34m2[0;34m0[0;34m0[0;34m,[0;34m2[0;34m0[0;34m0[0;34m,[0;34m2[0;34m0[0;34m0
[0m
[0m[0;34m1[0;34mS[0;34m1[0;34m1[0;34m1
[0m[0;34m1[0;34m0[0;34m0[0;34m0[0;34m1
[0m[0;34m1[0;34m0[0;34m0[0;34m0[0;34m1
[0m[0;34m1[0;34m0[0;34m0[0;34m0[0;34m1
[0m[0;34m1[0;34m0[0;34m0[0;34m0[0;34m1
[0m[0;34m1[0;34m0[0;34m0[0;34m0[0;34m1
[0m[0;34m1[0;34m1[0;34m0[0;34m0[0;34m1
[0m[0;34m1[0;34m0[0;34m0[0;34m0[0;34m1
[0m[0;34m1[0;34m0[0;34m0[0;34m0[0;34m1
[0m[0;34m1[0;34m0[0;34m0[0;34m0[0;34m1
[0m[0;34m1[0;34m0[0;34m0[0;34m0[0;34m1
[0m[0;34m1[0;34m0[0;34m0[0;34m0[0;34m1
[0m[0;34m1[0;34m1[0;34m1[0;34m1[0;34m1
[0mExit code: 1
‚ö†Ô∏è No Valgrind alerts, but with leaks[0m  
==7700== Memcheck, a memory error detector
==7700== Copyright (C) 2002-2022, and GNU GPL'd, by Julian Seward et al.
==7700== Using Valgrind-3.22.0 and LibVEX; rerun with -h for copyright info
==7700== Command: ./cub3d ./maps/bad/player_on_edge.cub
==7700== Parent PID: 7584
==7700== 
==7700== 
==7700== HEAP SUMMARY:
==7700==     in use at exit: 598 bytes in 36 blocks
==7700==   total heap usage: 126 allocs, 90 frees, 7,925 bytes allocated
==7700== 
==7700== LEAK SUMMARY:
==7700==    definitely lost: 288 bytes in 2 blocks
==7700==    indirectly lost: 310 bytes in 34 blocks
==7700==      possibly lost: 0 bytes in 0 blocks
==7700==    still reachable: 0 bytes in 0 blocks
==7700==         suppressed: 0 bytes in 0 blocks
==7700== Rerun with --leak-check=full to see details of leaked memory
==7700== 
==7700== For lists of detected and suppressed errors, rerun with: -s
==7700== ERROR SUMMARY: 0 errors from 0 contexts (suppressed: 0 from 0)
Running valgrind on ./maps/bad/textures_dir.cub...

[0;32m[Debug info]üõ†Ô∏è  Map info üîç
[0m[0;32m[Debug info] - Map width:[0m5
[0;32m[Debug info] - Map height:[0m13
[0;32m[Debug info]üõ†Ô∏è  Starting player position info üîç
[0m[0;32m[Debug info] - Player X:[0m2
[0;32m[Debug info] - Player Y:[0m2
[0;32m[Debug info] - Player Direction:[0mS
[0;32m[Debug info]üõ†Ô∏è  Colors info c:  üîç
[0m[0;32m[Debug info]üõ†Ô∏è  Colors info f:  üîç
[0m[0;32m[Debug info]üõ†Ô∏è  Textures info:  üîç
[0m[0;32m[Debug info] texture:[0mtextures/test/north.xpm
[0;32m[Debug info] texture:[0mtextures/test/south.xpm
[0;32m[Debug info] texture:[0mtextures/test/west.xpm
[0;32m[Debug info] texture:[0mtextures/test/
[0;34mN[0;34mO[0;34m [0;34mt[0;34me[0;34mx[0;34mt[0;34mu[0;34mr[0;34me[0;34ms[0;34m/[0;34mt[0;34me[0;34ms[0;34mt[0;34m/[0;34mn[0;34mo[0;34mr[0;34mt[0;34mh[0;34m.[0;34mx[0;34mp[0;34mm
[0m[0;34mS[0;34mO[0;34m [0;34mt[0;34me[0;34mx[0;34mt[0;34mu[0;34mr[0;34me[0;34ms[0;34m/[0;34mt[0;34me[0;34ms[0;34mt[0;34m/[0;34ms[0;34mo[0;34mu[0;34mt[0;34mh[0;34m.[0;34mx[0;34mp[0;34mm
[0m[0;34mW[0;34mE[0;34m [0;34mt[0;34me[0;34mx[0;34mt[0;34mu[0;34mr[0;34me[0;34ms[0;34m/[0;34mt[0;34me[0;34ms[0;34mt[0;34m/[0;34mw[0;34me[0;34ms[0;34mt[0;34m.[0;34mx[0;34mp[0;34mm
[0m[0;34mE[0;34mA[0;34m [0;34mt[0;34me[0;34mx[0;34mt[0;34mu[0;34mr[0;34me[0;34ms[0;34m/[0;34mt[0;34me[0;34ms[0;34mt[0;34m/
[0m
[0m[0;34mF[0;34m [0;34m2[0;34m0[0;34m,[0;34m2[0;34m0[0;34m,[0;34m2[0;34m0
[0m[0;34mC[0;34m [0;34m2[0;34m0[0;34m0[0;34m,[0;34m2[0;34m0[0;34m0[0;34m,[0;34m2[0;34m0[0;34m0
[0m
[0m[0;34m1[0;34m1[0;34m1[0;34m1[0;34m1
[0m[0;34m1[0;34m0[0;34m0[0;34m0[0;34m1
[0m[0;34m1[0;34m0[0;34mS[0;34m0[0;34m1
[0m[0;34m1[0;34m0[0;34m0[0;34m0[0;34m1
[0m[0;34m1[0;34m0[0;34m0[0;34m0[0;34m1
[0m[0;34m1[0;34m0[0;34m0[0;34m0[0;34m1
[0m[0;34m1[0;34m1[0;34m0[0;34m0[0;34m1
[0m[0;34m1[0;34m0[0;34m0[0;34m0[0;34m1
[0m[0;34m1[0;34m0[0;34m0[0;34m0[0;34m1
[0m[0;34m1[0;34m0[0;34m0[0;34m0[0;34m1
[0m[0;34m1[0;34m0[0;34m0[0;34m0[0;34m1
[0m[0;34m1[0;34m0[0;34m0[0;34m0[0;34m1
[0m[0;34m1[0;34m1[0;34m1[0;34m1[0;34m1
[0m[0;34m2[0;34m0[0;34m0
[0m[0;34m2[0;34m0[0;34m0
[0m[0;34m2[0;34m0[0;34m0
[0m[0;34m2[0;34m0
[0m[0;34m2[0;34m0
[0m[0;34m2[0;34m0
[0m[0;34m1[0;34m1[0;34m1[0;34m1[0;34m1
[0m[0;34m1[0;34m0[0;34m0[0;34m0[0;34m1
[0m[0;34m1[0;34m0[0;34mS[0;34m0[0;34m1
[0m[0;34m1[0;34m0[0;34m0[0;34m0[0;34m1
[0m[0;34m1[0;34m0[0;34m0[0;34m0[0;34m1
[0m[0;34m1[0;34m0[0;34m0[0;34m0[0;34m1
[0m[0;34m1[0;34m1[0;34m0[0;34m0[0;34m1
[0m[0;34m1[0;34m0[0;34m0[0;34m0[0;34m1
[0m[0;34m1[0;34m0[0;34m0[0;34m0[0;34m1
[0m[0;34m1[0;34m0[0;34m0[0;34m0[0;34m1
[0m[0;34m1[0;34m0[0;34m0[0;34m0[0;34m1
[0m[0;34m1[0;34m0[0;34m0[0;34m0[0;34m1
[0m[0;34m1[0;34m1[0;34m1[0;34m1[0;34m1
[0mExit code: 0
‚ö†Ô∏è No Valgrind alerts, but with leaks[0m  
==7714== Memcheck, a memory error detector
==7714== Copyright (C) 2002-2022, and GNU GPL'd, by Julian Seward et al.
==7714== Using Valgrind-3.22.0 and LibVEX; rerun with -h for copyright info
==7714== Command: ./cub3d ./maps/bad/textures_dir.cub
==7714== Parent PID: 7584
==7714== 
==7714== 
==7714== HEAP SUMMARY:
==7714==     in use at exit: 868 bytes in 54 blocks
==7714==   total heap usage: 146 allocs, 92 frees, 8,198 bytes allocated
==7714== 
==7714== LEAK SUMMARY:
==7714==    definitely lost: 545 bytes in 14 blocks
==7714==    indirectly lost: 323 bytes in 40 blocks
==7714==      possibly lost: 0 bytes in 0 blocks
==7714==    still reachable: 0 bytes in 0 blocks
==7714==         suppressed: 0 bytes in 0 blocks
==7714== Rerun with --leak-check=full to see details of leaked memory
==7714== 
==7714== For lists of detected and suppressed errors, rerun with: -s
==7714== ERROR SUMMARY: 0 errors from 0 contexts (suppressed: 0 from 0)
Running valgrind on ./maps/bad/textures_duplicates.cub...

[0;32m[Debug info]üõ†Ô∏è  Map info üîç
[0m[0;32m[Debug info] - Map width:[0m5
[0;32m[Debug info] - Map height:[0m13
[0;32m[Debug info]üõ†Ô∏è  Starting player position info üîç
[0m[0;32m[Debug info] - Player X:[0m2
[0;32m[Debug info] - Player Y:[0m2
[0;32m[Debug info] - Player Direction:[0mS
[0;32m[Debug info]üõ†Ô∏è  Colors info c:  üîç
[0m[0;32m[Debug info]üõ†Ô∏è  Colors info f:  üîç
[0m[0;32m[Debug info]üõ†Ô∏è  Textures info:  üîç
[0m[0;32m[Debug info] texture:[0mtextures/test/north.xpm
[0;32m[Debug info] texture:[0mtextures/test/south.xpm
[0;32m[Debug info] texture:[0mtextures/test/west.xpm
[0;32m[Debug info] texture:[0mtextures/test/east.xpm
[0;34mN[0;34mO[0;34m [0;34mt[0;34me[0;34mx[0;34mt[0;34mu[0;34mr[0;34me[0;34ms[0;34m/[0;34mt[0;34me[0;34ms[0;34mt[0;34m/[0;34mn[0;34mo[0;34mr[0;34mt[0;34mh[0;34m.[0;34mx[0;34mp[0;34mm
[0m[0;34mS[0;34mO[0;34m [0;34mt[0;34me[0;34mx[0;34mt[0;34mu[0;34mr[0;34me[0;34ms[0;34m/[0;34mt[0;34me[0;34ms[0;34mt[0;34m/[0;34ms[0;34mo[0;34mu[0;34mt[0;34mh[0;34m.[0;34mx[0;34mp[0;34mm
[0m[0;34mW[0;34mE[0;34m [0;34mt[0;34me[0;34mx[0;34mt[0;34mu[0;34mr[0;34me[0;34ms[0;34m/[0;34mt[0;34me[0;34ms[0;34mt[0;34m/[0;34mw[0;34me[0;34ms[0;34mt[0;34m.[0;34mx[0;34mp[0;34mm
[0m[0;34mE[0;34mA[0;34m [0;34mt[0;34me[0;34mx[0;34mt[0;34mu[0;34mr[0;34me[0;34ms[0;34m/[0;34mt[0;34me[0;34ms[0;34mt[0;34m/[0;34me[0;34ma[0;34ms[0;34mt[0;34m.[0;34mx[0;34mp[0;34mm
[0m[0;34mE[0;34mA[0;34m [0;34mt[0;34me[0;34mx[0;34mt[0;34mu[0;34mr[0;34me[0;34ms[0;34m/[0;34mt[0;34me[0;34ms[0;34mt[0;34m/[0;34me[0;34ma[0;34ms[0;34mt[0;34m.[0;34mx[0;34mp[0;34mm
[0m
[0m[0;34mF[0;34m [0;34m2[0;34m0[0;34m,[0;34m2[0;34m0[0;34m,[0;34m2[0;34m0
[0m[0;34mC[0;34m [0;34m2[0;34m0[0;34m0[0;34m,[0;34m2[0;34m0[0;34m0[0;34m,[0;34m2[0;34m0[0;34m0
[0m
[0m[0;34m1[0;34m1[0;34m1[0;34m1[0;34m1
[0m[0;34m1[0;34m0[0;34m0[0;34m0[0;34m1
[0m[0;34m1[0;34m0[0;34mS[0;34m0[0;34m1
[0m[0;34m1[0;34m0[0;34m0[0;34m0[0;34m1
[0m[0;34m1[0;34m0[0;34m0[0;34m0[0;34m1
[0m[0;34m1[0;34m0[0;34m0[0;34m0[0;34m1
[0m[0;34m1[0;34m1[0;34m0[0;34m0[0;34m1
[0m[0;34m1[0;34m0[0;34m0[0;34m0[0;34m1
[0m[0;34m1[0;34m0[0;34m0[0;34m0[0;34m1
[0m[0;34m1[0;34m0[0;34m0[0;34m0[0;34m1
[0m[0;34m1[0;34m0[0;34m0[0;34m0[0;34m1
[0m[0;34m1[0;34m0[0;34m0[0;34m0[0;34m1
[0m[0;34m1[0;34m1[0;34m1[0;34m1[0;34m1
[0m[0;34m2[0;34m0[0;34m0
[0m[0;34m2[0;34m0[0;34m0
[0m[0;34m2[0;34m0[0;34m0
[0m[0;34m2[0;34m0
[0m[0;34m2[0;34m0
[0m[0;34m2[0;34m0
[0m[0;34m1[0;34m1[0;34m1[0;34m1[0;34m1
[0m[0;34m1[0;34m0[0;34m0[0;34m0[0;34m1
[0m[0;34m1[0;34m0[0;34mS[0;34m0[0;34m1
[0m[0;34m1[0;34m0[0;34m0[0;34m0[0;34m1
[0m[0;34m1[0;34m0[0;34m0[0;34m0[0;34m1
[0m[0;34m1[0;34m0[0;34m0[0;34m0[0;34m1
[0m[0;34m1[0;34m1[0;34m0[0;34m0[0;34m1
[0m[0;34m1[0;34m0[0;34m0[0;34m0[0;34m1
[0m[0;34m1[0;34m0[0;34m0[0;34m0[0;34m1
[0m[0;34m1[0;34m0[0;34m0[0;34m0[0;34m1
[0m[0;34m1[0;34m0[0;34m0[0;34m0[0;34m1
[0m[0;34m1[0;34m0[0;34m0[0;34m0[0;34m1
[0m[0;34m1[0;34m1[0;34m1[0;34m1[0;34m1
[0mExit code: 0
‚ö†Ô∏è No Valgrind alerts, but with leaks[0m  
==7717== Memcheck, a memory error detector
==7717== Copyright (C) 2002-2022, and GNU GPL'd, by Julian Seward et al.
==7717== Using Valgrind-3.22.0 and LibVEX; rerun with -h for copyright info
==7717== Command: ./cub3d ./maps/bad/textures_duplicates.cub
==7717== Parent PID: 7584
==7717== 
==7717== 
==7717== HEAP SUMMARY:
==7717==     in use at exit: 973 bytes in 57 blocks
==7717==   total heap usage: 153 allocs, 96 frees, 8,543 bytes allocated
==7717== 
==7717== LEAK SUMMARY:
==7717==    definitely lost: 615 bytes in 16 blocks
==7717==    indirectly lost: 358 bytes in 41 blocks
==7717==      possibly lost: 0 bytes in 0 blocks
==7717==    still reachable: 0 bytes in 0 blocks
==7717==         suppressed: 0 bytes in 0 blocks
==7717== Rerun with --leak-check=full to see details of leaked memory
==7717== 
==7717== For lists of detected and suppressed errors, rerun with: -s
==7717== ERROR SUMMARY: 0 errors from 0 contexts (suppressed: 0 from 0)
Running valgrind on ./maps/bad/textures_forbidden.cub...

[0;32m[Debug info]üõ†Ô∏è  Map info üîç
[0m[0;32m[Debug info] - Map width:[0m5
[0;32m[Debug info] - Map height:[0m13
[0;32m[Debug info]üõ†Ô∏è  Starting player position info üîç
[0m[0;32m[Debug info] - Player X:[0m2
[0;32m[Debug info] - Player Y:[0m2
[0;32m[Debug info] - Player Direction:[0mS
[0;32m[Debug info]üõ†Ô∏è  Colors info c:  üîç
[0m[0;32m[Debug info]üõ†Ô∏è  Colors info f:  üîç
[0m[0;32m[Debug info]üõ†Ô∏è  Textures info:  üîç
[0m[0;32m[Debug info] texture:[0mtextures/test/forbidden.xpm
[0;32m[Debug info] texture:[0mtextures/test/south.xpm
[0;32m[Debug info] texture:[0mtextures/test/west.xpm
[0;32m[Debug info] texture:[0mtextures/test/east.xpm
[0;34mN[0;34mO[0;34m [0;34mt[0;34me[0;34mx[0;34mt[0;34mu[0;34mr[0;34me[0;34ms[0;34m/[0;34mt[0;34me[0;34ms[0;34mt[0;34m/[0;34mf[0;34mo[0;34mr[0;34mb[0;34mi[0;34md[0;34md[0;34me[0;34mn[0;34m.[0;34mx[0;34mp[0;34mm
[0m[0;34mS[0;34mO[0;34m [0;34mt[0;34me[0;34mx[0;34mt[0;34mu[0;34mr[0;34me[0;34ms[0;34m/[0;34mt[0;34me[0;34ms[0;34mt[0;34m/[0;34ms[0;34mo[0;34mu[0;34mt[0;34mh[0;34m.[0;34mx[0;34mp[0;34mm
[0m[0;34mW[0;34mE[0;34m [0;34mt[0;34me[0;34mx[0;34mt[0;34mu[0;34mr[0;34me[0;34ms[0;34m/[0;34mt[0;34me[0;34ms[0;34mt[0;34m/[0;34mw[0;34me[0;34ms[0;34mt[0;34m.[0;34mx[0;34mp[0;34mm
[0m[0;34mE[0;34mA[0;34m [0;34mt[0;34me[0;34mx[0;34mt[0;34mu[0;34mr[0;34me[0;34ms[0;34m/[0;34mt[0;34me[0;34ms[0;34mt[0;34m/[0;34me[0;34ma[0;34ms[0;34mt[0;34m.[0;34mx[0;34mp[0;34mm
[0m
[0m[0;34mF[0;34m [0;34m2[0;34m0[0;34m,[0;34m2[0;34m0[0;34m,[0;34m2[0;34m0
[0m[0;34mC[0;34m [0;34m2[0;34m0[0;34m0[0;34m,[0;34m2[0;34m0[0;34m0[0;34m,[0;34m2[0;34m0[0;34m0
[0m
[0m[0;34m1[0;34m1[0;34m1[0;34m1[0;34m1
[0m[0;34m1[0;34m0[0;34m0[0;34m0[0;34m1
[0m[0;34m1[0;34m0[0;34mS[0;34m0[0;34m1
[0m[0;34m1[0;34m0[0;34m0[0;34m0[0;34m1
[0m[0;34m1[0;34m0[0;34m0[0;34m0[0;34m1
[0m[0;34m1[0;34m0[0;34m0[0;34m0[0;34m1
[0m[0;34m1[0;34m1[0;34m0[0;34m0[0;34m1
[0m[0;34m1[0;34m0[0;34m0[0;34m0[0;34m1
[0m[0;34m1[0;34m0[0;34m0[0;34m0[0;34m1
[0m[0;34m1[0;34m0[0;34m0[0;34m0[0;34m1
[0m[0;34m1[0;34m0[0;34m0[0;34m0[0;34m1
[0m[0;34m1[0;34m0[0;34m0[0;34m0[0;34m1
[0m[0;34m1[0;34m1[0;34m1[0;34m1[0;34m1
[0m[0;34m2[0;34m0[0;34m0
[0m[0;34m2[0;34m0[0;34m0
[0m[0;34m2[0;34m0[0;34m0
[0m[0;34m2[0;34m0
[0m[0;34m2[0;34m0
[0m[0;34m2[0;34m0
[0m[0;34m1[0;34m1[0;34m1[0;34m1[0;34m1
[0m[0;34m1[0;34m0[0;34m0[0;34m0[0;34m1
[0m[0;34m1[0;34m0[0;34mS[0;34m0[0;34m1
[0m[0;34m1[0;34m0[0;34m0[0;34m0[0;34m1
[0m[0;34m1[0;34m0[0;34m0[0;34m0[0;34m1
[0m[0;34m1[0;34m0[0;34m0[0;34m0[0;34m1
[0m[0;34m1[0;34m1[0;34m0[0;34m0[0;34m1
[0m[0;34m1[0;34m0[0;34m0[0;34m0[0;34m1
[0m[0;34m1[0;34m0[0;34m0[0;34m0[0;34m1
[0m[0;34m1[0;34m0[0;34m0[0;34m0[0;34m1
[0m[0;34m1[0;34m0[0;34m0[0;34m0[0;34m1
[0m[0;34m1[0;34m0[0;34m0[0;34m0[0;34m1
[0m[0;34m1[0;34m1[0;34m1[0;34m1[0;34m1
[0mExit code: 0
‚ö†Ô∏è No Valgrind alerts, but with leaks[0m  
==7720== Memcheck, a memory error detector
==7720== Copyright (C) 2002-2022, and GNU GPL'd, by Julian Seward et al.
==7720== Using Valgrind-3.22.0 and LibVEX; rerun with -h for copyright info
==7720== Command: ./cub3d ./maps/bad/textures_forbidden.cub
==7720== Parent PID: 7584
==7720== 
==7720== 
==7720== HEAP SUMMARY:
==7720==     in use at exit: 904 bytes in 54 blocks
==7720==   total heap usage: 146 allocs, 92 frees, 8,195 bytes allocated
==7720== 
==7720== LEAK SUMMARY:
==7720==    definitely lost: 569 bytes in 14 blocks
==7720==    indirectly lost: 335 bytes in 40 blocks
==7720==      possibly lost: 0 bytes in 0 blocks
==7720==    still reachable: 0 bytes in 0 blocks
==7720==         suppressed: 0 bytes in 0 blocks
==7720== Rerun with --leak-check=full to see details of leaked memory
==7720== 
==7720== For lists of detected and suppressed errors, rerun with: -s
==7720== ERROR SUMMARY: 0 errors from 0 contexts (suppressed: 0 from 0)
Running valgrind on ./maps/bad/textures_invalid.cub...

[0;32m[Debug info]üõ†Ô∏è  Map info üîç
[0m[0;32m[Debug info] - Map width:[0m5
[0;32m[Debug info] - Map height:[0m13
[0;32m[Debug info]üõ†Ô∏è  Starting player position info üîç
[0m[0;32m[Debug info] - Player X:[0m2
[0;32m[Debug info] - Player Y:[0m2
[0;32m[Debug info] - Player Direction:[0mS
[0;32m[Debug info]üõ†Ô∏è  Colors info c:  üîç
[0m[0;32m[Debug info]üõ†Ô∏è  Colors info f:  üîç
[0m[0;32m[Debug info]üõ†Ô∏è  Textures info:  üîç
[0m[0;32m[Debug info] texture:[0mtextures/test/north.xpm
[0;32m[Debug info] texture:[0mtextures/test/south.xpm
[0;32m[Debug info] texture:[0mtextures/test/x
[0;32m[Debug info] texture:[0mtextures/test/east.xpm
[0;34mN[0;34mO[0;34m [0;34mt[0;34me[0;34mx[0;34mt[0;34mu[0;34mr[0;34me[0;34ms[0;34m/[0;34mt[0;34me[0;34ms[0;34mt[0;34m/[0;34mn[0;34mo[0;34mr[0;34mt[0;34mh[0;34m.[0;34mx[0;34mp[0;34mm
[0m[0;34mS[0;34mO[0;34m [0;34mt[0;34me[0;34mx[0;34mt[0;34mu[0;34mr[0;34me[0;34ms[0;34m/[0;34mt[0;34me[0;34ms[0;34mt[0;34m/[0;34ms[0;34mo[0;34mu[0;34mt[0;34mh[0;34m.[0;34mx[0;34mp[0;34mm
[0m[0;34mW[0;34mE[0;34m [0;34mt[0;34me[0;34mx[0;34mt[0;34mu[0;34mr[0;34me[0;34ms[0;34m/[0;34mt[0;34me[0;34ms[0;34mt[0;34m/[0;34mx
[0m[0;34mE[0;34mA[0;34m [0;34mt[0;34me[0;34mx[0;34mt[0;34mu[0;34mr[0;34me[0;34ms[0;34m/[0;34mt[0;34me[0;34ms[0;34mt[0;34m/[0;34me[0;34ma[0;34ms[0;34mt[0;34m.[0;34mx[0;34mp[0;34mm
[0m
[0m[0;34mF[0;34m [0;34m2[0;34m0[0;34m,[0;34m2[0;34m0[0;34m,[0;34m2[0;34m0
[0m[0;34mC[0;34m [0;34m2[0;34m0[0;34m0[0;34m,[0;34m2[0;34m0[0;34m0[0;34m,[0;34m2[0;34m0[0;34m0
[0m
[0m[0;34m1[0;34m1[0;34m1[0;34m1[0;34m1
[0m[0;34m1[0;34m0[0;34m0[0;34m0[0;34m1
[0m[0;34m1[0;34m0[0;34mS[0;34m0[0;34m1
[0m[0;34m1[0;34m0[0;34m0[0;34m0[0;34m1
[0m[0;34m1[0;34m0[0;34m0[0;34m0[0;34m1
[0m[0;34m1[0;34m0[0;34m0[0;34m0[0;34m1
[0m[0;34m1[0;34m1[0;34m0[0;34m0[0;34m1
[0m[0;34m1[0;34m0[0;34m0[0;34m0[0;34m1
[0m[0;34m1[0;34m0[0;34m0[0;34m0[0;34m1
[0m[0;34m1[0;34m0[0;34m0[0;34m0[0;34m1
[0m[0;34m1[0;34m0[0;34m0[0;34m0[0;34m1
[0m[0;34m1[0;34m0[0;34m0[0;34m0[0;34m1
[0m[0;34m1[0;34m1[0;34m1[0;34m1[0;34m1
[0m[0;34m2[0;34m0[0;34m0
[0m[0;34m2[0;34m0[0;34m0
[0m[0;34m2[0;34m0[0;34m0
[0m[0;34m2[0;34m0
[0m[0;34m2[0;34m0
[0m[0;34m2[0;34m0
[0m[0;34m1[0;34m1[0;34m1[0;34m1[0;34m1
[0m[0;34m1[0;34m0[0;34m0[0;34m0[0;34m1
[0m[0;34m1[0;34m0[0;34mS[0;34m0[0;34m1
[0m[0;34m1[0;34m0[0;34m0[0;34m0[0;34m1
[0m[0;34m1[0;34m0[0;34m0[0;34m0[0;34m1
[0m[0;34m1[0;34m0[0;34m0[0;34m0[0;34m1
[0m[0;34m1[0;34m1[0;34m0[0;34m0[0;34m1
[0m[0;34m1[0;34m0[0;34m0[0;34m0[0;34m1
[0m[0;34m1[0;34m0[0;34m0[0;34m0[0;34m1
[0m[0;34m1[0;34m0[0;34m0[0;34m0[0;34m1
[0m[0;34m1[0;34m0[0;34m0[0;34m0[0;34m1
[0m[0;34m1[0;34m0[0;34m0[0;34m0[0;34m1
[0m[0;34m1[0;34m1[0;34m1[0;34m1[0;34m1
[0mExit code: 0
‚ö†Ô∏è No Valgrind alerts, but with leaks[0m  
==7723== Memcheck, a memory error detector
==7723== Copyright (C) 2002-2022, and GNU GPL'd, by Julian Seward et al.
==7723== Using Valgrind-3.22.0 and LibVEX; rerun with -h for copyright info
==7723== Command: ./cub3d ./maps/bad/textures_invalid.cub
==7723== Parent PID: 7584
==7723== 
==7723== 
==7723== HEAP SUMMARY:
==7723==     in use at exit: 871 bytes in 54 blocks
==7723==   total heap usage: 146 allocs, 92 frees, 8,196 bytes allocated
==7723== 
==7723== LEAK SUMMARY:
==7723==    definitely lost: 547 bytes in 14 blocks
==7723==    indirectly lost: 324 bytes in 40 blocks
==7723==      possibly lost: 0 bytes in 0 blocks
==7723==    still reachable: 0 bytes in 0 blocks
==7723==         suppressed: 0 bytes in 0 blocks
==7723== Rerun with --leak-check=full to see details of leaked memory
==7723== 
==7723== For lists of detected and suppressed errors, rerun with: -s
==7723== ERROR SUMMARY: 0 errors from 0 contexts (suppressed: 0 from 0)
Running valgrind on ./maps/bad/textures_missing.cub...

[0;31m Error:[Texture] textures are not complete
[0m [0;34mS[0;34mO[0;34m [0;34mt[0;34me[0;34mx[0;34mt[0;34mu[0;34mr[0;34me[0;34ms[0;34m/[0;34mt[0;34me[0;34ms[0;34mt[0;34m/[0;34ms[0;34mo[0;34mu[0;34mt[0;34mh[0;34m.[0;34mx[0;34mp[0;34mm
[0m[0;34mW[0;34mE[0;34m [0;34mt[0;34me[0;34mx[0;34mt[0;34mu[0;34mr[0;34me[0;34ms[0;34m/[0;34mt[0;34me[0;34ms[0;34mt[0;34m/[0;34mw[0;34me[0;34ms[0;34mt[0;34m.[0;34mx[0;34mp[0;34mm
[0m[0;34mE[0;34mA[0;34m [0;34mt[0;34me[0;34mx[0;34mt[0;34mu[0;34mr[0;34me[0;34ms[0;34m/[0;34mt[0;34me[0;34ms[0;34mt[0;34m/[0;34me[0;34ma[0;34ms[0;34mt[0;34m.[0;34mx[0;34mp[0;34mm
[0m
[0m[0;34mF[0;34m [0;34m2[0;34m0[0;34m,[0;34m2[0;34m0[0;34m,[0;34m2[0;34m0
[0m[0;34mC[0;34m [0;34m2[0;34m0[0;34m0[0;34m,[0;34m2[0;34m0[0;34m0[0;34m,[0;34m2[0;34m0[0;34m0
[0m
[0m[0;34m1[0;34m1[0;34m1[0;34m1[0;34m1
[0m[0;34m1[0;34m0[0;34m0[0;34m0[0;34m1
[0m[0;34m1[0;34m0[0;34mS[0;34m0[0;34m1
[0m[0;34m1[0;34m0[0;34m0[0;34m0[0;34m1
[0m[0;34m1[0;34m0[0;34m0[0;34m0[0;34m1
[0m[0;34m1[0;34m0[0;34m0[0;34m0[0;34m1
[0m[0;34m1[0;34m1[0;34m0[0;34m0[0;34m1
[0m[0;34m1[0;34m0[0;34m0[0;34m0[0;34m1
[0m[0;34m1[0;34m0[0;34m0[0;34m0[0;34m1
[0m[0;34m1[0;34m0[0;34m0[0;34m0[0;34m1
[0m[0;34m1[0;34m0[0;34m0[0;34m0[0;34m1
[0m[0;34m1[0;34m0[0;34m0[0;34m0[0;34m1
[0m[0;34m1[0;34m1[0;34m1[0;34m1[0;34m1
[0mExit code: 1
‚ö†Ô∏è No Valgrind alerts, but with leaks[0m  
==7726== Memcheck, a memory error detector
==7726== Copyright (C) 2002-2022, and GNU GPL'd, by Julian Seward et al.
==7726== Using Valgrind-3.22.0 and LibVEX; rerun with -h for copyright info
==7726== Command: ./cub3d ./maps/bad/textures_missing.cub
==7726== Parent PID: 7584
==7726== 
==7726== 
==7726== HEAP SUMMARY:
==7726==     in use at exit: 702 bytes in 41 blocks
==7726==   total heap usage: 127 allocs, 86 frees, 7,748 bytes allocated
==7726== 
==7726== LEAK SUMMARY:
==7726==    definitely lost: 420 bytes in 8 blocks
==7726==    indirectly lost: 282 bytes in 33 blocks
==7726==      possibly lost: 0 bytes in 0 blocks
==7726==    still reachable: 0 bytes in 0 blocks
==7726==         suppressed: 0 bytes in 0 blocks
==7726== Rerun with --leak-check=full to see details of leaked memory
==7726== 
==7726== For lists of detected and suppressed errors, rerun with: -s
==7726== ERROR SUMMARY: 0 errors from 0 contexts (suppressed: 0 from 0)
Running valgrind on ./maps/bad/textures_none.cub...

[0;31m Error:[Texture] textures are not complete
[0m [0;34mF[0;34m [0;34m2[0;34m0[0;34m,[0;34m2[0;34m0[0;34m,[0;34m2[0;34m0
[0m[0;34mC[0;34m [0;34m2[0;34m0[0;34m0[0;34m,[0;34m2[0;34m0[0;34m0[0;34m,[0;34m2[0;34m0[0;34m0
[0m
[0m[0;34m1[0;34m1[0;34m1[0;34m1[0;34m1
[0m[0;34m1[0;34m0[0;34m0[0;34m0[0;34m1
[0m[0;34m1[0;34m0[0;34mS[0;34m0[0;34m1
[0m[0;34m1[0;34m0[0;34m0[0;34m0[0;34m1
[0m[0;34m1[0;34m0[0;34m0[0;34m0[0;34m1
[0m[0;34m1[0;34m0[0;34m0[0;34m0[0;34m1
[0m[0;34m1[0;34m1[0;34m0[0;34m0[0;34m1
[0m[0;34m1[0;34m0[0;34m0[0;34m0[0;34m1
[0m[0;34m1[0;34m0[0;34m0[0;34m0[0;34m1
[0m[0;34m1[0;34m0[0;34m0[0;34m0[0;34m1
[0m[0;34m1[0;34m0[0;34m0[0;34m0[0;34m1
[0m[0;34m1[0;34m0[0;34m0[0;34m0[0;34m1
[0m[0;34m1[0;34m1[0;34m1[0;34m1[0;34m1
[0mExit code: 1
‚ö†Ô∏è No Valgrind alerts, but with leaks[0m  
==7729== Memcheck, a memory error detector
==7729== Copyright (C) 2002-2022, and GNU GPL'd, by Julian Seward et al.
==7729== Using Valgrind-3.22.0 and LibVEX; rerun with -h for copyright info
==7729== Command: ./cub3d ./maps/bad/textures_none.cub
==7729== Parent PID: 7584
==7729== 
==7729== 
==7729== HEAP SUMMARY:
==7729==     in use at exit: 446 bytes in 31 blocks
==7729==   total heap usage: 102 allocs, 71 frees, 6,634 bytes allocated
==7729== 
==7729== LEAK SUMMARY:
==7729==    definitely lost: 248 bytes in 2 blocks
==7729==    indirectly lost: 198 bytes in 29 blocks
==7729==      possibly lost: 0 bytes in 0 blocks
==7729==    still reachable: 0 bytes in 0 blocks
==7729==         suppressed: 0 bytes in 0 blocks
==7729== Rerun with --leak-check=full to see details of leaked memory
==7729== 
==7729== For lists of detected and suppressed errors, rerun with: -s
==7729== ERROR SUMMARY: 0 errors from 0 contexts (suppressed: 0 from 0)
Running valgrind on ./maps/bad/textures_not_xpm.cub...

[0;32m[Debug info]üõ†Ô∏è  Map info üîç
[0m[0;32m[Debug info] - Map width:[0m5
[0;32m[Debug info] - Map height:[0m13
[0;32m[Debug info]üõ†Ô∏è  Starting player position info üîç
[0m[0;32m[Debug info] - Player X:[0m2
[0;32m[Debug info] - Player Y:[0m2
[0;32m[Debug info] - Player Direction:[0mS
[0;32m[Debug info]üõ†Ô∏è  Colors info c:  üîç
[0m[0;32m[Debug info]üõ†Ô∏è  Colors info f:  üîç
[0m[0;32m[Debug info]üõ†Ô∏è  Textures info:  üîç
[0m[0;32m[Debug info] texture:[0mtextures/test/north
[0;32m[Debug info] texture:[0mtextures/test/south.xpm
[0;32m[Debug info] texture:[0mtextures/test/west.xpm
[0;32m[Debug info] texture:[0mtextures/test/east.xpm
[0;34mN[0;34mO[0;34m [0;34mt[0;34me[0;34mx[0;34mt[0;34mu[0;34mr[0;34me[0;34ms[0;34m/[0;34mt[0;34me[0;34ms[0;34mt[0;34m/[0;34mn[0;34mo[0;34mr[0;34mt[0;34mh
[0m[0;34mS[0;34mO[0;34m [0;34mt[0;34me[0;34mx[0;34mt[0;34mu[0;34mr[0;34me[0;34ms[0;34m/[0;34mt[0;34me[0;34ms[0;34mt[0;34m/[0;34ms[0;34mo[0;34mu[0;34mt[0;34mh[0;34m.[0;34mx[0;34mp[0;34mm
[0m[0;34mW[0;34mE[0;34m [0;34mt[0;34me[0;34mx[0;34mt[0;34mu[0;34mr[0;34me[0;34ms[0;34m/[0;34mt[0;34me[0;34ms[0;34mt[0;34m/[0;34mw[0;34me[0;34ms[0;34mt[0;34m.[0;34mx[0;34mp[0;34mm
[0m[0;34mE[0;34mA[0;34m [0;34mt[0;34me[0;34mx[0;34mt[0;34mu[0;34mr[0;34me[0;34ms[0;34m/[0;34mt[0;34me[0;34ms[0;34mt[0;34m/[0;34me[0;34ma[0;34ms[0;34mt[0;34m.[0;34mx[0;34mp[0;34mm
[0m
[0m[0;34mF[0;34m [0;34m2[0;34m0[0;34m,[0;34m2[0;34m0[0;34m,[0;34m2[0;34m0
[0m[0;34mC[0;34m [0;34m2[0;34m0[0;34m0[0;34m,[0;34m2[0;34m0[0;34m0[0;34m,[0;34m2[0;34m0[0;34m0
[0m
[0m[0;34m1[0;34m1[0;34m1[0;34m1[0;34m1
[0m[0;34m1[0;34m0[0;34m0[0;34m0[0;34m1
[0m[0;34m1[0;34m0[0;34mS[0;34m0[0;34m1
[0m[0;34m1[0;34m0[0;34m0[0;34m0[0;34m1
[0m[0;34m1[0;34m0[0;34m0[0;34m0[0;34m1
[0m[0;34m1[0;34m0[0;34m0[0;34m0[0;34m1
[0m[0;34m1[0;34m1[0;34m0[0;34m0[0;34m1
[0m[0;34m1[0;34m0[0;34m0[0;34m0[0;34m1
[0m[0;34m1[0;34m0[0;34m0[0;34m0[0;34m1
[0m[0;34m1[0;34m0[0;34m0[0;34m0[0;34m1
[0m[0;34m1[0;34m0[0;34m0[0;34m0[0;34m1
[0m[0;34m1[0;34m0[0;34m0[0;34m0[0;34m1
[0m[0;34m1[0;34m1[0;34m1[0;34m1[0;34m1
[0m[0;34m2[0;34m0[0;34m0
[0m[0;34m2[0;34m0[0;34m0
[0m[0;34m2[0;34m0[0;34m0
[0m[0;34m2[0;34m0
[0m[0;34m2[0;34m0
[0m[0;34m2[0;34m0
[0m[0;34m1[0;34m1[0;34m1[0;34m1[0;34m1
[0m[0;34m1[0;34m0[0;34m0[0;34m0[0;34m1
[0m[0;34m1[0;34m0[0;34mS[0;34m0[0;34m1
[0m[0;34m1[0;34m0[0;34m0[0;34m0[0;34m1
[0m[0;34m1[0;34m0[0;34m0[0;34m0[0;34m1
[0m[0;34m1[0;34m0[0;34m0[0;34m0[0;34m1
[0m[0;34m1[0;34m1[0;34m0[0;34m0[0;34m1
[0m[0;34m1[0;34m0[0;34m0[0;34m0[0;34m1
[0m[0;34m1[0;34m0[0;34m0[0;34m0[0;34m1
[0m[0;34m1[0;34m0[0;34m0[0;34m0[0;34m1
[0m[0;34m1[0;34m0[0;34m0[0;34m0[0;34m1
[0m[0;34m1[0;34m0[0;34m0[0;34m0[0;34m1
[0m[0;34m1[0;34m1[0;34m1[0;34m1[0;34m1
[0mExit code: 0
‚ö†Ô∏è No Valgrind alerts, but with leaks[0m  
==7745== Memcheck, a memory error detector
==7745== Copyright (C) 2002-2022, and GNU GPL'd, by Julian Seward et al.
==7745== Using Valgrind-3.22.0 and LibVEX; rerun with -h for copyright info
==7745== Command: ./cub3d ./maps/bad/textures_not_xpm.cub
==7745== Parent PID: 7584
==7745== 
==7745== 
==7745== HEAP SUMMARY:
==7745==     in use at exit: 880 bytes in 54 blocks
==7745==   total heap usage: 146 allocs, 92 frees, 8,192 bytes allocated
==7745== 
==7745== LEAK SUMMARY:
==7745==    definitely lost: 553 bytes in 14 blocks
==7745==    indirectly lost: 327 bytes in 40 blocks
==7745==      possibly lost: 0 bytes in 0 blocks
==7745==    still reachable: 0 bytes in 0 blocks
==7745==         suppressed: 0 bytes in 0 blocks
==7745== Rerun with --leak-check=full to see details of leaked memory
==7745== 
==7745== For lists of detected and suppressed errors, rerun with: -s
==7745== ERROR SUMMARY: 0 errors from 0 contexts (suppressed: 0 from 0)
Running valgrind on ./maps/bad/wall_hole_east.cub...

[0;31m Error:[Walls check] incorrect vertical walls 
[0m [0;34mN[0;34mO[0;34m [0;34mt[0;34me[0;34mx[0;34mt[0;34mu[0;34mr[0;34me[0;34ms[0;34m/[0;34mt[0;34me[0;34ms[0;34mt[0;34m/[0;34mn[0;34mo[0;34mr[0;34mt[0;34mh[0;34m.[0;34mx[0;34mp[0;34mm
[0m[0;34mS[0;34mO[0;34m [0;34mt[0;34me[0;34mx[0;34mt[0;34mu[0;34mr[0;34me[0;34ms[0;34m/[0;34mt[0;34me[0;34ms[0;34mt[0;34m/[0;34ms[0;34mo[0;34mu[0;34mt[0;34mh[0;34m.[0;34mx[0;34mp[0;34mm
[0m[0;34mW[0;34mE[0;34m [0;34mt[0;34me[0;34mx[0;34mt[0;34mu[0;34mr[0;34me[0;34ms[0;34m/[0;34mt[0;34me[0;34ms[0;34mt[0;34m/[0;34mw[0;34me[0;34ms[0;34mt[0;34m.[0;34mx[0;34mp[0;34mm
[0m[0;34mE[0;34mA[0;34m [0;34mt[0;34me[0;34mx[0;34mt[0;34mu[0;34mr[0;34me[0;34ms[0;34m/[0;34mt[0;34me[0;34ms[0;34mt[0;34m/[0;34me[0;34ma[0;34ms[0;34mt[0;34m.[0;34mx[0;34mp[0;34mm
[0m
[0m[0;34mF[0;34m [0;34m2[0;34m0[0;34m,[0;34m2[0;34m0[0;34m,[0;34m2[0;34m0
[0m[0;34mC[0;34m [0;34m2[0;34m0[0;34m0[0;34m,[0;34m2[0;34m0[0;34m0[0;34m,[0;34m2[0;34m0[0;34m0
[0m
[0m[0;34m1[0;34m1[0;34m1[0;34m1[0;34m1
[0m[0;34m1[0;34m0[0;34m0[0;34m0[0;34m1
[0m[0;34m1[0;34m0[0;34mS[0;34m0[0;34m1
[0m[0;34m1[0;34m0[0;34m0[0;34m0[0;34m1
[0m[0;34m1[0;34m0[0;34m0[0;34m0[0;34m1
[0m[0;34m1[0;34m0[0;34m0[0;34m0[0;34m1
[0m[0;34m1[0;34m1[0;34m0[0;34m0[0;34m0
[0m[0;34m1[0;34m0[0;34m0[0;34m0[0;34m1
[0m[0;34m1[0;34m0[0;34m0[0;34m0[0;34m1
[0m[0;34m1[0;34m0[0;34m0[0;34m0[0;34m1
[0m[0;34m1[0;34m0[0;34m0[0;34m0[0;34m1
[0m[0;34m1[0;34m0[0;34m0[0;34m0[0;34m1
[0m[0;34m1[0;34m1[0;34m1[0;34m1[0;34m1
[0mExit code: 1
‚ö†Ô∏è No Valgrind alerts, but with leaks[0m  
==7748== Memcheck, a memory error detector
==7748== Copyright (C) 2002-2022, and GNU GPL'd, by Julian Seward et al.
==7748== Using Valgrind-3.22.0 and LibVEX; rerun with -h for copyright info
==7748== Command: ./cub3d ./maps/bad/wall_hole_east.cub
==7748== Parent PID: 7584
==7748== 
==7748== 
==7748== HEAP SUMMARY:
==7748==     in use at exit: 598 bytes in 36 blocks
==7748==   total heap usage: 126 allocs, 90 frees, 7,925 bytes allocated
==7748== 
==7748== LEAK SUMMARY:
==7748==    definitely lost: 288 bytes in 2 blocks
==7748==    indirectly lost: 310 bytes in 34 blocks
==7748==      possibly lost: 0 bytes in 0 blocks
==7748==    still reachable: 0 bytes in 0 blocks
==7748==         suppressed: 0 bytes in 0 blocks
==7748== Rerun with --leak-check=full to see details of leaked memory
==7748== 
==7748== For lists of detected and suppressed errors, rerun with: -s
==7748== ERROR SUMMARY: 0 errors from 0 contexts (suppressed: 0 from 0)
Running valgrind on ./maps/bad/wall_hole_north.cub...

[0;31m Error:[Walls check] incorrect horizontal walls
[0m [0;34mN[0;34mO[0;34m [0;34mt[0;34me[0;34mx[0;34mt[0;34mu[0;34mr[0;34me[0;34ms[0;34m/[0;34mt[0;34me[0;34ms[0;34mt[0;34m/[0;34mn[0;34mo[0;34mr[0;34mt[0;34mh[0;34m.[0;34mx[0;34mp[0;34mm
[0m[0;34mS[0;34mO[0;34m [0;34mt[0;34me[0;34mx[0;34mt[0;34mu[0;34mr[0;34me[0;34ms[0;34m/[0;34mt[0;34me[0;34ms[0;34mt[0;34m/[0;34ms[0;34mo[0;34mu[0;34mt[0;34mh[0;34m.[0;34mx[0;34mp[0;34mm
[0m[0;34mW[0;34mE[0;34m [0;34mt[0;34me[0;34mx[0;34mt[0;34mu[0;34mr[0;34me[0;34ms[0;34m/[0;34mt[0;34me[0;34ms[0;34mt[0;34m/[0;34mw[0;34me[0;34ms[0;34mt[0;34m.[0;34mx[0;34mp[0;34mm
[0m[0;34mE[0;34mA[0;34m [0;34mt[0;34me[0;34mx[0;34mt[0;34mu[0;34mr[0;34me[0;34ms[0;34m/[0;34mt[0;34me[0;34ms[0;34mt[0;34m/[0;34me[0;34ma[0;34ms[0;34mt[0;34m.[0;34mx[0;34mp[0;34mm
[0m
[0m[0;34mF[0;34m [0;34m2[0;34m0[0;34m,[0;34m2[0;34m0[0;34m,[0;34m2[0;34m0
[0m[0;34mC[0;34m [0;34m2[0;34m0[0;34m0[0;34m,[0;34m2[0;34m0[0;34m0[0;34m,[0;34m2[0;34m0[0;34m0
[0m
[0m[0;34m1[0;34m1[0;34m0[0;34m1[0;34m1
[0m[0;34m1[0;34m0[0;34m0[0;34m0[0;34m1
[0m[0;34m1[0;34m0[0;34mS[0;34m0[0;34m1
[0m[0;34m1[0;34m0[0;34m0[0;34m0[0;34m1
[0m[0;34m1[0;34m0[0;34m0[0;34m0[0;34m1
[0m[0;34m1[0;34m0[0;34m0[0;34m0[0;34m1
[0m[0;34m1[0;34m1[0;34m0[0;34m0[0;34m1
[0m[0;34m1[0;34m0[0;34m0[0;34m0[0;34m1
[0m[0;34m1[0;34m0[0;34m0[0;34m0[0;34m1
[0m[0;34m1[0;34m0[0;34m0[0;34m0[0;34m1
[0m[0;34m1[0;34m0[0;34m0[0;34m0[0;34m1
[0m[0;34m1[0;34m0[0;34m0[0;34m0[0;34m1
[0m[0;34m1[0;34m1[0;34m1[0;34m1[0;34m1
[0mExit code: 1
‚ö†Ô∏è No Valgrind alerts, but with leaks[0m  
==7762== Memcheck, a memory error detector
==7762== Copyright (C) 2002-2022, and GNU GPL'd, by Julian Seward et al.
==7762== Using Valgrind-3.22.0 and LibVEX; rerun with -h for copyright info
==7762== Command: ./cub3d ./maps/bad/wall_hole_north.cub
==7762== Parent PID: 7584
==7762== 
==7762== 
==7762== HEAP SUMMARY:
==7762==     in use at exit: 598 bytes in 36 blocks
==7762==   total heap usage: 126 allocs, 90 frees, 7,925 bytes allocated
==7762== 
==7762== LEAK SUMMARY:
==7762==    definitely lost: 288 bytes in 2 blocks
==7762==    indirectly lost: 310 bytes in 34 blocks
==7762==      possibly lost: 0 bytes in 0 blocks
==7762==    still reachable: 0 bytes in 0 blocks
==7762==         suppressed: 0 bytes in 0 blocks
==7762== Rerun with --leak-check=full to see details of leaked memory
==7762== 
==7762== For lists of detected and suppressed errors, rerun with: -s
==7762== ERROR SUMMARY: 0 errors from 0 contexts (suppressed: 0 from 0)
Running valgrind on ./maps/bad/wall_hole_south.cub...

[0;31m Error:[Walls check] incorrect horizontal walls
[0m [0;34mN[0;34mO[0;34m [0;34mt[0;34me[0;34mx[0;34mt[0;34mu[0;34mr[0;34me[0;34ms[0;34m/[0;34mt[0;34me[0;34ms[0;34mt[0;34m/[0;34mn[0;34mo[0;34mr[0;34mt[0;34mh[0;34m.[0;34mx[0;34mp[0;34mm
[0m[0;34mS[0;34mO[0;34m [0;34mt[0;34me[0;34mx[0;34mt[0;34mu[0;34mr[0;34me[0;34ms[0;34m/[0;34mt[0;34me[0;34ms[0;34mt[0;34m/[0;34ms[0;34mo[0;34mu[0;34mt[0;34mh[0;34m.[0;34mx[0;34mp[0;34mm
[0m[0;34mW[0;34mE[0;34m [0;34mt[0;34me[0;34mx[0;34mt[0;34mu[0;34mr[0;34me[0;34ms[0;34m/[0;34mt[0;34me[0;34ms[0;34mt[0;34m/[0;34mw[0;34me[0;34ms[0;34mt[0;34m.[0;34mx[0;34mp[0;34mm
[0m[0;34mE[0;34mA[0;34m [0;34mt[0;34me[0;34mx[0;34mt[0;34mu[0;34mr[0;34me[0;34ms[0;34m/[0;34mt[0;34me[0;34ms[0;34mt[0;34m/[0;34me[0;34ma[0;34ms[0;34mt[0;34m.[0;34mx[0;34mp[0;34mm
[0m
[0m[0;34mF[0;34m [0;34m2[0;34m0[0;34m,[0;34m2[0;34m0[0;34m,[0;34m2[0;34m0
[0m[0;34mC[0;34m [0;34m2[0;34m0[0;34m0[0;34m,[0;34m2[0;34m0[0;34m0[0;34m,[0;34m2[0;34m0[0;34m0
[0m
[0m[0;34m1[0;34m1[0;34m1[0;34m1[0;34m1
[0m[0;34m1[0;34m0[0;34m0[0;34m0[0;34m1
[0m[0;34m1[0;34m0[0;34mS[0;34m0[0;34m1
[0m[0;34m1[0;34m0[0;34m0[0;34m0[0;34m1
[0m[0;34m1[0;34m0[0;34m0[0;34m0[0;34m1
[0m[0;34m1[0;34m0[0;34m0[0;34m0[0;34m1
[0m[0;34m1[0;34m1[0;34m0[0;34m0[0;34m1
[0m[0;34m1[0;34m0[0;34m0[0;34m0[0;34m1
[0m[0;34m1[0;34m0[0;34m0[0;34m0[0;34m1
[0m[0;34m1[0;34m0[0;34m0[0;34m0[0;34m1
[0m[0;34m1[0;34m0[0;34m0[0;34m0[0;34m1
[0m[0;34m1[0;34m0[0;34m0[0;34m0[0;34m1
[0m[0;34m1[0;34m1[0;34m0[0;34m1[0;34m1
[0mExit code: 1
‚ö†Ô∏è No Valgrind alerts, but with leaks[0m  
==7765== Memcheck, a memory error detector
==7765== Copyright (C) 2002-2022, and GNU GPL'd, by Julian Seward et al.
==7765== Using Valgrind-3.22.0 and LibVEX; rerun with -h for copyright info
==7765== Command: ./cub3d ./maps/bad/wall_hole_south.cub
==7765== Parent PID: 7584
==7765== 
==7765== 
==7765== HEAP SUMMARY:
==7765==     in use at exit: 598 bytes in 36 blocks
==7765==   total heap usage: 126 allocs, 90 frees, 7,925 bytes allocated
==7765== 
==7765== LEAK SUMMARY:
==7765==    definitely lost: 288 bytes in 2 blocks
==7765==    indirectly lost: 310 bytes in 34 blocks
==7765==      possibly lost: 0 bytes in 0 blocks
==7765==    still reachable: 0 bytes in 0 blocks
==7765==         suppressed: 0 bytes in 0 blocks
==7765== Rerun with --leak-check=full to see details of leaked memory
==7765== 
==7765== For lists of detected and suppressed errors, rerun with: -s
==7765== ERROR SUMMARY: 0 errors from 0 contexts (suppressed: 0 from 0)
Running valgrind on ./maps/bad/wall_hole_west.cub...

[0;31m Error:[Map check in file] Invalid map placement or format
[0m [0;34mN[0;34mO[0;34m [0;34mt[0;34me[0;34mx[0;34mt[0;34mu[0;34mr[0;34me[0;34ms[0;34m/[0;34mt[0;34me[0;34ms[0;34mt[0;34m/[0;34mn[0;34mo[0;34mr[0;34mt[0;34mh[0;34m.[0;34mx[0;34mp[0;34mm
[0m[0;34mS[0;34mO[0;34m [0;34mt[0;34me[0;34mx[0;34mt[0;34mu[0;34mr[0;34me[0;34ms[0;34m/[0;34mt[0;34me[0;34ms[0;34mt[0;34m/[0;34ms[0;34mo[0;34mu[0;34mt[0;34mh[0;34m.[0;34mx[0;34mp[0;34mm
[0m[0;34mW[0;34mE[0;34m [0;34mt[0;34me[0;34mx[0;34mt[0;34mu[0;34mr[0;34me[0;34ms[0;34m/[0;34mt[0;34me[0;34ms[0;34mt[0;34m/[0;34mw[0;34me[0;34ms[0;34mt[0;34m.[0;34mx[0;34mp[0;34mm
[0m[0;34mE[0;34mA[0;34m [0;34mt[0;34me[0;34mx[0;34mt[0;34mu[0;34mr[0;34me[0;34ms[0;34m/[0;34mt[0;34me[0;34ms[0;34mt[0;34m/[0;34me[0;34ma[0;34ms[0;34mt[0;34m.[0;34mx[0;34mp[0;34mm
[0m
[0m[0;34mF[0;34m [0;34m2[0;34m0[0;34m,[0;34m2[0;34m0[0;34m,[0;34m2[0;34m0
[0m[0;34mC[0;34m [0;34m2[0;34m0[0;34m0[0;34m,[0;34m2[0;34m0[0;34m0[0;34m,[0;34m2[0;34m0[0;34m0
[0m
[0m[0;34m1[0;34m1[0;34m1[0;34m1[0;34m1
[0m[0;34m1[0;34m0[0;34m0[0;34m0[0;34m1
[0m[0;34m1[0;34m0[0;34mS[0;34m0[0;34m1
[0m[0;34m1[0;34m0[0;34m0[0;34m0[0;34m1
[0m[0;34m1[0;34m0[0;34m0[0;34m0[0;34m1
[0m[0;34m0[0;34m0[0;34m0[0;34m0[0;34m1
[0m[0;34m1[0;34m1[0;34m0[0;34m0[0;34m1
[0m[0;34m1[0;34m0[0;34m0[0;34m0[0;34m1
[0m[0;34m1[0;34m0[0;34m0[0;34m0[0;34m1
[0m[0;34m1[0;34m0[0;34m0[0;34m0[0;34m1
[0m[0;34m1[0;34m0[0;34m0[0;34m0[0;34m1
[0m[0;34m1[0;34m0[0;34m0[0;34m0[0;34m1
[0m[0;34m1[0;34m1[0;34m1[0;34m1[0;34m1
[0mExit code: 1
‚ö†Ô∏è No Valgrind alerts, but with leaks[0m  
==7768== Memcheck, a memory error detector
==7768== Copyright (C) 2002-2022, and GNU GPL'd, by Julian Seward et al.
==7768== Using Valgrind-3.22.0 and LibVEX; rerun with -h for copyright info
==7768== Command: ./cub3d ./maps/bad/wall_hole_west.cub
==7768== Parent PID: 7584
==7768== 
==7768== 
==7768== HEAP SUMMARY:
==7768==     in use at exit: 408 bytes in 22 blocks
==7768==   total heap usage: 99 allocs, 77 frees, 7,657 bytes allocated
==7768== 
==7768== LEAK SUMMARY:
==7768==    definitely lost: 176 bytes in 1 blocks
==7768==    indirectly lost: 232 bytes in 21 blocks
==7768==      possibly lost: 0 bytes in 0 blocks
==7768==    still reachable: 0 bytes in 0 blocks
==7768==         suppressed: 0 bytes in 0 blocks
==7768== Rerun with --leak-check=full to see details of leaked memory
==7768== 
==7768== For lists of detected and suppressed errors, rerun with: -s
==7768== ERROR SUMMARY: 0 errors from 0 contexts (suppressed: 0 from 0)
Running valgrind on ./maps/bad/wall_none.cub...

[0;31m Error:[Map start] No map or incorrect placement
[0m [0;34mN[0;34mO[0;34m [0;34mt[0;34me[0;34mx[0;34mt[0;34mu[0;34mr[0;34me[0;34ms[0;34m/[0;34mt[0;34me[0;34ms[0;34mt[0;34m/[0;34mn[0;34mo[0;34mr[0;34mt[0;34mh[0;34m.[0;34mx[0;34mp[0;34mm
[0m[0;34mS[0;34mO[0;34m [0;34mt[0;34me[0;34mx[0;34mt[0;34mu[0;34mr[0;34me[0;34ms[0;34m/[0;34mt[0;34me[0;34ms[0;34mt[0;34m/[0;34ms[0;34mo[0;34mu[0;34mt[0;34mh[0;34m.[0;34mx[0;34mp[0;34mm
[0m[0;34mW[0;34mE[0;34m [0;34mt[0;34me[0;34mx[0;34mt[0;34mu[0;34mr[0;34me[0;34ms[0;34m/[0;34mt[0;34me[0;34ms[0;34mt[0;34m/[0;34mw[0;34me[0;34ms[0;34mt[0;34m.[0;34mx[0;34mp[0;34mm
[0m[0;34mE[0;34mA[0;34m [0;34mt[0;34me[0;34mx[0;34mt[0;34mu[0;34mr[0;34me[0;34ms[0;34m/[0;34mt[0;34me[0;34ms[0;34mt[0;34m/[0;34me[0;34ma[0;34ms[0;34mt[0;34m.[0;34mx[0;34mp[0;34mm
[0m
[0m[0;34mF[0;34m [0;34m2[0;34m0[0;34m,[0;34m2[0;34m0[0;34m,[0;34m2[0;34m0
[0m[0;34mC[0;34m [0;34m2[0;34m0[0;34m0[0;34m,[0;34m2[0;34m0[0;34m0[0;34m,[0;34m2[0;34m0[0;34m0
[0m
[0m[0;34m0[0;34m0[0;34m0[0;34m0[0;34m0
[0m[0;34m0[0;34m0[0;34m0[0;34m0[0;34m0
[0m[0;34m0[0;34m0[0;34mS[0;34m0[0;34m0
[0m[0;34m0[0;34m0[0;34m0[0;34m0[0;34m0
[0m[0;34m0[0;34m0[0;34m0[0;34m0[0;34m0
[0m[0;34m0[0;34m0[0;34m0[0;34m0[0;34m0
[0m[0;34m0[0;34m0[0;34m0[0;34m0[0;34m0
[0m[0;34m0[0;34m0[0;34m0[0;34m0[0;34m0
[0m[0;34m0[0;34m0[0;34m0[0;34m0[0;34m0
[0m[0;34m0[0;34m0[0;34m0[0;34m0[0;34m0
[0m[0;34m0[0;34m0[0;34m0[0;34m0[0;34m0
[0m[0;34m0[0;34m0[0;34m0[0;34m0[0;34m0
[0m[0;34m0[0;34m0[0;34m0[0;34m0[0;34m0
[0mExit code: 1
‚ö†Ô∏è No Valgrind alerts, but with leaks[0m  
==7771== Memcheck, a memory error detector
==7771== Copyright (C) 2002-2022, and GNU GPL'd, by Julian Seward et al.
==7771== Using Valgrind-3.22.0 and LibVEX; rerun with -h for copyright info
==7771== Command: ./cub3d ./maps/bad/wall_none.cub
==7771== Parent PID: 7584
==7771== 
==7771== 
==7771== HEAP SUMMARY:
==7771==     in use at exit: 408 bytes in 22 blocks
==7771==   total heap usage: 99 allocs, 77 frees, 7,657 bytes allocated
==7771== 
==7771== LEAK SUMMARY:
==7771==    definitely lost: 176 bytes in 1 blocks
==7771==    indirectly lost: 232 bytes in 21 blocks
==7771==      possibly lost: 0 bytes in 0 blocks
==7771==    still reachable: 0 bytes in 0 blocks
==7771==         suppressed: 0 bytes in 0 blocks
==7771== Rerun with --leak-check=full to see details of leaked memory
==7771== 
==7771== For lists of detected and suppressed errors, rerun with: -s
==7771== ERROR SUMMARY: 0 errors from 0 contexts (suppressed: 0 from 0)
Valgrind tests completed. Results saved to test_output.txt.
Starting Valgrind tests...
Running valgrind on ./maps/bad/color_invalid_rgb.cub...

[0;31m Error:[Color] color number out of range
[0m [0;34mN[0;34mO[0;34m [0;34mt[0;34me[0;34mx[0;34mt[0;34mu[0;34mr[0;34me[0;34ms[0;34m/[0;34mt[0;34me[0;34ms[0;34mt[0;34m/[0;34mn[0;34mo[0;34mr[0;34mt[0;34mh[0;34m.[0;34mx[0;34mp[0;34mm
[0m[0;34mS[0;34mO[0;34m [0;34mt[0;34me[0;34mx[0;34mt[0;34mu[0;34mr[0;34me[0;34ms[0;34m/[0;34mt[0;34me[0;34ms[0;34mt[0;34m/[0;34ms[0;34mo[0;34mu[0;34mt[0;34mh[0;34m.[0;34mx[0;34mp[0;34mm
[0m[0;34mW[0;34mE[0;34m [0;34mt[0;34me[0;34mx[0;34mt[0;34mu[0;34mr[0;34me[0;34ms[0;34m/[0;34mt[0;34me[0;34ms[0;34mt[0;34m/[0;34mw[0;34me[0;34ms[0;34mt[0;34m.[0;34mx[0;34mp[0;34mm
[0m[0;34mE[0;34mA[0;34m [0;34mt[0;34me[0;34mx[0;34mt[0;34mu[0;34mr[0;34me[0;34ms[0;34m/[0;34mt[0;34me[0;34ms[0;34mt[0;34m/[0;34me[0;34ma[0;34ms[0;34mt[0;34m.[0;34mx[0;34mp[0;34mm
[0m
[0m[0;34mF[0;34m [0;34m2[0;34m0[0;34m,[0;34m2[0;34m0[0;34m,[0;34m-[0;34m2[0;34m0
[0m[0;34mC[0;34m [0;34m2[0;34m0[0;34m0[0;34m,[0;34m2[0;34m0[0;34m0[0;34m,[0;34m2[0;34m0[0;34m0
[0m
[0m[0;34m1[0;34m1[0;34m1[0;34m1[0;34m1
[0m[0;34m1[0;34m0[0;34m0[0;34m0[0;34m1
[0m[0;34m1[0;34m0[0;34mS[0;34m0[0;34m1
[0m[0;34m1[0;34m0[0;34m0[0;34m0[0;34m1
[0m[0;34m1[0;34m0[0;34m0[0;34m0[0;34m1
[0m[0;34m1[0;34m0[0;34m0[0;34m0[0;34m1
[0m[0;34m1[0;34m1[0;34m0[0;34m0[0;34m1
[0m[0;34m1[0;34m0[0;34m0[0;34m0[0;34m1
[0m[0;34m1[0;34m0[0;34m0[0;34m0[0;34m1
[0m[0;34m1[0;34m0[0;34m0[0;34m0[0;34m1
[0m[0;34m1[0;34m0[0;34m0[0;34m0[0;34m1
[0m[0;34m1[0;34m0[0;34m0[0;34m0[0;34m1
[0m[0;34m1[0;34m1[0;34m1[0;34m1[0;34m1
[0mExit code: 1
‚ö†Ô∏è No Valgrind alerts, but with leaks[0m  
==3407== Memcheck, a memory error detector
==3407== Copyright (C) 2002-2022, and GNU GPL'd, by Julian Seward et al.
==3407== Using Valgrind-3.22.0 and LibVEX; rerun with -h for copyright info
==3407== Command: ./cub3d ./maps/bad/color_invalid_rgb.cub
==3407== Parent PID: 3405
==3407== 
==3407== 
==3407== HEAP SUMMARY:
==3407==     in use at exit: 895 bytes in 54 blocks
==3407==   total heap usage: 146 allocs, 92 frees, 8,229 bytes allocated
==3407== 
==3407== LEAK SUMMARY:
==3407==    definitely lost: 562 bytes in 14 blocks
==3407==    indirectly lost: 333 bytes in 40 blocks
==3407==      possibly lost: 0 bytes in 0 blocks
==3407==    still reachable: 0 bytes in 0 blocks
==3407==         suppressed: 0 bytes in 0 blocks
==3407== Rerun with --leak-check=full to see details of leaked memory
==3407== 
==3407== For lists of detected and suppressed errors, rerun with: -s
==3407== ERROR SUMMARY: 0 errors from 0 contexts (suppressed: 0 from 0)
Running valgrind on ./maps/bad/color_missing_ceiling_rgb.cub...

[0;31m Error:[Color] incorrect numbers
[0m [0;34mN[0;34mO[0;34m [0;34mt[0;34me[0;34mx[0;34mt[0;34mu[0;34mr[0;34me[0;34ms[0;34m/[0;34mt[0;34me[0;34ms[0;34mt[0;34m/[0;34mn[0;34mo[0;34mr[0;34mt[0;34mh[0;34m.[0;34mx[0;34mp[0;34mm
[0m[0;34mS[0;34mO[0;34m [0;34mt[0;34me[0;34mx[0;34mt[0;34mu[0;34mr[0;34me[0;34ms[0;34m/[0;34mt[0;34me[0;34ms[0;34mt[0;34m/[0;34ms[0;34mo[0;34mu[0;34mt[0;34mh[0;34m.[0;34mx[0;34mp[0;34mm
[0m[0;34mW[0;34mE[0;34m [0;34mt[0;34me[0;34mx[0;34mt[0;34mu[0;34mr[0;34me[0;34ms[0;34m/[0;34mt[0;34me[0;34ms[0;34mt[0;34m/[0;34mw[0;34me[0;34ms[0;34mt[0;34m.[0;34mx[0;34mp[0;34mm
[0m[0;34mE[0;34mA[0;34m [0;34mt[0;34me[0;34mx[0;34mt[0;34mu[0;34mr[0;34me[0;34ms[0;34m/[0;34mt[0;34me[0;34ms[0;34mt[0;34m/[0;34me[0;34ma[0;34ms[0;34mt[0;34m.[0;34mx[0;34mp[0;34mm
[0m
[0m[0;34mF[0;34m [0;34m2[0;34m0[0;34m,[0;34m2[0;34m0[0;34m,[0;34m2[0;34m0
[0m[0;34mC[0;34m [0;34m2[0;34m0[0;34m0[0;34m,[0;34m2[0;34m0[0;34m0[0;34m,
[0m
[0m[0;34m1[0;34m1[0;34m1[0;34m1[0;34m1
[0m[0;34m1[0;34m0[0;34m0[0;34m0[0;34m1
[0m[0;34m1[0;34m0[0;34mS[0;34m0[0;34m1
[0m[0;34m1[0;34m0[0;34m0[0;34m0[0;34m1
[0m[0;34m1[0;34m0[0;34m0[0;34m0[0;34m1
[0m[0;34m1[0;34m0[0;34m0[0;34m0[0;34m1
[0m[0;34m1[0;34m1[0;34m0[0;34m0[0;34m1
[0m[0;34m1[0;34m0[0;34m0[0;34m0[0;34m1
[0m[0;34m1[0;34m0[0;34m0[0;34m0[0;34m1
[0m[0;34m1[0;34m0[0;34m0[0;34m0[0;34m1
[0m[0;34m1[0;34m0[0;34m0[0;34m0[0;34m1
[0m[0;34m1[0;34m0[0;34m0[0;34m0[0;34m1
[0m[0;34m1[0;34m1[0;34m1[0;34m1[0;34m1
[0mExit code: 1
‚ö†Ô∏è No Valgrind alerts, but with leaks[0m  
==3410== Memcheck, a memory error detector
==3410== Copyright (C) 2002-2022, and GNU GPL'd, by Julian Seward et al.
==3410== Using Valgrind-3.22.0 and LibVEX; rerun with -h for copyright info
==3410== Command: ./cub3d ./maps/bad/color_missing_ceiling_rgb.cub
==3410== Parent PID: 3405
==3410== 
==3410== 
==3410== HEAP SUMMARY:
==3410==     in use at exit: 874 bytes in 53 blocks
==3410==   total heap usage: 145 allocs, 92 frees, 8,176 bytes allocated
==3410== 
==3410== LEAK SUMMARY:
==3410==    definitely lost: 550 bytes in 14 blocks
==3410==    indirectly lost: 324 bytes in 39 blocks
==3410==      possibly lost: 0 bytes in 0 blocks
==3410==    still reachable: 0 bytes in 0 blocks
==3410==         suppressed: 0 bytes in 0 blocks
==3410== Rerun with --leak-check=full to see details of leaked memory
==3410== 
==3410== For lists of detected and suppressed errors, rerun with: -s
==3410== ERROR SUMMARY: 0 errors from 0 contexts (suppressed: 0 from 0)
Running valgrind on ./maps/bad/color_missing.cub...

[0;31m Error:[Color] colors are not complete
[0m [0;34mN[0;34mO[0;34m [0;34mt[0;34me[0;34mx[0;34mt[0;34mu[0;34mr[0;34me[0;34ms[0;34m/[0;34mt[0;34me[0;34ms[0;34mt[0;34m/[0;34mn[0;34mo[0;34mr[0;34mt[0;34mh[0;34m.[0;34mx[0;34mp[0;34mm
[0m[0;34mS[0;34mO[0;34m [0;34mt[0;34me[0;34mx[0;34mt[0;34mu[0;34mr[0;34me[0;34ms[0;34m/[0;34mt[0;34me[0;34ms[0;34mt[0;34m/[0;34ms[0;34mo[0;34mu[0;34mt[0;34mh[0;34m.[0;34mx[0;34mp[0;34mm
[0m[0;34mW[0;34mE[0;34m [0;34mt[0;34me[0;34mx[0;34mt[0;34mu[0;34mr[0;34me[0;34ms[0;34m/[0;34mt[0;34me[0;34ms[0;34mt[0;34m/[0;34mw[0;34me[0;34ms[0;34mt[0;34m.[0;34mx[0;34mp[0;34mm
[0m[0;34mE[0;34mA[0;34m [0;34mt[0;34me[0;34mx[0;34mt[0;34mu[0;34mr[0;34me[0;34ms[0;34m/[0;34mt[0;34me[0;34ms[0;34mt[0;34m/[0;34me[0;34ma[0;34ms[0;34mt[0;34m.[0;34mx[0;34mp[0;34mm
[0m
[0m[0;34mC[0;34m [0;34m2[0;34m0[0;34m0[0;34m,[0;34m2[0;34m0[0;34m0[0;34m,[0;34m2[0;34m0[0;34m0
[0m
[0m[0;34m1[0;34m1[0;34m1[0;34m1[0;34m1
[0m[0;34m1[0;34m0[0;34m0[0;34m0[0;34m1
[0m[0;34m1[0;34m0[0;34mS[0;34m0[0;34m1
[0m[0;34m1[0;34m0[0;34m0[0;34m0[0;34m1
[0m[0;34m1[0;34m0[0;34m0[0;34m0[0;34m1
[0m[0;34m1[0;34m0[0;34m0[0;34m0[0;34m1
[0m[0;34m1[0;34m1[0;34m0[0;34m0[0;34m1
[0m[0;34m1[0;34m0[0;34m0[0;34m0[0;34m1
[0m[0;34m1[0;34m0[0;34m0[0;34m0[0;34m1
[0m[0;34m1[0;34m0[0;34m0[0;34m0[0;34m1
[0m[0;34m1[0;34m0[0;34m0[0;34m0[0;34m1
[0m[0;34m1[0;34m0[0;34m0[0;34m0[0;34m1
[0m[0;34m1[0;34m1[0;34m1[0;34m1[0;34m1
[0mExit code: 1
‚ö†Ô∏è No Valgrind alerts, but with leaks[0m  
==3414== Memcheck, a memory error detector
==3414== Copyright (C) 2002-2022, and GNU GPL'd, by Julian Seward et al.
==3414== Using Valgrind-3.22.0 and LibVEX; rerun with -h for copyright info
==3414== Command: ./cub3d ./maps/bad/color_missing.cub
==3414== Parent PID: 3405
==3414== 
==3414== 
==3414== HEAP SUMMARY:
==3414==     in use at exit: 822 bytes in 48 blocks
==3414==   total heap usage: 136 allocs, 88 frees, 7,970 bytes allocated
==3414== 
==3414== LEAK SUMMARY:
==3414==    definitely lost: 512 bytes in 12 blocks
==3414==    indirectly lost: 310 bytes in 36 blocks
==3414==      possibly lost: 0 bytes in 0 blocks
==3414==    still reachable: 0 bytes in 0 blocks
==3414==         suppressed: 0 bytes in 0 blocks
==3414== Rerun with --leak-check=full to see details of leaked memory
==3414== 
==3414== For lists of detected and suppressed errors, rerun with: -s
==3414== ERROR SUMMARY: 0 errors from 0 contexts (suppressed: 0 from 0)
Running valgrind on ./maps/bad/color_missing_floor_rgb.cub...

[0;31m Error:[Color] incorrect numbers
[0m [0;34mN[0;34mO[0;34m [0;34mt[0;34me[0;34mx[0;34mt[0;34mu[0;34mr[0;34me[0;34ms[0;34m/[0;34mt[0;34me[0;34ms[0;34mt[0;34m/[0;34mn[0;34mo[0;34mr[0;34mt[0;34mh[0;34m.[0;34mx[0;34mp[0;34mm
[0m[0;34mS[0;34mO[0;34m [0;34mt[0;34me[0;34mx[0;34mt[0;34mu[0;34mr[0;34me[0;34ms[0;34m/[0;34mt[0;34me[0;34ms[0;34mt[0;34m/[0;34ms[0;34mo[0;34mu[0;34mt[0;34mh[0;34m.[0;34mx[0;34mp[0;34mm
[0m[0;34mW[0;34mE[0;34m [0;34mt[0;34me[0;34mx[0;34mt[0;34mu[0;34mr[0;34me[0;34ms[0;34m/[0;34mt[0;34me[0;34ms[0;34mt[0;34m/[0;34mw[0;34me[0;34ms[0;34mt[0;34m.[0;34mx[0;34mp[0;34mm
[0m[0;34mE[0;34mA[0;34m [0;34mt[0;34me[0;34mx[0;34mt[0;34mu[0;34mr[0;34me[0;34ms[0;34m/[0;34mt[0;34me[0;34ms[0;34mt[0;34m/[0;34me[0;34ma[0;34ms[0;34mt[0;34m.[0;34mx[0;34mp[0;34mm
[0m
[0m[0;34mF[0;34m [0;34m2[0;34m0[0;34m,[0;34m2[0;34m0
[0m[0;34mC[0;34m [0;34m2[0;34m0[0;34m0[0;34m,[0;34m2[0;34m0[0;34m0[0;34m,[0;34m2[0;34m0[0;34m0
[0m
[0m[0;34m1[0;34m1[0;34m1[0;34m1[0;34m1
[0m[0;34m1[0;34m0[0;34m0[0;34m0[0;34m1
[0m[0;34m1[0;34m0[0;34mS[0;34m0[0;34m1
[0m[0;34m1[0;34m0[0;34m0[0;34m0[0;34m1
[0m[0;34m1[0;34m0[0;34m0[0;34m0[0;34m1
[0m[0;34m1[0;34m0[0;34m0[0;34m0[0;34m1
[0m[0;34m1[0;34m1[0;34m0[0;34m0[0;34m1
[0m[0;34m1[0;34m0[0;34m0[0;34m0[0;34m1
[0m[0;34m1[0;34m0[0;34m0[0;34m0[0;34m1
[0m[0;34m1[0;34m0[0;34m0[0;34m0[0;34m1
[0m[0;34m1[0;34m0[0;34m0[0;34m0[0;34m1
[0m[0;34m1[0;34m0[0;34m0[0;34m0[0;34m1
[0m[0;34m1[0;34m1[0;34m1[0;34m1[0;34m1
[0mExit code: 1
‚ö†Ô∏è No Valgrind alerts, but with leaks[0m  
==3421== Memcheck, a memory error detector
==3421== Copyright (C) 2002-2022, and GNU GPL'd, by Julian Seward et al.
==3421== Using Valgrind-3.22.0 and LibVEX; rerun with -h for copyright info
==3421== Command: ./cub3d ./maps/bad/color_missing_floor_rgb.cub
==3421== Parent PID: 3405
==3421== 
==3421== 
==3421== HEAP SUMMARY:
==3421==     in use at exit: 875 bytes in 53 blocks
==3421==   total heap usage: 145 allocs, 92 frees, 8,183 bytes allocated
==3421== 
==3421== LEAK SUMMARY:
==3421==    definitely lost: 550 bytes in 14 blocks
==3421==    indirectly lost: 325 bytes in 39 blocks
==3421==      possibly lost: 0 bytes in 0 blocks
==3421==    still reachable: 0 bytes in 0 blocks
==3421==         suppressed: 0 bytes in 0 blocks
==3421== Rerun with --leak-check=full to see details of leaked memory
==3421== 
==3421== For lists of detected and suppressed errors, rerun with: -s
==3421== ERROR SUMMARY: 0 errors from 0 contexts (suppressed: 0 from 0)
Running valgrind on ./maps/bad/color_none.cub...

[0;31m Error:[Color] colors are not complete
[0m [0;34mN[0;34mO[0;34m [0;34mt[0;34me[0;34mx[0;34mt[0;34mu[0;34mr[0;34me[0;34ms[0;34m/[0;34mt[0;34me[0;34ms[0;34mt[0;34m/[0;34mn[0;34mo[0;34mr[0;34mt[0;34mh[0;34m.[0;34mx[0;34mp[0;34mm
[0m[0;34mS[0;34mO[0;34m [0;34mt[0;34me[0;34mx[0;34mt[0;34mu[0;34mr[0;34me[0;34ms[0;34m/[0;34mt[0;34me[0;34ms[0;34mt[0;34m/[0;34ms[0;34mo[0;34mu[0;34mt[0;34mh[0;34m.[0;34mx[0;34mp[0;34mm
[0m[0;34mW[0;34mE[0;34m [0;34mt[0;34me[0;34mx[0;34mt[0;34mu[0;34mr[0;34me[0;34ms[0;34m/[0;34mt[0;34me[0;34ms[0;34mt[0;34m/[0;34mw[0;34me[0;34ms[0;34mt[0;34m.[0;34mx[0;34mp[0;34mm
[0m[0;34mE[0;34mA[0;34m [0;34mt[0;34me[0;34mx[0;34mt[0;34mu[0;34mr[0;34me[0;34ms[0;34m/[0;34mt[0;34me[0;34ms[0;34mt[0;34m/[0;34me[0;34ma[0;34ms[0;34mt[0;34m.[0;34mx[0;34mp[0;34mm
[0m
[0m[0;34m1[0;34m1[0;34m1[0;34m1[0;34m1
[0m[0;34m1[0;34m0[0;34m0[0;34m0[0;34m1
[0m[0;34m1[0;34m0[0;34mS[0;34m0[0;34m1
[0m[0;34m1[0;34m0[0;34m0[0;34m0[0;34m1
[0m[0;34m1[0;34m0[0;34m0[0;34m0[0;34m1
[0m[0;34m1[0;34m0[0;34m0[0;34m0[0;34m1
[0m[0;34m1[0;34m1[0;34m0[0;34m0[0;34m1
[0m[0;34m1[0;34m0[0;34m0[0;34m0[0;34m1
[0m[0;34m1[0;34m0[0;34m0[0;34m0[0;34m1
[0m[0;34m1[0;34m0[0;34m0[0;34m0[0;34m1
[0m[0;34m1[0;34m0[0;34m0[0;34m0[0;34m1
[0m[0;34m1[0;34m0[0;34m0[0;34m0[0;34m1
[0m[0;34m1[0;34m1[0;34m1[0;34m1[0;34m1
[0mExit code: 1
‚ö†Ô∏è No Valgrind alerts, but with leaks[0m  
==3434== Memcheck, a memory error detector
==3434== Copyright (C) 2002-2022, and GNU GPL'd, by Julian Seward et al.
==3434== Using Valgrind-3.22.0 and LibVEX; rerun with -h for copyright info
==3434== Command: ./cub3d ./maps/bad/color_none.cub
==3434== Parent PID: 3405
==3434== 
==3434== 
==3434== HEAP SUMMARY:
==3434==     in use at exit: 733 bytes in 41 blocks
==3434==   total heap usage: 121 allocs, 80 frees, 7,386 bytes allocated
==3434== 
==3434== LEAK SUMMARY:
==3434==    definitely lost: 452 bytes in 10 blocks
==3434==    indirectly lost: 281 bytes in 31 blocks
==3434==      possibly lost: 0 bytes in 0 blocks
==3434==    still reachable: 0 bytes in 0 blocks
==3434==         suppressed: 0 bytes in 0 blocks
==3434== Rerun with --leak-check=full to see details of leaked memory
==3434== 
==3434== For lists of detected and suppressed errors, rerun with: -s
==3434== ERROR SUMMARY: 0 errors from 0 contexts (suppressed: 0 from 0)
Running valgrind on ./maps/bad/empty.cub...
[0;31m Error:[Read file] file is empty
[0m Exit code: 1
[0;32m‚úÖ No Valgrind alerts, no leaks[0m  
==3449== Memcheck, a memory error detector
==3449== Copyright (C) 2002-2022, and GNU GPL'd, by Julian Seward et al.
==3449== Using Valgrind-3.22.0 and LibVEX; rerun with -h for copyright info
==3449== Command: ./cub3d ./maps/bad/empty.cub
==3449== Parent PID: 3405
==3449== 
==3449== 
==3449== HEAP SUMMARY:
==3449==     in use at exit: 0 bytes in 0 blocks
==3449==   total heap usage: 5 allocs, 5 frees, 170 bytes allocated
==3449== 
==3449== All heap blocks were freed -- no leaks are possible
==3449== 
==3449== For lists of detected and suppressed errors, rerun with: -s
==3449== ERROR SUMMARY: 0 errors from 0 contexts (suppressed: 0 from 0)
Running valgrind on ./maps/bad/file_letter_end.cub...

[0;32m[Debug info]üõ†Ô∏è  Map info üîç
[0m[0;32m[Debug info] - Map width:[0m5
[0;32m[Debug info] - Map height:[0m27
[0;32m[Debug info]üõ†Ô∏è  Starting player position info üîç
[0m[0;32m[Debug info] - Player X:[0m2
[0;32m[Debug info] - Player Y:[0m2
[0;32m[Debug info] - Player Direction:[0mS
[0;32m[Debug info]üõ†Ô∏è  Colors info c:  üîç
[0m[0;32m[Debug info]üõ†Ô∏è  Colors info f:  üîç
[0m[0;32m[Debug info]üõ†Ô∏è  Textures info:  üîç
[0m[0;32m[Debug info] texture:[0mtextures/test/north.xpm
[0;32m[Debug info] texture:[0mtextures/test/south.xpm
[0;32m[Debug info] texture:[0mtextures/test/west.xpm
[0;32m[Debug info] texture:[0mtextures/test/east.xpm
[0;34mN[0;34mO[0;34m [0;34mt[0;34me[0;34mx[0;34mt[0;34mu[0;34mr[0;34me[0;34ms[0;34m/[0;34mt[0;34me[0;34ms[0;34mt[0;34m/[0;34mn[0;34mo[0;34mr[0;34mt[0;34mh[0;34m.[0;34mx[0;34mp[0;34mm
[0m[0;34mS[0;34mO[0;34m [0;34mt[0;34me[0;34mx[0;34mt[0;34mu[0;34mr[0;34me[0;34ms[0;34m/[0;34mt[0;34me[0;34ms[0;34mt[0;34m/[0;34ms[0;34mo[0;34mu[0;34mt[0;34mh[0;34m.[0;34mx[0;34mp[0;34mm
[0m[0;34mW[0;34mE[0;34m [0;34mt[0;34me[0;34mx[0;34mt[0;34mu[0;34mr[0;34me[0;34ms[0;34m/[0;34mt[0;34me[0;34ms[0;34mt[0;34m/[0;34mw[0;34me[0;34ms[0;34mt[0;34m.[0;34mx[0;34mp[0;34mm
[0m[0;34mE[0;34mA[0;34m [0;34mt[0;34me[0;34mx[0;34mt[0;34mu[0;34mr[0;34me[0;34ms[0;34m/[0;34mt[0;34me[0;34ms[0;34mt[0;34m/[0;34me[0;34ma[0;34ms[0;34mt[0;34m.[0;34mx[0;34mp[0;34mm
[0m
[0m[0;34mF[0;34m [0;34m2[0;34m0[0;34m,[0;34m2[0;34m0[0;34m,[0;34m2[0;34m0
[0m[0;34mC[0;34m [0;34m2[0;34m0[0;34m0[0;34m,[0;34m2[0;34m0[0;34m0[0;34m,[0;34m2[0;34m0[0;34m0
[0m
[0m[0;34m1[0;34m1[0;34m1[0;34m1[0;34m1
[0m[0;34m1[0;34m0[0;34m0[0;34m0[0;34m1
[0m[0;34m1[0;34m0[0;34mS[0;34m0[0;34m1
[0m[0;34m1[0;34m0[0;34m0[0;34m0[0;34m1
[0m[0;34m1[0;34m0[0;34m0[0;34m0[0;34m1
[0m[0;34m1[0;34m0[0;34m0[0;34m0[0;34m1
[0m[0;34m1[0;34m1[0;34m0[0;34m0[0;34m1
[0m[0;34m1[0;34m0[0;34m0[0;34m0[0;34m1
[0m[0;34m1[0;34m0[0;34m0[0;34m0[0;34m1
[0m[0;34m1[0;34m0[0;34m0[0;34m0[0;34m1
[0m[0;34m1[0;34m0[0;34m0[0;34m0[0;34m1
[0m[0;34m1[0;34m0[0;34m0[0;34m0[0;34m1
[0m[0;34m1[0;34m1[0;34m1[0;34m1[0;34m1
[0m
[0m
[0m
[0m
[0m
[0m
[0m
[0m
[0m
[0m
[0m
[0m
[0m
[0m[0;34m1
[0m[0;34m2[0;34m0[0;34m0
[0m[0;34m2[0;34m0[0;34m0
[0m[0;34m2[0;34m0[0;34m0
[0m[0;34m2[0;34m0
[0m[0;34m2[0;34m0
[0m[0;34m2[0;34m0
[0m[0;34m1[0;34m1[0;34m1[0;34m1[0;34m1
[0m[0;34m1[0;34m0[0;34m0[0;34m0[0;34m1
[0m[0;34m1[0;34m0[0;34mS[0;34m0[0;34m1
[0m[0;34m1[0;34m0[0;34m0[0;34m0[0;34m1
[0m[0;34m1[0;34m0[0;34m0[0;34m0[0;34m1
[0m[0;34m1[0;34m0[0;34m0[0;34m0[0;34m1
[0m[0;34m1[0;34m1[0;34m0[0;34m0[0;34m1
[0m[0;34m1[0;34m0[0;34m0[0;34m0[0;34m1
[0m[0;34m1[0;34m0[0;34m0[0;34m0[0;34m1
[0m[0;34m1[0;34m0[0;34m0[0;34m0[0;34m1
[0m[0;34m1[0;34m0[0;34m0[0;34m0[0;34m1
[0m[0;34m1[0;34m0[0;34m0[0;34m0[0;34m1
[0m[0;34m1[0;34m1[0;34m1[0;34m1[0;34m1
[0m[0;34m1[0;34m1[0;34m1[0;34m1[0;34m1
[0m[0;34m1[0;34m1[0;34m1[0;34m1[0;34m1
[0m[0;34m1[0;34m1[0;34m1[0;34m1[0;34m1
[0m[0;34m1[0;34m1[0;34m1[0;34m1[0;34m1
[0m[0;34m1[0;34m1[0;34m1[0;34m1[0;34m1
[0m[0;34m1[0;34m1[0;34m1[0;34m1[0;34m1
[0m[0;34m1[0;34m1[0;34m1[0;34m1[0;34m1
[0m[0;34m1[0;34m1[0;34m1[0;34m1[0;34m1
[0m[0;34m1[0;34m1[0;34m1[0;34m1[0;34m1
[0m[0;34m1[0;34m1[0;34m1[0;34m1[0;34m1
[0m[0;34m1[0;34m1[0;34m1[0;34m1[0;34m1
[0m[0;34m1[0;34m1[0;34m1[0;34m1[0;34m1
[0m[0;34m1[0;34m1[0;34m1[0;34m1[0;34m1
[0m[0;34m1[0;34m1[0;34m1[0;34m1[0;34m1
[0mExit code: 0
‚ö†Ô∏è No Valgrind alerts, but with leaks[0m  
==3452== Memcheck, a memory error detector
==3452== Copyright (C) 2002-2022, and GNU GPL'd, by Julian Seward et al.
==3452== Using Valgrind-3.22.0 and LibVEX; rerun with -h for copyright info
==3452== Command: ./cub3d ./maps/bad/file_letter_end.cub
==3452== Parent PID: 3405
==3452== 
==3452== 
==3452== HEAP SUMMARY:
==3452==     in use at exit: 1,229 bytes in 82 blocks
==3452==   total heap usage: 231 allocs, 149 frees, 12,243 bytes allocated
==3452== 
==3452== LEAK SUMMARY:
==3452==    definitely lost: 785 bytes in 14 blocks
==3452==    indirectly lost: 444 bytes in 68 blocks
==3452==      possibly lost: 0 bytes in 0 blocks
==3452==    still reachable: 0 bytes in 0 blocks
==3452==         suppressed: 0 bytes in 0 blocks
==3452== Rerun with --leak-check=full to see details of leaked memory
==3452== 
==3452== For lists of detected and suppressed errors, rerun with: -s
==3452== ERROR SUMMARY: 0 errors from 0 contexts (suppressed: 0 from 0)
Running valgrind on ./maps/bad/filetype_missing...
[0;31m Error:[Check args] no map or invalid map extension
[0m Exit code: 1
[0;32m‚úÖ No Valgrind alerts, no leaks[0m  
==3455== Memcheck, a memory error detector
==3455== Copyright (C) 2002-2022, and GNU GPL'd, by Julian Seward et al.
==3455== Using Valgrind-3.22.0 and LibVEX; rerun with -h for copyright info
==3455== Command: ./cub3d ./maps/bad/filetype_missing
==3455== Parent PID: 3405
==3455== 
==3455== 
==3455== HEAP SUMMARY:
==3455==     in use at exit: 0 bytes in 0 blocks
==3455==   total heap usage: 3 allocs, 3 frees, 144 bytes allocated
==3455== 
==3455== All heap blocks were freed -- no leaks are possible
==3455== 
==3455== For lists of detected and suppressed errors, rerun with: -s
==3455== ERROR SUMMARY: 0 errors from 0 contexts (suppressed: 0 from 0)
Running valgrind on ./maps/bad/filetype_wrong.buc...
[0;31m Error:[Check args] no map or invalid map extension
[0m Exit code: 1
[0;32m‚úÖ No Valgrind alerts, no leaks[0m  
==3458== Memcheck, a memory error detector
==3458== Copyright (C) 2002-2022, and GNU GPL'd, by Julian Seward et al.
==3458== Using Valgrind-3.22.0 and LibVEX; rerun with -h for copyright info
==3458== Command: ./cub3d ./maps/bad/filetype_wrong.buc
==3458== Parent PID: 3405
==3458== 
==3458== 
==3458== HEAP SUMMARY:
==3458==     in use at exit: 0 bytes in 0 blocks
==3458==   total heap usage: 3 allocs, 3 frees, 144 bytes allocated
==3458== 
==3458== All heap blocks were freed -- no leaks are possible
==3458== 
==3458== For lists of detected and suppressed errors, rerun with: -s
==3458== ERROR SUMMARY: 0 errors from 0 contexts (suppressed: 0 from 0)
Running valgrind on ./maps/bad/forbidden.cub...

[0;32m[Debug info]üõ†Ô∏è  Map info üîç
[0m[0;32m[Debug info] - Map width:[0m12
[0;32m[Debug info] - Map height:[0m8
[0;32m[Debug info]üõ†Ô∏è  Starting player position info üîç
[0m[0;32m[Debug info] - Player X:[0m2
[0;32m[Debug info] - Player Y:[0m4
[0;32m[Debug info] - Player Direction:[0mS
[0;32m[Debug info]üõ†Ô∏è  Colors info c:  üîç
[0m[0;32m[Debug info]üõ†Ô∏è  Colors info f:  üîç
[0m[0;32m[Debug info]üõ†Ô∏è  Textures info:  üîç
[0m[0;32m[Debug info] texture:[0mtextures/wolfenstein/grey_stone.xpm
[0;32m[Debug info] texture:[0mtextures/wolfenstein/purple_stone.xpm
[0;32m[Debug info] texture:[0mtextures/wolfenstein/red_brick.xpm
[0;32m[Debug info] texture:[0mtextures/wolfenstein/wood.xpm
[0;34mN[0;34mO[0;34m [0;34mt[0;34me[0;34mx[0;34mt[0;34mu[0;34mr[0;34me[0;34ms[0;34m/[0;34mw[0;34mo[0;34ml[0;34mf[0;34me[0;34mn[0;34ms[0;34mt[0;34me[0;34mi[0;34mn[0;34m/[0;34mg[0;34mr[0;34me[0;34my[0;34m_[0;34ms[0;34mt[0;34mo[0;34mn[0;34me[0;34m.[0;34mx[0;34mp[0;34mm
[0m[0;34mS[0;34mO[0;34m [0;34mt[0;34me[0;34mx[0;34mt[0;34mu[0;34mr[0;34me[0;34ms[0;34m/[0;34mw[0;34mo[0;34ml[0;34mf[0;34me[0;34mn[0;34ms[0;34mt[0;34me[0;34mi[0;34mn[0;34m/[0;34mp[0;34mu[0;34mr[0;34mp[0;34ml[0;34me[0;34m_[0;34ms[0;34mt[0;34mo[0;34mn[0;34me[0;34m.[0;34mx[0;34mp[0;34mm
[0m[0;34mW[0;34mE[0;34m [0;34mt[0;34me[0;34mx[0;34mt[0;34mu[0;34mr[0;34me[0;34ms[0;34m/[0;34mw[0;34mo[0;34ml[0;34mf[0;34me[0;34mn[0;34ms[0;34mt[0;34me[0;34mi[0;34mn[0;34m/[0;34mr[0;34me[0;34md[0;34m_[0;34mb[0;34mr[0;34mi[0;34mc[0;34mk[0;34m.[0;34mx[0;34mp[0;34mm
[0m[0;34mE[0;34mA[0;34m [0;34mt[0;34me[0;34mx[0;34mt[0;34mu[0;34mr[0;34me[0;34ms[0;34m/[0;34mw[0;34mo[0;34ml[0;34mf[0;34me[0;34mn[0;34ms[0;34mt[0;34me[0;34mi[0;34mn[0;34m/[0;34mw[0;34mo[0;34mo[0;34md[0;34m.[0;34mx[0;34mp[0;34mm
[0m
[0m[0;34mF[0;34m [0;34m1[0;34m8[0;34m,[0;34m5[0;34m3[0;34m,[0;34m2[0;34m5
[0m[0;34mC[0;34m [0;34m1[0;34m5[0;34m3[0;34m,[0;34m2[0;34m0[0;34m4[0;34m,[0;34m2[0;34m5[0;34m5
[0m
[0m[0;34m1[0;34m1[0;34m1[0;34m1[0;34m1[0;34m1[0;34m1[0;34m1[0;34m1[0;34m1[0;34m1[0;34m1
[0m[0;34m1[0;34m [0;34m [0;34m [0;34m [0;34m [0;34m [0;34m [0;34m [0;34m [0;34m1[0;34m1
[0m[0;34m1[0;34m [0;34m [0;34m [0;34m [0;34m [0;34m [0;34m [0;34m [0;34m [0;34m [0;34m1
[0m[0;34m1[0;34m1[0;34m1[0;34m1[0;34m1[0;34m1[0;34m1[0;34m1[0;34m1[0;34m1[0;34m1[0;34m1
[0m[0;34m1[0;34m0[0;34mS[0;34m0[0;34m0[0;34m0[0;34m0[0;34m0[0;34m0[0;34m0[0;34m0[0;34m1
[0m[0;34m1[0;34m1[0;34m1[0;34m1[0;34m1[0;34m1[0;34m1[0;34m1[0;34m1[0;34m1[0;34m1[0;34m1
[0m[0;34m1[0;34m1[0;34m [0;34m [0;34m [0;34m [0;34m [0;34m [0;34m [0;34m [0;34m [0;34m1
[0m[0;34m1[0;34m1[0;34m1[0;34m1[0;34m1[0;34m1[0;34m1[0;34m1[0;34m1[0;34m1[0;34m1[0;34m1
[0m[0;34m1[0;34m5[0;34m3
[0m[0;34m2[0;34m0[0;34m4
[0m[0;34m2[0;34m5[0;34m5
[0m[0;34m1[0;34m8
[0m[0;34m5[0;34m3
[0m[0;34m2[0;34m5
[0m[0;34m1[0;34m1[0;34m1[0;34m1[0;34m1[0;34m1[0;34m1[0;34m1[0;34m1[0;34m1[0;34m1[0;34m1
[0m[0;34m1[0;34m1[0;34m1[0;34m1[0;34m1[0;34m1[0;34m1[0;34m1[0;34m1[0;34m1[0;34m1[0;34m1
[0m[0;34m1[0;34m1[0;34m1[0;34m1[0;34m1[0;34m1[0;34m1[0;34m1[0;34m1[0;34m1[0;34m1[0;34m1
[0m[0;34m1[0;34m1[0;34m1[0;34m1[0;34m1[0;34m1[0;34m1[0;34m1[0;34m1[0;34m1[0;34m1[0;34m1
[0m[0;34m1[0;34m0[0;34mS[0;34m0[0;34m0[0;34m0[0;34m0[0;34m0[0;34m0[0;34m0[0;34m0[0;34m1
[0m[0;34m1[0;34m1[0;34m1[0;34m1[0;34m1[0;34m1[0;34m1[0;34m1[0;34m1[0;34m1[0;34m1[0;34m1
[0m[0;34m1[0;34m1[0;34m1[0;34m1[0;34m1[0;34m1[0;34m1[0;34m1[0;34m1[0;34m1[0;34m1[0;34m1
[0m[0;34m1[0;34m1[0;34m1[0;34m1[0;34m1[0;34m1[0;34m1[0;34m1[0;34m1[0;34m1[0;34m1[0;34m1
[0mExit code: 0
‚ö†Ô∏è No Valgrind alerts, but with leaks[0m  
==3461== Memcheck, a memory error detector
==3461== Copyright (C) 2002-2022, and GNU GPL'd, by Julian Seward et al.
==3461== Using Valgrind-3.22.0 and LibVEX; rerun with -h for copyright info
==3461== Command: ./cub3d ./maps/bad/forbidden.cub
==3461== Parent PID: 3405
==3461== 
==3461== 
==3461== HEAP SUMMARY:
==3461==     in use at exit: 994 bytes in 44 blocks
==3461==   total heap usage: 119 allocs, 75 frees, 7,519 bytes allocated
==3461== 
==3461== LEAK SUMMARY:
==3461==    definitely lost: 571 bytes in 14 blocks
==3461==    indirectly lost: 423 bytes in 30 blocks
==3461==      possibly lost: 0 bytes in 0 blocks
==3461==    still reachable: 0 bytes in 0 blocks
==3461==         suppressed: 0 bytes in 0 blocks
==3461== Rerun with --leak-check=full to see details of leaked memory
==3461== 
==3461== For lists of detected and suppressed errors, rerun with: -s
==3461== ERROR SUMMARY: 0 errors from 0 contexts (suppressed: 0 from 0)
Running valgrind on ./maps/bad/map_first.cub...

[0;31m Error:[Map start] No map or incorrect placement
[0m [0;34m1[0;34m1[0;34m1[0;34m1[0;34m1
[0m[0;34m1[0;34m0[0;34m0[0;34m0[0;34m1
[0m[0;34m1[0;34m0[0;34mS[0;34m0[0;34m1
[0m[0;34m1[0;34m0[0;34m0[0;34m0[0;34m1
[0m[0;34m1[0;34m0[0;34m0[0;34m0[0;34m1
[0m[0;34m1[0;34m0[0;34m0[0;34m0[0;34m1
[0m[0;34m1[0;34m1[0;34m0[0;34m0[0;34m1
[0m[0;34m1[0;34m0[0;34m0[0;34m0[0;34m1
[0m[0;34m1[0;34m0[0;34m0[0;34m0[0;34m1
[0m[0;34m1[0;34m0[0;34m0[0;34m0[0;34m1
[0m[0;34m1[0;34m0[0;34m0[0;34m0[0;34m1
[0m[0;34m1[0;34m0[0;34m0[0;34m0[0;34m1
[0m[0;34m1[0;34m1[0;34m1[0;34m1[0;34m1
[0m
[0m[0;34mN[0;34mO[0;34m [0;34mt[0;34me[0;34mx[0;34mt[0;34mu[0;34mr[0;34me[0;34ms[0;34m/[0;34mt[0;34me[0;34ms[0;34mt[0;34m/[0;34mn[0;34mo[0;34mr[0;34mt[0;34mh[0;34m.[0;34mx[0;34mp[0;34mm
[0m[0;34mS[0;34mO[0;34m [0;34mt[0;34me[0;34mx[0;34mt[0;34mu[0;34mr[0;34me[0;34ms[0;34m/[0;34mt[0;34me[0;34ms[0;34mt[0;34m/[0;34ms[0;34mo[0;34mu[0;34mt[0;34mh[0;34m.[0;34mx[0;34mp[0;34mm
[0m[0;34mW[0;34mE[0;34m [0;34mt[0;34me[0;34mx[0;34mt[0;34mu[0;34mr[0;34me[0;34ms[0;34m/[0;34mt[0;34me[0;34ms[0;34mt[0;34m/[0;34mw[0;34me[0;34ms[0;34mt[0;34m.[0;34mx[0;34mp[0;34mm
[0m[0;34mE[0;34mA[0;34m [0;34mt[0;34me[0;34mx[0;34mt[0;34mu[0;34mr[0;34me[0;34ms[0;34m/[0;34mt[0;34me[0;34ms[0;34mt[0;34m/[0;34me[0;34ma[0;34ms[0;34mt[0;34m.[0;34mx[0;34mp[0;34mm
[0m
[0m[0;34mF[0;34m [0;34m2[0;34m0[0;34m,[0;34m2[0;34m0[0;34m,[0;34m2[0;34m0
[0m[0;34mC[0;34m [0;34m2[0;34m0[0;34m0[0;34m,[0;34m2[0;34m0[0;34m0[0;34m,[0;34m2[0;34m0[0;34m0
[0mExit code: 1
‚ö†Ô∏è No Valgrind alerts, but with leaks[0m  
==3464== Memcheck, a memory error detector
==3464== Copyright (C) 2002-2022, and GNU GPL'd, by Julian Seward et al.
==3464== Using Valgrind-3.22.0 and LibVEX; rerun with -h for copyright info
==3464== Command: ./cub3d ./maps/bad/map_first.cub
==3464== Parent PID: 3405
==3464== 
==3464== 
==3464== HEAP SUMMARY:
==3464==     in use at exit: 408 bytes in 22 blocks
==3464==   total heap usage: 99 allocs, 77 frees, 7,572 bytes allocated
==3464== 
==3464== LEAK SUMMARY:
==3464==    definitely lost: 176 bytes in 1 blocks
==3464==    indirectly lost: 232 bytes in 21 blocks
==3464==      possibly lost: 0 bytes in 0 blocks
==3464==    still reachable: 0 bytes in 0 blocks
==3464==         suppressed: 0 bytes in 0 blocks
==3464== Rerun with --leak-check=full to see details of leaked memory
==3464== 
==3464== For lists of detected and suppressed errors, rerun with: -s
==3464== ERROR SUMMARY: 0 errors from 0 contexts (suppressed: 0 from 0)
Running valgrind on ./maps/bad/map_middle.cub...

[0;31m Error:[Map check in file] Invalid map placement or format
[0m [0;34mN[0;34mO[0;34m [0;34mt[0;34me[0;34mx[0;34mt[0;34mu[0;34mr[0;34me[0;34ms[0;34m/[0;34mt[0;34me[0;34ms[0;34mt[0;34m/[0;34mn[0;34mo[0;34mr[0;34mt[0;34mh[0;34m.[0;34mx[0;34mp[0;34mm
[0m[0;34mS[0;34mO[0;34m [0;34mt[0;34me[0;34mx[0;34mt[0;34mu[0;34mr[0;34me[0;34ms[0;34m/[0;34mt[0;34me[0;34ms[0;34mt[0;34m/[0;34ms[0;34mo[0;34mu[0;34mt[0;34mh[0;34m.[0;34mx[0;34mp[0;34mm
[0m[0;34mW[0;34mE[0;34m [0;34mt[0;34me[0;34mx[0;34mt[0;34mu[0;34mr[0;34me[0;34ms[0;34m/[0;34mt[0;34me[0;34ms[0;34mt[0;34m/[0;34mw[0;34me[0;34ms[0;34mt[0;34m.[0;34mx[0;34mp[0;34mm
[0m[0;34mE[0;34mA[0;34m [0;34mt[0;34me[0;34mx[0;34mt[0;34mu[0;34mr[0;34me[0;34ms[0;34m/[0;34mt[0;34me[0;34ms[0;34mt[0;34m/[0;34me[0;34ma[0;34ms[0;34mt[0;34m.[0;34mx[0;34mp[0;34mm
[0m
[0m[0;34m1[0;34m1[0;34m1[0;34m1[0;34m1
[0m[0;34m1[0;34m0[0;34m0[0;34m0[0;34m1
[0m[0;34m1[0;34m0[0;34mS[0;34m0[0;34m1
[0m[0;34m1[0;34m0[0;34m0[0;34m0[0;34m1
[0m[0;34m1[0;34m0[0;34m0[0;34m0[0;34m1
[0m[0;34m1[0;34m0[0;34m0[0;34m0[0;34m1
[0m[0;34m1[0;34m1[0;34m0[0;34m0[0;34m1
[0m[0;34m1[0;34m0[0;34m0[0;34m0[0;34m1
[0m[0;34m1[0;34m0[0;34m0[0;34m0[0;34m1
[0m[0;34m1[0;34m0[0;34m0[0;34m0[0;34m1
[0m[0;34m1[0;34m0[0;34m0[0;34m0[0;34m1
[0m[0;34m1[0;34m0[0;34m0[0;34m0[0;34m1
[0m[0;34m1[0;34m1[0;34m1[0;34m1[0;34m1
[0m
[0m[0;34mF[0;34m [0;34m2[0;34m0[0;34m,[0;34m2[0;34m0[0;34m,[0;34m2[0;34m0
[0m[0;34mC[0;34m [0;34m2[0;34m0[0;34m0[0;34m,[0;34m2[0;34m0[0;34m0[0;34m,[0;34m2[0;34m0[0;34m0
[0m
[0m
[0mExit code: 1
‚ö†Ô∏è No Valgrind alerts, but with leaks[0m  
==3467== Memcheck, a memory error detector
==3467== Copyright (C) 2002-2022, and GNU GPL'd, by Julian Seward et al.
==3467== Using Valgrind-3.22.0 and LibVEX; rerun with -h for copyright info
==3467== Command: ./cub3d ./maps/bad/map_middle.cub
==3467== Parent PID: 3405
==3467== 
==3467== 
==3467== HEAP SUMMARY:
==3467==     in use at exit: 428 bytes in 24 blocks
==3467==   total heap usage: 107 allocs, 83 frees, 8,059 bytes allocated
==3467== 
==3467== LEAK SUMMARY:
==3467==    definitely lost: 192 bytes in 1 blocks
==3467==    indirectly lost: 236 bytes in 23 blocks
==3467==      possibly lost: 0 bytes in 0 blocks
==3467==    still reachable: 0 bytes in 0 blocks
==3467==         suppressed: 0 bytes in 0 blocks
==3467== Rerun with --leak-check=full to see details of leaked memory
==3467== 
==3467== For lists of detected and suppressed errors, rerun with: -s
==3467== ERROR SUMMARY: 0 errors from 0 contexts (suppressed: 0 from 0)
Running valgrind on ./maps/bad/map_missing.cub...

[0;31m Error:[Map start] No map or incorrect placement
[0m [0;34mN[0;34mO[0;34m [0;34mt[0;34me[0;34mx[0;34mt[0;34mu[0;34mr[0;34me[0;34ms[0;34m/[0;34mt[0;34me[0;34ms[0;34mt[0;34m/[0;34mn[0;34mo[0;34mr[0;34mt[0;34mh[0;34m.[0;34mx[0;34mp[0;34mm
[0m[0;34mS[0;34mO[0;34m [0;34mt[0;34me[0;34mx[0;34mt[0;34mu[0;34mr[0;34me[0;34ms[0;34m/[0;34mt[0;34me[0;34ms[0;34mt[0;34m/[0;34ms[0;34mo[0;34mu[0;34mt[0;34mh[0;34m.[0;34mx[0;34mp[0;34mm
[0m[0;34mW[0;34mE[0;34m [0;34mt[0;34me[0;34mx[0;34mt[0;34mu[0;34mr[0;34me[0;34ms[0;34m/[0;34mt[0;34me[0;34ms[0;34mt[0;34m/[0;34mw[0;34me[0;34ms[0;34mt[0;34m.[0;34mx[0;34mp[0;34mm
[0m[0;34mE[0;34mA[0;34m [0;34mt[0;34me[0;34mx[0;34mt[0;34mu[0;34mr[0;34me[0;34ms[0;34m/[0;34mt[0;34me[0;34ms[0;34mt[0;34m/[0;34me[0;34ma[0;34ms[0;34mt[0;34m.[0;34mx[0;34mp[0;34mm
[0m
[0m[0;34mF[0;34m [0;34m2[0;34m0[0;34m,[0;34m2[0;34m0[0;34m,[0;34m2[0;34m0
[0m[0;34mC[0;34m [0;34m2[0;34m0[0;34m0[0;34m,[0;34m2[0;34m0[0;34m0[0;34m,[0;34m2[0;34m0[0;34m0
[0m
[0mExit code: 1
‚ö†Ô∏è No Valgrind alerts, but with leaks[0m  
==3483== Memcheck, a memory error detector
==3483== Copyright (C) 2002-2022, and GNU GPL'd, by Julian Seward et al.
==3483== Using Valgrind-3.22.0 and LibVEX; rerun with -h for copyright info
==3483== Command: ./cub3d ./maps/bad/map_missing.cub
==3483== Parent PID: 3405
==3483== 
==3483== 
==3483== HEAP SUMMARY:
==3483==     in use at exit: 213 bytes in 9 blocks
==3483==   total heap usage: 44 allocs, 35 frees, 5,280 bytes allocated
==3483== 
==3483== LEAK SUMMARY:
==3483==    definitely lost: 72 bytes in 1 blocks
==3483==    indirectly lost: 141 bytes in 8 blocks
==3483==      possibly lost: 0 bytes in 0 blocks
==3483==    still reachable: 0 bytes in 0 blocks
==3483==         suppressed: 0 bytes in 0 blocks
==3483== Rerun with --leak-check=full to see details of leaked memory
==3483== 
==3483== For lists of detected and suppressed errors, rerun with: -s
==3483== ERROR SUMMARY: 0 errors from 0 contexts (suppressed: 0 from 0)
Running valgrind on ./maps/bad/map_only.cub...

[0;31m Error:[Map start] No map or incorrect placement
[0m [0;34m1[0;34m1[0;34m1[0;34m1[0;34m1
[0m[0;34m1[0;34m0[0;34m0[0;34m0[0;34m1
[0m[0;34m1[0;34m0[0;34mS[0;34m0[0;34m1
[0m[0;34m1[0;34m0[0;34m0[0;34m0[0;34m1
[0m[0;34m1[0;34m0[0;34m0[0;34m0[0;34m1
[0m[0;34m1[0;34m0[0;34m0[0;34m0[0;34m1
[0m[0;34m1[0;34m1[0;34m0[0;34m0[0;34m1
[0m[0;34m1[0;34m0[0;34m0[0;34m0[0;34m1
[0m[0;34m1[0;34m0[0;34m0[0;34m0[0;34m1
[0m[0;34m1[0;34m0[0;34m0[0;34m0[0;34m1
[0m[0;34m1[0;34m0[0;34m0[0;34m0[0;34m1
[0m[0;34m1[0;34m0[0;34m0[0;34m0[0;34m1
[0m[0;34m1[0;34m1[0;34m1[0;34m1[0;34m1
[0mExit code: 1
‚ö†Ô∏è No Valgrind alerts, but with leaks[0m  
==3486== Memcheck, a memory error detector
==3486== Copyright (C) 2002-2022, and GNU GPL'd, by Julian Seward et al.
==3486== Using Valgrind-3.22.0 and LibVEX; rerun with -h for copyright info
==3486== Command: ./cub3d ./maps/bad/map_only.cub
==3486== Parent PID: 3405
==3486== 
==3486== 
==3486== HEAP SUMMARY:
==3486==     in use at exit: 203 bytes in 14 blocks
==3486==   total heap usage: 62 allocs, 48 frees, 5,730 bytes allocated
==3486== 
==3486== LEAK SUMMARY:
==3486==    definitely lost: 112 bytes in 1 blocks
==3486==    indirectly lost: 91 bytes in 13 blocks
==3486==      possibly lost: 0 bytes in 0 blocks
==3486==    still reachable: 0 bytes in 0 blocks
==3486==         suppressed: 0 bytes in 0 blocks
==3486== Rerun with --leak-check=full to see details of leaked memory
==3486== 
==3486== For lists of detected and suppressed errors, rerun with: -s
==3486== ERROR SUMMARY: 0 errors from 0 contexts (suppressed: 0 from 0)
Running valgrind on ./maps/bad/map_too_small.cub...

[0;31m Error:[Map check in file] Invalid map size
[0m [0;34mN[0;34mO[0;34m [0;34mt[0;34me[0;34mx[0;34mt[0;34mu[0;34mr[0;34me[0;34ms[0;34m/[0;34mt[0;34me[0;34ms[0;34mt[0;34m/[0;34mn[0;34mo[0;34mr[0;34mt[0;34mh[0;34m.[0;34mx[0;34mp[0;34mm
[0m[0;34mS[0;34mO[0;34m [0;34mt[0;34me[0;34mx[0;34mt[0;34mu[0;34mr[0;34me[0;34ms[0;34m/[0;34mt[0;34me[0;34ms[0;34mt[0;34m/[0;34ms[0;34mo[0;34mu[0;34mt[0;34mh[0;34m.[0;34mx[0;34mp[0;34mm
[0m[0;34mW[0;34mE[0;34m [0;34mt[0;34me[0;34mx[0;34mt[0;34mu[0;34mr[0;34me[0;34ms[0;34m/[0;34mt[0;34me[0;34ms[0;34mt[0;34m/[0;34mw[0;34me[0;34ms[0;34mt[0;34m.[0;34mx[0;34mp[0;34mm
[0m[0;34mE[0;34mA[0;34m [0;34mt[0;34me[0;34mx[0;34mt[0;34mu[0;34mr[0;34me[0;34ms[0;34m/[0;34mt[0;34me[0;34ms[0;34mt[0;34m/[0;34me[0;34ma[0;34ms[0;34mt[0;34m.[0;34mx[0;34mp[0;34mm
[0m
[0m[0;34mF[0;34m [0;34m2[0;34m0[0;34m,[0;34m2[0;34m0[0;34m,[0;34m2[0;34m0
[0m[0;34mC[0;34m [0;34m2[0;34m0[0;34m0[0;34m,[0;34m2[0;34m0[0;34m0[0;34m,[0;34m2[0;34m0[0;34m0
[0m
[0m[0;34m1[0;34m1[0;34m1
[0m[0;34m1[0;34m1[0;34m1
[0mExit code: 1
‚ö†Ô∏è No Valgrind alerts, but with leaks[0m  
==3500== Memcheck, a memory error detector
==3500== Copyright (C) 2002-2022, and GNU GPL'd, by Julian Seward et al.
==3500== Using Valgrind-3.22.0 and LibVEX; rerun with -h for copyright info
==3500== Command: ./cub3d ./maps/bad/map_too_small.cub
==3500== Parent PID: 3405
==3500== 
==3500== 
==3500== HEAP SUMMARY:
==3500==     in use at exit: 239 bytes in 11 blocks
==3500==   total heap usage: 52 allocs, 41 frees, 5,540 bytes allocated
==3500== 
==3500== LEAK SUMMARY:
==3500==    definitely lost: 88 bytes in 1 blocks
==3500==    indirectly lost: 151 bytes in 10 blocks
==3500==      possibly lost: 0 bytes in 0 blocks
==3500==    still reachable: 0 bytes in 0 blocks
==3500==         suppressed: 0 bytes in 0 blocks
==3500== Rerun with --leak-check=full to see details of leaked memory
==3500== 
==3500== For lists of detected and suppressed errors, rerun with: -s
==3500== ERROR SUMMARY: 0 errors from 0 contexts (suppressed: 0 from 0)
Running valgrind on ./maps/bad/player_multiple.cub...

[0;31m Error:[Map validation] invalid number of player 
[0m [0;34mN[0;34mO[0;34m [0;34mt[0;34me[0;34mx[0;34mt[0;34mu[0;34mr[0;34me[0;34ms[0;34m/[0;34mt[0;34me[0;34ms[0;34mt[0;34m/[0;34mn[0;34mo[0;34mr[0;34mt[0;34mh[0;34m.[0;34mx[0;34mp[0;34mm
[0m[0;34mS[0;34mO[0;34m [0;34mt[0;34me[0;34mx[0;34mt[0;34mu[0;34mr[0;34me[0;34ms[0;34m/[0;34mt[0;34me[0;34ms[0;34mt[0;34m/[0;34ms[0;34mo[0;34mu[0;34mt[0;34mh[0;34m.[0;34mx[0;34mp[0;34mm
[0m[0;34mW[0;34mE[0;34m [0;34mt[0;34me[0;34mx[0;34mt[0;34mu[0;34mr[0;34me[0;34ms[0;34m/[0;34mt[0;34me[0;34ms[0;34mt[0;34m/[0;34mw[0;34me[0;34ms[0;34mt[0;34m.[0;34mx[0;34mp[0;34mm
[0m[0;34mE[0;34mA[0;34m [0;34mt[0;34me[0;34mx[0;34mt[0;34mu[0;34mr[0;34me[0;34ms[0;34m/[0;34mt[0;34me[0;34ms[0;34mt[0;34m/[0;34me[0;34ma[0;34ms[0;34mt[0;34m.[0;34mx[0;34mp[0;34mm
[0m
[0m[0;34mF[0;34m [0;34m2[0;34m0[0;34m,[0;34m2[0;34m0[0;34m,[0;34m2[0;34m0
[0m[0;34mC[0;34m [0;34m2[0;34m0[0;34m0[0;34m,[0;34m2[0;34m0[0;34m0[0;34m,[0;34m2[0;34m0[0;34m0
[0m
[0m[0;34m1[0;34m1[0;34m1[0;34m1[0;34m1
[0m[0;34m1[0;34m0[0;34m0[0;34m0[0;34m1
[0m[0;34m1[0;34m0[0;34mS[0;34m0[0;34m1
[0m[0;34m1[0;34m0[0;34m0[0;34m0[0;34m1
[0m[0;34m1[0;34m0[0;34m0[0;34m0[0;34m1
[0m[0;34m1[0;34m0[0;34m0[0;34m0[0;34m1
[0m[0;34m1[0;34m1[0;34mE[0;34m0[0;34m1
[0m[0;34m1[0;34m0[0;34m0[0;34m0[0;34m1
[0m[0;34m1[0;34m0[0;34m0[0;34m0[0;34m1
[0m[0;34m1[0;34m0[0;34m0[0;34m0[0;34m1
[0m[0;34m1[0;34m0[0;34m0[0;34m0[0;34m1
[0m[0;34m1[0;34m0[0;34m0[0;34m0[0;34m1
[0m[0;34m1[0;34m1[0;34m1[0;34m1[0;34m1
[0mExit code: 1
‚ö†Ô∏è No Valgrind alerts, but with leaks[0m  
==3503== Memcheck, a memory error detector
==3503== Copyright (C) 2002-2022, and GNU GPL'd, by Julian Seward et al.
==3503== Using Valgrind-3.22.0 and LibVEX; rerun with -h for copyright info
==3503== Command: ./cub3d ./maps/bad/player_multiple.cub
==3503== Parent PID: 3405
==3503== 
==3503== 
==3503== HEAP SUMMARY:
==3503==     in use at exit: 598 bytes in 36 blocks
==3503==   total heap usage: 126 allocs, 90 frees, 7,925 bytes allocated
==3503== 
==3503== LEAK SUMMARY:
==3503==    definitely lost: 288 bytes in 2 blocks
==3503==    indirectly lost: 310 bytes in 34 blocks
==3503==      possibly lost: 0 bytes in 0 blocks
==3503==    still reachable: 0 bytes in 0 blocks
==3503==         suppressed: 0 bytes in 0 blocks
==3503== Rerun with --leak-check=full to see details of leaked memory
==3503== 
==3503== For lists of detected and suppressed errors, rerun with: -s
==3503== ERROR SUMMARY: 0 errors from 0 contexts (suppressed: 0 from 0)
Running valgrind on ./maps/bad/player_none.cub...

[0;31m Error:[Map validation] invalid number of player 
[0m [0;34mN[0;34mO[0;34m [0;34mt[0;34me[0;34mx[0;34mt[0;34mu[0;34mr[0;34me[0;34ms[0;34m/[0;34mt[0;34me[0;34ms[0;34mt[0;34m/[0;34mn[0;34mo[0;34mr[0;34mt[0;34mh[0;34m.[0;34mx[0;34mp[0;34mm
[0m[0;34mS[0;34mO[0;34m [0;34mt[0;34me[0;34mx[0;34mt[0;34mu[0;34mr[0;34me[0;34ms[0;34m/[0;34mt[0;34me[0;34ms[0;34mt[0;34m/[0;34ms[0;34mo[0;34mu[0;34mt[0;34mh[0;34m.[0;34mx[0;34mp[0;34mm
[0m[0;34mW[0;34mE[0;34m [0;34mt[0;34me[0;34mx[0;34mt[0;34mu[0;34mr[0;34me[0;34ms[0;34m/[0;34mt[0;34me[0;34ms[0;34mt[0;34m/[0;34mw[0;34me[0;34ms[0;34mt[0;34m.[0;34mx[0;34mp[0;34mm
[0m[0;34mE[0;34mA[0;34m [0;34mt[0;34me[0;34mx[0;34mt[0;34mu[0;34mr[0;34me[0;34ms[0;34m/[0;34mt[0;34me[0;34ms[0;34mt[0;34m/[0;34me[0;34ma[0;34ms[0;34mt[0;34m.[0;34mx[0;34mp[0;34mm
[0m
[0m[0;34mF[0;34m [0;34m2[0;34m0[0;34m,[0;34m2[0;34m0[0;34m,[0;34m2[0;34m0
[0m[0;34mC[0;34m [0;34m2[0;34m0[0;34m0[0;34m,[0;34m2[0;34m0[0;34m0[0;34m,[0;34m2[0;34m0[0;34m0
[0m
[0m[0;34m1[0;34m1[0;34m1[0;34m1[0;34m1
[0m[0;34m1[0;34m0[0;34m0[0;34m0[0;34m1
[0m[0;34m1[0;34m0[0;34m0[0;34m0[0;34m1
[0m[0;34m1[0;34m0[0;34m0[0;34m0[0;34m1
[0m[0;34m1[0;34m0[0;34m0[0;34m0[0;34m1
[0m[0;34m1[0;34m0[0;34m0[0;34m0[0;34m1
[0m[0;34m1[0;34m1[0;34m0[0;34m0[0;34m1
[0m[0;34m1[0;34m0[0;34m0[0;34m0[0;34m1
[0m[0;34m1[0;34m0[0;34m0[0;34m0[0;34m1
[0m[0;34m1[0;34m0[0;34m0[0;34m0[0;34m1
[0m[0;34m1[0;34m0[0;34m0[0;34m0[0;34m1
[0m[0;34m1[0;34m0[0;34m0[0;34m0[0;34m1
[0m[0;34m1[0;34m1[0;34m1[0;34m1[0;34m1
[0mExit code: 1
‚ö†Ô∏è No Valgrind alerts, but with leaks[0m  
==3506== Memcheck, a memory error detector
==3506== Copyright (C) 2002-2022, and GNU GPL'd, by Julian Seward et al.
==3506== Using Valgrind-3.22.0 and LibVEX; rerun with -h for copyright info
==3506== Command: ./cub3d ./maps/bad/player_none.cub
==3506== Parent PID: 3405
==3506== 
==3506== 
==3506== HEAP SUMMARY:
==3506==     in use at exit: 598 bytes in 36 blocks
==3506==   total heap usage: 126 allocs, 90 frees, 7,925 bytes allocated
==3506== 
==3506== LEAK SUMMARY:
==3506==    definitely lost: 288 bytes in 2 blocks
==3506==    indirectly lost: 310 bytes in 34 blocks
==3506==      possibly lost: 0 bytes in 0 blocks
==3506==    still reachable: 0 bytes in 0 blocks
==3506==         suppressed: 0 bytes in 0 blocks
==3506== Rerun with --leak-check=full to see details of leaked memory
==3506== 
==3506== For lists of detected and suppressed errors, rerun with: -s
==3506== ERROR SUMMARY: 0 errors from 0 contexts (suppressed: 0 from 0)
Running valgrind on ./maps/bad/player_on_edge.cub...

[0;31m Error:[Walls check] incorrect horizontal walls
[0m [0;34mN[0;34mO[0;34m [0;34mt[0;34me[0;34mx[0;34mt[0;34mu[0;34mr[0;34me[0;34ms[0;34m/[0;34mt[0;34me[0;34ms[0;34mt[0;34m/[0;34mn[0;34mo[0;34mr[0;34mt[0;34mh[0;34m.[0;34mx[0;34mp[0;34mm
[0m[0;34mS[0;34mO[0;34m [0;34mt[0;34me[0;34mx[0;34mt[0;34mu[0;34mr[0;34me[0;34ms[0;34m/[0;34mt[0;34me[0;34ms[0;34mt[0;34m/[0;34ms[0;34mo[0;34mu[0;34mt[0;34mh[0;34m.[0;34mx[0;34mp[0;34mm
[0m[0;34mW[0;34mE[0;34m [0;34mt[0;34me[0;34mx[0;34mt[0;34mu[0;34mr[0;34me[0;34ms[0;34m/[0;34mt[0;34me[0;34ms[0;34mt[0;34m/[0;34mw[0;34me[0;34ms[0;34mt[0;34m.[0;34mx[0;34mp[0;34mm
[0m[0;34mE[0;34mA[0;34m [0;34mt[0;34me[0;34mx[0;34mt[0;34mu[0;34mr[0;34me[0;34ms[0;34m/[0;34mt[0;34me[0;34ms[0;34mt[0;34m/[0;34me[0;34ma[0;34ms[0;34mt[0;34m.[0;34mx[0;34mp[0;34mm
[0m
[0m[0;34mF[0;34m [0;34m2[0;34m0[0;34m,[0;34m2[0;34m0[0;34m,[0;34m2[0;34m0
[0m[0;34mC[0;34m [0;34m2[0;34m0[0;34m0[0;34m,[0;34m2[0;34m0[0;34m0[0;34m,[0;34m2[0;34m0[0;34m0
[0m
[0m[0;34m1[0;34mS[0;34m1[0;34m1[0;34m1
[0m[0;34m1[0;34m0[0;34m0[0;34m0[0;34m1
[0m[0;34m1[0;34m0[0;34m0[0;34m0[0;34m1
[0m[0;34m1[0;34m0[0;34m0[0;34m0[0;34m1
[0m[0;34m1[0;34m0[0;34m0[0;34m0[0;34m1
[0m[0;34m1[0;34m0[0;34m0[0;34m0[0;34m1
[0m[0;34m1[0;34m1[0;34m0[0;34m0[0;34m1
[0m[0;34m1[0;34m0[0;34m0[0;34m0[0;34m1
[0m[0;34m1[0;34m0[0;34m0[0;34m0[0;34m1
[0m[0;34m1[0;34m0[0;34m0[0;34m0[0;34m1
[0m[0;34m1[0;34m0[0;34m0[0;34m0[0;34m1
[0m[0;34m1[0;34m0[0;34m0[0;34m0[0;34m1
[0m[0;34m1[0;34m1[0;34m1[0;34m1[0;34m1
[0mExit code: 1
‚ö†Ô∏è No Valgrind alerts, but with leaks[0m  
==3509== Memcheck, a memory error detector
==3509== Copyright (C) 2002-2022, and GNU GPL'd, by Julian Seward et al.
==3509== Using Valgrind-3.22.0 and LibVEX; rerun with -h for copyright info
==3509== Command: ./cub3d ./maps/bad/player_on_edge.cub
==3509== Parent PID: 3405
==3509== 
==3509== 
==3509== HEAP SUMMARY:
==3509==     in use at exit: 598 bytes in 36 blocks
==3509==   total heap usage: 126 allocs, 90 frees, 7,925 bytes allocated
==3509== 
==3509== LEAK SUMMARY:
==3509==    definitely lost: 288 bytes in 2 blocks
==3509==    indirectly lost: 310 bytes in 34 blocks
==3509==      possibly lost: 0 bytes in 0 blocks
==3509==    still reachable: 0 bytes in 0 blocks
==3509==         suppressed: 0 bytes in 0 blocks
==3509== Rerun with --leak-check=full to see details of leaked memory
==3509== 
==3509== For lists of detected and suppressed errors, rerun with: -s
==3509== ERROR SUMMARY: 0 errors from 0 contexts (suppressed: 0 from 0)
Running valgrind on ./maps/bad/textures_dir.cub...

[0;32m[Debug info]üõ†Ô∏è  Map info üîç
[0m[0;32m[Debug info] - Map width:[0m5
[0;32m[Debug info] - Map height:[0m13
[0;32m[Debug info]üõ†Ô∏è  Starting player position info üîç
[0m[0;32m[Debug info] - Player X:[0m2
[0;32m[Debug info] - Player Y:[0m2
[0;32m[Debug info] - Player Direction:[0mS
[0;32m[Debug info]üõ†Ô∏è  Colors info c:  üîç
[0m[0;32m[Debug info]üõ†Ô∏è  Colors info f:  üîç
[0m[0;32m[Debug info]üõ†Ô∏è  Textures info:  üîç
[0m[0;32m[Debug info] texture:[0mtextures/test/north.xpm
[0;32m[Debug info] texture:[0mtextures/test/south.xpm
[0;32m[Debug info] texture:[0mtextures/test/west.xpm
[0;32m[Debug info] texture:[0mtextures/test/
[0;34mN[0;34mO[0;34m [0;34mt[0;34me[0;34mx[0;34mt[0;34mu[0;34mr[0;34me[0;34ms[0;34m/[0;34mt[0;34me[0;34ms[0;34mt[0;34m/[0;34mn[0;34mo[0;34mr[0;34mt[0;34mh[0;34m.[0;34mx[0;34mp[0;34mm
[0m[0;34mS[0;34mO[0;34m [0;34mt[0;34me[0;34mx[0;34mt[0;34mu[0;34mr[0;34me[0;34ms[0;34m/[0;34mt[0;34me[0;34ms[0;34mt[0;34m/[0;34ms[0;34mo[0;34mu[0;34mt[0;34mh[0;34m.[0;34mx[0;34mp[0;34mm
[0m[0;34mW[0;34mE[0;34m [0;34mt[0;34me[0;34mx[0;34mt[0;34mu[0;34mr[0;34me[0;34ms[0;34m/[0;34mt[0;34me[0;34ms[0;34mt[0;34m/[0;34mw[0;34me[0;34ms[0;34mt[0;34m.[0;34mx[0;34mp[0;34mm
[0m[0;34mE[0;34mA[0;34m [0;34mt[0;34me[0;34mx[0;34mt[0;34mu[0;34mr[0;34me[0;34ms[0;34m/[0;34mt[0;34me[0;34ms[0;34mt[0;34m/
[0m
[0m[0;34mF[0;34m [0;34m2[0;34m0[0;34m,[0;34m2[0;34m0[0;34m,[0;34m2[0;34m0
[0m[0;34mC[0;34m [0;34m2[0;34m0[0;34m0[0;34m,[0;34m2[0;34m0[0;34m0[0;34m,[0;34m2[0;34m0[0;34m0
[0m
[0m[0;34m1[0;34m1[0;34m1[0;34m1[0;34m1
[0m[0;34m1[0;34m0[0;34m0[0;34m0[0;34m1
[0m[0;34m1[0;34m0[0;34mS[0;34m0[0;34m1
[0m[0;34m1[0;34m0[0;34m0[0;34m0[0;34m1
[0m[0;34m1[0;34m0[0;34m0[0;34m0[0;34m1
[0m[0;34m1[0;34m0[0;34m0[0;34m0[0;34m1
[0m[0;34m1[0;34m1[0;34m0[0;34m0[0;34m1
[0m[0;34m1[0;34m0[0;34m0[0;34m0[0;34m1
[0m[0;34m1[0;34m0[0;34m0[0;34m0[0;34m1
[0m[0;34m1[0;34m0[0;34m0[0;34m0[0;34m1
[0m[0;34m1[0;34m0[0;34m0[0;34m0[0;34m1
[0m[0;34m1[0;34m0[0;34m0[0;34m0[0;34m1
[0m[0;34m1[0;34m1[0;34m1[0;34m1[0;34m1
[0m[0;34m2[0;34m0[0;34m0
[0m[0;34m2[0;34m0[0;34m0
[0m[0;34m2[0;34m0[0;34m0
[0m[0;34m2[0;34m0
[0m[0;34m2[0;34m0
[0m[0;34m2[0;34m0
[0m[0;34m1[0;34m1[0;34m1[0;34m1[0;34m1
[0m[0;34m1[0;34m0[0;34m0[0;34m0[0;34m1
[0m[0;34m1[0;34m0[0;34mS[0;34m0[0;34m1
[0m[0;34m1[0;34m0[0;34m0[0;34m0[0;34m1
[0m[0;34m1[0;34m0[0;34m0[0;34m0[0;34m1
[0m[0;34m1[0;34m0[0;34m0[0;34m0[0;34m1
[0m[0;34m1[0;34m1[0;34m0[0;34m0[0;34m1
[0m[0;34m1[0;34m0[0;34m0[0;34m0[0;34m1
[0m[0;34m1[0;34m0[0;34m0[0;34m0[0;34m1
[0m[0;34m1[0;34m0[0;34m0[0;34m0[0;34m1
[0m[0;34m1[0;34m0[0;34m0[0;34m0[0;34m1
[0m[0;34m1[0;34m0[0;34m0[0;34m0[0;34m1
[0m[0;34m1[0;34m1[0;34m1[0;34m1[0;34m1
[0mExit code: 0
‚ö†Ô∏è No Valgrind alerts, but with leaks[0m  
==3512== Memcheck, a memory error detector
==3512== Copyright (C) 2002-2022, and GNU GPL'd, by Julian Seward et al.
==3512== Using Valgrind-3.22.0 and LibVEX; rerun with -h for copyright info
==3512== Command: ./cub3d ./maps/bad/textures_dir.cub
==3512== Parent PID: 3405
==3512== 
==3512== 
==3512== HEAP SUMMARY:
==3512==     in use at exit: 868 bytes in 54 blocks
==3512==   total heap usage: 146 allocs, 92 frees, 8,198 bytes allocated
==3512== 
==3512== LEAK SUMMARY:
==3512==    definitely lost: 545 bytes in 14 blocks
==3512==    indirectly lost: 323 bytes in 40 blocks
==3512==      possibly lost: 0 bytes in 0 blocks
==3512==    still reachable: 0 bytes in 0 blocks
==3512==         suppressed: 0 bytes in 0 blocks
==3512== Rerun with --leak-check=full to see details of leaked memory
==3512== 
==3512== For lists of detected and suppressed errors, rerun with: -s
==3512== ERROR SUMMARY: 0 errors from 0 contexts (suppressed: 0 from 0)
Running valgrind on ./maps/bad/textures_duplicates.cub...

[0;32m[Debug info]üõ†Ô∏è  Map info üîç
[0m[0;32m[Debug info] - Map width:[0m5
[0;32m[Debug info] - Map height:[0m13
[0;32m[Debug info]üõ†Ô∏è  Starting player position info üîç
[0m[0;32m[Debug info] - Player X:[0m2
[0;32m[Debug info] - Player Y:[0m2
[0;32m[Debug info] - Player Direction:[0mS
[0;32m[Debug info]üõ†Ô∏è  Colors info c:  üîç
[0m[0;32m[Debug info]üõ†Ô∏è  Colors info f:  üîç
[0m[0;32m[Debug info]üõ†Ô∏è  Textures info:  üîç
[0m[0;32m[Debug info] texture:[0mtextures/test/north.xpm
[0;32m[Debug info] texture:[0mtextures/test/south.xpm
[0;32m[Debug info] texture:[0mtextures/test/west.xpm
[0;32m[Debug info] texture:[0mtextures/test/east.xpm
[0;34mN[0;34mO[0;34m [0;34mt[0;34me[0;34mx[0;34mt[0;34mu[0;34mr[0;34me[0;34ms[0;34m/[0;34mt[0;34me[0;34ms[0;34mt[0;34m/[0;34mn[0;34mo[0;34mr[0;34mt[0;34mh[0;34m.[0;34mx[0;34mp[0;34mm
[0m[0;34mS[0;34mO[0;34m [0;34mt[0;34me[0;34mx[0;34mt[0;34mu[0;34mr[0;34me[0;34ms[0;34m/[0;34mt[0;34me[0;34ms[0;34mt[0;34m/[0;34ms[0;34mo[0;34mu[0;34mt[0;34mh[0;34m.[0;34mx[0;34mp[0;34mm
[0m[0;34mW[0;34mE[0;34m [0;34mt[0;34me[0;34mx[0;34mt[0;34mu[0;34mr[0;34me[0;34ms[0;34m/[0;34mt[0;34me[0;34ms[0;34mt[0;34m/[0;34mw[0;34me[0;34ms[0;34mt[0;34m.[0;34mx[0;34mp[0;34mm
[0m[0;34mE[0;34mA[0;34m [0;34mt[0;34me[0;34mx[0;34mt[0;34mu[0;34mr[0;34me[0;34ms[0;34m/[0;34mt[0;34me[0;34ms[0;34mt[0;34m/[0;34me[0;34ma[0;34ms[0;34mt[0;34m.[0;34mx[0;34mp[0;34mm
[0m[0;34mE[0;34mA[0;34m [0;34mt[0;34me[0;34mx[0;34mt[0;34mu[0;34mr[0;34me[0;34ms[0;34m/[0;34mt[0;34me[0;34ms[0;34mt[0;34m/[0;34me[0;34ma[0;34ms[0;34mt[0;34m.[0;34mx[0;34mp[0;34mm
[0m
[0m[0;34mF[0;34m [0;34m2[0;34m0[0;34m,[0;34m2[0;34m0[0;34m,[0;34m2[0;34m0
[0m[0;34mC[0;34m [0;34m2[0;34m0[0;34m0[0;34m,[0;34m2[0;34m0[0;34m0[0;34m,[0;34m2[0;34m0[0;34m0
[0m
[0m[0;34m1[0;34m1[0;34m1[0;34m1[0;34m1
[0m[0;34m1[0;34m0[0;34m0[0;34m0[0;34m1
[0m[0;34m1[0;34m0[0;34mS[0;34m0[0;34m1
[0m[0;34m1[0;34m0[0;34m0[0;34m0[0;34m1
[0m[0;34m1[0;34m0[0;34m0[0;34m0[0;34m1
[0m[0;34m1[0;34m0[0;34m0[0;34m0[0;34m1
[0m[0;34m1[0;34m1[0;34m0[0;34m0[0;34m1
[0m[0;34m1[0;34m0[0;34m0[0;34m0[0;34m1
[0m[0;34m1[0;34m0[0;34m0[0;34m0[0;34m1
[0m[0;34m1[0;34m0[0;34m0[0;34m0[0;34m1
[0m[0;34m1[0;34m0[0;34m0[0;34m0[0;34m1
[0m[0;34m1[0;34m0[0;34m0[0;34m0[0;34m1
[0m[0;34m1[0;34m1[0;34m1[0;34m1[0;34m1
[0m[0;34m2[0;34m0[0;34m0
[0m[0;34m2[0;34m0[0;34m0
[0m[0;34m2[0;34m0[0;34m0
[0m[0;34m2[0;34m0
[0m[0;34m2[0;34m0
[0m[0;34m2[0;34m0
[0m[0;34m1[0;34m1[0;34m1[0;34m1[0;34m1
[0m[0;34m1[0;34m0[0;34m0[0;34m0[0;34m1
[0m[0;34m1[0;34m0[0;34mS[0;34m0[0;34m1
[0m[0;34m1[0;34m0[0;34m0[0;34m0[0;34m1
[0m[0;34m1[0;34m0[0;34m0[0;34m0[0;34m1
[0m[0;34m1[0;34m0[0;34m0[0;34m0[0;34m1
[0m[0;34m1[0;34m1[0;34m0[0;34m0[0;34m1
[0m[0;34m1[0;34m0[0;34m0[0;34m0[0;34m1
[0m[0;34m1[0;34m0[0;34m0[0;34m0[0;34m1
[0m[0;34m1[0;34m0[0;34m0[0;34m0[0;34m1
[0m[0;34m1[0;34m0[0;34m0[0;34m0[0;34m1
[0m[0;34m1[0;34m0[0;34m0[0;34m0[0;34m1
[0m[0;34m1[0;34m1[0;34m1[0;34m1[0;34m1
[0mExit code: 0
‚ö†Ô∏è No Valgrind alerts, but with leaks[0m  
==3515== Memcheck, a memory error detector
==3515== Copyright (C) 2002-2022, and GNU GPL'd, by Julian Seward et al.
==3515== Using Valgrind-3.22.0 and LibVEX; rerun with -h for copyright info
==3515== Command: ./cub3d ./maps/bad/textures_duplicates.cub
==3515== Parent PID: 3405
==3515== 
==3515== 
==3515== HEAP SUMMARY:
==3515==     in use at exit: 973 bytes in 57 blocks
==3515==   total heap usage: 153 allocs, 96 frees, 8,543 bytes allocated
==3515== 
==3515== LEAK SUMMARY:
==3515==    definitely lost: 615 bytes in 16 blocks
==3515==    indirectly lost: 358 bytes in 41 blocks
==3515==      possibly lost: 0 bytes in 0 blocks
==3515==    still reachable: 0 bytes in 0 blocks
==3515==         suppressed: 0 bytes in 0 blocks
==3515== Rerun with --leak-check=full to see details of leaked memory
==3515== 
==3515== For lists of detected and suppressed errors, rerun with: -s
==3515== ERROR SUMMARY: 0 errors from 0 contexts (suppressed: 0 from 0)
Running valgrind on ./maps/bad/textures_forbidden.cub...

[0;32m[Debug info]üõ†Ô∏è  Map info üîç
[0m[0;32m[Debug info] - Map width:[0m5
[0;32m[Debug info] - Map height:[0m13
[0;32m[Debug info]üõ†Ô∏è  Starting player position info üîç
[0m[0;32m[Debug info] - Player X:[0m2
[0;32m[Debug info] - Player Y:[0m2
[0;32m[Debug info] - Player Direction:[0mS
[0;32m[Debug info]üõ†Ô∏è  Colors info c:  üîç
[0m[0;32m[Debug info]üõ†Ô∏è  Colors info f:  üîç
[0m[0;32m[Debug info]üõ†Ô∏è  Textures info:  üîç
[0m[0;32m[Debug info] texture:[0mtextures/test/forbidden.xpm
[0;32m[Debug info] texture:[0mtextures/test/south.xpm
[0;32m[Debug info] texture:[0mtextures/test/west.xpm
[0;32m[Debug info] texture:[0mtextures/test/east.xpm
[0;34mN[0;34mO[0;34m [0;34mt[0;34me[0;34mx[0;34mt[0;34mu[0;34mr[0;34me[0;34ms[0;34m/[0;34mt[0;34me[0;34ms[0;34mt[0;34m/[0;34mf[0;34mo[0;34mr[0;34mb[0;34mi[0;34md[0;34md[0;34me[0;34mn[0;34m.[0;34mx[0;34mp[0;34mm
[0m[0;34mS[0;34mO[0;34m [0;34mt[0;34me[0;34mx[0;34mt[0;34mu[0;34mr[0;34me[0;34ms[0;34m/[0;34mt[0;34me[0;34ms[0;34mt[0;34m/[0;34ms[0;34mo[0;34mu[0;34mt[0;34mh[0;34m.[0;34mx[0;34mp[0;34mm
[0m[0;34mW[0;34mE[0;34m [0;34mt[0;34me[0;34mx[0;34mt[0;34mu[0;34mr[0;34me[0;34ms[0;34m/[0;34mt[0;34me[0;34ms[0;34mt[0;34m/[0;34mw[0;34me[0;34ms[0;34mt[0;34m.[0;34mx[0;34mp[0;34mm
[0m[0;34mE[0;34mA[0;34m [0;34mt[0;34me[0;34mx[0;34mt[0;34mu[0;34mr[0;34me[0;34ms[0;34m/[0;34mt[0;34me[0;34ms[0;34mt[0;34m/[0;34me[0;34ma[0;34ms[0;34mt[0;34m.[0;34mx[0;34mp[0;34mm
[0m
[0m[0;34mF[0;34m [0;34m2[0;34m0[0;34m,[0;34m2[0;34m0[0;34m,[0;34m2[0;34m0
[0m[0;34mC[0;34m [0;34m2[0;34m0[0;34m0[0;34m,[0;34m2[0;34m0[0;34m0[0;34m,[0;34m2[0;34m0[0;34m0
[0m
[0m[0;34m1[0;34m1[0;34m1[0;34m1[0;34m1
[0m[0;34m1[0;34m0[0;34m0[0;34m0[0;34m1
[0m[0;34m1[0;34m0[0;34mS[0;34m0[0;34m1
[0m[0;34m1[0;34m0[0;34m0[0;34m0[0;34m1
[0m[0;34m1[0;34m0[0;34m0[0;34m0[0;34m1
[0m[0;34m1[0;34m0[0;34m0[0;34m0[0;34m1
[0m[0;34m1[0;34m1[0;34m0[0;34m0[0;34m1
[0m[0;34m1[0;34m0[0;34m0[0;34m0[0;34m1
[0m[0;34m1[0;34m0[0;34m0[0;34m0[0;34m1
[0m[0;34m1[0;34m0[0;34m0[0;34m0[0;34m1
[0m[0;34m1[0;34m0[0;34m0[0;34m0[0;34m1
[0m[0;34m1[0;34m0[0;34m0[0;34m0[0;34m1
[0m[0;34m1[0;34m1[0;34m1[0;34m1[0;34m1
[0m[0;34m2[0;34m0[0;34m0
[0m[0;34m2[0;34m0[0;34m0
[0m[0;34m2[0;34m0[0;34m0
[0m[0;34m2[0;34m0
[0m[0;34m2[0;34m0
[0m[0;34m2[0;34m0
[0m[0;34m1[0;34m1[0;34m1[0;34m1[0;34m1
[0m[0;34m1[0;34m0[0;34m0[0;34m0[0;34m1
[0m[0;34m1[0;34m0[0;34mS[0;34m0[0;34m1
[0m[0;34m1[0;34m0[0;34m0[0;34m0[0;34m1
[0m[0;34m1[0;34m0[0;34m0[0;34m0[0;34m1
[0m[0;34m1[0;34m0[0;34m0[0;34m0[0;34m1
[0m[0;34m1[0;34m1[0;34m0[0;34m0[0;34m1
[0m[0;34m1[0;34m0[0;34m0[0;34m0[0;34m1
[0m[0;34m1[0;34m0[0;34m0[0;34m0[0;34m1
[0m[0;34m1[0;34m0[0;34m0[0;34m0[0;34m1
[0m[0;34m1[0;34m0[0;34m0[0;34m0[0;34m1
[0m[0;34m1[0;34m0[0;34m0[0;34m0[0;34m1
[0m[0;34m1[0;34m1[0;34m1[0;34m1[0;34m1
[0mExit code: 0
‚ö†Ô∏è No Valgrind alerts, but with leaks[0m  
==3532== Memcheck, a memory error detector
==3532== Copyright (C) 2002-2022, and GNU GPL'd, by Julian Seward et al.
==3532== Using Valgrind-3.22.0 and LibVEX; rerun with -h for copyright info
==3532== Command: ./cub3d ./maps/bad/textures_forbidden.cub
==3532== Parent PID: 3405
==3532== 
==3532== 
==3532== HEAP SUMMARY:
==3532==     in use at exit: 904 bytes in 54 blocks
==3532==   total heap usage: 146 allocs, 92 frees, 8,195 bytes allocated
==3532== 
==3532== LEAK SUMMARY:
==3532==    definitely lost: 569 bytes in 14 blocks
==3532==    indirectly lost: 335 bytes in 40 blocks
==3532==      possibly lost: 0 bytes in 0 blocks
==3532==    still reachable: 0 bytes in 0 blocks
==3532==         suppressed: 0 bytes in 0 blocks
==3532== Rerun with --leak-check=full to see details of leaked memory
==3532== 
==3532== For lists of detected and suppressed errors, rerun with: -s
==3532== ERROR SUMMARY: 0 errors from 0 contexts (suppressed: 0 from 0)
Running valgrind on ./maps/bad/textures_invalid.cub...

[0;32m[Debug info]üõ†Ô∏è  Map info üîç
[0m[0;32m[Debug info] - Map width:[0m5
[0;32m[Debug info] - Map height:[0m13
[0;32m[Debug info]üõ†Ô∏è  Starting player position info üîç
[0m[0;32m[Debug info] - Player X:[0m2
[0;32m[Debug info] - Player Y:[0m2
[0;32m[Debug info] - Player Direction:[0mS
[0;32m[Debug info]üõ†Ô∏è  Colors info c:  üîç
[0m[0;32m[Debug info]üõ†Ô∏è  Colors info f:  üîç
[0m[0;32m[Debug info]üõ†Ô∏è  Textures info:  üîç
[0m[0;32m[Debug info] texture:[0mtextures/test/north.xpm
[0;32m[Debug info] texture:[0mtextures/test/south.xpm
[0;32m[Debug info] texture:[0mtextures/test/x
[0;32m[Debug info] texture:[0mtextures/test/east.xpm
[0;34mN[0;34mO[0;34m [0;34mt[0;34me[0;34mx[0;34mt[0;34mu[0;34mr[0;34me[0;34ms[0;34m/[0;34mt[0;34me[0;34ms[0;34mt[0;34m/[0;34mn[0;34mo[0;34mr[0;34mt[0;34mh[0;34m.[0;34mx[0;34mp[0;34mm
[0m[0;34mS[0;34mO[0;34m [0;34mt[0;34me[0;34mx[0;34mt[0;34mu[0;34mr[0;34me[0;34ms[0;34m/[0;34mt[0;34me[0;34ms[0;34mt[0;34m/[0;34ms[0;34mo[0;34mu[0;34mt[0;34mh[0;34m.[0;34mx[0;34mp[0;34mm
[0m[0;34mW[0;34mE[0;34m [0;34mt[0;34me[0;34mx[0;34mt[0;34mu[0;34mr[0;34me[0;34ms[0;34m/[0;34mt[0;34me[0;34ms[0;34mt[0;34m/[0;34mx
[0m[0;34mE[0;34mA[0;34m [0;34mt[0;34me[0;34mx[0;34mt[0;34mu[0;34mr[0;34me[0;34ms[0;34m/[0;34mt[0;34me[0;34ms[0;34mt[0;34m/[0;34me[0;34ma[0;34ms[0;34mt[0;34m.[0;34mx[0;34mp[0;34mm
[0m
[0m[0;34mF[0;34m [0;34m2[0;34m0[0;34m,[0;34m2[0;34m0[0;34m,[0;34m2[0;34m0
[0m[0;34mC[0;34m [0;34m2[0;34m0[0;34m0[0;34m,[0;34m2[0;34m0[0;34m0[0;34m,[0;34m2[0;34m0[0;34m0
[0m
[0m[0;34m1[0;34m1[0;34m1[0;34m1[0;34m1
[0m[0;34m1[0;34m0[0;34m0[0;34m0[0;34m1
[0m[0;34m1[0;34m0[0;34mS[0;34m0[0;34m1
[0m[0;34m1[0;34m0[0;34m0[0;34m0[0;34m1
[0m[0;34m1[0;34m0[0;34m0[0;34m0[0;34m1
[0m[0;34m1[0;34m0[0;34m0[0;34m0[0;34m1
[0m[0;34m1[0;34m1[0;34m0[0;34m0[0;34m1
[0m[0;34m1[0;34m0[0;34m0[0;34m0[0;34m1
[0m[0;34m1[0;34m0[0;34m0[0;34m0[0;34m1
[0m[0;34m1[0;34m0[0;34m0[0;34m0[0;34m1
[0m[0;34m1[0;34m0[0;34m0[0;34m0[0;34m1
[0m[0;34m1[0;34m0[0;34m0[0;34m0[0;34m1
[0m[0;34m1[0;34m1[0;34m1[0;34m1[0;34m1
[0m[0;34m2[0;34m0[0;34m0
[0m[0;34m2[0;34m0[0;34m0
[0m[0;34m2[0;34m0[0;34m0
[0m[0;34m2[0;34m0
[0m[0;34m2[0;34m0
[0m[0;34m2[0;34m0
[0m[0;34m1[0;34m1[0;34m1[0;34m1[0;34m1
[0m[0;34m1[0;34m0[0;34m0[0;34m0[0;34m1
[0m[0;34m1[0;34m0[0;34mS[0;34m0[0;34m1
[0m[0;34m1[0;34m0[0;34m0[0;34m0[0;34m1
[0m[0;34m1[0;34m0[0;34m0[0;34m0[0;34m1
[0m[0;34m1[0;34m0[0;34m0[0;34m0[0;34m1
[0m[0;34m1[0;34m1[0;34m0[0;34m0[0;34m1
[0m[0;34m1[0;34m0[0;34m0[0;34m0[0;34m1
[0m[0;34m1[0;34m0[0;34m0[0;34m0[0;34m1
[0m[0;34m1[0;34m0[0;34m0[0;34m0[0;34m1
[0m[0;34m1[0;34m0[0;34m0[0;34m0[0;34m1
[0m[0;34m1[0;34m0[0;34m0[0;34m0[0;34m1
[0m[0;34m1[0;34m1[0;34m1[0;34m1[0;34m1
[0mExit code: 0
‚ö†Ô∏è No Valgrind alerts, but with leaks[0m  
==3535== Memcheck, a memory error detector
==3535== Copyright (C) 2002-2022, and GNU GPL'd, by Julian Seward et al.
==3535== Using Valgrind-3.22.0 and LibVEX; rerun with -h for copyright info
==3535== Command: ./cub3d ./maps/bad/textures_invalid.cub
==3535== Parent PID: 3405
==3535== 
==3535== 
==3535== HEAP SUMMARY:
==3535==     in use at exit: 871 bytes in 54 blocks
==3535==   total heap usage: 146 allocs, 92 frees, 8,196 bytes allocated
==3535== 
==3535== LEAK SUMMARY:
==3535==    definitely lost: 547 bytes in 14 blocks
==3535==    indirectly lost: 324 bytes in 40 blocks
==3535==      possibly lost: 0 bytes in 0 blocks
==3535==    still reachable: 0 bytes in 0 blocks
==3535==         suppressed: 0 bytes in 0 blocks
==3535== Rerun with --leak-check=full to see details of leaked memory
==3535== 
==3535== For lists of detected and suppressed errors, rerun with: -s
==3535== ERROR SUMMARY: 0 errors from 0 contexts (suppressed: 0 from 0)
Running valgrind on ./maps/bad/textures_missing.cub...

[0;31m Error:[Texture] textures are not complete
[0m [0;34mS[0;34mO[0;34m [0;34mt[0;34me[0;34mx[0;34mt[0;34mu[0;34mr[0;34me[0;34ms[0;34m/[0;34mt[0;34me[0;34ms[0;34mt[0;34m/[0;34ms[0;34mo[0;34mu[0;34mt[0;34mh[0;34m.[0;34mx[0;34mp[0;34mm
[0m[0;34mW[0;34mE[0;34m [0;34mt[0;34me[0;34mx[0;34mt[0;34mu[0;34mr[0;34me[0;34ms[0;34m/[0;34mt[0;34me[0;34ms[0;34mt[0;34m/[0;34mw[0;34me[0;34ms[0;34mt[0;34m.[0;34mx[0;34mp[0;34mm
[0m[0;34mE[0;34mA[0;34m [0;34mt[0;34me[0;34mx[0;34mt[0;34mu[0;34mr[0;34me[0;34ms[0;34m/[0;34mt[0;34me[0;34ms[0;34mt[0;34m/[0;34me[0;34ma[0;34ms[0;34mt[0;34m.[0;34mx[0;34mp[0;34mm
[0m
[0m[0;34mF[0;34m [0;34m2[0;34m0[0;34m,[0;34m2[0;34m0[0;34m,[0;34m2[0;34m0
[0m[0;34mC[0;34m [0;34m2[0;34m0[0;34m0[0;34m,[0;34m2[0;34m0[0;34m0[0;34m,[0;34m2[0;34m0[0;34m0
[0m
[0m[0;34m1[0;34m1[0;34m1[0;34m1[0;34m1
[0m[0;34m1[0;34m0[0;34m0[0;34m0[0;34m1
[0m[0;34m1[0;34m0[0;34mS[0;34m0[0;34m1
[0m[0;34m1[0;34m0[0;34m0[0;34m0[0;34m1
[0m[0;34m1[0;34m0[0;34m0[0;34m0[0;34m1
[0m[0;34m1[0;34m0[0;34m0[0;34m0[0;34m1
[0m[0;34m1[0;34m1[0;34m0[0;34m0[0;34m1
[0m[0;34m1[0;34m0[0;34m0[0;34m0[0;34m1
[0m[0;34m1[0;34m0[0;34m0[0;34m0[0;34m1
[0m[0;34m1[0;34m0[0;34m0[0;34m0[0;34m1
[0m[0;34m1[0;34m0[0;34m0[0;34m0[0;34m1
[0m[0;34m1[0;34m0[0;34m0[0;34m0[0;34m1
[0m[0;34m1[0;34m1[0;34m1[0;34m1[0;34m1
[0mExit code: 1
‚ö†Ô∏è No Valgrind alerts, but with leaks[0m  
==3550== Memcheck, a memory error detector
==3550== Copyright (C) 2002-2022, and GNU GPL'd, by Julian Seward et al.
==3550== Using Valgrind-3.22.0 and LibVEX; rerun with -h for copyright info
==3550== Command: ./cub3d ./maps/bad/textures_missing.cub
==3550== Parent PID: 3405
==3550== 
==3550== 
==3550== HEAP SUMMARY:
==3550==     in use at exit: 702 bytes in 41 blocks
==3550==   total heap usage: 127 allocs, 86 frees, 7,748 bytes allocated
==3550== 
==3550== LEAK SUMMARY:
==3550==    definitely lost: 420 bytes in 8 blocks
==3550==    indirectly lost: 282 bytes in 33 blocks
==3550==      possibly lost: 0 bytes in 0 blocks
==3550==    still reachable: 0 bytes in 0 blocks
==3550==         suppressed: 0 bytes in 0 blocks
==3550== Rerun with --leak-check=full to see details of leaked memory
==3550== 
==3550== For lists of detected and suppressed errors, rerun with: -s
==3550== ERROR SUMMARY: 0 errors from 0 contexts (suppressed: 0 from 0)
Running valgrind on ./maps/bad/textures_none.cub...

[0;31m Error:[Texture] textures are not complete
[0m [0;34mF[0;34m [0;34m2[0;34m0[0;34m,[0;34m2[0;34m0[0;34m,[0;34m2[0;34m0
[0m[0;34mC[0;34m [0;34m2[0;34m0[0;34m0[0;34m,[0;34m2[0;34m0[0;34m0[0;34m,[0;34m2[0;34m0[0;34m0
[0m
[0m[0;34m1[0;34m1[0;34m1[0;34m1[0;34m1
[0m[0;34m1[0;34m0[0;34m0[0;34m0[0;34m1
[0m[0;34m1[0;34m0[0;34mS[0;34m0[0;34m1
[0m[0;34m1[0;34m0[0;34m0[0;34m0[0;34m1
[0m[0;34m1[0;34m0[0;34m0[0;34m0[0;34m1
[0m[0;34m1[0;34m0[0;34m0[0;34m0[0;34m1
[0m[0;34m1[0;34m1[0;34m0[0;34m0[0;34m1
[0m[0;34m1[0;34m0[0;34m0[0;34m0[0;34m1
[0m[0;34m1[0;34m0[0;34m0[0;34m0[0;34m1
[0m[0;34m1[0;34m0[0;34m0[0;34m0[0;34m1
[0m[0;34m1[0;34m0[0;34m0[0;34m0[0;34m1
[0m[0;34m1[0;34m0[0;34m0[0;34m0[0;34m1
[0m[0;34m1[0;34m1[0;34m1[0;34m1[0;34m1
[0mExit code: 1
‚ö†Ô∏è No Valgrind alerts, but with leaks[0m  
==3553== Memcheck, a memory error detector
==3553== Copyright (C) 2002-2022, and GNU GPL'd, by Julian Seward et al.
==3553== Using Valgrind-3.22.0 and LibVEX; rerun with -h for copyright info
==3553== Command: ./cub3d ./maps/bad/textures_none.cub
==3553== Parent PID: 3405
==3553== 
==3553== 
==3553== HEAP SUMMARY:
==3553==     in use at exit: 446 bytes in 31 blocks
==3553==   total heap usage: 102 allocs, 71 frees, 6,634 bytes allocated
==3553== 
==3553== LEAK SUMMARY:
==3553==    definitely lost: 248 bytes in 2 blocks
==3553==    indirectly lost: 198 bytes in 29 blocks
==3553==      possibly lost: 0 bytes in 0 blocks
==3553==    still reachable: 0 bytes in 0 blocks
==3553==         suppressed: 0 bytes in 0 blocks
==3553== Rerun with --leak-check=full to see details of leaked memory
==3553== 
==3553== For lists of detected and suppressed errors, rerun with: -s
==3553== ERROR SUMMARY: 0 errors from 0 contexts (suppressed: 0 from 0)
Running valgrind on ./maps/bad/textures_not_xpm.cub...

[0;32m[Debug info]üõ†Ô∏è  Map info üîç
[0m[0;32m[Debug info] - Map width:[0m5
[0;32m[Debug info] - Map height:[0m13
[0;32m[Debug info]üõ†Ô∏è  Starting player position info üîç
[0m[0;32m[Debug info] - Player X:[0m2
[0;32m[Debug info] - Player Y:[0m2
[0;32m[Debug info] - Player Direction:[0mS
[0;32m[Debug info]üõ†Ô∏è  Colors info c:  üîç
[0m[0;32m[Debug info]üõ†Ô∏è  Colors info f:  üîç
[0m[0;32m[Debug info]üõ†Ô∏è  Textures info:  üîç
[0m[0;32m[Debug info] texture:[0mtextures/test/north
[0;32m[Debug info] texture:[0mtextures/test/south.xpm
[0;32m[Debug info] texture:[0mtextures/test/west.xpm
[0;32m[Debug info] texture:[0mtextures/test/east.xpm
[0;34mN[0;34mO[0;34m [0;34mt[0;34me[0;34mx[0;34mt[0;34mu[0;34mr[0;34me[0;34ms[0;34m/[0;34mt[0;34me[0;34ms[0;34mt[0;34m/[0;34mn[0;34mo[0;34mr[0;34mt[0;34mh
[0m[0;34mS[0;34mO[0;34m [0;34mt[0;34me[0;34mx[0;34mt[0;34mu[0;34mr[0;34me[0;34ms[0;34m/[0;34mt[0;34me[0;34ms[0;34mt[0;34m/[0;34ms[0;34mo[0;34mu[0;34mt[0;34mh[0;34m.[0;34mx[0;34mp[0;34mm
[0m[0;34mW[0;34mE[0;34m [0;34mt[0;34me[0;34mx[0;34mt[0;34mu[0;34mr[0;34me[0;34ms[0;34m/[0;34mt[0;34me[0;34ms[0;34mt[0;34m/[0;34mw[0;34me[0;34ms[0;34mt[0;34m.[0;34mx[0;34mp[0;34mm
[0m[0;34mE[0;34mA[0;34m [0;34mt[0;34me[0;34mx[0;34mt[0;34mu[0;34mr[0;34me[0;34ms[0;34m/[0;34mt[0;34me[0;34ms[0;34mt[0;34m/[0;34me[0;34ma[0;34ms[0;34mt[0;34m.[0;34mx[0;34mp[0;34mm
[0m
[0m[0;34mF[0;34m [0;34m2[0;34m0[0;34m,[0;34m2[0;34m0[0;34m,[0;34m2[0;34m0
[0m[0;34mC[0;34m [0;34m2[0;34m0[0;34m0[0;34m,[0;34m2[0;34m0[0;34m0[0;34m,[0;34m2[0;34m0[0;34m0
[0m
[0m[0;34m1[0;34m1[0;34m1[0;34m1[0;34m1
[0m[0;34m1[0;34m0[0;34m0[0;34m0[0;34m1
[0m[0;34m1[0;34m0[0;34mS[0;34m0[0;34m1
[0m[0;34m1[0;34m0[0;34m0[0;34m0[0;34m1
[0m[0;34m1[0;34m0[0;34m0[0;34m0[0;34m1
[0m[0;34m1[0;34m0[0;34m0[0;34m0[0;34m1
[0m[0;34m1[0;34m1[0;34m0[0;34m0[0;34m1
[0m[0;34m1[0;34m0[0;34m0[0;34m0[0;34m1
[0m[0;34m1[0;34m0[0;34m0[0;34m0[0;34m1
[0m[0;34m1[0;34m0[0;34m0[0;34m0[0;34m1
[0m[0;34m1[0;34m0[0;34m0[0;34m0[0;34m1
[0m[0;34m1[0;34m0[0;34m0[0;34m0[0;34m1
[0m[0;34m1[0;34m1[0;34m1[0;34m1[0;34m1
[0m[0;34m2[0;34m0[0;34m0
[0m[0;34m2[0;34m0[0;34m0
[0m[0;34m2[0;34m0[0;34m0
[0m[0;34m2[0;34m0
[0m[0;34m2[0;34m0
[0m[0;34m2[0;34m0
[0m[0;34m1[0;34m1[0;34m1[0;34m1[0;34m1
[0m[0;34m1[0;34m0[0;34m0[0;34m0[0;34m1
[0m[0;34m1[0;34m0[0;34mS[0;34m0[0;34m1
[0m[0;34m1[0;34m0[0;34m0[0;34m0[0;34m1
[0m[0;34m1[0;34m0[0;34m0[0;34m0[0;34m1
[0m[0;34m1[0;34m0[0;34m0[0;34m0[0;34m1
[0m[0;34m1[0;34m1[0;34m0[0;34m0[0;34m1
[0m[0;34m1[0;34m0[0;34m0[0;34m0[0;34m1
[0m[0;34m1[0;34m0[0;34m0[0;34m0[0;34m1
[0m[0;34m1[0;34m0[0;34m0[0;34m0[0;34m1
[0m[0;34m1[0;34m0[0;34m0[0;34m0[0;34m1
[0m[0;34m1[0;34m0[0;34m0[0;34m0[0;34m1
[0m[0;34m1[0;34m1[0;34m1[0;34m1[0;34m1
[0mExit code: 0
‚ö†Ô∏è No Valgrind alerts, but with leaks[0m  
==3556== Memcheck, a memory error detector
==3556== Copyright (C) 2002-2022, and GNU GPL'd, by Julian Seward et al.
==3556== Using Valgrind-3.22.0 and LibVEX; rerun with -h for copyright info
==3556== Command: ./cub3d ./maps/bad/textures_not_xpm.cub
==3556== Parent PID: 3405
==3556== 
==3556== 
==3556== HEAP SUMMARY:
==3556==     in use at exit: 880 bytes in 54 blocks
==3556==   total heap usage: 146 allocs, 92 frees, 8,192 bytes allocated
==3556== 
==3556== LEAK SUMMARY:
==3556==    definitely lost: 553 bytes in 14 blocks
==3556==    indirectly lost: 327 bytes in 40 blocks
==3556==      possibly lost: 0 bytes in 0 blocks
==3556==    still reachable: 0 bytes in 0 blocks
==3556==         suppressed: 0 bytes in 0 blocks
==3556== Rerun with --leak-check=full to see details of leaked memory
==3556== 
==3556== For lists of detected and suppressed errors, rerun with: -s
==3556== ERROR SUMMARY: 0 errors from 0 contexts (suppressed: 0 from 0)
Running valgrind on ./maps/bad/wall_hole_east.cub...

[0;31m Error:[Walls check] incorrect vertical walls 
[0m [0;34mN[0;34mO[0;34m [0;34mt[0;34me[0;34mx[0;34mt[0;34mu[0;34mr[0;34me[0;34ms[0;34m/[0;34mt[0;34me[0;34ms[0;34mt[0;34m/[0;34mn[0;34mo[0;34mr[0;34mt[0;34mh[0;34m.[0;34mx[0;34mp[0;34mm
[0m[0;34mS[0;34mO[0;34m [0;34mt[0;34me[0;34mx[0;34mt[0;34mu[0;34mr[0;34me[0;34ms[0;34m/[0;34mt[0;34me[0;34ms[0;34mt[0;34m/[0;34ms[0;34mo[0;34mu[0;34mt[0;34mh[0;34m.[0;34mx[0;34mp[0;34mm
[0m[0;34mW[0;34mE[0;34m [0;34mt[0;34me[0;34mx[0;34mt[0;34mu[0;34mr[0;34me[0;34ms[0;34m/[0;34mt[0;34me[0;34ms[0;34mt[0;34m/[0;34mw[0;34me[0;34ms[0;34mt[0;34m.[0;34mx[0;34mp[0;34mm
[0m[0;34mE[0;34mA[0;34m [0;34mt[0;34me[0;34mx[0;34mt[0;34mu[0;34mr[0;34me[0;34ms[0;34m/[0;34mt[0;34me[0;34ms[0;34mt[0;34m/[0;34me[0;34ma[0;34ms[0;34mt[0;34m.[0;34mx[0;34mp[0;34mm
[0m
[0m[0;34mF[0;34m [0;34m2[0;34m0[0;34m,[0;34m2[0;34m0[0;34m,[0;34m2[0;34m0
[0m[0;34mC[0;34m [0;34m2[0;34m0[0;34m0[0;34m,[0;34m2[0;34m0[0;34m0[0;34m,[0;34m2[0;34m0[0;34m0
[0m
[0m[0;34m1[0;34m1[0;34m1[0;34m1[0;34m1
[0m[0;34m1[0;34m0[0;34m0[0;34m0[0;34m1
[0m[0;34m1[0;34m0[0;34mS[0;34m0[0;34m1
[0m[0;34m1[0;34m0[0;34m0[0;34m0[0;34m1
[0m[0;34m1[0;34m0[0;34m0[0;34m0[0;34m1
[0m[0;34m1[0;34m0[0;34m0[0;34m0[0;34m1
[0m[0;34m1[0;34m1[0;34m0[0;34m0[0;34m0
[0m[0;34m1[0;34m0[0;34m0[0;34m0[0;34m1
[0m[0;34m1[0;34m0[0;34m0[0;34m0[0;34m1
[0m[0;34m1[0;34m0[0;34m0[0;34m0[0;34m1
[0m[0;34m1[0;34m0[0;34m0[0;34m0[0;34m1
[0m[0;34m1[0;34m0[0;34m0[0;34m0[0;34m1
[0m[0;34m1[0;34m1[0;34m1[0;34m1[0;34m1
[0mExit code: 1
‚ö†Ô∏è No Valgrind alerts, but with leaks[0m  
==3559== Memcheck, a memory error detector
==3559== Copyright (C) 2002-2022, and GNU GPL'd, by Julian Seward et al.
==3559== Using Valgrind-3.22.0 and LibVEX; rerun with -h for copyright info
==3559== Command: ./cub3d ./maps/bad/wall_hole_east.cub
==3559== Parent PID: 3405
==3559== 
==3559== 
==3559== HEAP SUMMARY:
==3559==     in use at exit: 598 bytes in 36 blocks
==3559==   total heap usage: 126 allocs, 90 frees, 7,925 bytes allocated
==3559== 
==3559== LEAK SUMMARY:
==3559==    definitely lost: 288 bytes in 2 blocks
==3559==    indirectly lost: 310 bytes in 34 blocks
==3559==      possibly lost: 0 bytes in 0 blocks
==3559==    still reachable: 0 bytes in 0 blocks
==3559==         suppressed: 0 bytes in 0 blocks
==3559== Rerun with --leak-check=full to see details of leaked memory
==3559== 
==3559== For lists of detected and suppressed errors, rerun with: -s
==3559== ERROR SUMMARY: 0 errors from 0 contexts (suppressed: 0 from 0)
Running valgrind on ./maps/bad/wall_hole_north.cub...

[0;31m Error:[Walls check] incorrect horizontal walls
[0m [0;34mN[0;34mO[0;34m [0;34mt[0;34me[0;34mx[0;34mt[0;34mu[0;34mr[0;34me[0;34ms[0;34m/[0;34mt[0;34me[0;34ms[0;34mt[0;34m/[0;34mn[0;34mo[0;34mr[0;34mt[0;34mh[0;34m.[0;34mx[0;34mp[0;34mm
[0m[0;34mS[0;34mO[0;34m [0;34mt[0;34me[0;34mx[0;34mt[0;34mu[0;34mr[0;34me[0;34ms[0;34m/[0;34mt[0;34me[0;34ms[0;34mt[0;34m/[0;34ms[0;34mo[0;34mu[0;34mt[0;34mh[0;34m.[0;34mx[0;34mp[0;34mm
[0m[0;34mW[0;34mE[0;34m [0;34mt[0;34me[0;34mx[0;34mt[0;34mu[0;34mr[0;34me[0;34ms[0;34m/[0;34mt[0;34me[0;34ms[0;34mt[0;34m/[0;34mw[0;34me[0;34ms[0;34mt[0;34m.[0;34mx[0;34mp[0;34mm
[0m[0;34mE[0;34mA[0;34m [0;34mt[0;34me[0;34mx[0;34mt[0;34mu[0;34mr[0;34me[0;34ms[0;34m/[0;34mt[0;34me[0;34ms[0;34mt[0;34m/[0;34me[0;34ma[0;34ms[0;34mt[0;34m.[0;34mx[0;34mp[0;34mm
[0m
[0m[0;34mF[0;34m [0;34m2[0;34m0[0;34m,[0;34m2[0;34m0[0;34m,[0;34m2[0;34m0
[0m[0;34mC[0;34m [0;34m2[0;34m0[0;34m0[0;34m,[0;34m2[0;34m0[0;34m0[0;34m,[0;34m2[0;34m0[0;34m0
[0m
[0m[0;34m1[0;34m1[0;34m0[0;34m1[0;34m1
[0m[0;34m1[0;34m0[0;34m0[0;34m0[0;34m1
[0m[0;34m1[0;34m0[0;34mS[0;34m0[0;34m1
[0m[0;34m1[0;34m0[0;34m0[0;34m0[0;34m1
[0m[0;34m1[0;34m0[0;34m0[0;34m0[0;34m1
[0m[0;34m1[0;34m0[0;34m0[0;34m0[0;34m1
[0m[0;34m1[0;34m1[0;34m0[0;34m0[0;34m1
[0m[0;34m1[0;34m0[0;34m0[0;34m0[0;34m1
[0m[0;34m1[0;34m0[0;34m0[0;34m0[0;34m1
[0m[0;34m1[0;34m0[0;34m0[0;34m0[0;34m1
[0m[0;34m1[0;34m0[0;34m0[0;34m0[0;34m1
[0m[0;34m1[0;34m0[0;34m0[0;34m0[0;34m1
[0m[0;34m1[0;34m1[0;34m1[0;34m1[0;34m1
[0mExit code: 1
‚ö†Ô∏è No Valgrind alerts, but with leaks[0m  
==3562== Memcheck, a memory error detector
==3562== Copyright (C) 2002-2022, and GNU GPL'd, by Julian Seward et al.
==3562== Using Valgrind-3.22.0 and LibVEX; rerun with -h for copyright info
==3562== Command: ./cub3d ./maps/bad/wall_hole_north.cub
==3562== Parent PID: 3405
==3562== 
==3562== 
==3562== HEAP SUMMARY:
==3562==     in use at exit: 598 bytes in 36 blocks
==3562==   total heap usage: 126 allocs, 90 frees, 7,925 bytes allocated
==3562== 
==3562== LEAK SUMMARY:
==3562==    definitely lost: 288 bytes in 2 blocks
==3562==    indirectly lost: 310 bytes in 34 blocks
==3562==      possibly lost: 0 bytes in 0 blocks
==3562==    still reachable: 0 bytes in 0 blocks
==3562==         suppressed: 0 bytes in 0 blocks
==3562== Rerun with --leak-check=full to see details of leaked memory
==3562== 
==3562== For lists of detected and suppressed errors, rerun with: -s
==3562== ERROR SUMMARY: 0 errors from 0 contexts (suppressed: 0 from 0)
Running valgrind on ./maps/bad/wall_hole_south.cub...

[0;31m Error:[Walls check] incorrect horizontal walls
[0m [0;34mN[0;34mO[0;34m [0;34mt[0;34me[0;34mx[0;34mt[0;34mu[0;34mr[0;34me[0;34ms[0;34m/[0;34mt[0;34me[0;34ms[0;34mt[0;34m/[0;34mn[0;34mo[0;34mr[0;34mt[0;34mh[0;34m.[0;34mx[0;34mp[0;34mm
[0m[0;34mS[0;34mO[0;34m [0;34mt[0;34me[0;34mx[0;34mt[0;34mu[0;34mr[0;34me[0;34ms[0;34m/[0;34mt[0;34me[0;34ms[0;34mt[0;34m/[0;34ms[0;34mo[0;34mu[0;34mt[0;34mh[0;34m.[0;34mx[0;34mp[0;34mm
[0m[0;34mW[0;34mE[0;34m [0;34mt[0;34me[0;34mx[0;34mt[0;34mu[0;34mr[0;34me[0;34ms[0;34m/[0;34mt[0;34me[0;34ms[0;34mt[0;34m/[0;34mw[0;34me[0;34ms[0;34mt[0;34m.[0;34mx[0;34mp[0;34mm
[0m[0;34mE[0;34mA[0;34m [0;34mt[0;34me[0;34mx[0;34mt[0;34mu[0;34mr[0;34me[0;34ms[0;34m/[0;34mt[0;34me[0;34ms[0;34mt[0;34m/[0;34me[0;34ma[0;34ms[0;34mt[0;34m.[0;34mx[0;34mp[0;34mm
[0m
[0m[0;34mF[0;34m [0;34m2[0;34m0[0;34m,[0;34m2[0;34m0[0;34m,[0;34m2[0;34m0
[0m[0;34mC[0;34m [0;34m2[0;34m0[0;34m0[0;34m,[0;34m2[0;34m0[0;34m0[0;34m,[0;34m2[0;34m0[0;34m0
[0m
[0m[0;34m1[0;34m1[0;34m1[0;34m1[0;34m1
[0m[0;34m1[0;34m0[0;34m0[0;34m0[0;34m1
[0m[0;34m1[0;34m0[0;34mS[0;34m0[0;34m1
[0m[0;34m1[0;34m0[0;34m0[0;34m0[0;34m1
[0m[0;34m1[0;34m0[0;34m0[0;34m0[0;34m1
[0m[0;34m1[0;34m0[0;34m0[0;34m0[0;34m1
[0m[0;34m1[0;34m1[0;34m0[0;34m0[0;34m1
[0m[0;34m1[0;34m0[0;34m0[0;34m0[0;34m1
[0m[0;34m1[0;34m0[0;34m0[0;34m0[0;34m1
[0m[0;34m1[0;34m0[0;34m0[0;34m0[0;34m1
[0m[0;34m1[0;34m0[0;34m0[0;34m0[0;34m1
[0m[0;34m1[0;34m0[0;34m0[0;34m0[0;34m1
[0m[0;34m1[0;34m1[0;34m0[0;34m1[0;34m1
[0mExit code: 1
‚ö†Ô∏è No Valgrind alerts, but with leaks[0m  
==3565== Memcheck, a memory error detector
==3565== Copyright (C) 2002-2022, and GNU GPL'd, by Julian Seward et al.
==3565== Using Valgrind-3.22.0 and LibVEX; rerun with -h for copyright info
==3565== Command: ./cub3d ./maps/bad/wall_hole_south.cub
==3565== Parent PID: 3405
==3565== 
==3565== 
==3565== HEAP SUMMARY:
==3565==     in use at exit: 598 bytes in 36 blocks
==3565==   total heap usage: 126 allocs, 90 frees, 7,925 bytes allocated
==3565== 
==3565== LEAK SUMMARY:
==3565==    definitely lost: 288 bytes in 2 blocks
==3565==    indirectly lost: 310 bytes in 34 blocks
==3565==      possibly lost: 0 bytes in 0 blocks
==3565==    still reachable: 0 bytes in 0 blocks
==3565==         suppressed: 0 bytes in 0 blocks
==3565== Rerun with --leak-check=full to see details of leaked memory
==3565== 
==3565== For lists of detected and suppressed errors, rerun with: -s
==3565== ERROR SUMMARY: 0 errors from 0 contexts (suppressed: 0 from 0)
Running valgrind on ./maps/bad/wall_hole_west.cub...

[0;31m Error:[Map check in file] Invalid map placement or format
[0m [0;34mN[0;34mO[0;34m [0;34mt[0;34me[0;34mx[0;34mt[0;34mu[0;34mr[0;34me[0;34ms[0;34m/[0;34mt[0;34me[0;34ms[0;34mt[0;34m/[0;34mn[0;34mo[0;34mr[0;34mt[0;34mh[0;34m.[0;34mx[0;34mp[0;34mm
[0m[0;34mS[0;34mO[0;34m [0;34mt[0;34me[0;34mx[0;34mt[0;34mu[0;34mr[0;34me[0;34ms[0;34m/[0;34mt[0;34me[0;34ms[0;34mt[0;34m/[0;34ms[0;34mo[0;34mu[0;34mt[0;34mh[0;34m.[0;34mx[0;34mp[0;34mm
[0m[0;34mW[0;34mE[0;34m [0;34mt[0;34me[0;34mx[0;34mt[0;34mu[0;34mr[0;34me[0;34ms[0;34m/[0;34mt[0;34me[0;34ms[0;34mt[0;34m/[0;34mw[0;34me[0;34ms[0;34mt[0;34m.[0;34mx[0;34mp[0;34mm
[0m[0;34mE[0;34mA[0;34m [0;34mt[0;34me[0;34mx[0;34mt[0;34mu[0;34mr[0;34me[0;34ms[0;34m/[0;34mt[0;34me[0;34ms[0;34mt[0;34m/[0;34me[0;34ma[0;34ms[0;34mt[0;34m.[0;34mx[0;34mp[0;34mm
[0m
[0m[0;34mF[0;34m [0;34m2[0;34m0[0;34m,[0;34m2[0;34m0[0;34m,[0;34m2[0;34m0
[0m[0;34mC[0;34m [0;34m2[0;34m0[0;34m0[0;34m,[0;34m2[0;34m0[0;34m0[0;34m,[0;34m2[0;34m0[0;34m0
[0m
[0m[0;34m1[0;34m1[0;34m1[0;34m1[0;34m1
[0m[0;34m1[0;34m0[0;34m0[0;34m0[0;34m1
[0m[0;34m1[0;34m0[0;34mS[0;34m0[0;34m1
[0m[0;34m1[0;34m0[0;34m0[0;34m0[0;34m1
[0m[0;34m1[0;34m0[0;34m0[0;34m0[0;34m1
[0m[0;34m0[0;34m0[0;34m0[0;34m0[0;34m1
[0m[0;34m1[0;34m1[0;34m0[0;34m0[0;34m1
[0m[0;34m1[0;34m0[0;34m0[0;34m0[0;34m1
[0m[0;34m1[0;34m0[0;34m0[0;34m0[0;34m1
[0m[0;34m1[0;34m0[0;34m0[0;34m0[0;34m1
[0m[0;34m1[0;34m0[0;34m0[0;34m0[0;34m1
[0m[0;34m1[0;34m0[0;34m0[0;34m0[0;34m1
[0m[0;34m1[0;34m1[0;34m1[0;34m1[0;34m1
[0mExit code: 1
‚ö†Ô∏è No Valgrind alerts, but with leaks[0m  
==3581== Memcheck, a memory error detector
==3581== Copyright (C) 2002-2022, and GNU GPL'd, by Julian Seward et al.
==3581== Using Valgrind-3.22.0 and LibVEX; rerun with -h for copyright info
==3581== Command: ./cub3d ./maps/bad/wall_hole_west.cub
==3581== Parent PID: 3405
==3581== 
==3581== 
==3581== HEAP SUMMARY:
==3581==     in use at exit: 408 bytes in 22 blocks
==3581==   total heap usage: 99 allocs, 77 frees, 7,657 bytes allocated
==3581== 
==3581== LEAK SUMMARY:
==3581==    definitely lost: 176 bytes in 1 blocks
==3581==    indirectly lost: 232 bytes in 21 blocks
==3581==      possibly lost: 0 bytes in 0 blocks
==3581==    still reachable: 0 bytes in 0 blocks
==3581==         suppressed: 0 bytes in 0 blocks
==3581== Rerun with --leak-check=full to see details of leaked memory
==3581== 
==3581== For lists of detected and suppressed errors, rerun with: -s
==3581== ERROR SUMMARY: 0 errors from 0 contexts (suppressed: 0 from 0)
Running valgrind on ./maps/bad/wall_none.cub...

[0;31m Error:[Map start] No map or incorrect placement
[0m [0;34mN[0;34mO[0;34m [0;34mt[0;34me[0;34mx[0;34mt[0;34mu[0;34mr[0;34me[0;34ms[0;34m/[0;34mt[0;34me[0;34ms[0;34mt[0;34m/[0;34mn[0;34mo[0;34mr[0;34mt[0;34mh[0;34m.[0;34mx[0;34mp[0;34mm
[0m[0;34mS[0;34mO[0;34m [0;34mt[0;34me[0;34mx[0;34mt[0;34mu[0;34mr[0;34me[0;34ms[0;34m/[0;34mt[0;34me[0;34ms[0;34mt[0;34m/[0;34ms[0;34mo[0;34mu[0;34mt[0;34mh[0;34m.[0;34mx[0;34mp[0;34mm
[0m[0;34mW[0;34mE[0;34m [0;34mt[0;34me[0;34mx[0;34mt[0;34mu[0;34mr[0;34me[0;34ms[0;34m/[0;34mt[0;34me[0;34ms[0;34mt[0;34m/[0;34mw[0;34me[0;34ms[0;34mt[0;34m.[0;34mx[0;34mp[0;34mm
[0m[0;34mE[0;34mA[0;34m [0;34mt[0;34me[0;34mx[0;34mt[0;34mu[0;34mr[0;34me[0;34ms[0;34m/[0;34mt[0;34me[0;34ms[0;34mt[0;34m/[0;34me[0;34ma[0;34ms[0;34mt[0;34m.[0;34mx[0;34mp[0;34mm
[0m
[0m[0;34mF[0;34m [0;34m2[0;34m0[0;34m,[0;34m2[0;34m0[0;34m,[0;34m2[0;34m0
[0m[0;34mC[0;34m [0;34m2[0;34m0[0;34m0[0;34m,[0;34m2[0;34m0[0;34m0[0;34m,[0;34m2[0;34m0[0;34m0
[0m
[0m[0;34m0[0;34m0[0;34m0[0;34m0[0;34m0
[0m[0;34m0[0;34m0[0;34m0[0;34m0[0;34m0
[0m[0;34m0[0;34m0[0;34mS[0;34m0[0;34m0
[0m[0;34m0[0;34m0[0;34m0[0;34m0[0;34m0
[0m[0;34m0[0;34m0[0;34m0[0;34m0[0;34m0
[0m[0;34m0[0;34m0[0;34m0[0;34m0[0;34m0
[0m[0;34m0[0;34m0[0;34m0[0;34m0[0;34m0
[0m[0;34m0[0;34m0[0;34m0[0;34m0[0;34m0
[0m[0;34m0[0;34m0[0;34m0[0;34m0[0;34m0
[0m[0;34m0[0;34m0[0;34m0[0;34m0[0;34m0
[0m[0;34m0[0;34m0[0;34m0[0;34m0[0;34m0
[0m[0;34m0[0;34m0[0;34m0[0;34m0[0;34m0
[0m[0;34m0[0;34m0[0;34m0[0;34m0[0;34m0
[0mExit code: 1
‚ö†Ô∏è No Valgrind alerts, but with leaks[0m  
==3595== Memcheck, a memory error detector
==3595== Copyright (C) 2002-2022, and GNU GPL'd, by Julian Seward et al.
==3595== Using Valgrind-3.22.0 and LibVEX; rerun with -h for copyright info
==3595== Command: ./cub3d ./maps/bad/wall_none.cub
==3595== Parent PID: 3405
==3595== 
==3595== 
==3595== HEAP SUMMARY:
==3595==     in use at exit: 408 bytes in 22 blocks
==3595==   total heap usage: 99 allocs, 77 frees, 7,657 bytes allocated
==3595== 
==3595== LEAK SUMMARY:
==3595==    definitely lost: 176 bytes in 1 blocks
==3595==    indirectly lost: 232 bytes in 21 blocks
==3595==      possibly lost: 0 bytes in 0 blocks
==3595==    still reachable: 0 bytes in 0 blocks
==3595==         suppressed: 0 bytes in 0 blocks
==3595== Rerun with --leak-check=full to see details of leaked memory
==3595== 
==3595== For lists of detected and suppressed errors, rerun with: -s
==3595== ERROR SUMMARY: 0 errors from 0 contexts (suppressed: 0 from 0)
Valgrind tests completed. Results saved to test_output.txt.
Starting Valgrind tests...
Running valgrind on ./maps/bad/color_invalid_rgb.cub...

[0;31m Error:[Color] color number out of range
[0m [0;34mN[0;34mO[0;34m [0;34mt[0;34me[0;34mx[0;34mt[0;34mu[0;34mr[0;34me[0;34ms[0;34m/[0;34mt[0;34me[0;34ms[0;34mt[0;34m/[0;34mn[0;34mo[0;34mr[0;34mt[0;34mh[0;34m.[0;34mx[0;34mp[0;34mm
[0m[0;34mS[0;34mO[0;34m [0;34mt[0;34me[0;34mx[0;34mt[0;34mu[0;34mr[0;34me[0;34ms[0;34m/[0;34mt[0;34me[0;34ms[0;34mt[0;34m/[0;34ms[0;34mo[0;34mu[0;34mt[0;34mh[0;34m.[0;34mx[0;34mp[0;34mm
[0m[0;34mW[0;34mE[0;34m [0;34mt[0;34me[0;34mx[0;34mt[0;34mu[0;34mr[0;34me[0;34ms[0;34m/[0;34mt[0;34me[0;34ms[0;34mt[0;34m/[0;34mw[0;34me[0;34ms[0;34mt[0;34m.[0;34mx[0;34mp[0;34mm
[0m[0;34mE[0;34mA[0;34m [0;34mt[0;34me[0;34mx[0;34mt[0;34mu[0;34mr[0;34me[0;34ms[0;34m/[0;34mt[0;34me[0;34ms[0;34mt[0;34m/[0;34me[0;34ma[0;34ms[0;34mt[0;34m.[0;34mx[0;34mp[0;34mm
[0m
[0m[0;34mF[0;34m [0;34m2[0;34m0[0;34m,[0;34m2[0;34m0[0;34m,[0;34m-[0;34m2[0;34m0
[0m[0;34mC[0;34m [0;34m2[0;34m0[0;34m0[0;34m,[0;34m2[0;34m0[0;34m0[0;34m,[0;34m2[0;34m0[0;34m0
[0m
[0m[0;34m1[0;34m1[0;34m1[0;34m1[0;34m1
[0m[0;34m1[0;34m0[0;34m0[0;34m0[0;34m1
[0m[0;34m1[0;34m0[0;34mS[0;34m0[0;34m1
[0m[0;34m1[0;34m0[0;34m0[0;34m0[0;34m1
[0m[0;34m1[0;34m0[0;34m0[0;34m0[0;34m1
[0m[0;34m1[0;34m0[0;34m0[0;34m0[0;34m1
[0m[0;34m1[0;34m1[0;34m0[0;34m0[0;34m1
[0m[0;34m1[0;34m0[0;34m0[0;34m0[0;34m1
[0m[0;34m1[0;34m0[0;34m0[0;34m0[0;34m1
[0m[0;34m1[0;34m0[0;34m0[0;34m0[0;34m1
[0m[0;34m1[0;34m0[0;34m0[0;34m0[0;34m1
[0m[0;34m1[0;34m0[0;34m0[0;34m0[0;34m1
[0m[0;34m1[0;34m1[0;34m1[0;34m1[0;34m1
[0mExit code: 1
‚ö†Ô∏è No Valgrind alerts, but with leaks[0m  
==4453== Memcheck, a memory error detector
==4453== Copyright (C) 2002-2022, and GNU GPL'd, by Julian Seward et al.
==4453== Using Valgrind-3.22.0 and LibVEX; rerun with -h for copyright info
==4453== Command: ./cub3d ./maps/bad/color_invalid_rgb.cub
==4453== Parent PID: 4451
==4453== 
==4453== 
==4453== HEAP SUMMARY:
==4453==     in use at exit: 895 bytes in 54 blocks
==4453==   total heap usage: 146 allocs, 92 frees, 8,229 bytes allocated
==4453== 
==4453== LEAK SUMMARY:
==4453==    definitely lost: 562 bytes in 14 blocks
==4453==    indirectly lost: 333 bytes in 40 blocks
==4453==      possibly lost: 0 bytes in 0 blocks
==4453==    still reachable: 0 bytes in 0 blocks
==4453==         suppressed: 0 bytes in 0 blocks
==4453== Rerun with --leak-check=full to see details of leaked memory
==4453== 
==4453== For lists of detected and suppressed errors, rerun with: -s
==4453== ERROR SUMMARY: 0 errors from 0 contexts (suppressed: 0 from 0)
Running valgrind on ./maps/bad/color_missing_ceiling_rgb.cub...

[0;31m Error:[Color] incorrect numbers
[0m [0;34mN[0;34mO[0;34m [0;34mt[0;34me[0;34mx[0;34mt[0;34mu[0;34mr[0;34me[0;34ms[0;34m/[0;34mt[0;34me[0;34ms[0;34mt[0;34m/[0;34mn[0;34mo[0;34mr[0;34mt[0;34mh[0;34m.[0;34mx[0;34mp[0;34mm
[0m[0;34mS[0;34mO[0;34m [0;34mt[0;34me[0;34mx[0;34mt[0;34mu[0;34mr[0;34me[0;34ms[0;34m/[0;34mt[0;34me[0;34ms[0;34mt[0;34m/[0;34ms[0;34mo[0;34mu[0;34mt[0;34mh[0;34m.[0;34mx[0;34mp[0;34mm
[0m[0;34mW[0;34mE[0;34m [0;34mt[0;34me[0;34mx[0;34mt[0;34mu[0;34mr[0;34me[0;34ms[0;34m/[0;34mt[0;34me[0;34ms[0;34mt[0;34m/[0;34mw[0;34me[0;34ms[0;34mt[0;34m.[0;34mx[0;34mp[0;34mm
[0m[0;34mE[0;34mA[0;34m [0;34mt[0;34me[0;34mx[0;34mt[0;34mu[0;34mr[0;34me[0;34ms[0;34m/[0;34mt[0;34me[0;34ms[0;34mt[0;34m/[0;34me[0;34ma[0;34ms[0;34mt[0;34m.[0;34mx[0;34mp[0;34mm
[0m
[0m[0;34mF[0;34m [0;34m2[0;34m0[0;34m,[0;34m2[0;34m0[0;34m,[0;34m2[0;34m0
[0m[0;34mC[0;34m [0;34m2[0;34m0[0;34m0[0;34m,[0;34m2[0;34m0[0;34m0[0;34m,
[0m
[0m[0;34m1[0;34m1[0;34m1[0;34m1[0;34m1
[0m[0;34m1[0;34m0[0;34m0[0;34m0[0;34m1
[0m[0;34m1[0;34m0[0;34mS[0;34m0[0;34m1
[0m[0;34m1[0;34m0[0;34m0[0;34m0[0;34m1
[0m[0;34m1[0;34m0[0;34m0[0;34m0[0;34m1
[0m[0;34m1[0;34m0[0;34m0[0;34m0[0;34m1
[0m[0;34m1[0;34m1[0;34m0[0;34m0[0;34m1
[0m[0;34m1[0;34m0[0;34m0[0;34m0[0;34m1
[0m[0;34m1[0;34m0[0;34m0[0;34m0[0;34m1
[0m[0;34m1[0;34m0[0;34m0[0;34m0[0;34m1
[0m[0;34m1[0;34m0[0;34m0[0;34m0[0;34m1
[0m[0;34m1[0;34m0[0;34m0[0;34m0[0;34m1
[0m[0;34m1[0;34m1[0;34m1[0;34m1[0;34m1
[0mExit code: 1
‚ö†Ô∏è No Valgrind alerts, but with leaks[0m  
==4456== Memcheck, a memory error detector
==4456== Copyright (C) 2002-2022, and GNU GPL'd, by Julian Seward et al.
==4456== Using Valgrind-3.22.0 and LibVEX; rerun with -h for copyright info
==4456== Command: ./cub3d ./maps/bad/color_missing_ceiling_rgb.cub
==4456== Parent PID: 4451
==4456== 
==4456== 
==4456== HEAP SUMMARY:
==4456==     in use at exit: 874 bytes in 53 blocks
==4456==   total heap usage: 145 allocs, 92 frees, 8,176 bytes allocated
==4456== 
==4456== LEAK SUMMARY:
==4456==    definitely lost: 550 bytes in 14 blocks
==4456==    indirectly lost: 324 bytes in 39 blocks
==4456==      possibly lost: 0 bytes in 0 blocks
==4456==    still reachable: 0 bytes in 0 blocks
==4456==         suppressed: 0 bytes in 0 blocks
==4456== Rerun with --leak-check=full to see details of leaked memory
==4456== 
==4456== For lists of detected and suppressed errors, rerun with: -s
==4456== ERROR SUMMARY: 0 errors from 0 contexts (suppressed: 0 from 0)
Running valgrind on ./maps/bad/color_missing.cub...

[0;31m Error:[Color] colors are not complete
[0m [0;34mN[0;34mO[0;34m [0;34mt[0;34me[0;34mx[0;34mt[0;34mu[0;34mr[0;34me[0;34ms[0;34m/[0;34mt[0;34me[0;34ms[0;34mt[0;34m/[0;34mn[0;34mo[0;34mr[0;34mt[0;34mh[0;34m.[0;34mx[0;34mp[0;34mm
[0m[0;34mS[0;34mO[0;34m [0;34mt[0;34me[0;34mx[0;34mt[0;34mu[0;34mr[0;34me[0;34ms[0;34m/[0;34mt[0;34me[0;34ms[0;34mt[0;34m/[0;34ms[0;34mo[0;34mu[0;34mt[0;34mh[0;34m.[0;34mx[0;34mp[0;34mm
[0m[0;34mW[0;34mE[0;34m [0;34mt[0;34me[0;34mx[0;34mt[0;34mu[0;34mr[0;34me[0;34ms[0;34m/[0;34mt[0;34me[0;34ms[0;34mt[0;34m/[0;34mw[0;34me[0;34ms[0;34mt[0;34m.[0;34mx[0;34mp[0;34mm
[0m[0;34mE[0;34mA[0;34m [0;34mt[0;34me[0;34mx[0;34mt[0;34mu[0;34mr[0;34me[0;34ms[0;34m/[0;34mt[0;34me[0;34ms[0;34mt[0;34m/[0;34me[0;34ma[0;34ms[0;34mt[0;34m.[0;34mx[0;34mp[0;34mm
[0m
[0m[0;34mC[0;34m [0;34m2[0;34m0[0;34m0[0;34m,[0;34m2[0;34m0[0;34m0[0;34m,[0;34m2[0;34m0[0;34m0
[0m
[0m[0;34m1[0;34m1[0;34m1[0;34m1[0;34m1
[0m[0;34m1[0;34m0[0;34m0[0;34m0[0;34m1
[0m[0;34m1[0;34m0[0;34mS[0;34m0[0;34m1
[0m[0;34m1[0;34m0[0;34m0[0;34m0[0;34m1
[0m[0;34m1[0;34m0[0;34m0[0;34m0[0;34m1
[0m[0;34m1[0;34m0[0;34m0[0;34m0[0;34m1
[0m[0;34m1[0;34m1[0;34m0[0;34m0[0;34m1
[0m[0;34m1[0;34m0[0;34m0[0;34m0[0;34m1
[0m[0;34m1[0;34m0[0;34m0[0;34m0[0;34m1
[0m[0;34m1[0;34m0[0;34m0[0;34m0[0;34m1
[0m[0;34m1[0;34m0[0;34m0[0;34m0[0;34m1
[0m[0;34m1[0;34m0[0;34m0[0;34m0[0;34m1
[0m[0;34m1[0;34m1[0;34m1[0;34m1[0;34m1
[0mExit code: 1
‚ö†Ô∏è No Valgrind alerts, but with leaks[0m  
==4473== Memcheck, a memory error detector
==4473== Copyright (C) 2002-2022, and GNU GPL'd, by Julian Seward et al.
==4473== Using Valgrind-3.22.0 and LibVEX; rerun with -h for copyright info
==4473== Command: ./cub3d ./maps/bad/color_missing.cub
==4473== Parent PID: 4451
==4473== 
==4473== 
==4473== HEAP SUMMARY:
==4473==     in use at exit: 822 bytes in 48 blocks
==4473==   total heap usage: 136 allocs, 88 frees, 7,970 bytes allocated
==4473== 
==4473== LEAK SUMMARY:
==4473==    definitely lost: 512 bytes in 12 blocks
==4473==    indirectly lost: 310 bytes in 36 blocks
==4473==      possibly lost: 0 bytes in 0 blocks
==4473==    still reachable: 0 bytes in 0 blocks
==4473==         suppressed: 0 bytes in 0 blocks
==4473== Rerun with --leak-check=full to see details of leaked memory
==4473== 
==4473== For lists of detected and suppressed errors, rerun with: -s
==4473== ERROR SUMMARY: 0 errors from 0 contexts (suppressed: 0 from 0)
Running valgrind on ./maps/bad/color_missing_floor_rgb.cub...

[0;31m Error:[Color] incorrect numbers
[0m [0;34mN[0;34mO[0;34m [0;34mt[0;34me[0;34mx[0;34mt[0;34mu[0;34mr[0;34me[0;34ms[0;34m/[0;34mt[0;34me[0;34ms[0;34mt[0;34m/[0;34mn[0;34mo[0;34mr[0;34mt[0;34mh[0;34m.[0;34mx[0;34mp[0;34mm
[0m[0;34mS[0;34mO[0;34m [0;34mt[0;34me[0;34mx[0;34mt[0;34mu[0;34mr[0;34me[0;34ms[0;34m/[0;34mt[0;34me[0;34ms[0;34mt[0;34m/[0;34ms[0;34mo[0;34mu[0;34mt[0;34mh[0;34m.[0;34mx[0;34mp[0;34mm
[0m[0;34mW[0;34mE[0;34m [0;34mt[0;34me[0;34mx[0;34mt[0;34mu[0;34mr[0;34me[0;34ms[0;34m/[0;34mt[0;34me[0;34ms[0;34mt[0;34m/[0;34mw[0;34me[0;34ms[0;34mt[0;34m.[0;34mx[0;34mp[0;34mm
[0m[0;34mE[0;34mA[0;34m [0;34mt[0;34me[0;34mx[0;34mt[0;34mu[0;34mr[0;34me[0;34ms[0;34m/[0;34mt[0;34me[0;34ms[0;34mt[0;34m/[0;34me[0;34ma[0;34ms[0;34mt[0;34m.[0;34mx[0;34mp[0;34mm
[0m
[0m[0;34mF[0;34m [0;34m2[0;34m0[0;34m,[0;34m2[0;34m0
[0m[0;34mC[0;34m [0;34m2[0;34m0[0;34m0[0;34m,[0;34m2[0;34m0[0;34m0[0;34m,[0;34m2[0;34m0[0;34m0
[0m
[0m[0;34m1[0;34m1[0;34m1[0;34m1[0;34m1
[0m[0;34m1[0;34m0[0;34m0[0;34m0[0;34m1
[0m[0;34m1[0;34m0[0;34mS[0;34m0[0;34m1
[0m[0;34m1[0;34m0[0;34m0[0;34m0[0;34m1
[0m[0;34m1[0;34m0[0;34m0[0;34m0[0;34m1
[0m[0;34m1[0;34m0[0;34m0[0;34m0[0;34m1
[0m[0;34m1[0;34m1[0;34m0[0;34m0[0;34m1
[0m[0;34m1[0;34m0[0;34m0[0;34m0[0;34m1
[0m[0;34m1[0;34m0[0;34m0[0;34m0[0;34m1
[0m[0;34m1[0;34m0[0;34m0[0;34m0[0;34m1
[0m[0;34m1[0;34m0[0;34m0[0;34m0[0;34m1
[0m[0;34m1[0;34m0[0;34m0[0;34m0[0;34m1
[0m[0;34m1[0;34m1[0;34m1[0;34m1[0;34m1
[0mExit code: 1
‚ö†Ô∏è No Valgrind alerts, but with leaks[0m  
==4487== Memcheck, a memory error detector
==4487== Copyright (C) 2002-2022, and GNU GPL'd, by Julian Seward et al.
==4487== Using Valgrind-3.22.0 and LibVEX; rerun with -h for copyright info
==4487== Command: ./cub3d ./maps/bad/color_missing_floor_rgb.cub
==4487== Parent PID: 4451
==4487== 
==4487== 
==4487== HEAP SUMMARY:
==4487==     in use at exit: 875 bytes in 53 blocks
==4487==   total heap usage: 145 allocs, 92 frees, 8,183 bytes allocated
==4487== 
==4487== LEAK SUMMARY:
==4487==    definitely lost: 550 bytes in 14 blocks
==4487==    indirectly lost: 325 bytes in 39 blocks
==4487==      possibly lost: 0 bytes in 0 blocks
==4487==    still reachable: 0 bytes in 0 blocks
==4487==         suppressed: 0 bytes in 0 blocks
==4487== Rerun with --leak-check=full to see details of leaked memory
==4487== 
==4487== For lists of detected and suppressed errors, rerun with: -s
==4487== ERROR SUMMARY: 0 errors from 0 contexts (suppressed: 0 from 0)
Running valgrind on ./maps/bad/color_none.cub...

[0;31m Error:[Color] colors are not complete
[0m [0;34mN[0;34mO[0;34m [0;34mt[0;34me[0;34mx[0;34mt[0;34mu[0;34mr[0;34me[0;34ms[0;34m/[0;34mt[0;34me[0;34ms[0;34mt[0;34m/[0;34mn[0;34mo[0;34mr[0;34mt[0;34mh[0;34m.[0;34mx[0;34mp[0;34mm
[0m[0;34mS[0;34mO[0;34m [0;34mt[0;34me[0;34mx[0;34mt[0;34mu[0;34mr[0;34me[0;34ms[0;34m/[0;34mt[0;34me[0;34ms[0;34mt[0;34m/[0;34ms[0;34mo[0;34mu[0;34mt[0;34mh[0;34m.[0;34mx[0;34mp[0;34mm
[0m[0;34mW[0;34mE[0;34m [0;34mt[0;34me[0;34mx[0;34mt[0;34mu[0;34mr[0;34me[0;34ms[0;34m/[0;34mt[0;34me[0;34ms[0;34mt[0;34m/[0;34mw[0;34me[0;34ms[0;34mt[0;34m.[0;34mx[0;34mp[0;34mm
[0m[0;34mE[0;34mA[0;34m [0;34mt[0;34me[0;34mx[0;34mt[0;34mu[0;34mr[0;34me[0;34ms[0;34m/[0;34mt[0;34me[0;34ms[0;34mt[0;34m/[0;34me[0;34ma[0;34ms[0;34mt[0;34m.[0;34mx[0;34mp[0;34mm
[0m
[0m[0;34m1[0;34m1[0;34m1[0;34m1[0;34m1
[0m[0;34m1[0;34m0[0;34m0[0;34m0[0;34m1
[0m[0;34m1[0;34m0[0;34mS[0;34m0[0;34m1
[0m[0;34m1[0;34m0[0;34m0[0;34m0[0;34m1
[0m[0;34m1[0;34m0[0;34m0[0;34m0[0;34m1
[0m[0;34m1[0;34m0[0;34m0[0;34m0[0;34m1
[0m[0;34m1[0;34m1[0;34m0[0;34m0[0;34m1
[0m[0;34m1[0;34m0[0;34m0[0;34m0[0;34m1
[0m[0;34m1[0;34m0[0;34m0[0;34m0[0;34m1
[0m[0;34m1[0;34m0[0;34m0[0;34m0[0;34m1
[0m[0;34m1[0;34m0[0;34m0[0;34m0[0;34m1
[0m[0;34m1[0;34m0[0;34m0[0;34m0[0;34m1
[0m[0;34m1[0;34m1[0;34m1[0;34m1[0;34m1
[0mExit code: 1
‚ö†Ô∏è No Valgrind alerts, but with leaks[0m  
==4490== Memcheck, a memory error detector
==4490== Copyright (C) 2002-2022, and GNU GPL'd, by Julian Seward et al.
==4490== Using Valgrind-3.22.0 and LibVEX; rerun with -h for copyright info
==4490== Command: ./cub3d ./maps/bad/color_none.cub
==4490== Parent PID: 4451
==4490== 
==4490== 
==4490== HEAP SUMMARY:
==4490==     in use at exit: 733 bytes in 41 blocks
==4490==   total heap usage: 121 allocs, 80 frees, 7,386 bytes allocated
==4490== 
==4490== LEAK SUMMARY:
==4490==    definitely lost: 452 bytes in 10 blocks
==4490==    indirectly lost: 281 bytes in 31 blocks
==4490==      possibly lost: 0 bytes in 0 blocks
==4490==    still reachable: 0 bytes in 0 blocks
==4490==         suppressed: 0 bytes in 0 blocks
==4490== Rerun with --leak-check=full to see details of leaked memory
==4490== 
==4490== For lists of detected and suppressed errors, rerun with: -s
==4490== ERROR SUMMARY: 0 errors from 0 contexts (suppressed: 0 from 0)
Running valgrind on ./maps/bad/empty.cub...
[0;31m Error:[Read file] file is empty
[0m Exit code: 1
[0;32m‚úÖ No Valgrind alerts, no leaks[0m  
==4518== Memcheck, a memory error detector
==4518== Copyright (C) 2002-2022, and GNU GPL'd, by Julian Seward et al.
==4518== Using Valgrind-3.22.0 and LibVEX; rerun with -h for copyright info
==4518== Command: ./cub3d ./maps/bad/empty.cub
==4518== Parent PID: 4451
==4518== 
==4518== 
==4518== HEAP SUMMARY:
==4518==     in use at exit: 0 bytes in 0 blocks
==4518==   total heap usage: 5 allocs, 5 frees, 170 bytes allocated
==4518== 
==4518== All heap blocks were freed -- no leaks are possible
==4518== 
==4518== For lists of detected and suppressed errors, rerun with: -s
==4518== ERROR SUMMARY: 0 errors from 0 contexts (suppressed: 0 from 0)
Running valgrind on ./maps/bad/file_letter_end.cub...

[0;32m[Debug info]üõ†Ô∏è  Map info üîç
[0m[0;32m[Debug info] - Map width:[0m5
[0;32m[Debug info] - Map height:[0m27
[0;32m[Debug info]üõ†Ô∏è  Starting player position info üîç
[0m[0;32m[Debug info] - Player X:[0m2
[0;32m[Debug info] - Player Y:[0m2
[0;32m[Debug info] - Player Direction:[0mS
[0;32m[Debug info]üõ†Ô∏è  Colors info c:  üîç
[0m[0;32m[Debug info]üõ†Ô∏è  Colors info f:  üîç
[0m[0;32m[Debug info]üõ†Ô∏è  Textures info:  üîç
[0m[0;32m[Debug info] texture:[0mtextures/test/north.xpm
[0;32m[Debug info] texture:[0mtextures/test/south.xpm
[0;32m[Debug info] texture:[0mtextures/test/west.xpm
[0;32m[Debug info] texture:[0mtextures/test/east.xpm
[0;34mN[0;34mO[0;34m [0;34mt[0;34me[0;34mx[0;34mt[0;34mu[0;34mr[0;34me[0;34ms[0;34m/[0;34mt[0;34me[0;34ms[0;34mt[0;34m/[0;34mn[0;34mo[0;34mr[0;34mt[0;34mh[0;34m.[0;34mx[0;34mp[0;34mm
[0m[0;34mS[0;34mO[0;34m [0;34mt[0;34me[0;34mx[0;34mt[0;34mu[0;34mr[0;34me[0;34ms[0;34m/[0;34mt[0;34me[0;34ms[0;34mt[0;34m/[0;34ms[0;34mo[0;34mu[0;34mt[0;34mh[0;34m.[0;34mx[0;34mp[0;34mm
[0m[0;34mW[0;34mE[0;34m [0;34mt[0;34me[0;34mx[0;34mt[0;34mu[0;34mr[0;34me[0;34ms[0;34m/[0;34mt[0;34me[0;34ms[0;34mt[0;34m/[0;34mw[0;34me[0;34ms[0;34mt[0;34m.[0;34mx[0;34mp[0;34mm
[0m[0;34mE[0;34mA[0;34m [0;34mt[0;34me[0;34mx[0;34mt[0;34mu[0;34mr[0;34me[0;34ms[0;34m/[0;34mt[0;34me[0;34ms[0;34mt[0;34m/[0;34me[0;34ma[0;34ms[0;34mt[0;34m.[0;34mx[0;34mp[0;34mm
[0m
[0m[0;34mF[0;34m [0;34m2[0;34m0[0;34m,[0;34m2[0;34m0[0;34m,[0;34m2[0;34m0
[0m[0;34mC[0;34m [0;34m2[0;34m0[0;34m0[0;34m,[0;34m2[0;34m0[0;34m0[0;34m,[0;34m2[0;34m0[0;34m0
[0m
[0m[0;34m1[0;34m1[0;34m1[0;34m1[0;34m1
[0m[0;34m1[0;34m0[0;34m0[0;34m0[0;34m1
[0m[0;34m1[0;34m0[0;34mS[0;34m0[0;34m1
[0m[0;34m1[0;34m0[0;34m0[0;34m0[0;34m1
[0m[0;34m1[0;34m0[0;34m0[0;34m0[0;34m1
[0m[0;34m1[0;34m0[0;34m0[0;34m0[0;34m1
[0m[0;34m1[0;34m1[0;34m0[0;34m0[0;34m1
[0m[0;34m1[0;34m0[0;34m0[0;34m0[0;34m1
[0m[0;34m1[0;34m0[0;34m0[0;34m0[0;34m1
[0m[0;34m1[0;34m0[0;34m0[0;34m0[0;34m1
[0m[0;34m1[0;34m0[0;34m0[0;34m0[0;34m1
[0m[0;34m1[0;34m0[0;34m0[0;34m0[0;34m1
[0m[0;34m1[0;34m1[0;34m1[0;34m1[0;34m1
[0m
[0m
[0m
[0m
[0m
[0m
[0m
[0m
[0m
[0m
[0m
[0m
[0m
[0m[0;34m1
[0m[0;34m2[0;34m0[0;34m0
[0m[0;34m2[0;34m0[0;34m0
[0m[0;34m2[0;34m0[0;34m0
[0m[0;34m2[0;34m0
[0m[0;34m2[0;34m0
[0m[0;34m2[0;34m0
[0m[0;34m1[0;34m1[0;34m1[0;34m1[0;34m1
[0m[0;34m1[0;34m0[0;34m0[0;34m0[0;34m1
[0m[0;34m1[0;34m0[0;34mS[0;34m0[0;34m1
[0m[0;34m1[0;34m0[0;34m0[0;34m0[0;34m1
[0m[0;34m1[0;34m0[0;34m0[0;34m0[0;34m1
[0m[0;34m1[0;34m0[0;34m0[0;34m0[0;34m1
[0m[0;34m1[0;34m1[0;34m0[0;34m0[0;34m1
[0m[0;34m1[0;34m0[0;34m0[0;34m0[0;34m1
[0m[0;34m1[0;34m0[0;34m0[0;34m0[0;34m1
[0m[0;34m1[0;34m0[0;34m0[0;34m0[0;34m1
[0m[0;34m1[0;34m0[0;34m0[0;34m0[0;34m1
[0m[0;34m1[0;34m0[0;34m0[0;34m0[0;34m1
[0m[0;34m1[0;34m1[0;34m1[0;34m1[0;34m1
[0m[0;34m1[0;34m1[0;34m1[0;34m1[0;34m1
[0m[0;34m1[0;34m1[0;34m1[0;34m1[0;34m1
[0m[0;34m1[0;34m1[0;34m1[0;34m1[0;34m1
[0m[0;34m1[0;34m1[0;34m1[0;34m1[0;34m1
[0m[0;34m1[0;34m1[0;34m1[0;34m1[0;34m1
[0m[0;34m1[0;34m1[0;34m1[0;34m1[0;34m1
[0m[0;34m1[0;34m1[0;34m1[0;34m1[0;34m1
[0m[0;34m1[0;34m1[0;34m1[0;34m1[0;34m1
[0m[0;34m1[0;34m1[0;34m1[0;34m1[0;34m1
[0m[0;34m1[0;34m1[0;34m1[0;34m1[0;34m1
[0m[0;34m1[0;34m1[0;34m1[0;34m1[0;34m1
[0m[0;34m1[0;34m1[0;34m1[0;34m1[0;34m1
[0m[0;34m1[0;34m1[0;34m1[0;34m1[0;34m1
[0m[0;34m1[0;34m1[0;34m1[0;34m1[0;34m1
[0mExit code: 0
‚ö†Ô∏è No Valgrind alerts, but with leaks[0m  
==4521== Memcheck, a memory error detector
==4521== Copyright (C) 2002-2022, and GNU GPL'd, by Julian Seward et al.
==4521== Using Valgrind-3.22.0 and LibVEX; rerun with -h for copyright info
==4521== Command: ./cub3d ./maps/bad/file_letter_end.cub
==4521== Parent PID: 4451
==4521== 
==4521== 
==4521== HEAP SUMMARY:
==4521==     in use at exit: 1,229 bytes in 82 blocks
==4521==   total heap usage: 231 allocs, 149 frees, 12,243 bytes allocated
==4521== 
==4521== LEAK SUMMARY:
==4521==    definitely lost: 785 bytes in 14 blocks
==4521==    indirectly lost: 444 bytes in 68 blocks
==4521==      possibly lost: 0 bytes in 0 blocks
==4521==    still reachable: 0 bytes in 0 blocks
==4521==         suppressed: 0 bytes in 0 blocks
==4521== Rerun with --leak-check=full to see details of leaked memory
==4521== 
==4521== For lists of detected and suppressed errors, rerun with: -s
==4521== ERROR SUMMARY: 0 errors from 0 contexts (suppressed: 0 from 0)
Running valgrind on ./maps/bad/filetype_missing...
[0;31m Error:[Check args] no map or invalid map extension
[0m Exit code: 1
[0;32m‚úÖ No Valgrind alerts, no leaks[0m  
==4546== Memcheck, a memory error detector
==4546== Copyright (C) 2002-2022, and GNU GPL'd, by Julian Seward et al.
==4546== Using Valgrind-3.22.0 and LibVEX; rerun with -h for copyright info
==4546== Command: ./cub3d ./maps/bad/filetype_missing
==4546== Parent PID: 4451
==4546== 
==4546== 
==4546== HEAP SUMMARY:
==4546==     in use at exit: 0 bytes in 0 blocks
==4546==   total heap usage: 3 allocs, 3 frees, 144 bytes allocated
==4546== 
==4546== All heap blocks were freed -- no leaks are possible
==4546== 
==4546== For lists of detected and suppressed errors, rerun with: -s
==4546== ERROR SUMMARY: 0 errors from 0 contexts (suppressed: 0 from 0)
Running valgrind on ./maps/bad/filetype_wrong.buc...
[0;31m Error:[Check args] no map or invalid map extension
[0m Exit code: 1
[0;32m‚úÖ No Valgrind alerts, no leaks[0m  
==4556== Memcheck, a memory error detector
==4556== Copyright (C) 2002-2022, and GNU GPL'd, by Julian Seward et al.
==4556== Using Valgrind-3.22.0 and LibVEX; rerun with -h for copyright info
==4556== Command: ./cub3d ./maps/bad/filetype_wrong.buc
==4556== Parent PID: 4451
==4556== 
==4556== 
==4556== HEAP SUMMARY:
==4556==     in use at exit: 0 bytes in 0 blocks
==4556==   total heap usage: 3 allocs, 3 frees, 144 bytes allocated
==4556== 
==4556== All heap blocks were freed -- no leaks are possible
==4556== 
==4556== For lists of detected and suppressed errors, rerun with: -s
==4556== ERROR SUMMARY: 0 errors from 0 contexts (suppressed: 0 from 0)
Running valgrind on ./maps/bad/forbidden.cub...

[0;32m[Debug info]üõ†Ô∏è  Map info üîç
[0m[0;32m[Debug info] - Map width:[0m12
[0;32m[Debug info] - Map height:[0m8
[0;32m[Debug info]üõ†Ô∏è  Starting player position info üîç
[0m[0;32m[Debug info] - Player X:[0m2
[0;32m[Debug info] - Player Y:[0m4
[0;32m[Debug info] - Player Direction:[0mS
[0;32m[Debug info]üõ†Ô∏è  Colors info c:  üîç
[0m[0;32m[Debug info]üõ†Ô∏è  Colors info f:  üîç
[0m[0;32m[Debug info]üõ†Ô∏è  Textures info:  üîç
[0m[0;32m[Debug info] texture:[0mtextures/wolfenstein/grey_stone.xpm
[0;32m[Debug info] texture:[0mtextures/wolfenstein/purple_stone.xpm
[0;32m[Debug info] texture:[0mtextures/wolfenstein/red_brick.xpm
[0;32m[Debug info] texture:[0mtextures/wolfenstein/wood.xpm
[0;34mN[0;34mO[0;34m [0;34mt[0;34me[0;34mx[0;34mt[0;34mu[0;34mr[0;34me[0;34ms[0;34m/[0;34mw[0;34mo[0;34ml[0;34mf[0;34me[0;34mn[0;34ms[0;34mt[0;34me[0;34mi[0;34mn[0;34m/[0;34mg[0;34mr[0;34me[0;34my[0;34m_[0;34ms[0;34mt[0;34mo[0;34mn[0;34me[0;34m.[0;34mx[0;34mp[0;34mm
[0m[0;34mS[0;34mO[0;34m [0;34mt[0;34me[0;34mx[0;34mt[0;34mu[0;34mr[0;34me[0;34ms[0;34m/[0;34mw[0;34mo[0;34ml[0;34mf[0;34me[0;34mn[0;34ms[0;34mt[0;34me[0;34mi[0;34mn[0;34m/[0;34mp[0;34mu[0;34mr[0;34mp[0;34ml[0;34me[0;34m_[0;34ms[0;34mt[0;34mo[0;34mn[0;34me[0;34m.[0;34mx[0;34mp[0;34mm
[0m[0;34mW[0;34mE[0;34m [0;34mt[0;34me[0;34mx[0;34mt[0;34mu[0;34mr[0;34me[0;34ms[0;34m/[0;34mw[0;34mo[0;34ml[0;34mf[0;34me[0;34mn[0;34ms[0;34mt[0;34me[0;34mi[0;34mn[0;34m/[0;34mr[0;34me[0;34md[0;34m_[0;34mb[0;34mr[0;34mi[0;34mc[0;34mk[0;34m.[0;34mx[0;34mp[0;34mm
[0m[0;34mE[0;34mA[0;34m [0;34mt[0;34me[0;34mx[0;34mt[0;34mu[0;34mr[0;34me[0;34ms[0;34m/[0;34mw[0;34mo[0;34ml[0;34mf[0;34me[0;34mn[0;34ms[0;34mt[0;34me[0;34mi[0;34mn[0;34m/[0;34mw[0;34mo[0;34mo[0;34md[0;34m.[0;34mx[0;34mp[0;34mm
[0m
[0m[0;34mF[0;34m [0;34m1[0;34m8[0;34m,[0;34m5[0;34m3[0;34m,[0;34m2[0;34m5
[0m[0;34mC[0;34m [0;34m1[0;34m5[0;34m3[0;34m,[0;34m2[0;34m0[0;34m4[0;34m,[0;34m2[0;34m5[0;34m5
[0m
[0m[0;34m1[0;34m1[0;34m1[0;34m1[0;34m1[0;34m1[0;34m1[0;34m1[0;34m1[0;34m1[0;34m1[0;34m1
[0m[0;34m1[0;34m [0;34m [0;34m [0;34m [0;34m [0;34m [0;34m [0;34m [0;34m [0;34m1[0;34m1
[0m[0;34m1[0;34m [0;34m [0;34m [0;34m [0;34m [0;34m [0;34m [0;34m [0;34m [0;34m [0;34m1
[0m[0;34m1[0;34m1[0;34m1[0;34m1[0;34m1[0;34m1[0;34m1[0;34m1[0;34m1[0;34m1[0;34m1[0;34m1
[0m[0;34m1[0;34m0[0;34mS[0;34m0[0;34m0[0;34m0[0;34m0[0;34m0[0;34m0[0;34m0[0;34m0[0;34m1
[0m[0;34m1[0;34m1[0;34m1[0;34m1[0;34m1[0;34m1[0;34m1[0;34m1[0;34m1[0;34m1[0;34m1[0;34m1
[0m[0;34m1[0;34m1[0;34m [0;34m [0;34m [0;34m [0;34m [0;34m [0;34m [0;34m [0;34m [0;34m1
[0m[0;34m1[0;34m1[0;34m1[0;34m1[0;34m1[0;34m1[0;34m1[0;34m1[0;34m1[0;34m1[0;34m1[0;34m1
[0m[0;34m1[0;34m5[0;34m3
[0m[0;34m2[0;34m0[0;34m4
[0m[0;34m2[0;34m5[0;34m5
[0m[0;34m1[0;34m8
[0m[0;34m5[0;34m3
[0m[0;34m2[0;34m5
[0m[0;34m1[0;34m1[0;34m1[0;34m1[0;34m1[0;34m1[0;34m1[0;34m1[0;34m1[0;34m1[0;34m1[0;34m1
[0m[0;34m1[0;34m1[0;34m1[0;34m1[0;34m1[0;34m1[0;34m1[0;34m1[0;34m1[0;34m1[0;34m1[0;34m1
[0m[0;34m1[0;34m1[0;34m1[0;34m1[0;34m1[0;34m1[0;34m1[0;34m1[0;34m1[0;34m1[0;34m1[0;34m1
[0m[0;34m1[0;34m1[0;34m1[0;34m1[0;34m1[0;34m1[0;34m1[0;34m1[0;34m1[0;34m1[0;34m1[0;34m1
[0m[0;34m1[0;34m0[0;34mS[0;34m0[0;34m0[0;34m0[0;34m0[0;34m0[0;34m0[0;34m0[0;34m0[0;34m1
[0m[0;34m1[0;34m1[0;34m1[0;34m1[0;34m1[0;34m1[0;34m1[0;34m1[0;34m1[0;34m1[0;34m1[0;34m1
[0m[0;34m1[0;34m1[0;34m1[0;34m1[0;34m1[0;34m1[0;34m1[0;34m1[0;34m1[0;34m1[0;34m1[0;34m1
[0m[0;34m1[0;34m1[0;34m1[0;34m1[0;34m1[0;34m1[0;34m1[0;34m1[0;34m1[0;34m1[0;34m1[0;34m1
[0mExit code: 0
‚ö†Ô∏è No Valgrind alerts, but with leaks[0m  
==4566== Memcheck, a memory error detector
==4566== Copyright (C) 2002-2022, and GNU GPL'd, by Julian Seward et al.
==4566== Using Valgrind-3.22.0 and LibVEX; rerun with -h for copyright info
==4566== Command: ./cub3d ./maps/bad/forbidden.cub
==4566== Parent PID: 4451
==4566== 
==4566== 
==4566== HEAP SUMMARY:
==4566==     in use at exit: 994 bytes in 44 blocks
==4566==   total heap usage: 119 allocs, 75 frees, 7,519 bytes allocated
==4566== 
==4566== LEAK SUMMARY:
==4566==    definitely lost: 571 bytes in 14 blocks
==4566==    indirectly lost: 423 bytes in 30 blocks
==4566==      possibly lost: 0 bytes in 0 blocks
==4566==    still reachable: 0 bytes in 0 blocks
==4566==         suppressed: 0 bytes in 0 blocks
==4566== Rerun with --leak-check=full to see details of leaked memory
==4566== 
==4566== For lists of detected and suppressed errors, rerun with: -s
==4566== ERROR SUMMARY: 0 errors from 0 contexts (suppressed: 0 from 0)
Running valgrind on ./maps/bad/map_first.cub...

[0;31m Error:[Map start] No map or incorrect placement
[0m [0;34m1[0;34m1[0;34m1[0;34m1[0;34m1
[0m[0;34m1[0;34m0[0;34m0[0;34m0[0;34m1
[0m[0;34m1[0;34m0[0;34mS[0;34m0[0;34m1
[0m[0;34m1[0;34m0[0;34m0[0;34m0[0;34m1
[0m[0;34m1[0;34m0[0;34m0[0;34m0[0;34m1
[0m[0;34m1[0;34m0[0;34m0[0;34m0[0;34m1
[0m[0;34m1[0;34m1[0;34m0[0;34m0[0;34m1
[0m[0;34m1[0;34m0[0;34m0[0;34m0[0;34m1
[0m[0;34m1[0;34m0[0;34m0[0;34m0[0;34m1
[0m[0;34m1[0;34m0[0;34m0[0;34m0[0;34m1
[0m[0;34m1[0;34m0[0;34m0[0;34m0[0;34m1
[0m[0;34m1[0;34m0[0;34m0[0;34m0[0;34m1
[0m[0;34m1[0;34m1[0;34m1[0;34m1[0;34m1
[0m
[0m[0;34mN[0;34mO[0;34m [0;34mt[0;34me[0;34mx[0;34mt[0;34mu[0;34mr[0;34me[0;34ms[0;34m/[0;34mt[0;34me[0;34ms[0;34mt[0;34m/[0;34mn[0;34mo[0;34mr[0;34mt[0;34mh[0;34m.[0;34mx[0;34mp[0;34mm
[0m[0;34mS[0;34mO[0;34m [0;34mt[0;34me[0;34mx[0;34mt[0;34mu[0;34mr[0;34me[0;34ms[0;34m/[0;34mt[0;34me[0;34ms[0;34mt[0;34m/[0;34ms[0;34mo[0;34mu[0;34mt[0;34mh[0;34m.[0;34mx[0;34mp[0;34mm
[0m[0;34mW[0;34mE[0;34m [0;34mt[0;34me[0;34mx[0;34mt[0;34mu[0;34mr[0;34me[0;34ms[0;34m/[0;34mt[0;34me[0;34ms[0;34mt[0;34m/[0;34mw[0;34me[0;34ms[0;34mt[0;34m.[0;34mx[0;34mp[0;34mm
[0m[0;34mE[0;34mA[0;34m [0;34mt[0;34me[0;34mx[0;34mt[0;34mu[0;34mr[0;34me[0;34ms[0;34m/[0;34mt[0;34me[0;34ms[0;34mt[0;34m/[0;34me[0;34ma[0;34ms[0;34mt[0;34m.[0;34mx[0;34mp[0;34mm
[0m
[0m[0;34mF[0;34m [0;34m2[0;34m0[0;34m,[0;34m2[0;34m0[0;34m,[0;34m2[0;34m0
[0m[0;34mC[0;34m [0;34m2[0;34m0[0;34m0[0;34m,[0;34m2[0;34m0[0;34m0[0;34m,[0;34m2[0;34m0[0;34m0
[0mExit code: 1
‚ö†Ô∏è No Valgrind alerts, but with leaks[0m  
==4569== Memcheck, a memory error detector
==4569== Copyright (C) 2002-2022, and GNU GPL'd, by Julian Seward et al.
==4569== Using Valgrind-3.22.0 and LibVEX; rerun with -h for copyright info
==4569== Command: ./cub3d ./maps/bad/map_first.cub
==4569== Parent PID: 4451
==4569== 
==4569== 
==4569== HEAP SUMMARY:
==4569==     in use at exit: 408 bytes in 22 blocks
==4569==   total heap usage: 99 allocs, 77 frees, 7,572 bytes allocated
==4569== 
==4569== LEAK SUMMARY:
==4569==    definitely lost: 176 bytes in 1 blocks
==4569==    indirectly lost: 232 bytes in 21 blocks
==4569==      possibly lost: 0 bytes in 0 blocks
==4569==    still reachable: 0 bytes in 0 blocks
==4569==         suppressed: 0 bytes in 0 blocks
==4569== Rerun with --leak-check=full to see details of leaked memory
==4569== 
==4569== For lists of detected and suppressed errors, rerun with: -s
==4569== ERROR SUMMARY: 0 errors from 0 contexts (suppressed: 0 from 0)
Running valgrind on ./maps/bad/map_middle.cub...

[0;31m Error:[Map check in file] Invalid map placement or format
[0m [0;34mN[0;34mO[0;34m [0;34mt[0;34me[0;34mx[0;34mt[0;34mu[0;34mr[0;34me[0;34ms[0;34m/[0;34mt[0;34me[0;34ms[0;34mt[0;34m/[0;34mn[0;34mo[0;34mr[0;34mt[0;34mh[0;34m.[0;34mx[0;34mp[0;34mm
[0m[0;34mS[0;34mO[0;34m [0;34mt[0;34me[0;34mx[0;34mt[0;34mu[0;34mr[0;34me[0;34ms[0;34m/[0;34mt[0;34me[0;34ms[0;34mt[0;34m/[0;34ms[0;34mo[0;34mu[0;34mt[0;34mh[0;34m.[0;34mx[0;34mp[0;34mm
[0m[0;34mW[0;34mE[0;34m [0;34mt[0;34me[0;34mx[0;34mt[0;34mu[0;34mr[0;34me[0;34ms[0;34m/[0;34mt[0;34me[0;34ms[0;34mt[0;34m/[0;34mw[0;34me[0;34ms[0;34mt[0;34m.[0;34mx[0;34mp[0;34mm
[0m[0;34mE[0;34mA[0;34m [0;34mt[0;34me[0;34mx[0;34mt[0;34mu[0;34mr[0;34me[0;34ms[0;34m/[0;34mt[0;34me[0;34ms[0;34mt[0;34m/[0;34me[0;34ma[0;34ms[0;34mt[0;34m.[0;34mx[0;34mp[0;34mm
[0m
[0m[0;34m1[0;34m1[0;34m1[0;34m1[0;34m1
[0m[0;34m1[0;34m0[0;34m0[0;34m0[0;34m1
[0m[0;34m1[0;34m0[0;34mS[0;34m0[0;34m1
[0m[0;34m1[0;34m0[0;34m0[0;34m0[0;34m1
[0m[0;34m1[0;34m0[0;34m0[0;34m0[0;34m1
[0m[0;34m1[0;34m0[0;34m0[0;34m0[0;34m1
[0m[0;34m1[0;34m1[0;34m0[0;34m0[0;34m1
[0m[0;34m1[0;34m0[0;34m0[0;34m0[0;34m1
[0m[0;34m1[0;34m0[0;34m0[0;34m0[0;34m1
[0m[0;34m1[0;34m0[0;34m0[0;34m0[0;34m1
[0m[0;34m1[0;34m0[0;34m0[0;34m0[0;34m1
[0m[0;34m1[0;34m0[0;34m0[0;34m0[0;34m1
[0m[0;34m1[0;34m1[0;34m1[0;34m1[0;34m1
[0m
[0m[0;34mF[0;34m [0;34m2[0;34m0[0;34m,[0;34m2[0;34m0[0;34m,[0;34m2[0;34m0
[0m[0;34mC[0;34m [0;34m2[0;34m0[0;34m0[0;34m,[0;34m2[0;34m0[0;34m0[0;34m,[0;34m2[0;34m0[0;34m0
[0m
[0m
[0mExit code: 1
‚ö†Ô∏è No Valgrind alerts, but with leaks[0m  
==4572== Memcheck, a memory error detector
==4572== Copyright (C) 2002-2022, and GNU GPL'd, by Julian Seward et al.
==4572== Using Valgrind-3.22.0 and LibVEX; rerun with -h for copyright info
==4572== Command: ./cub3d ./maps/bad/map_middle.cub
==4572== Parent PID: 4451
==4572== 
==4572== 
==4572== HEAP SUMMARY:
==4572==     in use at exit: 428 bytes in 24 blocks
==4572==   total heap usage: 107 allocs, 83 frees, 8,059 bytes allocated
==4572== 
==4572== LEAK SUMMARY:
==4572==    definitely lost: 192 bytes in 1 blocks
==4572==    indirectly lost: 236 bytes in 23 blocks
==4572==      possibly lost: 0 bytes in 0 blocks
==4572==    still reachable: 0 bytes in 0 blocks
==4572==         suppressed: 0 bytes in 0 blocks
==4572== Rerun with --leak-check=full to see details of leaked memory
==4572== 
==4572== For lists of detected and suppressed errors, rerun with: -s
==4572== ERROR SUMMARY: 0 errors from 0 contexts (suppressed: 0 from 0)
Running valgrind on ./maps/bad/map_missing.cub...

[0;31m Error:[Map start] No map or incorrect placement
[0m [0;34mN[0;34mO[0;34m [0;34mt[0;34me[0;34mx[0;34mt[0;34mu[0;34mr[0;34me[0;34ms[0;34m/[0;34mt[0;34me[0;34ms[0;34mt[0;34m/[0;34mn[0;34mo[0;34mr[0;34mt[0;34mh[0;34m.[0;34mx[0;34mp[0;34mm
[0m[0;34mS[0;34mO[0;34m [0;34mt[0;34me[0;34mx[0;34mt[0;34mu[0;34mr[0;34me[0;34ms[0;34m/[0;34mt[0;34me[0;34ms[0;34mt[0;34m/[0;34ms[0;34mo[0;34mu[0;34mt[0;34mh[0;34m.[0;34mx[0;34mp[0;34mm
[0m[0;34mW[0;34mE[0;34m [0;34mt[0;34me[0;34mx[0;34mt[0;34mu[0;34mr[0;34me[0;34ms[0;34m/[0;34mt[0;34me[0;34ms[0;34mt[0;34m/[0;34mw[0;34me[0;34ms[0;34mt[0;34m.[0;34mx[0;34mp[0;34mm
[0m[0;34mE[0;34mA[0;34m [0;34mt[0;34me[0;34mx[0;34mt[0;34mu[0;34mr[0;34me[0;34ms[0;34m/[0;34mt[0;34me[0;34ms[0;34mt[0;34m/[0;34me[0;34ma[0;34ms[0;34mt[0;34m.[0;34mx[0;34mp[0;34mm
[0m
[0m[0;34mF[0;34m [0;34m2[0;34m0[0;34m,[0;34m2[0;34m0[0;34m,[0;34m2[0;34m0
[0m[0;34mC[0;34m [0;34m2[0;34m0[0;34m0[0;34m,[0;34m2[0;34m0[0;34m0[0;34m,[0;34m2[0;34m0[0;34m0
[0m
[0mExit code: 1
‚ö†Ô∏è No Valgrind alerts, but with leaks[0m  
==4575== Memcheck, a memory error detector
==4575== Copyright (C) 2002-2022, and GNU GPL'd, by Julian Seward et al.
==4575== Using Valgrind-3.22.0 and LibVEX; rerun with -h for copyright info
==4575== Command: ./cub3d ./maps/bad/map_missing.cub
==4575== Parent PID: 4451
==4575== 
==4575== 
==4575== HEAP SUMMARY:
==4575==     in use at exit: 213 bytes in 9 blocks
==4575==   total heap usage: 44 allocs, 35 frees, 5,280 bytes allocated
==4575== 
==4575== LEAK SUMMARY:
==4575==    definitely lost: 72 bytes in 1 blocks
==4575==    indirectly lost: 141 bytes in 8 blocks
==4575==      possibly lost: 0 bytes in 0 blocks
==4575==    still reachable: 0 bytes in 0 blocks
==4575==         suppressed: 0 bytes in 0 blocks
==4575== Rerun with --leak-check=full to see details of leaked memory
==4575== 
==4575== For lists of detected and suppressed errors, rerun with: -s
==4575== ERROR SUMMARY: 0 errors from 0 contexts (suppressed: 0 from 0)
Running valgrind on ./maps/bad/map_only.cub...

[0;31m Error:[Map start] No map or incorrect placement
[0m [0;34m1[0;34m1[0;34m1[0;34m1[0;34m1
[0m[0;34m1[0;34m0[0;34m0[0;34m0[0;34m1
[0m[0;34m1[0;34m0[0;34mS[0;34m0[0;34m1
[0m[0;34m1[0;34m0[0;34m0[0;34m0[0;34m1
[0m[0;34m1[0;34m0[0;34m0[0;34m0[0;34m1
[0m[0;34m1[0;34m0[0;34m0[0;34m0[0;34m1
[0m[0;34m1[0;34m1[0;34m0[0;34m0[0;34m1
[0m[0;34m1[0;34m0[0;34m0[0;34m0[0;34m1
[0m[0;34m1[0;34m0[0;34m0[0;34m0[0;34m1
[0m[0;34m1[0;34m0[0;34m0[0;34m0[0;34m1
[0m[0;34m1[0;34m0[0;34m0[0;34m0[0;34m1
[0m[0;34m1[0;34m0[0;34m0[0;34m0[0;34m1
[0m[0;34m1[0;34m1[0;34m1[0;34m1[0;34m1
[0mExit code: 1
‚ö†Ô∏è No Valgrind alerts, but with leaks[0m  
==4578== Memcheck, a memory error detector
==4578== Copyright (C) 2002-2022, and GNU GPL'd, by Julian Seward et al.
==4578== Using Valgrind-3.22.0 and LibVEX; rerun with -h for copyright info
==4578== Command: ./cub3d ./maps/bad/map_only.cub
==4578== Parent PID: 4451
==4578== 
==4578== 
==4578== HEAP SUMMARY:
==4578==     in use at exit: 203 bytes in 14 blocks
==4578==   total heap usage: 62 allocs, 48 frees, 5,730 bytes allocated
==4578== 
==4578== LEAK SUMMARY:
==4578==    definitely lost: 112 bytes in 1 blocks
==4578==    indirectly lost: 91 bytes in 13 blocks
==4578==      possibly lost: 0 bytes in 0 blocks
==4578==    still reachable: 0 bytes in 0 blocks
==4578==         suppressed: 0 bytes in 0 blocks
==4578== Rerun with --leak-check=full to see details of leaked memory
==4578== 
==4578== For lists of detected and suppressed errors, rerun with: -s
==4578== ERROR SUMMARY: 0 errors from 0 contexts (suppressed: 0 from 0)
Running valgrind on ./maps/bad/map_too_small.cub...

[0;31m Error:[Map check in file] Invalid map size
[0m [0;34mN[0;34mO[0;34m [0;34mt[0;34me[0;34mx[0;34mt[0;34mu[0;34mr[0;34me[0;34ms[0;34m/[0;34mt[0;34me[0;34ms[0;34mt[0;34m/[0;34mn[0;34mo[0;34mr[0;34mt[0;34mh[0;34m.[0;34mx[0;34mp[0;34mm
[0m[0;34mS[0;34mO[0;34m [0;34mt[0;34me[0;34mx[0;34mt[0;34mu[0;34mr[0;34me[0;34ms[0;34m/[0;34mt[0;34me[0;34ms[0;34mt[0;34m/[0;34ms[0;34mo[0;34mu[0;34mt[0;34mh[0;34m.[0;34mx[0;34mp[0;34mm
[0m[0;34mW[0;34mE[0;34m [0;34mt[0;34me[0;34mx[0;34mt[0;34mu[0;34mr[0;34me[0;34ms[0;34m/[0;34mt[0;34me[0;34ms[0;34mt[0;34m/[0;34mw[0;34me[0;34ms[0;34mt[0;34m.[0;34mx[0;34mp[0;34mm
[0m[0;34mE[0;34mA[0;34m [0;34mt[0;34me[0;34mx[0;34mt[0;34mu[0;34mr[0;34me[0;34ms[0;34m/[0;34mt[0;34me[0;34ms[0;34mt[0;34m/[0;34me[0;34ma[0;34ms[0;34mt[0;34m.[0;34mx[0;34mp[0;34mm
[0m
[0m[0;34mF[0;34m [0;34m2[0;34m0[0;34m,[0;34m2[0;34m0[0;34m,[0;34m2[0;34m0
[0m[0;34mC[0;34m [0;34m2[0;34m0[0;34m0[0;34m,[0;34m2[0;34m0[0;34m0[0;34m,[0;34m2[0;34m0[0;34m0
[0m
[0m[0;34m1[0;34m1[0;34m1
[0m[0;34m1[0;34m1[0;34m1
[0mExit code: 1
‚ö†Ô∏è No Valgrind alerts, but with leaks[0m  
==4581== Memcheck, a memory error detector
==4581== Copyright (C) 2002-2022, and GNU GPL'd, by Julian Seward et al.
==4581== Using Valgrind-3.22.0 and LibVEX; rerun with -h for copyright info
==4581== Command: ./cub3d ./maps/bad/map_too_small.cub
==4581== Parent PID: 4451
==4581== 
==4581== 
==4581== HEAP SUMMARY:
==4581==     in use at exit: 239 bytes in 11 blocks
==4581==   total heap usage: 52 allocs, 41 frees, 5,540 bytes allocated
==4581== 
==4581== LEAK SUMMARY:
==4581==    definitely lost: 88 bytes in 1 blocks
==4581==    indirectly lost: 151 bytes in 10 blocks
==4581==      possibly lost: 0 bytes in 0 blocks
==4581==    still reachable: 0 bytes in 0 blocks
==4581==         suppressed: 0 bytes in 0 blocks
==4581== Rerun with --leak-check=full to see details of leaked memory
==4581== 
==4581== For lists of detected and suppressed errors, rerun with: -s
==4581== ERROR SUMMARY: 0 errors from 0 contexts (suppressed: 0 from 0)
Running valgrind on ./maps/bad/player_multiple.cub...

[0;31m Error:[Map validation] invalid number of player 
[0m [0;34mN[0;34mO[0;34m [0;34mt[0;34me[0;34mx[0;34mt[0;34mu[0;34mr[0;34me[0;34ms[0;34m/[0;34mt[0;34me[0;34ms[0;34mt[0;34m/[0;34mn[0;34mo[0;34mr[0;34mt[0;34mh[0;34m.[0;34mx[0;34mp[0;34mm
[0m[0;34mS[0;34mO[0;34m [0;34mt[0;34me[0;34mx[0;34mt[0;34mu[0;34mr[0;34me[0;34ms[0;34m/[0;34mt[0;34me[0;34ms[0;34mt[0;34m/[0;34ms[0;34mo[0;34mu[0;34mt[0;34mh[0;34m.[0;34mx[0;34mp[0;34mm
[0m[0;34mW[0;34mE[0;34m [0;34mt[0;34me[0;34mx[0;34mt[0;34mu[0;34mr[0;34me[0;34ms[0;34m/[0;34mt[0;34me[0;34ms[0;34mt[0;34m/[0;34mw[0;34me[0;34ms[0;34mt[0;34m.[0;34mx[0;34mp[0;34mm
[0m[0;34mE[0;34mA[0;34m [0;34mt[0;34me[0;34mx[0;34mt[0;34mu[0;34mr[0;34me[0;34ms[0;34m/[0;34mt[0;34me[0;34ms[0;34mt[0;34m/[0;34me[0;34ma[0;34ms[0;34mt[0;34m.[0;34mx[0;34mp[0;34mm
[0m
[0m[0;34mF[0;34m [0;34m2[0;34m0[0;34m,[0;34m2[0;34m0[0;34m,[0;34m2[0;34m0
[0m[0;34mC[0;34m [0;34m2[0;34m0[0;34m0[0;34m,[0;34m2[0;34m0[0;34m0[0;34m,[0;34m2[0;34m0[0;34m0
[0m
[0m[0;34m1[0;34m1[0;34m1[0;34m1[0;34m1
[0m[0;34m1[0;34m0[0;34m0[0;34m0[0;34m1
[0m[0;34m1[0;34m0[0;34mS[0;34m0[0;34m1
[0m[0;34m1[0;34m0[0;34m0[0;34m0[0;34m1
[0m[0;34m1[0;34m0[0;34m0[0;34m0[0;34m1
[0m[0;34m1[0;34m0[0;34m0[0;34m0[0;34m1
[0m[0;34m1[0;34m1[0;34mE[0;34m0[0;34m1
[0m[0;34m1[0;34m0[0;34m0[0;34m0[0;34m1
[0m[0;34m1[0;34m0[0;34m0[0;34m0[0;34m1
[0m[0;34m1[0;34m0[0;34m0[0;34m0[0;34m1
[0m[0;34m1[0;34m0[0;34m0[0;34m0[0;34m1
[0m[0;34m1[0;34m0[0;34m0[0;34m0[0;34m1
[0m[0;34m1[0;34m1[0;34m1[0;34m1[0;34m1
[0mExit code: 1
‚ö†Ô∏è No Valgrind alerts, but with leaks[0m  
==4598== Memcheck, a memory error detector
==4598== Copyright (C) 2002-2022, and GNU GPL'd, by Julian Seward et al.
==4598== Using Valgrind-3.22.0 and LibVEX; rerun with -h for copyright info
==4598== Command: ./cub3d ./maps/bad/player_multiple.cub
==4598== Parent PID: 4451
==4598== 
==4598== 
==4598== HEAP SUMMARY:
==4598==     in use at exit: 598 bytes in 36 blocks
==4598==   total heap usage: 126 allocs, 90 frees, 7,925 bytes allocated
==4598== 
==4598== LEAK SUMMARY:
==4598==    definitely lost: 288 bytes in 2 blocks
==4598==    indirectly lost: 310 bytes in 34 blocks
==4598==      possibly lost: 0 bytes in 0 blocks
==4598==    still reachable: 0 bytes in 0 blocks
==4598==         suppressed: 0 bytes in 0 blocks
==4598== Rerun with --leak-check=full to see details of leaked memory
==4598== 
==4598== For lists of detected and suppressed errors, rerun with: -s
==4598== ERROR SUMMARY: 0 errors from 0 contexts (suppressed: 0 from 0)
Running valgrind on ./maps/bad/player_none.cub...

[0;31m Error:[Map validation] invalid number of player 
[0m [0;34mN[0;34mO[0;34m [0;34mt[0;34me[0;34mx[0;34mt[0;34mu[0;34mr[0;34me[0;34ms[0;34m/[0;34mt[0;34me[0;34ms[0;34mt[0;34m/[0;34mn[0;34mo[0;34mr[0;34mt[0;34mh[0;34m.[0;34mx[0;34mp[0;34mm
[0m[0;34mS[0;34mO[0;34m [0;34mt[0;34me[0;34mx[0;34mt[0;34mu[0;34mr[0;34me[0;34ms[0;34m/[0;34mt[0;34me[0;34ms[0;34mt[0;34m/[0;34ms[0;34mo[0;34mu[0;34mt[0;34mh[0;34m.[0;34mx[0;34mp[0;34mm
[0m[0;34mW[0;34mE[0;34m [0;34mt[0;34me[0;34mx[0;34mt[0;34mu[0;34mr[0;34me[0;34ms[0;34m/[0;34mt[0;34me[0;34ms[0;34mt[0;34m/[0;34mw[0;34me[0;34ms[0;34mt[0;34m.[0;34mx[0;34mp[0;34mm
[0m[0;34mE[0;34mA[0;34m [0;34mt[0;34me[0;34mx[0;34mt[0;34mu[0;34mr[0;34me[0;34ms[0;34m/[0;34mt[0;34me[0;34ms[0;34mt[0;34m/[0;34me[0;34ma[0;34ms[0;34mt[0;34m.[0;34mx[0;34mp[0;34mm
[0m
[0m[0;34mF[0;34m [0;34m2[0;34m0[0;34m,[0;34m2[0;34m0[0;34m,[0;34m2[0;34m0
[0m[0;34mC[0;34m [0;34m2[0;34m0[0;34m0[0;34m,[0;34m2[0;34m0[0;34m0[0;34m,[0;34m2[0;34m0[0;34m0
[0m
[0m[0;34m1[0;34m1[0;34m1[0;34m1[0;34m1
[0m[0;34m1[0;34m0[0;34m0[0;34m0[0;34m1
[0m[0;34m1[0;34m0[0;34m0[0;34m0[0;34m1
[0m[0;34m1[0;34m0[0;34m0[0;34m0[0;34m1
[0m[0;34m1[0;34m0[0;34m0[0;34m0[0;34m1
[0m[0;34m1[0;34m0[0;34m0[0;34m0[0;34m1
[0m[0;34m1[0;34m1[0;34m0[0;34m0[0;34m1
[0m[0;34m1[0;34m0[0;34m0[0;34m0[0;34m1
[0m[0;34m1[0;34m0[0;34m0[0;34m0[0;34m1
[0m[0;34m1[0;34m0[0;34m0[0;34m0[0;34m1
[0m[0;34m1[0;34m0[0;34m0[0;34m0[0;34m1
[0m[0;34m1[0;34m0[0;34m0[0;34m0[0;34m1
[0m[0;34m1[0;34m1[0;34m1[0;34m1[0;34m1
[0mExit code: 1
‚ö†Ô∏è No Valgrind alerts, but with leaks[0m  
==4601== Memcheck, a memory error detector
==4601== Copyright (C) 2002-2022, and GNU GPL'd, by Julian Seward et al.
==4601== Using Valgrind-3.22.0 and LibVEX; rerun with -h for copyright info
==4601== Command: ./cub3d ./maps/bad/player_none.cub
==4601== Parent PID: 4451
==4601== 
==4601== 
==4601== HEAP SUMMARY:
==4601==     in use at exit: 598 bytes in 36 blocks
==4601==   total heap usage: 126 allocs, 90 frees, 7,925 bytes allocated
==4601== 
==4601== LEAK SUMMARY:
==4601==    definitely lost: 288 bytes in 2 blocks
==4601==    indirectly lost: 310 bytes in 34 blocks
==4601==      possibly lost: 0 bytes in 0 blocks
==4601==    still reachable: 0 bytes in 0 blocks
==4601==         suppressed: 0 bytes in 0 blocks
==4601== Rerun with --leak-check=full to see details of leaked memory
==4601== 
==4601== For lists of detected and suppressed errors, rerun with: -s
==4601== ERROR SUMMARY: 0 errors from 0 contexts (suppressed: 0 from 0)
Running valgrind on ./maps/bad/player_on_edge.cub...

[0;31m Error:[Walls check] incorrect horizontal walls
[0m [0;34mN[0;34mO[0;34m [0;34mt[0;34me[0;34mx[0;34mt[0;34mu[0;34mr[0;34me[0;34ms[0;34m/[0;34mt[0;34me[0;34ms[0;34mt[0;34m/[0;34mn[0;34mo[0;34mr[0;34mt[0;34mh[0;34m.[0;34mx[0;34mp[0;34mm
[0m[0;34mS[0;34mO[0;34m [0;34mt[0;34me[0;34mx[0;34mt[0;34mu[0;34mr[0;34me[0;34ms[0;34m/[0;34mt[0;34me[0;34ms[0;34mt[0;34m/[0;34ms[0;34mo[0;34mu[0;34mt[0;34mh[0;34m.[0;34mx[0;34mp[0;34mm
[0m[0;34mW[0;34mE[0;34m [0;34mt[0;34me[0;34mx[0;34mt[0;34mu[0;34mr[0;34me[0;34ms[0;34m/[0;34mt[0;34me[0;34ms[0;34mt[0;34m/[0;34mw[0;34me[0;34ms[0;34mt[0;34m.[0;34mx[0;34mp[0;34mm
[0m[0;34mE[0;34mA[0;34m [0;34mt[0;34me[0;34mx[0;34mt[0;34mu[0;34mr[0;34me[0;34ms[0;34m/[0;34mt[0;34me[0;34ms[0;34mt[0;34m/[0;34me[0;34ma[0;34ms[0;34mt[0;34m.[0;34mx[0;34mp[0;34mm
[0m
[0m[0;34mF[0;34m [0;34m2[0;34m0[0;34m,[0;34m2[0;34m0[0;34m,[0;34m2[0;34m0
[0m[0;34mC[0;34m [0;34m2[0;34m0[0;34m0[0;34m,[0;34m2[0;34m0[0;34m0[0;34m,[0;34m2[0;34m0[0;34m0
[0m
[0m[0;34m1[0;34mS[0;34m1[0;34m1[0;34m1
[0m[0;34m1[0;34m0[0;34m0[0;34m0[0;34m1
[0m[0;34m1[0;34m0[0;34m0[0;34m0[0;34m1
[0m[0;34m1[0;34m0[0;34m0[0;34m0[0;34m1
[0m[0;34m1[0;34m0[0;34m0[0;34m0[0;34m1
[0m[0;34m1[0;34m0[0;34m0[0;34m0[0;34m1
[0m[0;34m1[0;34m1[0;34m0[0;34m0[0;34m1
[0m[0;34m1[0;34m0[0;34m0[0;34m0[0;34m1
[0m[0;34m1[0;34m0[0;34m0[0;34m0[0;34m1
[0m[0;34m1[0;34m0[0;34m0[0;34m0[0;34m1
[0m[0;34m1[0;34m0[0;34m0[0;34m0[0;34m1
[0m[0;34m1[0;34m0[0;34m0[0;34m0[0;34m1
[0m[0;34m1[0;34m1[0;34m1[0;34m1[0;34m1
[0mExit code: 1
‚ö†Ô∏è No Valgrind alerts, but with leaks[0m  
==4616== Memcheck, a memory error detector
==4616== Copyright (C) 2002-2022, and GNU GPL'd, by Julian Seward et al.
==4616== Using Valgrind-3.22.0 and LibVEX; rerun with -h for copyright info
==4616== Command: ./cub3d ./maps/bad/player_on_edge.cub
==4616== Parent PID: 4451
==4616== 
==4616== 
==4616== HEAP SUMMARY:
==4616==     in use at exit: 598 bytes in 36 blocks
==4616==   total heap usage: 126 allocs, 90 frees, 7,925 bytes allocated
==4616== 
==4616== LEAK SUMMARY:
==4616==    definitely lost: 288 bytes in 2 blocks
==4616==    indirectly lost: 310 bytes in 34 blocks
==4616==      possibly lost: 0 bytes in 0 blocks
==4616==    still reachable: 0 bytes in 0 blocks
==4616==         suppressed: 0 bytes in 0 blocks
==4616== Rerun with --leak-check=full to see details of leaked memory
==4616== 
==4616== For lists of detected and suppressed errors, rerun with: -s
==4616== ERROR SUMMARY: 0 errors from 0 contexts (suppressed: 0 from 0)
Running valgrind on ./maps/bad/textures_dir.cub...

[0;32m[Debug info]üõ†Ô∏è  Map info üîç
[0m[0;32m[Debug info] - Map width:[0m5
[0;32m[Debug info] - Map height:[0m13
[0;32m[Debug info]üõ†Ô∏è  Starting player position info üîç
[0m[0;32m[Debug info] - Player X:[0m2
[0;32m[Debug info] - Player Y:[0m2
[0;32m[Debug info] - Player Direction:[0mS
[0;32m[Debug info]üõ†Ô∏è  Colors info c:  üîç
[0m[0;32m[Debug info]üõ†Ô∏è  Colors info f:  üîç
[0m[0;32m[Debug info]üõ†Ô∏è  Textures info:  üîç
[0m[0;32m[Debug info] texture:[0mtextures/test/north.xpm
[0;32m[Debug info] texture:[0mtextures/test/south.xpm
[0;32m[Debug info] texture:[0mtextures/test/west.xpm
[0;32m[Debug info] texture:[0mtextures/test/
[0;34mN[0;34mO[0;34m [0;34mt[0;34me[0;34mx[0;34mt[0;34mu[0;34mr[0;34me[0;34ms[0;34m/[0;34mt[0;34me[0;34ms[0;34mt[0;34m/[0;34mn[0;34mo[0;34mr[0;34mt[0;34mh[0;34m.[0;34mx[0;34mp[0;34mm
[0m[0;34mS[0;34mO[0;34m [0;34mt[0;34me[0;34mx[0;34mt[0;34mu[0;34mr[0;34me[0;34ms[0;34m/[0;34mt[0;34me[0;34ms[0;34mt[0;34m/[0;34ms[0;34mo[0;34mu[0;34mt[0;34mh[0;34m.[0;34mx[0;34mp[0;34mm
[0m[0;34mW[0;34mE[0;34m [0;34mt[0;34me[0;34mx[0;34mt[0;34mu[0;34mr[0;34me[0;34ms[0;34m/[0;34mt[0;34me[0;34ms[0;34mt[0;34m/[0;34mw[0;34me[0;34ms[0;34mt[0;34m.[0;34mx[0;34mp[0;34mm
[0m[0;34mE[0;34mA[0;34m [0;34mt[0;34me[0;34mx[0;34mt[0;34mu[0;34mr[0;34me[0;34ms[0;34m/[0;34mt[0;34me[0;34ms[0;34mt[0;34m/
[0m
[0m[0;34mF[0;34m [0;34m2[0;34m0[0;34m,[0;34m2[0;34m0[0;34m,[0;34m2[0;34m0
[0m[0;34mC[0;34m [0;34m2[0;34m0[0;34m0[0;34m,[0;34m2[0;34m0[0;34m0[0;34m,[0;34m2[0;34m0[0;34m0
[0m
[0m[0;34m1[0;34m1[0;34m1[0;34m1[0;34m1
[0m[0;34m1[0;34m0[0;34m0[0;34m0[0;34m1
[0m[0;34m1[0;34m0[0;34mS[0;34m0[0;34m1
[0m[0;34m1[0;34m0[0;34m0[0;34m0[0;34m1
[0m[0;34m1[0;34m0[0;34m0[0;34m0[0;34m1
[0m[0;34m1[0;34m0[0;34m0[0;34m0[0;34m1
[0m[0;34m1[0;34m1[0;34m0[0;34m0[0;34m1
[0m[0;34m1[0;34m0[0;34m0[0;34m0[0;34m1
[0m[0;34m1[0;34m0[0;34m0[0;34m0[0;34m1
[0m[0;34m1[0;34m0[0;34m0[0;34m0[0;34m1
[0m[0;34m1[0;34m0[0;34m0[0;34m0[0;34m1
[0m[0;34m1[0;34m0[0;34m0[0;34m0[0;34m1
[0m[0;34m1[0;34m1[0;34m1[0;34m1[0;34m1
[0m[0;34m2[0;34m0[0;34m0
[0m[0;34m2[0;34m0[0;34m0
[0m[0;34m2[0;34m0[0;34m0
[0m[0;34m2[0;34m0
[0m[0;34m2[0;34m0
[0m[0;34m2[0;34m0
[0m[0;34m1[0;34m1[0;34m1[0;34m1[0;34m1
[0m[0;34m1[0;34m0[0;34m0[0;34m0[0;34m1
[0m[0;34m1[0;34m0[0;34mS[0;34m0[0;34m1
[0m[0;34m1[0;34m0[0;34m0[0;34m0[0;34m1
[0m[0;34m1[0;34m0[0;34m0[0;34m0[0;34m1
[0m[0;34m1[0;34m0[0;34m0[0;34m0[0;34m1
[0m[0;34m1[0;34m1[0;34m0[0;34m0[0;34m1
[0m[0;34m1[0;34m0[0;34m0[0;34m0[0;34m1
[0m[0;34m1[0;34m0[0;34m0[0;34m0[0;34m1
[0m[0;34m1[0;34m0[0;34m0[0;34m0[0;34m1
[0m[0;34m1[0;34m0[0;34m0[0;34m0[0;34m1
[0m[0;34m1[0;34m0[0;34m0[0;34m0[0;34m1
[0m[0;34m1[0;34m1[0;34m1[0;34m1[0;34m1
[0mExit code: 0
‚ö†Ô∏è No Valgrind alerts, but with leaks[0m  
==4619== Memcheck, a memory error detector
==4619== Copyright (C) 2002-2022, and GNU GPL'd, by Julian Seward et al.
==4619== Using Valgrind-3.22.0 and LibVEX; rerun with -h for copyright info
==4619== Command: ./cub3d ./maps/bad/textures_dir.cub
==4619== Parent PID: 4451
==4619== 
==4619== 
==4619== HEAP SUMMARY:
==4619==     in use at exit: 868 bytes in 54 blocks
==4619==   total heap usage: 146 allocs, 92 frees, 8,198 bytes allocated
==4619== 
==4619== LEAK SUMMARY:
==4619==    definitely lost: 545 bytes in 14 blocks
==4619==    indirectly lost: 323 bytes in 40 blocks
==4619==      possibly lost: 0 bytes in 0 blocks
==4619==    still reachable: 0 bytes in 0 blocks
==4619==         suppressed: 0 bytes in 0 blocks
==4619== Rerun with --leak-check=full to see details of leaked memory
==4619== 
==4619== For lists of detected and suppressed errors, rerun with: -s
==4619== ERROR SUMMARY: 0 errors from 0 contexts (suppressed: 0 from 0)
Running valgrind on ./maps/bad/textures_duplicates.cub...

[0;32m[Debug info]üõ†Ô∏è  Map info üîç
[0m[0;32m[Debug info] - Map width:[0m5
[0;32m[Debug info] - Map height:[0m13
[0;32m[Debug info]üõ†Ô∏è  Starting player position info üîç
[0m[0;32m[Debug info] - Player X:[0m2
[0;32m[Debug info] - Player Y:[0m2
[0;32m[Debug info] - Player Direction:[0mS
[0;32m[Debug info]üõ†Ô∏è  Colors info c:  üîç
[0m[0;32m[Debug info]üõ†Ô∏è  Colors info f:  üîç
[0m[0;32m[Debug info]üõ†Ô∏è  Textures info:  üîç
[0m[0;32m[Debug info] texture:[0mtextures/test/north.xpm
[0;32m[Debug info] texture:[0mtextures/test/south.xpm
[0;32m[Debug info] texture:[0mtextures/test/west.xpm
[0;32m[Debug info] texture:[0mtextures/test/east.xpm
[0;34mN[0;34mO[0;34m [0;34mt[0;34me[0;34mx[0;34mt[0;34mu[0;34mr[0;34me[0;34ms[0;34m/[0;34mt[0;34me[0;34ms[0;34mt[0;34m/[0;34mn[0;34mo[0;34mr[0;34mt[0;34mh[0;34m.[0;34mx[0;34mp[0;34mm
[0m[0;34mS[0;34mO[0;34m [0;34mt[0;34me[0;34mx[0;34mt[0;34mu[0;34mr[0;34me[0;34ms[0;34m/[0;34mt[0;34me[0;34ms[0;34mt[0;34m/[0;34ms[0;34mo[0;34mu[0;34mt[0;34mh[0;34m.[0;34mx[0;34mp[0;34mm
[0m[0;34mW[0;34mE[0;34m [0;34mt[0;34me[0;34mx[0;34mt[0;34mu[0;34mr[0;34me[0;34ms[0;34m/[0;34mt[0;34me[0;34ms[0;34mt[0;34m/[0;34mw[0;34me[0;34ms[0;34mt[0;34m.[0;34mx[0;34mp[0;34mm
[0m[0;34mE[0;34mA[0;34m [0;34mt[0;34me[0;34mx[0;34mt[0;34mu[0;34mr[0;34me[0;34ms[0;34m/[0;34mt[0;34me[0;34ms[0;34mt[0;34m/[0;34me[0;34ma[0;34ms[0;34mt[0;34m.[0;34mx[0;34mp[0;34mm
[0m[0;34mE[0;34mA[0;34m [0;34mt[0;34me[0;34mx[0;34mt[0;34mu[0;34mr[0;34me[0;34ms[0;34m/[0;34mt[0;34me[0;34ms[0;34mt[0;34m/[0;34me[0;34ma[0;34ms[0;34mt[0;34m.[0;34mx[0;34mp[0;34mm
[0m
[0m[0;34mF[0;34m [0;34m2[0;34m0[0;34m,[0;34m2[0;34m0[0;34m,[0;34m2[0;34m0
[0m[0;34mC[0;34m [0;34m2[0;34m0[0;34m0[0;34m,[0;34m2[0;34m0[0;34m0[0;34m,[0;34m2[0;34m0[0;34m0
[0m
[0m[0;34m1[0;34m1[0;34m1[0;34m1[0;34m1
[0m[0;34m1[0;34m0[0;34m0[0;34m0[0;34m1
[0m[0;34m1[0;34m0[0;34mS[0;34m0[0;34m1
[0m[0;34m1[0;34m0[0;34m0[0;34m0[0;34m1
[0m[0;34m1[0;34m0[0;34m0[0;34m0[0;34m1
[0m[0;34m1[0;34m0[0;34m0[0;34m0[0;34m1
[0m[0;34m1[0;34m1[0;34m0[0;34m0[0;34m1
[0m[0;34m1[0;34m0[0;34m0[0;34m0[0;34m1
[0m[0;34m1[0;34m0[0;34m0[0;34m0[0;34m1
[0m[0;34m1[0;34m0[0;34m0[0;34m0[0;34m1
[0m[0;34m1[0;34m0[0;34m0[0;34m0[0;34m1
[0m[0;34m1[0;34m0[0;34m0[0;34m0[0;34m1
[0m[0;34m1[0;34m1[0;34m1[0;34m1[0;34m1
[0m[0;34m2[0;34m0[0;34m0
[0m[0;34m2[0;34m0[0;34m0
[0m[0;34m2[0;34m0[0;34m0
[0m[0;34m2[0;34m0
[0m[0;34m2[0;34m0
[0m[0;34m2[0;34m0
[0m[0;34m1[0;34m1[0;34m1[0;34m1[0;34m1
[0m[0;34m1[0;34m0[0;34m0[0;34m0[0;34m1
[0m[0;34m1[0;34m0[0;34mS[0;34m0[0;34m1
[0m[0;34m1[0;34m0[0;34m0[0;34m0[0;34m1
[0m[0;34m1[0;34m0[0;34m0[0;34m0[0;34m1
[0m[0;34m1[0;34m0[0;34m0[0;34m0[0;34m1
[0m[0;34m1[0;34m1[0;34m0[0;34m0[0;34m1
[0m[0;34m1[0;34m0[0;34m0[0;34m0[0;34m1
[0m[0;34m1[0;34m0[0;34m0[0;34m0[0;34m1
[0m[0;34m1[0;34m0[0;34m0[0;34m0[0;34m1
[0m[0;34m1[0;34m0[0;34m0[0;34m0[0;34m1
[0m[0;34m1[0;34m0[0;34m0[0;34m0[0;34m1
[0m[0;34m1[0;34m1[0;34m1[0;34m1[0;34m1
[0mExit code: 0
‚ö†Ô∏è No Valgrind alerts, but with leaks[0m  
==4622== Memcheck, a memory error detector
==4622== Copyright (C) 2002-2022, and GNU GPL'd, by Julian Seward et al.
==4622== Using Valgrind-3.22.0 and LibVEX; rerun with -h for copyright info
==4622== Command: ./cub3d ./maps/bad/textures_duplicates.cub
==4622== Parent PID: 4451
==4622== 
==4622== 
==4622== HEAP SUMMARY:
==4622==     in use at exit: 973 bytes in 57 blocks
==4622==   total heap usage: 153 allocs, 96 frees, 8,543 bytes allocated
==4622== 
==4622== LEAK SUMMARY:
==4622==    definitely lost: 615 bytes in 16 blocks
==4622==    indirectly lost: 358 bytes in 41 blocks
==4622==      possibly lost: 0 bytes in 0 blocks
==4622==    still reachable: 0 bytes in 0 blocks
==4622==         suppressed: 0 bytes in 0 blocks
==4622== Rerun with --leak-check=full to see details of leaked memory
==4622== 
==4622== For lists of detected and suppressed errors, rerun with: -s
==4622== ERROR SUMMARY: 0 errors from 0 contexts (suppressed: 0 from 0)
Running valgrind on ./maps/bad/textures_forbidden.cub...

[0;32m[Debug info]üõ†Ô∏è  Map info üîç
[0m[0;32m[Debug info] - Map width:[0m5
[0;32m[Debug info] - Map height:[0m13
[0;32m[Debug info]üõ†Ô∏è  Starting player position info üîç
[0m[0;32m[Debug info] - Player X:[0m2
[0;32m[Debug info] - Player Y:[0m2
[0;32m[Debug info] - Player Direction:[0mS
[0;32m[Debug info]üõ†Ô∏è  Colors info c:  üîç
[0m[0;32m[Debug info]üõ†Ô∏è  Colors info f:  üîç
[0m[0;32m[Debug info]üõ†Ô∏è  Textures info:  üîç
[0m[0;32m[Debug info] texture:[0mtextures/test/forbidden.xpm
[0;32m[Debug info] texture:[0mtextures/test/south.xpm
[0;32m[Debug info] texture:[0mtextures/test/west.xpm
[0;32m[Debug info] texture:[0mtextures/test/east.xpm
[0;34mN[0;34mO[0;34m [0;34mt[0;34me[0;34mx[0;34mt[0;34mu[0;34mr[0;34me[0;34ms[0;34m/[0;34mt[0;34me[0;34ms[0;34mt[0;34m/[0;34mf[0;34mo[0;34mr[0;34mb[0;34mi[0;34md[0;34md[0;34me[0;34mn[0;34m.[0;34mx[0;34mp[0;34mm
[0m[0;34mS[0;34mO[0;34m [0;34mt[0;34me[0;34mx[0;34mt[0;34mu[0;34mr[0;34me[0;34ms[0;34m/[0;34mt[0;34me[0;34ms[0;34mt[0;34m/[0;34ms[0;34mo[0;34mu[0;34mt[0;34mh[0;34m.[0;34mx[0;34mp[0;34mm
[0m[0;34mW[0;34mE[0;34m [0;34mt[0;34me[0;34mx[0;34mt[0;34mu[0;34mr[0;34me[0;34ms[0;34m/[0;34mt[0;34me[0;34ms[0;34mt[0;34m/[0;34mw[0;34me[0;34ms[0;34mt[0;34m.[0;34mx[0;34mp[0;34mm
[0m[0;34mE[0;34mA[0;34m [0;34mt[0;34me[0;34mx[0;34mt[0;34mu[0;34mr[0;34me[0;34ms[0;34m/[0;34mt[0;34me[0;34ms[0;34mt[0;34m/[0;34me[0;34ma[0;34ms[0;34mt[0;34m.[0;34mx[0;34mp[0;34mm
[0m
[0m[0;34mF[0;34m [0;34m2[0;34m0[0;34m,[0;34m2[0;34m0[0;34m,[0;34m2[0;34m0
[0m[0;34mC[0;34m [0;34m2[0;34m0[0;34m0[0;34m,[0;34m2[0;34m0[0;34m0[0;34m,[0;34m2[0;34m0[0;34m0
[0m
[0m[0;34m1[0;34m1[0;34m1[0;34m1[0;34m1
[0m[0;34m1[0;34m0[0;34m0[0;34m0[0;34m1
[0m[0;34m1[0;34m0[0;34mS[0;34m0[0;34m1
[0m[0;34m1[0;34m0[0;34m0[0;34m0[0;34m1
[0m[0;34m1[0;34m0[0;34m0[0;34m0[0;34m1
[0m[0;34m1[0;34m0[0;34m0[0;34m0[0;34m1
[0m[0;34m1[0;34m1[0;34m0[0;34m0[0;34m1
[0m[0;34m1[0;34m0[0;34m0[0;34m0[0;34m1
[0m[0;34m1[0;34m0[0;34m0[0;34m0[0;34m1
[0m[0;34m1[0;34m0[0;34m0[0;34m0[0;34m1
[0m[0;34m1[0;34m0[0;34m0[0;34m0[0;34m1
[0m[0;34m1[0;34m0[0;34m0[0;34m0[0;34m1
[0m[0;34m1[0;34m1[0;34m1[0;34m1[0;34m1
[0m[0;34m2[0;34m0[0;34m0
[0m[0;34m2[0;34m0[0;34m0
[0m[0;34m2[0;34m0[0;34m0
[0m[0;34m2[0;34m0
[0m[0;34m2[0;34m0
[0m[0;34m2[0;34m0
[0m[0;34m1[0;34m1[0;34m1[0;34m1[0;34m1
[0m[0;34m1[0;34m0[0;34m0[0;34m0[0;34m1
[0m[0;34m1[0;34m0[0;34mS[0;34m0[0;34m1
[0m[0;34m1[0;34m0[0;34m0[0;34m0[0;34m1
[0m[0;34m1[0;34m0[0;34m0[0;34m0[0;34m1
[0m[0;34m1[0;34m0[0;34m0[0;34m0[0;34m1
[0m[0;34m1[0;34m1[0;34m0[0;34m0[0;34m1
[0m[0;34m1[0;34m0[0;34m0[0;34m0[0;34m1
[0m[0;34m1[0;34m0[0;34m0[0;34m0[0;34m1
[0m[0;34m1[0;34m0[0;34m0[0;34m0[0;34m1
[0m[0;34m1[0;34m0[0;34m0[0;34m0[0;34m1
[0m[0;34m1[0;34m0[0;34m0[0;34m0[0;34m1
[0m[0;34m1[0;34m1[0;34m1[0;34m1[0;34m1
[0mExit code: 0
‚ö†Ô∏è No Valgrind alerts, but with leaks[0m  
==4625== Memcheck, a memory error detector
==4625== Copyright (C) 2002-2022, and GNU GPL'd, by Julian Seward et al.
==4625== Using Valgrind-3.22.0 and LibVEX; rerun with -h for copyright info
==4625== Command: ./cub3d ./maps/bad/textures_forbidden.cub
==4625== Parent PID: 4451
==4625== 
==4625== 
==4625== HEAP SUMMARY:
==4625==     in use at exit: 904 bytes in 54 blocks
==4625==   total heap usage: 146 allocs, 92 frees, 8,195 bytes allocated
==4625== 
==4625== LEAK SUMMARY:
==4625==    definitely lost: 569 bytes in 14 blocks
==4625==    indirectly lost: 335 bytes in 40 blocks
==4625==      possibly lost: 0 bytes in 0 blocks
==4625==    still reachable: 0 bytes in 0 blocks
==4625==         suppressed: 0 bytes in 0 blocks
==4625== Rerun with --leak-check=full to see details of leaked memory
==4625== 
==4625== For lists of detected and suppressed errors, rerun with: -s
==4625== ERROR SUMMARY: 0 errors from 0 contexts (suppressed: 0 from 0)
Running valgrind on ./maps/bad/textures_invalid.cub...

[0;32m[Debug info]üõ†Ô∏è  Map info üîç
[0m[0;32m[Debug info] - Map width:[0m5
[0;32m[Debug info] - Map height:[0m13
[0;32m[Debug info]üõ†Ô∏è  Starting player position info üîç
[0m[0;32m[Debug info] - Player X:[0m2
[0;32m[Debug info] - Player Y:[0m2
[0;32m[Debug info] - Player Direction:[0mS
[0;32m[Debug info]üõ†Ô∏è  Colors info c:  üîç
[0m[0;32m[Debug info]üõ†Ô∏è  Colors info f:  üîç
[0m[0;32m[Debug info]üõ†Ô∏è  Textures info:  üîç
[0m[0;32m[Debug info] texture:[0mtextures/test/north.xpm
[0;32m[Debug info] texture:[0mtextures/test/south.xpm
[0;32m[Debug info] texture:[0mtextures/test/x
[0;32m[Debug info] texture:[0mtextures/test/east.xpm
[0;34mN[0;34mO[0;34m [0;34mt[0;34me[0;34mx[0;34mt[0;34mu[0;34mr[0;34me[0;34ms[0;34m/[0;34mt[0;34me[0;34ms[0;34mt[0;34m/[0;34mn[0;34mo[0;34mr[0;34mt[0;34mh[0;34m.[0;34mx[0;34mp[0;34mm
[0m[0;34mS[0;34mO[0;34m [0;34mt[0;34me[0;34mx[0;34mt[0;34mu[0;34mr[0;34me[0;34ms[0;34m/[0;34mt[0;34me[0;34ms[0;34mt[0;34m/[0;34ms[0;34mo[0;34mu[0;34mt[0;34mh[0;34m.[0;34mx[0;34mp[0;34mm
[0m[0;34mW[0;34mE[0;34m [0;34mt[0;34me[0;34mx[0;34mt[0;34mu[0;34mr[0;34me[0;34ms[0;34m/[0;34mt[0;34me[0;34ms[0;34mt[0;34m/[0;34mx
[0m[0;34mE[0;34mA[0;34m [0;34mt[0;34me[0;34mx[0;34mt[0;34mu[0;34mr[0;34me[0;34ms[0;34m/[0;34mt[0;34me[0;34ms[0;34mt[0;34m/[0;34me[0;34ma[0;34ms[0;34mt[0;34m.[0;34mx[0;34mp[0;34mm
[0m
[0m[0;34mF[0;34m [0;34m2[0;34m0[0;34m,[0;34m2[0;34m0[0;34m,[0;34m2[0;34m0
[0m[0;34mC[0;34m [0;34m2[0;34m0[0;34m0[0;34m,[0;34m2[0;34m0[0;34m0[0;34m,[0;34m2[0;34m0[0;34m0
[0m
[0m[0;34m1[0;34m1[0;34m1[0;34m1[0;34m1
[0m[0;34m1[0;34m0[0;34m0[0;34m0[0;34m1
[0m[0;34m1[0;34m0[0;34mS[0;34m0[0;34m1
[0m[0;34m1[0;34m0[0;34m0[0;34m0[0;34m1
[0m[0;34m1[0;34m0[0;34m0[0;34m0[0;34m1
[0m[0;34m1[0;34m0[0;34m0[0;34m0[0;34m1
[0m[0;34m1[0;34m1[0;34m0[0;34m0[0;34m1
[0m[0;34m1[0;34m0[0;34m0[0;34m0[0;34m1
[0m[0;34m1[0;34m0[0;34m0[0;34m0[0;34m1
[0m[0;34m1[0;34m0[0;34m0[0;34m0[0;34m1
[0m[0;34m1[0;34m0[0;34m0[0;34m0[0;34m1
[0m[0;34m1[0;34m0[0;34m0[0;34m0[0;34m1
[0m[0;34m1[0;34m1[0;34m1[0;34m1[0;34m1
[0m[0;34m2[0;34m0[0;34m0
[0m[0;34m2[0;34m0[0;34m0
[0m[0;34m2[0;34m0[0;34m0
[0m[0;34m2[0;34m0
[0m[0;34m2[0;34m0
[0m[0;34m2[0;34m0
[0m[0;34m1[0;34m1[0;34m1[0;34m1[0;34m1
[0m[0;34m1[0;34m0[0;34m0[0;34m0[0;34m1
[0m[0;34m1[0;34m0[0;34mS[0;34m0[0;34m1
[0m[0;34m1[0;34m0[0;34m0[0;34m0[0;34m1
[0m[0;34m1[0;34m0[0;34m0[0;34m0[0;34m1
[0m[0;34m1[0;34m0[0;34m0[0;34m0[0;34m1
[0m[0;34m1[0;34m1[0;34m0[0;34m0[0;34m1
[0m[0;34m1[0;34m0[0;34m0[0;34m0[0;34m1
[0m[0;34m1[0;34m0[0;34m0[0;34m0[0;34m1
[0m[0;34m1[0;34m0[0;34m0[0;34m0[0;34m1
[0m[0;34m1[0;34m0[0;34m0[0;34m0[0;34m1
[0m[0;34m1[0;34m0[0;34m0[0;34m0[0;34m1
[0m[0;34m1[0;34m1[0;34m1[0;34m1[0;34m1
[0mExit code: 0
‚ö†Ô∏è No Valgrind alerts, but with leaks[0m  
==4628== Memcheck, a memory error detector
==4628== Copyright (C) 2002-2022, and GNU GPL'd, by Julian Seward et al.
==4628== Using Valgrind-3.22.0 and LibVEX; rerun with -h for copyright info
==4628== Command: ./cub3d ./maps/bad/textures_invalid.cub
==4628== Parent PID: 4451
==4628== 
==4628== 
==4628== HEAP SUMMARY:
==4628==     in use at exit: 871 bytes in 54 blocks
==4628==   total heap usage: 146 allocs, 92 frees, 8,196 bytes allocated
==4628== 
==4628== LEAK SUMMARY:
==4628==    definitely lost: 547 bytes in 14 blocks
==4628==    indirectly lost: 324 bytes in 40 blocks
==4628==      possibly lost: 0 bytes in 0 blocks
==4628==    still reachable: 0 bytes in 0 blocks
==4628==         suppressed: 0 bytes in 0 blocks
==4628== Rerun with --leak-check=full to see details of leaked memory
==4628== 
==4628== For lists of detected and suppressed errors, rerun with: -s
==4628== ERROR SUMMARY: 0 errors from 0 contexts (suppressed: 0 from 0)
Running valgrind on ./maps/bad/textures_missing.cub...

[0;31m Error:[Texture] textures are not complete
[0m [0;34mS[0;34mO[0;34m [0;34mt[0;34me[0;34mx[0;34mt[0;34mu[0;34mr[0;34me[0;34ms[0;34m/[0;34mt[0;34me[0;34ms[0;34mt[0;34m/[0;34ms[0;34mo[0;34mu[0;34mt[0;34mh[0;34m.[0;34mx[0;34mp[0;34mm
[0m[0;34mW[0;34mE[0;34m [0;34mt[0;34me[0;34mx[0;34mt[0;34mu[0;34mr[0;34me[0;34ms[0;34m/[0;34mt[0;34me[0;34ms[0;34mt[0;34m/[0;34mw[0;34me[0;34ms[0;34mt[0;34m.[0;34mx[0;34mp[0;34mm
[0m[0;34mE[0;34mA[0;34m [0;34mt[0;34me[0;34mx[0;34mt[0;34mu[0;34mr[0;34me[0;34ms[0;34m/[0;34mt[0;34me[0;34ms[0;34mt[0;34m/[0;34me[0;34ma[0;34ms[0;34mt[0;34m.[0;34mx[0;34mp[0;34mm
[0m
[0m[0;34mF[0;34m [0;34m2[0;34m0[0;34m,[0;34m2[0;34m0[0;34m,[0;34m2[0;34m0
[0m[0;34mC[0;34m [0;34m2[0;34m0[0;34m0[0;34m,[0;34m2[0;34m0[0;34m0[0;34m,[0;34m2[0;34m0[0;34m0
[0m
[0m[0;34m1[0;34m1[0;34m1[0;34m1[0;34m1
[0m[0;34m1[0;34m0[0;34m0[0;34m0[0;34m1
[0m[0;34m1[0;34m0[0;34mS[0;34m0[0;34m1
[0m[0;34m1[0;34m0[0;34m0[0;34m0[0;34m1
[0m[0;34m1[0;34m0[0;34m0[0;34m0[0;34m1
[0m[0;34m1[0;34m0[0;34m0[0;34m0[0;34m1
[0m[0;34m1[0;34m1[0;34m0[0;34m0[0;34m1
[0m[0;34m1[0;34m0[0;34m0[0;34m0[0;34m1
[0m[0;34m1[0;34m0[0;34m0[0;34m0[0;34m1
[0m[0;34m1[0;34m0[0;34m0[0;34m0[0;34m1
[0m[0;34m1[0;34m0[0;34m0[0;34m0[0;34m1
[0m[0;34m1[0;34m0[0;34m0[0;34m0[0;34m1
[0m[0;34m1[0;34m1[0;34m1[0;34m1[0;34m1
[0mExit code: 1
‚ö†Ô∏è No Valgrind alerts, but with leaks[0m  
==4631== Memcheck, a memory error detector
==4631== Copyright (C) 2002-2022, and GNU GPL'd, by Julian Seward et al.
==4631== Using Valgrind-3.22.0 and LibVEX; rerun with -h for copyright info
==4631== Command: ./cub3d ./maps/bad/textures_missing.cub
==4631== Parent PID: 4451
==4631== 
==4631== 
==4631== HEAP SUMMARY:
==4631==     in use at exit: 702 bytes in 41 blocks
==4631==   total heap usage: 127 allocs, 86 frees, 7,748 bytes allocated
==4631== 
==4631== LEAK SUMMARY:
==4631==    definitely lost: 420 bytes in 8 blocks
==4631==    indirectly lost: 282 bytes in 33 blocks
==4631==      possibly lost: 0 bytes in 0 blocks
==4631==    still reachable: 0 bytes in 0 blocks
==4631==         suppressed: 0 bytes in 0 blocks
==4631== Rerun with --leak-check=full to see details of leaked memory
==4631== 
==4631== For lists of detected and suppressed errors, rerun with: -s
==4631== ERROR SUMMARY: 0 errors from 0 contexts (suppressed: 0 from 0)
Running valgrind on ./maps/bad/textures_none.cub...

[0;31m Error:[Texture] textures are not complete
[0m [0;34mF[0;34m [0;34m2[0;34m0[0;34m,[0;34m2[0;34m0[0;34m,[0;34m2[0;34m0
[0m[0;34mC[0;34m [0;34m2[0;34m0[0;34m0[0;34m,[0;34m2[0;34m0[0;34m0[0;34m,[0;34m2[0;34m0[0;34m0
[0m
[0m[0;34m1[0;34m1[0;34m1[0;34m1[0;34m1
[0m[0;34m1[0;34m0[0;34m0[0;34m0[0;34m1
[0m[0;34m1[0;34m0[0;34mS[0;34m0[0;34m1
[0m[0;34m1[0;34m0[0;34m0[0;34m0[0;34m1
[0m[0;34m1[0;34m0[0;34m0[0;34m0[0;34m1
[0m[0;34m1[0;34m0[0;34m0[0;34m0[0;34m1
[0m[0;34m1[0;34m1[0;34m0[0;34m0[0;34m1
[0m[0;34m1[0;34m0[0;34m0[0;34m0[0;34m1
[0m[0;34m1[0;34m0[0;34m0[0;34m0[0;34m1
[0m[0;34m1[0;34m0[0;34m0[0;34m0[0;34m1
[0m[0;34m1[0;34m0[0;34m0[0;34m0[0;34m1
[0m[0;34m1[0;34m0[0;34m0[0;34m0[0;34m1
[0m[0;34m1[0;34m1[0;34m1[0;34m1[0;34m1
[0mExit code: 1
‚ö†Ô∏è No Valgrind alerts, but with leaks[0m  
==4649== Memcheck, a memory error detector
==4649== Copyright (C) 2002-2022, and GNU GPL'd, by Julian Seward et al.
==4649== Using Valgrind-3.22.0 and LibVEX; rerun with -h for copyright info
==4649== Command: ./cub3d ./maps/bad/textures_none.cub
==4649== Parent PID: 4451
==4649== 
==4649== 
==4649== HEAP SUMMARY:
==4649==     in use at exit: 446 bytes in 31 blocks
==4649==   total heap usage: 102 allocs, 71 frees, 6,634 bytes allocated
==4649== 
==4649== LEAK SUMMARY:
==4649==    definitely lost: 248 bytes in 2 blocks
==4649==    indirectly lost: 198 bytes in 29 blocks
==4649==      possibly lost: 0 bytes in 0 blocks
==4649==    still reachable: 0 bytes in 0 blocks
==4649==         suppressed: 0 bytes in 0 blocks
==4649== Rerun with --leak-check=full to see details of leaked memory
==4649== 
==4649== For lists of detected and suppressed errors, rerun with: -s
==4649== ERROR SUMMARY: 0 errors from 0 contexts (suppressed: 0 from 0)
Running valgrind on ./maps/bad/textures_not_xpm.cub...

[0;32m[Debug info]üõ†Ô∏è  Map info üîç
[0m[0;32m[Debug info] - Map width:[0m5
[0;32m[Debug info] - Map height:[0m13
[0;32m[Debug info]üõ†Ô∏è  Starting player position info üîç
[0m[0;32m[Debug info] - Player X:[0m2
[0;32m[Debug info] - Player Y:[0m2
[0;32m[Debug info] - Player Direction:[0mS
[0;32m[Debug info]üõ†Ô∏è  Colors info c:  üîç
[0m[0;32m[Debug info]üõ†Ô∏è  Colors info f:  üîç
[0m[0;32m[Debug info]üõ†Ô∏è  Textures info:  üîç
[0m[0;32m[Debug info] texture:[0mtextures/test/north
[0;32m[Debug info] texture:[0mtextures/test/south.xpm
[0;32m[Debug info] texture:[0mtextures/test/west.xpm
[0;32m[Debug info] texture:[0mtextures/test/east.xpm
[0;34mN[0;34mO[0;34m [0;34mt[0;34me[0;34mx[0;34mt[0;34mu[0;34mr[0;34me[0;34ms[0;34m/[0;34mt[0;34me[0;34ms[0;34mt[0;34m/[0;34mn[0;34mo[0;34mr[0;34mt[0;34mh
[0m[0;34mS[0;34mO[0;34m [0;34mt[0;34me[0;34mx[0;34mt[0;34mu[0;34mr[0;34me[0;34ms[0;34m/[0;34mt[0;34me[0;34ms[0;34mt[0;34m/[0;34ms[0;34mo[0;34mu[0;34mt[0;34mh[0;34m.[0;34mx[0;34mp[0;34mm
[0m[0;34mW[0;34mE[0;34m [0;34mt[0;34me[0;34mx[0;34mt[0;34mu[0;34mr[0;34me[0;34ms[0;34m/[0;34mt[0;34me[0;34ms[0;34mt[0;34m/[0;34mw[0;34me[0;34ms[0;34mt[0;34m.[0;34mx[0;34mp[0;34mm
[0m[0;34mE[0;34mA[0;34m [0;34mt[0;34me[0;34mx[0;34mt[0;34mu[0;34mr[0;34me[0;34ms[0;34m/[0;34mt[0;34me[0;34ms[0;34mt[0;34m/[0;34me[0;34ma[0;34ms[0;34mt[0;34m.[0;34mx[0;34mp[0;34mm
[0m
[0m[0;34mF[0;34m [0;34m2[0;34m0[0;34m,[0;34m2[0;34m0[0;34m,[0;34m2[0;34m0
[0m[0;34mC[0;34m [0;34m2[0;34m0[0;34m0[0;34m,[0;34m2[0;34m0[0;34m0[0;34m,[0;34m2[0;34m0[0;34m0
[0m
[0m[0;34m1[0;34m1[0;34m1[0;34m1[0;34m1
[0m[0;34m1[0;34m0[0;34m0[0;34m0[0;34m1
[0m[0;34m1[0;34m0[0;34mS[0;34m0[0;34m1
[0m[0;34m1[0;34m0[0;34m0[0;34m0[0;34m1
[0m[0;34m1[0;34m0[0;34m0[0;34m0[0;34m1
[0m[0;34m1[0;34m0[0;34m0[0;34m0[0;34m1
[0m[0;34m1[0;34m1[0;34m0[0;34m0[0;34m1
[0m[0;34m1[0;34m0[0;34m0[0;34m0[0;34m1
[0m[0;34m1[0;34m0[0;34m0[0;34m0[0;34m1
[0m[0;34m1[0;34m0[0;34m0[0;34m0[0;34m1
[0m[0;34m1[0;34m0[0;34m0[0;34m0[0;34m1
[0m[0;34m1[0;34m0[0;34m0[0;34m0[0;34m1
[0m[0;34m1[0;34m1[0;34m1[0;34m1[0;34m1
[0m[0;34m2[0;34m0[0;34m0
[0m[0;34m2[0;34m0[0;34m0
[0m[0;34m2[0;34m0[0;34m0
[0m[0;34m2[0;34m0
[0m[0;34m2[0;34m0
[0m[0;34m2[0;34m0
[0m[0;34m1[0;34m1[0;34m1[0;34m1[0;34m1
[0m[0;34m1[0;34m0[0;34m0[0;34m0[0;34m1
[0m[0;34m1[0;34m0[0;34mS[0;34m0[0;34m1
[0m[0;34m1[0;34m0[0;34m0[0;34m0[0;34m1
[0m[0;34m1[0;34m0[0;34m0[0;34m0[0;34m1
[0m[0;34m1[0;34m0[0;34m0[0;34m0[0;34m1
[0m[0;34m1[0;34m1[0;34m0[0;34m0[0;34m1
[0m[0;34m1[0;34m0[0;34m0[0;34m0[0;34m1
[0m[0;34m1[0;34m0[0;34m0[0;34m0[0;34m1
[0m[0;34m1[0;34m0[0;34m0[0;34m0[0;34m1
[0m[0;34m1[0;34m0[0;34m0[0;34m0[0;34m1
[0m[0;34m1[0;34m0[0;34m0[0;34m0[0;34m1
[0m[0;34m1[0;34m1[0;34m1[0;34m1[0;34m1
[0mExit code: 0
‚ö†Ô∏è No Valgrind alerts, but with leaks[0m  
==4653== Memcheck, a memory error detector
==4653== Copyright (C) 2002-2022, and GNU GPL'd, by Julian Seward et al.
==4653== Using Valgrind-3.22.0 and LibVEX; rerun with -h for copyright info
==4653== Command: ./cub3d ./maps/bad/textures_not_xpm.cub
==4653== Parent PID: 4451
==4653== 
==4653== 
==4653== HEAP SUMMARY:
==4653==     in use at exit: 880 bytes in 54 blocks
==4653==   total heap usage: 146 allocs, 92 frees, 8,192 bytes allocated
==4653== 
==4653== LEAK SUMMARY:
==4653==    definitely lost: 553 bytes in 14 blocks
==4653==    indirectly lost: 327 bytes in 40 blocks
==4653==      possibly lost: 0 bytes in 0 blocks
==4653==    still reachable: 0 bytes in 0 blocks
==4653==         suppressed: 0 bytes in 0 blocks
==4653== Rerun with --leak-check=full to see details of leaked memory
==4653== 
==4653== For lists of detected and suppressed errors, rerun with: -s
==4653== ERROR SUMMARY: 0 errors from 0 contexts (suppressed: 0 from 0)
Running valgrind on ./maps/bad/wall_hole_east.cub...

[0;31m Error:[Walls check] incorrect vertical walls 
[0m [0;34mN[0;34mO[0;34m [0;34mt[0;34me[0;34mx[0;34mt[0;34mu[0;34mr[0;34me[0;34ms[0;34m/[0;34mt[0;34me[0;34ms[0;34mt[0;34m/[0;34mn[0;34mo[0;34mr[0;34mt[0;34mh[0;34m.[0;34mx[0;34mp[0;34mm
[0m[0;34mS[0;34mO[0;34m [0;34mt[0;34me[0;34mx[0;34mt[0;34mu[0;34mr[0;34me[0;34ms[0;34m/[0;34mt[0;34me[0;34ms[0;34mt[0;34m/[0;34ms[0;34mo[0;34mu[0;34mt[0;34mh[0;34m.[0;34mx[0;34mp[0;34mm
[0m[0;34mW[0;34mE[0;34m [0;34mt[0;34me[0;34mx[0;34mt[0;34mu[0;34mr[0;34me[0;34ms[0;34m/[0;34mt[0;34me[0;34ms[0;34mt[0;34m/[0;34mw[0;34me[0;34ms[0;34mt[0;34m.[0;34mx[0;34mp[0;34mm
[0m[0;34mE[0;34mA[0;34m [0;34mt[0;34me[0;34mx[0;34mt[0;34mu[0;34mr[0;34me[0;34ms[0;34m/[0;34mt[0;34me[0;34ms[0;34mt[0;34m/[0;34me[0;34ma[0;34ms[0;34mt[0;34m.[0;34mx[0;34mp[0;34mm
[0m
[0m[0;34mF[0;34m [0;34m2[0;34m0[0;34m,[0;34m2[0;34m0[0;34m,[0;34m2[0;34m0
[0m[0;34mC[0;34m [0;34m2[0;34m0[0;34m0[0;34m,[0;34m2[0;34m0[0;34m0[0;34m,[0;34m2[0;34m0[0;34m0
[0m
[0m[0;34m1[0;34m1[0;34m1[0;34m1[0;34m1
[0m[0;34m1[0;34m0[0;34m0[0;34m0[0;34m1
[0m[0;34m1[0;34m0[0;34mS[0;34m0[0;34m1
[0m[0;34m1[0;34m0[0;34m0[0;34m0[0;34m1
[0m[0;34m1[0;34m0[0;34m0[0;34m0[0;34m1
[0m[0;34m1[0;34m0[0;34m0[0;34m0[0;34m1
[0m[0;34m1[0;34m1[0;34m0[0;34m0[0;34m0
[0m[0;34m1[0;34m0[0;34m0[0;34m0[0;34m1
[0m[0;34m1[0;34m0[0;34m0[0;34m0[0;34m1
[0m[0;34m1[0;34m0[0;34m0[0;34m0[0;34m1
[0m[0;34m1[0;34m0[0;34m0[0;34m0[0;34m1
[0m[0;34m1[0;34m0[0;34m0[0;34m0[0;34m1
[0m[0;34m1[0;34m1[0;34m1[0;34m1[0;34m1
[0mExit code: 1
‚ö†Ô∏è No Valgrind alerts, but with leaks[0m  
==4669== Memcheck, a memory error detector
==4669== Copyright (C) 2002-2022, and GNU GPL'd, by Julian Seward et al.
==4669== Using Valgrind-3.22.0 and LibVEX; rerun with -h for copyright info
==4669== Command: ./cub3d ./maps/bad/wall_hole_east.cub
==4669== Parent PID: 4451
==4669== 
==4669== 
==4669== HEAP SUMMARY:
==4669==     in use at exit: 598 bytes in 36 blocks
==4669==   total heap usage: 126 allocs, 90 frees, 7,925 bytes allocated
==4669== 
==4669== LEAK SUMMARY:
==4669==    definitely lost: 288 bytes in 2 blocks
==4669==    indirectly lost: 310 bytes in 34 blocks
==4669==      possibly lost: 0 bytes in 0 blocks
==4669==    still reachable: 0 bytes in 0 blocks
==4669==         suppressed: 0 bytes in 0 blocks
==4669== Rerun with --leak-check=full to see details of leaked memory
==4669== 
==4669== For lists of detected and suppressed errors, rerun with: -s
==4669== ERROR SUMMARY: 0 errors from 0 contexts (suppressed: 0 from 0)
Running valgrind on ./maps/bad/wall_hole_north.cub...

[0;31m Error:[Walls check] incorrect horizontal walls
[0m [0;34mN[0;34mO[0;34m [0;34mt[0;34me[0;34mx[0;34mt[0;34mu[0;34mr[0;34me[0;34ms[0;34m/[0;34mt[0;34me[0;34ms[0;34mt[0;34m/[0;34mn[0;34mo[0;34mr[0;34mt[0;34mh[0;34m.[0;34mx[0;34mp[0;34mm
[0m[0;34mS[0;34mO[0;34m [0;34mt[0;34me[0;34mx[0;34mt[0;34mu[0;34mr[0;34me[0;34ms[0;34m/[0;34mt[0;34me[0;34ms[0;34mt[0;34m/[0;34ms[0;34mo[0;34mu[0;34mt[0;34mh[0;34m.[0;34mx[0;34mp[0;34mm
[0m[0;34mW[0;34mE[0;34m [0;34mt[0;34me[0;34mx[0;34mt[0;34mu[0;34mr[0;34me[0;34ms[0;34m/[0;34mt[0;34me[0;34ms[0;34mt[0;34m/[0;34mw[0;34me[0;34ms[0;34mt[0;34m.[0;34mx[0;34mp[0;34mm
[0m[0;34mE[0;34mA[0;34m [0;34mt[0;34me[0;34mx[0;34mt[0;34mu[0;34mr[0;34me[0;34ms[0;34m/[0;34mt[0;34me[0;34ms[0;34mt[0;34m/[0;34me[0;34ma[0;34ms[0;34mt[0;34m.[0;34mx[0;34mp[0;34mm
[0m
[0m[0;34mF[0;34m [0;34m2[0;34m0[0;34m,[0;34m2[0;34m0[0;34m,[0;34m2[0;34m0
[0m[0;34mC[0;34m [0;34m2[0;34m0[0;34m0[0;34m,[0;34m2[0;34m0[0;34m0[0;34m,[0;34m2[0;34m0[0;34m0
[0m
[0m[0;34m1[0;34m1[0;34m0[0;34m1[0;34m1
[0m[0;34m1[0;34m0[0;34m0[0;34m0[0;34m1
[0m[0;34m1[0;34m0[0;34mS[0;34m0[0;34m1
[0m[0;34m1[0;34m0[0;34m0[0;34m0[0;34m1
[0m[0;34m1[0;34m0[0;34m0[0;34m0[0;34m1
[0m[0;34m1[0;34m0[0;34m0[0;34m0[0;34m1
[0m[0;34m1[0;34m1[0;34m0[0;34m0[0;34m1
[0m[0;34m1[0;34m0[0;34m0[0;34m0[0;34m1
[0m[0;34m1[0;34m0[0;34m0[0;34m0[0;34m1
[0m[0;34m1[0;34m0[0;34m0[0;34m0[0;34m1
[0m[0;34m1[0;34m0[0;34m0[0;34m0[0;34m1
[0m[0;34m1[0;34m0[0;34m0[0;34m0[0;34m1
[0m[0;34m1[0;34m1[0;34m1[0;34m1[0;34m1
[0mExit code: 1
‚ö†Ô∏è No Valgrind alerts, but with leaks[0m  
==4672== Memcheck, a memory error detector
==4672== Copyright (C) 2002-2022, and GNU GPL'd, by Julian Seward et al.
==4672== Using Valgrind-3.22.0 and LibVEX; rerun with -h for copyright info
==4672== Command: ./cub3d ./maps/bad/wall_hole_north.cub
==4672== Parent PID: 4451
==4672== 
==4672== 
==4672== HEAP SUMMARY:
==4672==     in use at exit: 598 bytes in 36 blocks
==4672==   total heap usage: 126 allocs, 90 frees, 7,925 bytes allocated
==4672== 
==4672== LEAK SUMMARY:
==4672==    definitely lost: 288 bytes in 2 blocks
==4672==    indirectly lost: 310 bytes in 34 blocks
==4672==      possibly lost: 0 bytes in 0 blocks
==4672==    still reachable: 0 bytes in 0 blocks
==4672==         suppressed: 0 bytes in 0 blocks
==4672== Rerun with --leak-check=full to see details of leaked memory
==4672== 
==4672== For lists of detected and suppressed errors, rerun with: -s
==4672== ERROR SUMMARY: 0 errors from 0 contexts (suppressed: 0 from 0)
Running valgrind on ./maps/bad/wall_hole_south.cub...

[0;31m Error:[Walls check] incorrect horizontal walls
[0m [0;34mN[0;34mO[0;34m [0;34mt[0;34me[0;34mx[0;34mt[0;34mu[0;34mr[0;34me[0;34ms[0;34m/[0;34mt[0;34me[0;34ms[0;34mt[0;34m/[0;34mn[0;34mo[0;34mr[0;34mt[0;34mh[0;34m.[0;34mx[0;34mp[0;34mm
[0m[0;34mS[0;34mO[0;34m [0;34mt[0;34me[0;34mx[0;34mt[0;34mu[0;34mr[0;34me[0;34ms[0;34m/[0;34mt[0;34me[0;34ms[0;34mt[0;34m/[0;34ms[0;34mo[0;34mu[0;34mt[0;34mh[0;34m.[0;34mx[0;34mp[0;34mm
[0m[0;34mW[0;34mE[0;34m [0;34mt[0;34me[0;34mx[0;34mt[0;34mu[0;34mr[0;34me[0;34ms[0;34m/[0;34mt[0;34me[0;34ms[0;34mt[0;34m/[0;34mw[0;34me[0;34ms[0;34mt[0;34m.[0;34mx[0;34mp[0;34mm
[0m[0;34mE[0;34mA[0;34m [0;34mt[0;34me[0;34mx[0;34mt[0;34mu[0;34mr[0;34me[0;34ms[0;34m/[0;34mt[0;34me[0;34ms[0;34mt[0;34m/[0;34me[0;34ma[0;34ms[0;34mt[0;34m.[0;34mx[0;34mp[0;34mm
[0m
[0m[0;34mF[0;34m [0;34m2[0;34m0[0;34m,[0;34m2[0;34m0[0;34m,[0;34m2[0;34m0
[0m[0;34mC[0;34m [0;34m2[0;34m0[0;34m0[0;34m,[0;34m2[0;34m0[0;34m0[0;34m,[0;34m2[0;34m0[0;34m0
[0m
[0m[0;34m1[0;34m1[0;34m1[0;34m1[0;34m1
[0m[0;34m1[0;34m0[0;34m0[0;34m0[0;34m1
[0m[0;34m1[0;34m0[0;34mS[0;34m0[0;34m1
[0m[0;34m1[0;34m0[0;34m0[0;34m0[0;34m1
[0m[0;34m1[0;34m0[0;34m0[0;34m0[0;34m1
[0m[0;34m1[0;34m0[0;34m0[0;34m0[0;34m1
[0m[0;34m1[0;34m1[0;34m0[0;34m0[0;34m1
[0m[0;34m1[0;34m0[0;34m0[0;34m0[0;34m1
[0m[0;34m1[0;34m0[0;34m0[0;34m0[0;34m1
[0m[0;34m1[0;34m0[0;34m0[0;34m0[0;34m1
[0m[0;34m1[0;34m0[0;34m0[0;34m0[0;34m1
[0m[0;34m1[0;34m0[0;34m0[0;34m0[0;34m1
[0m[0;34m1[0;34m1[0;34m0[0;34m1[0;34m1
[0mExit code: 1
‚ö†Ô∏è No Valgrind alerts, but with leaks[0m  
==4675== Memcheck, a memory error detector
==4675== Copyright (C) 2002-2022, and GNU GPL'd, by Julian Seward et al.
==4675== Using Valgrind-3.22.0 and LibVEX; rerun with -h for copyright info
==4675== Command: ./cub3d ./maps/bad/wall_hole_south.cub
==4675== Parent PID: 4451
==4675== 
==4675== 
==4675== HEAP SUMMARY:
==4675==     in use at exit: 598 bytes in 36 blocks
==4675==   total heap usage: 126 allocs, 90 frees, 7,925 bytes allocated
==4675== 
==4675== LEAK SUMMARY:
==4675==    definitely lost: 288 bytes in 2 blocks
==4675==    indirectly lost: 310 bytes in 34 blocks
==4675==      possibly lost: 0 bytes in 0 blocks
==4675==    still reachable: 0 bytes in 0 blocks
==4675==         suppressed: 0 bytes in 0 blocks
==4675== Rerun with --leak-check=full to see details of leaked memory
==4675== 
==4675== For lists of detected and suppressed errors, rerun with: -s
==4675== ERROR SUMMARY: 0 errors from 0 contexts (suppressed: 0 from 0)
Running valgrind on ./maps/bad/wall_hole_west.cub...

[0;31m Error:[Map check in file] Invalid map placement or format
[0m [0;34mN[0;34mO[0;34m [0;34mt[0;34me[0;34mx[0;34mt[0;34mu[0;34mr[0;34me[0;34ms[0;34m/[0;34mt[0;34me[0;34ms[0;34mt[0;34m/[0;34mn[0;34mo[0;34mr[0;34mt[0;34mh[0;34m.[0;34mx[0;34mp[0;34mm
[0m[0;34mS[0;34mO[0;34m [0;34mt[0;34me[0;34mx[0;34mt[0;34mu[0;34mr[0;34me[0;34ms[0;34m/[0;34mt[0;34me[0;34ms[0;34mt[0;34m/[0;34ms[0;34mo[0;34mu[0;34mt[0;34mh[0;34m.[0;34mx[0;34mp[0;34mm
[0m[0;34mW[0;34mE[0;34m [0;34mt[0;34me[0;34mx[0;34mt[0;34mu[0;34mr[0;34me[0;34ms[0;34m/[0;34mt[0;34me[0;34ms[0;34mt[0;34m/[0;34mw[0;34me[0;34ms[0;34mt[0;34m.[0;34mx[0;34mp[0;34mm
[0m[0;34mE[0;34mA[0;34m [0;34mt[0;34me[0;34mx[0;34mt[0;34mu[0;34mr[0;34me[0;34ms[0;34m/[0;34mt[0;34me[0;34ms[0;34mt[0;34m/[0;34me[0;34ma[0;34ms[0;34mt[0;34m.[0;34mx[0;34mp[0;34mm
[0m
[0m[0;34mF[0;34m [0;34m2[0;34m0[0;34m,[0;34m2[0;34m0[0;34m,[0;34m2[0;34m0
[0m[0;34mC[0;34m [0;34m2[0;34m0[0;34m0[0;34m,[0;34m2[0;34m0[0;34m0[0;34m,[0;34m2[0;34m0[0;34m0
[0m
[0m[0;34m1[0;34m1[0;34m1[0;34m1[0;34m1
[0m[0;34m1[0;34m0[0;34m0[0;34m0[0;34m1
[0m[0;34m1[0;34m0[0;34mS[0;34m0[0;34m1
[0m[0;34m1[0;34m0[0;34m0[0;34m0[0;34m1
[0m[0;34m1[0;34m0[0;34m0[0;34m0[0;34m1
[0m[0;34m0[0;34m0[0;34m0[0;34m0[0;34m1
[0m[0;34m1[0;34m1[0;34m0[0;34m0[0;34m1
[0m[0;34m1[0;34m0[0;34m0[0;34m0[0;34m1
[0m[0;34m1[0;34m0[0;34m0[0;34m0[0;34m1
[0m[0;34m1[0;34m0[0;34m0[0;34m0[0;34m1
[0m[0;34m1[0;34m0[0;34m0[0;34m0[0;34m1
[0m[0;34m1[0;34m0[0;34m0[0;34m0[0;34m1
[0m[0;34m1[0;34m1[0;34m1[0;34m1[0;34m1
[0mExit code: 1
‚ö†Ô∏è No Valgrind alerts, but with leaks[0m  
==4678== Memcheck, a memory error detector
==4678== Copyright (C) 2002-2022, and GNU GPL'd, by Julian Seward et al.
==4678== Using Valgrind-3.22.0 and LibVEX; rerun with -h for copyright info
==4678== Command: ./cub3d ./maps/bad/wall_hole_west.cub
==4678== Parent PID: 4451
==4678== 
==4678== 
==4678== HEAP SUMMARY:
==4678==     in use at exit: 408 bytes in 22 blocks
==4678==   total heap usage: 99 allocs, 77 frees, 7,657 bytes allocated
==4678== 
==4678== LEAK SUMMARY:
==4678==    definitely lost: 176 bytes in 1 blocks
==4678==    indirectly lost: 232 bytes in 21 blocks
==4678==      possibly lost: 0 bytes in 0 blocks
==4678==    still reachable: 0 bytes in 0 blocks
==4678==         suppressed: 0 bytes in 0 blocks
==4678== Rerun with --leak-check=full to see details of leaked memory
==4678== 
==4678== For lists of detected and suppressed errors, rerun with: -s
==4678== ERROR SUMMARY: 0 errors from 0 contexts (suppressed: 0 from 0)
Running valgrind on ./maps/bad/wall_none.cub...

[0;31m Error:[Map start] No map or incorrect placement
[0m [0;34mN[0;34mO[0;34m [0;34mt[0;34me[0;34mx[0;34mt[0;34mu[0;34mr[0;34me[0;34ms[0;34m/[0;34mt[0;34me[0;34ms[0;34mt[0;34m/[0;34mn[0;34mo[0;34mr[0;34mt[0;34mh[0;34m.[0;34mx[0;34mp[0;34mm
[0m[0;34mS[0;34mO[0;34m [0;34mt[0;34me[0;34mx[0;34mt[0;34mu[0;34mr[0;34me[0;34ms[0;34m/[0;34mt[0;34me[0;34ms[0;34mt[0;34m/[0;34ms[0;34mo[0;34mu[0;34mt[0;34mh[0;34m.[0;34mx[0;34mp[0;34mm
[0m[0;34mW[0;34mE[0;34m [0;34mt[0;34me[0;34mx[0;34mt[0;34mu[0;34mr[0;34me[0;34ms[0;34m/[0;34mt[0;34me[0;34ms[0;34mt[0;34m/[0;34mw[0;34me[0;34ms[0;34mt[0;34m.[0;34mx[0;34mp[0;34mm
[0m[0;34mE[0;34mA[0;34m [0;34mt[0;34me[0;34mx[0;34mt[0;34mu[0;34mr[0;34me[0;34ms[0;34m/[0;34mt[0;34me[0;34ms[0;34mt[0;34m/[0;34me[0;34ma[0;34ms[0;34mt[0;34m.[0;34mx[0;34mp[0;34mm
[0m
[0m[0;34mF[0;34m [0;34m2[0;34m0[0;34m,[0;34m2[0;34m0[0;34m,[0;34m2[0;34m0
[0m[0;34mC[0;34m [0;34m2[0;34m0[0;34m0[0;34m,[0;34m2[0;34m0[0;34m0[0;34m,[0;34m2[0;34m0[0;34m0
[0m
[0m[0;34m0[0;34m0[0;34m0[0;34m0[0;34m0
[0m[0;34m0[0;34m0[0;34m0[0;34m0[0;34m0
[0m[0;34m0[0;34m0[0;34mS[0;34m0[0;34m0
[0m[0;34m0[0;34m0[0;34m0[0;34m0[0;34m0
[0m[0;34m0[0;34m0[0;34m0[0;34m0[0;34m0
[0m[0;34m0[0;34m0[0;34m0[0;34m0[0;34m0
[0m[0;34m0[0;34m0[0;34m0[0;34m0[0;34m0
[0m[0;34m0[0;34m0[0;34m0[0;34m0[0;34m0
[0m[0;34m0[0;34m0[0;34m0[0;34m0[0;34m0
[0m[0;34m0[0;34m0[0;34m0[0;34m0[0;34m0
[0m[0;34m0[0;34m0[0;34m0[0;34m0[0;34m0
[0m[0;34m0[0;34m0[0;34m0[0;34m0[0;34m0
[0m[0;34m0[0;34m0[0;34m0[0;34m0[0;34m0
[0mExit code: 1
‚ö†Ô∏è No Valgrind alerts, but with leaks[0m  
==4681== Memcheck, a memory error detector
==4681== Copyright (C) 2002-2022, and GNU GPL'd, by Julian Seward et al.
==4681== Using Valgrind-3.22.0 and LibVEX; rerun with -h for copyright info
==4681== Command: ./cub3d ./maps/bad/wall_none.cub
==4681== Parent PID: 4451
==4681== 
==4681== 
==4681== HEAP SUMMARY:
==4681==     in use at exit: 408 bytes in 22 blocks
==4681==   total heap usage: 99 allocs, 77 frees, 7,657 bytes allocated
==4681== 
==4681== LEAK SUMMARY:
==4681==    definitely lost: 176 bytes in 1 blocks
==4681==    indirectly lost: 232 bytes in 21 blocks
==4681==      possibly lost: 0 bytes in 0 blocks
==4681==    still reachable: 0 bytes in 0 blocks
==4681==         suppressed: 0 bytes in 0 blocks
==4681== Rerun with --leak-check=full to see details of leaked memory
==4681== 
==4681== For lists of detected and suppressed errors, rerun with: -s
==4681== ERROR SUMMARY: 0 errors from 0 contexts (suppressed: 0 from 0)
Valgrind tests completed. Results saved to test_output.txt.
Starting Valgrind tests...
Running valgrind on ./maps/bad/color_invalid_rgb.cub...

[0;31m Error:[Texture verification] file is not found
[0m [0;34mN[0;34mO[0;34m [0;34mt[0;34me[0;34mx[0;34mt[0;34mu[0;34mr[0;34me[0;34ms[0;34m/[0;34mt[0;34me[0;34ms[0;34mt[0;34m/[0;34mn[0;34mo[0;34mr[0;34mt[0;34mh[0;34m.[0;34mx[0;34mp[0;34mm
[0m[0;34mS[0;34mO[0;34m [0;34mt[0;34me[0;34mx[0;34mt[0;34mu[0;34mr[0;34me[0;34ms[0;34m/[0;34mt[0;34me[0;34ms[0;34mt[0;34m/[0;34ms[0;34mo[0;34mu[0;34mt[0;34mh[0;34m.[0;34mx[0;34mp[0;34mm
[0m[0;34mW[0;34mE[0;34m [0;34mt[0;34me[0;34mx[0;34mt[0;34mu[0;34mr[0;34me[0;34ms[0;34m/[0;34mt[0;34me[0;34ms[0;34mt[0;34m/[0;34mw[0;34me[0;34ms[0;34mt[0;34m.[0;34mx[0;34mp[0;34mm
[0m[0;34mE[0;34mA[0;34m [0;34mt[0;34me[0;34mx[0;34mt[0;34mu[0;34mr[0;34me[0;34ms[0;34m/[0;34mt[0;34me[0;34ms[0;34mt[0;34m/[0;34me[0;34ma[0;34ms[0;34mt[0;34m.[0;34mx[0;34mp[0;34mm
[0m
[0m[0;34mF[0;34m [0;34m2[0;34m0[0;34m,[0;34m2[0;34m0[0;34m,[0;34m-[0;34m2[0;34m0
[0m[0;34mC[0;34m [0;34m2[0;34m0[0;34m0[0;34m,[0;34m2[0;34m0[0;34m0[0;34m,[0;34m2[0;34m0[0;34m0
[0m
[0m[0;34m1[0;34m1[0;34m1[0;34m1[0;34m1
[0m[0;34m1[0;34m0[0;34m0[0;34m0[0;34m1
[0m[0;34m1[0;34m0[0;34mS[0;34m0[0;34m1
[0m[0;34m1[0;34m0[0;34m0[0;34m0[0;34m1
[0m[0;34m1[0;34m0[0;34m0[0;34m0[0;34m1
[0m[0;34m1[0;34m0[0;34m0[0;34m0[0;34m1
[0m[0;34m1[0;34m1[0;34m0[0;34m0[0;34m1
[0m[0;34m1[0;34m0[0;34m0[0;34m0[0;34m1
[0m[0;34m1[0;34m0[0;34m0[0;34m0[0;34m1
[0m[0;34m1[0;34m0[0;34m0[0;34m0[0;34m1
[0m[0;34m1[0;34m0[0;34m0[0;34m0[0;34m1
[0m[0;34m1[0;34m0[0;34m0[0;34m0[0;34m1
[0m[0;34m1[0;34m1[0;34m1[0;34m1[0;34m1
[0mExit code: 1
‚ö†Ô∏è No Valgrind alerts, but with leaks[0m  
==15630== Memcheck, a memory error detector
==15630== Copyright (C) 2002-2022, and GNU GPL'd, by Julian Seward et al.
==15630== Using Valgrind-3.22.0 and LibVEX; rerun with -h for copyright info
==15630== Command: ./cub3d ./maps/bad/color_invalid_rgb.cub
==15630== Parent PID: 15628
==15630== 
==15630== 
==15630== HEAP SUMMARY:
==15630==     in use at exit: 693 bytes in 40 blocks
==15630==   total heap usage: 130 allocs, 90 frees, 8,005 bytes allocated
==15630== 
==15630== LEAK SUMMARY:
==15630==    definitely lost: 382 bytes in 6 blocks
==15630==    indirectly lost: 311 bytes in 34 blocks
==15630==      possibly lost: 0 bytes in 0 blocks
==15630==    still reachable: 0 bytes in 0 blocks
==15630==         suppressed: 0 bytes in 0 blocks
==15630== Rerun with --leak-check=full to see details of leaked memory
==15630== 
==15630== For lists of detected and suppressed errors, rerun with: -s
==15630== ERROR SUMMARY: 0 errors from 0 contexts (suppressed: 0 from 0)
Running valgrind on ./maps/bad/color_missing_ceiling_rgb.cub...

[0;31m Error:[Texture verification] file is not found
[0m [0;34mN[0;34mO[0;34m [0;34mt[0;34me[0;34mx[0;34mt[0;34mu[0;34mr[0;34me[0;34ms[0;34m/[0;34mt[0;34me[0;34ms[0;34mt[0;34m/[0;34mn[0;34mo[0;34mr[0;34mt[0;34mh[0;34m.[0;34mx[0;34mp[0;34mm
[0m[0;34mS[0;34mO[0;34m [0;34mt[0;34me[0;34mx[0;34mt[0;34mu[0;34mr[0;34me[0;34ms[0;34m/[0;34mt[0;34me[0;34ms[0;34mt[0;34m/[0;34ms[0;34mo[0;34mu[0;34mt[0;34mh[0;34m.[0;34mx[0;34mp[0;34mm
[0m[0;34mW[0;34mE[0;34m [0;34mt[0;34me[0;34mx[0;34mt[0;34mu[0;34mr[0;34me[0;34ms[0;34m/[0;34mt[0;34me[0;34ms[0;34mt[0;34m/[0;34mw[0;34me[0;34ms[0;34mt[0;34m.[0;34mx[0;34mp[0;34mm
[0m[0;34mE[0;34mA[0;34m [0;34mt[0;34me[0;34mx[0;34mt[0;34mu[0;34mr[0;34me[0;34ms[0;34m/[0;34mt[0;34me[0;34ms[0;34mt[0;34m/[0;34me[0;34ma[0;34ms[0;34mt[0;34m.[0;34mx[0;34mp[0;34mm
[0m
[0m[0;34mF[0;34m [0;34m2[0;34m0[0;34m,[0;34m2[0;34m0[0;34m,[0;34m2[0;34m0
[0m[0;34mC[0;34m [0;34m2[0;34m0[0;34m0[0;34m,[0;34m2[0;34m0[0;34m0[0;34m,
[0m
[0m[0;34m1[0;34m1[0;34m1[0;34m1[0;34m1
[0m[0;34m1[0;34m0[0;34m0[0;34m0[0;34m1
[0m[0;34m1[0;34m0[0;34mS[0;34m0[0;34m1
[0m[0;34m1[0;34m0[0;34m0[0;34m0[0;34m1
[0m[0;34m1[0;34m0[0;34m0[0;34m0[0;34m1
[0m[0;34m1[0;34m0[0;34m0[0;34m0[0;34m1
[0m[0;34m1[0;34m1[0;34m0[0;34m0[0;34m1
[0m[0;34m1[0;34m0[0;34m0[0;34m0[0;34m1
[0m[0;34m1[0;34m0[0;34m0[0;34m0[0;34m1
[0m[0;34m1[0;34m0[0;34m0[0;34m0[0;34m1
[0m[0;34m1[0;34m0[0;34m0[0;34m0[0;34m1
[0m[0;34m1[0;34m0[0;34m0[0;34m0[0;34m1
[0m[0;34m1[0;34m1[0;34m1[0;34m1[0;34m1
[0mExit code: 1
‚ö†Ô∏è No Valgrind alerts, but with leaks[0m  
==15633== Memcheck, a memory error detector
==15633== Copyright (C) 2002-2022, and GNU GPL'd, by Julian Seward et al.
==15633== Using Valgrind-3.22.0 and LibVEX; rerun with -h for copyright info
==15633== Command: ./cub3d ./maps/bad/color_missing_ceiling_rgb.cub
==15633== Parent PID: 15628
==15633== 
==15633== 
==15633== HEAP SUMMARY:
==15633==     in use at exit: 689 bytes in 40 blocks
==15633==   total heap usage: 130 allocs, 90 frees, 7,973 bytes allocated
==15633== 
==15633== LEAK SUMMARY:
==15633==    definitely lost: 382 bytes in 6 blocks
==15633==    indirectly lost: 307 bytes in 34 blocks
==15633==      possibly lost: 0 bytes in 0 blocks
==15633==    still reachable: 0 bytes in 0 blocks
==15633==         suppressed: 0 bytes in 0 blocks
==15633== Rerun with --leak-check=full to see details of leaked memory
==15633== 
==15633== For lists of detected and suppressed errors, rerun with: -s
==15633== ERROR SUMMARY: 0 errors from 0 contexts (suppressed: 0 from 0)
Running valgrind on ./maps/bad/color_missing.cub...

[0;31m Error:[Texture verification] file is not found
[0m [0;34mN[0;34mO[0;34m [0;34mt[0;34me[0;34mx[0;34mt[0;34mu[0;34mr[0;34me[0;34ms[0;34m/[0;34mt[0;34me[0;34ms[0;34mt[0;34m/[0;34mn[0;34mo[0;34mr[0;34mt[0;34mh[0;34m.[0;34mx[0;34mp[0;34mm
[0m[0;34mS[0;34mO[0;34m [0;34mt[0;34me[0;34mx[0;34mt[0;34mu[0;34mr[0;34me[0;34ms[0;34m/[0;34mt[0;34me[0;34ms[0;34mt[0;34m/[0;34ms[0;34mo[0;34mu[0;34mt[0;34mh[0;34m.[0;34mx[0;34mp[0;34mm
[0m[0;34mW[0;34mE[0;34m [0;34mt[0;34me[0;34mx[0;34mt[0;34mu[0;34mr[0;34me[0;34ms[0;34m/[0;34mt[0;34me[0;34ms[0;34mt[0;34m/[0;34mw[0;34me[0;34ms[0;34mt[0;34m.[0;34mx[0;34mp[0;34mm
[0m[0;34mE[0;34mA[0;34m [0;34mt[0;34me[0;34mx[0;34mt[0;34mu[0;34mr[0;34me[0;34ms[0;34m/[0;34mt[0;34me[0;34ms[0;34mt[0;34m/[0;34me[0;34ma[0;34ms[0;34mt[0;34m.[0;34mx[0;34mp[0;34mm
[0m
[0m[0;34mC[0;34m [0;34m2[0;34m0[0;34m0[0;34m,[0;34m2[0;34m0[0;34m0[0;34m,[0;34m2[0;34m0[0;34m0
[0m
[0m[0;34m1[0;34m1[0;34m1[0;34m1[0;34m1
[0m[0;34m1[0;34m0[0;34m0[0;34m0[0;34m1
[0m[0;34m1[0;34m0[0;34mS[0;34m0[0;34m1
[0m[0;34m1[0;34m0[0;34m0[0;34m0[0;34m1
[0m[0;34m1[0;34m0[0;34m0[0;34m0[0;34m1
[0m[0;34m1[0;34m0[0;34m0[0;34m0[0;34m1
[0m[0;34m1[0;34m1[0;34m0[0;34m0[0;34m1
[0m[0;34m1[0;34m0[0;34m0[0;34m0[0;34m1
[0m[0;34m1[0;34m0[0;34m0[0;34m0[0;34m1
[0m[0;34m1[0;34m0[0;34m0[0;34m0[0;34m1
[0m[0;34m1[0;34m0[0;34m0[0;34m0[0;34m1
[0m[0;34m1[0;34m0[0;34m0[0;34m0[0;34m1
[0m[0;34m1[0;34m1[0;34m1[0;34m1[0;34m1
[0mExit code: 1
‚ö†Ô∏è No Valgrind alerts, but with leaks[0m  
==15650== Memcheck, a memory error detector
==15650== Copyright (C) 2002-2022, and GNU GPL'd, by Julian Seward et al.
==15650== Using Valgrind-3.22.0 and LibVEX; rerun with -h for copyright info
==15650== Command: ./cub3d ./maps/bad/color_missing.cub
==15650== Parent PID: 15628
==15650== 
==15650== 
==15650== HEAP SUMMARY:
==15650==     in use at exit: 672 bytes in 39 blocks
==15650==   total heap usage: 126 allocs, 87 frees, 7,808 bytes allocated
==15650== 
==15650== LEAK SUMMARY:
==15650==    definitely lost: 374 bytes in 6 blocks
==15650==    indirectly lost: 298 bytes in 33 blocks
==15650==      possibly lost: 0 bytes in 0 blocks
==15650==    still reachable: 0 bytes in 0 blocks
==15650==         suppressed: 0 bytes in 0 blocks
==15650== Rerun with --leak-check=full to see details of leaked memory
==15650== 
==15650== For lists of detected and suppressed errors, rerun with: -s
==15650== ERROR SUMMARY: 0 errors from 0 contexts (suppressed: 0 from 0)
Running valgrind on ./maps/bad/color_missing_floor_rgb.cub...

[0;31m Error:[Texture verification] file is not found
[0m [0;34mN[0;34mO[0;34m [0;34mt[0;34me[0;34mx[0;34mt[0;34mu[0;34mr[0;34me[0;34ms[0;34m/[0;34mt[0;34me[0;34ms[0;34mt[0;34m/[0;34mn[0;34mo[0;34mr[0;34mt[0;34mh[0;34m.[0;34mx[0;34mp[0;34mm
[0m[0;34mS[0;34mO[0;34m [0;34mt[0;34me[0;34mx[0;34mt[0;34mu[0;34mr[0;34me[0;34ms[0;34m/[0;34mt[0;34me[0;34ms[0;34mt[0;34m/[0;34ms[0;34mo[0;34mu[0;34mt[0;34mh[0;34m.[0;34mx[0;34mp[0;34mm
[0m[0;34mW[0;34mE[0;34m [0;34mt[0;34me[0;34mx[0;34mt[0;34mu[0;34mr[0;34me[0;34ms[0;34m/[0;34mt[0;34me[0;34ms[0;34mt[0;34m/[0;34mw[0;34me[0;34ms[0;34mt[0;34m.[0;34mx[0;34mp[0;34mm
[0m[0;34mE[0;34mA[0;34m [0;34mt[0;34me[0;34mx[0;34mt[0;34mu[0;34mr[0;34me[0;34ms[0;34m/[0;34mt[0;34me[0;34ms[0;34mt[0;34m/[0;34me[0;34ma[0;34ms[0;34mt[0;34m.[0;34mx[0;34mp[0;34mm
[0m
[0m[0;34mF[0;34m [0;34m2[0;34m0[0;34m,[0;34m2[0;34m0
[0m[0;34mC[0;34m [0;34m2[0;34m0[0;34m0[0;34m,[0;34m2[0;34m0[0;34m0[0;34m,[0;34m2[0;34m0[0;34m0
[0m
[0m[0;34m1[0;34m1[0;34m1[0;34m1[0;34m1
[0m[0;34m1[0;34m0[0;34m0[0;34m0[0;34m1
[0m[0;34m1[0;34m0[0;34mS[0;34m0[0;34m1
[0m[0;34m1[0;34m0[0;34m0[0;34m0[0;34m1
[0m[0;34m1[0;34m0[0;34m0[0;34m0[0;34m1
[0m[0;34m1[0;34m0[0;34m0[0;34m0[0;34m1
[0m[0;34m1[0;34m1[0;34m0[0;34m0[0;34m1
[0m[0;34m1[0;34m0[0;34m0[0;34m0[0;34m1
[0m[0;34m1[0;34m0[0;34m0[0;34m0[0;34m1
[0m[0;34m1[0;34m0[0;34m0[0;34m0[0;34m1
[0m[0;34m1[0;34m0[0;34m0[0;34m0[0;34m1
[0m[0;34m1[0;34m0[0;34m0[0;34m0[0;34m1
[0m[0;34m1[0;34m1[0;34m1[0;34m1[0;34m1
[0mExit code: 1
‚ö†Ô∏è No Valgrind alerts, but with leaks[0m  
==15659== Memcheck, a memory error detector
==15659== Copyright (C) 2002-2022, and GNU GPL'd, by Julian Seward et al.
==15659== Using Valgrind-3.22.0 and LibVEX; rerun with -h for copyright info
==15659== Command: ./cub3d ./maps/bad/color_missing_floor_rgb.cub
==15659== Parent PID: 15628
==15659== 
==15659== 
==15659== HEAP SUMMARY:
==15659==     in use at exit: 689 bytes in 40 blocks
==15659==   total heap usage: 130 allocs, 90 frees, 7,979 bytes allocated
==15659== 
==15659== LEAK SUMMARY:
==15659==    definitely lost: 382 bytes in 6 blocks
==15659==    indirectly lost: 307 bytes in 34 blocks
==15659==      possibly lost: 0 bytes in 0 blocks
==15659==    still reachable: 0 bytes in 0 blocks
==15659==         suppressed: 0 bytes in 0 blocks
==15659== Rerun with --leak-check=full to see details of leaked memory
==15659== 
==15659== For lists of detected and suppressed errors, rerun with: -s
==15659== ERROR SUMMARY: 0 errors from 0 contexts (suppressed: 0 from 0)
Running valgrind on ./maps/bad/color_none.cub...

[0;31m Error:[Texture verification] file is not found
[0m [0;34mN[0;34mO[0;34m [0;34mt[0;34me[0;34mx[0;34mt[0;34mu[0;34mr[0;34me[0;34ms[0;34m/[0;34mt[0;34me[0;34ms[0;34mt[0;34m/[0;34mn[0;34mo[0;34mr[0;34mt[0;34mh[0;34m.[0;34mx[0;34mp[0;34mm
[0m[0;34mS[0;34mO[0;34m [0;34mt[0;34me[0;34mx[0;34mt[0;34mu[0;34mr[0;34me[0;34ms[0;34m/[0;34mt[0;34me[0;34ms[0;34mt[0;34m/[0;34ms[0;34mo[0;34mu[0;34mt[0;34mh[0;34m.[0;34mx[0;34mp[0;34mm
[0m[0;34mW[0;34mE[0;34m [0;34mt[0;34me[0;34mx[0;34mt[0;34mu[0;34mr[0;34me[0;34ms[0;34m/[0;34mt[0;34me[0;34ms[0;34mt[0;34m/[0;34mw[0;34me[0;34ms[0;34mt[0;34m.[0;34mx[0;34mp[0;34mm
[0m[0;34mE[0;34mA[0;34m [0;34mt[0;34me[0;34mx[0;34mt[0;34mu[0;34mr[0;34me[0;34ms[0;34m/[0;34mt[0;34me[0;34ms[0;34mt[0;34m/[0;34me[0;34ma[0;34ms[0;34mt[0;34m.[0;34mx[0;34mp[0;34mm
[0m
[0m[0;34m1[0;34m1[0;34m1[0;34m1[0;34m1
[0m[0;34m1[0;34m0[0;34m0[0;34m0[0;34m1
[0m[0;34m1[0;34m0[0;34mS[0;34m0[0;34m1
[0m[0;34m1[0;34m0[0;34m0[0;34m0[0;34m1
[0m[0;34m1[0;34m0[0;34m0[0;34m0[0;34m1
[0m[0;34m1[0;34m0[0;34m0[0;34m0[0;34m1
[0m[0;34m1[0;34m1[0;34m0[0;34m0[0;34m1
[0m[0;34m1[0;34m0[0;34m0[0;34m0[0;34m1
[0m[0;34m1[0;34m0[0;34m0[0;34m0[0;34m1
[0m[0;34m1[0;34m0[0;34m0[0;34m0[0;34m1
[0m[0;34m1[0;34m0[0;34m0[0;34m0[0;34m1
[0m[0;34m1[0;34m0[0;34m0[0;34m0[0;34m1
[0m[0;34m1[0;34m1[0;34m1[0;34m1[0;34m1
[0mExit code: 1
‚ö†Ô∏è No Valgrind alerts, but with leaks[0m  
==15668== Memcheck, a memory error detector
==15668== Copyright (C) 2002-2022, and GNU GPL'd, by Julian Seward et al.
==15668== Using Valgrind-3.22.0 and LibVEX; rerun with -h for copyright info
==15668== Command: ./cub3d ./maps/bad/color_none.cub
==15668== Parent PID: 15628
==15668== 
==15668== 
==15668== HEAP SUMMARY:
==15668==     in use at exit: 639 bytes in 37 blocks
==15668==   total heap usage: 117 allocs, 80 frees, 7,292 bytes allocated
==15668== 
==15668== LEAK SUMMARY:
==15668==    definitely lost: 358 bytes in 6 blocks
==15668==    indirectly lost: 281 bytes in 31 blocks
==15668==      possibly lost: 0 bytes in 0 blocks
==15668==    still reachable: 0 bytes in 0 blocks
==15668==         suppressed: 0 bytes in 0 blocks
==15668== Rerun with --leak-check=full to see details of leaked memory
==15668== 
==15668== For lists of detected and suppressed errors, rerun with: -s
==15668== ERROR SUMMARY: 0 errors from 0 contexts (suppressed: 0 from 0)
Running valgrind on ./maps/bad/empty.cub...
[0;31m Error:[Read file] file is empty
[0m Exit code: 1
[0;32m‚úÖ No Valgrind alerts, no leaks[0m  
==15671== Memcheck, a memory error detector
==15671== Copyright (C) 2002-2022, and GNU GPL'd, by Julian Seward et al.
==15671== Using Valgrind-3.22.0 and LibVEX; rerun with -h for copyright info
==15671== Command: ./cub3d ./maps/bad/empty.cub
==15671== Parent PID: 15628
==15671== 
==15671== 
==15671== HEAP SUMMARY:
==15671==     in use at exit: 0 bytes in 0 blocks
==15671==   total heap usage: 5 allocs, 5 frees, 170 bytes allocated
==15671== 
==15671== All heap blocks were freed -- no leaks are possible
==15671== 
==15671== For lists of detected and suppressed errors, rerun with: -s
==15671== ERROR SUMMARY: 0 errors from 0 contexts (suppressed: 0 from 0)
Running valgrind on ./maps/bad/file_letter_end.cub...

[0;31m Error:[Map check in file] Empty line found
[0m [0;34mN[0;34mO[0;34m [0;34mt[0;34me[0;34mx[0;34mt[0;34mu[0;34mr[0;34me[0;34ms[0;34m/[0;34mt[0;34me[0;34ms[0;34mt[0;34m/[0;34mn[0;34mo[0;34mr[0;34mt[0;34mh[0;34m.[0;34mx[0;34mp[0;34mm
[0m[0;34mS[0;34mO[0;34m [0;34mt[0;34me[0;34mx[0;34mt[0;34mu[0;34mr[0;34me[0;34ms[0;34m/[0;34mt[0;34me[0;34ms[0;34mt[0;34m/[0;34ms[0;34mo[0;34mu[0;34mt[0;34mh[0;34m.[0;34mx[0;34mp[0;34mm
[0m[0;34mW[0;34mE[0;34m [0;34mt[0;34me[0;34mx[0;34mt[0;34mu[0;34mr[0;34me[0;34ms[0;34m/[0;34mt[0;34me[0;34ms[0;34mt[0;34m/[0;34mw[0;34me[0;34ms[0;34mt[0;34m.[0;34mx[0;34mp[0;34mm
[0m[0;34mE[0;34mA[0;34m [0;34mt[0;34me[0;34mx[0;34mt[0;34mu[0;34mr[0;34me[0;34ms[0;34m/[0;34mt[0;34me[0;34ms[0;34mt[0;34m/[0;34me[0;34ma[0;34ms[0;34mt[0;34m.[0;34mx[0;34mp[0;34mm
[0m
[0m[0;34mF[0;34m [0;34m2[0;34m0[0;34m,[0;34m2[0;34m0[0;34m,[0;34m2[0;34m0
[0m[0;34mC[0;34m [0;34m2[0;34m0[0;34m0[0;34m,[0;34m2[0;34m0[0;34m0[0;34m,[0;34m2[0;34m0[0;34m0
[0m
[0m[0;34m1[0;34m1[0;34m1[0;34m1[0;34m1
[0m[0;34m1[0;34m0[0;34m0[0;34m0[0;34m1
[0m[0;34m1[0;34m0[0;34mS[0;34m0[0;34m1
[0m[0;34m1[0;34m0[0;34m0[0;34m0[0;34m1
[0m[0;34m1[0;34m0[0;34m0[0;34m0[0;34m1
[0m[0;34m1[0;34m0[0;34m0[0;34m0[0;34m1
[0m[0;34m1[0;34m1[0;34m0[0;34m0[0;34m1
[0m[0;34m1[0;34m0[0;34m0[0;34m0[0;34m1
[0m[0;34m1[0;34m0[0;34m0[0;34m0[0;34m1
[0m[0;34m1[0;34m0[0;34m0[0;34m0[0;34m1
[0m[0;34m1[0;34m0[0;34m0[0;34m0[0;34m1
[0m[0;34m1[0;34m0[0;34m0[0;34m0[0;34m1
[0m[0;34m1[0;34m1[0;34m1[0;34m1[0;34m1
[0m
[0m
[0m
[0m
[0m
[0m
[0m
[0m
[0m
[0m
[0m
[0m
[0m
[0m[0;34m1
[0mExit code: 1
‚ö†Ô∏è No Valgrind alerts, but with leaks[0m  
==15674== Memcheck, a memory error detector
==15674== Copyright (C) 2002-2022, and GNU GPL'd, by Julian Seward et al.
==15674== Using Valgrind-3.22.0 and LibVEX; rerun with -h for copyright info
==15674== Command: ./cub3d ./maps/bad/file_letter_end.cub
==15674== Parent PID: 15628
==15674== 
==15674== 
==15674== HEAP SUMMARY:
==15674==     in use at exit: 549 bytes in 36 blocks
==15674==   total heap usage: 156 allocs, 120 frees, 11,449 bytes allocated
==15674== 
==15674== LEAK SUMMARY:
==15674==    definitely lost: 288 bytes in 1 blocks
==15674==    indirectly lost: 261 bytes in 35 blocks
==15674==      possibly lost: 0 bytes in 0 blocks
==15674==    still reachable: 0 bytes in 0 blocks
==15674==         suppressed: 0 bytes in 0 blocks
==15674== Rerun with --leak-check=full to see details of leaked memory
==15674== 
==15674== For lists of detected and suppressed errors, rerun with: -s
==15674== ERROR SUMMARY: 0 errors from 0 contexts (suppressed: 0 from 0)
Running valgrind on ./maps/bad/filetype_missing...
[0;31m Error:[Check args] no map or invalid map extension
[0m Exit code: 1
[0;32m‚úÖ No Valgrind alerts, no leaks[0m  
==15690== Memcheck, a memory error detector
==15690== Copyright (C) 2002-2022, and GNU GPL'd, by Julian Seward et al.
==15690== Using Valgrind-3.22.0 and LibVEX; rerun with -h for copyright info
==15690== Command: ./cub3d ./maps/bad/filetype_missing
==15690== Parent PID: 15628
==15690== 
==15690== 
==15690== HEAP SUMMARY:
==15690==     in use at exit: 0 bytes in 0 blocks
==15690==   total heap usage: 3 allocs, 3 frees, 144 bytes allocated
==15690== 
==15690== All heap blocks were freed -- no leaks are possible
==15690== 
==15690== For lists of detected and suppressed errors, rerun with: -s
==15690== ERROR SUMMARY: 0 errors from 0 contexts (suppressed: 0 from 0)
Running valgrind on ./maps/bad/filetype_wrong.buc...
[0;31m Error:[Check args] no map or invalid map extension
[0m Exit code: 1
[0;32m‚úÖ No Valgrind alerts, no leaks[0m  
==15693== Memcheck, a memory error detector
==15693== Copyright (C) 2002-2022, and GNU GPL'd, by Julian Seward et al.
==15693== Using Valgrind-3.22.0 and LibVEX; rerun with -h for copyright info
==15693== Command: ./cub3d ./maps/bad/filetype_wrong.buc
==15693== Parent PID: 15628
==15693== 
==15693== 
==15693== HEAP SUMMARY:
==15693==     in use at exit: 0 bytes in 0 blocks
==15693==   total heap usage: 3 allocs, 3 frees, 144 bytes allocated
==15693== 
==15693== All heap blocks were freed -- no leaks are possible
==15693== 
==15693== For lists of detected and suppressed errors, rerun with: -s
==15693== ERROR SUMMARY: 0 errors from 0 contexts (suppressed: 0 from 0)
Running valgrind on ./maps/bad/map_first.cub...

[0;31m Error:[Map start] No map or incorrect placement
[0m [0;34m1[0;34m1[0;34m1[0;34m1[0;34m1
[0m[0;34m1[0;34m0[0;34m0[0;34m0[0;34m1
[0m[0;34m1[0;34m0[0;34mS[0;34m0[0;34m1
[0m[0;34m1[0;34m0[0;34m0[0;34m0[0;34m1
[0m[0;34m1[0;34m0[0;34m0[0;34m0[0;34m1
[0m[0;34m1[0;34m0[0;34m0[0;34m0[0;34m1
[0m[0;34m1[0;34m1[0;34m0[0;34m0[0;34m1
[0m[0;34m1[0;34m0[0;34m0[0;34m0[0;34m1
[0m[0;34m1[0;34m0[0;34m0[0;34m0[0;34m1
[0m[0;34m1[0;34m0[0;34m0[0;34m0[0;34m1
[0m[0;34m1[0;34m0[0;34m0[0;34m0[0;34m1
[0m[0;34m1[0;34m0[0;34m0[0;34m0[0;34m1
[0m[0;34m1[0;34m1[0;34m1[0;34m1[0;34m1
[0m
[0m[0;34mN[0;34mO[0;34m [0;34mt[0;34me[0;34mx[0;34mt[0;34mu[0;34mr[0;34me[0;34ms[0;34m/[0;34mt[0;34me[0;34ms[0;34mt[0;34m/[0;34mn[0;34mo[0;34mr[0;34mt[0;34mh[0;34m.[0;34mx[0;34mp[0;34mm
[0m[0;34mS[0;34mO[0;34m [0;34mt[0;34me[0;34mx[0;34mt[0;34mu[0;34mr[0;34me[0;34ms[0;34m/[0;34mt[0;34me[0;34ms[0;34mt[0;34m/[0;34ms[0;34mo[0;34mu[0;34mt[0;34mh[0;34m.[0;34mx[0;34mp[0;34mm
[0m[0;34mW[0;34mE[0;34m [0;34mt[0;34me[0;34mx[0;34mt[0;34mu[0;34mr[0;34me[0;34ms[0;34m/[0;34mt[0;34me[0;34ms[0;34mt[0;34m/[0;34mw[0;34me[0;34ms[0;34mt[0;34m.[0;34mx[0;34mp[0;34mm
[0m[0;34mE[0;34mA[0;34m [0;34mt[0;34me[0;34mx[0;34mt[0;34mu[0;34mr[0;34me[0;34ms[0;34m/[0;34mt[0;34me[0;34ms[0;34mt[0;34m/[0;34me[0;34ma[0;34ms[0;34mt[0;34m.[0;34mx[0;34mp[0;34mm
[0m
[0m[0;34mF[0;34m [0;34m2[0;34m0[0;34m,[0;34m2[0;34m0[0;34m,[0;34m2[0;34m0
[0m[0;34mC[0;34m [0;34m2[0;34m0[0;34m0[0;34m,[0;34m2[0;34m0[0;34m0[0;34m,[0;34m2[0;34m0[0;34m0
[0mExit code: 1
‚ö†Ô∏è No Valgrind alerts, but with leaks[0m  
==15707== Memcheck, a memory error detector
==15707== Copyright (C) 2002-2022, and GNU GPL'd, by Julian Seward et al.
==15707== Using Valgrind-3.22.0 and LibVEX; rerun with -h for copyright info
==15707== Command: ./cub3d ./maps/bad/map_first.cub
==15707== Parent PID: 15628
==15707== 
==15707== 
==15707== HEAP SUMMARY:
==15707==     in use at exit: 408 bytes in 22 blocks
==15707==   total heap usage: 99 allocs, 77 frees, 7,572 bytes allocated
==15707== 
==15707== LEAK SUMMARY:
==15707==    definitely lost: 176 bytes in 1 blocks
==15707==    indirectly lost: 232 bytes in 21 blocks
==15707==      possibly lost: 0 bytes in 0 blocks
==15707==    still reachable: 0 bytes in 0 blocks
==15707==         suppressed: 0 bytes in 0 blocks
==15707== Rerun with --leak-check=full to see details of leaked memory
==15707== 
==15707== For lists of detected and suppressed errors, rerun with: -s
==15707== ERROR SUMMARY: 0 errors from 0 contexts (suppressed: 0 from 0)
Running valgrind on ./maps/bad/map_middle.cub...

[0;31m Error:[Map check in file] Empty line found
[0m [0;34mN[0;34mO[0;34m [0;34mt[0;34me[0;34mx[0;34mt[0;34mu[0;34mr[0;34me[0;34ms[0;34m/[0;34mt[0;34me[0;34ms[0;34mt[0;34m/[0;34mn[0;34mo[0;34mr[0;34mt[0;34mh[0;34m.[0;34mx[0;34mp[0;34mm
[0m[0;34mS[0;34mO[0;34m [0;34mt[0;34me[0;34mx[0;34mt[0;34mu[0;34mr[0;34me[0;34ms[0;34m/[0;34mt[0;34me[0;34ms[0;34mt[0;34m/[0;34ms[0;34mo[0;34mu[0;34mt[0;34mh[0;34m.[0;34mx[0;34mp[0;34mm
[0m[0;34mW[0;34mE[0;34m [0;34mt[0;34me[0;34mx[0;34mt[0;34mu[0;34mr[0;34me[0;34ms[0;34m/[0;34mt[0;34me[0;34ms[0;34mt[0;34m/[0;34mw[0;34me[0;34ms[0;34mt[0;34m.[0;34mx[0;34mp[0;34mm
[0m[0;34mE[0;34mA[0;34m [0;34mt[0;34me[0;34mx[0;34mt[0;34mu[0;34mr[0;34me[0;34ms[0;34m/[0;34mt[0;34me[0;34ms[0;34mt[0;34m/[0;34me[0;34ma[0;34ms[0;34mt[0;34m.[0;34mx[0;34mp[0;34mm
[0m
[0m[0;34m1[0;34m1[0;34m1[0;34m1[0;34m1
[0m[0;34m1[0;34m0[0;34m0[0;34m0[0;34m1
[0m[0;34m1[0;34m0[0;34mS[0;34m0[0;34m1
[0m[0;34m1[0;34m0[0;34m0[0;34m0[0;34m1
[0m[0;34m1[0;34m0[0;34m0[0;34m0[0;34m1
[0m[0;34m1[0;34m0[0;34m0[0;34m0[0;34m1
[0m[0;34m1[0;34m1[0;34m0[0;34m0[0;34m1
[0m[0;34m1[0;34m0[0;34m0[0;34m0[0;34m1
[0m[0;34m1[0;34m0[0;34m0[0;34m0[0;34m1
[0m[0;34m1[0;34m0[0;34m0[0;34m0[0;34m1
[0m[0;34m1[0;34m0[0;34m0[0;34m0[0;34m1
[0m[0;34m1[0;34m0[0;34m0[0;34m0[0;34m1
[0m[0;34m1[0;34m1[0;34m1[0;34m1[0;34m1
[0m
[0m[0;34mF[0;34m [0;34m2[0;34m0[0;34m,[0;34m2[0;34m0[0;34m,[0;34m2[0;34m0
[0m[0;34mC[0;34m [0;34m2[0;34m0[0;34m0[0;34m,[0;34m2[0;34m0[0;34m0[0;34m,[0;34m2[0;34m0[0;34m0
[0m
[0m
[0mExit code: 1
‚ö†Ô∏è No Valgrind alerts, but with leaks[0m  
==15710== Memcheck, a memory error detector
==15710== Copyright (C) 2002-2022, and GNU GPL'd, by Julian Seward et al.
==15710== Using Valgrind-3.22.0 and LibVEX; rerun with -h for copyright info
==15710== Command: ./cub3d ./maps/bad/map_middle.cub
==15710== Parent PID: 15628
==15710== 
==15710== 
==15710== HEAP SUMMARY:
==15710==     in use at exit: 428 bytes in 24 blocks
==15710==   total heap usage: 107 allocs, 83 frees, 8,059 bytes allocated
==15710== 
==15710== LEAK SUMMARY:
==15710==    definitely lost: 192 bytes in 1 blocks
==15710==    indirectly lost: 236 bytes in 23 blocks
==15710==      possibly lost: 0 bytes in 0 blocks
==15710==    still reachable: 0 bytes in 0 blocks
==15710==         suppressed: 0 bytes in 0 blocks
==15710== Rerun with --leak-check=full to see details of leaked memory
==15710== 
==15710== For lists of detected and suppressed errors, rerun with: -s
==15710== ERROR SUMMARY: 0 errors from 0 contexts (suppressed: 0 from 0)
Running valgrind on ./maps/bad/map_missing.cub...

[0;31m Error:[Map start] No map or incorrect placement
[0m [0;34mN[0;34mO[0;34m [0;34mt[0;34me[0;34mx[0;34mt[0;34mu[0;34mr[0;34me[0;34ms[0;34m/[0;34mt[0;34me[0;34ms[0;34mt[0;34m/[0;34mn[0;34mo[0;34mr[0;34mt[0;34mh[0;34m.[0;34mx[0;34mp[0;34mm
[0m[0;34mS[0;34mO[0;34m [0;34mt[0;34me[0;34mx[0;34mt[0;34mu[0;34mr[0;34me[0;34ms[0;34m/[0;34mt[0;34me[0;34ms[0;34mt[0;34m/[0;34ms[0;34mo[0;34mu[0;34mt[0;34mh[0;34m.[0;34mx[0;34mp[0;34mm
[0m[0;34mW[0;34mE[0;34m [0;34mt[0;34me[0;34mx[0;34mt[0;34mu[0;34mr[0;34me[0;34ms[0;34m/[0;34mt[0;34me[0;34ms[0;34mt[0;34m/[0;34mw[0;34me[0;34ms[0;34mt[0;34m.[0;34mx[0;34mp[0;34mm
[0m[0;34mE[0;34mA[0;34m [0;34mt[0;34me[0;34mx[0;34mt[0;34mu[0;34mr[0;34me[0;34ms[0;34m/[0;34mt[0;34me[0;34ms[0;34mt[0;34m/[0;34me[0;34ma[0;34ms[0;34mt[0;34m.[0;34mx[0;34mp[0;34mm
[0m
[0m[0;34mF[0;34m [0;34m2[0;34m0[0;34m,[0;34m2[0;34m0[0;34m,[0;34m2[0;34m0
[0m[0;34mC[0;34m [0;34m2[0;34m0[0;34m0[0;34m,[0;34m2[0;34m0[0;34m0[0;34m,[0;34m2[0;34m0[0;34m0
[0m
[0mExit code: 1
‚ö†Ô∏è No Valgrind alerts, but with leaks[0m  
==15713== Memcheck, a memory error detector
==15713== Copyright (C) 2002-2022, and GNU GPL'd, by Julian Seward et al.
==15713== Using Valgrind-3.22.0 and LibVEX; rerun with -h for copyright info
==15713== Command: ./cub3d ./maps/bad/map_missing.cub
==15713== Parent PID: 15628
==15713== 
==15713== 
==15713== HEAP SUMMARY:
==15713==     in use at exit: 213 bytes in 9 blocks
==15713==   total heap usage: 44 allocs, 35 frees, 5,280 bytes allocated
==15713== 
==15713== LEAK SUMMARY:
==15713==    definitely lost: 72 bytes in 1 blocks
==15713==    indirectly lost: 141 bytes in 8 blocks
==15713==      possibly lost: 0 bytes in 0 blocks
==15713==    still reachable: 0 bytes in 0 blocks
==15713==         suppressed: 0 bytes in 0 blocks
==15713== Rerun with --leak-check=full to see details of leaked memory
==15713== 
==15713== For lists of detected and suppressed errors, rerun with: -s
==15713== ERROR SUMMARY: 0 errors from 0 contexts (suppressed: 0 from 0)
Running valgrind on ./maps/bad/map_only.cub...

[0;31m Error:[Map start] No map or incorrect placement
[0m [0;34m1[0;34m1[0;34m1[0;34m1[0;34m1
[0m[0;34m1[0;34m0[0;34m0[0;34m0[0;34m1
[0m[0;34m1[0;34m0[0;34mS[0;34m0[0;34m1
[0m[0;34m1[0;34m0[0;34m0[0;34m0[0;34m1
[0m[0;34m1[0;34m0[0;34m0[0;34m0[0;34m1
[0m[0;34m1[0;34m0[0;34m0[0;34m0[0;34m1
[0m[0;34m1[0;34m1[0;34m0[0;34m0[0;34m1
[0m[0;34m1[0;34m0[0;34m0[0;34m0[0;34m1
[0m[0;34m1[0;34m0[0;34m0[0;34m0[0;34m1
[0m[0;34m1[0;34m0[0;34m0[0;34m0[0;34m1
[0m[0;34m1[0;34m0[0;34m0[0;34m0[0;34m1
[0m[0;34m1[0;34m0[0;34m0[0;34m0[0;34m1
[0m[0;34m1[0;34m1[0;34m1[0;34m1[0;34m1
[0mExit code: 1
‚ö†Ô∏è No Valgrind alerts, but with leaks[0m  
==15716== Memcheck, a memory error detector
==15716== Copyright (C) 2002-2022, and GNU GPL'd, by Julian Seward et al.
==15716== Using Valgrind-3.22.0 and LibVEX; rerun with -h for copyright info
==15716== Command: ./cub3d ./maps/bad/map_only.cub
==15716== Parent PID: 15628
==15716== 
==15716== 
==15716== HEAP SUMMARY:
==15716==     in use at exit: 203 bytes in 14 blocks
==15716==   total heap usage: 62 allocs, 48 frees, 5,730 bytes allocated
==15716== 
==15716== LEAK SUMMARY:
==15716==    definitely lost: 112 bytes in 1 blocks
==15716==    indirectly lost: 91 bytes in 13 blocks
==15716==      possibly lost: 0 bytes in 0 blocks
==15716==    still reachable: 0 bytes in 0 blocks
==15716==         suppressed: 0 bytes in 0 blocks
==15716== Rerun with --leak-check=full to see details of leaked memory
==15716== 
==15716== For lists of detected and suppressed errors, rerun with: -s
==15716== ERROR SUMMARY: 0 errors from 0 contexts (suppressed: 0 from 0)
Running valgrind on ./maps/bad/map_too_small.cub...

[0;31m Error:[Map check in file] Invalid map size
[0m [0;34mN[0;34mO[0;34m [0;34mt[0;34me[0;34mx[0;34mt[0;34mu[0;34mr[0;34me[0;34ms[0;34m/[0;34mt[0;34me[0;34ms[0;34mt[0;34m/[0;34mn[0;34mo[0;34mr[0;34mt[0;34mh[0;34m.[0;34mx[0;34mp[0;34mm
[0m[0;34mS[0;34mO[0;34m [0;34mt[0;34me[0;34mx[0;34mt[0;34mu[0;34mr[0;34me[0;34ms[0;34m/[0;34mt[0;34me[0;34ms[0;34mt[0;34m/[0;34ms[0;34mo[0;34mu[0;34mt[0;34mh[0;34m.[0;34mx[0;34mp[0;34mm
[0m[0;34mW[0;34mE[0;34m [0;34mt[0;34me[0;34mx[0;34mt[0;34mu[0;34mr[0;34me[0;34ms[0;34m/[0;34mt[0;34me[0;34ms[0;34mt[0;34m/[0;34mw[0;34me[0;34ms[0;34mt[0;34m.[0;34mx[0;34mp[0;34mm
[0m[0;34mE[0;34mA[0;34m [0;34mt[0;34me[0;34mx[0;34mt[0;34mu[0;34mr[0;34me[0;34ms[0;34m/[0;34mt[0;34me[0;34ms[0;34mt[0;34m/[0;34me[0;34ma[0;34ms[0;34mt[0;34m.[0;34mx[0;34mp[0;34mm
[0m
[0m[0;34mF[0;34m [0;34m2[0;34m0[0;34m,[0;34m2[0;34m0[0;34m,[0;34m2[0;34m0
[0m[0;34mC[0;34m [0;34m2[0;34m0[0;34m0[0;34m,[0;34m2[0;34m0[0;34m0[0;34m,[0;34m2[0;34m0[0;34m0
[0m
[0m[0;34m1[0;34m1[0;34m1
[0m[0;34m1[0;34m1[0;34m1
[0mExit code: 1
‚ö†Ô∏è No Valgrind alerts, but with leaks[0m  
==15719== Memcheck, a memory error detector
==15719== Copyright (C) 2002-2022, and GNU GPL'd, by Julian Seward et al.
==15719== Using Valgrind-3.22.0 and LibVEX; rerun with -h for copyright info
==15719== Command: ./cub3d ./maps/bad/map_too_small.cub
==15719== Parent PID: 15628
==15719== 
==15719== 
==15719== HEAP SUMMARY:
==15719==     in use at exit: 239 bytes in 11 blocks
==15719==   total heap usage: 52 allocs, 41 frees, 5,540 bytes allocated
==15719== 
==15719== LEAK SUMMARY:
==15719==    definitely lost: 88 bytes in 1 blocks
==15719==    indirectly lost: 151 bytes in 10 blocks
==15719==      possibly lost: 0 bytes in 0 blocks
==15719==    still reachable: 0 bytes in 0 blocks
==15719==         suppressed: 0 bytes in 0 blocks
==15719== Rerun with --leak-check=full to see details of leaked memory
==15719== 
==15719== For lists of detected and suppressed errors, rerun with: -s
==15719== ERROR SUMMARY: 0 errors from 0 contexts (suppressed: 0 from 0)
Running valgrind on ./maps/bad/player_multiple.cub...

[0;31m Error:[Map validation] invalid number of player 
[0m [0;34mN[0;34mO[0;34m [0;34mt[0;34me[0;34mx[0;34mt[0;34mu[0;34mr[0;34me[0;34ms[0;34m/[0;34mt[0;34me[0;34ms[0;34mt[0;34m/[0;34mn[0;34mo[0;34mr[0;34mt[0;34mh[0;34m.[0;34mx[0;34mp[0;34mm
[0m[0;34mS[0;34mO[0;34m [0;34mt[0;34me[0;34mx[0;34mt[0;34mu[0;34mr[0;34me[0;34ms[0;34m/[0;34mt[0;34me[0;34ms[0;34mt[0;34m/[0;34ms[0;34mo[0;34mu[0;34mt[0;34mh[0;34m.[0;34mx[0;34mp[0;34mm
[0m[0;34mW[0;34mE[0;34m [0;34mt[0;34me[0;34mx[0;34mt[0;34mu[0;34mr[0;34me[0;34ms[0;34m/[0;34mt[0;34me[0;34ms[0;34mt[0;34m/[0;34mw[0;34me[0;34ms[0;34mt[0;34m.[0;34mx[0;34mp[0;34mm
[0m[0;34mE[0;34mA[0;34m [0;34mt[0;34me[0;34mx[0;34mt[0;34mu[0;34mr[0;34me[0;34ms[0;34m/[0;34mt[0;34me[0;34ms[0;34mt[0;34m/[0;34me[0;34ma[0;34ms[0;34mt[0;34m.[0;34mx[0;34mp[0;34mm
[0m
[0m[0;34mF[0;34m [0;34m2[0;34m0[0;34m,[0;34m2[0;34m0[0;34m,[0;34m2[0;34m0
[0m[0;34mC[0;34m [0;34m2[0;34m0[0;34m0[0;34m,[0;34m2[0;34m0[0;34m0[0;34m,[0;34m2[0;34m0[0;34m0
[0m
[0m[0;34m1[0;34m1[0;34m1[0;34m1[0;34m1
[0m[0;34m1[0;34m0[0;34m0[0;34m0[0;34m1
[0m[0;34m1[0;34m0[0;34mS[0;34m0[0;34m1
[0m[0;34m1[0;34m0[0;34m0[0;34m0[0;34m1
[0m[0;34m1[0;34m0[0;34m0[0;34m0[0;34m1
[0m[0;34m1[0;34m0[0;34m0[0;34m0[0;34m1
[0m[0;34m1[0;34m1[0;34mE[0;34m0[0;34m1
[0m[0;34m1[0;34m0[0;34m0[0;34m0[0;34m1
[0m[0;34m1[0;34m0[0;34m0[0;34m0[0;34m1
[0m[0;34m1[0;34m0[0;34m0[0;34m0[0;34m1
[0m[0;34m1[0;34m0[0;34m0[0;34m0[0;34m1
[0m[0;34m1[0;34m0[0;34m0[0;34m0[0;34m1
[0m[0;34m1[0;34m1[0;34m1[0;34m1[0;34m1
[0mExit code: 1
‚ö†Ô∏è No Valgrind alerts, but with leaks[0m  
==15722== Memcheck, a memory error detector
==15722== Copyright (C) 2002-2022, and GNU GPL'd, by Julian Seward et al.
==15722== Using Valgrind-3.22.0 and LibVEX; rerun with -h for copyright info
==15722== Command: ./cub3d ./maps/bad/player_multiple.cub
==15722== Parent PID: 15628
==15722== 
==15722== 
==15722== HEAP SUMMARY:
==15722==     in use at exit: 598 bytes in 36 blocks
==15722==   total heap usage: 126 allocs, 90 frees, 7,925 bytes allocated
==15722== 
==15722== LEAK SUMMARY:
==15722==    definitely lost: 288 bytes in 2 blocks
==15722==    indirectly lost: 310 bytes in 34 blocks
==15722==      possibly lost: 0 bytes in 0 blocks
==15722==    still reachable: 0 bytes in 0 blocks
==15722==         suppressed: 0 bytes in 0 blocks
==15722== Rerun with --leak-check=full to see details of leaked memory
==15722== 
==15722== For lists of detected and suppressed errors, rerun with: -s
==15722== ERROR SUMMARY: 0 errors from 0 contexts (suppressed: 0 from 0)
Running valgrind on ./maps/bad/player_none.cub...

[0;31m Error:[Map validation] invalid number of player 
[0m [0;34mN[0;34mO[0;34m [0;34mt[0;34me[0;34mx[0;34mt[0;34mu[0;34mr[0;34me[0;34ms[0;34m/[0;34mt[0;34me[0;34ms[0;34mt[0;34m/[0;34mn[0;34mo[0;34mr[0;34mt[0;34mh[0;34m.[0;34mx[0;34mp[0;34mm
[0m[0;34mS[0;34mO[0;34m [0;34mt[0;34me[0;34mx[0;34mt[0;34mu[0;34mr[0;34me[0;34ms[0;34m/[0;34mt[0;34me[0;34ms[0;34mt[0;34m/[0;34ms[0;34mo[0;34mu[0;34mt[0;34mh[0;34m.[0;34mx[0;34mp[0;34mm
[0m[0;34mW[0;34mE[0;34m [0;34mt[0;34me[0;34mx[0;34mt[0;34mu[0;34mr[0;34me[0;34ms[0;34m/[0;34mt[0;34me[0;34ms[0;34mt[0;34m/[0;34mw[0;34me[0;34ms[0;34mt[0;34m.[0;34mx[0;34mp[0;34mm
[0m[0;34mE[0;34mA[0;34m [0;34mt[0;34me[0;34mx[0;34mt[0;34mu[0;34mr[0;34me[0;34ms[0;34m/[0;34mt[0;34me[0;34ms[0;34mt[0;34m/[0;34me[0;34ma[0;34ms[0;34mt[0;34m.[0;34mx[0;34mp[0;34mm
[0m
[0m[0;34mF[0;34m [0;34m2[0;34m0[0;34m,[0;34m2[0;34m0[0;34m,[0;34m2[0;34m0
[0m[0;34mC[0;34m [0;34m2[0;34m0[0;34m0[0;34m,[0;34m2[0;34m0[0;34m0[0;34m,[0;34m2[0;34m0[0;34m0
[0m
[0m[0;34m1[0;34m1[0;34m1[0;34m1[0;34m1
[0m[0;34m1[0;34m0[0;34m0[0;34m0[0;34m1
[0m[0;34m1[0;34m0[0;34m0[0;34m0[0;34m1
[0m[0;34m1[0;34m0[0;34m0[0;34m0[0;34m1
[0m[0;34m1[0;34m0[0;34m0[0;34m0[0;34m1
[0m[0;34m1[0;34m0[0;34m0[0;34m0[0;34m1
[0m[0;34m1[0;34m1[0;34m0[0;34m0[0;34m1
[0m[0;34m1[0;34m0[0;34m0[0;34m0[0;34m1
[0m[0;34m1[0;34m0[0;34m0[0;34m0[0;34m1
[0m[0;34m1[0;34m0[0;34m0[0;34m0[0;34m1
[0m[0;34m1[0;34m0[0;34m0[0;34m0[0;34m1
[0m[0;34m1[0;34m0[0;34m0[0;34m0[0;34m1
[0m[0;34m1[0;34m1[0;34m1[0;34m1[0;34m1
[0mExit code: 1
‚ö†Ô∏è No Valgrind alerts, but with leaks[0m  
==15738== Memcheck, a memory error detector
==15738== Copyright (C) 2002-2022, and GNU GPL'd, by Julian Seward et al.
==15738== Using Valgrind-3.22.0 and LibVEX; rerun with -h for copyright info
==15738== Command: ./cub3d ./maps/bad/player_none.cub
==15738== Parent PID: 15628
==15738== 
==15738== 
==15738== HEAP SUMMARY:
==15738==     in use at exit: 598 bytes in 36 blocks
==15738==   total heap usage: 126 allocs, 90 frees, 7,925 bytes allocated
==15738== 
==15738== LEAK SUMMARY:
==15738==    definitely lost: 288 bytes in 2 blocks
==15738==    indirectly lost: 310 bytes in 34 blocks
==15738==      possibly lost: 0 bytes in 0 blocks
==15738==    still reachable: 0 bytes in 0 blocks
==15738==         suppressed: 0 bytes in 0 blocks
==15738== Rerun with --leak-check=full to see details of leaked memory
==15738== 
==15738== For lists of detected and suppressed errors, rerun with: -s
==15738== ERROR SUMMARY: 0 errors from 0 contexts (suppressed: 0 from 0)
Running valgrind on ./maps/bad/player_on_edge.cub...

[0;31m Error:[Walls check] incorrect horizontal walls
[0m [0;34mN[0;34mO[0;34m [0;34mt[0;34me[0;34mx[0;34mt[0;34mu[0;34mr[0;34me[0;34ms[0;34m/[0;34mt[0;34me[0;34ms[0;34mt[0;34m/[0;34mn[0;34mo[0;34mr[0;34mt[0;34mh[0;34m.[0;34mx[0;34mp[0;34mm
[0m[0;34mS[0;34mO[0;34m [0;34mt[0;34me[0;34mx[0;34mt[0;34mu[0;34mr[0;34me[0;34ms[0;34m/[0;34mt[0;34me[0;34ms[0;34mt[0;34m/[0;34ms[0;34mo[0;34mu[0;34mt[0;34mh[0;34m.[0;34mx[0;34mp[0;34mm
[0m[0;34mW[0;34mE[0;34m [0;34mt[0;34me[0;34mx[0;34mt[0;34mu[0;34mr[0;34me[0;34ms[0;34m/[0;34mt[0;34me[0;34ms[0;34mt[0;34m/[0;34mw[0;34me[0;34ms[0;34mt[0;34m.[0;34mx[0;34mp[0;34mm
[0m[0;34mE[0;34mA[0;34m [0;34mt[0;34me[0;34mx[0;34mt[0;34mu[0;34mr[0;34me[0;34ms[0;34m/[0;34mt[0;34me[0;34ms[0;34mt[0;34m/[0;34me[0;34ma[0;34ms[0;34mt[0;34m.[0;34mx[0;34mp[0;34mm
[0m
[0m[0;34mF[0;34m [0;34m2[0;34m0[0;34m,[0;34m2[0;34m0[0;34m,[0;34m2[0;34m0
[0m[0;34mC[0;34m [0;34m2[0;34m0[0;34m0[0;34m,[0;34m2[0;34m0[0;34m0[0;34m,[0;34m2[0;34m0[0;34m0
[0m
[0m[0;34m1[0;34mS[0;34m1[0;34m1[0;34m1
[0m[0;34m1[0;34m0[0;34m0[0;34m0[0;34m1
[0m[0;34m1[0;34m0[0;34m0[0;34m0[0;34m1
[0m[0;34m1[0;34m0[0;34m0[0;34m0[0;34m1
[0m[0;34m1[0;34m0[0;34m0[0;34m0[0;34m1
[0m[0;34m1[0;34m0[0;34m0[0;34m0[0;34m1
[0m[0;34m1[0;34m1[0;34m0[0;34m0[0;34m1
[0m[0;34m1[0;34m0[0;34m0[0;34m0[0;34m1
[0m[0;34m1[0;34m0[0;34m0[0;34m0[0;34m1
[0m[0;34m1[0;34m0[0;34m0[0;34m0[0;34m1
[0m[0;34m1[0;34m0[0;34m0[0;34m0[0;34m1
[0m[0;34m1[0;34m0[0;34m0[0;34m0[0;34m1
[0m[0;34m1[0;34m1[0;34m1[0;34m1[0;34m1
[0mExit code: 1
‚ö†Ô∏è No Valgrind alerts, but with leaks[0m  
==15741== Memcheck, a memory error detector
==15741== Copyright (C) 2002-2022, and GNU GPL'd, by Julian Seward et al.
==15741== Using Valgrind-3.22.0 and LibVEX; rerun with -h for copyright info
==15741== Command: ./cub3d ./maps/bad/player_on_edge.cub
==15741== Parent PID: 15628
==15741== 
==15741== 
==15741== HEAP SUMMARY:
==15741==     in use at exit: 598 bytes in 36 blocks
==15741==   total heap usage: 126 allocs, 90 frees, 7,925 bytes allocated
==15741== 
==15741== LEAK SUMMARY:
==15741==    definitely lost: 288 bytes in 2 blocks
==15741==    indirectly lost: 310 bytes in 34 blocks
==15741==      possibly lost: 0 bytes in 0 blocks
==15741==    still reachable: 0 bytes in 0 blocks
==15741==         suppressed: 0 bytes in 0 blocks
==15741== Rerun with --leak-check=full to see details of leaked memory
==15741== 
==15741== For lists of detected and suppressed errors, rerun with: -s
==15741== ERROR SUMMARY: 0 errors from 0 contexts (suppressed: 0 from 0)
Running valgrind on ./maps/bad/textures_dir.cub...

[0;31m Error:[Texture verification] file is not found
[0m [0;34mN[0;34mO[0;34m [0;34mt[0;34me[0;34mx[0;34mt[0;34mu[0;34mr[0;34me[0;34ms[0;34m/[0;34mt[0;34me[0;34ms[0;34mt[0;34m/[0;34mn[0;34mo[0;34mr[0;34mt[0;34mh[0;34m.[0;34mx[0;34mp[0;34mm
[0m[0;34mS[0;34mO[0;34m [0;34mt[0;34me[0;34mx[0;34mt[0;34mu[0;34mr[0;34me[0;34ms[0;34m/[0;34mt[0;34me[0;34ms[0;34mt[0;34m/[0;34ms[0;34mo[0;34mu[0;34mt[0;34mh[0;34m.[0;34mx[0;34mp[0;34mm
[0m[0;34mW[0;34mE[0;34m [0;34mt[0;34me[0;34mx[0;34mt[0;34mu[0;34mr[0;34me[0;34ms[0;34m/[0;34mt[0;34me[0;34ms[0;34mt[0;34m/[0;34mw[0;34me[0;34ms[0;34mt[0;34m.[0;34mx[0;34mp[0;34mm
[0m[0;34mE[0;34mA[0;34m [0;34mt[0;34me[0;34mx[0;34mt[0;34mu[0;34mr[0;34me[0;34ms[0;34m/[0;34mt[0;34me[0;34ms[0;34mt[0;34m/
[0m
[0m[0;34mF[0;34m [0;34m2[0;34m0[0;34m,[0;34m2[0;34m0[0;34m,[0;34m2[0;34m0
[0m[0;34mC[0;34m [0;34m2[0;34m0[0;34m0[0;34m,[0;34m2[0;34m0[0;34m0[0;34m,[0;34m2[0;34m0[0;34m0
[0m
[0m[0;34m1[0;34m1[0;34m1[0;34m1[0;34m1
[0m[0;34m1[0;34m0[0;34m0[0;34m0[0;34m1
[0m[0;34m1[0;34m0[0;34mS[0;34m0[0;34m1
[0m[0;34m1[0;34m0[0;34m0[0;34m0[0;34m1
[0m[0;34m1[0;34m0[0;34m0[0;34m0[0;34m1
[0m[0;34m1[0;34m0[0;34m0[0;34m0[0;34m1
[0m[0;34m1[0;34m1[0;34m0[0;34m0[0;34m1
[0m[0;34m1[0;34m0[0;34m0[0;34m0[0;34m1
[0m[0;34m1[0;34m0[0;34m0[0;34m0[0;34m1
[0m[0;34m1[0;34m0[0;34m0[0;34m0[0;34m1
[0m[0;34m1[0;34m0[0;34m0[0;34m0[0;34m1
[0m[0;34m1[0;34m0[0;34m0[0;34m0[0;34m1
[0m[0;34m1[0;34m1[0;34m1[0;34m1[0;34m1
[0mExit code: 1
‚ö†Ô∏è No Valgrind alerts, but with leaks[0m  
==15755== Memcheck, a memory error detector
==15755== Copyright (C) 2002-2022, and GNU GPL'd, by Julian Seward et al.
==15755== Using Valgrind-3.22.0 and LibVEX; rerun with -h for copyright info
==15755== Command: ./cub3d ./maps/bad/textures_dir.cub
==15755== Parent PID: 15628
==15755== 
==15755== 
==15755== HEAP SUMMARY:
==15755==     in use at exit: 676 bytes in 40 blocks
==15755==   total heap usage: 130 allocs, 90 frees, 7,985 bytes allocated
==15755== 
==15755== LEAK SUMMARY:
==15755==    definitely lost: 374 bytes in 6 blocks
==15755==    indirectly lost: 302 bytes in 34 blocks
==15755==      possibly lost: 0 bytes in 0 blocks
==15755==    still reachable: 0 bytes in 0 blocks
==15755==         suppressed: 0 bytes in 0 blocks
==15755== Rerun with --leak-check=full to see details of leaked memory
==15755== 
==15755== For lists of detected and suppressed errors, rerun with: -s
==15755== ERROR SUMMARY: 0 errors from 0 contexts (suppressed: 0 from 0)
Running valgrind on ./maps/bad/textures_duplicates.cub...

[0;31m Error:[Texture] textures are not complete
[0m [0;34mN[0;34mO[0;34m [0;34mt[0;34me[0;34mx[0;34mt[0;34mu[0;34mr[0;34me[0;34ms[0;34m/[0;34mt[0;34me[0;34ms[0;34mt[0;34m/[0;34mn[0;34mo[0;34mr[0;34mt[0;34mh[0;34m.[0;34mx[0;34mp[0;34mm
[0m[0;34mS[0;34mO[0;34m [0;34mt[0;34me[0;34mx[0;34mt[0;34mu[0;34mr[0;34me[0;34ms[0;34m/[0;34mt[0;34me[0;34ms[0;34mt[0;34m/[0;34ms[0;34mo[0;34mu[0;34mt[0;34mh[0;34m.[0;34mx[0;34mp[0;34mm
[0m[0;34mW[0;34mE[0;34m [0;34mt[0;34me[0;34mx[0;34mt[0;34mu[0;34mr[0;34me[0;34ms[0;34m/[0;34mt[0;34me[0;34ms[0;34mt[0;34m/[0;34mw[0;34me[0;34ms[0;34mt[0;34m.[0;34mx[0;34mp[0;34mm
[0m[0;34mE[0;34mA
[0m
[0m[0;34mF[0;34m [0;34m2[0;34m0[0;34m,[0;34m2[0;34m0[0;34m,[0;34m2[0;34m0
[0m[0;34mC[0;34m [0;34m2[0;34m0[0;34m0[0;34m,[0;34m2[0;34m0[0;34m0[0;34m,[0;34m2[0;34m0[0;34m0
[0m
[0m[0;34m1[0;34m1[0;34m1[0;34m1[0;34m1
[0m[0;34m1[0;34m0[0;34m0[0;34m0[0;34m1
[0m[0;34m1[0;34m0[0;34mS[0;34m0[0;34m1
[0m[0;34m1[0;34m0[0;34m0[0;34m0[0;34m1
[0m[0;34m1[0;34m0[0;34m0[0;34m0[0;34m1
[0m[0;34m1[0;34m0[0;34m0[0;34m0[0;34m1
[0m[0;34m1[0;34m1[0;34m0[0;34m0[0;34m1
[0m[0;34m1[0;34m0[0;34m0[0;34m0[0;34m1
[0m[0;34m1[0;34m0[0;34m0[0;34m0[0;34m1
[0m[0;34m1[0;34m0[0;34m0[0;34m0[0;34m1
[0m[0;34m1[0;34m0[0;34m0[0;34m0[0;34m1
[0m[0;34m1[0;34m0[0;34m0[0;34m0[0;34m1
[0m[0;34m1[0;34m1[0;34m1[0;34m1[0;34m1
[0mExit code: 1
‚ö†Ô∏è No Valgrind alerts, but with leaks[0m  
==15758== Memcheck, a memory error detector
==15758== Copyright (C) 2002-2022, and GNU GPL'd, by Julian Seward et al.
==15758== Using Valgrind-3.22.0 and LibVEX; rerun with -h for copyright info
==15758== Command: ./cub3d ./maps/bad/textures_duplicates.cub
==15758== Parent PID: 15628
==15758== 
==15758== 
==15758== HEAP SUMMARY:
==15758==     in use at exit: 646 bytes in 39 blocks
==15758==   total heap usage: 128 allocs, 89 frees, 7,915 bytes allocated
==15758== 
==15758== LEAK SUMMARY:
==15758==    definitely lost: 359 bytes in 5 blocks
==15758==    indirectly lost: 287 bytes in 34 blocks
==15758==      possibly lost: 0 bytes in 0 blocks
==15758==    still reachable: 0 bytes in 0 blocks
==15758==         suppressed: 0 bytes in 0 blocks
==15758== Rerun with --leak-check=full to see details of leaked memory
==15758== 
==15758== For lists of detected and suppressed errors, rerun with: -s
==15758== ERROR SUMMARY: 0 errors from 0 contexts (suppressed: 0 from 0)
Running valgrind on ./maps/bad/textures_invalid.cub...

[0;31m Error:[Texture verification] file is not found
[0m [0;34mN[0;34mO[0;34m [0;34mt[0;34me[0;34mx[0;34mt[0;34mu[0;34mr[0;34me[0;34ms[0;34m/[0;34mt[0;34me[0;34ms[0;34mt[0;34m/[0;34mn[0;34mo[0;34mr[0;34mt[0;34mh[0;34m.[0;34mx[0;34mp[0;34mm
[0m[0;34mS[0;34mO[0;34m [0;34mt[0;34me[0;34mx[0;34mt[0;34mu[0;34mr[0;34me[0;34ms[0;34m/[0;34mt[0;34me[0;34ms[0;34mt[0;34m/[0;34ms[0;34mo[0;34mu[0;34mt[0;34mh[0;34m.[0;34mx[0;34mp[0;34mm
[0m[0;34mW[0;34mE[0;34m [0;34mt[0;34me[0;34mx[0;34mt[0;34mu[0;34mr[0;34me[0;34ms[0;34m/[0;34mt[0;34me[0;34ms[0;34mt[0;34m/[0;34mx
[0m[0;34mE[0;34mA[0;34m [0;34mt[0;34me[0;34mx[0;34mt[0;34mu[0;34mr[0;34me[0;34ms[0;34m/[0;34mt[0;34me[0;34ms[0;34mt[0;34m/[0;34me[0;34ma[0;34ms[0;34mt[0;34m.[0;34mx[0;34mp[0;34mm
[0m
[0m[0;34mF[0;34m [0;34m2[0;34m0[0;34m,[0;34m2[0;34m0[0;34m,[0;34m2[0;34m0
[0m[0;34mC[0;34m [0;34m2[0;34m0[0;34m0[0;34m,[0;34m2[0;34m0[0;34m0[0;34m,[0;34m2[0;34m0[0;34m0
[0m
[0m[0;34m1[0;34m1[0;34m1[0;34m1[0;34m1
[0m[0;34m1[0;34m0[0;34m0[0;34m0[0;34m1
[0m[0;34m1[0;34m0[0;34mS[0;34m0[0;34m1
[0m[0;34m1[0;34m0[0;34m0[0;34m0[0;34m1
[0m[0;34m1[0;34m0[0;34m0[0;34m0[0;34m1
[0m[0;34m1[0;34m0[0;34m0[0;34m0[0;34m1
[0m[0;34m1[0;34m1[0;34m0[0;34m0[0;34m1
[0m[0;34m1[0;34m0[0;34m0[0;34m0[0;34m1
[0m[0;34m1[0;34m0[0;34m0[0;34m0[0;34m1
[0m[0;34m1[0;34m0[0;34m0[0;34m0[0;34m1
[0m[0;34m1[0;34m0[0;34m0[0;34m0[0;34m1
[0m[0;34m1[0;34m0[0;34m0[0;34m0[0;34m1
[0m[0;34m1[0;34m1[0;34m1[0;34m1[0;34m1
[0mExit code: 1
‚ö†Ô∏è No Valgrind alerts, but with leaks[0m  
==15761== Memcheck, a memory error detector
==15761== Copyright (C) 2002-2022, and GNU GPL'd, by Julian Seward et al.
==15761== Using Valgrind-3.22.0 and LibVEX; rerun with -h for copyright info
==15761== Command: ./cub3d ./maps/bad/textures_invalid.cub
==15761== Parent PID: 15628
==15761== 
==15761== 
==15761== HEAP SUMMARY:
==15761==     in use at exit: 678 bytes in 40 blocks
==15761==   total heap usage: 130 allocs, 90 frees, 7,982 bytes allocated
==15761== 
==15761== LEAK SUMMARY:
==15761==    definitely lost: 375 bytes in 6 blocks
==15761==    indirectly lost: 303 bytes in 34 blocks
==15761==      possibly lost: 0 bytes in 0 blocks
==15761==    still reachable: 0 bytes in 0 blocks
==15761==         suppressed: 0 bytes in 0 blocks
==15761== Rerun with --leak-check=full to see details of leaked memory
==15761== 
==15761== For lists of detected and suppressed errors, rerun with: -s
==15761== ERROR SUMMARY: 0 errors from 0 contexts (suppressed: 0 from 0)
Running valgrind on ./maps/bad/textures_missing.cub...

[0;31m Error:[Texture] textures are not complete
[0m [0;34mS[0;34mO[0;34m [0;34mt[0;34me[0;34mx[0;34mt[0;34mu[0;34mr[0;34me[0;34ms[0;34m/[0;34mt[0;34me[0;34ms[0;34mt[0;34m/[0;34ms[0;34mo[0;34mu[0;34mt[0;34mh[0;34m.[0;34mx[0;34mp[0;34mm
[0m[0;34mW[0;34mE[0;34m [0;34mt[0;34me[0;34mx[0;34mt[0;34mu[0;34mr[0;34me[0;34ms[0;34m/[0;34mt[0;34me[0;34ms[0;34mt[0;34m/[0;34mw[0;34me[0;34ms[0;34mt[0;34m.[0;34mx[0;34mp[0;34mm
[0m[0;34mE[0;34mA[0;34m [0;34mt[0;34me[0;34mx[0;34mt[0;34mu[0;34mr[0;34me[0;34ms[0;34m/[0;34mt[0;34me[0;34ms[0;34mt[0;34m/[0;34me[0;34ma[0;34ms[0;34mt[0;34m.[0;34mx[0;34mp[0;34mm
[0m
[0m[0;34mF[0;34m [0;34m2[0;34m0[0;34m,[0;34m2[0;34m0[0;34m,[0;34m2[0;34m0
[0m[0;34mC[0;34m [0;34m2[0;34m0[0;34m0[0;34m,[0;34m2[0;34m0[0;34m0[0;34m,[0;34m2[0;34m0[0;34m0
[0m
[0m[0;34m1[0;34m1[0;34m1[0;34m1[0;34m1
[0m[0;34m1[0;34m0[0;34m0[0;34m0[0;34m1
[0m[0;34m1[0;34m0[0;34mS[0;34m0[0;34m1
[0m[0;34m1[0;34m0[0;34m0[0;34m0[0;34m1
[0m[0;34m1[0;34m0[0;34m0[0;34m0[0;34m1
[0m[0;34m1[0;34m0[0;34m0[0;34m0[0;34m1
[0m[0;34m1[0;34m1[0;34m0[0;34m0[0;34m1
[0m[0;34m1[0;34m0[0;34m0[0;34m0[0;34m1
[0m[0;34m1[0;34m0[0;34m0[0;34m0[0;34m1
[0m[0;34m1[0;34m0[0;34m0[0;34m0[0;34m1
[0m[0;34m1[0;34m0[0;34m0[0;34m0[0;34m1
[0m[0;34m1[0;34m0[0;34m0[0;34m0[0;34m1
[0m[0;34m1[0;34m1[0;34m1[0;34m1[0;34m1
[0mExit code: 1
‚ö†Ô∏è No Valgrind alerts, but with leaks[0m  
==15764== Memcheck, a memory error detector
==15764== Copyright (C) 2002-2022, and GNU GPL'd, by Julian Seward et al.
==15764== Using Valgrind-3.22.0 and LibVEX; rerun with -h for copyright info
==15764== Command: ./cub3d ./maps/bad/textures_missing.cub
==15764== Parent PID: 15628
==15764== 
==15764== 
==15764== HEAP SUMMARY:
==15764==     in use at exit: 632 bytes in 38 blocks
==15764==   total heap usage: 124 allocs, 86 frees, 7,678 bytes allocated
==15764== 
==15764== LEAK SUMMARY:
==15764==    definitely lost: 350 bytes in 5 blocks
==15764==    indirectly lost: 282 bytes in 33 blocks
==15764==      possibly lost: 0 bytes in 0 blocks
==15764==    still reachable: 0 bytes in 0 blocks
==15764==         suppressed: 0 bytes in 0 blocks
==15764== Rerun with --leak-check=full to see details of leaked memory
==15764== 
==15764== For lists of detected and suppressed errors, rerun with: -s
==15764== ERROR SUMMARY: 0 errors from 0 contexts (suppressed: 0 from 0)
Running valgrind on ./maps/bad/textures_none.cub...

[0;31m Error:[Texture] textures are not complete
[0m [0;34mF[0;34m [0;34m2[0;34m0[0;34m,[0;34m2[0;34m0[0;34m,[0;34m2[0;34m0
[0m[0;34mC[0;34m [0;34m2[0;34m0[0;34m0[0;34m,[0;34m2[0;34m0[0;34m0[0;34m,[0;34m2[0;34m0[0;34m0
[0m
[0m[0;34m1[0;34m1[0;34m1[0;34m1[0;34m1
[0m[0;34m1[0;34m0[0;34m0[0;34m0[0;34m1
[0m[0;34m1[0;34m0[0;34mS[0;34m0[0;34m1
[0m[0;34m1[0;34m0[0;34m0[0;34m0[0;34m1
[0m[0;34m1[0;34m0[0;34m0[0;34m0[0;34m1
[0m[0;34m1[0;34m0[0;34m0[0;34m0[0;34m1
[0m[0;34m1[0;34m1[0;34m0[0;34m0[0;34m1
[0m[0;34m1[0;34m0[0;34m0[0;34m0[0;34m1
[0m[0;34m1[0;34m0[0;34m0[0;34m0[0;34m1
[0m[0;34m1[0;34m0[0;34m0[0;34m0[0;34m1
[0m[0;34m1[0;34m0[0;34m0[0;34m0[0;34m1
[0m[0;34m1[0;34m0[0;34m0[0;34m0[0;34m1
[0m[0;34m1[0;34m1[0;34m1[0;34m1[0;34m1
[0mExit code: 1
‚ö†Ô∏è No Valgrind alerts, but with leaks[0m  
==15767== Memcheck, a memory error detector
==15767== Copyright (C) 2002-2022, and GNU GPL'd, by Julian Seward et al.
==15767== Using Valgrind-3.22.0 and LibVEX; rerun with -h for copyright info
==15767== Command: ./cub3d ./maps/bad/textures_none.cub
==15767== Parent PID: 15628
==15767== 
==15767== 
==15767== HEAP SUMMARY:
==15767==     in use at exit: 446 bytes in 31 blocks
==15767==   total heap usage: 102 allocs, 71 frees, 6,634 bytes allocated
==15767== 
==15767== LEAK SUMMARY:
==15767==    definitely lost: 248 bytes in 2 blocks
==15767==    indirectly lost: 198 bytes in 29 blocks
==15767==      possibly lost: 0 bytes in 0 blocks
==15767==    still reachable: 0 bytes in 0 blocks
==15767==         suppressed: 0 bytes in 0 blocks
==15767== Rerun with --leak-check=full to see details of leaked memory
==15767== 
==15767== For lists of detected and suppressed errors, rerun with: -s
==15767== ERROR SUMMARY: 0 errors from 0 contexts (suppressed: 0 from 0)
Running valgrind on ./maps/bad/textures_not_xpm.cub...

[0;31m Error:[Texture verification] invalid texture format
[0m [0;34mN[0;34mO[0;34m [0;34mt[0;34me[0;34mx[0;34mt[0;34mu[0;34mr[0;34me[0;34ms[0;34m/[0;34mt[0;34me[0;34ms[0;34mt[0;34m/[0;34mn[0;34mo[0;34mr[0;34mt[0;34mh
[0m[0;34mS[0;34mO[0;34m [0;34mt[0;34me[0;34mx[0;34mt[0;34mu[0;34mr[0;34me[0;34ms[0;34m/[0;34mt[0;34me[0;34ms[0;34mt[0;34m/[0;34ms[0;34mo[0;34mu[0;34mt[0;34mh[0;34m.[0;34mx[0;34mp[0;34mm
[0m[0;34mW[0;34mE[0;34m [0;34mt[0;34me[0;34mx[0;34mt[0;34mu[0;34mr[0;34me[0;34ms[0;34m/[0;34mt[0;34me[0;34ms[0;34mt[0;34m/[0;34mw[0;34me[0;34ms[0;34mt[0;34m.[0;34mx[0;34mp[0;34mm
[0m[0;34mE[0;34mA[0;34m [0;34mt[0;34me[0;34mx[0;34mt[0;34mu[0;34mr[0;34me[0;34ms[0;34m/[0;34mt[0;34me[0;34ms[0;34mt[0;34m/[0;34me[0;34ma[0;34ms[0;34mt[0;34m.[0;34mx[0;34mp[0;34mm
[0m
[0m[0;34mF[0;34m [0;34m2[0;34m0[0;34m,[0;34m2[0;34m0[0;34m,[0;34m2[0;34m0
[0m[0;34mC[0;34m [0;34m2[0;34m0[0;34m0[0;34m,[0;34m2[0;34m0[0;34m0[0;34m,[0;34m2[0;34m0[0;34m0
[0m
[0m[0;34m1[0;34m1[0;34m1[0;34m1[0;34m1
[0m[0;34m1[0;34m0[0;34m0[0;34m0[0;34m1
[0m[0;34m1[0;34m0[0;34mS[0;34m0[0;34m1
[0m[0;34m1[0;34m0[0;34m0[0;34m0[0;34m1
[0m[0;34m1[0;34m0[0;34m0[0;34m0[0;34m1
[0m[0;34m1[0;34m0[0;34m0[0;34m0[0;34m1
[0m[0;34m1[0;34m1[0;34m0[0;34m0[0;34m1
[0m[0;34m1[0;34m0[0;34m0[0;34m0[0;34m1
[0m[0;34m1[0;34m0[0;34m0[0;34m0[0;34m1
[0m[0;34m1[0;34m0[0;34m0[0;34m0[0;34m1
[0m[0;34m1[0;34m0[0;34m0[0;34m0[0;34m1
[0m[0;34m1[0;34m0[0;34m0[0;34m0[0;34m1
[0m[0;34m1[0;34m1[0;34m1[0;34m1[0;34m1
[0mExit code: 1
‚ö†Ô∏è No Valgrind alerts, but with leaks[0m  
==15770== Memcheck, a memory error detector
==15770== Copyright (C) 2002-2022, and GNU GPL'd, by Julian Seward et al.
==15770== Using Valgrind-3.22.0 and LibVEX; rerun with -h for copyright info
==15770== Command: ./cub3d ./maps/bad/textures_not_xpm.cub
==15770== Parent PID: 15628
==15770== 
==15770== 
==15770== HEAP SUMMARY:
==15770==     in use at exit: 684 bytes in 40 blocks
==15770==   total heap usage: 130 allocs, 90 frees, 7,975 bytes allocated
==15770== 
==15770== LEAK SUMMARY:
==15770==    definitely lost: 378 bytes in 6 blocks
==15770==    indirectly lost: 306 bytes in 34 blocks
==15770==      possibly lost: 0 bytes in 0 blocks
==15770==    still reachable: 0 bytes in 0 blocks
==15770==         suppressed: 0 bytes in 0 blocks
==15770== Rerun with --leak-check=full to see details of leaked memory
==15770== 
==15770== For lists of detected and suppressed errors, rerun with: -s
==15770== ERROR SUMMARY: 0 errors from 0 contexts (suppressed: 0 from 0)
Running valgrind on ./maps/bad/wall_hole_east.cub...

[0;31m Error:[Walls check] incorrect vertical walls 
[0m [0;34mN[0;34mO[0;34m [0;34mt[0;34me[0;34mx[0;34mt[0;34mu[0;34mr[0;34me[0;34ms[0;34m/[0;34mt[0;34me[0;34ms[0;34mt[0;34m/[0;34mn[0;34mo[0;34mr[0;34mt[0;34mh[0;34m.[0;34mx[0;34mp[0;34mm
[0m[0;34mS[0;34mO[0;34m [0;34mt[0;34me[0;34mx[0;34mt[0;34mu[0;34mr[0;34me[0;34ms[0;34m/[0;34mt[0;34me[0;34ms[0;34mt[0;34m/[0;34ms[0;34mo[0;34mu[0;34mt[0;34mh[0;34m.[0;34mx[0;34mp[0;34mm
[0m[0;34mW[0;34mE[0;34m [0;34mt[0;34me[0;34mx[0;34mt[0;34mu[0;34mr[0;34me[0;34ms[0;34m/[0;34mt[0;34me[0;34ms[0;34mt[0;34m/[0;34mw[0;34me[0;34ms[0;34mt[0;34m.[0;34mx[0;34mp[0;34mm
[0m[0;34mE[0;34mA[0;34m [0;34mt[0;34me[0;34mx[0;34mt[0;34mu[0;34mr[0;34me[0;34ms[0;34m/[0;34mt[0;34me[0;34ms[0;34mt[0;34m/[0;34me[0;34ma[0;34ms[0;34mt[0;34m.[0;34mx[0;34mp[0;34mm
[0m
[0m[0;34mF[0;34m [0;34m2[0;34m0[0;34m,[0;34m2[0;34m0[0;34m,[0;34m2[0;34m0
[0m[0;34mC[0;34m [0;34m2[0;34m0[0;34m0[0;34m,[0;34m2[0;34m0[0;34m0[0;34m,[0;34m2[0;34m0[0;34m0
[0m
[0m[0;34m1[0;34m1[0;34m1[0;34m1[0;34m1
[0m[0;34m1[0;34m0[0;34m0[0;34m0[0;34m1
[0m[0;34m1[0;34m0[0;34mS[0;34m0[0;34m1
[0m[0;34m1[0;34m0[0;34m0[0;34m0[0;34m1
[0m[0;34m1[0;34m0[0;34m0[0;34m0[0;34m1
[0m[0;34m1[0;34m0[0;34m0[0;34m0[0;34m1
[0m[0;34m1[0;34m1[0;34m0[0;34m0[0;34m0
[0m[0;34m1[0;34m0[0;34m0[0;34m0[0;34m1
[0m[0;34m1[0;34m0[0;34m0[0;34m0[0;34m1
[0m[0;34m1[0;34m0[0;34m0[0;34m0[0;34m1
[0m[0;34m1[0;34m0[0;34m0[0;34m0[0;34m1
[0m[0;34m1[0;34m0[0;34m0[0;34m0[0;34m1
[0m[0;34m1[0;34m1[0;34m1[0;34m1[0;34m1
[0mExit code: 1
‚ö†Ô∏è No Valgrind alerts, but with leaks[0m  
==15773== Memcheck, a memory error detector
==15773== Copyright (C) 2002-2022, and GNU GPL'd, by Julian Seward et al.
==15773== Using Valgrind-3.22.0 and LibVEX; rerun with -h for copyright info
==15773== Command: ./cub3d ./maps/bad/wall_hole_east.cub
==15773== Parent PID: 15628
==15773== 
==15773== 
==15773== HEAP SUMMARY:
==15773==     in use at exit: 598 bytes in 36 blocks
==15773==   total heap usage: 126 allocs, 90 frees, 7,925 bytes allocated
==15773== 
==15773== LEAK SUMMARY:
==15773==    definitely lost: 288 bytes in 2 blocks
==15773==    indirectly lost: 310 bytes in 34 blocks
==15773==      possibly lost: 0 bytes in 0 blocks
==15773==    still reachable: 0 bytes in 0 blocks
==15773==         suppressed: 0 bytes in 0 blocks
==15773== Rerun with --leak-check=full to see details of leaked memory
==15773== 
==15773== For lists of detected and suppressed errors, rerun with: -s
==15773== ERROR SUMMARY: 0 errors from 0 contexts (suppressed: 0 from 0)
Running valgrind on ./maps/bad/wall_hole_north.cub...

[0;31m Error:[Walls check] incorrect horizontal walls
[0m [0;34mN[0;34mO[0;34m [0;34mt[0;34me[0;34mx[0;34mt[0;34mu[0;34mr[0;34me[0;34ms[0;34m/[0;34mt[0;34me[0;34ms[0;34mt[0;34m/[0;34mn[0;34mo[0;34mr[0;34mt[0;34mh[0;34m.[0;34mx[0;34mp[0;34mm
[0m[0;34mS[0;34mO[0;34m [0;34mt[0;34me[0;34mx[0;34mt[0;34mu[0;34mr[0;34me[0;34ms[0;34m/[0;34mt[0;34me[0;34ms[0;34mt[0;34m/[0;34ms[0;34mo[0;34mu[0;34mt[0;34mh[0;34m.[0;34mx[0;34mp[0;34mm
[0m[0;34mW[0;34mE[0;34m [0;34mt[0;34me[0;34mx[0;34mt[0;34mu[0;34mr[0;34me[0;34ms[0;34m/[0;34mt[0;34me[0;34ms[0;34mt[0;34m/[0;34mw[0;34me[0;34ms[0;34mt[0;34m.[0;34mx[0;34mp[0;34mm
[0m[0;34mE[0;34mA[0;34m [0;34mt[0;34me[0;34mx[0;34mt[0;34mu[0;34mr[0;34me[0;34ms[0;34m/[0;34mt[0;34me[0;34ms[0;34mt[0;34m/[0;34me[0;34ma[0;34ms[0;34mt[0;34m.[0;34mx[0;34mp[0;34mm
[0m
[0m[0;34mF[0;34m [0;34m2[0;34m0[0;34m,[0;34m2[0;34m0[0;34m,[0;34m2[0;34m0
[0m[0;34mC[0;34m [0;34m2[0;34m0[0;34m0[0;34m,[0;34m2[0;34m0[0;34m0[0;34m,[0;34m2[0;34m0[0;34m0
[0m
[0m[0;34m1[0;34m1[0;34m0[0;34m1[0;34m1
[0m[0;34m1[0;34m0[0;34m0[0;34m0[0;34m1
[0m[0;34m1[0;34m0[0;34mS[0;34m0[0;34m1
[0m[0;34m1[0;34m0[0;34m0[0;34m0[0;34m1
[0m[0;34m1[0;34m0[0;34m0[0;34m0[0;34m1
[0m[0;34m1[0;34m0[0;34m0[0;34m0[0;34m1
[0m[0;34m1[0;34m1[0;34m0[0;34m0[0;34m1
[0m[0;34m1[0;34m0[0;34m0[0;34m0[0;34m1
[0m[0;34m1[0;34m0[0;34m0[0;34m0[0;34m1
[0m[0;34m1[0;34m0[0;34m0[0;34m0[0;34m1
[0m[0;34m1[0;34m0[0;34m0[0;34m0[0;34m1
[0m[0;34m1[0;34m0[0;34m0[0;34m0[0;34m1
[0m[0;34m1[0;34m1[0;34m1[0;34m1[0;34m1
[0mExit code: 1
‚ö†Ô∏è No Valgrind alerts, but with leaks[0m  
==15789== Memcheck, a memory error detector
==15789== Copyright (C) 2002-2022, and GNU GPL'd, by Julian Seward et al.
==15789== Using Valgrind-3.22.0 and LibVEX; rerun with -h for copyright info
==15789== Command: ./cub3d ./maps/bad/wall_hole_north.cub
==15789== Parent PID: 15628
==15789== 
==15789== 
==15789== HEAP SUMMARY:
==15789==     in use at exit: 598 bytes in 36 blocks
==15789==   total heap usage: 126 allocs, 90 frees, 7,925 bytes allocated
==15789== 
==15789== LEAK SUMMARY:
==15789==    definitely lost: 288 bytes in 2 blocks
==15789==    indirectly lost: 310 bytes in 34 blocks
==15789==      possibly lost: 0 bytes in 0 blocks
==15789==    still reachable: 0 bytes in 0 blocks
==15789==         suppressed: 0 bytes in 0 blocks
==15789== Rerun with --leak-check=full to see details of leaked memory
==15789== 
==15789== For lists of detected and suppressed errors, rerun with: -s
==15789== ERROR SUMMARY: 0 errors from 0 contexts (suppressed: 0 from 0)
Running valgrind on ./maps/bad/wall_hole_south.cub...

[0;31m Error:[Walls check] incorrect horizontal walls
[0m [0;34mN[0;34mO[0;34m [0;34mt[0;34me[0;34mx[0;34mt[0;34mu[0;34mr[0;34me[0;34ms[0;34m/[0;34mt[0;34me[0;34ms[0;34mt[0;34m/[0;34mn[0;34mo[0;34mr[0;34mt[0;34mh[0;34m.[0;34mx[0;34mp[0;34mm
[0m[0;34mS[0;34mO[0;34m [0;34mt[0;34me[0;34mx[0;34mt[0;34mu[0;34mr[0;34me[0;34ms[0;34m/[0;34mt[0;34me[0;34ms[0;34mt[0;34m/[0;34ms[0;34mo[0;34mu[0;34mt[0;34mh[0;34m.[0;34mx[0;34mp[0;34mm
[0m[0;34mW[0;34mE[0;34m [0;34mt[0;34me[0;34mx[0;34mt[0;34mu[0;34mr[0;34me[0;34ms[0;34m/[0;34mt[0;34me[0;34ms[0;34mt[0;34m/[0;34mw[0;34me[0;34ms[0;34mt[0;34m.[0;34mx[0;34mp[0;34mm
[0m[0;34mE[0;34mA[0;34m [0;34mt[0;34me[0;34mx[0;34mt[0;34mu[0;34mr[0;34me[0;34ms[0;34m/[0;34mt[0;34me[0;34ms[0;34mt[0;34m/[0;34me[0;34ma[0;34ms[0;34mt[0;34m.[0;34mx[0;34mp[0;34mm
[0m
[0m[0;34mF[0;34m [0;34m2[0;34m0[0;34m,[0;34m2[0;34m0[0;34m,[0;34m2[0;34m0
[0m[0;34mC[0;34m [0;34m2[0;34m0[0;34m0[0;34m,[0;34m2[0;34m0[0;34m0[0;34m,[0;34m2[0;34m0[0;34m0
[0m
[0m[0;34m1[0;34m1[0;34m1[0;34m1[0;34m1
[0m[0;34m1[0;34m0[0;34m0[0;34m0[0;34m1
[0m[0;34m1[0;34m0[0;34mS[0;34m0[0;34m1
[0m[0;34m1[0;34m0[0;34m0[0;34m0[0;34m1
[0m[0;34m1[0;34m0[0;34m0[0;34m0[0;34m1
[0m[0;34m1[0;34m0[0;34m0[0;34m0[0;34m1
[0m[0;34m1[0;34m1[0;34m0[0;34m0[0;34m1
[0m[0;34m1[0;34m0[0;34m0[0;34m0[0;34m1
[0m[0;34m1[0;34m0[0;34m0[0;34m0[0;34m1
[0m[0;34m1[0;34m0[0;34m0[0;34m0[0;34m1
[0m[0;34m1[0;34m0[0;34m0[0;34m0[0;34m1
[0m[0;34m1[0;34m0[0;34m0[0;34m0[0;34m1
[0m[0;34m1[0;34m1[0;34m0[0;34m1[0;34m1
[0mExit code: 1
‚ö†Ô∏è No Valgrind alerts, but with leaks[0m  
==15803== Memcheck, a memory error detector
==15803== Copyright (C) 2002-2022, and GNU GPL'd, by Julian Seward et al.
==15803== Using Valgrind-3.22.0 and LibVEX; rerun with -h for copyright info
==15803== Command: ./cub3d ./maps/bad/wall_hole_south.cub
==15803== Parent PID: 15628
==15803== 
==15803== 
==15803== HEAP SUMMARY:
==15803==     in use at exit: 598 bytes in 36 blocks
==15803==   total heap usage: 126 allocs, 90 frees, 7,925 bytes allocated
==15803== 
==15803== LEAK SUMMARY:
==15803==    definitely lost: 288 bytes in 2 blocks
==15803==    indirectly lost: 310 bytes in 34 blocks
==15803==      possibly lost: 0 bytes in 0 blocks
==15803==    still reachable: 0 bytes in 0 blocks
==15803==         suppressed: 0 bytes in 0 blocks
==15803== Rerun with --leak-check=full to see details of leaked memory
==15803== 
==15803== For lists of detected and suppressed errors, rerun with: -s
==15803== ERROR SUMMARY: 0 errors from 0 contexts (suppressed: 0 from 0)
Running valgrind on ./maps/bad/wall_hole_west.cub...

[0;31m Error:[Map check in file] Invalid map placement or format
[0m [0;34mN[0;34mO[0;34m [0;34mt[0;34me[0;34mx[0;34mt[0;34mu[0;34mr[0;34me[0;34ms[0;34m/[0;34mt[0;34me[0;34ms[0;34mt[0;34m/[0;34mn[0;34mo[0;34mr[0;34mt[0;34mh[0;34m.[0;34mx[0;34mp[0;34mm
[0m[0;34mS[0;34mO[0;34m [0;34mt[0;34me[0;34mx[0;34mt[0;34mu[0;34mr[0;34me[0;34ms[0;34m/[0;34mt[0;34me[0;34ms[0;34mt[0;34m/[0;34ms[0;34mo[0;34mu[0;34mt[0;34mh[0;34m.[0;34mx[0;34mp[0;34mm
[0m[0;34mW[0;34mE[0;34m [0;34mt[0;34me[0;34mx[0;34mt[0;34mu[0;34mr[0;34me[0;34ms[0;34m/[0;34mt[0;34me[0;34ms[0;34mt[0;34m/[0;34mw[0;34me[0;34ms[0;34mt[0;34m.[0;34mx[0;34mp[0;34mm
[0m[0;34mE[0;34mA[0;34m [0;34mt[0;34me[0;34mx[0;34mt[0;34mu[0;34mr[0;34me[0;34ms[0;34m/[0;34mt[0;34me[0;34ms[0;34mt[0;34m/[0;34me[0;34ma[0;34ms[0;34mt[0;34m.[0;34mx[0;34mp[0;34mm
[0m
[0m[0;34mF[0;34m [0;34m2[0;34m0[0;34m,[0;34m2[0;34m0[0;34m,[0;34m2[0;34m0
[0m[0;34mC[0;34m [0;34m2[0;34m0[0;34m0[0;34m,[0;34m2[0;34m0[0;34m0[0;34m,[0;34m2[0;34m0[0;34m0
[0m
[0m[0;34m1[0;34m1[0;34m1[0;34m1[0;34m1
[0m[0;34m1[0;34m0[0;34m0[0;34m0[0;34m1
[0m[0;34m1[0;34m0[0;34mS[0;34m0[0;34m1
[0m[0;34m1[0;34m0[0;34m0[0;34m0[0;34m1
[0m[0;34m1[0;34m0[0;34m0[0;34m0[0;34m1
[0m[0;34m0[0;34m0[0;34m0[0;34m0[0;34m1
[0m[0;34m1[0;34m1[0;34m0[0;34m0[0;34m1
[0m[0;34m1[0;34m0[0;34m0[0;34m0[0;34m1
[0m[0;34m1[0;34m0[0;34m0[0;34m0[0;34m1
[0m[0;34m1[0;34m0[0;34m0[0;34m0[0;34m1
[0m[0;34m1[0;34m0[0;34m0[0;34m0[0;34m1
[0m[0;34m1[0;34m0[0;34m0[0;34m0[0;34m1
[0m[0;34m1[0;34m1[0;34m1[0;34m1[0;34m1
[0mExit code: 1
‚ö†Ô∏è No Valgrind alerts, but with leaks[0m  
==15806== Memcheck, a memory error detector
==15806== Copyright (C) 2002-2022, and GNU GPL'd, by Julian Seward et al.
==15806== Using Valgrind-3.22.0 and LibVEX; rerun with -h for copyright info
==15806== Command: ./cub3d ./maps/bad/wall_hole_west.cub
==15806== Parent PID: 15628
==15806== 
==15806== 
==15806== HEAP SUMMARY:
==15806==     in use at exit: 408 bytes in 22 blocks
==15806==   total heap usage: 99 allocs, 77 frees, 7,657 bytes allocated
==15806== 
==15806== LEAK SUMMARY:
==15806==    definitely lost: 176 bytes in 1 blocks
==15806==    indirectly lost: 232 bytes in 21 blocks
==15806==      possibly lost: 0 bytes in 0 blocks
==15806==    still reachable: 0 bytes in 0 blocks
==15806==         suppressed: 0 bytes in 0 blocks
==15806== Rerun with --leak-check=full to see details of leaked memory
==15806== 
==15806== For lists of detected and suppressed errors, rerun with: -s
==15806== ERROR SUMMARY: 0 errors from 0 contexts (suppressed: 0 from 0)
Running valgrind on ./maps/bad/wall_none.cub...

[0;31m Error:[Map start] No map or incorrect placement
[0m [0;34mN[0;34mO[0;34m [0;34mt[0;34me[0;34mx[0;34mt[0;34mu[0;34mr[0;34me[0;34ms[0;34m/[0;34mt[0;34me[0;34ms[0;34mt[0;34m/[0;34mn[0;34mo[0;34mr[0;34mt[0;34mh[0;34m.[0;34mx[0;34mp[0;34mm
[0m[0;34mS[0;34mO[0;34m [0;34mt[0;34me[0;34mx[0;34mt[0;34mu[0;34mr[0;34me[0;34ms[0;34m/[0;34mt[0;34me[0;34ms[0;34mt[0;34m/[0;34ms[0;34mo[0;34mu[0;34mt[0;34mh[0;34m.[0;34mx[0;34mp[0;34mm
[0m[0;34mW[0;34mE[0;34m [0;34mt[0;34me[0;34mx[0;34mt[0;34mu[0;34mr[0;34me[0;34ms[0;34m/[0;34mt[0;34me[0;34ms[0;34mt[0;34m/[0;34mw[0;34me[0;34ms[0;34mt[0;34m.[0;34mx[0;34mp[0;34mm
[0m[0;34mE[0;34mA[0;34m [0;34mt[0;34me[0;34mx[0;34mt[0;34mu[0;34mr[0;34me[0;34ms[0;34m/[0;34mt[0;34me[0;34ms[0;34mt[0;34m/[0;34me[0;34ma[0;34ms[0;34mt[0;34m.[0;34mx[0;34mp[0;34mm
[0m
[0m[0;34mF[0;34m [0;34m2[0;34m0[0;34m,[0;34m2[0;34m0[0;34m,[0;34m2[0;34m0
[0m[0;34mC[0;34m [0;34m2[0;34m0[0;34m0[0;34m,[0;34m2[0;34m0[0;34m0[0;34m,[0;34m2[0;34m0[0;34m0
[0m
[0m[0;34m0[0;34m0[0;34m0[0;34m0[0;34m0
[0m[0;34m0[0;34m0[0;34m0[0;34m0[0;34m0
[0m[0;34m0[0;34m0[0;34mS[0;34m0[0;34m0
[0m[0;34m0[0;34m0[0;34m0[0;34m0[0;34m0
[0m[0;34m0[0;34m0[0;34m0[0;34m0[0;34m0
[0m[0;34m0[0;34m0[0;34m0[0;34m0[0;34m0
[0m[0;34m0[0;34m0[0;34m0[0;34m0[0;34m0
[0m[0;34m0[0;34m0[0;34m0[0;34m0[0;34m0
[0m[0;34m0[0;34m0[0;34m0[0;34m0[0;34m0
[0m[0;34m0[0;34m0[0;34m0[0;34m0[0;34m0
[0m[0;34m0[0;34m0[0;34m0[0;34m0[0;34m0
[0m[0;34m0[0;34m0[0;34m0[0;34m0[0;34m0
[0m[0;34m0[0;34m0[0;34m0[0;34m0[0;34m0
[0mExit code: 1
‚ö†Ô∏è No Valgrind alerts, but with leaks[0m  
==15809== Memcheck, a memory error detector
==15809== Copyright (C) 2002-2022, and GNU GPL'd, by Julian Seward et al.
==15809== Using Valgrind-3.22.0 and LibVEX; rerun with -h for copyright info
==15809== Command: ./cub3d ./maps/bad/wall_none.cub
==15809== Parent PID: 15628
==15809== 
==15809== 
==15809== HEAP SUMMARY:
==15809==     in use at exit: 408 bytes in 22 blocks
==15809==   total heap usage: 99 allocs, 77 frees, 7,657 bytes allocated
==15809== 
==15809== LEAK SUMMARY:
==15809==    definitely lost: 176 bytes in 1 blocks
==15809==    indirectly lost: 232 bytes in 21 blocks
==15809==      possibly lost: 0 bytes in 0 blocks
==15809==    still reachable: 0 bytes in 0 blocks
==15809==         suppressed: 0 bytes in 0 blocks
==15809== Rerun with --leak-check=full to see details of leaked memory
==15809== 
==15809== For lists of detected and suppressed errors, rerun with: -s
==15809== ERROR SUMMARY: 0 errors from 0 contexts (suppressed: 0 from 0)
Valgrind tests completed. Results saved to test_output.txt.
Starting Valgrind tests...
Running valgrind on ./maps/bad/color_invalid_rgb.cub...

[0;31m Error:[Texture verification] file is not found
[0m [0;34mN[0;34mO[0;34m [0;34mt[0;34me[0;34mx[0;34mt[0;34mu[0;34mr[0;34me[0;34ms[0;34m/[0;34mt[0;34me[0;34ms[0;34mt[0;34m/[0;34mn[0;34mo[0;34mr[0;34mt[0;34mh[0;34m.[0;34mx[0;34mp[0;34mm
[0m[0;34mS[0;34mO[0;34m [0;34mt[0;34me[0;34mx[0;34mt[0;34mu[0;34mr[0;34me[0;34ms[0;34m/[0;34mt[0;34me[0;34ms[0;34mt[0;34m/[0;34ms[0;34mo[0;34mu[0;34mt[0;34mh[0;34m.[0;34mx[0;34mp[0;34mm
[0m[0;34mW[0;34mE[0;34m [0;34mt[0;34me[0;34mx[0;34mt[0;34mu[0;34mr[0;34me[0;34ms[0;34m/[0;34mt[0;34me[0;34ms[0;34mt[0;34m/[0;34mw[0;34me[0;34ms[0;34mt[0;34m.[0;34mx[0;34mp[0;34mm
[0m[0;34mE[0;34mA[0;34m [0;34mt[0;34me[0;34mx[0;34mt[0;34mu[0;34mr[0;34me[0;34ms[0;34m/[0;34mt[0;34me[0;34ms[0;34mt[0;34m/[0;34me[0;34ma[0;34ms[0;34mt[0;34m.[0;34mx[0;34mp[0;34mm
[0m
[0m[0;34mF[0;34m [0;34m2[0;34m0[0;34m,[0;34m2[0;34m0[0;34m,[0;34m-[0;34m2[0;34m0
[0m[0;34mC[0;34m [0;34m2[0;34m0[0;34m0[0;34m,[0;34m2[0;34m0[0;34m0[0;34m,[0;34m2[0;34m0[0;34m0
[0m
[0m[0;34m1[0;34m1[0;34m1[0;34m1[0;34m1
[0m[0;34m1[0;34m0[0;34m0[0;34m0[0;34m1
[0m[0;34m1[0;34m0[0;34mS[0;34m0[0;34m1
[0m[0;34m1[0;34m0[0;34m0[0;34m0[0;34m1
[0m[0;34m1[0;34m0[0;34m0[0;34m0[0;34m1
[0m[0;34m1[0;34m0[0;34m0[0;34m0[0;34m1
[0m[0;34m1[0;34m1[0;34m0[0;34m0[0;34m1
[0m[0;34m1[0;34m0[0;34m0[0;34m0[0;34m1
[0m[0;34m1[0;34m0[0;34m0[0;34m0[0;34m1
[0m[0;34m1[0;34m0[0;34m0[0;34m0[0;34m1
[0m[0;34m1[0;34m0[0;34m0[0;34m0[0;34m1
[0m[0;34m1[0;34m0[0;34m0[0;34m0[0;34m1
[0m[0;34m1[0;34m1[0;34m1[0;34m1[0;34m1
[0mExit code: 1
‚ö†Ô∏è No Valgrind alerts, but with leaks[0m  
==15885== Memcheck, a memory error detector
==15885== Copyright (C) 2002-2022, and GNU GPL'd, by Julian Seward et al.
==15885== Using Valgrind-3.22.0 and LibVEX; rerun with -h for copyright info
==15885== Command: ./cub3d ./maps/bad/color_invalid_rgb.cub
==15885== Parent PID: 15883
==15885== 
==15885== 
==15885== HEAP SUMMARY:
==15885==     in use at exit: 693 bytes in 40 blocks
==15885==   total heap usage: 130 allocs, 90 frees, 8,005 bytes allocated
==15885== 
==15885== LEAK SUMMARY:
==15885==    definitely lost: 382 bytes in 6 blocks
==15885==    indirectly lost: 311 bytes in 34 blocks
==15885==      possibly lost: 0 bytes in 0 blocks
==15885==    still reachable: 0 bytes in 0 blocks
==15885==         suppressed: 0 bytes in 0 blocks
==15885== Rerun with --leak-check=full to see details of leaked memory
==15885== 
==15885== For lists of detected and suppressed errors, rerun with: -s
==15885== ERROR SUMMARY: 0 errors from 0 contexts (suppressed: 0 from 0)
Running valgrind on ./maps/bad/color_missing_ceiling_rgb.cub...

[0;31m Error:[Texture verification] file is not found
[0m [0;34mN[0;34mO[0;34m [0;34mt[0;34me[0;34mx[0;34mt[0;34mu[0;34mr[0;34me[0;34ms[0;34m/[0;34mt[0;34me[0;34ms[0;34mt[0;34m/[0;34mn[0;34mo[0;34mr[0;34mt[0;34mh[0;34m.[0;34mx[0;34mp[0;34mm
[0m[0;34mS[0;34mO[0;34m [0;34mt[0;34me[0;34mx[0;34mt[0;34mu[0;34mr[0;34me[0;34ms[0;34m/[0;34mt[0;34me[0;34ms[0;34mt[0;34m/[0;34ms[0;34mo[0;34mu[0;34mt[0;34mh[0;34m.[0;34mx[0;34mp[0;34mm
[0m[0;34mW[0;34mE[0;34m [0;34mt[0;34me[0;34mx[0;34mt[0;34mu[0;34mr[0;34me[0;34ms[0;34m/[0;34mt[0;34me[0;34ms[0;34mt[0;34m/[0;34mw[0;34me[0;34ms[0;34mt[0;34m.[0;34mx[0;34mp[0;34mm
[0m[0;34mE[0;34mA[0;34m [0;34mt[0;34me[0;34mx[0;34mt[0;34mu[0;34mr[0;34me[0;34ms[0;34m/[0;34mt[0;34me[0;34ms[0;34mt[0;34m/[0;34me[0;34ma[0;34ms[0;34mt[0;34m.[0;34mx[0;34mp[0;34mm
[0m
[0m[0;34mF[0;34m [0;34m2[0;34m0[0;34m,[0;34m2[0;34m0[0;34m,[0;34m2[0;34m0
[0m[0;34mC[0;34m [0;34m2[0;34m0[0;34m0[0;34m,[0;34m2[0;34m0[0;34m0[0;34m,
[0m
[0m[0;34m1[0;34m1[0;34m1[0;34m1[0;34m1
[0m[0;34m1[0;34m0[0;34m0[0;34m0[0;34m1
[0m[0;34m1[0;34m0[0;34mS[0;34m0[0;34m1
[0m[0;34m1[0;34m0[0;34m0[0;34m0[0;34m1
[0m[0;34m1[0;34m0[0;34m0[0;34m0[0;34m1
[0m[0;34m1[0;34m0[0;34m0[0;34m0[0;34m1
[0m[0;34m1[0;34m1[0;34m0[0;34m0[0;34m1
[0m[0;34m1[0;34m0[0;34m0[0;34m0[0;34m1
[0m[0;34m1[0;34m0[0;34m0[0;34m0[0;34m1
[0m[0;34m1[0;34m0[0;34m0[0;34m0[0;34m1
[0m[0;34m1[0;34m0[0;34m0[0;34m0[0;34m1
[0m[0;34m1[0;34m0[0;34m0[0;34m0[0;34m1
[0m[0;34m1[0;34m1[0;34m1[0;34m1[0;34m1
[0mExit code: 1
‚ö†Ô∏è No Valgrind alerts, but with leaks[0m  
==15891== Memcheck, a memory error detector
==15891== Copyright (C) 2002-2022, and GNU GPL'd, by Julian Seward et al.
==15891== Using Valgrind-3.22.0 and LibVEX; rerun with -h for copyright info
==15891== Command: ./cub3d ./maps/bad/color_missing_ceiling_rgb.cub
==15891== Parent PID: 15883
==15891== 
==15891== 
==15891== HEAP SUMMARY:
==15891==     in use at exit: 689 bytes in 40 blocks
==15891==   total heap usage: 130 allocs, 90 frees, 7,973 bytes allocated
==15891== 
==15891== LEAK SUMMARY:
==15891==    definitely lost: 382 bytes in 6 blocks
==15891==    indirectly lost: 307 bytes in 34 blocks
==15891==      possibly lost: 0 bytes in 0 blocks
==15891==    still reachable: 0 bytes in 0 blocks
==15891==         suppressed: 0 bytes in 0 blocks
==15891== Rerun with --leak-check=full to see details of leaked memory
==15891== 
==15891== For lists of detected and suppressed errors, rerun with: -s
==15891== ERROR SUMMARY: 0 errors from 0 contexts (suppressed: 0 from 0)
Running valgrind on ./maps/bad/color_missing.cub...

[0;31m Error:[Texture verification] file is not found
[0m [0;34mN[0;34mO[0;34m [0;34mt[0;34me[0;34mx[0;34mt[0;34mu[0;34mr[0;34me[0;34ms[0;34m/[0;34mt[0;34me[0;34ms[0;34mt[0;34m/[0;34mn[0;34mo[0;34mr[0;34mt[0;34mh[0;34m.[0;34mx[0;34mp[0;34mm
[0m[0;34mS[0;34mO[0;34m [0;34mt[0;34me[0;34mx[0;34mt[0;34mu[0;34mr[0;34me[0;34ms[0;34m/[0;34mt[0;34me[0;34ms[0;34mt[0;34m/[0;34ms[0;34mo[0;34mu[0;34mt[0;34mh[0;34m.[0;34mx[0;34mp[0;34mm
[0m[0;34mW[0;34mE[0;34m [0;34mt[0;34me[0;34mx[0;34mt[0;34mu[0;34mr[0;34me[0;34ms[0;34m/[0;34mt[0;34me[0;34ms[0;34mt[0;34m/[0;34mw[0;34me[0;34ms[0;34mt[0;34m.[0;34mx[0;34mp[0;34mm
[0m[0;34mE[0;34mA[0;34m [0;34mt[0;34me[0;34mx[0;34mt[0;34mu[0;34mr[0;34me[0;34ms[0;34m/[0;34mt[0;34me[0;34ms[0;34mt[0;34m/[0;34me[0;34ma[0;34ms[0;34mt[0;34m.[0;34mx[0;34mp[0;34mm
[0m
[0m[0;34mC[0;34m [0;34m2[0;34m0[0;34m0[0;34m,[0;34m2[0;34m0[0;34m0[0;34m,[0;34m2[0;34m0[0;34m0
[0m
[0m[0;34m1[0;34m1[0;34m1[0;34m1[0;34m1
[0m[0;34m1[0;34m0[0;34m0[0;34m0[0;34m1
[0m[0;34m1[0;34m0[0;34mS[0;34m0[0;34m1
[0m[0;34m1[0;34m0[0;34m0[0;34m0[0;34m1
[0m[0;34m1[0;34m0[0;34m0[0;34m0[0;34m1
[0m[0;34m1[0;34m0[0;34m0[0;34m0[0;34m1
[0m[0;34m1[0;34m1[0;34m0[0;34m0[0;34m1
[0m[0;34m1[0;34m0[0;34m0[0;34m0[0;34m1
[0m[0;34m1[0;34m0[0;34m0[0;34m0[0;34m1
[0m[0;34m1[0;34m0[0;34m0[0;34m0[0;34m1
[0m[0;34m1[0;34m0[0;34m0[0;34m0[0;34m1
[0m[0;34m1[0;34m0[0;34m0[0;34m0[0;34m1
[0m[0;34m1[0;34m1[0;34m1[0;34m1[0;34m1
[0mExit code: 1
‚ö†Ô∏è No Valgrind alerts, but with leaks[0m  
==15907== Memcheck, a memory error detector
==15907== Copyright (C) 2002-2022, and GNU GPL'd, by Julian Seward et al.
==15907== Using Valgrind-3.22.0 and LibVEX; rerun with -h for copyright info
==15907== Command: ./cub3d ./maps/bad/color_missing.cub
==15907== Parent PID: 15883
==15907== 
==15907== 
==15907== HEAP SUMMARY:
==15907==     in use at exit: 672 bytes in 39 blocks
==15907==   total heap usage: 126 allocs, 87 frees, 7,808 bytes allocated
==15907== 
==15907== LEAK SUMMARY:
==15907==    definitely lost: 374 bytes in 6 blocks
==15907==    indirectly lost: 298 bytes in 33 blocks
==15907==      possibly lost: 0 bytes in 0 blocks
==15907==    still reachable: 0 bytes in 0 blocks
==15907==         suppressed: 0 bytes in 0 blocks
==15907== Rerun with --leak-check=full to see details of leaked memory
==15907== 
==15907== For lists of detected and suppressed errors, rerun with: -s
==15907== ERROR SUMMARY: 0 errors from 0 contexts (suppressed: 0 from 0)
Running valgrind on ./maps/bad/color_missing_floor_rgb.cub...

[0;31m Error:[Texture verification] file is not found
[0m [0;34mN[0;34mO[0;34m [0;34mt[0;34me[0;34mx[0;34mt[0;34mu[0;34mr[0;34me[0;34ms[0;34m/[0;34mt[0;34me[0;34ms[0;34mt[0;34m/[0;34mn[0;34mo[0;34mr[0;34mt[0;34mh[0;34m.[0;34mx[0;34mp[0;34mm
[0m[0;34mS[0;34mO[0;34m [0;34mt[0;34me[0;34mx[0;34mt[0;34mu[0;34mr[0;34me[0;34ms[0;34m/[0;34mt[0;34me[0;34ms[0;34mt[0;34m/[0;34ms[0;34mo[0;34mu[0;34mt[0;34mh[0;34m.[0;34mx[0;34mp[0;34mm
[0m[0;34mW[0;34mE[0;34m [0;34mt[0;34me[0;34mx[0;34mt[0;34mu[0;34mr[0;34me[0;34ms[0;34m/[0;34mt[0;34me[0;34ms[0;34mt[0;34m/[0;34mw[0;34me[0;34ms[0;34mt[0;34m.[0;34mx[0;34mp[0;34mm
[0m[0;34mE[0;34mA[0;34m [0;34mt[0;34me[0;34mx[0;34mt[0;34mu[0;34mr[0;34me[0;34ms[0;34m/[0;34mt[0;34me[0;34ms[0;34mt[0;34m/[0;34me[0;34ma[0;34ms[0;34mt[0;34m.[0;34mx[0;34mp[0;34mm
[0m
[0m[0;34mF[0;34m [0;34m2[0;34m0[0;34m,[0;34m2[0;34m0
[0m[0;34mC[0;34m [0;34m2[0;34m0[0;34m0[0;34m,[0;34m2[0;34m0[0;34m0[0;34m,[0;34m2[0;34m0[0;34m0
[0m
[0m[0;34m1[0;34m1[0;34m1[0;34m1[0;34m1
[0m[0;34m1[0;34m0[0;34m0[0;34m0[0;34m1
[0m[0;34m1[0;34m0[0;34mS[0;34m0[0;34m1
[0m[0;34m1[0;34m0[0;34m0[0;34m0[0;34m1
[0m[0;34m1[0;34m0[0;34m0[0;34m0[0;34m1
[0m[0;34m1[0;34m0[0;34m0[0;34m0[0;34m1
[0m[0;34m1[0;34m1[0;34m0[0;34m0[0;34m1
[0m[0;34m1[0;34m0[0;34m0[0;34m0[0;34m1
[0m[0;34m1[0;34m0[0;34m0[0;34m0[0;34m1
[0m[0;34m1[0;34m0[0;34m0[0;34m0[0;34m1
[0m[0;34m1[0;34m0[0;34m0[0;34m0[0;34m1
[0m[0;34m1[0;34m0[0;34m0[0;34m0[0;34m1
[0m[0;34m1[0;34m1[0;34m1[0;34m1[0;34m1
[0mExit code: 1
‚ö†Ô∏è No Valgrind alerts, but with leaks[0m  
==15921== Memcheck, a memory error detector
==15921== Copyright (C) 2002-2022, and GNU GPL'd, by Julian Seward et al.
==15921== Using Valgrind-3.22.0 and LibVEX; rerun with -h for copyright info
==15921== Command: ./cub3d ./maps/bad/color_missing_floor_rgb.cub
==15921== Parent PID: 15883
==15921== 
==15921== 
==15921== HEAP SUMMARY:
==15921==     in use at exit: 689 bytes in 40 blocks
==15921==   total heap usage: 130 allocs, 90 frees, 7,979 bytes allocated
==15921== 
==15921== LEAK SUMMARY:
==15921==    definitely lost: 382 bytes in 6 blocks
==15921==    indirectly lost: 307 bytes in 34 blocks
==15921==      possibly lost: 0 bytes in 0 blocks
==15921==    still reachable: 0 bytes in 0 blocks
==15921==         suppressed: 0 bytes in 0 blocks
==15921== Rerun with --leak-check=full to see details of leaked memory
==15921== 
==15921== For lists of detected and suppressed errors, rerun with: -s
==15921== ERROR SUMMARY: 0 errors from 0 contexts (suppressed: 0 from 0)
Running valgrind on ./maps/bad/color_none.cub...

[0;31m Error:[Texture verification] file is not found
[0m [0;34mN[0;34mO[0;34m [0;34mt[0;34me[0;34mx[0;34mt[0;34mu[0;34mr[0;34me[0;34ms[0;34m/[0;34mt[0;34me[0;34ms[0;34mt[0;34m/[0;34mn[0;34mo[0;34mr[0;34mt[0;34mh[0;34m.[0;34mx[0;34mp[0;34mm
[0m[0;34mS[0;34mO[0;34m [0;34mt[0;34me[0;34mx[0;34mt[0;34mu[0;34mr[0;34me[0;34ms[0;34m/[0;34mt[0;34me[0;34ms[0;34mt[0;34m/[0;34ms[0;34mo[0;34mu[0;34mt[0;34mh[0;34m.[0;34mx[0;34mp[0;34mm
[0m[0;34mW[0;34mE[0;34m [0;34mt[0;34me[0;34mx[0;34mt[0;34mu[0;34mr[0;34me[0;34ms[0;34m/[0;34mt[0;34me[0;34ms[0;34mt[0;34m/[0;34mw[0;34me[0;34ms[0;34mt[0;34m.[0;34mx[0;34mp[0;34mm
[0m[0;34mE[0;34mA[0;34m [0;34mt[0;34me[0;34mx[0;34mt[0;34mu[0;34mr[0;34me[0;34ms[0;34m/[0;34mt[0;34me[0;34ms[0;34mt[0;34m/[0;34me[0;34ma[0;34ms[0;34mt[0;34m.[0;34mx[0;34mp[0;34mm
[0m
[0m[0;34m1[0;34m1[0;34m1[0;34m1[0;34m1
[0m[0;34m1[0;34m0[0;34m0[0;34m0[0;34m1
[0m[0;34m1[0;34m0[0;34mS[0;34m0[0;34m1
[0m[0;34m1[0;34m0[0;34m0[0;34m0[0;34m1
[0m[0;34m1[0;34m0[0;34m0[0;34m0[0;34m1
[0m[0;34m1[0;34m0[0;34m0[0;34m0[0;34m1
[0m[0;34m1[0;34m1[0;34m0[0;34m0[0;34m1
[0m[0;34m1[0;34m0[0;34m0[0;34m0[0;34m1
[0m[0;34m1[0;34m0[0;34m0[0;34m0[0;34m1
[0m[0;34m1[0;34m0[0;34m0[0;34m0[0;34m1
[0m[0;34m1[0;34m0[0;34m0[0;34m0[0;34m1
[0m[0;34m1[0;34m0[0;34m0[0;34m0[0;34m1
[0m[0;34m1[0;34m1[0;34m1[0;34m1[0;34m1
[0mExit code: 1
‚ö†Ô∏è No Valgrind alerts, but with leaks[0m  
==15924== Memcheck, a memory error detector
==15924== Copyright (C) 2002-2022, and GNU GPL'd, by Julian Seward et al.
==15924== Using Valgrind-3.22.0 and LibVEX; rerun with -h for copyright info
==15924== Command: ./cub3d ./maps/bad/color_none.cub
==15924== Parent PID: 15883
==15924== 
==15924== 
==15924== HEAP SUMMARY:
==15924==     in use at exit: 639 bytes in 37 blocks
==15924==   total heap usage: 117 allocs, 80 frees, 7,292 bytes allocated
==15924== 
==15924== LEAK SUMMARY:
==15924==    definitely lost: 358 bytes in 6 blocks
==15924==    indirectly lost: 281 bytes in 31 blocks
==15924==      possibly lost: 0 bytes in 0 blocks
==15924==    still reachable: 0 bytes in 0 blocks
==15924==         suppressed: 0 bytes in 0 blocks
==15924== Rerun with --leak-check=full to see details of leaked memory
==15924== 
==15924== For lists of detected and suppressed errors, rerun with: -s
==15924== ERROR SUMMARY: 0 errors from 0 contexts (suppressed: 0 from 0)
Running valgrind on ./maps/bad/empty.cub...
[0;31m Error:[Read file] file is empty
[0m Exit code: 1
[0;32m‚úÖ No Valgrind alerts, no leaks[0m  
==15927== Memcheck, a memory error detector
==15927== Copyright (C) 2002-2022, and GNU GPL'd, by Julian Seward et al.
==15927== Using Valgrind-3.22.0 and LibVEX; rerun with -h for copyright info
==15927== Command: ./cub3d ./maps/bad/empty.cub
==15927== Parent PID: 15883
==15927== 
==15927== 
==15927== HEAP SUMMARY:
==15927==     in use at exit: 0 bytes in 0 blocks
==15927==   total heap usage: 5 allocs, 5 frees, 170 bytes allocated
==15927== 
==15927== All heap blocks were freed -- no leaks are possible
==15927== 
==15927== For lists of detected and suppressed errors, rerun with: -s
==15927== ERROR SUMMARY: 0 errors from 0 contexts (suppressed: 0 from 0)
Running valgrind on ./maps/bad/file_letter_end.cub...

[0;31m Error:[Map check in file] Empty line found
[0m [0;34mN[0;34mO[0;34m [0;34mt[0;34me[0;34mx[0;34mt[0;34mu[0;34mr[0;34me[0;34ms[0;34m/[0;34mt[0;34me[0;34ms[0;34mt[0;34m/[0;34mn[0;34mo[0;34mr[0;34mt[0;34mh[0;34m.[0;34mx[0;34mp[0;34mm
[0m[0;34mS[0;34mO[0;34m [0;34mt[0;34me[0;34mx[0;34mt[0;34mu[0;34mr[0;34me[0;34ms[0;34m/[0;34mt[0;34me[0;34ms[0;34mt[0;34m/[0;34ms[0;34mo[0;34mu[0;34mt[0;34mh[0;34m.[0;34mx[0;34mp[0;34mm
[0m[0;34mW[0;34mE[0;34m [0;34mt[0;34me[0;34mx[0;34mt[0;34mu[0;34mr[0;34me[0;34ms[0;34m/[0;34mt[0;34me[0;34ms[0;34mt[0;34m/[0;34mw[0;34me[0;34ms[0;34mt[0;34m.[0;34mx[0;34mp[0;34mm
[0m[0;34mE[0;34mA[0;34m [0;34mt[0;34me[0;34mx[0;34mt[0;34mu[0;34mr[0;34me[0;34ms[0;34m/[0;34mt[0;34me[0;34ms[0;34mt[0;34m/[0;34me[0;34ma[0;34ms[0;34mt[0;34m.[0;34mx[0;34mp[0;34mm
[0m
[0m[0;34mF[0;34m [0;34m2[0;34m0[0;34m,[0;34m2[0;34m0[0;34m,[0;34m2[0;34m0
[0m[0;34mC[0;34m [0;34m2[0;34m0[0;34m0[0;34m,[0;34m2[0;34m0[0;34m0[0;34m,[0;34m2[0;34m0[0;34m0
[0m
[0m[0;34m1[0;34m1[0;34m1[0;34m1[0;34m1
[0m[0;34m1[0;34m0[0;34m0[0;34m0[0;34m1
[0m[0;34m1[0;34m0[0;34mS[0;34m0[0;34m1
[0m[0;34m1[0;34m0[0;34m0[0;34m0[0;34m1
[0m[0;34m1[0;34m0[0;34m0[0;34m0[0;34m1
[0m[0;34m1[0;34m0[0;34m0[0;34m0[0;34m1
[0m[0;34m1[0;34m1[0;34m0[0;34m0[0;34m1
[0m[0;34m1[0;34m0[0;34m0[0;34m0[0;34m1
[0m[0;34m1[0;34m0[0;34m0[0;34m0[0;34m1
[0m[0;34m1[0;34m0[0;34m0[0;34m0[0;34m1
[0m[0;34m1[0;34m0[0;34m0[0;34m0[0;34m1
[0m[0;34m1[0;34m0[0;34m0[0;34m0[0;34m1
[0m[0;34m1[0;34m1[0;34m1[0;34m1[0;34m1
[0m
[0m
[0m
[0m
[0m
[0m
[0m
[0m
[0m
[0m
[0m
[0m
[0m
[0m[0;34m1
[0mExit code: 1
‚ö†Ô∏è No Valgrind alerts, but with leaks[0m  
==15930== Memcheck, a memory error detector
==15930== Copyright (C) 2002-2022, and GNU GPL'd, by Julian Seward et al.
==15930== Using Valgrind-3.22.0 and LibVEX; rerun with -h for copyright info
==15930== Command: ./cub3d ./maps/bad/file_letter_end.cub
==15930== Parent PID: 15883
==15930== 
==15930== 
==15930== HEAP SUMMARY:
==15930==     in use at exit: 549 bytes in 36 blocks
==15930==   total heap usage: 156 allocs, 120 frees, 11,449 bytes allocated
==15930== 
==15930== LEAK SUMMARY:
==15930==    definitely lost: 288 bytes in 1 blocks
==15930==    indirectly lost: 261 bytes in 35 blocks
==15930==      possibly lost: 0 bytes in 0 blocks
==15930==    still reachable: 0 bytes in 0 blocks
==15930==         suppressed: 0 bytes in 0 blocks
==15930== Rerun with --leak-check=full to see details of leaked memory
==15930== 
==15930== For lists of detected and suppressed errors, rerun with: -s
==15930== ERROR SUMMARY: 0 errors from 0 contexts (suppressed: 0 from 0)
Running valgrind on ./maps/bad/filetype_missing...
[0;31m Error:[Check args] no map or invalid map extension
[0m Exit code: 1
[0;32m‚úÖ No Valgrind alerts, no leaks[0m  
==15947== Memcheck, a memory error detector
==15947== Copyright (C) 2002-2022, and GNU GPL'd, by Julian Seward et al.
==15947== Using Valgrind-3.22.0 and LibVEX; rerun with -h for copyright info
==15947== Command: ./cub3d ./maps/bad/filetype_missing
==15947== Parent PID: 15883
==15947== 
==15947== 
==15947== HEAP SUMMARY:
==15947==     in use at exit: 0 bytes in 0 blocks
==15947==   total heap usage: 3 allocs, 3 frees, 144 bytes allocated
==15947== 
==15947== All heap blocks were freed -- no leaks are possible
==15947== 
==15947== For lists of detected and suppressed errors, rerun with: -s
==15947== ERROR SUMMARY: 0 errors from 0 contexts (suppressed: 0 from 0)
Running valgrind on ./maps/bad/filetype_wrong.buc...
[0;31m Error:[Check args] no map or invalid map extension
[0m Exit code: 1
[0;32m‚úÖ No Valgrind alerts, no leaks[0m  
==15950== Memcheck, a memory error detector
==15950== Copyright (C) 2002-2022, and GNU GPL'd, by Julian Seward et al.
==15950== Using Valgrind-3.22.0 and LibVEX; rerun with -h for copyright info
==15950== Command: ./cub3d ./maps/bad/filetype_wrong.buc
==15950== Parent PID: 15883
==15950== 
==15950== 
==15950== HEAP SUMMARY:
==15950==     in use at exit: 0 bytes in 0 blocks
==15950==   total heap usage: 3 allocs, 3 frees, 144 bytes allocated
==15950== 
==15950== All heap blocks were freed -- no leaks are possible
==15950== 
==15950== For lists of detected and suppressed errors, rerun with: -s
==15950== ERROR SUMMARY: 0 errors from 0 contexts (suppressed: 0 from 0)
Running valgrind on ./maps/bad/map_first.cub...

[0;31m Error:[Map start] No map or incorrect placement
[0m [0;34m1[0;34m1[0;34m1[0;34m1[0;34m1
[0m[0;34m1[0;34m0[0;34m0[0;34m0[0;34m1
[0m[0;34m1[0;34m0[0;34mS[0;34m0[0;34m1
[0m[0;34m1[0;34m0[0;34m0[0;34m0[0;34m1
[0m[0;34m1[0;34m0[0;34m0[0;34m0[0;34m1
[0m[0;34m1[0;34m0[0;34m0[0;34m0[0;34m1
[0m[0;34m1[0;34m1[0;34m0[0;34m0[0;34m1
[0m[0;34m1[0;34m0[0;34m0[0;34m0[0;34m1
[0m[0;34m1[0;34m0[0;34m0[0;34m0[0;34m1
[0m[0;34m1[0;34m0[0;34m0[0;34m0[0;34m1
[0m[0;34m1[0;34m0[0;34m0[0;34m0[0;34m1
[0m[0;34m1[0;34m0[0;34m0[0;34m0[0;34m1
[0m[0;34m1[0;34m1[0;34m1[0;34m1[0;34m1
[0m
[0m[0;34mN[0;34mO[0;34m [0;34mt[0;34me[0;34mx[0;34mt[0;34mu[0;34mr[0;34me[0;34ms[0;34m/[0;34mt[0;34me[0;34ms[0;34mt[0;34m/[0;34mn[0;34mo[0;34mr[0;34mt[0;34mh[0;34m.[0;34mx[0;34mp[0;34mm
[0m[0;34mS[0;34mO[0;34m [0;34mt[0;34me[0;34mx[0;34mt[0;34mu[0;34mr[0;34me[0;34ms[0;34m/[0;34mt[0;34me[0;34ms[0;34mt[0;34m/[0;34ms[0;34mo[0;34mu[0;34mt[0;34mh[0;34m.[0;34mx[0;34mp[0;34mm
[0m[0;34mW[0;34mE[0;34m [0;34mt[0;34me[0;34mx[0;34mt[0;34mu[0;34mr[0;34me[0;34ms[0;34m/[0;34mt[0;34me[0;34ms[0;34mt[0;34m/[0;34mw[0;34me[0;34ms[0;34mt[0;34m.[0;34mx[0;34mp[0;34mm
[0m[0;34mE[0;34mA[0;34m [0;34mt[0;34me[0;34mx[0;34mt[0;34mu[0;34mr[0;34me[0;34ms[0;34m/[0;34mt[0;34me[0;34ms[0;34mt[0;34m/[0;34me[0;34ma[0;34ms[0;34mt[0;34m.[0;34mx[0;34mp[0;34mm
[0m
[0m[0;34mF[0;34m [0;34m2[0;34m0[0;34m,[0;34m2[0;34m0[0;34m,[0;34m2[0;34m0
[0m[0;34mC[0;34m [0;34m2[0;34m0[0;34m0[0;34m,[0;34m2[0;34m0[0;34m0[0;34m,[0;34m2[0;34m0[0;34m0
[0mExit code: 1
‚ö†Ô∏è No Valgrind alerts, but with leaks[0m  
==15965== Memcheck, a memory error detector
==15965== Copyright (C) 2002-2022, and GNU GPL'd, by Julian Seward et al.
==15965== Using Valgrind-3.22.0 and LibVEX; rerun with -h for copyright info
==15965== Command: ./cub3d ./maps/bad/map_first.cub
==15965== Parent PID: 15883
==15965== 
==15965== 
==15965== HEAP SUMMARY:
==15965==     in use at exit: 408 bytes in 22 blocks
==15965==   total heap usage: 99 allocs, 77 frees, 7,572 bytes allocated
==15965== 
==15965== LEAK SUMMARY:
==15965==    definitely lost: 176 bytes in 1 blocks
==15965==    indirectly lost: 232 bytes in 21 blocks
==15965==      possibly lost: 0 bytes in 0 blocks
==15965==    still reachable: 0 bytes in 0 blocks
==15965==         suppressed: 0 bytes in 0 blocks
==15965== Rerun with --leak-check=full to see details of leaked memory
==15965== 
==15965== For lists of detected and suppressed errors, rerun with: -s
==15965== ERROR SUMMARY: 0 errors from 0 contexts (suppressed: 0 from 0)
Running valgrind on ./maps/bad/map_middle.cub...

[0;31m Error:[Map check in file] Empty line found
[0m [0;34mN[0;34mO[0;34m [0;34mt[0;34me[0;34mx[0;34mt[0;34mu[0;34mr[0;34me[0;34ms[0;34m/[0;34mt[0;34me[0;34ms[0;34mt[0;34m/[0;34mn[0;34mo[0;34mr[0;34mt[0;34mh[0;34m.[0;34mx[0;34mp[0;34mm
[0m[0;34mS[0;34mO[0;34m [0;34mt[0;34me[0;34mx[0;34mt[0;34mu[0;34mr[0;34me[0;34ms[0;34m/[0;34mt[0;34me[0;34ms[0;34mt[0;34m/[0;34ms[0;34mo[0;34mu[0;34mt[0;34mh[0;34m.[0;34mx[0;34mp[0;34mm
[0m[0;34mW[0;34mE[0;34m [0;34mt[0;34me[0;34mx[0;34mt[0;34mu[0;34mr[0;34me[0;34ms[0;34m/[0;34mt[0;34me[0;34ms[0;34mt[0;34m/[0;34mw[0;34me[0;34ms[0;34mt[0;34m.[0;34mx[0;34mp[0;34mm
[0m[0;34mE[0;34mA[0;34m [0;34mt[0;34me[0;34mx[0;34mt[0;34mu[0;34mr[0;34me[0;34ms[0;34m/[0;34mt[0;34me[0;34ms[0;34mt[0;34m/[0;34me[0;34ma[0;34ms[0;34mt[0;34m.[0;34mx[0;34mp[0;34mm
[0m
[0m[0;34m1[0;34m1[0;34m1[0;34m1[0;34m1
[0m[0;34m1[0;34m0[0;34m0[0;34m0[0;34m1
[0m[0;34m1[0;34m0[0;34mS[0;34m0[0;34m1
[0m[0;34m1[0;34m0[0;34m0[0;34m0[0;34m1
[0m[0;34m1[0;34m0[0;34m0[0;34m0[0;34m1
[0m[0;34m1[0;34m0[0;34m0[0;34m0[0;34m1
[0m[0;34m1[0;34m1[0;34m0[0;34m0[0;34m1
[0m[0;34m1[0;34m0[0;34m0[0;34m0[0;34m1
[0m[0;34m1[0;34m0[0;34m0[0;34m0[0;34m1
[0m[0;34m1[0;34m0[0;34m0[0;34m0[0;34m1
[0m[0;34m1[0;34m0[0;34m0[0;34m0[0;34m1
[0m[0;34m1[0;34m0[0;34m0[0;34m0[0;34m1
[0m[0;34m1[0;34m1[0;34m1[0;34m1[0;34m1
[0m
[0m[0;34mF[0;34m [0;34m2[0;34m0[0;34m,[0;34m2[0;34m0[0;34m,[0;34m2[0;34m0
[0m[0;34mC[0;34m [0;34m2[0;34m0[0;34m0[0;34m,[0;34m2[0;34m0[0;34m0[0;34m,[0;34m2[0;34m0[0;34m0
[0m
[0m
[0mExit code: 1
‚ö†Ô∏è No Valgrind alerts, but with leaks[0m  
==15968== Memcheck, a memory error detector
==15968== Copyright (C) 2002-2022, and GNU GPL'd, by Julian Seward et al.
==15968== Using Valgrind-3.22.0 and LibVEX; rerun with -h for copyright info
==15968== Command: ./cub3d ./maps/bad/map_middle.cub
==15968== Parent PID: 15883
==15968== 
==15968== 
==15968== HEAP SUMMARY:
==15968==     in use at exit: 428 bytes in 24 blocks
==15968==   total heap usage: 107 allocs, 83 frees, 8,059 bytes allocated
==15968== 
==15968== LEAK SUMMARY:
==15968==    definitely lost: 192 bytes in 1 blocks
==15968==    indirectly lost: 236 bytes in 23 blocks
==15968==      possibly lost: 0 bytes in 0 blocks
==15968==    still reachable: 0 bytes in 0 blocks
==15968==         suppressed: 0 bytes in 0 blocks
==15968== Rerun with --leak-check=full to see details of leaked memory
==15968== 
==15968== For lists of detected and suppressed errors, rerun with: -s
==15968== ERROR SUMMARY: 0 errors from 0 contexts (suppressed: 0 from 0)
Running valgrind on ./maps/bad/map_missing.cub...

[0;31m Error:[Map start] No map or incorrect placement
[0m [0;34mN[0;34mO[0;34m [0;34mt[0;34me[0;34mx[0;34mt[0;34mu[0;34mr[0;34me[0;34ms[0;34m/[0;34mt[0;34me[0;34ms[0;34mt[0;34m/[0;34mn[0;34mo[0;34mr[0;34mt[0;34mh[0;34m.[0;34mx[0;34mp[0;34mm
[0m[0;34mS[0;34mO[0;34m [0;34mt[0;34me[0;34mx[0;34mt[0;34mu[0;34mr[0;34me[0;34ms[0;34m/[0;34mt[0;34me[0;34ms[0;34mt[0;34m/[0;34ms[0;34mo[0;34mu[0;34mt[0;34mh[0;34m.[0;34mx[0;34mp[0;34mm
[0m[0;34mW[0;34mE[0;34m [0;34mt[0;34me[0;34mx[0;34mt[0;34mu[0;34mr[0;34me[0;34ms[0;34m/[0;34mt[0;34me[0;34ms[0;34mt[0;34m/[0;34mw[0;34me[0;34ms[0;34mt[0;34m.[0;34mx[0;34mp[0;34mm
[0m[0;34mE[0;34mA[0;34m [0;34mt[0;34me[0;34mx[0;34mt[0;34mu[0;34mr[0;34me[0;34ms[0;34m/[0;34mt[0;34me[0;34ms[0;34mt[0;34m/[0;34me[0;34ma[0;34ms[0;34mt[0;34m.[0;34mx[0;34mp[0;34mm
[0m
[0m[0;34mF[0;34m [0;34m2[0;34m0[0;34m,[0;34m2[0;34m0[0;34m,[0;34m2[0;34m0
[0m[0;34mC[0;34m [0;34m2[0;34m0[0;34m0[0;34m,[0;34m2[0;34m0[0;34m0[0;34m,[0;34m2[0;34m0[0;34m0
[0m
[0mExit code: 1
‚ö†Ô∏è No Valgrind alerts, but with leaks[0m  
==15971== Memcheck, a memory error detector
==15971== Copyright (C) 2002-2022, and GNU GPL'd, by Julian Seward et al.
==15971== Using Valgrind-3.22.0 and LibVEX; rerun with -h for copyright info
==15971== Command: ./cub3d ./maps/bad/map_missing.cub
==15971== Parent PID: 15883
==15971== 
==15971== 
==15971== HEAP SUMMARY:
==15971==     in use at exit: 213 bytes in 9 blocks
==15971==   total heap usage: 44 allocs, 35 frees, 5,280 bytes allocated
==15971== 
==15971== LEAK SUMMARY:
==15971==    definitely lost: 72 bytes in 1 blocks
==15971==    indirectly lost: 141 bytes in 8 blocks
==15971==      possibly lost: 0 bytes in 0 blocks
==15971==    still reachable: 0 bytes in 0 blocks
==15971==         suppressed: 0 bytes in 0 blocks
==15971== Rerun with --leak-check=full to see details of leaked memory
==15971== 
==15971== For lists of detected and suppressed errors, rerun with: -s
==15971== ERROR SUMMARY: 0 errors from 0 contexts (suppressed: 0 from 0)
Running valgrind on ./maps/bad/map_only.cub...

[0;31m Error:[Map start] No map or incorrect placement
[0m [0;34m1[0;34m1[0;34m1[0;34m1[0;34m1
[0m[0;34m1[0;34m0[0;34m0[0;34m0[0;34m1
[0m[0;34m1[0;34m0[0;34mS[0;34m0[0;34m1
[0m[0;34m1[0;34m0[0;34m0[0;34m0[0;34m1
[0m[0;34m1[0;34m0[0;34m0[0;34m0[0;34m1
[0m[0;34m1[0;34m0[0;34m0[0;34m0[0;34m1
[0m[0;34m1[0;34m1[0;34m0[0;34m0[0;34m1
[0m[0;34m1[0;34m0[0;34m0[0;34m0[0;34m1
[0m[0;34m1[0;34m0[0;34m0[0;34m0[0;34m1
[0m[0;34m1[0;34m0[0;34m0[0;34m0[0;34m1
[0m[0;34m1[0;34m0[0;34m0[0;34m0[0;34m1
[0m[0;34m1[0;34m0[0;34m0[0;34m0[0;34m1
[0m[0;34m1[0;34m1[0;34m1[0;34m1[0;34m1
[0mExit code: 1
‚ö†Ô∏è No Valgrind alerts, but with leaks[0m  
==15974== Memcheck, a memory error detector
==15974== Copyright (C) 2002-2022, and GNU GPL'd, by Julian Seward et al.
==15974== Using Valgrind-3.22.0 and LibVEX; rerun with -h for copyright info
==15974== Command: ./cub3d ./maps/bad/map_only.cub
==15974== Parent PID: 15883
==15974== 
==15974== 
==15974== HEAP SUMMARY:
==15974==     in use at exit: 203 bytes in 14 blocks
==15974==   total heap usage: 62 allocs, 48 frees, 5,730 bytes allocated
==15974== 
==15974== LEAK SUMMARY:
==15974==    definitely lost: 112 bytes in 1 blocks
==15974==    indirectly lost: 91 bytes in 13 blocks
==15974==      possibly lost: 0 bytes in 0 blocks
==15974==    still reachable: 0 bytes in 0 blocks
==15974==         suppressed: 0 bytes in 0 blocks
==15974== Rerun with --leak-check=full to see details of leaked memory
==15974== 
==15974== For lists of detected and suppressed errors, rerun with: -s
==15974== ERROR SUMMARY: 0 errors from 0 contexts (suppressed: 0 from 0)
Running valgrind on ./maps/bad/map_too_small.cub...

[0;31m Error:[Map check in file] Invalid map size
[0m [0;34mN[0;34mO[0;34m [0;34mt[0;34me[0;34mx[0;34mt[0;34mu[0;34mr[0;34me[0;34ms[0;34m/[0;34mt[0;34me[0;34ms[0;34mt[0;34m/[0;34mn[0;34mo[0;34mr[0;34mt[0;34mh[0;34m.[0;34mx[0;34mp[0;34mm
[0m[0;34mS[0;34mO[0;34m [0;34mt[0;34me[0;34mx[0;34mt[0;34mu[0;34mr[0;34me[0;34ms[0;34m/[0;34mt[0;34me[0;34ms[0;34mt[0;34m/[0;34ms[0;34mo[0;34mu[0;34mt[0;34mh[0;34m.[0;34mx[0;34mp[0;34mm
[0m[0;34mW[0;34mE[0;34m [0;34mt[0;34me[0;34mx[0;34mt[0;34mu[0;34mr[0;34me[0;34ms[0;34m/[0;34mt[0;34me[0;34ms[0;34mt[0;34m/[0;34mw[0;34me[0;34ms[0;34mt[0;34m.[0;34mx[0;34mp[0;34mm
[0m[0;34mE[0;34mA[0;34m [0;34mt[0;34me[0;34mx[0;34mt[0;34mu[0;34mr[0;34me[0;34ms[0;34m/[0;34mt[0;34me[0;34ms[0;34mt[0;34m/[0;34me[0;34ma[0;34ms[0;34mt[0;34m.[0;34mx[0;34mp[0;34mm
[0m
[0m[0;34mF[0;34m [0;34m2[0;34m0[0;34m,[0;34m2[0;34m0[0;34m,[0;34m2[0;34m0
[0m[0;34mC[0;34m [0;34m2[0;34m0[0;34m0[0;34m,[0;34m2[0;34m0[0;34m0[0;34m,[0;34m2[0;34m0[0;34m0
[0m
[0m[0;34m1[0;34m1[0;34m1
[0m[0;34m1[0;34m1[0;34m1
[0mExit code: 1
‚ö†Ô∏è No Valgrind alerts, but with leaks[0m  
==15977== Memcheck, a memory error detector
==15977== Copyright (C) 2002-2022, and GNU GPL'd, by Julian Seward et al.
==15977== Using Valgrind-3.22.0 and LibVEX; rerun with -h for copyright info
==15977== Command: ./cub3d ./maps/bad/map_too_small.cub
==15977== Parent PID: 15883
==15977== 
==15977== 
==15977== HEAP SUMMARY:
==15977==     in use at exit: 239 bytes in 11 blocks
==15977==   total heap usage: 52 allocs, 41 frees, 5,540 bytes allocated
==15977== 
==15977== LEAK SUMMARY:
==15977==    definitely lost: 88 bytes in 1 blocks
==15977==    indirectly lost: 151 bytes in 10 blocks
==15977==      possibly lost: 0 bytes in 0 blocks
==15977==    still reachable: 0 bytes in 0 blocks
==15977==         suppressed: 0 bytes in 0 blocks
==15977== Rerun with --leak-check=full to see details of leaked memory
==15977== 
==15977== For lists of detected and suppressed errors, rerun with: -s
==15977== ERROR SUMMARY: 0 errors from 0 contexts (suppressed: 0 from 0)
Running valgrind on ./maps/bad/player_multiple.cub...

[0;31m Error:[Map validation] invalid number of player 
[0m [0;34mN[0;34mO[0;34m [0;34mt[0;34me[0;34mx[0;34mt[0;34mu[0;34mr[0;34me[0;34ms[0;34m/[0;34mt[0;34me[0;34ms[0;34mt[0;34m/[0;34mn[0;34mo[0;34mr[0;34mt[0;34mh[0;34m.[0;34mx[0;34mp[0;34mm
[0m[0;34mS[0;34mO[0;34m [0;34mt[0;34me[0;34mx[0;34mt[0;34mu[0;34mr[0;34me[0;34ms[0;34m/[0;34mt[0;34me[0;34ms[0;34mt[0;34m/[0;34ms[0;34mo[0;34mu[0;34mt[0;34mh[0;34m.[0;34mx[0;34mp[0;34mm
[0m[0;34mW[0;34mE[0;34m [0;34mt[0;34me[0;34mx[0;34mt[0;34mu[0;34mr[0;34me[0;34ms[0;34m/[0;34mt[0;34me[0;34ms[0;34mt[0;34m/[0;34mw[0;34me[0;34ms[0;34mt[0;34m.[0;34mx[0;34mp[0;34mm
[0m[0;34mE[0;34mA[0;34m [0;34mt[0;34me[0;34mx[0;34mt[0;34mu[0;34mr[0;34me[0;34ms[0;34m/[0;34mt[0;34me[0;34ms[0;34mt[0;34m/[0;34me[0;34ma[0;34ms[0;34mt[0;34m.[0;34mx[0;34mp[0;34mm
[0m
[0m[0;34mF[0;34m [0;34m2[0;34m0[0;34m,[0;34m2[0;34m0[0;34m,[0;34m2[0;34m0
[0m[0;34mC[0;34m [0;34m2[0;34m0[0;34m0[0;34m,[0;34m2[0;34m0[0;34m0[0;34m,[0;34m2[0;34m0[0;34m0
[0m
[0m[0;34m1[0;34m1[0;34m1[0;34m1[0;34m1
[0m[0;34m1[0;34m0[0;34m0[0;34m0[0;34m1
[0m[0;34m1[0;34m0[0;34mS[0;34m0[0;34m1
[0m[0;34m1[0;34m0[0;34m0[0;34m0[0;34m1
[0m[0;34m1[0;34m0[0;34m0[0;34m0[0;34m1
[0m[0;34m1[0;34m0[0;34m0[0;34m0[0;34m1
[0m[0;34m1[0;34m1[0;34mE[0;34m0[0;34m1
[0m[0;34m1[0;34m0[0;34m0[0;34m0[0;34m1
[0m[0;34m1[0;34m0[0;34m0[0;34m0[0;34m1
[0m[0;34m1[0;34m0[0;34m0[0;34m0[0;34m1
[0m[0;34m1[0;34m0[0;34m0[0;34m0[0;34m1
[0m[0;34m1[0;34m0[0;34m0[0;34m0[0;34m1
[0m[0;34m1[0;34m1[0;34m1[0;34m1[0;34m1
[0mExit code: 1
‚ö†Ô∏è No Valgrind alerts, but with leaks[0m  
==15980== Memcheck, a memory error detector
==15980== Copyright (C) 2002-2022, and GNU GPL'd, by Julian Seward et al.
==15980== Using Valgrind-3.22.0 and LibVEX; rerun with -h for copyright info
==15980== Command: ./cub3d ./maps/bad/player_multiple.cub
==15980== Parent PID: 15883
==15980== 
==15980== 
==15980== HEAP SUMMARY:
==15980==     in use at exit: 598 bytes in 36 blocks
==15980==   total heap usage: 126 allocs, 90 frees, 7,925 bytes allocated
==15980== 
==15980== LEAK SUMMARY:
==15980==    definitely lost: 288 bytes in 2 blocks
==15980==    indirectly lost: 310 bytes in 34 blocks
==15980==      possibly lost: 0 bytes in 0 blocks
==15980==    still reachable: 0 bytes in 0 blocks
==15980==         suppressed: 0 bytes in 0 blocks
==15980== Rerun with --leak-check=full to see details of leaked memory
==15980== 
==15980== For lists of detected and suppressed errors, rerun with: -s
==15980== ERROR SUMMARY: 0 errors from 0 contexts (suppressed: 0 from 0)
Running valgrind on ./maps/bad/player_none.cub...

[0;31m Error:[Map validation] invalid number of player 
[0m [0;34mN[0;34mO[0;34m [0;34mt[0;34me[0;34mx[0;34mt[0;34mu[0;34mr[0;34me[0;34ms[0;34m/[0;34mt[0;34me[0;34ms[0;34mt[0;34m/[0;34mn[0;34mo[0;34mr[0;34mt[0;34mh[0;34m.[0;34mx[0;34mp[0;34mm
[0m[0;34mS[0;34mO[0;34m [0;34mt[0;34me[0;34mx[0;34mt[0;34mu[0;34mr[0;34me[0;34ms[0;34m/[0;34mt[0;34me[0;34ms[0;34mt[0;34m/[0;34ms[0;34mo[0;34mu[0;34mt[0;34mh[0;34m.[0;34mx[0;34mp[0;34mm
[0m[0;34mW[0;34mE[0;34m [0;34mt[0;34me[0;34mx[0;34mt[0;34mu[0;34mr[0;34me[0;34ms[0;34m/[0;34mt[0;34me[0;34ms[0;34mt[0;34m/[0;34mw[0;34me[0;34ms[0;34mt[0;34m.[0;34mx[0;34mp[0;34mm
[0m[0;34mE[0;34mA[0;34m [0;34mt[0;34me[0;34mx[0;34mt[0;34mu[0;34mr[0;34me[0;34ms[0;34m/[0;34mt[0;34me[0;34ms[0;34mt[0;34m/[0;34me[0;34ma[0;34ms[0;34mt[0;34m.[0;34mx[0;34mp[0;34mm
[0m
[0m[0;34mF[0;34m [0;34m2[0;34m0[0;34m,[0;34m2[0;34m0[0;34m,[0;34m2[0;34m0
[0m[0;34mC[0;34m [0;34m2[0;34m0[0;34m0[0;34m,[0;34m2[0;34m0[0;34m0[0;34m,[0;34m2[0;34m0[0;34m0
[0m
[0m[0;34m1[0;34m1[0;34m1[0;34m1[0;34m1
[0m[0;34m1[0;34m0[0;34m0[0;34m0[0;34m1
[0m[0;34m1[0;34m0[0;34m0[0;34m0[0;34m1
[0m[0;34m1[0;34m0[0;34m0[0;34m0[0;34m1
[0m[0;34m1[0;34m0[0;34m0[0;34m0[0;34m1
[0m[0;34m1[0;34m0[0;34m0[0;34m0[0;34m1
[0m[0;34m1[0;34m1[0;34m0[0;34m0[0;34m1
[0m[0;34m1[0;34m0[0;34m0[0;34m0[0;34m1
[0m[0;34m1[0;34m0[0;34m0[0;34m0[0;34m1
[0m[0;34m1[0;34m0[0;34m0[0;34m0[0;34m1
[0m[0;34m1[0;34m0[0;34m0[0;34m0[0;34m1
[0m[0;34m1[0;34m0[0;34m0[0;34m0[0;34m1
[0m[0;34m1[0;34m1[0;34m1[0;34m1[0;34m1
[0mExit code: 1
‚ö†Ô∏è No Valgrind alerts, but with leaks[0m  
==15983== Memcheck, a memory error detector
==15983== Copyright (C) 2002-2022, and GNU GPL'd, by Julian Seward et al.
==15983== Using Valgrind-3.22.0 and LibVEX; rerun with -h for copyright info
==15983== Command: ./cub3d ./maps/bad/player_none.cub
==15983== Parent PID: 15883
==15983== 
==15983== 
==15983== HEAP SUMMARY:
==15983==     in use at exit: 598 bytes in 36 blocks
==15983==   total heap usage: 126 allocs, 90 frees, 7,925 bytes allocated
==15983== 
==15983== LEAK SUMMARY:
==15983==    definitely lost: 288 bytes in 2 blocks
==15983==    indirectly lost: 310 bytes in 34 blocks
==15983==      possibly lost: 0 bytes in 0 blocks
==15983==    still reachable: 0 bytes in 0 blocks
==15983==         suppressed: 0 bytes in 0 blocks
==15983== Rerun with --leak-check=full to see details of leaked memory
==15983== 
==15983== For lists of detected and suppressed errors, rerun with: -s
==15983== ERROR SUMMARY: 0 errors from 0 contexts (suppressed: 0 from 0)
Running valgrind on ./maps/bad/player_on_edge.cub...

[0;31m Error:[Walls check] incorrect horizontal walls
[0m [0;34mN[0;34mO[0;34m [0;34mt[0;34me[0;34mx[0;34mt[0;34mu[0;34mr[0;34me[0;34ms[0;34m/[0;34mt[0;34me[0;34ms[0;34mt[0;34m/[0;34mn[0;34mo[0;34mr[0;34mt[0;34mh[0;34m.[0;34mx[0;34mp[0;34mm
[0m[0;34mS[0;34mO[0;34m [0;34mt[0;34me[0;34mx[0;34mt[0;34mu[0;34mr[0;34me[0;34ms[0;34m/[0;34mt[0;34me[0;34ms[0;34mt[0;34m/[0;34ms[0;34mo[0;34mu[0;34mt[0;34mh[0;34m.[0;34mx[0;34mp[0;34mm
[0m[0;34mW[0;34mE[0;34m [0;34mt[0;34me[0;34mx[0;34mt[0;34mu[0;34mr[0;34me[0;34ms[0;34m/[0;34mt[0;34me[0;34ms[0;34mt[0;34m/[0;34mw[0;34me[0;34ms[0;34mt[0;34m.[0;34mx[0;34mp[0;34mm
[0m[0;34mE[0;34mA[0;34m [0;34mt[0;34me[0;34mx[0;34mt[0;34mu[0;34mr[0;34me[0;34ms[0;34m/[0;34mt[0;34me[0;34ms[0;34mt[0;34m/[0;34me[0;34ma[0;34ms[0;34mt[0;34m.[0;34mx[0;34mp[0;34mm
[0m
[0m[0;34mF[0;34m [0;34m2[0;34m0[0;34m,[0;34m2[0;34m0[0;34m,[0;34m2[0;34m0
[0m[0;34mC[0;34m [0;34m2[0;34m0[0;34m0[0;34m,[0;34m2[0;34m0[0;34m0[0;34m,[0;34m2[0;34m0[0;34m0
[0m
[0m[0;34m1[0;34mS[0;34m1[0;34m1[0;34m1
[0m[0;34m1[0;34m0[0;34m0[0;34m0[0;34m1
[0m[0;34m1[0;34m0[0;34m0[0;34m0[0;34m1
[0m[0;34m1[0;34m0[0;34m0[0;34m0[0;34m1
[0m[0;34m1[0;34m0[0;34m0[0;34m0[0;34m1
[0m[0;34m1[0;34m0[0;34m0[0;34m0[0;34m1
[0m[0;34m1[0;34m1[0;34m0[0;34m0[0;34m1
[0m[0;34m1[0;34m0[0;34m0[0;34m0[0;34m1
[0m[0;34m1[0;34m0[0;34m0[0;34m0[0;34m1
[0m[0;34m1[0;34m0[0;34m0[0;34m0[0;34m1
[0m[0;34m1[0;34m0[0;34m0[0;34m0[0;34m1
[0m[0;34m1[0;34m0[0;34m0[0;34m0[0;34m1
[0m[0;34m1[0;34m1[0;34m1[0;34m1[0;34m1
[0mExit code: 1
‚ö†Ô∏è No Valgrind alerts, but with leaks[0m  
==15999== Memcheck, a memory error detector
==15999== Copyright (C) 2002-2022, and GNU GPL'd, by Julian Seward et al.
==15999== Using Valgrind-3.22.0 and LibVEX; rerun with -h for copyright info
==15999== Command: ./cub3d ./maps/bad/player_on_edge.cub
==15999== Parent PID: 15883
==15999== 
==15999== 
==15999== HEAP SUMMARY:
==15999==     in use at exit: 598 bytes in 36 blocks
==15999==   total heap usage: 126 allocs, 90 frees, 7,925 bytes allocated
==15999== 
==15999== LEAK SUMMARY:
==15999==    definitely lost: 288 bytes in 2 blocks
==15999==    indirectly lost: 310 bytes in 34 blocks
==15999==      possibly lost: 0 bytes in 0 blocks
==15999==    still reachable: 0 bytes in 0 blocks
==15999==         suppressed: 0 bytes in 0 blocks
==15999== Rerun with --leak-check=full to see details of leaked memory
==15999== 
==15999== For lists of detected and suppressed errors, rerun with: -s
==15999== ERROR SUMMARY: 0 errors from 0 contexts (suppressed: 0 from 0)
Running valgrind on ./maps/bad/textures_dir.cub...

[0;31m Error:[Texture verification] file is not found
[0m [0;34mN[0;34mO[0;34m [0;34mt[0;34me[0;34mx[0;34mt[0;34mu[0;34mr[0;34me[0;34ms[0;34m/[0;34mt[0;34me[0;34ms[0;34mt[0;34m/[0;34mn[0;34mo[0;34mr[0;34mt[0;34mh[0;34m.[0;34mx[0;34mp[0;34mm
[0m[0;34mS[0;34mO[0;34m [0;34mt[0;34me[0;34mx[0;34mt[0;34mu[0;34mr[0;34me[0;34ms[0;34m/[0;34mt[0;34me[0;34ms[0;34mt[0;34m/[0;34ms[0;34mo[0;34mu[0;34mt[0;34mh[0;34m.[0;34mx[0;34mp[0;34mm
[0m[0;34mW[0;34mE[0;34m [0;34mt[0;34me[0;34mx[0;34mt[0;34mu[0;34mr[0;34me[0;34ms[0;34m/[0;34mt[0;34me[0;34ms[0;34mt[0;34m/[0;34mw[0;34me[0;34ms[0;34mt[0;34m.[0;34mx[0;34mp[0;34mm
[0m[0;34mE[0;34mA[0;34m [0;34mt[0;34me[0;34mx[0;34mt[0;34mu[0;34mr[0;34me[0;34ms[0;34m/[0;34mt[0;34me[0;34ms[0;34mt[0;34m/
[0m
[0m[0;34mF[0;34m [0;34m2[0;34m0[0;34m,[0;34m2[0;34m0[0;34m,[0;34m2[0;34m0
[0m[0;34mC[0;34m [0;34m2[0;34m0[0;34m0[0;34m,[0;34m2[0;34m0[0;34m0[0;34m,[0;34m2[0;34m0[0;34m0
[0m
[0m[0;34m1[0;34m1[0;34m1[0;34m1[0;34m1
[0m[0;34m1[0;34m0[0;34m0[0;34m0[0;34m1
[0m[0;34m1[0;34m0[0;34mS[0;34m0[0;34m1
[0m[0;34m1[0;34m0[0;34m0[0;34m0[0;34m1
[0m[0;34m1[0;34m0[0;34m0[0;34m0[0;34m1
[0m[0;34m1[0;34m0[0;34m0[0;34m0[0;34m1
[0m[0;34m1[0;34m1[0;34m0[0;34m0[0;34m1
[0m[0;34m1[0;34m0[0;34m0[0;34m0[0;34m1
[0m[0;34m1[0;34m0[0;34m0[0;34m0[0;34m1
[0m[0;34m1[0;34m0[0;34m0[0;34m0[0;34m1
[0m[0;34m1[0;34m0[0;34m0[0;34m0[0;34m1
[0m[0;34m1[0;34m0[0;34m0[0;34m0[0;34m1
[0m[0;34m1[0;34m1[0;34m1[0;34m1[0;34m1
[0mExit code: 1
‚ö†Ô∏è No Valgrind alerts, but with leaks[0m  
==16013== Memcheck, a memory error detector
==16013== Copyright (C) 2002-2022, and GNU GPL'd, by Julian Seward et al.
==16013== Using Valgrind-3.22.0 and LibVEX; rerun with -h for copyright info
==16013== Command: ./cub3d ./maps/bad/textures_dir.cub
==16013== Parent PID: 15883
==16013== 
==16013== 
==16013== HEAP SUMMARY:
==16013==     in use at exit: 676 bytes in 40 blocks
==16013==   total heap usage: 130 allocs, 90 frees, 7,985 bytes allocated
==16013== 
==16013== LEAK SUMMARY:
==16013==    definitely lost: 374 bytes in 6 blocks
==16013==    indirectly lost: 302 bytes in 34 blocks
==16013==      possibly lost: 0 bytes in 0 blocks
==16013==    still reachable: 0 bytes in 0 blocks
==16013==         suppressed: 0 bytes in 0 blocks
==16013== Rerun with --leak-check=full to see details of leaked memory
==16013== 
==16013== For lists of detected and suppressed errors, rerun with: -s
==16013== ERROR SUMMARY: 0 errors from 0 contexts (suppressed: 0 from 0)
Running valgrind on ./maps/bad/textures_duplicates.cub...

[0;31m Error:[Texture] textures are not complete
[0m [0;34mN[0;34mO[0;34m [0;34mt[0;34me[0;34mx[0;34mt[0;34mu[0;34mr[0;34me[0;34ms[0;34m/[0;34mt[0;34me[0;34ms[0;34mt[0;34m/[0;34mn[0;34mo[0;34mr[0;34mt[0;34mh[0;34m.[0;34mx[0;34mp[0;34mm
[0m[0;34mS[0;34mO[0;34m [0;34mt[0;34me[0;34mx[0;34mt[0;34mu[0;34mr[0;34me[0;34ms[0;34m/[0;34mt[0;34me[0;34ms[0;34mt[0;34m/[0;34ms[0;34mo[0;34mu[0;34mt[0;34mh[0;34m.[0;34mx[0;34mp[0;34mm
[0m[0;34mW[0;34mE[0;34m [0;34mt[0;34me[0;34mx[0;34mt[0;34mu[0;34mr[0;34me[0;34ms[0;34m/[0;34mt[0;34me[0;34ms[0;34mt[0;34m/[0;34mw[0;34me[0;34ms[0;34mt[0;34m.[0;34mx[0;34mp[0;34mm
[0m[0;34mE[0;34mA
[0m
[0m[0;34mF[0;34m [0;34m2[0;34m0[0;34m,[0;34m2[0;34m0[0;34m,[0;34m2[0;34m0
[0m[0;34mC[0;34m [0;34m2[0;34m0[0;34m0[0;34m,[0;34m2[0;34m0[0;34m0[0;34m,[0;34m2[0;34m0[0;34m0
[0m
[0m[0;34m1[0;34m1[0;34m1[0;34m1[0;34m1
[0m[0;34m1[0;34m0[0;34m0[0;34m0[0;34m1
[0m[0;34m1[0;34m0[0;34mS[0;34m0[0;34m1
[0m[0;34m1[0;34m0[0;34m0[0;34m0[0;34m1
[0m[0;34m1[0;34m0[0;34m0[0;34m0[0;34m1
[0m[0;34m1[0;34m0[0;34m0[0;34m0[0;34m1
[0m[0;34m1[0;34m1[0;34m0[0;34m0[0;34m1
[0m[0;34m1[0;34m0[0;34m0[0;34m0[0;34m1
[0m[0;34m1[0;34m0[0;34m0[0;34m0[0;34m1
[0m[0;34m1[0;34m0[0;34m0[0;34m0[0;34m1
[0m[0;34m1[0;34m0[0;34m0[0;34m0[0;34m1
[0m[0;34m1[0;34m0[0;34m0[0;34m0[0;34m1
[0m[0;34m1[0;34m1[0;34m1[0;34m1[0;34m1
[0mExit code: 1
‚ö†Ô∏è No Valgrind alerts, but with leaks[0m  
==16016== Memcheck, a memory error detector
==16016== Copyright (C) 2002-2022, and GNU GPL'd, by Julian Seward et al.
==16016== Using Valgrind-3.22.0 and LibVEX; rerun with -h for copyright info
==16016== Command: ./cub3d ./maps/bad/textures_duplicates.cub
==16016== Parent PID: 15883
==16016== 
==16016== 
==16016== HEAP SUMMARY:
==16016==     in use at exit: 646 bytes in 39 blocks
==16016==   total heap usage: 128 allocs, 89 frees, 7,915 bytes allocated
==16016== 
==16016== LEAK SUMMARY:
==16016==    definitely lost: 359 bytes in 5 blocks
==16016==    indirectly lost: 287 bytes in 34 blocks
==16016==      possibly lost: 0 bytes in 0 blocks
==16016==    still reachable: 0 bytes in 0 blocks
==16016==         suppressed: 0 bytes in 0 blocks
==16016== Rerun with --leak-check=full to see details of leaked memory
==16016== 
==16016== For lists of detected and suppressed errors, rerun with: -s
==16016== ERROR SUMMARY: 0 errors from 0 contexts (suppressed: 0 from 0)
Running valgrind on ./maps/bad/textures_invalid.cub...

[0;31m Error:[Texture verification] file is not found
[0m [0;34mN[0;34mO[0;34m [0;34mt[0;34me[0;34mx[0;34mt[0;34mu[0;34mr[0;34me[0;34ms[0;34m/[0;34mt[0;34me[0;34ms[0;34mt[0;34m/[0;34mn[0;34mo[0;34mr[0;34mt[0;34mh[0;34m.[0;34mx[0;34mp[0;34mm
[0m[0;34mS[0;34mO[0;34m [0;34mt[0;34me[0;34mx[0;34mt[0;34mu[0;34mr[0;34me[0;34ms[0;34m/[0;34mt[0;34me[0;34ms[0;34mt[0;34m/[0;34ms[0;34mo[0;34mu[0;34mt[0;34mh[0;34m.[0;34mx[0;34mp[0;34mm
[0m[0;34mW[0;34mE[0;34m [0;34mt[0;34me[0;34mx[0;34mt[0;34mu[0;34mr[0;34me[0;34ms[0;34m/[0;34mt[0;34me[0;34ms[0;34mt[0;34m/[0;34mx
[0m[0;34mE[0;34mA[0;34m [0;34mt[0;34me[0;34mx[0;34mt[0;34mu[0;34mr[0;34me[0;34ms[0;34m/[0;34mt[0;34me[0;34ms[0;34mt[0;34m/[0;34me[0;34ma[0;34ms[0;34mt[0;34m.[0;34mx[0;34mp[0;34mm
[0m
[0m[0;34mF[0;34m [0;34m2[0;34m0[0;34m,[0;34m2[0;34m0[0;34m,[0;34m2[0;34m0
[0m[0;34mC[0;34m [0;34m2[0;34m0[0;34m0[0;34m,[0;34m2[0;34m0[0;34m0[0;34m,[0;34m2[0;34m0[0;34m0
[0m
[0m[0;34m1[0;34m1[0;34m1[0;34m1[0;34m1
[0m[0;34m1[0;34m0[0;34m0[0;34m0[0;34m1
[0m[0;34m1[0;34m0[0;34mS[0;34m0[0;34m1
[0m[0;34m1[0;34m0[0;34m0[0;34m0[0;34m1
[0m[0;34m1[0;34m0[0;34m0[0;34m0[0;34m1
[0m[0;34m1[0;34m0[0;34m0[0;34m0[0;34m1
[0m[0;34m1[0;34m1[0;34m0[0;34m0[0;34m1
[0m[0;34m1[0;34m0[0;34m0[0;34m0[0;34m1
[0m[0;34m1[0;34m0[0;34m0[0;34m0[0;34m1
[0m[0;34m1[0;34m0[0;34m0[0;34m0[0;34m1
[0m[0;34m1[0;34m0[0;34m0[0;34m0[0;34m1
[0m[0;34m1[0;34m0[0;34m0[0;34m0[0;34m1
[0m[0;34m1[0;34m1[0;34m1[0;34m1[0;34m1
[0mExit code: 1
‚ö†Ô∏è No Valgrind alerts, but with leaks[0m  
==16019== Memcheck, a memory error detector
==16019== Copyright (C) 2002-2022, and GNU GPL'd, by Julian Seward et al.
==16019== Using Valgrind-3.22.0 and LibVEX; rerun with -h for copyright info
==16019== Command: ./cub3d ./maps/bad/textures_invalid.cub
==16019== Parent PID: 15883
==16019== 
==16019== 
==16019== HEAP SUMMARY:
==16019==     in use at exit: 678 bytes in 40 blocks
==16019==   total heap usage: 130 allocs, 90 frees, 7,982 bytes allocated
==16019== 
==16019== LEAK SUMMARY:
==16019==    definitely lost: 375 bytes in 6 blocks
==16019==    indirectly lost: 303 bytes in 34 blocks
==16019==      possibly lost: 0 bytes in 0 blocks
==16019==    still reachable: 0 bytes in 0 blocks
==16019==         suppressed: 0 bytes in 0 blocks
==16019== Rerun with --leak-check=full to see details of leaked memory
==16019== 
==16019== For lists of detected and suppressed errors, rerun with: -s
==16019== ERROR SUMMARY: 0 errors from 0 contexts (suppressed: 0 from 0)
Running valgrind on ./maps/bad/textures_missing.cub...

[0;31m Error:[Texture] textures are not complete
[0m [0;34mS[0;34mO[0;34m [0;34mt[0;34me[0;34mx[0;34mt[0;34mu[0;34mr[0;34me[0;34ms[0;34m/[0;34mt[0;34me[0;34ms[0;34mt[0;34m/[0;34ms[0;34mo[0;34mu[0;34mt[0;34mh[0;34m.[0;34mx[0;34mp[0;34mm
[0m[0;34mW[0;34mE[0;34m [0;34mt[0;34me[0;34mx[0;34mt[0;34mu[0;34mr[0;34me[0;34ms[0;34m/[0;34mt[0;34me[0;34ms[0;34mt[0;34m/[0;34mw[0;34me[0;34ms[0;34mt[0;34m.[0;34mx[0;34mp[0;34mm
[0m[0;34mE[0;34mA[0;34m [0;34mt[0;34me[0;34mx[0;34mt[0;34mu[0;34mr[0;34me[0;34ms[0;34m/[0;34mt[0;34me[0;34ms[0;34mt[0;34m/[0;34me[0;34ma[0;34ms[0;34mt[0;34m.[0;34mx[0;34mp[0;34mm
[0m
[0m[0;34mF[0;34m [0;34m2[0;34m0[0;34m,[0;34m2[0;34m0[0;34m,[0;34m2[0;34m0
[0m[0;34mC[0;34m [0;34m2[0;34m0[0;34m0[0;34m,[0;34m2[0;34m0[0;34m0[0;34m,[0;34m2[0;34m0[0;34m0
[0m
[0m[0;34m1[0;34m1[0;34m1[0;34m1[0;34m1
[0m[0;34m1[0;34m0[0;34m0[0;34m0[0;34m1
[0m[0;34m1[0;34m0[0;34mS[0;34m0[0;34m1
[0m[0;34m1[0;34m0[0;34m0[0;34m0[0;34m1
[0m[0;34m1[0;34m0[0;34m0[0;34m0[0;34m1
[0m[0;34m1[0;34m0[0;34m0[0;34m0[0;34m1
[0m[0;34m1[0;34m1[0;34m0[0;34m0[0;34m1
[0m[0;34m1[0;34m0[0;34m0[0;34m0[0;34m1
[0m[0;34m1[0;34m0[0;34m0[0;34m0[0;34m1
[0m[0;34m1[0;34m0[0;34m0[0;34m0[0;34m1
[0m[0;34m1[0;34m0[0;34m0[0;34m0[0;34m1
[0m[0;34m1[0;34m0[0;34m0[0;34m0[0;34m1
[0m[0;34m1[0;34m1[0;34m1[0;34m1[0;34m1
[0mExit code: 1
‚ö†Ô∏è No Valgrind alerts, but with leaks[0m  
==16022== Memcheck, a memory error detector
==16022== Copyright (C) 2002-2022, and GNU GPL'd, by Julian Seward et al.
==16022== Using Valgrind-3.22.0 and LibVEX; rerun with -h for copyright info
==16022== Command: ./cub3d ./maps/bad/textures_missing.cub
==16022== Parent PID: 15883
==16022== 
==16022== 
==16022== HEAP SUMMARY:
==16022==     in use at exit: 632 bytes in 38 blocks
==16022==   total heap usage: 124 allocs, 86 frees, 7,678 bytes allocated
==16022== 
==16022== LEAK SUMMARY:
==16022==    definitely lost: 350 bytes in 5 blocks
==16022==    indirectly lost: 282 bytes in 33 blocks
==16022==      possibly lost: 0 bytes in 0 blocks
==16022==    still reachable: 0 bytes in 0 blocks
==16022==         suppressed: 0 bytes in 0 blocks
==16022== Rerun with --leak-check=full to see details of leaked memory
==16022== 
==16022== For lists of detected and suppressed errors, rerun with: -s
==16022== ERROR SUMMARY: 0 errors from 0 contexts (suppressed: 0 from 0)
Running valgrind on ./maps/bad/textures_none.cub...

[0;31m Error:[Texture] textures are not complete
[0m [0;34mF[0;34m [0;34m2[0;34m0[0;34m,[0;34m2[0;34m0[0;34m,[0;34m2[0;34m0
[0m[0;34mC[0;34m [0;34m2[0;34m0[0;34m0[0;34m,[0;34m2[0;34m0[0;34m0[0;34m,[0;34m2[0;34m0[0;34m0
[0m
[0m[0;34m1[0;34m1[0;34m1[0;34m1[0;34m1
[0m[0;34m1[0;34m0[0;34m0[0;34m0[0;34m1
[0m[0;34m1[0;34m0[0;34mS[0;34m0[0;34m1
[0m[0;34m1[0;34m0[0;34m0[0;34m0[0;34m1
[0m[0;34m1[0;34m0[0;34m0[0;34m0[0;34m1
[0m[0;34m1[0;34m0[0;34m0[0;34m0[0;34m1
[0m[0;34m1[0;34m1[0;34m0[0;34m0[0;34m1
[0m[0;34m1[0;34m0[0;34m0[0;34m0[0;34m1
[0m[0;34m1[0;34m0[0;34m0[0;34m0[0;34m1
[0m[0;34m1[0;34m0[0;34m0[0;34m0[0;34m1
[0m[0;34m1[0;34m0[0;34m0[0;34m0[0;34m1
[0m[0;34m1[0;34m0[0;34m0[0;34m0[0;34m1
[0m[0;34m1[0;34m1[0;34m1[0;34m1[0;34m1
[0mExit code: 1
‚ö†Ô∏è No Valgrind alerts, but with leaks[0m  
==16025== Memcheck, a memory error detector
==16025== Copyright (C) 2002-2022, and GNU GPL'd, by Julian Seward et al.
==16025== Using Valgrind-3.22.0 and LibVEX; rerun with -h for copyright info
==16025== Command: ./cub3d ./maps/bad/textures_none.cub
==16025== Parent PID: 15883
==16025== 
==16025== 
==16025== HEAP SUMMARY:
==16025==     in use at exit: 446 bytes in 31 blocks
==16025==   total heap usage: 102 allocs, 71 frees, 6,634 bytes allocated
==16025== 
==16025== LEAK SUMMARY:
==16025==    definitely lost: 248 bytes in 2 blocks
==16025==    indirectly lost: 198 bytes in 29 blocks
==16025==      possibly lost: 0 bytes in 0 blocks
==16025==    still reachable: 0 bytes in 0 blocks
==16025==         suppressed: 0 bytes in 0 blocks
==16025== Rerun with --leak-check=full to see details of leaked memory
==16025== 
==16025== For lists of detected and suppressed errors, rerun with: -s
==16025== ERROR SUMMARY: 0 errors from 0 contexts (suppressed: 0 from 0)
Running valgrind on ./maps/bad/textures_not_xpm.cub...

[0;31m Error:[Texture verification] invalid texture format
[0m [0;34mN[0;34mO[0;34m [0;34mt[0;34me[0;34mx[0;34mt[0;34mu[0;34mr[0;34me[0;34ms[0;34m/[0;34mt[0;34me[0;34ms[0;34mt[0;34m/[0;34mn[0;34mo[0;34mr[0;34mt[0;34mh
[0m[0;34mS[0;34mO[0;34m [0;34mt[0;34me[0;34mx[0;34mt[0;34mu[0;34mr[0;34me[0;34ms[0;34m/[0;34mt[0;34me[0;34ms[0;34mt[0;34m/[0;34ms[0;34mo[0;34mu[0;34mt[0;34mh[0;34m.[0;34mx[0;34mp[0;34mm
[0m[0;34mW[0;34mE[0;34m [0;34mt[0;34me[0;34mx[0;34mt[0;34mu[0;34mr[0;34me[0;34ms[0;34m/[0;34mt[0;34me[0;34ms[0;34mt[0;34m/[0;34mw[0;34me[0;34ms[0;34mt[0;34m.[0;34mx[0;34mp[0;34mm
[0m[0;34mE[0;34mA[0;34m [0;34mt[0;34me[0;34mx[0;34mt[0;34mu[0;34mr[0;34me[0;34ms[0;34m/[0;34mt[0;34me[0;34ms[0;34mt[0;34m/[0;34me[0;34ma[0;34ms[0;34mt[0;34m.[0;34mx[0;34mp[0;34mm
[0m
[0m[0;34mF[0;34m [0;34m2[0;34m0[0;34m,[0;34m2[0;34m0[0;34m,[0;34m2[0;34m0
[0m[0;34mC[0;34m [0;34m2[0;34m0[0;34m0[0;34m,[0;34m2[0;34m0[0;34m0[0;34m,[0;34m2[0;34m0[0;34m0
[0m
[0m[0;34m1[0;34m1[0;34m1[0;34m1[0;34m1
[0m[0;34m1[0;34m0[0;34m0[0;34m0[0;34m1
[0m[0;34m1[0;34m0[0;34mS[0;34m0[0;34m1
[0m[0;34m1[0;34m0[0;34m0[0;34m0[0;34m1
[0m[0;34m1[0;34m0[0;34m0[0;34m0[0;34m1
[0m[0;34m1[0;34m0[0;34m0[0;34m0[0;34m1
[0m[0;34m1[0;34m1[0;34m0[0;34m0[0;34m1
[0m[0;34m1[0;34m0[0;34m0[0;34m0[0;34m1
[0m[0;34m1[0;34m0[0;34m0[0;34m0[0;34m1
[0m[0;34m1[0;34m0[0;34m0[0;34m0[0;34m1
[0m[0;34m1[0;34m0[0;34m0[0;34m0[0;34m1
[0m[0;34m1[0;34m0[0;34m0[0;34m0[0;34m1
[0m[0;34m1[0;34m1[0;34m1[0;34m1[0;34m1
[0mExit code: 1
‚ö†Ô∏è No Valgrind alerts, but with leaks[0m  
==16028== Memcheck, a memory error detector
==16028== Copyright (C) 2002-2022, and GNU GPL'd, by Julian Seward et al.
==16028== Using Valgrind-3.22.0 and LibVEX; rerun with -h for copyright info
==16028== Command: ./cub3d ./maps/bad/textures_not_xpm.cub
==16028== Parent PID: 15883
==16028== 
==16028== 
==16028== HEAP SUMMARY:
==16028==     in use at exit: 684 bytes in 40 blocks
==16028==   total heap usage: 130 allocs, 90 frees, 7,975 bytes allocated
==16028== 
==16028== LEAK SUMMARY:
==16028==    definitely lost: 378 bytes in 6 blocks
==16028==    indirectly lost: 306 bytes in 34 blocks
==16028==      possibly lost: 0 bytes in 0 blocks
==16028==    still reachable: 0 bytes in 0 blocks
==16028==         suppressed: 0 bytes in 0 blocks
==16028== Rerun with --leak-check=full to see details of leaked memory
==16028== 
==16028== For lists of detected and suppressed errors, rerun with: -s
==16028== ERROR SUMMARY: 0 errors from 0 contexts (suppressed: 0 from 0)
Running valgrind on ./maps/bad/wall_hole_east.cub...

[0;31m Error:[Walls check] incorrect vertical walls 
[0m [0;34mN[0;34mO[0;34m [0;34mt[0;34me[0;34mx[0;34mt[0;34mu[0;34mr[0;34me[0;34ms[0;34m/[0;34mt[0;34me[0;34ms[0;34mt[0;34m/[0;34mn[0;34mo[0;34mr[0;34mt[0;34mh[0;34m.[0;34mx[0;34mp[0;34mm
[0m[0;34mS[0;34mO[0;34m [0;34mt[0;34me[0;34mx[0;34mt[0;34mu[0;34mr[0;34me[0;34ms[0;34m/[0;34mt[0;34me[0;34ms[0;34mt[0;34m/[0;34ms[0;34mo[0;34mu[0;34mt[0;34mh[0;34m.[0;34mx[0;34mp[0;34mm
[0m[0;34mW[0;34mE[0;34m [0;34mt[0;34me[0;34mx[0;34mt[0;34mu[0;34mr[0;34me[0;34ms[0;34m/[0;34mt[0;34me[0;34ms[0;34mt[0;34m/[0;34mw[0;34me[0;34ms[0;34mt[0;34m.[0;34mx[0;34mp[0;34mm
[0m[0;34mE[0;34mA[0;34m [0;34mt[0;34me[0;34mx[0;34mt[0;34mu[0;34mr[0;34me[0;34ms[0;34m/[0;34mt[0;34me[0;34ms[0;34mt[0;34m/[0;34me[0;34ma[0;34ms[0;34mt[0;34m.[0;34mx[0;34mp[0;34mm
[0m
[0m[0;34mF[0;34m [0;34m2[0;34m0[0;34m,[0;34m2[0;34m0[0;34m,[0;34m2[0;34m0
[0m[0;34mC[0;34m [0;34m2[0;34m0[0;34m0[0;34m,[0;34m2[0;34m0[0;34m0[0;34m,[0;34m2[0;34m0[0;34m0
[0m
[0m[0;34m1[0;34m1[0;34m1[0;34m1[0;34m1
[0m[0;34m1[0;34m0[0;34m0[0;34m0[0;34m1
[0m[0;34m1[0;34m0[0;34mS[0;34m0[0;34m1
[0m[0;34m1[0;34m0[0;34m0[0;34m0[0;34m1
[0m[0;34m1[0;34m0[0;34m0[0;34m0[0;34m1
[0m[0;34m1[0;34m0[0;34m0[0;34m0[0;34m1
[0m[0;34m1[0;34m1[0;34m0[0;34m0[0;34m0
[0m[0;34m1[0;34m0[0;34m0[0;34m0[0;34m1
[0m[0;34m1[0;34m0[0;34m0[0;34m0[0;34m1
[0m[0;34m1[0;34m0[0;34m0[0;34m0[0;34m1
[0m[0;34m1[0;34m0[0;34m0[0;34m0[0;34m1
[0m[0;34m1[0;34m0[0;34m0[0;34m0[0;34m1
[0m[0;34m1[0;34m1[0;34m1[0;34m1[0;34m1
[0mExit code: 1
‚ö†Ô∏è No Valgrind alerts, but with leaks[0m  
==16031== Memcheck, a memory error detector
==16031== Copyright (C) 2002-2022, and GNU GPL'd, by Julian Seward et al.
==16031== Using Valgrind-3.22.0 and LibVEX; rerun with -h for copyright info
==16031== Command: ./cub3d ./maps/bad/wall_hole_east.cub
==16031== Parent PID: 15883
==16031== 
==16031== 
==16031== HEAP SUMMARY:
==16031==     in use at exit: 598 bytes in 36 blocks
==16031==   total heap usage: 126 allocs, 90 frees, 7,925 bytes allocated
==16031== 
==16031== LEAK SUMMARY:
==16031==    definitely lost: 288 bytes in 2 blocks
==16031==    indirectly lost: 310 bytes in 34 blocks
==16031==      possibly lost: 0 bytes in 0 blocks
==16031==    still reachable: 0 bytes in 0 blocks
==16031==         suppressed: 0 bytes in 0 blocks
==16031== Rerun with --leak-check=full to see details of leaked memory
==16031== 
==16031== For lists of detected and suppressed errors, rerun with: -s
==16031== ERROR SUMMARY: 0 errors from 0 contexts (suppressed: 0 from 0)
Running valgrind on ./maps/bad/wall_hole_north.cub...

[0;31m Error:[Walls check] incorrect horizontal walls
[0m [0;34mN[0;34mO[0;34m [0;34mt[0;34me[0;34mx[0;34mt[0;34mu[0;34mr[0;34me[0;34ms[0;34m/[0;34mt[0;34me[0;34ms[0;34mt[0;34m/[0;34mn[0;34mo[0;34mr[0;34mt[0;34mh[0;34m.[0;34mx[0;34mp[0;34mm
[0m[0;34mS[0;34mO[0;34m [0;34mt[0;34me[0;34mx[0;34mt[0;34mu[0;34mr[0;34me[0;34ms[0;34m/[0;34mt[0;34me[0;34ms[0;34mt[0;34m/[0;34ms[0;34mo[0;34mu[0;34mt[0;34mh[0;34m.[0;34mx[0;34mp[0;34mm
[0m[0;34mW[0;34mE[0;34m [0;34mt[0;34me[0;34mx[0;34mt[0;34mu[0;34mr[0;34me[0;34ms[0;34m/[0;34mt[0;34me[0;34ms[0;34mt[0;34m/[0;34mw[0;34me[0;34ms[0;34mt[0;34m.[0;34mx[0;34mp[0;34mm
[0m[0;34mE[0;34mA[0;34m [0;34mt[0;34me[0;34mx[0;34mt[0;34mu[0;34mr[0;34me[0;34ms[0;34m/[0;34mt[0;34me[0;34ms[0;34mt[0;34m/[0;34me[0;34ma[0;34ms[0;34mt[0;34m.[0;34mx[0;34mp[0;34mm
[0m
[0m[0;34mF[0;34m [0;34m2[0;34m0[0;34m,[0;34m2[0;34m0[0;34m,[0;34m2[0;34m0
[0m[0;34mC[0;34m [0;34m2[0;34m0[0;34m0[0;34m,[0;34m2[0;34m0[0;34m0[0;34m,[0;34m2[0;34m0[0;34m0
[0m
[0m[0;34m1[0;34m1[0;34m0[0;34m1[0;34m1
[0m[0;34m1[0;34m0[0;34m0[0;34m0[0;34m1
[0m[0;34m1[0;34m0[0;34mS[0;34m0[0;34m1
[0m[0;34m1[0;34m0[0;34m0[0;34m0[0;34m1
[0m[0;34m1[0;34m0[0;34m0[0;34m0[0;34m1
[0m[0;34m1[0;34m0[0;34m0[0;34m0[0;34m1
[0m[0;34m1[0;34m1[0;34m0[0;34m0[0;34m1
[0m[0;34m1[0;34m0[0;34m0[0;34m0[0;34m1
[0m[0;34m1[0;34m0[0;34m0[0;34m0[0;34m1
[0m[0;34m1[0;34m0[0;34m0[0;34m0[0;34m1
[0m[0;34m1[0;34m0[0;34m0[0;34m0[0;34m1
[0m[0;34m1[0;34m0[0;34m0[0;34m0[0;34m1
[0m[0;34m1[0;34m1[0;34m1[0;34m1[0;34m1
[0mExit code: 1
‚ö†Ô∏è No Valgrind alerts, but with leaks[0m  
==16047== Memcheck, a memory error detector
==16047== Copyright (C) 2002-2022, and GNU GPL'd, by Julian Seward et al.
==16047== Using Valgrind-3.22.0 and LibVEX; rerun with -h for copyright info
==16047== Command: ./cub3d ./maps/bad/wall_hole_north.cub
==16047== Parent PID: 15883
==16047== 
==16047== 
==16047== HEAP SUMMARY:
==16047==     in use at exit: 598 bytes in 36 blocks
==16047==   total heap usage: 126 allocs, 90 frees, 7,925 bytes allocated
==16047== 
==16047== LEAK SUMMARY:
==16047==    definitely lost: 288 bytes in 2 blocks
==16047==    indirectly lost: 310 bytes in 34 blocks
==16047==      possibly lost: 0 bytes in 0 blocks
==16047==    still reachable: 0 bytes in 0 blocks
==16047==         suppressed: 0 bytes in 0 blocks
==16047== Rerun with --leak-check=full to see details of leaked memory
==16047== 
==16047== For lists of detected and suppressed errors, rerun with: -s
==16047== ERROR SUMMARY: 0 errors from 0 contexts (suppressed: 0 from 0)
Running valgrind on ./maps/bad/wall_hole_south.cub...

[0;31m Error:[Walls check] incorrect horizontal walls
[0m [0;34mN[0;34mO[0;34m [0;34mt[0;34me[0;34mx[0;34mt[0;34mu[0;34mr[0;34me[0;34ms[0;34m/[0;34mt[0;34me[0;34ms[0;34mt[0;34m/[0;34mn[0;34mo[0;34mr[0;34mt[0;34mh[0;34m.[0;34mx[0;34mp[0;34mm
[0m[0;34mS[0;34mO[0;34m [0;34mt[0;34me[0;34mx[0;34mt[0;34mu[0;34mr[0;34me[0;34ms[0;34m/[0;34mt[0;34me[0;34ms[0;34mt[0;34m/[0;34ms[0;34mo[0;34mu[0;34mt[0;34mh[0;34m.[0;34mx[0;34mp[0;34mm
[0m[0;34mW[0;34mE[0;34m [0;34mt[0;34me[0;34mx[0;34mt[0;34mu[0;34mr[0;34me[0;34ms[0;34m/[0;34mt[0;34me[0;34ms[0;34mt[0;34m/[0;34mw[0;34me[0;34ms[0;34mt[0;34m.[0;34mx[0;34mp[0;34mm
[0m[0;34mE[0;34mA[0;34m [0;34mt[0;34me[0;34mx[0;34mt[0;34mu[0;34mr[0;34me[0;34ms[0;34m/[0;34mt[0;34me[0;34ms[0;34mt[0;34m/[0;34me[0;34ma[0;34ms[0;34mt[0;34m.[0;34mx[0;34mp[0;34mm
[0m
[0m[0;34mF[0;34m [0;34m2[0;34m0[0;34m,[0;34m2[0;34m0[0;34m,[0;34m2[0;34m0
[0m[0;34mC[0;34m [0;34m2[0;34m0[0;34m0[0;34m,[0;34m2[0;34m0[0;34m0[0;34m,[0;34m2[0;34m0[0;34m0
[0m
[0m[0;34m1[0;34m1[0;34m1[0;34m1[0;34m1
[0m[0;34m1[0;34m0[0;34m0[0;34m0[0;34m1
[0m[0;34m1[0;34m0[0;34mS[0;34m0[0;34m1
[0m[0;34m1[0;34m0[0;34m0[0;34m0[0;34m1
[0m[0;34m1[0;34m0[0;34m0[0;34m0[0;34m1
[0m[0;34m1[0;34m0[0;34m0[0;34m0[0;34m1
[0m[0;34m1[0;34m1[0;34m0[0;34m0[0;34m1
[0m[0;34m1[0;34m0[0;34m0[0;34m0[0;34m1
[0m[0;34m1[0;34m0[0;34m0[0;34m0[0;34m1
[0m[0;34m1[0;34m0[0;34m0[0;34m0[0;34m1
[0m[0;34m1[0;34m0[0;34m0[0;34m0[0;34m1
[0m[0;34m1[0;34m0[0;34m0[0;34m0[0;34m1
[0m[0;34m1[0;34m1[0;34m0[0;34m1[0;34m1
[0mExit code: 1
‚ö†Ô∏è No Valgrind alerts, but with leaks[0m  
==16050== Memcheck, a memory error detector
==16050== Copyright (C) 2002-2022, and GNU GPL'd, by Julian Seward et al.
==16050== Using Valgrind-3.22.0 and LibVEX; rerun with -h for copyright info
==16050== Command: ./cub3d ./maps/bad/wall_hole_south.cub
==16050== Parent PID: 15883
==16050== 
==16050== 
==16050== HEAP SUMMARY:
==16050==     in use at exit: 598 bytes in 36 blocks
==16050==   total heap usage: 126 allocs, 90 frees, 7,925 bytes allocated
==16050== 
==16050== LEAK SUMMARY:
==16050==    definitely lost: 288 bytes in 2 blocks
==16050==    indirectly lost: 310 bytes in 34 blocks
==16050==      possibly lost: 0 bytes in 0 blocks
==16050==    still reachable: 0 bytes in 0 blocks
==16050==         suppressed: 0 bytes in 0 blocks
==16050== Rerun with --leak-check=full to see details of leaked memory
==16050== 
==16050== For lists of detected and suppressed errors, rerun with: -s
==16050== ERROR SUMMARY: 0 errors from 0 contexts (suppressed: 0 from 0)
Running valgrind on ./maps/bad/wall_hole_west.cub...

[0;31m Error:[Map check in file] Invalid map placement or format
[0m [0;34mN[0;34mO[0;34m [0;34mt[0;34me[0;34mx[0;34mt[0;34mu[0;34mr[0;34me[0;34ms[0;34m/[0;34mt[0;34me[0;34ms[0;34mt[0;34m/[0;34mn[0;34mo[0;34mr[0;34mt[0;34mh[0;34m.[0;34mx[0;34mp[0;34mm
[0m[0;34mS[0;34mO[0;34m [0;34mt[0;34me[0;34mx[0;34mt[0;34mu[0;34mr[0;34me[0;34ms[0;34m/[0;34mt[0;34me[0;34ms[0;34mt[0;34m/[0;34ms[0;34mo[0;34mu[0;34mt[0;34mh[0;34m.[0;34mx[0;34mp[0;34mm
[0m[0;34mW[0;34mE[0;34m [0;34mt[0;34me[0;34mx[0;34mt[0;34mu[0;34mr[0;34me[0;34ms[0;34m/[0;34mt[0;34me[0;34ms[0;34mt[0;34m/[0;34mw[0;34me[0;34ms[0;34mt[0;34m.[0;34mx[0;34mp[0;34mm
[0m[0;34mE[0;34mA[0;34m [0;34mt[0;34me[0;34mx[0;34mt[0;34mu[0;34mr[0;34me[0;34ms[0;34m/[0;34mt[0;34me[0;34ms[0;34mt[0;34m/[0;34me[0;34ma[0;34ms[0;34mt[0;34m.[0;34mx[0;34mp[0;34mm
[0m
[0m[0;34mF[0;34m [0;34m2[0;34m0[0;34m,[0;34m2[0;34m0[0;34m,[0;34m2[0;34m0
[0m[0;34mC[0;34m [0;34m2[0;34m0[0;34m0[0;34m,[0;34m2[0;34m0[0;34m0[0;34m,[0;34m2[0;34m0[0;34m0
[0m
[0m[0;34m1[0;34m1[0;34m1[0;34m1[0;34m1
[0m[0;34m1[0;34m0[0;34m0[0;34m0[0;34m1
[0m[0;34m1[0;34m0[0;34mS[0;34m0[0;34m1
[0m[0;34m1[0;34m0[0;34m0[0;34m0[0;34m1
[0m[0;34m1[0;34m0[0;34m0[0;34m0[0;34m1
[0m[0;34m0[0;34m0[0;34m0[0;34m0[0;34m1
[0m[0;34m1[0;34m1[0;34m0[0;34m0[0;34m1
[0m[0;34m1[0;34m0[0;34m0[0;34m0[0;34m1
[0m[0;34m1[0;34m0[0;34m0[0;34m0[0;34m1
[0m[0;34m1[0;34m0[0;34m0[0;34m0[0;34m1
[0m[0;34m1[0;34m0[0;34m0[0;34m0[0;34m1
[0m[0;34m1[0;34m0[0;34m0[0;34m0[0;34m1
[0m[0;34m1[0;34m1[0;34m1[0;34m1[0;34m1
[0mExit code: 1
‚ö†Ô∏è No Valgrind alerts, but with leaks[0m  
==16064== Memcheck, a memory error detector
==16064== Copyright (C) 2002-2022, and GNU GPL'd, by Julian Seward et al.
==16064== Using Valgrind-3.22.0 and LibVEX; rerun with -h for copyright info
==16064== Command: ./cub3d ./maps/bad/wall_hole_west.cub
==16064== Parent PID: 15883
==16064== 
==16064== 
==16064== HEAP SUMMARY:
==16064==     in use at exit: 408 bytes in 22 blocks
==16064==   total heap usage: 99 allocs, 77 frees, 7,657 bytes allocated
==16064== 
==16064== LEAK SUMMARY:
==16064==    definitely lost: 176 bytes in 1 blocks
==16064==    indirectly lost: 232 bytes in 21 blocks
==16064==      possibly lost: 0 bytes in 0 blocks
==16064==    still reachable: 0 bytes in 0 blocks
==16064==         suppressed: 0 bytes in 0 blocks
==16064== Rerun with --leak-check=full to see details of leaked memory
==16064== 
==16064== For lists of detected and suppressed errors, rerun with: -s
==16064== ERROR SUMMARY: 0 errors from 0 contexts (suppressed: 0 from 0)
Running valgrind on ./maps/bad/wall_none.cub...

[0;31m Error:[Map start] No map or incorrect placement
[0m [0;34mN[0;34mO[0;34m [0;34mt[0;34me[0;34mx[0;34mt[0;34mu[0;34mr[0;34me[0;34ms[0;34m/[0;34mt[0;34me[0;34ms[0;34mt[0;34m/[0;34mn[0;34mo[0;34mr[0;34mt[0;34mh[0;34m.[0;34mx[0;34mp[0;34mm
[0m[0;34mS[0;34mO[0;34m [0;34mt[0;34me[0;34mx[0;34mt[0;34mu[0;34mr[0;34me[0;34ms[0;34m/[0;34mt[0;34me[0;34ms[0;34mt[0;34m/[0;34ms[0;34mo[0;34mu[0;34mt[0;34mh[0;34m.[0;34mx[0;34mp[0;34mm
[0m[0;34mW[0;34mE[0;34m [0;34mt[0;34me[0;34mx[0;34mt[0;34mu[0;34mr[0;34me[0;34ms[0;34m/[0;34mt[0;34me[0;34ms[0;34mt[0;34m/[0;34mw[0;34me[0;34ms[0;34mt[0;34m.[0;34mx[0;34mp[0;34mm
[0m[0;34mE[0;34mA[0;34m [0;34mt[0;34me[0;34mx[0;34mt[0;34mu[0;34mr[0;34me[0;34ms[0;34m/[0;34mt[0;34me[0;34ms[0;34mt[0;34m/[0;34me[0;34ma[0;34ms[0;34mt[0;34m.[0;34mx[0;34mp[0;34mm
[0m
[0m[0;34mF[0;34m [0;34m2[0;34m0[0;34m,[0;34m2[0;34m0[0;34m,[0;34m2[0;34m0
[0m[0;34mC[0;34m [0;34m2[0;34m0[0;34m0[0;34m,[0;34m2[0;34m0[0;34m0[0;34m,[0;34m2[0;34m0[0;34m0
[0m
[0m[0;34m0[0;34m0[0;34m0[0;34m0[0;34m0
[0m[0;34m0[0;34m0[0;34m0[0;34m0[0;34m0
[0m[0;34m0[0;34m0[0;34mS[0;34m0[0;34m0
[0m[0;34m0[0;34m0[0;34m0[0;34m0[0;34m0
[0m[0;34m0[0;34m0[0;34m0[0;34m0[0;34m0
[0m[0;34m0[0;34m0[0;34m0[0;34m0[0;34m0
[0m[0;34m0[0;34m0[0;34m0[0;34m0[0;34m0
[0m[0;34m0[0;34m0[0;34m0[0;34m0[0;34m0
[0m[0;34m0[0;34m0[0;34m0[0;34m0[0;34m0
[0m[0;34m0[0;34m0[0;34m0[0;34m0[0;34m0
[0m[0;34m0[0;34m0[0;34m0[0;34m0[0;34m0
[0m[0;34m0[0;34m0[0;34m0[0;34m0[0;34m0
[0m[0;34m0[0;34m0[0;34m0[0;34m0[0;34m0
[0mExit code: 1
‚ö†Ô∏è No Valgrind alerts, but with leaks[0m  
==16067== Memcheck, a memory error detector
==16067== Copyright (C) 2002-2022, and GNU GPL'd, by Julian Seward et al.
==16067== Using Valgrind-3.22.0 and LibVEX; rerun with -h for copyright info
==16067== Command: ./cub3d ./maps/bad/wall_none.cub
==16067== Parent PID: 15883
==16067== 
==16067== 
==16067== HEAP SUMMARY:
==16067==     in use at exit: 408 bytes in 22 blocks
==16067==   total heap usage: 99 allocs, 77 frees, 7,657 bytes allocated
==16067== 
==16067== LEAK SUMMARY:
==16067==    definitely lost: 176 bytes in 1 blocks
==16067==    indirectly lost: 232 bytes in 21 blocks
==16067==      possibly lost: 0 bytes in 0 blocks
==16067==    still reachable: 0 bytes in 0 blocks
==16067==         suppressed: 0 bytes in 0 blocks
==16067== Rerun with --leak-check=full to see details of leaked memory
==16067== 
==16067== For lists of detected and suppressed errors, rerun with: -s
==16067== ERROR SUMMARY: 0 errors from 0 contexts (suppressed: 0 from 0)
Valgrind tests completed. Results saved to test_output.txt.
Starting Valgrind tests...
Running valgrind on ./maps/bad/color_invalid_rgb.cub...

[0;31m Error:[Texture verification] file is not found
[0m [0;34mN[0;34mO[0;34m [0;34mt[0;34me[0;34mx[0;34mt[0;34mu[0;34mr[0;34me[0;34ms[0;34m/[0;34mt[0;34me[0;34ms[0;34mt[0;34m/[0;34mn[0;34mo[0;34mr[0;34mt[0;34mh[0;34m.[0;34mx[0;34mp[0;34mm
[0m[0;34mS[0;34mO[0;34m [0;34mt[0;34me[0;34mx[0;34mt[0;34mu[0;34mr[0;34me[0;34ms[0;34m/[0;34mt[0;34me[0;34ms[0;34mt[0;34m/[0;34ms[0;34mo[0;34mu[0;34mt[0;34mh[0;34m.[0;34mx[0;34mp[0;34mm
[0m[0;34mW[0;34mE[0;34m [0;34mt[0;34me[0;34mx[0;34mt[0;34mu[0;34mr[0;34me[0;34ms[0;34m/[0;34mt[0;34me[0;34ms[0;34mt[0;34m/[0;34mw[0;34me[0;34ms[0;34mt[0;34m.[0;34mx[0;34mp[0;34mm
[0m[0;34mE[0;34mA[0;34m [0;34mt[0;34me[0;34mx[0;34mt[0;34mu[0;34mr[0;34me[0;34ms[0;34m/[0;34mt[0;34me[0;34ms[0;34mt[0;34m/[0;34me[0;34ma[0;34ms[0;34mt[0;34m.[0;34mx[0;34mp[0;34mm
[0m
[0m[0;34mF[0;34m [0;34m2[0;34m0[0;34m,[0;34m2[0;34m0[0;34m,[0;34m-[0;34m2[0;34m0
[0m[0;34mC[0;34m [0;34m2[0;34m0[0;34m0[0;34m,[0;34m2[0;34m0[0;34m0[0;34m,[0;34m2[0;34m0[0;34m0
[0m
[0m[0;34m1[0;34m1[0;34m1[0;34m1[0;34m1
[0m[0;34m1[0;34m0[0;34m0[0;34m0[0;34m1
[0m[0;34m1[0;34m0[0;34mS[0;34m0[0;34m1
[0m[0;34m1[0;34m0[0;34m0[0;34m0[0;34m1
[0m[0;34m1[0;34m0[0;34m0[0;34m0[0;34m1
[0m[0;34m1[0;34m0[0;34m0[0;34m0[0;34m1
[0m[0;34m1[0;34m1[0;34m0[0;34m0[0;34m1
[0m[0;34m1[0;34m0[0;34m0[0;34m0[0;34m1
[0m[0;34m1[0;34m0[0;34m0[0;34m0[0;34m1
[0m[0;34m1[0;34m0[0;34m0[0;34m0[0;34m1
[0m[0;34m1[0;34m0[0;34m0[0;34m0[0;34m1
[0m[0;34m1[0;34m0[0;34m0[0;34m0[0;34m1
[0m[0;34m1[0;34m1[0;34m1[0;34m1[0;34m1
[0mExit code: 1
‚ö†Ô∏è No Valgrind alerts, but with leaks[0m  
==16117== Memcheck, a memory error detector
==16117== Copyright (C) 2002-2022, and GNU GPL'd, by Julian Seward et al.
==16117== Using Valgrind-3.22.0 and LibVEX; rerun with -h for copyright info
==16117== Command: ./cub3d ./maps/bad/color_invalid_rgb.cub
==16117== Parent PID: 16115
==16117== 
==16117== 
==16117== HEAP SUMMARY:
==16117==     in use at exit: 693 bytes in 40 blocks
==16117==   total heap usage: 130 allocs, 90 frees, 8,005 bytes allocated
==16117== 
==16117== LEAK SUMMARY:
==16117==    definitely lost: 382 bytes in 6 blocks
==16117==    indirectly lost: 311 bytes in 34 blocks
==16117==      possibly lost: 0 bytes in 0 blocks
==16117==    still reachable: 0 bytes in 0 blocks
==16117==         suppressed: 0 bytes in 0 blocks
==16117== Rerun with --leak-check=full to see details of leaked memory
==16117== 
==16117== For lists of detected and suppressed errors, rerun with: -s
==16117== ERROR SUMMARY: 0 errors from 0 contexts (suppressed: 0 from 0)
Running valgrind on ./maps/bad/color_missing_ceiling_rgb.cub...

[0;31m Error:[Texture verification] file is not found
[0m [0;34mN[0;34mO[0;34m [0;34mt[0;34me[0;34mx[0;34mt[0;34mu[0;34mr[0;34me[0;34ms[0;34m/[0;34mt[0;34me[0;34ms[0;34mt[0;34m/[0;34mn[0;34mo[0;34mr[0;34mt[0;34mh[0;34m.[0;34mx[0;34mp[0;34mm
[0m[0;34mS[0;34mO[0;34m [0;34mt[0;34me[0;34mx[0;34mt[0;34mu[0;34mr[0;34me[0;34ms[0;34m/[0;34mt[0;34me[0;34ms[0;34mt[0;34m/[0;34ms[0;34mo[0;34mu[0;34mt[0;34mh[0;34m.[0;34mx[0;34mp[0;34mm
[0m[0;34mW[0;34mE[0;34m [0;34mt[0;34me[0;34mx[0;34mt[0;34mu[0;34mr[0;34me[0;34ms[0;34m/[0;34mt[0;34me[0;34ms[0;34mt[0;34m/[0;34mw[0;34me[0;34ms[0;34mt[0;34m.[0;34mx[0;34mp[0;34mm
[0m[0;34mE[0;34mA[0;34m [0;34mt[0;34me[0;34mx[0;34mt[0;34mu[0;34mr[0;34me[0;34ms[0;34m/[0;34mt[0;34me[0;34ms[0;34mt[0;34m/[0;34me[0;34ma[0;34ms[0;34mt[0;34m.[0;34mx[0;34mp[0;34mm
[0m
[0m[0;34mF[0;34m [0;34m2[0;34m0[0;34m,[0;34m2[0;34m0[0;34m,[0;34m2[0;34m0
[0m[0;34mC[0;34m [0;34m2[0;34m0[0;34m0[0;34m,[0;34m2[0;34m0[0;34m0[0;34m,
[0m
[0m[0;34m1[0;34m1[0;34m1[0;34m1[0;34m1
[0m[0;34m1[0;34m0[0;34m0[0;34m0[0;34m1
[0m[0;34m1[0;34m0[0;34mS[0;34m0[0;34m1
[0m[0;34m1[0;34m0[0;34m0[0;34m0[0;34m1
[0m[0;34m1[0;34m0[0;34m0[0;34m0[0;34m1
[0m[0;34m1[0;34m0[0;34m0[0;34m0[0;34m1
[0m[0;34m1[0;34m1[0;34m0[0;34m0[0;34m1
[0m[0;34m1[0;34m0[0;34m0[0;34m0[0;34m1
[0m[0;34m1[0;34m0[0;34m0[0;34m0[0;34m1
[0m[0;34m1[0;34m0[0;34m0[0;34m0[0;34m1
[0m[0;34m1[0;34m0[0;34m0[0;34m0[0;34m1
[0m[0;34m1[0;34m0[0;34m0[0;34m0[0;34m1
[0m[0;34m1[0;34m1[0;34m1[0;34m1[0;34m1
[0mExit code: 1
‚ö†Ô∏è No Valgrind alerts, but with leaks[0m  
==16120== Memcheck, a memory error detector
==16120== Copyright (C) 2002-2022, and GNU GPL'd, by Julian Seward et al.
==16120== Using Valgrind-3.22.0 and LibVEX; rerun with -h for copyright info
==16120== Command: ./cub3d ./maps/bad/color_missing_ceiling_rgb.cub
==16120== Parent PID: 16115
==16120== 
==16120== 
==16120== HEAP SUMMARY:
==16120==     in use at exit: 689 bytes in 40 blocks
==16120==   total heap usage: 130 allocs, 90 frees, 7,973 bytes allocated
==16120== 
==16120== LEAK SUMMARY:
==16120==    definitely lost: 382 bytes in 6 blocks
==16120==    indirectly lost: 307 bytes in 34 blocks
==16120==      possibly lost: 0 bytes in 0 blocks
==16120==    still reachable: 0 bytes in 0 blocks
==16120==         suppressed: 0 bytes in 0 blocks
==16120== Rerun with --leak-check=full to see details of leaked memory
==16120== 
==16120== For lists of detected and suppressed errors, rerun with: -s
==16120== ERROR SUMMARY: 0 errors from 0 contexts (suppressed: 0 from 0)
Running valgrind on ./maps/bad/color_missing.cub...

[0;31m Error:[Texture verification] file is not found
[0m [0;34mN[0;34mO[0;34m [0;34mt[0;34me[0;34mx[0;34mt[0;34mu[0;34mr[0;34me[0;34ms[0;34m/[0;34mt[0;34me[0;34ms[0;34mt[0;34m/[0;34mn[0;34mo[0;34mr[0;34mt[0;34mh[0;34m.[0;34mx[0;34mp[0;34mm
[0m[0;34mS[0;34mO[0;34m [0;34mt[0;34me[0;34mx[0;34mt[0;34mu[0;34mr[0;34me[0;34ms[0;34m/[0;34mt[0;34me[0;34ms[0;34mt[0;34m/[0;34ms[0;34mo[0;34mu[0;34mt[0;34mh[0;34m.[0;34mx[0;34mp[0;34mm
[0m[0;34mW[0;34mE[0;34m [0;34mt[0;34me[0;34mx[0;34mt[0;34mu[0;34mr[0;34me[0;34ms[0;34m/[0;34mt[0;34me[0;34ms[0;34mt[0;34m/[0;34mw[0;34me[0;34ms[0;34mt[0;34m.[0;34mx[0;34mp[0;34mm
[0m[0;34mE[0;34mA[0;34m [0;34mt[0;34me[0;34mx[0;34mt[0;34mu[0;34mr[0;34me[0;34ms[0;34m/[0;34mt[0;34me[0;34ms[0;34mt[0;34m/[0;34me[0;34ma[0;34ms[0;34mt[0;34m.[0;34mx[0;34mp[0;34mm
[0m
[0m[0;34mC[0;34m [0;34m2[0;34m0[0;34m0[0;34m,[0;34m2[0;34m0[0;34m0[0;34m,[0;34m2[0;34m0[0;34m0
[0m
[0m[0;34m1[0;34m1[0;34m1[0;34m1[0;34m1
[0m[0;34m1[0;34m0[0;34m0[0;34m0[0;34m1
[0m[0;34m1[0;34m0[0;34mS[0;34m0[0;34m1
[0m[0;34m1[0;34m0[0;34m0[0;34m0[0;34m1
[0m[0;34m1[0;34m0[0;34m0[0;34m0[0;34m1
[0m[0;34m1[0;34m0[0;34m0[0;34m0[0;34m1
[0m[0;34m1[0;34m1[0;34m0[0;34m0[0;34m1
[0m[0;34m1[0;34m0[0;34m0[0;34m0[0;34m1
[0m[0;34m1[0;34m0[0;34m0[0;34m0[0;34m1
[0m[0;34m1[0;34m0[0;34m0[0;34m0[0;34m1
[0m[0;34m1[0;34m0[0;34m0[0;34m0[0;34m1
[0m[0;34m1[0;34m0[0;34m0[0;34m0[0;34m1
[0m[0;34m1[0;34m1[0;34m1[0;34m1[0;34m1
[0mExit code: 1
‚ö†Ô∏è No Valgrind alerts, but with leaks[0m  
==16140== Memcheck, a memory error detector
==16140== Copyright (C) 2002-2022, and GNU GPL'd, by Julian Seward et al.
==16140== Using Valgrind-3.22.0 and LibVEX; rerun with -h for copyright info
==16140== Command: ./cub3d ./maps/bad/color_missing.cub
==16140== Parent PID: 16115
==16140== 
==16140== 
==16140== HEAP SUMMARY:
==16140==     in use at exit: 672 bytes in 39 blocks
==16140==   total heap usage: 126 allocs, 87 frees, 7,808 bytes allocated
==16140== 
==16140== LEAK SUMMARY:
==16140==    definitely lost: 374 bytes in 6 blocks
==16140==    indirectly lost: 298 bytes in 33 blocks
==16140==      possibly lost: 0 bytes in 0 blocks
==16140==    still reachable: 0 bytes in 0 blocks
==16140==         suppressed: 0 bytes in 0 blocks
==16140== Rerun with --leak-check=full to see details of leaked memory
==16140== 
==16140== For lists of detected and suppressed errors, rerun with: -s
==16140== ERROR SUMMARY: 0 errors from 0 contexts (suppressed: 0 from 0)
Running valgrind on ./maps/bad/color_missing_floor_rgb.cub...

[0;31m Error:[Texture verification] file is not found
[0m [0;34mN[0;34mO[0;34m [0;34mt[0;34me[0;34mx[0;34mt[0;34mu[0;34mr[0;34me[0;34ms[0;34m/[0;34mt[0;34me[0;34ms[0;34mt[0;34m/[0;34mn[0;34mo[0;34mr[0;34mt[0;34mh[0;34m.[0;34mx[0;34mp[0;34mm
[0m[0;34mS[0;34mO[0;34m [0;34mt[0;34me[0;34mx[0;34mt[0;34mu[0;34mr[0;34me[0;34ms[0;34m/[0;34mt[0;34me[0;34ms[0;34mt[0;34m/[0;34ms[0;34mo[0;34mu[0;34mt[0;34mh[0;34m.[0;34mx[0;34mp[0;34mm
[0m[0;34mW[0;34mE[0;34m [0;34mt[0;34me[0;34mx[0;34mt[0;34mu[0;34mr[0;34me[0;34ms[0;34m/[0;34mt[0;34me[0;34ms[0;34mt[0;34m/[0;34mw[0;34me[0;34ms[0;34mt[0;34m.[0;34mx[0;34mp[0;34mm
[0m[0;34mE[0;34mA[0;34m [0;34mt[0;34me[0;34mx[0;34mt[0;34mu[0;34mr[0;34me[0;34ms[0;34m/[0;34mt[0;34me[0;34ms[0;34mt[0;34m/[0;34me[0;34ma[0;34ms[0;34mt[0;34m.[0;34mx[0;34mp[0;34mm
[0m
[0m[0;34mF[0;34m [0;34m2[0;34m0[0;34m,[0;34m2[0;34m0
[0m[0;34mC[0;34m [0;34m2[0;34m0[0;34m0[0;34m,[0;34m2[0;34m0[0;34m0[0;34m,[0;34m2[0;34m0[0;34m0
[0m
[0m[0;34m1[0;34m1[0;34m1[0;34m1[0;34m1
[0m[0;34m1[0;34m0[0;34m0[0;34m0[0;34m1
[0m[0;34m1[0;34m0[0;34mS[0;34m0[0;34m1
[0m[0;34m1[0;34m0[0;34m0[0;34m0[0;34m1
[0m[0;34m1[0;34m0[0;34m0[0;34m0[0;34m1
[0m[0;34m1[0;34m0[0;34m0[0;34m0[0;34m1
[0m[0;34m1[0;34m1[0;34m0[0;34m0[0;34m1
[0m[0;34m1[0;34m0[0;34m0[0;34m0[0;34m1
[0m[0;34m1[0;34m0[0;34m0[0;34m0[0;34m1
[0m[0;34m1[0;34m0[0;34m0[0;34m0[0;34m1
[0m[0;34m1[0;34m0[0;34m0[0;34m0[0;34m1
[0m[0;34m1[0;34m0[0;34m0[0;34m0[0;34m1
[0m[0;34m1[0;34m1[0;34m1[0;34m1[0;34m1
[0mExit code: 1
‚ö†Ô∏è No Valgrind alerts, but with leaks[0m  
==16143== Memcheck, a memory error detector
==16143== Copyright (C) 2002-2022, and GNU GPL'd, by Julian Seward et al.
==16143== Using Valgrind-3.22.0 and LibVEX; rerun with -h for copyright info
==16143== Command: ./cub3d ./maps/bad/color_missing_floor_rgb.cub
==16143== Parent PID: 16115
==16143== 
==16143== 
==16143== HEAP SUMMARY:
==16143==     in use at exit: 689 bytes in 40 blocks
==16143==   total heap usage: 130 allocs, 90 frees, 7,979 bytes allocated
==16143== 
==16143== LEAK SUMMARY:
==16143==    definitely lost: 382 bytes in 6 blocks
==16143==    indirectly lost: 307 bytes in 34 blocks
==16143==      possibly lost: 0 bytes in 0 blocks
==16143==    still reachable: 0 bytes in 0 blocks
==16143==         suppressed: 0 bytes in 0 blocks
==16143== Rerun with --leak-check=full to see details of leaked memory
==16143== 
==16143== For lists of detected and suppressed errors, rerun with: -s
==16143== ERROR SUMMARY: 0 errors from 0 contexts (suppressed: 0 from 0)
Running valgrind on ./maps/bad/color_none.cub...

[0;31m Error:[Texture verification] file is not found
[0m [0;34mN[0;34mO[0;34m [0;34mt[0;34me[0;34mx[0;34mt[0;34mu[0;34mr[0;34me[0;34ms[0;34m/[0;34mt[0;34me[0;34ms[0;34mt[0;34m/[0;34mn[0;34mo[0;34mr[0;34mt[0;34mh[0;34m.[0;34mx[0;34mp[0;34mm
[0m[0;34mS[0;34mO[0;34m [0;34mt[0;34me[0;34mx[0;34mt[0;34mu[0;34mr[0;34me[0;34ms[0;34m/[0;34mt[0;34me[0;34ms[0;34mt[0;34m/[0;34ms[0;34mo[0;34mu[0;34mt[0;34mh[0;34m.[0;34mx[0;34mp[0;34mm
[0m[0;34mW[0;34mE[0;34m [0;34mt[0;34me[0;34mx[0;34mt[0;34mu[0;34mr[0;34me[0;34ms[0;34m/[0;34mt[0;34me[0;34ms[0;34mt[0;34m/[0;34mw[0;34me[0;34ms[0;34mt[0;34m.[0;34mx[0;34mp[0;34mm
[0m[0;34mE[0;34mA[0;34m [0;34mt[0;34me[0;34mx[0;34mt[0;34mu[0;34mr[0;34me[0;34ms[0;34m/[0;34mt[0;34me[0;34ms[0;34mt[0;34m/[0;34me[0;34ma[0;34ms[0;34mt[0;34m.[0;34mx[0;34mp[0;34mm
[0m
[0m[0;34m1[0;34m1[0;34m1[0;34m1[0;34m1
[0m[0;34m1[0;34m0[0;34m0[0;34m0[0;34m1
[0m[0;34m1[0;34m0[0;34mS[0;34m0[0;34m1
[0m[0;34m1[0;34m0[0;34m0[0;34m0[0;34m1
[0m[0;34m1[0;34m0[0;34m0[0;34m0[0;34m1
[0m[0;34m1[0;34m0[0;34m0[0;34m0[0;34m1
[0m[0;34m1[0;34m1[0;34m0[0;34m0[0;34m1
[0m[0;34m1[0;34m0[0;34m0[0;34m0[0;34m1
[0m[0;34m1[0;34m0[0;34m0[0;34m0[0;34m1
[0m[0;34m1[0;34m0[0;34m0[0;34m0[0;34m1
[0m[0;34m1[0;34m0[0;34m0[0;34m0[0;34m1
[0m[0;34m1[0;34m0[0;34m0[0;34m0[0;34m1
[0m[0;34m1[0;34m1[0;34m1[0;34m1[0;34m1
[0mExit code: 1
‚ö†Ô∏è No Valgrind alerts, but with leaks[0m  
==16158== Memcheck, a memory error detector
==16158== Copyright (C) 2002-2022, and GNU GPL'd, by Julian Seward et al.
==16158== Using Valgrind-3.22.0 and LibVEX; rerun with -h for copyright info
==16158== Command: ./cub3d ./maps/bad/color_none.cub
==16158== Parent PID: 16115
==16158== 
==16158== 
==16158== HEAP SUMMARY:
==16158==     in use at exit: 639 bytes in 37 blocks
==16158==   total heap usage: 117 allocs, 80 frees, 7,292 bytes allocated
==16158== 
==16158== LEAK SUMMARY:
==16158==    definitely lost: 358 bytes in 6 blocks
==16158==    indirectly lost: 281 bytes in 31 blocks
==16158==      possibly lost: 0 bytes in 0 blocks
==16158==    still reachable: 0 bytes in 0 blocks
==16158==         suppressed: 0 bytes in 0 blocks
==16158== Rerun with --leak-check=full to see details of leaked memory
==16158== 
==16158== For lists of detected and suppressed errors, rerun with: -s
==16158== ERROR SUMMARY: 0 errors from 0 contexts (suppressed: 0 from 0)
Running valgrind on ./maps/bad/empty.cub...
[0;31m Error:[Read file] file is empty
[0m Exit code: 1
[0;32m‚úÖ No Valgrind alerts, no leaks[0m  
==16161== Memcheck, a memory error detector
==16161== Copyright (C) 2002-2022, and GNU GPL'd, by Julian Seward et al.
==16161== Using Valgrind-3.22.0 and LibVEX; rerun with -h for copyright info
==16161== Command: ./cub3d ./maps/bad/empty.cub
==16161== Parent PID: 16115
==16161== 
==16161== 
==16161== HEAP SUMMARY:
==16161==     in use at exit: 0 bytes in 0 blocks
==16161==   total heap usage: 5 allocs, 5 frees, 170 bytes allocated
==16161== 
==16161== All heap blocks were freed -- no leaks are possible
==16161== 
==16161== For lists of detected and suppressed errors, rerun with: -s
==16161== ERROR SUMMARY: 0 errors from 0 contexts (suppressed: 0 from 0)
Running valgrind on ./maps/bad/file_letter_end.cub...

[0;31m Error:[Map check in file] Empty line found
[0m [0;34mN[0;34mO[0;34m [0;34mt[0;34me[0;34mx[0;34mt[0;34mu[0;34mr[0;34me[0;34ms[0;34m/[0;34mt[0;34me[0;34ms[0;34mt[0;34m/[0;34mn[0;34mo[0;34mr[0;34mt[0;34mh[0;34m.[0;34mx[0;34mp[0;34mm
[0m[0;34mS[0;34mO[0;34m [0;34mt[0;34me[0;34mx[0;34mt[0;34mu[0;34mr[0;34me[0;34ms[0;34m/[0;34mt[0;34me[0;34ms[0;34mt[0;34m/[0;34ms[0;34mo[0;34mu[0;34mt[0;34mh[0;34m.[0;34mx[0;34mp[0;34mm
[0m[0;34mW[0;34mE[0;34m [0;34mt[0;34me[0;34mx[0;34mt[0;34mu[0;34mr[0;34me[0;34ms[0;34m/[0;34mt[0;34me[0;34ms[0;34mt[0;34m/[0;34mw[0;34me[0;34ms[0;34mt[0;34m.[0;34mx[0;34mp[0;34mm
[0m[0;34mE[0;34mA[0;34m [0;34mt[0;34me[0;34mx[0;34mt[0;34mu[0;34mr[0;34me[0;34ms[0;34m/[0;34mt[0;34me[0;34ms[0;34mt[0;34m/[0;34me[0;34ma[0;34ms[0;34mt[0;34m.[0;34mx[0;34mp[0;34mm
[0m
[0m[0;34mF[0;34m [0;34m2[0;34m0[0;34m,[0;34m2[0;34m0[0;34m,[0;34m2[0;34m0
[0m[0;34mC[0;34m [0;34m2[0;34m0[0;34m0[0;34m,[0;34m2[0;34m0[0;34m0[0;34m,[0;34m2[0;34m0[0;34m0
[0m
[0m[0;34m1[0;34m1[0;34m1[0;34m1[0;34m1
[0m[0;34m1[0;34m0[0;34m0[0;34m0[0;34m1
[0m[0;34m1[0;34m0[0;34mS[0;34m0[0;34m1
[0m[0;34m1[0;34m0[0;34m0[0;34m0[0;34m1
[0m[0;34m1[0;34m0[0;34m0[0;34m0[0;34m1
[0m[0;34m1[0;34m0[0;34m0[0;34m0[0;34m1
[0m[0;34m1[0;34m1[0;34m0[0;34m0[0;34m1
[0m[0;34m1[0;34m0[0;34m0[0;34m0[0;34m1
[0m[0;34m1[0;34m0[0;34m0[0;34m0[0;34m1
[0m[0;34m1[0;34m0[0;34m0[0;34m0[0;34m1
[0m[0;34m1[0;34m0[0;34m0[0;34m0[0;34m1
[0m[0;34m1[0;34m0[0;34m0[0;34m0[0;34m1
[0m[0;34m1[0;34m1[0;34m1[0;34m1[0;34m1
[0m
[0m
[0m
[0m
[0m
[0m
[0m
[0m
[0m
[0m
[0m
[0m
[0m
[0m[0;34m1
[0mExit code: 1
‚ö†Ô∏è No Valgrind alerts, but with leaks[0m  
==16164== Memcheck, a memory error detector
==16164== Copyright (C) 2002-2022, and GNU GPL'd, by Julian Seward et al.
==16164== Using Valgrind-3.22.0 and LibVEX; rerun with -h for copyright info
==16164== Command: ./cub3d ./maps/bad/file_letter_end.cub
==16164== Parent PID: 16115
==16164== 
==16164== 
==16164== HEAP SUMMARY:
==16164==     in use at exit: 549 bytes in 36 blocks
==16164==   total heap usage: 156 allocs, 120 frees, 11,449 bytes allocated
==16164== 
==16164== LEAK SUMMARY:
==16164==    definitely lost: 288 bytes in 1 blocks
==16164==    indirectly lost: 261 bytes in 35 blocks
==16164==      possibly lost: 0 bytes in 0 blocks
==16164==    still reachable: 0 bytes in 0 blocks
==16164==         suppressed: 0 bytes in 0 blocks
==16164== Rerun with --leak-check=full to see details of leaked memory
==16164== 
==16164== For lists of detected and suppressed errors, rerun with: -s
==16164== ERROR SUMMARY: 0 errors from 0 contexts (suppressed: 0 from 0)
Running valgrind on ./maps/bad/filetype_missing...
[0;31m Error:[Check args] no map or invalid map extension
[0m Exit code: 1
[0;32m‚úÖ No Valgrind alerts, no leaks[0m  
==16167== Memcheck, a memory error detector
==16167== Copyright (C) 2002-2022, and GNU GPL'd, by Julian Seward et al.
==16167== Using Valgrind-3.22.0 and LibVEX; rerun with -h for copyright info
==16167== Command: ./cub3d ./maps/bad/filetype_missing
==16167== Parent PID: 16115
==16167== 
==16167== 
==16167== HEAP SUMMARY:
==16167==     in use at exit: 0 bytes in 0 blocks
==16167==   total heap usage: 3 allocs, 3 frees, 144 bytes allocated
==16167== 
==16167== All heap blocks were freed -- no leaks are possible
==16167== 
==16167== For lists of detected and suppressed errors, rerun with: -s
==16167== ERROR SUMMARY: 0 errors from 0 contexts (suppressed: 0 from 0)
Running valgrind on ./maps/bad/filetype_wrong.buc...
[0;31m Error:[Check args] no map or invalid map extension
[0m Exit code: 1
[0;32m‚úÖ No Valgrind alerts, no leaks[0m  
==16183== Memcheck, a memory error detector
==16183== Copyright (C) 2002-2022, and GNU GPL'd, by Julian Seward et al.
==16183== Using Valgrind-3.22.0 and LibVEX; rerun with -h for copyright info
==16183== Command: ./cub3d ./maps/bad/filetype_wrong.buc
==16183== Parent PID: 16115
==16183== 
==16183== 
==16183== HEAP SUMMARY:
==16183==     in use at exit: 0 bytes in 0 blocks
==16183==   total heap usage: 3 allocs, 3 frees, 144 bytes allocated
==16183== 
==16183== All heap blocks were freed -- no leaks are possible
==16183== 
==16183== For lists of detected and suppressed errors, rerun with: -s
==16183== ERROR SUMMARY: 0 errors from 0 contexts (suppressed: 0 from 0)
Running valgrind on ./maps/bad/map_first.cub...

[0;31m Error:[Map start] No map or incorrect placement
[0m [0;34m1[0;34m1[0;34m1[0;34m1[0;34m1
[0m[0;34m1[0;34m0[0;34m0[0;34m0[0;34m1
[0m[0;34m1[0;34m0[0;34mS[0;34m0[0;34m1
[0m[0;34m1[0;34m0[0;34m0[0;34m0[0;34m1
[0m[0;34m1[0;34m0[0;34m0[0;34m0[0;34m1
[0m[0;34m1[0;34m0[0;34m0[0;34m0[0;34m1
[0m[0;34m1[0;34m1[0;34m0[0;34m0[0;34m1
[0m[0;34m1[0;34m0[0;34m0[0;34m0[0;34m1
[0m[0;34m1[0;34m0[0;34m0[0;34m0[0;34m1
[0m[0;34m1[0;34m0[0;34m0[0;34m0[0;34m1
[0m[0;34m1[0;34m0[0;34m0[0;34m0[0;34m1
[0m[0;34m1[0;34m0[0;34m0[0;34m0[0;34m1
[0m[0;34m1[0;34m1[0;34m1[0;34m1[0;34m1
[0m
[0m[0;34mN[0;34mO[0;34m [0;34mt[0;34me[0;34mx[0;34mt[0;34mu[0;34mr[0;34me[0;34ms[0;34m/[0;34mt[0;34me[0;34ms[0;34mt[0;34m/[0;34mn[0;34mo[0;34mr[0;34mt[0;34mh[0;34m.[0;34mx[0;34mp[0;34mm
[0m[0;34mS[0;34mO[0;34m [0;34mt[0;34me[0;34mx[0;34mt[0;34mu[0;34mr[0;34me[0;34ms[0;34m/[0;34mt[0;34me[0;34ms[0;34mt[0;34m/[0;34ms[0;34mo[0;34mu[0;34mt[0;34mh[0;34m.[0;34mx[0;34mp[0;34mm
[0m[0;34mW[0;34mE[0;34m [0;34mt[0;34me[0;34mx[0;34mt[0;34mu[0;34mr[0;34me[0;34ms[0;34m/[0;34mt[0;34me[0;34ms[0;34mt[0;34m/[0;34mw[0;34me[0;34ms[0;34mt[0;34m.[0;34mx[0;34mp[0;34mm
[0m[0;34mE[0;34mA[0;34m [0;34mt[0;34me[0;34mx[0;34mt[0;34mu[0;34mr[0;34me[0;34ms[0;34m/[0;34mt[0;34me[0;34ms[0;34mt[0;34m/[0;34me[0;34ma[0;34ms[0;34mt[0;34m.[0;34mx[0;34mp[0;34mm
[0m
[0m[0;34mF[0;34m [0;34m2[0;34m0[0;34m,[0;34m2[0;34m0[0;34m,[0;34m2[0;34m0
[0m[0;34mC[0;34m [0;34m2[0;34m0[0;34m0[0;34m,[0;34m2[0;34m0[0;34m0[0;34m,[0;34m2[0;34m0[0;34m0
[0mExit code: 1
‚ö†Ô∏è No Valgrind alerts, but with leaks[0m  
==16186== Memcheck, a memory error detector
==16186== Copyright (C) 2002-2022, and GNU GPL'd, by Julian Seward et al.
==16186== Using Valgrind-3.22.0 and LibVEX; rerun with -h for copyright info
==16186== Command: ./cub3d ./maps/bad/map_first.cub
==16186== Parent PID: 16115
==16186== 
==16186== 
==16186== HEAP SUMMARY:
==16186==     in use at exit: 408 bytes in 22 blocks
==16186==   total heap usage: 99 allocs, 77 frees, 7,572 bytes allocated
==16186== 
==16186== LEAK SUMMARY:
==16186==    definitely lost: 176 bytes in 1 blocks
==16186==    indirectly lost: 232 bytes in 21 blocks
==16186==      possibly lost: 0 bytes in 0 blocks
==16186==    still reachable: 0 bytes in 0 blocks
==16186==         suppressed: 0 bytes in 0 blocks
==16186== Rerun with --leak-check=full to see details of leaked memory
==16186== 
==16186== For lists of detected and suppressed errors, rerun with: -s
==16186== ERROR SUMMARY: 0 errors from 0 contexts (suppressed: 0 from 0)
Running valgrind on ./maps/bad/map_middle.cub...

[0;31m Error:[Map check in file] Empty line found
[0m [0;34mN[0;34mO[0;34m [0;34mt[0;34me[0;34mx[0;34mt[0;34mu[0;34mr[0;34me[0;34ms[0;34m/[0;34mt[0;34me[0;34ms[0;34mt[0;34m/[0;34mn[0;34mo[0;34mr[0;34mt[0;34mh[0;34m.[0;34mx[0;34mp[0;34mm
[0m[0;34mS[0;34mO[0;34m [0;34mt[0;34me[0;34mx[0;34mt[0;34mu[0;34mr[0;34me[0;34ms[0;34m/[0;34mt[0;34me[0;34ms[0;34mt[0;34m/[0;34ms[0;34mo[0;34mu[0;34mt[0;34mh[0;34m.[0;34mx[0;34mp[0;34mm
[0m[0;34mW[0;34mE[0;34m [0;34mt[0;34me[0;34mx[0;34mt[0;34mu[0;34mr[0;34me[0;34ms[0;34m/[0;34mt[0;34me[0;34ms[0;34mt[0;34m/[0;34mw[0;34me[0;34ms[0;34mt[0;34m.[0;34mx[0;34mp[0;34mm
[0m[0;34mE[0;34mA[0;34m [0;34mt[0;34me[0;34mx[0;34mt[0;34mu[0;34mr[0;34me[0;34ms[0;34m/[0;34mt[0;34me[0;34ms[0;34mt[0;34m/[0;34me[0;34ma[0;34ms[0;34mt[0;34m.[0;34mx[0;34mp[0;34mm
[0m
[0m[0;34m1[0;34m1[0;34m1[0;34m1[0;34m1
[0m[0;34m1[0;34m0[0;34m0[0;34m0[0;34m1
[0m[0;34m1[0;34m0[0;34mS[0;34m0[0;34m1
[0m[0;34m1[0;34m0[0;34m0[0;34m0[0;34m1
[0m[0;34m1[0;34m0[0;34m0[0;34m0[0;34m1
[0m[0;34m1[0;34m0[0;34m0[0;34m0[0;34m1
[0m[0;34m1[0;34m1[0;34m0[0;34m0[0;34m1
[0m[0;34m1[0;34m0[0;34m0[0;34m0[0;34m1
[0m[0;34m1[0;34m0[0;34m0[0;34m0[0;34m1
[0m[0;34m1[0;34m0[0;34m0[0;34m0[0;34m1
[0m[0;34m1[0;34m0[0;34m0[0;34m0[0;34m1
[0m[0;34m1[0;34m0[0;34m0[0;34m0[0;34m1
[0m[0;34m1[0;34m1[0;34m1[0;34m1[0;34m1
[0m
[0m[0;34mF[0;34m [0;34m2[0;34m0[0;34m,[0;34m2[0;34m0[0;34m,[0;34m2[0;34m0
[0m[0;34mC[0;34m [0;34m2[0;34m0[0;34m0[0;34m,[0;34m2[0;34m0[0;34m0[0;34m,[0;34m2[0;34m0[0;34m0
[0m
[0m
[0mExit code: 1
‚ö†Ô∏è No Valgrind alerts, but with leaks[0m  
==16200== Memcheck, a memory error detector
==16200== Copyright (C) 2002-2022, and GNU GPL'd, by Julian Seward et al.
==16200== Using Valgrind-3.22.0 and LibVEX; rerun with -h for copyright info
==16200== Command: ./cub3d ./maps/bad/map_middle.cub
==16200== Parent PID: 16115
==16200== 
==16200== 
==16200== HEAP SUMMARY:
==16200==     in use at exit: 428 bytes in 24 blocks
==16200==   total heap usage: 107 allocs, 83 frees, 8,059 bytes allocated
==16200== 
==16200== LEAK SUMMARY:
==16200==    definitely lost: 192 bytes in 1 blocks
==16200==    indirectly lost: 236 bytes in 23 blocks
==16200==      possibly lost: 0 bytes in 0 blocks
==16200==    still reachable: 0 bytes in 0 blocks
==16200==         suppressed: 0 bytes in 0 blocks
==16200== Rerun with --leak-check=full to see details of leaked memory
==16200== 
==16200== For lists of detected and suppressed errors, rerun with: -s
==16200== ERROR SUMMARY: 0 errors from 0 contexts (suppressed: 0 from 0)
Running valgrind on ./maps/bad/map_missing.cub...

[0;31m Error:[Map start] No map or incorrect placement
[0m [0;34mN[0;34mO[0;34m [0;34mt[0;34me[0;34mx[0;34mt[0;34mu[0;34mr[0;34me[0;34ms[0;34m/[0;34mt[0;34me[0;34ms[0;34mt[0;34m/[0;34mn[0;34mo[0;34mr[0;34mt[0;34mh[0;34m.[0;34mx[0;34mp[0;34mm
[0m[0;34mS[0;34mO[0;34m [0;34mt[0;34me[0;34mx[0;34mt[0;34mu[0;34mr[0;34me[0;34ms[0;34m/[0;34mt[0;34me[0;34ms[0;34mt[0;34m/[0;34ms[0;34mo[0;34mu[0;34mt[0;34mh[0;34m.[0;34mx[0;34mp[0;34mm
[0m[0;34mW[0;34mE[0;34m [0;34mt[0;34me[0;34mx[0;34mt[0;34mu[0;34mr[0;34me[0;34ms[0;34m/[0;34mt[0;34me[0;34ms[0;34mt[0;34m/[0;34mw[0;34me[0;34ms[0;34mt[0;34m.[0;34mx[0;34mp[0;34mm
[0m[0;34mE[0;34mA[0;34m [0;34mt[0;34me[0;34mx[0;34mt[0;34mu[0;34mr[0;34me[0;34ms[0;34m/[0;34mt[0;34me[0;34ms[0;34mt[0;34m/[0;34me[0;34ma[0;34ms[0;34mt[0;34m.[0;34mx[0;34mp[0;34mm
[0m
[0m[0;34mF[0;34m [0;34m2[0;34m0[0;34m,[0;34m2[0;34m0[0;34m,[0;34m2[0;34m0
[0m[0;34mC[0;34m [0;34m2[0;34m0[0;34m0[0;34m,[0;34m2[0;34m0[0;34m0[0;34m,[0;34m2[0;34m0[0;34m0
[0m
[0mExit code: 1
‚ö†Ô∏è No Valgrind alerts, but with leaks[0m  
==16203== Memcheck, a memory error detector
==16203== Copyright (C) 2002-2022, and GNU GPL'd, by Julian Seward et al.
==16203== Using Valgrind-3.22.0 and LibVEX; rerun with -h for copyright info
==16203== Command: ./cub3d ./maps/bad/map_missing.cub
==16203== Parent PID: 16115
==16203== 
==16203== 
==16203== HEAP SUMMARY:
==16203==     in use at exit: 213 bytes in 9 blocks
==16203==   total heap usage: 44 allocs, 35 frees, 5,280 bytes allocated
==16203== 
==16203== LEAK SUMMARY:
==16203==    definitely lost: 72 bytes in 1 blocks
==16203==    indirectly lost: 141 bytes in 8 blocks
==16203==      possibly lost: 0 bytes in 0 blocks
==16203==    still reachable: 0 bytes in 0 blocks
==16203==         suppressed: 0 bytes in 0 blocks
==16203== Rerun with --leak-check=full to see details of leaked memory
==16203== 
==16203== For lists of detected and suppressed errors, rerun with: -s
==16203== ERROR SUMMARY: 0 errors from 0 contexts (suppressed: 0 from 0)
Running valgrind on ./maps/bad/map_only.cub...

[0;31m Error:[Map start] No map or incorrect placement
[0m [0;34m1[0;34m1[0;34m1[0;34m1[0;34m1
[0m[0;34m1[0;34m0[0;34m0[0;34m0[0;34m1
[0m[0;34m1[0;34m0[0;34mS[0;34m0[0;34m1
[0m[0;34m1[0;34m0[0;34m0[0;34m0[0;34m1
[0m[0;34m1[0;34m0[0;34m0[0;34m0[0;34m1
[0m[0;34m1[0;34m0[0;34m0[0;34m0[0;34m1
[0m[0;34m1[0;34m1[0;34m0[0;34m0[0;34m1
[0m[0;34m1[0;34m0[0;34m0[0;34m0[0;34m1
[0m[0;34m1[0;34m0[0;34m0[0;34m0[0;34m1
[0m[0;34m1[0;34m0[0;34m0[0;34m0[0;34m1
[0m[0;34m1[0;34m0[0;34m0[0;34m0[0;34m1
[0m[0;34m1[0;34m0[0;34m0[0;34m0[0;34m1
[0m[0;34m1[0;34m1[0;34m1[0;34m1[0;34m1
[0mExit code: 1
‚ö†Ô∏è No Valgrind alerts, but with leaks[0m  
==16206== Memcheck, a memory error detector
==16206== Copyright (C) 2002-2022, and GNU GPL'd, by Julian Seward et al.
==16206== Using Valgrind-3.22.0 and LibVEX; rerun with -h for copyright info
==16206== Command: ./cub3d ./maps/bad/map_only.cub
==16206== Parent PID: 16115
==16206== 
==16206== 
==16206== HEAP SUMMARY:
==16206==     in use at exit: 203 bytes in 14 blocks
==16206==   total heap usage: 62 allocs, 48 frees, 5,730 bytes allocated
==16206== 
==16206== LEAK SUMMARY:
==16206==    definitely lost: 112 bytes in 1 blocks
==16206==    indirectly lost: 91 bytes in 13 blocks
==16206==      possibly lost: 0 bytes in 0 blocks
==16206==    still reachable: 0 bytes in 0 blocks
==16206==         suppressed: 0 bytes in 0 blocks
==16206== Rerun with --leak-check=full to see details of leaked memory
==16206== 
==16206== For lists of detected and suppressed errors, rerun with: -s
==16206== ERROR SUMMARY: 0 errors from 0 contexts (suppressed: 0 from 0)
Running valgrind on ./maps/bad/map_too_small.cub...

[0;31m Error:[Map check in file] Invalid map size
[0m [0;34mN[0;34mO[0;34m [0;34mt[0;34me[0;34mx[0;34mt[0;34mu[0;34mr[0;34me[0;34ms[0;34m/[0;34mt[0;34me[0;34ms[0;34mt[0;34m/[0;34mn[0;34mo[0;34mr[0;34mt[0;34mh[0;34m.[0;34mx[0;34mp[0;34mm
[0m[0;34mS[0;34mO[0;34m [0;34mt[0;34me[0;34mx[0;34mt[0;34mu[0;34mr[0;34me[0;34ms[0;34m/[0;34mt[0;34me[0;34ms[0;34mt[0;34m/[0;34ms[0;34mo[0;34mu[0;34mt[0;34mh[0;34m.[0;34mx[0;34mp[0;34mm
[0m[0;34mW[0;34mE[0;34m [0;34mt[0;34me[0;34mx[0;34mt[0;34mu[0;34mr[0;34me[0;34ms[0;34m/[0;34mt[0;34me[0;34ms[0;34mt[0;34m/[0;34mw[0;34me[0;34ms[0;34mt[0;34m.[0;34mx[0;34mp[0;34mm
[0m[0;34mE[0;34mA[0;34m [0;34mt[0;34me[0;34mx[0;34mt[0;34mu[0;34mr[0;34me[0;34ms[0;34m/[0;34mt[0;34me[0;34ms[0;34mt[0;34m/[0;34me[0;34ma[0;34ms[0;34mt[0;34m.[0;34mx[0;34mp[0;34mm
[0m
[0m[0;34mF[0;34m [0;34m2[0;34m0[0;34m,[0;34m2[0;34m0[0;34m,[0;34m2[0;34m0
[0m[0;34mC[0;34m [0;34m2[0;34m0[0;34m0[0;34m,[0;34m2[0;34m0[0;34m0[0;34m,[0;34m2[0;34m0[0;34m0
[0m
[0m[0;34m1[0;34m1[0;34m1
[0m[0;34m1[0;34m1[0;34m1
[0mExit code: 1
‚ö†Ô∏è No Valgrind alerts, but with leaks[0m  
==16209== Memcheck, a memory error detector
==16209== Copyright (C) 2002-2022, and GNU GPL'd, by Julian Seward et al.
==16209== Using Valgrind-3.22.0 and LibVEX; rerun with -h for copyright info
==16209== Command: ./cub3d ./maps/bad/map_too_small.cub
==16209== Parent PID: 16115
==16209== 
==16209== 
==16209== HEAP SUMMARY:
==16209==     in use at exit: 239 bytes in 11 blocks
==16209==   total heap usage: 52 allocs, 41 frees, 5,540 bytes allocated
==16209== 
==16209== LEAK SUMMARY:
==16209==    definitely lost: 88 bytes in 1 blocks
==16209==    indirectly lost: 151 bytes in 10 blocks
==16209==      possibly lost: 0 bytes in 0 blocks
==16209==    still reachable: 0 bytes in 0 blocks
==16209==         suppressed: 0 bytes in 0 blocks
==16209== Rerun with --leak-check=full to see details of leaked memory
==16209== 
==16209== For lists of detected and suppressed errors, rerun with: -s
==16209== ERROR SUMMARY: 0 errors from 0 contexts (suppressed: 0 from 0)
Running valgrind on ./maps/bad/player_multiple.cub...

[0;31m Error:[Map validation] invalid number of player 
[0m [0;34mN[0;34mO[0;34m [0;34mt[0;34me[0;34mx[0;34mt[0;34mu[0;34mr[0;34me[0;34ms[0;34m/[0;34mt[0;34me[0;34ms[0;34mt[0;34m/[0;34mn[0;34mo[0;34mr[0;34mt[0;34mh[0;34m.[0;34mx[0;34mp[0;34mm
[0m[0;34mS[0;34mO[0;34m [0;34mt[0;34me[0;34mx[0;34mt[0;34mu[0;34mr[0;34me[0;34ms[0;34m/[0;34mt[0;34me[0;34ms[0;34mt[0;34m/[0;34ms[0;34mo[0;34mu[0;34mt[0;34mh[0;34m.[0;34mx[0;34mp[0;34mm
[0m[0;34mW[0;34mE[0;34m [0;34mt[0;34me[0;34mx[0;34mt[0;34mu[0;34mr[0;34me[0;34ms[0;34m/[0;34mt[0;34me[0;34ms[0;34mt[0;34m/[0;34mw[0;34me[0;34ms[0;34mt[0;34m.[0;34mx[0;34mp[0;34mm
[0m[0;34mE[0;34mA[0;34m [0;34mt[0;34me[0;34mx[0;34mt[0;34mu[0;34mr[0;34me[0;34ms[0;34m/[0;34mt[0;34me[0;34ms[0;34mt[0;34m/[0;34me[0;34ma[0;34ms[0;34mt[0;34m.[0;34mx[0;34mp[0;34mm
[0m
[0m[0;34mF[0;34m [0;34m2[0;34m0[0;34m,[0;34m2[0;34m0[0;34m,[0;34m2[0;34m0
[0m[0;34mC[0;34m [0;34m2[0;34m0[0;34m0[0;34m,[0;34m2[0;34m0[0;34m0[0;34m,[0;34m2[0;34m0[0;34m0
[0m
[0m[0;34m1[0;34m1[0;34m1[0;34m1[0;34m1
[0m[0;34m1[0;34m0[0;34m0[0;34m0[0;34m1
[0m[0;34m1[0;34m0[0;34mS[0;34m0[0;34m1
[0m[0;34m1[0;34m0[0;34m0[0;34m0[0;34m1
[0m[0;34m1[0;34m0[0;34m0[0;34m0[0;34m1
[0m[0;34m1[0;34m0[0;34m0[0;34m0[0;34m1
[0m[0;34m1[0;34m1[0;34mE[0;34m0[0;34m1
[0m[0;34m1[0;34m0[0;34m0[0;34m0[0;34m1
[0m[0;34m1[0;34m0[0;34m0[0;34m0[0;34m1
[0m[0;34m1[0;34m0[0;34m0[0;34m0[0;34m1
[0m[0;34m1[0;34m0[0;34m0[0;34m0[0;34m1
[0m[0;34m1[0;34m0[0;34m0[0;34m0[0;34m1
[0m[0;34m1[0;34m1[0;34m1[0;34m1[0;34m1
[0mExit code: 1
‚ö†Ô∏è No Valgrind alerts, but with leaks[0m  
==16212== Memcheck, a memory error detector
==16212== Copyright (C) 2002-2022, and GNU GPL'd, by Julian Seward et al.
==16212== Using Valgrind-3.22.0 and LibVEX; rerun with -h for copyright info
==16212== Command: ./cub3d ./maps/bad/player_multiple.cub
==16212== Parent PID: 16115
==16212== 
==16212== 
==16212== HEAP SUMMARY:
==16212==     in use at exit: 598 bytes in 36 blocks
==16212==   total heap usage: 126 allocs, 90 frees, 7,925 bytes allocated
==16212== 
==16212== LEAK SUMMARY:
==16212==    definitely lost: 288 bytes in 2 blocks
==16212==    indirectly lost: 310 bytes in 34 blocks
==16212==      possibly lost: 0 bytes in 0 blocks
==16212==    still reachable: 0 bytes in 0 blocks
==16212==         suppressed: 0 bytes in 0 blocks
==16212== Rerun with --leak-check=full to see details of leaked memory
==16212== 
==16212== For lists of detected and suppressed errors, rerun with: -s
==16212== ERROR SUMMARY: 0 errors from 0 contexts (suppressed: 0 from 0)
Running valgrind on ./maps/bad/player_none.cub...

[0;31m Error:[Map validation] invalid number of player 
[0m [0;34mN[0;34mO[0;34m [0;34mt[0;34me[0;34mx[0;34mt[0;34mu[0;34mr[0;34me[0;34ms[0;34m/[0;34mt[0;34me[0;34ms[0;34mt[0;34m/[0;34mn[0;34mo[0;34mr[0;34mt[0;34mh[0;34m.[0;34mx[0;34mp[0;34mm
[0m[0;34mS[0;34mO[0;34m [0;34mt[0;34me[0;34mx[0;34mt[0;34mu[0;34mr[0;34me[0;34ms[0;34m/[0;34mt[0;34me[0;34ms[0;34mt[0;34m/[0;34ms[0;34mo[0;34mu[0;34mt[0;34mh[0;34m.[0;34mx[0;34mp[0;34mm
[0m[0;34mW[0;34mE[0;34m [0;34mt[0;34me[0;34mx[0;34mt[0;34mu[0;34mr[0;34me[0;34ms[0;34m/[0;34mt[0;34me[0;34ms[0;34mt[0;34m/[0;34mw[0;34me[0;34ms[0;34mt[0;34m.[0;34mx[0;34mp[0;34mm
[0m[0;34mE[0;34mA[0;34m [0;34mt[0;34me[0;34mx[0;34mt[0;34mu[0;34mr[0;34me[0;34ms[0;34m/[0;34mt[0;34me[0;34ms[0;34mt[0;34m/[0;34me[0;34ma[0;34ms[0;34mt[0;34m.[0;34mx[0;34mp[0;34mm
[0m
[0m[0;34mF[0;34m [0;34m2[0;34m0[0;34m,[0;34m2[0;34m0[0;34m,[0;34m2[0;34m0
[0m[0;34mC[0;34m [0;34m2[0;34m0[0;34m0[0;34m,[0;34m2[0;34m0[0;34m0[0;34m,[0;34m2[0;34m0[0;34m0
[0m
[0m[0;34m1[0;34m1[0;34m1[0;34m1[0;34m1
[0m[0;34m1[0;34m0[0;34m0[0;34m0[0;34m1
[0m[0;34m1[0;34m0[0;34m0[0;34m0[0;34m1
[0m[0;34m1[0;34m0[0;34m0[0;34m0[0;34m1
[0m[0;34m1[0;34m0[0;34m0[0;34m0[0;34m1
[0m[0;34m1[0;34m0[0;34m0[0;34m0[0;34m1
[0m[0;34m1[0;34m1[0;34m0[0;34m0[0;34m1
[0m[0;34m1[0;34m0[0;34m0[0;34m0[0;34m1
[0m[0;34m1[0;34m0[0;34m0[0;34m0[0;34m1
[0m[0;34m1[0;34m0[0;34m0[0;34m0[0;34m1
[0m[0;34m1[0;34m0[0;34m0[0;34m0[0;34m1
[0m[0;34m1[0;34m0[0;34m0[0;34m0[0;34m1
[0m[0;34m1[0;34m1[0;34m1[0;34m1[0;34m1
[0mExit code: 1
‚ö†Ô∏è No Valgrind alerts, but with leaks[0m  
==16215== Memcheck, a memory error detector
==16215== Copyright (C) 2002-2022, and GNU GPL'd, by Julian Seward et al.
==16215== Using Valgrind-3.22.0 and LibVEX; rerun with -h for copyright info
==16215== Command: ./cub3d ./maps/bad/player_none.cub
==16215== Parent PID: 16115
==16215== 
==16215== 
==16215== HEAP SUMMARY:
==16215==     in use at exit: 598 bytes in 36 blocks
==16215==   total heap usage: 126 allocs, 90 frees, 7,925 bytes allocated
==16215== 
==16215== LEAK SUMMARY:
==16215==    definitely lost: 288 bytes in 2 blocks
==16215==    indirectly lost: 310 bytes in 34 blocks
==16215==      possibly lost: 0 bytes in 0 blocks
==16215==    still reachable: 0 bytes in 0 blocks
==16215==         suppressed: 0 bytes in 0 blocks
==16215== Rerun with --leak-check=full to see details of leaked memory
==16215== 
==16215== For lists of detected and suppressed errors, rerun with: -s
==16215== ERROR SUMMARY: 0 errors from 0 contexts (suppressed: 0 from 0)
Running valgrind on ./maps/bad/player_on_edge.cub...

[0;31m Error:[Walls check] incorrect horizontal walls
[0m [0;34mN[0;34mO[0;34m [0;34mt[0;34me[0;34mx[0;34mt[0;34mu[0;34mr[0;34me[0;34ms[0;34m/[0;34mt[0;34me[0;34ms[0;34mt[0;34m/[0;34mn[0;34mo[0;34mr[0;34mt[0;34mh[0;34m.[0;34mx[0;34mp[0;34mm
[0m[0;34mS[0;34mO[0;34m [0;34mt[0;34me[0;34mx[0;34mt[0;34mu[0;34mr[0;34me[0;34ms[0;34m/[0;34mt[0;34me[0;34ms[0;34mt[0;34m/[0;34ms[0;34mo[0;34mu[0;34mt[0;34mh[0;34m.[0;34mx[0;34mp[0;34mm
[0m[0;34mW[0;34mE[0;34m [0;34mt[0;34me[0;34mx[0;34mt[0;34mu[0;34mr[0;34me[0;34ms[0;34m/[0;34mt[0;34me[0;34ms[0;34mt[0;34m/[0;34mw[0;34me[0;34ms[0;34mt[0;34m.[0;34mx[0;34mp[0;34mm
[0m[0;34mE[0;34mA[0;34m [0;34mt[0;34me[0;34mx[0;34mt[0;34mu[0;34mr[0;34me[0;34ms[0;34m/[0;34mt[0;34me[0;34ms[0;34mt[0;34m/[0;34me[0;34ma[0;34ms[0;34mt[0;34m.[0;34mx[0;34mp[0;34mm
[0m
[0m[0;34mF[0;34m [0;34m2[0;34m0[0;34m,[0;34m2[0;34m0[0;34m,[0;34m2[0;34m0
[0m[0;34mC[0;34m [0;34m2[0;34m0[0;34m0[0;34m,[0;34m2[0;34m0[0;34m0[0;34m,[0;34m2[0;34m0[0;34m0
[0m
[0m[0;34m1[0;34mS[0;34m1[0;34m1[0;34m1
[0m[0;34m1[0;34m0[0;34m0[0;34m0[0;34m1
[0m[0;34m1[0;34m0[0;34m0[0;34m0[0;34m1
[0m[0;34m1[0;34m0[0;34m0[0;34m0[0;34m1
[0m[0;34m1[0;34m0[0;34m0[0;34m0[0;34m1
[0m[0;34m1[0;34m0[0;34m0[0;34m0[0;34m1
[0m[0;34m1[0;34m1[0;34m0[0;34m0[0;34m1
[0m[0;34m1[0;34m0[0;34m0[0;34m0[0;34m1
[0m[0;34m1[0;34m0[0;34m0[0;34m0[0;34m1
[0m[0;34m1[0;34m0[0;34m0[0;34m0[0;34m1
[0m[0;34m1[0;34m0[0;34m0[0;34m0[0;34m1
[0m[0;34m1[0;34m0[0;34m0[0;34m0[0;34m1
[0m[0;34m1[0;34m1[0;34m1[0;34m1[0;34m1
[0mExit code: 1
‚ö†Ô∏è No Valgrind alerts, but with leaks[0m  
==16231== Memcheck, a memory error detector
==16231== Copyright (C) 2002-2022, and GNU GPL'd, by Julian Seward et al.
==16231== Using Valgrind-3.22.0 and LibVEX; rerun with -h for copyright info
==16231== Command: ./cub3d ./maps/bad/player_on_edge.cub
==16231== Parent PID: 16115
==16231== 
==16231== 
==16231== HEAP SUMMARY:
==16231==     in use at exit: 598 bytes in 36 blocks
==16231==   total heap usage: 126 allocs, 90 frees, 7,925 bytes allocated
==16231== 
==16231== LEAK SUMMARY:
==16231==    definitely lost: 288 bytes in 2 blocks
==16231==    indirectly lost: 310 bytes in 34 blocks
==16231==      possibly lost: 0 bytes in 0 blocks
==16231==    still reachable: 0 bytes in 0 blocks
==16231==         suppressed: 0 bytes in 0 blocks
==16231== Rerun with --leak-check=full to see details of leaked memory
==16231== 
==16231== For lists of detected and suppressed errors, rerun with: -s
==16231== ERROR SUMMARY: 0 errors from 0 contexts (suppressed: 0 from 0)
Running valgrind on ./maps/bad/textures_dir.cub...

[0;31m Error:[Texture verification] file is not found
[0m [0;34mN[0;34mO[0;34m [0;34mt[0;34me[0;34mx[0;34mt[0;34mu[0;34mr[0;34me[0;34ms[0;34m/[0;34mt[0;34me[0;34ms[0;34mt[0;34m/[0;34mn[0;34mo[0;34mr[0;34mt[0;34mh[0;34m.[0;34mx[0;34mp[0;34mm
[0m[0;34mS[0;34mO[0;34m [0;34mt[0;34me[0;34mx[0;34mt[0;34mu[0;34mr[0;34me[0;34ms[0;34m/[0;34mt[0;34me[0;34ms[0;34mt[0;34m/[0;34ms[0;34mo[0;34mu[0;34mt[0;34mh[0;34m.[0;34mx[0;34mp[0;34mm
[0m[0;34mW[0;34mE[0;34m [0;34mt[0;34me[0;34mx[0;34mt[0;34mu[0;34mr[0;34me[0;34ms[0;34m/[0;34mt[0;34me[0;34ms[0;34mt[0;34m/[0;34mw[0;34me[0;34ms[0;34mt[0;34m.[0;34mx[0;34mp[0;34mm
[0m[0;34mE[0;34mA[0;34m [0;34mt[0;34me[0;34mx[0;34mt[0;34mu[0;34mr[0;34me[0;34ms[0;34m/[0;34mt[0;34me[0;34ms[0;34mt[0;34m/
[0m
[0m[0;34mF[0;34m [0;34m2[0;34m0[0;34m,[0;34m2[0;34m0[0;34m,[0;34m2[0;34m0
[0m[0;34mC[0;34m [0;34m2[0;34m0[0;34m0[0;34m,[0;34m2[0;34m0[0;34m0[0;34m,[0;34m2[0;34m0[0;34m0
[0m
[0m[0;34m1[0;34m1[0;34m1[0;34m1[0;34m1
[0m[0;34m1[0;34m0[0;34m0[0;34m0[0;34m1
[0m[0;34m1[0;34m0[0;34mS[0;34m0[0;34m1
[0m[0;34m1[0;34m0[0;34m0[0;34m0[0;34m1
[0m[0;34m1[0;34m0[0;34m0[0;34m0[0;34m1
[0m[0;34m1[0;34m0[0;34m0[0;34m0[0;34m1
[0m[0;34m1[0;34m1[0;34m0[0;34m0[0;34m1
[0m[0;34m1[0;34m0[0;34m0[0;34m0[0;34m1
[0m[0;34m1[0;34m0[0;34m0[0;34m0[0;34m1
[0m[0;34m1[0;34m0[0;34m0[0;34m0[0;34m1
[0m[0;34m1[0;34m0[0;34m0[0;34m0[0;34m1
[0m[0;34m1[0;34m0[0;34m0[0;34m0[0;34m1
[0m[0;34m1[0;34m1[0;34m1[0;34m1[0;34m1
[0mExit code: 1
‚ö†Ô∏è No Valgrind alerts, but with leaks[0m  
==16234== Memcheck, a memory error detector
==16234== Copyright (C) 2002-2022, and GNU GPL'd, by Julian Seward et al.
==16234== Using Valgrind-3.22.0 and LibVEX; rerun with -h for copyright info
==16234== Command: ./cub3d ./maps/bad/textures_dir.cub
==16234== Parent PID: 16115
==16234== 
==16234== 
==16234== HEAP SUMMARY:
==16234==     in use at exit: 676 bytes in 40 blocks
==16234==   total heap usage: 130 allocs, 90 frees, 7,985 bytes allocated
==16234== 
==16234== LEAK SUMMARY:
==16234==    definitely lost: 374 bytes in 6 blocks
==16234==    indirectly lost: 302 bytes in 34 blocks
==16234==      possibly lost: 0 bytes in 0 blocks
==16234==    still reachable: 0 bytes in 0 blocks
==16234==         suppressed: 0 bytes in 0 blocks
==16234== Rerun with --leak-check=full to see details of leaked memory
==16234== 
==16234== For lists of detected and suppressed errors, rerun with: -s
==16234== ERROR SUMMARY: 0 errors from 0 contexts (suppressed: 0 from 0)
Running valgrind on ./maps/bad/textures_duplicates.cub...

[0;31m Error:[Texture] textures are not complete
[0m [0;34mN[0;34mO[0;34m [0;34mt[0;34me[0;34mx[0;34mt[0;34mu[0;34mr[0;34me[0;34ms[0;34m/[0;34mt[0;34me[0;34ms[0;34mt[0;34m/[0;34mn[0;34mo[0;34mr[0;34mt[0;34mh[0;34m.[0;34mx[0;34mp[0;34mm
[0m[0;34mS[0;34mO[0;34m [0;34mt[0;34me[0;34mx[0;34mt[0;34mu[0;34mr[0;34me[0;34ms[0;34m/[0;34mt[0;34me[0;34ms[0;34mt[0;34m/[0;34ms[0;34mo[0;34mu[0;34mt[0;34mh[0;34m.[0;34mx[0;34mp[0;34mm
[0m[0;34mW[0;34mE[0;34m [0;34mt[0;34me[0;34mx[0;34mt[0;34mu[0;34mr[0;34me[0;34ms[0;34m/[0;34mt[0;34me[0;34ms[0;34mt[0;34m/[0;34mw[0;34me[0;34ms[0;34mt[0;34m.[0;34mx[0;34mp[0;34mm
[0m[0;34mE[0;34mA
[0m
[0m[0;34mF[0;34m [0;34m2[0;34m0[0;34m,[0;34m2[0;34m0[0;34m,[0;34m2[0;34m0
[0m[0;34mC[0;34m [0;34m2[0;34m0[0;34m0[0;34m,[0;34m2[0;34m0[0;34m0[0;34m,[0;34m2[0;34m0[0;34m0
[0m
[0m[0;34m1[0;34m1[0;34m1[0;34m1[0;34m1
[0m[0;34m1[0;34m0[0;34m0[0;34m0[0;34m1
[0m[0;34m1[0;34m0[0;34mS[0;34m0[0;34m1
[0m[0;34m1[0;34m0[0;34m0[0;34m0[0;34m1
[0m[0;34m1[0;34m0[0;34m0[0;34m0[0;34m1
[0m[0;34m1[0;34m0[0;34m0[0;34m0[0;34m1
[0m[0;34m1[0;34m1[0;34m0[0;34m0[0;34m1
[0m[0;34m1[0;34m0[0;34m0[0;34m0[0;34m1
[0m[0;34m1[0;34m0[0;34m0[0;34m0[0;34m1
[0m[0;34m1[0;34m0[0;34m0[0;34m0[0;34m1
[0m[0;34m1[0;34m0[0;34m0[0;34m0[0;34m1
[0m[0;34m1[0;34m0[0;34m0[0;34m0[0;34m1
[0m[0;34m1[0;34m1[0;34m1[0;34m1[0;34m1
[0mExit code: 1
‚ö†Ô∏è No Valgrind alerts, but with leaks[0m  
==16248== Memcheck, a memory error detector
==16248== Copyright (C) 2002-2022, and GNU GPL'd, by Julian Seward et al.
==16248== Using Valgrind-3.22.0 and LibVEX; rerun with -h for copyright info
==16248== Command: ./cub3d ./maps/bad/textures_duplicates.cub
==16248== Parent PID: 16115
==16248== 
==16248== 
==16248== HEAP SUMMARY:
==16248==     in use at exit: 646 bytes in 39 blocks
==16248==   total heap usage: 128 allocs, 89 frees, 7,915 bytes allocated
==16248== 
==16248== LEAK SUMMARY:
==16248==    definitely lost: 359 bytes in 5 blocks
==16248==    indirectly lost: 287 bytes in 34 blocks
==16248==      possibly lost: 0 bytes in 0 blocks
==16248==    still reachable: 0 bytes in 0 blocks
==16248==         suppressed: 0 bytes in 0 blocks
==16248== Rerun with --leak-check=full to see details of leaked memory
==16248== 
==16248== For lists of detected and suppressed errors, rerun with: -s
==16248== ERROR SUMMARY: 0 errors from 0 contexts (suppressed: 0 from 0)
Running valgrind on ./maps/bad/textures_invalid.cub...

[0;31m Error:[Texture verification] file is not found
[0m [0;34mN[0;34mO[0;34m [0;34mt[0;34me[0;34mx[0;34mt[0;34mu[0;34mr[0;34me[0;34ms[0;34m/[0;34mt[0;34me[0;34ms[0;34mt[0;34m/[0;34mn[0;34mo[0;34mr[0;34mt[0;34mh[0;34m.[0;34mx[0;34mp[0;34mm
[0m[0;34mS[0;34mO[0;34m [0;34mt[0;34me[0;34mx[0;34mt[0;34mu[0;34mr[0;34me[0;34ms[0;34m/[0;34mt[0;34me[0;34ms[0;34mt[0;34m/[0;34ms[0;34mo[0;34mu[0;34mt[0;34mh[0;34m.[0;34mx[0;34mp[0;34mm
[0m[0;34mW[0;34mE[0;34m [0;34mt[0;34me[0;34mx[0;34mt[0;34mu[0;34mr[0;34me[0;34ms[0;34m/[0;34mt[0;34me[0;34ms[0;34mt[0;34m/[0;34mx
[0m[0;34mE[0;34mA[0;34m [0;34mt[0;34me[0;34mx[0;34mt[0;34mu[0;34mr[0;34me[0;34ms[0;34m/[0;34mt[0;34me[0;34ms[0;34mt[0;34m/[0;34me[0;34ma[0;34ms[0;34mt[0;34m.[0;34mx[0;34mp[0;34mm
[0m
[0m[0;34mF[0;34m [0;34m2[0;34m0[0;34m,[0;34m2[0;34m0[0;34m,[0;34m2[0;34m0
[0m[0;34mC[0;34m [0;34m2[0;34m0[0;34m0[0;34m,[0;34m2[0;34m0[0;34m0[0;34m,[0;34m2[0;34m0[0;34m0
[0m
[0m[0;34m1[0;34m1[0;34m1[0;34m1[0;34m1
[0m[0;34m1[0;34m0[0;34m0[0;34m0[0;34m1
[0m[0;34m1[0;34m0[0;34mS[0;34m0[0;34m1
[0m[0;34m1[0;34m0[0;34m0[0;34m0[0;34m1
[0m[0;34m1[0;34m0[0;34m0[0;34m0[0;34m1
[0m[0;34m1[0;34m0[0;34m0[0;34m0[0;34m1
[0m[0;34m1[0;34m1[0;34m0[0;34m0[0;34m1
[0m[0;34m1[0;34m0[0;34m0[0;34m0[0;34m1
[0m[0;34m1[0;34m0[0;34m0[0;34m0[0;34m1
[0m[0;34m1[0;34m0[0;34m0[0;34m0[0;34m1
[0m[0;34m1[0;34m0[0;34m0[0;34m0[0;34m1
[0m[0;34m1[0;34m0[0;34m0[0;34m0[0;34m1
[0m[0;34m1[0;34m1[0;34m1[0;34m1[0;34m1
[0mExit code: 1
‚ö†Ô∏è No Valgrind alerts, but with leaks[0m  
==16251== Memcheck, a memory error detector
==16251== Copyright (C) 2002-2022, and GNU GPL'd, by Julian Seward et al.
==16251== Using Valgrind-3.22.0 and LibVEX; rerun with -h for copyright info
==16251== Command: ./cub3d ./maps/bad/textures_invalid.cub
==16251== Parent PID: 16115
==16251== 
==16251== 
==16251== HEAP SUMMARY:
==16251==     in use at exit: 678 bytes in 40 blocks
==16251==   total heap usage: 130 allocs, 90 frees, 7,982 bytes allocated
==16251== 
==16251== LEAK SUMMARY:
==16251==    definitely lost: 375 bytes in 6 blocks
==16251==    indirectly lost: 303 bytes in 34 blocks
==16251==      possibly lost: 0 bytes in 0 blocks
==16251==    still reachable: 0 bytes in 0 blocks
==16251==         suppressed: 0 bytes in 0 blocks
==16251== Rerun with --leak-check=full to see details of leaked memory
==16251== 
==16251== For lists of detected and suppressed errors, rerun with: -s
==16251== ERROR SUMMARY: 0 errors from 0 contexts (suppressed: 0 from 0)
Running valgrind on ./maps/bad/textures_missing.cub...

[0;31m Error:[Texture] textures are not complete
[0m [0;34mS[0;34mO[0;34m [0;34mt[0;34me[0;34mx[0;34mt[0;34mu[0;34mr[0;34me[0;34ms[0;34m/[0;34mt[0;34me[0;34ms[0;34mt[0;34m/[0;34ms[0;34mo[0;34mu[0;34mt[0;34mh[0;34m.[0;34mx[0;34mp[0;34mm
[0m[0;34mW[0;34mE[0;34m [0;34mt[0;34me[0;34mx[0;34mt[0;34mu[0;34mr[0;34me[0;34ms[0;34m/[0;34mt[0;34me[0;34ms[0;34mt[0;34m/[0;34mw[0;34me[0;34ms[0;34mt[0;34m.[0;34mx[0;34mp[0;34mm
[0m[0;34mE[0;34mA[0;34m [0;34mt[0;34me[0;34mx[0;34mt[0;34mu[0;34mr[0;34me[0;34ms[0;34m/[0;34mt[0;34me[0;34ms[0;34mt[0;34m/[0;34me[0;34ma[0;34ms[0;34mt[0;34m.[0;34mx[0;34mp[0;34mm
[0m
[0m[0;34mF[0;34m [0;34m2[0;34m0[0;34m,[0;34m2[0;34m0[0;34m,[0;34m2[0;34m0
[0m[0;34mC[0;34m [0;34m2[0;34m0[0;34m0[0;34m,[0;34m2[0;34m0[0;34m0[0;34m,[0;34m2[0;34m0[0;34m0
[0m
[0m[0;34m1[0;34m1[0;34m1[0;34m1[0;34m1
[0m[0;34m1[0;34m0[0;34m0[0;34m0[0;34m1
[0m[0;34m1[0;34m0[0;34mS[0;34m0[0;34m1
[0m[0;34m1[0;34m0[0;34m0[0;34m0[0;34m1
[0m[0;34m1[0;34m0[0;34m0[0;34m0[0;34m1
[0m[0;34m1[0;34m0[0;34m0[0;34m0[0;34m1
[0m[0;34m1[0;34m1[0;34m0[0;34m0[0;34m1
[0m[0;34m1[0;34m0[0;34m0[0;34m0[0;34m1
[0m[0;34m1[0;34m0[0;34m0[0;34m0[0;34m1
[0m[0;34m1[0;34m0[0;34m0[0;34m0[0;34m1
[0m[0;34m1[0;34m0[0;34m0[0;34m0[0;34m1
[0m[0;34m1[0;34m0[0;34m0[0;34m0[0;34m1
[0m[0;34m1[0;34m1[0;34m1[0;34m1[0;34m1
[0mExit code: 1
‚ö†Ô∏è No Valgrind alerts, but with leaks[0m  
==16254== Memcheck, a memory error detector
==16254== Copyright (C) 2002-2022, and GNU GPL'd, by Julian Seward et al.
==16254== Using Valgrind-3.22.0 and LibVEX; rerun with -h for copyright info
==16254== Command: ./cub3d ./maps/bad/textures_missing.cub
==16254== Parent PID: 16115
==16254== 
==16254== 
==16254== HEAP SUMMARY:
==16254==     in use at exit: 632 bytes in 38 blocks
==16254==   total heap usage: 124 allocs, 86 frees, 7,678 bytes allocated
==16254== 
==16254== LEAK SUMMARY:
==16254==    definitely lost: 350 bytes in 5 blocks
==16254==    indirectly lost: 282 bytes in 33 blocks
==16254==      possibly lost: 0 bytes in 0 blocks
==16254==    still reachable: 0 bytes in 0 blocks
==16254==         suppressed: 0 bytes in 0 blocks
==16254== Rerun with --leak-check=full to see details of leaked memory
==16254== 
==16254== For lists of detected and suppressed errors, rerun with: -s
==16254== ERROR SUMMARY: 0 errors from 0 contexts (suppressed: 0 from 0)
Running valgrind on ./maps/bad/textures_none.cub...

[0;31m Error:[Texture] textures are not complete
[0m [0;34mF[0;34m [0;34m2[0;34m0[0;34m,[0;34m2[0;34m0[0;34m,[0;34m2[0;34m0
[0m[0;34mC[0;34m [0;34m2[0;34m0[0;34m0[0;34m,[0;34m2[0;34m0[0;34m0[0;34m,[0;34m2[0;34m0[0;34m0
[0m
[0m[0;34m1[0;34m1[0;34m1[0;34m1[0;34m1
[0m[0;34m1[0;34m0[0;34m0[0;34m0[0;34m1
[0m[0;34m1[0;34m0[0;34mS[0;34m0[0;34m1
[0m[0;34m1[0;34m0[0;34m0[0;34m0[0;34m1
[0m[0;34m1[0;34m0[0;34m0[0;34m0[0;34m1
[0m[0;34m1[0;34m0[0;34m0[0;34m0[0;34m1
[0m[0;34m1[0;34m1[0;34m0[0;34m0[0;34m1
[0m[0;34m1[0;34m0[0;34m0[0;34m0[0;34m1
[0m[0;34m1[0;34m0[0;34m0[0;34m0[0;34m1
[0m[0;34m1[0;34m0[0;34m0[0;34m0[0;34m1
[0m[0;34m1[0;34m0[0;34m0[0;34m0[0;34m1
[0m[0;34m1[0;34m0[0;34m0[0;34m0[0;34m1
[0m[0;34m1[0;34m1[0;34m1[0;34m1[0;34m1
[0mExit code: 1
‚ö†Ô∏è No Valgrind alerts, but with leaks[0m  
==16257== Memcheck, a memory error detector
==16257== Copyright (C) 2002-2022, and GNU GPL'd, by Julian Seward et al.
==16257== Using Valgrind-3.22.0 and LibVEX; rerun with -h for copyright info
==16257== Command: ./cub3d ./maps/bad/textures_none.cub
==16257== Parent PID: 16115
==16257== 
==16257== 
==16257== HEAP SUMMARY:
==16257==     in use at exit: 446 bytes in 31 blocks
==16257==   total heap usage: 102 allocs, 71 frees, 6,634 bytes allocated
==16257== 
==16257== LEAK SUMMARY:
==16257==    definitely lost: 248 bytes in 2 blocks
==16257==    indirectly lost: 198 bytes in 29 blocks
==16257==      possibly lost: 0 bytes in 0 blocks
==16257==    still reachable: 0 bytes in 0 blocks
==16257==         suppressed: 0 bytes in 0 blocks
==16257== Rerun with --leak-check=full to see details of leaked memory
==16257== 
==16257== For lists of detected and suppressed errors, rerun with: -s
==16257== ERROR SUMMARY: 0 errors from 0 contexts (suppressed: 0 from 0)
Running valgrind on ./maps/bad/textures_not_xpm.cub...

[0;31m Error:[Texture verification] invalid texture format
[0m [0;34mN[0;34mO[0;34m [0;34mt[0;34me[0;34mx[0;34mt[0;34mu[0;34mr[0;34me[0;34ms[0;34m/[0;34mt[0;34me[0;34ms[0;34mt[0;34m/[0;34mn[0;34mo[0;34mr[0;34mt[0;34mh
[0m[0;34mS[0;34mO[0;34m [0;34mt[0;34me[0;34mx[0;34mt[0;34mu[0;34mr[0;34me[0;34ms[0;34m/[0;34mt[0;34me[0;34ms[0;34mt[0;34m/[0;34ms[0;34mo[0;34mu[0;34mt[0;34mh[0;34m.[0;34mx[0;34mp[0;34mm
[0m[0;34mW[0;34mE[0;34m [0;34mt[0;34me[0;34mx[0;34mt[0;34mu[0;34mr[0;34me[0;34ms[0;34m/[0;34mt[0;34me[0;34ms[0;34mt[0;34m/[0;34mw[0;34me[0;34ms[0;34mt[0;34m.[0;34mx[0;34mp[0;34mm
[0m[0;34mE[0;34mA[0;34m [0;34mt[0;34me[0;34mx[0;34mt[0;34mu[0;34mr[0;34me[0;34ms[0;34m/[0;34mt[0;34me[0;34ms[0;34mt[0;34m/[0;34me[0;34ma[0;34ms[0;34mt[0;34m.[0;34mx[0;34mp[0;34mm
[0m
[0m[0;34mF[0;34m [0;34m2[0;34m0[0;34m,[0;34m2[0;34m0[0;34m,[0;34m2[0;34m0
[0m[0;34mC[0;34m [0;34m2[0;34m0[0;34m0[0;34m,[0;34m2[0;34m0[0;34m0[0;34m,[0;34m2[0;34m0[0;34m0
[0m
[0m[0;34m1[0;34m1[0;34m1[0;34m1[0;34m1
[0m[0;34m1[0;34m0[0;34m0[0;34m0[0;34m1
[0m[0;34m1[0;34m0[0;34mS[0;34m0[0;34m1
[0m[0;34m1[0;34m0[0;34m0[0;34m0[0;34m1
[0m[0;34m1[0;34m0[0;34m0[0;34m0[0;34m1
[0m[0;34m1[0;34m0[0;34m0[0;34m0[0;34m1
[0m[0;34m1[0;34m1[0;34m0[0;34m0[0;34m1
[0m[0;34m1[0;34m0[0;34m0[0;34m0[0;34m1
[0m[0;34m1[0;34m0[0;34m0[0;34m0[0;34m1
[0m[0;34m1[0;34m0[0;34m0[0;34m0[0;34m1
[0m[0;34m1[0;34m0[0;34m0[0;34m0[0;34m1
[0m[0;34m1[0;34m0[0;34m0[0;34m0[0;34m1
[0m[0;34m1[0;34m1[0;34m1[0;34m1[0;34m1
[0mExit code: 1
‚ö†Ô∏è No Valgrind alerts, but with leaks[0m  
==16260== Memcheck, a memory error detector
==16260== Copyright (C) 2002-2022, and GNU GPL'd, by Julian Seward et al.
==16260== Using Valgrind-3.22.0 and LibVEX; rerun with -h for copyright info
==16260== Command: ./cub3d ./maps/bad/textures_not_xpm.cub
==16260== Parent PID: 16115
==16260== 
==16260== 
==16260== HEAP SUMMARY:
==16260==     in use at exit: 684 bytes in 40 blocks
==16260==   total heap usage: 130 allocs, 90 frees, 7,975 bytes allocated
==16260== 
==16260== LEAK SUMMARY:
==16260==    definitely lost: 378 bytes in 6 blocks
==16260==    indirectly lost: 306 bytes in 34 blocks
==16260==      possibly lost: 0 bytes in 0 blocks
==16260==    still reachable: 0 bytes in 0 blocks
==16260==         suppressed: 0 bytes in 0 blocks
==16260== Rerun with --leak-check=full to see details of leaked memory
==16260== 
==16260== For lists of detected and suppressed errors, rerun with: -s
==16260== ERROR SUMMARY: 0 errors from 0 contexts (suppressed: 0 from 0)
Running valgrind on ./maps/bad/wall_hole_east.cub...

[0;31m Error:[Walls check] incorrect vertical walls 
[0m [0;34mN[0;34mO[0;34m [0;34mt[0;34me[0;34mx[0;34mt[0;34mu[0;34mr[0;34me[0;34ms[0;34m/[0;34mt[0;34me[0;34ms[0;34mt[0;34m/[0;34mn[0;34mo[0;34mr[0;34mt[0;34mh[0;34m.[0;34mx[0;34mp[0;34mm
[0m[0;34mS[0;34mO[0;34m [0;34mt[0;34me[0;34mx[0;34mt[0;34mu[0;34mr[0;34me[0;34ms[0;34m/[0;34mt[0;34me[0;34ms[0;34mt[0;34m/[0;34ms[0;34mo[0;34mu[0;34mt[0;34mh[0;34m.[0;34mx[0;34mp[0;34mm
[0m[0;34mW[0;34mE[0;34m [0;34mt[0;34me[0;34mx[0;34mt[0;34mu[0;34mr[0;34me[0;34ms[0;34m/[0;34mt[0;34me[0;34ms[0;34mt[0;34m/[0;34mw[0;34me[0;34ms[0;34mt[0;34m.[0;34mx[0;34mp[0;34mm
[0m[0;34mE[0;34mA[0;34m [0;34mt[0;34me[0;34mx[0;34mt[0;34mu[0;34mr[0;34me[0;34ms[0;34m/[0;34mt[0;34me[0;34ms[0;34mt[0;34m/[0;34me[0;34ma[0;34ms[0;34mt[0;34m.[0;34mx[0;34mp[0;34mm
[0m
[0m[0;34mF[0;34m [0;34m2[0;34m0[0;34m,[0;34m2[0;34m0[0;34m,[0;34m2[0;34m0
[0m[0;34mC[0;34m [0;34m2[0;34m0[0;34m0[0;34m,[0;34m2[0;34m0[0;34m0[0;34m,[0;34m2[0;34m0[0;34m0
[0m
[0m[0;34m1[0;34m1[0;34m1[0;34m1[0;34m1
[0m[0;34m1[0;34m0[0;34m0[0;34m0[0;34m1
[0m[0;34m1[0;34m0[0;34mS[0;34m0[0;34m1
[0m[0;34m1[0;34m0[0;34m0[0;34m0[0;34m1
[0m[0;34m1[0;34m0[0;34m0[0;34m0[0;34m1
[0m[0;34m1[0;34m0[0;34m0[0;34m0[0;34m1
[0m[0;34m1[0;34m1[0;34m0[0;34m0[0;34m0
[0m[0;34m1[0;34m0[0;34m0[0;34m0[0;34m1
[0m[0;34m1[0;34m0[0;34m0[0;34m0[0;34m1
[0m[0;34m1[0;34m0[0;34m0[0;34m0[0;34m1
[0m[0;34m1[0;34m0[0;34m0[0;34m0[0;34m1
[0m[0;34m1[0;34m0[0;34m0[0;34m0[0;34m1
[0m[0;34m1[0;34m1[0;34m1[0;34m1[0;34m1
[0mExit code: 1
‚ö†Ô∏è No Valgrind alerts, but with leaks[0m  
==16263== Memcheck, a memory error detector
==16263== Copyright (C) 2002-2022, and GNU GPL'd, by Julian Seward et al.
==16263== Using Valgrind-3.22.0 and LibVEX; rerun with -h for copyright info
==16263== Command: ./cub3d ./maps/bad/wall_hole_east.cub
==16263== Parent PID: 16115
==16263== 
==16263== 
==16263== HEAP SUMMARY:
==16263==     in use at exit: 598 bytes in 36 blocks
==16263==   total heap usage: 126 allocs, 90 frees, 7,925 bytes allocated
==16263== 
==16263== LEAK SUMMARY:
==16263==    definitely lost: 288 bytes in 2 blocks
==16263==    indirectly lost: 310 bytes in 34 blocks
==16263==      possibly lost: 0 bytes in 0 blocks
==16263==    still reachable: 0 bytes in 0 blocks
==16263==         suppressed: 0 bytes in 0 blocks
==16263== Rerun with --leak-check=full to see details of leaked memory
==16263== 
==16263== For lists of detected and suppressed errors, rerun with: -s
==16263== ERROR SUMMARY: 0 errors from 0 contexts (suppressed: 0 from 0)
Running valgrind on ./maps/bad/wall_hole_north.cub...

[0;31m Error:[Walls check] incorrect horizontal walls
[0m [0;34mN[0;34mO[0;34m [0;34mt[0;34me[0;34mx[0;34mt[0;34mu[0;34mr[0;34me[0;34ms[0;34m/[0;34mt[0;34me[0;34ms[0;34mt[0;34m/[0;34mn[0;34mo[0;34mr[0;34mt[0;34mh[0;34m.[0;34mx[0;34mp[0;34mm
[0m[0;34mS[0;34mO[0;34m [0;34mt[0;34me[0;34mx[0;34mt[0;34mu[0;34mr[0;34me[0;34ms[0;34m/[0;34mt[0;34me[0;34ms[0;34mt[0;34m/[0;34ms[0;34mo[0;34mu[0;34mt[0;34mh[0;34m.[0;34mx[0;34mp[0;34mm
[0m[0;34mW[0;34mE[0;34m [0;34mt[0;34me[0;34mx[0;34mt[0;34mu[0;34mr[0;34me[0;34ms[0;34m/[0;34mt[0;34me[0;34ms[0;34mt[0;34m/[0;34mw[0;34me[0;34ms[0;34mt[0;34m.[0;34mx[0;34mp[0;34mm
[0m[0;34mE[0;34mA[0;34m [0;34mt[0;34me[0;34mx[0;34mt[0;34mu[0;34mr[0;34me[0;34ms[0;34m/[0;34mt[0;34me[0;34ms[0;34mt[0;34m/[0;34me[0;34ma[0;34ms[0;34mt[0;34m.[0;34mx[0;34mp[0;34mm
[0m
[0m[0;34mF[0;34m [0;34m2[0;34m0[0;34m,[0;34m2[0;34m0[0;34m,[0;34m2[0;34m0
[0m[0;34mC[0;34m [0;34m2[0;34m0[0;34m0[0;34m,[0;34m2[0;34m0[0;34m0[0;34m,[0;34m2[0;34m0[0;34m0
[0m
[0m[0;34m1[0;34m1[0;34m0[0;34m1[0;34m1
[0m[0;34m1[0;34m0[0;34m0[0;34m0[0;34m1
[0m[0;34m1[0;34m0[0;34mS[0;34m0[0;34m1
[0m[0;34m1[0;34m0[0;34m0[0;34m0[0;34m1
[0m[0;34m1[0;34m0[0;34m0[0;34m0[0;34m1
[0m[0;34m1[0;34m0[0;34m0[0;34m0[0;34m1
[0m[0;34m1[0;34m1[0;34m0[0;34m0[0;34m1
[0m[0;34m1[0;34m0[0;34m0[0;34m0[0;34m1
[0m[0;34m1[0;34m0[0;34m0[0;34m0[0;34m1
[0m[0;34m1[0;34m0[0;34m0[0;34m0[0;34m1
[0m[0;34m1[0;34m0[0;34m0[0;34m0[0;34m1
[0m[0;34m1[0;34m0[0;34m0[0;34m0[0;34m1
[0m[0;34m1[0;34m1[0;34m1[0;34m1[0;34m1
[0mExit code: 1
‚ö†Ô∏è No Valgrind alerts, but with leaks[0m  
==16266== Memcheck, a memory error detector
==16266== Copyright (C) 2002-2022, and GNU GPL'd, by Julian Seward et al.
==16266== Using Valgrind-3.22.0 and LibVEX; rerun with -h for copyright info
==16266== Command: ./cub3d ./maps/bad/wall_hole_north.cub
==16266== Parent PID: 16115
==16266== 
==16266== 
==16266== HEAP SUMMARY:
==16266==     in use at exit: 598 bytes in 36 blocks
==16266==   total heap usage: 126 allocs, 90 frees, 7,925 bytes allocated
==16266== 
==16266== LEAK SUMMARY:
==16266==    definitely lost: 288 bytes in 2 blocks
==16266==    indirectly lost: 310 bytes in 34 blocks
==16266==      possibly lost: 0 bytes in 0 blocks
==16266==    still reachable: 0 bytes in 0 blocks
==16266==         suppressed: 0 bytes in 0 blocks
==16266== Rerun with --leak-check=full to see details of leaked memory
==16266== 
==16266== For lists of detected and suppressed errors, rerun with: -s
==16266== ERROR SUMMARY: 0 errors from 0 contexts (suppressed: 0 from 0)
Running valgrind on ./maps/bad/wall_hole_south.cub...

[0;31m Error:[Walls check] incorrect horizontal walls
[0m [0;34mN[0;34mO[0;34m [0;34mt[0;34me[0;34mx[0;34mt[0;34mu[0;34mr[0;34me[0;34ms[0;34m/[0;34mt[0;34me[0;34ms[0;34mt[0;34m/[0;34mn[0;34mo[0;34mr[0;34mt[0;34mh[0;34m.[0;34mx[0;34mp[0;34mm
[0m[0;34mS[0;34mO[0;34m [0;34mt[0;34me[0;34mx[0;34mt[0;34mu[0;34mr[0;34me[0;34ms[0;34m/[0;34mt[0;34me[0;34ms[0;34mt[0;34m/[0;34ms[0;34mo[0;34mu[0;34mt[0;34mh[0;34m.[0;34mx[0;34mp[0;34mm
[0m[0;34mW[0;34mE[0;34m [0;34mt[0;34me[0;34mx[0;34mt[0;34mu[0;34mr[0;34me[0;34ms[0;34m/[0;34mt[0;34me[0;34ms[0;34mt[0;34m/[0;34mw[0;34me[0;34ms[0;34mt[0;34m.[0;34mx[0;34mp[0;34mm
[0m[0;34mE[0;34mA[0;34m [0;34mt[0;34me[0;34mx[0;34mt[0;34mu[0;34mr[0;34me[0;34ms[0;34m/[0;34mt[0;34me[0;34ms[0;34mt[0;34m/[0;34me[0;34ma[0;34ms[0;34mt[0;34m.[0;34mx[0;34mp[0;34mm
[0m
[0m[0;34mF[0;34m [0;34m2[0;34m0[0;34m,[0;34m2[0;34m0[0;34m,[0;34m2[0;34m0
[0m[0;34mC[0;34m [0;34m2[0;34m0[0;34m0[0;34m,[0;34m2[0;34m0[0;34m0[0;34m,[0;34m2[0;34m0[0;34m0
[0m
[0m[0;34m1[0;34m1[0;34m1[0;34m1[0;34m1
[0m[0;34m1[0;34m0[0;34m0[0;34m0[0;34m1
[0m[0;34m1[0;34m0[0;34mS[0;34m0[0;34m1
[0m[0;34m1[0;34m0[0;34m0[0;34m0[0;34m1
[0m[0;34m1[0;34m0[0;34m0[0;34m0[0;34m1
[0m[0;34m1[0;34m0[0;34m0[0;34m0[0;34m1
[0m[0;34m1[0;34m1[0;34m0[0;34m0[0;34m1
[0m[0;34m1[0;34m0[0;34m0[0;34m0[0;34m1
[0m[0;34m1[0;34m0[0;34m0[0;34m0[0;34m1
[0m[0;34m1[0;34m0[0;34m0[0;34m0[0;34m1
[0m[0;34m1[0;34m0[0;34m0[0;34m0[0;34m1
[0m[0;34m1[0;34m0[0;34m0[0;34m0[0;34m1
[0m[0;34m1[0;34m1[0;34m0[0;34m1[0;34m1
[0mExit code: 1
‚ö†Ô∏è No Valgrind alerts, but with leaks[0m  
==16282== Memcheck, a memory error detector
==16282== Copyright (C) 2002-2022, and GNU GPL'd, by Julian Seward et al.
==16282== Using Valgrind-3.22.0 and LibVEX; rerun with -h for copyright info
==16282== Command: ./cub3d ./maps/bad/wall_hole_south.cub
==16282== Parent PID: 16115
==16282== 
==16282== 
==16282== HEAP SUMMARY:
==16282==     in use at exit: 598 bytes in 36 blocks
==16282==   total heap usage: 126 allocs, 90 frees, 7,925 bytes allocated
==16282== 
==16282== LEAK SUMMARY:
==16282==    definitely lost: 288 bytes in 2 blocks
==16282==    indirectly lost: 310 bytes in 34 blocks
==16282==      possibly lost: 0 bytes in 0 blocks
==16282==    still reachable: 0 bytes in 0 blocks
==16282==         suppressed: 0 bytes in 0 blocks
==16282== Rerun with --leak-check=full to see details of leaked memory
==16282== 
==16282== For lists of detected and suppressed errors, rerun with: -s
==16282== ERROR SUMMARY: 0 errors from 0 contexts (suppressed: 0 from 0)
Running valgrind on ./maps/bad/wall_hole_west.cub...

[0;31m Error:[Map check in file] Invalid map placement or format
[0m [0;34mN[0;34mO[0;34m [0;34mt[0;34me[0;34mx[0;34mt[0;34mu[0;34mr[0;34me[0;34ms[0;34m/[0;34mt[0;34me[0;34ms[0;34mt[0;34m/[0;34mn[0;34mo[0;34mr[0;34mt[0;34mh[0;34m.[0;34mx[0;34mp[0;34mm
[0m[0;34mS[0;34mO[0;34m [0;34mt[0;34me[0;34mx[0;34mt[0;34mu[0;34mr[0;34me[0;34ms[0;34m/[0;34mt[0;34me[0;34ms[0;34mt[0;34m/[0;34ms[0;34mo[0;34mu[0;34mt[0;34mh[0;34m.[0;34mx[0;34mp[0;34mm
[0m[0;34mW[0;34mE[0;34m [0;34mt[0;34me[0;34mx[0;34mt[0;34mu[0;34mr[0;34me[0;34ms[0;34m/[0;34mt[0;34me[0;34ms[0;34mt[0;34m/[0;34mw[0;34me[0;34ms[0;34mt[0;34m.[0;34mx[0;34mp[0;34mm
[0m[0;34mE[0;34mA[0;34m [0;34mt[0;34me[0;34mx[0;34mt[0;34mu[0;34mr[0;34me[0;34ms[0;34m/[0;34mt[0;34me[0;34ms[0;34mt[0;34m/[0;34me[0;34ma[0;34ms[0;34mt[0;34m.[0;34mx[0;34mp[0;34mm
[0m
[0m[0;34mF[0;34m [0;34m2[0;34m0[0;34m,[0;34m2[0;34m0[0;34m,[0;34m2[0;34m0
[0m[0;34mC[0;34m [0;34m2[0;34m0[0;34m0[0;34m,[0;34m2[0;34m0[0;34m0[0;34m,[0;34m2[0;34m0[0;34m0
[0m
[0m[0;34m1[0;34m1[0;34m1[0;34m1[0;34m1
[0m[0;34m1[0;34m0[0;34m0[0;34m0[0;34m1
[0m[0;34m1[0;34m0[0;34mS[0;34m0[0;34m1
[0m[0;34m1[0;34m0[0;34m0[0;34m0[0;34m1
[0m[0;34m1[0;34m0[0;34m0[0;34m0[0;34m1
[0m[0;34m0[0;34m0[0;34m0[0;34m0[0;34m1
[0m[0;34m1[0;34m1[0;34m0[0;34m0[0;34m1
[0m[0;34m1[0;34m0[0;34m0[0;34m0[0;34m1
[0m[0;34m1[0;34m0[0;34m0[0;34m0[0;34m1
[0m[0;34m1[0;34m0[0;34m0[0;34m0[0;34m1
[0m[0;34m1[0;34m0[0;34m0[0;34m0[0;34m1
[0m[0;34m1[0;34m0[0;34m0[0;34m0[0;34m1
[0m[0;34m1[0;34m1[0;34m1[0;34m1[0;34m1
[0mExit code: 1
‚ö†Ô∏è No Valgrind alerts, but with leaks[0m  
==16285== Memcheck, a memory error detector
==16285== Copyright (C) 2002-2022, and GNU GPL'd, by Julian Seward et al.
==16285== Using Valgrind-3.22.0 and LibVEX; rerun with -h for copyright info
==16285== Command: ./cub3d ./maps/bad/wall_hole_west.cub
==16285== Parent PID: 16115
==16285== 
==16285== 
==16285== HEAP SUMMARY:
==16285==     in use at exit: 408 bytes in 22 blocks
==16285==   total heap usage: 99 allocs, 77 frees, 7,657 bytes allocated
==16285== 
==16285== LEAK SUMMARY:
==16285==    definitely lost: 176 bytes in 1 blocks
==16285==    indirectly lost: 232 bytes in 21 blocks
==16285==      possibly lost: 0 bytes in 0 blocks
==16285==    still reachable: 0 bytes in 0 blocks
==16285==         suppressed: 0 bytes in 0 blocks
==16285== Rerun with --leak-check=full to see details of leaked memory
==16285== 
==16285== For lists of detected and suppressed errors, rerun with: -s
==16285== ERROR SUMMARY: 0 errors from 0 contexts (suppressed: 0 from 0)
Running valgrind on ./maps/bad/wall_none.cub...

[0;31m Error:[Map start] No map or incorrect placement
[0m [0;34mN[0;34mO[0;34m [0;34mt[0;34me[0;34mx[0;34mt[0;34mu[0;34mr[0;34me[0;34ms[0;34m/[0;34mt[0;34me[0;34ms[0;34mt[0;34m/[0;34mn[0;34mo[0;34mr[0;34mt[0;34mh[0;34m.[0;34mx[0;34mp[0;34mm
[0m[0;34mS[0;34mO[0;34m [0;34mt[0;34me[0;34mx[0;34mt[0;34mu[0;34mr[0;34me[0;34ms[0;34m/[0;34mt[0;34me[0;34ms[0;34mt[0;34m/[0;34ms[0;34mo[0;34mu[0;34mt[0;34mh[0;34m.[0;34mx[0;34mp[0;34mm
[0m[0;34mW[0;34mE[0;34m [0;34mt[0;34me[0;34mx[0;34mt[0;34mu[0;34mr[0;34me[0;34ms[0;34m/[0;34mt[0;34me[0;34ms[0;34mt[0;34m/[0;34mw[0;34me[0;34ms[0;34mt[0;34m.[0;34mx[0;34mp[0;34mm
[0m[0;34mE[0;34mA[0;34m [0;34mt[0;34me[0;34mx[0;34mt[0;34mu[0;34mr[0;34me[0;34ms[0;34m/[0;34mt[0;34me[0;34ms[0;34mt[0;34m/[0;34me[0;34ma[0;34ms[0;34mt[0;34m.[0;34mx[0;34mp[0;34mm
[0m
[0m[0;34mF[0;34m [0;34m2[0;34m0[0;34m,[0;34m2[0;34m0[0;34m,[0;34m2[0;34m0
[0m[0;34mC[0;34m [0;34m2[0;34m0[0;34m0[0;34m,[0;34m2[0;34m0[0;34m0[0;34m,[0;34m2[0;34m0[0;34m0
[0m
[0m[0;34m0[0;34m0[0;34m0[0;34m0[0;34m0
[0m[0;34m0[0;34m0[0;34m0[0;34m0[0;34m0
[0m[0;34m0[0;34m0[0;34mS[0;34m0[0;34m0
[0m[0;34m0[0;34m0[0;34m0[0;34m0[0;34m0
[0m[0;34m0[0;34m0[0;34m0[0;34m0[0;34m0
[0m[0;34m0[0;34m0[0;34m0[0;34m0[0;34m0
[0m[0;34m0[0;34m0[0;34m0[0;34m0[0;34m0
[0m[0;34m0[0;34m0[0;34m0[0;34m0[0;34m0
[0m[0;34m0[0;34m0[0;34m0[0;34m0[0;34m0
[0m[0;34m0[0;34m0[0;34m0[0;34m0[0;34m0
[0m[0;34m0[0;34m0[0;34m0[0;34m0[0;34m0
[0m[0;34m0[0;34m0[0;34m0[0;34m0[0;34m0
[0m[0;34m0[0;34m0[0;34m0[0;34m0[0;34m0
[0mExit code: 1
‚ö†Ô∏è No Valgrind alerts, but with leaks[0m  
==16299== Memcheck, a memory error detector
==16299== Copyright (C) 2002-2022, and GNU GPL'd, by Julian Seward et al.
==16299== Using Valgrind-3.22.0 and LibVEX; rerun with -h for copyright info
==16299== Command: ./cub3d ./maps/bad/wall_none.cub
==16299== Parent PID: 16115
==16299== 
==16299== 
==16299== HEAP SUMMARY:
==16299==     in use at exit: 408 bytes in 22 blocks
==16299==   total heap usage: 99 allocs, 77 frees, 7,657 bytes allocated
==16299== 
==16299== LEAK SUMMARY:
==16299==    definitely lost: 176 bytes in 1 blocks
==16299==    indirectly lost: 232 bytes in 21 blocks
==16299==      possibly lost: 0 bytes in 0 blocks
==16299==    still reachable: 0 bytes in 0 blocks
==16299==         suppressed: 0 bytes in 0 blocks
==16299== Rerun with --leak-check=full to see details of leaked memory
==16299== 
==16299== For lists of detected and suppressed errors, rerun with: -s
==16299== ERROR SUMMARY: 0 errors from 0 contexts (suppressed: 0 from 0)
Valgrind tests completed. Results saved to test_output.txt.
Starting Valgrind tests...
Running valgrind on ./maps/bad/color_invalid_rgb.cub...

[0;31m Error:[Texture verification] file is not found
[0m [0;34mN[0;34mO[0;34m [0;34mt[0;34me[0;34mx[0;34mt[0;34mu[0;34mr[0;34me[0;34ms[0;34m/[0;34mt[0;34me[0;34ms[0;34mt[0;34m/[0;34mn[0;34mo[0;34mr[0;34mt[0;34mh[0;34m.[0;34mx[0;34mp[0;34mm
[0m[0;34mS[0;34mO[0;34m [0;34mt[0;34me[0;34mx[0;34mt[0;34mu[0;34mr[0;34me[0;34ms[0;34m/[0;34mt[0;34me[0;34ms[0;34mt[0;34m/[0;34ms[0;34mo[0;34mu[0;34mt[0;34mh[0;34m.[0;34mx[0;34mp[0;34mm
[0m[0;34mW[0;34mE[0;34m [0;34mt[0;34me[0;34mx[0;34mt[0;34mu[0;34mr[0;34me[0;34ms[0;34m/[0;34mt[0;34me[0;34ms[0;34mt[0;34m/[0;34mw[0;34me[0;34ms[0;34mt[0;34m.[0;34mx[0;34mp[0;34mm
[0m[0;34mE[0;34mA[0;34m [0;34mt[0;34me[0;34mx[0;34mt[0;34mu[0;34mr[0;34me[0;34ms[0;34m/[0;34mt[0;34me[0;34ms[0;34mt[0;34m/[0;34me[0;34ma[0;34ms[0;34mt[0;34m.[0;34mx[0;34mp[0;34mm
[0m
[0m[0;34mF[0;34m [0;34m2[0;34m0[0;34m,[0;34m2[0;34m0[0;34m,[0;34m-[0;34m2[0;34m0
[0m[0;34mC[0;34m [0;34m2[0;34m0[0;34m0[0;34m,[0;34m2[0;34m0[0;34m0[0;34m,[0;34m2[0;34m0[0;34m0
[0m
[0m[0;34m1[0;34m1[0;34m1[0;34m1[0;34m1
[0m[0;34m1[0;34m0[0;34m0[0;34m0[0;34m1
[0m[0;34m1[0;34m0[0;34mS[0;34m0[0;34m1
[0m[0;34m1[0;34m0[0;34m0[0;34m0[0;34m1
[0m[0;34m1[0;34m0[0;34m0[0;34m0[0;34m1
[0m[0;34m1[0;34m0[0;34m0[0;34m0[0;34m1
[0m[0;34m1[0;34m1[0;34m0[0;34m0[0;34m1
[0m[0;34m1[0;34m0[0;34m0[0;34m0[0;34m1
[0m[0;34m1[0;34m0[0;34m0[0;34m0[0;34m1
[0m[0;34m1[0;34m0[0;34m0[0;34m0[0;34m1
[0m[0;34m1[0;34m0[0;34m0[0;34m0[0;34m1
[0m[0;34m1[0;34m0[0;34m0[0;34m0[0;34m1
[0m[0;34m1[0;34m1[0;34m1[0;34m1[0;34m1
[0mExit code: 1
‚ö†Ô∏è No Valgrind alerts, but with leaks[0m  
==16368== Memcheck, a memory error detector
==16368== Copyright (C) 2002-2022, and GNU GPL'd, by Julian Seward et al.
==16368== Using Valgrind-3.22.0 and LibVEX; rerun with -h for copyright info
==16368== Command: ./cub3d ./maps/bad/color_invalid_rgb.cub
==16368== Parent PID: 16366
==16368== 
==16368== 
==16368== HEAP SUMMARY:
==16368==     in use at exit: 693 bytes in 40 blocks
==16368==   total heap usage: 130 allocs, 90 frees, 8,005 bytes allocated
==16368== 
==16368== LEAK SUMMARY:
==16368==    definitely lost: 382 bytes in 6 blocks
==16368==    indirectly lost: 311 bytes in 34 blocks
==16368==      possibly lost: 0 bytes in 0 blocks
==16368==    still reachable: 0 bytes in 0 blocks
==16368==         suppressed: 0 bytes in 0 blocks
==16368== Rerun with --leak-check=full to see details of leaked memory
==16368== 
==16368== For lists of detected and suppressed errors, rerun with: -s
==16368== ERROR SUMMARY: 0 errors from 0 contexts (suppressed: 0 from 0)
Running valgrind on ./maps/bad/color_missing_ceiling_rgb.cub...

[0;31m Error:[Texture verification] file is not found
[0m [0;34mN[0;34mO[0;34m [0;34mt[0;34me[0;34mx[0;34mt[0;34mu[0;34mr[0;34me[0;34ms[0;34m/[0;34mt[0;34me[0;34ms[0;34mt[0;34m/[0;34mn[0;34mo[0;34mr[0;34mt[0;34mh[0;34m.[0;34mx[0;34mp[0;34mm
[0m[0;34mS[0;34mO[0;34m [0;34mt[0;34me[0;34mx[0;34mt[0;34mu[0;34mr[0;34me[0;34ms[0;34m/[0;34mt[0;34me[0;34ms[0;34mt[0;34m/[0;34ms[0;34mo[0;34mu[0;34mt[0;34mh[0;34m.[0;34mx[0;34mp[0;34mm
[0m[0;34mW[0;34mE[0;34m [0;34mt[0;34me[0;34mx[0;34mt[0;34mu[0;34mr[0;34me[0;34ms[0;34m/[0;34mt[0;34me[0;34ms[0;34mt[0;34m/[0;34mw[0;34me[0;34ms[0;34mt[0;34m.[0;34mx[0;34mp[0;34mm
[0m[0;34mE[0;34mA[0;34m [0;34mt[0;34me[0;34mx[0;34mt[0;34mu[0;34mr[0;34me[0;34ms[0;34m/[0;34mt[0;34me[0;34ms[0;34mt[0;34m/[0;34me[0;34ma[0;34ms[0;34mt[0;34m.[0;34mx[0;34mp[0;34mm
[0m
[0m[0;34mF[0;34m [0;34m2[0;34m0[0;34m,[0;34m2[0;34m0[0;34m,[0;34m2[0;34m0
[0m[0;34mC[0;34m [0;34m2[0;34m0[0;34m0[0;34m,[0;34m2[0;34m0[0;34m0[0;34m,
[0m
[0m[0;34m1[0;34m1[0;34m1[0;34m1[0;34m1
[0m[0;34m1[0;34m0[0;34m0[0;34m0[0;34m1
[0m[0;34m1[0;34m0[0;34mS[0;34m0[0;34m1
[0m[0;34m1[0;34m0[0;34m0[0;34m0[0;34m1
[0m[0;34m1[0;34m0[0;34m0[0;34m0[0;34m1
[0m[0;34m1[0;34m0[0;34m0[0;34m0[0;34m1
[0m[0;34m1[0;34m1[0;34m0[0;34m0[0;34m1
[0m[0;34m1[0;34m0[0;34m0[0;34m0[0;34m1
[0m[0;34m1[0;34m0[0;34m0[0;34m0[0;34m1
[0m[0;34m1[0;34m0[0;34m0[0;34m0[0;34m1
[0m[0;34m1[0;34m0[0;34m0[0;34m0[0;34m1
[0m[0;34m1[0;34m0[0;34m0[0;34m0[0;34m1
[0m[0;34m1[0;34m1[0;34m1[0;34m1[0;34m1
[0mExit code: 1
‚ö†Ô∏è No Valgrind alerts, but with leaks[0m  
==16371== Memcheck, a memory error detector
==16371== Copyright (C) 2002-2022, and GNU GPL'd, by Julian Seward et al.
==16371== Using Valgrind-3.22.0 and LibVEX; rerun with -h for copyright info
==16371== Command: ./cub3d ./maps/bad/color_missing_ceiling_rgb.cub
==16371== Parent PID: 16366
==16371== 
==16371== 
==16371== HEAP SUMMARY:
==16371==     in use at exit: 689 bytes in 40 blocks
==16371==   total heap usage: 130 allocs, 90 frees, 7,973 bytes allocated
==16371== 
==16371== LEAK SUMMARY:
==16371==    definitely lost: 382 bytes in 6 blocks
==16371==    indirectly lost: 307 bytes in 34 blocks
==16371==      possibly lost: 0 bytes in 0 blocks
==16371==    still reachable: 0 bytes in 0 blocks
==16371==         suppressed: 0 bytes in 0 blocks
==16371== Rerun with --leak-check=full to see details of leaked memory
==16371== 
==16371== For lists of detected and suppressed errors, rerun with: -s
==16371== ERROR SUMMARY: 0 errors from 0 contexts (suppressed: 0 from 0)
Running valgrind on ./maps/bad/color_missing.cub...

[0;31m Error:[Texture verification] file is not found
[0m [0;34mN[0;34mO[0;34m [0;34mt[0;34me[0;34mx[0;34mt[0;34mu[0;34mr[0;34me[0;34ms[0;34m/[0;34mt[0;34me[0;34ms[0;34mt[0;34m/[0;34mn[0;34mo[0;34mr[0;34mt[0;34mh[0;34m.[0;34mx[0;34mp[0;34mm
[0m[0;34mS[0;34mO[0;34m [0;34mt[0;34me[0;34mx[0;34mt[0;34mu[0;34mr[0;34me[0;34ms[0;34m/[0;34mt[0;34me[0;34ms[0;34mt[0;34m/[0;34ms[0;34mo[0;34mu[0;34mt[0;34mh[0;34m.[0;34mx[0;34mp[0;34mm
[0m[0;34mW[0;34mE[0;34m [0;34mt[0;34me[0;34mx[0;34mt[0;34mu[0;34mr[0;34me[0;34ms[0;34m/[0;34mt[0;34me[0;34ms[0;34mt[0;34m/[0;34mw[0;34me[0;34ms[0;34mt[0;34m.[0;34mx[0;34mp[0;34mm
[0m[0;34mE[0;34mA[0;34m [0;34mt[0;34me[0;34mx[0;34mt[0;34mu[0;34mr[0;34me[0;34ms[0;34m/[0;34mt[0;34me[0;34ms[0;34mt[0;34m/[0;34me[0;34ma[0;34ms[0;34mt[0;34m.[0;34mx[0;34mp[0;34mm
[0m
[0m[0;34mC[0;34m [0;34m2[0;34m0[0;34m0[0;34m,[0;34m2[0;34m0[0;34m0[0;34m,[0;34m2[0;34m0[0;34m0
[0m
[0m[0;34m1[0;34m1[0;34m1[0;34m1[0;34m1
[0m[0;34m1[0;34m0[0;34m0[0;34m0[0;34m1
[0m[0;34m1[0;34m0[0;34mS[0;34m0[0;34m1
[0m[0;34m1[0;34m0[0;34m0[0;34m0[0;34m1
[0m[0;34m1[0;34m0[0;34m0[0;34m0[0;34m1
[0m[0;34m1[0;34m0[0;34m0[0;34m0[0;34m1
[0m[0;34m1[0;34m1[0;34m0[0;34m0[0;34m1
[0m[0;34m1[0;34m0[0;34m0[0;34m0[0;34m1
[0m[0;34m1[0;34m0[0;34m0[0;34m0[0;34m1
[0m[0;34m1[0;34m0[0;34m0[0;34m0[0;34m1
[0m[0;34m1[0;34m0[0;34m0[0;34m0[0;34m1
[0m[0;34m1[0;34m0[0;34m0[0;34m0[0;34m1
[0m[0;34m1[0;34m1[0;34m1[0;34m1[0;34m1
[0mExit code: 1
‚ö†Ô∏è No Valgrind alerts, but with leaks[0m  
==16388== Memcheck, a memory error detector
==16388== Copyright (C) 2002-2022, and GNU GPL'd, by Julian Seward et al.
==16388== Using Valgrind-3.22.0 and LibVEX; rerun with -h for copyright info
==16388== Command: ./cub3d ./maps/bad/color_missing.cub
==16388== Parent PID: 16366
==16388== 
==16388== 
==16388== HEAP SUMMARY:
==16388==     in use at exit: 672 bytes in 39 blocks
==16388==   total heap usage: 126 allocs, 87 frees, 7,808 bytes allocated
==16388== 
==16388== LEAK SUMMARY:
==16388==    definitely lost: 374 bytes in 6 blocks
==16388==    indirectly lost: 298 bytes in 33 blocks
==16388==      possibly lost: 0 bytes in 0 blocks
==16388==    still reachable: 0 bytes in 0 blocks
==16388==         suppressed: 0 bytes in 0 blocks
==16388== Rerun with --leak-check=full to see details of leaked memory
==16388== 
==16388== For lists of detected and suppressed errors, rerun with: -s
==16388== ERROR SUMMARY: 0 errors from 0 contexts (suppressed: 0 from 0)
Running valgrind on ./maps/bad/color_missing_floor_rgb.cub...

[0;31m Error:[Texture verification] file is not found
[0m [0;34mN[0;34mO[0;34m [0;34mt[0;34me[0;34mx[0;34mt[0;34mu[0;34mr[0;34me[0;34ms[0;34m/[0;34mt[0;34me[0;34ms[0;34mt[0;34m/[0;34mn[0;34mo[0;34mr[0;34mt[0;34mh[0;34m.[0;34mx[0;34mp[0;34mm
[0m[0;34mS[0;34mO[0;34m [0;34mt[0;34me[0;34mx[0;34mt[0;34mu[0;34mr[0;34me[0;34ms[0;34m/[0;34mt[0;34me[0;34ms[0;34mt[0;34m/[0;34ms[0;34mo[0;34mu[0;34mt[0;34mh[0;34m.[0;34mx[0;34mp[0;34mm
[0m[0;34mW[0;34mE[0;34m [0;34mt[0;34me[0;34mx[0;34mt[0;34mu[0;34mr[0;34me[0;34ms[0;34m/[0;34mt[0;34me[0;34ms[0;34mt[0;34m/[0;34mw[0;34me[0;34ms[0;34mt[0;34m.[0;34mx[0;34mp[0;34mm
[0m[0;34mE[0;34mA[0;34m [0;34mt[0;34me[0;34mx[0;34mt[0;34mu[0;34mr[0;34me[0;34ms[0;34m/[0;34mt[0;34me[0;34ms[0;34mt[0;34m/[0;34me[0;34ma[0;34ms[0;34mt[0;34m.[0;34mx[0;34mp[0;34mm
[0m
[0m[0;34mF[0;34m [0;34m2[0;34m0[0;34m,[0;34m2[0;34m0
[0m[0;34mC[0;34m [0;34m2[0;34m0[0;34m0[0;34m,[0;34m2[0;34m0[0;34m0[0;34m,[0;34m2[0;34m0[0;34m0
[0m
[0m[0;34m1[0;34m1[0;34m1[0;34m1[0;34m1
[0m[0;34m1[0;34m0[0;34m0[0;34m0[0;34m1
[0m[0;34m1[0;34m0[0;34mS[0;34m0[0;34m1
[0m[0;34m1[0;34m0[0;34m0[0;34m0[0;34m1
[0m[0;34m1[0;34m0[0;34m0[0;34m0[0;34m1
[0m[0;34m1[0;34m0[0;34m0[0;34m0[0;34m1
[0m[0;34m1[0;34m1[0;34m0[0;34m0[0;34m1
[0m[0;34m1[0;34m0[0;34m0[0;34m0[0;34m1
[0m[0;34m1[0;34m0[0;34m0[0;34m0[0;34m1
[0m[0;34m1[0;34m0[0;34m0[0;34m0[0;34m1
[0m[0;34m1[0;34m0[0;34m0[0;34m0[0;34m1
[0m[0;34m1[0;34m0[0;34m0[0;34m0[0;34m1
[0m[0;34m1[0;34m1[0;34m1[0;34m1[0;34m1
[0mExit code: 1
‚ö†Ô∏è No Valgrind alerts, but with leaks[0m  
==16391== Memcheck, a memory error detector
==16391== Copyright (C) 2002-2022, and GNU GPL'd, by Julian Seward et al.
==16391== Using Valgrind-3.22.0 and LibVEX; rerun with -h for copyright info
==16391== Command: ./cub3d ./maps/bad/color_missing_floor_rgb.cub
==16391== Parent PID: 16366
==16391== 
==16391== 
==16391== HEAP SUMMARY:
==16391==     in use at exit: 689 bytes in 40 blocks
==16391==   total heap usage: 130 allocs, 90 frees, 7,979 bytes allocated
==16391== 
==16391== LEAK SUMMARY:
==16391==    definitely lost: 382 bytes in 6 blocks
==16391==    indirectly lost: 307 bytes in 34 blocks
==16391==      possibly lost: 0 bytes in 0 blocks
==16391==    still reachable: 0 bytes in 0 blocks
==16391==         suppressed: 0 bytes in 0 blocks
==16391== Rerun with --leak-check=full to see details of leaked memory
==16391== 
==16391== For lists of detected and suppressed errors, rerun with: -s
==16391== ERROR SUMMARY: 0 errors from 0 contexts (suppressed: 0 from 0)
Running valgrind on ./maps/bad/color_none.cub...

[0;31m Error:[Texture verification] file is not found
[0m [0;34mN[0;34mO[0;34m [0;34mt[0;34me[0;34mx[0;34mt[0;34mu[0;34mr[0;34me[0;34ms[0;34m/[0;34mt[0;34me[0;34ms[0;34mt[0;34m/[0;34mn[0;34mo[0;34mr[0;34mt[0;34mh[0;34m.[0;34mx[0;34mp[0;34mm
[0m[0;34mS[0;34mO[0;34m [0;34mt[0;34me[0;34mx[0;34mt[0;34mu[0;34mr[0;34me[0;34ms[0;34m/[0;34mt[0;34me[0;34ms[0;34mt[0;34m/[0;34ms[0;34mo[0;34mu[0;34mt[0;34mh[0;34m.[0;34mx[0;34mp[0;34mm
[0m[0;34mW[0;34mE[0;34m [0;34mt[0;34me[0;34mx[0;34mt[0;34mu[0;34mr[0;34me[0;34ms[0;34m/[0;34mt[0;34me[0;34ms[0;34mt[0;34m/[0;34mw[0;34me[0;34ms[0;34mt[0;34m.[0;34mx[0;34mp[0;34mm
[0m[0;34mE[0;34mA[0;34m [0;34mt[0;34me[0;34mx[0;34mt[0;34mu[0;34mr[0;34me[0;34ms[0;34m/[0;34mt[0;34me[0;34ms[0;34mt[0;34m/[0;34me[0;34ma[0;34ms[0;34mt[0;34m.[0;34mx[0;34mp[0;34mm
[0m
[0m[0;34m1[0;34m1[0;34m1[0;34m1[0;34m1
[0m[0;34m1[0;34m0[0;34m0[0;34m0[0;34m1
[0m[0;34m1[0;34m0[0;34mS[0;34m0[0;34m1
[0m[0;34m1[0;34m0[0;34m0[0;34m0[0;34m1
[0m[0;34m1[0;34m0[0;34m0[0;34m0[0;34m1
[0m[0;34m1[0;34m0[0;34m0[0;34m0[0;34m1
[0m[0;34m1[0;34m1[0;34m0[0;34m0[0;34m1
[0m[0;34m1[0;34m0[0;34m0[0;34m0[0;34m1
[0m[0;34m1[0;34m0[0;34m0[0;34m0[0;34m1
[0m[0;34m1[0;34m0[0;34m0[0;34m0[0;34m1
[0m[0;34m1[0;34m0[0;34m0[0;34m0[0;34m1
[0m[0;34m1[0;34m0[0;34m0[0;34m0[0;34m1
[0m[0;34m1[0;34m1[0;34m1[0;34m1[0;34m1
[0mExit code: 1
‚ö†Ô∏è No Valgrind alerts, but with leaks[0m  
==16405== Memcheck, a memory error detector
==16405== Copyright (C) 2002-2022, and GNU GPL'd, by Julian Seward et al.
==16405== Using Valgrind-3.22.0 and LibVEX; rerun with -h for copyright info
==16405== Command: ./cub3d ./maps/bad/color_none.cub
==16405== Parent PID: 16366
==16405== 
==16405== 
==16405== HEAP SUMMARY:
==16405==     in use at exit: 639 bytes in 37 blocks
==16405==   total heap usage: 117 allocs, 80 frees, 7,292 bytes allocated
==16405== 
==16405== LEAK SUMMARY:
==16405==    definitely lost: 358 bytes in 6 blocks
==16405==    indirectly lost: 281 bytes in 31 blocks
==16405==      possibly lost: 0 bytes in 0 blocks
==16405==    still reachable: 0 bytes in 0 blocks
==16405==         suppressed: 0 bytes in 0 blocks
==16405== Rerun with --leak-check=full to see details of leaked memory
==16405== 
==16405== For lists of detected and suppressed errors, rerun with: -s
==16405== ERROR SUMMARY: 0 errors from 0 contexts (suppressed: 0 from 0)
Running valgrind on ./maps/bad/empty.cub...
[0;31m Error:[Read file] file is empty
[0m Exit code: 1
[0;32m‚úÖ No Valgrind alerts, no leaks[0m  
==16408== Memcheck, a memory error detector
==16408== Copyright (C) 2002-2022, and GNU GPL'd, by Julian Seward et al.
==16408== Using Valgrind-3.22.0 and LibVEX; rerun with -h for copyright info
==16408== Command: ./cub3d ./maps/bad/empty.cub
==16408== Parent PID: 16366
==16408== 
==16408== 
==16408== HEAP SUMMARY:
==16408==     in use at exit: 0 bytes in 0 blocks
==16408==   total heap usage: 5 allocs, 5 frees, 170 bytes allocated
==16408== 
==16408== All heap blocks were freed -- no leaks are possible
==16408== 
==16408== For lists of detected and suppressed errors, rerun with: -s
==16408== ERROR SUMMARY: 0 errors from 0 contexts (suppressed: 0 from 0)
Running valgrind on ./maps/bad/file_letter_end.cub...

[0;31m Error:[Map check in file] Empty line found
[0m [0;34mN[0;34mO[0;34m [0;34mt[0;34me[0;34mx[0;34mt[0;34mu[0;34mr[0;34me[0;34ms[0;34m/[0;34mt[0;34me[0;34ms[0;34mt[0;34m/[0;34mn[0;34mo[0;34mr[0;34mt[0;34mh[0;34m.[0;34mx[0;34mp[0;34mm
[0m[0;34mS[0;34mO[0;34m [0;34mt[0;34me[0;34mx[0;34mt[0;34mu[0;34mr[0;34me[0;34ms[0;34m/[0;34mt[0;34me[0;34ms[0;34mt[0;34m/[0;34ms[0;34mo[0;34mu[0;34mt[0;34mh[0;34m.[0;34mx[0;34mp[0;34mm
[0m[0;34mW[0;34mE[0;34m [0;34mt[0;34me[0;34mx[0;34mt[0;34mu[0;34mr[0;34me[0;34ms[0;34m/[0;34mt[0;34me[0;34ms[0;34mt[0;34m/[0;34mw[0;34me[0;34ms[0;34mt[0;34m.[0;34mx[0;34mp[0;34mm
[0m[0;34mE[0;34mA[0;34m [0;34mt[0;34me[0;34mx[0;34mt[0;34mu[0;34mr[0;34me[0;34ms[0;34m/[0;34mt[0;34me[0;34ms[0;34mt[0;34m/[0;34me[0;34ma[0;34ms[0;34mt[0;34m.[0;34mx[0;34mp[0;34mm
[0m
[0m[0;34mF[0;34m [0;34m2[0;34m0[0;34m,[0;34m2[0;34m0[0;34m,[0;34m2[0;34m0
[0m[0;34mC[0;34m [0;34m2[0;34m0[0;34m0[0;34m,[0;34m2[0;34m0[0;34m0[0;34m,[0;34m2[0;34m0[0;34m0
[0m
[0m[0;34m1[0;34m1[0;34m1[0;34m1[0;34m1
[0m[0;34m1[0;34m0[0;34m0[0;34m0[0;34m1
[0m[0;34m1[0;34m0[0;34mS[0;34m0[0;34m1
[0m[0;34m1[0;34m0[0;34m0[0;34m0[0;34m1
[0m[0;34m1[0;34m0[0;34m0[0;34m0[0;34m1
[0m[0;34m1[0;34m0[0;34m0[0;34m0[0;34m1
[0m[0;34m1[0;34m1[0;34m0[0;34m0[0;34m1
[0m[0;34m1[0;34m0[0;34m0[0;34m0[0;34m1
[0m[0;34m1[0;34m0[0;34m0[0;34m0[0;34m1
[0m[0;34m1[0;34m0[0;34m0[0;34m0[0;34m1
[0m[0;34m1[0;34m0[0;34m0[0;34m0[0;34m1
[0m[0;34m1[0;34m0[0;34m0[0;34m0[0;34m1
[0m[0;34m1[0;34m1[0;34m1[0;34m1[0;34m1
[0m
[0m
[0m
[0m
[0m
[0m
[0m
[0m
[0m
[0m
[0m
[0m
[0m
[0m[0;34m1
[0mExit code: 1
‚ö†Ô∏è No Valgrind alerts, but with leaks[0m  
==16411== Memcheck, a memory error detector
==16411== Copyright (C) 2002-2022, and GNU GPL'd, by Julian Seward et al.
==16411== Using Valgrind-3.22.0 and LibVEX; rerun with -h for copyright info
==16411== Command: ./cub3d ./maps/bad/file_letter_end.cub
==16411== Parent PID: 16366
==16411== 
==16411== 
==16411== HEAP SUMMARY:
==16411==     in use at exit: 549 bytes in 36 blocks
==16411==   total heap usage: 156 allocs, 120 frees, 11,449 bytes allocated
==16411== 
==16411== LEAK SUMMARY:
==16411==    definitely lost: 288 bytes in 1 blocks
==16411==    indirectly lost: 261 bytes in 35 blocks
==16411==      possibly lost: 0 bytes in 0 blocks
==16411==    still reachable: 0 bytes in 0 blocks
==16411==         suppressed: 0 bytes in 0 blocks
==16411== Rerun with --leak-check=full to see details of leaked memory
==16411== 
==16411== For lists of detected and suppressed errors, rerun with: -s
==16411== ERROR SUMMARY: 0 errors from 0 contexts (suppressed: 0 from 0)
Running valgrind on ./maps/bad/filetype_missing...
[0;31m Error:[Check args] no map or invalid map extension
[0m Exit code: 1
[0;32m‚úÖ No Valgrind alerts, no leaks[0m  
==16427== Memcheck, a memory error detector
==16427== Copyright (C) 2002-2022, and GNU GPL'd, by Julian Seward et al.
==16427== Using Valgrind-3.22.0 and LibVEX; rerun with -h for copyright info
==16427== Command: ./cub3d ./maps/bad/filetype_missing
==16427== Parent PID: 16366
==16427== 
==16427== 
==16427== HEAP SUMMARY:
==16427==     in use at exit: 0 bytes in 0 blocks
==16427==   total heap usage: 3 allocs, 3 frees, 144 bytes allocated
==16427== 
==16427== All heap blocks were freed -- no leaks are possible
==16427== 
==16427== For lists of detected and suppressed errors, rerun with: -s
==16427== ERROR SUMMARY: 0 errors from 0 contexts (suppressed: 0 from 0)
Running valgrind on ./maps/bad/filetype_wrong.buc...
[0;31m Error:[Check args] no map or invalid map extension
[0m Exit code: 1
[0;32m‚úÖ No Valgrind alerts, no leaks[0m  
==16430== Memcheck, a memory error detector
==16430== Copyright (C) 2002-2022, and GNU GPL'd, by Julian Seward et al.
==16430== Using Valgrind-3.22.0 and LibVEX; rerun with -h for copyright info
==16430== Command: ./cub3d ./maps/bad/filetype_wrong.buc
==16430== Parent PID: 16366
==16430== 
==16430== 
==16430== HEAP SUMMARY:
==16430==     in use at exit: 0 bytes in 0 blocks
==16430==   total heap usage: 3 allocs, 3 frees, 144 bytes allocated
==16430== 
==16430== All heap blocks were freed -- no leaks are possible
==16430== 
==16430== For lists of detected and suppressed errors, rerun with: -s
==16430== ERROR SUMMARY: 0 errors from 0 contexts (suppressed: 0 from 0)
Running valgrind on ./maps/bad/map_first.cub...

[0;31m Error:[Map start] No map or incorrect placement
[0m [0;34m1[0;34m1[0;34m1[0;34m1[0;34m1
[0m[0;34m1[0;34m0[0;34m0[0;34m0[0;34m1
[0m[0;34m1[0;34m0[0;34mS[0;34m0[0;34m1
[0m[0;34m1[0;34m0[0;34m0[0;34m0[0;34m1
[0m[0;34m1[0;34m0[0;34m0[0;34m0[0;34m1
[0m[0;34m1[0;34m0[0;34m0[0;34m0[0;34m1
[0m[0;34m1[0;34m1[0;34m0[0;34m0[0;34m1
[0m[0;34m1[0;34m0[0;34m0[0;34m0[0;34m1
[0m[0;34m1[0;34m0[0;34m0[0;34m0[0;34m1
[0m[0;34m1[0;34m0[0;34m0[0;34m0[0;34m1
[0m[0;34m1[0;34m0[0;34m0[0;34m0[0;34m1
[0m[0;34m1[0;34m0[0;34m0[0;34m0[0;34m1
[0m[0;34m1[0;34m1[0;34m1[0;34m1[0;34m1
[0m
[0m[0;34mN[0;34mO[0;34m [0;34mt[0;34me[0;34mx[0;34mt[0;34mu[0;34mr[0;34me[0;34ms[0;34m/[0;34mt[0;34me[0;34ms[0;34mt[0;34m/[0;34mn[0;34mo[0;34mr[0;34mt[0;34mh[0;34m.[0;34mx[0;34mp[0;34mm
[0m[0;34mS[0;34mO[0;34m [0;34mt[0;34me[0;34mx[0;34mt[0;34mu[0;34mr[0;34me[0;34ms[0;34m/[0;34mt[0;34me[0;34ms[0;34mt[0;34m/[0;34ms[0;34mo[0;34mu[0;34mt[0;34mh[0;34m.[0;34mx[0;34mp[0;34mm
[0m[0;34mW[0;34mE[0;34m [0;34mt[0;34me[0;34mx[0;34mt[0;34mu[0;34mr[0;34me[0;34ms[0;34m/[0;34mt[0;34me[0;34ms[0;34mt[0;34m/[0;34mw[0;34me[0;34ms[0;34mt[0;34m.[0;34mx[0;34mp[0;34mm
[0m[0;34mE[0;34mA[0;34m [0;34mt[0;34me[0;34mx[0;34mt[0;34mu[0;34mr[0;34me[0;34ms[0;34m/[0;34mt[0;34me[0;34ms[0;34mt[0;34m/[0;34me[0;34ma[0;34ms[0;34mt[0;34m.[0;34mx[0;34mp[0;34mm
[0m
[0m[0;34mF[0;34m [0;34m2[0;34m0[0;34m,[0;34m2[0;34m0[0;34m,[0;34m2[0;34m0
[0m[0;34mC[0;34m [0;34m2[0;34m0[0;34m0[0;34m,[0;34m2[0;34m0[0;34m0[0;34m,[0;34m2[0;34m0[0;34m0
[0mExit code: 1
‚ö†Ô∏è No Valgrind alerts, but with leaks[0m  
==16444== Memcheck, a memory error detector
==16444== Copyright (C) 2002-2022, and GNU GPL'd, by Julian Seward et al.
==16444== Using Valgrind-3.22.0 and LibVEX; rerun with -h for copyright info
==16444== Command: ./cub3d ./maps/bad/map_first.cub
==16444== Parent PID: 16366
==16444== 
==16444== 
==16444== HEAP SUMMARY:
==16444==     in use at exit: 408 bytes in 22 blocks
==16444==   total heap usage: 99 allocs, 77 frees, 7,572 bytes allocated
==16444== 
==16444== LEAK SUMMARY:
==16444==    definitely lost: 176 bytes in 1 blocks
==16444==    indirectly lost: 232 bytes in 21 blocks
==16444==      possibly lost: 0 bytes in 0 blocks
==16444==    still reachable: 0 bytes in 0 blocks
==16444==         suppressed: 0 bytes in 0 blocks
==16444== Rerun with --leak-check=full to see details of leaked memory
==16444== 
==16444== For lists of detected and suppressed errors, rerun with: -s
==16444== ERROR SUMMARY: 0 errors from 0 contexts (suppressed: 0 from 0)
Running valgrind on ./maps/bad/map_middle.cub...

[0;31m Error:[Map check in file] Empty line found
[0m [0;34mN[0;34mO[0;34m [0;34mt[0;34me[0;34mx[0;34mt[0;34mu[0;34mr[0;34me[0;34ms[0;34m/[0;34mt[0;34me[0;34ms[0;34mt[0;34m/[0;34mn[0;34mo[0;34mr[0;34mt[0;34mh[0;34m.[0;34mx[0;34mp[0;34mm
[0m[0;34mS[0;34mO[0;34m [0;34mt[0;34me[0;34mx[0;34mt[0;34mu[0;34mr[0;34me[0;34ms[0;34m/[0;34mt[0;34me[0;34ms[0;34mt[0;34m/[0;34ms[0;34mo[0;34mu[0;34mt[0;34mh[0;34m.[0;34mx[0;34mp[0;34mm
[0m[0;34mW[0;34mE[0;34m [0;34mt[0;34me[0;34mx[0;34mt[0;34mu[0;34mr[0;34me[0;34ms[0;34m/[0;34mt[0;34me[0;34ms[0;34mt[0;34m/[0;34mw[0;34me[0;34ms[0;34mt[0;34m.[0;34mx[0;34mp[0;34mm
[0m[0;34mE[0;34mA[0;34m [0;34mt[0;34me[0;34mx[0;34mt[0;34mu[0;34mr[0;34me[0;34ms[0;34m/[0;34mt[0;34me[0;34ms[0;34mt[0;34m/[0;34me[0;34ma[0;34ms[0;34mt[0;34m.[0;34mx[0;34mp[0;34mm
[0m
[0m[0;34m1[0;34m1[0;34m1[0;34m1[0;34m1
[0m[0;34m1[0;34m0[0;34m0[0;34m0[0;34m1
[0m[0;34m1[0;34m0[0;34mS[0;34m0[0;34m1
[0m[0;34m1[0;34m0[0;34m0[0;34m0[0;34m1
[0m[0;34m1[0;34m0[0;34m0[0;34m0[0;34m1
[0m[0;34m1[0;34m0[0;34m0[0;34m0[0;34m1
[0m[0;34m1[0;34m1[0;34m0[0;34m0[0;34m1
[0m[0;34m1[0;34m0[0;34m0[0;34m0[0;34m1
[0m[0;34m1[0;34m0[0;34m0[0;34m0[0;34m1
[0m[0;34m1[0;34m0[0;34m0[0;34m0[0;34m1
[0m[0;34m1[0;34m0[0;34m0[0;34m0[0;34m1
[0m[0;34m1[0;34m0[0;34m0[0;34m0[0;34m1
[0m[0;34m1[0;34m1[0;34m1[0;34m1[0;34m1
[0m
[0m[0;34mF[0;34m [0;34m2[0;34m0[0;34m,[0;34m2[0;34m0[0;34m,[0;34m2[0;34m0
[0m[0;34mC[0;34m [0;34m2[0;34m0[0;34m0[0;34m,[0;34m2[0;34m0[0;34m0[0;34m,[0;34m2[0;34m0[0;34m0
[0m
[0m
[0mExit code: 1
‚ö†Ô∏è No Valgrind alerts, but with leaks[0m  
==16447== Memcheck, a memory error detector
==16447== Copyright (C) 2002-2022, and GNU GPL'd, by Julian Seward et al.
==16447== Using Valgrind-3.22.0 and LibVEX; rerun with -h for copyright info
==16447== Command: ./cub3d ./maps/bad/map_middle.cub
==16447== Parent PID: 16366
==16447== 
==16447== 
==16447== HEAP SUMMARY:
==16447==     in use at exit: 428 bytes in 24 blocks
==16447==   total heap usage: 107 allocs, 83 frees, 8,059 bytes allocated
==16447== 
==16447== LEAK SUMMARY:
==16447==    definitely lost: 192 bytes in 1 blocks
==16447==    indirectly lost: 236 bytes in 23 blocks
==16447==      possibly lost: 0 bytes in 0 blocks
==16447==    still reachable: 0 bytes in 0 blocks
==16447==         suppressed: 0 bytes in 0 blocks
==16447== Rerun with --leak-check=full to see details of leaked memory
==16447== 
==16447== For lists of detected and suppressed errors, rerun with: -s
==16447== ERROR SUMMARY: 0 errors from 0 contexts (suppressed: 0 from 0)
Running valgrind on ./maps/bad/map_missing.cub...

[0;31m Error:[Map start] No map or incorrect placement
[0m [0;34mN[0;34mO[0;34m [0;34mt[0;34me[0;34mx[0;34mt[0;34mu[0;34mr[0;34me[0;34ms[0;34m/[0;34mt[0;34me[0;34ms[0;34mt[0;34m/[0;34mn[0;34mo[0;34mr[0;34mt[0;34mh[0;34m.[0;34mx[0;34mp[0;34mm
[0m[0;34mS[0;34mO[0;34m [0;34mt[0;34me[0;34mx[0;34mt[0;34mu[0;34mr[0;34me[0;34ms[0;34m/[0;34mt[0;34me[0;34ms[0;34mt[0;34m/[0;34ms[0;34mo[0;34mu[0;34mt[0;34mh[0;34m.[0;34mx[0;34mp[0;34mm
[0m[0;34mW[0;34mE[0;34m [0;34mt[0;34me[0;34mx[0;34mt[0;34mu[0;34mr[0;34me[0;34ms[0;34m/[0;34mt[0;34me[0;34ms[0;34mt[0;34m/[0;34mw[0;34me[0;34ms[0;34mt[0;34m.[0;34mx[0;34mp[0;34mm
[0m[0;34mE[0;34mA[0;34m [0;34mt[0;34me[0;34mx[0;34mt[0;34mu[0;34mr[0;34me[0;34ms[0;34m/[0;34mt[0;34me[0;34ms[0;34mt[0;34m/[0;34me[0;34ma[0;34ms[0;34mt[0;34m.[0;34mx[0;34mp[0;34mm
[0m
[0m[0;34mF[0;34m [0;34m2[0;34m0[0;34m,[0;34m2[0;34m0[0;34m,[0;34m2[0;34m0
[0m[0;34mC[0;34m [0;34m2[0;34m0[0;34m0[0;34m,[0;34m2[0;34m0[0;34m0[0;34m,[0;34m2[0;34m0[0;34m0
[0m
[0mExit code: 1
‚ö†Ô∏è No Valgrind alerts, but with leaks[0m  
==16450== Memcheck, a memory error detector
==16450== Copyright (C) 2002-2022, and GNU GPL'd, by Julian Seward et al.
==16450== Using Valgrind-3.22.0 and LibVEX; rerun with -h for copyright info
==16450== Command: ./cub3d ./maps/bad/map_missing.cub
==16450== Parent PID: 16366
==16450== 
==16450== 
==16450== HEAP SUMMARY:
==16450==     in use at exit: 213 bytes in 9 blocks
==16450==   total heap usage: 44 allocs, 35 frees, 5,280 bytes allocated
==16450== 
==16450== LEAK SUMMARY:
==16450==    definitely lost: 72 bytes in 1 blocks
==16450==    indirectly lost: 141 bytes in 8 blocks
==16450==      possibly lost: 0 bytes in 0 blocks
==16450==    still reachable: 0 bytes in 0 blocks
==16450==         suppressed: 0 bytes in 0 blocks
==16450== Rerun with --leak-check=full to see details of leaked memory
==16450== 
==16450== For lists of detected and suppressed errors, rerun with: -s
==16450== ERROR SUMMARY: 0 errors from 0 contexts (suppressed: 0 from 0)
Running valgrind on ./maps/bad/map_only.cub...

[0;31m Error:[Map start] No map or incorrect placement
[0m [0;34m1[0;34m1[0;34m1[0;34m1[0;34m1
[0m[0;34m1[0;34m0[0;34m0[0;34m0[0;34m1
[0m[0;34m1[0;34m0[0;34mS[0;34m0[0;34m1
[0m[0;34m1[0;34m0[0;34m0[0;34m0[0;34m1
[0m[0;34m1[0;34m0[0;34m0[0;34m0[0;34m1
[0m[0;34m1[0;34m0[0;34m0[0;34m0[0;34m1
[0m[0;34m1[0;34m1[0;34m0[0;34m0[0;34m1
[0m[0;34m1[0;34m0[0;34m0[0;34m0[0;34m1
[0m[0;34m1[0;34m0[0;34m0[0;34m0[0;34m1
[0m[0;34m1[0;34m0[0;34m0[0;34m0[0;34m1
[0m[0;34m1[0;34m0[0;34m0[0;34m0[0;34m1
[0m[0;34m1[0;34m0[0;34m0[0;34m0[0;34m1
[0m[0;34m1[0;34m1[0;34m1[0;34m1[0;34m1
[0mExit code: 1
‚ö†Ô∏è No Valgrind alerts, but with leaks[0m  
==16453== Memcheck, a memory error detector
==16453== Copyright (C) 2002-2022, and GNU GPL'd, by Julian Seward et al.
==16453== Using Valgrind-3.22.0 and LibVEX; rerun with -h for copyright info
==16453== Command: ./cub3d ./maps/bad/map_only.cub
==16453== Parent PID: 16366
==16453== 
==16453== 
==16453== HEAP SUMMARY:
==16453==     in use at exit: 203 bytes in 14 blocks
==16453==   total heap usage: 62 allocs, 48 frees, 5,730 bytes allocated
==16453== 
==16453== LEAK SUMMARY:
==16453==    definitely lost: 112 bytes in 1 blocks
==16453==    indirectly lost: 91 bytes in 13 blocks
==16453==      possibly lost: 0 bytes in 0 blocks
==16453==    still reachable: 0 bytes in 0 blocks
==16453==         suppressed: 0 bytes in 0 blocks
==16453== Rerun with --leak-check=full to see details of leaked memory
==16453== 
==16453== For lists of detected and suppressed errors, rerun with: -s
==16453== ERROR SUMMARY: 0 errors from 0 contexts (suppressed: 0 from 0)
Running valgrind on ./maps/bad/map_too_small.cub...

[0;31m Error:[Map check in file] Invalid map size
[0m [0;34mN[0;34mO[0;34m [0;34mt[0;34me[0;34mx[0;34mt[0;34mu[0;34mr[0;34me[0;34ms[0;34m/[0;34mt[0;34me[0;34ms[0;34mt[0;34m/[0;34mn[0;34mo[0;34mr[0;34mt[0;34mh[0;34m.[0;34mx[0;34mp[0;34mm
[0m[0;34mS[0;34mO[0;34m [0;34mt[0;34me[0;34mx[0;34mt[0;34mu[0;34mr[0;34me[0;34ms[0;34m/[0;34mt[0;34me[0;34ms[0;34mt[0;34m/[0;34ms[0;34mo[0;34mu[0;34mt[0;34mh[0;34m.[0;34mx[0;34mp[0;34mm
[0m[0;34mW[0;34mE[0;34m [0;34mt[0;34me[0;34mx[0;34mt[0;34mu[0;34mr[0;34me[0;34ms[0;34m/[0;34mt[0;34me[0;34ms[0;34mt[0;34m/[0;34mw[0;34me[0;34ms[0;34mt[0;34m.[0;34mx[0;34mp[0;34mm
[0m[0;34mE[0;34mA[0;34m [0;34mt[0;34me[0;34mx[0;34mt[0;34mu[0;34mr[0;34me[0;34ms[0;34m/[0;34mt[0;34me[0;34ms[0;34mt[0;34m/[0;34me[0;34ma[0;34ms[0;34mt[0;34m.[0;34mx[0;34mp[0;34mm
[0m
[0m[0;34mF[0;34m [0;34m2[0;34m0[0;34m,[0;34m2[0;34m0[0;34m,[0;34m2[0;34m0
[0m[0;34mC[0;34m [0;34m2[0;34m0[0;34m0[0;34m,[0;34m2[0;34m0[0;34m0[0;34m,[0;34m2[0;34m0[0;34m0
[0m
[0m[0;34m1[0;34m1[0;34m1
[0m[0;34m1[0;34m1[0;34m1
[0mExit code: 1
‚ö†Ô∏è No Valgrind alerts, but with leaks[0m  
==16456== Memcheck, a memory error detector
==16456== Copyright (C) 2002-2022, and GNU GPL'd, by Julian Seward et al.
==16456== Using Valgrind-3.22.0 and LibVEX; rerun with -h for copyright info
==16456== Command: ./cub3d ./maps/bad/map_too_small.cub
==16456== Parent PID: 16366
==16456== 
==16456== 
==16456== HEAP SUMMARY:
==16456==     in use at exit: 239 bytes in 11 blocks
==16456==   total heap usage: 52 allocs, 41 frees, 5,540 bytes allocated
==16456== 
==16456== LEAK SUMMARY:
==16456==    definitely lost: 88 bytes in 1 blocks
==16456==    indirectly lost: 151 bytes in 10 blocks
==16456==      possibly lost: 0 bytes in 0 blocks
==16456==    still reachable: 0 bytes in 0 blocks
==16456==         suppressed: 0 bytes in 0 blocks
==16456== Rerun with --leak-check=full to see details of leaked memory
==16456== 
==16456== For lists of detected and suppressed errors, rerun with: -s
==16456== ERROR SUMMARY: 0 errors from 0 contexts (suppressed: 0 from 0)
Running valgrind on ./maps/bad/player_multiple.cub...

[0;31m Error:[Map validation] invalid number of player 
[0m [0;34mN[0;34mO[0;34m [0;34mt[0;34me[0;34mx[0;34mt[0;34mu[0;34mr[0;34me[0;34ms[0;34m/[0;34mt[0;34me[0;34ms[0;34mt[0;34m/[0;34mn[0;34mo[0;34mr[0;34mt[0;34mh[0;34m.[0;34mx[0;34mp[0;34mm
[0m[0;34mS[0;34mO[0;34m [0;34mt[0;34me[0;34mx[0;34mt[0;34mu[0;34mr[0;34me[0;34ms[0;34m/[0;34mt[0;34me[0;34ms[0;34mt[0;34m/[0;34ms[0;34mo[0;34mu[0;34mt[0;34mh[0;34m.[0;34mx[0;34mp[0;34mm
[0m[0;34mW[0;34mE[0;34m [0;34mt[0;34me[0;34mx[0;34mt[0;34mu[0;34mr[0;34me[0;34ms[0;34m/[0;34mt[0;34me[0;34ms[0;34mt[0;34m/[0;34mw[0;34me[0;34ms[0;34mt[0;34m.[0;34mx[0;34mp[0;34mm
[0m[0;34mE[0;34mA[0;34m [0;34mt[0;34me[0;34mx[0;34mt[0;34mu[0;34mr[0;34me[0;34ms[0;34m/[0;34mt[0;34me[0;34ms[0;34mt[0;34m/[0;34me[0;34ma[0;34ms[0;34mt[0;34m.[0;34mx[0;34mp[0;34mm
[0m
[0m[0;34mF[0;34m [0;34m2[0;34m0[0;34m,[0;34m2[0;34m0[0;34m,[0;34m2[0;34m0
[0m[0;34mC[0;34m [0;34m2[0;34m0[0;34m0[0;34m,[0;34m2[0;34m0[0;34m0[0;34m,[0;34m2[0;34m0[0;34m0
[0m
[0m[0;34m1[0;34m1[0;34m1[0;34m1[0;34m1
[0m[0;34m1[0;34m0[0;34m0[0;34m0[0;34m1
[0m[0;34m1[0;34m0[0;34mS[0;34m0[0;34m1
[0m[0;34m1[0;34m0[0;34m0[0;34m0[0;34m1
[0m[0;34m1[0;34m0[0;34m0[0;34m0[0;34m1
[0m[0;34m1[0;34m0[0;34m0[0;34m0[0;34m1
[0m[0;34m1[0;34m1[0;34mE[0;34m0[0;34m1
[0m[0;34m1[0;34m0[0;34m0[0;34m0[0;34m1
[0m[0;34m1[0;34m0[0;34m0[0;34m0[0;34m1
[0m[0;34m1[0;34m0[0;34m0[0;34m0[0;34m1
[0m[0;34m1[0;34m0[0;34m0[0;34m0[0;34m1
[0m[0;34m1[0;34m0[0;34m0[0;34m0[0;34m1
[0m[0;34m1[0;34m1[0;34m1[0;34m1[0;34m1
[0mExit code: 1
‚ö†Ô∏è No Valgrind alerts, but with leaks[0m  
==16459== Memcheck, a memory error detector
==16459== Copyright (C) 2002-2022, and GNU GPL'd, by Julian Seward et al.
==16459== Using Valgrind-3.22.0 and LibVEX; rerun with -h for copyright info
==16459== Command: ./cub3d ./maps/bad/player_multiple.cub
==16459== Parent PID: 16366
==16459== 
==16459== 
==16459== HEAP SUMMARY:
==16459==     in use at exit: 598 bytes in 36 blocks
==16459==   total heap usage: 126 allocs, 90 frees, 7,925 bytes allocated
==16459== 
==16459== LEAK SUMMARY:
==16459==    definitely lost: 288 bytes in 2 blocks
==16459==    indirectly lost: 310 bytes in 34 blocks
==16459==      possibly lost: 0 bytes in 0 blocks
==16459==    still reachable: 0 bytes in 0 blocks
==16459==         suppressed: 0 bytes in 0 blocks
==16459== Rerun with --leak-check=full to see details of leaked memory
==16459== 
==16459== For lists of detected and suppressed errors, rerun with: -s
==16459== ERROR SUMMARY: 0 errors from 0 contexts (suppressed: 0 from 0)
Running valgrind on ./maps/bad/player_none.cub...

[0;31m Error:[Map validation] invalid number of player 
[0m [0;34mN[0;34mO[0;34m [0;34mt[0;34me[0;34mx[0;34mt[0;34mu[0;34mr[0;34me[0;34ms[0;34m/[0;34mt[0;34me[0;34ms[0;34mt[0;34m/[0;34mn[0;34mo[0;34mr[0;34mt[0;34mh[0;34m.[0;34mx[0;34mp[0;34mm
[0m[0;34mS[0;34mO[0;34m [0;34mt[0;34me[0;34mx[0;34mt[0;34mu[0;34mr[0;34me[0;34ms[0;34m/[0;34mt[0;34me[0;34ms[0;34mt[0;34m/[0;34ms[0;34mo[0;34mu[0;34mt[0;34mh[0;34m.[0;34mx[0;34mp[0;34mm
[0m[0;34mW[0;34mE[0;34m [0;34mt[0;34me[0;34mx[0;34mt[0;34mu[0;34mr[0;34me[0;34ms[0;34m/[0;34mt[0;34me[0;34ms[0;34mt[0;34m/[0;34mw[0;34me[0;34ms[0;34mt[0;34m.[0;34mx[0;34mp[0;34mm
[0m[0;34mE[0;34mA[0;34m [0;34mt[0;34me[0;34mx[0;34mt[0;34mu[0;34mr[0;34me[0;34ms[0;34m/[0;34mt[0;34me[0;34ms[0;34mt[0;34m/[0;34me[0;34ma[0;34ms[0;34mt[0;34m.[0;34mx[0;34mp[0;34mm
[0m
[0m[0;34mF[0;34m [0;34m2[0;34m0[0;34m,[0;34m2[0;34m0[0;34m,[0;34m2[0;34m0
[0m[0;34mC[0;34m [0;34m2[0;34m0[0;34m0[0;34m,[0;34m2[0;34m0[0;34m0[0;34m,[0;34m2[0;34m0[0;34m0
[0m
[0m[0;34m1[0;34m1[0;34m1[0;34m1[0;34m1
[0m[0;34m1[0;34m0[0;34m0[0;34m0[0;34m1
[0m[0;34m1[0;34m0[0;34m0[0;34m0[0;34m1
[0m[0;34m1[0;34m0[0;34m0[0;34m0[0;34m1
[0m[0;34m1[0;34m0[0;34m0[0;34m0[0;34m1
[0m[0;34m1[0;34m0[0;34m0[0;34m0[0;34m1
[0m[0;34m1[0;34m1[0;34m0[0;34m0[0;34m1
[0m[0;34m1[0;34m0[0;34m0[0;34m0[0;34m1
[0m[0;34m1[0;34m0[0;34m0[0;34m0[0;34m1
[0m[0;34m1[0;34m0[0;34m0[0;34m0[0;34m1
[0m[0;34m1[0;34m0[0;34m0[0;34m0[0;34m1
[0m[0;34m1[0;34m0[0;34m0[0;34m0[0;34m1
[0m[0;34m1[0;34m1[0;34m1[0;34m1[0;34m1
[0mExit code: 1
‚ö†Ô∏è No Valgrind alerts, but with leaks[0m  
==16462== Memcheck, a memory error detector
==16462== Copyright (C) 2002-2022, and GNU GPL'd, by Julian Seward et al.
==16462== Using Valgrind-3.22.0 and LibVEX; rerun with -h for copyright info
==16462== Command: ./cub3d ./maps/bad/player_none.cub
==16462== Parent PID: 16366
==16462== 
==16462== 
==16462== HEAP SUMMARY:
==16462==     in use at exit: 598 bytes in 36 blocks
==16462==   total heap usage: 126 allocs, 90 frees, 7,925 bytes allocated
==16462== 
==16462== LEAK SUMMARY:
==16462==    definitely lost: 288 bytes in 2 blocks
==16462==    indirectly lost: 310 bytes in 34 blocks
==16462==      possibly lost: 0 bytes in 0 blocks
==16462==    still reachable: 0 bytes in 0 blocks
==16462==         suppressed: 0 bytes in 0 blocks
==16462== Rerun with --leak-check=full to see details of leaked memory
==16462== 
==16462== For lists of detected and suppressed errors, rerun with: -s
==16462== ERROR SUMMARY: 0 errors from 0 contexts (suppressed: 0 from 0)
Running valgrind on ./maps/bad/player_on_edge.cub...

[0;31m Error:[Walls check] incorrect horizontal walls
[0m [0;34mN[0;34mO[0;34m [0;34mt[0;34me[0;34mx[0;34mt[0;34mu[0;34mr[0;34me[0;34ms[0;34m/[0;34mt[0;34me[0;34ms[0;34mt[0;34m/[0;34mn[0;34mo[0;34mr[0;34mt[0;34mh[0;34m.[0;34mx[0;34mp[0;34mm
[0m[0;34mS[0;34mO[0;34m [0;34mt[0;34me[0;34mx[0;34mt[0;34mu[0;34mr[0;34me[0;34ms[0;34m/[0;34mt[0;34me[0;34ms[0;34mt[0;34m/[0;34ms[0;34mo[0;34mu[0;34mt[0;34mh[0;34m.[0;34mx[0;34mp[0;34mm
[0m[0;34mW[0;34mE[0;34m [0;34mt[0;34me[0;34mx[0;34mt[0;34mu[0;34mr[0;34me[0;34ms[0;34m/[0;34mt[0;34me[0;34ms[0;34mt[0;34m/[0;34mw[0;34me[0;34ms[0;34mt[0;34m.[0;34mx[0;34mp[0;34mm
[0m[0;34mE[0;34mA[0;34m [0;34mt[0;34me[0;34mx[0;34mt[0;34mu[0;34mr[0;34me[0;34ms[0;34m/[0;34mt[0;34me[0;34ms[0;34mt[0;34m/[0;34me[0;34ma[0;34ms[0;34mt[0;34m.[0;34mx[0;34mp[0;34mm
[0m
[0m[0;34mF[0;34m [0;34m2[0;34m0[0;34m,[0;34m2[0;34m0[0;34m,[0;34m2[0;34m0
[0m[0;34mC[0;34m [0;34m2[0;34m0[0;34m0[0;34m,[0;34m2[0;34m0[0;34m0[0;34m,[0;34m2[0;34m0[0;34m0
[0m
[0m[0;34m1[0;34mS[0;34m1[0;34m1[0;34m1
[0m[0;34m1[0;34m0[0;34m0[0;34m0[0;34m1
[0m[0;34m1[0;34m0[0;34m0[0;34m0[0;34m1
[0m[0;34m1[0;34m0[0;34m0[0;34m0[0;34m1
[0m[0;34m1[0;34m0[0;34m0[0;34m0[0;34m1
[0m[0;34m1[0;34m0[0;34m0[0;34m0[0;34m1
[0m[0;34m1[0;34m1[0;34m0[0;34m0[0;34m1
[0m[0;34m1[0;34m0[0;34m0[0;34m0[0;34m1
[0m[0;34m1[0;34m0[0;34m0[0;34m0[0;34m1
[0m[0;34m1[0;34m0[0;34m0[0;34m0[0;34m1
[0m[0;34m1[0;34m0[0;34m0[0;34m0[0;34m1
[0m[0;34m1[0;34m0[0;34m0[0;34m0[0;34m1
[0m[0;34m1[0;34m1[0;34m1[0;34m1[0;34m1
[0mExit code: 1
‚ö†Ô∏è No Valgrind alerts, but with leaks[0m  
==16469== Memcheck, a memory error detector
==16469== Copyright (C) 2002-2022, and GNU GPL'd, by Julian Seward et al.
==16469== Using Valgrind-3.22.0 and LibVEX; rerun with -h for copyright info
==16469== Command: ./cub3d ./maps/bad/player_on_edge.cub
==16469== Parent PID: 16366
==16469== 
==16469== 
==16469== HEAP SUMMARY:
==16469==     in use at exit: 598 bytes in 36 blocks
==16469==   total heap usage: 126 allocs, 90 frees, 7,925 bytes allocated
==16469== 
==16469== LEAK SUMMARY:
==16469==    definitely lost: 288 bytes in 2 blocks
==16469==    indirectly lost: 310 bytes in 34 blocks
==16469==      possibly lost: 0 bytes in 0 blocks
==16469==    still reachable: 0 bytes in 0 blocks
==16469==         suppressed: 0 bytes in 0 blocks
==16469== Rerun with --leak-check=full to see details of leaked memory
==16469== 
==16469== For lists of detected and suppressed errors, rerun with: -s
==16469== ERROR SUMMARY: 0 errors from 0 contexts (suppressed: 0 from 0)
Running valgrind on ./maps/bad/textures_dir.cub...

[0;31m Error:[Texture verification] file is not found
[0m [0;34mN[0;34mO[0;34m [0;34mt[0;34me[0;34mx[0;34mt[0;34mu[0;34mr[0;34me[0;34ms[0;34m/[0;34mt[0;34me[0;34ms[0;34mt[0;34m/[0;34mn[0;34mo[0;34mr[0;34mt[0;34mh[0;34m.[0;34mx[0;34mp[0;34mm
[0m[0;34mS[0;34mO[0;34m [0;34mt[0;34me[0;34mx[0;34mt[0;34mu[0;34mr[0;34me[0;34ms[0;34m/[0;34mt[0;34me[0;34ms[0;34mt[0;34m/[0;34ms[0;34mo[0;34mu[0;34mt[0;34mh[0;34m.[0;34mx[0;34mp[0;34mm
[0m[0;34mW[0;34mE[0;34m [0;34mt[0;34me[0;34mx[0;34mt[0;34mu[0;34mr[0;34me[0;34ms[0;34m/[0;34mt[0;34me[0;34ms[0;34mt[0;34m/[0;34mw[0;34me[0;34ms[0;34mt[0;34m.[0;34mx[0;34mp[0;34mm
[0m[0;34mE[0;34mA[0;34m [0;34mt[0;34me[0;34mx[0;34mt[0;34mu[0;34mr[0;34me[0;34ms[0;34m/[0;34mt[0;34me[0;34ms[0;34mt[0;34m/
[0m
[0m[0;34mF[0;34m [0;34m2[0;34m0[0;34m,[0;34m2[0;34m0[0;34m,[0;34m2[0;34m0
[0m[0;34mC[0;34m [0;34m2[0;34m0[0;34m0[0;34m,[0;34m2[0;34m0[0;34m0[0;34m,[0;34m2[0;34m0[0;34m0
[0m
[0m[0;34m1[0;34m1[0;34m1[0;34m1[0;34m1
[0m[0;34m1[0;34m0[0;34m0[0;34m0[0;34m1
[0m[0;34m1[0;34m0[0;34mS[0;34m0[0;34m1
[0m[0;34m1[0;34m0[0;34m0[0;34m0[0;34m1
[0m[0;34m1[0;34m0[0;34m0[0;34m0[0;34m1
[0m[0;34m1[0;34m0[0;34m0[0;34m0[0;34m1
[0m[0;34m1[0;34m1[0;34m0[0;34m0[0;34m1
[0m[0;34m1[0;34m0[0;34m0[0;34m0[0;34m1
[0m[0;34m1[0;34m0[0;34m0[0;34m0[0;34m1
[0m[0;34m1[0;34m0[0;34m0[0;34m0[0;34m1
[0m[0;34m1[0;34m0[0;34m0[0;34m0[0;34m1
[0m[0;34m1[0;34m0[0;34m0[0;34m0[0;34m1
[0m[0;34m1[0;34m1[0;34m1[0;34m1[0;34m1
[0mExit code: 1
‚ö†Ô∏è No Valgrind alerts, but with leaks[0m  
==16472== Memcheck, a memory error detector
==16472== Copyright (C) 2002-2022, and GNU GPL'd, by Julian Seward et al.
==16472== Using Valgrind-3.22.0 and LibVEX; rerun with -h for copyright info
==16472== Command: ./cub3d ./maps/bad/textures_dir.cub
==16472== Parent PID: 16366
==16472== 
==16472== 
==16472== HEAP SUMMARY:
==16472==     in use at exit: 676 bytes in 40 blocks
==16472==   total heap usage: 130 allocs, 90 frees, 7,985 bytes allocated
==16472== 
==16472== LEAK SUMMARY:
==16472==    definitely lost: 374 bytes in 6 blocks
==16472==    indirectly lost: 302 bytes in 34 blocks
==16472==      possibly lost: 0 bytes in 0 blocks
==16472==    still reachable: 0 bytes in 0 blocks
==16472==         suppressed: 0 bytes in 0 blocks
==16472== Rerun with --leak-check=full to see details of leaked memory
==16472== 
==16472== For lists of detected and suppressed errors, rerun with: -s
==16472== ERROR SUMMARY: 0 errors from 0 contexts (suppressed: 0 from 0)
Running valgrind on ./maps/bad/textures_duplicates.cub...

[0;31m Error:[Texture] textures are not complete
[0m [0;34mN[0;34mO[0;34m [0;34mt[0;34me[0;34mx[0;34mt[0;34mu[0;34mr[0;34me[0;34ms[0;34m/[0;34mt[0;34me[0;34ms[0;34mt[0;34m/[0;34mn[0;34mo[0;34mr[0;34mt[0;34mh[0;34m.[0;34mx[0;34mp[0;34mm
[0m[0;34mS[0;34mO[0;34m [0;34mt[0;34me[0;34mx[0;34mt[0;34mu[0;34mr[0;34me[0;34ms[0;34m/[0;34mt[0;34me[0;34ms[0;34mt[0;34m/[0;34ms[0;34mo[0;34mu[0;34mt[0;34mh[0;34m.[0;34mx[0;34mp[0;34mm
[0m[0;34mW[0;34mE[0;34m [0;34mt[0;34me[0;34mx[0;34mt[0;34mu[0;34mr[0;34me[0;34ms[0;34m/[0;34mt[0;34me[0;34ms[0;34mt[0;34m/[0;34mw[0;34me[0;34ms[0;34mt[0;34m.[0;34mx[0;34mp[0;34mm
[0m[0;34mE[0;34mA
[0m
[0m[0;34mF[0;34m [0;34m2[0;34m0[0;34m,[0;34m2[0;34m0[0;34m,[0;34m2[0;34m0
[0m[0;34mC[0;34m [0;34m2[0;34m0[0;34m0[0;34m,[0;34m2[0;34m0[0;34m0[0;34m,[0;34m2[0;34m0[0;34m0
[0m
[0m[0;34m1[0;34m1[0;34m1[0;34m1[0;34m1
[0m[0;34m1[0;34m0[0;34m0[0;34m0[0;34m1
[0m[0;34m1[0;34m0[0;34mS[0;34m0[0;34m1
[0m[0;34m1[0;34m0[0;34m0[0;34m0[0;34m1
[0m[0;34m1[0;34m0[0;34m0[0;34m0[0;34m1
[0m[0;34m1[0;34m0[0;34m0[0;34m0[0;34m1
[0m[0;34m1[0;34m1[0;34m0[0;34m0[0;34m1
[0m[0;34m1[0;34m0[0;34m0[0;34m0[0;34m1
[0m[0;34m1[0;34m0[0;34m0[0;34m0[0;34m1
[0m[0;34m1[0;34m0[0;34m0[0;34m0[0;34m1
[0m[0;34m1[0;34m0[0;34m0[0;34m0[0;34m1
[0m[0;34m1[0;34m0[0;34m0[0;34m0[0;34m1
[0m[0;34m1[0;34m1[0;34m1[0;34m1[0;34m1
[0mExit code: 1
‚ö†Ô∏è No Valgrind alerts, but with leaks[0m  
==16475== Memcheck, a memory error detector
==16475== Copyright (C) 2002-2022, and GNU GPL'd, by Julian Seward et al.
==16475== Using Valgrind-3.22.0 and LibVEX; rerun with -h for copyright info
==16475== Command: ./cub3d ./maps/bad/textures_duplicates.cub
==16475== Parent PID: 16366
==16475== 
==16475== 
==16475== HEAP SUMMARY:
==16475==     in use at exit: 646 bytes in 39 blocks
==16475==   total heap usage: 128 allocs, 89 frees, 7,915 bytes allocated
==16475== 
==16475== LEAK SUMMARY:
==16475==    definitely lost: 359 bytes in 5 blocks
==16475==    indirectly lost: 287 bytes in 34 blocks
==16475==      possibly lost: 0 bytes in 0 blocks
==16475==    still reachable: 0 bytes in 0 blocks
==16475==         suppressed: 0 bytes in 0 blocks
==16475== Rerun with --leak-check=full to see details of leaked memory
==16475== 
==16475== For lists of detected and suppressed errors, rerun with: -s
==16475== ERROR SUMMARY: 0 errors from 0 contexts (suppressed: 0 from 0)
Running valgrind on ./maps/bad/textures_invalid.cub...

[0;31m Error:[Texture verification] file is not found
[0m [0;34mN[0;34mO[0;34m [0;34mt[0;34me[0;34mx[0;34mt[0;34mu[0;34mr[0;34me[0;34ms[0;34m/[0;34mt[0;34me[0;34ms[0;34mt[0;34m/[0;34mn[0;34mo[0;34mr[0;34mt[0;34mh[0;34m.[0;34mx[0;34mp[0;34mm
[0m[0;34mS[0;34mO[0;34m [0;34mt[0;34me[0;34mx[0;34mt[0;34mu[0;34mr[0;34me[0;34ms[0;34m/[0;34mt[0;34me[0;34ms[0;34mt[0;34m/[0;34ms[0;34mo[0;34mu[0;34mt[0;34mh[0;34m.[0;34mx[0;34mp[0;34mm
[0m[0;34mW[0;34mE[0;34m [0;34mt[0;34me[0;34mx[0;34mt[0;34mu[0;34mr[0;34me[0;34ms[0;34m/[0;34mt[0;34me[0;34ms[0;34mt[0;34m/[0;34mx
[0m[0;34mE[0;34mA[0;34m [0;34mt[0;34me[0;34mx[0;34mt[0;34mu[0;34mr[0;34me[0;34ms[0;34m/[0;34mt[0;34me[0;34ms[0;34mt[0;34m/[0;34me[0;34ma[0;34ms[0;34mt[0;34m.[0;34mx[0;34mp[0;34mm
[0m
[0m[0;34mF[0;34m [0;34m2[0;34m0[0;34m,[0;34m2[0;34m0[0;34m,[0;34m2[0;34m0
[0m[0;34mC[0;34m [0;34m2[0;34m0[0;34m0[0;34m,[0;34m2[0;34m0[0;34m0[0;34m,[0;34m2[0;34m0[0;34m0
[0m
[0m[0;34m1[0;34m1[0;34m1[0;34m1[0;34m1
[0m[0;34m1[0;34m0[0;34m0[0;34m0[0;34m1
[0m[0;34m1[0;34m0[0;34mS[0;34m0[0;34m1
[0m[0;34m1[0;34m0[0;34m0[0;34m0[0;34m1
[0m[0;34m1[0;34m0[0;34m0[0;34m0[0;34m1
[0m[0;34m1[0;34m0[0;34m0[0;34m0[0;34m1
[0m[0;34m1[0;34m1[0;34m0[0;34m0[0;34m1
[0m[0;34m1[0;34m0[0;34m0[0;34m0[0;34m1
[0m[0;34m1[0;34m0[0;34m0[0;34m0[0;34m1
[0m[0;34m1[0;34m0[0;34m0[0;34m0[0;34m1
[0m[0;34m1[0;34m0[0;34m0[0;34m0[0;34m1
[0m[0;34m1[0;34m0[0;34m0[0;34m0[0;34m1
[0m[0;34m1[0;34m1[0;34m1[0;34m1[0;34m1
[0mExit code: 1
‚ö†Ô∏è No Valgrind alerts, but with leaks[0m  
==16478== Memcheck, a memory error detector
==16478== Copyright (C) 2002-2022, and GNU GPL'd, by Julian Seward et al.
==16478== Using Valgrind-3.22.0 and LibVEX; rerun with -h for copyright info
==16478== Command: ./cub3d ./maps/bad/textures_invalid.cub
==16478== Parent PID: 16366
==16478== 
==16478== 
==16478== HEAP SUMMARY:
==16478==     in use at exit: 678 bytes in 40 blocks
==16478==   total heap usage: 130 allocs, 90 frees, 7,982 bytes allocated
==16478== 
==16478== LEAK SUMMARY:
==16478==    definitely lost: 375 bytes in 6 blocks
==16478==    indirectly lost: 303 bytes in 34 blocks
==16478==      possibly lost: 0 bytes in 0 blocks
==16478==    still reachable: 0 bytes in 0 blocks
==16478==         suppressed: 0 bytes in 0 blocks
==16478== Rerun with --leak-check=full to see details of leaked memory
==16478== 
==16478== For lists of detected and suppressed errors, rerun with: -s
==16478== ERROR SUMMARY: 0 errors from 0 contexts (suppressed: 0 from 0)
Running valgrind on ./maps/bad/textures_missing.cub...

[0;31m Error:[Texture] textures are not complete
[0m [0;34mS[0;34mO[0;34m [0;34mt[0;34me[0;34mx[0;34mt[0;34mu[0;34mr[0;34me[0;34ms[0;34m/[0;34mt[0;34me[0;34ms[0;34mt[0;34m/[0;34ms[0;34mo[0;34mu[0;34mt[0;34mh[0;34m.[0;34mx[0;34mp[0;34mm
[0m[0;34mW[0;34mE[0;34m [0;34mt[0;34me[0;34mx[0;34mt[0;34mu[0;34mr[0;34me[0;34ms[0;34m/[0;34mt[0;34me[0;34ms[0;34mt[0;34m/[0;34mw[0;34me[0;34ms[0;34mt[0;34m.[0;34mx[0;34mp[0;34mm
[0m[0;34mE[0;34mA[0;34m [0;34mt[0;34me[0;34mx[0;34mt[0;34mu[0;34mr[0;34me[0;34ms[0;34m/[0;34mt[0;34me[0;34ms[0;34mt[0;34m/[0;34me[0;34ma[0;34ms[0;34mt[0;34m.[0;34mx[0;34mp[0;34mm
[0m
[0m[0;34mF[0;34m [0;34m2[0;34m0[0;34m,[0;34m2[0;34m0[0;34m,[0;34m2[0;34m0
[0m[0;34mC[0;34m [0;34m2[0;34m0[0;34m0[0;34m,[0;34m2[0;34m0[0;34m0[0;34m,[0;34m2[0;34m0[0;34m0
[0m
[0m[0;34m1[0;34m1[0;34m1[0;34m1[0;34m1
[0m[0;34m1[0;34m0[0;34m0[0;34m0[0;34m1
[0m[0;34m1[0;34m0[0;34mS[0;34m0[0;34m1
[0m[0;34m1[0;34m0[0;34m0[0;34m0[0;34m1
[0m[0;34m1[0;34m0[0;34m0[0;34m0[0;34m1
[0m[0;34m1[0;34m0[0;34m0[0;34m0[0;34m1
[0m[0;34m1[0;34m1[0;34m0[0;34m0[0;34m1
[0m[0;34m1[0;34m0[0;34m0[0;34m0[0;34m1
[0m[0;34m1[0;34m0[0;34m0[0;34m0[0;34m1
[0m[0;34m1[0;34m0[0;34m0[0;34m0[0;34m1
[0m[0;34m1[0;34m0[0;34m0[0;34m0[0;34m1
[0m[0;34m1[0;34m0[0;34m0[0;34m0[0;34m1
[0m[0;34m1[0;34m1[0;34m1[0;34m1[0;34m1
[0mExit code: 1
‚ö†Ô∏è No Valgrind alerts, but with leaks[0m  
==16481== Memcheck, a memory error detector
==16481== Copyright (C) 2002-2022, and GNU GPL'd, by Julian Seward et al.
==16481== Using Valgrind-3.22.0 and LibVEX; rerun with -h for copyright info
==16481== Command: ./cub3d ./maps/bad/textures_missing.cub
==16481== Parent PID: 16366
==16481== 
==16481== 
==16481== HEAP SUMMARY:
==16481==     in use at exit: 632 bytes in 38 blocks
==16481==   total heap usage: 124 allocs, 86 frees, 7,678 bytes allocated
==16481== 
==16481== LEAK SUMMARY:
==16481==    definitely lost: 350 bytes in 5 blocks
==16481==    indirectly lost: 282 bytes in 33 blocks
==16481==      possibly lost: 0 bytes in 0 blocks
==16481==    still reachable: 0 bytes in 0 blocks
==16481==         suppressed: 0 bytes in 0 blocks
==16481== Rerun with --leak-check=full to see details of leaked memory
==16481== 
==16481== For lists of detected and suppressed errors, rerun with: -s
==16481== ERROR SUMMARY: 0 errors from 0 contexts (suppressed: 0 from 0)
Running valgrind on ./maps/bad/textures_none.cub...

[0;31m Error:[Texture] textures are not complete
[0m [0;34mF[0;34m [0;34m2[0;34m0[0;34m,[0;34m2[0;34m0[0;34m,[0;34m2[0;34m0
[0m[0;34mC[0;34m [0;34m2[0;34m0[0;34m0[0;34m,[0;34m2[0;34m0[0;34m0[0;34m,[0;34m2[0;34m0[0;34m0
[0m
[0m[0;34m1[0;34m1[0;34m1[0;34m1[0;34m1
[0m[0;34m1[0;34m0[0;34m0[0;34m0[0;34m1
[0m[0;34m1[0;34m0[0;34mS[0;34m0[0;34m1
[0m[0;34m1[0;34m0[0;34m0[0;34m0[0;34m1
[0m[0;34m1[0;34m0[0;34m0[0;34m0[0;34m1
[0m[0;34m1[0;34m0[0;34m0[0;34m0[0;34m1
[0m[0;34m1[0;34m1[0;34m0[0;34m0[0;34m1
[0m[0;34m1[0;34m0[0;34m0[0;34m0[0;34m1
[0m[0;34m1[0;34m0[0;34m0[0;34m0[0;34m1
[0m[0;34m1[0;34m0[0;34m0[0;34m0[0;34m1
[0m[0;34m1[0;34m0[0;34m0[0;34m0[0;34m1
[0m[0;34m1[0;34m0[0;34m0[0;34m0[0;34m1
[0m[0;34m1[0;34m1[0;34m1[0;34m1[0;34m1
[0mExit code: 1
‚ö†Ô∏è No Valgrind alerts, but with leaks[0m  
==16484== Memcheck, a memory error detector
==16484== Copyright (C) 2002-2022, and GNU GPL'd, by Julian Seward et al.
==16484== Using Valgrind-3.22.0 and LibVEX; rerun with -h for copyright info
==16484== Command: ./cub3d ./maps/bad/textures_none.cub
==16484== Parent PID: 16366
==16484== 
==16484== 
==16484== HEAP SUMMARY:
==16484==     in use at exit: 446 bytes in 31 blocks
==16484==   total heap usage: 102 allocs, 71 frees, 6,634 bytes allocated
==16484== 
==16484== LEAK SUMMARY:
==16484==    definitely lost: 248 bytes in 2 blocks
==16484==    indirectly lost: 198 bytes in 29 blocks
==16484==      possibly lost: 0 bytes in 0 blocks
==16484==    still reachable: 0 bytes in 0 blocks
==16484==         suppressed: 0 bytes in 0 blocks
==16484== Rerun with --leak-check=full to see details of leaked memory
==16484== 
==16484== For lists of detected and suppressed errors, rerun with: -s
==16484== ERROR SUMMARY: 0 errors from 0 contexts (suppressed: 0 from 0)
Running valgrind on ./maps/bad/textures_not_xpm.cub...

[0;31m Error:[Texture verification] invalid texture format
[0m [0;34mN[0;34mO[0;34m [0;34mt[0;34me[0;34mx[0;34mt[0;34mu[0;34mr[0;34me[0;34ms[0;34m/[0;34mt[0;34me[0;34ms[0;34mt[0;34m/[0;34mn[0;34mo[0;34mr[0;34mt[0;34mh
[0m[0;34mS[0;34mO[0;34m [0;34mt[0;34me[0;34mx[0;34mt[0;34mu[0;34mr[0;34me[0;34ms[0;34m/[0;34mt[0;34me[0;34ms[0;34mt[0;34m/[0;34ms[0;34mo[0;34mu[0;34mt[0;34mh[0;34m.[0;34mx[0;34mp[0;34mm
[0m[0;34mW[0;34mE[0;34m [0;34mt[0;34me[0;34mx[0;34mt[0;34mu[0;34mr[0;34me[0;34ms[0;34m/[0;34mt[0;34me[0;34ms[0;34mt[0;34m/[0;34mw[0;34me[0;34ms[0;34mt[0;34m.[0;34mx[0;34mp[0;34mm
[0m[0;34mE[0;34mA[0;34m [0;34mt[0;34me[0;34mx[0;34mt[0;34mu[0;34mr[0;34me[0;34ms[0;34m/[0;34mt[0;34me[0;34ms[0;34mt[0;34m/[0;34me[0;34ma[0;34ms[0;34mt[0;34m.[0;34mx[0;34mp[0;34mm
[0m
[0m[0;34mF[0;34m [0;34m2[0;34m0[0;34m,[0;34m2[0;34m0[0;34m,[0;34m2[0;34m0
[0m[0;34mC[0;34m [0;34m2[0;34m0[0;34m0[0;34m,[0;34m2[0;34m0[0;34m0[0;34m,[0;34m2[0;34m0[0;34m0
[0m
[0m[0;34m1[0;34m1[0;34m1[0;34m1[0;34m1
[0m[0;34m1[0;34m0[0;34m0[0;34m0[0;34m1
[0m[0;34m1[0;34m0[0;34mS[0;34m0[0;34m1
[0m[0;34m1[0;34m0[0;34m0[0;34m0[0;34m1
[0m[0;34m1[0;34m0[0;34m0[0;34m0[0;34m1
[0m[0;34m1[0;34m0[0;34m0[0;34m0[0;34m1
[0m[0;34m1[0;34m1[0;34m0[0;34m0[0;34m1
[0m[0;34m1[0;34m0[0;34m0[0;34m0[0;34m1
[0m[0;34m1[0;34m0[0;34m0[0;34m0[0;34m1
[0m[0;34m1[0;34m0[0;34m0[0;34m0[0;34m1
[0m[0;34m1[0;34m0[0;34m0[0;34m0[0;34m1
[0m[0;34m1[0;34m0[0;34m0[0;34m0[0;34m1
[0m[0;34m1[0;34m1[0;34m1[0;34m1[0;34m1
[0mExit code: 1
‚ö†Ô∏è No Valgrind alerts, but with leaks[0m  
==16487== Memcheck, a memory error detector
==16487== Copyright (C) 2002-2022, and GNU GPL'd, by Julian Seward et al.
==16487== Using Valgrind-3.22.0 and LibVEX; rerun with -h for copyright info
==16487== Command: ./cub3d ./maps/bad/textures_not_xpm.cub
==16487== Parent PID: 16366
==16487== 
==16487== 
==16487== HEAP SUMMARY:
==16487==     in use at exit: 684 bytes in 40 blocks
==16487==   total heap usage: 130 allocs, 90 frees, 7,975 bytes allocated
==16487== 
==16487== LEAK SUMMARY:
==16487==    definitely lost: 378 bytes in 6 blocks
==16487==    indirectly lost: 306 bytes in 34 blocks
==16487==      possibly lost: 0 bytes in 0 blocks
==16487==    still reachable: 0 bytes in 0 blocks
==16487==         suppressed: 0 bytes in 0 blocks
==16487== Rerun with --leak-check=full to see details of leaked memory
==16487== 
==16487== For lists of detected and suppressed errors, rerun with: -s
==16487== ERROR SUMMARY: 0 errors from 0 contexts (suppressed: 0 from 0)
Running valgrind on ./maps/bad/wall_hole_east.cub...

[0;31m Error:[Walls check] incorrect vertical walls 
[0m [0;34mN[0;34mO[0;34m [0;34mt[0;34me[0;34mx[0;34mt[0;34mu[0;34mr[0;34me[0;34ms[0;34m/[0;34mt[0;34me[0;34ms[0;34mt[0;34m/[0;34mn[0;34mo[0;34mr[0;34mt[0;34mh[0;34m.[0;34mx[0;34mp[0;34mm
[0m[0;34mS[0;34mO[0;34m [0;34mt[0;34me[0;34mx[0;34mt[0;34mu[0;34mr[0;34me[0;34ms[0;34m/[0;34mt[0;34me[0;34ms[0;34mt[0;34m/[0;34ms[0;34mo[0;34mu[0;34mt[0;34mh[0;34m.[0;34mx[0;34mp[0;34mm
[0m[0;34mW[0;34mE[0;34m [0;34mt[0;34me[0;34mx[0;34mt[0;34mu[0;34mr[0;34me[0;34ms[0;34m/[0;34mt[0;34me[0;34ms[0;34mt[0;34m/[0;34mw[0;34me[0;34ms[0;34mt[0;34m.[0;34mx[0;34mp[0;34mm
[0m[0;34mE[0;34mA[0;34m [0;34mt[0;34me[0;34mx[0;34mt[0;34mu[0;34mr[0;34me[0;34ms[0;34m/[0;34mt[0;34me[0;34ms[0;34mt[0;34m/[0;34me[0;34ma[0;34ms[0;34mt[0;34m.[0;34mx[0;34mp[0;34mm
[0m
[0m[0;34mF[0;34m [0;34m2[0;34m0[0;34m,[0;34m2[0;34m0[0;34m,[0;34m2[0;34m0
[0m[0;34mC[0;34m [0;34m2[0;34m0[0;34m0[0;34m,[0;34m2[0;34m0[0;34m0[0;34m,[0;34m2[0;34m0[0;34m0
[0m
[0m[0;34m1[0;34m1[0;34m1[0;34m1[0;34m1
[0m[0;34m1[0;34m0[0;34m0[0;34m0[0;34m1
[0m[0;34m1[0;34m0[0;34mS[0;34m0[0;34m1
[0m[0;34m1[0;34m0[0;34m0[0;34m0[0;34m1
[0m[0;34m1[0;34m0[0;34m0[0;34m0[0;34m1
[0m[0;34m1[0;34m0[0;34m0[0;34m0[0;34m1
[0m[0;34m1[0;34m1[0;34m0[0;34m0[0;34m0
[0m[0;34m1[0;34m0[0;34m0[0;34m0[0;34m1
[0m[0;34m1[0;34m0[0;34m0[0;34m0[0;34m1
[0m[0;34m1[0;34m0[0;34m0[0;34m0[0;34m1
[0m[0;34m1[0;34m0[0;34m0[0;34m0[0;34m1
[0m[0;34m1[0;34m0[0;34m0[0;34m0[0;34m1
[0m[0;34m1[0;34m1[0;34m1[0;34m1[0;34m1
[0mExit code: 1
‚ö†Ô∏è No Valgrind alerts, but with leaks[0m  
==16491== Memcheck, a memory error detector
==16491== Copyright (C) 2002-2022, and GNU GPL'd, by Julian Seward et al.
==16491== Using Valgrind-3.22.0 and LibVEX; rerun with -h for copyright info
==16491== Command: ./cub3d ./maps/bad/wall_hole_east.cub
==16491== Parent PID: 16366
==16491== 
==16491== 
==16491== HEAP SUMMARY:
==16491==     in use at exit: 598 bytes in 36 blocks
==16491==   total heap usage: 126 allocs, 90 frees, 7,925 bytes allocated
==16491== 
==16491== LEAK SUMMARY:
==16491==    definitely lost: 288 bytes in 2 blocks
==16491==    indirectly lost: 310 bytes in 34 blocks
==16491==      possibly lost: 0 bytes in 0 blocks
==16491==    still reachable: 0 bytes in 0 blocks
==16491==         suppressed: 0 bytes in 0 blocks
==16491== Rerun with --leak-check=full to see details of leaked memory
==16491== 
==16491== For lists of detected and suppressed errors, rerun with: -s
==16491== ERROR SUMMARY: 0 errors from 0 contexts (suppressed: 0 from 0)
Running valgrind on ./maps/bad/wall_hole_north.cub...

[0;31m Error:[Walls check] incorrect horizontal walls
[0m [0;34mN[0;34mO[0;34m [0;34mt[0;34me[0;34mx[0;34mt[0;34mu[0;34mr[0;34me[0;34ms[0;34m/[0;34mt[0;34me[0;34ms[0;34mt[0;34m/[0;34mn[0;34mo[0;34mr[0;34mt[0;34mh[0;34m.[0;34mx[0;34mp[0;34mm
[0m[0;34mS[0;34mO[0;34m [0;34mt[0;34me[0;34mx[0;34mt[0;34mu[0;34mr[0;34me[0;34ms[0;34m/[0;34mt[0;34me[0;34ms[0;34mt[0;34m/[0;34ms[0;34mo[0;34mu[0;34mt[0;34mh[0;34m.[0;34mx[0;34mp[0;34mm
[0m[0;34mW[0;34mE[0;34m [0;34mt[0;34me[0;34mx[0;34mt[0;34mu[0;34mr[0;34me[0;34ms[0;34m/[0;34mt[0;34me[0;34ms[0;34mt[0;34m/[0;34mw[0;34me[0;34ms[0;34mt[0;34m.[0;34mx[0;34mp[0;34mm
[0m[0;34mE[0;34mA[0;34m [0;34mt[0;34me[0;34mx[0;34mt[0;34mu[0;34mr[0;34me[0;34ms[0;34m/[0;34mt[0;34me[0;34ms[0;34mt[0;34m/[0;34me[0;34ma[0;34ms[0;34mt[0;34m.[0;34mx[0;34mp[0;34mm
[0m
[0m[0;34mF[0;34m [0;34m2[0;34m0[0;34m,[0;34m2[0;34m0[0;34m,[0;34m2[0;34m0
[0m[0;34mC[0;34m [0;34m2[0;34m0[0;34m0[0;34m,[0;34m2[0;34m0[0;34m0[0;34m,[0;34m2[0;34m0[0;34m0
[0m
[0m[0;34m1[0;34m1[0;34m0[0;34m1[0;34m1
[0m[0;34m1[0;34m0[0;34m0[0;34m0[0;34m1
[0m[0;34m1[0;34m0[0;34mS[0;34m0[0;34m1
[0m[0;34m1[0;34m0[0;34m0[0;34m0[0;34m1
[0m[0;34m1[0;34m0[0;34m0[0;34m0[0;34m1
[0m[0;34m1[0;34m0[0;34m0[0;34m0[0;34m1
[0m[0;34m1[0;34m1[0;34m0[0;34m0[0;34m1
[0m[0;34m1[0;34m0[0;34m0[0;34m0[0;34m1
[0m[0;34m1[0;34m0[0;34m0[0;34m0[0;34m1
[0m[0;34m1[0;34m0[0;34m0[0;34m0[0;34m1
[0m[0;34m1[0;34m0[0;34m0[0;34m0[0;34m1
[0m[0;34m1[0;34m0[0;34m0[0;34m0[0;34m1
[0m[0;34m1[0;34m1[0;34m1[0;34m1[0;34m1
[0mExit code: 1
‚ö†Ô∏è No Valgrind alerts, but with leaks[0m  
==16494== Memcheck, a memory error detector
==16494== Copyright (C) 2002-2022, and GNU GPL'd, by Julian Seward et al.
==16494== Using Valgrind-3.22.0 and LibVEX; rerun with -h for copyright info
==16494== Command: ./cub3d ./maps/bad/wall_hole_north.cub
==16494== Parent PID: 16366
==16494== 
==16494== 
==16494== HEAP SUMMARY:
==16494==     in use at exit: 598 bytes in 36 blocks
==16494==   total heap usage: 126 allocs, 90 frees, 7,925 bytes allocated
==16494== 
==16494== LEAK SUMMARY:
==16494==    definitely lost: 288 bytes in 2 blocks
==16494==    indirectly lost: 310 bytes in 34 blocks
==16494==      possibly lost: 0 bytes in 0 blocks
==16494==    still reachable: 0 bytes in 0 blocks
==16494==         suppressed: 0 bytes in 0 blocks
==16494== Rerun with --leak-check=full to see details of leaked memory
==16494== 
==16494== For lists of detected and suppressed errors, rerun with: -s
==16494== ERROR SUMMARY: 0 errors from 0 contexts (suppressed: 0 from 0)
Running valgrind on ./maps/bad/wall_hole_south.cub...

[0;31m Error:[Walls check] incorrect horizontal walls
[0m [0;34mN[0;34mO[0;34m [0;34mt[0;34me[0;34mx[0;34mt[0;34mu[0;34mr[0;34me[0;34ms[0;34m/[0;34mt[0;34me[0;34ms[0;34mt[0;34m/[0;34mn[0;34mo[0;34mr[0;34mt[0;34mh[0;34m.[0;34mx[0;34mp[0;34mm
[0m[0;34mS[0;34mO[0;34m [0;34mt[0;34me[0;34mx[0;34mt[0;34mu[0;34mr[0;34me[0;34ms[0;34m/[0;34mt[0;34me[0;34ms[0;34mt[0;34m/[0;34ms[0;34mo[0;34mu[0;34mt[0;34mh[0;34m.[0;34mx[0;34mp[0;34mm
[0m[0;34mW[0;34mE[0;34m [0;34mt[0;34me[0;34mx[0;34mt[0;34mu[0;34mr[0;34me[0;34ms[0;34m/[0;34mt[0;34me[0;34ms[0;34mt[0;34m/[0;34mw[0;34me[0;34ms[0;34mt[0;34m.[0;34mx[0;34mp[0;34mm
[0m[0;34mE[0;34mA[0;34m [0;34mt[0;34me[0;34mx[0;34mt[0;34mu[0;34mr[0;34me[0;34ms[0;34m/[0;34mt[0;34me[0;34ms[0;34mt[0;34m/[0;34me[0;34ma[0;34ms[0;34mt[0;34m.[0;34mx[0;34mp[0;34mm
[0m
[0m[0;34mF[0;34m [0;34m2[0;34m0[0;34m,[0;34m2[0;34m0[0;34m,[0;34m2[0;34m0
[0m[0;34mC[0;34m [0;34m2[0;34m0[0;34m0[0;34m,[0;34m2[0;34m0[0;34m0[0;34m,[0;34m2[0;34m0[0;34m0
[0m
[0m[0;34m1[0;34m1[0;34m1[0;34m1[0;34m1
[0m[0;34m1[0;34m0[0;34m0[0;34m0[0;34m1
[0m[0;34m1[0;34m0[0;34mS[0;34m0[0;34m1
[0m[0;34m1[0;34m0[0;34m0[0;34m0[0;34m1
[0m[0;34m1[0;34m0[0;34m0[0;34m0[0;34m1
[0m[0;34m1[0;34m0[0;34m0[0;34m0[0;34m1
[0m[0;34m1[0;34m1[0;34m0[0;34m0[0;34m1
[0m[0;34m1[0;34m0[0;34m0[0;34m0[0;34m1
[0m[0;34m1[0;34m0[0;34m0[0;34m0[0;34m1
[0m[0;34m1[0;34m0[0;34m0[0;34m0[0;34m1
[0m[0;34m1[0;34m0[0;34m0[0;34m0[0;34m1
[0m[0;34m1[0;34m0[0;34m0[0;34m0[0;34m1
[0m[0;34m1[0;34m1[0;34m0[0;34m1[0;34m1
[0mExit code: 1
‚ö†Ô∏è No Valgrind alerts, but with leaks[0m  
==16497== Memcheck, a memory error detector
==16497== Copyright (C) 2002-2022, and GNU GPL'd, by Julian Seward et al.
==16497== Using Valgrind-3.22.0 and LibVEX; rerun with -h for copyright info
==16497== Command: ./cub3d ./maps/bad/wall_hole_south.cub
==16497== Parent PID: 16366
==16497== 
==16497== 
==16497== HEAP SUMMARY:
==16497==     in use at exit: 598 bytes in 36 blocks
==16497==   total heap usage: 126 allocs, 90 frees, 7,925 bytes allocated
==16497== 
==16497== LEAK SUMMARY:
==16497==    definitely lost: 288 bytes in 2 blocks
==16497==    indirectly lost: 310 bytes in 34 blocks
==16497==      possibly lost: 0 bytes in 0 blocks
==16497==    still reachable: 0 bytes in 0 blocks
==16497==         suppressed: 0 bytes in 0 blocks
==16497== Rerun with --leak-check=full to see details of leaked memory
==16497== 
==16497== For lists of detected and suppressed errors, rerun with: -s
==16497== ERROR SUMMARY: 0 errors from 0 contexts (suppressed: 0 from 0)
Running valgrind on ./maps/bad/wall_hole_west.cub...

[0;31m Error:[Map check in file] Invalid map placement or format
[0m [0;34mN[0;34mO[0;34m [0;34mt[0;34me[0;34mx[0;34mt[0;34mu[0;34mr[0;34me[0;34ms[0;34m/[0;34mt[0;34me[0;34ms[0;34mt[0;34m/[0;34mn[0;34mo[0;34mr[0;34mt[0;34mh[0;34m.[0;34mx[0;34mp[0;34mm
[0m[0;34mS[0;34mO[0;34m [0;34mt[0;34me[0;34mx[0;34mt[0;34mu[0;34mr[0;34me[0;34ms[0;34m/[0;34mt[0;34me[0;34ms[0;34mt[0;34m/[0;34ms[0;34mo[0;34mu[0;34mt[0;34mh[0;34m.[0;34mx[0;34mp[0;34mm
[0m[0;34mW[0;34mE[0;34m [0;34mt[0;34me[0;34mx[0;34mt[0;34mu[0;34mr[0;34me[0;34ms[0;34m/[0;34mt[0;34me[0;34ms[0;34mt[0;34m/[0;34mw[0;34me[0;34ms[0;34mt[0;34m.[0;34mx[0;34mp[0;34mm
[0m[0;34mE[0;34mA[0;34m [0;34mt[0;34me[0;34mx[0;34mt[0;34mu[0;34mr[0;34me[0;34ms[0;34m/[0;34mt[0;34me[0;34ms[0;34mt[0;34m/[0;34me[0;34ma[0;34ms[0;34mt[0;34m.[0;34mx[0;34mp[0;34mm
[0m
[0m[0;34mF[0;34m [0;34m2[0;34m0[0;34m,[0;34m2[0;34m0[0;34m,[0;34m2[0;34m0
[0m[0;34mC[0;34m [0;34m2[0;34m0[0;34m0[0;34m,[0;34m2[0;34m0[0;34m0[0;34m,[0;34m2[0;34m0[0;34m0
[0m
[0m[0;34m1[0;34m1[0;34m1[0;34m1[0;34m1
[0m[0;34m1[0;34m0[0;34m0[0;34m0[0;34m1
[0m[0;34m1[0;34m0[0;34mS[0;34m0[0;34m1
[0m[0;34m1[0;34m0[0;34m0[0;34m0[0;34m1
[0m[0;34m1[0;34m0[0;34m0[0;34m0[0;34m1
[0m[0;34m0[0;34m0[0;34m0[0;34m0[0;34m1
[0m[0;34m1[0;34m1[0;34m0[0;34m0[0;34m1
[0m[0;34m1[0;34m0[0;34m0[0;34m0[0;34m1
[0m[0;34m1[0;34m0[0;34m0[0;34m0[0;34m1
[0m[0;34m1[0;34m0[0;34m0[0;34m0[0;34m1
[0m[0;34m1[0;34m0[0;34m0[0;34m0[0;34m1
[0m[0;34m1[0;34m0[0;34m0[0;34m0[0;34m1
[0m[0;34m1[0;34m1[0;34m1[0;34m1[0;34m1
[0mExit code: 1
‚ö†Ô∏è No Valgrind alerts, but with leaks[0m  
==16500== Memcheck, a memory error detector
==16500== Copyright (C) 2002-2022, and GNU GPL'd, by Julian Seward et al.
==16500== Using Valgrind-3.22.0 and LibVEX; rerun with -h for copyright info
==16500== Command: ./cub3d ./maps/bad/wall_hole_west.cub
==16500== Parent PID: 16366
==16500== 
==16500== 
==16500== HEAP SUMMARY:
==16500==     in use at exit: 408 bytes in 22 blocks
==16500==   total heap usage: 99 allocs, 77 frees, 7,657 bytes allocated
==16500== 
==16500== LEAK SUMMARY:
==16500==    definitely lost: 176 bytes in 1 blocks
==16500==    indirectly lost: 232 bytes in 21 blocks
==16500==      possibly lost: 0 bytes in 0 blocks
==16500==    still reachable: 0 bytes in 0 blocks
==16500==         suppressed: 0 bytes in 0 blocks
==16500== Rerun with --leak-check=full to see details of leaked memory
==16500== 
==16500== For lists of detected and suppressed errors, rerun with: -s
==16500== ERROR SUMMARY: 0 errors from 0 contexts (suppressed: 0 from 0)
Running valgrind on ./maps/bad/wall_none.cub...

[0;31m Error:[Map start] No map or incorrect placement
[0m [0;34mN[0;34mO[0;34m [0;34mt[0;34me[0;34mx[0;34mt[0;34mu[0;34mr[0;34me[0;34ms[0;34m/[0;34mt[0;34me[0;34ms[0;34mt[0;34m/[0;34mn[0;34mo[0;34mr[0;34mt[0;34mh[0;34m.[0;34mx[0;34mp[0;34mm
[0m[0;34mS[0;34mO[0;34m [0;34mt[0;34me[0;34mx[0;34mt[0;34mu[0;34mr[0;34me[0;34ms[0;34m/[0;34mt[0;34me[0;34ms[0;34mt[0;34m/[0;34ms[0;34mo[0;34mu[0;34mt[0;34mh[0;34m.[0;34mx[0;34mp[0;34mm
[0m[0;34mW[0;34mE[0;34m [0;34mt[0;34me[0;34mx[0;34mt[0;34mu[0;34mr[0;34me[0;34ms[0;34m/[0;34mt[0;34me[0;34ms[0;34mt[0;34m/[0;34mw[0;34me[0;34ms[0;34mt[0;34m.[0;34mx[0;34mp[0;34mm
[0m[0;34mE[0;34mA[0;34m [0;34mt[0;34me[0;34mx[0;34mt[0;34mu[0;34mr[0;34me[0;34ms[0;34m/[0;34mt[0;34me[0;34ms[0;34mt[0;34m/[0;34me[0;34ma[0;34ms[0;34mt[0;34m.[0;34mx[0;34mp[0;34mm
[0m
[0m[0;34mF[0;34m [0;34m2[0;34m0[0;34m,[0;34m2[0;34m0[0;34m,[0;34m2[0;34m0
[0m[0;34mC[0;34m [0;34m2[0;34m0[0;34m0[0;34m,[0;34m2[0;34m0[0;34m0[0;34m,[0;34m2[0;34m0[0;34m0
[0m
[0m[0;34m0[0;34m0[0;34m0[0;34m0[0;34m0
[0m[0;34m0[0;34m0[0;34m0[0;34m0[0;34m0
[0m[0;34m0[0;34m0[0;34mS[0;34m0[0;34m0
[0m[0;34m0[0;34m0[0;34m0[0;34m0[0;34m0
[0m[0;34m0[0;34m0[0;34m0[0;34m0[0;34m0
[0m[0;34m0[0;34m0[0;34m0[0;34m0[0;34m0
[0m[0;34m0[0;34m0[0;34m0[0;34m0[0;34m0
[0m[0;34m0[0;34m0[0;34m0[0;34m0[0;34m0
[0m[0;34m0[0;34m0[0;34m0[0;34m0[0;34m0
[0m[0;34m0[0;34m0[0;34m0[0;34m0[0;34m0
[0m[0;34m0[0;34m0[0;34m0[0;34m0[0;34m0
[0m[0;34m0[0;34m0[0;34m0[0;34m0[0;34m0
[0m[0;34m0[0;34m0[0;34m0[0;34m0[0;34m0
[0mExit code: 1
‚ö†Ô∏è No Valgrind alerts, but with leaks[0m  
==16503== Memcheck, a memory error detector
==16503== Copyright (C) 2002-2022, and GNU GPL'd, by Julian Seward et al.
==16503== Using Valgrind-3.22.0 and LibVEX; rerun with -h for copyright info
==16503== Command: ./cub3d ./maps/bad/wall_none.cub
==16503== Parent PID: 16366
==16503== 
==16503== 
==16503== HEAP SUMMARY:
==16503==     in use at exit: 408 bytes in 22 blocks
==16503==   total heap usage: 99 allocs, 77 frees, 7,657 bytes allocated
==16503== 
==16503== LEAK SUMMARY:
==16503==    definitely lost: 176 bytes in 1 blocks
==16503==    indirectly lost: 232 bytes in 21 blocks
==16503==      possibly lost: 0 bytes in 0 blocks
==16503==    still reachable: 0 bytes in 0 blocks
==16503==         suppressed: 0 bytes in 0 blocks
==16503== Rerun with --leak-check=full to see details of leaked memory
==16503== 
==16503== For lists of detected and suppressed errors, rerun with: -s
==16503== ERROR SUMMARY: 0 errors from 0 contexts (suppressed: 0 from 0)
Valgrind tests completed. Results saved to test_output.txt.
Starting Valgrind tests...
Running valgrind on ./maps/bad/color_invalid_rgb.cub...

[0;31m Error:[Texture verification] file is not found
[0m [0;34mN[0;34mO[0;34m [0;34mt[0;34me[0;34mx[0;34mt[0;34mu[0;34mr[0;34me[0;34ms[0;34m/[0;34mt[0;34me[0;34ms[0;34mt[0;34m/[0;34mn[0;34mo[0;34mr[0;34mt[0;34mh[0;34m.[0;34mx[0;34mp[0;34mm
[0m[0;34mS[0;34mO[0;34m [0;34mt[0;34me[0;34mx[0;34mt[0;34mu[0;34mr[0;34me[0;34ms[0;34m/[0;34mt[0;34me[0;34ms[0;34mt[0;34m/[0;34ms[0;34mo[0;34mu[0;34mt[0;34mh[0;34m.[0;34mx[0;34mp[0;34mm
[0m[0;34mW[0;34mE[0;34m [0;34mt[0;34me[0;34mx[0;34mt[0;34mu[0;34mr[0;34me[0;34ms[0;34m/[0;34mt[0;34me[0;34ms[0;34mt[0;34m/[0;34mw[0;34me[0;34ms[0;34mt[0;34m.[0;34mx[0;34mp[0;34mm
[0m[0;34mE[0;34mA[0;34m [0;34mt[0;34me[0;34mx[0;34mt[0;34mu[0;34mr[0;34me[0;34ms[0;34m/[0;34mt[0;34me[0;34ms[0;34mt[0;34m/[0;34me[0;34ma[0;34ms[0;34mt[0;34m.[0;34mx[0;34mp[0;34mm
[0m
[0m[0;34mF[0;34m [0;34m2[0;34m0[0;34m,[0;34m2[0;34m0[0;34m,[0;34m-[0;34m2[0;34m0
[0m[0;34mC[0;34m [0;34m2[0;34m0[0;34m0[0;34m,[0;34m2[0;34m0[0;34m0[0;34m,[0;34m2[0;34m0[0;34m0
[0m
[0m[0;34m1[0;34m1[0;34m1[0;34m1[0;34m1
[0m[0;34m1[0;34m0[0;34m0[0;34m0[0;34m1
[0m[0;34m1[0;34m0[0;34mS[0;34m0[0;34m1
[0m[0;34m1[0;34m0[0;34m0[0;34m0[0;34m1
[0m[0;34m1[0;34m0[0;34m0[0;34m0[0;34m1
[0m[0;34m1[0;34m0[0;34m0[0;34m0[0;34m1
[0m[0;34m1[0;34m1[0;34m0[0;34m0[0;34m1
[0m[0;34m1[0;34m0[0;34m0[0;34m0[0;34m1
[0m[0;34m1[0;34m0[0;34m0[0;34m0[0;34m1
[0m[0;34m1[0;34m0[0;34m0[0;34m0[0;34m1
[0m[0;34m1[0;34m0[0;34m0[0;34m0[0;34m1
[0m[0;34m1[0;34m0[0;34m0[0;34m0[0;34m1
[0m[0;34m1[0;34m1[0;34m1[0;34m1[0;34m1
[0mExit code: 1
‚ö†Ô∏è No Valgrind alerts, but with leaks[0m  
==16561== Memcheck, a memory error detector
==16561== Copyright (C) 2002-2022, and GNU GPL'd, by Julian Seward et al.
==16561== Using Valgrind-3.22.0 and LibVEX; rerun with -h for copyright info
==16561== Command: ./cub3d ./maps/bad/color_invalid_rgb.cub
==16561== Parent PID: 16559
==16561== 
==16561== 
==16561== HEAP SUMMARY:
==16561==     in use at exit: 693 bytes in 40 blocks
==16561==   total heap usage: 130 allocs, 90 frees, 8,005 bytes allocated
==16561== 
==16561== LEAK SUMMARY:
==16561==    definitely lost: 382 bytes in 6 blocks
==16561==    indirectly lost: 311 bytes in 34 blocks
==16561==      possibly lost: 0 bytes in 0 blocks
==16561==    still reachable: 0 bytes in 0 blocks
==16561==         suppressed: 0 bytes in 0 blocks
==16561== Rerun with --leak-check=full to see details of leaked memory
==16561== 
==16561== For lists of detected and suppressed errors, rerun with: -s
==16561== ERROR SUMMARY: 0 errors from 0 contexts (suppressed: 0 from 0)
Running valgrind on ./maps/bad/color_missing_ceiling_rgb.cub...

[0;31m Error:[Texture verification] file is not found
[0m [0;34mN[0;34mO[0;34m [0;34mt[0;34me[0;34mx[0;34mt[0;34mu[0;34mr[0;34me[0;34ms[0;34m/[0;34mt[0;34me[0;34ms[0;34mt[0;34m/[0;34mn[0;34mo[0;34mr[0;34mt[0;34mh[0;34m.[0;34mx[0;34mp[0;34mm
[0m[0;34mS[0;34mO[0;34m [0;34mt[0;34me[0;34mx[0;34mt[0;34mu[0;34mr[0;34me[0;34ms[0;34m/[0;34mt[0;34me[0;34ms[0;34mt[0;34m/[0;34ms[0;34mo[0;34mu[0;34mt[0;34mh[0;34m.[0;34mx[0;34mp[0;34mm
[0m[0;34mW[0;34mE[0;34m [0;34mt[0;34me[0;34mx[0;34mt[0;34mu[0;34mr[0;34me[0;34ms[0;34m/[0;34mt[0;34me[0;34ms[0;34mt[0;34m/[0;34mw[0;34me[0;34ms[0;34mt[0;34m.[0;34mx[0;34mp[0;34mm
[0m[0;34mE[0;34mA[0;34m [0;34mt[0;34me[0;34mx[0;34mt[0;34mu[0;34mr[0;34me[0;34ms[0;34m/[0;34mt[0;34me[0;34ms[0;34mt[0;34m/[0;34me[0;34ma[0;34ms[0;34mt[0;34m.[0;34mx[0;34mp[0;34mm
[0m
[0m[0;34mF[0;34m [0;34m2[0;34m0[0;34m,[0;34m2[0;34m0[0;34m,[0;34m2[0;34m0
[0m[0;34mC[0;34m [0;34m2[0;34m0[0;34m0[0;34m,[0;34m2[0;34m0[0;34m0[0;34m,
[0m
[0m[0;34m1[0;34m1[0;34m1[0;34m1[0;34m1
[0m[0;34m1[0;34m0[0;34m0[0;34m0[0;34m1
[0m[0;34m1[0;34m0[0;34mS[0;34m0[0;34m1
[0m[0;34m1[0;34m0[0;34m0[0;34m0[0;34m1
[0m[0;34m1[0;34m0[0;34m0[0;34m0[0;34m1
[0m[0;34m1[0;34m0[0;34m0[0;34m0[0;34m1
[0m[0;34m1[0;34m1[0;34m0[0;34m0[0;34m1
[0m[0;34m1[0;34m0[0;34m0[0;34m0[0;34m1
[0m[0;34m1[0;34m0[0;34m0[0;34m0[0;34m1
[0m[0;34m1[0;34m0[0;34m0[0;34m0[0;34m1
[0m[0;34m1[0;34m0[0;34m0[0;34m0[0;34m1
[0m[0;34m1[0;34m0[0;34m0[0;34m0[0;34m1
[0m[0;34m1[0;34m1[0;34m1[0;34m1[0;34m1
[0mExit code: 1
‚ö†Ô∏è No Valgrind alerts, but with leaks[0m  
==16564== Memcheck, a memory error detector
==16564== Copyright (C) 2002-2022, and GNU GPL'd, by Julian Seward et al.
==16564== Using Valgrind-3.22.0 and LibVEX; rerun with -h for copyright info
==16564== Command: ./cub3d ./maps/bad/color_missing_ceiling_rgb.cub
==16564== Parent PID: 16559
==16564== 
==16564== 
==16564== HEAP SUMMARY:
==16564==     in use at exit: 689 bytes in 40 blocks
==16564==   total heap usage: 130 allocs, 90 frees, 7,973 bytes allocated
==16564== 
==16564== LEAK SUMMARY:
==16564==    definitely lost: 382 bytes in 6 blocks
==16564==    indirectly lost: 307 bytes in 34 blocks
==16564==      possibly lost: 0 bytes in 0 blocks
==16564==    still reachable: 0 bytes in 0 blocks
==16564==         suppressed: 0 bytes in 0 blocks
==16564== Rerun with --leak-check=full to see details of leaked memory
==16564== 
==16564== For lists of detected and suppressed errors, rerun with: -s
==16564== ERROR SUMMARY: 0 errors from 0 contexts (suppressed: 0 from 0)
Running valgrind on ./maps/bad/color_missing.cub...

[0;31m Error:[Texture verification] file is not found
[0m [0;34mN[0;34mO[0;34m [0;34mt[0;34me[0;34mx[0;34mt[0;34mu[0;34mr[0;34me[0;34ms[0;34m/[0;34mt[0;34me[0;34ms[0;34mt[0;34m/[0;34mn[0;34mo[0;34mr[0;34mt[0;34mh[0;34m.[0;34mx[0;34mp[0;34mm
[0m[0;34mS[0;34mO[0;34m [0;34mt[0;34me[0;34mx[0;34mt[0;34mu[0;34mr[0;34me[0;34ms[0;34m/[0;34mt[0;34me[0;34ms[0;34mt[0;34m/[0;34ms[0;34mo[0;34mu[0;34mt[0;34mh[0;34m.[0;34mx[0;34mp[0;34mm
[0m[0;34mW[0;34mE[0;34m [0;34mt[0;34me[0;34mx[0;34mt[0;34mu[0;34mr[0;34me[0;34ms[0;34m/[0;34mt[0;34me[0;34ms[0;34mt[0;34m/[0;34mw[0;34me[0;34ms[0;34mt[0;34m.[0;34mx[0;34mp[0;34mm
[0m[0;34mE[0;34mA[0;34m [0;34mt[0;34me[0;34mx[0;34mt[0;34mu[0;34mr[0;34me[0;34ms[0;34m/[0;34mt[0;34me[0;34ms[0;34mt[0;34m/[0;34me[0;34ma[0;34ms[0;34mt[0;34m.[0;34mx[0;34mp[0;34mm
[0m
[0m[0;34mC[0;34m [0;34m2[0;34m0[0;34m0[0;34m,[0;34m2[0;34m0[0;34m0[0;34m,[0;34m2[0;34m0[0;34m0
[0m
[0m[0;34m1[0;34m1[0;34m1[0;34m1[0;34m1
[0m[0;34m1[0;34m0[0;34m0[0;34m0[0;34m1
[0m[0;34m1[0;34m0[0;34mS[0;34m0[0;34m1
[0m[0;34m1[0;34m0[0;34m0[0;34m0[0;34m1
[0m[0;34m1[0;34m0[0;34m0[0;34m0[0;34m1
[0m[0;34m1[0;34m0[0;34m0[0;34m0[0;34m1
[0m[0;34m1[0;34m1[0;34m0[0;34m0[0;34m1
[0m[0;34m1[0;34m0[0;34m0[0;34m0[0;34m1
[0m[0;34m1[0;34m0[0;34m0[0;34m0[0;34m1
[0m[0;34m1[0;34m0[0;34m0[0;34m0[0;34m1
[0m[0;34m1[0;34m0[0;34m0[0;34m0[0;34m1
[0m[0;34m1[0;34m0[0;34m0[0;34m0[0;34m1
[0m[0;34m1[0;34m1[0;34m1[0;34m1[0;34m1
[0mExit code: 1
‚ö†Ô∏è No Valgrind alerts, but with leaks[0m  
==16580== Memcheck, a memory error detector
==16580== Copyright (C) 2002-2022, and GNU GPL'd, by Julian Seward et al.
==16580== Using Valgrind-3.22.0 and LibVEX; rerun with -h for copyright info
==16580== Command: ./cub3d ./maps/bad/color_missing.cub
==16580== Parent PID: 16559
==16580== 
==16580== 
==16580== HEAP SUMMARY:
==16580==     in use at exit: 672 bytes in 39 blocks
==16580==   total heap usage: 126 allocs, 87 frees, 7,808 bytes allocated
==16580== 
==16580== LEAK SUMMARY:
==16580==    definitely lost: 374 bytes in 6 blocks
==16580==    indirectly lost: 298 bytes in 33 blocks
==16580==      possibly lost: 0 bytes in 0 blocks
==16580==    still reachable: 0 bytes in 0 blocks
==16580==         suppressed: 0 bytes in 0 blocks
==16580== Rerun with --leak-check=full to see details of leaked memory
==16580== 
==16580== For lists of detected and suppressed errors, rerun with: -s
==16580== ERROR SUMMARY: 0 errors from 0 contexts (suppressed: 0 from 0)
Running valgrind on ./maps/bad/color_missing_floor_rgb.cub...
Starting Valgrind tests...
Running valgrind on ./maps/bad/color_invalid_rgb.cub...

[0;31m Error:[Texture verification] file is not found
[0m [0;34mN[0;34mO[0;34m [0;34mt[0;34me[0;34mx[0;34mt[0;34mu[0;34mr[0;34me[0;34ms[0;34m/[0;34mt[0;34me[0;34ms[0;34mt[0;34m/[0;34mn[0;34mo[0;34mr[0;34mt[0;34mh[0;34m.[0;34mx[0;34mp[0;34mm
[0m[0;34mS[0;34mO[0;34m [0;34mt[0;34me[0;34mx[0;34mt[0;34mu[0;34mr[0;34me[0;34ms[0;34m/[0;34mt[0;34me[0;34ms[0;34mt[0;34m/[0;34ms[0;34mo[0;34mu[0;34mt[0;34mh[0;34m.[0;34mx[0;34mp[0;34mm
[0m[0;34mW[0;34mE[0;34m [0;34mt[0;34me[0;34mx[0;34mt[0;34mu[0;34mr[0;34me[0;34ms[0;34m/[0;34mt[0;34me[0;34ms[0;34mt[0;34m/[0;34mw[0;34me[0;34ms[0;34mt[0;34m.[0;34mx[0;34mp[0;34mm
[0m[0;34mE[0;34mA[0;34m [0;34mt[0;34me[0;34mx[0;34mt[0;34mu[0;34mr[0;34me[0;34ms[0;34m/[0;34mt[0;34me[0;34ms[0;34mt[0;34m/[0;34me[0;34ma[0;34ms[0;34mt[0;34m.[0;34mx[0;34mp[0;34mm
[0m
[0m[0;34mF[0;34m [0;34m2[0;34m0[0;34m,[0;34m2[0;34m0[0;34m,[0;34m-[0;34m2[0;34m0
[0m[0;34mC[0;34m [0;34m2[0;34m0[0;34m0[0;34m,[0;34m2[0;34m0[0;34m0[0;34m,[0;34m2[0;34m0[0;34m0
[0m
[0m[0;34m1[0;34m1[0;34m1[0;34m1[0;34m1
[0m[0;34m1[0;34m0[0;34m0[0;34m0[0;34m1
[0m[0;34m1[0;34m0[0;34mS[0;34m0[0;34m1
[0m[0;34m1[0;34m0[0;34m0[0;34m0[0;34m1
[0m[0;34m1[0;34m0[0;34m0[0;34m0[0;34m1
[0m[0;34m1[0;34m0[0;34m0[0;34m0[0;34m1
[0m[0;34m1[0;34m1[0;34m0[0;34m0[0;34m1
[0m[0;34m1[0;34m0[0;34m0[0;34m0[0;34m1
[0m[0;34m1[0;34m0[0;34m0[0;34m0[0;34m1
[0m[0;34m1[0;34m0[0;34m0[0;34m0[0;34m1
[0m[0;34m1[0;34m0[0;34m0[0;34m0[0;34m1
[0m[0;34m1[0;34m0[0;34m0[0;34m0[0;34m1
[0m[0;34m1[0;34m1[0;34m1[0;34m1[0;34m1
[0mExit code: 1
‚ö†Ô∏è No Valgrind alerts, but with leaks[0m  
==16636== Memcheck, a memory error detector
==16636== Copyright (C) 2002-2022, and GNU GPL'd, by Julian Seward et al.
==16636== Using Valgrind-3.22.0 and LibVEX; rerun with -h for copyright info
==16636== Command: ./cub3d ./maps/bad/color_invalid_rgb.cub
==16636== Parent PID: 16634
==16636== 
==16636== 
==16636== HEAP SUMMARY:
==16636==     in use at exit: 693 bytes in 40 blocks
==16636==   total heap usage: 130 allocs, 90 frees, 8,005 bytes allocated
==16636== 
==16636== LEAK SUMMARY:
==16636==    definitely lost: 382 bytes in 6 blocks
==16636==    indirectly lost: 311 bytes in 34 blocks
==16636==      possibly lost: 0 bytes in 0 blocks
==16636==    still reachable: 0 bytes in 0 blocks
==16636==         suppressed: 0 bytes in 0 blocks
==16636== Rerun with --leak-check=full to see details of leaked memory
==16636== 
==16636== For lists of detected and suppressed errors, rerun with: -s
==16636== ERROR SUMMARY: 0 errors from 0 contexts (suppressed: 0 from 0)
Running valgrind on ./maps/bad/color_missing_ceiling_rgb.cub...

[0;31m Error:[Texture verification] file is not found
[0m [0;34mN[0;34mO[0;34m [0;34mt[0;34me[0;34mx[0;34mt[0;34mu[0;34mr[0;34me[0;34ms[0;34m/[0;34mt[0;34me[0;34ms[0;34mt[0;34m/[0;34mn[0;34mo[0;34mr[0;34mt[0;34mh[0;34m.[0;34mx[0;34mp[0;34mm
[0m[0;34mS[0;34mO[0;34m [0;34mt[0;34me[0;34mx[0;34mt[0;34mu[0;34mr[0;34me[0;34ms[0;34m/[0;34mt[0;34me[0;34ms[0;34mt[0;34m/[0;34ms[0;34mo[0;34mu[0;34mt[0;34mh[0;34m.[0;34mx[0;34mp[0;34mm
[0m[0;34mW[0;34mE[0;34m [0;34mt[0;34me[0;34mx[0;34mt[0;34mu[0;34mr[0;34me[0;34ms[0;34m/[0;34mt[0;34me[0;34ms[0;34mt[0;34m/[0;34mw[0;34me[0;34ms[0;34mt[0;34m.[0;34mx[0;34mp[0;34mm
[0m[0;34mE[0;34mA[0;34m [0;34mt[0;34me[0;34mx[0;34mt[0;34mu[0;34mr[0;34me[0;34ms[0;34m/[0;34mt[0;34me[0;34ms[0;34mt[0;34m/[0;34me[0;34ma[0;34ms[0;34mt[0;34m.[0;34mx[0;34mp[0;34mm
[0m
[0m[0;34mF[0;34m [0;34m2[0;34m0[0;34m,[0;34m2[0;34m0[0;34m,[0;34m2[0;34m0
[0m[0;34mC[0;34m [0;34m2[0;34m0[0;34m0[0;34m,[0;34m2[0;34m0[0;34m0[0;34m,
[0m
[0m[0;34m1[0;34m1[0;34m1[0;34m1[0;34m1
[0m[0;34m1[0;34m0[0;34m0[0;34m0[0;34m1
[0m[0;34m1[0;34m0[0;34mS[0;34m0[0;34m1
[0m[0;34m1[0;34m0[0;34m0[0;34m0[0;34m1
[0m[0;34m1[0;34m0[0;34m0[0;34m0[0;34m1
[0m[0;34m1[0;34m0[0;34m0[0;34m0[0;34m1
[0m[0;34m1[0;34m1[0;34m0[0;34m0[0;34m1
[0m[0;34m1[0;34m0[0;34m0[0;34m0[0;34m1
[0m[0;34m1[0;34m0[0;34m0[0;34m0[0;34m1
[0m[0;34m1[0;34m0[0;34m0[0;34m0[0;34m1
[0m[0;34m1[0;34m0[0;34m0[0;34m0[0;34m1
[0m[0;34m1[0;34m0[0;34m0[0;34m0[0;34m1
[0m[0;34m1[0;34m1[0;34m1[0;34m1[0;34m1
[0mExit code: 1
‚ö†Ô∏è No Valgrind alerts, but with leaks[0m  
==16639== Memcheck, a memory error detector
==16639== Copyright (C) 2002-2022, and GNU GPL'd, by Julian Seward et al.
==16639== Using Valgrind-3.22.0 and LibVEX; rerun with -h for copyright info
==16639== Command: ./cub3d ./maps/bad/color_missing_ceiling_rgb.cub
==16639== Parent PID: 16634
==16639== 
==16639== 
==16639== HEAP SUMMARY:
==16639==     in use at exit: 689 bytes in 40 blocks
==16639==   total heap usage: 130 allocs, 90 frees, 7,973 bytes allocated
==16639== 
==16639== LEAK SUMMARY:
==16639==    definitely lost: 382 bytes in 6 blocks
==16639==    indirectly lost: 307 bytes in 34 blocks
==16639==      possibly lost: 0 bytes in 0 blocks
==16639==    still reachable: 0 bytes in 0 blocks
==16639==         suppressed: 0 bytes in 0 blocks
==16639== Rerun with --leak-check=full to see details of leaked memory
==16639== 
==16639== For lists of detected and suppressed errors, rerun with: -s
==16639== ERROR SUMMARY: 0 errors from 0 contexts (suppressed: 0 from 0)
Running valgrind on ./maps/bad/color_missing.cub...

[0;31m Error:[Texture verification] file is not found
[0m [0;34mN[0;34mO[0;34m [0;34mt[0;34me[0;34mx[0;34mt[0;34mu[0;34mr[0;34me[0;34ms[0;34m/[0;34mt[0;34me[0;34ms[0;34mt[0;34m/[0;34mn[0;34mo[0;34mr[0;34mt[0;34mh[0;34m.[0;34mx[0;34mp[0;34mm
[0m[0;34mS[0;34mO[0;34m [0;34mt[0;34me[0;34mx[0;34mt[0;34mu[0;34mr[0;34me[0;34ms[0;34m/[0;34mt[0;34me[0;34ms[0;34mt[0;34m/[0;34ms[0;34mo[0;34mu[0;34mt[0;34mh[0;34m.[0;34mx[0;34mp[0;34mm
[0m[0;34mW[0;34mE[0;34m [0;34mt[0;34me[0;34mx[0;34mt[0;34mu[0;34mr[0;34me[0;34ms[0;34m/[0;34mt[0;34me[0;34ms[0;34mt[0;34m/[0;34mw[0;34me[0;34ms[0;34mt[0;34m.[0;34mx[0;34mp[0;34mm
[0m[0;34mE[0;34mA[0;34m [0;34mt[0;34me[0;34mx[0;34mt[0;34mu[0;34mr[0;34me[0;34ms[0;34m/[0;34mt[0;34me[0;34ms[0;34mt[0;34m/[0;34me[0;34ma[0;34ms[0;34mt[0;34m.[0;34mx[0;34mp[0;34mm
[0m
[0m[0;34mC[0;34m [0;34m2[0;34m0[0;34m0[0;34m,[0;34m2[0;34m0[0;34m0[0;34m,[0;34m2[0;34m0[0;34m0
[0m
[0m[0;34m1[0;34m1[0;34m1[0;34m1[0;34m1
[0m[0;34m1[0;34m0[0;34m0[0;34m0[0;34m1
[0m[0;34m1[0;34m0[0;34mS[0;34m0[0;34m1
[0m[0;34m1[0;34m0[0;34m0[0;34m0[0;34m1
[0m[0;34m1[0;34m0[0;34m0[0;34m0[0;34m1
[0m[0;34m1[0;34m0[0;34m0[0;34m0[0;34m1
[0m[0;34m1[0;34m1[0;34m0[0;34m0[0;34m1
[0m[0;34m1[0;34m0[0;34m0[0;34m0[0;34m1
[0m[0;34m1[0;34m0[0;34m0[0;34m0[0;34m1
[0m[0;34m1[0;34m0[0;34m0[0;34m0[0;34m1
[0m[0;34m1[0;34m0[0;34m0[0;34m0[0;34m1
[0m[0;34m1[0;34m0[0;34m0[0;34m0[0;34m1
[0m[0;34m1[0;34m1[0;34m1[0;34m1[0;34m1
[0mExit code: 1
‚ö†Ô∏è No Valgrind alerts, but with leaks[0m  
==16642== Memcheck, a memory error detector
==16642== Copyright (C) 2002-2022, and GNU GPL'd, by Julian Seward et al.
==16642== Using Valgrind-3.22.0 and LibVEX; rerun with -h for copyright info
==16642== Command: ./cub3d ./maps/bad/color_missing.cub
==16642== Parent PID: 16634
==16642== 
==16642== 
==16642== HEAP SUMMARY:
==16642==     in use at exit: 672 bytes in 39 blocks
==16642==   total heap usage: 126 allocs, 87 frees, 7,808 bytes allocated
==16642== 
==16642== LEAK SUMMARY:
==16642==    definitely lost: 374 bytes in 6 blocks
==16642==    indirectly lost: 298 bytes in 33 blocks
==16642==      possibly lost: 0 bytes in 0 blocks
==16642==    still reachable: 0 bytes in 0 blocks
==16642==         suppressed: 0 bytes in 0 blocks
==16642== Rerun with --leak-check=full to see details of leaked memory
==16642== 
==16642== For lists of detected and suppressed errors, rerun with: -s
==16642== ERROR SUMMARY: 0 errors from 0 contexts (suppressed: 0 from 0)
Running valgrind on ./maps/bad/color_missing_floor_rgb.cub...

[0;31m Error:[Texture verification] file is not found
[0m [0;34mN[0;34mO[0;34m [0;34mt[0;34me[0;34mx[0;34mt[0;34mu[0;34mr[0;34me[0;34ms[0;34m/[0;34mt[0;34me[0;34ms[0;34mt[0;34m/[0;34mn[0;34mo[0;34mr[0;34mt[0;34mh[0;34m.[0;34mx[0;34mp[0;34mm
[0m[0;34mS[0;34mO[0;34m [0;34mt[0;34me[0;34mx[0;34mt[0;34mu[0;34mr[0;34me[0;34ms[0;34m/[0;34mt[0;34me[0;34ms[0;34mt[0;34m/[0;34ms[0;34mo[0;34mu[0;34mt[0;34mh[0;34m.[0;34mx[0;34mp[0;34mm
[0m[0;34mW[0;34mE[0;34m [0;34mt[0;34me[0;34mx[0;34mt[0;34mu[0;34mr[0;34me[0;34ms[0;34m/[0;34mt[0;34me[0;34ms[0;34mt[0;34m/[0;34mw[0;34me[0;34ms[0;34mt[0;34m.[0;34mx[0;34mp[0;34mm
[0m[0;34mE[0;34mA[0;34m [0;34mt[0;34me[0;34mx[0;34mt[0;34mu[0;34mr[0;34me[0;34ms[0;34m/[0;34mt[0;34me[0;34ms[0;34mt[0;34m/[0;34me[0;34ma[0;34ms[0;34mt[0;34m.[0;34mx[0;34mp[0;34mm
[0m
[0m[0;34mF[0;34m [0;34m2[0;34m0[0;34m,[0;34m2[0;34m0
[0m[0;34mC[0;34m [0;34m2[0;34m0[0;34m0[0;34m,[0;34m2[0;34m0[0;34m0[0;34m,[0;34m2[0;34m0[0;34m0
[0m
[0m[0;34m1[0;34m1[0;34m1[0;34m1[0;34m1
[0m[0;34m1[0;34m0[0;34m0[0;34m0[0;34m1
[0m[0;34m1[0;34m0[0;34mS[0;34m0[0;34m1
[0m[0;34m1[0;34m0[0;34m0[0;34m0[0;34m1
[0m[0;34m1[0;34m0[0;34m0[0;34m0[0;34m1
[0m[0;34m1[0;34m0[0;34m0[0;34m0[0;34m1
[0m[0;34m1[0;34m1[0;34m0[0;34m0[0;34m1
[0m[0;34m1[0;34m0[0;34m0[0;34m0[0;34m1
[0m[0;34m1[0;34m0[0;34m0[0;34m0[0;34m1
[0m[0;34m1[0;34m0[0;34m0[0;34m0[0;34m1
[0m[0;34m1[0;34m0[0;34m0[0;34m0[0;34m1
[0m[0;34m1[0;34m0[0;34m0[0;34m0[0;34m1
[0m[0;34m1[0;34m1[0;34m1[0;34m1[0;34m1
[0mExit code: 1
‚ö†Ô∏è No Valgrind alerts, but with leaks[0m  
==16663== Memcheck, a memory error detector
==16663== Copyright (C) 2002-2022, and GNU GPL'd, by Julian Seward et al.
==16663== Using Valgrind-3.22.0 and LibVEX; rerun with -h for copyright info
==16663== Command: ./cub3d ./maps/bad/color_missing_floor_rgb.cub
==16663== Parent PID: 16634
==16663== 
==16663== 
==16663== HEAP SUMMARY:
==16663==     in use at exit: 689 bytes in 40 blocks
==16663==   total heap usage: 130 allocs, 90 frees, 7,979 bytes allocated
==16663== 
==16663== LEAK SUMMARY:
==16663==    definitely lost: 382 bytes in 6 blocks
==16663==    indirectly lost: 307 bytes in 34 blocks
==16663==      possibly lost: 0 bytes in 0 blocks
==16663==    still reachable: 0 bytes in 0 blocks
==16663==         suppressed: 0 bytes in 0 blocks
==16663== Rerun with --leak-check=full to see details of leaked memory
==16663== 
==16663== For lists of detected and suppressed errors, rerun with: -s
==16663== ERROR SUMMARY: 0 errors from 0 contexts (suppressed: 0 from 0)
Running valgrind on ./maps/bad/color_none.cub...

[0;31m Error:[Texture verification] file is not found
[0m [0;34mN[0;34mO[0;34m [0;34mt[0;34me[0;34mx[0;34mt[0;34mu[0;34mr[0;34me[0;34ms[0;34m/[0;34mt[0;34me[0;34ms[0;34mt[0;34m/[0;34mn[0;34mo[0;34mr[0;34mt[0;34mh[0;34m.[0;34mx[0;34mp[0;34mm
[0m[0;34mS[0;34mO[0;34m [0;34mt[0;34me[0;34mx[0;34mt[0;34mu[0;34mr[0;34me[0;34ms[0;34m/[0;34mt[0;34me[0;34ms[0;34mt[0;34m/[0;34ms[0;34mo[0;34mu[0;34mt[0;34mh[0;34m.[0;34mx[0;34mp[0;34mm
[0m[0;34mW[0;34mE[0;34m [0;34mt[0;34me[0;34mx[0;34mt[0;34mu[0;34mr[0;34me[0;34ms[0;34m/[0;34mt[0;34me[0;34ms[0;34mt[0;34m/[0;34mw[0;34me[0;34ms[0;34mt[0;34m.[0;34mx[0;34mp[0;34mm
[0m[0;34mE[0;34mA[0;34m [0;34mt[0;34me[0;34mx[0;34mt[0;34mu[0;34mr[0;34me[0;34ms[0;34m/[0;34mt[0;34me[0;34ms[0;34mt[0;34m/[0;34me[0;34ma[0;34ms[0;34mt[0;34m.[0;34mx[0;34mp[0;34mm
[0m
[0m[0;34m1[0;34m1[0;34m1[0;34m1[0;34m1
[0m[0;34m1[0;34m0[0;34m0[0;34m0[0;34m1
[0m[0;34m1[0;34m0[0;34mS[0;34m0[0;34m1
[0m[0;34m1[0;34m0[0;34m0[0;34m0[0;34m1
[0m[0;34m1[0;34m0[0;34m0[0;34m0[0;34m1
[0m[0;34m1[0;34m0[0;34m0[0;34m0[0;34m1
[0m[0;34m1[0;34m1[0;34m0[0;34m0[0;34m1
[0m[0;34m1[0;34m0[0;34m0[0;34m0[0;34m1
[0m[0;34m1[0;34m0[0;34m0[0;34m0[0;34m1
[0m[0;34m1[0;34m0[0;34m0[0;34m0[0;34m1
[0m[0;34m1[0;34m0[0;34m0[0;34m0[0;34m1
[0m[0;34m1[0;34m0[0;34m0[0;34m0[0;34m1
[0m[0;34m1[0;34m1[0;34m1[0;34m1[0;34m1
[0mExit code: 1
‚ö†Ô∏è No Valgrind alerts, but with leaks[0m  
==16666== Memcheck, a memory error detector
==16666== Copyright (C) 2002-2022, and GNU GPL'd, by Julian Seward et al.
==16666== Using Valgrind-3.22.0 and LibVEX; rerun with -h for copyright info
==16666== Command: ./cub3d ./maps/bad/color_none.cub
==16666== Parent PID: 16634
==16666== 
==16666== 
==16666== HEAP SUMMARY:
==16666==     in use at exit: 639 bytes in 37 blocks
==16666==   total heap usage: 117 allocs, 80 frees, 7,292 bytes allocated
==16666== 
==16666== LEAK SUMMARY:
==16666==    definitely lost: 358 bytes in 6 blocks
==16666==    indirectly lost: 281 bytes in 31 blocks
==16666==      possibly lost: 0 bytes in 0 blocks
==16666==    still reachable: 0 bytes in 0 blocks
==16666==         suppressed: 0 bytes in 0 blocks
==16666== Rerun with --leak-check=full to see details of leaked memory
==16666== 
==16666== For lists of detected and suppressed errors, rerun with: -s
==16666== ERROR SUMMARY: 0 errors from 0 contexts (suppressed: 0 from 0)
Running valgrind on ./maps/bad/empty.cub...
[0;31m Error:[Read file] file is empty
[0m Exit code: 1
[0;32m‚úÖ No Valgrind alerts, no leaks[0m  
==16693== Memcheck, a memory error detector
==16693== Copyright (C) 2002-2022, and GNU GPL'd, by Julian Seward et al.
==16693== Using Valgrind-3.22.0 and LibVEX; rerun with -h for copyright info
==16693== Command: ./cub3d ./maps/bad/empty.cub
==16693== Parent PID: 16634
==16693== 
==16693== 
==16693== HEAP SUMMARY:
==16693==     in use at exit: 0 bytes in 0 blocks
==16693==   total heap usage: 5 allocs, 5 frees, 170 bytes allocated
==16693== 
==16693== All heap blocks were freed -- no leaks are possible
==16693== 
==16693== For lists of detected and suppressed errors, rerun with: -s
==16693== ERROR SUMMARY: 0 errors from 0 contexts (suppressed: 0 from 0)
Running valgrind on ./maps/bad/file_letter_end.cub...

[0;31m Error:[Map check in file] Empty line found
[0m [0;34mN[0;34mO[0;34m [0;34mt[0;34me[0;34mx[0;34mt[0;34mu[0;34mr[0;34me[0;34ms[0;34m/[0;34mt[0;34me[0;34ms[0;34mt[0;34m/[0;34mn[0;34mo[0;34mr[0;34mt[0;34mh[0;34m.[0;34mx[0;34mp[0;34mm
[0m[0;34mS[0;34mO[0;34m [0;34mt[0;34me[0;34mx[0;34mt[0;34mu[0;34mr[0;34me[0;34ms[0;34m/[0;34mt[0;34me[0;34ms[0;34mt[0;34m/[0;34ms[0;34mo[0;34mu[0;34mt[0;34mh[0;34m.[0;34mx[0;34mp[0;34mm
[0m[0;34mW[0;34mE[0;34m [0;34mt[0;34me[0;34mx[0;34mt[0;34mu[0;34mr[0;34me[0;34ms[0;34m/[0;34mt[0;34me[0;34ms[0;34mt[0;34m/[0;34mw[0;34me[0;34ms[0;34mt[0;34m.[0;34mx[0;34mp[0;34mm
[0m[0;34mE[0;34mA[0;34m [0;34mt[0;34me[0;34mx[0;34mt[0;34mu[0;34mr[0;34me[0;34ms[0;34m/[0;34mt[0;34me[0;34ms[0;34mt[0;34m/[0;34me[0;34ma[0;34ms[0;34mt[0;34m.[0;34mx[0;34mp[0;34mm
[0m
[0m[0;34mF[0;34m [0;34m2[0;34m0[0;34m,[0;34m2[0;34m0[0;34m,[0;34m2[0;34m0
[0m[0;34mC[0;34m [0;34m2[0;34m0[0;34m0[0;34m,[0;34m2[0;34m0[0;34m0[0;34m,[0;34m2[0;34m0[0;34m0
[0m
[0m[0;34m1[0;34m1[0;34m1[0;34m1[0;34m1
[0m[0;34m1[0;34m0[0;34m0[0;34m0[0;34m1
[0m[0;34m1[0;34m0[0;34mS[0;34m0[0;34m1
[0m[0;34m1[0;34m0[0;34m0[0;34m0[0;34m1
[0m[0;34m1[0;34m0[0;34m0[0;34m0[0;34m1
[0m[0;34m1[0;34m0[0;34m0[0;34m0[0;34m1
[0m[0;34m1[0;34m1[0;34m0[0;34m0[0;34m1
[0m[0;34m1[0;34m0[0;34m0[0;34m0[0;34m1
[0m[0;34m1[0;34m0[0;34m0[0;34m0[0;34m1
[0m[0;34m1[0;34m0[0;34m0[0;34m0[0;34m1
[0m[0;34m1[0;34m0[0;34m0[0;34m0[0;34m1
[0m[0;34m1[0;34m0[0;34m0[0;34m0[0;34m1
[0m[0;34m1[0;34m1[0;34m1[0;34m1[0;34m1
[0m
[0m
[0m
[0m
[0m
[0m
[0m
[0m
[0m
[0m
[0m
[0m
[0m
[0m[0;34m1
[0mExit code: 1
‚ö†Ô∏è No Valgrind alerts, but with leaks[0m  
==16697== Memcheck, a memory error detector
==16697== Copyright (C) 2002-2022, and GNU GPL'd, by Julian Seward et al.
==16697== Using Valgrind-3.22.0 and LibVEX; rerun with -h for copyright info
==16697== Command: ./cub3d ./maps/bad/file_letter_end.cub
==16697== Parent PID: 16634
==16697== 
==16697== 
==16697== HEAP SUMMARY:
==16697==     in use at exit: 549 bytes in 36 blocks
==16697==   total heap usage: 156 allocs, 120 frees, 11,449 bytes allocated
==16697== 
==16697== LEAK SUMMARY:
==16697==    definitely lost: 288 bytes in 1 blocks
==16697==    indirectly lost: 261 bytes in 35 blocks
==16697==      possibly lost: 0 bytes in 0 blocks
==16697==    still reachable: 0 bytes in 0 blocks
==16697==         suppressed: 0 bytes in 0 blocks
==16697== Rerun with --leak-check=full to see details of leaked memory
==16697== 
==16697== For lists of detected and suppressed errors, rerun with: -s
==16697== ERROR SUMMARY: 0 errors from 0 contexts (suppressed: 0 from 0)
Running valgrind on ./maps/bad/filetype_missing...
[0;31m Error:[Check args] no map or invalid map extension
[0m Exit code: 1
[0;32m‚úÖ No Valgrind alerts, no leaks[0m  
==16701== Memcheck, a memory error detector
==16701== Copyright (C) 2002-2022, and GNU GPL'd, by Julian Seward et al.
==16701== Using Valgrind-3.22.0 and LibVEX; rerun with -h for copyright info
==16701== Command: ./cub3d ./maps/bad/filetype_missing
==16701== Parent PID: 16634
==16701== 
==16701== 
==16701== HEAP SUMMARY:
==16701==     in use at exit: 0 bytes in 0 blocks
==16701==   total heap usage: 3 allocs, 3 frees, 144 bytes allocated
==16701== 
==16701== All heap blocks were freed -- no leaks are possible
==16701== 
==16701== For lists of detected and suppressed errors, rerun with: -s
==16701== ERROR SUMMARY: 0 errors from 0 contexts (suppressed: 0 from 0)
Running valgrind on ./maps/bad/filetype_wrong.buc...
[0;31m Error:[Check args] no map or invalid map extension
[0m Exit code: 1
[0;32m‚úÖ No Valgrind alerts, no leaks[0m  
==16704== Memcheck, a memory error detector
==16704== Copyright (C) 2002-2022, and GNU GPL'd, by Julian Seward et al.
==16704== Using Valgrind-3.22.0 and LibVEX; rerun with -h for copyright info
==16704== Command: ./cub3d ./maps/bad/filetype_wrong.buc
==16704== Parent PID: 16634
==16704== 
==16704== 
==16704== HEAP SUMMARY:
==16704==     in use at exit: 0 bytes in 0 blocks
==16704==   total heap usage: 3 allocs, 3 frees, 144 bytes allocated
==16704== 
==16704== All heap blocks were freed -- no leaks are possible
==16704== 
==16704== For lists of detected and suppressed errors, rerun with: -s
==16704== ERROR SUMMARY: 0 errors from 0 contexts (suppressed: 0 from 0)
Running valgrind on ./maps/bad/map_first.cub...
Starting Valgrind tests...
Running valgrind on ./maps/bad/color_invalid_rgb.cub...

[0;31m Error:[Texture verification] file is not found
[0m [0;34mN[0;34mO[0;34m [0;34mt[0;34me[0;34mx[0;34mt[0;34mu[0;34mr[0;34me[0;34ms[0;34m/[0;34mt[0;34me[0;34ms[0;34mt[0;34m/[0;34mn[0;34mo[0;34mr[0;34mt[0;34mh[0;34m.[0;34mx[0;34mp[0;34mm
[0m[0;34mS[0;34mO[0;34m [0;34mt[0;34me[0;34mx[0;34mt[0;34mu[0;34mr[0;34me[0;34ms[0;34m/[0;34mt[0;34me[0;34ms[0;34mt[0;34m/[0;34ms[0;34mo[0;34mu[0;34mt[0;34mh[0;34m.[0;34mx[0;34mp[0;34mm
[0m[0;34mW[0;34mE[0;34m [0;34mt[0;34me[0;34mx[0;34mt[0;34mu[0;34mr[0;34me[0;34ms[0;34m/[0;34mt[0;34me[0;34ms[0;34mt[0;34m/[0;34mw[0;34me[0;34ms[0;34mt[0;34m.[0;34mx[0;34mp[0;34mm
[0m[0;34mE[0;34mA[0;34m [0;34mt[0;34me[0;34mx[0;34mt[0;34mu[0;34mr[0;34me[0;34ms[0;34m/[0;34mt[0;34me[0;34ms[0;34mt[0;34m/[0;34me[0;34ma[0;34ms[0;34mt[0;34m.[0;34mx[0;34mp[0;34mm
[0m
[0m[0;34mF[0;34m [0;34m2[0;34m0[0;34m,[0;34m2[0;34m0[0;34m,[0;34m-[0;34m2[0;34m0
[0m[0;34mC[0;34m [0;34m2[0;34m0[0;34m0[0;34m,[0;34m2[0;34m0[0;34m0[0;34m,[0;34m2[0;34m0[0;34m0
[0m
[0m[0;34m1[0;34m1[0;34m1[0;34m1[0;34m1
[0m[0;34m1[0;34m0[0;34m0[0;34m0[0;34m1
[0m[0;34m1[0;34m0[0;34mS[0;34m0[0;34m1
[0m[0;34m1[0;34m0[0;34m0[0;34m0[0;34m1
[0m[0;34m1[0;34m0[0;34m0[0;34m0[0;34m1
[0m[0;34m1[0;34m0[0;34m0[0;34m0[0;34m1
[0m[0;34m1[0;34m1[0;34m0[0;34m0[0;34m1
[0m[0;34m1[0;34m0[0;34m0[0;34m0[0;34m1
[0m[0;34m1[0;34m0[0;34m0[0;34m0[0;34m1
[0m[0;34m1[0;34m0[0;34m0[0;34m0[0;34m1
[0m[0;34m1[0;34m0[0;34m0[0;34m0[0;34m1
[0m[0;34m1[0;34m0[0;34m0[0;34m0[0;34m1
[0m[0;34m1[0;34m1[0;34m1[0;34m1[0;34m1
[0mExit code: 1
‚ö†Ô∏è No Valgrind alerts, but with leaks[0m  
==3107== Memcheck, a memory error detector
==3107== Copyright (C) 2002-2022, and GNU GPL'd, by Julian Seward et al.
==3107== Using Valgrind-3.22.0 and LibVEX; rerun with -h for copyright info
==3107== Command: ./cub3d ./maps/bad/color_invalid_rgb.cub
==3107== Parent PID: 3105
==3107== 
==3107== 
==3107== HEAP SUMMARY:
==3107==     in use at exit: 693 bytes in 40 blocks
==3107==   total heap usage: 130 allocs, 90 frees, 8,005 bytes allocated
==3107== 
==3107== LEAK SUMMARY:
==3107==    definitely lost: 382 bytes in 6 blocks
==3107==    indirectly lost: 311 bytes in 34 blocks
==3107==      possibly lost: 0 bytes in 0 blocks
==3107==    still reachable: 0 bytes in 0 blocks
==3107==         suppressed: 0 bytes in 0 blocks
==3107== Rerun with --leak-check=full to see details of leaked memory
==3107== 
==3107== For lists of detected and suppressed errors, rerun with: -s
==3107== ERROR SUMMARY: 0 errors from 0 contexts (suppressed: 0 from 0)
Running valgrind on ./maps/bad/color_missing_ceiling_rgb.cub...

[0;31m Error:[Texture verification] file is not found
[0m [0;34mN[0;34mO[0;34m [0;34mt[0;34me[0;34mx[0;34mt[0;34mu[0;34mr[0;34me[0;34ms[0;34m/[0;34mt[0;34me[0;34ms[0;34mt[0;34m/[0;34mn[0;34mo[0;34mr[0;34mt[0;34mh[0;34m.[0;34mx[0;34mp[0;34mm
[0m[0;34mS[0;34mO[0;34m [0;34mt[0;34me[0;34mx[0;34mt[0;34mu[0;34mr[0;34me[0;34ms[0;34m/[0;34mt[0;34me[0;34ms[0;34mt[0;34m/[0;34ms[0;34mo[0;34mu[0;34mt[0;34mh[0;34m.[0;34mx[0;34mp[0;34mm
[0m[0;34mW[0;34mE[0;34m [0;34mt[0;34me[0;34mx[0;34mt[0;34mu[0;34mr[0;34me[0;34ms[0;34m/[0;34mt[0;34me[0;34ms[0;34mt[0;34m/[0;34mw[0;34me[0;34ms[0;34mt[0;34m.[0;34mx[0;34mp[0;34mm
[0m[0;34mE[0;34mA[0;34m [0;34mt[0;34me[0;34mx[0;34mt[0;34mu[0;34mr[0;34me[0;34ms[0;34m/[0;34mt[0;34me[0;34ms[0;34mt[0;34m/[0;34me[0;34ma[0;34ms[0;34mt[0;34m.[0;34mx[0;34mp[0;34mm
[0m
[0m[0;34mF[0;34m [0;34m2[0;34m0[0;34m,[0;34m2[0;34m0[0;34m,[0;34m2[0;34m0
[0m[0;34mC[0;34m [0;34m2[0;34m0[0;34m0[0;34m,[0;34m2[0;34m0[0;34m0[0;34m,
[0m
[0m[0;34m1[0;34m1[0;34m1[0;34m1[0;34m1
[0m[0;34m1[0;34m0[0;34m0[0;34m0[0;34m1
[0m[0;34m1[0;34m0[0;34mS[0;34m0[0;34m1
[0m[0;34m1[0;34m0[0;34m0[0;34m0[0;34m1
[0m[0;34m1[0;34m0[0;34m0[0;34m0[0;34m1
[0m[0;34m1[0;34m0[0;34m0[0;34m0[0;34m1
[0m[0;34m1[0;34m1[0;34m0[0;34m0[0;34m1
[0m[0;34m1[0;34m0[0;34m0[0;34m0[0;34m1
[0m[0;34m1[0;34m0[0;34m0[0;34m0[0;34m1
[0m[0;34m1[0;34m0[0;34m0[0;34m0[0;34m1
[0m[0;34m1[0;34m0[0;34m0[0;34m0[0;34m1
[0m[0;34m1[0;34m0[0;34m0[0;34m0[0;34m1
[0m[0;34m1[0;34m1[0;34m1[0;34m1[0;34m1
[0mExit code: 1
‚ö†Ô∏è No Valgrind alerts, but with leaks[0m  
==3110== Memcheck, a memory error detector
==3110== Copyright (C) 2002-2022, and GNU GPL'd, by Julian Seward et al.
==3110== Using Valgrind-3.22.0 and LibVEX; rerun with -h for copyright info
==3110== Command: ./cub3d ./maps/bad/color_missing_ceiling_rgb.cub
==3110== Parent PID: 3105
==3110== 
==3110== 
==3110== HEAP SUMMARY:
==3110==     in use at exit: 689 bytes in 40 blocks
==3110==   total heap usage: 130 allocs, 90 frees, 7,973 bytes allocated
==3110== 
==3110== LEAK SUMMARY:
==3110==    definitely lost: 382 bytes in 6 blocks
==3110==    indirectly lost: 307 bytes in 34 blocks
==3110==      possibly lost: 0 bytes in 0 blocks
==3110==    still reachable: 0 bytes in 0 blocks
==3110==         suppressed: 0 bytes in 0 blocks
==3110== Rerun with --leak-check=full to see details of leaked memory
==3110== 
==3110== For lists of detected and suppressed errors, rerun with: -s
==3110== ERROR SUMMARY: 0 errors from 0 contexts (suppressed: 0 from 0)
Running valgrind on ./maps/bad/color_missing.cub...

[0;31m Error:[Texture verification] file is not found
[0m [0;34mN[0;34mO[0;34m [0;34mt[0;34me[0;34mx[0;34mt[0;34mu[0;34mr[0;34me[0;34ms[0;34m/[0;34mt[0;34me[0;34ms[0;34mt[0;34m/[0;34mn[0;34mo[0;34mr[0;34mt[0;34mh[0;34m.[0;34mx[0;34mp[0;34mm
[0m[0;34mS[0;34mO[0;34m [0;34mt[0;34me[0;34mx[0;34mt[0;34mu[0;34mr[0;34me[0;34ms[0;34m/[0;34mt[0;34me[0;34ms[0;34mt[0;34m/[0;34ms[0;34mo[0;34mu[0;34mt[0;34mh[0;34m.[0;34mx[0;34mp[0;34mm
[0m[0;34mW[0;34mE[0;34m [0;34mt[0;34me[0;34mx[0;34mt[0;34mu[0;34mr[0;34me[0;34ms[0;34m/[0;34mt[0;34me[0;34ms[0;34mt[0;34m/[0;34mw[0;34me[0;34ms[0;34mt[0;34m.[0;34mx[0;34mp[0;34mm
[0m[0;34mE[0;34mA[0;34m [0;34mt[0;34me[0;34mx[0;34mt[0;34mu[0;34mr[0;34me[0;34ms[0;34m/[0;34mt[0;34me[0;34ms[0;34mt[0;34m/[0;34me[0;34ma[0;34ms[0;34mt[0;34m.[0;34mx[0;34mp[0;34mm
[0m
[0m[0;34mC[0;34m [0;34m2[0;34m0[0;34m0[0;34m,[0;34m2[0;34m0[0;34m0[0;34m,[0;34m2[0;34m0[0;34m0
[0m
[0m[0;34m1[0;34m1[0;34m1[0;34m1[0;34m1
[0m[0;34m1[0;34m0[0;34m0[0;34m0[0;34m1
[0m[0;34m1[0;34m0[0;34mS[0;34m0[0;34m1
[0m[0;34m1[0;34m0[0;34m0[0;34m0[0;34m1
[0m[0;34m1[0;34m0[0;34m0[0;34m0[0;34m1
[0m[0;34m1[0;34m0[0;34m0[0;34m0[0;34m1
[0m[0;34m1[0;34m1[0;34m0[0;34m0[0;34m1
[0m[0;34m1[0;34m0[0;34m0[0;34m0[0;34m1
[0m[0;34m1[0;34m0[0;34m0[0;34m0[0;34m1
[0m[0;34m1[0;34m0[0;34m0[0;34m0[0;34m1
[0m[0;34m1[0;34m0[0;34m0[0;34m0[0;34m1
[0m[0;34m1[0;34m0[0;34m0[0;34m0[0;34m1
[0m[0;34m1[0;34m1[0;34m1[0;34m1[0;34m1
[0mExit code: 1
‚ö†Ô∏è No Valgrind alerts, but with leaks[0m  
==3128== Memcheck, a memory error detector
==3128== Copyright (C) 2002-2022, and GNU GPL'd, by Julian Seward et al.
==3128== Using Valgrind-3.22.0 and LibVEX; rerun with -h for copyright info
==3128== Command: ./cub3d ./maps/bad/color_missing.cub
==3128== Parent PID: 3105
==3128== 
==3128== 
==3128== HEAP SUMMARY:
==3128==     in use at exit: 672 bytes in 39 blocks
==3128==   total heap usage: 126 allocs, 87 frees, 7,808 bytes allocated
==3128== 
==3128== LEAK SUMMARY:
==3128==    definitely lost: 374 bytes in 6 blocks
==3128==    indirectly lost: 298 bytes in 33 blocks
==3128==      possibly lost: 0 bytes in 0 blocks
==3128==    still reachable: 0 bytes in 0 blocks
==3128==         suppressed: 0 bytes in 0 blocks
==3128== Rerun with --leak-check=full to see details of leaked memory
==3128== 
==3128== For lists of detected and suppressed errors, rerun with: -s
==3128== ERROR SUMMARY: 0 errors from 0 contexts (suppressed: 0 from 0)
Running valgrind on ./maps/bad/color_missing_floor_rgb.cub...

[0;31m Error:[Texture verification] file is not found
[0m [0;34mN[0;34mO[0;34m [0;34mt[0;34me[0;34mx[0;34mt[0;34mu[0;34mr[0;34me[0;34ms[0;34m/[0;34mt[0;34me[0;34ms[0;34mt[0;34m/[0;34mn[0;34mo[0;34mr[0;34mt[0;34mh[0;34m.[0;34mx[0;34mp[0;34mm
[0m[0;34mS[0;34mO[0;34m [0;34mt[0;34me[0;34mx[0;34mt[0;34mu[0;34mr[0;34me[0;34ms[0;34m/[0;34mt[0;34me[0;34ms[0;34mt[0;34m/[0;34ms[0;34mo[0;34mu[0;34mt[0;34mh[0;34m.[0;34mx[0;34mp[0;34mm
[0m[0;34mW[0;34mE[0;34m [0;34mt[0;34me[0;34mx[0;34mt[0;34mu[0;34mr[0;34me[0;34ms[0;34m/[0;34mt[0;34me[0;34ms[0;34mt[0;34m/[0;34mw[0;34me[0;34ms[0;34mt[0;34m.[0;34mx[0;34mp[0;34mm
[0m[0;34mE[0;34mA[0;34m [0;34mt[0;34me[0;34mx[0;34mt[0;34mu[0;34mr[0;34me[0;34ms[0;34m/[0;34mt[0;34me[0;34ms[0;34mt[0;34m/[0;34me[0;34ma[0;34ms[0;34mt[0;34m.[0;34mx[0;34mp[0;34mm
[0m
[0m[0;34mF[0;34m [0;34m2[0;34m0[0;34m,[0;34m2[0;34m0
[0m[0;34mC[0;34m [0;34m2[0;34m0[0;34m0[0;34m,[0;34m2[0;34m0[0;34m0[0;34m,[0;34m2[0;34m0[0;34m0
[0m
[0m[0;34m1[0;34m1[0;34m1[0;34m1[0;34m1
[0m[0;34m1[0;34m0[0;34m0[0;34m0[0;34m1
[0m[0;34m1[0;34m0[0;34mS[0;34m0[0;34m1
[0m[0;34m1[0;34m0[0;34m0[0;34m0[0;34m1
[0m[0;34m1[0;34m0[0;34m0[0;34m0[0;34m1
[0m[0;34m1[0;34m0[0;34m0[0;34m0[0;34m1
[0m[0;34m1[0;34m1[0;34m0[0;34m0[0;34m1
[0m[0;34m1[0;34m0[0;34m0[0;34m0[0;34m1
[0m[0;34m1[0;34m0[0;34m0[0;34m0[0;34m1
[0m[0;34m1[0;34m0[0;34m0[0;34m0[0;34m1
[0m[0;34m1[0;34m0[0;34m0[0;34m0[0;34m1
[0m[0;34m1[0;34m0[0;34m0[0;34m0[0;34m1
[0m[0;34m1[0;34m1[0;34m1[0;34m1[0;34m1
[0mExit code: 1
‚ö†Ô∏è No Valgrind alerts, but with leaks[0m  
==3143== Memcheck, a memory error detector
==3143== Copyright (C) 2002-2022, and GNU GPL'd, by Julian Seward et al.
==3143== Using Valgrind-3.22.0 and LibVEX; rerun with -h for copyright info
==3143== Command: ./cub3d ./maps/bad/color_missing_floor_rgb.cub
==3143== Parent PID: 3105
==3143== 
==3143== 
==3143== HEAP SUMMARY:
==3143==     in use at exit: 689 bytes in 40 blocks
==3143==   total heap usage: 130 allocs, 90 frees, 7,979 bytes allocated
==3143== 
==3143== LEAK SUMMARY:
==3143==    definitely lost: 382 bytes in 6 blocks
==3143==    indirectly lost: 307 bytes in 34 blocks
==3143==      possibly lost: 0 bytes in 0 blocks
==3143==    still reachable: 0 bytes in 0 blocks
==3143==         suppressed: 0 bytes in 0 blocks
==3143== Rerun with --leak-check=full to see details of leaked memory
==3143== 
==3143== For lists of detected and suppressed errors, rerun with: -s
==3143== ERROR SUMMARY: 0 errors from 0 contexts (suppressed: 0 from 0)
Running valgrind on ./maps/bad/color_none.cub...

[0;31m Error:[Texture verification] file is not found
[0m [0;34mN[0;34mO[0;34m [0;34mt[0;34me[0;34mx[0;34mt[0;34mu[0;34mr[0;34me[0;34ms[0;34m/[0;34mt[0;34me[0;34ms[0;34mt[0;34m/[0;34mn[0;34mo[0;34mr[0;34mt[0;34mh[0;34m.[0;34mx[0;34mp[0;34mm
[0m[0;34mS[0;34mO[0;34m [0;34mt[0;34me[0;34mx[0;34mt[0;34mu[0;34mr[0;34me[0;34ms[0;34m/[0;34mt[0;34me[0;34ms[0;34mt[0;34m/[0;34ms[0;34mo[0;34mu[0;34mt[0;34mh[0;34m.[0;34mx[0;34mp[0;34mm
[0m[0;34mW[0;34mE[0;34m [0;34mt[0;34me[0;34mx[0;34mt[0;34mu[0;34mr[0;34me[0;34ms[0;34m/[0;34mt[0;34me[0;34ms[0;34mt[0;34m/[0;34mw[0;34me[0;34ms[0;34mt[0;34m.[0;34mx[0;34mp[0;34mm
[0m[0;34mE[0;34mA[0;34m [0;34mt[0;34me[0;34mx[0;34mt[0;34mu[0;34mr[0;34me[0;34ms[0;34m/[0;34mt[0;34me[0;34ms[0;34mt[0;34m/[0;34me[0;34ma[0;34ms[0;34mt[0;34m.[0;34mx[0;34mp[0;34mm
[0m
[0m[0;34m1[0;34m1[0;34m1[0;34m1[0;34m1
[0m[0;34m1[0;34m0[0;34m0[0;34m0[0;34m1
[0m[0;34m1[0;34m0[0;34mS[0;34m0[0;34m1
[0m[0;34m1[0;34m0[0;34m0[0;34m0[0;34m1
[0m[0;34m1[0;34m0[0;34m0[0;34m0[0;34m1
[0m[0;34m1[0;34m0[0;34m0[0;34m0[0;34m1
[0m[0;34m1[0;34m1[0;34m0[0;34m0[0;34m1
[0m[0;34m1[0;34m0[0;34m0[0;34m0[0;34m1
[0m[0;34m1[0;34m0[0;34m0[0;34m0[0;34m1
[0m[0;34m1[0;34m0[0;34m0[0;34m0[0;34m1
[0m[0;34m1[0;34m0[0;34m0[0;34m0[0;34m1
[0m[0;34m1[0;34m0[0;34m0[0;34m0[0;34m1
[0m[0;34m1[0;34m1[0;34m1[0;34m1[0;34m1
[0mExit code: 1
‚ö†Ô∏è No Valgrind alerts, but with leaks[0m  
==3146== Memcheck, a memory error detector
==3146== Copyright (C) 2002-2022, and GNU GPL'd, by Julian Seward et al.
==3146== Using Valgrind-3.22.0 and LibVEX; rerun with -h for copyright info
==3146== Command: ./cub3d ./maps/bad/color_none.cub
==3146== Parent PID: 3105
==3146== 
==3146== 
==3146== HEAP SUMMARY:
==3146==     in use at exit: 639 bytes in 37 blocks
==3146==   total heap usage: 117 allocs, 80 frees, 7,292 bytes allocated
==3146== 
==3146== LEAK SUMMARY:
==3146==    definitely lost: 358 bytes in 6 blocks
==3146==    indirectly lost: 281 bytes in 31 blocks
==3146==      possibly lost: 0 bytes in 0 blocks
==3146==    still reachable: 0 bytes in 0 blocks
==3146==         suppressed: 0 bytes in 0 blocks
==3146== Rerun with --leak-check=full to see details of leaked memory
==3146== 
==3146== For lists of detected and suppressed errors, rerun with: -s
==3146== ERROR SUMMARY: 0 errors from 0 contexts (suppressed: 0 from 0)
Running valgrind on ./maps/bad/empty.cub...
[0;31m Error:[Read file] file is empty
[0m Exit code: 1
[0;32m‚úÖ No Valgrind alerts, no leaks[0m  
==3149== Memcheck, a memory error detector
==3149== Copyright (C) 2002-2022, and GNU GPL'd, by Julian Seward et al.
==3149== Using Valgrind-3.22.0 and LibVEX; rerun with -h for copyright info
==3149== Command: ./cub3d ./maps/bad/empty.cub
==3149== Parent PID: 3105
==3149== 
==3149== 
==3149== HEAP SUMMARY:
==3149==     in use at exit: 0 bytes in 0 blocks
==3149==   total heap usage: 5 allocs, 5 frees, 170 bytes allocated
==3149== 
==3149== All heap blocks were freed -- no leaks are possible
==3149== 
==3149== For lists of detected and suppressed errors, rerun with: -s
==3149== ERROR SUMMARY: 0 errors from 0 contexts (suppressed: 0 from 0)
Running valgrind on ./maps/bad/file_letter_end.cub...

[0;31m Error:[Map check in file] Empty line found
[0m [0;34mN[0;34mO[0;34m [0;34mt[0;34me[0;34mx[0;34mt[0;34mu[0;34mr[0;34me[0;34ms[0;34m/[0;34mt[0;34me[0;34ms[0;34mt[0;34m/[0;34mn[0;34mo[0;34mr[0;34mt[0;34mh[0;34m.[0;34mx[0;34mp[0;34mm
[0m[0;34mS[0;34mO[0;34m [0;34mt[0;34me[0;34mx[0;34mt[0;34mu[0;34mr[0;34me[0;34ms[0;34m/[0;34mt[0;34me[0;34ms[0;34mt[0;34m/[0;34ms[0;34mo[0;34mu[0;34mt[0;34mh[0;34m.[0;34mx[0;34mp[0;34mm
[0m[0;34mW[0;34mE[0;34m [0;34mt[0;34me[0;34mx[0;34mt[0;34mu[0;34mr[0;34me[0;34ms[0;34m/[0;34mt[0;34me[0;34ms[0;34mt[0;34m/[0;34mw[0;34me[0;34ms[0;34mt[0;34m.[0;34mx[0;34mp[0;34mm
[0m[0;34mE[0;34mA[0;34m [0;34mt[0;34me[0;34mx[0;34mt[0;34mu[0;34mr[0;34me[0;34ms[0;34m/[0;34mt[0;34me[0;34ms[0;34mt[0;34m/[0;34me[0;34ma[0;34ms[0;34mt[0;34m.[0;34mx[0;34mp[0;34mm
[0m
[0m[0;34mF[0;34m [0;34m2[0;34m0[0;34m,[0;34m2[0;34m0[0;34m,[0;34m2[0;34m0
[0m[0;34mC[0;34m [0;34m2[0;34m0[0;34m0[0;34m,[0;34m2[0;34m0[0;34m0[0;34m,[0;34m2[0;34m0[0;34m0
[0m
[0m[0;34m1[0;34m1[0;34m1[0;34m1[0;34m1
[0m[0;34m1[0;34m0[0;34m0[0;34m0[0;34m1
[0m[0;34m1[0;34m0[0;34mS[0;34m0[0;34m1
[0m[0;34m1[0;34m0[0;34m0[0;34m0[0;34m1
[0m[0;34m1[0;34m0[0;34m0[0;34m0[0;34m1
[0m[0;34m1[0;34m0[0;34m0[0;34m0[0;34m1
[0m[0;34m1[0;34m1[0;34m0[0;34m0[0;34m1
[0m[0;34m1[0;34m0[0;34m0[0;34m0[0;34m1
[0m[0;34m1[0;34m0[0;34m0[0;34m0[0;34m1
[0m[0;34m1[0;34m0[0;34m0[0;34m0[0;34m1
[0m[0;34m1[0;34m0[0;34m0[0;34m0[0;34m1
[0m[0;34m1[0;34m0[0;34m0[0;34m0[0;34m1
[0m[0;34m1[0;34m1[0;34m1[0;34m1[0;34m1
[0m
[0m
[0m
[0m
[0m
[0m
[0m
[0m
[0m
[0m
[0m
[0m
[0m
[0m[0;34m1
[0mExit code: 1
‚ö†Ô∏è No Valgrind alerts, but with leaks[0m  
==3152== Memcheck, a memory error detector
==3152== Copyright (C) 2002-2022, and GNU GPL'd, by Julian Seward et al.
==3152== Using Valgrind-3.22.0 and LibVEX; rerun with -h for copyright info
==3152== Command: ./cub3d ./maps/bad/file_letter_end.cub
==3152== Parent PID: 3105
==3152== 
==3152== 
==3152== HEAP SUMMARY:
==3152==     in use at exit: 549 bytes in 36 blocks
==3152==   total heap usage: 156 allocs, 120 frees, 11,449 bytes allocated
==3152== 
==3152== LEAK SUMMARY:
==3152==    definitely lost: 288 bytes in 1 blocks
==3152==    indirectly lost: 261 bytes in 35 blocks
==3152==      possibly lost: 0 bytes in 0 blocks
==3152==    still reachable: 0 bytes in 0 blocks
==3152==         suppressed: 0 bytes in 0 blocks
==3152== Rerun with --leak-check=full to see details of leaked memory
==3152== 
==3152== For lists of detected and suppressed errors, rerun with: -s
==3152== ERROR SUMMARY: 0 errors from 0 contexts (suppressed: 0 from 0)
Running valgrind on ./maps/bad/filetype_missing...
[0;31m Error:[Check args] no map or invalid map extension
[0m Exit code: 1
[0;32m‚úÖ No Valgrind alerts, no leaks[0m  
==3155== Memcheck, a memory error detector
==3155== Copyright (C) 2002-2022, and GNU GPL'd, by Julian Seward et al.
==3155== Using Valgrind-3.22.0 and LibVEX; rerun with -h for copyright info
==3155== Command: ./cub3d ./maps/bad/filetype_missing
==3155== Parent PID: 3105
==3155== 
==3155== 
==3155== HEAP SUMMARY:
==3155==     in use at exit: 0 bytes in 0 blocks
==3155==   total heap usage: 3 allocs, 3 frees, 144 bytes allocated
==3155== 
==3155== All heap blocks were freed -- no leaks are possible
==3155== 
==3155== For lists of detected and suppressed errors, rerun with: -s
==3155== ERROR SUMMARY: 0 errors from 0 contexts (suppressed: 0 from 0)
Running valgrind on ./maps/bad/filetype_wrong.buc...
[0;31m Error:[Check args] no map or invalid map extension
[0m Exit code: 1
[0;32m‚úÖ No Valgrind alerts, no leaks[0m  
==3158== Memcheck, a memory error detector
==3158== Copyright (C) 2002-2022, and GNU GPL'd, by Julian Seward et al.
==3158== Using Valgrind-3.22.0 and LibVEX; rerun with -h for copyright info
==3158== Command: ./cub3d ./maps/bad/filetype_wrong.buc
==3158== Parent PID: 3105
==3158== 
==3158== 
==3158== HEAP SUMMARY:
==3158==     in use at exit: 0 bytes in 0 blocks
==3158==   total heap usage: 3 allocs, 3 frees, 144 bytes allocated
==3158== 
==3158== All heap blocks were freed -- no leaks are possible
==3158== 
==3158== For lists of detected and suppressed errors, rerun with: -s
==3158== ERROR SUMMARY: 0 errors from 0 contexts (suppressed: 0 from 0)
Running valgrind on ./maps/bad/map_first.cub...

[0;31m Error:[Map start] No map or incorrect placement
[0m [0;34m1[0;34m1[0;34m1[0;34m1[0;34m1
[0m[0;34m1[0;34m0[0;34m0[0;34m0[0;34m1
[0m[0;34m1[0;34m0[0;34mS[0;34m0[0;34m1
[0m[0;34m1[0;34m0[0;34m0[0;34m0[0;34m1
[0m[0;34m1[0;34m0[0;34m0[0;34m0[0;34m1
[0m[0;34m1[0;34m0[0;34m0[0;34m0[0;34m1
[0m[0;34m1[0;34m1[0;34m0[0;34m0[0;34m1
[0m[0;34m1[0;34m0[0;34m0[0;34m0[0;34m1
[0m[0;34m1[0;34m0[0;34m0[0;34m0[0;34m1
[0m[0;34m1[0;34m0[0;34m0[0;34m0[0;34m1
[0m[0;34m1[0;34m0[0;34m0[0;34m0[0;34m1
[0m[0;34m1[0;34m0[0;34m0[0;34m0[0;34m1
[0m[0;34m1[0;34m1[0;34m1[0;34m1[0;34m1
[0m
[0m[0;34mN[0;34mO[0;34m [0;34mt[0;34me[0;34mx[0;34mt[0;34mu[0;34mr[0;34me[0;34ms[0;34m/[0;34mt[0;34me[0;34ms[0;34mt[0;34m/[0;34mn[0;34mo[0;34mr[0;34mt[0;34mh[0;34m.[0;34mx[0;34mp[0;34mm
[0m[0;34mS[0;34mO[0;34m [0;34mt[0;34me[0;34mx[0;34mt[0;34mu[0;34mr[0;34me[0;34ms[0;34m/[0;34mt[0;34me[0;34ms[0;34mt[0;34m/[0;34ms[0;34mo[0;34mu[0;34mt[0;34mh[0;34m.[0;34mx[0;34mp[0;34mm
[0m[0;34mW[0;34mE[0;34m [0;34mt[0;34me[0;34mx[0;34mt[0;34mu[0;34mr[0;34me[0;34ms[0;34m/[0;34mt[0;34me[0;34ms[0;34mt[0;34m/[0;34mw[0;34me[0;34ms[0;34mt[0;34m.[0;34mx[0;34mp[0;34mm
[0m[0;34mE[0;34mA[0;34m [0;34mt[0;34me[0;34mx[0;34mt[0;34mu[0;34mr[0;34me[0;34ms[0;34m/[0;34mt[0;34me[0;34ms[0;34mt[0;34m/[0;34me[0;34ma[0;34ms[0;34mt[0;34m.[0;34mx[0;34mp[0;34mm
[0m
[0m[0;34mF[0;34m [0;34m2[0;34m0[0;34m,[0;34m2[0;34m0[0;34m,[0;34m2[0;34m0
[0m[0;34mC[0;34m [0;34m2[0;34m0[0;34m0[0;34m,[0;34m2[0;34m0[0;34m0[0;34m,[0;34m2[0;34m0[0;34m0
[0mExit code: 1
‚ö†Ô∏è No Valgrind alerts, but with leaks[0m  
==3174== Memcheck, a memory error detector
==3174== Copyright (C) 2002-2022, and GNU GPL'd, by Julian Seward et al.
==3174== Using Valgrind-3.22.0 and LibVEX; rerun with -h for copyright info
==3174== Command: ./cub3d ./maps/bad/map_first.cub
==3174== Parent PID: 3105
==3174== 
==3174== 
==3174== HEAP SUMMARY:
==3174==     in use at exit: 408 bytes in 22 blocks
==3174==   total heap usage: 99 allocs, 77 frees, 7,572 bytes allocated
==3174== 
==3174== LEAK SUMMARY:
==3174==    definitely lost: 176 bytes in 1 blocks
==3174==    indirectly lost: 232 bytes in 21 blocks
==3174==      possibly lost: 0 bytes in 0 blocks
==3174==    still reachable: 0 bytes in 0 blocks
==3174==         suppressed: 0 bytes in 0 blocks
==3174== Rerun with --leak-check=full to see details of leaked memory
==3174== 
==3174== For lists of detected and suppressed errors, rerun with: -s
==3174== ERROR SUMMARY: 0 errors from 0 contexts (suppressed: 0 from 0)
Running valgrind on ./maps/bad/map_middle.cub...

[0;31m Error:[Map check in file] Empty line found
[0m [0;34mN[0;34mO[0;34m [0;34mt[0;34me[0;34mx[0;34mt[0;34mu[0;34mr[0;34me[0;34ms[0;34m/[0;34mt[0;34me[0;34ms[0;34mt[0;34m/[0;34mn[0;34mo[0;34mr[0;34mt[0;34mh[0;34m.[0;34mx[0;34mp[0;34mm
[0m[0;34mS[0;34mO[0;34m [0;34mt[0;34me[0;34mx[0;34mt[0;34mu[0;34mr[0;34me[0;34ms[0;34m/[0;34mt[0;34me[0;34ms[0;34mt[0;34m/[0;34ms[0;34mo[0;34mu[0;34mt[0;34mh[0;34m.[0;34mx[0;34mp[0;34mm
[0m[0;34mW[0;34mE[0;34m [0;34mt[0;34me[0;34mx[0;34mt[0;34mu[0;34mr[0;34me[0;34ms[0;34m/[0;34mt[0;34me[0;34ms[0;34mt[0;34m/[0;34mw[0;34me[0;34ms[0;34mt[0;34m.[0;34mx[0;34mp[0;34mm
[0m[0;34mE[0;34mA[0;34m [0;34mt[0;34me[0;34mx[0;34mt[0;34mu[0;34mr[0;34me[0;34ms[0;34m/[0;34mt[0;34me[0;34ms[0;34mt[0;34m/[0;34me[0;34ma[0;34ms[0;34mt[0;34m.[0;34mx[0;34mp[0;34mm
[0m
[0m[0;34m1[0;34m1[0;34m1[0;34m1[0;34m1
[0m[0;34m1[0;34m0[0;34m0[0;34m0[0;34m1
[0m[0;34m1[0;34m0[0;34mS[0;34m0[0;34m1
[0m[0;34m1[0;34m0[0;34m0[0;34m0[0;34m1
[0m[0;34m1[0;34m0[0;34m0[0;34m0[0;34m1
[0m[0;34m1[0;34m0[0;34m0[0;34m0[0;34m1
[0m[0;34m1[0;34m1[0;34m0[0;34m0[0;34m1
[0m[0;34m1[0;34m0[0;34m0[0;34m0[0;34m1
[0m[0;34m1[0;34m0[0;34m0[0;34m0[0;34m1
[0m[0;34m1[0;34m0[0;34m0[0;34m0[0;34m1
[0m[0;34m1[0;34m0[0;34m0[0;34m0[0;34m1
[0m[0;34m1[0;34m0[0;34m0[0;34m0[0;34m1
[0m[0;34m1[0;34m1[0;34m1[0;34m1[0;34m1
[0m
[0m[0;34mF[0;34m [0;34m2[0;34m0[0;34m,[0;34m2[0;34m0[0;34m,[0;34m2[0;34m0
[0m[0;34mC[0;34m [0;34m2[0;34m0[0;34m0[0;34m,[0;34m2[0;34m0[0;34m0[0;34m,[0;34m2[0;34m0[0;34m0
[0m
[0m
[0mExit code: 1
‚ö†Ô∏è No Valgrind alerts, but with leaks[0m  
==3177== Memcheck, a memory error detector
==3177== Copyright (C) 2002-2022, and GNU GPL'd, by Julian Seward et al.
==3177== Using Valgrind-3.22.0 and LibVEX; rerun with -h for copyright info
==3177== Command: ./cub3d ./maps/bad/map_middle.cub
==3177== Parent PID: 3105
==3177== 
==3177== 
==3177== HEAP SUMMARY:
==3177==     in use at exit: 428 bytes in 24 blocks
==3177==   total heap usage: 107 allocs, 83 frees, 8,059 bytes allocated
==3177== 
==3177== LEAK SUMMARY:
==3177==    definitely lost: 192 bytes in 1 blocks
==3177==    indirectly lost: 236 bytes in 23 blocks
==3177==      possibly lost: 0 bytes in 0 blocks
==3177==    still reachable: 0 bytes in 0 blocks
==3177==         suppressed: 0 bytes in 0 blocks
==3177== Rerun with --leak-check=full to see details of leaked memory
==3177== 
==3177== For lists of detected and suppressed errors, rerun with: -s
==3177== ERROR SUMMARY: 0 errors from 0 contexts (suppressed: 0 from 0)
Running valgrind on ./maps/bad/map_missing.cub...

[0;31m Error:[Map start] No map or incorrect placement
[0m [0;34mN[0;34mO[0;34m [0;34mt[0;34me[0;34mx[0;34mt[0;34mu[0;34mr[0;34me[0;34ms[0;34m/[0;34mt[0;34me[0;34ms[0;34mt[0;34m/[0;34mn[0;34mo[0;34mr[0;34mt[0;34mh[0;34m.[0;34mx[0;34mp[0;34mm
[0m[0;34mS[0;34mO[0;34m [0;34mt[0;34me[0;34mx[0;34mt[0;34mu[0;34mr[0;34me[0;34ms[0;34m/[0;34mt[0;34me[0;34ms[0;34mt[0;34m/[0;34ms[0;34mo[0;34mu[0;34mt[0;34mh[0;34m.[0;34mx[0;34mp[0;34mm
[0m[0;34mW[0;34mE[0;34m [0;34mt[0;34me[0;34mx[0;34mt[0;34mu[0;34mr[0;34me[0;34ms[0;34m/[0;34mt[0;34me[0;34ms[0;34mt[0;34m/[0;34mw[0;34me[0;34ms[0;34mt[0;34m.[0;34mx[0;34mp[0;34mm
[0m[0;34mE[0;34mA[0;34m [0;34mt[0;34me[0;34mx[0;34mt[0;34mu[0;34mr[0;34me[0;34ms[0;34m/[0;34mt[0;34me[0;34ms[0;34mt[0;34m/[0;34me[0;34ma[0;34ms[0;34mt[0;34m.[0;34mx[0;34mp[0;34mm
[0m
[0m[0;34mF[0;34m [0;34m2[0;34m0[0;34m,[0;34m2[0;34m0[0;34m,[0;34m2[0;34m0
[0m[0;34mC[0;34m [0;34m2[0;34m0[0;34m0[0;34m,[0;34m2[0;34m0[0;34m0[0;34m,[0;34m2[0;34m0[0;34m0
[0m
[0mExit code: 1
‚ö†Ô∏è No Valgrind alerts, but with leaks[0m  
==3191== Memcheck, a memory error detector
==3191== Copyright (C) 2002-2022, and GNU GPL'd, by Julian Seward et al.
==3191== Using Valgrind-3.22.0 and LibVEX; rerun with -h for copyright info
==3191== Command: ./cub3d ./maps/bad/map_missing.cub
==3191== Parent PID: 3105
==3191== 
==3191== 
==3191== HEAP SUMMARY:
==3191==     in use at exit: 213 bytes in 9 blocks
==3191==   total heap usage: 44 allocs, 35 frees, 5,280 bytes allocated
==3191== 
==3191== LEAK SUMMARY:
==3191==    definitely lost: 72 bytes in 1 blocks
==3191==    indirectly lost: 141 bytes in 8 blocks
==3191==      possibly lost: 0 bytes in 0 blocks
==3191==    still reachable: 0 bytes in 0 blocks
==3191==         suppressed: 0 bytes in 0 blocks
==3191== Rerun with --leak-check=full to see details of leaked memory
==3191== 
==3191== For lists of detected and suppressed errors, rerun with: -s
==3191== ERROR SUMMARY: 0 errors from 0 contexts (suppressed: 0 from 0)
Running valgrind on ./maps/bad/map_only.cub...

[0;31m Error:[Map start] No map or incorrect placement
[0m [0;34m1[0;34m1[0;34m1[0;34m1[0;34m1
[0m[0;34m1[0;34m0[0;34m0[0;34m0[0;34m1
[0m[0;34m1[0;34m0[0;34mS[0;34m0[0;34m1
[0m[0;34m1[0;34m0[0;34m0[0;34m0[0;34m1
[0m[0;34m1[0;34m0[0;34m0[0;34m0[0;34m1
[0m[0;34m1[0;34m0[0;34m0[0;34m0[0;34m1
[0m[0;34m1[0;34m1[0;34m0[0;34m0[0;34m1
[0m[0;34m1[0;34m0[0;34m0[0;34m0[0;34m1
[0m[0;34m1[0;34m0[0;34m0[0;34m0[0;34m1
[0m[0;34m1[0;34m0[0;34m0[0;34m0[0;34m1
[0m[0;34m1[0;34m0[0;34m0[0;34m0[0;34m1
[0m[0;34m1[0;34m0[0;34m0[0;34m0[0;34m1
[0m[0;34m1[0;34m1[0;34m1[0;34m1[0;34m1
[0mExit code: 1
‚ö†Ô∏è No Valgrind alerts, but with leaks[0m  
==3194== Memcheck, a memory error detector
==3194== Copyright (C) 2002-2022, and GNU GPL'd, by Julian Seward et al.
==3194== Using Valgrind-3.22.0 and LibVEX; rerun with -h for copyright info
==3194== Command: ./cub3d ./maps/bad/map_only.cub
==3194== Parent PID: 3105
==3194== 
==3194== 
==3194== HEAP SUMMARY:
==3194==     in use at exit: 203 bytes in 14 blocks
==3194==   total heap usage: 62 allocs, 48 frees, 5,730 bytes allocated
==3194== 
==3194== LEAK SUMMARY:
==3194==    definitely lost: 112 bytes in 1 blocks
==3194==    indirectly lost: 91 bytes in 13 blocks
==3194==      possibly lost: 0 bytes in 0 blocks
==3194==    still reachable: 0 bytes in 0 blocks
==3194==         suppressed: 0 bytes in 0 blocks
==3194== Rerun with --leak-check=full to see details of leaked memory
==3194== 
==3194== For lists of detected and suppressed errors, rerun with: -s
==3194== ERROR SUMMARY: 0 errors from 0 contexts (suppressed: 0 from 0)
Running valgrind on ./maps/bad/map_too_small.cub...

[0;31m Error:[Map check in file] Invalid map size
[0m [0;34mN[0;34mO[0;34m [0;34mt[0;34me[0;34mx[0;34mt[0;34mu[0;34mr[0;34me[0;34ms[0;34m/[0;34mt[0;34me[0;34ms[0;34mt[0;34m/[0;34mn[0;34mo[0;34mr[0;34mt[0;34mh[0;34m.[0;34mx[0;34mp[0;34mm
[0m[0;34mS[0;34mO[0;34m [0;34mt[0;34me[0;34mx[0;34mt[0;34mu[0;34mr[0;34me[0;34ms[0;34m/[0;34mt[0;34me[0;34ms[0;34mt[0;34m/[0;34ms[0;34mo[0;34mu[0;34mt[0;34mh[0;34m.[0;34mx[0;34mp[0;34mm
[0m[0;34mW[0;34mE[0;34m [0;34mt[0;34me[0;34mx[0;34mt[0;34mu[0;34mr[0;34me[0;34ms[0;34m/[0;34mt[0;34me[0;34ms[0;34mt[0;34m/[0;34mw[0;34me[0;34ms[0;34mt[0;34m.[0;34mx[0;34mp[0;34mm
[0m[0;34mE[0;34mA[0;34m [0;34mt[0;34me[0;34mx[0;34mt[0;34mu[0;34mr[0;34me[0;34ms[0;34m/[0;34mt[0;34me[0;34ms[0;34mt[0;34m/[0;34me[0;34ma[0;34ms[0;34mt[0;34m.[0;34mx[0;34mp[0;34mm
[0m
[0m[0;34mF[0;34m [0;34m2[0;34m0[0;34m,[0;34m2[0;34m0[0;34m,[0;34m2[0;34m0
[0m[0;34mC[0;34m [0;34m2[0;34m0[0;34m0[0;34m,[0;34m2[0;34m0[0;34m0[0;34m,[0;34m2[0;34m0[0;34m0
[0m
[0m[0;34m1[0;34m1[0;34m1
[0m[0;34m1[0;34m1[0;34m1
[0mExit code: 1
‚ö†Ô∏è No Valgrind alerts, but with leaks[0m  
==3197== Memcheck, a memory error detector
==3197== Copyright (C) 2002-2022, and GNU GPL'd, by Julian Seward et al.
==3197== Using Valgrind-3.22.0 and LibVEX; rerun with -h for copyright info
==3197== Command: ./cub3d ./maps/bad/map_too_small.cub
==3197== Parent PID: 3105
==3197== 
==3197== 
==3197== HEAP SUMMARY:
==3197==     in use at exit: 239 bytes in 11 blocks
==3197==   total heap usage: 52 allocs, 41 frees, 5,540 bytes allocated
==3197== 
==3197== LEAK SUMMARY:
==3197==    definitely lost: 88 bytes in 1 blocks
==3197==    indirectly lost: 151 bytes in 10 blocks
==3197==      possibly lost: 0 bytes in 0 blocks
==3197==    still reachable: 0 bytes in 0 blocks
==3197==         suppressed: 0 bytes in 0 blocks
==3197== Rerun with --leak-check=full to see details of leaked memory
==3197== 
==3197== For lists of detected and suppressed errors, rerun with: -s
==3197== ERROR SUMMARY: 0 errors from 0 contexts (suppressed: 0 from 0)
Running valgrind on ./maps/bad/player_multiple.cub...

[0;31m Error:[Map validation] invalid number of player 
[0m [0;34mN[0;34mO[0;34m [0;34mt[0;34me[0;34mx[0;34mt[0;34mu[0;34mr[0;34me[0;34ms[0;34m/[0;34mt[0;34me[0;34ms[0;34mt[0;34m/[0;34mn[0;34mo[0;34mr[0;34mt[0;34mh[0;34m.[0;34mx[0;34mp[0;34mm
[0m[0;34mS[0;34mO[0;34m [0;34mt[0;34me[0;34mx[0;34mt[0;34mu[0;34mr[0;34me[0;34ms[0;34m/[0;34mt[0;34me[0;34ms[0;34mt[0;34m/[0;34ms[0;34mo[0;34mu[0;34mt[0;34mh[0;34m.[0;34mx[0;34mp[0;34mm
[0m[0;34mW[0;34mE[0;34m [0;34mt[0;34me[0;34mx[0;34mt[0;34mu[0;34mr[0;34me[0;34ms[0;34m/[0;34mt[0;34me[0;34ms[0;34mt[0;34m/[0;34mw[0;34me[0;34ms[0;34mt[0;34m.[0;34mx[0;34mp[0;34mm
[0m[0;34mE[0;34mA[0;34m [0;34mt[0;34me[0;34mx[0;34mt[0;34mu[0;34mr[0;34me[0;34ms[0;34m/[0;34mt[0;34me[0;34ms[0;34mt[0;34m/[0;34me[0;34ma[0;34ms[0;34mt[0;34m.[0;34mx[0;34mp[0;34mm
[0m
[0m[0;34mF[0;34m [0;34m2[0;34m0[0;34m,[0;34m2[0;34m0[0;34m,[0;34m2[0;34m0
[0m[0;34mC[0;34m [0;34m2[0;34m0[0;34m0[0;34m,[0;34m2[0;34m0[0;34m0[0;34m,[0;34m2[0;34m0[0;34m0
[0m
[0m[0;34m1[0;34m1[0;34m1[0;34m1[0;34m1
[0m[0;34m1[0;34m0[0;34m0[0;34m0[0;34m1
[0m[0;34m1[0;34m0[0;34mS[0;34m0[0;34m1
[0m[0;34m1[0;34m0[0;34m0[0;34m0[0;34m1
[0m[0;34m1[0;34m0[0;34m0[0;34m0[0;34m1
[0m[0;34m1[0;34m0[0;34m0[0;34m0[0;34m1
[0m[0;34m1[0;34m1[0;34mE[0;34m0[0;34m1
[0m[0;34m1[0;34m0[0;34m0[0;34m0[0;34m1
[0m[0;34m1[0;34m0[0;34m0[0;34m0[0;34m1
[0m[0;34m1[0;34m0[0;34m0[0;34m0[0;34m1
[0m[0;34m1[0;34m0[0;34m0[0;34m0[0;34m1
[0m[0;34m1[0;34m0[0;34m0[0;34m0[0;34m1
[0m[0;34m1[0;34m1[0;34m1[0;34m1[0;34m1
[0mExit code: 1
‚ö†Ô∏è No Valgrind alerts, but with leaks[0m  
==3200== Memcheck, a memory error detector
==3200== Copyright (C) 2002-2022, and GNU GPL'd, by Julian Seward et al.
==3200== Using Valgrind-3.22.0 and LibVEX; rerun with -h for copyright info
==3200== Command: ./cub3d ./maps/bad/player_multiple.cub
==3200== Parent PID: 3105
==3200== 
==3200== 
==3200== HEAP SUMMARY:
==3200==     in use at exit: 598 bytes in 36 blocks
==3200==   total heap usage: 126 allocs, 90 frees, 7,925 bytes allocated
==3200== 
==3200== LEAK SUMMARY:
==3200==    definitely lost: 288 bytes in 2 blocks
==3200==    indirectly lost: 310 bytes in 34 blocks
==3200==      possibly lost: 0 bytes in 0 blocks
==3200==    still reachable: 0 bytes in 0 blocks
==3200==         suppressed: 0 bytes in 0 blocks
==3200== Rerun with --leak-check=full to see details of leaked memory
==3200== 
==3200== For lists of detected and suppressed errors, rerun with: -s
==3200== ERROR SUMMARY: 0 errors from 0 contexts (suppressed: 0 from 0)
Running valgrind on ./maps/bad/player_none.cub...

[0;31m Error:[Map validation] invalid number of player 
[0m [0;34mN[0;34mO[0;34m [0;34mt[0;34me[0;34mx[0;34mt[0;34mu[0;34mr[0;34me[0;34ms[0;34m/[0;34mt[0;34me[0;34ms[0;34mt[0;34m/[0;34mn[0;34mo[0;34mr[0;34mt[0;34mh[0;34m.[0;34mx[0;34mp[0;34mm
[0m[0;34mS[0;34mO[0;34m [0;34mt[0;34me[0;34mx[0;34mt[0;34mu[0;34mr[0;34me[0;34ms[0;34m/[0;34mt[0;34me[0;34ms[0;34mt[0;34m/[0;34ms[0;34mo[0;34mu[0;34mt[0;34mh[0;34m.[0;34mx[0;34mp[0;34mm
[0m[0;34mW[0;34mE[0;34m [0;34mt[0;34me[0;34mx[0;34mt[0;34mu[0;34mr[0;34me[0;34ms[0;34m/[0;34mt[0;34me[0;34ms[0;34mt[0;34m/[0;34mw[0;34me[0;34ms[0;34mt[0;34m.[0;34mx[0;34mp[0;34mm
[0m[0;34mE[0;34mA[0;34m [0;34mt[0;34me[0;34mx[0;34mt[0;34mu[0;34mr[0;34me[0;34ms[0;34m/[0;34mt[0;34me[0;34ms[0;34mt[0;34m/[0;34me[0;34ma[0;34ms[0;34mt[0;34m.[0;34mx[0;34mp[0;34mm
[0m
[0m[0;34mF[0;34m [0;34m2[0;34m0[0;34m,[0;34m2[0;34m0[0;34m,[0;34m2[0;34m0
[0m[0;34mC[0;34m [0;34m2[0;34m0[0;34m0[0;34m,[0;34m2[0;34m0[0;34m0[0;34m,[0;34m2[0;34m0[0;34m0
[0m
[0m[0;34m1[0;34m1[0;34m1[0;34m1[0;34m1
[0m[0;34m1[0;34m0[0;34m0[0;34m0[0;34m1
[0m[0;34m1[0;34m0[0;34m0[0;34m0[0;34m1
[0m[0;34m1[0;34m0[0;34m0[0;34m0[0;34m1
[0m[0;34m1[0;34m0[0;34m0[0;34m0[0;34m1
[0m[0;34m1[0;34m0[0;34m0[0;34m0[0;34m1
[0m[0;34m1[0;34m1[0;34m0[0;34m0[0;34m1
[0m[0;34m1[0;34m0[0;34m0[0;34m0[0;34m1
[0m[0;34m1[0;34m0[0;34m0[0;34m0[0;34m1
[0m[0;34m1[0;34m0[0;34m0[0;34m0[0;34m1
[0m[0;34m1[0;34m0[0;34m0[0;34m0[0;34m1
[0m[0;34m1[0;34m0[0;34m0[0;34m0[0;34m1
[0m[0;34m1[0;34m1[0;34m1[0;34m1[0;34m1
[0mExit code: 1
‚ö†Ô∏è No Valgrind alerts, but with leaks[0m  
==3203== Memcheck, a memory error detector
==3203== Copyright (C) 2002-2022, and GNU GPL'd, by Julian Seward et al.
==3203== Using Valgrind-3.22.0 and LibVEX; rerun with -h for copyright info
==3203== Command: ./cub3d ./maps/bad/player_none.cub
==3203== Parent PID: 3105
==3203== 
==3203== 
==3203== HEAP SUMMARY:
==3203==     in use at exit: 598 bytes in 36 blocks
==3203==   total heap usage: 126 allocs, 90 frees, 7,925 bytes allocated
==3203== 
==3203== LEAK SUMMARY:
==3203==    definitely lost: 288 bytes in 2 blocks
==3203==    indirectly lost: 310 bytes in 34 blocks
==3203==      possibly lost: 0 bytes in 0 blocks
==3203==    still reachable: 0 bytes in 0 blocks
==3203==         suppressed: 0 bytes in 0 blocks
==3203== Rerun with --leak-check=full to see details of leaked memory
==3203== 
==3203== For lists of detected and suppressed errors, rerun with: -s
==3203== ERROR SUMMARY: 0 errors from 0 contexts (suppressed: 0 from 0)
Running valgrind on ./maps/bad/player_on_edge.cub...

[0;31m Error:[Walls check] incorrect horizontal walls
[0m [0;34mN[0;34mO[0;34m [0;34mt[0;34me[0;34mx[0;34mt[0;34mu[0;34mr[0;34me[0;34ms[0;34m/[0;34mt[0;34me[0;34ms[0;34mt[0;34m/[0;34mn[0;34mo[0;34mr[0;34mt[0;34mh[0;34m.[0;34mx[0;34mp[0;34mm
[0m[0;34mS[0;34mO[0;34m [0;34mt[0;34me[0;34mx[0;34mt[0;34mu[0;34mr[0;34me[0;34ms[0;34m/[0;34mt[0;34me[0;34ms[0;34mt[0;34m/[0;34ms[0;34mo[0;34mu[0;34mt[0;34mh[0;34m.[0;34mx[0;34mp[0;34mm
[0m[0;34mW[0;34mE[0;34m [0;34mt[0;34me[0;34mx[0;34mt[0;34mu[0;34mr[0;34me[0;34ms[0;34m/[0;34mt[0;34me[0;34ms[0;34mt[0;34m/[0;34mw[0;34me[0;34ms[0;34mt[0;34m.[0;34mx[0;34mp[0;34mm
[0m[0;34mE[0;34mA[0;34m [0;34mt[0;34me[0;34mx[0;34mt[0;34mu[0;34mr[0;34me[0;34ms[0;34m/[0;34mt[0;34me[0;34ms[0;34mt[0;34m/[0;34me[0;34ma[0;34ms[0;34mt[0;34m.[0;34mx[0;34mp[0;34mm
[0m
[0m[0;34mF[0;34m [0;34m2[0;34m0[0;34m,[0;34m2[0;34m0[0;34m,[0;34m2[0;34m0
[0m[0;34mC[0;34m [0;34m2[0;34m0[0;34m0[0;34m,[0;34m2[0;34m0[0;34m0[0;34m,[0;34m2[0;34m0[0;34m0
[0m
[0m[0;34m1[0;34mS[0;34m1[0;34m1[0;34m1
[0m[0;34m1[0;34m0[0;34m0[0;34m0[0;34m1
[0m[0;34m1[0;34m0[0;34m0[0;34m0[0;34m1
[0m[0;34m1[0;34m0[0;34m0[0;34m0[0;34m1
[0m[0;34m1[0;34m0[0;34m0[0;34m0[0;34m1
[0m[0;34m1[0;34m0[0;34m0[0;34m0[0;34m1
[0m[0;34m1[0;34m1[0;34m0[0;34m0[0;34m1
[0m[0;34m1[0;34m0[0;34m0[0;34m0[0;34m1
[0m[0;34m1[0;34m0[0;34m0[0;34m0[0;34m1
[0m[0;34m1[0;34m0[0;34m0[0;34m0[0;34m1
[0m[0;34m1[0;34m0[0;34m0[0;34m0[0;34m1
[0m[0;34m1[0;34m0[0;34m0[0;34m0[0;34m1
[0m[0;34m1[0;34m1[0;34m1[0;34m1[0;34m1
[0mExit code: 1
‚ö†Ô∏è No Valgrind alerts, but with leaks[0m  
==3206== Memcheck, a memory error detector
==3206== Copyright (C) 2002-2022, and GNU GPL'd, by Julian Seward et al.
==3206== Using Valgrind-3.22.0 and LibVEX; rerun with -h for copyright info
==3206== Command: ./cub3d ./maps/bad/player_on_edge.cub
==3206== Parent PID: 3105
==3206== 
==3206== 
==3206== HEAP SUMMARY:
==3206==     in use at exit: 598 bytes in 36 blocks
==3206==   total heap usage: 126 allocs, 90 frees, 7,925 bytes allocated
==3206== 
==3206== LEAK SUMMARY:
==3206==    definitely lost: 288 bytes in 2 blocks
==3206==    indirectly lost: 310 bytes in 34 blocks
==3206==      possibly lost: 0 bytes in 0 blocks
==3206==    still reachable: 0 bytes in 0 blocks
==3206==         suppressed: 0 bytes in 0 blocks
==3206== Rerun with --leak-check=full to see details of leaked memory
==3206== 
==3206== For lists of detected and suppressed errors, rerun with: -s
==3206== ERROR SUMMARY: 0 errors from 0 contexts (suppressed: 0 from 0)
Running valgrind on ./maps/bad/textures_dir.cub...
Starting Valgrind tests...
Running valgrind on ./maps/bad/color_invalid_rgb.cub...

[0;31m Error:[Texture verification] file is not found
[0m [0;34mN[0;34mO[0;34m [0;34mt[0;34me[0;34mx[0;34mt[0;34mu[0;34mr[0;34me[0;34ms[0;34m/[0;34mt[0;34me[0;34ms[0;34mt[0;34m/[0;34mn[0;34mo[0;34mr[0;34mt[0;34mh[0;34m.[0;34mx[0;34mp[0;34mm
[0m[0;34mS[0;34mO[0;34m [0;34mt[0;34me[0;34mx[0;34mt[0;34mu[0;34mr[0;34me[0;34ms[0;34m/[0;34mt[0;34me[0;34ms[0;34mt[0;34m/[0;34ms[0;34mo[0;34mu[0;34mt[0;34mh[0;34m.[0;34mx[0;34mp[0;34mm
[0m[0;34mW[0;34mE[0;34m [0;34mt[0;34me[0;34mx[0;34mt[0;34mu[0;34mr[0;34me[0;34ms[0;34m/[0;34mt[0;34me[0;34ms[0;34mt[0;34m/[0;34mw[0;34me[0;34ms[0;34mt[0;34m.[0;34mx[0;34mp[0;34mm
[0m[0;34mE[0;34mA[0;34m [0;34mt[0;34me[0;34mx[0;34mt[0;34mu[0;34mr[0;34me[0;34ms[0;34m/[0;34mt[0;34me[0;34ms[0;34mt[0;34m/[0;34me[0;34ma[0;34ms[0;34mt[0;34m.[0;34mx[0;34mp[0;34mm
[0m
[0m[0;34mF[0;34m [0;34m2[0;34m0[0;34m,[0;34m2[0;34m0[0;34m,[0;34m-[0;34m2[0;34m0
[0m[0;34mC[0;34m [0;34m2[0;34m0[0;34m0[0;34m,[0;34m2[0;34m0[0;34m0[0;34m,[0;34m2[0;34m0[0;34m0
[0m
[0m[0;34m1[0;34m1[0;34m1[0;34m1[0;34m1
[0m[0;34m1[0;34m0[0;34m0[0;34m0[0;34m1
[0m[0;34m1[0;34m0[0;34mS[0;34m0[0;34m1
[0m[0;34m1[0;34m0[0;34m0[0;34m0[0;34m1
[0m[0;34m1[0;34m0[0;34m0[0;34m0[0;34m1
[0m[0;34m1[0;34m0[0;34m0[0;34m0[0;34m1
[0m[0;34m1[0;34m1[0;34m0[0;34m0[0;34m1
[0m[0;34m1[0;34m0[0;34m0[0;34m0[0;34m1
[0m[0;34m1[0;34m0[0;34m0[0;34m0[0;34m1
[0m[0;34m1[0;34m0[0;34m0[0;34m0[0;34m1
[0m[0;34m1[0;34m0[0;34m0[0;34m0[0;34m1
[0m[0;34m1[0;34m0[0;34m0[0;34m0[0;34m1
[0m[0;34m1[0;34m1[0;34m1[0;34m1[0;34m1
[0mExit code: 1
‚ö†Ô∏è No Valgrind alerts, but with leaks[0m  
==3325== Memcheck, a memory error detector
==3325== Copyright (C) 2002-2022, and GNU GPL'd, by Julian Seward et al.
==3325== Using Valgrind-3.22.0 and LibVEX; rerun with -h for copyright info
==3325== Command: ./cub3d ./maps/bad/color_invalid_rgb.cub
==3325== Parent PID: 3323
==3325== 
==3325== 
==3325== HEAP SUMMARY:
==3325==     in use at exit: 693 bytes in 40 blocks
==3325==   total heap usage: 130 allocs, 90 frees, 8,005 bytes allocated
==3325== 
==3325== LEAK SUMMARY:
==3325==    definitely lost: 382 bytes in 6 blocks
==3325==    indirectly lost: 311 bytes in 34 blocks
==3325==      possibly lost: 0 bytes in 0 blocks
==3325==    still reachable: 0 bytes in 0 blocks
==3325==         suppressed: 0 bytes in 0 blocks
==3325== Rerun with --leak-check=full to see details of leaked memory
==3325== 
==3325== For lists of detected and suppressed errors, rerun with: -s
==3325== ERROR SUMMARY: 0 errors from 0 contexts (suppressed: 0 from 0)
Running valgrind on ./maps/bad/color_missing_ceiling_rgb.cub...

[0;31m Error:[Texture verification] file is not found
[0m [0;34mN[0;34mO[0;34m [0;34mt[0;34me[0;34mx[0;34mt[0;34mu[0;34mr[0;34me[0;34ms[0;34m/[0;34mt[0;34me[0;34ms[0;34mt[0;34m/[0;34mn[0;34mo[0;34mr[0;34mt[0;34mh[0;34m.[0;34mx[0;34mp[0;34mm
[0m[0;34mS[0;34mO[0;34m [0;34mt[0;34me[0;34mx[0;34mt[0;34mu[0;34mr[0;34me[0;34ms[0;34m/[0;34mt[0;34me[0;34ms[0;34mt[0;34m/[0;34ms[0;34mo[0;34mu[0;34mt[0;34mh[0;34m.[0;34mx[0;34mp[0;34mm
[0m[0;34mW[0;34mE[0;34m [0;34mt[0;34me[0;34mx[0;34mt[0;34mu[0;34mr[0;34me[0;34ms[0;34m/[0;34mt[0;34me[0;34ms[0;34mt[0;34m/[0;34mw[0;34me[0;34ms[0;34mt[0;34m.[0;34mx[0;34mp[0;34mm
[0m[0;34mE[0;34mA[0;34m [0;34mt[0;34me[0;34mx[0;34mt[0;34mu[0;34mr[0;34me[0;34ms[0;34m/[0;34mt[0;34me[0;34ms[0;34mt[0;34m/[0;34me[0;34ma[0;34ms[0;34mt[0;34m.[0;34mx[0;34mp[0;34mm
[0m
[0m[0;34mF[0;34m [0;34m2[0;34m0[0;34m,[0;34m2[0;34m0[0;34m,[0;34m2[0;34m0
[0m[0;34mC[0;34m [0;34m2[0;34m0[0;34m0[0;34m,[0;34m2[0;34m0[0;34m0[0;34m,
[0m
[0m[0;34m1[0;34m1[0;34m1[0;34m1[0;34m1
[0m[0;34m1[0;34m0[0;34m0[0;34m0[0;34m1
[0m[0;34m1[0;34m0[0;34mS[0;34m0[0;34m1
[0m[0;34m1[0;34m0[0;34m0[0;34m0[0;34m1
[0m[0;34m1[0;34m0[0;34m0[0;34m0[0;34m1
[0m[0;34m1[0;34m0[0;34m0[0;34m0[0;34m1
[0m[0;34m1[0;34m1[0;34m0[0;34m0[0;34m1
[0m[0;34m1[0;34m0[0;34m0[0;34m0[0;34m1
[0m[0;34m1[0;34m0[0;34m0[0;34m0[0;34m1
[0m[0;34m1[0;34m0[0;34m0[0;34m0[0;34m1
[0m[0;34m1[0;34m0[0;34m0[0;34m0[0;34m1
[0m[0;34m1[0;34m0[0;34m0[0;34m0[0;34m1
[0m[0;34m1[0;34m1[0;34m1[0;34m1[0;34m1
[0mExit code: 1
‚ö†Ô∏è No Valgrind alerts, but with leaks[0m  
==3328== Memcheck, a memory error detector
==3328== Copyright (C) 2002-2022, and GNU GPL'd, by Julian Seward et al.
==3328== Using Valgrind-3.22.0 and LibVEX; rerun with -h for copyright info
==3328== Command: ./cub3d ./maps/bad/color_missing_ceiling_rgb.cub
==3328== Parent PID: 3323
==3328== 
==3328== 
==3328== HEAP SUMMARY:
==3328==     in use at exit: 689 bytes in 40 blocks
==3328==   total heap usage: 130 allocs, 90 frees, 7,973 bytes allocated
==3328== 
==3328== LEAK SUMMARY:
==3328==    definitely lost: 382 bytes in 6 blocks
==3328==    indirectly lost: 307 bytes in 34 blocks
==3328==      possibly lost: 0 bytes in 0 blocks
==3328==    still reachable: 0 bytes in 0 blocks
==3328==         suppressed: 0 bytes in 0 blocks
==3328== Rerun with --leak-check=full to see details of leaked memory
==3328== 
==3328== For lists of detected and suppressed errors, rerun with: -s
==3328== ERROR SUMMARY: 0 errors from 0 contexts (suppressed: 0 from 0)
Running valgrind on ./maps/bad/color_missing.cub...

[0;31m Error:[Texture verification] file is not found
[0m [0;34mN[0;34mO[0;34m [0;34mt[0;34me[0;34mx[0;34mt[0;34mu[0;34mr[0;34me[0;34ms[0;34m/[0;34mt[0;34me[0;34ms[0;34mt[0;34m/[0;34mn[0;34mo[0;34mr[0;34mt[0;34mh[0;34m.[0;34mx[0;34mp[0;34mm
[0m[0;34mS[0;34mO[0;34m [0;34mt[0;34me[0;34mx[0;34mt[0;34mu[0;34mr[0;34me[0;34ms[0;34m/[0;34mt[0;34me[0;34ms[0;34mt[0;34m/[0;34ms[0;34mo[0;34mu[0;34mt[0;34mh[0;34m.[0;34mx[0;34mp[0;34mm
[0m[0;34mW[0;34mE[0;34m [0;34mt[0;34me[0;34mx[0;34mt[0;34mu[0;34mr[0;34me[0;34ms[0;34m/[0;34mt[0;34me[0;34ms[0;34mt[0;34m/[0;34mw[0;34me[0;34ms[0;34mt[0;34m.[0;34mx[0;34mp[0;34mm
[0m[0;34mE[0;34mA[0;34m [0;34mt[0;34me[0;34mx[0;34mt[0;34mu[0;34mr[0;34me[0;34ms[0;34m/[0;34mt[0;34me[0;34ms[0;34mt[0;34m/[0;34me[0;34ma[0;34ms[0;34mt[0;34m.[0;34mx[0;34mp[0;34mm
[0m
[0m[0;34mC[0;34m [0;34m2[0;34m0[0;34m0[0;34m,[0;34m2[0;34m0[0;34m0[0;34m,[0;34m2[0;34m0[0;34m0
[0m
[0m[0;34m1[0;34m1[0;34m1[0;34m1[0;34m1
[0m[0;34m1[0;34m0[0;34m0[0;34m0[0;34m1
[0m[0;34m1[0;34m0[0;34mS[0;34m0[0;34m1
[0m[0;34m1[0;34m0[0;34m0[0;34m0[0;34m1
[0m[0;34m1[0;34m0[0;34m0[0;34m0[0;34m1
[0m[0;34m1[0;34m0[0;34m0[0;34m0[0;34m1
[0m[0;34m1[0;34m1[0;34m0[0;34m0[0;34m1
[0m[0;34m1[0;34m0[0;34m0[0;34m0[0;34m1
[0m[0;34m1[0;34m0[0;34m0[0;34m0[0;34m1
[0m[0;34m1[0;34m0[0;34m0[0;34m0[0;34m1
[0m[0;34m1[0;34m0[0;34m0[0;34m0[0;34m1
[0m[0;34m1[0;34m0[0;34m0[0;34m0[0;34m1
[0m[0;34m1[0;34m1[0;34m1[0;34m1[0;34m1
[0mExit code: 1
‚ö†Ô∏è No Valgrind alerts, but with leaks[0m  
==3350== Memcheck, a memory error detector
==3350== Copyright (C) 2002-2022, and GNU GPL'd, by Julian Seward et al.
==3350== Using Valgrind-3.22.0 and LibVEX; rerun with -h for copyright info
==3350== Command: ./cub3d ./maps/bad/color_missing.cub
==3350== Parent PID: 3323
==3350== 
==3350== 
==3350== HEAP SUMMARY:
==3350==     in use at exit: 672 bytes in 39 blocks
==3350==   total heap usage: 126 allocs, 87 frees, 7,808 bytes allocated
==3350== 
==3350== LEAK SUMMARY:
==3350==    definitely lost: 374 bytes in 6 blocks
==3350==    indirectly lost: 298 bytes in 33 blocks
==3350==      possibly lost: 0 bytes in 0 blocks
==3350==    still reachable: 0 bytes in 0 blocks
==3350==         suppressed: 0 bytes in 0 blocks
==3350== Rerun with --leak-check=full to see details of leaked memory
==3350== 
==3350== For lists of detected and suppressed errors, rerun with: -s
==3350== ERROR SUMMARY: 0 errors from 0 contexts (suppressed: 0 from 0)
Running valgrind on ./maps/bad/color_missing_floor_rgb.cub...

[0;31m Error:[Texture verification] file is not found
[0m [0;34mN[0;34mO[0;34m [0;34mt[0;34me[0;34mx[0;34mt[0;34mu[0;34mr[0;34me[0;34ms[0;34m/[0;34mt[0;34me[0;34ms[0;34mt[0;34m/[0;34mn[0;34mo[0;34mr[0;34mt[0;34mh[0;34m.[0;34mx[0;34mp[0;34mm
[0m[0;34mS[0;34mO[0;34m [0;34mt[0;34me[0;34mx[0;34mt[0;34mu[0;34mr[0;34me[0;34ms[0;34m/[0;34mt[0;34me[0;34ms[0;34mt[0;34m/[0;34ms[0;34mo[0;34mu[0;34mt[0;34mh[0;34m.[0;34mx[0;34mp[0;34mm
[0m[0;34mW[0;34mE[0;34m [0;34mt[0;34me[0;34mx[0;34mt[0;34mu[0;34mr[0;34me[0;34ms[0;34m/[0;34mt[0;34me[0;34ms[0;34mt[0;34m/[0;34mw[0;34me[0;34ms[0;34mt[0;34m.[0;34mx[0;34mp[0;34mm
[0m[0;34mE[0;34mA[0;34m [0;34mt[0;34me[0;34mx[0;34mt[0;34mu[0;34mr[0;34me[0;34ms[0;34m/[0;34mt[0;34me[0;34ms[0;34mt[0;34m/[0;34me[0;34ma[0;34ms[0;34mt[0;34m.[0;34mx[0;34mp[0;34mm
[0m
[0m[0;34mF[0;34m [0;34m2[0;34m0[0;34m,[0;34m2[0;34m0
[0m[0;34mC[0;34m [0;34m2[0;34m0[0;34m0[0;34m,[0;34m2[0;34m0[0;34m0[0;34m,[0;34m2[0;34m0[0;34m0
[0m
[0m[0;34m1[0;34m1[0;34m1[0;34m1[0;34m1
[0m[0;34m1[0;34m0[0;34m0[0;34m0[0;34m1
[0m[0;34m1[0;34m0[0;34mS[0;34m0[0;34m1
[0m[0;34m1[0;34m0[0;34m0[0;34m0[0;34m1
[0m[0;34m1[0;34m0[0;34m0[0;34m0[0;34m1
[0m[0;34m1[0;34m0[0;34m0[0;34m0[0;34m1
[0m[0;34m1[0;34m1[0;34m0[0;34m0[0;34m1
[0m[0;34m1[0;34m0[0;34m0[0;34m0[0;34m1
[0m[0;34m1[0;34m0[0;34m0[0;34m0[0;34m1
[0m[0;34m1[0;34m0[0;34m0[0;34m0[0;34m1
[0m[0;34m1[0;34m0[0;34m0[0;34m0[0;34m1
[0m[0;34m1[0;34m0[0;34m0[0;34m0[0;34m1
[0m[0;34m1[0;34m1[0;34m1[0;34m1[0;34m1
[0mExit code: 1
‚ö†Ô∏è No Valgrind alerts, but with leaks[0m  
==3353== Memcheck, a memory error detector
==3353== Copyright (C) 2002-2022, and GNU GPL'd, by Julian Seward et al.
==3353== Using Valgrind-3.22.0 and LibVEX; rerun with -h for copyright info
==3353== Command: ./cub3d ./maps/bad/color_missing_floor_rgb.cub
==3353== Parent PID: 3323
==3353== 
==3353== 
==3353== HEAP SUMMARY:
==3353==     in use at exit: 689 bytes in 40 blocks
==3353==   total heap usage: 130 allocs, 90 frees, 7,979 bytes allocated
==3353== 
==3353== LEAK SUMMARY:
==3353==    definitely lost: 382 bytes in 6 blocks
==3353==    indirectly lost: 307 bytes in 34 blocks
==3353==      possibly lost: 0 bytes in 0 blocks
==3353==    still reachable: 0 bytes in 0 blocks
==3353==         suppressed: 0 bytes in 0 blocks
==3353== Rerun with --leak-check=full to see details of leaked memory
==3353== 
==3353== For lists of detected and suppressed errors, rerun with: -s
==3353== ERROR SUMMARY: 0 errors from 0 contexts (suppressed: 0 from 0)
Running valgrind on ./maps/bad/color_none.cub...

[0;31m Error:[Texture verification] file is not found
[0m [0;34mN[0;34mO[0;34m [0;34mt[0;34me[0;34mx[0;34mt[0;34mu[0;34mr[0;34me[0;34ms[0;34m/[0;34mt[0;34me[0;34ms[0;34mt[0;34m/[0;34mn[0;34mo[0;34mr[0;34mt[0;34mh[0;34m.[0;34mx[0;34mp[0;34mm
[0m[0;34mS[0;34mO[0;34m [0;34mt[0;34me[0;34mx[0;34mt[0;34mu[0;34mr[0;34me[0;34ms[0;34m/[0;34mt[0;34me[0;34ms[0;34mt[0;34m/[0;34ms[0;34mo[0;34mu[0;34mt[0;34mh[0;34m.[0;34mx[0;34mp[0;34mm
[0m[0;34mW[0;34mE[0;34m [0;34mt[0;34me[0;34mx[0;34mt[0;34mu[0;34mr[0;34me[0;34ms[0;34m/[0;34mt[0;34me[0;34ms[0;34mt[0;34m/[0;34mw[0;34me[0;34ms[0;34mt[0;34m.[0;34mx[0;34mp[0;34mm
[0m[0;34mE[0;34mA[0;34m [0;34mt[0;34me[0;34mx[0;34mt[0;34mu[0;34mr[0;34me[0;34ms[0;34m/[0;34mt[0;34me[0;34ms[0;34mt[0;34m/[0;34me[0;34ma[0;34ms[0;34mt[0;34m.[0;34mx[0;34mp[0;34mm
[0m
[0m[0;34m1[0;34m1[0;34m1[0;34m1[0;34m1
[0m[0;34m1[0;34m0[0;34m0[0;34m0[0;34m1
[0m[0;34m1[0;34m0[0;34mS[0;34m0[0;34m1
[0m[0;34m1[0;34m0[0;34m0[0;34m0[0;34m1
[0m[0;34m1[0;34m0[0;34m0[0;34m0[0;34m1
[0m[0;34m1[0;34m0[0;34m0[0;34m0[0;34m1
[0m[0;34m1[0;34m1[0;34m0[0;34m0[0;34m1
[0m[0;34m1[0;34m0[0;34m0[0;34m0[0;34m1
[0m[0;34m1[0;34m0[0;34m0[0;34m0[0;34m1
[0m[0;34m1[0;34m0[0;34m0[0;34m0[0;34m1
[0m[0;34m1[0;34m0[0;34m0[0;34m0[0;34m1
[0m[0;34m1[0;34m0[0;34m0[0;34m0[0;34m1
[0m[0;34m1[0;34m1[0;34m1[0;34m1[0;34m1
[0mExit code: 1
‚ö†Ô∏è No Valgrind alerts, but with leaks[0m  
==3377== Memcheck, a memory error detector
==3377== Copyright (C) 2002-2022, and GNU GPL'd, by Julian Seward et al.
==3377== Using Valgrind-3.22.0 and LibVEX; rerun with -h for copyright info
==3377== Command: ./cub3d ./maps/bad/color_none.cub
==3377== Parent PID: 3323
==3377== 
==3377== 
==3377== HEAP SUMMARY:
==3377==     in use at exit: 639 bytes in 37 blocks
==3377==   total heap usage: 117 allocs, 80 frees, 7,292 bytes allocated
==3377== 
==3377== LEAK SUMMARY:
==3377==    definitely lost: 358 bytes in 6 blocks
==3377==    indirectly lost: 281 bytes in 31 blocks
==3377==      possibly lost: 0 bytes in 0 blocks
==3377==    still reachable: 0 bytes in 0 blocks
==3377==         suppressed: 0 bytes in 0 blocks
==3377== Rerun with --leak-check=full to see details of leaked memory
==3377== 
==3377== For lists of detected and suppressed errors, rerun with: -s
==3377== ERROR SUMMARY: 0 errors from 0 contexts (suppressed: 0 from 0)
Running valgrind on ./maps/bad/empty.cub...
[0;31m Error:[Read file] file is empty
[0m Exit code: 1
[0;32m‚úÖ No Valgrind alerts, no leaks[0m  
==3380== Memcheck, a memory error detector
==3380== Copyright (C) 2002-2022, and GNU GPL'd, by Julian Seward et al.
==3380== Using Valgrind-3.22.0 and LibVEX; rerun with -h for copyright info
==3380== Command: ./cub3d ./maps/bad/empty.cub
==3380== Parent PID: 3323
==3380== 
==3380== 
==3380== HEAP SUMMARY:
==3380==     in use at exit: 0 bytes in 0 blocks
==3380==   total heap usage: 5 allocs, 5 frees, 170 bytes allocated
==3380== 
==3380== All heap blocks were freed -- no leaks are possible
==3380== 
==3380== For lists of detected and suppressed errors, rerun with: -s
==3380== ERROR SUMMARY: 0 errors from 0 contexts (suppressed: 0 from 0)
Running valgrind on ./maps/bad/file_letter_end.cub...

[0;31m Error:[Map check in file] Empty line found
[0m [0;34mN[0;34mO[0;34m [0;34mt[0;34me[0;34mx[0;34mt[0;34mu[0;34mr[0;34me[0;34ms[0;34m/[0;34mt[0;34me[0;34ms[0;34mt[0;34m/[0;34mn[0;34mo[0;34mr[0;34mt[0;34mh[0;34m.[0;34mx[0;34mp[0;34mm
[0m[0;34mS[0;34mO[0;34m [0;34mt[0;34me[0;34mx[0;34mt[0;34mu[0;34mr[0;34me[0;34ms[0;34m/[0;34mt[0;34me[0;34ms[0;34mt[0;34m/[0;34ms[0;34mo[0;34mu[0;34mt[0;34mh[0;34m.[0;34mx[0;34mp[0;34mm
[0m[0;34mW[0;34mE[0;34m [0;34mt[0;34me[0;34mx[0;34mt[0;34mu[0;34mr[0;34me[0;34ms[0;34m/[0;34mt[0;34me[0;34ms[0;34mt[0;34m/[0;34mw[0;34me[0;34ms[0;34mt[0;34m.[0;34mx[0;34mp[0;34mm
[0m[0;34mE[0;34mA[0;34m [0;34mt[0;34me[0;34mx[0;34mt[0;34mu[0;34mr[0;34me[0;34ms[0;34m/[0;34mt[0;34me[0;34ms[0;34mt[0;34m/[0;34me[0;34ma[0;34ms[0;34mt[0;34m.[0;34mx[0;34mp[0;34mm
[0m
[0m[0;34mF[0;34m [0;34m2[0;34m0[0;34m,[0;34m2[0;34m0[0;34m,[0;34m2[0;34m0
[0m[0;34mC[0;34m [0;34m2[0;34m0[0;34m0[0;34m,[0;34m2[0;34m0[0;34m0[0;34m,[0;34m2[0;34m0[0;34m0
[0m
[0m[0;34m1[0;34m1[0;34m1[0;34m1[0;34m1
[0m[0;34m1[0;34m0[0;34m0[0;34m0[0;34m1
[0m[0;34m1[0;34m0[0;34mS[0;34m0[0;34m1
[0m[0;34m1[0;34m0[0;34m0[0;34m0[0;34m1
[0m[0;34m1[0;34m0[0;34m0[0;34m0[0;34m1
[0m[0;34m1[0;34m0[0;34m0[0;34m0[0;34m1
[0m[0;34m1[0;34m1[0;34m0[0;34m0[0;34m1
[0m[0;34m1[0;34m0[0;34m0[0;34m0[0;34m1
[0m[0;34m1[0;34m0[0;34m0[0;34m0[0;34m1
[0m[0;34m1[0;34m0[0;34m0[0;34m0[0;34m1
[0m[0;34m1[0;34m0[0;34m0[0;34m0[0;34m1
[0m[0;34m1[0;34m0[0;34m0[0;34m0[0;34m1
[0m[0;34m1[0;34m1[0;34m1[0;34m1[0;34m1
[0m
[0m
[0m
[0m
[0m
[0m
[0m
[0m
[0m
[0m
[0m
[0m
[0m
[0m[0;34m1
[0mExit code: 1
‚ö†Ô∏è No Valgrind alerts, but with leaks[0m  
==3383== Memcheck, a memory error detector
==3383== Copyright (C) 2002-2022, and GNU GPL'd, by Julian Seward et al.
==3383== Using Valgrind-3.22.0 and LibVEX; rerun with -h for copyright info
==3383== Command: ./cub3d ./maps/bad/file_letter_end.cub
==3383== Parent PID: 3323
==3383== 
==3383== 
==3383== HEAP SUMMARY:
==3383==     in use at exit: 549 bytes in 36 blocks
==3383==   total heap usage: 156 allocs, 120 frees, 11,449 bytes allocated
==3383== 
==3383== LEAK SUMMARY:
==3383==    definitely lost: 288 bytes in 1 blocks
==3383==    indirectly lost: 261 bytes in 35 blocks
==3383==      possibly lost: 0 bytes in 0 blocks
==3383==    still reachable: 0 bytes in 0 blocks
==3383==         suppressed: 0 bytes in 0 blocks
==3383== Rerun with --leak-check=full to see details of leaked memory
==3383== 
==3383== For lists of detected and suppressed errors, rerun with: -s
==3383== ERROR SUMMARY: 0 errors from 0 contexts (suppressed: 0 from 0)
Running valgrind on ./maps/bad/filetype_missing...
[0;31m Error:[Check args] no map or invalid map extension
[0m Exit code: 1
[0;32m‚úÖ No Valgrind alerts, no leaks[0m  
==3386== Memcheck, a memory error detector
==3386== Copyright (C) 2002-2022, and GNU GPL'd, by Julian Seward et al.
==3386== Using Valgrind-3.22.0 and LibVEX; rerun with -h for copyright info
==3386== Command: ./cub3d ./maps/bad/filetype_missing
==3386== Parent PID: 3323
==3386== 
==3386== 
==3386== HEAP SUMMARY:
==3386==     in use at exit: 0 bytes in 0 blocks
==3386==   total heap usage: 3 allocs, 3 frees, 144 bytes allocated
==3386== 
==3386== All heap blocks were freed -- no leaks are possible
==3386== 
==3386== For lists of detected and suppressed errors, rerun with: -s
==3386== ERROR SUMMARY: 0 errors from 0 contexts (suppressed: 0 from 0)
Running valgrind on ./maps/bad/filetype_wrong.buc...
[0;31m Error:[Check args] no map or invalid map extension
[0m Exit code: 1
[0;32m‚úÖ No Valgrind alerts, no leaks[0m  
==3389== Memcheck, a memory error detector
==3389== Copyright (C) 2002-2022, and GNU GPL'd, by Julian Seward et al.
==3389== Using Valgrind-3.22.0 and LibVEX; rerun with -h for copyright info
==3389== Command: ./cub3d ./maps/bad/filetype_wrong.buc
==3389== Parent PID: 3323
==3389== 
==3389== 
==3389== HEAP SUMMARY:
==3389==     in use at exit: 0 bytes in 0 blocks
==3389==   total heap usage: 3 allocs, 3 frees, 144 bytes allocated
==3389== 
==3389== All heap blocks were freed -- no leaks are possible
==3389== 
==3389== For lists of detected and suppressed errors, rerun with: -s
==3389== ERROR SUMMARY: 0 errors from 0 contexts (suppressed: 0 from 0)
Running valgrind on ./maps/bad/map_first.cub...

[0;31m Error:[Map start] No map or incorrect placement
[0m [0;34m1[0;34m1[0;34m1[0;34m1[0;34m1
[0m[0;34m1[0;34m0[0;34m0[0;34m0[0;34m1
[0m[0;34m1[0;34m0[0;34mS[0;34m0[0;34m1
[0m[0;34m1[0;34m0[0;34m0[0;34m0[0;34m1
[0m[0;34m1[0;34m0[0;34m0[0;34m0[0;34m1
[0m[0;34m1[0;34m0[0;34m0[0;34m0[0;34m1
[0m[0;34m1[0;34m1[0;34m0[0;34m0[0;34m1
[0m[0;34m1[0;34m0[0;34m0[0;34m0[0;34m1
[0m[0;34m1[0;34m0[0;34m0[0;34m0[0;34m1
[0m[0;34m1[0;34m0[0;34m0[0;34m0[0;34m1
[0m[0;34m1[0;34m0[0;34m0[0;34m0[0;34m1
[0m[0;34m1[0;34m0[0;34m0[0;34m0[0;34m1
[0m[0;34m1[0;34m1[0;34m1[0;34m1[0;34m1
[0m
[0m[0;34mN[0;34mO[0;34m [0;34mt[0;34me[0;34mx[0;34mt[0;34mu[0;34mr[0;34me[0;34ms[0;34m/[0;34mt[0;34me[0;34ms[0;34mt[0;34m/[0;34mn[0;34mo[0;34mr[0;34mt[0;34mh[0;34m.[0;34mx[0;34mp[0;34mm
[0m[0;34mS[0;34mO[0;34m [0;34mt[0;34me[0;34mx[0;34mt[0;34mu[0;34mr[0;34me[0;34ms[0;34m/[0;34mt[0;34me[0;34ms[0;34mt[0;34m/[0;34ms[0;34mo[0;34mu[0;34mt[0;34mh[0;34m.[0;34mx[0;34mp[0;34mm
[0m[0;34mW[0;34mE[0;34m [0;34mt[0;34me[0;34mx[0;34mt[0;34mu[0;34mr[0;34me[0;34ms[0;34m/[0;34mt[0;34me[0;34ms[0;34mt[0;34m/[0;34mw[0;34me[0;34ms[0;34mt[0;34m.[0;34mx[0;34mp[0;34mm
[0m[0;34mE[0;34mA[0;34m [0;34mt[0;34me[0;34mx[0;34mt[0;34mu[0;34mr[0;34me[0;34ms[0;34m/[0;34mt[0;34me[0;34ms[0;34mt[0;34m/[0;34me[0;34ma[0;34ms[0;34mt[0;34m.[0;34mx[0;34mp[0;34mm
[0m
[0m[0;34mF[0;34m [0;34m2[0;34m0[0;34m,[0;34m2[0;34m0[0;34m,[0;34m2[0;34m0
[0m[0;34mC[0;34m [0;34m2[0;34m0[0;34m0[0;34m,[0;34m2[0;34m0[0;34m0[0;34m,[0;34m2[0;34m0[0;34m0
[0mExit code: 1
‚ö†Ô∏è No Valgrind alerts, but with leaks[0m  
==3411== Memcheck, a memory error detector
==3411== Copyright (C) 2002-2022, and GNU GPL'd, by Julian Seward et al.
==3411== Using Valgrind-3.22.0 and LibVEX; rerun with -h for copyright info
==3411== Command: ./cub3d ./maps/bad/map_first.cub
==3411== Parent PID: 3323
==3411== 
==3411== 
==3411== HEAP SUMMARY:
==3411==     in use at exit: 408 bytes in 22 blocks
==3411==   total heap usage: 99 allocs, 77 frees, 7,572 bytes allocated
==3411== 
==3411== LEAK SUMMARY:
==3411==    definitely lost: 176 bytes in 1 blocks
==3411==    indirectly lost: 232 bytes in 21 blocks
==3411==      possibly lost: 0 bytes in 0 blocks
==3411==    still reachable: 0 bytes in 0 blocks
==3411==         suppressed: 0 bytes in 0 blocks
==3411== Rerun with --leak-check=full to see details of leaked memory
==3411== 
==3411== For lists of detected and suppressed errors, rerun with: -s
==3411== ERROR SUMMARY: 0 errors from 0 contexts (suppressed: 0 from 0)
Running valgrind on ./maps/bad/map_middle.cub...

[0;31m Error:[Map check in file] Empty line found
[0m [0;34mN[0;34mO[0;34m [0;34mt[0;34me[0;34mx[0;34mt[0;34mu[0;34mr[0;34me[0;34ms[0;34m/[0;34mt[0;34me[0;34ms[0;34mt[0;34m/[0;34mn[0;34mo[0;34mr[0;34mt[0;34mh[0;34m.[0;34mx[0;34mp[0;34mm
[0m[0;34mS[0;34mO[0;34m [0;34mt[0;34me[0;34mx[0;34mt[0;34mu[0;34mr[0;34me[0;34ms[0;34m/[0;34mt[0;34me[0;34ms[0;34mt[0;34m/[0;34ms[0;34mo[0;34mu[0;34mt[0;34mh[0;34m.[0;34mx[0;34mp[0;34mm
[0m[0;34mW[0;34mE[0;34m [0;34mt[0;34me[0;34mx[0;34mt[0;34mu[0;34mr[0;34me[0;34ms[0;34m/[0;34mt[0;34me[0;34ms[0;34mt[0;34m/[0;34mw[0;34me[0;34ms[0;34mt[0;34m.[0;34mx[0;34mp[0;34mm
[0m[0;34mE[0;34mA[0;34m [0;34mt[0;34me[0;34mx[0;34mt[0;34mu[0;34mr[0;34me[0;34ms[0;34m/[0;34mt[0;34me[0;34ms[0;34mt[0;34m/[0;34me[0;34ma[0;34ms[0;34mt[0;34m.[0;34mx[0;34mp[0;34mm
[0m
[0m[0;34m1[0;34m1[0;34m1[0;34m1[0;34m1
[0m[0;34m1[0;34m0[0;34m0[0;34m0[0;34m1
[0m[0;34m1[0;34m0[0;34mS[0;34m0[0;34m1
[0m[0;34m1[0;34m0[0;34m0[0;34m0[0;34m1
[0m[0;34m1[0;34m0[0;34m0[0;34m0[0;34m1
[0m[0;34m1[0;34m0[0;34m0[0;34m0[0;34m1
[0m[0;34m1[0;34m1[0;34m0[0;34m0[0;34m1
[0m[0;34m1[0;34m0[0;34m0[0;34m0[0;34m1
[0m[0;34m1[0;34m0[0;34m0[0;34m0[0;34m1
[0m[0;34m1[0;34m0[0;34m0[0;34m0[0;34m1
[0m[0;34m1[0;34m0[0;34m0[0;34m0[0;34m1
[0m[0;34m1[0;34m0[0;34m0[0;34m0[0;34m1
[0m[0;34m1[0;34m1[0;34m1[0;34m1[0;34m1
[0m
[0m[0;34mF[0;34m [0;34m2[0;34m0[0;34m,[0;34m2[0;34m0[0;34m,[0;34m2[0;34m0
[0m[0;34mC[0;34m [0;34m2[0;34m0[0;34m0[0;34m,[0;34m2[0;34m0[0;34m0[0;34m,[0;34m2[0;34m0[0;34m0
[0m
[0m
[0mExit code: 1
‚ö†Ô∏è No Valgrind alerts, but with leaks[0m  
==3414== Memcheck, a memory error detector
==3414== Copyright (C) 2002-2022, and GNU GPL'd, by Julian Seward et al.
==3414== Using Valgrind-3.22.0 and LibVEX; rerun with -h for copyright info
==3414== Command: ./cub3d ./maps/bad/map_middle.cub
==3414== Parent PID: 3323
==3414== 
==3414== 
==3414== HEAP SUMMARY:
==3414==     in use at exit: 428 bytes in 24 blocks
==3414==   total heap usage: 107 allocs, 83 frees, 8,059 bytes allocated
==3414== 
==3414== LEAK SUMMARY:
==3414==    definitely lost: 192 bytes in 1 blocks
==3414==    indirectly lost: 236 bytes in 23 blocks
==3414==      possibly lost: 0 bytes in 0 blocks
==3414==    still reachable: 0 bytes in 0 blocks
==3414==         suppressed: 0 bytes in 0 blocks
==3414== Rerun with --leak-check=full to see details of leaked memory
==3414== 
==3414== For lists of detected and suppressed errors, rerun with: -s
==3414== ERROR SUMMARY: 0 errors from 0 contexts (suppressed: 0 from 0)
Running valgrind on ./maps/bad/map_missing.cub...

[0;31m Error:[Map start] No map or incorrect placement
[0m [0;34mN[0;34mO[0;34m [0;34mt[0;34me[0;34mx[0;34mt[0;34mu[0;34mr[0;34me[0;34ms[0;34m/[0;34mt[0;34me[0;34ms[0;34mt[0;34m/[0;34mn[0;34mo[0;34mr[0;34mt[0;34mh[0;34m.[0;34mx[0;34mp[0;34mm
[0m[0;34mS[0;34mO[0;34m [0;34mt[0;34me[0;34mx[0;34mt[0;34mu[0;34mr[0;34me[0;34ms[0;34m/[0;34mt[0;34me[0;34ms[0;34mt[0;34m/[0;34ms[0;34mo[0;34mu[0;34mt[0;34mh[0;34m.[0;34mx[0;34mp[0;34mm
[0m[0;34mW[0;34mE[0;34m [0;34mt[0;34me[0;34mx[0;34mt[0;34mu[0;34mr[0;34me[0;34ms[0;34m/[0;34mt[0;34me[0;34ms[0;34mt[0;34m/[0;34mw[0;34me[0;34ms[0;34mt[0;34m.[0;34mx[0;34mp[0;34mm
[0m[0;34mE[0;34mA[0;34m [0;34mt[0;34me[0;34mx[0;34mt[0;34mu[0;34mr[0;34me[0;34ms[0;34m/[0;34mt[0;34me[0;34ms[0;34mt[0;34m/[0;34me[0;34ma[0;34ms[0;34mt[0;34m.[0;34mx[0;34mp[0;34mm
[0m
[0m[0;34mF[0;34m [0;34m2[0;34m0[0;34m,[0;34m2[0;34m0[0;34m,[0;34m2[0;34m0
[0m[0;34mC[0;34m [0;34m2[0;34m0[0;34m0[0;34m,[0;34m2[0;34m0[0;34m0[0;34m,[0;34m2[0;34m0[0;34m0
[0m
[0mExit code: 1
‚ö†Ô∏è No Valgrind alerts, but with leaks[0m  
==3439== Memcheck, a memory error detector
==3439== Copyright (C) 2002-2022, and GNU GPL'd, by Julian Seward et al.
==3439== Using Valgrind-3.22.0 and LibVEX; rerun with -h for copyright info
==3439== Command: ./cub3d ./maps/bad/map_missing.cub
==3439== Parent PID: 3323
==3439== 
==3439== 
==3439== HEAP SUMMARY:
==3439==     in use at exit: 213 bytes in 9 blocks
==3439==   total heap usage: 44 allocs, 35 frees, 5,280 bytes allocated
==3439== 
==3439== LEAK SUMMARY:
==3439==    definitely lost: 72 bytes in 1 blocks
==3439==    indirectly lost: 141 bytes in 8 blocks
==3439==      possibly lost: 0 bytes in 0 blocks
==3439==    still reachable: 0 bytes in 0 blocks
==3439==         suppressed: 0 bytes in 0 blocks
==3439== Rerun with --leak-check=full to see details of leaked memory
==3439== 
==3439== For lists of detected and suppressed errors, rerun with: -s
==3439== ERROR SUMMARY: 0 errors from 0 contexts (suppressed: 0 from 0)
Running valgrind on ./maps/bad/map_only.cub...

[0;31m Error:[Map start] No map or incorrect placement
[0m [0;34m1[0;34m1[0;34m1[0;34m1[0;34m1
[0m[0;34m1[0;34m0[0;34m0[0;34m0[0;34m1
[0m[0;34m1[0;34m0[0;34mS[0;34m0[0;34m1
[0m[0;34m1[0;34m0[0;34m0[0;34m0[0;34m1
[0m[0;34m1[0;34m0[0;34m0[0;34m0[0;34m1
[0m[0;34m1[0;34m0[0;34m0[0;34m0[0;34m1
[0m[0;34m1[0;34m1[0;34m0[0;34m0[0;34m1
[0m[0;34m1[0;34m0[0;34m0[0;34m0[0;34m1
[0m[0;34m1[0;34m0[0;34m0[0;34m0[0;34m1
[0m[0;34m1[0;34m0[0;34m0[0;34m0[0;34m1
[0m[0;34m1[0;34m0[0;34m0[0;34m0[0;34m1
[0m[0;34m1[0;34m0[0;34m0[0;34m0[0;34m1
[0m[0;34m1[0;34m1[0;34m1[0;34m1[0;34m1
[0mExit code: 1
‚ö†Ô∏è No Valgrind alerts, but with leaks[0m  
==3442== Memcheck, a memory error detector
==3442== Copyright (C) 2002-2022, and GNU GPL'd, by Julian Seward et al.
==3442== Using Valgrind-3.22.0 and LibVEX; rerun with -h for copyright info
==3442== Command: ./cub3d ./maps/bad/map_only.cub
==3442== Parent PID: 3323
==3442== 
==3442== 
==3442== HEAP SUMMARY:
==3442==     in use at exit: 203 bytes in 14 blocks
==3442==   total heap usage: 62 allocs, 48 frees, 5,730 bytes allocated
==3442== 
==3442== LEAK SUMMARY:
==3442==    definitely lost: 112 bytes in 1 blocks
==3442==    indirectly lost: 91 bytes in 13 blocks
==3442==      possibly lost: 0 bytes in 0 blocks
==3442==    still reachable: 0 bytes in 0 blocks
==3442==         suppressed: 0 bytes in 0 blocks
==3442== Rerun with --leak-check=full to see details of leaked memory
==3442== 
==3442== For lists of detected and suppressed errors, rerun with: -s
==3442== ERROR SUMMARY: 0 errors from 0 contexts (suppressed: 0 from 0)
Running valgrind on ./maps/bad/map_too_small.cub...

[0;31m Error:[Map check in file] Invalid map size
[0m [0;34mN[0;34mO[0;34m [0;34mt[0;34me[0;34mx[0;34mt[0;34mu[0;34mr[0;34me[0;34ms[0;34m/[0;34mt[0;34me[0;34ms[0;34mt[0;34m/[0;34mn[0;34mo[0;34mr[0;34mt[0;34mh[0;34m.[0;34mx[0;34mp[0;34mm
[0m[0;34mS[0;34mO[0;34m [0;34mt[0;34me[0;34mx[0;34mt[0;34mu[0;34mr[0;34me[0;34ms[0;34m/[0;34mt[0;34me[0;34ms[0;34mt[0;34m/[0;34ms[0;34mo[0;34mu[0;34mt[0;34mh[0;34m.[0;34mx[0;34mp[0;34mm
[0m[0;34mW[0;34mE[0;34m [0;34mt[0;34me[0;34mx[0;34mt[0;34mu[0;34mr[0;34me[0;34ms[0;34m/[0;34mt[0;34me[0;34ms[0;34mt[0;34m/[0;34mw[0;34me[0;34ms[0;34mt[0;34m.[0;34mx[0;34mp[0;34mm
[0m[0;34mE[0;34mA[0;34m [0;34mt[0;34me[0;34mx[0;34mt[0;34mu[0;34mr[0;34me[0;34ms[0;34m/[0;34mt[0;34me[0;34ms[0;34mt[0;34m/[0;34me[0;34ma[0;34ms[0;34mt[0;34m.[0;34mx[0;34mp[0;34mm
[0m
[0m[0;34mF[0;34m [0;34m2[0;34m0[0;34m,[0;34m2[0;34m0[0;34m,[0;34m2[0;34m0
[0m[0;34mC[0;34m [0;34m2[0;34m0[0;34m0[0;34m,[0;34m2[0;34m0[0;34m0[0;34m,[0;34m2[0;34m0[0;34m0
[0m
[0m[0;34m1[0;34m1[0;34m1
[0m[0;34m1[0;34m1[0;34m1
[0mExit code: 1
‚ö†Ô∏è No Valgrind alerts, but with leaks[0m  
==3445== Memcheck, a memory error detector
==3445== Copyright (C) 2002-2022, and GNU GPL'd, by Julian Seward et al.
==3445== Using Valgrind-3.22.0 and LibVEX; rerun with -h for copyright info
==3445== Command: ./cub3d ./maps/bad/map_too_small.cub
==3445== Parent PID: 3323
==3445== 
==3445== 
==3445== HEAP SUMMARY:
==3445==     in use at exit: 239 bytes in 11 blocks
==3445==   total heap usage: 52 allocs, 41 frees, 5,540 bytes allocated
==3445== 
==3445== LEAK SUMMARY:
==3445==    definitely lost: 88 bytes in 1 blocks
==3445==    indirectly lost: 151 bytes in 10 blocks
==3445==      possibly lost: 0 bytes in 0 blocks
==3445==    still reachable: 0 bytes in 0 blocks
==3445==         suppressed: 0 bytes in 0 blocks
==3445== Rerun with --leak-check=full to see details of leaked memory
==3445== 
==3445== For lists of detected and suppressed errors, rerun with: -s
==3445== ERROR SUMMARY: 0 errors from 0 contexts (suppressed: 0 from 0)
Running valgrind on ./maps/bad/player_multiple.cub...

[0;31m Error:[Map validation] invalid number of player 
[0m [0;34mN[0;34mO[0;34m [0;34mt[0;34me[0;34mx[0;34mt[0;34mu[0;34mr[0;34me[0;34ms[0;34m/[0;34mt[0;34me[0;34ms[0;34mt[0;34m/[0;34mn[0;34mo[0;34mr[0;34mt[0;34mh[0;34m.[0;34mx[0;34mp[0;34mm
[0m[0;34mS[0;34mO[0;34m [0;34mt[0;34me[0;34mx[0;34mt[0;34mu[0;34mr[0;34me[0;34ms[0;34m/[0;34mt[0;34me[0;34ms[0;34mt[0;34m/[0;34ms[0;34mo[0;34mu[0;34mt[0;34mh[0;34m.[0;34mx[0;34mp[0;34mm
[0m[0;34mW[0;34mE[0;34m [0;34mt[0;34me[0;34mx[0;34mt[0;34mu[0;34mr[0;34me[0;34ms[0;34m/[0;34mt[0;34me[0;34ms[0;34mt[0;34m/[0;34mw[0;34me[0;34ms[0;34mt[0;34m.[0;34mx[0;34mp[0;34mm
[0m[0;34mE[0;34mA[0;34m [0;34mt[0;34me[0;34mx[0;34mt[0;34mu[0;34mr[0;34me[0;34ms[0;34m/[0;34mt[0;34me[0;34ms[0;34mt[0;34m/[0;34me[0;34ma[0;34ms[0;34mt[0;34m.[0;34mx[0;34mp[0;34mm
[0m
[0m[0;34mF[0;34m [0;34m2[0;34m0[0;34m,[0;34m2[0;34m0[0;34m,[0;34m2[0;34m0
[0m[0;34mC[0;34m [0;34m2[0;34m0[0;34m0[0;34m,[0;34m2[0;34m0[0;34m0[0;34m,[0;34m2[0;34m0[0;34m0
[0m
[0m[0;34m1[0;34m1[0;34m1[0;34m1[0;34m1
[0m[0;34m1[0;34m0[0;34m0[0;34m0[0;34m1
[0m[0;34m1[0;34m0[0;34mS[0;34m0[0;34m1
[0m[0;34m1[0;34m0[0;34m0[0;34m0[0;34m1
[0m[0;34m1[0;34m0[0;34m0[0;34m0[0;34m1
[0m[0;34m1[0;34m0[0;34m0[0;34m0[0;34m1
[0m[0;34m1[0;34m1[0;34mE[0;34m0[0;34m1
[0m[0;34m1[0;34m0[0;34m0[0;34m0[0;34m1
[0m[0;34m1[0;34m0[0;34m0[0;34m0[0;34m1
[0m[0;34m1[0;34m0[0;34m0[0;34m0[0;34m1
[0m[0;34m1[0;34m0[0;34m0[0;34m0[0;34m1
[0m[0;34m1[0;34m0[0;34m0[0;34m0[0;34m1
[0m[0;34m1[0;34m1[0;34m1[0;34m1[0;34m1
[0mExit code: 1
‚ö†Ô∏è No Valgrind alerts, but with leaks[0m  
==3448== Memcheck, a memory error detector
==3448== Copyright (C) 2002-2022, and GNU GPL'd, by Julian Seward et al.
==3448== Using Valgrind-3.22.0 and LibVEX; rerun with -h for copyright info
==3448== Command: ./cub3d ./maps/bad/player_multiple.cub
==3448== Parent PID: 3323
==3448== 
==3448== 
==3448== HEAP SUMMARY:
==3448==     in use at exit: 598 bytes in 36 blocks
==3448==   total heap usage: 126 allocs, 90 frees, 7,925 bytes allocated
==3448== 
==3448== LEAK SUMMARY:
==3448==    definitely lost: 288 bytes in 2 blocks
==3448==    indirectly lost: 310 bytes in 34 blocks
==3448==      possibly lost: 0 bytes in 0 blocks
==3448==    still reachable: 0 bytes in 0 blocks
==3448==         suppressed: 0 bytes in 0 blocks
==3448== Rerun with --leak-check=full to see details of leaked memory
==3448== 
==3448== For lists of detected and suppressed errors, rerun with: -s
==3448== ERROR SUMMARY: 0 errors from 0 contexts (suppressed: 0 from 0)
Running valgrind on ./maps/bad/player_none.cub...

[0;31m Error:[Map validation] invalid number of player 
[0m [0;34mN[0;34mO[0;34m [0;34mt[0;34me[0;34mx[0;34mt[0;34mu[0;34mr[0;34me[0;34ms[0;34m/[0;34mt[0;34me[0;34ms[0;34mt[0;34m/[0;34mn[0;34mo[0;34mr[0;34mt[0;34mh[0;34m.[0;34mx[0;34mp[0;34mm
[0m[0;34mS[0;34mO[0;34m [0;34mt[0;34me[0;34mx[0;34mt[0;34mu[0;34mr[0;34me[0;34ms[0;34m/[0;34mt[0;34me[0;34ms[0;34mt[0;34m/[0;34ms[0;34mo[0;34mu[0;34mt[0;34mh[0;34m.[0;34mx[0;34mp[0;34mm
[0m[0;34mW[0;34mE[0;34m [0;34mt[0;34me[0;34mx[0;34mt[0;34mu[0;34mr[0;34me[0;34ms[0;34m/[0;34mt[0;34me[0;34ms[0;34mt[0;34m/[0;34mw[0;34me[0;34ms[0;34mt[0;34m.[0;34mx[0;34mp[0;34mm
[0m[0;34mE[0;34mA[0;34m [0;34mt[0;34me[0;34mx[0;34mt[0;34mu[0;34mr[0;34me[0;34ms[0;34m/[0;34mt[0;34me[0;34ms[0;34mt[0;34m/[0;34me[0;34ma[0;34ms[0;34mt[0;34m.[0;34mx[0;34mp[0;34mm
[0m
[0m[0;34mF[0;34m [0;34m2[0;34m0[0;34m,[0;34m2[0;34m0[0;34m,[0;34m2[0;34m0
[0m[0;34mC[0;34m [0;34m2[0;34m0[0;34m0[0;34m,[0;34m2[0;34m0[0;34m0[0;34m,[0;34m2[0;34m0[0;34m0
[0m
[0m[0;34m1[0;34m1[0;34m1[0;34m1[0;34m1
[0m[0;34m1[0;34m0[0;34m0[0;34m0[0;34m1
[0m[0;34m1[0;34m0[0;34m0[0;34m0[0;34m1
[0m[0;34m1[0;34m0[0;34m0[0;34m0[0;34m1
[0m[0;34m1[0;34m0[0;34m0[0;34m0[0;34m1
[0m[0;34m1[0;34m0[0;34m0[0;34m0[0;34m1
[0m[0;34m1[0;34m1[0;34m0[0;34m0[0;34m1
[0m[0;34m1[0;34m0[0;34m0[0;34m0[0;34m1
[0m[0;34m1[0;34m0[0;34m0[0;34m0[0;34m1
[0m[0;34m1[0;34m0[0;34m0[0;34m0[0;34m1
[0m[0;34m1[0;34m0[0;34m0[0;34m0[0;34m1
[0m[0;34m1[0;34m0[0;34m0[0;34m0[0;34m1
[0m[0;34m1[0;34m1[0;34m1[0;34m1[0;34m1
[0mExit code: 1
‚ö†Ô∏è No Valgrind alerts, but with leaks[0m  
==3451== Memcheck, a memory error detector
==3451== Copyright (C) 2002-2022, and GNU GPL'd, by Julian Seward et al.
==3451== Using Valgrind-3.22.0 and LibVEX; rerun with -h for copyright info
==3451== Command: ./cub3d ./maps/bad/player_none.cub
==3451== Parent PID: 3323
==3451== 
==3451== 
==3451== HEAP SUMMARY:
==3451==     in use at exit: 598 bytes in 36 blocks
==3451==   total heap usage: 126 allocs, 90 frees, 7,925 bytes allocated
==3451== 
==3451== LEAK SUMMARY:
==3451==    definitely lost: 288 bytes in 2 blocks
==3451==    indirectly lost: 310 bytes in 34 blocks
==3451==      possibly lost: 0 bytes in 0 blocks
==3451==    still reachable: 0 bytes in 0 blocks
==3451==         suppressed: 0 bytes in 0 blocks
==3451== Rerun with --leak-check=full to see details of leaked memory
==3451== 
==3451== For lists of detected and suppressed errors, rerun with: -s
==3451== ERROR SUMMARY: 0 errors from 0 contexts (suppressed: 0 from 0)
Running valgrind on ./maps/bad/player_on_edge.cub...

[0;31m Error:[Walls check] incorrect horizontal walls
[0m [0;34mN[0;34mO[0;34m [0;34mt[0;34me[0;34mx[0;34mt[0;34mu[0;34mr[0;34me[0;34ms[0;34m/[0;34mt[0;34me[0;34ms[0;34mt[0;34m/[0;34mn[0;34mo[0;34mr[0;34mt[0;34mh[0;34m.[0;34mx[0;34mp[0;34mm
[0m[0;34mS[0;34mO[0;34m [0;34mt[0;34me[0;34mx[0;34mt[0;34mu[0;34mr[0;34me[0;34ms[0;34m/[0;34mt[0;34me[0;34ms[0;34mt[0;34m/[0;34ms[0;34mo[0;34mu[0;34mt[0;34mh[0;34m.[0;34mx[0;34mp[0;34mm
[0m[0;34mW[0;34mE[0;34m [0;34mt[0;34me[0;34mx[0;34mt[0;34mu[0;34mr[0;34me[0;34ms[0;34m/[0;34mt[0;34me[0;34ms[0;34mt[0;34m/[0;34mw[0;34me[0;34ms[0;34mt[0;34m.[0;34mx[0;34mp[0;34mm
[0m[0;34mE[0;34mA[0;34m [0;34mt[0;34me[0;34mx[0;34mt[0;34mu[0;34mr[0;34me[0;34ms[0;34m/[0;34mt[0;34me[0;34ms[0;34mt[0;34m/[0;34me[0;34ma[0;34ms[0;34mt[0;34m.[0;34mx[0;34mp[0;34mm
[0m
[0m[0;34mF[0;34m [0;34m2[0;34m0[0;34m,[0;34m2[0;34m0[0;34m,[0;34m2[0;34m0
[0m[0;34mC[0;34m [0;34m2[0;34m0[0;34m0[0;34m,[0;34m2[0;34m0[0;34m0[0;34m,[0;34m2[0;34m0[0;34m0
[0m
[0m[0;34m1[0;34mS[0;34m1[0;34m1[0;34m1
[0m[0;34m1[0;34m0[0;34m0[0;34m0[0;34m1
[0m[0;34m1[0;34m0[0;34m0[0;34m0[0;34m1
[0m[0;34m1[0;34m0[0;34m0[0;34m0[0;34m1
[0m[0;34m1[0;34m0[0;34m0[0;34m0[0;34m1
[0m[0;34m1[0;34m0[0;34m0[0;34m0[0;34m1
[0m[0;34m1[0;34m1[0;34m0[0;34m0[0;34m1
[0m[0;34m1[0;34m0[0;34m0[0;34m0[0;34m1
[0m[0;34m1[0;34m0[0;34m0[0;34m0[0;34m1
[0m[0;34m1[0;34m0[0;34m0[0;34m0[0;34m1
[0m[0;34m1[0;34m0[0;34m0[0;34m0[0;34m1
[0m[0;34m1[0;34m0[0;34m0[0;34m0[0;34m1
[0m[0;34m1[0;34m1[0;34m1[0;34m1[0;34m1
[0mExit code: 1
‚ö†Ô∏è No Valgrind alerts, but with leaks[0m  
==3454== Memcheck, a memory error detector
==3454== Copyright (C) 2002-2022, and GNU GPL'd, by Julian Seward et al.
==3454== Using Valgrind-3.22.0 and LibVEX; rerun with -h for copyright info
==3454== Command: ./cub3d ./maps/bad/player_on_edge.cub
==3454== Parent PID: 3323
==3454== 
==3454== 
==3454== HEAP SUMMARY:
==3454==     in use at exit: 598 bytes in 36 blocks
==3454==   total heap usage: 126 allocs, 90 frees, 7,925 bytes allocated
==3454== 
==3454== LEAK SUMMARY:
==3454==    definitely lost: 288 bytes in 2 blocks
==3454==    indirectly lost: 310 bytes in 34 blocks
==3454==      possibly lost: 0 bytes in 0 blocks
==3454==    still reachable: 0 bytes in 0 blocks
==3454==         suppressed: 0 bytes in 0 blocks
==3454== Rerun with --leak-check=full to see details of leaked memory
==3454== 
==3454== For lists of detected and suppressed errors, rerun with: -s
==3454== ERROR SUMMARY: 0 errors from 0 contexts (suppressed: 0 from 0)
Running valgrind on ./maps/bad/textures_dir.cub...

[0;31m Error:[Texture verification] file is not found
[0m [0;34mN[0;34mO[0;34m [0;34mt[0;34me[0;34mx[0;34mt[0;34mu[0;34mr[0;34me[0;34ms[0;34m/[0;34mt[0;34me[0;34ms[0;34mt[0;34m/[0;34mn[0;34mo[0;34mr[0;34mt[0;34mh[0;34m.[0;34mx[0;34mp[0;34mm
[0m[0;34mS[0;34mO[0;34m [0;34mt[0;34me[0;34mx[0;34mt[0;34mu[0;34mr[0;34me[0;34ms[0;34m/[0;34mt[0;34me[0;34ms[0;34mt[0;34m/[0;34ms[0;34mo[0;34mu[0;34mt[0;34mh[0;34m.[0;34mx[0;34mp[0;34mm
[0m[0;34mW[0;34mE[0;34m [0;34mt[0;34me[0;34mx[0;34mt[0;34mu[0;34mr[0;34me[0;34ms[0;34m/[0;34mt[0;34me[0;34ms[0;34mt[0;34m/[0;34mw[0;34me[0;34ms[0;34mt[0;34m.[0;34mx[0;34mp[0;34mm
[0m[0;34mE[0;34mA[0;34m [0;34mt[0;34me[0;34mx[0;34mt[0;34mu[0;34mr[0;34me[0;34ms[0;34m/[0;34mt[0;34me[0;34ms[0;34mt[0;34m/
[0m
[0m[0;34mF[0;34m [0;34m2[0;34m0[0;34m,[0;34m2[0;34m0[0;34m,[0;34m2[0;34m0
[0m[0;34mC[0;34m [0;34m2[0;34m0[0;34m0[0;34m,[0;34m2[0;34m0[0;34m0[0;34m,[0;34m2[0;34m0[0;34m0
[0m
[0m[0;34m1[0;34m1[0;34m1[0;34m1[0;34m1
[0m[0;34m1[0;34m0[0;34m0[0;34m0[0;34m1
[0m[0;34m1[0;34m0[0;34mS[0;34m0[0;34m1
[0m[0;34m1[0;34m0[0;34m0[0;34m0[0;34m1
[0m[0;34m1[0;34m0[0;34m0[0;34m0[0;34m1
[0m[0;34m1[0;34m0[0;34m0[0;34m0[0;34m1
[0m[0;34m1[0;34m1[0;34m0[0;34m0[0;34m1
[0m[0;34m1[0;34m0[0;34m0[0;34m0[0;34m1
[0m[0;34m1[0;34m0[0;34m0[0;34m0[0;34m1
[0m[0;34m1[0;34m0[0;34m0[0;34m0[0;34m1
[0m[0;34m1[0;34m0[0;34m0[0;34m0[0;34m1
[0m[0;34m1[0;34m0[0;34m0[0;34m0[0;34m1
[0m[0;34m1[0;34m1[0;34m1[0;34m1[0;34m1
[0mExit code: 1
‚ö†Ô∏è No Valgrind alerts, but with leaks[0m  
==3457== Memcheck, a memory error detector
==3457== Copyright (C) 2002-2022, and GNU GPL'd, by Julian Seward et al.
==3457== Using Valgrind-3.22.0 and LibVEX; rerun with -h for copyright info
==3457== Command: ./cub3d ./maps/bad/textures_dir.cub
==3457== Parent PID: 3323
==3457== 
==3457== 
==3457== HEAP SUMMARY:
==3457==     in use at exit: 676 bytes in 40 blocks
==3457==   total heap usage: 130 allocs, 90 frees, 7,985 bytes allocated
==3457== 
==3457== LEAK SUMMARY:
==3457==    definitely lost: 374 bytes in 6 blocks
==3457==    indirectly lost: 302 bytes in 34 blocks
==3457==      possibly lost: 0 bytes in 0 blocks
==3457==    still reachable: 0 bytes in 0 blocks
==3457==         suppressed: 0 bytes in 0 blocks
==3457== Rerun with --leak-check=full to see details of leaked memory
==3457== 
==3457== For lists of detected and suppressed errors, rerun with: -s
==3457== ERROR SUMMARY: 0 errors from 0 contexts (suppressed: 0 from 0)
Running valgrind on ./maps/bad/textures_duplicates.cub...

[0;31m Error:[Texture] textures are not complete
[0m [0;34mN[0;34mO[0;34m [0;34mt[0;34me[0;34mx[0;34mt[0;34mu[0;34mr[0;34me[0;34ms[0;34m/[0;34mt[0;34me[0;34ms[0;34mt[0;34m/[0;34mn[0;34mo[0;34mr[0;34mt[0;34mh[0;34m.[0;34mx[0;34mp[0;34mm
[0m[0;34mS[0;34mO[0;34m [0;34mt[0;34me[0;34mx[0;34mt[0;34mu[0;34mr[0;34me[0;34ms[0;34m/[0;34mt[0;34me[0;34ms[0;34mt[0;34m/[0;34ms[0;34mo[0;34mu[0;34mt[0;34mh[0;34m.[0;34mx[0;34mp[0;34mm
[0m[0;34mW[0;34mE[0;34m [0;34mt[0;34me[0;34mx[0;34mt[0;34mu[0;34mr[0;34me[0;34ms[0;34m/[0;34mt[0;34me[0;34ms[0;34mt[0;34m/[0;34mw[0;34me[0;34ms[0;34mt[0;34m.[0;34mx[0;34mp[0;34mm
[0m[0;34mE[0;34mA
[0m
[0m[0;34mF[0;34m [0;34m2[0;34m0[0;34m,[0;34m2[0;34m0[0;34m,[0;34m2[0;34m0
[0m[0;34mC[0;34m [0;34m2[0;34m0[0;34m0[0;34m,[0;34m2[0;34m0[0;34m0[0;34m,[0;34m2[0;34m0[0;34m0
[0m
[0m[0;34m1[0;34m1[0;34m1[0;34m1[0;34m1
[0m[0;34m1[0;34m0[0;34m0[0;34m0[0;34m1
[0m[0;34m1[0;34m0[0;34mS[0;34m0[0;34m1
[0m[0;34m1[0;34m0[0;34m0[0;34m0[0;34m1
[0m[0;34m1[0;34m0[0;34m0[0;34m0[0;34m1
[0m[0;34m1[0;34m0[0;34m0[0;34m0[0;34m1
[0m[0;34m1[0;34m1[0;34m0[0;34m0[0;34m1
[0m[0;34m1[0;34m0[0;34m0[0;34m0[0;34m1
[0m[0;34m1[0;34m0[0;34m0[0;34m0[0;34m1
[0m[0;34m1[0;34m0[0;34m0[0;34m0[0;34m1
[0m[0;34m1[0;34m0[0;34m0[0;34m0[0;34m1
[0m[0;34m1[0;34m0[0;34m0[0;34m0[0;34m1
[0m[0;34m1[0;34m1[0;34m1[0;34m1[0;34m1
[0mExit code: 1
‚ö†Ô∏è No Valgrind alerts, but with leaks[0m  
==3479== Memcheck, a memory error detector
==3479== Copyright (C) 2002-2022, and GNU GPL'd, by Julian Seward et al.
==3479== Using Valgrind-3.22.0 and LibVEX; rerun with -h for copyright info
==3479== Command: ./cub3d ./maps/bad/textures_duplicates.cub
==3479== Parent PID: 3323
==3479== 
==3479== 
==3479== HEAP SUMMARY:
==3479==     in use at exit: 646 bytes in 39 blocks
==3479==   total heap usage: 128 allocs, 89 frees, 7,915 bytes allocated
==3479== 
==3479== LEAK SUMMARY:
==3479==    definitely lost: 359 bytes in 5 blocks
==3479==    indirectly lost: 287 bytes in 34 blocks
==3479==      possibly lost: 0 bytes in 0 blocks
==3479==    still reachable: 0 bytes in 0 blocks
==3479==         suppressed: 0 bytes in 0 blocks
==3479== Rerun with --leak-check=full to see details of leaked memory
==3479== 
==3479== For lists of detected and suppressed errors, rerun with: -s
==3479== ERROR SUMMARY: 0 errors from 0 contexts (suppressed: 0 from 0)
Running valgrind on ./maps/bad/textures_invalid.cub...

[0;31m Error:[Texture verification] file is not found
[0m [0;34mN[0;34mO[0;34m [0;34mt[0;34me[0;34mx[0;34mt[0;34mu[0;34mr[0;34me[0;34ms[0;34m/[0;34mt[0;34me[0;34ms[0;34mt[0;34m/[0;34mn[0;34mo[0;34mr[0;34mt[0;34mh[0;34m.[0;34mx[0;34mp[0;34mm
[0m[0;34mS[0;34mO[0;34m [0;34mt[0;34me[0;34mx[0;34mt[0;34mu[0;34mr[0;34me[0;34ms[0;34m/[0;34mt[0;34me[0;34ms[0;34mt[0;34m/[0;34ms[0;34mo[0;34mu[0;34mt[0;34mh[0;34m.[0;34mx[0;34mp[0;34mm
[0m[0;34mW[0;34mE[0;34m [0;34mt[0;34me[0;34mx[0;34mt[0;34mu[0;34mr[0;34me[0;34ms[0;34m/[0;34mt[0;34me[0;34ms[0;34mt[0;34m/[0;34mx
[0m[0;34mE[0;34mA[0;34m [0;34mt[0;34me[0;34mx[0;34mt[0;34mu[0;34mr[0;34me[0;34ms[0;34m/[0;34mt[0;34me[0;34ms[0;34mt[0;34m/[0;34me[0;34ma[0;34ms[0;34mt[0;34m.[0;34mx[0;34mp[0;34mm
[0m
[0m[0;34mF[0;34m [0;34m2[0;34m0[0;34m,[0;34m2[0;34m0[0;34m,[0;34m2[0;34m0
[0m[0;34mC[0;34m [0;34m2[0;34m0[0;34m0[0;34m,[0;34m2[0;34m0[0;34m0[0;34m,[0;34m2[0;34m0[0;34m0
[0m
[0m[0;34m1[0;34m1[0;34m1[0;34m1[0;34m1
[0m[0;34m1[0;34m0[0;34m0[0;34m0[0;34m1
[0m[0;34m1[0;34m0[0;34mS[0;34m0[0;34m1
[0m[0;34m1[0;34m0[0;34m0[0;34m0[0;34m1
[0m[0;34m1[0;34m0[0;34m0[0;34m0[0;34m1
[0m[0;34m1[0;34m0[0;34m0[0;34m0[0;34m1
[0m[0;34m1[0;34m1[0;34m0[0;34m0[0;34m1
[0m[0;34m1[0;34m0[0;34m0[0;34m0[0;34m1
[0m[0;34m1[0;34m0[0;34m0[0;34m0[0;34m1
[0m[0;34m1[0;34m0[0;34m0[0;34m0[0;34m1
[0m[0;34m1[0;34m0[0;34m0[0;34m0[0;34m1
[0m[0;34m1[0;34m0[0;34m0[0;34m0[0;34m1
[0m[0;34m1[0;34m1[0;34m1[0;34m1[0;34m1
[0mExit code: 1
‚ö†Ô∏è No Valgrind alerts, but with leaks[0m  
==3482== Memcheck, a memory error detector
==3482== Copyright (C) 2002-2022, and GNU GPL'd, by Julian Seward et al.
==3482== Using Valgrind-3.22.0 and LibVEX; rerun with -h for copyright info
==3482== Command: ./cub3d ./maps/bad/textures_invalid.cub
==3482== Parent PID: 3323
==3482== 
==3482== 
==3482== HEAP SUMMARY:
==3482==     in use at exit: 678 bytes in 40 blocks
==3482==   total heap usage: 130 allocs, 90 frees, 7,982 bytes allocated
==3482== 
==3482== LEAK SUMMARY:
==3482==    definitely lost: 375 bytes in 6 blocks
==3482==    indirectly lost: 303 bytes in 34 blocks
==3482==      possibly lost: 0 bytes in 0 blocks
==3482==    still reachable: 0 bytes in 0 blocks
==3482==         suppressed: 0 bytes in 0 blocks
==3482== Rerun with --leak-check=full to see details of leaked memory
==3482== 
==3482== For lists of detected and suppressed errors, rerun with: -s
==3482== ERROR SUMMARY: 0 errors from 0 contexts (suppressed: 0 from 0)
Running valgrind on ./maps/bad/textures_missing.cub...

[0;31m Error:[Texture] textures are not complete
[0m [0;34mS[0;34mO[0;34m [0;34mt[0;34me[0;34mx[0;34mt[0;34mu[0;34mr[0;34me[0;34ms[0;34m/[0;34mt[0;34me[0;34ms[0;34mt[0;34m/[0;34ms[0;34mo[0;34mu[0;34mt[0;34mh[0;34m.[0;34mx[0;34mp[0;34mm
[0m[0;34mW[0;34mE[0;34m [0;34mt[0;34me[0;34mx[0;34mt[0;34mu[0;34mr[0;34me[0;34ms[0;34m/[0;34mt[0;34me[0;34ms[0;34mt[0;34m/[0;34mw[0;34me[0;34ms[0;34mt[0;34m.[0;34mx[0;34mp[0;34mm
[0m[0;34mE[0;34mA[0;34m [0;34mt[0;34me[0;34mx[0;34mt[0;34mu[0;34mr[0;34me[0;34ms[0;34m/[0;34mt[0;34me[0;34ms[0;34mt[0;34m/[0;34me[0;34ma[0;34ms[0;34mt[0;34m.[0;34mx[0;34mp[0;34mm
[0m
[0m[0;34mF[0;34m [0;34m2[0;34m0[0;34m,[0;34m2[0;34m0[0;34m,[0;34m2[0;34m0
[0m[0;34mC[0;34m [0;34m2[0;34m0[0;34m0[0;34m,[0;34m2[0;34m0[0;34m0[0;34m,[0;34m2[0;34m0[0;34m0
[0m
[0m[0;34m1[0;34m1[0;34m1[0;34m1[0;34m1
[0m[0;34m1[0;34m0[0;34m0[0;34m0[0;34m1
[0m[0;34m1[0;34m0[0;34mS[0;34m0[0;34m1
[0m[0;34m1[0;34m0[0;34m0[0;34m0[0;34m1
[0m[0;34m1[0;34m0[0;34m0[0;34m0[0;34m1
[0m[0;34m1[0;34m0[0;34m0[0;34m0[0;34m1
[0m[0;34m1[0;34m1[0;34m0[0;34m0[0;34m1
[0m[0;34m1[0;34m0[0;34m0[0;34m0[0;34m1
[0m[0;34m1[0;34m0[0;34m0[0;34m0[0;34m1
[0m[0;34m1[0;34m0[0;34m0[0;34m0[0;34m1
[0m[0;34m1[0;34m0[0;34m0[0;34m0[0;34m1
[0m[0;34m1[0;34m0[0;34m0[0;34m0[0;34m1
[0m[0;34m1[0;34m1[0;34m1[0;34m1[0;34m1
[0mExit code: 1
‚ö†Ô∏è No Valgrind alerts, but with leaks[0m  
==3507== Memcheck, a memory error detector
==3507== Copyright (C) 2002-2022, and GNU GPL'd, by Julian Seward et al.
==3507== Using Valgrind-3.22.0 and LibVEX; rerun with -h for copyright info
==3507== Command: ./cub3d ./maps/bad/textures_missing.cub
==3507== Parent PID: 3323
==3507== 
==3507== 
==3507== HEAP SUMMARY:
==3507==     in use at exit: 632 bytes in 38 blocks
==3507==   total heap usage: 124 allocs, 86 frees, 7,678 bytes allocated
==3507== 
==3507== LEAK SUMMARY:
==3507==    definitely lost: 350 bytes in 5 blocks
==3507==    indirectly lost: 282 bytes in 33 blocks
==3507==      possibly lost: 0 bytes in 0 blocks
==3507==    still reachable: 0 bytes in 0 blocks
==3507==         suppressed: 0 bytes in 0 blocks
==3507== Rerun with --leak-check=full to see details of leaked memory
==3507== 
==3507== For lists of detected and suppressed errors, rerun with: -s
==3507== ERROR SUMMARY: 0 errors from 0 contexts (suppressed: 0 from 0)
Running valgrind on ./maps/bad/textures_none.cub...

[0;31m Error:[Texture] textures are not complete
[0m [0;34mF[0;34m [0;34m2[0;34m0[0;34m,[0;34m2[0;34m0[0;34m,[0;34m2[0;34m0
[0m[0;34mC[0;34m [0;34m2[0;34m0[0;34m0[0;34m,[0;34m2[0;34m0[0;34m0[0;34m,[0;34m2[0;34m0[0;34m0
[0m
[0m[0;34m1[0;34m1[0;34m1[0;34m1[0;34m1
[0m[0;34m1[0;34m0[0;34m0[0;34m0[0;34m1
[0m[0;34m1[0;34m0[0;34mS[0;34m0[0;34m1
[0m[0;34m1[0;34m0[0;34m0[0;34m0[0;34m1
[0m[0;34m1[0;34m0[0;34m0[0;34m0[0;34m1
[0m[0;34m1[0;34m0[0;34m0[0;34m0[0;34m1
[0m[0;34m1[0;34m1[0;34m0[0;34m0[0;34m1
[0m[0;34m1[0;34m0[0;34m0[0;34m0[0;34m1
[0m[0;34m1[0;34m0[0;34m0[0;34m0[0;34m1
[0m[0;34m1[0;34m0[0;34m0[0;34m0[0;34m1
[0m[0;34m1[0;34m0[0;34m0[0;34m0[0;34m1
[0m[0;34m1[0;34m0[0;34m0[0;34m0[0;34m1
[0m[0;34m1[0;34m1[0;34m1[0;34m1[0;34m1
[0mExit code: 1
‚ö†Ô∏è No Valgrind alerts, but with leaks[0m  
==3510== Memcheck, a memory error detector
==3510== Copyright (C) 2002-2022, and GNU GPL'd, by Julian Seward et al.
==3510== Using Valgrind-3.22.0 and LibVEX; rerun with -h for copyright info
==3510== Command: ./cub3d ./maps/bad/textures_none.cub
==3510== Parent PID: 3323
==3510== 
==3510== 
==3510== HEAP SUMMARY:
==3510==     in use at exit: 446 bytes in 31 blocks
==3510==   total heap usage: 102 allocs, 71 frees, 6,634 bytes allocated
==3510== 
==3510== LEAK SUMMARY:
==3510==    definitely lost: 248 bytes in 2 blocks
==3510==    indirectly lost: 198 bytes in 29 blocks
==3510==      possibly lost: 0 bytes in 0 blocks
==3510==    still reachable: 0 bytes in 0 blocks
==3510==         suppressed: 0 bytes in 0 blocks
==3510== Rerun with --leak-check=full to see details of leaked memory
==3510== 
==3510== For lists of detected and suppressed errors, rerun with: -s
==3510== ERROR SUMMARY: 0 errors from 0 contexts (suppressed: 0 from 0)
Running valgrind on ./maps/bad/textures_not_xpm.cub...

[0;31m Error:[Texture verification] invalid texture format
[0m [0;34mN[0;34mO[0;34m [0;34mt[0;34me[0;34mx[0;34mt[0;34mu[0;34mr[0;34me[0;34ms[0;34m/[0;34mt[0;34me[0;34ms[0;34mt[0;34m/[0;34mn[0;34mo[0;34mr[0;34mt[0;34mh
[0m[0;34mS[0;34mO[0;34m [0;34mt[0;34me[0;34mx[0;34mt[0;34mu[0;34mr[0;34me[0;34ms[0;34m/[0;34mt[0;34me[0;34ms[0;34mt[0;34m/[0;34ms[0;34mo[0;34mu[0;34mt[0;34mh[0;34m.[0;34mx[0;34mp[0;34mm
[0m[0;34mW[0;34mE[0;34m [0;34mt[0;34me[0;34mx[0;34mt[0;34mu[0;34mr[0;34me[0;34ms[0;34m/[0;34mt[0;34me[0;34ms[0;34mt[0;34m/[0;34mw[0;34me[0;34ms[0;34mt[0;34m.[0;34mx[0;34mp[0;34mm
[0m[0;34mE[0;34mA[0;34m [0;34mt[0;34me[0;34mx[0;34mt[0;34mu[0;34mr[0;34me[0;34ms[0;34m/[0;34mt[0;34me[0;34ms[0;34mt[0;34m/[0;34me[0;34ma[0;34ms[0;34mt[0;34m.[0;34mx[0;34mp[0;34mm
[0m
[0m[0;34mF[0;34m [0;34m2[0;34m0[0;34m,[0;34m2[0;34m0[0;34m,[0;34m2[0;34m0
[0m[0;34mC[0;34m [0;34m2[0;34m0[0;34m0[0;34m,[0;34m2[0;34m0[0;34m0[0;34m,[0;34m2[0;34m0[0;34m0
[0m
[0m[0;34m1[0;34m1[0;34m1[0;34m1[0;34m1
[0m[0;34m1[0;34m0[0;34m0[0;34m0[0;34m1
[0m[0;34m1[0;34m0[0;34mS[0;34m0[0;34m1
[0m[0;34m1[0;34m0[0;34m0[0;34m0[0;34m1
[0m[0;34m1[0;34m0[0;34m0[0;34m0[0;34m1
[0m[0;34m1[0;34m0[0;34m0[0;34m0[0;34m1
[0m[0;34m1[0;34m1[0;34m0[0;34m0[0;34m1
[0m[0;34m1[0;34m0[0;34m0[0;34m0[0;34m1
[0m[0;34m1[0;34m0[0;34m0[0;34m0[0;34m1
[0m[0;34m1[0;34m0[0;34m0[0;34m0[0;34m1
[0m[0;34m1[0;34m0[0;34m0[0;34m0[0;34m1
[0m[0;34m1[0;34m0[0;34m0[0;34m0[0;34m1
[0m[0;34m1[0;34m1[0;34m1[0;34m1[0;34m1
[0mExit code: 1
‚ö†Ô∏è No Valgrind alerts, but with leaks[0m  
==3513== Memcheck, a memory error detector
==3513== Copyright (C) 2002-2022, and GNU GPL'd, by Julian Seward et al.
==3513== Using Valgrind-3.22.0 and LibVEX; rerun with -h for copyright info
==3513== Command: ./cub3d ./maps/bad/textures_not_xpm.cub
==3513== Parent PID: 3323
==3513== 
==3513== 
==3513== HEAP SUMMARY:
==3513==     in use at exit: 684 bytes in 40 blocks
==3513==   total heap usage: 130 allocs, 90 frees, 7,975 bytes allocated
==3513== 
==3513== LEAK SUMMARY:
==3513==    definitely lost: 378 bytes in 6 blocks
==3513==    indirectly lost: 306 bytes in 34 blocks
==3513==      possibly lost: 0 bytes in 0 blocks
==3513==    still reachable: 0 bytes in 0 blocks
==3513==         suppressed: 0 bytes in 0 blocks
==3513== Rerun with --leak-check=full to see details of leaked memory
==3513== 
==3513== For lists of detected and suppressed errors, rerun with: -s
==3513== ERROR SUMMARY: 0 errors from 0 contexts (suppressed: 0 from 0)
Running valgrind on ./maps/bad/wall_hole_east.cub...

[0;31m Error:[Walls check] incorrect vertical walls 
[0m [0;34mN[0;34mO[0;34m [0;34mt[0;34me[0;34mx[0;34mt[0;34mu[0;34mr[0;34me[0;34ms[0;34m/[0;34mt[0;34me[0;34ms[0;34mt[0;34m/[0;34mn[0;34mo[0;34mr[0;34mt[0;34mh[0;34m.[0;34mx[0;34mp[0;34mm
[0m[0;34mS[0;34mO[0;34m [0;34mt[0;34me[0;34mx[0;34mt[0;34mu[0;34mr[0;34me[0;34ms[0;34m/[0;34mt[0;34me[0;34ms[0;34mt[0;34m/[0;34ms[0;34mo[0;34mu[0;34mt[0;34mh[0;34m.[0;34mx[0;34mp[0;34mm
[0m[0;34mW[0;34mE[0;34m [0;34mt[0;34me[0;34mx[0;34mt[0;34mu[0;34mr[0;34me[0;34ms[0;34m/[0;34mt[0;34me[0;34ms[0;34mt[0;34m/[0;34mw[0;34me[0;34ms[0;34mt[0;34m.[0;34mx[0;34mp[0;34mm
[0m[0;34mE[0;34mA[0;34m [0;34mt[0;34me[0;34mx[0;34mt[0;34mu[0;34mr[0;34me[0;34ms[0;34m/[0;34mt[0;34me[0;34ms[0;34mt[0;34m/[0;34me[0;34ma[0;34ms[0;34mt[0;34m.[0;34mx[0;34mp[0;34mm
[0m
[0m[0;34mF[0;34m [0;34m2[0;34m0[0;34m,[0;34m2[0;34m0[0;34m,[0;34m2[0;34m0
[0m[0;34mC[0;34m [0;34m2[0;34m0[0;34m0[0;34m,[0;34m2[0;34m0[0;34m0[0;34m,[0;34m2[0;34m0[0;34m0
[0m
[0m[0;34m1[0;34m1[0;34m1[0;34m1[0;34m1
[0m[0;34m1[0;34m0[0;34m0[0;34m0[0;34m1
[0m[0;34m1[0;34m0[0;34mS[0;34m0[0;34m1
[0m[0;34m1[0;34m0[0;34m0[0;34m0[0;34m1
[0m[0;34m1[0;34m0[0;34m0[0;34m0[0;34m1
[0m[0;34m1[0;34m0[0;34m0[0;34m0[0;34m1
[0m[0;34m1[0;34m1[0;34m0[0;34m0[0;34m0
[0m[0;34m1[0;34m0[0;34m0[0;34m0[0;34m1
[0m[0;34m1[0;34m0[0;34m0[0;34m0[0;34m1
[0m[0;34m1[0;34m0[0;34m0[0;34m0[0;34m1
[0m[0;34m1[0;34m0[0;34m0[0;34m0[0;34m1
[0m[0;34m1[0;34m0[0;34m0[0;34m0[0;34m1
[0m[0;34m1[0;34m1[0;34m1[0;34m1[0;34m1
[0mExit code: 1
‚ö†Ô∏è No Valgrind alerts, but with leaks[0m  
==3516== Memcheck, a memory error detector
==3516== Copyright (C) 2002-2022, and GNU GPL'd, by Julian Seward et al.
==3516== Using Valgrind-3.22.0 and LibVEX; rerun with -h for copyright info
==3516== Command: ./cub3d ./maps/bad/wall_hole_east.cub
==3516== Parent PID: 3323
==3516== 
==3516== 
==3516== HEAP SUMMARY:
==3516==     in use at exit: 598 bytes in 36 blocks
==3516==   total heap usage: 126 allocs, 90 frees, 7,925 bytes allocated
==3516== 
==3516== LEAK SUMMARY:
==3516==    definitely lost: 288 bytes in 2 blocks
==3516==    indirectly lost: 310 bytes in 34 blocks
==3516==      possibly lost: 0 bytes in 0 blocks
==3516==    still reachable: 0 bytes in 0 blocks
==3516==         suppressed: 0 bytes in 0 blocks
==3516== Rerun with --leak-check=full to see details of leaked memory
==3516== 
==3516== For lists of detected and suppressed errors, rerun with: -s
==3516== ERROR SUMMARY: 0 errors from 0 contexts (suppressed: 0 from 0)
Running valgrind on ./maps/bad/wall_hole_north.cub...

[0;31m Error:[Walls check] incorrect horizontal walls
[0m [0;34mN[0;34mO[0;34m [0;34mt[0;34me[0;34mx[0;34mt[0;34mu[0;34mr[0;34me[0;34ms[0;34m/[0;34mt[0;34me[0;34ms[0;34mt[0;34m/[0;34mn[0;34mo[0;34mr[0;34mt[0;34mh[0;34m.[0;34mx[0;34mp[0;34mm
[0m[0;34mS[0;34mO[0;34m [0;34mt[0;34me[0;34mx[0;34mt[0;34mu[0;34mr[0;34me[0;34ms[0;34m/[0;34mt[0;34me[0;34ms[0;34mt[0;34m/[0;34ms[0;34mo[0;34mu[0;34mt[0;34mh[0;34m.[0;34mx[0;34mp[0;34mm
[0m[0;34mW[0;34mE[0;34m [0;34mt[0;34me[0;34mx[0;34mt[0;34mu[0;34mr[0;34me[0;34ms[0;34m/[0;34mt[0;34me[0;34ms[0;34mt[0;34m/[0;34mw[0;34me[0;34ms[0;34mt[0;34m.[0;34mx[0;34mp[0;34mm
[0m[0;34mE[0;34mA[0;34m [0;34mt[0;34me[0;34mx[0;34mt[0;34mu[0;34mr[0;34me[0;34ms[0;34m/[0;34mt[0;34me[0;34ms[0;34mt[0;34m/[0;34me[0;34ma[0;34ms[0;34mt[0;34m.[0;34mx[0;34mp[0;34mm
[0m
[0m[0;34mF[0;34m [0;34m2[0;34m0[0;34m,[0;34m2[0;34m0[0;34m,[0;34m2[0;34m0
[0m[0;34mC[0;34m [0;34m2[0;34m0[0;34m0[0;34m,[0;34m2[0;34m0[0;34m0[0;34m,[0;34m2[0;34m0[0;34m0
[0m
[0m[0;34m1[0;34m1[0;34m0[0;34m1[0;34m1
[0m[0;34m1[0;34m0[0;34m0[0;34m0[0;34m1
[0m[0;34m1[0;34m0[0;34mS[0;34m0[0;34m1
[0m[0;34m1[0;34m0[0;34m0[0;34m0[0;34m1
[0m[0;34m1[0;34m0[0;34m0[0;34m0[0;34m1
[0m[0;34m1[0;34m0[0;34m0[0;34m0[0;34m1
[0m[0;34m1[0;34m1[0;34m0[0;34m0[0;34m1
[0m[0;34m1[0;34m0[0;34m0[0;34m0[0;34m1
[0m[0;34m1[0;34m0[0;34m0[0;34m0[0;34m1
[0m[0;34m1[0;34m0[0;34m0[0;34m0[0;34m1
[0m[0;34m1[0;34m0[0;34m0[0;34m0[0;34m1
[0m[0;34m1[0;34m0[0;34m0[0;34m0[0;34m1
[0m[0;34m1[0;34m1[0;34m1[0;34m1[0;34m1
[0mExit code: 1
‚ö†Ô∏è No Valgrind alerts, but with leaks[0m  
==3519== Memcheck, a memory error detector
==3519== Copyright (C) 2002-2022, and GNU GPL'd, by Julian Seward et al.
==3519== Using Valgrind-3.22.0 and LibVEX; rerun with -h for copyright info
==3519== Command: ./cub3d ./maps/bad/wall_hole_north.cub
==3519== Parent PID: 3323
==3519== 
==3519== 
==3519== HEAP SUMMARY:
==3519==     in use at exit: 598 bytes in 36 blocks
==3519==   total heap usage: 126 allocs, 90 frees, 7,925 bytes allocated
==3519== 
==3519== LEAK SUMMARY:
==3519==    definitely lost: 288 bytes in 2 blocks
==3519==    indirectly lost: 310 bytes in 34 blocks
==3519==      possibly lost: 0 bytes in 0 blocks
==3519==    still reachable: 0 bytes in 0 blocks
==3519==         suppressed: 0 bytes in 0 blocks
==3519== Rerun with --leak-check=full to see details of leaked memory
==3519== 
==3519== For lists of detected and suppressed errors, rerun with: -s
==3519== ERROR SUMMARY: 0 errors from 0 contexts (suppressed: 0 from 0)
Running valgrind on ./maps/bad/wall_hole_south.cub...

[0;31m Error:[Walls check] incorrect horizontal walls
[0m [0;34mN[0;34mO[0;34m [0;34mt[0;34me[0;34mx[0;34mt[0;34mu[0;34mr[0;34me[0;34ms[0;34m/[0;34mt[0;34me[0;34ms[0;34mt[0;34m/[0;34mn[0;34mo[0;34mr[0;34mt[0;34mh[0;34m.[0;34mx[0;34mp[0;34mm
[0m[0;34mS[0;34mO[0;34m [0;34mt[0;34me[0;34mx[0;34mt[0;34mu[0;34mr[0;34me[0;34ms[0;34m/[0;34mt[0;34me[0;34ms[0;34mt[0;34m/[0;34ms[0;34mo[0;34mu[0;34mt[0;34mh[0;34m.[0;34mx[0;34mp[0;34mm
[0m[0;34mW[0;34mE[0;34m [0;34mt[0;34me[0;34mx[0;34mt[0;34mu[0;34mr[0;34me[0;34ms[0;34m/[0;34mt[0;34me[0;34ms[0;34mt[0;34m/[0;34mw[0;34me[0;34ms[0;34mt[0;34m.[0;34mx[0;34mp[0;34mm
[0m[0;34mE[0;34mA[0;34m [0;34mt[0;34me[0;34mx[0;34mt[0;34mu[0;34mr[0;34me[0;34ms[0;34m/[0;34mt[0;34me[0;34ms[0;34mt[0;34m/[0;34me[0;34ma[0;34ms[0;34mt[0;34m.[0;34mx[0;34mp[0;34mm
[0m
[0m[0;34mF[0;34m [0;34m2[0;34m0[0;34m,[0;34m2[0;34m0[0;34m,[0;34m2[0;34m0
[0m[0;34mC[0;34m [0;34m2[0;34m0[0;34m0[0;34m,[0;34m2[0;34m0[0;34m0[0;34m,[0;34m2[0;34m0[0;34m0
[0m
[0m[0;34m1[0;34m1[0;34m1[0;34m1[0;34m1
[0m[0;34m1[0;34m0[0;34m0[0;34m0[0;34m1
[0m[0;34m1[0;34m0[0;34mS[0;34m0[0;34m1
[0m[0;34m1[0;34m0[0;34m0[0;34m0[0;34m1
[0m[0;34m1[0;34m0[0;34m0[0;34m0[0;34m1
[0m[0;34m1[0;34m0[0;34m0[0;34m0[0;34m1
[0m[0;34m1[0;34m1[0;34m0[0;34m0[0;34m1
[0m[0;34m1[0;34m0[0;34m0[0;34m0[0;34m1
[0m[0;34m1[0;34m0[0;34m0[0;34m0[0;34m1
[0m[0;34m1[0;34m0[0;34m0[0;34m0[0;34m1
[0m[0;34m1[0;34m0[0;34m0[0;34m0[0;34m1
[0m[0;34m1[0;34m0[0;34m0[0;34m0[0;34m1
[0m[0;34m1[0;34m1[0;34m0[0;34m1[0;34m1
[0mExit code: 1
‚ö†Ô∏è No Valgrind alerts, but with leaks[0m  
==3522== Memcheck, a memory error detector
==3522== Copyright (C) 2002-2022, and GNU GPL'd, by Julian Seward et al.
==3522== Using Valgrind-3.22.0 and LibVEX; rerun with -h for copyright info
==3522== Command: ./cub3d ./maps/bad/wall_hole_south.cub
==3522== Parent PID: 3323
==3522== 
==3522== 
==3522== HEAP SUMMARY:
==3522==     in use at exit: 598 bytes in 36 blocks
==3522==   total heap usage: 126 allocs, 90 frees, 7,925 bytes allocated
==3522== 
==3522== LEAK SUMMARY:
==3522==    definitely lost: 288 bytes in 2 blocks
==3522==    indirectly lost: 310 bytes in 34 blocks
==3522==      possibly lost: 0 bytes in 0 blocks
==3522==    still reachable: 0 bytes in 0 blocks
==3522==         suppressed: 0 bytes in 0 blocks
==3522== Rerun with --leak-check=full to see details of leaked memory
==3522== 
==3522== For lists of detected and suppressed errors, rerun with: -s
==3522== ERROR SUMMARY: 0 errors from 0 contexts (suppressed: 0 from 0)
Running valgrind on ./maps/bad/wall_hole_west.cub...

[0;31m Error:[Map check in file] Invalid map placement or format
[0m [0;34mN[0;34mO[0;34m [0;34mt[0;34me[0;34mx[0;34mt[0;34mu[0;34mr[0;34me[0;34ms[0;34m/[0;34mt[0;34me[0;34ms[0;34mt[0;34m/[0;34mn[0;34mo[0;34mr[0;34mt[0;34mh[0;34m.[0;34mx[0;34mp[0;34mm
[0m[0;34mS[0;34mO[0;34m [0;34mt[0;34me[0;34mx[0;34mt[0;34mu[0;34mr[0;34me[0;34ms[0;34m/[0;34mt[0;34me[0;34ms[0;34mt[0;34m/[0;34ms[0;34mo[0;34mu[0;34mt[0;34mh[0;34m.[0;34mx[0;34mp[0;34mm
[0m[0;34mW[0;34mE[0;34m [0;34mt[0;34me[0;34mx[0;34mt[0;34mu[0;34mr[0;34me[0;34ms[0;34m/[0;34mt[0;34me[0;34ms[0;34mt[0;34m/[0;34mw[0;34me[0;34ms[0;34mt[0;34m.[0;34mx[0;34mp[0;34mm
[0m[0;34mE[0;34mA[0;34m [0;34mt[0;34me[0;34mx[0;34mt[0;34mu[0;34mr[0;34me[0;34ms[0;34m/[0;34mt[0;34me[0;34ms[0;34mt[0;34m/[0;34me[0;34ma[0;34ms[0;34mt[0;34m.[0;34mx[0;34mp[0;34mm
[0m
[0m[0;34mF[0;34m [0;34m2[0;34m0[0;34m,[0;34m2[0;34m0[0;34m,[0;34m2[0;34m0
[0m[0;34mC[0;34m [0;34m2[0;34m0[0;34m0[0;34m,[0;34m2[0;34m0[0;34m0[0;34m,[0;34m2[0;34m0[0;34m0
[0m
[0m[0;34m1[0;34m1[0;34m1[0;34m1[0;34m1
[0m[0;34m1[0;34m0[0;34m0[0;34m0[0;34m1
[0m[0;34m1[0;34m0[0;34mS[0;34m0[0;34m1
[0m[0;34m1[0;34m0[0;34m0[0;34m0[0;34m1
[0m[0;34m1[0;34m0[0;34m0[0;34m0[0;34m1
[0m[0;34m0[0;34m0[0;34m0[0;34m0[0;34m1
[0m[0;34m1[0;34m1[0;34m0[0;34m0[0;34m1
[0m[0;34m1[0;34m0[0;34m0[0;34m0[0;34m1
[0m[0;34m1[0;34m0[0;34m0[0;34m0[0;34m1
[0m[0;34m1[0;34m0[0;34m0[0;34m0[0;34m1
[0m[0;34m1[0;34m0[0;34m0[0;34m0[0;34m1
[0m[0;34m1[0;34m0[0;34m0[0;34m0[0;34m1
[0m[0;34m1[0;34m1[0;34m1[0;34m1[0;34m1
[0mExit code: 1
‚ö†Ô∏è No Valgrind alerts, but with leaks[0m  
==3543== Memcheck, a memory error detector
==3543== Copyright (C) 2002-2022, and GNU GPL'd, by Julian Seward et al.
==3543== Using Valgrind-3.22.0 and LibVEX; rerun with -h for copyright info
==3543== Command: ./cub3d ./maps/bad/wall_hole_west.cub
==3543== Parent PID: 3323
==3543== 
==3543== 
==3543== HEAP SUMMARY:
==3543==     in use at exit: 408 bytes in 22 blocks
==3543==   total heap usage: 99 allocs, 77 frees, 7,657 bytes allocated
==3543== 
==3543== LEAK SUMMARY:
==3543==    definitely lost: 176 bytes in 1 blocks
==3543==    indirectly lost: 232 bytes in 21 blocks
==3543==      possibly lost: 0 bytes in 0 blocks
==3543==    still reachable: 0 bytes in 0 blocks
==3543==         suppressed: 0 bytes in 0 blocks
==3543== Rerun with --leak-check=full to see details of leaked memory
==3543== 
==3543== For lists of detected and suppressed errors, rerun with: -s
==3543== ERROR SUMMARY: 0 errors from 0 contexts (suppressed: 0 from 0)
Running valgrind on ./maps/bad/wall_none.cub...

[0;31m Error:[Map start] No map or incorrect placement
[0m [0;34mN[0;34mO[0;34m [0;34mt[0;34me[0;34mx[0;34mt[0;34mu[0;34mr[0;34me[0;34ms[0;34m/[0;34mt[0;34me[0;34ms[0;34mt[0;34m/[0;34mn[0;34mo[0;34mr[0;34mt[0;34mh[0;34m.[0;34mx[0;34mp[0;34mm
[0m[0;34mS[0;34mO[0;34m [0;34mt[0;34me[0;34mx[0;34mt[0;34mu[0;34mr[0;34me[0;34ms[0;34m/[0;34mt[0;34me[0;34ms[0;34mt[0;34m/[0;34ms[0;34mo[0;34mu[0;34mt[0;34mh[0;34m.[0;34mx[0;34mp[0;34mm
[0m[0;34mW[0;34mE[0;34m [0;34mt[0;34me[0;34mx[0;34mt[0;34mu[0;34mr[0;34me[0;34ms[0;34m/[0;34mt[0;34me[0;34ms[0;34mt[0;34m/[0;34mw[0;34me[0;34ms[0;34mt[0;34m.[0;34mx[0;34mp[0;34mm
[0m[0;34mE[0;34mA[0;34m [0;34mt[0;34me[0;34mx[0;34mt[0;34mu[0;34mr[0;34me[0;34ms[0;34m/[0;34mt[0;34me[0;34ms[0;34mt[0;34m/[0;34me[0;34ma[0;34ms[0;34mt[0;34m.[0;34mx[0;34mp[0;34mm
[0m
[0m[0;34mF[0;34m [0;34m2[0;34m0[0;34m,[0;34m2[0;34m0[0;34m,[0;34m2[0;34m0
[0m[0;34mC[0;34m [0;34m2[0;34m0[0;34m0[0;34m,[0;34m2[0;34m0[0;34m0[0;34m,[0;34m2[0;34m0[0;34m0
[0m
[0m[0;34m0[0;34m0[0;34m0[0;34m0[0;34m0
[0m[0;34m0[0;34m0[0;34m0[0;34m0[0;34m0
[0m[0;34m0[0;34m0[0;34mS[0;34m0[0;34m0
[0m[0;34m0[0;34m0[0;34m0[0;34m0[0;34m0
[0m[0;34m0[0;34m0[0;34m0[0;34m0[0;34m0
[0m[0;34m0[0;34m0[0;34m0[0;34m0[0;34m0
[0m[0;34m0[0;34m0[0;34m0[0;34m0[0;34m0
[0m[0;34m0[0;34m0[0;34m0[0;34m0[0;34m0
[0m[0;34m0[0;34m0[0;34m0[0;34m0[0;34m0
[0m[0;34m0[0;34m0[0;34m0[0;34m0[0;34m0
[0m[0;34m0[0;34m0[0;34m0[0;34m0[0;34m0
[0m[0;34m0[0;34m0[0;34m0[0;34m0[0;34m0
[0m[0;34m0[0;34m0[0;34m0[0;34m0[0;34m0
[0mExit code: 1
‚ö†Ô∏è No Valgrind alerts, but with leaks[0m  
==3546== Memcheck, a memory error detector
==3546== Copyright (C) 2002-2022, and GNU GPL'd, by Julian Seward et al.
==3546== Using Valgrind-3.22.0 and LibVEX; rerun with -h for copyright info
==3546== Command: ./cub3d ./maps/bad/wall_none.cub
==3546== Parent PID: 3323
==3546== 
==3546== 
==3546== HEAP SUMMARY:
==3546==     in use at exit: 408 bytes in 22 blocks
==3546==   total heap usage: 99 allocs, 77 frees, 7,657 bytes allocated
==3546== 
==3546== LEAK SUMMARY:
==3546==    definitely lost: 176 bytes in 1 blocks
==3546==    indirectly lost: 232 bytes in 21 blocks
==3546==      possibly lost: 0 bytes in 0 blocks
==3546==    still reachable: 0 bytes in 0 blocks
==3546==         suppressed: 0 bytes in 0 blocks
==3546== Rerun with --leak-check=full to see details of leaked memory
==3546== 
==3546== For lists of detected and suppressed errors, rerun with: -s
==3546== ERROR SUMMARY: 0 errors from 0 contexts (suppressed: 0 from 0)
Valgrind tests completed. Results saved to test_output.txt.
Starting Valgrind tests...
Running valgrind on ./maps/bad/color_invalid_rgb.cub...

[0;31m Error:[Color] color number out of range
[0m [0;34mN[0;34mO[0;34m [0;34mt[0;34me[0;34mx[0;34mt[0;34mu[0;34mr[0;34me[0;34ms[0;34m/[0;34mt[0;34me[0;34ms[0;34mt[0;34m/[0;34mn[0;34mo[0;34mr[0;34mt[0;34mh[0;34m.[0;34mx[0;34mp[0;34mm
[0m[0;34mS[0;34mO[0;34m [0;34mt[0;34me[0;34mx[0;34mt[0;34mu[0;34mr[0;34me[0;34ms[0;34m/[0;34mt[0;34me[0;34ms[0;34mt[0;34m/[0;34ms[0;34mo[0;34mu[0;34mt[0;34mh[0;34m.[0;34mx[0;34mp[0;34mm
[0m[0;34mW[0;34mE[0;34m [0;34mt[0;34me[0;34mx[0;34mt[0;34mu[0;34mr[0;34me[0;34ms[0;34m/[0;34mt[0;34me[0;34ms[0;34mt[0;34m/[0;34mw[0;34me[0;34ms[0;34mt[0;34m.[0;34mx[0;34mp[0;34mm
[0m[0;34mE[0;34mA[0;34m [0;34mt[0;34me[0;34mx[0;34mt[0;34mu[0;34mr[0;34me[0;34ms[0;34m/[0;34mt[0;34me[0;34ms[0;34mt[0;34m/[0;34me[0;34ma[0;34ms[0;34mt[0;34m.[0;34mx[0;34mp[0;34mm
[0m
[0m[0;34mF[0;34m [0;34m2[0;34m0[0;34m,[0;34m2[0;34m0[0;34m,[0;34m-[0;34m2[0;34m0
[0m[0;34mC[0;34m [0;34m2[0;34m0[0;34m0[0;34m,[0;34m2[0;34m0[0;34m0[0;34m,[0;34m2[0;34m0[0;34m0
[0m
[0m[0;34m1[0;34m1[0;34m1[0;34m1[0;34m1
[0m[0;34m1[0;34m0[0;34m0[0;34m0[0;34m1
[0m[0;34m1[0;34m0[0;34mS[0;34m0[0;34m1
[0m[0;34m1[0;34m0[0;34m0[0;34m0[0;34m1
[0m[0;34m1[0;34m0[0;34m0[0;34m0[0;34m1
[0m[0;34m1[0;34m0[0;34m0[0;34m0[0;34m1
[0m[0;34m1[0;34m1[0;34m0[0;34m0[0;34m1
[0m[0;34m1[0;34m0[0;34m0[0;34m0[0;34m1
[0m[0;34m1[0;34m0[0;34m0[0;34m0[0;34m1
[0m[0;34m1[0;34m0[0;34m0[0;34m0[0;34m1
[0m[0;34m1[0;34m0[0;34m0[0;34m0[0;34m1
[0m[0;34m1[0;34m0[0;34m0[0;34m0[0;34m1
[0m[0;34m1[0;34m1[0;34m1[0;34m1[0;34m1
[0mExit code: 1
‚ö†Ô∏è No Valgrind alerts, but with leaks[0m  
==6255== Memcheck, a memory error detector
==6255== Copyright (C) 2002-2022, and GNU GPL'd, by Julian Seward et al.
==6255== Using Valgrind-3.22.0 and LibVEX; rerun with -h for copyright info
==6255== Command: ./cub3d ./maps/bad/color_invalid_rgb.cub
==6255== Parent PID: 6253
==6255== 
==6255== 
==6255== HEAP SUMMARY:
==6255==     in use at exit: 801 bytes in 50 blocks
==6255==   total heap usage: 142 allocs, 92 frees, 8,135 bytes allocated
==6255== 
==6255== LEAK SUMMARY:
==6255==    definitely lost: 468 bytes in 10 blocks
==6255==    indirectly lost: 333 bytes in 40 blocks
==6255==      possibly lost: 0 bytes in 0 blocks
==6255==    still reachable: 0 bytes in 0 blocks
==6255==         suppressed: 0 bytes in 0 blocks
==6255== Rerun with --leak-check=full to see details of leaked memory
==6255== 
==6255== For lists of detected and suppressed errors, rerun with: -s
==6255== ERROR SUMMARY: 0 errors from 0 contexts (suppressed: 0 from 0)
Running valgrind on ./maps/bad/color_missing_ceiling_rgb.cub...

[0;31m Error:[Color] incorrect numbers
[0m [0;34mN[0;34mO[0;34m [0;34mt[0;34me[0;34mx[0;34mt[0;34mu[0;34mr[0;34me[0;34ms[0;34m/[0;34mt[0;34me[0;34ms[0;34mt[0;34m/[0;34mn[0;34mo[0;34mr[0;34mt[0;34mh[0;34m.[0;34mx[0;34mp[0;34mm
[0m[0;34mS[0;34mO[0;34m [0;34mt[0;34me[0;34mx[0;34mt[0;34mu[0;34mr[0;34me[0;34ms[0;34m/[0;34mt[0;34me[0;34ms[0;34mt[0;34m/[0;34ms[0;34mo[0;34mu[0;34mt[0;34mh[0;34m.[0;34mx[0;34mp[0;34mm
[0m[0;34mW[0;34mE[0;34m [0;34mt[0;34me[0;34mx[0;34mt[0;34mu[0;34mr[0;34me[0;34ms[0;34m/[0;34mt[0;34me[0;34ms[0;34mt[0;34m/[0;34mw[0;34me[0;34ms[0;34mt[0;34m.[0;34mx[0;34mp[0;34mm
[0m[0;34mE[0;34mA[0;34m [0;34mt[0;34me[0;34mx[0;34mt[0;34mu[0;34mr[0;34me[0;34ms[0;34m/[0;34mt[0;34me[0;34ms[0;34mt[0;34m/[0;34me[0;34ma[0;34ms[0;34mt[0;34m.[0;34mx[0;34mp[0;34mm
[0m
[0m[0;34mF[0;34m [0;34m2[0;34m0[0;34m,[0;34m2[0;34m0[0;34m,[0;34m2[0;34m0
[0m[0;34mC[0;34m [0;34m2[0;34m0[0;34m0[0;34m,[0;34m2[0;34m0[0;34m0[0;34m,
[0m
[0m[0;34m1[0;34m1[0;34m1[0;34m1[0;34m1
[0m[0;34m1[0;34m0[0;34m0[0;34m0[0;34m1
[0m[0;34m1[0;34m0[0;34mS[0;34m0[0;34m1
[0m[0;34m1[0;34m0[0;34m0[0;34m0[0;34m1
[0m[0;34m1[0;34m0[0;34m0[0;34m0[0;34m1
[0m[0;34m1[0;34m0[0;34m0[0;34m0[0;34m1
[0m[0;34m1[0;34m1[0;34m0[0;34m0[0;34m1
[0m[0;34m1[0;34m0[0;34m0[0;34m0[0;34m1
[0m[0;34m1[0;34m0[0;34m0[0;34m0[0;34m1
[0m[0;34m1[0;34m0[0;34m0[0;34m0[0;34m1
[0m[0;34m1[0;34m0[0;34m0[0;34m0[0;34m1
[0m[0;34m1[0;34m0[0;34m0[0;34m0[0;34m1
[0m[0;34m1[0;34m1[0;34m1[0;34m1[0;34m1
[0mExit code: 1
‚ö†Ô∏è No Valgrind alerts, but with leaks[0m  
==6258== Memcheck, a memory error detector
==6258== Copyright (C) 2002-2022, and GNU GPL'd, by Julian Seward et al.
==6258== Using Valgrind-3.22.0 and LibVEX; rerun with -h for copyright info
==6258== Command: ./cub3d ./maps/bad/color_missing_ceiling_rgb.cub
==6258== Parent PID: 6253
==6258== 
==6258== 
==6258== HEAP SUMMARY:
==6258==     in use at exit: 780 bytes in 49 blocks
==6258==   total heap usage: 141 allocs, 92 frees, 8,082 bytes allocated
==6258== 
==6258== LEAK SUMMARY:
==6258==    definitely lost: 456 bytes in 10 blocks
==6258==    indirectly lost: 324 bytes in 39 blocks
==6258==      possibly lost: 0 bytes in 0 blocks
==6258==    still reachable: 0 bytes in 0 blocks
==6258==         suppressed: 0 bytes in 0 blocks
==6258== Rerun with --leak-check=full to see details of leaked memory
==6258== 
==6258== For lists of detected and suppressed errors, rerun with: -s
==6258== ERROR SUMMARY: 0 errors from 0 contexts (suppressed: 0 from 0)
Running valgrind on ./maps/bad/color_missing.cub...

[0;31m Error:[Color] colors are not complete
[0m [0;34mN[0;34mO[0;34m [0;34mt[0;34me[0;34mx[0;34mt[0;34mu[0;34mr[0;34me[0;34ms[0;34m/[0;34mt[0;34me[0;34ms[0;34mt[0;34m/[0;34mn[0;34mo[0;34mr[0;34mt[0;34mh[0;34m.[0;34mx[0;34mp[0;34mm
[0m[0;34mS[0;34mO[0;34m [0;34mt[0;34me[0;34mx[0;34mt[0;34mu[0;34mr[0;34me[0;34ms[0;34m/[0;34mt[0;34me[0;34ms[0;34mt[0;34m/[0;34ms[0;34mo[0;34mu[0;34mt[0;34mh[0;34m.[0;34mx[0;34mp[0;34mm
[0m[0;34mW[0;34mE[0;34m [0;34mt[0;34me[0;34mx[0;34mt[0;34mu[0;34mr[0;34me[0;34ms[0;34m/[0;34mt[0;34me[0;34ms[0;34mt[0;34m/[0;34mw[0;34me[0;34ms[0;34mt[0;34m.[0;34mx[0;34mp[0;34mm
[0m[0;34mE[0;34mA[0;34m [0;34mt[0;34me[0;34mx[0;34mt[0;34mu[0;34mr[0;34me[0;34ms[0;34m/[0;34mt[0;34me[0;34ms[0;34mt[0;34m/[0;34me[0;34ma[0;34ms[0;34mt[0;34m.[0;34mx[0;34mp[0;34mm
[0m
[0m[0;34mC[0;34m [0;34m2[0;34m0[0;34m0[0;34m,[0;34m2[0;34m0[0;34m0[0;34m,[0;34m2[0;34m0[0;34m0
[0m
[0m[0;34m1[0;34m1[0;34m1[0;34m1[0;34m1
[0m[0;34m1[0;34m0[0;34m0[0;34m0[0;34m1
[0m[0;34m1[0;34m0[0;34mS[0;34m0[0;34m1
[0m[0;34m1[0;34m0[0;34m0[0;34m0[0;34m1
[0m[0;34m1[0;34m0[0;34m0[0;34m0[0;34m1
[0m[0;34m1[0;34m0[0;34m0[0;34m0[0;34m1
[0m[0;34m1[0;34m1[0;34m0[0;34m0[0;34m1
[0m[0;34m1[0;34m0[0;34m0[0;34m0[0;34m1
[0m[0;34m1[0;34m0[0;34m0[0;34m0[0;34m1
[0m[0;34m1[0;34m0[0;34m0[0;34m0[0;34m1
[0m[0;34m1[0;34m0[0;34m0[0;34m0[0;34m1
[0m[0;34m1[0;34m0[0;34m0[0;34m0[0;34m1
[0m[0;34m1[0;34m1[0;34m1[0;34m1[0;34m1
[0mExit code: 1
‚ö†Ô∏è No Valgrind alerts, but with leaks[0m  
==6281== Memcheck, a memory error detector
==6281== Copyright (C) 2002-2022, and GNU GPL'd, by Julian Seward et al.
==6281== Using Valgrind-3.22.0 and LibVEX; rerun with -h for copyright info
==6281== Command: ./cub3d ./maps/bad/color_missing.cub
==6281== Parent PID: 6253
==6281== 
==6281== 
==6281== HEAP SUMMARY:
==6281==     in use at exit: 728 bytes in 44 blocks
==6281==   total heap usage: 132 allocs, 88 frees, 7,876 bytes allocated
==6281== 
==6281== LEAK SUMMARY:
==6281==    definitely lost: 418 bytes in 8 blocks
==6281==    indirectly lost: 310 bytes in 36 blocks
==6281==      possibly lost: 0 bytes in 0 blocks
==6281==    still reachable: 0 bytes in 0 blocks
==6281==         suppressed: 0 bytes in 0 blocks
==6281== Rerun with --leak-check=full to see details of leaked memory
==6281== 
==6281== For lists of detected and suppressed errors, rerun with: -s
==6281== ERROR SUMMARY: 0 errors from 0 contexts (suppressed: 0 from 0)
Running valgrind on ./maps/bad/color_missing_floor_rgb.cub...

[0;31m Error:[Color] incorrect numbers
[0m [0;34mN[0;34mO[0;34m [0;34mt[0;34me[0;34mx[0;34mt[0;34mu[0;34mr[0;34me[0;34ms[0;34m/[0;34mt[0;34me[0;34ms[0;34mt[0;34m/[0;34mn[0;34mo[0;34mr[0;34mt[0;34mh[0;34m.[0;34mx[0;34mp[0;34mm
[0m[0;34mS[0;34mO[0;34m [0;34mt[0;34me[0;34mx[0;34mt[0;34mu[0;34mr[0;34me[0;34ms[0;34m/[0;34mt[0;34me[0;34ms[0;34mt[0;34m/[0;34ms[0;34mo[0;34mu[0;34mt[0;34mh[0;34m.[0;34mx[0;34mp[0;34mm
[0m[0;34mW[0;34mE[0;34m [0;34mt[0;34me[0;34mx[0;34mt[0;34mu[0;34mr[0;34me[0;34ms[0;34m/[0;34mt[0;34me[0;34ms[0;34mt[0;34m/[0;34mw[0;34me[0;34ms[0;34mt[0;34m.[0;34mx[0;34mp[0;34mm
[0m[0;34mE[0;34mA[0;34m [0;34mt[0;34me[0;34mx[0;34mt[0;34mu[0;34mr[0;34me[0;34ms[0;34m/[0;34mt[0;34me[0;34ms[0;34mt[0;34m/[0;34me[0;34ma[0;34ms[0;34mt[0;34m.[0;34mx[0;34mp[0;34mm
[0m
[0m[0;34mF[0;34m [0;34m2[0;34m0[0;34m,[0;34m2[0;34m0
[0m[0;34mC[0;34m [0;34m2[0;34m0[0;34m0[0;34m,[0;34m2[0;34m0[0;34m0[0;34m,[0;34m2[0;34m0[0;34m0
[0m
[0m[0;34m1[0;34m1[0;34m1[0;34m1[0;34m1
[0m[0;34m1[0;34m0[0;34m0[0;34m0[0;34m1
[0m[0;34m1[0;34m0[0;34mS[0;34m0[0;34m1
[0m[0;34m1[0;34m0[0;34m0[0;34m0[0;34m1
[0m[0;34m1[0;34m0[0;34m0[0;34m0[0;34m1
[0m[0;34m1[0;34m0[0;34m0[0;34m0[0;34m1
[0m[0;34m1[0;34m1[0;34m0[0;34m0[0;34m1
[0m[0;34m1[0;34m0[0;34m0[0;34m0[0;34m1
[0m[0;34m1[0;34m0[0;34m0[0;34m0[0;34m1
[0m[0;34m1[0;34m0[0;34m0[0;34m0[0;34m1
[0m[0;34m1[0;34m0[0;34m0[0;34m0[0;34m1
[0m[0;34m1[0;34m0[0;34m0[0;34m0[0;34m1
[0m[0;34m1[0;34m1[0;34m1[0;34m1[0;34m1
[0mExit code: 1
‚ö†Ô∏è No Valgrind alerts, but with leaks[0m  
==6306== Memcheck, a memory error detector
==6306== Copyright (C) 2002-2022, and GNU GPL'd, by Julian Seward et al.
==6306== Using Valgrind-3.22.0 and LibVEX; rerun with -h for copyright info
==6306== Command: ./cub3d ./maps/bad/color_missing_floor_rgb.cub
==6306== Parent PID: 6253
==6306== 
==6306== 
==6306== HEAP SUMMARY:
==6306==     in use at exit: 781 bytes in 49 blocks
==6306==   total heap usage: 141 allocs, 92 frees, 8,089 bytes allocated
==6306== 
==6306== LEAK SUMMARY:
==6306==    definitely lost: 456 bytes in 10 blocks
==6306==    indirectly lost: 325 bytes in 39 blocks
==6306==      possibly lost: 0 bytes in 0 blocks
==6306==    still reachable: 0 bytes in 0 blocks
==6306==         suppressed: 0 bytes in 0 blocks
==6306== Rerun with --leak-check=full to see details of leaked memory
==6306== 
==6306== For lists of detected and suppressed errors, rerun with: -s
==6306== ERROR SUMMARY: 0 errors from 0 contexts (suppressed: 0 from 0)
Running valgrind on ./maps/bad/color_none.cub...

[0;31m Error:[Color] colors are not complete
[0m [0;34mN[0;34mO[0;34m [0;34mt[0;34me[0;34mx[0;34mt[0;34mu[0;34mr[0;34me[0;34ms[0;34m/[0;34mt[0;34me[0;34ms[0;34mt[0;34m/[0;34mn[0;34mo[0;34mr[0;34mt[0;34mh[0;34m.[0;34mx[0;34mp[0;34mm
[0m[0;34mS[0;34mO[0;34m [0;34mt[0;34me[0;34mx[0;34mt[0;34mu[0;34mr[0;34me[0;34ms[0;34m/[0;34mt[0;34me[0;34ms[0;34mt[0;34m/[0;34ms[0;34mo[0;34mu[0;34mt[0;34mh[0;34m.[0;34mx[0;34mp[0;34mm
[0m[0;34mW[0;34mE[0;34m [0;34mt[0;34me[0;34mx[0;34mt[0;34mu[0;34mr[0;34me[0;34ms[0;34m/[0;34mt[0;34me[0;34ms[0;34mt[0;34m/[0;34mw[0;34me[0;34ms[0;34mt[0;34m.[0;34mx[0;34mp[0;34mm
[0m[0;34mE[0;34mA[0;34m [0;34mt[0;34me[0;34mx[0;34mt[0;34mu[0;34mr[0;34me[0;34ms[0;34m/[0;34mt[0;34me[0;34ms[0;34mt[0;34m/[0;34me[0;34ma[0;34ms[0;34mt[0;34m.[0;34mx[0;34mp[0;34mm
[0m
[0m[0;34m1[0;34m1[0;34m1[0;34m1[0;34m1
[0m[0;34m1[0;34m0[0;34m0[0;34m0[0;34m1
[0m[0;34m1[0;34m0[0;34mS[0;34m0[0;34m1
[0m[0;34m1[0;34m0[0;34m0[0;34m0[0;34m1
[0m[0;34m1[0;34m0[0;34m0[0;34m0[0;34m1
[0m[0;34m1[0;34m0[0;34m0[0;34m0[0;34m1
[0m[0;34m1[0;34m1[0;34m0[0;34m0[0;34m1
[0m[0;34m1[0;34m0[0;34m0[0;34m0[0;34m1
[0m[0;34m1[0;34m0[0;34m0[0;34m0[0;34m1
[0m[0;34m1[0;34m0[0;34m0[0;34m0[0;34m1
[0m[0;34m1[0;34m0[0;34m0[0;34m0[0;34m1
[0m[0;34m1[0;34m0[0;34m0[0;34m0[0;34m1
[0m[0;34m1[0;34m1[0;34m1[0;34m1[0;34m1
[0mExit code: 1
‚ö†Ô∏è No Valgrind alerts, but with leaks[0m  
==6309== Memcheck, a memory error detector
==6309== Copyright (C) 2002-2022, and GNU GPL'd, by Julian Seward et al.
==6309== Using Valgrind-3.22.0 and LibVEX; rerun with -h for copyright info
==6309== Command: ./cub3d ./maps/bad/color_none.cub
==6309== Parent PID: 6253
==6309== 
==6309== 
==6309== HEAP SUMMARY:
==6309==     in use at exit: 639 bytes in 37 blocks
==6309==   total heap usage: 117 allocs, 80 frees, 7,292 bytes allocated
==6309== 
==6309== LEAK SUMMARY:
==6309==    definitely lost: 358 bytes in 6 blocks
==6309==    indirectly lost: 281 bytes in 31 blocks
==6309==      possibly lost: 0 bytes in 0 blocks
==6309==    still reachable: 0 bytes in 0 blocks
==6309==         suppressed: 0 bytes in 0 blocks
==6309== Rerun with --leak-check=full to see details of leaked memory
==6309== 
==6309== For lists of detected and suppressed errors, rerun with: -s
==6309== ERROR SUMMARY: 0 errors from 0 contexts (suppressed: 0 from 0)
Running valgrind on ./maps/bad/empty.cub...
[0;31m Error:[Read file] file is empty
[0m Exit code: 1
[0;32m‚úÖ No Valgrind alerts, no leaks[0m  
==6312== Memcheck, a memory error detector
==6312== Copyright (C) 2002-2022, and GNU GPL'd, by Julian Seward et al.
==6312== Using Valgrind-3.22.0 and LibVEX; rerun with -h for copyright info
==6312== Command: ./cub3d ./maps/bad/empty.cub
==6312== Parent PID: 6253
==6312== 
==6312== 
==6312== HEAP SUMMARY:
==6312==     in use at exit: 0 bytes in 0 blocks
==6312==   total heap usage: 5 allocs, 5 frees, 170 bytes allocated
==6312== 
==6312== All heap blocks were freed -- no leaks are possible
==6312== 
==6312== For lists of detected and suppressed errors, rerun with: -s
==6312== ERROR SUMMARY: 0 errors from 0 contexts (suppressed: 0 from 0)
Running valgrind on ./maps/bad/file_letter_end.cub...

[0;31m Error:[Map check in file] Empty line found
[0m [0;34mN[0;34mO[0;34m [0;34mt[0;34me[0;34mx[0;34mt[0;34mu[0;34mr[0;34me[0;34ms[0;34m/[0;34mt[0;34me[0;34ms[0;34mt[0;34m/[0;34mn[0;34mo[0;34mr[0;34mt[0;34mh[0;34m.[0;34mx[0;34mp[0;34mm
[0m[0;34mS[0;34mO[0;34m [0;34mt[0;34me[0;34mx[0;34mt[0;34mu[0;34mr[0;34me[0;34ms[0;34m/[0;34mt[0;34me[0;34ms[0;34mt[0;34m/[0;34ms[0;34mo[0;34mu[0;34mt[0;34mh[0;34m.[0;34mx[0;34mp[0;34mm
[0m[0;34mW[0;34mE[0;34m [0;34mt[0;34me[0;34mx[0;34mt[0;34mu[0;34mr[0;34me[0;34ms[0;34m/[0;34mt[0;34me[0;34ms[0;34mt[0;34m/[0;34mw[0;34me[0;34ms[0;34mt[0;34m.[0;34mx[0;34mp[0;34mm
[0m[0;34mE[0;34mA[0;34m [0;34mt[0;34me[0;34mx[0;34mt[0;34mu[0;34mr[0;34me[0;34ms[0;34m/[0;34mt[0;34me[0;34ms[0;34mt[0;34m/[0;34me[0;34ma[0;34ms[0;34mt[0;34m.[0;34mx[0;34mp[0;34mm
[0m
[0m[0;34mF[0;34m [0;34m2[0;34m0[0;34m,[0;34m2[0;34m0[0;34m,[0;34m2[0;34m0
[0m[0;34mC[0;34m [0;34m2[0;34m0[0;34m0[0;34m,[0;34m2[0;34m0[0;34m0[0;34m,[0;34m2[0;34m0[0;34m0
[0m
[0m[0;34m1[0;34m1[0;34m1[0;34m1[0;34m1
[0m[0;34m1[0;34m0[0;34m0[0;34m0[0;34m1
[0m[0;34m1[0;34m0[0;34mS[0;34m0[0;34m1
[0m[0;34m1[0;34m0[0;34m0[0;34m0[0;34m1
[0m[0;34m1[0;34m0[0;34m0[0;34m0[0;34m1
[0m[0;34m1[0;34m0[0;34m0[0;34m0[0;34m1
[0m[0;34m1[0;34m1[0;34m0[0;34m0[0;34m1
[0m[0;34m1[0;34m0[0;34m0[0;34m0[0;34m1
[0m[0;34m1[0;34m0[0;34m0[0;34m0[0;34m1
[0m[0;34m1[0;34m0[0;34m0[0;34m0[0;34m1
[0m[0;34m1[0;34m0[0;34m0[0;34m0[0;34m1
[0m[0;34m1[0;34m0[0;34m0[0;34m0[0;34m1
[0m[0;34m1[0;34m1[0;34m1[0;34m1[0;34m1
[0m
[0m
[0m
[0m
[0m
[0m
[0m
[0m
[0m
[0m
[0m
[0m
[0m
[0m[0;34m1
[0mExit code: 1
‚ö†Ô∏è No Valgrind alerts, but with leaks[0m  
==6333== Memcheck, a memory error detector
==6333== Copyright (C) 2002-2022, and GNU GPL'd, by Julian Seward et al.
==6333== Using Valgrind-3.22.0 and LibVEX; rerun with -h for copyright info
==6333== Command: ./cub3d ./maps/bad/file_letter_end.cub
==6333== Parent PID: 6253
==6333== 
==6333== 
==6333== HEAP SUMMARY:
==6333==     in use at exit: 549 bytes in 36 blocks
==6333==   total heap usage: 156 allocs, 120 frees, 11,449 bytes allocated
==6333== 
==6333== LEAK SUMMARY:
==6333==    definitely lost: 288 bytes in 1 blocks
==6333==    indirectly lost: 261 bytes in 35 blocks
==6333==      possibly lost: 0 bytes in 0 blocks
==6333==    still reachable: 0 bytes in 0 blocks
==6333==         suppressed: 0 bytes in 0 blocks
==6333== Rerun with --leak-check=full to see details of leaked memory
==6333== 
==6333== For lists of detected and suppressed errors, rerun with: -s
==6333== ERROR SUMMARY: 0 errors from 0 contexts (suppressed: 0 from 0)
Running valgrind on ./maps/bad/filetype_missing...
[0;31m Error:[Check args] no map or invalid map extension
[0m Exit code: 1
[0;32m‚úÖ No Valgrind alerts, no leaks[0m  
==6357== Memcheck, a memory error detector
==6357== Copyright (C) 2002-2022, and GNU GPL'd, by Julian Seward et al.
==6357== Using Valgrind-3.22.0 and LibVEX; rerun with -h for copyright info
==6357== Command: ./cub3d ./maps/bad/filetype_missing
==6357== Parent PID: 6253
==6357== 
==6357== 
==6357== HEAP SUMMARY:
==6357==     in use at exit: 0 bytes in 0 blocks
==6357==   total heap usage: 3 allocs, 3 frees, 144 bytes allocated
==6357== 
==6357== All heap blocks were freed -- no leaks are possible
==6357== 
==6357== For lists of detected and suppressed errors, rerun with: -s
==6357== ERROR SUMMARY: 0 errors from 0 contexts (suppressed: 0 from 0)
Running valgrind on ./maps/bad/filetype_wrong.buc...
[0;31m Error:[Check args] no map or invalid map extension
[0m Exit code: 1
[0;32m‚úÖ No Valgrind alerts, no leaks[0m  
==6360== Memcheck, a memory error detector
==6360== Copyright (C) 2002-2022, and GNU GPL'd, by Julian Seward et al.
==6360== Using Valgrind-3.22.0 and LibVEX; rerun with -h for copyright info
==6360== Command: ./cub3d ./maps/bad/filetype_wrong.buc
==6360== Parent PID: 6253
==6360== 
==6360== 
==6360== HEAP SUMMARY:
==6360==     in use at exit: 0 bytes in 0 blocks
==6360==   total heap usage: 3 allocs, 3 frees, 144 bytes allocated
==6360== 
==6360== All heap blocks were freed -- no leaks are possible
==6360== 
==6360== For lists of detected and suppressed errors, rerun with: -s
==6360== ERROR SUMMARY: 0 errors from 0 contexts (suppressed: 0 from 0)
Running valgrind on ./maps/bad/map_first.cub...

[0;31m Error:[Map start] No map or incorrect placement
[0m [0;34m1[0;34m1[0;34m1[0;34m1[0;34m1
[0m[0;34m1[0;34m0[0;34m0[0;34m0[0;34m1
[0m[0;34m1[0;34m0[0;34mS[0;34m0[0;34m1
[0m[0;34m1[0;34m0[0;34m0[0;34m0[0;34m1
[0m[0;34m1[0;34m0[0;34m0[0;34m0[0;34m1
[0m[0;34m1[0;34m0[0;34m0[0;34m0[0;34m1
[0m[0;34m1[0;34m1[0;34m0[0;34m0[0;34m1
[0m[0;34m1[0;34m0[0;34m0[0;34m0[0;34m1
[0m[0;34m1[0;34m0[0;34m0[0;34m0[0;34m1
[0m[0;34m1[0;34m0[0;34m0[0;34m0[0;34m1
[0m[0;34m1[0;34m0[0;34m0[0;34m0[0;34m1
[0m[0;34m1[0;34m0[0;34m0[0;34m0[0;34m1
[0m[0;34m1[0;34m1[0;34m1[0;34m1[0;34m1
[0m
[0m[0;34mN[0;34mO[0;34m [0;34mt[0;34me[0;34mx[0;34mt[0;34mu[0;34mr[0;34me[0;34ms[0;34m/[0;34mt[0;34me[0;34ms[0;34mt[0;34m/[0;34mn[0;34mo[0;34mr[0;34mt[0;34mh[0;34m.[0;34mx[0;34mp[0;34mm
[0m[0;34mS[0;34mO[0;34m [0;34mt[0;34me[0;34mx[0;34mt[0;34mu[0;34mr[0;34me[0;34ms[0;34m/[0;34mt[0;34me[0;34ms[0;34mt[0;34m/[0;34ms[0;34mo[0;34mu[0;34mt[0;34mh[0;34m.[0;34mx[0;34mp[0;34mm
[0m[0;34mW[0;34mE[0;34m [0;34mt[0;34me[0;34mx[0;34mt[0;34mu[0;34mr[0;34me[0;34ms[0;34m/[0;34mt[0;34me[0;34ms[0;34mt[0;34m/[0;34mw[0;34me[0;34ms[0;34mt[0;34m.[0;34mx[0;34mp[0;34mm
[0m[0;34mE[0;34mA[0;34m [0;34mt[0;34me[0;34mx[0;34mt[0;34mu[0;34mr[0;34me[0;34ms[0;34m/[0;34mt[0;34me[0;34ms[0;34mt[0;34m/[0;34me[0;34ma[0;34ms[0;34mt[0;34m.[0;34mx[0;34mp[0;34mm
[0m
[0m[0;34mF[0;34m [0;34m2[0;34m0[0;34m,[0;34m2[0;34m0[0;34m,[0;34m2[0;34m0
[0m[0;34mC[0;34m [0;34m2[0;34m0[0;34m0[0;34m,[0;34m2[0;34m0[0;34m0[0;34m,[0;34m2[0;34m0[0;34m0
[0mExit code: 1
‚ö†Ô∏è No Valgrind alerts, but with leaks[0m  
==6363== Memcheck, a memory error detector
==6363== Copyright (C) 2002-2022, and GNU GPL'd, by Julian Seward et al.
==6363== Using Valgrind-3.22.0 and LibVEX; rerun with -h for copyright info
==6363== Command: ./cub3d ./maps/bad/map_first.cub
==6363== Parent PID: 6253
==6363== 
==6363== 
==6363== HEAP SUMMARY:
==6363==     in use at exit: 408 bytes in 22 blocks
==6363==   total heap usage: 99 allocs, 77 frees, 7,572 bytes allocated
==6363== 
==6363== LEAK SUMMARY:
==6363==    definitely lost: 176 bytes in 1 blocks
==6363==    indirectly lost: 232 bytes in 21 blocks
==6363==      possibly lost: 0 bytes in 0 blocks
==6363==    still reachable: 0 bytes in 0 blocks
==6363==         suppressed: 0 bytes in 0 blocks
==6363== Rerun with --leak-check=full to see details of leaked memory
==6363== 
==6363== For lists of detected and suppressed errors, rerun with: -s
==6363== ERROR SUMMARY: 0 errors from 0 contexts (suppressed: 0 from 0)
Running valgrind on ./maps/bad/map_middle.cub...

[0;31m Error:[Map check in file] Empty line found
[0m [0;34mN[0;34mO[0;34m [0;34mt[0;34me[0;34mx[0;34mt[0;34mu[0;34mr[0;34me[0;34ms[0;34m/[0;34mt[0;34me[0;34ms[0;34mt[0;34m/[0;34mn[0;34mo[0;34mr[0;34mt[0;34mh[0;34m.[0;34mx[0;34mp[0;34mm
[0m[0;34mS[0;34mO[0;34m [0;34mt[0;34me[0;34mx[0;34mt[0;34mu[0;34mr[0;34me[0;34ms[0;34m/[0;34mt[0;34me[0;34ms[0;34mt[0;34m/[0;34ms[0;34mo[0;34mu[0;34mt[0;34mh[0;34m.[0;34mx[0;34mp[0;34mm
[0m[0;34mW[0;34mE[0;34m [0;34mt[0;34me[0;34mx[0;34mt[0;34mu[0;34mr[0;34me[0;34ms[0;34m/[0;34mt[0;34me[0;34ms[0;34mt[0;34m/[0;34mw[0;34me[0;34ms[0;34mt[0;34m.[0;34mx[0;34mp[0;34mm
[0m[0;34mE[0;34mA[0;34m [0;34mt[0;34me[0;34mx[0;34mt[0;34mu[0;34mr[0;34me[0;34ms[0;34m/[0;34mt[0;34me[0;34ms[0;34mt[0;34m/[0;34me[0;34ma[0;34ms[0;34mt[0;34m.[0;34mx[0;34mp[0;34mm
[0m
[0m[0;34m1[0;34m1[0;34m1[0;34m1[0;34m1
[0m[0;34m1[0;34m0[0;34m0[0;34m0[0;34m1
[0m[0;34m1[0;34m0[0;34mS[0;34m0[0;34m1
[0m[0;34m1[0;34m0[0;34m0[0;34m0[0;34m1
[0m[0;34m1[0;34m0[0;34m0[0;34m0[0;34m1
[0m[0;34m1[0;34m0[0;34m0[0;34m0[0;34m1
[0m[0;34m1[0;34m1[0;34m0[0;34m0[0;34m1
[0m[0;34m1[0;34m0[0;34m0[0;34m0[0;34m1
[0m[0;34m1[0;34m0[0;34m0[0;34m0[0;34m1
[0m[0;34m1[0;34m0[0;34m0[0;34m0[0;34m1
[0m[0;34m1[0;34m0[0;34m0[0;34m0[0;34m1
[0m[0;34m1[0;34m0[0;34m0[0;34m0[0;34m1
[0m[0;34m1[0;34m1[0;34m1[0;34m1[0;34m1
[0m
[0m[0;34mF[0;34m [0;34m2[0;34m0[0;34m,[0;34m2[0;34m0[0;34m,[0;34m2[0;34m0
[0m[0;34mC[0;34m [0;34m2[0;34m0[0;34m0[0;34m,[0;34m2[0;34m0[0;34m0[0;34m,[0;34m2[0;34m0[0;34m0
[0m
[0m
[0mExit code: 1
‚ö†Ô∏è No Valgrind alerts, but with leaks[0m  
==6366== Memcheck, a memory error detector
==6366== Copyright (C) 2002-2022, and GNU GPL'd, by Julian Seward et al.
==6366== Using Valgrind-3.22.0 and LibVEX; rerun with -h for copyright info
==6366== Command: ./cub3d ./maps/bad/map_middle.cub
==6366== Parent PID: 6253
==6366== 
==6366== 
==6366== HEAP SUMMARY:
==6366==     in use at exit: 428 bytes in 24 blocks
==6366==   total heap usage: 107 allocs, 83 frees, 8,059 bytes allocated
==6366== 
==6366== LEAK SUMMARY:
==6366==    definitely lost: 192 bytes in 1 blocks
==6366==    indirectly lost: 236 bytes in 23 blocks
==6366==      possibly lost: 0 bytes in 0 blocks
==6366==    still reachable: 0 bytes in 0 blocks
==6366==         suppressed: 0 bytes in 0 blocks
==6366== Rerun with --leak-check=full to see details of leaked memory
==6366== 
==6366== For lists of detected and suppressed errors, rerun with: -s
==6366== ERROR SUMMARY: 0 errors from 0 contexts (suppressed: 0 from 0)
Running valgrind on ./maps/bad/map_missing.cub...

[0;31m Error:[Map start] No map or incorrect placement
[0m [0;34mN[0;34mO[0;34m [0;34mt[0;34me[0;34mx[0;34mt[0;34mu[0;34mr[0;34me[0;34ms[0;34m/[0;34mt[0;34me[0;34ms[0;34mt[0;34m/[0;34mn[0;34mo[0;34mr[0;34mt[0;34mh[0;34m.[0;34mx[0;34mp[0;34mm
[0m[0;34mS[0;34mO[0;34m [0;34mt[0;34me[0;34mx[0;34mt[0;34mu[0;34mr[0;34me[0;34ms[0;34m/[0;34mt[0;34me[0;34ms[0;34mt[0;34m/[0;34ms[0;34mo[0;34mu[0;34mt[0;34mh[0;34m.[0;34mx[0;34mp[0;34mm
[0m[0;34mW[0;34mE[0;34m [0;34mt[0;34me[0;34mx[0;34mt[0;34mu[0;34mr[0;34me[0;34ms[0;34m/[0;34mt[0;34me[0;34ms[0;34mt[0;34m/[0;34mw[0;34me[0;34ms[0;34mt[0;34m.[0;34mx[0;34mp[0;34mm
[0m[0;34mE[0;34mA[0;34m [0;34mt[0;34me[0;34mx[0;34mt[0;34mu[0;34mr[0;34me[0;34ms[0;34m/[0;34mt[0;34me[0;34ms[0;34mt[0;34m/[0;34me[0;34ma[0;34ms[0;34mt[0;34m.[0;34mx[0;34mp[0;34mm
[0m
[0m[0;34mF[0;34m [0;34m2[0;34m0[0;34m,[0;34m2[0;34m0[0;34m,[0;34m2[0;34m0
[0m[0;34mC[0;34m [0;34m2[0;34m0[0;34m0[0;34m,[0;34m2[0;34m0[0;34m0[0;34m,[0;34m2[0;34m0[0;34m0
[0m
[0mExit code: 1
‚ö†Ô∏è No Valgrind alerts, but with leaks[0m  
==6369== Memcheck, a memory error detector
==6369== Copyright (C) 2002-2022, and GNU GPL'd, by Julian Seward et al.
==6369== Using Valgrind-3.22.0 and LibVEX; rerun with -h for copyright info
==6369== Command: ./cub3d ./maps/bad/map_missing.cub
==6369== Parent PID: 6253
==6369== 
==6369== 
==6369== HEAP SUMMARY:
==6369==     in use at exit: 213 bytes in 9 blocks
==6369==   total heap usage: 44 allocs, 35 frees, 5,280 bytes allocated
==6369== 
==6369== LEAK SUMMARY:
==6369==    definitely lost: 72 bytes in 1 blocks
==6369==    indirectly lost: 141 bytes in 8 blocks
==6369==      possibly lost: 0 bytes in 0 blocks
==6369==    still reachable: 0 bytes in 0 blocks
==6369==         suppressed: 0 bytes in 0 blocks
==6369== Rerun with --leak-check=full to see details of leaked memory
==6369== 
==6369== For lists of detected and suppressed errors, rerun with: -s
==6369== ERROR SUMMARY: 0 errors from 0 contexts (suppressed: 0 from 0)
Running valgrind on ./maps/bad/map_only.cub...

[0;31m Error:[Map start] No map or incorrect placement
[0m [0;34m1[0;34m1[0;34m1[0;34m1[0;34m1
[0m[0;34m1[0;34m0[0;34m0[0;34m0[0;34m1
[0m[0;34m1[0;34m0[0;34mS[0;34m0[0;34m1
[0m[0;34m1[0;34m0[0;34m0[0;34m0[0;34m1
[0m[0;34m1[0;34m0[0;34m0[0;34m0[0;34m1
[0m[0;34m1[0;34m0[0;34m0[0;34m0[0;34m1
[0m[0;34m1[0;34m1[0;34m0[0;34m0[0;34m1
[0m[0;34m1[0;34m0[0;34m0[0;34m0[0;34m1
[0m[0;34m1[0;34m0[0;34m0[0;34m0[0;34m1
[0m[0;34m1[0;34m0[0;34m0[0;34m0[0;34m1
[0m[0;34m1[0;34m0[0;34m0[0;34m0[0;34m1
[0m[0;34m1[0;34m0[0;34m0[0;34m0[0;34m1
[0m[0;34m1[0;34m1[0;34m1[0;34m1[0;34m1
[0mExit code: 1
‚ö†Ô∏è No Valgrind alerts, but with leaks[0m  
==6372== Memcheck, a memory error detector
==6372== Copyright (C) 2002-2022, and GNU GPL'd, by Julian Seward et al.
==6372== Using Valgrind-3.22.0 and LibVEX; rerun with -h for copyright info
==6372== Command: ./cub3d ./maps/bad/map_only.cub
==6372== Parent PID: 6253
==6372== 
==6372== 
==6372== HEAP SUMMARY:
==6372==     in use at exit: 203 bytes in 14 blocks
==6372==   total heap usage: 62 allocs, 48 frees, 5,730 bytes allocated
==6372== 
==6372== LEAK SUMMARY:
==6372==    definitely lost: 112 bytes in 1 blocks
==6372==    indirectly lost: 91 bytes in 13 blocks
==6372==      possibly lost: 0 bytes in 0 blocks
==6372==    still reachable: 0 bytes in 0 blocks
==6372==         suppressed: 0 bytes in 0 blocks
==6372== Rerun with --leak-check=full to see details of leaked memory
==6372== 
==6372== For lists of detected and suppressed errors, rerun with: -s
==6372== ERROR SUMMARY: 0 errors from 0 contexts (suppressed: 0 from 0)
Running valgrind on ./maps/bad/map_too_small.cub...

[0;31m Error:[Map check in file] Invalid map size
[0m [0;34mN[0;34mO[0;34m [0;34mt[0;34me[0;34mx[0;34mt[0;34mu[0;34mr[0;34me[0;34ms[0;34m/[0;34mt[0;34me[0;34ms[0;34mt[0;34m/[0;34mn[0;34mo[0;34mr[0;34mt[0;34mh[0;34m.[0;34mx[0;34mp[0;34mm
[0m[0;34mS[0;34mO[0;34m [0;34mt[0;34me[0;34mx[0;34mt[0;34mu[0;34mr[0;34me[0;34ms[0;34m/[0;34mt[0;34me[0;34ms[0;34mt[0;34m/[0;34ms[0;34mo[0;34mu[0;34mt[0;34mh[0;34m.[0;34mx[0;34mp[0;34mm
[0m[0;34mW[0;34mE[0;34m [0;34mt[0;34me[0;34mx[0;34mt[0;34mu[0;34mr[0;34me[0;34ms[0;34m/[0;34mt[0;34me[0;34ms[0;34mt[0;34m/[0;34mw[0;34me[0;34ms[0;34mt[0;34m.[0;34mx[0;34mp[0;34mm
[0m[0;34mE[0;34mA[0;34m [0;34mt[0;34me[0;34mx[0;34mt[0;34mu[0;34mr[0;34me[0;34ms[0;34m/[0;34mt[0;34me[0;34ms[0;34mt[0;34m/[0;34me[0;34ma[0;34ms[0;34mt[0;34m.[0;34mx[0;34mp[0;34mm
[0m
[0m[0;34mF[0;34m [0;34m2[0;34m0[0;34m,[0;34m2[0;34m0[0;34m,[0;34m2[0;34m0
[0m[0;34mC[0;34m [0;34m2[0;34m0[0;34m0[0;34m,[0;34m2[0;34m0[0;34m0[0;34m,[0;34m2[0;34m0[0;34m0
[0m
[0m[0;34m1[0;34m1[0;34m1
[0m[0;34m1[0;34m1[0;34m1
[0mExit code: 1
‚ö†Ô∏è No Valgrind alerts, but with leaks[0m  
==6375== Memcheck, a memory error detector
==6375== Copyright (C) 2002-2022, and GNU GPL'd, by Julian Seward et al.
==6375== Using Valgrind-3.22.0 and LibVEX; rerun with -h for copyright info
==6375== Command: ./cub3d ./maps/bad/map_too_small.cub
==6375== Parent PID: 6253
==6375== 
==6375== 
==6375== HEAP SUMMARY:
==6375==     in use at exit: 239 bytes in 11 blocks
==6375==   total heap usage: 52 allocs, 41 frees, 5,540 bytes allocated
==6375== 
==6375== LEAK SUMMARY:
==6375==    definitely lost: 88 bytes in 1 blocks
==6375==    indirectly lost: 151 bytes in 10 blocks
==6375==      possibly lost: 0 bytes in 0 blocks
==6375==    still reachable: 0 bytes in 0 blocks
==6375==         suppressed: 0 bytes in 0 blocks
==6375== Rerun with --leak-check=full to see details of leaked memory
==6375== 
==6375== For lists of detected and suppressed errors, rerun with: -s
==6375== ERROR SUMMARY: 0 errors from 0 contexts (suppressed: 0 from 0)
Running valgrind on ./maps/bad/player_multiple.cub...

[0;31m Error:[Map validation] invalid number of player 
[0m [0;34mN[0;34mO[0;34m [0;34mt[0;34me[0;34mx[0;34mt[0;34mu[0;34mr[0;34me[0;34ms[0;34m/[0;34mt[0;34me[0;34ms[0;34mt[0;34m/[0;34mn[0;34mo[0;34mr[0;34mt[0;34mh[0;34m.[0;34mx[0;34mp[0;34mm
[0m[0;34mS[0;34mO[0;34m [0;34mt[0;34me[0;34mx[0;34mt[0;34mu[0;34mr[0;34me[0;34ms[0;34m/[0;34mt[0;34me[0;34ms[0;34mt[0;34m/[0;34ms[0;34mo[0;34mu[0;34mt[0;34mh[0;34m.[0;34mx[0;34mp[0;34mm
[0m[0;34mW[0;34mE[0;34m [0;34mt[0;34me[0;34mx[0;34mt[0;34mu[0;34mr[0;34me[0;34ms[0;34m/[0;34mt[0;34me[0;34ms[0;34mt[0;34m/[0;34mw[0;34me[0;34ms[0;34mt[0;34m.[0;34mx[0;34mp[0;34mm
[0m[0;34mE[0;34mA[0;34m [0;34mt[0;34me[0;34mx[0;34mt[0;34mu[0;34mr[0;34me[0;34ms[0;34m/[0;34mt[0;34me[0;34ms[0;34mt[0;34m/[0;34me[0;34ma[0;34ms[0;34mt[0;34m.[0;34mx[0;34mp[0;34mm
[0m
[0m[0;34mF[0;34m [0;34m2[0;34m0[0;34m,[0;34m2[0;34m0[0;34m,[0;34m2[0;34m0
[0m[0;34mC[0;34m [0;34m2[0;34m0[0;34m0[0;34m,[0;34m2[0;34m0[0;34m0[0;34m,[0;34m2[0;34m0[0;34m0
[0m
[0m[0;34m1[0;34m1[0;34m1[0;34m1[0;34m1
[0m[0;34m1[0;34m0[0;34m0[0;34m0[0;34m1
[0m[0;34m1[0;34m0[0;34mS[0;34m0[0;34m1
[0m[0;34m1[0;34m0[0;34m0[0;34m0[0;34m1
[0m[0;34m1[0;34m0[0;34m0[0;34m0[0;34m1
[0m[0;34m1[0;34m0[0;34m0[0;34m0[0;34m1
[0m[0;34m1[0;34m1[0;34mE[0;34m0[0;34m1
[0m[0;34m1[0;34m0[0;34m0[0;34m0[0;34m1
[0m[0;34m1[0;34m0[0;34m0[0;34m0[0;34m1
[0m[0;34m1[0;34m0[0;34m0[0;34m0[0;34m1
[0m[0;34m1[0;34m0[0;34m0[0;34m0[0;34m1
[0m[0;34m1[0;34m0[0;34m0[0;34m0[0;34m1
[0m[0;34m1[0;34m1[0;34m1[0;34m1[0;34m1
[0mExit code: 1
‚ö†Ô∏è No Valgrind alerts, but with leaks[0m  
==6396== Memcheck, a memory error detector
==6396== Copyright (C) 2002-2022, and GNU GPL'd, by Julian Seward et al.
==6396== Using Valgrind-3.22.0 and LibVEX; rerun with -h for copyright info
==6396== Command: ./cub3d ./maps/bad/player_multiple.cub
==6396== Parent PID: 6253
==6396== 
==6396== 
==6396== HEAP SUMMARY:
==6396==     in use at exit: 598 bytes in 36 blocks
==6396==   total heap usage: 126 allocs, 90 frees, 7,925 bytes allocated
==6396== 
==6396== LEAK SUMMARY:
==6396==    definitely lost: 288 bytes in 2 blocks
==6396==    indirectly lost: 310 bytes in 34 blocks
==6396==      possibly lost: 0 bytes in 0 blocks
==6396==    still reachable: 0 bytes in 0 blocks
==6396==         suppressed: 0 bytes in 0 blocks
==6396== Rerun with --leak-check=full to see details of leaked memory
==6396== 
==6396== For lists of detected and suppressed errors, rerun with: -s
==6396== ERROR SUMMARY: 0 errors from 0 contexts (suppressed: 0 from 0)
Running valgrind on ./maps/bad/player_none.cub...

[0;31m Error:[Map validation] invalid number of player 
[0m [0;34mN[0;34mO[0;34m [0;34mt[0;34me[0;34mx[0;34mt[0;34mu[0;34mr[0;34me[0;34ms[0;34m/[0;34mt[0;34me[0;34ms[0;34mt[0;34m/[0;34mn[0;34mo[0;34mr[0;34mt[0;34mh[0;34m.[0;34mx[0;34mp[0;34mm
[0m[0;34mS[0;34mO[0;34m [0;34mt[0;34me[0;34mx[0;34mt[0;34mu[0;34mr[0;34me[0;34ms[0;34m/[0;34mt[0;34me[0;34ms[0;34mt[0;34m/[0;34ms[0;34mo[0;34mu[0;34mt[0;34mh[0;34m.[0;34mx[0;34mp[0;34mm
[0m[0;34mW[0;34mE[0;34m [0;34mt[0;34me[0;34mx[0;34mt[0;34mu[0;34mr[0;34me[0;34ms[0;34m/[0;34mt[0;34me[0;34ms[0;34mt[0;34m/[0;34mw[0;34me[0;34ms[0;34mt[0;34m.[0;34mx[0;34mp[0;34mm
[0m[0;34mE[0;34mA[0;34m [0;34mt[0;34me[0;34mx[0;34mt[0;34mu[0;34mr[0;34me[0;34ms[0;34m/[0;34mt[0;34me[0;34ms[0;34mt[0;34m/[0;34me[0;34ma[0;34ms[0;34mt[0;34m.[0;34mx[0;34mp[0;34mm
[0m
[0m[0;34mF[0;34m [0;34m2[0;34m0[0;34m,[0;34m2[0;34m0[0;34m,[0;34m2[0;34m0
[0m[0;34mC[0;34m [0;34m2[0;34m0[0;34m0[0;34m,[0;34m2[0;34m0[0;34m0[0;34m,[0;34m2[0;34m0[0;34m0
[0m
[0m[0;34m1[0;34m1[0;34m1[0;34m1[0;34m1
[0m[0;34m1[0;34m0[0;34m0[0;34m0[0;34m1
[0m[0;34m1[0;34m0[0;34m0[0;34m0[0;34m1
[0m[0;34m1[0;34m0[0;34m0[0;34m0[0;34m1
[0m[0;34m1[0;34m0[0;34m0[0;34m0[0;34m1
[0m[0;34m1[0;34m0[0;34m0[0;34m0[0;34m1
[0m[0;34m1[0;34m1[0;34m0[0;34m0[0;34m1
[0m[0;34m1[0;34m0[0;34m0[0;34m0[0;34m1
[0m[0;34m1[0;34m0[0;34m0[0;34m0[0;34m1
[0m[0;34m1[0;34m0[0;34m0[0;34m0[0;34m1
[0m[0;34m1[0;34m0[0;34m0[0;34m0[0;34m1
[0m[0;34m1[0;34m0[0;34m0[0;34m0[0;34m1
[0m[0;34m1[0;34m1[0;34m1[0;34m1[0;34m1
[0mExit code: 1
‚ö†Ô∏è No Valgrind alerts, but with leaks[0m  
==6399== Memcheck, a memory error detector
==6399== Copyright (C) 2002-2022, and GNU GPL'd, by Julian Seward et al.
==6399== Using Valgrind-3.22.0 and LibVEX; rerun with -h for copyright info
==6399== Command: ./cub3d ./maps/bad/player_none.cub
==6399== Parent PID: 6253
==6399== 
==6399== 
==6399== HEAP SUMMARY:
==6399==     in use at exit: 598 bytes in 36 blocks
==6399==   total heap usage: 126 allocs, 90 frees, 7,925 bytes allocated
==6399== 
==6399== LEAK SUMMARY:
==6399==    definitely lost: 288 bytes in 2 blocks
==6399==    indirectly lost: 310 bytes in 34 blocks
==6399==      possibly lost: 0 bytes in 0 blocks
==6399==    still reachable: 0 bytes in 0 blocks
==6399==         suppressed: 0 bytes in 0 blocks
==6399== Rerun with --leak-check=full to see details of leaked memory
==6399== 
==6399== For lists of detected and suppressed errors, rerun with: -s
==6399== ERROR SUMMARY: 0 errors from 0 contexts (suppressed: 0 from 0)
Running valgrind on ./maps/bad/player_on_edge.cub...

[0;31m Error:[Walls check] incorrect horizontal walls
[0m [0;34mN[0;34mO[0;34m [0;34mt[0;34me[0;34mx[0;34mt[0;34mu[0;34mr[0;34me[0;34ms[0;34m/[0;34mt[0;34me[0;34ms[0;34mt[0;34m/[0;34mn[0;34mo[0;34mr[0;34mt[0;34mh[0;34m.[0;34mx[0;34mp[0;34mm
[0m[0;34mS[0;34mO[0;34m [0;34mt[0;34me[0;34mx[0;34mt[0;34mu[0;34mr[0;34me[0;34ms[0;34m/[0;34mt[0;34me[0;34ms[0;34mt[0;34m/[0;34ms[0;34mo[0;34mu[0;34mt[0;34mh[0;34m.[0;34mx[0;34mp[0;34mm
[0m[0;34mW[0;34mE[0;34m [0;34mt[0;34me[0;34mx[0;34mt[0;34mu[0;34mr[0;34me[0;34ms[0;34m/[0;34mt[0;34me[0;34ms[0;34mt[0;34m/[0;34mw[0;34me[0;34ms[0;34mt[0;34m.[0;34mx[0;34mp[0;34mm
[0m[0;34mE[0;34mA[0;34m [0;34mt[0;34me[0;34mx[0;34mt[0;34mu[0;34mr[0;34me[0;34ms[0;34m/[0;34mt[0;34me[0;34ms[0;34mt[0;34m/[0;34me[0;34ma[0;34ms[0;34mt[0;34m.[0;34mx[0;34mp[0;34mm
[0m
[0m[0;34mF[0;34m [0;34m2[0;34m0[0;34m,[0;34m2[0;34m0[0;34m,[0;34m2[0;34m0
[0m[0;34mC[0;34m [0;34m2[0;34m0[0;34m0[0;34m,[0;34m2[0;34m0[0;34m0[0;34m,[0;34m2[0;34m0[0;34m0
[0m
[0m[0;34m1[0;34mS[0;34m1[0;34m1[0;34m1
[0m[0;34m1[0;34m0[0;34m0[0;34m0[0;34m1
[0m[0;34m1[0;34m0[0;34m0[0;34m0[0;34m1
[0m[0;34m1[0;34m0[0;34m0[0;34m0[0;34m1
[0m[0;34m1[0;34m0[0;34m0[0;34m0[0;34m1
[0m[0;34m1[0;34m0[0;34m0[0;34m0[0;34m1
[0m[0;34m1[0;34m1[0;34m0[0;34m0[0;34m1
[0m[0;34m1[0;34m0[0;34m0[0;34m0[0;34m1
[0m[0;34m1[0;34m0[0;34m0[0;34m0[0;34m1
[0m[0;34m1[0;34m0[0;34m0[0;34m0[0;34m1
[0m[0;34m1[0;34m0[0;34m0[0;34m0[0;34m1
[0m[0;34m1[0;34m0[0;34m0[0;34m0[0;34m1
[0m[0;34m1[0;34m1[0;34m1[0;34m1[0;34m1
[0mExit code: 1
‚ö†Ô∏è No Valgrind alerts, but with leaks[0m  
==6423== Memcheck, a memory error detector
==6423== Copyright (C) 2002-2022, and GNU GPL'd, by Julian Seward et al.
==6423== Using Valgrind-3.22.0 and LibVEX; rerun with -h for copyright info
==6423== Command: ./cub3d ./maps/bad/player_on_edge.cub
==6423== Parent PID: 6253
==6423== 
==6423== 
==6423== HEAP SUMMARY:
==6423==     in use at exit: 598 bytes in 36 blocks
==6423==   total heap usage: 126 allocs, 90 frees, 7,925 bytes allocated
==6423== 
==6423== LEAK SUMMARY:
==6423==    definitely lost: 288 bytes in 2 blocks
==6423==    indirectly lost: 310 bytes in 34 blocks
==6423==      possibly lost: 0 bytes in 0 blocks
==6423==    still reachable: 0 bytes in 0 blocks
==6423==         suppressed: 0 bytes in 0 blocks
==6423== Rerun with --leak-check=full to see details of leaked memory
==6423== 
==6423== For lists of detected and suppressed errors, rerun with: -s
==6423== ERROR SUMMARY: 0 errors from 0 contexts (suppressed: 0 from 0)
Running valgrind on ./maps/bad/textures_dir.cub...

[0;31m Error:[Texture verification] invalid texture format
[0m [0;34mN[0;34mO[0;34m [0;34mt[0;34me[0;34mx[0;34mt[0;34mu[0;34mr[0;34me[0;34ms[0;34m/[0;34mt[0;34me[0;34ms[0;34mt[0;34m/[0;34mn[0;34mo[0;34mr[0;34mt[0;34mh[0;34m.[0;34mx[0;34mp[0;34mm
[0m[0;34mS[0;34mO[0;34m [0;34mt[0;34me[0;34mx[0;34mt[0;34mu[0;34mr[0;34me[0;34ms[0;34m/[0;34mt[0;34me[0;34ms[0;34mt[0;34m/[0;34ms[0;34mo[0;34mu[0;34mt[0;34mh[0;34m.[0;34mx[0;34mp[0;34mm
[0m[0;34mW[0;34mE[0;34m [0;34mt[0;34me[0;34mx[0;34mt[0;34mu[0;34mr[0;34me[0;34ms[0;34m/[0;34mt[0;34me[0;34ms[0;34mt[0;34m/[0;34mw[0;34me[0;34ms[0;34mt[0;34m.[0;34mx[0;34mp[0;34mm
[0m[0;34mE[0;34mA[0;34m [0;34mt[0;34me[0;34mx[0;34mt[0;34mu[0;34mr[0;34me[0;34ms[0;34m/[0;34mt[0;34me[0;34ms[0;34mt[0;34m/
[0m
[0m[0;34mF[0;34m [0;34m2[0;34m0[0;34m,[0;34m2[0;34m0[0;34m,[0;34m2[0;34m0
[0m[0;34mC[0;34m [0;34m2[0;34m0[0;34m0[0;34m,[0;34m2[0;34m0[0;34m0[0;34m,[0;34m2[0;34m0[0;34m0
[0m
[0m[0;34m1[0;34m1[0;34m1[0;34m1[0;34m1
[0m[0;34m1[0;34m0[0;34m0[0;34m0[0;34m1
[0m[0;34m1[0;34m0[0;34mS[0;34m0[0;34m1
[0m[0;34m1[0;34m0[0;34m0[0;34m0[0;34m1
[0m[0;34m1[0;34m0[0;34m0[0;34m0[0;34m1
[0m[0;34m1[0;34m0[0;34m0[0;34m0[0;34m1
[0m[0;34m1[0;34m1[0;34m0[0;34m0[0;34m1
[0m[0;34m1[0;34m0[0;34m0[0;34m0[0;34m1
[0m[0;34m1[0;34m0[0;34m0[0;34m0[0;34m1
[0m[0;34m1[0;34m0[0;34m0[0;34m0[0;34m1
[0m[0;34m1[0;34m0[0;34m0[0;34m0[0;34m1
[0m[0;34m1[0;34m0[0;34m0[0;34m0[0;34m1
[0m[0;34m1[0;34m1[0;34m1[0;34m1[0;34m1
[0mExit code: 1
‚ö†Ô∏è No Valgrind alerts, but with leaks[0m  
==6426== Memcheck, a memory error detector
==6426== Copyright (C) 2002-2022, and GNU GPL'd, by Julian Seward et al.
==6426== Using Valgrind-3.22.0 and LibVEX; rerun with -h for copyright info
==6426== Command: ./cub3d ./maps/bad/textures_dir.cub
==6426== Parent PID: 6253
==6426== 
==6426== 
==6426== HEAP SUMMARY:
==6426==     in use at exit: 676 bytes in 40 blocks
==6426==   total heap usage: 130 allocs, 90 frees, 7,985 bytes allocated
==6426== 
==6426== LEAK SUMMARY:
==6426==    definitely lost: 374 bytes in 6 blocks
==6426==    indirectly lost: 302 bytes in 34 blocks
==6426==      possibly lost: 0 bytes in 0 blocks
==6426==    still reachable: 0 bytes in 0 blocks
==6426==         suppressed: 0 bytes in 0 blocks
==6426== Rerun with --leak-check=full to see details of leaked memory
==6426== 
==6426== For lists of detected and suppressed errors, rerun with: -s
==6426== ERROR SUMMARY: 0 errors from 0 contexts (suppressed: 0 from 0)
Running valgrind on ./maps/bad/textures_duplicates.cub...

[0;31m Error:[Texture] textures are not complete
[0m [0;34mN[0;34mO[0;34m [0;34mt[0;34me[0;34mx[0;34mt[0;34mu[0;34mr[0;34me[0;34ms[0;34m/[0;34mt[0;34me[0;34ms[0;34mt[0;34m/[0;34mn[0;34mo[0;34mr[0;34mt[0;34mh[0;34m.[0;34mx[0;34mp[0;34mm
[0m[0;34mS[0;34mO[0;34m [0;34mt[0;34me[0;34mx[0;34mt[0;34mu[0;34mr[0;34me[0;34ms[0;34m/[0;34mt[0;34me[0;34ms[0;34mt[0;34m/[0;34ms[0;34mo[0;34mu[0;34mt[0;34mh[0;34m.[0;34mx[0;34mp[0;34mm
[0m[0;34mW[0;34mE[0;34m [0;34mt[0;34me[0;34mx[0;34mt[0;34mu[0;34mr[0;34me[0;34ms[0;34m/[0;34mt[0;34me[0;34ms[0;34mt[0;34m/[0;34mw[0;34me[0;34ms[0;34mt[0;34m.[0;34mx[0;34mp[0;34mm
[0m[0;34mE[0;34mA
[0m
[0m[0;34mF[0;34m [0;34m2[0;34m0[0;34m,[0;34m2[0;34m0[0;34m,[0;34m2[0;34m0
[0m[0;34mC[0;34m [0;34m2[0;34m0[0;34m0[0;34m,[0;34m2[0;34m0[0;34m0[0;34m,[0;34m2[0;34m0[0;34m0
[0m
[0m[0;34m1[0;34m1[0;34m1[0;34m1[0;34m1
[0m[0;34m1[0;34m0[0;34m0[0;34m0[0;34m1
[0m[0;34m1[0;34m0[0;34mS[0;34m0[0;34m1
[0m[0;34m1[0;34m0[0;34m0[0;34m0[0;34m1
[0m[0;34m1[0;34m0[0;34m0[0;34m0[0;34m1
[0m[0;34m1[0;34m0[0;34m0[0;34m0[0;34m1
[0m[0;34m1[0;34m1[0;34m0[0;34m0[0;34m1
[0m[0;34m1[0;34m0[0;34m0[0;34m0[0;34m1
[0m[0;34m1[0;34m0[0;34m0[0;34m0[0;34m1
[0m[0;34m1[0;34m0[0;34m0[0;34m0[0;34m1
[0m[0;34m1[0;34m0[0;34m0[0;34m0[0;34m1
[0m[0;34m1[0;34m0[0;34m0[0;34m0[0;34m1
[0m[0;34m1[0;34m1[0;34m1[0;34m1[0;34m1
[0mExit code: 1
‚ö†Ô∏è No Valgrind alerts, but with leaks[0m  
==6429== Memcheck, a memory error detector
==6429== Copyright (C) 2002-2022, and GNU GPL'd, by Julian Seward et al.
==6429== Using Valgrind-3.22.0 and LibVEX; rerun with -h for copyright info
==6429== Command: ./cub3d ./maps/bad/textures_duplicates.cub
==6429== Parent PID: 6253
==6429== 
==6429== 
==6429== HEAP SUMMARY:
==6429==     in use at exit: 646 bytes in 39 blocks
==6429==   total heap usage: 128 allocs, 89 frees, 7,915 bytes allocated
==6429== 
==6429== LEAK SUMMARY:
==6429==    definitely lost: 359 bytes in 5 blocks
==6429==    indirectly lost: 287 bytes in 34 blocks
==6429==      possibly lost: 0 bytes in 0 blocks
==6429==    still reachable: 0 bytes in 0 blocks
==6429==         suppressed: 0 bytes in 0 blocks
==6429== Rerun with --leak-check=full to see details of leaked memory
==6429== 
==6429== For lists of detected and suppressed errors, rerun with: -s
==6429== ERROR SUMMARY: 0 errors from 0 contexts (suppressed: 0 from 0)
Running valgrind on ./maps/bad/textures_invalid.cub...

[0;31m Error:[Texture verification] invalid texture format
[0m [0;34mN[0;34mO[0;34m [0;34mt[0;34me[0;34mx[0;34mt[0;34mu[0;34mr[0;34me[0;34ms[0;34m/[0;34mt[0;34me[0;34ms[0;34mt[0;34m/[0;34mn[0;34mo[0;34mr[0;34mt[0;34mh[0;34m.[0;34mx[0;34mp[0;34mm
[0m[0;34mS[0;34mO[0;34m [0;34mt[0;34me[0;34mx[0;34mt[0;34mu[0;34mr[0;34me[0;34ms[0;34m/[0;34mt[0;34me[0;34ms[0;34mt[0;34m/[0;34ms[0;34mo[0;34mu[0;34mt[0;34mh[0;34m.[0;34mx[0;34mp[0;34mm
[0m[0;34mW[0;34mE[0;34m [0;34mt[0;34me[0;34mx[0;34mt[0;34mu[0;34mr[0;34me[0;34ms[0;34m/[0;34mt[0;34me[0;34ms[0;34mt[0;34m/[0;34mx
[0m[0;34mE[0;34mA[0;34m [0;34mt[0;34me[0;34mx[0;34mt[0;34mu[0;34mr[0;34me[0;34ms[0;34m/[0;34mt[0;34me[0;34ms[0;34mt[0;34m/[0;34me[0;34ma[0;34ms[0;34mt[0;34m.[0;34mx[0;34mp[0;34mm
[0m
[0m[0;34mF[0;34m [0;34m2[0;34m0[0;34m,[0;34m2[0;34m0[0;34m,[0;34m2[0;34m0
[0m[0;34mC[0;34m [0;34m2[0;34m0[0;34m0[0;34m,[0;34m2[0;34m0[0;34m0[0;34m,[0;34m2[0;34m0[0;34m0
[0m
[0m[0;34m1[0;34m1[0;34m1[0;34m1[0;34m1
[0m[0;34m1[0;34m0[0;34m0[0;34m0[0;34m1
[0m[0;34m1[0;34m0[0;34mS[0;34m0[0;34m1
[0m[0;34m1[0;34m0[0;34m0[0;34m0[0;34m1
[0m[0;34m1[0;34m0[0;34m0[0;34m0[0;34m1
[0m[0;34m1[0;34m0[0;34m0[0;34m0[0;34m1
[0m[0;34m1[0;34m1[0;34m0[0;34m0[0;34m1
[0m[0;34m1[0;34m0[0;34m0[0;34m0[0;34m1
[0m[0;34m1[0;34m0[0;34m0[0;34m0[0;34m1
[0m[0;34m1[0;34m0[0;34m0[0;34m0[0;34m1
[0m[0;34m1[0;34m0[0;34m0[0;34m0[0;34m1
[0m[0;34m1[0;34m0[0;34m0[0;34m0[0;34m1
[0m[0;34m1[0;34m1[0;34m1[0;34m1[0;34m1
[0mExit code: 1
‚ö†Ô∏è No Valgrind alerts, but with leaks[0m  
==6432== Memcheck, a memory error detector
==6432== Copyright (C) 2002-2022, and GNU GPL'd, by Julian Seward et al.
==6432== Using Valgrind-3.22.0 and LibVEX; rerun with -h for copyright info
==6432== Command: ./cub3d ./maps/bad/textures_invalid.cub
==6432== Parent PID: 6253
==6432== 
==6432== 
==6432== HEAP SUMMARY:
==6432==     in use at exit: 678 bytes in 40 blocks
==6432==   total heap usage: 130 allocs, 90 frees, 7,982 bytes allocated
==6432== 
==6432== LEAK SUMMARY:
==6432==    definitely lost: 375 bytes in 6 blocks
==6432==    indirectly lost: 303 bytes in 34 blocks
==6432==      possibly lost: 0 bytes in 0 blocks
==6432==    still reachable: 0 bytes in 0 blocks
==6432==         suppressed: 0 bytes in 0 blocks
==6432== Rerun with --leak-check=full to see details of leaked memory
==6432== 
==6432== For lists of detected and suppressed errors, rerun with: -s
==6432== ERROR SUMMARY: 0 errors from 0 contexts (suppressed: 0 from 0)
Running valgrind on ./maps/bad/textures_missing.cub...

[0;31m Error:[Texture] textures are not complete
[0m [0;34mS[0;34mO[0;34m [0;34mt[0;34me[0;34mx[0;34mt[0;34mu[0;34mr[0;34me[0;34ms[0;34m/[0;34mt[0;34me[0;34ms[0;34mt[0;34m/[0;34ms[0;34mo[0;34mu[0;34mt[0;34mh[0;34m.[0;34mx[0;34mp[0;34mm
[0m[0;34mW[0;34mE[0;34m [0;34mt[0;34me[0;34mx[0;34mt[0;34mu[0;34mr[0;34me[0;34ms[0;34m/[0;34mt[0;34me[0;34ms[0;34mt[0;34m/[0;34mw[0;34me[0;34ms[0;34mt[0;34m.[0;34mx[0;34mp[0;34mm
[0m[0;34mE[0;34mA[0;34m [0;34mt[0;34me[0;34mx[0;34mt[0;34mu[0;34mr[0;34me[0;34ms[0;34m/[0;34mt[0;34me[0;34ms[0;34mt[0;34m/[0;34me[0;34ma[0;34ms[0;34mt[0;34m.[0;34mx[0;34mp[0;34mm
[0m
[0m[0;34mF[0;34m [0;34m2[0;34m0[0;34m,[0;34m2[0;34m0[0;34m,[0;34m2[0;34m0
[0m[0;34mC[0;34m [0;34m2[0;34m0[0;34m0[0;34m,[0;34m2[0;34m0[0;34m0[0;34m,[0;34m2[0;34m0[0;34m0
[0m
[0m[0;34m1[0;34m1[0;34m1[0;34m1[0;34m1
[0m[0;34m1[0;34m0[0;34m0[0;34m0[0;34m1
[0m[0;34m1[0;34m0[0;34mS[0;34m0[0;34m1
[0m[0;34m1[0;34m0[0;34m0[0;34m0[0;34m1
[0m[0;34m1[0;34m0[0;34m0[0;34m0[0;34m1
[0m[0;34m1[0;34m0[0;34m0[0;34m0[0;34m1
[0m[0;34m1[0;34m1[0;34m0[0;34m0[0;34m1
[0m[0;34m1[0;34m0[0;34m0[0;34m0[0;34m1
[0m[0;34m1[0;34m0[0;34m0[0;34m0[0;34m1
[0m[0;34m1[0;34m0[0;34m0[0;34m0[0;34m1
[0m[0;34m1[0;34m0[0;34m0[0;34m0[0;34m1
[0m[0;34m1[0;34m0[0;34m0[0;34m0[0;34m1
[0m[0;34m1[0;34m1[0;34m1[0;34m1[0;34m1
[0mExit code: 1
‚ö†Ô∏è No Valgrind alerts, but with leaks[0m  
==6435== Memcheck, a memory error detector
==6435== Copyright (C) 2002-2022, and GNU GPL'd, by Julian Seward et al.
==6435== Using Valgrind-3.22.0 and LibVEX; rerun with -h for copyright info
==6435== Command: ./cub3d ./maps/bad/textures_missing.cub
==6435== Parent PID: 6253
==6435== 
==6435== 
==6435== HEAP SUMMARY:
==6435==     in use at exit: 632 bytes in 38 blocks
==6435==   total heap usage: 124 allocs, 86 frees, 7,678 bytes allocated
==6435== 
==6435== LEAK SUMMARY:
==6435==    definitely lost: 350 bytes in 5 blocks
==6435==    indirectly lost: 282 bytes in 33 blocks
==6435==      possibly lost: 0 bytes in 0 blocks
==6435==    still reachable: 0 bytes in 0 blocks
==6435==         suppressed: 0 bytes in 0 blocks
==6435== Rerun with --leak-check=full to see details of leaked memory
==6435== 
==6435== For lists of detected and suppressed errors, rerun with: -s
==6435== ERROR SUMMARY: 0 errors from 0 contexts (suppressed: 0 from 0)
Running valgrind on ./maps/bad/textures_none.cub...

[0;31m Error:[Texture] textures are not complete
[0m [0;34mF[0;34m [0;34m2[0;34m0[0;34m,[0;34m2[0;34m0[0;34m,[0;34m2[0;34m0
[0m[0;34mC[0;34m [0;34m2[0;34m0[0;34m0[0;34m,[0;34m2[0;34m0[0;34m0[0;34m,[0;34m2[0;34m0[0;34m0
[0m
[0m[0;34m1[0;34m1[0;34m1[0;34m1[0;34m1
[0m[0;34m1[0;34m0[0;34m0[0;34m0[0;34m1
[0m[0;34m1[0;34m0[0;34mS[0;34m0[0;34m1
[0m[0;34m1[0;34m0[0;34m0[0;34m0[0;34m1
[0m[0;34m1[0;34m0[0;34m0[0;34m0[0;34m1
[0m[0;34m1[0;34m0[0;34m0[0;34m0[0;34m1
[0m[0;34m1[0;34m1[0;34m0[0;34m0[0;34m1
[0m[0;34m1[0;34m0[0;34m0[0;34m0[0;34m1
[0m[0;34m1[0;34m0[0;34m0[0;34m0[0;34m1
[0m[0;34m1[0;34m0[0;34m0[0;34m0[0;34m1
[0m[0;34m1[0;34m0[0;34m0[0;34m0[0;34m1
[0m[0;34m1[0;34m0[0;34m0[0;34m0[0;34m1
[0m[0;34m1[0;34m1[0;34m1[0;34m1[0;34m1
[0mExit code: 1
‚ö†Ô∏è No Valgrind alerts, but with leaks[0m  
==6438== Memcheck, a memory error detector
==6438== Copyright (C) 2002-2022, and GNU GPL'd, by Julian Seward et al.
==6438== Using Valgrind-3.22.0 and LibVEX; rerun with -h for copyright info
==6438== Command: ./cub3d ./maps/bad/textures_none.cub
==6438== Parent PID: 6253
==6438== 
==6438== 
==6438== HEAP SUMMARY:
==6438==     in use at exit: 446 bytes in 31 blocks
==6438==   total heap usage: 102 allocs, 71 frees, 6,634 bytes allocated
==6438== 
==6438== LEAK SUMMARY:
==6438==    definitely lost: 248 bytes in 2 blocks
==6438==    indirectly lost: 198 bytes in 29 blocks
==6438==      possibly lost: 0 bytes in 0 blocks
==6438==    still reachable: 0 bytes in 0 blocks
==6438==         suppressed: 0 bytes in 0 blocks
==6438== Rerun with --leak-check=full to see details of leaked memory
==6438== 
==6438== For lists of detected and suppressed errors, rerun with: -s
==6438== ERROR SUMMARY: 0 errors from 0 contexts (suppressed: 0 from 0)
Running valgrind on ./maps/bad/textures_not_xpm.cub...

[0;31m Error:[Texture verification] invalid texture format
[0m [0;34mN[0;34mO[0;34m [0;34mt[0;34me[0;34mx[0;34mt[0;34mu[0;34mr[0;34me[0;34ms[0;34m/[0;34mt[0;34me[0;34ms[0;34mt[0;34m/[0;34mn[0;34mo[0;34mr[0;34mt[0;34mh
[0m[0;34mS[0;34mO[0;34m [0;34mt[0;34me[0;34mx[0;34mt[0;34mu[0;34mr[0;34me[0;34ms[0;34m/[0;34mt[0;34me[0;34ms[0;34mt[0;34m/[0;34ms[0;34mo[0;34mu[0;34mt[0;34mh[0;34m.[0;34mx[0;34mp[0;34mm
[0m[0;34mW[0;34mE[0;34m [0;34mt[0;34me[0;34mx[0;34mt[0;34mu[0;34mr[0;34me[0;34ms[0;34m/[0;34mt[0;34me[0;34ms[0;34mt[0;34m/[0;34mw[0;34me[0;34ms[0;34mt[0;34m.[0;34mx[0;34mp[0;34mm
[0m[0;34mE[0;34mA[0;34m [0;34mt[0;34me[0;34mx[0;34mt[0;34mu[0;34mr[0;34me[0;34ms[0;34m/[0;34mt[0;34me[0;34ms[0;34mt[0;34m/[0;34me[0;34ma[0;34ms[0;34mt[0;34m.[0;34mx[0;34mp[0;34mm
[0m
[0m[0;34mF[0;34m [0;34m2[0;34m0[0;34m,[0;34m2[0;34m0[0;34m,[0;34m2[0;34m0
[0m[0;34mC[0;34m [0;34m2[0;34m0[0;34m0[0;34m,[0;34m2[0;34m0[0;34m0[0;34m,[0;34m2[0;34m0[0;34m0
[0m
[0m[0;34m1[0;34m1[0;34m1[0;34m1[0;34m1
[0m[0;34m1[0;34m0[0;34m0[0;34m0[0;34m1
[0m[0;34m1[0;34m0[0;34mS[0;34m0[0;34m1
[0m[0;34m1[0;34m0[0;34m0[0;34m0[0;34m1
[0m[0;34m1[0;34m0[0;34m0[0;34m0[0;34m1
[0m[0;34m1[0;34m0[0;34m0[0;34m0[0;34m1
[0m[0;34m1[0;34m1[0;34m0[0;34m0[0;34m1
[0m[0;34m1[0;34m0[0;34m0[0;34m0[0;34m1
[0m[0;34m1[0;34m0[0;34m0[0;34m0[0;34m1
[0m[0;34m1[0;34m0[0;34m0[0;34m0[0;34m1
[0m[0;34m1[0;34m0[0;34m0[0;34m0[0;34m1
[0m[0;34m1[0;34m0[0;34m0[0;34m0[0;34m1
[0m[0;34m1[0;34m1[0;34m1[0;34m1[0;34m1
[0mExit code: 1
‚ö†Ô∏è No Valgrind alerts, but with leaks[0m  
==6459== Memcheck, a memory error detector
==6459== Copyright (C) 2002-2022, and GNU GPL'd, by Julian Seward et al.
==6459== Using Valgrind-3.22.0 and LibVEX; rerun with -h for copyright info
==6459== Command: ./cub3d ./maps/bad/textures_not_xpm.cub
==6459== Parent PID: 6253
==6459== 
==6459== 
==6459== HEAP SUMMARY:
==6459==     in use at exit: 684 bytes in 40 blocks
==6459==   total heap usage: 130 allocs, 90 frees, 7,975 bytes allocated
==6459== 
==6459== LEAK SUMMARY:
==6459==    definitely lost: 378 bytes in 6 blocks
==6459==    indirectly lost: 306 bytes in 34 blocks
==6459==      possibly lost: 0 bytes in 0 blocks
==6459==    still reachable: 0 bytes in 0 blocks
==6459==         suppressed: 0 bytes in 0 blocks
==6459== Rerun with --leak-check=full to see details of leaked memory
==6459== 
==6459== For lists of detected and suppressed errors, rerun with: -s
==6459== ERROR SUMMARY: 0 errors from 0 contexts (suppressed: 0 from 0)
Running valgrind on ./maps/bad/wall_hole_east.cub...

[0;31m Error:[Walls check] incorrect vertical walls 
[0m [0;34mN[0;34mO[0;34m [0;34mt[0;34me[0;34mx[0;34mt[0;34mu[0;34mr[0;34me[0;34ms[0;34m/[0;34mt[0;34me[0;34ms[0;34mt[0;34m/[0;34mn[0;34mo[0;34mr[0;34mt[0;34mh[0;34m.[0;34mx[0;34mp[0;34mm
[0m[0;34mS[0;34mO[0;34m [0;34mt[0;34me[0;34mx[0;34mt[0;34mu[0;34mr[0;34me[0;34ms[0;34m/[0;34mt[0;34me[0;34ms[0;34mt[0;34m/[0;34ms[0;34mo[0;34mu[0;34mt[0;34mh[0;34m.[0;34mx[0;34mp[0;34mm
[0m[0;34mW[0;34mE[0;34m [0;34mt[0;34me[0;34mx[0;34mt[0;34mu[0;34mr[0;34me[0;34ms[0;34m/[0;34mt[0;34me[0;34ms[0;34mt[0;34m/[0;34mw[0;34me[0;34ms[0;34mt[0;34m.[0;34mx[0;34mp[0;34mm
[0m[0;34mE[0;34mA[0;34m [0;34mt[0;34me[0;34mx[0;34mt[0;34mu[0;34mr[0;34me[0;34ms[0;34m/[0;34mt[0;34me[0;34ms[0;34mt[0;34m/[0;34me[0;34ma[0;34ms[0;34mt[0;34m.[0;34mx[0;34mp[0;34mm
[0m
[0m[0;34mF[0;34m [0;34m2[0;34m0[0;34m,[0;34m2[0;34m0[0;34m,[0;34m2[0;34m0
[0m[0;34mC[0;34m [0;34m2[0;34m0[0;34m0[0;34m,[0;34m2[0;34m0[0;34m0[0;34m,[0;34m2[0;34m0[0;34m0
[0m
[0m[0;34m1[0;34m1[0;34m1[0;34m1[0;34m1
[0m[0;34m1[0;34m0[0;34m0[0;34m0[0;34m1
[0m[0;34m1[0;34m0[0;34mS[0;34m0[0;34m1
[0m[0;34m1[0;34m0[0;34m0[0;34m0[0;34m1
[0m[0;34m1[0;34m0[0;34m0[0;34m0[0;34m1
[0m[0;34m1[0;34m0[0;34m0[0;34m0[0;34m1
[0m[0;34m1[0;34m1[0;34m0[0;34m0[0;34m0
[0m[0;34m1[0;34m0[0;34m0[0;34m0[0;34m1
[0m[0;34m1[0;34m0[0;34m0[0;34m0[0;34m1
[0m[0;34m1[0;34m0[0;34m0[0;34m0[0;34m1
[0m[0;34m1[0;34m0[0;34m0[0;34m0[0;34m1
[0m[0;34m1[0;34m0[0;34m0[0;34m0[0;34m1
[0m[0;34m1[0;34m1[0;34m1[0;34m1[0;34m1
[0mExit code: 1
‚ö†Ô∏è No Valgrind alerts, but with leaks[0m  
==6462== Memcheck, a memory error detector
==6462== Copyright (C) 2002-2022, and GNU GPL'd, by Julian Seward et al.
==6462== Using Valgrind-3.22.0 and LibVEX; rerun with -h for copyright info
==6462== Command: ./cub3d ./maps/bad/wall_hole_east.cub
==6462== Parent PID: 6253
==6462== 
==6462== 
==6462== HEAP SUMMARY:
==6462==     in use at exit: 598 bytes in 36 blocks
==6462==   total heap usage: 126 allocs, 90 frees, 7,925 bytes allocated
==6462== 
==6462== LEAK SUMMARY:
==6462==    definitely lost: 288 bytes in 2 blocks
==6462==    indirectly lost: 310 bytes in 34 blocks
==6462==      possibly lost: 0 bytes in 0 blocks
==6462==    still reachable: 0 bytes in 0 blocks
==6462==         suppressed: 0 bytes in 0 blocks
==6462== Rerun with --leak-check=full to see details of leaked memory
==6462== 
==6462== For lists of detected and suppressed errors, rerun with: -s
==6462== ERROR SUMMARY: 0 errors from 0 contexts (suppressed: 0 from 0)
Running valgrind on ./maps/bad/wall_hole_north.cub...

[0;31m Error:[Walls check] incorrect horizontal walls
[0m [0;34mN[0;34mO[0;34m [0;34mt[0;34me[0;34mx[0;34mt[0;34mu[0;34mr[0;34me[0;34ms[0;34m/[0;34mt[0;34me[0;34ms[0;34mt[0;34m/[0;34mn[0;34mo[0;34mr[0;34mt[0;34mh[0;34m.[0;34mx[0;34mp[0;34mm
[0m[0;34mS[0;34mO[0;34m [0;34mt[0;34me[0;34mx[0;34mt[0;34mu[0;34mr[0;34me[0;34ms[0;34m/[0;34mt[0;34me[0;34ms[0;34mt[0;34m/[0;34ms[0;34mo[0;34mu[0;34mt[0;34mh[0;34m.[0;34mx[0;34mp[0;34mm
[0m[0;34mW[0;34mE[0;34m [0;34mt[0;34me[0;34mx[0;34mt[0;34mu[0;34mr[0;34me[0;34ms[0;34m/[0;34mt[0;34me[0;34ms[0;34mt[0;34m/[0;34mw[0;34me[0;34ms[0;34mt[0;34m.[0;34mx[0;34mp[0;34mm
[0m[0;34mE[0;34mA[0;34m [0;34mt[0;34me[0;34mx[0;34mt[0;34mu[0;34mr[0;34me[0;34ms[0;34m/[0;34mt[0;34me[0;34ms[0;34mt[0;34m/[0;34me[0;34ma[0;34ms[0;34mt[0;34m.[0;34mx[0;34mp[0;34mm
[0m
[0m[0;34mF[0;34m [0;34m2[0;34m0[0;34m,[0;34m2[0;34m0[0;34m,[0;34m2[0;34m0
[0m[0;34mC[0;34m [0;34m2[0;34m0[0;34m0[0;34m,[0;34m2[0;34m0[0;34m0[0;34m,[0;34m2[0;34m0[0;34m0
[0m
[0m[0;34m1[0;34m1[0;34m0[0;34m1[0;34m1
[0m[0;34m1[0;34m0[0;34m0[0;34m0[0;34m1
[0m[0;34m1[0;34m0[0;34mS[0;34m0[0;34m1
[0m[0;34m1[0;34m0[0;34m0[0;34m0[0;34m1
[0m[0;34m1[0;34m0[0;34m0[0;34m0[0;34m1
[0m[0;34m1[0;34m0[0;34m0[0;34m0[0;34m1
[0m[0;34m1[0;34m1[0;34m0[0;34m0[0;34m1
[0m[0;34m1[0;34m0[0;34m0[0;34m0[0;34m1
[0m[0;34m1[0;34m0[0;34m0[0;34m0[0;34m1
[0m[0;34m1[0;34m0[0;34m0[0;34m0[0;34m1
[0m[0;34m1[0;34m0[0;34m0[0;34m0[0;34m1
[0m[0;34m1[0;34m0[0;34m0[0;34m0[0;34m1
[0m[0;34m1[0;34m1[0;34m1[0;34m1[0;34m1
[0mExit code: 1
‚ö†Ô∏è No Valgrind alerts, but with leaks[0m  
==6486== Memcheck, a memory error detector
==6486== Copyright (C) 2002-2022, and GNU GPL'd, by Julian Seward et al.
==6486== Using Valgrind-3.22.0 and LibVEX; rerun with -h for copyright info
==6486== Command: ./cub3d ./maps/bad/wall_hole_north.cub
==6486== Parent PID: 6253
==6486== 
==6486== 
==6486== HEAP SUMMARY:
==6486==     in use at exit: 598 bytes in 36 blocks
==6486==   total heap usage: 126 allocs, 90 frees, 7,925 bytes allocated
==6486== 
==6486== LEAK SUMMARY:
==6486==    definitely lost: 288 bytes in 2 blocks
==6486==    indirectly lost: 310 bytes in 34 blocks
==6486==      possibly lost: 0 bytes in 0 blocks
==6486==    still reachable: 0 bytes in 0 blocks
==6486==         suppressed: 0 bytes in 0 blocks
==6486== Rerun with --leak-check=full to see details of leaked memory
==6486== 
==6486== For lists of detected and suppressed errors, rerun with: -s
==6486== ERROR SUMMARY: 0 errors from 0 contexts (suppressed: 0 from 0)
Running valgrind on ./maps/bad/wall_hole_south.cub...

[0;31m Error:[Walls check] incorrect horizontal walls
[0m [0;34mN[0;34mO[0;34m [0;34mt[0;34me[0;34mx[0;34mt[0;34mu[0;34mr[0;34me[0;34ms[0;34m/[0;34mt[0;34me[0;34ms[0;34mt[0;34m/[0;34mn[0;34mo[0;34mr[0;34mt[0;34mh[0;34m.[0;34mx[0;34mp[0;34mm
[0m[0;34mS[0;34mO[0;34m [0;34mt[0;34me[0;34mx[0;34mt[0;34mu[0;34mr[0;34me[0;34ms[0;34m/[0;34mt[0;34me[0;34ms[0;34mt[0;34m/[0;34ms[0;34mo[0;34mu[0;34mt[0;34mh[0;34m.[0;34mx[0;34mp[0;34mm
[0m[0;34mW[0;34mE[0;34m [0;34mt[0;34me[0;34mx[0;34mt[0;34mu[0;34mr[0;34me[0;34ms[0;34m/[0;34mt[0;34me[0;34ms[0;34mt[0;34m/[0;34mw[0;34me[0;34ms[0;34mt[0;34m.[0;34mx[0;34mp[0;34mm
[0m[0;34mE[0;34mA[0;34m [0;34mt[0;34me[0;34mx[0;34mt[0;34mu[0;34mr[0;34me[0;34ms[0;34m/[0;34mt[0;34me[0;34ms[0;34mt[0;34m/[0;34me[0;34ma[0;34ms[0;34mt[0;34m.[0;34mx[0;34mp[0;34mm
[0m
[0m[0;34mF[0;34m [0;34m2[0;34m0[0;34m,[0;34m2[0;34m0[0;34m,[0;34m2[0;34m0
[0m[0;34mC[0;34m [0;34m2[0;34m0[0;34m0[0;34m,[0;34m2[0;34m0[0;34m0[0;34m,[0;34m2[0;34m0[0;34m0
[0m
[0m[0;34m1[0;34m1[0;34m1[0;34m1[0;34m1
[0m[0;34m1[0;34m0[0;34m0[0;34m0[0;34m1
[0m[0;34m1[0;34m0[0;34mS[0;34m0[0;34m1
[0m[0;34m1[0;34m0[0;34m0[0;34m0[0;34m1
[0m[0;34m1[0;34m0[0;34m0[0;34m0[0;34m1
[0m[0;34m1[0;34m0[0;34m0[0;34m0[0;34m1
[0m[0;34m1[0;34m1[0;34m0[0;34m0[0;34m1
[0m[0;34m1[0;34m0[0;34m0[0;34m0[0;34m1
[0m[0;34m1[0;34m0[0;34m0[0;34m0[0;34m1
[0m[0;34m1[0;34m0[0;34m0[0;34m0[0;34m1
[0m[0;34m1[0;34m0[0;34m0[0;34m0[0;34m1
[0m[0;34m1[0;34m0[0;34m0[0;34m0[0;34m1
[0m[0;34m1[0;34m1[0;34m0[0;34m1[0;34m1
[0mExit code: 1
‚ö†Ô∏è No Valgrind alerts, but with leaks[0m  
==6489== Memcheck, a memory error detector
==6489== Copyright (C) 2002-2022, and GNU GPL'd, by Julian Seward et al.
==6489== Using Valgrind-3.22.0 and LibVEX; rerun with -h for copyright info
==6489== Command: ./cub3d ./maps/bad/wall_hole_south.cub
==6489== Parent PID: 6253
==6489== 
==6489== 
==6489== HEAP SUMMARY:
==6489==     in use at exit: 598 bytes in 36 blocks
==6489==   total heap usage: 126 allocs, 90 frees, 7,925 bytes allocated
==6489== 
==6489== LEAK SUMMARY:
==6489==    definitely lost: 288 bytes in 2 blocks
==6489==    indirectly lost: 310 bytes in 34 blocks
==6489==      possibly lost: 0 bytes in 0 blocks
==6489==    still reachable: 0 bytes in 0 blocks
==6489==         suppressed: 0 bytes in 0 blocks
==6489== Rerun with --leak-check=full to see details of leaked memory
==6489== 
==6489== For lists of detected and suppressed errors, rerun with: -s
==6489== ERROR SUMMARY: 0 errors from 0 contexts (suppressed: 0 from 0)
Running valgrind on ./maps/bad/wall_hole_west.cub...

[0;31m Error:[Map check in file] Invalid map placement or format
[0m [0;34mN[0;34mO[0;34m [0;34mt[0;34me[0;34mx[0;34mt[0;34mu[0;34mr[0;34me[0;34ms[0;34m/[0;34mt[0;34me[0;34ms[0;34mt[0;34m/[0;34mn[0;34mo[0;34mr[0;34mt[0;34mh[0;34m.[0;34mx[0;34mp[0;34mm
[0m[0;34mS[0;34mO[0;34m [0;34mt[0;34me[0;34mx[0;34mt[0;34mu[0;34mr[0;34me[0;34ms[0;34m/[0;34mt[0;34me[0;34ms[0;34mt[0;34m/[0;34ms[0;34mo[0;34mu[0;34mt[0;34mh[0;34m.[0;34mx[0;34mp[0;34mm
[0m[0;34mW[0;34mE[0;34m [0;34mt[0;34me[0;34mx[0;34mt[0;34mu[0;34mr[0;34me[0;34ms[0;34m/[0;34mt[0;34me[0;34ms[0;34mt[0;34m/[0;34mw[0;34me[0;34ms[0;34mt[0;34m.[0;34mx[0;34mp[0;34mm
[0m[0;34mE[0;34mA[0;34m [0;34mt[0;34me[0;34mx[0;34mt[0;34mu[0;34mr[0;34me[0;34ms[0;34m/[0;34mt[0;34me[0;34ms[0;34mt[0;34m/[0;34me[0;34ma[0;34ms[0;34mt[0;34m.[0;34mx[0;34mp[0;34mm
[0m
[0m[0;34mF[0;34m [0;34m2[0;34m0[0;34m,[0;34m2[0;34m0[0;34m,[0;34m2[0;34m0
[0m[0;34mC[0;34m [0;34m2[0;34m0[0;34m0[0;34m,[0;34m2[0;34m0[0;34m0[0;34m,[0;34m2[0;34m0[0;34m0
[0m
[0m[0;34m1[0;34m1[0;34m1[0;34m1[0;34m1
[0m[0;34m1[0;34m0[0;34m0[0;34m0[0;34m1
[0m[0;34m1[0;34m0[0;34mS[0;34m0[0;34m1
[0m[0;34m1[0;34m0[0;34m0[0;34m0[0;34m1
[0m[0;34m1[0;34m0[0;34m0[0;34m0[0;34m1
[0m[0;34m0[0;34m0[0;34m0[0;34m0[0;34m1
[0m[0;34m1[0;34m1[0;34m0[0;34m0[0;34m1
[0m[0;34m1[0;34m0[0;34m0[0;34m0[0;34m1
[0m[0;34m1[0;34m0[0;34m0[0;34m0[0;34m1
[0m[0;34m1[0;34m0[0;34m0[0;34m0[0;34m1
[0m[0;34m1[0;34m0[0;34m0[0;34m0[0;34m1
[0m[0;34m1[0;34m0[0;34m0[0;34m0[0;34m1
[0m[0;34m1[0;34m1[0;34m1[0;34m1[0;34m1
[0mExit code: 1
‚ö†Ô∏è No Valgrind alerts, but with leaks[0m  
==6492== Memcheck, a memory error detector
==6492== Copyright (C) 2002-2022, and GNU GPL'd, by Julian Seward et al.
==6492== Using Valgrind-3.22.0 and LibVEX; rerun with -h for copyright info
==6492== Command: ./cub3d ./maps/bad/wall_hole_west.cub
==6492== Parent PID: 6253
==6492== 
==6492== 
==6492== HEAP SUMMARY:
==6492==     in use at exit: 408 bytes in 22 blocks
==6492==   total heap usage: 99 allocs, 77 frees, 7,657 bytes allocated
==6492== 
==6492== LEAK SUMMARY:
==6492==    definitely lost: 176 bytes in 1 blocks
==6492==    indirectly lost: 232 bytes in 21 blocks
==6492==      possibly lost: 0 bytes in 0 blocks
==6492==    still reachable: 0 bytes in 0 blocks
==6492==         suppressed: 0 bytes in 0 blocks
==6492== Rerun with --leak-check=full to see details of leaked memory
==6492== 
==6492== For lists of detected and suppressed errors, rerun with: -s
==6492== ERROR SUMMARY: 0 errors from 0 contexts (suppressed: 0 from 0)
Running valgrind on ./maps/bad/wall_none.cub...

[0;31m Error:[Map start] No map or incorrect placement
[0m [0;34mN[0;34mO[0;34m [0;34mt[0;34me[0;34mx[0;34mt[0;34mu[0;34mr[0;34me[0;34ms[0;34m/[0;34mt[0;34me[0;34ms[0;34mt[0;34m/[0;34mn[0;34mo[0;34mr[0;34mt[0;34mh[0;34m.[0;34mx[0;34mp[0;34mm
[0m[0;34mS[0;34mO[0;34m [0;34mt[0;34me[0;34mx[0;34mt[0;34mu[0;34mr[0;34me[0;34ms[0;34m/[0;34mt[0;34me[0;34ms[0;34mt[0;34m/[0;34ms[0;34mo[0;34mu[0;34mt[0;34mh[0;34m.[0;34mx[0;34mp[0;34mm
[0m[0;34mW[0;34mE[0;34m [0;34mt[0;34me[0;34mx[0;34mt[0;34mu[0;34mr[0;34me[0;34ms[0;34m/[0;34mt[0;34me[0;34ms[0;34mt[0;34m/[0;34mw[0;34me[0;34ms[0;34mt[0;34m.[0;34mx[0;34mp[0;34mm
[0m[0;34mE[0;34mA[0;34m [0;34mt[0;34me[0;34mx[0;34mt[0;34mu[0;34mr[0;34me[0;34ms[0;34m/[0;34mt[0;34me[0;34ms[0;34mt[0;34m/[0;34me[0;34ma[0;34ms[0;34mt[0;34m.[0;34mx[0;34mp[0;34mm
[0m
[0m[0;34mF[0;34m [0;34m2[0;34m0[0;34m,[0;34m2[0;34m0[0;34m,[0;34m2[0;34m0
[0m[0;34mC[0;34m [0;34m2[0;34m0[0;34m0[0;34m,[0;34m2[0;34m0[0;34m0[0;34m,[0;34m2[0;34m0[0;34m0
[0m
[0m[0;34m0[0;34m0[0;34m0[0;34m0[0;34m0
[0m[0;34m0[0;34m0[0;34m0[0;34m0[0;34m0
[0m[0;34m0[0;34m0[0;34mS[0;34m0[0;34m0
[0m[0;34m0[0;34m0[0;34m0[0;34m0[0;34m0
[0m[0;34m0[0;34m0[0;34m0[0;34m0[0;34m0
[0m[0;34m0[0;34m0[0;34m0[0;34m0[0;34m0
[0m[0;34m0[0;34m0[0;34m0[0;34m0[0;34m0
[0m[0;34m0[0;34m0[0;34m0[0;34m0[0;34m0
[0m[0;34m0[0;34m0[0;34m0[0;34m0[0;34m0
[0m[0;34m0[0;34m0[0;34m0[0;34m0[0;34m0
[0m[0;34m0[0;34m0[0;34m0[0;34m0[0;34m0
[0m[0;34m0[0;34m0[0;34m0[0;34m0[0;34m0
[0m[0;34m0[0;34m0[0;34m0[0;34m0[0;34m0
[0mExit code: 1
‚ö†Ô∏è No Valgrind alerts, but with leaks[0m  
==6495== Memcheck, a memory error detector
==6495== Copyright (C) 2002-2022, and GNU GPL'd, by Julian Seward et al.
==6495== Using Valgrind-3.22.0 and LibVEX; rerun with -h for copyright info
==6495== Command: ./cub3d ./maps/bad/wall_none.cub
==6495== Parent PID: 6253
==6495== 
==6495== 
==6495== HEAP SUMMARY:
==6495==     in use at exit: 408 bytes in 22 blocks
==6495==   total heap usage: 99 allocs, 77 frees, 7,657 bytes allocated
==6495== 
==6495== LEAK SUMMARY:
==6495==    definitely lost: 176 bytes in 1 blocks
==6495==    indirectly lost: 232 bytes in 21 blocks
==6495==      possibly lost: 0 bytes in 0 blocks
==6495==    still reachable: 0 bytes in 0 blocks
==6495==         suppressed: 0 bytes in 0 blocks
==6495== Rerun with --leak-check=full to see details of leaked memory
==6495== 
==6495== For lists of detected and suppressed errors, rerun with: -s
==6495== ERROR SUMMARY: 0 errors from 0 contexts (suppressed: 0 from 0)
Valgrind tests completed. Results saved to test_output.txt.
Starting Valgrind tests...
Running valgrind on ./maps/bad/color_invalid_rgb.cub...

[0;31m Error:[Color] color number out of range
[0m [0;34mN[0;34mO[0;34m [0;34mt[0;34me[0;34mx[0;34mt[0;34mu[0;34mr[0;34me[0;34ms[0;34m/[0;34mt[0;34me[0;34ms[0;34mt[0;34m/[0;34mn[0;34mo[0;34mr[0;34mt[0;34mh[0;34m.[0;34mx[0;34mp[0;34mm
[0m[0;34mS[0;34mO[0;34m [0;34mt[0;34me[0;34mx[0;34mt[0;34mu[0;34mr[0;34me[0;34ms[0;34m/[0;34mt[0;34me[0;34ms[0;34mt[0;34m/[0;34ms[0;34mo[0;34mu[0;34mt[0;34mh[0;34m.[0;34mx[0;34mp[0;34mm
[0m[0;34mW[0;34mE[0;34m [0;34mt[0;34me[0;34mx[0;34mt[0;34mu[0;34mr[0;34me[0;34ms[0;34m/[0;34mt[0;34me[0;34ms[0;34mt[0;34m/[0;34mw[0;34me[0;34ms[0;34mt[0;34m.[0;34mx[0;34mp[0;34mm
[0m[0;34mE[0;34mA[0;34m [0;34mt[0;34me[0;34mx[0;34mt[0;34mu[0;34mr[0;34me[0;34ms[0;34m/[0;34mt[0;34me[0;34ms[0;34mt[0;34m/[0;34me[0;34ma[0;34ms[0;34mt[0;34m.[0;34mx[0;34mp[0;34mm
[0m
[0m[0;34mF[0;34m [0;34m2[0;34m0[0;34m,[0;34m2[0;34m0[0;34m,[0;34m-[0;34m2[0;34m0
[0m[0;34mC[0;34m [0;34m2[0;34m0[0;34m0[0;34m,[0;34m2[0;34m0[0;34m0[0;34m,[0;34m2[0;34m0[0;34m0
[0m
[0m[0;34m1[0;34m1[0;34m1[0;34m1[0;34m1
[0m[0;34m1[0;34m0[0;34m0[0;34m0[0;34m1
[0m[0;34m1[0;34m0[0;34mS[0;34m0[0;34m1
[0m[0;34m1[0;34m0[0;34m0[0;34m0[0;34m1
[0m[0;34m1[0;34m0[0;34m0[0;34m0[0;34m1
[0m[0;34m1[0;34m0[0;34m0[0;34m0[0;34m1
[0m[0;34m1[0;34m1[0;34m0[0;34m0[0;34m1
[0m[0;34m1[0;34m0[0;34m0[0;34m0[0;34m1
[0m[0;34m1[0;34m0[0;34m0[0;34m0[0;34m1
[0m[0;34m1[0;34m0[0;34m0[0;34m0[0;34m1
[0m[0;34m1[0;34m0[0;34m0[0;34m0[0;34m1
[0m[0;34m1[0;34m0[0;34m0[0;34m0[0;34m1
[0m[0;34m1[0;34m1[0;34m1[0;34m1[0;34m1
[0mExit code: 1
‚ö†Ô∏è No Valgrind alerts, but with leaks[0m  
==6698== Memcheck, a memory error detector
==6698== Copyright (C) 2002-2022, and GNU GPL'd, by Julian Seward et al.
==6698== Using Valgrind-3.22.0 and LibVEX; rerun with -h for copyright info
==6698== Command: ./cub3d ./maps/bad/color_invalid_rgb.cub
==6698== Parent PID: 6696
==6698== 
==6698== 
==6698== HEAP SUMMARY:
==6698==     in use at exit: 801 bytes in 50 blocks
==6698==   total heap usage: 142 allocs, 92 frees, 8,135 bytes allocated
==6698== 
==6698== LEAK SUMMARY:
==6698==    definitely lost: 468 bytes in 10 blocks
==6698==    indirectly lost: 333 bytes in 40 blocks
==6698==      possibly lost: 0 bytes in 0 blocks
==6698==    still reachable: 0 bytes in 0 blocks
==6698==         suppressed: 0 bytes in 0 blocks
==6698== Rerun with --leak-check=full to see details of leaked memory
==6698== 
==6698== For lists of detected and suppressed errors, rerun with: -s
==6698== ERROR SUMMARY: 0 errors from 0 contexts (suppressed: 0 from 0)
Running valgrind on ./maps/bad/color_missing_ceiling_rgb.cub...

[0;31m Error:[Color] incorrect numbers
[0m [0;34mN[0;34mO[0;34m [0;34mt[0;34me[0;34mx[0;34mt[0;34mu[0;34mr[0;34me[0;34ms[0;34m/[0;34mt[0;34me[0;34ms[0;34mt[0;34m/[0;34mn[0;34mo[0;34mr[0;34mt[0;34mh[0;34m.[0;34mx[0;34mp[0;34mm
[0m[0;34mS[0;34mO[0;34m [0;34mt[0;34me[0;34mx[0;34mt[0;34mu[0;34mr[0;34me[0;34ms[0;34m/[0;34mt[0;34me[0;34ms[0;34mt[0;34m/[0;34ms[0;34mo[0;34mu[0;34mt[0;34mh[0;34m.[0;34mx[0;34mp[0;34mm
[0m[0;34mW[0;34mE[0;34m [0;34mt[0;34me[0;34mx[0;34mt[0;34mu[0;34mr[0;34me[0;34ms[0;34m/[0;34mt[0;34me[0;34ms[0;34mt[0;34m/[0;34mw[0;34me[0;34ms[0;34mt[0;34m.[0;34mx[0;34mp[0;34mm
[0m[0;34mE[0;34mA[0;34m [0;34mt[0;34me[0;34mx[0;34mt[0;34mu[0;34mr[0;34me[0;34ms[0;34m/[0;34mt[0;34me[0;34ms[0;34mt[0;34m/[0;34me[0;34ma[0;34ms[0;34mt[0;34m.[0;34mx[0;34mp[0;34mm
[0m
[0m[0;34mF[0;34m [0;34m2[0;34m0[0;34m,[0;34m2[0;34m0[0;34m,[0;34m2[0;34m0
[0m[0;34mC[0;34m [0;34m2[0;34m0[0;34m0[0;34m,[0;34m2[0;34m0[0;34m0[0;34m,
[0m
[0m[0;34m1[0;34m1[0;34m1[0;34m1[0;34m1
[0m[0;34m1[0;34m0[0;34m0[0;34m0[0;34m1
[0m[0;34m1[0;34m0[0;34mS[0;34m0[0;34m1
[0m[0;34m1[0;34m0[0;34m0[0;34m0[0;34m1
[0m[0;34m1[0;34m0[0;34m0[0;34m0[0;34m1
[0m[0;34m1[0;34m0[0;34m0[0;34m0[0;34m1
[0m[0;34m1[0;34m1[0;34m0[0;34m0[0;34m1
[0m[0;34m1[0;34m0[0;34m0[0;34m0[0;34m1
[0m[0;34m1[0;34m0[0;34m0[0;34m0[0;34m1
[0m[0;34m1[0;34m0[0;34m0[0;34m0[0;34m1
[0m[0;34m1[0;34m0[0;34m0[0;34m0[0;34m1
[0m[0;34m1[0;34m0[0;34m0[0;34m0[0;34m1
[0m[0;34m1[0;34m1[0;34m1[0;34m1[0;34m1
[0mExit code: 1
‚ö†Ô∏è No Valgrind alerts, but with leaks[0m  
==6701== Memcheck, a memory error detector
==6701== Copyright (C) 2002-2022, and GNU GPL'd, by Julian Seward et al.
==6701== Using Valgrind-3.22.0 and LibVEX; rerun with -h for copyright info
==6701== Command: ./cub3d ./maps/bad/color_missing_ceiling_rgb.cub
==6701== Parent PID: 6696
==6701== 
==6701== 
==6701== HEAP SUMMARY:
==6701==     in use at exit: 780 bytes in 49 blocks
==6701==   total heap usage: 141 allocs, 92 frees, 8,082 bytes allocated
==6701== 
==6701== LEAK SUMMARY:
==6701==    definitely lost: 456 bytes in 10 blocks
==6701==    indirectly lost: 324 bytes in 39 blocks
==6701==      possibly lost: 0 bytes in 0 blocks
==6701==    still reachable: 0 bytes in 0 blocks
==6701==         suppressed: 0 bytes in 0 blocks
==6701== Rerun with --leak-check=full to see details of leaked memory
==6701== 
==6701== For lists of detected and suppressed errors, rerun with: -s
==6701== ERROR SUMMARY: 0 errors from 0 contexts (suppressed: 0 from 0)
Running valgrind on ./maps/bad/color_missing.cub...

[0;31m Error:[Color] colors are not complete
[0m [0;34mN[0;34mO[0;34m [0;34mt[0;34me[0;34mx[0;34mt[0;34mu[0;34mr[0;34me[0;34ms[0;34m/[0;34mt[0;34me[0;34ms[0;34mt[0;34m/[0;34mn[0;34mo[0;34mr[0;34mt[0;34mh[0;34m.[0;34mx[0;34mp[0;34mm
[0m[0;34mS[0;34mO[0;34m [0;34mt[0;34me[0;34mx[0;34mt[0;34mu[0;34mr[0;34me[0;34ms[0;34m/[0;34mt[0;34me[0;34ms[0;34mt[0;34m/[0;34ms[0;34mo[0;34mu[0;34mt[0;34mh[0;34m.[0;34mx[0;34mp[0;34mm
[0m[0;34mW[0;34mE[0;34m [0;34mt[0;34me[0;34mx[0;34mt[0;34mu[0;34mr[0;34me[0;34ms[0;34m/[0;34mt[0;34me[0;34ms[0;34mt[0;34m/[0;34mw[0;34me[0;34ms[0;34mt[0;34m.[0;34mx[0;34mp[0;34mm
[0m[0;34mE[0;34mA[0;34m [0;34mt[0;34me[0;34mx[0;34mt[0;34mu[0;34mr[0;34me[0;34ms[0;34m/[0;34mt[0;34me[0;34ms[0;34mt[0;34m/[0;34me[0;34ma[0;34ms[0;34mt[0;34m.[0;34mx[0;34mp[0;34mm
[0m
[0m[0;34mC[0;34m [0;34m2[0;34m0[0;34m0[0;34m,[0;34m2[0;34m0[0;34m0[0;34m,[0;34m2[0;34m0[0;34m0
[0m
[0m[0;34m1[0;34m1[0;34m1[0;34m1[0;34m1
[0m[0;34m1[0;34m0[0;34m0[0;34m0[0;34m1
[0m[0;34m1[0;34m0[0;34mS[0;34m0[0;34m1
[0m[0;34m1[0;34m0[0;34m0[0;34m0[0;34m1
[0m[0;34m1[0;34m0[0;34m0[0;34m0[0;34m1
[0m[0;34m1[0;34m0[0;34m0[0;34m0[0;34m1
[0m[0;34m1[0;34m1[0;34m0[0;34m0[0;34m1
[0m[0;34m1[0;34m0[0;34m0[0;34m0[0;34m1
[0m[0;34m1[0;34m0[0;34m0[0;34m0[0;34m1
[0m[0;34m1[0;34m0[0;34m0[0;34m0[0;34m1
[0m[0;34m1[0;34m0[0;34m0[0;34m0[0;34m1
[0m[0;34m1[0;34m0[0;34m0[0;34m0[0;34m1
[0m[0;34m1[0;34m1[0;34m1[0;34m1[0;34m1
[0mExit code: 1
‚ö†Ô∏è No Valgrind alerts, but with leaks[0m  
==6736== Memcheck, a memory error detector
==6736== Copyright (C) 2002-2022, and GNU GPL'd, by Julian Seward et al.
==6736== Using Valgrind-3.22.0 and LibVEX; rerun with -h for copyright info
==6736== Command: ./cub3d ./maps/bad/color_missing.cub
==6736== Parent PID: 6696
==6736== 
==6736== 
==6736== HEAP SUMMARY:
==6736==     in use at exit: 728 bytes in 44 blocks
==6736==   total heap usage: 132 allocs, 88 frees, 7,876 bytes allocated
==6736== 
==6736== LEAK SUMMARY:
==6736==    definitely lost: 418 bytes in 8 blocks
==6736==    indirectly lost: 310 bytes in 36 blocks
==6736==      possibly lost: 0 bytes in 0 blocks
==6736==    still reachable: 0 bytes in 0 blocks
==6736==         suppressed: 0 bytes in 0 blocks
==6736== Rerun with --leak-check=full to see details of leaked memory
==6736== 
==6736== For lists of detected and suppressed errors, rerun with: -s
==6736== ERROR SUMMARY: 0 errors from 0 contexts (suppressed: 0 from 0)
Running valgrind on ./maps/bad/color_missing_floor_rgb.cub...

[0;31m Error:[Color] incorrect numbers
[0m [0;34mN[0;34mO[0;34m [0;34mt[0;34me[0;34mx[0;34mt[0;34mu[0;34mr[0;34me[0;34ms[0;34m/[0;34mt[0;34me[0;34ms[0;34mt[0;34m/[0;34mn[0;34mo[0;34mr[0;34mt[0;34mh[0;34m.[0;34mx[0;34mp[0;34mm
[0m[0;34mS[0;34mO[0;34m [0;34mt[0;34me[0;34mx[0;34mt[0;34mu[0;34mr[0;34me[0;34ms[0;34m/[0;34mt[0;34me[0;34ms[0;34mt[0;34m/[0;34ms[0;34mo[0;34mu[0;34mt[0;34mh[0;34m.[0;34mx[0;34mp[0;34mm
[0m[0;34mW[0;34mE[0;34m [0;34mt[0;34me[0;34mx[0;34mt[0;34mu[0;34mr[0;34me[0;34ms[0;34m/[0;34mt[0;34me[0;34ms[0;34mt[0;34m/[0;34mw[0;34me[0;34ms[0;34mt[0;34m.[0;34mx[0;34mp[0;34mm
[0m[0;34mE[0;34mA[0;34m [0;34mt[0;34me[0;34mx[0;34mt[0;34mu[0;34mr[0;34me[0;34ms[0;34m/[0;34mt[0;34me[0;34ms[0;34mt[0;34m/[0;34me[0;34ma[0;34ms[0;34mt[0;34m.[0;34mx[0;34mp[0;34mm
[0m
[0m[0;34mF[0;34m [0;34m2[0;34m0[0;34m,[0;34m2[0;34m0
[0m[0;34mC[0;34m [0;34m2[0;34m0[0;34m0[0;34m,[0;34m2[0;34m0[0;34m0[0;34m,[0;34m2[0;34m0[0;34m0
[0m
[0m[0;34m1[0;34m1[0;34m1[0;34m1[0;34m1
[0m[0;34m1[0;34m0[0;34m0[0;34m0[0;34m1
[0m[0;34m1[0;34m0[0;34mS[0;34m0[0;34m1
[0m[0;34m1[0;34m0[0;34m0[0;34m0[0;34m1
[0m[0;34m1[0;34m0[0;34m0[0;34m0[0;34m1
[0m[0;34m1[0;34m0[0;34m0[0;34m0[0;34m1
[0m[0;34m1[0;34m1[0;34m0[0;34m0[0;34m1
[0m[0;34m1[0;34m0[0;34m0[0;34m0[0;34m1
[0m[0;34m1[0;34m0[0;34m0[0;34m0[0;34m1
[0m[0;34m1[0;34m0[0;34m0[0;34m0[0;34m1
[0m[0;34m1[0;34m0[0;34m0[0;34m0[0;34m1
[0m[0;34m1[0;34m0[0;34m0[0;34m0[0;34m1
[0m[0;34m1[0;34m1[0;34m1[0;34m1[0;34m1
[0mExit code: 1
‚ö†Ô∏è No Valgrind alerts, but with leaks[0m  
==6739== Memcheck, a memory error detector
==6739== Copyright (C) 2002-2022, and GNU GPL'd, by Julian Seward et al.
==6739== Using Valgrind-3.22.0 and LibVEX; rerun with -h for copyright info
==6739== Command: ./cub3d ./maps/bad/color_missing_floor_rgb.cub
==6739== Parent PID: 6696
==6739== 
==6739== 
==6739== HEAP SUMMARY:
==6739==     in use at exit: 781 bytes in 49 blocks
==6739==   total heap usage: 141 allocs, 92 frees, 8,089 bytes allocated
==6739== 
==6739== LEAK SUMMARY:
==6739==    definitely lost: 456 bytes in 10 blocks
==6739==    indirectly lost: 325 bytes in 39 blocks
==6739==      possibly lost: 0 bytes in 0 blocks
==6739==    still reachable: 0 bytes in 0 blocks
==6739==         suppressed: 0 bytes in 0 blocks
==6739== Rerun with --leak-check=full to see details of leaked memory
==6739== 
==6739== For lists of detected and suppressed errors, rerun with: -s
==6739== ERROR SUMMARY: 0 errors from 0 contexts (suppressed: 0 from 0)
Running valgrind on ./maps/bad/color_none.cub...

[0;31m Error:[Color] colors are not complete
[0m [0;34mN[0;34mO[0;34m [0;34mt[0;34me[0;34mx[0;34mt[0;34mu[0;34mr[0;34me[0;34ms[0;34m/[0;34mt[0;34me[0;34ms[0;34mt[0;34m/[0;34mn[0;34mo[0;34mr[0;34mt[0;34mh[0;34m.[0;34mx[0;34mp[0;34mm
[0m[0;34mS[0;34mO[0;34m [0;34mt[0;34me[0;34mx[0;34mt[0;34mu[0;34mr[0;34me[0;34ms[0;34m/[0;34mt[0;34me[0;34ms[0;34mt[0;34m/[0;34ms[0;34mo[0;34mu[0;34mt[0;34mh[0;34m.[0;34mx[0;34mp[0;34mm
[0m[0;34mW[0;34mE[0;34m [0;34mt[0;34me[0;34mx[0;34mt[0;34mu[0;34mr[0;34me[0;34ms[0;34m/[0;34mt[0;34me[0;34ms[0;34mt[0;34m/[0;34mw[0;34me[0;34ms[0;34mt[0;34m.[0;34mx[0;34mp[0;34mm
[0m[0;34mE[0;34mA[0;34m [0;34mt[0;34me[0;34mx[0;34mt[0;34mu[0;34mr[0;34me[0;34ms[0;34m/[0;34mt[0;34me[0;34ms[0;34mt[0;34m/[0;34me[0;34ma[0;34ms[0;34mt[0;34m.[0;34mx[0;34mp[0;34mm
[0m
[0m[0;34m1[0;34m1[0;34m1[0;34m1[0;34m1
[0m[0;34m1[0;34m0[0;34m0[0;34m0[0;34m1
[0m[0;34m1[0;34m0[0;34mS[0;34m0[0;34m1
[0m[0;34m1[0;34m0[0;34m0[0;34m0[0;34m1
[0m[0;34m1[0;34m0[0;34m0[0;34m0[0;34m1
[0m[0;34m1[0;34m0[0;34m0[0;34m0[0;34m1
[0m[0;34m1[0;34m1[0;34m0[0;34m0[0;34m1
[0m[0;34m1[0;34m0[0;34m0[0;34m0[0;34m1
[0m[0;34m1[0;34m0[0;34m0[0;34m0[0;34m1
[0m[0;34m1[0;34m0[0;34m0[0;34m0[0;34m1
[0m[0;34m1[0;34m0[0;34m0[0;34m0[0;34m1
[0m[0;34m1[0;34m0[0;34m0[0;34m0[0;34m1
[0m[0;34m1[0;34m1[0;34m1[0;34m1[0;34m1
[0mExit code: 1
‚ö†Ô∏è No Valgrind alerts, but with leaks[0m  
==6763== Memcheck, a memory error detector
==6763== Copyright (C) 2002-2022, and GNU GPL'd, by Julian Seward et al.
==6763== Using Valgrind-3.22.0 and LibVEX; rerun with -h for copyright info
==6763== Command: ./cub3d ./maps/bad/color_none.cub
==6763== Parent PID: 6696
==6763== 
==6763== 
==6763== HEAP SUMMARY:
==6763==     in use at exit: 639 bytes in 37 blocks
==6763==   total heap usage: 117 allocs, 80 frees, 7,292 bytes allocated
==6763== 
==6763== LEAK SUMMARY:
==6763==    definitely lost: 358 bytes in 6 blocks
==6763==    indirectly lost: 281 bytes in 31 blocks
==6763==      possibly lost: 0 bytes in 0 blocks
==6763==    still reachable: 0 bytes in 0 blocks
==6763==         suppressed: 0 bytes in 0 blocks
==6763== Rerun with --leak-check=full to see details of leaked memory
==6763== 
==6763== For lists of detected and suppressed errors, rerun with: -s
==6763== ERROR SUMMARY: 0 errors from 0 contexts (suppressed: 0 from 0)
Running valgrind on ./maps/bad/empty.cub...
[0;31m Error:[Read file] file is empty
[0m Exit code: 1
[0;32m‚úÖ No Valgrind alerts, no leaks[0m  
==6766== Memcheck, a memory error detector
==6766== Copyright (C) 2002-2022, and GNU GPL'd, by Julian Seward et al.
==6766== Using Valgrind-3.22.0 and LibVEX; rerun with -h for copyright info
==6766== Command: ./cub3d ./maps/bad/empty.cub
==6766== Parent PID: 6696
==6766== 
==6766== 
==6766== HEAP SUMMARY:
==6766==     in use at exit: 0 bytes in 0 blocks
==6766==   total heap usage: 5 allocs, 5 frees, 170 bytes allocated
==6766== 
==6766== All heap blocks were freed -- no leaks are possible
==6766== 
==6766== For lists of detected and suppressed errors, rerun with: -s
==6766== ERROR SUMMARY: 0 errors from 0 contexts (suppressed: 0 from 0)
Running valgrind on ./maps/bad/file_letter_end.cub...

[0;31m Error:[Map check in file] Empty line found
[0m [0;34mN[0;34mO[0;34m [0;34mt[0;34me[0;34mx[0;34mt[0;34mu[0;34mr[0;34me[0;34ms[0;34m/[0;34mt[0;34me[0;34ms[0;34mt[0;34m/[0;34mn[0;34mo[0;34mr[0;34mt[0;34mh[0;34m.[0;34mx[0;34mp[0;34mm
[0m[0;34mS[0;34mO[0;34m [0;34mt[0;34me[0;34mx[0;34mt[0;34mu[0;34mr[0;34me[0;34ms[0;34m/[0;34mt[0;34me[0;34ms[0;34mt[0;34m/[0;34ms[0;34mo[0;34mu[0;34mt[0;34mh[0;34m.[0;34mx[0;34mp[0;34mm
[0m[0;34mW[0;34mE[0;34m [0;34mt[0;34me[0;34mx[0;34mt[0;34mu[0;34mr[0;34me[0;34ms[0;34m/[0;34mt[0;34me[0;34ms[0;34mt[0;34m/[0;34mw[0;34me[0;34ms[0;34mt[0;34m.[0;34mx[0;34mp[0;34mm
[0m[0;34mE[0;34mA[0;34m [0;34mt[0;34me[0;34mx[0;34mt[0;34mu[0;34mr[0;34me[0;34ms[0;34m/[0;34mt[0;34me[0;34ms[0;34mt[0;34m/[0;34me[0;34ma[0;34ms[0;34mt[0;34m.[0;34mx[0;34mp[0;34mm
[0m
[0m[0;34mF[0;34m [0;34m2[0;34m0[0;34m,[0;34m2[0;34m0[0;34m,[0;34m2[0;34m0
[0m[0;34mC[0;34m [0;34m2[0;34m0[0;34m0[0;34m,[0;34m2[0;34m0[0;34m0[0;34m,[0;34m2[0;34m0[0;34m0
[0m
[0m[0;34m1[0;34m1[0;34m1[0;34m1[0;34m1
[0m[0;34m1[0;34m0[0;34m0[0;34m0[0;34m1
[0m[0;34m1[0;34m0[0;34mS[0;34m0[0;34m1
[0m[0;34m1[0;34m0[0;34m0[0;34m0[0;34m1
[0m[0;34m1[0;34m0[0;34m0[0;34m0[0;34m1
[0m[0;34m1[0;34m0[0;34m0[0;34m0[0;34m1
[0m[0;34m1[0;34m1[0;34m0[0;34m0[0;34m1
[0m[0;34m1[0;34m0[0;34m0[0;34m0[0;34m1
[0m[0;34m1[0;34m0[0;34m0[0;34m0[0;34m1
[0m[0;34m1[0;34m0[0;34m0[0;34m0[0;34m1
[0m[0;34m1[0;34m0[0;34m0[0;34m0[0;34m1
[0m[0;34m1[0;34m0[0;34m0[0;34m0[0;34m1
[0m[0;34m1[0;34m1[0;34m1[0;34m1[0;34m1
[0m
[0m
[0m
[0m
[0m
[0m
[0m
[0m
[0m
[0m
[0m
[0m
[0m
[0m[0;34m1
[0mExit code: 1
‚ö†Ô∏è No Valgrind alerts, but with leaks[0m  
==6769== Memcheck, a memory error detector
==6769== Copyright (C) 2002-2022, and GNU GPL'd, by Julian Seward et al.
==6769== Using Valgrind-3.22.0 and LibVEX; rerun with -h for copyright info
==6769== Command: ./cub3d ./maps/bad/file_letter_end.cub
==6769== Parent PID: 6696
==6769== 
==6769== 
==6769== HEAP SUMMARY:
==6769==     in use at exit: 549 bytes in 36 blocks
==6769==   total heap usage: 156 allocs, 120 frees, 11,449 bytes allocated
==6769== 
==6769== LEAK SUMMARY:
==6769==    definitely lost: 288 bytes in 1 blocks
==6769==    indirectly lost: 261 bytes in 35 blocks
==6769==      possibly lost: 0 bytes in 0 blocks
==6769==    still reachable: 0 bytes in 0 blocks
==6769==         suppressed: 0 bytes in 0 blocks
==6769== Rerun with --leak-check=full to see details of leaked memory
==6769== 
==6769== For lists of detected and suppressed errors, rerun with: -s
==6769== ERROR SUMMARY: 0 errors from 0 contexts (suppressed: 0 from 0)
Running valgrind on ./maps/bad/filetype_missing...
[0;31m Error:[Check args] no map or invalid map extension
[0m Exit code: 1
[0;32m‚úÖ No Valgrind alerts, no leaks[0m  
==6772== Memcheck, a memory error detector
==6772== Copyright (C) 2002-2022, and GNU GPL'd, by Julian Seward et al.
==6772== Using Valgrind-3.22.0 and LibVEX; rerun with -h for copyright info
==6772== Command: ./cub3d ./maps/bad/filetype_missing
==6772== Parent PID: 6696
==6772== 
==6772== 
==6772== HEAP SUMMARY:
==6772==     in use at exit: 0 bytes in 0 blocks
==6772==   total heap usage: 3 allocs, 3 frees, 144 bytes allocated
==6772== 
==6772== All heap blocks were freed -- no leaks are possible
==6772== 
==6772== For lists of detected and suppressed errors, rerun with: -s
==6772== ERROR SUMMARY: 0 errors from 0 contexts (suppressed: 0 from 0)
Running valgrind on ./maps/bad/filetype_wrong.buc...
[0;31m Error:[Check args] no map or invalid map extension
[0m Exit code: 1
[0;32m‚úÖ No Valgrind alerts, no leaks[0m  
==6794== Memcheck, a memory error detector
==6794== Copyright (C) 2002-2022, and GNU GPL'd, by Julian Seward et al.
==6794== Using Valgrind-3.22.0 and LibVEX; rerun with -h for copyright info
==6794== Command: ./cub3d ./maps/bad/filetype_wrong.buc
==6794== Parent PID: 6696
==6794== 
==6794== 
==6794== HEAP SUMMARY:
==6794==     in use at exit: 0 bytes in 0 blocks
==6794==   total heap usage: 3 allocs, 3 frees, 144 bytes allocated
==6794== 
==6794== All heap blocks were freed -- no leaks are possible
==6794== 
==6794== For lists of detected and suppressed errors, rerun with: -s
==6794== ERROR SUMMARY: 0 errors from 0 contexts (suppressed: 0 from 0)
Running valgrind on ./maps/bad/map_first.cub...

[0;31m Error:[Map start] No map or incorrect placement
[0m [0;34m1[0;34m1[0;34m1[0;34m1[0;34m1
[0m[0;34m1[0;34m0[0;34m0[0;34m0[0;34m1
[0m[0;34m1[0;34m0[0;34mS[0;34m0[0;34m1
[0m[0;34m1[0;34m0[0;34m0[0;34m0[0;34m1
[0m[0;34m1[0;34m0[0;34m0[0;34m0[0;34m1
[0m[0;34m1[0;34m0[0;34m0[0;34m0[0;34m1
[0m[0;34m1[0;34m1[0;34m0[0;34m0[0;34m1
[0m[0;34m1[0;34m0[0;34m0[0;34m0[0;34m1
[0m[0;34m1[0;34m0[0;34m0[0;34m0[0;34m1
[0m[0;34m1[0;34m0[0;34m0[0;34m0[0;34m1
[0m[0;34m1[0;34m0[0;34m0[0;34m0[0;34m1
[0m[0;34m1[0;34m0[0;34m0[0;34m0[0;34m1
[0m[0;34m1[0;34m1[0;34m1[0;34m1[0;34m1
[0m
[0m[0;34mN[0;34mO[0;34m [0;34mt[0;34me[0;34mx[0;34mt[0;34mu[0;34mr[0;34me[0;34ms[0;34m/[0;34mt[0;34me[0;34ms[0;34mt[0;34m/[0;34mn[0;34mo[0;34mr[0;34mt[0;34mh[0;34m.[0;34mx[0;34mp[0;34mm
[0m[0;34mS[0;34mO[0;34m [0;34mt[0;34me[0;34mx[0;34mt[0;34mu[0;34mr[0;34me[0;34ms[0;34m/[0;34mt[0;34me[0;34ms[0;34mt[0;34m/[0;34ms[0;34mo[0;34mu[0;34mt[0;34mh[0;34m.[0;34mx[0;34mp[0;34mm
[0m[0;34mW[0;34mE[0;34m [0;34mt[0;34me[0;34mx[0;34mt[0;34mu[0;34mr[0;34me[0;34ms[0;34m/[0;34mt[0;34me[0;34ms[0;34mt[0;34m/[0;34mw[0;34me[0;34ms[0;34mt[0;34m.[0;34mx[0;34mp[0;34mm
[0m[0;34mE[0;34mA[0;34m [0;34mt[0;34me[0;34mx[0;34mt[0;34mu[0;34mr[0;34me[0;34ms[0;34m/[0;34mt[0;34me[0;34ms[0;34mt[0;34m/[0;34me[0;34ma[0;34ms[0;34mt[0;34m.[0;34mx[0;34mp[0;34mm
[0m
[0m[0;34mF[0;34m [0;34m2[0;34m0[0;34m,[0;34m2[0;34m0[0;34m,[0;34m2[0;34m0
[0m[0;34mC[0;34m [0;34m2[0;34m0[0;34m0[0;34m,[0;34m2[0;34m0[0;34m0[0;34m,[0;34m2[0;34m0[0;34m0
[0mExit code: 1
‚ö†Ô∏è No Valgrind alerts, but with leaks[0m  
==6797== Memcheck, a memory error detector
==6797== Copyright (C) 2002-2022, and GNU GPL'd, by Julian Seward et al.
==6797== Using Valgrind-3.22.0 and LibVEX; rerun with -h for copyright info
==6797== Command: ./cub3d ./maps/bad/map_first.cub
==6797== Parent PID: 6696
==6797== 
==6797== 
==6797== HEAP SUMMARY:
==6797==     in use at exit: 408 bytes in 22 blocks
==6797==   total heap usage: 99 allocs, 77 frees, 7,572 bytes allocated
==6797== 
==6797== LEAK SUMMARY:
==6797==    definitely lost: 176 bytes in 1 blocks
==6797==    indirectly lost: 232 bytes in 21 blocks
==6797==      possibly lost: 0 bytes in 0 blocks
==6797==    still reachable: 0 bytes in 0 blocks
==6797==         suppressed: 0 bytes in 0 blocks
==6797== Rerun with --leak-check=full to see details of leaked memory
==6797== 
==6797== For lists of detected and suppressed errors, rerun with: -s
==6797== ERROR SUMMARY: 0 errors from 0 contexts (suppressed: 0 from 0)
Running valgrind on ./maps/bad/map_middle.cub...

[0;31m Error:[Map check in file] Empty line found
[0m [0;34mN[0;34mO[0;34m [0;34mt[0;34me[0;34mx[0;34mt[0;34mu[0;34mr[0;34me[0;34ms[0;34m/[0;34mt[0;34me[0;34ms[0;34mt[0;34m/[0;34mn[0;34mo[0;34mr[0;34mt[0;34mh[0;34m.[0;34mx[0;34mp[0;34mm
[0m[0;34mS[0;34mO[0;34m [0;34mt[0;34me[0;34mx[0;34mt[0;34mu[0;34mr[0;34me[0;34ms[0;34m/[0;34mt[0;34me[0;34ms[0;34mt[0;34m/[0;34ms[0;34mo[0;34mu[0;34mt[0;34mh[0;34m.[0;34mx[0;34mp[0;34mm
[0m[0;34mW[0;34mE[0;34m [0;34mt[0;34me[0;34mx[0;34mt[0;34mu[0;34mr[0;34me[0;34ms[0;34m/[0;34mt[0;34me[0;34ms[0;34mt[0;34m/[0;34mw[0;34me[0;34ms[0;34mt[0;34m.[0;34mx[0;34mp[0;34mm
[0m[0;34mE[0;34mA[0;34m [0;34mt[0;34me[0;34mx[0;34mt[0;34mu[0;34mr[0;34me[0;34ms[0;34m/[0;34mt[0;34me[0;34ms[0;34mt[0;34m/[0;34me[0;34ma[0;34ms[0;34mt[0;34m.[0;34mx[0;34mp[0;34mm
[0m
[0m[0;34m1[0;34m1[0;34m1[0;34m1[0;34m1
[0m[0;34m1[0;34m0[0;34m0[0;34m0[0;34m1
[0m[0;34m1[0;34m0[0;34mS[0;34m0[0;34m1
[0m[0;34m1[0;34m0[0;34m0[0;34m0[0;34m1
[0m[0;34m1[0;34m0[0;34m0[0;34m0[0;34m1
[0m[0;34m1[0;34m0[0;34m0[0;34m0[0;34m1
[0m[0;34m1[0;34m1[0;34m0[0;34m0[0;34m1
[0m[0;34m1[0;34m0[0;34m0[0;34m0[0;34m1
[0m[0;34m1[0;34m0[0;34m0[0;34m0[0;34m1
[0m[0;34m1[0;34m0[0;34m0[0;34m0[0;34m1
[0m[0;34m1[0;34m0[0;34m0[0;34m0[0;34m1
[0m[0;34m1[0;34m0[0;34m0[0;34m0[0;34m1
[0m[0;34m1[0;34m1[0;34m1[0;34m1[0;34m1
[0m
[0m[0;34mF[0;34m [0;34m2[0;34m0[0;34m,[0;34m2[0;34m0[0;34m,[0;34m2[0;34m0
[0m[0;34mC[0;34m [0;34m2[0;34m0[0;34m0[0;34m,[0;34m2[0;34m0[0;34m0[0;34m,[0;34m2[0;34m0[0;34m0
[0m
[0m
[0mExit code: 1
‚ö†Ô∏è No Valgrind alerts, but with leaks[0m  
==6822== Memcheck, a memory error detector
==6822== Copyright (C) 2002-2022, and GNU GPL'd, by Julian Seward et al.
==6822== Using Valgrind-3.22.0 and LibVEX; rerun with -h for copyright info
==6822== Command: ./cub3d ./maps/bad/map_middle.cub
==6822== Parent PID: 6696
==6822== 
==6822== 
==6822== HEAP SUMMARY:
==6822==     in use at exit: 428 bytes in 24 blocks
==6822==   total heap usage: 107 allocs, 83 frees, 8,059 bytes allocated
==6822== 
==6822== LEAK SUMMARY:
==6822==    definitely lost: 192 bytes in 1 blocks
==6822==    indirectly lost: 236 bytes in 23 blocks
==6822==      possibly lost: 0 bytes in 0 blocks
==6822==    still reachable: 0 bytes in 0 blocks
==6822==         suppressed: 0 bytes in 0 blocks
==6822== Rerun with --leak-check=full to see details of leaked memory
==6822== 
==6822== For lists of detected and suppressed errors, rerun with: -s
==6822== ERROR SUMMARY: 0 errors from 0 contexts (suppressed: 0 from 0)
Running valgrind on ./maps/bad/map_missing.cub...

[0;31m Error:[Map start] No map or incorrect placement
[0m [0;34mN[0;34mO[0;34m [0;34mt[0;34me[0;34mx[0;34mt[0;34mu[0;34mr[0;34me[0;34ms[0;34m/[0;34mt[0;34me[0;34ms[0;34mt[0;34m/[0;34mn[0;34mo[0;34mr[0;34mt[0;34mh[0;34m.[0;34mx[0;34mp[0;34mm
[0m[0;34mS[0;34mO[0;34m [0;34mt[0;34me[0;34mx[0;34mt[0;34mu[0;34mr[0;34me[0;34ms[0;34m/[0;34mt[0;34me[0;34ms[0;34mt[0;34m/[0;34ms[0;34mo[0;34mu[0;34mt[0;34mh[0;34m.[0;34mx[0;34mp[0;34mm
[0m[0;34mW[0;34mE[0;34m [0;34mt[0;34me[0;34mx[0;34mt[0;34mu[0;34mr[0;34me[0;34ms[0;34m/[0;34mt[0;34me[0;34ms[0;34mt[0;34m/[0;34mw[0;34me[0;34ms[0;34mt[0;34m.[0;34mx[0;34mp[0;34mm
[0m[0;34mE[0;34mA[0;34m [0;34mt[0;34me[0;34mx[0;34mt[0;34mu[0;34mr[0;34me[0;34ms[0;34m/[0;34mt[0;34me[0;34ms[0;34mt[0;34m/[0;34me[0;34ma[0;34ms[0;34mt[0;34m.[0;34mx[0;34mp[0;34mm
[0m
[0m[0;34mF[0;34m [0;34m2[0;34m0[0;34m,[0;34m2[0;34m0[0;34m,[0;34m2[0;34m0
[0m[0;34mC[0;34m [0;34m2[0;34m0[0;34m0[0;34m,[0;34m2[0;34m0[0;34m0[0;34m,[0;34m2[0;34m0[0;34m0
[0m
[0mExit code: 1
‚ö†Ô∏è No Valgrind alerts, but with leaks[0m  
==6825== Memcheck, a memory error detector
==6825== Copyright (C) 2002-2022, and GNU GPL'd, by Julian Seward et al.
==6825== Using Valgrind-3.22.0 and LibVEX; rerun with -h for copyright info
==6825== Command: ./cub3d ./maps/bad/map_missing.cub
==6825== Parent PID: 6696
==6825== 
==6825== 
==6825== HEAP SUMMARY:
==6825==     in use at exit: 213 bytes in 9 blocks
==6825==   total heap usage: 44 allocs, 35 frees, 5,280 bytes allocated
==6825== 
==6825== LEAK SUMMARY:
==6825==    definitely lost: 72 bytes in 1 blocks
==6825==    indirectly lost: 141 bytes in 8 blocks
==6825==      possibly lost: 0 bytes in 0 blocks
==6825==    still reachable: 0 bytes in 0 blocks
==6825==         suppressed: 0 bytes in 0 blocks
==6825== Rerun with --leak-check=full to see details of leaked memory
==6825== 
==6825== For lists of detected and suppressed errors, rerun with: -s
==6825== ERROR SUMMARY: 0 errors from 0 contexts (suppressed: 0 from 0)
Running valgrind on ./maps/bad/map_only.cub...

[0;31m Error:[Map start] No map or incorrect placement
[0m [0;34m1[0;34m1[0;34m1[0;34m1[0;34m1
[0m[0;34m1[0;34m0[0;34m0[0;34m0[0;34m1
[0m[0;34m1[0;34m0[0;34mS[0;34m0[0;34m1
[0m[0;34m1[0;34m0[0;34m0[0;34m0[0;34m1
[0m[0;34m1[0;34m0[0;34m0[0;34m0[0;34m1
[0m[0;34m1[0;34m0[0;34m0[0;34m0[0;34m1
[0m[0;34m1[0;34m1[0;34m0[0;34m0[0;34m1
[0m[0;34m1[0;34m0[0;34m0[0;34m0[0;34m1
[0m[0;34m1[0;34m0[0;34m0[0;34m0[0;34m1
[0m[0;34m1[0;34m0[0;34m0[0;34m0[0;34m1
[0m[0;34m1[0;34m0[0;34m0[0;34m0[0;34m1
[0m[0;34m1[0;34m0[0;34m0[0;34m0[0;34m1
[0m[0;34m1[0;34m1[0;34m1[0;34m1[0;34m1
[0mExit code: 1
‚ö†Ô∏è No Valgrind alerts, but with leaks[0m  
==6828== Memcheck, a memory error detector
==6828== Copyright (C) 2002-2022, and GNU GPL'd, by Julian Seward et al.
==6828== Using Valgrind-3.22.0 and LibVEX; rerun with -h for copyright info
==6828== Command: ./cub3d ./maps/bad/map_only.cub
==6828== Parent PID: 6696
==6828== 
==6828== 
==6828== HEAP SUMMARY:
==6828==     in use at exit: 203 bytes in 14 blocks
==6828==   total heap usage: 62 allocs, 48 frees, 5,730 bytes allocated
==6828== 
==6828== LEAK SUMMARY:
==6828==    definitely lost: 112 bytes in 1 blocks
==6828==    indirectly lost: 91 bytes in 13 blocks
==6828==      possibly lost: 0 bytes in 0 blocks
==6828==    still reachable: 0 bytes in 0 blocks
==6828==         suppressed: 0 bytes in 0 blocks
==6828== Rerun with --leak-check=full to see details of leaked memory
==6828== 
==6828== For lists of detected and suppressed errors, rerun with: -s
==6828== ERROR SUMMARY: 0 errors from 0 contexts (suppressed: 0 from 0)
Running valgrind on ./maps/bad/map_too_small.cub...

[0;31m Error:[Map check in file] Invalid map size
[0m [0;34mN[0;34mO[0;34m [0;34mt[0;34me[0;34mx[0;34mt[0;34mu[0;34mr[0;34me[0;34ms[0;34m/[0;34mt[0;34me[0;34ms[0;34mt[0;34m/[0;34mn[0;34mo[0;34mr[0;34mt[0;34mh[0;34m.[0;34mx[0;34mp[0;34mm
[0m[0;34mS[0;34mO[0;34m [0;34mt[0;34me[0;34mx[0;34mt[0;34mu[0;34mr[0;34me[0;34ms[0;34m/[0;34mt[0;34me[0;34ms[0;34mt[0;34m/[0;34ms[0;34mo[0;34mu[0;34mt[0;34mh[0;34m.[0;34mx[0;34mp[0;34mm
[0m[0;34mW[0;34mE[0;34m [0;34mt[0;34me[0;34mx[0;34mt[0;34mu[0;34mr[0;34me[0;34ms[0;34m/[0;34mt[0;34me[0;34ms[0;34mt[0;34m/[0;34mw[0;34me[0;34ms[0;34mt[0;34m.[0;34mx[0;34mp[0;34mm
[0m[0;34mE[0;34mA[0;34m [0;34mt[0;34me[0;34mx[0;34mt[0;34mu[0;34mr[0;34me[0;34ms[0;34m/[0;34mt[0;34me[0;34ms[0;34mt[0;34m/[0;34me[0;34ma[0;34ms[0;34mt[0;34m.[0;34mx[0;34mp[0;34mm
[0m
[0m[0;34mF[0;34m [0;34m2[0;34m0[0;34m,[0;34m2[0;34m0[0;34m,[0;34m2[0;34m0
[0m[0;34mC[0;34m [0;34m2[0;34m0[0;34m0[0;34m,[0;34m2[0;34m0[0;34m0[0;34m,[0;34m2[0;34m0[0;34m0
[0m
[0m[0;34m1[0;34m1[0;34m1
[0m[0;34m1[0;34m1[0;34m1
[0mExit code: 1
‚ö†Ô∏è No Valgrind alerts, but with leaks[0m  
==6831== Memcheck, a memory error detector
==6831== Copyright (C) 2002-2022, and GNU GPL'd, by Julian Seward et al.
==6831== Using Valgrind-3.22.0 and LibVEX; rerun with -h for copyright info
==6831== Command: ./cub3d ./maps/bad/map_too_small.cub
==6831== Parent PID: 6696
==6831== 
==6831== 
==6831== HEAP SUMMARY:
==6831==     in use at exit: 239 bytes in 11 blocks
==6831==   total heap usage: 52 allocs, 41 frees, 5,540 bytes allocated
==6831== 
==6831== LEAK SUMMARY:
==6831==    definitely lost: 88 bytes in 1 blocks
==6831==    indirectly lost: 151 bytes in 10 blocks
==6831==      possibly lost: 0 bytes in 0 blocks
==6831==    still reachable: 0 bytes in 0 blocks
==6831==         suppressed: 0 bytes in 0 blocks
==6831== Rerun with --leak-check=full to see details of leaked memory
==6831== 
==6831== For lists of detected and suppressed errors, rerun with: -s
==6831== ERROR SUMMARY: 0 errors from 0 contexts (suppressed: 0 from 0)
Running valgrind on ./maps/bad/player_multiple.cub...

[0;31m Error:[Map validation] invalid number of player 
[0m [0;34mN[0;34mO[0;34m [0;34mt[0;34me[0;34mx[0;34mt[0;34mu[0;34mr[0;34me[0;34ms[0;34m/[0;34mt[0;34me[0;34ms[0;34mt[0;34m/[0;34mn[0;34mo[0;34mr[0;34mt[0;34mh[0;34m.[0;34mx[0;34mp[0;34mm
[0m[0;34mS[0;34mO[0;34m [0;34mt[0;34me[0;34mx[0;34mt[0;34mu[0;34mr[0;34me[0;34ms[0;34m/[0;34mt[0;34me[0;34ms[0;34mt[0;34m/[0;34ms[0;34mo[0;34mu[0;34mt[0;34mh[0;34m.[0;34mx[0;34mp[0;34mm
[0m[0;34mW[0;34mE[0;34m [0;34mt[0;34me[0;34mx[0;34mt[0;34mu[0;34mr[0;34me[0;34ms[0;34m/[0;34mt[0;34me[0;34ms[0;34mt[0;34m/[0;34mw[0;34me[0;34ms[0;34mt[0;34m.[0;34mx[0;34mp[0;34mm
[0m[0;34mE[0;34mA[0;34m [0;34mt[0;34me[0;34mx[0;34mt[0;34mu[0;34mr[0;34me[0;34ms[0;34m/[0;34mt[0;34me[0;34ms[0;34mt[0;34m/[0;34me[0;34ma[0;34ms[0;34mt[0;34m.[0;34mx[0;34mp[0;34mm
[0m
[0m[0;34mF[0;34m [0;34m2[0;34m0[0;34m,[0;34m2[0;34m0[0;34m,[0;34m2[0;34m0
[0m[0;34mC[0;34m [0;34m2[0;34m0[0;34m0[0;34m,[0;34m2[0;34m0[0;34m0[0;34m,[0;34m2[0;34m0[0;34m0
[0m
[0m[0;34m1[0;34m1[0;34m1[0;34m1[0;34m1
[0m[0;34m1[0;34m0[0;34m0[0;34m0[0;34m1
[0m[0;34m1[0;34m0[0;34mS[0;34m0[0;34m1
[0m[0;34m1[0;34m0[0;34m0[0;34m0[0;34m1
[0m[0;34m1[0;34m0[0;34m0[0;34m0[0;34m1
[0m[0;34m1[0;34m0[0;34m0[0;34m0[0;34m1
[0m[0;34m1[0;34m1[0;34mE[0;34m0[0;34m1
[0m[0;34m1[0;34m0[0;34m0[0;34m0[0;34m1
[0m[0;34m1[0;34m0[0;34m0[0;34m0[0;34m1
[0m[0;34m1[0;34m0[0;34m0[0;34m0[0;34m1
[0m[0;34m1[0;34m0[0;34m0[0;34m0[0;34m1
[0m[0;34m1[0;34m0[0;34m0[0;34m0[0;34m1
[0m[0;34m1[0;34m1[0;34m1[0;34m1[0;34m1
[0mExit code: 1
‚ö†Ô∏è No Valgrind alerts, but with leaks[0m  
==6834== Memcheck, a memory error detector
==6834== Copyright (C) 2002-2022, and GNU GPL'd, by Julian Seward et al.
==6834== Using Valgrind-3.22.0 and LibVEX; rerun with -h for copyright info
==6834== Command: ./cub3d ./maps/bad/player_multiple.cub
==6834== Parent PID: 6696
==6834== 
==6834== 
==6834== HEAP SUMMARY:
==6834==     in use at exit: 598 bytes in 36 blocks
==6834==   total heap usage: 126 allocs, 90 frees, 7,925 bytes allocated
==6834== 
==6834== LEAK SUMMARY:
==6834==    definitely lost: 288 bytes in 2 blocks
==6834==    indirectly lost: 310 bytes in 34 blocks
==6834==      possibly lost: 0 bytes in 0 blocks
==6834==    still reachable: 0 bytes in 0 blocks
==6834==         suppressed: 0 bytes in 0 blocks
==6834== Rerun with --leak-check=full to see details of leaked memory
==6834== 
==6834== For lists of detected and suppressed errors, rerun with: -s
==6834== ERROR SUMMARY: 0 errors from 0 contexts (suppressed: 0 from 0)
Running valgrind on ./maps/bad/player_none.cub...

[0;31m Error:[Map validation] invalid number of player 
[0m [0;34mN[0;34mO[0;34m [0;34mt[0;34me[0;34mx[0;34mt[0;34mu[0;34mr[0;34me[0;34ms[0;34m/[0;34mt[0;34me[0;34ms[0;34mt[0;34m/[0;34mn[0;34mo[0;34mr[0;34mt[0;34mh[0;34m.[0;34mx[0;34mp[0;34mm
[0m[0;34mS[0;34mO[0;34m [0;34mt[0;34me[0;34mx[0;34mt[0;34mu[0;34mr[0;34me[0;34ms[0;34m/[0;34mt[0;34me[0;34ms[0;34mt[0;34m/[0;34ms[0;34mo[0;34mu[0;34mt[0;34mh[0;34m.[0;34mx[0;34mp[0;34mm
[0m[0;34mW[0;34mE[0;34m [0;34mt[0;34me[0;34mx[0;34mt[0;34mu[0;34mr[0;34me[0;34ms[0;34m/[0;34mt[0;34me[0;34ms[0;34mt[0;34m/[0;34mw[0;34me[0;34ms[0;34mt[0;34m.[0;34mx[0;34mp[0;34mm
[0m[0;34mE[0;34mA[0;34m [0;34mt[0;34me[0;34mx[0;34mt[0;34mu[0;34mr[0;34me[0;34ms[0;34m/[0;34mt[0;34me[0;34ms[0;34mt[0;34m/[0;34me[0;34ma[0;34ms[0;34mt[0;34m.[0;34mx[0;34mp[0;34mm
[0m
[0m[0;34mF[0;34m [0;34m2[0;34m0[0;34m,[0;34m2[0;34m0[0;34m,[0;34m2[0;34m0
[0m[0;34mC[0;34m [0;34m2[0;34m0[0;34m0[0;34m,[0;34m2[0;34m0[0;34m0[0;34m,[0;34m2[0;34m0[0;34m0
[0m
[0m[0;34m1[0;34m1[0;34m1[0;34m1[0;34m1
[0m[0;34m1[0;34m0[0;34m0[0;34m0[0;34m1
[0m[0;34m1[0;34m0[0;34m0[0;34m0[0;34m1
[0m[0;34m1[0;34m0[0;34m0[0;34m0[0;34m1
[0m[0;34m1[0;34m0[0;34m0[0;34m0[0;34m1
[0m[0;34m1[0;34m0[0;34m0[0;34m0[0;34m1
[0m[0;34m1[0;34m1[0;34m0[0;34m0[0;34m1
[0m[0;34m1[0;34m0[0;34m0[0;34m0[0;34m1
[0m[0;34m1[0;34m0[0;34m0[0;34m0[0;34m1
[0m[0;34m1[0;34m0[0;34m0[0;34m0[0;34m1
[0m[0;34m1[0;34m0[0;34m0[0;34m0[0;34m1
[0m[0;34m1[0;34m0[0;34m0[0;34m0[0;34m1
[0m[0;34m1[0;34m1[0;34m1[0;34m1[0;34m1
[0mExit code: 1
‚ö†Ô∏è No Valgrind alerts, but with leaks[0m  
==6837== Memcheck, a memory error detector
==6837== Copyright (C) 2002-2022, and GNU GPL'd, by Julian Seward et al.
==6837== Using Valgrind-3.22.0 and LibVEX; rerun with -h for copyright info
==6837== Command: ./cub3d ./maps/bad/player_none.cub
==6837== Parent PID: 6696
==6837== 
==6837== 
==6837== HEAP SUMMARY:
==6837==     in use at exit: 598 bytes in 36 blocks
==6837==   total heap usage: 126 allocs, 90 frees, 7,925 bytes allocated
==6837== 
==6837== LEAK SUMMARY:
==6837==    definitely lost: 288 bytes in 2 blocks
==6837==    indirectly lost: 310 bytes in 34 blocks
==6837==      possibly lost: 0 bytes in 0 blocks
==6837==    still reachable: 0 bytes in 0 blocks
==6837==         suppressed: 0 bytes in 0 blocks
==6837== Rerun with --leak-check=full to see details of leaked memory
==6837== 
==6837== For lists of detected and suppressed errors, rerun with: -s
==6837== ERROR SUMMARY: 0 errors from 0 contexts (suppressed: 0 from 0)
Running valgrind on ./maps/bad/player_on_edge.cub...

[0;31m Error:[Walls check] incorrect horizontal walls
[0m [0;34mN[0;34mO[0;34m [0;34mt[0;34me[0;34mx[0;34mt[0;34mu[0;34mr[0;34me[0;34ms[0;34m/[0;34mt[0;34me[0;34ms[0;34mt[0;34m/[0;34mn[0;34mo[0;34mr[0;34mt[0;34mh[0;34m.[0;34mx[0;34mp[0;34mm
[0m[0;34mS[0;34mO[0;34m [0;34mt[0;34me[0;34mx[0;34mt[0;34mu[0;34mr[0;34me[0;34ms[0;34m/[0;34mt[0;34me[0;34ms[0;34mt[0;34m/[0;34ms[0;34mo[0;34mu[0;34mt[0;34mh[0;34m.[0;34mx[0;34mp[0;34mm
[0m[0;34mW[0;34mE[0;34m [0;34mt[0;34me[0;34mx[0;34mt[0;34mu[0;34mr[0;34me[0;34ms[0;34m/[0;34mt[0;34me[0;34ms[0;34mt[0;34m/[0;34mw[0;34me[0;34ms[0;34mt[0;34m.[0;34mx[0;34mp[0;34mm
[0m[0;34mE[0;34mA[0;34m [0;34mt[0;34me[0;34mx[0;34mt[0;34mu[0;34mr[0;34me[0;34ms[0;34m/[0;34mt[0;34me[0;34ms[0;34mt[0;34m/[0;34me[0;34ma[0;34ms[0;34mt[0;34m.[0;34mx[0;34mp[0;34mm
[0m
[0m[0;34mF[0;34m [0;34m2[0;34m0[0;34m,[0;34m2[0;34m0[0;34m,[0;34m2[0;34m0
[0m[0;34mC[0;34m [0;34m2[0;34m0[0;34m0[0;34m,[0;34m2[0;34m0[0;34m0[0;34m,[0;34m2[0;34m0[0;34m0
[0m
[0m[0;34m1[0;34mS[0;34m1[0;34m1[0;34m1
[0m[0;34m1[0;34m0[0;34m0[0;34m0[0;34m1
[0m[0;34m1[0;34m0[0;34m0[0;34m0[0;34m1
[0m[0;34m1[0;34m0[0;34m0[0;34m0[0;34m1
[0m[0;34m1[0;34m0[0;34m0[0;34m0[0;34m1
[0m[0;34m1[0;34m0[0;34m0[0;34m0[0;34m1
[0m[0;34m1[0;34m1[0;34m0[0;34m0[0;34m1
[0m[0;34m1[0;34m0[0;34m0[0;34m0[0;34m1
[0m[0;34m1[0;34m0[0;34m0[0;34m0[0;34m1
[0m[0;34m1[0;34m0[0;34m0[0;34m0[0;34m1
[0m[0;34m1[0;34m0[0;34m0[0;34m0[0;34m1
[0m[0;34m1[0;34m0[0;34m0[0;34m0[0;34m1
[0m[0;34m1[0;34m1[0;34m1[0;34m1[0;34m1
[0mExit code: 1
‚ö†Ô∏è No Valgrind alerts, but with leaks[0m  
==6840== Memcheck, a memory error detector
==6840== Copyright (C) 2002-2022, and GNU GPL'd, by Julian Seward et al.
==6840== Using Valgrind-3.22.0 and LibVEX; rerun with -h for copyright info
==6840== Command: ./cub3d ./maps/bad/player_on_edge.cub
==6840== Parent PID: 6696
==6840== 
==6840== 
==6840== HEAP SUMMARY:
==6840==     in use at exit: 598 bytes in 36 blocks
==6840==   total heap usage: 126 allocs, 90 frees, 7,925 bytes allocated
==6840== 
==6840== LEAK SUMMARY:
==6840==    definitely lost: 288 bytes in 2 blocks
==6840==    indirectly lost: 310 bytes in 34 blocks
==6840==      possibly lost: 0 bytes in 0 blocks
==6840==    still reachable: 0 bytes in 0 blocks
==6840==         suppressed: 0 bytes in 0 blocks
==6840== Rerun with --leak-check=full to see details of leaked memory
==6840== 
==6840== For lists of detected and suppressed errors, rerun with: -s
==6840== ERROR SUMMARY: 0 errors from 0 contexts (suppressed: 0 from 0)
Running valgrind on ./maps/bad/textures_dir.cub...

[0;31m Error:[Texture verification] invalid texture format
[0m [0;34mN[0;34mO[0;34m [0;34mt[0;34me[0;34mx[0;34mt[0;34mu[0;34mr[0;34me[0;34ms[0;34m/[0;34mt[0;34me[0;34ms[0;34mt[0;34m/[0;34mn[0;34mo[0;34mr[0;34mt[0;34mh[0;34m.[0;34mx[0;34mp[0;34mm
[0m[0;34mS[0;34mO[0;34m [0;34mt[0;34me[0;34mx[0;34mt[0;34mu[0;34mr[0;34me[0;34ms[0;34m/[0;34mt[0;34me[0;34ms[0;34mt[0;34m/[0;34ms[0;34mo[0;34mu[0;34mt[0;34mh[0;34m.[0;34mx[0;34mp[0;34mm
[0m[0;34mW[0;34mE[0;34m [0;34mt[0;34me[0;34mx[0;34mt[0;34mu[0;34mr[0;34me[0;34ms[0;34m/[0;34mt[0;34me[0;34ms[0;34mt[0;34m/[0;34mw[0;34me[0;34ms[0;34mt[0;34m.[0;34mx[0;34mp[0;34mm
[0m[0;34mE[0;34mA[0;34m [0;34mt[0;34me[0;34mx[0;34mt[0;34mu[0;34mr[0;34me[0;34ms[0;34m/[0;34mt[0;34me[0;34ms[0;34mt[0;34m/
[0m
[0m[0;34mF[0;34m [0;34m2[0;34m0[0;34m,[0;34m2[0;34m0[0;34m,[0;34m2[0;34m0
[0m[0;34mC[0;34m [0;34m2[0;34m0[0;34m0[0;34m,[0;34m2[0;34m0[0;34m0[0;34m,[0;34m2[0;34m0[0;34m0
[0m
[0m[0;34m1[0;34m1[0;34m1[0;34m1[0;34m1
[0m[0;34m1[0;34m0[0;34m0[0;34m0[0;34m1
[0m[0;34m1[0;34m0[0;34mS[0;34m0[0;34m1
[0m[0;34m1[0;34m0[0;34m0[0;34m0[0;34m1
[0m[0;34m1[0;34m0[0;34m0[0;34m0[0;34m1
[0m[0;34m1[0;34m0[0;34m0[0;34m0[0;34m1
[0m[0;34m1[0;34m1[0;34m0[0;34m0[0;34m1
[0m[0;34m1[0;34m0[0;34m0[0;34m0[0;34m1
[0m[0;34m1[0;34m0[0;34m0[0;34m0[0;34m1
[0m[0;34m1[0;34m0[0;34m0[0;34m0[0;34m1
[0m[0;34m1[0;34m0[0;34m0[0;34m0[0;34m1
[0m[0;34m1[0;34m0[0;34m0[0;34m0[0;34m1
[0m[0;34m1[0;34m1[0;34m1[0;34m1[0;34m1
[0mExit code: 1
‚ö†Ô∏è No Valgrind alerts, but with leaks[0m  
==6862== Memcheck, a memory error detector
==6862== Copyright (C) 2002-2022, and GNU GPL'd, by Julian Seward et al.
==6862== Using Valgrind-3.22.0 and LibVEX; rerun with -h for copyright info
==6862== Command: ./cub3d ./maps/bad/textures_dir.cub
==6862== Parent PID: 6696
==6862== 
==6862== 
==6862== HEAP SUMMARY:
==6862==     in use at exit: 676 bytes in 40 blocks
==6862==   total heap usage: 130 allocs, 90 frees, 7,985 bytes allocated
==6862== 
==6862== LEAK SUMMARY:
==6862==    definitely lost: 374 bytes in 6 blocks
==6862==    indirectly lost: 302 bytes in 34 blocks
==6862==      possibly lost: 0 bytes in 0 blocks
==6862==    still reachable: 0 bytes in 0 blocks
==6862==         suppressed: 0 bytes in 0 blocks
==6862== Rerun with --leak-check=full to see details of leaked memory
==6862== 
==6862== For lists of detected and suppressed errors, rerun with: -s
==6862== ERROR SUMMARY: 0 errors from 0 contexts (suppressed: 0 from 0)
Running valgrind on ./maps/bad/textures_duplicates.cub...

[0;31m Error:[Texture save] Duplicate found
[0m [0;34mN[0;34mO[0;34m [0;34mt[0;34me[0;34mx[0;34mt[0;34mu[0;34mr[0;34me[0;34ms[0;34m/[0;34mt[0;34me[0;34ms[0;34mt[0;34m/[0;34mn[0;34mo[0;34mr[0;34mt[0;34mh[0;34m.[0;34mx[0;34mp[0;34mm
[0m[0;34mS[0;34mO[0;34m [0;34mt[0;34me[0;34mx[0;34mt[0;34mu[0;34mr[0;34me[0;34ms[0;34m/[0;34mt[0;34me[0;34ms[0;34mt[0;34m/[0;34ms[0;34mo[0;34mu[0;34mt[0;34mh[0;34m.[0;34mx[0;34mp[0;34mm
[0m[0;34mW[0;34mE[0;34m [0;34mt[0;34me[0;34mx[0;34mt[0;34mu[0;34mr[0;34me[0;34ms[0;34m/[0;34mt[0;34me[0;34ms[0;34mt[0;34m/[0;34mw[0;34me[0;34ms[0;34mt[0;34m.[0;34mx[0;34mp[0;34mm
[0m[0;34mE[0;34mA[0;34m [0;34mt[0;34me[0;34mx[0;34mt[0;34mu[0;34mr[0;34me[0;34ms[0;34m/[0;34mt[0;34me[0;34ms[0;34mt[0;34m/[0;34me[0;34ma[0;34ms[0;34mt[0;34m.[0;34mx[0;34mp[0;34mm
[0m[0;34mE[0;34mA[0;34m [0;34mt[0;34me[0;34mx[0;34mt[0;34mu[0;34mr[0;34me[0;34ms[0;34m/[0;34mt[0;34me[0;34ms[0;34mt[0;34m/[0;34me[0;34ma[0;34ms[0;34mt[0;34m.[0;34mx[0;34mp[0;34mm
[0m
[0m[0;34mF[0;34m [0;34m2[0;34m0[0;34m,[0;34m2[0;34m0[0;34m,[0;34m2[0;34m0
[0m[0;34mC[0;34m [0;34m2[0;34m0[0;34m0[0;34m,[0;34m2[0;34m0[0;34m0[0;34m,[0;34m2[0;34m0[0;34m0
[0m
[0m[0;34m1[0;34m1[0;34m1[0;34m1[0;34m1
[0m[0;34m1[0;34m0[0;34m0[0;34m0[0;34m1
[0m[0;34m1[0;34m0[0;34mS[0;34m0[0;34m1
[0m[0;34m1[0;34m0[0;34m0[0;34m0[0;34m1
[0m[0;34m1[0;34m0[0;34m0[0;34m0[0;34m1
[0m[0;34m1[0;34m0[0;34m0[0;34m0[0;34m1
[0m[0;34m1[0;34m1[0;34m0[0;34m0[0;34m1
[0m[0;34m1[0;34m0[0;34m0[0;34m0[0;34m1
[0m[0;34m1[0;34m0[0;34m0[0;34m0[0;34m1
[0m[0;34m1[0;34m0[0;34m0[0;34m0[0;34m1
[0m[0;34m1[0;34m0[0;34m0[0;34m0[0;34m1
[0m[0;34m1[0;34m0[0;34m0[0;34m0[0;34m1
[0m[0;34m1[0;34m1[0;34m1[0;34m1[0;34m1
[0mExit code: 1
‚ö†Ô∏è No Valgrind alerts, but with leaks[0m  
==6865== Memcheck, a memory error detector
==6865== Copyright (C) 2002-2022, and GNU GPL'd, by Julian Seward et al.
==6865== Using Valgrind-3.22.0 and LibVEX; rerun with -h for copyright info
==6865== Command: ./cub3d ./maps/bad/textures_duplicates.cub
==6865== Parent PID: 6696
==6865== 
==6865== 
==6865== HEAP SUMMARY:
==6865==     in use at exit: 750 bytes in 42 blocks
==6865==   total heap usage: 136 allocs, 94 frees, 8,299 bytes allocated
==6865== 
==6865== LEAK SUMMARY:
==6865==    definitely lost: 413 bytes in 7 blocks
==6865==    indirectly lost: 337 bytes in 35 blocks
==6865==      possibly lost: 0 bytes in 0 blocks
==6865==    still reachable: 0 bytes in 0 blocks
==6865==         suppressed: 0 bytes in 0 blocks
==6865== Rerun with --leak-check=full to see details of leaked memory
==6865== 
==6865== For lists of detected and suppressed errors, rerun with: -s
==6865== ERROR SUMMARY: 0 errors from 0 contexts (suppressed: 0 from 0)
Running valgrind on ./maps/bad/textures_invalid.cub...

[0;31m Error:[Texture verification] invalid texture format
[0m [0;34mN[0;34mO[0;34m [0;34mt[0;34me[0;34mx[0;34mt[0;34mu[0;34mr[0;34me[0;34ms[0;34m/[0;34mt[0;34me[0;34ms[0;34mt[0;34m/[0;34mn[0;34mo[0;34mr[0;34mt[0;34mh[0;34m.[0;34mx[0;34mp[0;34mm
[0m[0;34mS[0;34mO[0;34m [0;34mt[0;34me[0;34mx[0;34mt[0;34mu[0;34mr[0;34me[0;34ms[0;34m/[0;34mt[0;34me[0;34ms[0;34mt[0;34m/[0;34ms[0;34mo[0;34mu[0;34mt[0;34mh[0;34m.[0;34mx[0;34mp[0;34mm
[0m[0;34mW[0;34mE[0;34m [0;34mt[0;34me[0;34mx[0;34mt[0;34mu[0;34mr[0;34me[0;34ms[0;34m/[0;34mt[0;34me[0;34ms[0;34mt[0;34m/[0;34mx
[0m[0;34mE[0;34mA[0;34m [0;34mt[0;34me[0;34mx[0;34mt[0;34mu[0;34mr[0;34me[0;34ms[0;34m/[0;34mt[0;34me[0;34ms[0;34mt[0;34m/[0;34me[0;34ma[0;34ms[0;34mt[0;34m.[0;34mx[0;34mp[0;34mm
[0m
[0m[0;34mF[0;34m [0;34m2[0;34m0[0;34m,[0;34m2[0;34m0[0;34m,[0;34m2[0;34m0
[0m[0;34mC[0;34m [0;34m2[0;34m0[0;34m0[0;34m,[0;34m2[0;34m0[0;34m0[0;34m,[0;34m2[0;34m0[0;34m0
[0m
[0m[0;34m1[0;34m1[0;34m1[0;34m1[0;34m1
[0m[0;34m1[0;34m0[0;34m0[0;34m0[0;34m1
[0m[0;34m1[0;34m0[0;34mS[0;34m0[0;34m1
[0m[0;34m1[0;34m0[0;34m0[0;34m0[0;34m1
[0m[0;34m1[0;34m0[0;34m0[0;34m0[0;34m1
[0m[0;34m1[0;34m0[0;34m0[0;34m0[0;34m1
[0m[0;34m1[0;34m1[0;34m0[0;34m0[0;34m1
[0m[0;34m1[0;34m0[0;34m0[0;34m0[0;34m1
[0m[0;34m1[0;34m0[0;34m0[0;34m0[0;34m1
[0m[0;34m1[0;34m0[0;34m0[0;34m0[0;34m1
[0m[0;34m1[0;34m0[0;34m0[0;34m0[0;34m1
[0m[0;34m1[0;34m0[0;34m0[0;34m0[0;34m1
[0m[0;34m1[0;34m1[0;34m1[0;34m1[0;34m1
[0mExit code: 1
‚ö†Ô∏è No Valgrind alerts, but with leaks[0m  
==6890== Memcheck, a memory error detector
==6890== Copyright (C) 2002-2022, and GNU GPL'd, by Julian Seward et al.
==6890== Using Valgrind-3.22.0 and LibVEX; rerun with -h for copyright info
==6890== Command: ./cub3d ./maps/bad/textures_invalid.cub
==6890== Parent PID: 6696
==6890== 
==6890== 
==6890== HEAP SUMMARY:
==6890==     in use at exit: 678 bytes in 40 blocks
==6890==   total heap usage: 130 allocs, 90 frees, 7,982 bytes allocated
==6890== 
==6890== LEAK SUMMARY:
==6890==    definitely lost: 375 bytes in 6 blocks
==6890==    indirectly lost: 303 bytes in 34 blocks
==6890==      possibly lost: 0 bytes in 0 blocks
==6890==    still reachable: 0 bytes in 0 blocks
==6890==         suppressed: 0 bytes in 0 blocks
==6890== Rerun with --leak-check=full to see details of leaked memory
==6890== 
==6890== For lists of detected and suppressed errors, rerun with: -s
==6890== ERROR SUMMARY: 0 errors from 0 contexts (suppressed: 0 from 0)
Running valgrind on ./maps/bad/textures_missing.cub...

[0;31m Error:[Texture] textures are not complete
[0m [0;34mS[0;34mO[0;34m [0;34mt[0;34me[0;34mx[0;34mt[0;34mu[0;34mr[0;34me[0;34ms[0;34m/[0;34mt[0;34me[0;34ms[0;34mt[0;34m/[0;34ms[0;34mo[0;34mu[0;34mt[0;34mh[0;34m.[0;34mx[0;34mp[0;34mm
[0m[0;34mW[0;34mE[0;34m [0;34mt[0;34me[0;34mx[0;34mt[0;34mu[0;34mr[0;34me[0;34ms[0;34m/[0;34mt[0;34me[0;34ms[0;34mt[0;34m/[0;34mw[0;34me[0;34ms[0;34mt[0;34m.[0;34mx[0;34mp[0;34mm
[0m[0;34mE[0;34mA[0;34m [0;34mt[0;34me[0;34mx[0;34mt[0;34mu[0;34mr[0;34me[0;34ms[0;34m/[0;34mt[0;34me[0;34ms[0;34mt[0;34m/[0;34me[0;34ma[0;34ms[0;34mt[0;34m.[0;34mx[0;34mp[0;34mm
[0m
[0m[0;34mF[0;34m [0;34m2[0;34m0[0;34m,[0;34m2[0;34m0[0;34m,[0;34m2[0;34m0
[0m[0;34mC[0;34m [0;34m2[0;34m0[0;34m0[0;34m,[0;34m2[0;34m0[0;34m0[0;34m,[0;34m2[0;34m0[0;34m0
[0m
[0m[0;34m1[0;34m1[0;34m1[0;34m1[0;34m1
[0m[0;34m1[0;34m0[0;34m0[0;34m0[0;34m1
[0m[0;34m1[0;34m0[0;34mS[0;34m0[0;34m1
[0m[0;34m1[0;34m0[0;34m0[0;34m0[0;34m1
[0m[0;34m1[0;34m0[0;34m0[0;34m0[0;34m1
[0m[0;34m1[0;34m0[0;34m0[0;34m0[0;34m1
[0m[0;34m1[0;34m1[0;34m0[0;34m0[0;34m1
[0m[0;34m1[0;34m0[0;34m0[0;34m0[0;34m1
[0m[0;34m1[0;34m0[0;34m0[0;34m0[0;34m1
[0m[0;34m1[0;34m0[0;34m0[0;34m0[0;34m1
[0m[0;34m1[0;34m0[0;34m0[0;34m0[0;34m1
[0m[0;34m1[0;34m0[0;34m0[0;34m0[0;34m1
[0m[0;34m1[0;34m1[0;34m1[0;34m1[0;34m1
[0mExit code: 1
‚ö†Ô∏è No Valgrind alerts, but with leaks[0m  
==6893== Memcheck, a memory error detector
==6893== Copyright (C) 2002-2022, and GNU GPL'd, by Julian Seward et al.
==6893== Using Valgrind-3.22.0 and LibVEX; rerun with -h for copyright info
==6893== Command: ./cub3d ./maps/bad/textures_missing.cub
==6893== Parent PID: 6696
==6893== 
==6893== 
==6893== HEAP SUMMARY:
==6893==     in use at exit: 632 bytes in 38 blocks
==6893==   total heap usage: 124 allocs, 86 frees, 7,678 bytes allocated
==6893== 
==6893== LEAK SUMMARY:
==6893==    definitely lost: 350 bytes in 5 blocks
==6893==    indirectly lost: 282 bytes in 33 blocks
==6893==      possibly lost: 0 bytes in 0 blocks
==6893==    still reachable: 0 bytes in 0 blocks
==6893==         suppressed: 0 bytes in 0 blocks
==6893== Rerun with --leak-check=full to see details of leaked memory
==6893== 
==6893== For lists of detected and suppressed errors, rerun with: -s
==6893== ERROR SUMMARY: 0 errors from 0 contexts (suppressed: 0 from 0)
Running valgrind on ./maps/bad/textures_none.cub...

[0;31m Error:[Texture] textures are not complete
[0m [0;34mF[0;34m [0;34m2[0;34m0[0;34m,[0;34m2[0;34m0[0;34m,[0;34m2[0;34m0
[0m[0;34mC[0;34m [0;34m2[0;34m0[0;34m0[0;34m,[0;34m2[0;34m0[0;34m0[0;34m,[0;34m2[0;34m0[0;34m0
[0m
[0m[0;34m1[0;34m1[0;34m1[0;34m1[0;34m1
[0m[0;34m1[0;34m0[0;34m0[0;34m0[0;34m1
[0m[0;34m1[0;34m0[0;34mS[0;34m0[0;34m1
[0m[0;34m1[0;34m0[0;34m0[0;34m0[0;34m1
[0m[0;34m1[0;34m0[0;34m0[0;34m0[0;34m1
[0m[0;34m1[0;34m0[0;34m0[0;34m0[0;34m1
[0m[0;34m1[0;34m1[0;34m0[0;34m0[0;34m1
[0m[0;34m1[0;34m0[0;34m0[0;34m0[0;34m1
[0m[0;34m1[0;34m0[0;34m0[0;34m0[0;34m1
[0m[0;34m1[0;34m0[0;34m0[0;34m0[0;34m1
[0m[0;34m1[0;34m0[0;34m0[0;34m0[0;34m1
[0m[0;34m1[0;34m0[0;34m0[0;34m0[0;34m1
[0m[0;34m1[0;34m1[0;34m1[0;34m1[0;34m1
[0mExit code: 1
‚ö†Ô∏è No Valgrind alerts, but with leaks[0m  
==6896== Memcheck, a memory error detector
==6896== Copyright (C) 2002-2022, and GNU GPL'd, by Julian Seward et al.
==6896== Using Valgrind-3.22.0 and LibVEX; rerun with -h for copyright info
==6896== Command: ./cub3d ./maps/bad/textures_none.cub
==6896== Parent PID: 6696
==6896== 
==6896== 
==6896== HEAP SUMMARY:
==6896==     in use at exit: 446 bytes in 31 blocks
==6896==   total heap usage: 102 allocs, 71 frees, 6,634 bytes allocated
==6896== 
==6896== LEAK SUMMARY:
==6896==    definitely lost: 248 bytes in 2 blocks
==6896==    indirectly lost: 198 bytes in 29 blocks
==6896==      possibly lost: 0 bytes in 0 blocks
==6896==    still reachable: 0 bytes in 0 blocks
==6896==         suppressed: 0 bytes in 0 blocks
==6896== Rerun with --leak-check=full to see details of leaked memory
==6896== 
==6896== For lists of detected and suppressed errors, rerun with: -s
==6896== ERROR SUMMARY: 0 errors from 0 contexts (suppressed: 0 from 0)
Running valgrind on ./maps/bad/textures_not_xpm.cub...

[0;31m Error:[Texture verification] invalid texture format
[0m [0;34mN[0;34mO[0;34m [0;34mt[0;34me[0;34mx[0;34mt[0;34mu[0;34mr[0;34me[0;34ms[0;34m/[0;34mt[0;34me[0;34ms[0;34mt[0;34m/[0;34mn[0;34mo[0;34mr[0;34mt[0;34mh
[0m[0;34mS[0;34mO[0;34m [0;34mt[0;34me[0;34mx[0;34mt[0;34mu[0;34mr[0;34me[0;34ms[0;34m/[0;34mt[0;34me[0;34ms[0;34mt[0;34m/[0;34ms[0;34mo[0;34mu[0;34mt[0;34mh[0;34m.[0;34mx[0;34mp[0;34mm
[0m[0;34mW[0;34mE[0;34m [0;34mt[0;34me[0;34mx[0;34mt[0;34mu[0;34mr[0;34me[0;34ms[0;34m/[0;34mt[0;34me[0;34ms[0;34mt[0;34m/[0;34mw[0;34me[0;34ms[0;34mt[0;34m.[0;34mx[0;34mp[0;34mm
[0m[0;34mE[0;34mA[0;34m [0;34mt[0;34me[0;34mx[0;34mt[0;34mu[0;34mr[0;34me[0;34ms[0;34m/[0;34mt[0;34me[0;34ms[0;34mt[0;34m/[0;34me[0;34ma[0;34ms[0;34mt[0;34m.[0;34mx[0;34mp[0;34mm
[0m
[0m[0;34mF[0;34m [0;34m2[0;34m0[0;34m,[0;34m2[0;34m0[0;34m,[0;34m2[0;34m0
[0m[0;34mC[0;34m [0;34m2[0;34m0[0;34m0[0;34m,[0;34m2[0;34m0[0;34m0[0;34m,[0;34m2[0;34m0[0;34m0
[0m
[0m[0;34m1[0;34m1[0;34m1[0;34m1[0;34m1
[0m[0;34m1[0;34m0[0;34m0[0;34m0[0;34m1
[0m[0;34m1[0;34m0[0;34mS[0;34m0[0;34m1
[0m[0;34m1[0;34m0[0;34m0[0;34m0[0;34m1
[0m[0;34m1[0;34m0[0;34m0[0;34m0[0;34m1
[0m[0;34m1[0;34m0[0;34m0[0;34m0[0;34m1
[0m[0;34m1[0;34m1[0;34m0[0;34m0[0;34m1
[0m[0;34m1[0;34m0[0;34m0[0;34m0[0;34m1
[0m[0;34m1[0;34m0[0;34m0[0;34m0[0;34m1
[0m[0;34m1[0;34m0[0;34m0[0;34m0[0;34m1
[0m[0;34m1[0;34m0[0;34m0[0;34m0[0;34m1
[0m[0;34m1[0;34m0[0;34m0[0;34m0[0;34m1
[0m[0;34m1[0;34m1[0;34m1[0;34m1[0;34m1
[0mExit code: 1
‚ö†Ô∏è No Valgrind alerts, but with leaks[0m  
==6899== Memcheck, a memory error detector
==6899== Copyright (C) 2002-2022, and GNU GPL'd, by Julian Seward et al.
==6899== Using Valgrind-3.22.0 and LibVEX; rerun with -h for copyright info
==6899== Command: ./cub3d ./maps/bad/textures_not_xpm.cub
==6899== Parent PID: 6696
==6899== 
==6899== 
==6899== HEAP SUMMARY:
==6899==     in use at exit: 684 bytes in 40 blocks
==6899==   total heap usage: 130 allocs, 90 frees, 7,975 bytes allocated
==6899== 
==6899== LEAK SUMMARY:
==6899==    definitely lost: 378 bytes in 6 blocks
==6899==    indirectly lost: 306 bytes in 34 blocks
==6899==      possibly lost: 0 bytes in 0 blocks
==6899==    still reachable: 0 bytes in 0 blocks
==6899==         suppressed: 0 bytes in 0 blocks
==6899== Rerun with --leak-check=full to see details of leaked memory
==6899== 
==6899== For lists of detected and suppressed errors, rerun with: -s
==6899== ERROR SUMMARY: 0 errors from 0 contexts (suppressed: 0 from 0)
Running valgrind on ./maps/bad/wall_hole_east.cub...

[0;31m Error:[Walls check] incorrect vertical walls 
[0m [0;34mN[0;34mO[0;34m [0;34mt[0;34me[0;34mx[0;34mt[0;34mu[0;34mr[0;34me[0;34ms[0;34m/[0;34mt[0;34me[0;34ms[0;34mt[0;34m/[0;34mn[0;34mo[0;34mr[0;34mt[0;34mh[0;34m.[0;34mx[0;34mp[0;34mm
[0m[0;34mS[0;34mO[0;34m [0;34mt[0;34me[0;34mx[0;34mt[0;34mu[0;34mr[0;34me[0;34ms[0;34m/[0;34mt[0;34me[0;34ms[0;34mt[0;34m/[0;34ms[0;34mo[0;34mu[0;34mt[0;34mh[0;34m.[0;34mx[0;34mp[0;34mm
[0m[0;34mW[0;34mE[0;34m [0;34mt[0;34me[0;34mx[0;34mt[0;34mu[0;34mr[0;34me[0;34ms[0;34m/[0;34mt[0;34me[0;34ms[0;34mt[0;34m/[0;34mw[0;34me[0;34ms[0;34mt[0;34m.[0;34mx[0;34mp[0;34mm
[0m[0;34mE[0;34mA[0;34m [0;34mt[0;34me[0;34mx[0;34mt[0;34mu[0;34mr[0;34me[0;34ms[0;34m/[0;34mt[0;34me[0;34ms[0;34mt[0;34m/[0;34me[0;34ma[0;34ms[0;34mt[0;34m.[0;34mx[0;34mp[0;34mm
[0m
[0m[0;34mF[0;34m [0;34m2[0;34m0[0;34m,[0;34m2[0;34m0[0;34m,[0;34m2[0;34m0
[0m[0;34mC[0;34m [0;34m2[0;34m0[0;34m0[0;34m,[0;34m2[0;34m0[0;34m0[0;34m,[0;34m2[0;34m0[0;34m0
[0m
[0m[0;34m1[0;34m1[0;34m1[0;34m1[0;34m1
[0m[0;34m1[0;34m0[0;34m0[0;34m0[0;34m1
[0m[0;34m1[0;34m0[0;34mS[0;34m0[0;34m1
[0m[0;34m1[0;34m0[0;34m0[0;34m0[0;34m1
[0m[0;34m1[0;34m0[0;34m0[0;34m0[0;34m1
[0m[0;34m1[0;34m0[0;34m0[0;34m0[0;34m1
[0m[0;34m1[0;34m1[0;34m0[0;34m0[0;34m0
[0m[0;34m1[0;34m0[0;34m0[0;34m0[0;34m1
[0m[0;34m1[0;34m0[0;34m0[0;34m0[0;34m1
[0m[0;34m1[0;34m0[0;34m0[0;34m0[0;34m1
[0m[0;34m1[0;34m0[0;34m0[0;34m0[0;34m1
[0m[0;34m1[0;34m0[0;34m0[0;34m0[0;34m1
[0m[0;34m1[0;34m1[0;34m1[0;34m1[0;34m1
[0mExit code: 1
‚ö†Ô∏è No Valgrind alerts, but with leaks[0m  
==6902== Memcheck, a memory error detector
==6902== Copyright (C) 2002-2022, and GNU GPL'd, by Julian Seward et al.
==6902== Using Valgrind-3.22.0 and LibVEX; rerun with -h for copyright info
==6902== Command: ./cub3d ./maps/bad/wall_hole_east.cub
==6902== Parent PID: 6696
==6902== 
==6902== 
==6902== HEAP SUMMARY:
==6902==     in use at exit: 598 bytes in 36 blocks
==6902==   total heap usage: 126 allocs, 90 frees, 7,925 bytes allocated
==6902== 
==6902== LEAK SUMMARY:
==6902==    definitely lost: 288 bytes in 2 blocks
==6902==    indirectly lost: 310 bytes in 34 blocks
==6902==      possibly lost: 0 bytes in 0 blocks
==6902==    still reachable: 0 bytes in 0 blocks
==6902==         suppressed: 0 bytes in 0 blocks
==6902== Rerun with --leak-check=full to see details of leaked memory
==6902== 
==6902== For lists of detected and suppressed errors, rerun with: -s
==6902== ERROR SUMMARY: 0 errors from 0 contexts (suppressed: 0 from 0)
Running valgrind on ./maps/bad/wall_hole_north.cub...

[0;31m Error:[Walls check] incorrect horizontal walls
[0m [0;34mN[0;34mO[0;34m [0;34mt[0;34me[0;34mx[0;34mt[0;34mu[0;34mr[0;34me[0;34ms[0;34m/[0;34mt[0;34me[0;34ms[0;34mt[0;34m/[0;34mn[0;34mo[0;34mr[0;34mt[0;34mh[0;34m.[0;34mx[0;34mp[0;34mm
[0m[0;34mS[0;34mO[0;34m [0;34mt[0;34me[0;34mx[0;34mt[0;34mu[0;34mr[0;34me[0;34ms[0;34m/[0;34mt[0;34me[0;34ms[0;34mt[0;34m/[0;34ms[0;34mo[0;34mu[0;34mt[0;34mh[0;34m.[0;34mx[0;34mp[0;34mm
[0m[0;34mW[0;34mE[0;34m [0;34mt[0;34me[0;34mx[0;34mt[0;34mu[0;34mr[0;34me[0;34ms[0;34m/[0;34mt[0;34me[0;34ms[0;34mt[0;34m/[0;34mw[0;34me[0;34ms[0;34mt[0;34m.[0;34mx[0;34mp[0;34mm
[0m[0;34mE[0;34mA[0;34m [0;34mt[0;34me[0;34mx[0;34mt[0;34mu[0;34mr[0;34me[0;34ms[0;34m/[0;34mt[0;34me[0;34ms[0;34mt[0;34m/[0;34me[0;34ma[0;34ms[0;34mt[0;34m.[0;34mx[0;34mp[0;34mm
[0m
[0m[0;34mF[0;34m [0;34m2[0;34m0[0;34m,[0;34m2[0;34m0[0;34m,[0;34m2[0;34m0
[0m[0;34mC[0;34m [0;34m2[0;34m0[0;34m0[0;34m,[0;34m2[0;34m0[0;34m0[0;34m,[0;34m2[0;34m0[0;34m0
[0m
[0m[0;34m1[0;34m1[0;34m0[0;34m1[0;34m1
[0m[0;34m1[0;34m0[0;34m0[0;34m0[0;34m1
[0m[0;34m1[0;34m0[0;34mS[0;34m0[0;34m1
[0m[0;34m1[0;34m0[0;34m0[0;34m0[0;34m1
[0m[0;34m1[0;34m0[0;34m0[0;34m0[0;34m1
[0m[0;34m1[0;34m0[0;34m0[0;34m0[0;34m1
[0m[0;34m1[0;34m1[0;34m0[0;34m0[0;34m1
[0m[0;34m1[0;34m0[0;34m0[0;34m0[0;34m1
[0m[0;34m1[0;34m0[0;34m0[0;34m0[0;34m1
[0m[0;34m1[0;34m0[0;34m0[0;34m0[0;34m1
[0m[0;34m1[0;34m0[0;34m0[0;34m0[0;34m1
[0m[0;34m1[0;34m0[0;34m0[0;34m0[0;34m1
[0m[0;34m1[0;34m1[0;34m1[0;34m1[0;34m1
[0mExit code: 1
‚ö†Ô∏è No Valgrind alerts, but with leaks[0m  
==6905== Memcheck, a memory error detector
==6905== Copyright (C) 2002-2022, and GNU GPL'd, by Julian Seward et al.
==6905== Using Valgrind-3.22.0 and LibVEX; rerun with -h for copyright info
==6905== Command: ./cub3d ./maps/bad/wall_hole_north.cub
==6905== Parent PID: 6696
==6905== 
==6905== 
==6905== HEAP SUMMARY:
==6905==     in use at exit: 598 bytes in 36 blocks
==6905==   total heap usage: 126 allocs, 90 frees, 7,925 bytes allocated
==6905== 
==6905== LEAK SUMMARY:
==6905==    definitely lost: 288 bytes in 2 blocks
==6905==    indirectly lost: 310 bytes in 34 blocks
==6905==      possibly lost: 0 bytes in 0 blocks
==6905==    still reachable: 0 bytes in 0 blocks
==6905==         suppressed: 0 bytes in 0 blocks
==6905== Rerun with --leak-check=full to see details of leaked memory
==6905== 
==6905== For lists of detected and suppressed errors, rerun with: -s
==6905== ERROR SUMMARY: 0 errors from 0 contexts (suppressed: 0 from 0)
Running valgrind on ./maps/bad/wall_hole_south.cub...

[0;31m Error:[Walls check] incorrect horizontal walls
[0m [0;34mN[0;34mO[0;34m [0;34mt[0;34me[0;34mx[0;34mt[0;34mu[0;34mr[0;34me[0;34ms[0;34m/[0;34mt[0;34me[0;34ms[0;34mt[0;34m/[0;34mn[0;34mo[0;34mr[0;34mt[0;34mh[0;34m.[0;34mx[0;34mp[0;34mm
[0m[0;34mS[0;34mO[0;34m [0;34mt[0;34me[0;34mx[0;34mt[0;34mu[0;34mr[0;34me[0;34ms[0;34m/[0;34mt[0;34me[0;34ms[0;34mt[0;34m/[0;34ms[0;34mo[0;34mu[0;34mt[0;34mh[0;34m.[0;34mx[0;34mp[0;34mm
[0m[0;34mW[0;34mE[0;34m [0;34mt[0;34me[0;34mx[0;34mt[0;34mu[0;34mr[0;34me[0;34ms[0;34m/[0;34mt[0;34me[0;34ms[0;34mt[0;34m/[0;34mw[0;34me[0;34ms[0;34mt[0;34m.[0;34mx[0;34mp[0;34mm
[0m[0;34mE[0;34mA[0;34m [0;34mt[0;34me[0;34mx[0;34mt[0;34mu[0;34mr[0;34me[0;34ms[0;34m/[0;34mt[0;34me[0;34ms[0;34mt[0;34m/[0;34me[0;34ma[0;34ms[0;34mt[0;34m.[0;34mx[0;34mp[0;34mm
[0m
[0m[0;34mF[0;34m [0;34m2[0;34m0[0;34m,[0;34m2[0;34m0[0;34m,[0;34m2[0;34m0
[0m[0;34mC[0;34m [0;34m2[0;34m0[0;34m0[0;34m,[0;34m2[0;34m0[0;34m0[0;34m,[0;34m2[0;34m0[0;34m0
[0m
[0m[0;34m1[0;34m1[0;34m1[0;34m1[0;34m1
[0m[0;34m1[0;34m0[0;34m0[0;34m0[0;34m1
[0m[0;34m1[0;34m0[0;34mS[0;34m0[0;34m1
[0m[0;34m1[0;34m0[0;34m0[0;34m0[0;34m1
[0m[0;34m1[0;34m0[0;34m0[0;34m0[0;34m1
[0m[0;34m1[0;34m0[0;34m0[0;34m0[0;34m1
[0m[0;34m1[0;34m1[0;34m0[0;34m0[0;34m1
[0m[0;34m1[0;34m0[0;34m0[0;34m0[0;34m1
[0m[0;34m1[0;34m0[0;34m0[0;34m0[0;34m1
[0m[0;34m1[0;34m0[0;34m0[0;34m0[0;34m1
[0m[0;34m1[0;34m0[0;34m0[0;34m0[0;34m1
[0m[0;34m1[0;34m0[0;34m0[0;34m0[0;34m1
[0m[0;34m1[0;34m1[0;34m0[0;34m1[0;34m1
[0mExit code: 1
‚ö†Ô∏è No Valgrind alerts, but with leaks[0m  
==6926== Memcheck, a memory error detector
==6926== Copyright (C) 2002-2022, and GNU GPL'd, by Julian Seward et al.
==6926== Using Valgrind-3.22.0 and LibVEX; rerun with -h for copyright info
==6926== Command: ./cub3d ./maps/bad/wall_hole_south.cub
==6926== Parent PID: 6696
==6926== 
==6926== 
==6926== HEAP SUMMARY:
==6926==     in use at exit: 598 bytes in 36 blocks
==6926==   total heap usage: 126 allocs, 90 frees, 7,925 bytes allocated
==6926== 
==6926== LEAK SUMMARY:
==6926==    definitely lost: 288 bytes in 2 blocks
==6926==    indirectly lost: 310 bytes in 34 blocks
==6926==      possibly lost: 0 bytes in 0 blocks
==6926==    still reachable: 0 bytes in 0 blocks
==6926==         suppressed: 0 bytes in 0 blocks
==6926== Rerun with --leak-check=full to see details of leaked memory
==6926== 
==6926== For lists of detected and suppressed errors, rerun with: -s
==6926== ERROR SUMMARY: 0 errors from 0 contexts (suppressed: 0 from 0)
Running valgrind on ./maps/bad/wall_hole_west.cub...

[0;31m Error:[Map check in file] Invalid map placement or format
[0m [0;34mN[0;34mO[0;34m [0;34mt[0;34me[0;34mx[0;34mt[0;34mu[0;34mr[0;34me[0;34ms[0;34m/[0;34mt[0;34me[0;34ms[0;34mt[0;34m/[0;34mn[0;34mo[0;34mr[0;34mt[0;34mh[0;34m.[0;34mx[0;34mp[0;34mm
[0m[0;34mS[0;34mO[0;34m [0;34mt[0;34me[0;34mx[0;34mt[0;34mu[0;34mr[0;34me[0;34ms[0;34m/[0;34mt[0;34me[0;34ms[0;34mt[0;34m/[0;34ms[0;34mo[0;34mu[0;34mt[0;34mh[0;34m.[0;34mx[0;34mp[0;34mm
[0m[0;34mW[0;34mE[0;34m [0;34mt[0;34me[0;34mx[0;34mt[0;34mu[0;34mr[0;34me[0;34ms[0;34m/[0;34mt[0;34me[0;34ms[0;34mt[0;34m/[0;34mw[0;34me[0;34ms[0;34mt[0;34m.[0;34mx[0;34mp[0;34mm
[0m[0;34mE[0;34mA[0;34m [0;34mt[0;34me[0;34mx[0;34mt[0;34mu[0;34mr[0;34me[0;34ms[0;34m/[0;34mt[0;34me[0;34ms[0;34mt[0;34m/[0;34me[0;34ma[0;34ms[0;34mt[0;34m.[0;34mx[0;34mp[0;34mm
[0m
[0m[0;34mF[0;34m [0;34m2[0;34m0[0;34m,[0;34m2[0;34m0[0;34m,[0;34m2[0;34m0
[0m[0;34mC[0;34m [0;34m2[0;34m0[0;34m0[0;34m,[0;34m2[0;34m0[0;34m0[0;34m,[0;34m2[0;34m0[0;34m0
[0m
[0m[0;34m1[0;34m1[0;34m1[0;34m1[0;34m1
[0m[0;34m1[0;34m0[0;34m0[0;34m0[0;34m1
[0m[0;34m1[0;34m0[0;34mS[0;34m0[0;34m1
[0m[0;34m1[0;34m0[0;34m0[0;34m0[0;34m1
[0m[0;34m1[0;34m0[0;34m0[0;34m0[0;34m1
[0m[0;34m0[0;34m0[0;34m0[0;34m0[0;34m1
[0m[0;34m1[0;34m1[0;34m0[0;34m0[0;34m1
[0m[0;34m1[0;34m0[0;34m0[0;34m0[0;34m1
[0m[0;34m1[0;34m0[0;34m0[0;34m0[0;34m1
[0m[0;34m1[0;34m0[0;34m0[0;34m0[0;34m1
[0m[0;34m1[0;34m0[0;34m0[0;34m0[0;34m1
[0m[0;34m1[0;34m0[0;34m0[0;34m0[0;34m1
[0m[0;34m1[0;34m1[0;34m1[0;34m1[0;34m1
[0mExit code: 1
‚ö†Ô∏è No Valgrind alerts, but with leaks[0m  
==6929== Memcheck, a memory error detector
==6929== Copyright (C) 2002-2022, and GNU GPL'd, by Julian Seward et al.
==6929== Using Valgrind-3.22.0 and LibVEX; rerun with -h for copyright info
==6929== Command: ./cub3d ./maps/bad/wall_hole_west.cub
==6929== Parent PID: 6696
==6929== 
==6929== 
==6929== HEAP SUMMARY:
==6929==     in use at exit: 408 bytes in 22 blocks
==6929==   total heap usage: 99 allocs, 77 frees, 7,657 bytes allocated
==6929== 
==6929== LEAK SUMMARY:
==6929==    definitely lost: 176 bytes in 1 blocks
==6929==    indirectly lost: 232 bytes in 21 blocks
==6929==      possibly lost: 0 bytes in 0 blocks
==6929==    still reachable: 0 bytes in 0 blocks
==6929==         suppressed: 0 bytes in 0 blocks
==6929== Rerun with --leak-check=full to see details of leaked memory
==6929== 
==6929== For lists of detected and suppressed errors, rerun with: -s
==6929== ERROR SUMMARY: 0 errors from 0 contexts (suppressed: 0 from 0)
Running valgrind on ./maps/bad/wall_none.cub...

[0;31m Error:[Map start] No map or incorrect placement
[0m [0;34mN[0;34mO[0;34m [0;34mt[0;34me[0;34mx[0;34mt[0;34mu[0;34mr[0;34me[0;34ms[0;34m/[0;34mt[0;34me[0;34ms[0;34mt[0;34m/[0;34mn[0;34mo[0;34mr[0;34mt[0;34mh[0;34m.[0;34mx[0;34mp[0;34mm
[0m[0;34mS[0;34mO[0;34m [0;34mt[0;34me[0;34mx[0;34mt[0;34mu[0;34mr[0;34me[0;34ms[0;34m/[0;34mt[0;34me[0;34ms[0;34mt[0;34m/[0;34ms[0;34mo[0;34mu[0;34mt[0;34mh[0;34m.[0;34mx[0;34mp[0;34mm
[0m[0;34mW[0;34mE[0;34m [0;34mt[0;34me[0;34mx[0;34mt[0;34mu[0;34mr[0;34me[0;34ms[0;34m/[0;34mt[0;34me[0;34ms[0;34mt[0;34m/[0;34mw[0;34me[0;34ms[0;34mt[0;34m.[0;34mx[0;34mp[0;34mm
[0m[0;34mE[0;34mA[0;34m [0;34mt[0;34me[0;34mx[0;34mt[0;34mu[0;34mr[0;34me[0;34ms[0;34m/[0;34mt[0;34me[0;34ms[0;34mt[0;34m/[0;34me[0;34ma[0;34ms[0;34mt[0;34m.[0;34mx[0;34mp[0;34mm
[0m
[0m[0;34mF[0;34m [0;34m2[0;34m0[0;34m,[0;34m2[0;34m0[0;34m,[0;34m2[0;34m0
[0m[0;34mC[0;34m [0;34m2[0;34m0[0;34m0[0;34m,[0;34m2[0;34m0[0;34m0[0;34m,[0;34m2[0;34m0[0;34m0
[0m
[0m[0;34m0[0;34m0[0;34m0[0;34m0[0;34m0
[0m[0;34m0[0;34m0[0;34m0[0;34m0[0;34m0
[0m[0;34m0[0;34m0[0;34mS[0;34m0[0;34m0
[0m[0;34m0[0;34m0[0;34m0[0;34m0[0;34m0
[0m[0;34m0[0;34m0[0;34m0[0;34m0[0;34m0
[0m[0;34m0[0;34m0[0;34m0[0;34m0[0;34m0
[0m[0;34m0[0;34m0[0;34m0[0;34m0[0;34m0
[0m[0;34m0[0;34m0[0;34m0[0;34m0[0;34m0
[0m[0;34m0[0;34m0[0;34m0[0;34m0[0;34m0
[0m[0;34m0[0;34m0[0;34m0[0;34m0[0;34m0
[0m[0;34m0[0;34m0[0;34m0[0;34m0[0;34m0
[0m[0;34m0[0;34m0[0;34m0[0;34m0[0;34m0
[0m[0;34m0[0;34m0[0;34m0[0;34m0[0;34m0
[0mExit code: 1
‚ö†Ô∏è No Valgrind alerts, but with leaks[0m  
==6953== Memcheck, a memory error detector
==6953== Copyright (C) 2002-2022, and GNU GPL'd, by Julian Seward et al.
==6953== Using Valgrind-3.22.0 and LibVEX; rerun with -h for copyright info
==6953== Command: ./cub3d ./maps/bad/wall_none.cub
==6953== Parent PID: 6696
==6953== 
==6953== 
==6953== HEAP SUMMARY:
==6953==     in use at exit: 408 bytes in 22 blocks
==6953==   total heap usage: 99 allocs, 77 frees, 7,657 bytes allocated
==6953== 
==6953== LEAK SUMMARY:
==6953==    definitely lost: 176 bytes in 1 blocks
==6953==    indirectly lost: 232 bytes in 21 blocks
==6953==      possibly lost: 0 bytes in 0 blocks
==6953==    still reachable: 0 bytes in 0 blocks
==6953==         suppressed: 0 bytes in 0 blocks
==6953== Rerun with --leak-check=full to see details of leaked memory
==6953== 
==6953== For lists of detected and suppressed errors, rerun with: -s
==6953== ERROR SUMMARY: 0 errors from 0 contexts (suppressed: 0 from 0)
Valgrind tests completed. Results saved to test_output.txt.
Starting Valgrind tests...
Running valgrind on ./maps/good/cheese_maze.cub...

[0;34mN[0;34mO[0;34m [0;34mt[0;34me[0;34mx[0;34mt[0;34mu[0;34mr[0;34me[0;34ms[0;34m/[0;34ms[0;34mi[0;34mm[0;34mo[0;34mn[0;34mk[0;34mr[0;34ma[0;34mf[0;34mt[0;34m/[0;34mw[0;34me[0;34mt[0;34m_[0;34ms[0;34mp[0;34mo[0;34mn[0;34mg[0;34me[0;34m.[0;34mx[0;34mp[0;34mm
[0m[0;34mS[0;34mO[0;34m [0;34mt[0;34me[0;34mx[0;34mt[0;34mu[0;34mr[0;34me[0;34ms[0;34m/[0;34ms[0;34mi[0;34mm[0;34mo[0;34mn[0;34mk[0;34mr[0;34ma[0;34mf[0;34mt[0;34m/[0;34mw[0;34me[0;34mt[0;34m_[0;34ms[0;34mp[0;34mo[0;34mn[0;34mg[0;34me[0;34m.[0;34mx[0;34mp[0;34mm
[0m[0;34mW[0;34mE[0;34m [0;34mt[0;34me[0;34mx[0;34mt[0;34mu[0;34mr[0;34me[0;34ms[0;34m/[0;34ms[0;34mi[0;34mm[0;34mo[0;34mn[0;34mk[0;34mr[0;34ma[0;34mf[0;34mt[0;34m/[0;34mw[0;34me[0;34mt[0;34m_[0;34ms[0;34mp[0;34mo[0;34mn[0;34mg[0;34me[0;34m.[0;34mx[0;34mp[0;34mm
[0m[0;34mE[0;34mA[0;34m [0;34mt[0;34me[0;34mx[0;34mt[0;34mu[0;34mr[0;34me[0;34ms[0;34m/[0;34ms[0;34mi[0;34mm[0;34mo[0;34mn[0;34mk[0;34mr[0;34ma[0;34mf[0;34mt[0;34m/[0;34mw[0;34me[0;34mt[0;34m_[0;34ms[0;34mp[0;34mo[0;34mn[0;34mg[0;34me[0;34m.[0;34mx[0;34mp[0;34mm
[0m
[0m[0;34mF[0;34m [0;34m1[0;34m6[0;34m4[0;34m,[0;34m1[0;34m6[0;34m9[0;34m,[0;34m2[0;34m0
[0m[0;34mC[0;34m [0;34m1[0;34m5[0;34m3[0;34m,[0;34m2[0;34m0[0;34m4[0;34m,[0;34m2[0;34m5[0;34m5
[0m
[0m[0;34m1[0;34m1[0;34m1[0;34m1[0;34m1[0;34m1[0;34m1[0;34m1[0;34m1[0;34m1[0;34m1[0;34m1[0;34m1[0;34m1[0;34m1[0;34m1[0;34m1[0;34m1[0;34m1[0;34m1[0;34m1
[0m[0;34m1[0;34m0[0;34m1[0;34m0[0;34m0[0;34m0[0;34m0[0;34m0[0;34m1[0;34m0[0;34m0[0;34m0[0;34m0[0;34m0[0;34m0[0;34m0[0;34m0[0;34m0[0;34m0[0;34m0[0;34m1
[0m[0;34m1[0;34m0[0;34m1[0;34m0[0;34m1[0;34m0[0;34m1[0;34m0[0;34m1[0;34m0[0;34m1[0;34m1[0;34m1[0;34m1[0;34m1[0;34m1[0;34m1[0;34m0[0;34m0[0;34m0[0;34m1
[0m[0;34m1[0;34m0[0;34m0[0;34m0[0;34m1[0;34m0[0;34m1[0;34m0[0;34m0[0;34m0[0;34m1[0;34m0[0;34m0[0;34m0[0;34m0[0;34m0[0;34m1[0;34m0[0;34m0[0;34m0[0;34m1
[0m[0;34m1[0;34m1[0;34m1[0;34m1[0;34m1[0;34m0[0;34m1[0;34m0[0;34m1[0;34m1[0;34m1[0;34m1[0;34m1[0;34m0[0;34m1[0;34m0[0;34m1[0;34m1[0;34m1[0;34m0[0;34m1
[0m[0;34m1[0;34m0[0;34m0[0;34m0[0;34m0[0;34m0[0;34m1[0;34m0[0;34m1[0;34m0[0;34m0[0;34m0[0;34m1[0;34m0[0;34m1[0;34m0[0;34m0[0;34m0[0;34m0[0;34m0[0;34m1
[0m[0;34m1[0;34m0[0;34m1[0;34m1[0;34m1[0;34m1[0;34m1[0;34m0[0;34m1[0;34m0[0;34m1[0;34m1[0;34m1[0;34m0[0;34m1[0;34m1[0;34m1[0;34m1[0;34m1[0;34m1[0;34m1
[0m[0;34m1[0;34m0[0;34m1[0;34m0[0;34m0[0;34m0[0;34m0[0;34m0[0;34m1[0;34m0[0;34m1[0;34m0[0;34m1[0;34m0[0;34m0[0;34m0[0;34m0[0;34m0[0;34m1[0;34m0[0;34m1
[0m[0;34m1[0;34m0[0;34m1[0;34m0[0;34m1[0;34m1[0;34m1[0;34m1[0;34m1[0;34m0[0;34m1[0;34m0[0;34m1[0;34m1[0;34m1[0;34m1[0;34m1[0;34m0[0;34m1[0;34m0[0;34m1
[0m[0;34m1[0;34m0[0;34m1[0;34m0[0;34m1[0;34m0[0;34m0[0;34m0[0;34m1[0;34m0[0;34m1[0;34m0[0;34m1[0;34m0[0;34m0[0;34m0[0;34m1[0;34m0[0;34m1[0;34m0[0;34m1
[0m[0;34m1[0;34m0[0;34m1[0;34m1[0;34m1[0;34m0[0;34m1[0;34m0[0;34m1[0;34m0[0;34m1[0;34m0[0;34m1[0;34m0[0;34m1[0;34m0[0;34m1[0;34m0[0;34m1[0;34m0[0;34m1
[0m[0;34m1[0;34m0[0;34m0[0;34m0[0;34m0[0;34m0[0;34m1[0;34m0[0;34m1[0;34m0[0;34m1[0;34m0[0;34m0[0;34m0[0;34m1[0;34m0[0;34m1[0;34m0[0;34m0[0;34m0[0;34m1
[0m[0;34m1[0;34m1[0;34m1[0;34m1[0;34m1[0;34m1[0;34m1[0;34m0[0;34m1[0;34m0[0;34m1[0;34m1[0;34m1[0;34m1[0;34m1[0;34m0[0;34m1[0;34m1[0;34m1[0;34m0[0;34m1
[0m[0;34m1[0;34m0[0;34m0[0;34m0[0;34m0[0;34m0[0;34m1[0;34m0[0;34m1[0;34m0[0;34m0[0;34m0[0;34m1[0;34m0[0;34m0[0;34m0[0;34m1[0;34m0[0;34m0[0;34m0[0;34m1
[0m[0;34m1[0;34m0[0;34m1[0;34m1[0;34m1[0;34m0[0;34m1[0;34m0[0;34m1[0;34m1[0;34m1[0;34m0[0;34m1[0;34m0[0;34m1[0;34m1[0;34m1[0;34m0[0;34m1[0;34m1[0;34m1
[0m[0;34m1[0;34m0[0;34m1[0;34m0[0;34m0[0;34m0[0;34m1[0;34m0[0;34m0[0;3[0;31m Error:[Map check in file] Empty line found
[0m 4m0[0;34m0[0;34m0[0;34m1[0;34m0[0;34m0[0;34m0[0;34m1[0;34m0[0;34m1[0;34m0[0;34m1
[0m[0;34m1[0;34m0[0;34m1[0;34m0[0;34m1[0;34m1[0;34m1[0;34m1[0;34m1[0;34m1[0;34m1[0;34m1[0;34m1[0;34m1[0;34m1[0;34m0[0;34m1[0;34m0[0;34m1[0;34m0[0;34m1
[0m[0;34m1[0;34m0[0;34m0[0;34m0[0;34m1[0;34m0[0;34m0[0;34m0[0;34m0[0;34m0[0;34m0[0;34m0[0;34m0[0;34m0[0;34m0[0;34m0[0;34m1[0;34m0[0;34m0[0;34m0[0;34m1
[0m[0;34m1[0;34m0[0;34m1[0;34m0[0;34m1[0;34m0[0;34m1[0;34m1[0;34m1[0;34m0[0;34m1[0;34m1[0;34m1[0;34m1[0;34m1[0;34m1[0;34m1[0;34m1[0;34m1[0;34m0[0;34m1
[0m[0;34m1[0;34mN[0;34m1[0;34m0[0;34m0[0;34m0[0;34m0[0;34m0[0;34m1[0;34m0[0;34m0[0;34m0[0;34m0[0;34m0[0;34m0[0;34m0[0;34m0[0;34m0[0;34m0[0;34m0[0;34m1
[0m[0;34m1[0;34m1[0;34m1[0;34m1[0;34m1[0;34m1[0;34m1[0;34m1[0;34m1[0;34m1[0;34m1[0;34m1[0;34m1[0;34m1[0;34m1[0;34m1[0;34m1[0;34m1[0;34m1[0;34m1[0;34m1
[0m
[0mExit code: 1
‚ö†Ô∏è No Valgrind alerts, but with leaks[0m  
==7161== Memcheck, a memory error detector
==7161== Copyright (C) 2002-2022, and GNU GPL'd, by Julian Seward et al.
==7161== Using Valgrind-3.22.0 and LibVEX; rerun with -h for copyright info
==7161== Command: ./cub3d ./maps/good/cheese_maze.cub
==7161== Parent PID: 7159
==7161== 
==7161== 
==7161== HEAP SUMMARY:
==7161==     in use at exit: 922 bytes in 31 blocks
==7161==   total heap usage: 153 allocs, 122 frees, 11,077 bytes allocated
==7161== 
==7161== LEAK SUMMARY:
==7161==    definitely lost: 248 bytes in 1 blocks
==7161==    indirectly lost: 674 bytes in 30 blocks
==7161==      possibly lost: 0 bytes in 0 blocks
==7161==    still reachable: 0 bytes in 0 blocks
==7161==         suppressed: 0 bytes in 0 blocks
==7161== Rerun with --leak-check=full to see details of leaked memory
==7161== 
==7161== For lists of detected and suppressed errors, rerun with: -s
==7161== ERROR SUMMARY: 0 errors from 0 contexts (suppressed: 0 from 0)
Running valgrind on ./maps/good/creepy.cub...

[0;31m Error:[Map check in file] Empty line found
[0m [0;34mN[0;34mO[0;34m [0;34mt[0;34me[0;34mx[0;34mt[0;34mu[0;34mr[0;34me[0;34ms[0;34m/[0;34ms[0;34mi[0;34mm[0;34mo[0;34mn[0;34mk[0;34mr[0;34ma[0;34mf[0;34mt[0;34m/[0;34mr[0;34me[0;34ms[0;34mp[0;34ma[0;34mw[0;34mn[0;34m_[0;34ma[0;34mn[0;34mc[0;34mh[0;34mo[0;34mr[0;34m_[0;34ms[0;34mi[0;34md[0;34me[0;34m0[0;34m.[0;34mx[0;34mp[0;34mm
[0m[0;34mE[0;34mA[0;34m [0;34mt[0;34me[0;34mx[0;34mt[0;34mu[0;34mr[0;34me[0;34ms[0;34m/[0;34ms[0;34mi[0;34mm[0;34mo[0;34mn[0;34mk[0;34mr[0;34ma[0;34mf[0;34mt[0;34m/[0;34mr[0;34me[0;34ms[0;34mp[0;34ma[0;34mw[0;34mn[0;34m_[0;34ma[0;34mn[0;34mc[0;34mh[0;34mo[0;34mr[0;34m_[0;34ms[0;34mi[0;34md[0;34me[0;34m2[0;34m.[0;34mx[0;34mp[0;34mm
[0m[0;34mS[0;34mO[0;34m [0;34mt[0;34me[0;34mx[0;34mt[0;34mu[0;34mr[0;34me[0;34ms[0;34m/[0;34ms[0;34mi[0;34mm[0;34mo[0;34mn[0;34mk[0;34mr[0;34ma[0;34mf[0;34mt[0;34m/[0;34mr[0;34me[0;34ms[0;34mp[0;34ma[0;34mw[0;34mn[0;34m_[0;34ma[0;34mn[0;34mc[0;34mh[0;34mo[0;34mr[0;34m_[0;34ms[0;34mi[0;34md[0;34me[0;34m4[0;34m.[0;34mx[0;34mp[0;34mm
[0m[0;34mW[0;34mE[0;34m [0;34mt[0;34me[0;34mx[0;34mt[0;34mu[0;34mr[0;34me[0;34ms[0;34m/[0;34ms[0;34mi[0;34mm[0;34mo[0;34mn[0;34mk[0;34mr[0;34ma[0;34mf[0;34mt[0;34m/[0;34mr[0;34me[0;34ms[0;34mp[0;34ma[0;34mw[0;34mn[0;34m_[0;34ma[0;34mn[0;34mc[0;34mh[0;34mo[0;34mr[0;34m_[0;34ms[0;34mi[0;34md[0;34me[0;34m3[0;34m.[0;34mx[0;34mp[0;34mm
[0m
[0m[0;34mC[0;34m [0;34m3[0;34m5[0;34m,[0;34m1[0;34m9[0;34m,[0;34m7[0;34m3
[0m[0;34mF[0;34m [0;34m1[0;34m5[0;34m,[0;34m6[0;34m,[0;34m4[0;34m0
[0m
[0m[0;34m1[0;34m1[0;34m1[0;34m1[0;34m1[0;34m1[0;34m1[0;34m1[0;34m1[0;34m1[0;34m1[0;34m1[0;34m1[0;34m1[0;34m1
[0m[0;34m1[0;34m1[0;34m1[0;34m1[0;34m1[0;34m1[0;34m0[0;34m0[0;34m0[0;34m1[0;34m1[0;34m1[0;34m1[0;34m1[0;34m1
[0m[0;34m1[0;34m1[0;34m1[0;34m1[0;34m1[0;34m0[0;34m0[0;34m0[0;34m0[0;34m0[0;34m1[0;34m1[0;34m1[0;34m1[0;34m1
[0m[0;34m1[0;34m1[0;34m1[0;34m1[0;34m0[0;34m0[0;34m0[0;34mN[0;34m0[0;34m0[0;34m0[0;34m1[0;34m1[0;34m1[0;34m1
[0m[0;34m1[0;34m1[0;34m1[0;34m0[0;34m0[0;34m0[0;34m0[0;34m0[0;34m0[0;34m0[0;34m0[0;34m0[0;34m1[0;34m1[0;34m1
[0m[0;34m1[0;34m1[0;34m0[0;34m0[0;34m0[0;34m0[0;34m0[0;34m0[0;34m0[0;34m0[0;34m0[0;34m0[0;34m0[0;34m1[0;34m1
[0m[0;34m1[0;34m0[0;34m0[0;34m0[0;34m0[0;34m1[0;34m1[0;34m1[0;34m1[0;34m1[0;34m0[0;34m0[0;34m0[0;34m0[0;34m1
[0m[0;34m1[0;34m1[0;34m0[0;34m0[0;34m0[0;34m0[0;34m1[0;34m1[0;34m1[0;34m0[0;34m0[0;34m0[0;34m0[0;34m1[0;34m1
[0m[0;34m1[0;34m1[0;34m1[0;34m0[0;34m0[0;34m0[0;34m0[0;34m1[0;34m0[0;34m0[0;34m0[0;34m0[0;34m1[0;34m1[0;34m1
[0m[0;34m1[0;34m1[0;34m1[0;34m1[0;34m0[0;34m0[0;34m0[0;34m0[0;34m0[0;34m0[0;34m0[0;34m1[0;34m1[0;34m1[0;34m1
[0m[0;34m1[0;34m1[0;34m1[0;34m1[0;34m1[0;34m0[0;34m0[0;34m0[0;34m0[0;34m0[0;34m1[0;34m1[0;34m1[0;34m1[0;34m1
[0m[0;34m1[0;34m1[0;34m1[0;34m1[0;34m1[0;34m1[0;34m0[0;34m0[0;34m0[0;34m1[0;34m1[0;34m1[0;34m1[0;34m1[0;34m1
[0m[0;34m1[0;34m1[0;34m1[0;34m1[0;34m1[0;34m1[0;34m1[0;34m1[0;34m1[0;34m1[0;34m1[0;34m1[0;34m1[0;34m1[0;34m1
[0m
[0mExit code: 1
‚ö†Ô∏è No Valgrind alerts, but with leaks[0m  
==7164== Memcheck, a memory error detector
==7164== Copyright (C) 2002-2022, and GNU GPL'd, by Julian Seward et al.
==7164== Using Valgrind-3.22.0 and LibVEX; rerun with -h for copyright info
==7164== Command: ./cub3d ./maps/good/creepy.cub
==7164== Parent PID: 7159
==7164== 
==7164== 
==7164== HEAP SUMMARY:
==7164==     in use at exit: 630 bytes in 23 blocks
==7164==   total heap usage: 112 allocs, 89 frees, 8,232 bytes allocated
==7164== 
==7164== LEAK SUMMARY:
==7164==    definitely lost: 184 bytes in 1 blocks
==7164==    indirectly lost: 446 bytes in 22 blocks
==7164==      possibly lost: 0 bytes in 0 blocks
==7164==    still reachable: 0 bytes in 0 blocks
==7164==         suppressed: 0 bytes in 0 blocks
==7164== Rerun with --leak-check=full to see details of leaked memory
==7164== 
==7164== For lists of detected and suppressed errors, rerun with: -s
==7164== ERROR SUMMARY: 0 errors from 0 contexts (suppressed: 0 from 0)
Running valgrind on ./maps/good/dungeon.cub...

[0;31m Error:[Map check in file] Empty line found
[0m [0;34mF[0;34m [0;34m7[0;34m6[0;34m,[0;34m7[0;34m6[0;34m,[0;34m7[0;34m6
[0m[0;34mC[0;34m [0;34m9[0;34m9[0;34m,[0;34m9[0;34m9[0;34m,[0;34m9[0;34m9
[0m
[0m[0;34mN[0;34mO[0;34m [0;34mt[0;34me[0;34mx[0;34mt[0;34mu[0;34mr[0;34me[0;34ms[0;34m/[0;34ms[0;34mi[0;34mm[0;34mo[0;34mn[0;34mk[0;34mr[0;34ma[0;34mf[0;34mt[0;34m/[0;34mc[0;34mo[0;34mb[0;34mb[0;34ml[0;34me[0;34ms[0;34mt[0;34mo[0;34mn[0;34me[0;34m.[0;34mx[0;34mp[0;34mm
[0m[0;34mS[0;34mO[0;34m [0;34mt[0;34me[0;34mx[0;34mt[0;34mu[0;34mr[0;34me[0;34ms[0;34m/[0;34ms[0;34mi[0;34mm[0;34mo[0;34mn[0;34mk[0;34mr[0;34ma[0;34mf[0;34mt[0;34m/[0;34mc[0;34mo[0;34mb[0;34mb[0;34ml[0;34me[0;34ms[0;34mt[0;34mo[0;34mn[0;34me[0;34m_[0;34m0[0;34m1[0;34m.[0;34mx[0;34mp[0;34mm
[0m[0;34mW[0;34mE[0;34m [0;34mt[0;34me[0;34mx[0;34mt[0;34mu[0;34mr[0;34me[0;34ms[0;34m/[0;34ms[0;34mi[0;34mm[0;34mo[0;34mn[0;34mk[0;34mr[0;34ma[0;34mf[0;34mt[0;34m/[0;34mm[0;34mo[0;34ms[0;34ms[0;34my[0;34m_[0;34mc[0;34mo[0;34mb[0;34mb[0;34ml[0;34me[0;34ms[0;34mt[0;34mo[0;34mn[0;34me[0;34m1[0;34m.[0;34mx[0;34mp[0;34mm
[0m[0;34mE[0;34mA[0;34m [0;34mt[0;34me[0;34mx[0;34mt[0;34mu[0;34mr[0;34me[0;34ms[0;34m/[0;34ms[0;34mi[0;34mm[0;34mo[0;34mn[0;34mk[0;34mr[0;34ma[0;34mf[0;34mt[0;34m/[0;34mc[0;34mo[0;34mb[0;34mb[0;34ml[0;34me[0;34ms[0;34mt[0;34mo[0;34mn[0;34me[0;34m_[0;34m0[0;34m2[0;34m.[0;34mx[0;34mp[0;34mm
[0m
[0m[0;34m1[0;34m1[0;34m1[0;34m1[0;34m1[0;34m1[0;34m1[0;34m1[0;34m1[0;34m1[0;34m1[0;34m1[0;34m1[0;34m1[0;34m1[0;34m1[0;34m1[0;34m1[0;34m1
[0m[0;34m1[0;34m0[0;34mW[0;34m1[0;34m0[0;34m0[0;34m1[0;34m0[0;34m0[0;34m1[0;34m0[0;34m0[0;34m1[0;34m0[0;34m0[0;34m0[0;34m0[0;34m0[0;34m1
[0m[0;34m1[0;34m0[0;34m1[0;34m1[0;34m0[0;34m0[0;34m0[0;34m0[0;34m0[0;34m1[0;34m0[0;34m0[0;34m0[0;34m0[0;34m0[0;34m1[0;34m0[0;34m0[0;34m1
[0m[0;34m1[0;34m0[0;34m0[0;34m1[0;34m0[0;34m0[0;34m1[0;34m0[0;34m0[0;34m1[0;34m1[0;34m1[0;34m1[0;34m1[0;34m0[0;34m1[0;34m1[0;34m1[0;34m1
[0m[0;34m1[0;34m0[0;34m0[0;34m1[0;34m1[0;34m1[0;34m1[0;34m0[0;34m0[0;34m0[0;34m0[0;34m0[0;34m1[0;34m0[0;34m0[0;34m1[0;34m0[0;34m0[0;34m1
[0m[0;34m1[0;34m0[0;34m0[0;34m0[0;34m0[0;34m0[0;34m0[0;34m0[0;34m0[0;34m0[0;34m0[0;34m0[0;34m0[0;34m0[0;34m0[0;34m1[0;34m0[0;34m0[0;34m1
[0m[0;34m1[0;34m0[0;34m0[0;34m1[0;34m1[0;34m1[0;34m1[0;34m1[0;34m1[0;34m1[0;34m1[0;34m1[0;34m1[0;34m0[0;34m0[0;34m1[0;34m0[0;34m0[0;34m1
[0m[0;34m1[0;34m1[0;34m1[0;34m1[0;34m0[0;34m0[0;34m0[0;34m0[0;34m0[0;34m0[0;34m0[0;34m0[0;34m0[0;34m0[0;34m0[0;34m1[0;34m0[0;34m1[0;34m1
[0m[0;34m1[0;34m0[0;34m0[0;34m0[0;34m0[0;34m0[0;34m0[0;34m0[0;34m0[0;34m1[0;34m0[0;34m0[0;34m0[0;34m0[0;34m0[0;34m0[0;34m0[0;34m0[0;34m1
[0m[0;34m1[0;34m1[0;34m1[0;34m1[0;34m1[0;34m1[0;34m1[0;34m1[0;34m1[0;34m1[0;34m1[0;34m1[0;34m1[0;34m1[0;34m1[0;34m1[0;34m1[0;34m1[0;34m1
[0m
[0mExit code: 1
‚ö†Ô∏è No Valgrind alerts, but with leaks[0m  
==7185== Memcheck, a memory error detector
==7185== Copyright (C) 2002-2022, and GNU GPL'd, by Julian Seward et al.
==7185== Using Valgrind-3.22.0 and LibVEX; rerun with -h for copyright info
==7185== Command: ./cub3d ./maps/good/dungeon.cub
==7185== Parent PID: 7159
==7185== 
==7185== 
==7185== HEAP SUMMARY:
==7185==     in use at exit: 573 bytes in 20 blocks
==7185==   total heap usage: 99 allocs, 79 frees, 7,678 bytes allocated
==7185== 
==7185== LEAK SUMMARY:
==7185==    definitely lost: 160 bytes in 1 blocks
==7185==    indirectly lost: 413 bytes in 19 blocks
==7185==      possibly lost: 0 bytes in 0 blocks
==7185==    still reachable: 0 bytes in 0 blocks
==7185==         suppressed: 0 bytes in 0 blocks
==7185== Rerun with --leak-check=full to see details of leaked memory
==7185== 
==7185== For lists of detected and suppressed errors, rerun with: -s
==7185== ERROR SUMMARY: 0 errors from 0 contexts (suppressed: 0 from 0)
Running valgrind on ./maps/good/library.cub...

[0;31m Error:[Map check in file] Empty line found
[0m [0;34mF[0;34m [0;34m1[0;34m3[0;34m9[0;34m,[0;34m9[0;34m9[0;34m,[0;34m5[0;34m8
[0m[0;34mC[0;34m [0;34m1[0;34m7[0;34m1[0;34m,[0;34m1[0;34m5[0;34m4[0;34m,[0;34m1[0;34m3[0;34m7
[0m
[0m[0;34mN[0;34mO[0;34m [0;34mt[0;34me[0;34mx[0;34mt[0;34mu[0;34mr[0;34me[0;34ms[0;34m/[0;34ms[0;34mi[0;34mm[0;34mo[0;34mn[0;34mk[0;34mr[0;34ma[0;34mf[0;34mt[0;34m/[0;34mb[0;34mo[0;34mo[0;34mk[0;34ms[0;34mh[0;34me[0;34ml[0;34mf[0;34m.[0;34mx[0;34mp[0;34mm
[0m[0;34mS[0;34mO[0;34m [0;34mt[0;34me[0;34mx[0;34mt[0;34mu[0;34mr[0;34me[0;34ms[0;34m/[0;34ms[0;34mi[0;34mm[0;34mo[0;34mn[0;34mk[0;34mr[0;34ma[0;34mf[0;34mt[0;34m/[0;34mb[0;34mo[0;34mo[0;34mk[0;34ms[0;34mh[0;34me[0;34ml[0;34mf[0;34m_[0;34m0[0;34m1[0;34m.[0;34mx[0;34mp[0;34mm
[0m[0;34mW[0;34mE[0;34m [0;34mt[0;34me[0;34mx[0;34mt[0;34mu[0;34mr[0;34me[0;34ms[0;34m/[0;34ms[0;34mi[0;34mm[0;34mo[0;34mn[0;34mk[0;34mr[0;34ma[0;34mf[0;34mt[0;34m/[0;34mb[0;34mo[0;34mo[0;34mk[0;34ms[0;34mh[0;34me[0;34ml[0;34mf[0;34m_[0;34m0[0;34m2[0;34m.[0;34mx[0;34mp[0;34mm
[0m[0;34mE[0;34mA[0;34m [0;34mt[0;34me[0;34mx[0;34mt[0;34mu[0;34mr[0;34me[0;34ms[0;34m/[0;34ms[0;34mi[0;34mm[0;34mo[0;34mn[0;34mk[0;34mr[0;34ma[0;34mf[0;34mt[0;34m/[0;34mb[0;34mo[0;34mo[0;34mk[0;34ms[0;34mh[0;34me[0;34ml[0;34mf[0;34m_[0;34m0[0;34m3[0;34m.[0;34mx[0;34mp[0;34mm
[0m
[0m[0;34m1[0;34m1[0;34m1[0;34m1[0;34m1[0;34m1[0;34m1[0;34m1[0;34m1[0;34m1[0;34m1[0;34m1[0;34m1[0;34m1[0;34m1[0;34m1[0;34m1[0;34m1[0;34m1
[0m[0;34m1[0;34m0[0;34m0[0;34m1[0;34m0[0;34m0[0;34m1[0;34m0[0;34m0[0;34m1[0;34m0[0;34m0[0;34m1[0;34m0[0;34m0[0;34m1[0;34m0[0;34m0[0;34m1
[0m[0;34m1[0;34m0[0;34m0[0;34m1[0;34m0[0;34m0[0;34m1[0;34m0[0;34m0[0;34m1[0;34m0[0;34m0[0;34m1[0;34m0[0;34m0[0;34m1[0;34m0[0;34m0[0;34m1
[0m[0;34m1[0;34m0[0;34m0[0;34m1[0;34m0[0;34m0[0;34m1[0;34m0[0;34m0[0;34m1[0;34m0[0;34m0[0;34m1[0;34m0[0;34m0[0;34m1[0;34m0[0;34m0[0;34m1
[0m[0;34m1[0;34m0[0;34m0[0;34m1[0;34m0[0;34m0[0;34m1[0;34m0[0;34m0[0;34m0[0;34m0[0;34m0[0;34m1[0;34m0[0;34m0[0;34m1[0;34m0[0;34m0[0;34m1
[0m[0;34m1[0;34m0[0;34m0[0;34m0[0;34m0[0;34m0[0;34m0[0;34m0[0;34m0[0;34mS[0;34m0[0;34m0[0;34m0[0;34m0[0;34m0[0;34m0[0;34m0[0;34m0[0;34m1
[0m[0;34m1[0;34m0[0;34m0[0;34m0[0;34m0[0;34m1[0;34m1[0;34m1[0;34m1[0;34m1[0;34m1[0;34m1[0;34m1[0;34m0[0;34m0[0;34m0[0;34m0[0;34m0[0;34m1
[0m[0;34m1[0;34m1[0;34m1[0;34m1[0;34m0[0;34m0[0;34m0[0;34m0[0;34m0[0;34m0[0;34m0[0;34m0[0;34m0[0;34m0[0;34m0[0;34m1[0;34m1[0;34m1[0;34m1
[0m[0;34m1[0;34m0[0;34m0[0;34m0[0;34m0[0;34m0[0;34m0[0;34m1[0;34m0[0;34m1[0;34m0[0;34m1[0;34m0[0;34m0[0;34m0[0;34m0[0;34m0[0;34m0[0;34m1
[0m[0;34m1[0;34m1[0;34m1[0;34m1[0;34m1[0;34m1[0;34m1[0;34m1[0;34m1[0;34m1[0;34m1[0;34m1[0;34m1[0;34m1[0;34m1[0;34m1[0;34m1[0;34m1[0;34m1
[0m
[0mExit code: 1
‚ö†Ô∏è No Valgrind alerts, but with leaks[0m  
==7188== Memcheck, a memory error detector
==7188== Copyright (C) 2002-2022, and GNU GPL'd, by Julian Seward et al.
==7188== Using Valgrind-3.22.0 and LibVEX; rerun with -h for copyright info
==7188== Command: ./cub3d ./maps/good/library.cub
==7188== Parent PID: 7159
==7188== 
==7188== 
==7188== HEAP SUMMARY:
==7188==     in use at exit: 565 bytes in 20 blocks
==7188==   total heap usage: 99 allocs, 79 frees, 7,697 bytes allocated
==7188== 
==7188== LEAK SUMMARY:
==7188==    definitely lost: 160 bytes in 1 blocks
==7188==    indirectly lost: 405 bytes in 19 blocks
==7188==      possibly lost: 0 bytes in 0 blocks
==7188==    still reachable: 0 bytes in 0 blocks
==7188==         suppressed: 0 bytes in 0 blocks
==7188== Rerun with --leak-check=full to see details of leaked memory
==7188== 
==7188== For lists of detected and suppressed errors, rerun with: -s
==7188== ERROR SUMMARY: 0 errors from 0 contexts (suppressed: 0 from 0)
Running valgrind on ./maps/good/matrix.cub...

[0;34mN[0;34mO[0;34m [0;34mt[0;34me[0;34mx[0;34mt[0;34mu[0;34mr[0;34me[0;34ms[0;34m/[0;34mm[0;34ma[0;34mt[0;34mr[0;34mi[0;34mx[0;34m.[0;34mx[0;34mp[0;34mm
[0m[0;34mS[0;34mO[0;34m [0;34mt[0;34me[0;34mx[0;34mt[0;34mu[0;34mr[0;34me[0;34ms[0;34m/[0;34mm[0;34ma[0;34mt[0;34mr[0;34mi[0;34mx[0;34m.[0;34mx[0;34mp[0;34mm
[0m[0;34mW[0;34mE[0;34m [0;34mt[0;34me[0;34mx[0;34mt[0;34mu[0;34mr[0;34me[0;34ms[0;34m/[0;34mm[0;34ma[0;34mt[0;34mr[0;34mi[0;34mx[0;34m.[0;34mx[0;34mp[0;34mm
[0m[0;34mE[0;34mA[0;34m [0;34mt[0;34me[0;34mx[0;34mt[0;34mu[0;34mr[0;34me[0;34ms[0;34m/[0;34mm[0;34ma[0;34mt[0;34mr[0;34mi[0;34mx[0;34m.[0;34mx[0;34mp[0;34mm
[0m
[0m[0;34mF[0;34m [0;34m0[0;34m,[0;34m0[0;34m,[0;34m0
[0m[0;34mC[0;34m [0;34m0[0;34m,[0;34m0[0;34m,[0;34m0
[0m
[0m[0;34m1[0;34m1[0;34m1[0;34m1[0;34m1[0;34m1[0;34m1[0;34m1[0;34m1[0;34m1[0;34m1[0;34m1[0;34m1[0;34m1[0;34m1[0;34m1[0;34m1[0;34m1[0;34m1[0;34m1[0;34m1
[0m[0;34m1[0;34m0[0;34m1[0;34m0[0;34m0[0;34m0[0;34m0[0;34m0[0;34m1[0;34m0[0;34m0[0;34m0[0;34m0[0;34m0[0;34m0[0;34m0[0;34m0[0;34m0[0;34m0[0;34m0[0;34m1
[0m[0;34m1[0;34m0[0;34m1[0;34m0[0;34m1[0;34m0[0;34m1[0;34m0[0;34m1[0;34m0[0;34m1[0;34m1[0;34m1[0;34m1[0;34m1[0;34m1[0;34m1[0;34m0[0;34m0[0;34m0[0;34m1
[0m[0;34m1[0;34m0[0;34m0[0;34m0[0;34m1[0;34m0[0;34m1[0;34m0[0;34m0[0;34m0[0;34m1[0;34m0[0;34m0[0;34m0[0;34m0[0;34m0[0;34m1[0;34m0[0;34m0[0;34m0[0;34m1
[0m[0;34m1[0;34m1[0;34m1[0;34m1[0;34m1[0;34m0[0;34m1[0;34m0[0;34m1[0;34m1[0;34m1[0;34m1[0;34m1[0;34m0[0;34m1[0;34m0[0;34m1[0;34m1[0;34m1[0;34m0[0;34m1
[0m[0;34m1[0;34m0[0;34m0[0;34m0[0;34m0[0;34m0[0;34m1[0;34m0[0;34m1[0;34m0[0;34m0[0;34m0[0;34m1[0;34m0[0;34m1[0;34m0[0;34m0[0;34m0[0;34m0[0;34m0[0;34m1
[0m[0;34m1[0;34m0[0;34m1[0;34m1[0;34m1[0;34m1[0;34m1[0;34m0[0;34m1[0;34m0[0;34m1[0;34m1[0;34m1[0;34m0[0;34m1[0;34m1[0;34m1[0;34m1[0;34m1[0;34m1[0;34m1
[0m[0;34m1[0;34m0[0;34m1[0;34m0[0;34m0[0;34m0[0;34m0[0;34m0[0;34m1[0;34m0[0;34m1[0;34m0[0;34m1[0;34m0[0;34m0[0;34m0[0;34m0[0;34m0[0;34m1[0;34m0[0;34m1
[0m[0;34m1[0;34m0[0;34m1[0;34m0[0;34m1[0;34m1[0;34m1[0;34m1[0;34m1[0;34m0[0;34m1[0;34m0[0;34m1[0;34m1[0;34m1[0;34m1[0;34m1[0;34m0[0;34m1[0;34m0[0;34m1
[0m[0;34m1[0;34m0[0;34m1[0;34m0[0;34m1[0;34m0[0;34m0[0;34m0[0;34m1[0;34m0[0;34m1[0;34m0[0;34m1[0;34m0[0;34m0[0;34m0[0;34m1[0;34m0[0;34m1[0;34m0[0;34m1
[0m[0;34m1[0;34m0[0;34m1[0;34m1[0;34m1[0;34m0[0;34m1[0;34m0[0;34m1[0;34m0[0;34m1[0;34m0[0;34m1[0;34m0[0;34m1[0;34m0[0;34m1[0;34m0[0;34m1[0;34m0[0;34m1
[0m[0;34m1[0;34m0[0;34m0[0;34m0[0;34m0[0;34m0[0;34m1[0;34m0[0;34m1[0;34m0[0;34m1[0;34m0[0;34m0[0;34m0[0;34m1[0;34m0[0;34m1[0;34m0[0;34m0[0;34m0[0;34m1
[0m[0;34m1[0;34m1[0;34m1[0;34m1[0;34m1[0;34m1[0;34m1[0;34m0[0;34m1[0;34m0[0;34m1[0;34m1[0;34m1[0;34m1[0;34m1[0;34m0[0;34m1[0;34m1[0;34m1[0;34m0[0;34m1
[0m[0;34m1[0;34m0[0;34m0[0;34m0[0;34m0[0;34m0[0;34m1[0;34m0[0;34m1[0;34m0[0;34m0[0;34m0[0;34m1[0;34m0[0;34m0[0;34m0[0;34m1[0;34m0[0;34m0[0;34m0[0;34m1
[0m[0;34m1[0;34m0[0;34m1[0;34m1[0;34m1[0;34m0[0;34m1[0;34m0[0;34m1[0;34m1[0;34m1[0;34m0[0;34m1[0;34m0[0;34m1[0;34m1[0;34m1[0;34m0[0;34m1[0;34m1[0;34m1
[0m[0;34m1[0;34m0[0;34m1[0;34m0[0;34m0[0;34m0[0;34m1[0;34m0[0;34m0[0;34m0[0;34m0[0;34m0[0;34m1[0;34m0[0;34m0[0;34m0[0;34m1[0;34m0[0;34m1[0;34m0[0;34m1
[0m[0;34m1[0;34m0[0;34m1[0;34m0[0;34m1[0;34m1[0;34m1[0;34m1[0;34m1[0;34m1[0;34m1[0;34m1[0;34m1[0;34m1[0;34m1[0;34m0[0;34m1[0;34m0[0;34m1[0;34m0[0;34m1
[0m[0;34m1[0;34m0[0;34m0[0;34m0[0;34m1[0;34m0[0;34m0[0;34m0[0;34m0[0;34m0[0;34m0[0;34m0[0;34m0[0;34m0[0;34m0[0;34m0[0;34m1[0;34m0[0;34m0[0;34m0[0;34m1
[0m[0;34m1[0;34m0[0;34m1[0;34m0[0;34m1[0;34m0[0;34m1[0;34m1[0;34m1[0;34m0[0;34m1[0;34m1[0;34m1[0;34m1[0;34m1[0;34[0;31m Error:[Map check in file] Empty line found
[0m m1[0;34m1[0;34m1[0;34m1[0;34m0[0;34m1
[0m[0;34m1[0;34mN[0;34m1[0;34m0[0;34m0[0;34m0[0;34m0[0;34m0[0;34m1[0;34m0[0;34m0[0;34m0[0;34m0[0;34m0[0;34m0[0;34m0[0;34m0[0;34m0[0;34m0[0;34m0[0;34m1
[0m[0;34m1[0;34m1[0;34m1[0;34m1[0;34m1[0;34m1[0;34m1[0;34m1[0;34m1[0;34m1[0;34m1[0;34m1[0;34m1[0;34m1[0;34m1[0;34m1[0;34m1[0;34m1[0;34m1[0;34m1[0;34m1
[0m
[0mExit code: 1
‚ö†Ô∏è No Valgrind alerts, but with leaks[0m  
==7213== Memcheck, a memory error detector
==7213== Copyright (C) 2002-2022, and GNU GPL'd, by Julian Seward et al.
==7213== Using Valgrind-3.22.0 and LibVEX; rerun with -h for copyright info
==7213== Command: ./cub3d ./maps/good/matrix.cub
==7213== Parent PID: 7159
==7213== 
==7213== 
==7213== HEAP SUMMARY:
==7213==     in use at exit: 851 bytes in 31 blocks
==7213==   total heap usage: 150 allocs, 119 frees, 10,737 bytes allocated
==7213== 
==7213== LEAK SUMMARY:
==7213==    definitely lost: 248 bytes in 1 blocks
==7213==    indirectly lost: 603 bytes in 30 blocks
==7213==      possibly lost: 0 bytes in 0 blocks
==7213==    still reachable: 0 bytes in 0 blocks
==7213==         suppressed: 0 bytes in 0 blocks
==7213== Rerun with --leak-check=full to see details of leaked memory
==7213== 
==7213== For lists of detected and suppressed errors, rerun with: -s
==7213== ERROR SUMMARY: 0 errors from 0 contexts (suppressed: 0 from 0)
Running valgrind on ./maps/good/sad_face.cub...

[0;31m Error:[Map check in file] Empty line found
[0m [0;34mN[0;34mO[0;34m [0;34mt[0;34me[0;34mx[0;34mt[0;34mu[0;34mr[0;34me[0;34ms[0;34m/[0;34ms[0;34mi[0;34mm[0;34mo[0;34mn[0;34mk[0;34mr[0;34ma[0;34mf[0;34mt[0;34m/[0;34ms[0;34mo[0;34mu[0;34ml[0;34m_[0;34ms[0;34ma[0;34mn[0;34md[0;34m.[0;34mx[0;34mp[0;34mm
[0m[0;34mS[0;34mO[0;34m [0;34mt[0;34me[0;34mx[0;34mt[0;34mu[0;34mr[0;34me[0;34ms[0;34m/[0;34ms[0;34mi[0;34mm[0;34mo[0;34mn[0;34mk[0;34mr[0;34ma[0;34mf[0;34mt[0;34m/[0;34ms[0;34mo[0;34mu[0;34ml[0;34m_[0;34ms[0;34mo[0;34mi[0;34ml[0;34m_[0;34m0[0;34m1[0;34m.[0;34mx[0;34mp[0;34mm
[0m[0;34mW[0;34mE[0;34m [0;34mt[0;34me[0;34mx[0;34mt[0;34mu[0;34mr[0;34me[0;34ms[0;34m/[0;34ms[0;34mi[0;34mm[0;34mo[0;34mn[0;34mk[0;34mr[0;34ma[0;34mf[0;34mt[0;34m/[0;34ms[0;34mo[0;34mu[0;34ml[0;34m_[0;34ms[0;34mo[0;34mi[0;34ml[0;34m.[0;34mx[0;34mp[0;34mm
[0m[0;34mE[0;34mA[0;34m [0;34mt[0;34me[0;34mx[0;34mt[0;34mu[0;34mr[0;34me[0;34ms[0;34m/[0;34ms[0;34mi[0;34mm[0;34mo[0;34mn[0;34mk[0;34mr[0;34ma[0;34mf[0;34mt[0;34m/[0;34ms[0;34mo[0;34mu[0;34ml[0;34m_[0;34ms[0;34ma[0;34mn[0;34md[0;34m.[0;34mx[0;34mp[0;34mm
[0m
[0m[0;34mC[0;34m [0;34m5[0;34m3[0;34m,[0;34m4[0;34m1[0;34m,[0;34m3[0;34m4
[0m[0;34mF[0;34m [0;34m4[0;34m5[0;34m,[0;34m3[0;34m3[0;34m,[0;34m2[0;34m7
[0m
[0m[0;34m1[0;34m1[0;34m1[0;34m1[0;34m1[0;34m1[0;34m1[0;34m1[0;34m1[0;34m1[0;34m1[0;34m1[0;34m1[0;34m1[0;34m1
[0m[0;34m1[0;34m1[0;34m1[0;34m1[0;34m1[0;34m1[0;34m0[0;34m0[0;34m0[0;34m1[0;34m1[0;34m1[0;34m1[0;34m1[0;34m1
[0m[0;34m1[0;34m1[0;34m1[0;34m1[0;34m1[0;34m0[0;34m0[0;34m0[0;34m0[0;34m0[0;34m1[0;34m1[0;34m1[0;34m1[0;34m1
[0m[0;34m1[0;34m1[0;34m1[0;34m1[0;34m0[0;34m0[0;34m0[0;34mN[0;34m0[0;34m0[0;34m0[0;34m1[0;34m1[0;34m1[0;34m1
[0m[0;34m1[0;34m1[0;34m1[0;34m0[0;34m0[0;34m0[0;34m0[0;34m0[0;34m0[0;34m0[0;34m0[0;34m0[0;34m1[0;34m1[0;34m1
[0m[0;34m1[0;34m1[0;34m0[0;34m0[0;34m0[0;34m0[0;34m0[0;34m0[0;34m0[0;34m0[0;34m0[0;34m0[0;34m0[0;34m1[0;34m1
[0m[0;34m1[0;34m0[0;34m0[0;34m0[0;34m0[0;34m1[0;34m1[0;34m1[0;34m1[0;34m1[0;34m0[0;34m0[0;34m0[0;34m0[0;34m1
[0m[0;34m1[0;34m1[0;34m0[0;34m0[0;34m0[0;34m0[0;34m1[0;34m1[0;34m1[0;34m0[0;34m0[0;34m0[0;34m0[0;34m1[0;34m1
[0m[0;34m1[0;34m1[0;34m1[0;34m0[0;34m0[0;34m0[0;34m0[0;34m1[0;34m0[0;34m0[0;34m0[0;34m0[0;34m1[0;34m1[0;34m1
[0m[0;34m1[0;34m1[0;34m1[0;34m1[0;34m0[0;34m0[0;34m0[0;34m0[0;34m0[0;34m0[0;34m0[0;34m1[0;34m1[0;34m1[0;34m1
[0m[0;34m1[0;34m1[0;34m1[0;34m1[0;34m1[0;34m0[0;34m0[0;34m0[0;34m0[0;34m0[0;34m1[0;34m1[0;34m1[0;34m1[0;34m1
[0m[0;34m1[0;34m1[0;34m1[0;34m1[0;34m1[0;34m1[0;34m0[0;34m0[0;34m0[0;34m1[0;34m1[0;34m1[0;34m1[0;34m1[0;34m1
[0m[0;34m1[0;34m1[0;34m1[0;34m1[0;34m1[0;34m1[0;34m1[0;34m1[0;34m1[0;34m1[0;34m1[0;34m1[0;34m1[0;34m1[0;34m1
[0m
[0mExit code: 1
‚ö†Ô∏è No Valgrind alerts, but with leaks[0m  
==7216== Memcheck, a memory error detector
==7216== Copyright (C) 2002-2022, and GNU GPL'd, by Julian Seward et al.
==7216== Using Valgrind-3.22.0 and LibVEX; rerun with -h for copyright info
==7216== Command: ./cub3d ./maps/good/sad_face.cub
==7216== Parent PID: 7159
==7216== 
==7216== 
==7216== HEAP SUMMARY:
==7216==     in use at exit: 590 bytes in 23 blocks
==7216==   total heap usage: 110 allocs, 87 frees, 8,254 bytes allocated
==7216== 
==7216== LEAK SUMMARY:
==7216==    definitely lost: 184 bytes in 1 blocks
==7216==    indirectly lost: 406 bytes in 22 blocks
==7216==      possibly lost: 0 bytes in 0 blocks
==7216==    still reachable: 0 bytes in 0 blocks
==7216==         suppressed: 0 bytes in 0 blocks
==7216== Rerun with --leak-check=full to see details of leaked memory
==7216== 
==7216== For lists of detected and suppressed errors, rerun with: -s
==7216== ERROR SUMMARY: 0 errors from 0 contexts (suppressed: 0 from 0)
Running valgrind on ./maps/good/square_map.cub...

[0;34m [0;34m [0;34m [0;34mW[0;34mE[0;34m [0;34m [0;34m [0;34m [0;34m [0;34m [0;34m [0;34m [0;34m [0;34m [0;34m [0;34m [0;34m [0;34m [0;34m [0;34m [0;34m [0;34m [0;34m [0;34m [0;34m [0;34m [0;34m [0;34m [0;34m [0;34m [0;34m [0;34m [0;34mt[0;34me[0;34mx[0;34mt[0;34mu[0;34mr[0;34me[0;34ms[0;34m/[0;34mw[0;34mo[0;34ml[0;34mf[0;34me[0;34mn[0;34ms[0;34mt[0;34me[0;34mi[0;34mn[0;34m/[0;34me[0;34ma[0;34mg[0;34ml[0;34me[0;34m.[0;34mx[0;34mp[0;34mm[0;34m 
[0m[0;34mN[0;34mO[0;34m [0;34m [0;34m [0;34m [0;34m [0;34m [0;34mt[0;34me[0;34mx[0;34mt[0;34mu[0;34mr[0;34me[0;34ms[0;34m/[0;34mw[0;34mo[0;34ml[0;34mf[0;34me[0;34mn[0;34ms[0;34mt[0;34me[0;34mi[0;34mn[0;34m/[0;34mg[0;34mr[0;34me[0;34my[0;34m_[0;34ms[0;34mt[0;34mo[0;34mn[0;34me[0;34m.[0;34mx[0;34mp[0;34mm
[0m
[0m
[0m
[0m[0;34mS[0;34mO[0;34m [0;34mt[0;34me[0;34mx[0;34mt[0;34mu[0;34mr[0;34me[0;34ms[0;34m/[0;34mw[0;34mo[0;34ml[0;34mf[0;34me[0;34mn[0;34ms[0;34mt[0;34me[0;34mi[0;34mn[0;34m/[0;34mr[0;34me[0;34md[0;34m_[0;34mb[0;34mr[0;34mi[0;34mc[0;34mk[0;34m.[0;34mx[0;34mp[0;34mm
[0m
[0m[0;34mF[0;34m [0;34m [0;34m [0;34m6[0;34m9[0;34m,[0;34m [0;34m2[0;34m2[0;34m2[0;34m,[0;34m [0;34m1[0;34m9[0;34m9
[0m
[0m[0;34mE[0;34mA[0;34m [0;34mt[0;34me[0;34mx[0;34mt[0;34mu[0;34mr[0;34me[0;34ms[0;34m/[0;34mw[0;34mo[0;34ml[0;34mf[0;34me[0;34mn[0;34ms[0;34mt[0;34me[0;34mi[0;34mn[0;34m/[0;34mm[0;34mo[0;34ms[0;34ms[0;34my[0;34m.[0;34mx[0;34mp[0;34mm
[0m
[0m
[0m
[0m[0;34mC[0;34m [0;34m2[0;34m3[0;34m5[0;34m,[0;34m [0;34m1[0;34m9[0;34m8[0;34m,[0;34m [0;34m5[0;34m2
[0m
[0m[0;34m1[0;34m1[0;34m1[0;34m1[0;34m1[0;34m1[0;34m1[0;34m1[0;34m1[0;34m1[0;34m1[0;34m1[0;34m1[0;34m1[0;34m1[0;34m1[0;34m1[0;34m1[0;34m1[0;34m1[0;34m1[0;34m1[0;34m1[0;34m1
[0m[0;34m1[0;34m0[0;34m0[0;34m0[0;34m0[0;34m0[0;34m0[0;34m0[0;34m0[0;34m0[0;34m0[0;34m0[0;34m0[0;34m0[0;34m0[0;34m0[0;34m0[0;34m0[0;34m0[0;34m0[0;34m0[0;34m0[0;34m0[0;34m1
[0m[0;34m1[0;34m0[0;34m0[0;34m0[0;34m0[0;34m0[0;34m0[0;34m0[0;34m0[0;34m0[0;34m0[0;34m0[0;34m0[0;34m0[0;34m0[0;34m0[0;34m0[0;34m0[0;34m0[0;34m0[0;34m0[0;34m0[0;34m0[0;34m1
[0m[0;34m1[0;34m0[0;34m0[0;34m0[0;34m0[0;34m0[0;34m0[0;34m0[0;34m0[0;34mN[0;34m0[0;34m0[0;34m0[0;34m0[0;34m0[0;34m0[0;34m0[0;34m0[0;34m0[0;34m0[0;34m0[0;34m0[0;34m0[0;34m1
[0m[0;34m1[0;34m0[0;34m0[0;34m0[0;34m0[0;34m0[0;34m0[0;34m0[0;34m0[0;34m0[0;34m0[0;34m0[0;34m0[0;34m0[0;34m0[0;34m0[0;34m0[0;34m0[0;34m0[0;34m0[0;34m0[0;34m0[0;34m0[0;34m1
[0m[0;34m1[0;34m0[0;34m0[0;34m0[0;34m0[0;34m0[0;34m0[0;34m0[0;34m0[0;34m0[0;34m0[0;34m0[0;34m0[0;34m0[0;34m0[0;34m0[0;34m0[0;34m0[0;34m0[0;34m0[0;34m0[0;34m0[0;34m0[0;34m1
[0m[0;34m1[0;34m0[0;34m0[0;34m0[0;34m0[0;34m0[0;34m0[0;34m0[0;34m0[0;34m0[0;34m0[0;34m0[0;34m0[0;34m0[0;34m0[0;34m0[0;34m0[0;34m0[0;34m0[0;34m0[0;34m0[0;34m0[0;34m0[0;34m1
[0m[0;34m1[0;34m0[0;34m0[0;34m0[0;34m0[0;34m0[0;34m1[0;34m1[0;34m1[0;34m1[0;34m1[0;34m0[0;34m0[0;34m0[0;34m0[0;34m1[0;34m0[0;34m1[0;34m0[0;34m1[0;34m0[0;34m0[0;34m0[0;34m1
[0m[0;34m1[0;34m0[0;34m0[0;34m0[0;34m0[0;34m0[0;34m1[0;34m0[0;34m0[0;34m0[0;34m1[0;34m0[0;34m0[0;34m0[0;34m0[0;34m0[0;34m0[0;34m0[0;34m0[0;34m0[0;34m0[0;34m0[0;34m0[0;34m1
[0m[0;34m1[0;34m0[0;34m0[0;34m0[0;34m0[0;34m0[0;34m1[0;34m0[0;34m0[0;34m0[0;34m1[0;34m0[0;34m0[0;34m0[0;34m0[0;34m1[0;34m0[0;34m0[0;34m0[0;34m1[0;34m0[0;34m0[0;34m0[0;34m1
[0m[0;34m1[0;34m0[0;34m0[0;34m0[0;34m0[0;34m0[0;34m1[0;34m0[0;34m0[0;34m0[0;34m1[0;34m0[0;34m0[0;34m0[0;34m0[0;34m0[0;34m0[0;34m0[0;34m0[0;34m0[0;34m0[0;34m0[0;34m0[0;34m1
[0m[0;34m1[0;34m0[0;34m0[0;34m0[0;34m0[0;34m0[0;34m1[0;34m1[0;34m1[0;34m1[0;34m0[0;34m0[0;34m0[0;34m0[0;34m1[0;34m0[0;34m1[0;34m0[0;34m1[0;34m0[0;34m0[0;34m0[0;34m0[0;34m1
[0m[0;31m Error:[Texture verification] file is not found
[0m [0;34m1[0;34m0[0;34m0[0;34m0[0;34m0[0;34m0[0;34m0[0;34m0[0;34m0[0;34m0[0;34m0[0;34m0[0;34m0[0;34m0[0;34m0[0;34m0[0;34m0[0;34m0[0;34m0[0;34m0[0;34m0[0;34m0[0;34m0[0;34m1
[0m[0;34m1[0;34m0[0;34m0[0;34m0[0;34m0[0;34m0[0;34m0[0;34m0[0;34m0[0;34m0[0;34m0[0;34m0[0;34m0[0;34m0[0;34m0[0;34m0[0;34m0[0;34m0[0;34m0[0;34m0[0;34m0[0;34m0[0;34m0[0;34m1
[0m[0;34m1[0;34m0[0;34m0[0;34m0[0;34m0[0;34m0[0;34m0[0;34m0[0;34m0[0;34m0[0;34m0[0;34m0[0;34m0[0;34m0[0;34m0[0;34m0[0;34m0[0;34m0[0;34m0[0;34m0[0;34m0[0;34m0[0;34m0[0;34m1
[0m[0;34m1[0;34m0[0;34m0[0;34m0[0;34m0[0;34m0[0;34m0[0;34m0[0;34m0[0;34m0[0;34m0[0;34m0[0;34m0[0;34m0[0;34m0[0;34m0[0;34m0[0;34m0[0;34m0[0;34m0[0;34m0[0;34m0[0;34m0[0;34m1
[0m[0;34m1[0;34m0[0;34m0[0;34m0[0;34m0[0;34m0[0;34m0[0;34m0[0;34m0[0;34m0[0;34m0[0;34m0[0;34m0[0;34m0[0;34m0[0;34m0[0;34m0[0;34m0[0;34m0[0;34m0[0;34m0[0;34m0[0;34m0[0;34m1
[0m[0;34m1[0;34m0[0;34m0[0;34m0[0;34m0[0;34m0[0;34m0[0;34m0[0;34m0[0;34m0[0;34m0[0;34m0[0;34m0[0;34m0[0;34m0[0;34m0[0;34m0[0;34m0[0;34m0[0;34m0[0;34m0[0;34m0[0;34m0[0;34m1
[0m[0;34m1[0;34m0[0;34m0[0;34m0[0;34m0[0;34m0[0;34m0[0;34m0[0;34m0[0;34m0[0;34m0[0;34m0[0;34m0[0;34m0[0;34m0[0;34m0[0;34m0[0;34m0[0;34m0[0;34m0[0;34m0[0;34m0[0;34m0[0;34m1
[0m[0;34m1[0;34m1[0;34m1[0;34m1[0;34m1[0;34m1[0;34m1[0;34m1[0;34m1[0;34m0[0;34m0[0;34m0[0;34m0[0;34m0[0;34m0[0;34m0[0;34m0[0;34m0[0;34m0[0;34m0[0;34m0[0;34m0[0;34m0[0;34m1
[0m[0;34m1[0;34m0[0;34m0[0;34m1[0;34m0[0;34m0[0;34m0[0;34m0[0;34m1[0;34m0[0;34m0[0;34m0[0;34m0[0;34m0[0;34m0[0;34m0[0;34m0[0;34m0[0;34m0[0;34m0[0;34m0[0;34m0[0;34m0[0;34m1
[0m[0;34m1[0;34m0[0;34m0[0;34m0[0;34m0[0;34m0[0;34m1[0;34m0[0;34m1[0;34m0[0;34m0[0;34m0[0;34m0[0;34m0[0;34m0[0;34m0[0;34m0[0;34m0[0;34m0[0;34m0[0;34m0[0;34m0[0;34m0[0;34m1
[0m[0;34m1[0;34m0[0;34m0[0;34m1[0;34m0[0;34m0[0;34m0[0;34m0[0;34m1[0;34m0[0;34m0[0;34m0[0;34m0[0;34m0[0;34m0[0;34m0[0;34m0[0;34m0[0;34m0[0;34m0[0;34m0[0;34m0[0;34m0[0;34m1
[0m[0;34m1[0;34m0[0;34m0[0;34m1[0;34m1[0;34m1[0;34m1[0;34m1[0;34m1[0;34m0[0;34m0[0;34m0[0;34m0[0;34m0[0;34m0[0;34m0[0;34m0[0;34m0[0;34m0[0;34m0[0;34m0[0;34m0[0;34m0[0;34m1
[0m[0;34m1[0;34m0[0;34m0[0;34m0[0;34m0[0;34m0[0;34m0[0;34m0[0;34m0[0;34m0[0;34m0[0;34m0[0;34m0[0;34m0[0;34m0[0;34m0[0;34m0[0;34m0[0;34m0[0;34m0[0;34m0[0;34m0[0;34m0[0;34m1
[0m[0;34m1[0;34m0[0;34m0[0;34m0[0;34m0[0;34m0[0;34m0[0;34m0[0;34m0[0;34m0[0;34m0[0;34m0[0;34m0[0;34m0[0;34m0[0;34m0[0;34m0[0;34m0[0;34m0[0;34m0[0;34m0[0;34m0[0;34m0[0;34m1
[0m[0;34m1[0;34m1[0;34m1[0;34m1[0;34m1[0;34m1[0;34m1[0;34m1[0;34m1[0;34m1[0;34m1[0;34m1[0;34m1[0;34m1[0;34m1[0;34m1[0;34m1[0;34m1[0;34m1[0;34m1[0;34m1[0;34m1[0;34m1[0;34m1
[0mExit code: 1
‚ö†Ô∏è No Valgrind alerts, but with leaks[0m  
==7219== Memcheck, a memory error detector
==7219== Copyright (C) 2002-2022, and GNU GPL'd, by Julian Seward et al.
==7219== Using Valgrind-3.22.0 and LibVEX; rerun with -h for copyright info
==7219== Command: ./cub3d ./maps/good/square_map.cub
==7219== Parent PID: 7159
==7219== 
==7219== 
==7219== HEAP SUMMARY:
==7219==     in use at exit: 2,315 bytes in 75 blocks
==7219==   total heap usage: 271 allocs, 196 frees, 17,570 bytes allocated
==7219== 
==7219== LEAK SUMMARY:
==7219==    definitely lost: 701 bytes in 6 blocks
==7219==    indirectly lost: 1,614 bytes in 69 blocks
==7219==      possibly lost: 0 bytes in 0 blocks
==7219==    still reachable: 0 bytes in 0 blocks
==7219==         suppressed: 0 bytes in 0 blocks
==7219== Rerun with --leak-check=full to see details of leaked memory
==7219== 
==7219== For lists of detected and suppressed errors, rerun with: -s
==7219== ERROR SUMMARY: 0 errors from 0 contexts (suppressed: 0 from 0)
Running valgrind on ./maps/good/subject_map.cub...

[0;34mN[0;34mO[0;34m [0;34mt[0;34me[0;34mx[0;34mt[0;34mu[0;34mr[0;34me[0;34ms[0;34m/[0;34mw[0;34mo[0;34ml[0;34mf[0;34me[0;34mn[0;34ms[0;34mt[0;34me[0;34mi[0;34mn[0;34m/[0;34mg[0;34mr[0;34me[0;34my[0;34m_[0;34ms[0;34mt[0;34mo[0;34mn[0;34me[0;34m.[0;34mx[0;34mp[0;34mm
[0m[0;34mS[0;34mO[0;34m [0;34mt[0;34me[0;34mx[0;34mt[0;34mu[0;34mr[0;34me[0;34ms[0;34m/[0;34mw[0;34mo[0;34ml[0;34mf[0;34me[0;34mn[0;34ms[0;34mt[0;34me[0;34mi[0;34mn[0;34m/[0;34mp[0;34mu[0;34mr[0;34mp[0;34ml[0;34me[0;34m_[0;34ms[0;34mt[0;34mo[0;34mn[0;34me[0;34m.[0;34mx[0;34mp[0;34mm
[0m[0;34mW[0;34mE[0;34m [0;34mt[0;34me[0;34mx[0;34mt[0;34mu[0;34mr[0;34me[0;34ms[0;34m/[0;34mw[0;34mo[0;34ml[0;34mf[0;34me[0;34mn[0;34ms[0;34mt[0;34me[0;34mi[0;34mn[0;34m/[0;34mr[0;34me[0;34md[0;34m_[0;34mb[0;34mr[0;34mi[0;34mc[0;34mk[0;34m.[0;34mx[0;34mp[0;34mm
[0m[0;34mE[0;34mA[0;34m [0;34mt[0;34me[0;34mx[0;34mt[0;34mu[0;34mr[0;34me[0;34ms[0;34m/[0;34mw[0;34mo[0;34ml[0;34mf[0;34me[0;34mn[0;34ms[0;34mt[0;34me[0;34mi[0;34mn[0;34m/[0;34mw[0;34mo[0;34mo[0;34md[0;34m.[0;34mx[0;34mp[0;34mm
[0m
[0m[0;34mF[0;34m [0;34m2[0;34m2[0;34m0[0;34m,[0;34m1[0;34m0[0;34m0[0;34m,[0;34m0
[0m[0;34mC[0;34m [0;34m2[0;34m2[0;34m5[0;34m,[0;34m3[0;34m0[0;34m,[0;34m0
[0m
[0m[0;34m [0;34m [0;34m [0;34m [0;34m [0;34m [0;34m [0;34m [0;34m1[0;34m1[0;34m1[0;34m1[0;34m1[0;34m1[0;34m1[0;34m1[0;34m1[0;34m1[0;34m1[0;34m1[0;34m1[0;34m1[0;34m1[0;34m1[0;34m1[0;34m1[0;34m1[0;34m1[0;34m1[0;34m1[0;34m1[0;34m1[0;34m1
[0m[0;34m [0;34m [0;34m [0;34m [0;34m [0;34m [0;34m [0;34m [0;34m1[0;34m0[0;34m0[0;34m0[0;34m0[0;34m0[0;34m0[0;34m0[0;34m0[0;34m0[0;34m1[0;34m1[0;34m0[0;34m0[0;34m0[0;34m0[0;34m0[0;34m0[0;34m0[0;34m0[0;34m0[0;34m0[0;34m0[0;34m0[0;34m1
[0m[0;34m [0;34m [0;34m [0;34m [0;34m [0;34m [0;34m [0;34m [0;34m1[0;34m0[0;34m1[0;34m1[0;34m0[0;34m0[0;34m0[0;34m0[0;34m0[0;34m1[0;34m1[0;34m1[0;34m0[0;34m0[0;34m0[0;34m0[0;34m0[0;34m0[0;34m0[0;34m0[0;34m0[0;34m0[0;34m0[0;34m0[0;34m1
[0m[0;34m [0;34m [0;34m [0;34m [0;34m [0;34m [0;34m [0;34m [0;34m1[0;34m0[0;34m0[0;34m1[0;34m0[0;34m0[0;34m0[0;34m0[0;34m0[0;34m0[0;34m0[0;34m0[0;34m0[0;34m0[0;34m0[0;34m0[0;34m0[0;34m0[0;34m0[0;34m0[0;34m0[0;34m0[0;34m0[0;34m0[0;34m1
[0m[0;34m1[0;34m1[0;34m1[0;34m1[0;34m1[0;34m1[0;34m1[0;34m1[0;34m1[0;34m0[0;34m1[0;34m1[0;34m0[0;34m0[0;34m0[0;34m0[0;34m0[0;34m1[0;34m1[0;34m1[0;34m0[0;34m0[0;34m0[0;34m0[0;34m0[0;34m0[0;34m0[0;34m0[0;34m0[0;34m0[0;34m0[0;34m0[0;34m1
[0m[0;34m1[0;34m0[0;34m0[0;34m0[0;34m0[0;34m0[0;34m0[0;34m0[0;34m0[0;34m0[0;34m1[0;34m1[0;34m0[0;34m0[0;34m0[0;34m0[0;34m0[0;34m1[0;34m1[0;34m1[0;34m0[0;34m1[0;34m1[0;34m1[0;34m1[0;34m1[0;34m1[0;34m1[0;34m1[0;34m1[0;34m1[0;34m1[0;34m1
[0m[0;34m1[0;34m1[0;34m1[0;34m1[0;34m0[0;34m1[0;34m1[0;34m1[0;34m1[0;34m1[0;34m1[0;34m1[0;34m1[0;34m1[0;34m0[0;34m1[0;34m1[0;34m1[0;34m0[0;34m0[0;34m0[0;34m0[0;34m0[0;34m0[0;34m1[0;34m0[0;34m0[0;34m0[0;34m1
[0m[0;34m1[0;34m1[0;34m1[0;34m1[0;34m0[0;34m1[0;34m1[0;34m1[0;34m1[0;34m1[0;34m1[0;34m1[0;34m1[0;34m1[0;34m0[0;34m1[0;34m1[0;34m1[0;34m0[0;34m1[0;34m0[0;34m1[0;34m0[0;34m0[0;34m1[0;34m0[0;34m0[0;34m0[0;34m1
[0m[0;34m1[0;34m1[0;34m0[0;34m0[0;34m0[0;34m0[0;34m0[0;34m0[0;34m1[0;34m1[0;34m0[0;34m1[0;34m0[0;34m1[0;34m0[0;34m1[0;34m1[0;34m1[0;34m0[0;34m0[0;34m0[0;34m0[0;34m0[0;34m0[0;34m1[0;34m0[0;34m0[0;34m0[0;34m1
[0m[0;34m1[0;34m0[0;34m0[0;34m0[0;34m0[0;34m0[0;34m0[0;34m0[0;34m0[0;34m0[0;34m0[0;34m0[0;34m0[0;34m0[0;34m0[0;34m0[0;34m1[0;34m1[0;34m0[0;34m0[0;34m0[0;34m0[0;34m0[0;34m0[0;34m1[0;34m0[0;34m0[0;34m0[0;34m1
[0m[0;34m1[0;34m0[0;34m0[0;34m0[0;34m0[0;34m0[0;34m0[0;34m0[0;34m0[0;34m0[0;34m0[0;34m0[0;34m0[0;34m0[0;34m0[0;34m0[0;34m1[0;34m1[0;34[0;31m Error:[Texture verification] file is not found
[0m m0[0;34m1[0;34m0[0;34m1[0;34m0[0;34m0[0;34m1[0;34m0[0;34m0[0;34m0[0;34m1
[0m[0;34m1[0;34m1[0;34m0[0;34m0[0;34m0[0;34m0[0;34m0[0;34m1[0;34m1[0;34m1[0;34m0[0;34m1[0;34m0[0;34m1[0;34m0[0;34m1[0;34m1[0;34m1[0;34m1[0;34m1[0;34m0[0;34m1[0;34m1[0;34m1[0;34m1[0;34m0[0;34mN[0;34m0[0;34m1[0;34m1[0;34m1
[0m[0;34m1[0;34m1[0;34m1[0;34m1[0;34m0[0;34m1[0;34m1[0;34m1[0;34m [0;34m1[0;34m1[0;34m1[0;34m0[0;34m1[0;34m0[0;34m1[0;34m [0;34m1[0;34m0[0;34m1[0;34m1[0;34m1[0;34m1[0;34m0[0;34m1[0;34m0[0;34m0[0;34m0[0;34m1
[0m[0;34m1[0;34m1[0;34m1[0;34m1[0;34m1[0;34m1[0;34m1[0;34m1[0;34m [0;34m1[0;34m1[0;34m1[0;34m1[0;34m1[0;34m1[0;34m1[0;34m [0;34m1[0;34m1[0;34m1[0;34m1[0;34m1[0;34m1[0;34m1[0;34m1[0;34m1[0;34m1[0;34m1[0;34m1
[0mExit code: 1
‚ö†Ô∏è No Valgrind alerts, but with leaks[0m  
==7240== Memcheck, a memory error detector
==7240== Copyright (C) 2002-2022, and GNU GPL'd, by Julian Seward et al.
==7240== Using Valgrind-3.22.0 and LibVEX; rerun with -h for copyright info
==7240== Command: ./cub3d ./maps/good/subject_map.cub
==7240== Parent PID: 7159
==7240== 
==7240== 
==7240== HEAP SUMMARY:
==7240==     in use at exit: 1,563 bytes in 42 blocks
==7240==   total heap usage: 153 allocs, 111 frees, 10,170 bytes allocated
==7240== 
==7240== LEAK SUMMARY:
==7240==    definitely lost: 443 bytes in 6 blocks
==7240==    indirectly lost: 1,120 bytes in 36 blocks
==7240==      possibly lost: 0 bytes in 0 blocks
==7240==    still reachable: 0 bytes in 0 blocks
==7240==         suppressed: 0 bytes in 0 blocks
==7240== Rerun with --leak-check=full to see details of leaked memory
==7240== 
==7240== For lists of detected and suppressed errors, rerun with: -s
==7240== ERROR SUMMARY: 0 errors from 0 contexts (suppressed: 0 from 0)
Running valgrind on ./maps/good/test_map.cub...

[0;31m Error:[Texture verification] file is not found
[0m [0;34mN[0;34mO[0;34m [0;34mt[0;34me[0;34mx[0;34mt[0;34mu[0;34mr[0;34me[0;34ms[0;34m/[0;34mw[0;34mo[0;34ml[0;34mf[0;34me[0;34mn[0;34ms[0;34mt[0;34me[0;34mi[0;34mn[0;34m/[0;34mg[0;34mr[0;34me[0;34my[0;34m_[0;34ms[0;34mt[0;34mo[0;34mn[0;34me[0;34m.[0;34mx[0;34mp[0;34mm
[0m[0;34mS[0;34mO[0;34m [0;34mt[0;34me[0;34mx[0;34mt[0;34mu[0;34mr[0;34me[0;34ms[0;34m/[0;34mw[0;34mo[0;34ml[0;34mf[0;34me[0;34mn[0;34ms[0;34mt[0;34me[0;34mi[0;34mn[0;34m/[0;34mp[0;34mu[0;34mr[0;34mp[0;34ml[0;34me[0;34m_[0;34ms[0;34mt[0;34mo[0;34mn[0;34me[0;34m.[0;34mx[0;34mp[0;34mm
[0m[0;34mW[0;34mE[0;34m [0;34mt[0;34me[0;34mx[0;34mt[0;34mu[0;34mr[0;34me[0;34ms[0;34m/[0;34mw[0;34mo[0;34ml[0;34mf[0;34me[0;34mn[0;34ms[0;34mt[0;34me[0;34mi[0;34mn[0;34m/[0;34mr[0;34me[0;34md[0;34m_[0;34mb[0;34mr[0;34mi[0;34mc[0;34mk[0;34m.[0;34mx[0;34mp[0;34mm
[0m[0;34mE[0;34mA[0;34m [0;34mt[0;34me[0;34mx[0;34mt[0;34mu[0;34mr[0;34me[0;34ms[0;34m/[0;34mw[0;34mo[0;34ml[0;34mf[0;34me[0;34mn[0;34ms[0;34mt[0;34me[0;34mi[0;34mn[0;34m/[0;34mw[0;34mo[0;34mo[0;34md[0;34m.[0;34mx[0;34mp[0;34mm
[0m
[0m[0;34mF[0;34m [0;34m1[0;34m8[0;34m,[0;34m5[0;34m3[0;34m,[0;34m2[0;34m5
[0m[0;34mC[0;34m [0;34m1[0;34m5[0;34m3[0;34m,[0;34m2[0;34m0[0;34m4[0;34m,[0;34m2[0;34m5[0;34m5
[0m
[0m[0;34m1[0;34m1[0;34m1[0;34m1[0;34m1[0;34m1[0;34m1[0;34m1[0;34m1[0;34m1[0;34m1[0;34m1
[0m[0;34m1[0;34m [0;34m [0;34m [0;34m [0;34m [0;34m [0;34m [0;34m [0;34m [0;34m1[0;34m1
[0m[0;34m1[0;34m [0;34m [0;34m [0;34m [0;34m [0;34m [0;34m [0;34m [0;34m [0;34m [0;34m1
[0m[0;34m1[0;34m1[0;34m1[0;34m1[0;34m1[0;34m1[0;34m1[0;34m1[0;34m1[0;34m1[0;34m1[0;34m1
[0m[0;34m1[0;34m0[0;34mS[0;34m0[0;34m0[0;34m0[0;34m0[0;34m0[0;34m0[0;34m0[0;34m0[0;34m1
[0m[0;34m1[0;34m1[0;34m1[0;34m1[0;34m1[0;34m1[0;34m1[0;34m1[0;34m1[0;34m1[0;34m1[0;34m1
[0m[0;34m1[0;34m1[0;34m [0;34m [0;34m [0;34m [0;34m [0;34m [0;34m [0;34m [0;34m [0;34m1
[0m[0;34m1[0;34m1[0;34m1[0;34m1[0;34m1[0;34m1[0;34m1[0;34m1[0;34m1[0;34m1[0;34m1[0;34m1
[0mExit code: 1
‚ö†Ô∏è No Valgrind alerts, but with leaks[0m  
==7243== Memcheck, a memory error detector
==7243== Copyright (C) 2002-2022, and GNU GPL'd, by Julian Seward et al.
==7243== Using Valgrind-3.22.0 and LibVEX; rerun with -h for copyright info
==7243== Command: ./cub3d ./maps/good/test_map.cub
==7243== Parent PID: 7159
==7243== 
==7243== 
==7243== HEAP SUMMARY:
==7243==     in use at exit: 749 bytes in 30 blocks
==7243==   total heap usage: 103 allocs, 73 frees, 7,253 bytes allocated
==7243== 
==7243== LEAK SUMMARY:
==7243==    definitely lost: 347 bytes in 6 blocks
==7243==    indirectly lost: 402 bytes in 24 blocks
==7243==      possibly lost: 0 bytes in 0 blocks
==7243==    still reachable: 0 bytes in 0 blocks
==7243==         suppressed: 0 bytes in 0 blocks
==7243== Rerun with --leak-check=full to see details of leaked memory
==7243== 
==7243== For lists of detected and suppressed errors, rerun with: -s
==7243== ERROR SUMMARY: 0 errors from 0 contexts (suppressed: 0 from 0)
Running valgrind on ./maps/good/test_map_hole.cub...

[0;31m Error:[Texture verification] file is not found
[0m [0;34mN[0;34mO[0;34m [0;34mt[0;34me[0;34mx[0;34mt[0;34mu[0;34mr[0;34me[0;34ms[0;34m/[0;34mw[0;34mo[0;34ml[0;34mf[0;34me[0;34mn[0;34ms[0;34mt[0;34me[0;34mi[0;34mn[0;34m/[0;34mg[0;34mr[0;34me[0;34my[0;34m_[0;34ms[0;34mt[0;34mo[0;34mn[0;34me[0;34m.[0;34mx[0;34mp[0;34mm
[0m[0;34mS[0;34mO[0;34m [0;34mt[0;34me[0;34mx[0;34mt[0;34mu[0;34mr[0;34me[0;34ms[0;34m/[0;34mw[0;34mo[0;34ml[0;34mf[0;34me[0;34mn[0;34ms[0;34mt[0;34me[0;34mi[0;34mn[0;34m/[0;34mp[0;34mu[0;34mr[0;34mp[0;34ml[0;34me[0;34m_[0;34ms[0;34mt[0;34mo[0;34mn[0;34me[0;34m.[0;34mx[0;34mp[0;34mm
[0m[0;34mW[0;34mE[0;34m [0;34mt[0;34me[0;34mx[0;34mt[0;34mu[0;34mr[0;34me[0;34ms[0;34m/[0;34mw[0;34mo[0;34ml[0;34mf[0;34me[0;34mn[0;34ms[0;34mt[0;34me[0;34mi[0;34mn[0;34m/[0;34mr[0;34me[0;34md[0;34m_[0;34mb[0;34mr[0;34mi[0;34mc[0;34mk[0;34m.[0;34mx[0;34mp[0;34mm
[0m[0;34mE[0;34mA[0;34m [0;34mt[0;34me[0;34mx[0;34mt[0;34mu[0;34mr[0;34me[0;34ms[0;34m/[0;34mw[0;34mo[0;34ml[0;34mf[0;34me[0;34mn[0;34ms[0;34mt[0;34me[0;34mi[0;34mn[0;34m/[0;34mw[0;34mo[0;34mo[0;34md[0;34m.[0;34mx[0;34mp[0;34mm
[0m
[0m[0;34mF[0;34m [0;34m1[0;34m8[0;34m,[0;34m5[0;34m3[0;34m,[0;34m2[0;34m5
[0m[0;34mC[0;34m [0;34m1[0;34m5[0;34m3[0;34m,[0;34m2[0;34m0[0;34m4[0;34m,[0;34m2[0;34m5[0;34m5
[0m
[0m[0;34m1[0;34m1[0;34m1[0;34m1[0;34m1[0;34m1[0;34m1[0;34m1[0;34m1[0;34m1[0;34m1[0;34m1
[0m[0;34m1[0;34m [0;34m [0;34m [0;34m [0;34m [0;34m [0;34m [0;34m [0;34m [0;34m1[0;34m1
[0m[0;34m1[0;34m [0;34m [0;34m [0;34m [0;34m [0;34m [0;34m [0;34m0[0;34m0[0;34m0[0;34m1
[0m[0;34m1[0;34m0[0;34m0[0;34m0[0;34m0[0;34m0[0;34m0[0;34m [0;34m0[0;34m0[0;34m1[0;34m1
[0m[0;34m1[0;34m0[0;34mS[0;34m0[0;34m0[0;34m0[0;34m0[0;34m0[0;34m0[0;34m0[0;34m0[0;34m1
[0m[0;34m1[0;34m1[0;34m1[0;34m1[0;34m1[0;34m1[0;34m1[0;34m1[0;34m1[0;34m1[0;34m1[0;34m1
[0m[0;34m1[0;34m1[0;34m [0;34m [0;34m [0;34m [0;34m [0;34m [0;34m [0;34m [0;34m [0;34m1
[0m[0;34m1[0;34m1[0;34m1[0;34m1[0;34m1[0;34m1[0;34m1[0;34m1[0;34m1[0;34m1[0;34m1[0;34m1
[0mExit code: 1
‚ö†Ô∏è No Valgrind alerts, but with leaks[0m  
==7267== Memcheck, a memory error detector
==7267== Copyright (C) 2002-2022, and GNU GPL'd, by Julian Seward et al.
==7267== Using Valgrind-3.22.0 and LibVEX; rerun with -h for copyright info
==7267== Command: ./cub3d ./maps/good/test_map_hole.cub
==7267== Parent PID: 7159
==7267== 
==7267== 
==7267== HEAP SUMMARY:
==7267==     in use at exit: 749 bytes in 30 blocks
==7267==   total heap usage: 103 allocs, 73 frees, 7,253 bytes allocated
==7267== 
==7267== LEAK SUMMARY:
==7267==    definitely lost: 347 bytes in 6 blocks
==7267==    indirectly lost: 402 bytes in 24 blocks
==7267==      possibly lost: 0 bytes in 0 blocks
==7267==    still reachable: 0 bytes in 0 blocks
==7267==         suppressed: 0 bytes in 0 blocks
==7267== Rerun with --leak-check=full to see details of leaked memory
==7267== 
==7267== For lists of detected and suppressed errors, rerun with: -s
==7267== ERROR SUMMARY: 0 errors from 0 contexts (suppressed: 0 from 0)
Running valgrind on ./maps/good/test_pos_bottom.cub...

[0;32m[Debug info]üõ†Ô∏è  Map info üîç
[0m[0;32m[Debug info] - Map width:[0m3
[0;32m[Debug info] - Map height:[0m13
[0;32m[Debug info]üõ†Ô∏è  Starting player position info üîç
[0m[0;32m[Debug info] - Player X:[0m1
[0;32m[Debug info] - Player Y:[0m11
[0;32m[Debug info] - Player Direction:[0mS
[0;32m[Debug info]üõ†Ô∏è  Colors info c:  üîç
[0m[0;32m[Debug info]üõ†Ô∏è  Colors info f:  üîç
[0m[0;32m[Debug info]üõ†Ô∏è  Textures info:  üîç
[0m[0;32m[Debug info] Texture north:[0mtextures/test/north.xpm
[0;32m[Debug info] Texture south:[0mtextures/test/south.xpm
[0;32m[Debug info] Texture west:[0mtextures/test/west.xpm
[0;32m[Debug info] Texture east:[0mtextures/test/east.xpm
[0;34mN[0;34mO[0;34m [0;34mt[0;34me[0;34mx[0;34mt[0;34mu[0;34mr[0;34me[0;34ms[0;34m/[0;34mt[0;34me[0;34ms[0;34mt[0;34m/[0;34mn[0;34mo[0;34mr[0;34mt[0;34mh[0;34m.[0;34mx[0;34mp[0;34mm
[0m[0;34mS[0;34mO[0;34m [0;34mt[0;34me[0;34mx[0;34mt[0;34mu[0;34mr[0;34me[0;34ms[0;34m/[0;34mt[0;34me[0;34ms[0;34mt[0;34m/[0;34ms[0;34mo[0;34mu[0;34mt[0;34mh[0;34m.[0;34mx[0;34mp[0;34mm
[0m[0;34mW[0;34mE[0;34m [0;34mt[0;34me[0;34mx[0;34mt[0;34mu[0;34mr[0;34me[0;34ms[0;34m/[0;34mt[0;34me[0;34ms[0;34mt[0;34m/[0;34mw[0;34me[0;34ms[0;34mt[0;34m.[0;34mx[0;34mp[0;34mm
[0m[0;34mE[0;34mA[0;34m [0;34mt[0;34me[0;34mx[0;34mt[0;34mu[0;34mr[0;34me[0;34ms[0;34m/[0;34mt[0;34me[0;34ms[0;34mt[0;34m/[0;34me[0;34ma[0;34ms[0;34mt[0;34m.[0;34mx[0;34mp[0;34mm
[0m
[0m[0;34mF[0;34m [0;34m2[0;34m0[0;34m,[0;34m2[0;34m0[0;34m,[0;34m2[0;34m0
[0m[0;34mC[0;34m [0;34m2[0;34m0[0;34m0[0;34m,[0;34m2[0;34m0[0;34m0[0;34m,[0;34m2[0;34m0[0;34m0
[0m
[0m[0;34m1[0;34m1[0;34m1
[0m[0;34m1[0;34m0[0;34m1
[0m[0;34m1[0;34m0[0;34m1
[0m[0;34m1[0;34m0[0;34m1
[0m[0;34m1[0;34m0[0;34m1
[0m[0;34m1[0;34m0[0;34m1
[0m[0;34m1[0;34m0[0;34m1
[0m[0;34m1[0;34m0[0;34m1
[0m[0;34m1[0;34m0[0;34m1
[0m[0;34m1[0;34m0[0;34m1
[0m[0;34m1[0;34m0[0;34m1
[0m[0;34m1[0;34mS[0;34m1
[0m[0;34m1[0;34m1[0;34m1
[0m[0;34m2[0;34m0[0;34m0
[0m[0;34m2[0;34m0[0;34m0
[0m[0;34m2[0;34m0[0;34m0
[0m[0;34m2[0;34m0
[0m[0;34m2[0;34m0
[0m[0;34m2[0;34m0
[0m[0;34m1[0;34m1[0;34m1
[0m[0;34m1[0;34m0[0;34m1
[0m[0;34m1[0;34m0[0;34m1
[0m[0;34m1[0;34m0[0;34m1
[0m[0;34m1[0;34m0[0;34m1
[0m[0;34m1[0;34m0[0;34m1
[0m[0;34m1[0;34m0[0;34m1
[0m[0;34m1[0;34m0[0;34m1
[0m[0;34m1[0;34m0[0;34m1
[0m[0;34m1[0;34m0[0;34m1
[0m[0;34m1[0;34m0[0;34m1
[0m[0;34m1[0;34mS[0;34m1
[0m[0;34m1[0;34m1[0;34m1
[0mExit code: 0
‚ö†Ô∏è No Valgrind alerts, but with leaks[0m  
==7270== Memcheck, a memory error detector
==7270== Copyright (C) 2002-2022, and GNU GPL'd, by Julian Seward et al.
==7270== Using Valgrind-3.22.0 and LibVEX; rerun with -h for copyright info
==7270== Command: ./cub3d ./maps/good/test_pos_bottom.cub
==7270== Parent PID: 7159
==7270== 
==7270== 
==7270== HEAP SUMMARY:
==7270==     in use at exit: 746 bytes in 50 blocks
==7270==   total heap usage: 141 allocs, 91 frees, 8,007 bytes allocated
==7270== 
==7270== LEAK SUMMARY:
==7270==    definitely lost: 467 bytes in 10 blocks
==7270==    indirectly lost: 279 bytes in 40 blocks
==7270==      possibly lost: 0 bytes in 0 blocks
==7270==    still reachable: 0 bytes in 0 blocks
==7270==         suppressed: 0 bytes in 0 blocks
==7270== Rerun with --leak-check=full to see details of leaked memory
==7270== 
==7270== For lists of detected and suppressed errors, rerun with: -s
==7270== ERROR SUMMARY: 0 errors from 0 contexts (suppressed: 0 from 0)
Running valgrind on ./maps/good/test_pos_left.cub...

[0;32m[Debug info]üõ†Ô∏è  Map info üîç
[0m[0;32m[Debug info] - Map width:[0m21
[0;32m[Debug info] - Map height:[0m3
[0;32m[Debug info]üõ†Ô∏è  Starting player position info üîç
[0m[0;32m[Debug info] - Player X:[0m1
[0;32m[Debug info] - Player Y:[0m1
[0;32m[Debug info] - Player Direction:[0mW
[0;32m[Debug info]üõ†Ô∏è  Colors info c:  üîç
[0m[0;32m[Debug info]üõ†Ô∏è  Colors info f:  üîç
[0m[0;32m[Debug info]üõ†Ô∏è  Textures info:  üîç
[0m[0;32m[Debug info] Texture north:[0mtextures/test/north.xpm
[0;32m[Debug info] Texture south:[0mtextures/test/south.xpm
[0;32m[Debug info] Texture west:[0mtextures/test/west.xpm
[0;32m[Debug info] Texture east:[0mtextures/test/east.xpm
[0;34mN[0;34mO[0;34m [0;34mt[0;34me[0;34mx[0;34mt[0;34mu[0;34mr[0;34me[0;34ms[0;34m/[0;34mt[0;34me[0;34ms[0;34mt[0;34m/[0;34mn[0;34mo[0;34mr[0;34mt[0;34mh[0;34m.[0;34mx[0;34mp[0;34mm
[0m[0;34mS[0;34mO[0;34m [0;34mt[0;34me[0;34mx[0;34mt[0;34mu[0;34mr[0;34me[0;34ms[0;34m/[0;34mt[0;34me[0;34ms[0;34mt[0;34m/[0;34ms[0;34mo[0;34mu[0;34mt[0;34mh[0;34m.[0;34mx[0;34mp[0;34mm
[0m[0;34mW[0;34mE[0;34m [0;34mt[0;34me[0;34mx[0;34mt[0;34mu[0;34mr[0;34me[0;34ms[0;34m/[0;34mt[0;34me[0;34ms[0;34mt[0;34m/[0;34mw[0;34me[0;34ms[0;34mt[0;34m.[0;34mx[0;34mp[0;34mm
[0m[0;34mE[0;34mA[0;34m [0;34mt[0;34me[0;34mx[0;34mt[0;34mu[0;34mr[0;34me[0;34ms[0;34m/[0;34mt[0;34me[0;34ms[0;34mt[0;34m/[0;34me[0;34ma[0;34ms[0;34mt[0;34m.[0;34mx[0;34mp[0;34mm
[0m
[0m[0;34mF[0;34m [0;34m2[0;34m0[0;34m,[0;34m2[0;34m0[0;34m,[0;34m2[0;34m0
[0m[0;34mC[0;34m [0;34m2[0;34m0[0;34m0[0;34m,[0;34m2[0;34m0[0;34m0[0;34m,[0;34m2[0;34m0[0;34m0
[0m
[0m[0;34m1[0;34m1[0;34m1[0;34m1[0;34m1[0;34m1[0;34m1[0;34m1[0;34m1[0;34m1[0;34m1[0;34m1[0;34m1[0;34m1[0;34m1[0;34m1[0;34m1[0;34m1[0;34m1[0;34m1[0;34m1
[0m[0;34m1[0;34mW[0;34m0[0;34m0[0;34m0[0;34m0[0;34m0[0;34m0[0;34m0[0;34m0[0;34m0[0;34m0[0;34m0[0;34m0[0;34m0[0;34m0[0;34m0[0;34m0[0;34m0[0;34m0[0;34m1
[0m[0;34m1[0;34m1[0;34m1[0;34m1[0;34m1[0;34m1[0;34m1[0;34m1[0;34m1[0;34m1[0;34m1[0;34m1[0;34m1[0;34m1[0;34m1[0;34m1[0;34m1[0;34m1[0;34m1[0;34m1[0;34m1
[0m[0;34m2[0;34m0[0;34m0
[0m[0;34m2[0;34m0[0;34m0
[0m[0;34m2[0;34m0[0;34m0
[0m[0;34m2[0;34m0
[0m[0;34m2[0;34m0
[0m[0;34m2[0;34m0
[0m[0;34m1[0;34m1[0;34m1[0;34m1[0;34m1[0;34m1[0;34m1[0;34m1[0;34m1[0;34m1[0;34m1[0;34m1[0;34m1[0;34m1[0;34m1[0;34m1[0;34m1[0;34m1[0;34m1[0;34m1[0;34m1
[0m[0;34m1[0;34mW[0;34m0[0;34m0[0;34m0[0;34m0[0;34m0[0;34m0[0;34m0[0;34m0[0;34m0[0;34m0[0;34m0[0;34m0[0;34m0[0;34m0[0;34m0[0;34m0[0;34m0[0;34m0[0;34m1
[0m[0;34m1[0;34m1[0;34m1[0;34m1[0;34m1[0;34m1[0;34m1[0;34m1[0;34m1[0;34m1[0;34m1[0;34m1[0;34m1[0;34m1[0;34m1[0;34m1[0;34m1[0;34m1[0;34m1[0;34m1[0;34m1
[0mExit code: 0
‚ö†Ô∏è No Valgrind alerts, but with leaks[0m  
==7273== Memcheck, a memory error detector
==7273== Copyright (C) 2002-2022, and GNU GPL'd, by Julian Seward et al.
==7273== Using Valgrind-3.22.0 and LibVEX; rerun with -h for copyright info
==7273== Command: ./cub3d ./maps/good/test_pos_left.cub
==7273== Parent PID: 7159
==7273== 
==7273== 
==7273== HEAP SUMMARY:
==7273==     in use at exit: 604 bytes in 30 blocks
==7273==   total heap usage: 82 allocs, 52 frees, 6,237 bytes allocated
==7273== 
==7273== LEAK SUMMARY:
==7273==    definitely lost: 307 bytes in 10 blocks
==7273==    indirectly lost: 297 bytes in 20 blocks
==7273==      possibly lost: 0 bytes in 0 blocks
==7273==    still reachable: 0 bytes in 0 blocks
==7273==         suppressed: 0 bytes in 0 blocks
==7273== Rerun with --leak-check=full to see details of leaked memory
==7273== 
==7273== For lists of detected and suppressed errors, rerun with: -s
==7273== ERROR SUMMARY: 0 errors from 0 contexts (suppressed: 0 from 0)
Running valgrind on ./maps/good/test_pos_right.cub...

[0;32m[Debug info]üõ†Ô∏è  Map info üîç
[0m[0;32m[Debug info] - Map width:[0m21
[0;32m[Debug info] - Map height:[0m3
[0;32m[Debug info]üõ†Ô∏è  Starting player position info üîç
[0m[0;32m[Debug info] - Player X:[0m19
[0;32m[Debug info] - Player Y:[0m1
[0;32m[Debug info] - Player Direction:[0mE
[0;32m[Debug info]üõ†Ô∏è  Colors info c:  üîç
[0m[0;32m[Debug info]üõ†Ô∏è  Colors info f:  üîç
[0m[0;32m[Debug info]üõ†Ô∏è  Textures info:  üîç
[0m[0;32m[Debug info] Texture north:[0mtextures/test/north.xpm
[0;32m[Debug info] Texture south:[0mtextures/test/south.xpm
[0;32m[Debug info] Texture west:[0mtextures/test/west.xpm
[0;32m[Debug info] Texture east:[0mtextures/test/east.xpm
[0;34mN[0;34mO[0;34m [0;34mt[0;34me[0;34mx[0;34mt[0;34mu[0;34mr[0;34me[0;34ms[0;34m/[0;34mt[0;34me[0;34ms[0;34mt[0;34m/[0;34mn[0;34mo[0;34mr[0;34mt[0;34mh[0;34m.[0;34mx[0;34mp[0;34mm
[0m[0;34mS[0;34mO[0;34m [0;34mt[0;34me[0;34mx[0;34mt[0;34mu[0;34mr[0;34me[0;34ms[0;34m/[0;34mt[0;34me[0;34ms[0;34mt[0;34m/[0;34ms[0;34mo[0;34mu[0;34mt[0;34mh[0;34m.[0;34mx[0;34mp[0;34mm
[0m[0;34mW[0;34mE[0;34m [0;34mt[0;34me[0;34mx[0;34mt[0;34mu[0;34mr[0;34me[0;34ms[0;34m/[0;34mt[0;34me[0;34ms[0;34mt[0;34m/[0;34mw[0;34me[0;34ms[0;34mt[0;34m.[0;34mx[0;34mp[0;34mm
[0m[0;34mE[0;34mA[0;34m [0;34mt[0;34me[0;34mx[0;34mt[0;34mu[0;34mr[0;34me[0;34ms[0;34m/[0;34mt[0;34me[0;34ms[0;34mt[0;34m/[0;34me[0;34ma[0;34ms[0;34mt[0;34m.[0;34mx[0;34mp[0;34mm
[0m
[0m[0;34mF[0;34m [0;34m2[0;34m0[0;34m,[0;34m2[0;34m0[0;34m,[0;34m2[0;34m0
[0m[0;34mC[0;34m [0;34m2[0;34m0[0;34m0[0;34m,[0;34m2[0;34m0[0;34m0[0;34m,[0;34m2[0;34m0[0;34m0
[0m
[0m[0;34m1[0;34m1[0;34m1[0;34m1[0;34m1[0;34m1[0;34m1[0;34m1[0;34m1[0;34m1[0;34m1[0;34m1[0;34m1[0;34m1[0;34m1[0;34m1[0;34m1[0;34m1[0;34m1[0;34m1[0;34m1
[0m[0;34m1[0;34m0[0;34m0[0;34m0[0;34m0[0;34m0[0;34m0[0;34m0[0;34m0[0;34m0[0;34m0[0;34m0[0;34m0[0;34m0[0;34m0[0;34m0[0;34m0[0;34m0[0;34m0[0;34mE[0;34m1
[0m[0;34m1[0;34m1[0;34m1[0;34m1[0;34m1[0;34m1[0;34m1[0;34m1[0;34m1[0;34m1[0;34m1[0;34m1[0;34m1[0;34m1[0;34m1[0;34m1[0;34m1[0;34m1[0;34m1[0;34m1[0;34m1
[0m[0;34m2[0;34m0[0;34m0
[0m[0;34m2[0;34m0[0;34m0
[0m[0;34m2[0;34m0[0;34m0
[0m[0;34m2[0;34m0
[0m[0;34m2[0;34m0
[0m[0;34m2[0;34m0
[0m[0;34m1[0;34m1[0;34m1[0;34m1[0;34m1[0;34m1[0;34m1[0;34m1[0;34m1[0;34m1[0;34m1[0;34m1[0;34m1[0;34m1[0;34m1[0;34m1[0;34m1[0;34m1[0;34m1[0;34m1[0;34m1
[0m[0;34m1[0;34m0[0;34m0[0;34m0[0;34m0[0;34m0[0;34m0[0;34m0[0;34m0[0;34m0[0;34m0[0;34m0[0;34m0[0;34m0[0;34m0[0;34m0[0;34m0[0;34m0[0;34m0[0;34mE[0;34m1
[0m[0;34m1[0;34m1[0;34m1[0;34m1[0;34m1[0;34m1[0;34m1[0;34m1[0;34m1[0;34m1[0;34m1[0;34m1[0;34m1[0;34m1[0;34m1[0;34m1[0;34m1[0;34m1[0;34m1[0;34m1[0;34m1
[0mExit code: 0
‚ö†Ô∏è No Valgrind alerts, but with leaks[0m  
==7276== Memcheck, a memory error detector
==7276== Copyright (C) 2002-2022, and GNU GPL'd, by Julian Seward et al.
==7276== Using Valgrind-3.22.0 and LibVEX; rerun with -h for copyright info
==7276== Command: ./cub3d ./maps/good/test_pos_right.cub
==7276== Parent PID: 7159
==7276== 
==7276== 
==7276== HEAP SUMMARY:
==7276==     in use at exit: 604 bytes in 30 blocks
==7276==   total heap usage: 82 allocs, 52 frees, 6,237 bytes allocated
==7276== 
==7276== LEAK SUMMARY:
==7276==    definitely lost: 307 bytes in 10 blocks
==7276==    indirectly lost: 297 bytes in 20 blocks
==7276==      possibly lost: 0 bytes in 0 blocks
==7276==    still reachable: 0 bytes in 0 blocks
==7276==         suppressed: 0 bytes in 0 blocks
==7276== Rerun with --leak-check=full to see details of leaked memory
==7276== 
==7276== For lists of detected and suppressed errors, rerun with: -s
==7276== ERROR SUMMARY: 0 errors from 0 contexts (suppressed: 0 from 0)
Running valgrind on ./maps/good/test_pos_top.cub...

[0;32m[Debug info]üõ†Ô∏è  Map info üîç
[0m[0;32m[Debug info] - Map width:[0m3
[0;32m[Debug info] - Map height:[0m13
[0;32m[Debug info]üõ†Ô∏è  Starting player position info üîç
[0m[0;32m[Debug info] - Player X:[0m1
[0;32m[Debug info] - Player Y:[0m1
[0;32m[Debug info] - Player Direction:[0mN
[0;32m[Debug info]üõ†Ô∏è  Colors info c:  üîç
[0m[0;32m[Debug info]üõ†Ô∏è  Colors info f:  üîç
[0m[0;32m[Debug info]üõ†Ô∏è  Textures info:  üîç
[0m[0;32m[Debug info] Texture north:[0mtextures/test/north.xpm
[0;32m[Debug info] Texture south:[0mtextures/test/south.xpm
[0;32m[Debug info] Texture west:[0mtextures/test/west.xpm
[0;32m[Debug info] Texture east:[0mtextures/test/east.xpm
[0;34mN[0;34mO[0;34m [0;34mt[0;34me[0;34mx[0;34mt[0;34mu[0;34mr[0;34me[0;34ms[0;34m/[0;34mt[0;34me[0;34ms[0;34mt[0;34m/[0;34mn[0;34mo[0;34mr[0;34mt[0;34mh[0;34m.[0;34mx[0;34mp[0;34mm
[0m[0;34mS[0;34mO[0;34m [0;34mt[0;34me[0;34mx[0;34mt[0;34mu[0;34mr[0;34me[0;34ms[0;34m/[0;34mt[0;34me[0;34ms[0;34mt[0;34m/[0;34ms[0;34mo[0;34mu[0;34mt[0;34mh[0;34m.[0;34mx[0;34mp[0;34mm
[0m[0;34mW[0;34mE[0;34m [0;34mt[0;34me[0;34mx[0;34mt[0;34mu[0;34mr[0;34me[0;34ms[0;34m/[0;34mt[0;34me[0;34ms[0;34mt[0;34m/[0;34mw[0;34me[0;34ms[0;34mt[0;34m.[0;34mx[0;34mp[0;34mm
[0m[0;34mE[0;34mA[0;34m [0;34mt[0;34me[0;34mx[0;34mt[0;34mu[0;34mr[0;34me[0;34ms[0;34m/[0;34mt[0;34me[0;34ms[0;34mt[0;34m/[0;34me[0;34ma[0;34ms[0;34mt[0;34m.[0;34mx[0;34mp[0;34mm
[0m
[0m[0;34mF[0;34m [0;34m2[0;34m0[0;34m,[0;34m2[0;34m0[0;34m,[0;34m2[0;34m0
[0m[0;34mC[0;34m [0;34m2[0;34m0[0;34m0[0;34m,[0;34m2[0;34m0[0;34m0[0;34m,[0;34m2[0;34m0[0;34m0
[0m
[0m[0;34m1[0;34m1[0;34m1
[0m[0;34m1[0;34mN[0;34m1
[0m[0;34m1[0;34m0[0;34m1
[0m[0;34m1[0;34m0[0;34m1
[0m[0;34m1[0;34m0[0;34m1
[0m[0;34m1[0;34m0[0;34m1
[0m[0;34m1[0;34m0[0;34m1
[0m[0;34m1[0;34m0[0;34m1
[0m[0;34m1[0;34m0[0;34m1
[0m[0;34m1[0;34m0[0;34m1
[0m[0;34m1[0;34m0[0;34m1
[0m[0;34m1[0;34m0[0;34m1
[0m[0;34m1[0;34m1[0;34m1
[0m[0;34m2[0;34m0[0;34m0
[0m[0;34m2[0;34m0[0;34m0
[0m[0;34m2[0;34m0[0;34m0
[0m[0;34m2[0;34m0
[0m[0;34m2[0;34m0
[0m[0;34m2[0;34m0
[0m[0;34m1[0;34m1[0;34m1
[0m[0;34m1[0;34mN[0;34m1
[0m[0;34m1[0;34m0[0;34m1
[0m[0;34m1[0;34m0[0;34m1
[0m[0;34m1[0;34m0[0;34m1
[0m[0;34m1[0;34m0[0;34m1
[0m[0;34m1[0;34m0[0;34m1
[0m[0;34m1[0;34m0[0;34m1
[0m[0;34m1[0;34m0[0;34m1
[0m[0;34m1[0;34m0[0;34m1
[0m[0;34m1[0;34m0[0;34m1
[0m[0;34m1[0;34m0[0;34m1
[0m[0;34m1[0;34m1[0;34m1
[0mExit code: 0
‚ö†Ô∏è No Valgrind alerts, but with leaks[0m  
==7279== Memcheck, a memory error detector
==7279== Copyright (C) 2002-2022, and GNU GPL'd, by Julian Seward et al.
==7279== Using Valgrind-3.22.0 and LibVEX; rerun with -h for copyright info
==7279== Command: ./cub3d ./maps/good/test_pos_top.cub
==7279== Parent PID: 7159
==7279== 
==7279== 
==7279== HEAP SUMMARY:
==7279==     in use at exit: 746 bytes in 50 blocks
==7279==   total heap usage: 141 allocs, 91 frees, 8,007 bytes allocated
==7279== 
==7279== LEAK SUMMARY:
==7279==    definitely lost: 467 bytes in 10 blocks
==7279==    indirectly lost: 279 bytes in 40 blocks
==7279==      possibly lost: 0 bytes in 0 blocks
==7279==    still reachable: 0 bytes in 0 blocks
==7279==         suppressed: 0 bytes in 0 blocks
==7279== Rerun with --leak-check=full to see details of leaked memory
==7279== 
==7279== For lists of detected and suppressed errors, rerun with: -s
==7279== ERROR SUMMARY: 0 errors from 0 contexts (suppressed: 0 from 0)
Running valgrind on ./maps/good/test_textures.cub...

[0;32m[Debug info]üõ†Ô∏è  Map info üîç
[0m[0;32m[Debug info] - Map width:[0m5
[0;32m[Debug info] - Map height:[0m13
[0;32m[Debug info]üõ†Ô∏è  Starting player position info üîç
[0m[0;32m[Debug info] - Player X:[0m2
[0;32m[Debug info] - Player Y:[0m2
[0;32m[Debug info] - Player Direction:[0mS
[0;32m[Debug info]üõ†Ô∏è  Colors info c:  üîç
[0m[0;32m[Debug info]üõ†Ô∏è  Colors info f:  üîç
[0m[0;32m[Debug info]üõ†Ô∏è  Textures info:  üîç
[0m[0;32m[Debug info] Texture north:[0mtextures/test/north.xpm
[0;32m[Debug info] Texture south:[0mtextures/test/south.xpm
[0;32m[Debug info] Texture west:[0mtextures/test/west.xpm
[0;32m[Debug info] Texture east:[0mtextures/test/east.xpm
[0;34mN[0;34mO[0;34m [0;34mt[0;34me[0;34mx[0;34mt[0;34mu[0;34mr[0;34me[0;34ms[0;34m/[0;34mt[0;34me[0;34ms[0;34mt[0;34m/[0;34mn[0;34mo[0;34mr[0;34mt[0;34mh[0;34m.[0;34mx[0;34mp[0;34mm
[0m[0;34mS[0;34mO[0;34m [0;34mt[0;34me[0;34mx[0;34mt[0;34mu[0;34mr[0;34me[0;34ms[0;34m/[0;34mt[0;34me[0;34ms[0;34mt[0;34m/[0;34ms[0;34mo[0;34mu[0;34mt[0;34mh[0;34m.[0;34mx[0;34mp[0;34mm
[0m[0;34mW[0;34mE[0;34m [0;34mt[0;34me[0;34mx[0;34mt[0;34mu[0;34mr[0;34me[0;34ms[0;34m/[0;34mt[0;34me[0;34ms[0;34mt[0;34m/[0;34mw[0;34me[0;34ms[0;34mt[0;34m.[0;34mx[0;34mp[0;34mm
[0m[0;34mE[0;34mA[0;34m [0;34mt[0;34me[0;34mx[0;34mt[0;34mu[0;34mr[0;34me[0;34ms[0;34m/[0;34mt[0;34me[0;34ms[0;34mt[0;34m/[0;34me[0;34ma[0;34ms[0;34mt[0;34m.[0;34mx[0;34mp[0;34mm
[0m
[0m[0;34mF[0;34m [0;34m2[0;34m0[0;34m,[0;34m2[0;34m0[0;34m,[0;34m2[0;34m0
[0m[0;34mC[0;34m [0;34m2[0;34m0[0;34m0[0;34m,[0;34m2[0;34m0[0;34m0[0;34m,[0;34m2[0;34m0[0;34m0
[0m
[0m[0;34m1[0;34m1[0;34m1[0;34m1[0;34m1
[0m[0;34m1[0;34m0[0;34m0[0;34m0[0;34m1
[0m[0;34m1[0;34m0[0;34mS[0;34m0[0;34m1
[0m[0;34m1[0;34m0[0;34m0[0;34m0[0;34m1
[0m[0;34m1[0;34m0[0;34m0[0;34m0[0;34m1
[0m[0;34m1[0;34m0[0;34m0[0;34m0[0;34m1
[0m[0;34m1[0;34m1[0;34m0[0;34m0[0;34m1
[0m[0;34m1[0;34m0[0;34m0[0;34m0[0;34m1
[0m[0;34m1[0;34m0[0;34m0[0;34m0[0;34m1
[0m[0;34m1[0;34m0[0;34m0[0;34m0[0;34m1
[0m[0;34m1[0;34m0[0;34m0[0;34m0[0;34m1
[0m[0;34m1[0;34m0[0;34m0[0;34m0[0;34m1
[0m[0;34m1[0;34m1[0;34m1[0;34m1[0;34m1
[0m[0;34m2[0;34m0[0;34m0
[0m[0;34m2[0;34m0[0;34m0
[0m[0;34m2[0;34m0[0;34m0
[0m[0;34m2[0;34m0
[0m[0;34m2[0;34m0
[0m[0;34m2[0;34m0
[0m[0;34m1[0;34m1[0;34m1[0;34m1[0;34m1
[0m[0;34m1[0;34m0[0;34m0[0;34m0[0;34m1
[0m[0;34m1[0;34m0[0;34mS[0;34m0[0;34m1
[0m[0;34m1[0;34m0[0;34m0[0;34m0[0;34m1
[0m[0;34m1[0;34m0[0;34m0[0;34m0[0;34m1
[0m[0;34m1[0;34m0[0;34m0[0;34m0[0;34m1
[0m[0;34m1[0;34m1[0;34m0[0;34m0[0;34m1
[0m[0;34m1[0;34m0[0;34m0[0;34m0[0;34m1
[0m[0;34m1[0;34m0[0;34m0[0;34m0[0;34m1
[0m[0;34m1[0;34m0[0;34m0[0;34m0[0;34m1
[0m[0;34m1[0;34m0[0;34m0[0;34m0[0;34m1
[0m[0;34m1[0;34m0[0;34m0[0;34m0[0;34m1
[0m[0;34m1[0;34m1[0;34m1[0;34m1[0;34m1
[0mExit code: 0
‚ö†Ô∏è No Valgrind alerts, but with leaks[0m  
==7282== Memcheck, a memory error detector
==7282== Copyright (C) 2002-2022, and GNU GPL'd, by Julian Seward et al.
==7282== Using Valgrind-3.22.0 and LibVEX; rerun with -h for copyright info
==7282== Command: ./cub3d ./maps/good/test_textures.cub
==7282== Parent PID: 7159
==7282== 
==7282== 
==7282== HEAP SUMMARY:
==7282==     in use at exit: 798 bytes in 50 blocks
==7282==   total heap usage: 142 allocs, 92 frees, 8,146 bytes allocated
==7282== 
==7282== LEAK SUMMARY:
==7282==    definitely lost: 467 bytes in 10 blocks
==7282==    indirectly lost: 331 bytes in 40 blocks
==7282==      possibly lost: 0 bytes in 0 blocks
==7282==    still reachable: 0 bytes in 0 blocks
==7282==         suppressed: 0 bytes in 0 blocks
==7282== Rerun with --leak-check=full to see details of leaked memory
==7282== 
==7282== For lists of detected and suppressed errors, rerun with: -s
==7282== ERROR SUMMARY: 0 errors from 0 contexts (suppressed: 0 from 0)
Running valgrind on ./maps/good/test_whitespace.cub...

[0;31m Error:[Map check in file] Empty line found
[0m 
[0m
[0m
[0m
[0m
[0m
[0m
[0m
[0m[0;34mN[0;34mO[0;34m [0;34mt[0;34me[0;34mx[0;34mt[0;34mu[0;34mr[0;34me[0;34ms[0;34m/[0;34mt[0;34me[0;34ms[0;34mt[0;34m/[0;34mn[0;34mo[0;34mr[0;34mt[0;34mh[0;34m.[0;34mx[0;34mp[0;34mm
[0m
[0m
[0m
[0m
[0m
[0m
[0m
[0m
[0m[0;34mS[0;34mO[0;34m [0;34mt[0;34me[0;34mx[0;34mt[0;34mu[0;34mr[0;34me[0;34ms[0;34m/[0;34mt[0;34me[0;34ms[0;34mt[0;34m/[0;34ms[0;34mo[0;34mu[0;34mt[0;34mh[0;34m.[0;34mx[0;34mp[0;34mm
[0m[0;34m [0;34m [0;34m [0;34m [0;34m [0;34m [0;34m [0;34m [0;34m [0;34m [0;34m [0;34m [0;34m [0;34m [0;34m [0;34m [0;34m [0;34m [0;34m [0;34m [0;34m [0;34m [0;34m [0;34m [0;34mW[0;34mE[0;34m [0;34mt[0;34me[0;34mx[0;34mt[0;34mu[0;34mr[0;34me[0;34ms[0;34m/[0;34mt[0;34me[0;34ms[0;34mt[0;34m/[0;34mw[0;34me[0;34ms[0;34mt[0;34m.[0;34mx[0;34mp[0;34mm
[0m[0;34m [0;34m [0;34m [0;34m [0;34m [0;34m [0;34m [0;34m [0;34mE[0;34mA[0;34m [0;34mt[0;34me[0;34mx[0;34mt[0;34mu[0;34mr[0;34me[0;34ms[0;34m/[0;34mt[0;34me[0;34ms[0;34mt[0;34m/[0;34me[0;34ma[0;34ms[0;34mt[0;34m.[0;34mx[0;34mp[0;34mm[0;34m [0;34m [0;34m [0;34m [0;34m [0;34m [0;34m [0;34m [0;34m [0;34m [0;34m [0;34m 
[0m
[0m[0;34m [0;34m [0;34m [0;34m [0;34m [0;34m [0;34m [0;34m [0;34mF[0;34m [0;34m2[0;34m0[0;34m,[0;34m [0;34m [0;34m [0;34m [0;34m [0;34m [0;34m [0;34m [0;34m [0;34m [0;34m [0;34m2[0;34m0[0;34m,[0;34m [0;34m [0;34m [0;34m [0;34m [0;34m [0;34m [0;34m [0;34m [0;34m [0;34m [0;34m [0;34m [0;34m2[0;34m0
[0m[0;34mC[0;34m [0;34m2[0;34m0[0;34m0[0;34m,[0;34m [0;34m [0;34m [0;34m [0;34m [0;34m [0;34m [0;34m [0;34m [0;34m [0;34m2[0;34m0[0;34m0[0;34m,[0;34m2[0;34m0[0;34m0
[0m
[0m[0;34m1[0;34m1[0;34m1[0;34m1[0;34m1
[0m[0;34m1[0;34m0[0;34m0[0;34m0[0;34m1
[0m[0;34m1[0;34m0[0;34mS[0;34m0[0;34m1[0;34m [0;34m [0;34m [0;34m [0;34m [0;34m [0;34m [0;34m [0;34m [0;34m [0;34m [0;34m [0;34m [0;34m [0;34m [0;34m 
[0m[0;34m1[0;34m0[0;34m0[0;34m0[0;34m1
[0m[0;34m1[0;34m0[0;34m0[0;34m0[0;34m1
[0m[0;34m1[0;34m0[0;34m0[0;34m0[0;34m1
[0m[0;34m1[0;34m1[0;34m0[0;34m0[0;34m1[0;34m [0;34m [0;34m [0;34m [0;34m [0;34m [0;34m [0;34m [0;34m [0;34m [0;34m [0;34m [0;34m [0;34m [0;34m 
[0m[0;34m1[0;34m0[0;34m0[0;34m0[0;34m1
[0m[0;34m1[0;34m0[0;34m0[0;34m0[0;34m1
[0m[0;34m1[0;34m0[0;34m0[0;34m0[0;34m1
[0m[0;34m1[0;34m0[0;34m0[0;34m0[0;34m1
[0m[0;34m1[0;34m0[0;34m0[0;34m0[0;34m1
[0m[0;34m1[0;34m1[0;34m1[0;34m1[0;34m1[0;34m [0;34m [0;34m [0;34m [0;34m [0;34m [0;34m [0;34m [0;34m [0;34m [0;34m 
[0m
[0m[0;34m [0;34m [0;34m [0;34m [0;34m [0;34m [0;34m [0;34m 
[0m
[0m
[0m
[0m
[0m
[0m
[0m
[0m
[0m
[0m
[0m
[0m
[0m
[0m
[0m
[0m
[0m
[0m
[0m
[0m
[0m
[0mExit code: 1
‚ö†Ô∏è No Valgrind alerts, but with leaks[0m  
==7285== Memcheck, a memory error detector
==7285== Copyright (C) 2002-2022, and GNU GPL'd, by Julian Seward et al.
==7285== Using Valgrind-3.22.0 and LibVEX; rerun with -h for copyright info
==7285== Command: ./cub3d ./maps/good/test_whitespace.cub
==7285== Parent PID: 7159
==7285== 
==7285== 
==7285== HEAP SUMMARY:
==7285==     in use at exit: 934 bytes in 61 blocks
==7285==   total heap usage: 263 allocs, 202 frees, 22,612 bytes allocated
==7285== 
==7285== LEAK SUMMARY:
==7285==    definitely lost: 488 bytes in 1 blocks
==7285==    indirectly lost: 446 bytes in 60 blocks
==7285==      possibly lost: 0 bytes in 0 blocks
==7285==    still reachable: 0 bytes in 0 blocks
==7285==         suppressed: 0 bytes in 0 blocks
==7285== Rerun with --leak-check=full to see details of leaked memory
==7285== 
==7285== For lists of detected and suppressed errors, rerun with: -s
==7285== ERROR SUMMARY: 0 errors from 0 contexts (suppressed: 0 from 0)
Running valgrind on ./maps/good/works.cub...

[0;31m Error:[Texture verification] file is not found
[0m [0;34m [0;34m [0;34m [0;34mW[0;34mE[0;34m [0;34m [0;34m [0;34m [0;34m [0;34m [0;34m [0;34m [0;34m [0;34m [0;34m [0;34m [0;34m [0;34m [0;34m [0;34m [0;34m [0;34m [0;34m [0;34m [0;34m [0;34m [0;34m [0;34m [0;34m [0;34m [0;34m [0;34m [0;34mt[0;34me[0;34mx[0;34mt[0;34mu[0;34mr[0;34me[0;34ms[0;34m/[0;34mw[0;34mo[0;34ml[0;34mf[0;34me[0;34mn[0;34ms[0;34mt[0;34me[0;34mi[0;34mn[0;34m/[0;34mg[0;34mr[0;34me[0;34my[0;34m_[0;34ms[0;34mt[0;34mo[0;34mn[0;34me[0;34m.[0;34mx[0;34mp[0;34mm
[0m[0;34mN[0;34mO[0;34m [0;34m [0;34m [0;34m [0;34m [0;34m [0;34mt[0;34me[0;34mx[0;34mt[0;34mu[0;34mr[0;34me[0;34ms[0;34m/[0;34mw[0;34mo[0;34ml[0;34mf[0;34me[0;34mn[0;34ms[0;34mt[0;34me[0;34mi[0;34mn[0;34m/[0;34mp[0;34mu[0;34mr[0;34mp[0;34ml[0;34me[0;34m_[0;34ms[0;34mt[0;34mo[0;34mn[0;34me[0;34m.[0;34mx[0;34mp[0;34mm
[0m
[0m
[0m
[0m[0;34mS[0;34mO[0;34m [0;34mt[0;34me[0;34mx[0;34mt[0;34mu[0;34mr[0;34me[0;34ms[0;34m/[0;34mw[0;34mo[0;34ml[0;34mf[0;34me[0;34mn[0;34ms[0;34mt[0;34me[0;34mi[0;34mn[0;34m/[0;34mr[0;34me[0;34md[0;34m_[0;34mb[0;34mr[0;34mi[0;34mc[0;34mk[0;34m.[0;34mx[0;34mp[0;34mm
[0m
[0m[0;34mF[0;34m [0;34m [0;34m [0;34m [0;34m [0;34m [0;34m1[0;34m7[0;34m,[0;34m [0;34m [0;34m [0;34m [0;34m3[0;34m8[0;34m,[0;34m [0;34m [0;34m [0;34m [0;34m [0;34m6[0;34m4
[0m
[0m[0;34mE[0;34mA[0;34m [0;34mt[0;34me[0;34mx[0;34mt[0;34mu[0;34mr[0;34me[0;34ms[0;34m/[0;34mw[0;34mo[0;34ml[0;34mf[0;34me[0;34mn[0;34ms[0;34mt[0;34me[0;34mi[0;34mn[0;34m/[0;34mw[0;34mo[0;34mo[0;34md[0;34m.[0;34mx[0;34mp[0;34mm
[0m
[0m
[0m
[0m[0;34mC[0;34m [0;34m2[0;34m1[0;34m8[0;34m,[0;34m [0;34m2[0;34m3[0;34m4[0;34m,[0;34m [0;34m2[0;34m3[0;34m5
[0m
[0m[0;34m1[0;34m1[0;34m1[0;34m1[0;34m1[0;34m1[0;34m1[0;34m1[0;34m1[0;34m1[0;34m1[0;34m1[0;34m1[0;34m1[0;34m1[0;34m1[0;34m1[0;34m1[0;34m1[0;34m1[0;34m1[0;34m1[0;34m1[0;34m1[0;34m1
[0m[0;34m1[0;34m0[0;34mS[0;34m0[0;34m1[0;34m1[0;34m0[0;34m0[0;34m0[0;34m0[0;34m1[0;34m0[0;34m0[0;34m0[0;34m0[0;34m0[0;34m0[0;34m0[0;34m0[0;34m0[0;34m0[0;34m0[0;34m0[0;34m0[0;34m1
[0m[0;34m1[0;34m0[0;34m0[0;34m0[0;34m1[0;34m1[0;34m0[0;34m0[0;34m0[0;34m0[0;34m0[0;34m0[0;34m0[0;34m0[0;34m0[0;34m0[0;34m1[0;34m1[0;34m1[0;34m1[0;34m1[0;34m1[0;34m0[0;34m0[0;34m1
[0m[0;34m1[0;34m0[0;34m0[0;34m0[0;34m1[0;34m1[0;34m0[0;34m0[0;34m0[0;34m0[0;34m0[0;34m0[0;34m0[0;34m0[0;34m0[0;34m0[0;34m1[0;34m1[0;34m0[0;34m0[0;34m0[0;34m1[0;34m0[0;34m0[0;34m1
[0m[0;34m1[0;34m0[0;34m0[0;34m0[0;34m0[0;34m0[0;34m0[0;34m0[0;34m0[0;34m0[0;34m1[0;34m0[0;34m0[0;34m0[0;34m0[0;34m0[0;34m0[0;34m0[0;34m0[0;34m0[0;34m0[0;34m1[0;34m0[0;34m0[0;34m1
[0m[0;34m1[0;34m1[0;34m1[0;34m1[0;34m1[0;34m1[0;34m1[0;34m1[0;34m1[0;34m1[0;34m1[0;34m1[0;34m1[0;34m1[0;34m1[0;34m1[0;34m1[0;34m1[0;34m1[0;34m1[0;34m1[0;34m1[0;34m1[0;34m1[0;34m1
[0mExit code: 1
‚ö†Ô∏è No Valgrind alerts, but with leaks[0m  
==7307== Memcheck, a memory error detector
==7307== Copyright (C) 2002-2022, and GNU GPL'd, by Julian Seward et al.
==7307== Using Valgrind-3.22.0 and LibVEX; rerun with -h for copyright info
==7307== Command: ./cub3d ./maps/good/works.cub
==7307== Parent PID: 7159
==7307== 
==7307== 
==7307== HEAP SUMMARY:
==7307==     in use at exit: 940 bytes in 33 blocks
==7307==   total heap usage: 124 allocs, 91 frees, 8,614 bytes allocated
==7307== 
==7307== LEAK SUMMARY:
==7307==    definitely lost: 371 bytes in 6 blocks
==7307==    indirectly lost: 569 bytes in 27 blocks
==7307==      possibly lost: 0 bytes in 0 blocks
==7307==    still reachable: 0 bytes in 0 blocks
==7307==         suppressed: 0 bytes in 0 blocks
==7307== Rerun with --leak-check=full to see details of leaked memory
==7307== 
==7307== For lists of detected and suppressed errors, rerun with: -s
==7307== ERROR SUMMARY: 0 errors from 0 contexts (suppressed: 0 from 0)
Valgrind tests completed. Results saved to test_output.txt.
Starting Valgrind tests...
Running valgrind on ./maps/good/cheese_maze.cub...

[0;34mN[0;34mO[0;34m [0;34mt[0;34me[0;34mx[0;34mt[0;34mu[0;34mr[0;34me[0;34ms[0;34m/[0;34mt[0;34me[0;34ms[0;34mt[0;34m/[0;34mn[0;34mo[0;34mr[0;34mt[0;34mh[0;34m.[0;34mx[0;34mp[0;34mm
[0m[0;34mS[0;34mO[0;34m [0;34mt[0;34me[0;34mx[0;34mt[0;34mu[0;34mr[0;34me[0;34ms[0;34m/[0;34mt[0;34me[0;34ms[0;34mt[0;34m/[0;34ms[0;34mo[0;34mu[0;34mt[0;34mh[0;34m.[0;34mx[0;34mp[0;34mm
[0m[0;34mW[0;34mE[0;34m [0;34mt[0;34me[0;34mx[0;34mt[0;34mu[0;34mr[0;34me[0;34ms[0;34m/[0;34mt[0;34me[0;34ms[0;34mt[0;34m/[0;34mw[0;34me[0;34ms[0;34mt[0;34m.[0;34mx[0;34mp[0;34mm
[0m[0;34mE[0;34mA[0;34m [0;34mt[0;34me[0;34mx[0;34mt[0;34mu[0;34mr[0;34me[0;34ms[0;34m/[0;34mt[0;34me[0;34ms[0;34mt[0;34m/[0;34me[0;34ma[0;34ms[0;34mt[0;34m.[0;34mx[0;34mp[0;34mm
[0m
[0m[0;34mF[0;34m [0;34m1[0;34m6[0;34m4[0;34m,[0;34m1[0;34m6[0;34m9[0;34m,[0;34m2[0;34m0
[0m[0;34mC[0;34m [0;34m1[0;34m5[0;34m3[0;34m,[0;34m2[0;34m0[0;34m4[0;34m,[0;34m2[0;34m5[0;34m5
[0m
[0m[0;34m1[0;34m1[0;34m1[0;34m1[0;34m1[0;34m1[0;34m1[0;34m1[0;34m1[0;34m1[0;34m1[0;34m1[0;34m1[0;34m1[0;34m1[0;34m1[0;34m1[0;34m1[0;34m1[0;34m1[0;34m1
[0m[0;34m1[0;34m0[0;34m1[0;34m0[0;34m0[0;34m0[0;34m0[0;34m0[0;34m1[0;34m0[0;34m0[0;34m0[0;34m0[0;34m0[0;34m0[0;34m0[0;34m0[0;34m0[0;34m0[0;34m0[0;34m1
[0m[0;34m1[0;34m0[0;34m1[0;34m0[0;34m1[0;34m0[0;34m1[0;34m0[0;34m1[0;34m0[0;34m1[0;34m1[0;34m1[0;34m1[0;34m1[0;34m1[0;34m1[0;34m0[0;34m0[0;34m0[0;34m1
[0m[0;34m1[0;34m0[0;34m0[0;34m0[0;34m1[0;34m0[0;34m1[0;34m0[0;34m0[0;34m0[0;34m1[0;34m0[0;34m0[0;34m0[0;34m0[0;34m0[0;34m1[0;34m0[0;34m0[0;34m0[0;34m1
[0m[0;34m1[0;34m1[0;34m1[0;34m1[0;34m1[0;34m0[0;34m1[0;34m0[0;34m1[0;34m1[0;34m1[0;34m1[0;34m1[0;34m0[0;34m1[0;34m0[0;34m1[0;34m1[0;34m1[0;34m0[0;34m1
[0m[0;34m1[0;34m0[0;34m0[0;34m0[0;34m0[0;34m0[0;34m1[0;34m0[0;34m1[0;34m0[0;34m0[0;34m0[0;34m1[0;34m0[0;34m1[0;34m0[0;34m0[0;34m0[0;34m0[0;34m0[0;34m1
[0m[0;34m1[0;34m0[0;34m1[0;34m1[0;34m1[0;34m1[0;34m1[0;34m0[0;34m1[0;34m0[0;34m1[0;34m1[0;34m1[0;34m0[0;34m1[0;34m1[0;34m1[0;34m1[0;34m1[0;34m1[0;34m1
[0m[0;34m1[0;34m0[0;34m1[0;34m0[0;34m0[0;34m0[0;34m0[0;34m0[0;34m1[0;34m0[0;34m1[0;34m0[0;34m1[0;34m0[0;34m0[0;34m0[0;34m0[0;34m0[0;34m1[0;34m0[0;34m1
[0m[0;34m1[0;34m0[0;34m1[0;34m0[0;34m1[0;34m1[0;34m1[0;34m1[0;34m1[0;34m0[0;34m1[0;34m0[0;34m1[0;34m1[0;34m1[0;34m1[0;34m1[0;34m0[0;34m1[0;34m0[0;34m1
[0m[0;34m1[0;34m0[0;34m1[0;34m0[0;34m1[0;34m0[0;34m0[0;34m0[0;34m1[0;34m0[0;34m1[0;34m0[0;34m1[0;34m0[0;34m0[0;34m0[0;34m1[0;34m0[0;34m1[0;34m0[0;34m1
[0m[0;34m1[0;34m0[0;34m1[0;34m1[0;34m1[0;34m0[0;34m1[0;34m0[0;34m1[0;34m0[0;34m1[0;34m0[0;34m1[0;34m0[0;34m1[0;34m0[0;34m1[0;34m0[0;34m1[0;34m0[0;34m1
[0m[0;34m1[0;34m0[0;34m0[0;34m0[0;34m0[0;34m0[0;34m1[0;34m0[0;34m1[0;34m0[0;34m1[0;34m0[0;34m0[0;34m0[0;34m1[0;34m0[0;34m1[0;34m0[0;34m0[0;34m0[0;34m1
[0m[0;34m1[0;34m1[0;34m1[0;34m1[0;34m1[0;34m1[0;34m1[0;34m0[0;34m1[0;34m0[0;34m1[0;34m1[0;34m1[0;34m1[0;34m1[0;34m0[0;34m1[0;34m1[0;34m1[0;34m0[0;34m1
[0m[0;34m1[0;34m0[0;34m0[0;34m0[0;34m0[0;34m0[0;34m1[0;34m0[0;34m1[0;34m0[0;34m0[0;34m0[0;34m1[0;34m0[0;34m0[0;34m0[0;34m1[0;34m0[0;34m0[0;34m0[0;34m1
[0m[0;34m1[0;34m0[0;34m1[0;34m1[0;34m1[0;34m0[0;34m1[0;34m0[0;34m1[0;34m1[0;34m1[0;34m0[0;34m1[0;34m0[0;34m1[0;34m1[0;34m1[0;34m0[0;34m1[0;34m1[0;34m1
[0m[0;34m1[0;34m0[0;34m1[0;34m0[0;34m0[0;34m0[0;34m1[0;34m0[0;34m0[0;34m0[0;34m0[0;34m0[0;34m1[0;34m0[0;34m0[0;34m0[0;34m1[0;34m0[0;34m1[0;34m0[0;34m1
[0m[0;34m1[0;34m0[0;34m1[0;34m0[0;34m1[0;34m1[0;34m1[0;34m1[0;34m1[0;34m1[0;34m1[0;34m1[0;34m1[0;34m1[0;34m1[0;34m0[0;34m1[0;34m0[0;34m1[0;34m0[0;34m1
[0m[0;34m1[0;34m0[0;34m0[0;34m0[0;34m1[0;34m0[0;34m0[0;34m0[0;34m0[0;34m0[0;34m0[0;34m0[0[0;31m Error:[Map check in file] Empty line found
[0m ;34m0[0;34m0[0;34m0[0;34m0[0;34m1[0;34m0[0;34m0[0;34m0[0;34m1
[0m[0;34m1[0;34m0[0;34m1[0;34m0[0;34m1[0;34m0[0;34m1[0;34m1[0;34m1[0;34m0[0;34m1[0;34m1[0;34m1[0;34m1[0;34m1[0;34m1[0;34m1[0;34m1[0;34m1[0;34m0[0;34m1
[0m[0;34m1[0;34mN[0;34m1[0;34m0[0;34m0[0;34m0[0;34m0[0;34m0[0;34m1[0;34m0[0;34m0[0;34m0[0;34m0[0;34m0[0;34m0[0;34m0[0;34m0[0;34m0[0;34m0[0;34m0[0;34m1
[0m[0;34m1[0;34m1[0;34m1[0;34m1[0;34m1[0;34m1[0;34m1[0;34m1[0;34m1[0;34m1[0;34m1[0;34m1[0;34m1[0;34m1[0;34m1[0;34m1[0;34m1[0;34m1[0;34m1[0;34m1[0;34m1
[0m
[0mExit code: 1
‚ö†Ô∏è No Valgrind alerts, but with leaks[0m  
==8083== Memcheck, a memory error detector
==8083== Copyright (C) 2002-2022, and GNU GPL'd, by Julian Seward et al.
==8083== Using Valgrind-3.22.0 and LibVEX; rerun with -h for copyright info
==8083== Command: ./cub3d ./maps/good/cheese_maze.cub
==8083== Parent PID: 8081
==8083== 
==8083== 
==8083== HEAP SUMMARY:
==8083==     in use at exit: 876 bytes in 31 blocks
==8083==   total heap usage: 151 allocs, 120 frees, 10,959 bytes allocated
==8083== 
==8083== LEAK SUMMARY:
==8083==    definitely lost: 248 bytes in 1 blocks
==8083==    indirectly lost: 628 bytes in 30 blocks
==8083==      possibly lost: 0 bytes in 0 blocks
==8083==    still reachable: 0 bytes in 0 blocks
==8083==         suppressed: 0 bytes in 0 blocks
==8083== Rerun with --leak-check=full to see details of leaked memory
==8083== 
==8083== For lists of detected and suppressed errors, rerun with: -s
==8083== ERROR SUMMARY: 0 errors from 0 contexts (suppressed: 0 from 0)
Running valgrind on ./maps/good/creepy.cub...

[0;31m Error:[Map check in file] Empty line found
[0m [0;34mN[0;34mO[0;34m [0;34mt[0;34me[0;34mx[0;34mt[0;34mu[0;34mr[0;34me[0;34ms[0;34m/[0;34mt[0;34me[0;34ms[0;34mt[0;34m/[0;34mn[0;34mo[0;34mr[0;34mt[0;34mh[0;34m.[0;34mx[0;34mp[0;34mm
[0m[0;34mS[0;34mO[0;34m [0;34mt[0;34me[0;34mx[0;34mt[0;34mu[0;34mr[0;34me[0;34ms[0;34m/[0;34mt[0;34me[0;34ms[0;34mt[0;34m/[0;34ms[0;34mo[0;34mu[0;34mt[0;34mh[0;34m.[0;34mx[0;34mp[0;34mm
[0m[0;34mW[0;34mE[0;34m [0;34mt[0;34me[0;34mx[0;34mt[0;34mu[0;34mr[0;34me[0;34ms[0;34m/[0;34mt[0;34me[0;34ms[0;34mt[0;34m/[0;34mw[0;34me[0;34ms[0;34mt[0;34m.[0;34mx[0;34mp[0;34mm
[0m[0;34mE[0;34mA[0;34m [0;34mt[0;34me[0;34mx[0;34mt[0;34mu[0;34mr[0;34me[0;34ms[0;34m/[0;34mt[0;34me[0;34ms[0;34mt[0;34m/[0;34me[0;34ma[0;34ms[0;34mt[0;34m.[0;34mx[0;34mp[0;34mm
[0m
[0m[0;34mC[0;34m [0;34m3[0;34m5[0;34m,[0;34m1[0;34m9[0;34m,[0;34m7[0;34m3
[0m[0;34mF[0;34m [0;34m1[0;34m5[0;34m,[0;34m6[0;34m,[0;34m4[0;34m0
[0m
[0m[0;34m1[0;34m1[0;34m1[0;34m1[0;34m1[0;34m1[0;34m1[0;34m1[0;34m1[0;34m1[0;34m1[0;34m1[0;34m1[0;34m1[0;34m1
[0m[0;34m1[0;34m1[0;34m1[0;34m1[0;34m1[0;34m1[0;34m0[0;34m0[0;34m0[0;34m1[0;34m1[0;34m1[0;34m1[0;34m1[0;34m1
[0m[0;34m1[0;34m1[0;34m1[0;34m1[0;34m1[0;34m0[0;34m0[0;34m0[0;34m0[0;34m0[0;34m1[0;34m1[0;34m1[0;34m1[0;34m1
[0m[0;34m1[0;34m1[0;34m1[0;34m1[0;34m0[0;34m0[0;34m0[0;34mN[0;34m0[0;34m0[0;34m0[0;34m1[0;34m1[0;34m1[0;34m1
[0m[0;34m1[0;34m1[0;34m1[0;34m0[0;34m0[0;34m0[0;34m0[0;34m0[0;34m0[0;34m0[0;34m0[0;34m0[0;34m1[0;34m1[0;34m1
[0m[0;34m1[0;34m1[0;34m0[0;34m0[0;34m0[0;34m0[0;34m0[0;34m0[0;34m0[0;34m0[0;34m0[0;34m0[0;34m0[0;34m1[0;34m1
[0m[0;34m1[0;34m0[0;34m0[0;34m0[0;34m0[0;34m1[0;34m1[0;34m1[0;34m1[0;34m1[0;34m0[0;34m0[0;34m0[0;34m0[0;34m1
[0m[0;34m1[0;34m1[0;34m0[0;34m0[0;34m0[0;34m0[0;34m1[0;34m1[0;34m1[0;34m0[0;34m0[0;34m0[0;34m0[0;34m1[0;34m1
[0m[0;34m1[0;34m1[0;34m1[0;34m0[0;34m0[0;34m0[0;34m0[0;34m1[0;34m0[0;34m0[0;34m0[0;34m0[0;34m1[0;34m1[0;34m1
[0m[0;34m1[0;34m1[0;34m1[0;34m1[0;34m0[0;34m0[0;34m0[0;34m0[0;34m0[0;34m0[0;34m0[0;34m1[0;34m1[0;34m1[0;34m1
[0m[0;34m1[0;34m1[0;34m1[0;34m1[0;34m1[0;34m0[0;34m0[0;34m0[0;34m0[0;34m0[0;34m1[0;34m1[0;34m1[0;34m1[0;34m1
[0m[0;34m1[0;34m1[0;34m1[0;34m1[0;34m1[0;34m1[0;34m0[0;34m0[0;34m0[0;34m1[0;34m1[0;34m1[0;34m1[0;34m1[0;34m1
[0m[0;34m1[0;34m1[0;34m1[0;34m1[0;34m1[0;34m1[0;34m1[0;34m1[0;34m1[0;34m1[0;34m1[0;34m1[0;34m1[0;34m1[0;34m1
[0m
[0mExit code: 1
‚ö†Ô∏è No Valgrind alerts, but with leaks[0m  
==8086== Memcheck, a memory error detector
==8086== Copyright (C) 2002-2022, and GNU GPL'd, by Julian Seward et al.
==8086== Using Valgrind-3.22.0 and LibVEX; rerun with -h for copyright info
==8086== Command: ./cub3d ./maps/good/creepy.cub
==8086== Parent PID: 8081
==8086== 
==8086== 
==8086== HEAP SUMMARY:
==8086==     in use at exit: 544 bytes in 23 blocks
==8086==   total heap usage: 109 allocs, 86 frees, 8,253 bytes allocated
==8086== 
==8086== LEAK SUMMARY:
==8086==    definitely lost: 184 bytes in 1 blocks
==8086==    indirectly lost: 360 bytes in 22 blocks
==8086==      possibly lost: 0 bytes in 0 blocks
==8086==    still reachable: 0 bytes in 0 blocks
==8086==         suppressed: 0 bytes in 0 blocks
==8086== Rerun with --leak-check=full to see details of leaked memory
==8086== 
==8086== For lists of detected and suppressed errors, rerun with: -s
==8086== ERROR SUMMARY: 0 errors from 0 contexts (suppressed: 0 from 0)
Running valgrind on ./maps/good/dungeon.cub...

[0;31m Error:[Map check in file] Empty line found
[0m [0;34mF[0;34m [0;34m7[0;34m6[0;34m,[0;34m7[0;34m6[0;34m,[0;34m7[0;34m6
[0m[0;34mC[0;34m [0;34m9[0;34m9[0;34m,[0;34m9[0;34m9[0;34m,[0;34m9[0;34m9
[0m
[0m[0;34mN[0;34mO[0;34m [0;34mt[0;34me[0;34mx[0;34mt[0;34mu[0;34mr[0;34me[0;34ms[0;34m/[0;34mt[0;34me[0;34ms[0;34mt[0;34m/[0;34mn[0;34mo[0;34mr[0;34mt[0;34mh[0;34m.[0;34mx[0;34mp[0;34mm
[0m[0;34mS[0;34mO[0;34m [0;34mt[0;34me[0;34mx[0;34mt[0;34mu[0;34mr[0;34me[0;34ms[0;34m/[0;34mt[0;34me[0;34ms[0;34mt[0;34m/[0;34ms[0;34mo[0;34mu[0;34mt[0;34mh[0;34m.[0;34mx[0;34mp[0;34mm
[0m[0;34mW[0;34mE[0;34m [0;34mt[0;34me[0;34mx[0;34mt[0;34mu[0;34mr[0;34me[0;34ms[0;34m/[0;34mt[0;34me[0;34ms[0;34mt[0;34m/[0;34mw[0;34me[0;34ms[0;34mt[0;34m.[0;34mx[0;34mp[0;34mm
[0m[0;34mE[0;34mA[0;34m [0;34mt[0;34me[0;34mx[0;34mt[0;34mu[0;34mr[0;34me[0;34ms[0;34m/[0;34mt[0;34me[0;34ms[0;34mt[0;34m/[0;34me[0;34ma[0;34ms[0;34mt[0;34m.[0;34mx[0;34mp[0;34mm
[0m
[0m[0;34m1[0;34m1[0;34m1[0;34m1[0;34m1[0;34m1[0;34m1[0;34m1[0;34m1[0;34m1[0;34m1[0;34m1[0;34m1[0;34m1[0;34m1[0;34m1[0;34m1[0;34m1[0;34m1
[0m[0;34m1[0;34m0[0;34mW[0;34m1[0;34m0[0;34m0[0;34m1[0;34m0[0;34m0[0;34m1[0;34m0[0;34m0[0;34m1[0;34m0[0;34m0[0;34m0[0;34m0[0;34m0[0;34m1
[0m[0;34m1[0;34m0[0;34m1[0;34m1[0;34m0[0;34m0[0;34m0[0;34m0[0;34m0[0;34m1[0;34m0[0;34m0[0;34m0[0;34m0[0;34m0[0;34m1[0;34m0[0;34m0[0;34m1
[0m[0;34m1[0;34m0[0;34m0[0;34m1[0;34m0[0;34m0[0;34m1[0;34m0[0;34m0[0;34m1[0;34m1[0;34m1[0;34m1[0;34m1[0;34m0[0;34m1[0;34m1[0;34m1[0;34m1
[0m[0;34m1[0;34m0[0;34m0[0;34m1[0;34m1[0;34m1[0;34m1[0;34m0[0;34m0[0;34m0[0;34m0[0;34m0[0;34m1[0;34m0[0;34m0[0;34m1[0;34m0[0;34m0[0;34m1
[0m[0;34m1[0;34m0[0;34m0[0;34m0[0;34m0[0;34m0[0;34m0[0;34m0[0;34m0[0;34m0[0;34m0[0;34m0[0;34m0[0;34m0[0;34m0[0;34m1[0;34m0[0;34m0[0;34m1
[0m[0;34m1[0;34m0[0;34m0[0;34m1[0;34m1[0;34m1[0;34m1[0;34m1[0;34m1[0;34m1[0;34m1[0;34m1[0;34m1[0;34m0[0;34m0[0;34m1[0;34m0[0;34m0[0;34m1
[0m[0;34m1[0;34m1[0;34m1[0;34m1[0;34m0[0;34m0[0;34m0[0;34m0[0;34m0[0;34m0[0;34m0[0;34m0[0;34m0[0;34m0[0;34m0[0;34m1[0;34m0[0;34m1[0;34m1
[0m[0;34m1[0;34m0[0;34m0[0;34m0[0;34m0[0;34m0[0;34m0[0;34m0[0;34m0[0;34m1[0;34m0[0;34m0[0;34m0[0;34m0[0;34m0[0;34m0[0;34m0[0;34m0[0;34m1
[0m[0;34m1[0;34m1[0;34m1[0;34m1[0;34m1[0;34m1[0;34m1[0;34m1[0;34m1[0;34m1[0;34m1[0;34m1[0;34m1[0;34m1[0;34m1[0;34m1[0;34m1[0;34m1[0;34m1
[0m
[0mExit code: 1
‚ö†Ô∏è No Valgrind alerts, but with leaks[0m  
==8108== Memcheck, a memory error detector
==8108== Copyright (C) 2002-2022, and GNU GPL'd, by Julian Seward et al.
==8108== Using Valgrind-3.22.0 and LibVEX; rerun with -h for copyright info
==8108== Command: ./cub3d ./maps/good/dungeon.cub
==8108== Parent PID: 8081
==8108== 
==8108== 
==8108== HEAP SUMMARY:
==8108==     in use at exit: 510 bytes in 20 blocks
==8108==   total heap usage: 96 allocs, 76 frees, 7,532 bytes allocated
==8108== 
==8108== LEAK SUMMARY:
==8108==    definitely lost: 160 bytes in 1 blocks
==8108==    indirectly lost: 350 bytes in 19 blocks
==8108==      possibly lost: 0 bytes in 0 blocks
==8108==    still reachable: 0 bytes in 0 blocks
==8108==         suppressed: 0 bytes in 0 blocks
==8108== Rerun with --leak-check=full to see details of leaked memory
==8108== 
==8108== For lists of detected and suppressed errors, rerun with: -s
==8108== ERROR SUMMARY: 0 errors from 0 contexts (suppressed: 0 from 0)
Running valgrind on ./maps/good/library.cub...

[0;31m Error:[Map check in file] Empty line found
[0m [0;34mF[0;34m [0;34m1[0;34m3[0;34m9[0;34m,[0;34m9[0;34m9[0;34m,[0;34m5[0;34m8
[0m[0;34mC[0;34m [0;34m1[0;34m7[0;34m1[0;34m,[0;34m1[0;34m5[0;34m4[0;34m,[0;34m1[0;34m3[0;34m7
[0m
[0m[0;34mN[0;34mO[0;34m [0;34mt[0;34me[0;34mx[0;34mt[0;34mu[0;34mr[0;34me[0;34ms[0;34m/[0;34mt[0;34me[0;34ms[0;34mt[0;34m/[0;34mn[0;34mo[0;34mr[0;34mt[0;34mh[0;34m.[0;34mx[0;34mp[0;34mm
[0m[0;34mS[0;34mO[0;34m [0;34mt[0;34me[0;34mx[0;34mt[0;34mu[0;34mr[0;34me[0;34ms[0;34m/[0;34mt[0;34me[0;34ms[0;34mt[0;34m/[0;34ms[0;34mo[0;34mu[0;34mt[0;34mh[0;34m.[0;34mx[0;34mp[0;34mm
[0m[0;34mW[0;34mE[0;34m [0;34mt[0;34me[0;34mx[0;34mt[0;34mu[0;34mr[0;34me[0;34ms[0;34m/[0;34mt[0;34me[0;34ms[0;34mt[0;34m/[0;34mw[0;34me[0;34ms[0;34mt[0;34m.[0;34mx[0;34mp[0;34mm
[0m[0;34mE[0;34mA[0;34m [0;34mt[0;34me[0;34mx[0;34mt[0;34mu[0;34mr[0;34me[0;34ms[0;34m/[0;34mt[0;34me[0;34ms[0;34mt[0;34m/[0;34me[0;34ma[0;34ms[0;34mt[0;34m.[0;34mx[0;34mp[0;34mm
[0m
[0m[0;34m1[0;34m1[0;34m1[0;34m1[0;34m1[0;34m1[0;34m1[0;34m1[0;34m1[0;34m1[0;34m1[0;34m1[0;34m1[0;34m1[0;34m1[0;34m1[0;34m1[0;34m1[0;34m1
[0m[0;34m1[0;34m0[0;34m0[0;34m1[0;34m0[0;34m0[0;34m1[0;34m0[0;34m0[0;34m1[0;34m0[0;34m0[0;34m1[0;34m0[0;34m0[0;34m1[0;34m0[0;34m0[0;34m1
[0m[0;34m1[0;34m0[0;34m0[0;34m1[0;34m0[0;34m0[0;34m1[0;34m0[0;34m0[0;34m1[0;34m0[0;34m0[0;34m1[0;34m0[0;34m0[0;34m1[0;34m0[0;34m0[0;34m1
[0m[0;34m1[0;34m0[0;34m0[0;34m1[0;34m0[0;34m0[0;34m1[0;34m0[0;34m0[0;34m1[0;34m0[0;34m0[0;34m1[0;34m0[0;34m0[0;34m1[0;34m0[0;34m0[0;34m1
[0m[0;34m1[0;34m0[0;34m0[0;34m1[0;34m0[0;34m0[0;34m1[0;34m0[0;34m0[0;34m0[0;34m0[0;34m0[0;34m1[0;34m0[0;34m0[0;34m1[0;34m0[0;34m0[0;34m1
[0m[0;34m1[0;34m0[0;34m0[0;34m0[0;34m0[0;34m0[0;34m0[0;34m0[0;34m0[0;34mS[0;34m0[0;34m0[0;34m0[0;34m0[0;34m0[0;34m0[0;34m0[0;34m0[0;34m1
[0m[0;34m1[0;34m0[0;34m0[0;34m0[0;34m0[0;34m1[0;34m1[0;34m1[0;34m1[0;34m1[0;34m1[0;34m1[0;34m1[0;34m0[0;34m0[0;34m0[0;34m0[0;34m0[0;34m1
[0m[0;34m1[0;34m1[0;34m1[0;34m1[0;34m0[0;34m0[0;34m0[0;34m0[0;34m0[0;34m0[0;34m0[0;34m0[0;34m0[0;34m0[0;34m0[0;34m1[0;34m1[0;34m1[0;34m1
[0m[0;34m1[0;34m0[0;34m0[0;34m0[0;34m0[0;34m0[0;34m0[0;34m1[0;34m0[0;34m1[0;34m0[0;34m1[0;34m0[0;34m0[0;34m0[0;34m0[0;34m0[0;34m0[0;34m1
[0m[0;34m1[0;34m1[0;34m1[0;34m1[0;34m1[0;34m1[0;34m1[0;34m1[0;34m1[0;34m1[0;34m1[0;34m1[0;34m1[0;34m1[0;34m1[0;34m1[0;34m1[0;34m1[0;34m1
[0m
[0mExit code: 1
‚ö†Ô∏è No Valgrind alerts, but with leaks[0m  
==8111== Memcheck, a memory error detector
==8111== Copyright (C) 2002-2022, and GNU GPL'd, by Julian Seward et al.
==8111== Using Valgrind-3.22.0 and LibVEX; rerun with -h for copyright info
==8111== Command: ./cub3d ./maps/good/library.cub
==8111== Parent PID: 8081
==8111== 
==8111== 
==8111== HEAP SUMMARY:
==8111==     in use at exit: 514 bytes in 20 blocks
==8111==   total heap usage: 96 allocs, 76 frees, 7,573 bytes allocated
==8111== 
==8111== LEAK SUMMARY:
==8111==    definitely lost: 160 bytes in 1 blocks
==8111==    indirectly lost: 354 bytes in 19 blocks
==8111==      possibly lost: 0 bytes in 0 blocks
==8111==    still reachable: 0 bytes in 0 blocks
==8111==         suppressed: 0 bytes in 0 blocks
==8111== Rerun with --leak-check=full to see details of leaked memory
==8111== 
==8111== For lists of detected and suppressed errors, rerun with: -s
==8111== ERROR SUMMARY: 0 errors from 0 contexts (suppressed: 0 from 0)
Running valgrind on ./maps/good/matrix.cub...

[0;34mN[0;34mO[0;34m [0;34mt[0;34me[0;34mx[0;34mt[0;34mu[0;34mr[0;34me[0;34ms[0;34m/[0;34mt[0;34me[0;34ms[0;34mt[0;34m/[0;34mn[0;34mo[0;34mr[0;34mt[0;34mh[0;34m.[0;34mx[0;34mp[0;34mm
[0m[0;34mS[0;34mO[0;34m [0;34mt[0;34me[0;34mx[0;34mt[0;34mu[0;34mr[0;34me[0;34ms[0;34m/[0;34mt[0;34me[0;34ms[0;34mt[0;34m/[0;34ms[0;34mo[0;34mu[0;34mt[0;34mh[0;34m.[0;34mx[0;34mp[0;34mm
[0m[0;34mW[0;34mE[0;34m [0;34mt[0;34me[0;34mx[0;34mt[0;34mu[0;34mr[0;34me[0;34ms[0;34m/[0;34mt[0;34me[0;34ms[0;34mt[0;34m/[0;34mw[0;34me[0;34ms[0;34mt[0;34m.[0;34mx[0;34mp[0;34mm
[0m[0;34mE[0;34mA[0;34m [0;34mt[0;34me[0;34mx[0;34mt[0;34mu[0;34mr[0;34me[0;34ms[0;34m/[0;34mt[0;34me[0;34ms[0;34mt[0;34m/[0;34me[0;34ma[0;34ms[0;34mt[0;34m.[0;34mx[0;34mp[0;34mm
[0m
[0m[0;34mF[0;34m [0;34m0[0;34m,[0;34m0[0;34m,[0;34m0
[0m[0;34mC[0;34m [0;34m0[0;34m,[0;34m0[0;34m,[0;34m0
[0m
[0m[0;34m1[0;34m1[0;34m1[0;34m1[0;34m1[0;34m1[0;34m1[0;34m1[0;34m1[0;34m1[0;34m1[0;34m1[0;34m1[0;34m1[0;34m1[0;34m1[0;34m1[0;34m1[0;34m1[0;34m1[0;34m1
[0m[0;34m1[0;34m0[0;34m1[0;34m0[0;34m0[0;34m0[0;34m0[0;34m0[0;34m1[0;34m0[0;34m0[0;34m0[0;34m0[0;34m0[0;34m0[0;34m0[0;34m0[0;34m0[0;34m0[0;34m0[0;34m1
[0m[0;34m1[0;34m0[0;34m1[0;34m0[0;34m1[0;34m0[0;34m1[0;34m0[0;34m1[0;34m0[0;34m1[0;34m1[0;34m1[0;34m1[0;34m1[0;34m1[0;34m1[0;34m0[0;34m0[0;34m0[0;34m1
[0m[0;34m1[0;34m0[0;34m0[0;34m0[0;34m1[0;34m0[0;34m1[0;34m0[0;34m0[0;34m0[0;34m1[0;34m0[0;34m0[0;34m0[0;34m0[0;34m0[0;34m1[0;34m0[0;34m0[0;34m0[0;34m1
[0m[0;34m1[0;34m1[0;34m1[0;34m1[0;34m1[0;34m0[0;34m1[0;34m0[0;34m1[0;34m1[0;34m1[0;34m1[0;34m1[0;34m0[0;34m1[0;34m0[0;34m1[0;34m1[0;34m1[0;34m0[0;34m1
[0m[0;34m1[0;34m0[0;34m0[0;34m0[0;34m0[0;34m0[0;34m1[0;34m0[0;34m1[0;34m0[0;34m0[0;34m0[0;34m1[0;34m0[0;34m1[0;34m0[0;34m0[0;34m0[0;34m0[0;34m0[0;34m1
[0m[0;34m1[0;34m0[0;34m1[0;34m1[0;34m1[0;34m1[0;34m1[0;34m0[0;34m1[0;34m0[0;34m1[0;34m1[0;34m1[0;34m0[0;34m1[0;34m1[0;34m1[0;34m1[0;34m1[0;34m1[0;34m1
[0m[0;34m1[0;34m0[0;34m1[0;34m0[0;34m0[0;34m0[0;34m0[0;34m0[0;34m1[0;34m0[0;34m1[0;34m0[0;34m1[0;34m0[0;34m0[0;34m0[0;34m0[0;34m0[0;34m1[0;34m0[0;34m1
[0m[0;34m1[0;34m0[0;34m1[0;34m0[0;34m1[0;34m1[0;34m1[0;34m1[0;34m1[0;34m0[0;34m1[0;34m0[0;34m1[0;34m1[0;34m1[0;34m1[0;34m1[0;34m0[0;34m1[0;34m0[0;34m1
[0m[0;34m1[0;34m0[0;34m1[0;34m0[0;34m1[0;34m0[0;34m0[0;34m0[0;34m1[0;34m0[0;34m1[0;34m0[0;34m1[0;34m0[0;34m0[0;34m0[0;34m1[0;34m0[0;34m1[0;34m0[0;34m1
[0m[0;34m1[0;34m0[0;34m1[0;34m1[0;34m1[0;34m0[0;34m1[0;34m0[0;34m1[0;34m0[0;34m1[0;34m0[0;34m1[0;34m0[0;34m1[0;34m0[0;34m1[0;34m0[0;34m1[0;34m0[0;34m1
[0m[0;34m1[0;34m0[0;34m0[0;34m0[0;34m0[0;34m0[0;34m1[0;34m0[0;34m1[0;34m0[0;34m1[0;34m0[0;34m0[0;34m0[0;34m1[0;34m0[0;34m1[0;34m0[0;34m0[0;34m0[0;34m1
[0m[0;34m1[0;34m1[0;34m1[0;34m1[0;34m1[0;34m1[0;34m1[0;34m0[0;34m1[0;34m0[0;34m1[0;34m1[0;34m1[0;34m1[0;34m1[0;34m0[0;34m1[0;34m1[0;34m1[0;34m0[0;34m1
[0m[0;34m1[0;34m0[0;34m0[0;34m0[0;34m0[0;34m0[0;34m1[0;34m0[0;34m1[0;34m0[0;34m0[0;34m0[0;34m1[0;34m0[0;34m0[0;34m0[0;34m1[0;34m0[0;34m0[0;34m0[0;34m1
[0m[0;34m1[0;34m0[0;34m1[0;34m1[0;34m1[0;34m0[0;34m1[0;34m0[0;34m1[0;34m1[0;34m1[0;34m0[0;34m1[0;34m0[0;34m1[0;34m1[0;34m1[0;34m0[0;34m1[0;34m1[0;34m1
[0m[0;34m1[0;34m0[0;34m1[0;34m0[0;34m0[0;34m0[0;34m1[0;34m0[0;34m0[0;34m0[0;34m0[0;34m0[0;34m1[0;34m0[0;34m0[0;34m0[0;34m1[0;34m0[0;34m1[0;34m0[0;34m1
[0m[0;34m1[0;34m0[0;34m1[0;34m0[0;34m1[0;34m1[0;34m1[0;34m1[0;34m1[0;34m1[0;34m1[0;34m1[0;34m1[0;34m1[0;34m1[0;34m0[0;34m1[0;34m0[0;34m1[0;34m0[0;34m1
[0m[0;34m1[0;34m0[0;34m0[0;34m0[0;34m1[0;34m0[0;34m0[0;34m0[0;34m0[0;34m0[0;34m0[0;34m0[0;34m0[0;34m0[0;34m0[0;34m0[0;34m1[0;34m0[0;34m0[0;34m0[0;34m1
[0m[0;34m1[0;34[0;31m Error:[Map check in file] Empty line found
[0m m0[0;34m1[0;34m0[0;34m1[0;34m0[0;34m1[0;34m1[0;34m1[0;34m0[0;34m1[0;34m1[0;34m1[0;34m1[0;34m1[0;34m1[0;34m1[0;34m1[0;34m1[0;34m0[0;34m1
[0m[0;34m1[0;34mN[0;34m1[0;34m0[0;34m0[0;34m0[0;34m0[0;34m0[0;34m1[0;34m0[0;34m0[0;34m0[0;34m0[0;34m0[0;34m0[0;34m0[0;34m0[0;34m0[0;34m0[0;34m0[0;34m1
[0m[0;34m1[0;34m1[0;34m1[0;34m1[0;34m1[0;34m1[0;34m1[0;34m1[0;34m1[0;34m1[0;34m1[0;34m1[0;34m1[0;34m1[0;34m1[0;34m1[0;34m1[0;34m1[0;34m1[0;34m1[0;34m1
[0m
[0mExit code: 1
‚ö†Ô∏è No Valgrind alerts, but with leaks[0m  
==8135== Memcheck, a memory error detector
==8135== Copyright (C) 2002-2022, and GNU GPL'd, by Julian Seward et al.
==8135== Using Valgrind-3.22.0 and LibVEX; rerun with -h for copyright info
==8135== Command: ./cub3d ./maps/good/matrix.cub
==8135== Parent PID: 8081
==8135== 
==8135== 
==8135== HEAP SUMMARY:
==8135==     in use at exit: 865 bytes in 31 blocks
==8135==   total heap usage: 151 allocs, 120 frees, 10,846 bytes allocated
==8135== 
==8135== LEAK SUMMARY:
==8135==    definitely lost: 248 bytes in 1 blocks
==8135==    indirectly lost: 617 bytes in 30 blocks
==8135==      possibly lost: 0 bytes in 0 blocks
==8135==    still reachable: 0 bytes in 0 blocks
==8135==         suppressed: 0 bytes in 0 blocks
==8135== Rerun with --leak-check=full to see details of leaked memory
==8135== 
==8135== For lists of detected and suppressed errors, rerun with: -s
==8135== ERROR SUMMARY: 0 errors from 0 contexts (suppressed: 0 from 0)
Running valgrind on ./maps/good/sad_face.cub...

[0;31m Error:[Map check in file] Empty line found
[0m [0;34mN[0;34mO[0;34m [0;34mt[0;34me[0;34mx[0;34mt[0;34mu[0;34mr[0;34me[0;34ms[0;34m/[0;34mt[0;34me[0;34ms[0;34mt[0;34m/[0;34mn[0;34mo[0;34mr[0;34mt[0;34mh[0;34m.[0;34mx[0;34mp[0;34mm
[0m[0;34mS[0;34mO[0;34m [0;34mt[0;34me[0;34mx[0;34mt[0;34mu[0;34mr[0;34me[0;34ms[0;34m/[0;34mt[0;34me[0;34ms[0;34mt[0;34m/[0;34ms[0;34mo[0;34mu[0;34mt[0;34mh[0;34m.[0;34mx[0;34mp[0;34mm
[0m[0;34mW[0;34mE[0;34m [0;34mt[0;34me[0;34mx[0;34mt[0;34mu[0;34mr[0;34me[0;34ms[0;34m/[0;34mt[0;34me[0;34ms[0;34mt[0;34m/[0;34mw[0;34me[0;34ms[0;34mt[0;34m.[0;34mx[0;34mp[0;34mm
[0m[0;34mE[0;34mA[0;34m [0;34mt[0;34me[0;34mx[0;34mt[0;34mu[0;34mr[0;34me[0;34ms[0;34m/[0;34mt[0;34me[0;34ms[0;34mt[0;34m/[0;34me[0;34ma[0;34ms[0;34mt[0;34m.[0;34mx[0;34mp[0;34mm
[0m
[0m[0;34mC[0;34m [0;34m5[0;34m3[0;34m,[0;34m4[0;34m1[0;34m,[0;34m3[0;34m4
[0m[0;34mF[0;34m [0;34m4[0;34m5[0;34m,[0;34m3[0;34m3[0;34m,[0;34m2[0;34m7
[0m
[0m[0;34m1[0;34m1[0;34m1[0;34m1[0;34m1[0;34m1[0;34m1[0;34m1[0;34m1[0;34m1[0;34m1[0;34m1[0;34m1[0;34m1[0;34m1
[0m[0;34m1[0;34m1[0;34m1[0;34m1[0;34m1[0;34m1[0;34m0[0;34m0[0;34m0[0;34m1[0;34m1[0;34m1[0;34m1[0;34m1[0;34m1
[0m[0;34m1[0;34m1[0;34m1[0;34m1[0;34m1[0;34m0[0;34m0[0;34m0[0;34m0[0;34m0[0;34m1[0;34m1[0;34m1[0;34m1[0;34m1
[0m[0;34m1[0;34m1[0;34m1[0;34m1[0;34m0[0;34m0[0;34m0[0;34mN[0;34m0[0;34m0[0;34m0[0;34m1[0;34m1[0;34m1[0;34m1
[0m[0;34m1[0;34m1[0;34m1[0;34m0[0;34m0[0;34m0[0;34m0[0;34m0[0;34m0[0;34m0[0;34m0[0;34m0[0;34m1[0;34m1[0;34m1
[0m[0;34m1[0;34m1[0;34m0[0;34m0[0;34m0[0;34m0[0;34m0[0;34m0[0;34m0[0;34m0[0;34m0[0;34m0[0;34m0[0;34m1[0;34m1
[0m[0;34m1[0;34m0[0;34m0[0;34m0[0;34m0[0;34m1[0;34m1[0;34m1[0;34m1[0;34m1[0;34m0[0;34m0[0;34m0[0;34m0[0;34m1
[0m[0;34m1[0;34m1[0;34m0[0;34m0[0;34m0[0;34m0[0;34m1[0;34m1[0;34m1[0;34m0[0;34m0[0;34m0[0;34m0[0;34m1[0;34m1
[0m[0;34m1[0;34m1[0;34m1[0;34m0[0;34m0[0;34m0[0;34m0[0;34m1[0;34m0[0;34m0[0;34m0[0;34m0[0;34m1[0;34m1[0;34m1
[0m[0;34m1[0;34m1[0;34m1[0;34m1[0;34m0[0;34m0[0;34m0[0;34m0[0;34m0[0;34m0[0;34m0[0;34m1[0;34m1[0;34m1[0;34m1
[0m[0;34m1[0;34m1[0;34m1[0;34m1[0;34m1[0;34m0[0;34m0[0;34m0[0;34m0[0;34m0[0;34m1[0;34m1[0;34m1[0;34m1[0;34m1
[0m[0;34m1[0;34m1[0;34m1[0;34m1[0;34m1[0;34m1[0;34m0[0;34m0[0;34m0[0;34m1[0;34m1[0;34m1[0;34m1[0;34m1[0;34m1
[0m[0;34m1[0;34m1[0;34m1[0;34m1[0;34m1[0;34m1[0;34m1[0;34m1[0;34m1[0;34m1[0;34m1[0;34m1[0;34m1[0;34m1[0;34m1
[0m
[0mExit code: 1
‚ö†Ô∏è No Valgrind alerts, but with leaks[0m  
==8139== Memcheck, a memory error detector
==8139== Copyright (C) 2002-2022, and GNU GPL'd, by Julian Seward et al.
==8139== Using Valgrind-3.22.0 and LibVEX; rerun with -h for copyright info
==8139== Command: ./cub3d ./maps/good/sad_face.cub
==8139== Parent PID: 8081
==8139== 
==8139== 
==8139== HEAP SUMMARY:
==8139==     in use at exit: 545 bytes in 23 blocks
==8139==   total heap usage: 109 allocs, 86 frees, 8,232 bytes allocated
==8139== 
==8139== LEAK SUMMARY:
==8139==    definitely lost: 184 bytes in 1 blocks
==8139==    indirectly lost: 361 bytes in 22 blocks
==8139==      possibly lost: 0 bytes in 0 blocks
==8139==    still reachable: 0 bytes in 0 blocks
==8139==         suppressed: 0 bytes in 0 blocks
==8139== Rerun with --leak-check=full to see details of leaked memory
==8139== 
==8139== For lists of detected and suppressed errors, rerun with: -s
==8139== ERROR SUMMARY: 0 errors from 0 contexts (suppressed: 0 from 0)
Running valgrind on ./maps/good/square_map.cub...

[0;34m [0;34m [0;34m [0;34mW[0;34mE[0;34m [0;34m [0;34m [0;34m [0;34m [0;34m [0;34m [0;34m [0;34m [0;34m [0;34m [0;34m [0;34m [0;34m [0;34m [0;34m [0;34m [0;34m [0;34m [0;34m [0;34m [0;34m [0;34m [0;34m [0;34m [0;34m [0;34m [0;34m [0;34mt[0;34me[0;34mx[0;34mt[0;34mu[0;34mr[0;34me[0;34ms[0;34m/[0;34mt[0;34me[0;34ms[0;34mt[0;34m/[0;34mw[0;34me[0;34ms[0;34mt[0;34m.[0;34mx[0;34mp[0;34mm
[0m[0;34mN[0;34mO[0;34m [0;34m [0;34m [0;34m [0;34m [0;34m [0;34mt[0;34me[0;34mx[0;34mt[0;34mu[0;34mr[0;34me[0;34ms[0;34m/[0;34mt[0;34me[0;34ms[0;34mt[0;34m/[0;34mn[0;34mo[0;34mr[0;34mt[0;34mh[0;34m.[0;34mx[0;34mp[0;34mm
[0m
[0m
[0m
[0m[0;34mS[0;34mO[0;34m [0;34mt[0;34me[0;34mx[0;34mt[0;34mu[0;34mr[0;34me[0;34ms[0;34m/[0;34mt[0;34me[0;34ms[0;34mt[0;34m/[0;34ms[0;34mo[0;34mu[0;34mt[0;34mh[0;34m.[0;34mx[0;34mp[0;34mm
[0m
[0m[0;34mF[0;34m [0;34m [0;34m [0;34m6[0;34m9[0;34m,[0;34m [0;34m2[0;34m2[0;34m2[0;34m,[0;34m [0;34m1[0;34m9[0;34m9
[0m
[0m[0;34mE[0;34mA[0;34m [0;34mt[0;34me[0;34mx[0;34mt[0;34mu[0;34mr[0;34me[0;34ms[0;34m/[0;34mt[0;34me[0;34ms[0;34mt[0;34m/[0;34me[0;34ma[0;34ms[0;34mt[0;34m.[0;34mx[0;34mp[0;34mm
[0m
[0m
[0m[0;34mC[0;34m [0;34m2[0;34m3[0;34m5[0;34m,[0;34m [0;34m1[0;34m9[0;34m8[0;34m,[0;34m [0;34m5[0;34m2
[0m
[0m[0;34m1[0;34m1[0;34m1[0;34m1[0;34m1[0;34m1[0;34m1[0;34m1[0;34m1[0;34m1[0;34m1[0;34m1[0;34m1[0;34m1[0;34m1[0;34m1[0;34m1[0;34m1[0;34m1[0;34m1[0;34m1[0;34m1[0;34m1[0;34m1
[0m[0;34m1[0;34m0[0;34m0[0;34m0[0;34m0[0;34m0[0;34m0[0;34m0[0;34m0[0;34m0[0;34m0[0;34m0[0;34m0[0;34m0[0;34m0[0;34m0[0;34m0[0;34m0[0;34m0[0;34m0[0;34m0[0;34m0[0;34m0[0;34m1
[0m[0;34m1[0;34m0[0;34m0[0;34m0[0;34m0[0;34m0[0;34m0[0;34m0[0;34m0[0;34m0[0;34m0[0;34m0[0;34m0[0;34m0[0;34m0[0;34m0[0;34m0[0;34m0[0;34m0[0;34m0[0;34m0[0;34m0[0;34m0[0;34m1
[0m[0;34m1[0;34m0[0;34m0[0;34m0[0;34m0[0;34m0[0;34m0[0;34m0[0;34m0[0;34mN[0;34m0[0;34m0[0;34m0[0;34m0[0;34m0[0;34m0[0;34m0[0;34m0[0;34m0[0;34m0[0;34m0[0;34m0[0;34m0[0;34m1
[0m[0;34m1[0;34m0[0;34m0[0;34m0[0;34m0[0;34m0[0;34m0[0;34m0[0;34m0[0;34m0[0;34m0[0;34m0[0;34m0[0;34m0[0;34m0[0;34m0[0;34m0[0;34m0[0;34m0[0;34m0[0;34m0[0;34m0[0;34m0[0;34m1
[0m[0;34m1[0;34m0[0;34m0[0;34m0[0;34m0[0;34m0[0;34m0[0;34m0[0;34m0[0;34m0[0;34m0[0;34m0[0;34m0[0;34m0[0;34m0[0;34m0[0;34m0[0;34m0[0;34m0[0;34m0[0;34m0[0;34m0[0;34m0[0;34m1
[0m[0;34m1[0;34m0[0;34m0[0;34m0[0;34m0[0;34m0[0;34m0[0;34m0[0;34m0[0;34m0[0;34m0[0;34m0[0;34m0[0;34m0[0;34m0[0;34m0[0;34m0[0;34m0[0;34m0[0;34m0[0;34m0[0;34m0[0;34m0[0;34m1
[0m[0;34m1[0;34m0[0;34m0[0;34m0[0;34m0[0;34m0[0;34m1[0;34m1[0;34m1[0;34m1[0;34m1[0;34m0[0;34m0[0;34m0[0;34m0[0;34m1[0;34m0[0;34m1[0;34m0[0;34m1[0;34m0[0;34m0[0;34m0[0;34m1
[0m[0;34m1[0;34m0[0;34m0[0;34m0[0;34m0[0;34m0[0;34m1[0;34m0[0;34m0[0;34m0[0;34m1[0;34m0[0;34m0[0;34m0[0;34m0[0;34m0[0;34m0[0;34m0[0;34m0[0;34m0[0;34m0[0;34m0[0;34m0[0;34m1
[0m[0;34m1[0;34m0[0;34m0[0;34m0[0;34m0[0;34m0[0;34m1[0;34m0[0;34m0[0;34m0[0;34m1[0;34m0[0;34m0[0;34m0[0;34m0[0;34m1[0;34m0[0;34m0[0;34m0[0;34m1[0;34m0[0;34m0[0;34m0[0;34m1
[0m[0;34m1[0;34m0[0;34m0[0;34m0[0;34m0[0;34m0[0;34m1[0;34m0[0;34m0[0;34m0[0;34m1[0;34m0[0;34m0[0;34m0[0;34m0[0;34m0[0;34m0[0;34m0[0;34m0[0;34m0[0;34m0[0;34m0[0;34m0[0;34m1
[0m[0;34m1[0;34m0[0;34m0[0;34m0[0;34m0[0;34m0[0;34m1[0;34m1[0;34m1[0;34m1[0;34m0[0;34m0[0;34m0[0;34m0[0;34m1[0;34m0[0;34m1[0;34m0[0;34m1[0;34m0[0;34m0[0;34m0[0;34m0[0;34m1
[0m[0;34m1[0;34m0[0;34m0[0;34m0[0;34m0[0;34m0[0;34m0[0;34m0[0;34m0[0;34m0[0;34m0[0;34m0[0;34m0[0;34m0[0;34m0[0;34m0[0;34m0[0;34m0[0;34m0[0;34m0[0;34m0[0;34m0[0;34m0[0;34m1
[0m[0;34m1[0;34m0[0;34m0[0;34m0[0;34m0[0;34m0[0;34m0[0;34m0[0;34m0[0;34m0[0;34m0[0;34m0[0;34m0[0;34m0[0;34m0[0;34m0[0;32m[Debug info]üõ†Ô∏è  Map info üîç
[0m[0;32m[Debug info] - Map width:[0m24
[0;32m[Debug info] - Map height:[0m27
[0;32m[Debug info]üõ†Ô∏è  Starting player position info üîç
[0m[0;32m[Debug info] - Player X:[0m9
[0;32m[Debug info] - Player Y:[0m3
[0;32m[Debug info] - Player Direction:[0mN
[0;32m[Debug info]üõ†Ô∏è  Colors info c:  üîç
[0m[0;32m[Debug info]üõ†Ô∏è  Colors info f:  üîç
[0m[0;32m[Debug info]üõ†Ô∏è  Textures info:  üîç
[0m[0;32m[Debug info] Texture north:[0mtextures/test/north.xpm
[0;32m[Debug info] Texture south:[0mtextures/test/south.xpm
[0;32m[Debug info] Texture west:[0mtextures/test/west.xpm
[0;32m[Debug info] Texture east:[0mtextures/test/east.xpm
[0;34m0[0;34m0[0;34m0[0;34m0[0;34m0[0;34m0[0;34m0[0;34m1
[0m[0;34m1[0;34m0[0;34m0[0;34m0[0;34m0[0;34m0[0;34m0[0;34m0[0;34m0[0;34m0[0;34m0[0;34m0[0;34m0[0;34m0[0;34m0[0;34m0[0;34m0[0;34m0[0;34m0[0;34m0[0;34m0[0;34m0[0;34m0[0;34m1
[0m[0;34m1[0;34m0[0;34m0[0;34m0[0;34m0[0;34m0[0;34m0[0;34m0[0;34m0[0;34m0[0;34m0[0;34m0[0;34m0[0;34m0[0;34m0[0;34m0[0;34m0[0;34m0[0;34m0[0;34m0[0;34m0[0;34m0[0;34m0[0;34m1
[0m[0;34m1[0;34m0[0;34m0[0;34m0[0;34m0[0;34m0[0;34m0[0;34m0[0;34m0[0;34m0[0;34m0[0;34m0[0;34m0[0;34m0[0;34m0[0;34m0[0;34m0[0;34m0[0;34m0[0;34m0[0;34m0[0;34m0[0;34m0[0;34m1
[0m[0;34m1[0;34m0[0;34m0[0;34m0[0;34m0[0;34m0[0;34m0[0;34m0[0;34m0[0;34m0[0;34m0[0;34m0[0;34m0[0;34m0[0;34m0[0;34m0[0;34m0[0;34m0[0;34m0[0;34m0[0;34m0[0;34m0[0;34m0[0;34m1
[0m[0;34m1[0;34m0[0;34m0[0;34m0[0;34m0[0;34m0[0;34m0[0;34m0[0;34m0[0;34m0[0;34m0[0;34m0[0;34m0[0;34m0[0;34m0[0;34m0[0;34m0[0;34m0[0;34m0[0;34m0[0;34m0[0;34m0[0;34m0[0;34m1
[0m[0;34m1[0;34m1[0;34m1[0;34m1[0;34m1[0;34m1[0;34m1[0;34m1[0;34m1[0;34m0[0;34m0[0;34m0[0;34m0[0;34m0[0;34m0[0;34m0[0;34m0[0;34m0[0;34m0[0;34m0[0;34m0[0;34m0[0;34m0[0;34m1
[0m[0;34m1[0;34m0[0;34m0[0;34m1[0;34m0[0;34m0[0;34m0[0;34m0[0;34m1[0;34m0[0;34m0[0;34m0[0;34m0[0;34m0[0;34m0[0;34m0[0;34m0[0;34m0[0;34m0[0;34m0[0;34m0[0;34m0[0;34m0[0;34m1
[0m[0;34m1[0;34m0[0;34m0[0;34m0[0;34m0[0;34m0[0;34m1[0;34m0[0;34m1[0;34m0[0;34m0[0;34m0[0;34m0[0;34m0[0;34m0[0;34m0[0;34m0[0;34m0[0;34m0[0;34m0[0;34m0[0;34m0[0;34m0[0;34m1
[0m[0;34m1[0;34m0[0;34m0[0;34m1[0;34m0[0;34m0[0;34m0[0;34m0[0;34m1[0;34m0[0;34m0[0;34m0[0;34m0[0;34m0[0;34m0[0;34m0[0;34m0[0;34m0[0;34m0[0;34m0[0;34m0[0;34m0[0;34m0[0;34m1
[0m[0;34m1[0;34m0[0;34m0[0;34m1[0;34m1[0;34m1[0;34m1[0;34m1[0;34m1[0;34m0[0;34m0[0;34m0[0;34m0[0;34m0[0;34m0[0;34m0[0;34m0[0;34m0[0;34m0[0;34m0[0;34m0[0;34m0[0;34m0[0;34m1
[0m[0;34m1[0;34m0[0;34m0[0;34m0[0;34m0[0;34m0[0;34m0[0;34m0[0;34m0[0;34m0[0;34m0[0;34m0[0;34m0[0;34m0[0;34m0[0;34m0[0;34m0[0;34m0[0;34m0[0;34m0[0;34m0[0;34m0[0;34m0[0;34m1
[0m[0;34m1[0;34m0[0;34m0[0;34m0[0;34m0[0;34m0[0;34m0[0;34m0[0;34m0[0;34m0[0;34m0[0;34m0[0;34m0[0;34m0[0;34m0[0;34m0[0;34m0[0;34m0[0;34m0[0;34m0[0;34m0[0;34m0[0;34m0[0;34m1
[0m[0;34m1[0;34m1[0;34m1[0;34m1[0;34m1[0;34m1[0;34m1[0;34m1[0;34m1[0;34m1[0;34m1[0;34m1[0;34m1[0;34m1[0;34m1[0;34m1[0;34m1[0;34m1[0;34m1[0;34m1[0;34m1[0;34m1[0;34m1[0;34m1
[0m[0;34m2[0;34m3[0;34m5
[0m[0;34m1[0;34m9[0;34m8
[0m[0;34m5[0;34m2
[0m[0;34m6[0;34m9
[0m[0;34m2[0;34m2[0;34m2
[0m[0;34m1[0;34m9[0;34m9
[0m[0;34m1[0;34m1[0;34m1[0;34m1[0;34m1[0;34m1[0;34m1[0;34m1[0;34m1[0;34m1[0;34m1[0;34m1[0;34m1[0;34m1[0;34m1[0;34m1[0;34m1[0;34m1[0;34m1[0;34m1[0;34m1[0;34m1[0;34m1[0;34m1
[0m[0;34m1[0;34m0[0;34m0[0;34m0[0;34m0[0;34m0[0;34m0[0;34m0[0;34m0[0;34m0[0;34m0[0;34m0[0;34m0[0;34m0[0;34m0[0;34m0[0;34m0[0;34m0[0;34m0[0;34m0[0;34m0[0;34m0[0;34m0[0;34m1
[0m[0;34m1[0;34m0[0;34m0[0;34m0[0;34m0[0;34m0[0;34m0[0;34m0[0;34m0[0;34m0[0;34m0[0;34m0[0;34m0[0;34m0[0;34m0[0;34m0[0;34m0[0;34m0[0;34m0[0;34m0[0;34m0[0;34m0[0;34m0[0;34m1
[0m[0;34m1[0;34m0[0;34m0[0;34m0[0;34m0[0;34m0[0;34m0[0;34m0[0;34m0[0;34mN[0;34m0[0;34m0[0;34m0[0;34m0[0;34m0[0;34m0[0;34m0[0;34m0[0;34m0[0;34m0[0;34m0[0;34m0[0;34m0[0;34m1
[0m[0;34m1[0;34m0[0;34m0[0;34m0[0;34m0[0;34m0[0;34m0[0;34m0[0;34m0[0;34m0[0;34m0[0;34m0[0;34m0[0;34m0[0;34m0[0;34m0[0;34m0[0;34m0[0;34m0[0;34m0[0;34m0[0;34m0[0;34m0[0;34m1
[0m[0;34m1[0;34m0[0;34m0[0;34m0[0;34m0[0;34m0[0;34m0[0;34m0[0;34m0[0;34m0[0;34m0[0;34m0[0;34m0[0;34m0[0;34m0[0;34m0[0;34m0[0;34m0[0;34m0[0;34m0[0;34m0[0;34m0[0;34m0[0;34m1
[0m[0;34m1[0;34m0[0;34m0[0;34m0[0;34m0[0;34m0[0;34m0[0;34m0[0;34m0[0;34m0[0;34m0[0;34m0[0;34m0[0;34m0[0;34m0[0;34m0[0;34m0[0;34m0[0;34m0[0;34m0[0;34m0[0;34m0[0;34m0[0;34m1
[0m[0;34m1[0;34m0[0;34m0[0;34m0[0;34m0[0;34m0[0;34m1[0;34m1[0;34m1[0;34m1[0;34m1[0;34m0[0;34m0[0;34m0[0;34m0[0;34m1[0;34m0[0;34m1[0;34m0[0;34m1[0;34m0[0;34m0[0;34m0[0;34m1
[0m[0;34m1[0;34m0[0;34m0[0;34m0[0;34m0[0;34m0[0;34m1[0;34m0[0;34m0[0;34m0[0;34m1[0;34m0[0;34m0[0;34m0[0;34m0[0;34m0[0;34m0[0;34m0[0;34m0[0;34m0[0;34m0[0;34m0[0;34m0[0;34m1
[0m[0;34m1[0;34m0[0;34m0[0;34m0[0;34m0[0;34m0[0;34m1[0;34m0[0;34m0[0;34m0[0;34m1[0;34m0[0;34m0[0;34m0[0;34m0[0;34m1[0;34m0[0;34m0[0;34m0[0;34m1[0;34m0[0;34m0[0;34m0[0;34m1
[0m[0;34m1[0;34m0[0;34m0[0;34m0[0;34m0[0;34m0[0;34m1[0;34m0[0;34m0[0;34m0[0;34m1[0;34m0[0;34m0[0;34m0[0;34m0[0;34m0[0;34m0[0;34m0[0;34m0[0;34m0[0;34m0[0;34m0[0;34m0[0;34m1
[0m[0;34m1[0;34m0[0;34m0[0;34m0[0;34m0[0;34m0[0;34m1[0;34m1[0;34m1[0;34m1[0;34m0[0;34m0[0;34m0[0;34m0[0;34m1[0;34m0[0;34m1[0;34m0[0;34m1[0;34m0[0;34m0[0;34m0[0;34m0[0;34m1
[0m[0;34m1[0;34m0[0;34m0[0;34m0[0;34m0[0;34m0[0;34m0[0;34m0[0;34m0[0;34m0[0;34m0[0;34m0[0;34m0[0;34m0[0;34m0[0;34m0[0;34m0[0;34m0[0;34m0[0;34m0[0;34m0[0;34m0[0;34m0[0;34m1
[0m[0;34m1[0;34m0[0;34m0[0;34m0[0;34m0[0;34m0[0;34m0[0;34m0[0;34m0[0;34m0[0;34m0[0;34m0[0;34m0[0;34m0[0;34m0[0;34m0[0;34m0[0;34m0[0;34m0[0;34m0[0;34m0[0;34m0[0;34m0[0;34m1
[0m[0;34m1[0;34m0[0;34m0[0;34m0[0;34m0[0;34m0[0;34m0[0;34m0[0;34m0[0;34m0[0;34m0[0;34m0[0;34m0[0;34m0[0;34m0[0;34m0[0;34m0[0;34m0[0;34m0[0;34m0[0;34m0[0;34m0[0;34m0[0;34m1
[0m[0;34m1[0;34m0[0;34m0[0;34m0[0;34m0[0;34m0[0;34m0[0;34m0[0;34m0[0;34m0[0;34m0[0;34m0[0;34m0[0;34m0[0;34m0[0;34m0[0;34m0[0;34m0[0;34m0[0;34m0[0;34m0[0;34m0[0;34m0[0;34m1
[0m[0;34m1[0;34m0[0;34m0[0;34m0[0;34m0[0;34m0[0;34m0[0;34m0[0;34m0[0;34m0[0;34m0[0;34m0[0;34m0[0;34m0[0;34m0[0;34m0[0;34m0[0;34m0[0;34m0[0;34m0[0;34m0[0;34m0[0;34m0[0;34m1
[0m[0;34m1[0;34m0[0;34m0[0;34m0[0;34m0[0;34m0[0;34m0[0;34m0[0;34m0[0;34m0[0;34m0[0;34m0[0;34m0[0;34m0[0;34m0[0;34m0[0;34m0[0;34m0[0;34m0[0;34m0[0;34m0[0;34m0[0;34m0[0;34m1
[0m[0;34m1[0;34m0[0;34m0[0;34m0[0;34m0[0;34m0[0;34m0[0;34m0[0;34m0[0;34m0[0;34m0[0;34m0[0;34m0[0;34m0[0;34m0[0;34m0[0;34m0[0;34m0[0;34m0[0;34m0[0;34m0[0;34m0[0;34m0[0;34m1
[0m[0;34m1[0;34m1[0;34m1[0;34m1[0;34m1[0;34m1[0;34m1[0;34m1[0;34m1[0;34m0[0;34m0[0;34m0[0;34m0[0;34m0[0;34m0[0;34m0[0;34m0[0;34m0[0;34m0[0;34m0[0;34m0[0;34m0[0;34m0[0;34m1
[0m[0;34m1[0;34m0[0;34m0[0;34m1[0;34m0[0;34m0[0;34m0[0;34m0[0;34m1[0;34m0[0;34m0[0;34m0[0;34m0[0;34m0[0;34m0[0;34m0[0;34m0[0;34m0[0;34m0[0;34m0[0;34m0[0;34m0[0;34m0[0;34m1
[0m[0;34m1[0;34m0[0;34m0[0;34m0[0;34m0[0;34m0[0;34m1[0;34m0[0;34m1[0;34m0[0;34m0[0;34m0[0;34m0[0;34m0[0;34m0[0;34m0[0;34m0[0;34m0[0;34m0[0;34m0[0;34m0[0;34m0[0;34m0[0;34m1
[0m[0;34m1[0;34m0[0;34m0[0;34m1[0;34m0[0;34m0[0;34m0[0;34m0[0;34m1[0;34m0[0;34m0[0;34m0[0;34m0[0;34m0[0;34m0[0;34m0[0;34m0[0;34m0[0;34m0[0;34m0[0;34m0[0;34m0[0;34m0[0;34m1
[0m[0;34m1[0;34m0[0;34m0[0;34m1[0;34m1[0;34m1[0;34m1[0;34m1[0;34m1[0;34m0[0;34m0[0;34m0[0;34m0[0;34m0[0;34m0[0;34m0[0;34m0[0;34m0[0;34m0[0;34m0[0;34m0[0;34m0[0;34m0[0;34m1
[0m[0;34m1[0;34m0[0;34m0[0;34m0[0;34m0[0;34m0[0;34m0[0;34m0[0;34m0[0;34m0[0;34m0[0;34m0[0;34m0[0;34m0[0;34m0[0;34m0[0;34m0[0;34m0[0;34m0[0;34m0[0;34m0[0;34m0[0;34m0[0;34m1
[0m[0;34m1[0;34m0[0;34m0[0;34m0[0;34m0[0;34m0[0;34m0[0;34m0[0;34m0[0;34m0[0;34m0[0;34m0[0;34m0[0;34m0[0;34m0[0;34m0[0;34m0[0;34m0[0;34m0[0;34m0[0;34m0[0;34m0[0;34m0[0;34m1
[0m[0;34m1[0;34m1[0;34m1[0;34m1[0;34m1[0;34m1[0;34m1[0;34m1[0;34m1[0;34m1[0;34m1[0;34m1[0;34m1[0;34m1[0;34m1[0;34m1[0;34m1[0;34m1[0;34m1[0;34m1[0;34m1[0;34m1[0;34m1[0;34m1
[0mExit code: 0
‚ö†Ô∏è No Valgrind alerts, but with leaks[0m  
==8142== Memcheck, a memory error detector
==8142== Copyright (C) 2002-2022, and GNU GPL'd, by Julian Seward et al.
==8142== Using Valgrind-3.22.0 and LibVEX; rerun with -h for copyright info
==8142== Command: ./cub3d ./maps/good/square_map.cub
==8142== Parent PID: 8081
==8142== 
==8142== 
==8142== HEAP SUMMARY:
==8142==     in use at exit: 2,338 bytes in 84 blocks
==8142==   total heap usage: 277 allocs, 193 frees, 17,008 bytes allocated
==8142== 
==8142== LEAK SUMMARY:
==8142==    definitely lost: 744 bytes in 10 blocks
==8142==    indirectly lost: 1,594 bytes in 74 blocks
==8142==      possibly lost: 0 bytes in 0 blocks
==8142==    still reachable: 0 bytes in 0 blocks
==8142==         suppressed: 0 bytes in 0 blocks
==8142== Rerun with --leak-check=full to see details of leaked memory
==8142== 
==8142== For lists of detected and suppressed errors, rerun with: -s
==8142== ERROR SUMMARY: 0 errors from 0 contexts (suppressed: 0 from 0)
Running valgrind on ./maps/good/subject_map.cub...

[0;34mN[0;34mO[0;34m [0;34mt[0;34me[0;34mx[0;34mt[0;34mu[0;34mr[0;34me[0;34ms[0;34m/[0;34mt[0;34me[0;34ms[0;34mt[0;34m/[0;34mn[0;34mo[0;34mr[0;34mt[0;34mh[0;34m.[0;34mx[0;34mp[0;34mm
[0m[0;34mS[0;34mO[0;34m [0;34mt[0;34me[0;34mx[0;34mt[0;34mu[0;34mr[0;34me[0;34ms[0;34m/[0;34mt[0;34me[0;34ms[0;34mt[0;34m/[0;34ms[0;34mo[0;34mu[0;34mt[0;34mh[0;34m.[0;34mx[0;34mp[0;34mm
[0m[0;34mW[0;34mE[0;34m [0;34mt[0;34me[0;34mx[0;34mt[0;34mu[0;34mr[0;34me[0;34ms[0;34m/[0;34mt[0;34me[0;34ms[0;34mt[0;34m/[0;34mw[0;34me[0;34ms[0;34mt[0;34m.[0;34mx[0;34mp[0;34mm
[0m[0;34mE[0;34mA[0;34m [0;34mt[0;34me[0;34mx[0;34mt[0;34mu[0;34mr[0;34me[0;34ms[0;34m/[0;34mt[0;34me[0;34ms[0;34mt[0;34m/[0;34me[0;34ma[0;34ms[0;34mt[0;34m.[0;34mx[0;34mp[0;34mm
[0m
[0m[0;34mF[0;34m [0;34m2[0;34m2[0;34m0[0;34m,[0;34m1[0;34m0[0;34m0[0;34m,[0;34m0
[0m[0;34mC[0;34m [0;34m2[0;34m2[0;34m5[0;34m,[0;34m3[0;34m0[0;34m,[0;34m0
[0m
[0m[0;34m [0;34m [0;34m [0;34m [0;34m [0;34m [0;34m [0;34m [0;34m1[0;34m1[0;34m1[0;34m1[0;34m1[0;34m1[0;34m1[0;34m1[0;34m1[0;34m1[0;34m1[0;34m1[0;34m1[0;34m1[0;34m1[0;34m1[0;34m1[0;34m1[0;34m1[0;34m1[0;34m1[0;34m1[0;34m1[0;34m1[0;34m1
[0m[0;34m [0;34m [0;34m [0;34m [0;34m [0;34m [0;34m [0;34m [0;34m1[0;34m0[0;34m0[0;34m0[0;34m0[0;34m0[0;34m0[0;34m0[0;34m0[0;34m0[0;34m1[0;34m1[0;34m0[0;34m0[0;34m0[0;34m0[0;34m0[0;34m0[0;34m0[0;34m0[0;34m0[0;34m0[0;34m0[0;34m0[0;34m1
[0m[0;34m [0;34m [0;34m [0;34m [0;34m [0;34m [0;34m [0;34m [0;34m1[0;34m0[0;34m1[0;34m1[0;34m0[0;34m0[0;34m0[0;34m0[0;34m0[0;34m1[0;34m1[0;34m1[0;34m0[0;34m0[0;34m0[0;34m0[0;34m0[0;34m0[0;34m0[0;34m0[0;34m0[0;34m0[0;34m0[0;34m0[0;34m1
[0m[0;34m [0;34m [0;34m [0;34m [0;34m [0;34m [0;34m [0;34m [0;34m1[0;34m0[0;34m0[0;34m1[0;34m0[0;34m0[0;34m0[0;34m0[0;34m0[0;34m0[0;34m0[0;34m0[0;34m0[0;34m0[0;34m0[0;34m0[0;34m0[0;34m0[0;34m0[0;34m0[0;34m0[0;34m0[0;34m0[0;34m0[0;34m1
[0m[0;34m1[0;34m1[0;34m1[0;34m1[0;34m1[0;34m1[0;34m1[0;34m1[0;34m1[0;34m0[0;34m1[0;34m1[0;34m0[0;34m0[0;34m0[0;34m0[0;34m0[0;34m1[0;34m1[0;34m1[0;34m0[0;34m0[0;34m0[0;34m0[0;34m0[0;34m0[0;34m0[0;34m0[0;34m0[0;34m0[0;34m0[0;34m0[0;34m1
[0m[0;34m1[0;34m0[0;34m0[0;34m0[0;34m0[0;34m0[0;34m0[0;34m0[0;34m0[0;34m0[0;34m1[0;34m1[0;34m0[0;34m0[0;34m0[0;34m0[0;34m0[0;34m1[0;34m1[0;34m1[0;34m0[0;34m1[0;34m1[0;34m1[0;34m1[0;34m1[0;34m1[0;34m1[0;34m1[0;34m1[0;34m1[0;34m1[0;34m1
[0m[0;34m1[0;34m1[0;34m1[0;34m1[0;34m0[0;34m1[0;34m1[0;34m1[0;34m1[0;34m1[0;34m1[0;34m1[0;34m1[0;34m1[0;34m0[0;34m1[0;34m1[0;34m1[0;34m0[0;34m0[0;34m0[0;34m0[0;34m0[0;34m0[0;34m1[0;34m0[0;34m0[0;34m0[0;34m1
[0m[0;34m1[0;34m1[0;34m1[0;34m1[0;34m0[0;34m1[0;34m1[0;34m1[0;34m1[0;34m1[0;34m1[0;34m1[0;34m1[0;34m1[0;34m0[0;34m1[0;34m1[0;34m1[0;34m0[0;34m1[0;34m0[0;34m1[0;34m0[0;34m0[0;34m1[0;34m0[0;34m0[0;34m0[0;34m1
[0m[0;34m1[0;34m1[0;34m0[0;34m0[0;34m0[0;34m0[0;34m0[0;34m0[0;34m1[0;34m1[0;34m0[0;34m1[0;34m0[0;34m1[0;34m0[0;34m1[0;34m1[0;34m1[0;34m0[0;34m0[0;34m0[0;34m0[0;34m0[0;34m0[0;34m1[0;34m0[0;34m0[0;34m0[0;34m1
[0m[0;34m1[0;34m0[0;34m0[0;34m0[0;34m0[0;34m0[0;34m0[0;34m0[0;34m0[0;34m0[0;34m0[0;34m0[0;34m0[0;34m0[0;34m0[0;34m0[0;34m1[0;34m1[0;34m0[0;34m0[0;34m0[0;34m0[0;34m0[0;34m0[0;34m1[0;34m0[0;34m0[0;34m0[0;34m1
[0m[0;34m1[0;34m0[0;34m0[0;34m0[0;34m0[0;34m0[0;34m0[0;34m0[0;34m0[0;34m0[0;34m0[0;34m0[0;34m0[0;34m0[0;34m0[0;34m0[0;34m1[0;34m1[0;34m0[0;34m1[0;34m0[0;34m1[0;34m0[0;34m0[0;34m1[0;34m0[0;34m0[0;34m0[0;34m1
[0m[0;34m1[0;34m1[0;34m0[0;34m0[0;34m0[0;34m0[0;34m0[0;34m1[0;34m1[0;34m1[0;34m0[0;34m1[0;34m0[0;34m1[0;34m0[0;34m1[0;34m1[0;34m1[0;34m1[0;34m1[0;34m0[0;34m1[0;34m1[0;34m1[0;34m1[0;34m0[0;34mN[0;34m0[0;34m1[0;34m1[0;34m1
[0m[0;34m1[0;34m1[0;[0;32m[Debug info]üõ†Ô∏è  Map info üîç
[0m[0;32m[Debug info] - Map width:[0m33
[0;32m[Debug info] - Map height:[0m14
[0;32m[Debug info]üõ†Ô∏è  Starting player position info üîç
[0m[0;32m[Debug info] - Player X:[0m26
[0;32m[Debug info] - Player Y:[0m11
[0;32m[Debug info] - Player Direction:[0mN
[0;32m[Debug info]üõ†Ô∏è  Colors info c:  üîç
[0m[0;32m[Debug info]üõ†Ô∏è  Colors info f:  üîç
[0m[0;32m[Debug info]üõ†Ô∏è  Textures info:  üîç
[0m[0;32m[Debug info] Texture north:[0mtextures/test/north.xpm
[0;32m[Debug info] Texture south:[0mtextures/test/south.xpm
[0;32m[Debug info] Texture west:[0mtextures/test/west.xpm
[0;32m[Debug info] Texture east:[0mtextures/test/east.xpm
34m1[0;34m1[0;34m0[0;34m1[0;34m1[0;34m1[0;34m [0;34m1[0;34m1[0;34m1[0;34m0[0;34m1[0;34m0[0;34m1[0;34m [0;34m1[0;34m0[0;34m1[0;34m1[0;34m1[0;34m1[0;34m0[0;34m1[0;34m0[0;34m0[0;34m0[0;34m1
[0m[0;34m1[0;34m1[0;34m1[0;34m1[0;34m1[0;34m1[0;34m1[0;34m1[0;34m [0;34m1[0;34m1[0;34m1[0;34m1[0;34m1[0;34m1[0;34m1[0;34m [0;34m1[0;34m1[0;34m1[0;34m1[0;34m1[0;34m1[0;34m1[0;34m1[0;34m1[0;34m1[0;34m1[0;34m1
[0m[0;34m2[0;34m2[0;34m5
[0m[0;34m3[0;34m0
[0m[0;34m0
[0m[0;34m2[0;34m2[0;34m0
[0m[0;34m1[0;34m0[0;34m0
[0m[0;34m0
[0m[0;34m1[0;34m1[0;34m1[0;34m1[0;34m1[0;34m1[0;34m1[0;34m1[0;34m1[0;34m1[0;34m1[0;34m1[0;34m1[0;34m1[0;34m1[0;34m1[0;34m1[0;34m1[0;34m1[0;34m1[0;34m1[0;34m1[0;34m1[0;34m1[0;34m1[0;34m1[0;34m1[0;34m1[0;34m1[0;34m1[0;34m1[0;34m1[0;34m1
[0m[0;34m1[0;34m1[0;34m1[0;34m1[0;34m1[0;34m1[0;34m1[0;34m1[0;34m1[0;34m0[0;34m0[0;34m0[0;34m0[0;34m0[0;34m0[0;34m0[0;34m0[0;34m0[0;34m1[0;34m1[0;34m0[0;34m0[0;34m0[0;34m0[0;34m0[0;34m0[0;34m0[0;34m0[0;34m0[0;34m0[0;34m0[0;34m0[0;34m1
[0m[0;34m1[0;34m1[0;34m1[0;34m1[0;34m1[0;34m1[0;34m1[0;34m1[0;34m1[0;34m0[0;34m1[0;34m1[0;34m0[0;34m0[0;34m0[0;34m0[0;34m0[0;34m1[0;34m1[0;34m1[0;34m0[0;34m0[0;34m0[0;34m0[0;34m0[0;34m0[0;34m0[0;34m0[0;34m0[0;34m0[0;34m0[0;34m0[0;34m1
[0m[0;34m1[0;34m1[0;34m1[0;34m1[0;34m1[0;34m1[0;34m1[0;34m1[0;34m1[0;34m0[0;34m0[0;34m1[0;34m0[0;34m0[0;34m0[0;34m0[0;34m0[0;34m0[0;34m0[0;34m0[0;34m0[0;34m0[0;34m0[0;34m0[0;34m0[0;34m0[0;34m0[0;34m0[0;34m0[0;34m0[0;34m0[0;34m0[0;34m1
[0m[0;34m1[0;34m1[0;34m1[0;34m1[0;34m1[0;34m1[0;34m1[0;34m1[0;34m1[0;34m0[0;34m1[0;34m1[0;34m0[0;34m0[0;34m0[0;34m0[0;34m0[0;34m1[0;34m1[0;34m1[0;34m0[0;34m0[0;34m0[0;34m0[0;34m0[0;34m0[0;34m0[0;34m0[0;34m0[0;34m0[0;34m0[0;34m0[0;34m1
[0m[0;34m1[0;34m0[0;34m0[0;34m0[0;34m0[0;34m0[0;34m0[0;34m0[0;34m0[0;34m0[0;34m1[0;34m1[0;34m0[0;34m0[0;34m0[0;34m0[0;34m0[0;34m1[0;34m1[0;34m1[0;34m0[0;34m1[0;34m1[0;34m1[0;34m1[0;34m1[0;34m1[0;34m1[0;34m1[0;34m1[0;34m1[0;34m1[0;34m1
[0m[0;34m1[0;34m1[0;34m1[0;34m1[0;34m0[0;34m1[0;34m1[0;34m1[0;34m1[0;34m1[0;34m1[0;34m1[0;34m1[0;34m1[0;34m0[0;34m1[0;34m1[0;34m1[0;34m0[0;34m0[0;34m0[0;34m0[0;34m0[0;34m0[0;34m1[0;34m0[0;34m0[0;34m0[0;34m1[0;34m1[0;34m1[0;34m1[0;34m1
[0m[0;34m1[0;34m1[0;34m1[0;34m1[0;34m0[0;34m1[0;34m1[0;34m1[0;34m1[0;34m1[0;34m1[0;34m1[0;34m1[0;34m1[0;34m0[0;34m1[0;34m1[0;34m1[0;34m0[0;34m1[0;34m0[0;34m1[0;34m0[0;34m0[0;34m1[0;34m0[0;34m0[0;34m0[0;34m1[0;34m1[0;34m1[0;34m1[0;34m1
[0m[0;34m1[0;34m1[0;34m0[0;34m0[0;34m0[0;34m0[0;34m0[0;34m0[0;34m1[0;34m1[0;34m0[0;34m1[0;34m0[0;34m1[0;34m0[0;34m1[0;34m1[0;34m1[0;34m0[0;34m0[0;34m0[0;34m0[0;34m0[0;34m0[0;34m1[0;34m0[0;34m0[0;34m0[0;34m1[0;34m1[0;34m1[0;34m1[0;34m1
[0m[0;34m1[0;34m0[0;34m0[0;34m0[0;34m0[0;34m0[0;34m0[0;34m0[0;34m0[0;34m0[0;34m0[0;34m0[0;34m0[0;34m0[0;34m0[0;34m0[0;34m1[0;34m1[0;34m0[0;34m0[0;34m0[0;34m0[0;34m0[0;34m0[0;34m1[0;34m0[0;34m0[0;34m0[0;34m1[0;34m1[0;34m1[0;34m1[0;34m1
[0m[0;34m1[0;34m0[0;34m0[0;34m0[0;34m0[0;34m0[0;34m0[0;34m0[0;34m0[0;34m0[0;34m0[0;34m0[0;34m0[0;34m0[0;34m0[0;34m0[0;34m1[0;34m1[0;34m0[0;34m1[0;34m0[0;34m1[0;34m0[0;34m0[0;34m1[0;34m0[0;34m0[0;34m0[0;34m1[0;34m1[0;34m1[0;34m1[0;34m1
[0m[0;34m1[0;34m1[0;34m0[0;34m0[0;34m0[0;34m0[0;34m0[0;34m1[0;34m1[0;34m1[0;34m0[0;34m1[0;34m0[0;34m1[0;34m0[0;34m1[0;34m1[0;34m1[0;34m1[0;34m1[0;34m0[0;34m1[0;34m1[0;34m1[0;34m1[0;34m0[0;34mN[0;34m0[0;34m1[0;34m1[0;34m1[0;34m1[0;34m1
[0m[0;34m1[0;34m1[0;34m1[0;34m1[0;34m0[0;34m1[0;34m1[0;34m1[0;34m1[0;34m1[0;34m1[0;34m1[0;34m0[0;34m1[0;34m0[0;34m1[0;34m1[0;34m1[0;34m0[0;34m1[0;34m1[0;34m1[0;34m1[0;34m0[0;34m1[0;34m0[0;34m0[0;34m0[0;34m1[0;34m1[0;34m1[0;34m1[0;34m1
[0m[0;34m1[0;34m1[0;34m1[0;34m1[0;34m1[0;34m1[0;34m1[0;34m1[0;34m1[0;34m1[0;34m1[0;34m1[0;34m1[0;34m1[0;34m1[0;34m1[0;34m1[0;34m1[0;34m1[0;34m1[0;34m1[0;34m1[0;34m1[0;34m1[0;34m1[0;34m1[0;34m1[0;34m1[0;34m1[0;34m1[0;34m1[0;34m1[0;34m1
[0mExit code: 0
‚ö†Ô∏è No Valgrind alerts, but with leaks[0m  
==8145== Memcheck, a memory error detector
==8145== Copyright (C) 2002-2022, and GNU GPL'd, by Julian Seward et al.
==8145== Using Valgrind-3.22.0 and LibVEX; rerun with -h for copyright info
==8145== Command: ./cub3d ./maps/good/subject_map.cub
==8145== Parent PID: 8081
==8145== 
==8145== 
==8145== HEAP SUMMARY:
==8145==     in use at exit: 1,575 bytes in 52 blocks
==8145==   total heap usage: 164 allocs, 112 frees, 10,128 bytes allocated
==8145== 
==8145== LEAK SUMMARY:
==8145==    definitely lost: 481 bytes in 10 blocks
==8145==    indirectly lost: 1,094 bytes in 42 blocks
==8145==      possibly lost: 0 bytes in 0 blocks
==8145==    still reachable: 0 bytes in 0 blocks
==8145==         suppressed: 0 bytes in 0 blocks
==8145== Rerun with --leak-check=full to see details of leaked memory
==8145== 
==8145== For lists of detected and suppressed errors, rerun with: -s
==8145== ERROR SUMMARY: 0 errors from 0 contexts (suppressed: 0 from 0)
Running valgrind on ./maps/good/test_map.cub...

[0;32m[Debug info]üõ†Ô∏è  Map info üîç
[0m[0;32m[Debug info] - Map width:[0m12
[0;32m[Debug info] - Map height:[0m8
[0;32m[Debug info]üõ†Ô∏è  Starting player position info üîç
[0m[0;32m[Debug info] - Player X:[0m2
[0;32m[Debug info] - Player Y:[0m4
[0;32m[Debug info] - Player Direction:[0mS
[0;32m[Debug info]üõ†Ô∏è  Colors info c:  üîç
[0m[0;32m[Debug info]üõ†Ô∏è  Colors info f:  üîç
[0m[0;32m[Debug info]üõ†Ô∏è  Textures info:  üîç
[0m[0;32m[Debug info] Texture north:[0mtextures/test/north.xpm
[0;32m[Debug info] Texture south:[0mtextures/test/south.xpm
[0;32m[Debug info] Texture west:[0mtextures/test/west.xpm
[0;32m[Debug info] Texture east:[0mtextures/test/east.xpm
[0;34mN[0;34mO[0;34m [0;34mt[0;34me[0;34mx[0;34mt[0;34mu[0;34mr[0;34me[0;34ms[0;34m/[0;34mt[0;34me[0;34ms[0;34mt[0;34m/[0;34mn[0;34mo[0;34mr[0;34mt[0;34mh[0;34m.[0;34mx[0;34mp[0;34mm
[0m[0;34mS[0;34mO[0;34m [0;34mt[0;34me[0;34mx[0;34mt[0;34mu[0;34mr[0;34me[0;34ms[0;34m/[0;34mt[0;34me[0;34ms[0;34mt[0;34m/[0;34ms[0;34mo[0;34mu[0;34mt[0;34mh[0;34m.[0;34mx[0;34mp[0;34mm
[0m[0;34mW[0;34mE[0;34m [0;34mt[0;34me[0;34mx[0;34mt[0;34mu[0;34mr[0;34me[0;34ms[0;34m/[0;34mt[0;34me[0;34ms[0;34mt[0;34m/[0;34mw[0;34me[0;34ms[0;34mt[0;34m.[0;34mx[0;34mp[0;34mm
[0m[0;34mE[0;34mA[0;34m [0;34mt[0;34me[0;34mx[0;34mt[0;34mu[0;34mr[0;34me[0;34ms[0;34m/[0;34mt[0;34me[0;34ms[0;34mt[0;34m/[0;34me[0;34ma[0;34ms[0;34mt[0;34m.[0;34mx[0;34mp[0;34mm
[0m
[0m[0;34mF[0;34m [0;34m1[0;34m8[0;34m,[0;34m5[0;34m3[0;34m,[0;34m2[0;34m5
[0m[0;34mC[0;34m [0;34m1[0;34m5[0;34m3[0;34m,[0;34m2[0;34m0[0;34m4[0;34m,[0;34m2[0;34m5[0;34m5
[0m
[0m[0;34m1[0;34m1[0;34m1[0;34m1[0;34m1[0;34m1[0;34m1[0;34m1[0;34m1[0;34m1[0;34m1[0;34m1
[0m[0;34m1[0;34m [0;34m [0;34m [0;34m [0;34m [0;34m [0;34m [0;34m [0;34m [0;34m1[0;34m1
[0m[0;34m1[0;34m [0;34m [0;34m [0;34m [0;34m [0;34m [0;34m [0;34m [0;34m [0;34m [0;34m1
[0m[0;34m1[0;34m1[0;34m1[0;34m1[0;34m1[0;34m1[0;34m1[0;34m1[0;34m1[0;34m1[0;34m1[0;34m1
[0m[0;34m1[0;34m0[0;34mS[0;34m0[0;34m0[0;34m0[0;34m0[0;34m0[0;34m0[0;34m0[0;34m0[0;34m1
[0m[0;34m1[0;34m1[0;34m1[0;34m1[0;34m1[0;34m1[0;34m1[0;34m1[0;34m1[0;34m1[0;34m1[0;34m1
[0m[0;34m1[0;34m1[0;34m [0;34m [0;34m [0;34m [0;34m [0;34m [0;34m [0;34m [0;34m [0;34m1
[0m[0;34m1[0;34m1[0;34m1[0;34m1[0;34m1[0;34m1[0;34m1[0;34m1[0;34m1[0;34m1[0;34m1[0;34m1
[0m[0;34m1[0;34m5[0;34m3
[0m[0;34m2[0;34m0[0;34m4
[0m[0;34m2[0;34m5[0;34m5
[0m[0;34m1[0;34m8
[0m[0;34m5[0;34m3
[0m[0;34m2[0;34m5
[0m[0;34m1[0;34m1[0;34m1[0;34m1[0;34m1[0;34m1[0;34m1[0;34m1[0;34m1[0;34m1[0;34m1[0;34m1
[0m[0;34m1[0;34m1[0;34m1[0;34m1[0;34m1[0;34m1[0;34m1[0;34m1[0;34m1[0;34m1[0;34m1[0;34m1
[0m[0;34m1[0;34m1[0;34m1[0;34m1[0;34m1[0;34m1[0;34m1[0;34m1[0;34m1[0;34m1[0;34m1[0;34m1
[0m[0;34m1[0;34m1[0;34m1[0;34m1[0;34m1[0;34m1[0;34m1[0;34m1[0;34m1[0;34m1[0;34m1[0;34m1
[0m[0;34m1[0;34m0[0;34mS[0;34m0[0;34m0[0;34m0[0;34m0[0;34m0[0;34m0[0;34m0[0;34m0[0;34m1
[0m[0;34m1[0;34m1[0;34m1[0;34m1[0;34m1[0;34m1[0;34m1[0;34m1[0;34m1[0;34m1[0;34m1[0;34m1
[0m[0;34m1[0;34m1[0;34m1[0;34m1[0;34m1[0;34m1[0;34m1[0;34m1[0;34m1[0;34m1[0;34m1[0;34m1
[0m[0;34m1[0;34m1[0;34m1[0;34m1[0;34m1[0;34m1[0;34m1[0;34m1[0;34m1[0;34m1[0;34m1[0;34m1
[0mExit code: 0
‚ö†Ô∏è No Valgrind alerts, but with leaks[0m  
==8148== Memcheck, a memory error detector
==8148== Copyright (C) 2002-2022, and GNU GPL'd, by Julian Seward et al.
==8148== Using Valgrind-3.22.0 and LibVEX; rerun with -h for copyright info
==8148== Command: ./cub3d ./maps/good/test_map.cub
==8148== Parent PID: 8081
==8148== 
==8148== 
==8148== HEAP SUMMARY:
==8148==     in use at exit: 765 bytes in 40 blocks
==8148==   total heap usage: 113 allocs, 73 frees, 7,229 bytes allocated
==8148== 
==8148== LEAK SUMMARY:
==8148==    definitely lost: 387 bytes in 10 blocks
==8148==    indirectly lost: 378 bytes in 30 blocks
==8148==      possibly lost: 0 bytes in 0 blocks
==8148==    still reachable: 0 bytes in 0 blocks
==8148==         suppressed: 0 bytes in 0 blocks
==8148== Rerun with --leak-check=full to see details of leaked memory
==8148== 
==8148== For lists of detected and suppressed errors, rerun with: -s
==8148== ERROR SUMMARY: 0 errors from 0 contexts (suppressed: 0 from 0)
Running valgrind on ./maps/good/test_map_hole.cub...

[0;32m[Debug info]üõ†Ô∏è  Map info üîç
[0m[0;32m[Debug info] - Map width:[0m12
[0;32m[Debug info] - Map height:[0m8
[0;32m[Debug info]üõ†Ô∏è  Starting player position info üîç
[0m[0;32m[Debug info] - Player X:[0m2
[0;32m[Debug info] - Player Y:[0m4
[0;32m[Debug info] - Player Direction:[0mS
[0;32m[Debug info]üõ†Ô∏è  Colors info c:  üîç
[0m[0;32m[Debug info]üõ†Ô∏è  Colors info f:  üîç
[0m[0;32m[Debug info]üõ†Ô∏è  Textures info:  üîç
[0m[0;32m[Debug info] Texture north:[0mtextures/test/north.xpm
[0;32m[Debug info] Texture south:[0mtextures/test/south.xpm
[0;32m[Debug info] Texture west:[0mtextures/test/west.xpm
[0;32m[Debug info] Texture east:[0mtextures/test/east.xpm
[0;34mN[0;34mO[0;34m [0;34mt[0;34me[0;34mx[0;34mt[0;34mu[0;34mr[0;34me[0;34ms[0;34m/[0;34mt[0;34me[0;34ms[0;34mt[0;34m/[0;34mn[0;34mo[0;34mr[0;34mt[0;34mh[0;34m.[0;34mx[0;34mp[0;34mm
[0m[0;34mS[0;34mO[0;34m [0;34mt[0;34me[0;34mx[0;34mt[0;34mu[0;34mr[0;34me[0;34ms[0;34m/[0;34mt[0;34me[0;34ms[0;34mt[0;34m/[0;34ms[0;34mo[0;34mu[0;34mt[0;34mh[0;34m.[0;34mx[0;34mp[0;34mm
[0m[0;34mW[0;34mE[0;34m [0;34mt[0;34me[0;34mx[0;34mt[0;34mu[0;34mr[0;34me[0;34ms[0;34m/[0;34mt[0;34me[0;34ms[0;34mt[0;34m/[0;34mw[0;34me[0;34ms[0;34mt[0;34m.[0;34mx[0;34mp[0;34mm
[0m[0;34mE[0;34mA[0;34m [0;34mt[0;34me[0;34mx[0;34mt[0;34mu[0;34mr[0;34me[0;34ms[0;34m/[0;34mt[0;34me[0;34ms[0;34mt[0;34m/[0;34me[0;34ma[0;34ms[0;34mt[0;34m.[0;34mx[0;34mp[0;34mm
[0m
[0m[0;34mF[0;34m [0;34m1[0;34m8[0;34m,[0;34m5[0;34m3[0;34m,[0;34m2[0;34m5
[0m[0;34mC[0;34m [0;34m1[0;34m5[0;34m3[0;34m,[0;34m2[0;34m0[0;34m4[0;34m,[0;34m2[0;34m5[0;34m5
[0m
[0m[0;34m1[0;34m1[0;34m1[0;34m1[0;34m1[0;34m1[0;34m1[0;34m1[0;34m1[0;34m1[0;34m1[0;34m1
[0m[0;34m1[0;34m [0;34m [0;34m [0;34m [0;34m [0;34m [0;34m [0;34m [0;34m [0;34m1[0;34m1
[0m[0;34m1[0;34m [0;34m [0;34m [0;34m [0;34m [0;34m [0;34m [0;34m0[0;34m0[0;34m0[0;34m1
[0m[0;34m1[0;34m0[0;34m0[0;34m0[0;34m0[0;34m0[0;34m0[0;34m [0;34m0[0;34m0[0;34m1[0;34m1
[0m[0;34m1[0;34m0[0;34mS[0;34m0[0;34m0[0;34m0[0;34m0[0;34m0[0;34m0[0;34m0[0;34m0[0;34m1
[0m[0;34m1[0;34m1[0;34m1[0;34m1[0;34m1[0;34m1[0;34m1[0;34m1[0;34m1[0;34m1[0;34m1[0;34m1
[0m[0;34m1[0;34m1[0;34m [0;34m [0;34m [0;34m [0;34m [0;34m [0;34m [0;34m [0;34m [0;34m1
[0m[0;34m1[0;34m1[0;34m1[0;34m1[0;34m1[0;34m1[0;34m1[0;34m1[0;34m1[0;34m1[0;34m1[0;34m1
[0m[0;34m1[0;34m5[0;34m3
[0m[0;34m2[0;34m0[0;34m4
[0m[0;34m2[0;34m5[0;34m5
[0m[0;34m1[0;34m8
[0m[0;34m5[0;34m3
[0m[0;34m2[0;34m5
[0m[0;34m1[0;34m1[0;34m1[0;34m1[0;34m1[0;34m1[0;34m1[0;34m1[0;34m1[0;34m1[0;34m1[0;34m1
[0m[0;34m1[0;34m1[0;34m1[0;34m1[0;34m1[0;34m1[0;34m1[0;34m1[0;34m1[0;34m1[0;34m1[0;34m1
[0m[0;34m1[0;34m1[0;34m1[0;34m1[0;34m1[0;34m1[0;34m1[0;34m1[0;34m0[0;34m0[0;34m0[0;34m1
[0m[0;34m1[0;34m0[0;34m0[0;34m0[0;34m0[0;34m0[0;34m0[0;34m1[0;34m0[0;34m0[0;34m1[0;34m1
[0m[0;34m1[0;34m0[0;34mS[0;34m0[0;34m0[0;34m0[0;34m0[0;34m0[0;34m0[0;34m0[0;34m0[0;34m1
[0m[0;34m1[0;34m1[0;34m1[0;34m1[0;34m1[0;34m1[0;34m1[0;34m1[0;34m1[0;34m1[0;34m1[0;34m1
[0m[0;34m1[0;34m1[0;34m1[0;34m1[0;34m1[0;34m1[0;34m1[0;34m1[0;34m1[0;34m1[0;34m1[0;34m1
[0m[0;34m1[0;34m1[0;34m1[0;34m1[0;34m1[0;34m1[0;34m1[0;34m1[0;34m1[0;34m1[0;34m1[0;34m1
[0mExit code: 0
‚ö†Ô∏è No Valgrind alerts, but with leaks[0m  
==8151== Memcheck, a memory error detector
==8151== Copyright (C) 2002-2022, and GNU GPL'd, by Julian Seward et al.
==8151== Using Valgrind-3.22.0 and LibVEX; rerun with -h for copyright info
==8151== Command: ./cub3d ./maps/good/test_map_hole.cub
==8151== Parent PID: 8081
==8151== 
==8151== 
==8151== HEAP SUMMARY:
==8151==     in use at exit: 765 bytes in 40 blocks
==8151==   total heap usage: 113 allocs, 73 frees, 7,229 bytes allocated
==8151== 
==8151== LEAK SUMMARY:
==8151==    definitely lost: 387 bytes in 10 blocks
==8151==    indirectly lost: 378 bytes in 30 blocks
==8151==      possibly lost: 0 bytes in 0 blocks
==8151==    still reachable: 0 bytes in 0 blocks
==8151==         suppressed: 0 bytes in 0 blocks
==8151== Rerun with --leak-check=full to see details of leaked memory
==8151== 
==8151== For lists of detected and suppressed errors, rerun with: -s
==8151== ERROR SUMMARY: 0 errors from 0 contexts (suppressed: 0 from 0)
Running valgrind on ./maps/good/test_pos_bottom.cub...

[0;32m[Debug info]üõ†Ô∏è  Map info üîç
[0m[0;32m[Debug info] - Map width:[0m3
[0;32m[Debug info] - Map height:[0m13
[0;32m[Debug info]üõ†Ô∏è  Starting player position info üîç
[0m[0;32m[Debug info] - Player X:[0m1
[0;32m[Debug info] - Player Y:[0m11
[0;32m[Debug info] - Player Direction:[0mS
[0;32m[Debug info]üõ†Ô∏è  Colors info c:  üîç
[0m[0;32m[Debug info]üõ†Ô∏è  Colors info f:  üîç
[0m[0;32m[Debug info]üõ†Ô∏è  Textures info:  üîç
[0m[0;32m[Debug info] Texture north:[0mtextures/test/north.xpm
[0;32m[Debug info] Texture south:[0mtextures/test/south.xpm
[0;32m[Debug info] Texture west:[0mtextures/test/west.xpm
[0;32m[Debug info] Texture east:[0mtextures/test/east.xpm
[0;34mN[0;34mO[0;34m [0;34mt[0;34me[0;34mx[0;34mt[0;34mu[0;34mr[0;34me[0;34ms[0;34m/[0;34mt[0;34me[0;34ms[0;34mt[0;34m/[0;34mn[0;34mo[0;34mr[0;34mt[0;34mh[0;34m.[0;34mx[0;34mp[0;34mm
[0m[0;34mS[0;34mO[0;34m [0;34mt[0;34me[0;34mx[0;34mt[0;34mu[0;34mr[0;34me[0;34ms[0;34m/[0;34mt[0;34me[0;34ms[0;34mt[0;34m/[0;34ms[0;34mo[0;34mu[0;34mt[0;34mh[0;34m.[0;34mx[0;34mp[0;34mm
[0m[0;34mW[0;34mE[0;34m [0;34mt[0;34me[0;34mx[0;34mt[0;34mu[0;34mr[0;34me[0;34ms[0;34m/[0;34mt[0;34me[0;34ms[0;34mt[0;34m/[0;34mw[0;34me[0;34ms[0;34mt[0;34m.[0;34mx[0;34mp[0;34mm
[0m[0;34mE[0;34mA[0;34m [0;34mt[0;34me[0;34mx[0;34mt[0;34mu[0;34mr[0;34me[0;34ms[0;34m/[0;34mt[0;34me[0;34ms[0;34mt[0;34m/[0;34me[0;34ma[0;34ms[0;34mt[0;34m.[0;34mx[0;34mp[0;34mm
[0m
[0m[0;34mF[0;34m [0;34m2[0;34m0[0;34m,[0;34m2[0;34m0[0;34m,[0;34m2[0;34m0
[0m[0;34mC[0;34m [0;34m2[0;34m0[0;34m0[0;34m,[0;34m2[0;34m0[0;34m0[0;34m,[0;34m2[0;34m0[0;34m0
[0m
[0m[0;34m1[0;34m1[0;34m1
[0m[0;34m1[0;34m0[0;34m1
[0m[0;34m1[0;34m0[0;34m1
[0m[0;34m1[0;34m0[0;34m1
[0m[0;34m1[0;34m0[0;34m1
[0m[0;34m1[0;34m0[0;34m1
[0m[0;34m1[0;34m0[0;34m1
[0m[0;34m1[0;34m0[0;34m1
[0m[0;34m1[0;34m0[0;34m1
[0m[0;34m1[0;34m0[0;34m1
[0m[0;34m1[0;34m0[0;34m1
[0m[0;34m1[0;34mS[0;34m1
[0m[0;34m1[0;34m1[0;34m1
[0m[0;34m2[0;34m0[0;34m0
[0m[0;34m2[0;34m0[0;34m0
[0m[0;34m2[0;34m0[0;34m0
[0m[0;34m2[0;34m0
[0m[0;34m2[0;34m0
[0m[0;34m2[0;34m0
[0m[0;34m1[0;34m1[0;34m1
[0m[0;34m1[0;34m0[0;34m1
[0m[0;34m1[0;34m0[0;34m1
[0m[0;34m1[0;34m0[0;34m1
[0m[0;34m1[0;34m0[0;34m1
[0m[0;34m1[0;34m0[0;34m1
[0m[0;34m1[0;34m0[0;34m1
[0m[0;34m1[0;34m0[0;34m1
[0m[0;34m1[0;34m0[0;34m1
[0m[0;34m1[0;34m0[0;34m1
[0m[0;34m1[0;34m0[0;34m1
[0m[0;34m1[0;34mS[0;34m1
[0m[0;34m1[0;34m1[0;34m1
[0mExit code: 0
‚ö†Ô∏è No Valgrind alerts, but with leaks[0m  
==8172== Memcheck, a memory error detector
==8172== Copyright (C) 2002-2022, and GNU GPL'd, by Julian Seward et al.
==8172== Using Valgrind-3.22.0 and LibVEX; rerun with -h for copyright info
==8172== Command: ./cub3d ./maps/good/test_pos_bottom.cub
==8172== Parent PID: 8081
==8172== 
==8172== 
==8172== HEAP SUMMARY:
==8172==     in use at exit: 746 bytes in 50 blocks
==8172==   total heap usage: 141 allocs, 91 frees, 8,007 bytes allocated
==8172== 
==8172== LEAK SUMMARY:
==8172==    definitely lost: 467 bytes in 10 blocks
==8172==    indirectly lost: 279 bytes in 40 blocks
==8172==      possibly lost: 0 bytes in 0 blocks
==8172==    still reachable: 0 bytes in 0 blocks
==8172==         suppressed: 0 bytes in 0 blocks
==8172== Rerun with --leak-check=full to see details of leaked memory
==8172== 
==8172== For lists of detected and suppressed errors, rerun with: -s
==8172== ERROR SUMMARY: 0 errors from 0 contexts (suppressed: 0 from 0)
Running valgrind on ./maps/good/test_pos_left.cub...

[0;32m[Debug info]üõ†Ô∏è  Map info üîç
[0m[0;32m[Debug info] - Map width:[0m21
[0;32m[Debug info] - Map height:[0m3
[0;32m[Debug info]üõ†Ô∏è  Starting player position info üîç
[0m[0;32m[Debug info] - Player X:[0m1
[0;32m[Debug info] - Player Y:[0m1
[0;32m[Debug info] - Player Direction:[0mW
[0;32m[Debug info]üõ†Ô∏è  Colors info c:  üîç
[0m[0;32m[Debug info]üõ†Ô∏è  Colors info f:  üîç
[0m[0;32m[Debug info]üõ†Ô∏è  Textures info:  üîç
[0m[0;32m[Debug info] Texture north:[0mtextures/test/north.xpm
[0;32m[Debug info] Texture south:[0mtextures/test/south.xpm
[0;32m[Debug info] Texture west:[0mtextures/test/west.xpm
[0;32m[Debug info] Texture east:[0mtextures/test/east.xpm
[0;34mN[0;34mO[0;34m [0;34mt[0;34me[0;34mx[0;34mt[0;34mu[0;34mr[0;34me[0;34ms[0;34m/[0;34mt[0;34me[0;34ms[0;34mt[0;34m/[0;34mn[0;34mo[0;34mr[0;34mt[0;34mh[0;34m.[0;34mx[0;34mp[0;34mm
[0m[0;34mS[0;34mO[0;34m [0;34mt[0;34me[0;34mx[0;34mt[0;34mu[0;34mr[0;34me[0;34ms[0;34m/[0;34mt[0;34me[0;34ms[0;34mt[0;34m/[0;34ms[0;34mo[0;34mu[0;34mt[0;34mh[0;34m.[0;34mx[0;34mp[0;34mm
[0m[0;34mW[0;34mE[0;34m [0;34mt[0;34me[0;34mx[0;34mt[0;34mu[0;34mr[0;34me[0;34ms[0;34m/[0;34mt[0;34me[0;34ms[0;34mt[0;34m/[0;34mw[0;34me[0;34ms[0;34mt[0;34m.[0;34mx[0;34mp[0;34mm
[0m[0;34mE[0;34mA[0;34m [0;34mt[0;34me[0;34mx[0;34mt[0;34mu[0;34mr[0;34me[0;34ms[0;34m/[0;34mt[0;34me[0;34ms[0;34mt[0;34m/[0;34me[0;34ma[0;34ms[0;34mt[0;34m.[0;34mx[0;34mp[0;34mm
[0m
[0m[0;34mF[0;34m [0;34m2[0;34m0[0;34m,[0;34m2[0;34m0[0;34m,[0;34m2[0;34m0
[0m[0;34mC[0;34m [0;34m2[0;34m0[0;34m0[0;34m,[0;34m2[0;34m0[0;34m0[0;34m,[0;34m2[0;34m0[0;34m0
[0m
[0m[0;34m1[0;34m1[0;34m1[0;34m1[0;34m1[0;34m1[0;34m1[0;34m1[0;34m1[0;34m1[0;34m1[0;34m1[0;34m1[0;34m1[0;34m1[0;34m1[0;34m1[0;34m1[0;34m1[0;34m1[0;34m1
[0m[0;34m1[0;34mW[0;34m0[0;34m0[0;34m0[0;34m0[0;34m0[0;34m0[0;34m0[0;34m0[0;34m0[0;34m0[0;34m0[0;34m0[0;34m0[0;34m0[0;34m0[0;34m0[0;34m0[0;34m0[0;34m1
[0m[0;34m1[0;34m1[0;34m1[0;34m1[0;34m1[0;34m1[0;34m1[0;34m1[0;34m1[0;34m1[0;34m1[0;34m1[0;34m1[0;34m1[0;34m1[0;34m1[0;34m1[0;34m1[0;34m1[0;34m1[0;34m1
[0m[0;34m2[0;34m0[0;34m0
[0m[0;34m2[0;34m0[0;34m0
[0m[0;34m2[0;34m0[0;34m0
[0m[0;34m2[0;34m0
[0m[0;34m2[0;34m0
[0m[0;34m2[0;34m0
[0m[0;34m1[0;34m1[0;34m1[0;34m1[0;34m1[0;34m1[0;34m1[0;34m1[0;34m1[0;34m1[0;34m1[0;34m1[0;34m1[0;34m1[0;34m1[0;34m1[0;34m1[0;34m1[0;34m1[0;34m1[0;34m1
[0m[0;34m1[0;34mW[0;34m0[0;34m0[0;34m0[0;34m0[0;34m0[0;34m0[0;34m0[0;34m0[0;34m0[0;34m0[0;34m0[0;34m0[0;34m0[0;34m0[0;34m0[0;34m0[0;34m0[0;34m0[0;34m1
[0m[0;34m1[0;34m1[0;34m1[0;34m1[0;34m1[0;34m1[0;34m1[0;34m1[0;34m1[0;34m1[0;34m1[0;34m1[0;34m1[0;34m1[0;34m1[0;34m1[0;34m1[0;34m1[0;34m1[0;34m1[0;34m1
[0mExit code: 0
‚ö†Ô∏è No Valgrind alerts, but with leaks[0m  
==8175== Memcheck, a memory error detector
==8175== Copyright (C) 2002-2022, and GNU GPL'd, by Julian Seward et al.
==8175== Using Valgrind-3.22.0 and LibVEX; rerun with -h for copyright info
==8175== Command: ./cub3d ./maps/good/test_pos_left.cub
==8175== Parent PID: 8081
==8175== 
==8175== 
==8175== HEAP SUMMARY:
==8175==     in use at exit: 604 bytes in 30 blocks
==8175==   total heap usage: 82 allocs, 52 frees, 6,237 bytes allocated
==8175== 
==8175== LEAK SUMMARY:
==8175==    definitely lost: 307 bytes in 10 blocks
==8175==    indirectly lost: 297 bytes in 20 blocks
==8175==      possibly lost: 0 bytes in 0 blocks
==8175==    still reachable: 0 bytes in 0 blocks
==8175==         suppressed: 0 bytes in 0 blocks
==8175== Rerun with --leak-check=full to see details of leaked memory
==8175== 
==8175== For lists of detected and suppressed errors, rerun with: -s
==8175== ERROR SUMMARY: 0 errors from 0 contexts (suppressed: 0 from 0)
Running valgrind on ./maps/good/test_pos_right.cub...

[0;32m[Debug info]üõ†Ô∏è  Map info üîç
[0m[0;32m[Debug info] - Map width:[0m21
[0;32m[Debug info] - Map height:[0m3
[0;32m[Debug info]üõ†Ô∏è  Starting player position info üîç
[0m[0;32m[Debug info] - Player X:[0m19
[0;32m[Debug info] - Player Y:[0m1
[0;32m[Debug info] - Player Direction:[0mE
[0;32m[Debug info]üõ†Ô∏è  Colors info c:  üîç
[0m[0;32m[Debug info]üõ†Ô∏è  Colors info f:  üîç
[0m[0;32m[Debug info]üõ†Ô∏è  Textures info:  üîç
[0m[0;32m[Debug info] Texture north:[0mtextures/test/north.xpm
[0;32m[Debug info] Texture south:[0mtextures/test/south.xpm
[0;32m[Debug info] Texture west:[0mtextures/test/west.xpm
[0;32m[Debug info] Texture east:[0mtextures/test/east.xpm
[0;34mN[0;34mO[0;34m [0;34mt[0;34me[0;34mx[0;34mt[0;34mu[0;34mr[0;34me[0;34ms[0;34m/[0;34mt[0;34me[0;34ms[0;34mt[0;34m/[0;34mn[0;34mo[0;34mr[0;34mt[0;34mh[0;34m.[0;34mx[0;34mp[0;34mm
[0m[0;34mS[0;34mO[0;34m [0;34mt[0;34me[0;34mx[0;34mt[0;34mu[0;34mr[0;34me[0;34ms[0;34m/[0;34mt[0;34me[0;34ms[0;34mt[0;34m/[0;34ms[0;34mo[0;34mu[0;34mt[0;34mh[0;34m.[0;34mx[0;34mp[0;34mm
[0m[0;34mW[0;34mE[0;34m [0;34mt[0;34me[0;34mx[0;34mt[0;34mu[0;34mr[0;34me[0;34ms[0;34m/[0;34mt[0;34me[0;34ms[0;34mt[0;34m/[0;34mw[0;34me[0;34ms[0;34mt[0;34m.[0;34mx[0;34mp[0;34mm
[0m[0;34mE[0;34mA[0;34m [0;34mt[0;34me[0;34mx[0;34mt[0;34mu[0;34mr[0;34me[0;34ms[0;34m/[0;34mt[0;34me[0;34ms[0;34mt[0;34m/[0;34me[0;34ma[0;34ms[0;34mt[0;34m.[0;34mx[0;34mp[0;34mm
[0m
[0m[0;34mF[0;34m [0;34m2[0;34m0[0;34m,[0;34m2[0;34m0[0;34m,[0;34m2[0;34m0
[0m[0;34mC[0;34m [0;34m2[0;34m0[0;34m0[0;34m,[0;34m2[0;34m0[0;34m0[0;34m,[0;34m2[0;34m0[0;34m0
[0m
[0m[0;34m1[0;34m1[0;34m1[0;34m1[0;34m1[0;34m1[0;34m1[0;34m1[0;34m1[0;34m1[0;34m1[0;34m1[0;34m1[0;34m1[0;34m1[0;34m1[0;34m1[0;34m1[0;34m1[0;34m1[0;34m1
[0m[0;34m1[0;34m0[0;34m0[0;34m0[0;34m0[0;34m0[0;34m0[0;34m0[0;34m0[0;34m0[0;34m0[0;34m0[0;34m0[0;34m0[0;34m0[0;34m0[0;34m0[0;34m0[0;34m0[0;34mE[0;34m1
[0m[0;34m1[0;34m1[0;34m1[0;34m1[0;34m1[0;34m1[0;34m1[0;34m1[0;34m1[0;34m1[0;34m1[0;34m1[0;34m1[0;34m1[0;34m1[0;34m1[0;34m1[0;34m1[0;34m1[0;34m1[0;34m1
[0m[0;34m2[0;34m0[0;34m0
[0m[0;34m2[0;34m0[0;34m0
[0m[0;34m2[0;34m0[0;34m0
[0m[0;34m2[0;34m0
[0m[0;34m2[0;34m0
[0m[0;34m2[0;34m0
[0m[0;34m1[0;34m1[0;34m1[0;34m1[0;34m1[0;34m1[0;34m1[0;34m1[0;34m1[0;34m1[0;34m1[0;34m1[0;34m1[0;34m1[0;34m1[0;34m1[0;34m1[0;34m1[0;34m1[0;34m1[0;34m1
[0m[0;34m1[0;34m0[0;34m0[0;34m0[0;34m0[0;34m0[0;34m0[0;34m0[0;34m0[0;34m0[0;34m0[0;34m0[0;34m0[0;34m0[0;34m0[0;34m0[0;34m0[0;34m0[0;34m0[0;34mE[0;34m1
[0m[0;34m1[0;34m1[0;34m1[0;34m1[0;34m1[0;34m1[0;34m1[0;34m1[0;34m1[0;34m1[0;34m1[0;34m1[0;34m1[0;34m1[0;34m1[0;34m1[0;34m1[0;34m1[0;34m1[0;34m1[0;34m1
[0mExit code: 0
‚ö†Ô∏è No Valgrind alerts, but with leaks[0m  
==8199== Memcheck, a memory error detector
==8199== Copyright (C) 2002-2022, and GNU GPL'd, by Julian Seward et al.
==8199== Using Valgrind-3.22.0 and LibVEX; rerun with -h for copyright info
==8199== Command: ./cub3d ./maps/good/test_pos_right.cub
==8199== Parent PID: 8081
==8199== 
==8199== 
==8199== HEAP SUMMARY:
==8199==     in use at exit: 604 bytes in 30 blocks
==8199==   total heap usage: 82 allocs, 52 frees, 6,237 bytes allocated
==8199== 
==8199== LEAK SUMMARY:
==8199==    definitely lost: 307 bytes in 10 blocks
==8199==    indirectly lost: 297 bytes in 20 blocks
==8199==      possibly lost: 0 bytes in 0 blocks
==8199==    still reachable: 0 bytes in 0 blocks
==8199==         suppressed: 0 bytes in 0 blocks
==8199== Rerun with --leak-check=full to see details of leaked memory
==8199== 
==8199== For lists of detected and suppressed errors, rerun with: -s
==8199== ERROR SUMMARY: 0 errors from 0 contexts (suppressed: 0 from 0)
Running valgrind on ./maps/good/test_pos_top.cub...

[0;32m[Debug info]üõ†Ô∏è  Map info üîç
[0m[0;32m[Debug info] - Map width:[0m3
[0;32m[Debug info] - Map height:[0m13
[0;32m[Debug info]üõ†Ô∏è  Starting player position info üîç
[0m[0;32m[Debug info] - Player X:[0m1
[0;32m[Debug info] - Player Y:[0m1
[0;32m[Debug info] - Player Direction:[0mN
[0;32m[Debug info]üõ†Ô∏è  Colors info c:  üîç
[0m[0;32m[Debug info]üõ†Ô∏è  Colors info f:  üîç
[0m[0;32m[Debug info]üõ†Ô∏è  Textures info:  üîç
[0m[0;32m[Debug info] Texture north:[0mtextures/test/north.xpm
[0;32m[Debug info] Texture south:[0mtextures/test/south.xpm
[0;32m[Debug info] Texture west:[0mtextures/test/west.xpm
[0;32m[Debug info] Texture east:[0mtextures/test/east.xpm
[0;34mN[0;34mO[0;34m [0;34mt[0;34me[0;34mx[0;34mt[0;34mu[0;34mr[0;34me[0;34ms[0;34m/[0;34mt[0;34me[0;34ms[0;34mt[0;34m/[0;34mn[0;34mo[0;34mr[0;34mt[0;34mh[0;34m.[0;34mx[0;34mp[0;34mm
[0m[0;34mS[0;34mO[0;34m [0;34mt[0;34me[0;34mx[0;34mt[0;34mu[0;34mr[0;34me[0;34ms[0;34m/[0;34mt[0;34me[0;34ms[0;34mt[0;34m/[0;34ms[0;34mo[0;34mu[0;34mt[0;34mh[0;34m.[0;34mx[0;34mp[0;34mm
[0m[0;34mW[0;34mE[0;34m [0;34mt[0;34me[0;34mx[0;34mt[0;34mu[0;34mr[0;34me[0;34ms[0;34m/[0;34mt[0;34me[0;34ms[0;34mt[0;34m/[0;34mw[0;34me[0;34ms[0;34mt[0;34m.[0;34mx[0;34mp[0;34mm
[0m[0;34mE[0;34mA[0;34m [0;34mt[0;34me[0;34mx[0;34mt[0;34mu[0;34mr[0;34me[0;34ms[0;34m/[0;34mt[0;34me[0;34ms[0;34mt[0;34m/[0;34me[0;34ma[0;34ms[0;34mt[0;34m.[0;34mx[0;34mp[0;34mm
[0m
[0m[0;34mF[0;34m [0;34m2[0;34m0[0;34m,[0;34m2[0;34m0[0;34m,[0;34m2[0;34m0
[0m[0;34mC[0;34m [0;34m2[0;34m0[0;34m0[0;34m,[0;34m2[0;34m0[0;34m0[0;34m,[0;34m2[0;34m0[0;34m0
[0m
[0m[0;34m1[0;34m1[0;34m1
[0m[0;34m1[0;34mN[0;34m1
[0m[0;34m1[0;34m0[0;34m1
[0m[0;34m1[0;34m0[0;34m1
[0m[0;34m1[0;34m0[0;34m1
[0m[0;34m1[0;34m0[0;34m1
[0m[0;34m1[0;34m0[0;34m1
[0m[0;34m1[0;34m0[0;34m1
[0m[0;34m1[0;34m0[0;34m1
[0m[0;34m1[0;34m0[0;34m1
[0m[0;34m1[0;34m0[0;34m1
[0m[0;34m1[0;34m0[0;34m1
[0m[0;34m1[0;34m1[0;34m1
[0m[0;34m2[0;34m0[0;34m0
[0m[0;34m2[0;34m0[0;34m0
[0m[0;34m2[0;34m0[0;34m0
[0m[0;34m2[0;34m0
[0m[0;34m2[0;34m0
[0m[0;34m2[0;34m0
[0m[0;34m1[0;34m1[0;34m1
[0m[0;34m1[0;34mN[0;34m1
[0m[0;34m1[0;34m0[0;34m1
[0m[0;34m1[0;34m0[0;34m1
[0m[0;34m1[0;34m0[0;34m1
[0m[0;34m1[0;34m0[0;34m1
[0m[0;34m1[0;34m0[0;34m1
[0m[0;34m1[0;34m0[0;34m1
[0m[0;34m1[0;34m0[0;34m1
[0m[0;34m1[0;34m0[0;34m1
[0m[0;34m1[0;34m0[0;34m1
[0m[0;34m1[0;34m0[0;34m1
[0m[0;34m1[0;34m1[0;34m1
[0mExit code: 0
‚ö†Ô∏è No Valgrind alerts, but with leaks[0m  
==8202== Memcheck, a memory error detector
==8202== Copyright (C) 2002-2022, and GNU GPL'd, by Julian Seward et al.
==8202== Using Valgrind-3.22.0 and LibVEX; rerun with -h for copyright info
==8202== Command: ./cub3d ./maps/good/test_pos_top.cub
==8202== Parent PID: 8081
==8202== 
==8202== 
==8202== HEAP SUMMARY:
==8202==     in use at exit: 746 bytes in 50 blocks
==8202==   total heap usage: 141 allocs, 91 frees, 8,007 bytes allocated
==8202== 
==8202== LEAK SUMMARY:
==8202==    definitely lost: 467 bytes in 10 blocks
==8202==    indirectly lost: 279 bytes in 40 blocks
==8202==      possibly lost: 0 bytes in 0 blocks
==8202==    still reachable: 0 bytes in 0 blocks
==8202==         suppressed: 0 bytes in 0 blocks
==8202== Rerun with --leak-check=full to see details of leaked memory
==8202== 
==8202== For lists of detected and suppressed errors, rerun with: -s
==8202== ERROR SUMMARY: 0 errors from 0 contexts (suppressed: 0 from 0)
Running valgrind on ./maps/good/test_textures.cub...

[0;32m[Debug info]üõ†Ô∏è  Map info üîç
[0m[0;32m[Debug info] - Map width:[0m5
[0;32m[Debug info] - Map height:[0m13
[0;32m[Debug info]üõ†Ô∏è  Starting player position info üîç
[0m[0;32m[Debug info] - Player X:[0m2
[0;32m[Debug info] - Player Y:[0m2
[0;32m[Debug info] - Player Direction:[0mS
[0;32m[Debug info]üõ†Ô∏è  Colors info c:  üîç
[0m[0;32m[Debug info]üõ†Ô∏è  Colors info f:  üîç
[0m[0;32m[Debug info]üõ†Ô∏è  Textures info:  üîç
[0m[0;32m[Debug info] Texture north:[0mtextures/test/north.xpm
[0;32m[Debug info] Texture south:[0mtextures/test/south.xpm
[0;32m[Debug info] Texture west:[0mtextures/test/west.xpm
[0;32m[Debug info] Texture east:[0mtextures/test/east.xpm
[0;34mN[0;34mO[0;34m [0;34mt[0;34me[0;34mx[0;34mt[0;34mu[0;34mr[0;34me[0;34ms[0;34m/[0;34mt[0;34me[0;34ms[0;34mt[0;34m/[0;34mn[0;34mo[0;34mr[0;34mt[0;34mh[0;34m.[0;34mx[0;34mp[0;34mm
[0m[0;34mS[0;34mO[0;34m [0;34mt[0;34me[0;34mx[0;34mt[0;34mu[0;34mr[0;34me[0;34ms[0;34m/[0;34mt[0;34me[0;34ms[0;34mt[0;34m/[0;34ms[0;34mo[0;34mu[0;34mt[0;34mh[0;34m.[0;34mx[0;34mp[0;34mm
[0m[0;34mW[0;34mE[0;34m [0;34mt[0;34me[0;34mx[0;34mt[0;34mu[0;34mr[0;34me[0;34ms[0;34m/[0;34mt[0;34me[0;34ms[0;34mt[0;34m/[0;34mw[0;34me[0;34ms[0;34mt[0;34m.[0;34mx[0;34mp[0;34mm
[0m[0;34mE[0;34mA[0;34m [0;34mt[0;34me[0;34mx[0;34mt[0;34mu[0;34mr[0;34me[0;34ms[0;34m/[0;34mt[0;34me[0;34ms[0;34mt[0;34m/[0;34me[0;34ma[0;34ms[0;34mt[0;34m.[0;34mx[0;34mp[0;34mm
[0m
[0m[0;34mF[0;34m [0;34m2[0;34m0[0;34m,[0;34m2[0;34m0[0;34m,[0;34m2[0;34m0
[0m[0;34mC[0;34m [0;34m2[0;34m0[0;34m0[0;34m,[0;34m2[0;34m0[0;34m0[0;34m,[0;34m2[0;34m0[0;34m0
[0m
[0m[0;34m1[0;34m1[0;34m1[0;34m1[0;34m1
[0m[0;34m1[0;34m0[0;34m0[0;34m0[0;34m1
[0m[0;34m1[0;34m0[0;34mS[0;34m0[0;34m1
[0m[0;34m1[0;34m0[0;34m0[0;34m0[0;34m1
[0m[0;34m1[0;34m0[0;34m0[0;34m0[0;34m1
[0m[0;34m1[0;34m0[0;34m0[0;34m0[0;34m1
[0m[0;34m1[0;34m1[0;34m0[0;34m0[0;34m1
[0m[0;34m1[0;34m0[0;34m0[0;34m0[0;34m1
[0m[0;34m1[0;34m0[0;34m0[0;34m0[0;34m1
[0m[0;34m1[0;34m0[0;34m0[0;34m0[0;34m1
[0m[0;34m1[0;34m0[0;34m0[0;34m0[0;34m1
[0m[0;34m1[0;34m0[0;34m0[0;34m0[0;34m1
[0m[0;34m1[0;34m1[0;34m1[0;34m1[0;34m1
[0m[0;34m2[0;34m0[0;34m0
[0m[0;34m2[0;34m0[0;34m0
[0m[0;34m2[0;34m0[0;34m0
[0m[0;34m2[0;34m0
[0m[0;34m2[0;34m0
[0m[0;34m2[0;34m0
[0m[0;34m1[0;34m1[0;34m1[0;34m1[0;34m1
[0m[0;34m1[0;34m0[0;34m0[0;34m0[0;34m1
[0m[0;34m1[0;34m0[0;34mS[0;34m0[0;34m1
[0m[0;34m1[0;34m0[0;34m0[0;34m0[0;34m1
[0m[0;34m1[0;34m0[0;34m0[0;34m0[0;34m1
[0m[0;34m1[0;34m0[0;34m0[0;34m0[0;34m1
[0m[0;34m1[0;34m1[0;34m0[0;34m0[0;34m1
[0m[0;34m1[0;34m0[0;34m0[0;34m0[0;34m1
[0m[0;34m1[0;34m0[0;34m0[0;34m0[0;34m1
[0m[0;34m1[0;34m0[0;34m0[0;34m0[0;34m1
[0m[0;34m1[0;34m0[0;34m0[0;34m0[0;34m1
[0m[0;34m1[0;34m0[0;34m0[0;34m0[0;34m1
[0m[0;34m1[0;34m1[0;34m1[0;34m1[0;34m1
[0mExit code: 0
‚ö†Ô∏è No Valgrind alerts, but with leaks[0m  
==8205== Memcheck, a memory error detector
==8205== Copyright (C) 2002-2022, and GNU GPL'd, by Julian Seward et al.
==8205== Using Valgrind-3.22.0 and LibVEX; rerun with -h for copyright info
==8205== Command: ./cub3d ./maps/good/test_textures.cub
==8205== Parent PID: 8081
==8205== 
==8205== 
==8205== HEAP SUMMARY:
==8205==     in use at exit: 798 bytes in 50 blocks
==8205==   total heap usage: 142 allocs, 92 frees, 8,146 bytes allocated
==8205== 
==8205== LEAK SUMMARY:
==8205==    definitely lost: 467 bytes in 10 blocks
==8205==    indirectly lost: 331 bytes in 40 blocks
==8205==      possibly lost: 0 bytes in 0 blocks
==8205==    still reachable: 0 bytes in 0 blocks
==8205==         suppressed: 0 bytes in 0 blocks
==8205== Rerun with --leak-check=full to see details of leaked memory
==8205== 
==8205== For lists of detected and suppressed errors, rerun with: -s
==8205== ERROR SUMMARY: 0 errors from 0 contexts (suppressed: 0 from 0)
Running valgrind on ./maps/good/test_whitespace.cub...

[0;31m Error:[Map check in file] Empty line found
[0m 
[0m
[0m
[0m
[0m
[0m
[0m
[0m
[0m[0;34mN[0;34mO[0;34m [0;34mt[0;34me[0;34mx[0;34mt[0;34mu[0;34mr[0;34me[0;34ms[0;34m/[0;34mt[0;34me[0;34ms[0;34mt[0;34m/[0;34mn[0;34mo[0;34mr[0;34mt[0;34mh[0;34m.[0;34mx[0;34mp[0;34mm
[0m
[0m
[0m
[0m
[0m
[0m
[0m
[0m
[0m[0;34mS[0;34mO[0;34m [0;34mt[0;34me[0;34mx[0;34mt[0;34mu[0;34mr[0;34me[0;34ms[0;34m/[0;34mt[0;34me[0;34ms[0;34mt[0;34m/[0;34ms[0;34mo[0;34mu[0;34mt[0;34mh[0;34m.[0;34mx[0;34mp[0;34mm
[0m[0;34m [0;34m [0;34m [0;34m [0;34m [0;34m [0;34m [0;34m [0;34m [0;34m [0;34m [0;34m [0;34m [0;34m [0;34m [0;34m [0;34m [0;34m [0;34m [0;34m [0;34m [0;34m [0;34m [0;34m [0;34mW[0;34mE[0;34m [0;34mt[0;34me[0;34mx[0;34mt[0;34mu[0;34mr[0;34me[0;34ms[0;34m/[0;34mt[0;34me[0;34ms[0;34mt[0;34m/[0;34mw[0;34me[0;34ms[0;34mt[0;34m.[0;34mx[0;34mp[0;34mm
[0m[0;34m [0;34m [0;34m [0;34m [0;34m [0;34m [0;34m [0;34m [0;34mE[0;34mA[0;34m [0;34mt[0;34me[0;34mx[0;34mt[0;34mu[0;34mr[0;34me[0;34ms[0;34m/[0;34mt[0;34me[0;34ms[0;34mt[0;34m/[0;34me[0;34ma[0;34ms[0;34mt[0;34m.[0;34mx[0;34mp[0;34mm[0;34m [0;34m [0;34m [0;34m [0;34m [0;34m [0;34m [0;34m [0;34m [0;34m [0;34m [0;34m 
[0m
[0m[0;34m [0;34m [0;34m [0;34m [0;34m [0;34m [0;34m [0;34m [0;34mF[0;34m [0;34m2[0;34m0[0;34m,[0;34m [0;34m [0;34m [0;34m [0;34m [0;34m [0;34m [0;34m [0;34m [0;34m [0;34m [0;34m2[0;34m0[0;34m,[0;34m [0;34m [0;34m [0;34m [0;34m [0;34m [0;34m [0;34m [0;34m [0;34m [0;34m [0;34m [0;34m [0;34m2[0;34m0
[0m[0;34mC[0;34m [0;34m2[0;34m0[0;34m0[0;34m,[0;34m [0;34m [0;34m [0;34m [0;34m [0;34m [0;34m [0;34m [0;34m [0;34m [0;34m2[0;34m0[0;34m0[0;34m,[0;34m2[0;34m0[0;34m0
[0m
[0m[0;34m1[0;34m1[0;34m1[0;34m1[0;34m1
[0m[0;34m1[0;34m0[0;34m0[0;34m0[0;34m1
[0m[0;34m1[0;34m0[0;34mS[0;34m0[0;34m1[0;34m [0;34m [0;34m [0;34m [0;34m [0;34m [0;34m [0;34m [0;34m [0;34m [0;34m [0;34m [0;34m [0;34m [0;34m [0;34m 
[0m[0;34m1[0;34m0[0;34m0[0;34m0[0;34m1
[0m[0;34m1[0;34m0[0;34m0[0;34m0[0;34m1
[0m[0;34m1[0;34m0[0;34m0[0;34m0[0;34m1
[0m[0;34m1[0;34m1[0;34m0[0;34m0[0;34m1[0;34m [0;34m [0;34m [0;34m [0;34m [0;34m [0;34m [0;34m [0;34m [0;34m [0;34m [0;34m [0;34m [0;34m [0;34m 
[0m[0;34m1[0;34m0[0;34m0[0;34m0[0;34m1
[0m[0;34m1[0;34m0[0;34m0[0;34m0[0;34m1
[0m[0;34m1[0;34m0[0;34m0[0;34m0[0;34m1
[0m[0;34m1[0;34m0[0;34m0[0;34m0[0;34m1
[0m[0;34m1[0;34m0[0;34m0[0;34m0[0;34m1
[0m[0;34m1[0;34m1[0;34m1[0;34m1[0;34m1[0;34m [0;34m [0;34m [0;34m [0;34m [0;34m [0;34m [0;34m [0;34m [0;34m [0;34m 
[0m
[0m[0;34m [0;34m [0;34m [0;34m [0;34m [0;34m [0;34m [0;34m 
[0m
[0m
[0m
[0m
[0m
[0m
[0m
[0m
[0m
[0m
[0m
[0m
[0m
[0m
[0m
[0m
[0m
[0m
[0m
[0m
[0m
[0mExit code: 1
‚ö†Ô∏è No Valgrind alerts, but with leaks[0m  
==8212== Memcheck, a memory error detector
==8212== Copyright (C) 2002-2022, and GNU GPL'd, by Julian Seward et al.
==8212== Using Valgrind-3.22.0 and LibVEX; rerun with -h for copyright info
==8212== Command: ./cub3d ./maps/good/test_whitespace.cub
==8212== Parent PID: 8081
==8212== 
==8212== 
==8212== HEAP SUMMARY:
==8212==     in use at exit: 934 bytes in 61 blocks
==8212==   total heap usage: 263 allocs, 202 frees, 22,612 bytes allocated
==8212== 
==8212== LEAK SUMMARY:
==8212==    definitely lost: 488 bytes in 1 blocks
==8212==    indirectly lost: 446 bytes in 60 blocks
==8212==      possibly lost: 0 bytes in 0 blocks
==8212==    still reachable: 0 bytes in 0 blocks
==8212==         suppressed: 0 bytes in 0 blocks
==8212== Rerun with --leak-check=full to see details of leaked memory
==8212== 
==8212== For lists of detected and suppressed errors, rerun with: -s
==8212== ERROR SUMMARY: 0 errors from 0 contexts (suppressed: 0 from 0)
Running valgrind on ./maps/good/works.cub...

[0;32m[Debug info]üõ†Ô∏è  Map info üîç
[0m[0;32m[Debug info] - Map width:[0m25
[0;32m[Debug info] - Map height:[0m6
[0;32m[Debug info]üõ†Ô∏è  Starting player position info üîç
[0m[0;32m[Debug info] - Player X:[0m2
[0;32m[Debug info] - Player Y:[0m1
[0;32m[Debug info] - Player Direction:[0mS
[0;32m[Debug info]üõ†Ô∏è  Colors info c:  üîç
[0m[0;32m[Debug info]üõ†Ô∏è  Colors info f:  üîç
[0m[0;32m[Debug info]üõ†Ô∏è  Textures info:  üîç
[0m[0;32m[Debug info] Texture north:[0mtextures/test/north.xpm
[0;32m[Debug info] Texture south:[0mtextures/test/south.xpm
[0;32m[Debug info] Texture west:[0mtextures/test/west.xpm
[0;32m[Debug info] Texture east:[0mtextures/test/east.xpm
[0;34m [0;34m [0;34m [0;34mW[0;34mE[0;34m [0;34m [0;34m [0;34m [0;34m [0;34m [0;34m [0;34m [0;34m [0;34m [0;34m [0;34m [0;34m [0;34m [0;34m [0;34m [0;34m [0;34m [0;34m [0;34m [0;34m [0;34m [0;34m [0;34m [0;34m [0;34m [0;34m [0;34m [0;34mt[0;34me[0;34mx[0;34mt[0;34mu[0;34mr[0;34me[0;34ms[0;34m/[0;34mt[0;34me[0;34ms[0;34mt[0;34m/[0;34mw[0;34me[0;34ms[0;34mt[0;34m.[0;34mx[0;34mp[0;34mm
[0m[0;34mN[0;34mO[0;34m [0;34m [0;34m [0;34m [0;34m [0;34m [0;34mt[0;34me[0;34mx[0;34mt[0;34mu[0;34mr[0;34me[0;34ms[0;34m/[0;34mt[0;34me[0;34ms[0;34mt[0;34m/[0;34mn[0;34mo[0;34mr[0;34mt[0;34mh[0;34m.[0;34mx[0;34mp[0;34mm
[0m
[0m
[0m
[0m[0;34mS[0;34mO[0;34m [0;34mt[0;34me[0;34mx[0;34mt[0;34mu[0;34mr[0;34me[0;34ms[0;34m/[0;34mt[0;34me[0;34ms[0;34mt[0;34m/[0;34ms[0;34mo[0;34mu[0;34mt[0;34mh[0;34m.[0;34mx[0;34mp[0;34mm
[0m
[0m[0;34mF[0;34m [0;34m [0;34m [0;34m [0;34m [0;34m [0;34m1[0;34m7[0;34m,[0;34m [0;34m [0;34m [0;34m [0;34m3[0;34m8[0;34m,[0;34m [0;34m [0;34m [0;34m [0;34m [0;34m6[0;34m4
[0m
[0m[0;34mE[0;34mA[0;34m [0;34mt[0;34me[0;34mx[0;34mt[0;34mu[0;34mr[0;34me[0;34ms[0;34m/[0;34mt[0;34me[0;34ms[0;34mt[0;34m/[0;34me[0;34ma[0;34ms[0;34mt[0;34m.[0;34mx[0;34mp[0;34mm
[0m
[0m
[0m[0;34mC[0;34m [0;34m2[0;34m1[0;34m8[0;34m,[0;34m [0;34m2[0;34m3[0;34m4[0;34m,[0;34m [0;34m2[0;34m3[0;34m5
[0m
[0m[0;34m1[0;34m1[0;34m1[0;34m1[0;34m1[0;34m1[0;34m1[0;34m1[0;34m1[0;34m1[0;34m1[0;34m1[0;34m1[0;34m1[0;34m1[0;34m1[0;34m1[0;34m1[0;34m1[0;34m1[0;34m1[0;34m1[0;34m1[0;34m1[0;34m1
[0m[0;34m1[0;34m0[0;34mS[0;34m0[0;34m1[0;34m1[0;34m0[0;34m0[0;34m0[0;34m0[0;34m1[0;34m0[0;34m0[0;34m0[0;34m0[0;34m0[0;34m0[0;34m0[0;34m0[0;34m0[0;34m0[0;34m0[0;34m0[0;34m0[0;34m1
[0m[0;34m1[0;34m0[0;34m0[0;34m0[0;34m1[0;34m1[0;34m0[0;34m0[0;34m0[0;34m0[0;34m0[0;34m0[0;34m0[0;34m0[0;34m0[0;34m0[0;34m1[0;34m1[0;34m1[0;34m1[0;34m1[0;34m1[0;34m0[0;34m0[0;34m1
[0m[0;34m1[0;34m0[0;34m0[0;34m0[0;34m1[0;34m1[0;34m0[0;34m0[0;34m0[0;34m0[0;34m0[0;34m0[0;34m0[0;34m0[0;34m0[0;34m0[0;34m1[0;34m1[0;34m0[0;34m0[0;34m0[0;34m1[0;34m0[0;34m0[0;34m1
[0m[0;34m1[0;34m0[0;34m0[0;34m0[0;34m0[0;34m0[0;34m0[0;34m0[0;34m0[0;34m0[0;34m1[0;34m0[0;34m0[0;34m0[0;34m0[0;34m0[0;34m0[0;34m0[0;34m0[0;34m0[0;34m0[0;34m1[0;34m0[0;34m0[0;34m1
[0m[0;34m1[0;34m1[0;34m1[0;34m1[0;34m1[0;34m1[0;34m1[0;34m1[0;34m1[0;34m1[0;34m1[0;34m1[0;34m1[0;34m1[0;34m1[0;34m1[0;34m1[0;34m1[0;34m1[0;34m1[0;34m1[0;34m1[0;34m1[0;34m1[0;34m1
[0m[0;34m2[0;34m1[0;34m8
[0m[0;34m2[0;34m3[0;34m4
[0m[0;34m2[0;34m3[0;34m5
[0m[0;34m1[0;34m7
[0m[0;34m3[0;34m8
[0m[0;34m6[0;34m4
[0m[0;34m1[0;34m1[0;34m1[0;34m1[0;34m1[0;34m1[0;34m1[0;34m1[0;34m1[0;34m1[0;34m1[0;34m1[0;34m1[0;34m1[0;34m1[0;34m1[0;34m1[0;34m1[0;34m1[0;34m1[0;34m1[0;34m1[0;34m1[0;34m1[0;34m1
[0m[0;34m1[0;34m0[0;34mS[0;34m0[0;34m1[0;34m1[0;34m0[0;34m0[0;34m0[0;34m0[0;34m1[0;34m0[0;34m0[0;34m0[0;34m0[0;34m0[0;34m0[0;34m0[0;34m0[0;34m0[0;34m0[0;34m0[0;34m0[0;34m0[0;34m1
[0m[0;34m1[0;34m0[0;34m0[0;34m0[0;34m1[0;34m1[0;34m0[0;34m0[0;34m0[0;34m0[0;34m0[0;34m0[0;34m0[0;34m0[0;34m0[0;34m0[0;34m1[0;34m1[0;34m1[0;34m1[0;34m1[0;34m1[0;34m0[0;34m0[0;34m1
[0m[0;34m1[0;34m0[0;34m0[0;34m0[0;34m1[0;34m1[0;34m0[0;34m0[0;34m0[0;34m0[0;34m0[0;34m0[0;34m0[0;34m0[0;34m0[0;34m0[0;34m1[0;34m1[0;34m0[0;34m0[0;34m0[0;34m1[0;34m0[0;34m0[0;34m1
[0m[0;34m1[0;34m0[0;34m0[0;34m0[0;34m0[0;34m0[0;34m0[0;34m0[0;34m0[0;34m0[0;34m1[0;34m0[0;34m0[0;34m0[0;34m0[0;34m0[0;34m0[0;34m0[0;34m0[0;34m0[0;34m0[0;34m1[0;34m0[0;34m0[0;34m1
[0m[0;34m1[0;34m1[0;34m1[0;34m1[0;34m1[0;34m1[0;34m1[0;34m1[0;34m1[0;34m1[0;34m1[0;34m1[0;34m1[0;34m1[0;34m1[0;34m1[0;34m1[0;34m1[0;34m1[0;34m1[0;34m1[0;34m1[0;34m1[0;34m1[0;34m1
[0mExit code: 0
‚ö†Ô∏è No Valgrind alerts, but with leaks[0m  
==8215== Memcheck, a memory error detector
==8215== Copyright (C) 2002-2022, and GNU GPL'd, by Julian Seward et al.
==8215== Using Valgrind-3.22.0 and LibVEX; rerun with -h for copyright info
==8215== Command: ./cub3d ./maps/good/works.cub
==8215== Parent PID: 8081
==8215== 
==8215== 
==8215== HEAP SUMMARY:
==8215==     in use at exit: 957 bytes in 42 blocks
==8215==   total heap usage: 130 allocs, 88 frees, 8,412 bytes allocated
==8215== 
==8215== LEAK SUMMARY:
==8215==    definitely lost: 414 bytes in 10 blocks
==8215==    indirectly lost: 543 bytes in 32 blocks
==8215==      possibly lost: 0 bytes in 0 blocks
==8215==    still reachable: 0 bytes in 0 blocks
==8215==         suppressed: 0 bytes in 0 blocks
==8215== Rerun with --leak-check=full to see details of leaked memory
==8215== 
==8215== For lists of detected and suppressed errors, rerun with: -s
==8215== ERROR SUMMARY: 0 errors from 0 contexts (suppressed: 0 from 0)
Valgrind tests completed. Results saved to test_output.txt.
Starting Valgrind tests...
Running valgrind on ./maps/good/cheese_maze.cub...

[0;34mN[0;34mO[0;34m [0;34mt[0;34me[0;34mx[0;34mt[0;34mu[0;34mr[0;34me[0;34ms[0;34m/[0;34mt[0;34me[0;34ms[0;34mt[0;34m/[0;34mn[0;34mo[0;34mr[0;34mt[0;34mh[0;34m.[0;34mx[0;34mp[0;34mm
[0m[0;34mS[0;34mO[0;34m [0;34mt[0;34me[0;34mx[0;34mt[0;34mu[0;34mr[0;34me[0;34ms[0;34m/[0;34mt[0;34me[0;34ms[0;34mt[0;34m/[0;34ms[0;34mo[0;34mu[0;34mt[0;34mh[0;34m.[0;34mx[0;34mp[0;34mm
[0m[0;34mW[0;34mE[0;34m [0;34mt[0;34me[0;34mx[0;34mt[0;34mu[0;34mr[0;34me[0;34ms[0;34m/[0;34mt[0;34me[0;34ms[0;34mt[0;34m/[0;34mw[0;34me[0;34ms[0;34mt[0;34m.[0;34mx[0;34mp[0;34mm
[0m[0;34mE[0;34mA[0;34m [0;34mt[0;34me[0;34mx[0;34mt[0;34mu[0;34mr[0;34me[0;34ms[0;34m/[0;34mt[0;34me[0;34ms[0;34mt[0;34m/[0;34me[0;34ma[0;34ms[0;34mt[0;34m.[0;34mx[0;34mp[0;34mm
[0m
[0m[0;34mF[0;34m [0;34m1[0;34m6[0;34m4[0;34m,[0;34m1[0;34m6[0;34m9[0;34m,[0;34m2[0;34m0
[0m[0;34mC[0;34m [0;34m1[0;34m5[0;34m3[0;34m,[0;34m2[0;34m0[0;34m4[0;34m,[0;34m2[0;34m5[0;34m5
[0m
[0m[0;34m1[0;34m1[0;34m1[0;34m1[0;34m1[0;34m1[0;34m1[0;34m1[0;34m1[0;34m1[0;34m1[0;34m1[0;34m1[0;34m1[0;34m1[0;34m1[0;34m1[0;34m1[0;34m1[0;34m1[0;34m1
[0m[0;34m1[0;34m0[0;34m1[0;34m0[0;34m0[0;34m0[0;34m0[0;34m0[0;34m1[0;34m0[0;34m0[0;34m0[0;34m0[0;34m0[0;34m0[0;34m0[0;34m0[0;34m0[0;34m0[0;34m0[0;34m1
[0m[0;34m1[0;34m0[0;34m1[0;34m0[0;34m1[0;34m0[0;34m1[0;34m0[0;34m1[0;34m0[0;34m1[0;34m1[0;34m1[0;34m1[0;34m1[0;34m1[0;34m1[0;34m0[0;34m0[0;34m0[0;34m1
[0m[0;34m1[0;34m0[0;34m0[0;34m0[0;34m1[0;34m0[0;34m1[0;34m0[0;34m0[0;34m0[0;34m1[0;34m0[0;34m0[0;34m0[0;34m0[0;34m0[0;34m1[0;34m0[0;34m0[0;34m0[0;34m1
[0m[0;34m1[0;34m1[0;34m1[0;34m1[0;34m1[0;34m0[0;34m1[0;34m0[0;34m1[0;34m1[0;34m1[0;34m1[0;34m1[0;34m0[0;34m1[0;34m0[0;34m1[0;34m1[0;34m1[0;34m0[0;34m1
[0m[0;34m1[0;34m0[0;34m0[0;34m0[0;34m0[0;34m0[0;34m1[0;34m0[0;34m1[0;34m0[0;34m0[0;34m0[0;34m1[0;34m0[0;34m1[0;34m0[0;34m0[0;34m0[0;34m0[0;34m0[0;34m1
[0m[0;34m1[0;34m0[0;34m1[0;34m1[0;34m1[0;34m1[0;34m1[0;34m0[0;34m1[0;34m0[0;34m1[0;34m1[0;34m1[0;34m0[0;34m1[0;34m1[0;34m1[0;34m1[0;34m1[0;34m1[0;34m1
[0m[0;34m1[0;34m0[0;34m1[0;34m0[0;34m0[0;34m0[0;34m0[0;34m0[0;34m1[0;34m0[0;34m1[0;34m0[0;34m1[0;34m0[0;34m0[0;34m0[0;34m0[0;34m0[0;34m1[0;34m0[0;34m1
[0m[0;34m1[0;34m0[0;34m1[0;34m0[0;34m1[0;34m1[0;34m1[0;34m1[0;34m1[0;34m0[0;34m1[0;34m0[0;34m1[0;34m1[0;34m1[0;34m1[0;34m1[0;34m0[0;34m1[0;34m0[0;34m1
[0m[0;34m1[0;34m0[0;34m1[0;34m0[0;34m1[0;34m0[0;34m0[0;34m0[0;34m1[0;34m0[0;34m1[0;34m0[0;34m1[0;34m0[0;34m0[0;34m0[0;34m1[0;34m0[0;34m1[0;34m0[0;34m1
[0m[0;34m1[0;34m0[0;34m1[0;34m1[0;34m1[0;34m0[0;34m1[0;34m0[0;34m1[0;34m0[0;34m1[0;34m0[0;34m1[0;34m0[0;34m1[0;34m0[0;34m1[0;34m0[0;34m1[0;34m0[0;34m1
[0m[0;34m1[0;34m0[0;34m0[0;34m0[0;34m0[0;34m0[0;34m1[0;34m0[0;34m1[0;34m0[0;34m1[0;34m0[0;34m0[0;34m0[0;34m1[0;34m0[0;34m1[0;34m0[0;34m0[0;34m0[0;34m1
[0m[0;34m1[0;34m1[0;34m1[0;34m1[0;34m1[0;34m1[0;34m1[0;34m0[0;34m1[0;34m0[0;34m1[0;34m1[0;34m1[0;34m1[0;34m1[0;34m0[0;34m1[0;34m1[0;34m1[0;34m0[0;34m1
[0m[0;34m1[0;34m0[0;34m0[0;34m0[0;34m0[0;34m0[0;34m1[0;34m0[0;34m1[0;34m0[0;34m0[0;34m0[0;34m1[0;34m0[0;34m0[0;34m0[0;34m1[0;34m0[0;34m0[0;34m0[0;34m1
[0m[0;34m1[0;34m0[0;34m1[0;34m1[0;34m1[0;34m0[0;34m1[0;34m0[0;34m1[0;34m1[0;34m1[0;34m0[0;34m1[0;34m0[0;34m1[0;34m1[0;34m1[0;34m0[0;34m1[0;34m1[0;34m1
[0m[0;34m1[0;34m0[0;34m1[0;34m0[0;34m0[0;34m0[0;34m1[0;34m0[0;34m0[0;34m0[0;34m0[0;34m0[0;34m1[0;34m0[0;34m0[0;34m0[0;34m1[0;34m0[0;34m1[0;34m0[0;34m1
[0m[0;34m1[0;34m0[0;34m1[0;34m0[0;34m1[0;34m1[0;34m1[0;34m1[0;34m1[0;34m1[0;34m1[0;34m1[0;34m1[0;34m1[0;34m1[0;34m0[0;34m1[0;34m0[0;34m1[0;34m0[0;34m1
[0m[0;34m1[0;34m0[0;34m0[0;34m0[0;34m1[0;34m0[0;34m0[0;34m0[0;34m0[0;34m0[0;34m0[0;34m0[0[0;31m Error:[Map check in file] Empty line found
[0m ;34m0[0;34m0[0;34m0[0;34m0[0;34m1[0;34m0[0;34m0[0;34m0[0;34m1
[0m[0;34m1[0;34m0[0;34m1[0;34m0[0;34m1[0;34m0[0;34m1[0;34m1[0;34m1[0;34m0[0;34m1[0;34m1[0;34m1[0;34m1[0;34m1[0;34m1[0;34m1[0;34m1[0;34m1[0;34m0[0;34m1
[0m[0;34m1[0;34mN[0;34m1[0;34m0[0;34m0[0;34m0[0;34m0[0;34m0[0;34m1[0;34m0[0;34m0[0;34m0[0;34m0[0;34m0[0;34m0[0;34m0[0;34m0[0;34m0[0;34m0[0;34m0[0;34m1
[0m[0;34m1[0;34m1[0;34m1[0;34m1[0;34m1[0;34m1[0;34m1[0;34m1[0;34m1[0;34m1[0;34m1[0;34m1[0;34m1[0;34m1[0;34m1[0;34m1[0;34m1[0;34m1[0;34m1[0;34m1[0;34m1
[0m
[0mExit code: 1
‚ö†Ô∏è No Valgrind alerts, but with leaks[0m  
==8532== Memcheck, a memory error detector
==8532== Copyright (C) 2002-2022, and GNU GPL'd, by Julian Seward et al.
==8532== Using Valgrind-3.22.0 and LibVEX; rerun with -h for copyright info
==8532== Command: ./cub3d ./maps/good/cheese_maze.cub
==8532== Parent PID: 8530
==8532== 
==8532== 
==8532== HEAP SUMMARY:
==8532==     in use at exit: 876 bytes in 31 blocks
==8532==   total heap usage: 151 allocs, 120 frees, 10,959 bytes allocated
==8532== 
==8532== LEAK SUMMARY:
==8532==    definitely lost: 248 bytes in 1 blocks
==8532==    indirectly lost: 628 bytes in 30 blocks
==8532==      possibly lost: 0 bytes in 0 blocks
==8532==    still reachable: 0 bytes in 0 blocks
==8532==         suppressed: 0 bytes in 0 blocks
==8532== Rerun with --leak-check=full to see details of leaked memory
==8532== 
==8532== For lists of detected and suppressed errors, rerun with: -s
==8532== ERROR SUMMARY: 0 errors from 0 contexts (suppressed: 0 from 0)
Running valgrind on ./maps/good/creepy.cub...

[0;31m Error:[Map check in file] Empty line found
[0m [0;34mN[0;34mO[0;34m [0;34mt[0;34me[0;34mx[0;34mt[0;34mu[0;34mr[0;34me[0;34ms[0;34m/[0;34mt[0;34me[0;34ms[0;34mt[0;34m/[0;34mn[0;34mo[0;34mr[0;34mt[0;34mh[0;34m.[0;34mx[0;34mp[0;34mm
[0m[0;34mS[0;34mO[0;34m [0;34mt[0;34me[0;34mx[0;34mt[0;34mu[0;34mr[0;34me[0;34ms[0;34m/[0;34mt[0;34me[0;34ms[0;34mt[0;34m/[0;34ms[0;34mo[0;34mu[0;34mt[0;34mh[0;34m.[0;34mx[0;34mp[0;34mm
[0m[0;34mW[0;34mE[0;34m [0;34mt[0;34me[0;34mx[0;34mt[0;34mu[0;34mr[0;34me[0;34ms[0;34m/[0;34mt[0;34me[0;34ms[0;34mt[0;34m/[0;34mw[0;34me[0;34ms[0;34mt[0;34m.[0;34mx[0;34mp[0;34mm
[0m[0;34mE[0;34mA[0;34m [0;34mt[0;34me[0;34mx[0;34mt[0;34mu[0;34mr[0;34me[0;34ms[0;34m/[0;34mt[0;34me[0;34ms[0;34mt[0;34m/[0;34me[0;34ma[0;34ms[0;34mt[0;34m.[0;34mx[0;34mp[0;34mm
[0m
[0m[0;34mC[0;34m [0;34m3[0;34m5[0;34m,[0;34m1[0;34m9[0;34m,[0;34m7[0;34m3
[0m[0;34mF[0;34m [0;34m1[0;34m5[0;34m,[0;34m6[0;34m,[0;34m4[0;34m0
[0m
[0m[0;34m1[0;34m1[0;34m1[0;34m1[0;34m1[0;34m1[0;34m1[0;34m1[0;34m1[0;34m1[0;34m1[0;34m1[0;34m1[0;34m1[0;34m1
[0m[0;34m1[0;34m1[0;34m1[0;34m1[0;34m1[0;34m1[0;34m0[0;34m0[0;34m0[0;34m1[0;34m1[0;34m1[0;34m1[0;34m1[0;34m1
[0m[0;34m1[0;34m1[0;34m1[0;34m1[0;34m1[0;34m0[0;34m0[0;34m0[0;34m0[0;34m0[0;34m1[0;34m1[0;34m1[0;34m1[0;34m1
[0m[0;34m1[0;34m1[0;34m1[0;34m1[0;34m0[0;34m0[0;34m0[0;34mN[0;34m0[0;34m0[0;34m0[0;34m1[0;34m1[0;34m1[0;34m1
[0m[0;34m1[0;34m1[0;34m1[0;34m0[0;34m0[0;34m0[0;34m0[0;34m0[0;34m0[0;34m0[0;34m0[0;34m0[0;34m1[0;34m1[0;34m1
[0m[0;34m1[0;34m1[0;34m0[0;34m0[0;34m0[0;34m0[0;34m0[0;34m0[0;34m0[0;34m0[0;34m0[0;34m0[0;34m0[0;34m1[0;34m1
[0m[0;34m1[0;34m0[0;34m0[0;34m0[0;34m0[0;34m1[0;34m1[0;34m1[0;34m1[0;34m1[0;34m0[0;34m0[0;34m0[0;34m0[0;34m1
[0m[0;34m1[0;34m1[0;34m0[0;34m0[0;34m0[0;34m0[0;34m1[0;34m1[0;34m1[0;34m0[0;34m0[0;34m0[0;34m0[0;34m1[0;34m1
[0m[0;34m1[0;34m1[0;34m1[0;34m0[0;34m0[0;34m0[0;34m0[0;34m1[0;34m0[0;34m0[0;34m0[0;34m0[0;34m1[0;34m1[0;34m1
[0m[0;34m1[0;34m1[0;34m1[0;34m1[0;34m0[0;34m0[0;34m0[0;34m0[0;34m0[0;34m0[0;34m0[0;34m1[0;34m1[0;34m1[0;34m1
[0m[0;34m1[0;34m1[0;34m1[0;34m1[0;34m1[0;34m0[0;34m0[0;34m0[0;34m0[0;34m0[0;34m1[0;34m1[0;34m1[0;34m1[0;34m1
[0m[0;34m1[0;34m1[0;34m1[0;34m1[0;34m1[0;34m1[0;34m0[0;34m0[0;34m0[0;34m1[0;34m1[0;34m1[0;34m1[0;34m1[0;34m1
[0m[0;34m1[0;34m1[0;34m1[0;34m1[0;34m1[0;34m1[0;34m1[0;34m1[0;34m1[0;34m1[0;34m1[0;34m1[0;34m1[0;34m1[0;34m1
[0m
[0mExit code: 1
‚ö†Ô∏è No Valgrind alerts, but with leaks[0m  
==8535== Memcheck, a memory error detector
==8535== Copyright (C) 2002-2022, and GNU GPL'd, by Julian Seward et al.
==8535== Using Valgrind-3.22.0 and LibVEX; rerun with -h for copyright info
==8535== Command: ./cub3d ./maps/good/creepy.cub
==8535== Parent PID: 8530
==8535== 
==8535== 
==8535== HEAP SUMMARY:
==8535==     in use at exit: 544 bytes in 23 blocks
==8535==   total heap usage: 109 allocs, 86 frees, 8,253 bytes allocated
==8535== 
==8535== LEAK SUMMARY:
==8535==    definitely lost: 184 bytes in 1 blocks
==8535==    indirectly lost: 360 bytes in 22 blocks
==8535==      possibly lost: 0 bytes in 0 blocks
==8535==    still reachable: 0 bytes in 0 blocks
==8535==         suppressed: 0 bytes in 0 blocks
==8535== Rerun with --leak-check=full to see details of leaked memory
==8535== 
==8535== For lists of detected and suppressed errors, rerun with: -s
==8535== ERROR SUMMARY: 0 errors from 0 contexts (suppressed: 0 from 0)
Running valgrind on ./maps/good/dungeon.cub...

[0;31m Error:[Map check in file] Empty line found
[0m [0;34mF[0;34m [0;34m7[0;34m6[0;34m,[0;34m7[0;34m6[0;34m,[0;34m7[0;34m6
[0m[0;34mC[0;34m [0;34m9[0;34m9[0;34m,[0;34m9[0;34m9[0;34m,[0;34m9[0;34m9
[0m
[0m[0;34mN[0;34mO[0;34m [0;34mt[0;34me[0;34mx[0;34mt[0;34mu[0;34mr[0;34me[0;34ms[0;34m/[0;34mt[0;34me[0;34ms[0;34mt[0;34m/[0;34mn[0;34mo[0;34mr[0;34mt[0;34mh[0;34m.[0;34mx[0;34mp[0;34mm
[0m[0;34mS[0;34mO[0;34m [0;34mt[0;34me[0;34mx[0;34mt[0;34mu[0;34mr[0;34me[0;34ms[0;34m/[0;34mt[0;34me[0;34ms[0;34mt[0;34m/[0;34ms[0;34mo[0;34mu[0;34mt[0;34mh[0;34m.[0;34mx[0;34mp[0;34mm
[0m[0;34mW[0;34mE[0;34m [0;34mt[0;34me[0;34mx[0;34mt[0;34mu[0;34mr[0;34me[0;34ms[0;34m/[0;34mt[0;34me[0;34ms[0;34mt[0;34m/[0;34mw[0;34me[0;34ms[0;34mt[0;34m.[0;34mx[0;34mp[0;34mm
[0m[0;34mE[0;34mA[0;34m [0;34mt[0;34me[0;34mx[0;34mt[0;34mu[0;34mr[0;34me[0;34ms[0;34m/[0;34mt[0;34me[0;34ms[0;34mt[0;34m/[0;34me[0;34ma[0;34ms[0;34mt[0;34m.[0;34mx[0;34mp[0;34mm
[0m
[0m[0;34m1[0;34m1[0;34m1[0;34m1[0;34m1[0;34m1[0;34m1[0;34m1[0;34m1[0;34m1[0;34m1[0;34m1[0;34m1[0;34m1[0;34m1[0;34m1[0;34m1[0;34m1[0;34m1
[0m[0;34m1[0;34m0[0;34mW[0;34m1[0;34m0[0;34m0[0;34m1[0;34m0[0;34m0[0;34m1[0;34m0[0;34m0[0;34m1[0;34m0[0;34m0[0;34m0[0;34m0[0;34m0[0;34m1
[0m[0;34m1[0;34m0[0;34m1[0;34m1[0;34m0[0;34m0[0;34m0[0;34m0[0;34m0[0;34m1[0;34m0[0;34m0[0;34m0[0;34m0[0;34m0[0;34m1[0;34m0[0;34m0[0;34m1
[0m[0;34m1[0;34m0[0;34m0[0;34m1[0;34m0[0;34m0[0;34m1[0;34m0[0;34m0[0;34m1[0;34m1[0;34m1[0;34m1[0;34m1[0;34m0[0;34m1[0;34m1[0;34m1[0;34m1
[0m[0;34m1[0;34m0[0;34m0[0;34m1[0;34m1[0;34m1[0;34m1[0;34m0[0;34m0[0;34m0[0;34m0[0;34m0[0;34m1[0;34m0[0;34m0[0;34m1[0;34m0[0;34m0[0;34m1
[0m[0;34m1[0;34m0[0;34m0[0;34m0[0;34m0[0;34m0[0;34m0[0;34m0[0;34m0[0;34m0[0;34m0[0;34m0[0;34m0[0;34m0[0;34m0[0;34m1[0;34m0[0;34m0[0;34m1
[0m[0;34m1[0;34m0[0;34m0[0;34m1[0;34m1[0;34m1[0;34m1[0;34m1[0;34m1[0;34m1[0;34m1[0;34m1[0;34m1[0;34m0[0;34m0[0;34m1[0;34m0[0;34m0[0;34m1
[0m[0;34m1[0;34m1[0;34m1[0;34m1[0;34m0[0;34m0[0;34m0[0;34m0[0;34m0[0;34m0[0;34m0[0;34m0[0;34m0[0;34m0[0;34m0[0;34m1[0;34m0[0;34m1[0;34m1
[0m[0;34m1[0;34m0[0;34m0[0;34m0[0;34m0[0;34m0[0;34m0[0;34m0[0;34m0[0;34m1[0;34m0[0;34m0[0;34m0[0;34m0[0;34m0[0;34m0[0;34m0[0;34m0[0;34m1
[0m[0;34m1[0;34m1[0;34m1[0;34m1[0;34m1[0;34m1[0;34m1[0;34m1[0;34m1[0;34m1[0;34m1[0;34m1[0;34m1[0;34m1[0;34m1[0;34m1[0;34m1[0;34m1[0;34m1
[0m
[0mExit code: 1
‚ö†Ô∏è No Valgrind alerts, but with leaks[0m  
==8558== Memcheck, a memory error detector
==8558== Copyright (C) 2002-2022, and GNU GPL'd, by Julian Seward et al.
==8558== Using Valgrind-3.22.0 and LibVEX; rerun with -h for copyright info
==8558== Command: ./cub3d ./maps/good/dungeon.cub
==8558== Parent PID: 8530
==8558== 
==8558== 
==8558== HEAP SUMMARY:
==8558==     in use at exit: 510 bytes in 20 blocks
==8558==   total heap usage: 96 allocs, 76 frees, 7,532 bytes allocated
==8558== 
==8558== LEAK SUMMARY:
==8558==    definitely lost: 160 bytes in 1 blocks
==8558==    indirectly lost: 350 bytes in 19 blocks
==8558==      possibly lost: 0 bytes in 0 blocks
==8558==    still reachable: 0 bytes in 0 blocks
==8558==         suppressed: 0 bytes in 0 blocks
==8558== Rerun with --leak-check=full to see details of leaked memory
==8558== 
==8558== For lists of detected and suppressed errors, rerun with: -s
==8558== ERROR SUMMARY: 0 errors from 0 contexts (suppressed: 0 from 0)
Running valgrind on ./maps/good/library.cub...

[0;31m Error:[Map check in file] Empty line found
[0m [0;34mF[0;34m [0;34m1[0;34m3[0;34m9[0;34m,[0;34m9[0;34m9[0;34m,[0;34m5[0;34m8
[0m[0;34mC[0;34m [0;34m1[0;34m7[0;34m1[0;34m,[0;34m1[0;34m5[0;34m4[0;34m,[0;34m1[0;34m3[0;34m7
[0m
[0m[0;34mN[0;34mO[0;34m [0;34mt[0;34me[0;34mx[0;34mt[0;34mu[0;34mr[0;34me[0;34ms[0;34m/[0;34mt[0;34me[0;34ms[0;34mt[0;34m/[0;34mn[0;34mo[0;34mr[0;34mt[0;34mh[0;34m.[0;34mx[0;34mp[0;34mm
[0m[0;34mS[0;34mO[0;34m [0;34mt[0;34me[0;34mx[0;34mt[0;34mu[0;34mr[0;34me[0;34ms[0;34m/[0;34mt[0;34me[0;34ms[0;34mt[0;34m/[0;34ms[0;34mo[0;34mu[0;34mt[0;34mh[0;34m.[0;34mx[0;34mp[0;34mm
[0m[0;34mW[0;34mE[0;34m [0;34mt[0;34me[0;34mx[0;34mt[0;34mu[0;34mr[0;34me[0;34ms[0;34m/[0;34mt[0;34me[0;34ms[0;34mt[0;34m/[0;34mw[0;34me[0;34ms[0;34mt[0;34m.[0;34mx[0;34mp[0;34mm
[0m[0;34mE[0;34mA[0;34m [0;34mt[0;34me[0;34mx[0;34mt[0;34mu[0;34mr[0;34me[0;34ms[0;34m/[0;34mt[0;34me[0;34ms[0;34mt[0;34m/[0;34me[0;34ma[0;34ms[0;34mt[0;34m.[0;34mx[0;34mp[0;34mm
[0m
[0m[0;34m1[0;34m1[0;34m1[0;34m1[0;34m1[0;34m1[0;34m1[0;34m1[0;34m1[0;34m1[0;34m1[0;34m1[0;34m1[0;34m1[0;34m1[0;34m1[0;34m1[0;34m1[0;34m1
[0m[0;34m1[0;34m0[0;34m0[0;34m1[0;34m0[0;34m0[0;34m1[0;34m0[0;34m0[0;34m1[0;34m0[0;34m0[0;34m1[0;34m0[0;34m0[0;34m1[0;34m0[0;34m0[0;34m1
[0m[0;34m1[0;34m0[0;34m0[0;34m1[0;34m0[0;34m0[0;34m1[0;34m0[0;34m0[0;34m1[0;34m0[0;34m0[0;34m1[0;34m0[0;34m0[0;34m1[0;34m0[0;34m0[0;34m1
[0m[0;34m1[0;34m0[0;34m0[0;34m1[0;34m0[0;34m0[0;34m1[0;34m0[0;34m0[0;34m1[0;34m0[0;34m0[0;34m1[0;34m0[0;34m0[0;34m1[0;34m0[0;34m0[0;34m1
[0m[0;34m1[0;34m0[0;34m0[0;34m1[0;34m0[0;34m0[0;34m1[0;34m0[0;34m0[0;34m0[0;34m0[0;34m0[0;34m1[0;34m0[0;34m0[0;34m1[0;34m0[0;34m0[0;34m1
[0m[0;34m1[0;34m0[0;34m0[0;34m0[0;34m0[0;34m0[0;34m0[0;34m0[0;34m0[0;34mS[0;34m0[0;34m0[0;34m0[0;34m0[0;34m0[0;34m0[0;34m0[0;34m0[0;34m1
[0m[0;34m1[0;34m0[0;34m0[0;34m0[0;34m0[0;34m1[0;34m1[0;34m1[0;34m1[0;34m1[0;34m1[0;34m1[0;34m1[0;34m0[0;34m0[0;34m0[0;34m0[0;34m0[0;34m1
[0m[0;34m1[0;34m1[0;34m1[0;34m1[0;34m0[0;34m0[0;34m0[0;34m0[0;34m0[0;34m0[0;34m0[0;34m0[0;34m0[0;34m0[0;34m0[0;34m1[0;34m1[0;34m1[0;34m1
[0m[0;34m1[0;34m0[0;34m0[0;34m0[0;34m0[0;34m0[0;34m0[0;34m1[0;34m0[0;34m1[0;34m0[0;34m1[0;34m0[0;34m0[0;34m0[0;34m0[0;34m0[0;34m0[0;34m1
[0m[0;34m1[0;34m1[0;34m1[0;34m1[0;34m1[0;34m1[0;34m1[0;34m1[0;34m1[0;34m1[0;34m1[0;34m1[0;34m1[0;34m1[0;34m1[0;34m1[0;34m1[0;34m1[0;34m1
[0m
[0mExit code: 1
‚ö†Ô∏è No Valgrind alerts, but with leaks[0m  
==8561== Memcheck, a memory error detector
==8561== Copyright (C) 2002-2022, and GNU GPL'd, by Julian Seward et al.
==8561== Using Valgrind-3.22.0 and LibVEX; rerun with -h for copyright info
==8561== Command: ./cub3d ./maps/good/library.cub
==8561== Parent PID: 8530
==8561== 
==8561== 
==8561== HEAP SUMMARY:
==8561==     in use at exit: 514 bytes in 20 blocks
==8561==   total heap usage: 96 allocs, 76 frees, 7,573 bytes allocated
==8561== 
==8561== LEAK SUMMARY:
==8561==    definitely lost: 160 bytes in 1 blocks
==8561==    indirectly lost: 354 bytes in 19 blocks
==8561==      possibly lost: 0 bytes in 0 blocks
==8561==    still reachable: 0 bytes in 0 blocks
==8561==         suppressed: 0 bytes in 0 blocks
==8561== Rerun with --leak-check=full to see details of leaked memory
==8561== 
==8561== For lists of detected and suppressed errors, rerun with: -s
==8561== ERROR SUMMARY: 0 errors from 0 contexts (suppressed: 0 from 0)
Running valgrind on ./maps/good/matrix.cub...

[0;34mN[0;34mO[0;34m [0;34mt[0;34me[0;34mx[0;34mt[0;34mu[0;34mr[0;34me[0;34ms[0;34m/[0;34mt[0;34me[0;34ms[0;34mt[0;34m/[0;34mn[0;34mo[0;34mr[0;34mt[0;34mh[0;34m.[0;34mx[0;34mp[0;34mm
[0m[0;34mS[0;34mO[0;34m [0;34mt[0;34me[0;34mx[0;34mt[0;34mu[0;34mr[0;34me[0;34ms[0;34m/[0;34mt[0;34me[0;34ms[0;34mt[0;34m/[0;34ms[0;34mo[0;34mu[0;34mt[0;34mh[0;34m.[0;34mx[0;34mp[0;34mm
[0m[0;34mW[0;34mE[0;34m [0;34mt[0;34me[0;34mx[0;34mt[0;34mu[0;34mr[0;34me[0;34ms[0;34m/[0;34mt[0;34me[0;34ms[0;34mt[0;34m/[0;34mw[0;34me[0;34ms[0;34mt[0;34m.[0;34mx[0;34mp[0;34mm
[0m[0;34mE[0;34mA[0;34m [0;34mt[0;34me[0;34mx[0;34mt[0;34mu[0;34mr[0;34me[0;34ms[0;34m/[0;34mt[0;34me[0;34ms[0;34mt[0;34m/[0;34me[0;34ma[0;34ms[0;34mt[0;34m.[0;34mx[0;34mp[0;34mm
[0m
[0m[0;34mF[0;34m [0;34m0[0;34m,[0;34m0[0;34m,[0;34m0
[0m[0;34mC[0;34m [0;34m0[0;34m,[0;34m0[0;34m,[0;34m0
[0m
[0m[0;34m1[0;34m1[0;34m1[0;34m1[0;34m1[0;34m1[0;34m1[0;34m1[0;34m1[0;34m1[0;34m1[0;34m1[0;34m1[0;34m1[0;34m1[0;34m1[0;34m1[0;34m1[0;34m1[0;34m1[0;34m1
[0m[0;34m1[0;34m0[0;34m1[0;34m0[0;34m0[0;34m0[0;34m0[0;34m0[0;34m1[0;34m0[0;34m0[0;34m0[0;34m0[0;34m0[0;34m0[0;34m0[0;34m0[0;34m0[0;34m0[0;34m0[0;34m1
[0m[0;34m1[0;34m0[0;34m1[0;34m0[0;34m1[0;34m0[0;34m1[0;34m0[0;34m1[0;34m0[0;34m1[0;34m1[0;34m1[0;34m1[0;34m1[0;34m1[0;34m1[0;34m0[0;34m0[0;34m0[0;34m1
[0m[0;34m1[0;34m0[0;34m0[0;34m0[0;34m1[0;34m0[0;34m1[0;34m0[0;34m0[0;34m0[0;34m1[0;34m0[0;34m0[0;34m0[0;34m0[0;34m0[0;34m1[0;34m0[0;34m0[0;34m0[0;34m1
[0m[0;34m1[0;34m1[0;34m1[0;34m1[0;34m1[0;34m0[0;34m1[0;34m0[0;34m1[0;34m1[0;34m1[0;34m1[0;34m1[0;34m0[0;34m1[0;34m0[0;34m1[0;34m1[0;34m1[0;34m0[0;34m1
[0m[0;34m1[0;34m0[0;34m0[0;34m0[0;34m0[0;34m0[0;34m1[0;34m0[0;34m1[0;34m0[0;34m0[0;34m0[0;34m1[0;34m0[0;34m1[0;34m0[0;34m0[0;34m0[0;34m0[0;34m0[0;34m1
[0m[0;34m1[0;34m0[0;34m1[0;34m1[0;34m1[0;34m1[0;34m1[0;34m0[0;34m1[0;34m0[0;34m1[0;34m1[0;34m1[0;34m0[0;34m1[0;34m1[0;34m1[0;34m1[0;34m1[0;34m1[0;34m1
[0m[0;34m1[0;34m0[0;34m1[0;34m0[0;34m0[0;34m0[0;34m0[0;34m0[0;34m1[0;34m0[0;34m1[0;34m0[0;34m1[0;34m0[0;34m0[0;34m0[0;34m0[0;34m0[0;34m1[0;34m0[0;34m1
[0m[0;34m1[0;34m0[0;34m1[0;34m0[0;34m1[0;34m1[0;34m1[0;34m1[0;34m1[0;34m0[0;34m1[0;34m0[0;34m1[0;34m1[0;34m1[0;34m1[0;34m1[0;34m0[0;34m1[0;34m0[0;34m1
[0m[0;34m1[0;34m0[0;34m1[0;34m0[0;34m1[0;34m0[0;34m0[0;34m0[0;34m1[0;34m0[0;34m1[0;34m0[0;34m1[0;34m0[0;34m0[0;34m0[0;34m1[0;34m0[0;34m1[0;34m0[0;34m1
[0m[0;34m1[0;34m0[0;34m1[0;34m1[0;34m1[0;34m0[0;34m1[0;34m0[0;34m1[0;34m0[0;34m1[0;34m0[0;34m1[0;34m0[0;34m1[0;34m0[0;34m1[0;34m0[0;34m1[0;34m0[0;34m1
[0m[0;34m1[0;34m0[0;34m0[0;34m0[0;34m0[0;34m0[0;34m1[0;34m0[0;34m1[0;34m0[0;34m1[0;34m0[0;34m0[0;34m0[0;34m1[0;34m0[0;34m1[0;34m0[0;34m0[0;34m0[0;34m1
[0m[0;34m1[0;34m1[0;34m1[0;34m1[0;34m1[0;34m1[0;34m1[0;34m0[0;34m1[0;34m0[0;34m1[0;34m1[0;34m1[0;34m1[0;34m1[0;34m0[0;34m1[0;34m1[0;34m1[0;34m0[0;34m1
[0m[0;34m1[0;34m0[0;34m0[0;34m0[0;34m0[0;34m0[0;34m1[0;34m0[0;34m1[0;34m0[0;34m0[0;34m0[0;34m1[0;34m0[0;34m0[0;34m0[0;34m1[0;34m0[0;34m0[0;34m0[0;34m1
[0m[0;34m1[0;34m0[0;34m1[0;34m1[0;34m1[0;34m0[0;34m1[0;34m0[0;34m1[0;34m1[0;34m1[0;34m0[0;34m1[0;34m0[0;34m1[0;34m1[0;34m1[0;34m0[0;34m1[0;34m1[0;34m1
[0m[0;34m1[0;34m0[0;34m1[0;34m0[0;34m0[0;34m0[0;34m1[0;34m0[0;34m0[0;34m0[0;34m0[0;34m0[0;34m1[0;34m0[0;34m0[0;34m0[0;34m1[0;34m0[0;34m1[0;34m0[0;34m1
[0m[0;34m1[0;34m0[0;34m1[0;34m0[0;34m1[0;34m1[0;34m1[0;34m1[0;34m1[0;34m1[0;34m1[0;34m1[0;34m1[0;34m1[0;34m1[0;34m0[0;34m1[0;34m0[0;34m1[0;34m0[0;34m1
[0m[0;34m1[0;34m0[0;34m0[0;34m0[0;34m1[0;34m0[0;34m0[0;34m0[0;34m0[0;34m0[0;34m0[0;34m0[0;34m0[0;34m0[0;34m0[0;34m0[0;34m1[0;34m0[0;34m0[0;34m0[0;34m1
[0m[0;34m1[0;34[0;31m Error:[Map check in file] Empty line found
[0m m0[0;34m1[0;34m0[0;34m1[0;34m0[0;34m1[0;34m1[0;34m1[0;34m0[0;34m1[0;34m1[0;34m1[0;34m1[0;34m1[0;34m1[0;34m1[0;34m1[0;34m1[0;34m0[0;34m1
[0m[0;34m1[0;34mN[0;34m1[0;34m0[0;34m0[0;34m0[0;34m0[0;34m0[0;34m1[0;34m0[0;34m0[0;34m0[0;34m0[0;34m0[0;34m0[0;34m0[0;34m0[0;34m0[0;34m0[0;34m0[0;34m1
[0m[0;34m1[0;34m1[0;34m1[0;34m1[0;34m1[0;34m1[0;34m1[0;34m1[0;34m1[0;34m1[0;34m1[0;34m1[0;34m1[0;34m1[0;34m1[0;34m1[0;34m1[0;34m1[0;34m1[0;34m1[0;34m1
[0m
[0mExit code: 1
‚ö†Ô∏è No Valgrind alerts, but with leaks[0m  
==8586== Memcheck, a memory error detector
==8586== Copyright (C) 2002-2022, and GNU GPL'd, by Julian Seward et al.
==8586== Using Valgrind-3.22.0 and LibVEX; rerun with -h for copyright info
==8586== Command: ./cub3d ./maps/good/matrix.cub
==8586== Parent PID: 8530
==8586== 
==8586== 
==8586== HEAP SUMMARY:
==8586==     in use at exit: 865 bytes in 31 blocks
==8586==   total heap usage: 151 allocs, 120 frees, 10,846 bytes allocated
==8586== 
==8586== LEAK SUMMARY:
==8586==    definitely lost: 248 bytes in 1 blocks
==8586==    indirectly lost: 617 bytes in 30 blocks
==8586==      possibly lost: 0 bytes in 0 blocks
==8586==    still reachable: 0 bytes in 0 blocks
==8586==         suppressed: 0 bytes in 0 blocks
==8586== Rerun with --leak-check=full to see details of leaked memory
==8586== 
==8586== For lists of detected and suppressed errors, rerun with: -s
==8586== ERROR SUMMARY: 0 errors from 0 contexts (suppressed: 0 from 0)
Running valgrind on ./maps/good/sad_face.cub...

[0;31m Error:[Map check in file] Empty line found
[0m [0;34mN[0;34mO[0;34m [0;34mt[0;34me[0;34mx[0;34mt[0;34mu[0;34mr[0;34me[0;34ms[0;34m/[0;34mt[0;34me[0;34ms[0;34mt[0;34m/[0;34mn[0;34mo[0;34mr[0;34mt[0;34mh[0;34m.[0;34mx[0;34mp[0;34mm
[0m[0;34mS[0;34mO[0;34m [0;34mt[0;34me[0;34mx[0;34mt[0;34mu[0;34mr[0;34me[0;34ms[0;34m/[0;34mt[0;34me[0;34ms[0;34mt[0;34m/[0;34ms[0;34mo[0;34mu[0;34mt[0;34mh[0;34m.[0;34mx[0;34mp[0;34mm
[0m[0;34mW[0;34mE[0;34m [0;34mt[0;34me[0;34mx[0;34mt[0;34mu[0;34mr[0;34me[0;34ms[0;34m/[0;34mt[0;34me[0;34ms[0;34mt[0;34m/[0;34mw[0;34me[0;34ms[0;34mt[0;34m.[0;34mx[0;34mp[0;34mm
[0m[0;34mE[0;34mA[0;34m [0;34mt[0;34me[0;34mx[0;34mt[0;34mu[0;34mr[0;34me[0;34ms[0;34m/[0;34mt[0;34me[0;34ms[0;34mt[0;34m/[0;34me[0;34ma[0;34ms[0;34mt[0;34m.[0;34mx[0;34mp[0;34mm
[0m
[0m[0;34mC[0;34m [0;34m5[0;34m3[0;34m,[0;34m4[0;34m1[0;34m,[0;34m3[0;34m4
[0m[0;34mF[0;34m [0;34m4[0;34m5[0;34m,[0;34m3[0;34m3[0;34m,[0;34m2[0;34m7
[0m
[0m[0;34m1[0;34m1[0;34m1[0;34m1[0;34m1[0;34m1[0;34m1[0;34m1[0;34m1[0;34m1[0;34m1[0;34m1[0;34m1[0;34m1[0;34m1
[0m[0;34m1[0;34m1[0;34m1[0;34m1[0;34m1[0;34m1[0;34m0[0;34m0[0;34m0[0;34m1[0;34m1[0;34m1[0;34m1[0;34m1[0;34m1
[0m[0;34m1[0;34m1[0;34m1[0;34m1[0;34m1[0;34m0[0;34m0[0;34m0[0;34m0[0;34m0[0;34m1[0;34m1[0;34m1[0;34m1[0;34m1
[0m[0;34m1[0;34m1[0;34m1[0;34m1[0;34m0[0;34m0[0;34m0[0;34mN[0;34m0[0;34m0[0;34m0[0;34m1[0;34m1[0;34m1[0;34m1
[0m[0;34m1[0;34m1[0;34m1[0;34m0[0;34m0[0;34m0[0;34m0[0;34m0[0;34m0[0;34m0[0;34m0[0;34m0[0;34m1[0;34m1[0;34m1
[0m[0;34m1[0;34m1[0;34m0[0;34m0[0;34m0[0;34m0[0;34m0[0;34m0[0;34m0[0;34m0[0;34m0[0;34m0[0;34m0[0;34m1[0;34m1
[0m[0;34m1[0;34m0[0;34m0[0;34m0[0;34m0[0;34m1[0;34m1[0;34m1[0;34m1[0;34m1[0;34m0[0;34m0[0;34m0[0;34m0[0;34m1
[0m[0;34m1[0;34m1[0;34m0[0;34m0[0;34m0[0;34m0[0;34m1[0;34m1[0;34m1[0;34m0[0;34m0[0;34m0[0;34m0[0;34m1[0;34m1
[0m[0;34m1[0;34m1[0;34m1[0;34m0[0;34m0[0;34m0[0;34m0[0;34m1[0;34m0[0;34m0[0;34m0[0;34m0[0;34m1[0;34m1[0;34m1
[0m[0;34m1[0;34m1[0;34m1[0;34m1[0;34m0[0;34m0[0;34m0[0;34m0[0;34m0[0;34m0[0;34m0[0;34m1[0;34m1[0;34m1[0;34m1
[0m[0;34m1[0;34m1[0;34m1[0;34m1[0;34m1[0;34m0[0;34m0[0;34m0[0;34m0[0;34m0[0;34m1[0;34m1[0;34m1[0;34m1[0;34m1
[0m[0;34m1[0;34m1[0;34m1[0;34m1[0;34m1[0;34m1[0;34m0[0;34m0[0;34m0[0;34m1[0;34m1[0;34m1[0;34m1[0;34m1[0;34m1
[0m[0;34m1[0;34m1[0;34m1[0;34m1[0;34m1[0;34m1[0;34m1[0;34m1[0;34m1[0;34m1[0;34m1[0;34m1[0;34m1[0;34m1[0;34m1
[0m
[0mExit code: 1
‚ö†Ô∏è No Valgrind alerts, but with leaks[0m  
==8589== Memcheck, a memory error detector
==8589== Copyright (C) 2002-2022, and GNU GPL'd, by Julian Seward et al.
==8589== Using Valgrind-3.22.0 and LibVEX; rerun with -h for copyright info
==8589== Command: ./cub3d ./maps/good/sad_face.cub
==8589== Parent PID: 8530
==8589== 
==8589== 
==8589== HEAP SUMMARY:
==8589==     in use at exit: 545 bytes in 23 blocks
==8589==   total heap usage: 109 allocs, 86 frees, 8,232 bytes allocated
==8589== 
==8589== LEAK SUMMARY:
==8589==    definitely lost: 184 bytes in 1 blocks
==8589==    indirectly lost: 361 bytes in 22 blocks
==8589==      possibly lost: 0 bytes in 0 blocks
==8589==    still reachable: 0 bytes in 0 blocks
==8589==         suppressed: 0 bytes in 0 blocks
==8589== Rerun with --leak-check=full to see details of leaked memory
==8589== 
==8589== For lists of detected and suppressed errors, rerun with: -s
==8589== ERROR SUMMARY: 0 errors from 0 contexts (suppressed: 0 from 0)
Running valgrind on ./maps/good/square_map.cub...

[0;34m [0;34m [0;34m [0;34mW[0;34mE[0;34m [0;34m [0;34m [0;34m [0;34m [0;34m [0;34m [0;34m [0;34m [0;34m [0;34m [0;34m [0;34m [0;34m [0;34m [0;34m [0;34m [0;34m [0;34m [0;34m [0;34m [0;34m [0;34m [0;34m [0;34m [0;34m [0;34m [0;34m [0;34mt[0;34me[0;34mx[0;34mt[0;34mu[0;34mr[0;34me[0;34ms[0;34m/[0;34mt[0;34me[0;34ms[0;34mt[0;34m/[0;34mw[0;34me[0;34ms[0;34mt[0;34m.[0;34mx[0;34mp[0;34mm
[0m[0;34mN[0;34mO[0;34m [0;34m [0;34m [0;34m [0;34m [0;34m [0;34mt[0;34me[0;34mx[0;34mt[0;34mu[0;34mr[0;34me[0;34ms[0;34m/[0;34mt[0;34me[0;34ms[0;34mt[0;34m/[0;34mn[0;34mo[0;34mr[0;34mt[0;34mh[0;34m.[0;34mx[0;34mp[0;34mm
[0m
[0m
[0m
[0m[0;34mS[0;34mO[0;34m [0;34mt[0;34me[0;34mx[0;34mt[0;34mu[0;34mr[0;34me[0;34ms[0;34m/[0;34mt[0;34me[0;34ms[0;34mt[0;34m/[0;34ms[0;34mo[0;34mu[0;34mt[0;34mh[0;34m.[0;34mx[0;34mp[0;34mm
[0m
[0m[0;34mF[0;34m [0;34m [0;34m [0;34m6[0;34m9[0;34m,[0;34m [0;34m2[0;34m2[0;34m2[0;34m,[0;34m [0;34m1[0;34m9[0;34m9
[0m
[0m[0;34mE[0;34mA[0;34m [0;34mt[0;34me[0;34mx[0;34mt[0;34mu[0;34mr[0;34me[0;34ms[0;34m/[0;34mt[0;34me[0;34ms[0;34mt[0;34m/[0;34me[0;34ma[0;34ms[0;34mt[0;34m.[0;34mx[0;34mp[0;34mm
[0m
[0m
[0m[0;34mC[0;34m [0;34m2[0;34m3[0;34m5[0;34m,[0;34m [0;34m1[0;34m9[0;34m8[0;34m,[0;34m [0;34m5[0;34m2
[0m
[0m[0;34m1[0;34m1[0;34m1[0;34m1[0;34m1[0;34m1[0;34m1[0;34m1[0;34m1[0;34m1[0;34m1[0;34m1[0;34m1[0;34m1[0;34m1[0;34m1[0;34m1[0;34m1[0;34m1[0;34m1[0;34m1[0;34m1[0;34m1[0;34m1
[0m[0;34m1[0;34m0[0;34m0[0;34m0[0;34m0[0;34m0[0;34m0[0;34m0[0;34m0[0;34m0[0;34m0[0;34m0[0;34m0[0;34m0[0;34m0[0;34m0[0;34m0[0;34m0[0;34m0[0;34m0[0;34m0[0;34m0[0;34m0[0;34m1
[0m[0;34m1[0;34m0[0;34m0[0;34m0[0;34m0[0;34m0[0;34m0[0;34m0[0;34m0[0;34m0[0;34m0[0;34m0[0;34m0[0;34m0[0;34m0[0;34m0[0;34m0[0;34m0[0;34m0[0;34m0[0;34m0[0;34m0[0;34m0[0;34m1
[0m[0;34m1[0;34m0[0;34m0[0;34m0[0;34m0[0;34m0[0;34m0[0;34m0[0;34m0[0;34mN[0;34m0[0;34m0[0;34m0[0;34m0[0;34m0[0;34m0[0;34m0[0;34m0[0;34m0[0;34m0[0;34m0[0;34m0[0;34m0[0;34m1
[0m[0;34m1[0;34m0[0;34m0[0;34m0[0;34m0[0;34m0[0;34m0[0;34m0[0;34m0[0;34m0[0;34m0[0;34m0[0;34m0[0;34m0[0;34m0[0;34m0[0;34m0[0;34m0[0;34m0[0;34m0[0;34m0[0;34m0[0;34m0[0;34m1
[0m[0;34m1[0;34m0[0;34m0[0;34m0[0;34m0[0;34m0[0;34m0[0;34m0[0;34m0[0;34m0[0;34m0[0;34m0[0;34m0[0;34m0[0;34m0[0;34m0[0;34m0[0;34m0[0;34m0[0;34m0[0;34m0[0;34m0[0;34m0[0;34m1
[0m[0;34m1[0;34m0[0;34m0[0;34m0[0;34m0[0;34m0[0;34m0[0;34m0[0;34m0[0;34m0[0;34m0[0;34m0[0;34m0[0;34m0[0;34m0[0;34m0[0;34m0[0;34m0[0;34m0[0;34m0[0;34m0[0;34m0[0;34m0[0;34m1
[0m[0;34m1[0;34m0[0;34m0[0;34m0[0;34m0[0;34m0[0;34m1[0;34m1[0;34m1[0;34m1[0;34m1[0;34m0[0;34m0[0;34m0[0;34m0[0;34m1[0;34m0[0;34m1[0;34m0[0;34m1[0;34m0[0;34m0[0;34m0[0;34m1
[0m[0;34m1[0;34m0[0;34m0[0;34m0[0;34m0[0;34m0[0;34m1[0;34m0[0;34m0[0;34m0[0;34m1[0;34m0[0;34m0[0;34m0[0;34m0[0;34m0[0;34m0[0;34m0[0;34m0[0;34m0[0;34m0[0;34m0[0;34m0[0;34m1
[0m[0;34m1[0;34m0[0;34m0[0;34m0[0;34m0[0;34m0[0;34m1[0;34m0[0;34m0[0;34m0[0;34m1[0;34m0[0;34m0[0;34m0[0;34m0[0;34m1[0;34m0[0;34m0[0;34m0[0;34m1[0;34m0[0;34m0[0;34m0[0;34m1
[0m[0;34m1[0;34m0[0;34m0[0;34m0[0;34m0[0;34m0[0;34m1[0;34m0[0;34m0[0;34m0[0;34m1[0;34m0[0;34m0[0;34m0[0;34m0[0;34m0[0;34m0[0;34m0[0;34m0[0;34m0[0;34m0[0;34m0[0;34m0[0;34m1
[0m[0;34m1[0;34m0[0;34m0[0;34m0[0;34m0[0;34m0[0;34m1[0;34m1[0;34m1[0;34m1[0;34m0[0;34m0[0;34m0[0;34m0[0;34m1[0;34m0[0;34m1[0;34m0[0;34m1[0;34m0[0;34m0[0;34m0[0;34m0[0;34m1
[0m[0;34m1[0;34m0[0;34m0[0;34m0[0;34m0[0;34m0[0;34m0[0;34m0[0;34m0[0;34m0[0;34m0[0;34m0[0;34m0[0;34m0[0;34m0[0;34m0[0;34m0[0;34m0[0;34m0[0;34m0[0;34m0[0;34m0[0;34m0[0;34m1
[0m[0;34m1[0;34m0[0;34m0[0;34m0[0;34m0[0;34m0[0;34m0[0;34m0[0;34m0[0;34m0[0;34m0[0;34m0[0;34m0[0;34m0[0;34m0[0;34m0[0;32m[Debug info]üõ†Ô∏è  Map info üîç
[0m[0;32m[Debug info] - Map width:[0m24
[0;32m[Debug info] - Map height:[0m27
[0;32m[Debug info]üõ†Ô∏è  Starting player position info üîç
[0m[0;32m[Debug info] - Player X:[0m9
[0;32m[Debug info] - Player Y:[0m3
[0;32m[Debug info] - Player Direction:[0mN
[0;32m[Debug info]üõ†Ô∏è  Colors info c:  üîç
[0m[0;32m[Debug info]üõ†Ô∏è  Colors info f:  üîç
[0m[0;32m[Debug info]üõ†Ô∏è  Textures info:  üîç
[0m[0;32m[Debug info] Texture north:[0mtextures/test/north.xpm
[0;32m[Debug info] Texture south:[0mtextures/test/south.xpm
[0;32m[Debug info] Texture west:[0mtextures/test/west.xpm
[0;32m[Debug info] Texture east:[0mtextures/test/east.xpm
[0;34m0[0;34m0[0;34m0[0;34m0[0;34m0[0;34m0[0;34m0[0;34m1
[0m[0;34m1[0;34m0[0;34m0[0;34m0[0;34m0[0;34m0[0;34m0[0;34m0[0;34m0[0;34m0[0;34m0[0;34m0[0;34m0[0;34m0[0;34m0[0;34m0[0;34m0[0;34m0[0;34m0[0;34m0[0;34m0[0;34m0[0;34m0[0;34m1
[0m[0;34m1[0;34m0[0;34m0[0;34m0[0;34m0[0;34m0[0;34m0[0;34m0[0;34m0[0;34m0[0;34m0[0;34m0[0;34m0[0;34m0[0;34m0[0;34m0[0;34m0[0;34m0[0;34m0[0;34m0[0;34m0[0;34m0[0;34m0[0;34m1
[0m[0;34m1[0;34m0[0;34m0[0;34m0[0;34m0[0;34m0[0;34m0[0;34m0[0;34m0[0;34m0[0;34m0[0;34m0[0;34m0[0;34m0[0;34m0[0;34m0[0;34m0[0;34m0[0;34m0[0;34m0[0;34m0[0;34m0[0;34m0[0;34m1
[0m[0;34m1[0;34m0[0;34m0[0;34m0[0;34m0[0;34m0[0;34m0[0;34m0[0;34m0[0;34m0[0;34m0[0;34m0[0;34m0[0;34m0[0;34m0[0;34m0[0;34m0[0;34m0[0;34m0[0;34m0[0;34m0[0;34m0[0;34m0[0;34m1
[0m[0;34m1[0;34m0[0;34m0[0;34m0[0;34m0[0;34m0[0;34m0[0;34m0[0;34m0[0;34m0[0;34m0[0;34m0[0;34m0[0;34m0[0;34m0[0;34m0[0;34m0[0;34m0[0;34m0[0;34m0[0;34m0[0;34m0[0;34m0[0;34m1
[0m[0;34m1[0;34m1[0;34m1[0;34m1[0;34m1[0;34m1[0;34m1[0;34m1[0;34m1[0;34m0[0;34m0[0;34m0[0;34m0[0;34m0[0;34m0[0;34m0[0;34m0[0;34m0[0;34m0[0;34m0[0;34m0[0;34m0[0;34m0[0;34m1
[0m[0;34m1[0;34m0[0;34m0[0;34m1[0;34m0[0;34m0[0;34m0[0;34m0[0;34m1[0;34m0[0;34m0[0;34m0[0;34m0[0;34m0[0;34m0[0;34m0[0;34m0[0;34m0[0;34m0[0;34m0[0;34m0[0;34m0[0;34m0[0;34m1
[0m[0;34m1[0;34m0[0;34m0[0;34m0[0;34m0[0;34m0[0;34m1[0;34m0[0;34m1[0;34m0[0;34m0[0;34m0[0;34m0[0;34m0[0;34m0[0;34m0[0;34m0[0;34m0[0;34m0[0;34m0[0;34m0[0;34m0[0;34m0[0;34m1
[0m[0;34m1[0;34m0[0;34m0[0;34m1[0;34m0[0;34m0[0;34m0[0;34m0[0;34m1[0;34m0[0;34m0[0;34m0[0;34m0[0;34m0[0;34m0[0;34m0[0;34m0[0;34m0[0;34m0[0;34m0[0;34m0[0;34m0[0;34m0[0;34m1
[0m[0;34m1[0;34m0[0;34m0[0;34m1[0;34m1[0;34m1[0;34m1[0;34m1[0;34m1[0;34m0[0;34m0[0;34m0[0;34m0[0;34m0[0;34m0[0;34m0[0;34m0[0;34m0[0;34m0[0;34m0[0;34m0[0;34m0[0;34m0[0;34m1
[0m[0;34m1[0;34m0[0;34m0[0;34m0[0;34m0[0;34m0[0;34m0[0;34m0[0;34m0[0;34m0[0;34m0[0;34m0[0;34m0[0;34m0[0;34m0[0;34m0[0;34m0[0;34m0[0;34m0[0;34m0[0;34m0[0;34m0[0;34m0[0;34m1
[0m[0;34m1[0;34m0[0;34m0[0;34m0[0;34m0[0;34m0[0;34m0[0;34m0[0;34m0[0;34m0[0;34m0[0;34m0[0;34m0[0;34m0[0;34m0[0;34m0[0;34m0[0;34m0[0;34m0[0;34m0[0;34m0[0;34m0[0;34m0[0;34m1
[0m[0;34m1[0;34m1[0;34m1[0;34m1[0;34m1[0;34m1[0;34m1[0;34m1[0;34m1[0;34m1[0;34m1[0;34m1[0;34m1[0;34m1[0;34m1[0;34m1[0;34m1[0;34m1[0;34m1[0;34m1[0;34m1[0;34m1[0;34m1[0;34m1
[0m[0;34m2[0;34m3[0;34m5
[0m[0;34m1[0;34m9[0;34m8
[0m[0;34m5[0;34m2
[0m[0;34m6[0;34m9
[0m[0;34m2[0;34m2[0;34m2
[0m[0;34m1[0;34m9[0;34m9
[0m[0;34m1[0;34m1[0;34m1[0;34m1[0;34m1[0;34m1[0;34m1[0;34m1[0;34m1[0;34m1[0;34m1[0;34m1[0;34m1[0;34m1[0;34m1[0;34m1[0;34m1[0;34m1[0;34m1[0;34m1[0;34m1[0;34m1[0;34m1[0;34m1
[0m[0;34m1[0;34m0[0;34m0[0;34m0[0;34m0[0;34m0[0;34m0[0;34m0[0;34m0[0;34m0[0;34m0[0;34m0[0;34m0[0;34m0[0;34m0[0;34m0[0;34m0[0;34m0[0;34m0[0;34m0[0;34m0[0;34m0[0;34m0[0;34m1
[0m[0;34m1[0;34m0[0;34m0[0;34m0[0;34m0[0;34m0[0;34m0[0;34m0[0;34m0[0;34m0[0;34m0[0;34m0[0;34m0[0;34m0[0;34m0[0;34m0[0;34m0[0;34m0[0;34m0[0;34m0[0;34m0[0;34m0[0;34m0[0;34m1
[0m[0;34m1[0;34m0[0;34m0[0;34m0[0;34m0[0;34m0[0;34m0[0;34m0[0;34m0[0;34mN[0;34m0[0;34m0[0;34m0[0;34m0[0;34m0[0;34m0[0;34m0[0;34m0[0;34m0[0;34m0[0;34m0[0;34m0[0;34m0[0;34m1
[0m[0;34m1[0;34m0[0;34m0[0;34m0[0;34m0[0;34m0[0;34m0[0;34m0[0;34m0[0;34m0[0;34m0[0;34m0[0;34m0[0;34m0[0;34m0[0;34m0[0;34m0[0;34m0[0;34m0[0;34m0[0;34m0[0;34m0[0;34m0[0;34m1
[0m[0;34m1[0;34m0[0;34m0[0;34m0[0;34m0[0;34m0[0;34m0[0;34m0[0;34m0[0;34m0[0;34m0[0;34m0[0;34m0[0;34m0[0;34m0[0;34m0[0;34m0[0;34m0[0;34m0[0;34m0[0;34m0[0;34m0[0;34m0[0;34m1
[0m[0;34m1[0;34m0[0;34m0[0;34m0[0;34m0[0;34m0[0;34m0[0;34m0[0;34m0[0;34m0[0;34m0[0;34m0[0;34m0[0;34m0[0;34m0[0;34m0[0;34m0[0;34m0[0;34m0[0;34m0[0;34m0[0;34m0[0;34m0[0;34m1
[0m[0;34m1[0;34m0[0;34m0[0;34m0[0;34m0[0;34m0[0;34m1[0;34m1[0;34m1[0;34m1[0;34m1[0;34m0[0;34m0[0;34m0[0;34m0[0;34m1[0;34m0[0;34m1[0;34m0[0;34m1[0;34m0[0;34m0[0;34m0[0;34m1
[0m[0;34m1[0;34m0[0;34m0[0;34m0[0;34m0[0;34m0[0;34m1[0;34m0[0;34m0[0;34m0[0;34m1[0;34m0[0;34m0[0;34m0[0;34m0[0;34m0[0;34m0[0;34m0[0;34m0[0;34m0[0;34m0[0;34m0[0;34m0[0;34m1
[0m[0;34m1[0;34m0[0;34m0[0;34m0[0;34m0[0;34m0[0;34m1[0;34m0[0;34m0[0;34m0[0;34m1[0;34m0[0;34m0[0;34m0[0;34m0[0;34m1[0;34m0[0;34m0[0;34m0[0;34m1[0;34m0[0;34m0[0;34m0[0;34m1
[0m[0;34m1[0;34m0[0;34m0[0;34m0[0;34m0[0;34m0[0;34m1[0;34m0[0;34m0[0;34m0[0;34m1[0;34m0[0;34m0[0;34m0[0;34m0[0;34m0[0;34m0[0;34m0[0;34m0[0;34m0[0;34m0[0;34m0[0;34m0[0;34m1
[0m[0;34m1[0;34m0[0;34m0[0;34m0[0;34m0[0;34m0[0;34m1[0;34m1[0;34m1[0;34m1[0;34m0[0;34m0[0;34m0[0;34m0[0;34m1[0;34m0[0;34m1[0;34m0[0;34m1[0;34m0[0;34m0[0;34m0[0;34m0[0;34m1
[0m[0;34m1[0;34m0[0;34m0[0;34m0[0;34m0[0;34m0[0;34m0[0;34m0[0;34m0[0;34m0[0;34m0[0;34m0[0;34m0[0;34m0[0;34m0[0;34m0[0;34m0[0;34m0[0;34m0[0;34m0[0;34m0[0;34m0[0;34m0[0;34m1
[0m[0;34m1[0;34m0[0;34m0[0;34m0[0;34m0[0;34m0[0;34m0[0;34m0[0;34m0[0;34m0[0;34m0[0;34m0[0;34m0[0;34m0[0;34m0[0;34m0[0;34m0[0;34m0[0;34m0[0;34m0[0;34m0[0;34m0[0;34m0[0;34m1
[0m[0;34m1[0;34m0[0;34m0[0;34m0[0;34m0[0;34m0[0;34m0[0;34m0[0;34m0[0;34m0[0;34m0[0;34m0[0;34m0[0;34m0[0;34m0[0;34m0[0;34m0[0;34m0[0;34m0[0;34m0[0;34m0[0;34m0[0;34m0[0;34m1
[0m[0;34m1[0;34m0[0;34m0[0;34m0[0;34m0[0;34m0[0;34m0[0;34m0[0;34m0[0;34m0[0;34m0[0;34m0[0;34m0[0;34m0[0;34m0[0;34m0[0;34m0[0;34m0[0;34m0[0;34m0[0;34m0[0;34m0[0;34m0[0;34m1
[0m[0;34m1[0;34m0[0;34m0[0;34m0[0;34m0[0;34m0[0;34m0[0;34m0[0;34m0[0;34m0[0;34m0[0;34m0[0;34m0[0;34m0[0;34m0[0;34m0[0;34m0[0;34m0[0;34m0[0;34m0[0;34m0[0;34m0[0;34m0[0;34m1
[0m[0;34m1[0;34m0[0;34m0[0;34m0[0;34m0[0;34m0[0;34m0[0;34m0[0;34m0[0;34m0[0;34m0[0;34m0[0;34m0[0;34m0[0;34m0[0;34m0[0;34m0[0;34m0[0;34m0[0;34m0[0;34m0[0;34m0[0;34m0[0;34m1
[0m[0;34m1[0;34m0[0;34m0[0;34m0[0;34m0[0;34m0[0;34m0[0;34m0[0;34m0[0;34m0[0;34m0[0;34m0[0;34m0[0;34m0[0;34m0[0;34m0[0;34m0[0;34m0[0;34m0[0;34m0[0;34m0[0;34m0[0;34m0[0;34m1
[0m[0;34m1[0;34m1[0;34m1[0;34m1[0;34m1[0;34m1[0;34m1[0;34m1[0;34m1[0;34m0[0;34m0[0;34m0[0;34m0[0;34m0[0;34m0[0;34m0[0;34m0[0;34m0[0;34m0[0;34m0[0;34m0[0;34m0[0;34m0[0;34m1
[0m[0;34m1[0;34m0[0;34m0[0;34m1[0;34m0[0;34m0[0;34m0[0;34m0[0;34m1[0;34m0[0;34m0[0;34m0[0;34m0[0;34m0[0;34m0[0;34m0[0;34m0[0;34m0[0;34m0[0;34m0[0;34m0[0;34m0[0;34m0[0;34m1
[0m[0;34m1[0;34m0[0;34m0[0;34m0[0;34m0[0;34m0[0;34m1[0;34m0[0;34m1[0;34m0[0;34m0[0;34m0[0;34m0[0;34m0[0;34m0[0;34m0[0;34m0[0;34m0[0;34m0[0;34m0[0;34m0[0;34m0[0;34m0[0;34m1
[0m[0;34m1[0;34m0[0;34m0[0;34m1[0;34m0[0;34m0[0;34m0[0;34m0[0;34m1[0;34m0[0;34m0[0;34m0[0;34m0[0;34m0[0;34m0[0;34m0[0;34m0[0;34m0[0;34m0[0;34m0[0;34m0[0;34m0[0;34m0[0;34m1
[0m[0;34m1[0;34m0[0;34m0[0;34m1[0;34m1[0;34m1[0;34m1[0;34m1[0;34m1[0;34m0[0;34m0[0;34m0[0;34m0[0;34m0[0;34m0[0;34m0[0;34m0[0;34m0[0;34m0[0;34m0[0;34m0[0;34m0[0;34m0[0;34m1
[0m[0;34m1[0;34m0[0;34m0[0;34m0[0;34m0[0;34m0[0;34m0[0;34m0[0;34m0[0;34m0[0;34m0[0;34m0[0;34m0[0;34m0[0;34m0[0;34m0[0;34m0[0;34m0[0;34m0[0;34m0[0;34m0[0;34m0[0;34m0[0;34m1
[0m[0;34m1[0;34m0[0;34m0[0;34m0[0;34m0[0;34m0[0;34m0[0;34m0[0;34m0[0;34m0[0;34m0[0;34m0[0;34m0[0;34m0[0;34m0[0;34m0[0;34m0[0;34m0[0;34m0[0;34m0[0;34m0[0;34m0[0;34m0[0;34m1
[0m[0;34m1[0;34m1[0;34m1[0;34m1[0;34m1[0;34m1[0;34m1[0;34m1[0;34m1[0;34m1[0;34m1[0;34m1[0;34m1[0;34m1[0;34m1[0;34m1[0;34m1[0;34m1[0;34m1[0;34m1[0;34m1[0;34m1[0;34m1[0;34m1
[0mExit code: 0
‚ö†Ô∏è No Valgrind alerts, but with leaks[0m  
==8592== Memcheck, a memory error detector
==8592== Copyright (C) 2002-2022, and GNU GPL'd, by Julian Seward et al.
==8592== Using Valgrind-3.22.0 and LibVEX; rerun with -h for copyright info
==8592== Command: ./cub3d ./maps/good/square_map.cub
==8592== Parent PID: 8530
==8592== 
==8592== 
==8592== HEAP SUMMARY:
==8592==     in use at exit: 2,338 bytes in 84 blocks
==8592==   total heap usage: 277 allocs, 193 frees, 17,008 bytes allocated
==8592== 
==8592== LEAK SUMMARY:
==8592==    definitely lost: 744 bytes in 10 blocks
==8592==    indirectly lost: 1,594 bytes in 74 blocks
==8592==      possibly lost: 0 bytes in 0 blocks
==8592==    still reachable: 0 bytes in 0 blocks
==8592==         suppressed: 0 bytes in 0 blocks
==8592== Rerun with --leak-check=full to see details of leaked memory
==8592== 
==8592== For lists of detected and suppressed errors, rerun with: -s
==8592== ERROR SUMMARY: 0 errors from 0 contexts (suppressed: 0 from 0)
Running valgrind on ./maps/good/subject_map.cub...

[0;34mN[0;34mO[0;34m [0;34mt[0;34me[0;34mx[0;34mt[0;34mu[0;34mr[0;34me[0;34ms[0;34m/[0;34mt[0;34me[0;34ms[0;34mt[0;34m/[0;34mn[0;34mo[0;34mr[0;34mt[0;34mh[0;34m.[0;34mx[0;34mp[0;34mm
[0m[0;34mS[0;34mO[0;34m [0;34mt[0;34me[0;34mx[0;34mt[0;34mu[0;34mr[0;34me[0;34ms[0;34m/[0;34mt[0;34me[0;34ms[0;34mt[0;34m/[0;34ms[0;34mo[0;34mu[0;34mt[0;34mh[0;34m.[0;34mx[0;34mp[0;34mm
[0m[0;34mW[0;34mE[0;34m [0;34mt[0;34me[0;34mx[0;34mt[0;34mu[0;34mr[0;34me[0;34ms[0;34m/[0;34mt[0;34me[0;34ms[0;34mt[0;34m/[0;34mw[0;34me[0;34ms[0;34mt[0;34m.[0;34mx[0;34mp[0;34mm
[0m[0;34mE[0;34mA[0;34m [0;34mt[0;34me[0;34mx[0;34mt[0;34mu[0;34mr[0;34me[0;34ms[0;34m/[0;34mt[0;34me[0;34ms[0;34mt[0;34m/[0;34me[0;34ma[0;34ms[0;34mt[0;34m.[0;34mx[0;34mp[0;34mm
[0m
[0m[0;34mF[0;34m [0;34m2[0;34m2[0;34m0[0;34m,[0;34m1[0;34m0[0;34m0[0;34m,[0;34m0
[0m[0;34mC[0;34m [0;34m2[0;34m2[0;34m5[0;34m,[0;34m3[0;34m0[0;34m,[0;34m0
[0m
[0m[0;34m [0;34m [0;34m [0;34m [0;34m [0;34m [0;34m [0;34m [0;34m1[0;34m1[0;34m1[0;34m1[0;34m1[0;34m1[0;34m1[0;34m1[0;34m1[0;34m1[0;34m1[0;34m1[0;34m1[0;34m1[0;34m1[0;34m1[0;34m1[0;34m1[0;34m1[0;34m1[0;34m1[0;34m1[0;34m1[0;34m1[0;34m1
[0m[0;34m [0;34m [0;34m [0;34m [0;34m [0;34m [0;34m [0;34m [0;34m1[0;34m0[0;34m0[0;34m0[0;34m0[0;34m0[0;34m0[0;34m0[0;34m0[0;34m0[0;34m1[0;34m1[0;34m0[0;34m0[0;34m0[0;34m0[0;34m0[0;34m0[0;34m0[0;34m0[0;34m0[0;34m0[0;34m0[0;34m0[0;34m1
[0m[0;34m [0;34m [0;34m [0;34m [0;34m [0;34m [0;34m [0;34m [0;34m1[0;34m0[0;34m1[0;34m1[0;34m0[0;34m0[0;34m0[0;34m0[0;34m0[0;34m1[0;34m1[0;34m1[0;34m0[0;34m0[0;34m0[0;34m0[0;34m0[0;34m0[0;34m0[0;34m0[0;34m0[0;34m0[0;34m0[0;34m0[0;34m1
[0m[0;34m [0;34m [0;34m [0;34m [0;34m [0;34m [0;34m [0;34m [0;34m1[0;34m0[0;34m0[0;34m1[0;34m0[0;34m0[0;34m0[0;34m0[0;34m0[0;34m0[0;34m0[0;34m0[0;34m0[0;34m0[0;34m0[0;34m0[0;34m0[0;34m0[0;34m0[0;34m0[0;34m0[0;34m0[0;34m0[0;34m0[0;34m1
[0m[0;34m1[0;34m1[0;34m1[0;34m1[0;34m1[0;34m1[0;34m1[0;34m1[0;34m1[0;34m0[0;34m1[0;34m1[0;34m0[0;34m0[0;34m0[0;34m0[0;34m0[0;34m1[0;34m1[0;34m1[0;34m0[0;34m0[0;34m0[0;34m0[0;34m0[0;34m0[0;34m0[0;34m0[0;34m0[0;34m0[0;34m0[0;34m0[0;34m1
[0m[0;34m1[0;34m0[0;34m0[0;34m0[0;34m0[0;34m0[0;34m0[0;34m0[0;34m0[0;34m0[0;34m1[0;34m1[0;34m0[0;34m0[0;34m0[0;34m0[0;34m0[0;34m1[0;34m1[0;34m1[0;34m0[0;34m1[0;34m1[0;34m1[0;34m1[0;34m1[0;34m1[0;34m1[0;34m1[0;34m1[0;34m1[0;34m1[0;34m1
[0m[0;34m1[0;34m1[0;34m1[0;34m1[0;34m0[0;34m1[0;34m1[0;34m1[0;34m1[0;34m1[0;34m1[0;34m1[0;34m1[0;34m1[0;34m0[0;34m1[0;34m1[0;34m1[0;34m0[0;34m0[0;34m0[0;34m0[0;34m0[0;34m0[0;34m1[0;34m0[0;34m0[0;34m0[0;34m1
[0m[0;34m1[0;34m1[0;34m1[0;34m1[0;34m0[0;34m1[0;34m1[0;34m1[0;34m1[0;34m1[0;34m1[0;34m1[0;34m1[0;34m1[0;34m0[0;34m1[0;34m1[0;34m1[0;34m0[0;34m1[0;34m0[0;34m1[0;34m0[0;34m0[0;34m1[0;34m0[0;34m0[0;34m0[0;34m1
[0m[0;34m1[0;34m1[0;34m0[0;34m0[0;34m0[0;34m0[0;34m0[0;34m0[0;34m1[0;34m1[0;34m0[0;34m1[0;34m0[0;34m1[0;34m0[0;34m1[0;34m1[0;34m1[0;34m0[0;34m0[0;34m0[0;34m0[0;34m0[0;34m0[0;34m1[0;34m0[0;34m0[0;34m0[0;34m1
[0m[0;34m1[0;34m0[0;34m0[0;34m0[0;34m0[0;34m0[0;34m0[0;34m0[0;34m0[0;34m0[0;34m0[0;34m0[0;34m0[0;34m0[0;34m0[0;34m0[0;34m1[0;34m1[0;34m0[0;34m0[0;34m0[0;34m0[0;34m0[0;34m0[0;34m1[0;34m0[0;34m0[0;34m0[0;34m1
[0m[0;34m1[0;34m0[0;34m0[0;34m0[0;34m0[0;34m0[0;34m0[0;34m0[0;34m0[0;34m0[0;34m0[0;34m0[0;34m0[0;34m0[0;34m0[0;34m0[0;34m1[0;34m1[0;34m0[0;34m1[0;34m0[0;34m1[0;34m0[0;34m0[0;34m1[0;34m0[0;34m0[0;34m0[0;34m1
[0m[0;34m1[0;34m1[0;34m0[0;34m0[0;34m0[0;34m0[0;34m0[0;34m1[0;34m1[0;34m1[0;34m0[0;34m1[0;34m0[0;34m1[0;34m0[0;34m1[0;34m1[0;34m1[0;34m1[0;34m1[0;34m0[0;34m1[0;34m1[0;34m1[0;34m1[0;34m0[0;34mN[0;34m0[0;34m1[0;34m1[0;34m1
[0m[0;34m1[0;34m1[0;[0;32m[Debug info]üõ†Ô∏è  Map info üîç
[0m[0;32m[Debug info] - Map width:[0m33
[0;32m[Debug info] - Map height:[0m14
[0;32m[Debug info]üõ†Ô∏è  Starting player position info üîç
[0m[0;32m[Debug info] - Player X:[0m26
[0;32m[Debug info] - Player Y:[0m11
[0;32m[Debug info] - Player Direction:[0mN
[0;32m[Debug info]üõ†Ô∏è  Colors info c:  üîç
[0m[0;32m[Debug info]üõ†Ô∏è  Colors info f:  üîç
[0m[0;32m[Debug info]üõ†Ô∏è  Textures info:  üîç
[0m[0;32m[Debug info] Texture north:[0mtextures/test/north.xpm
[0;32m[Debug info] Texture south:[0mtextures/test/south.xpm
[0;32m[Debug info] Texture west:[0mtextures/test/west.xpm
[0;32m[Debug info] Texture east:[0mtextures/test/east.xpm
34m1[0;34m1[0;34m0[0;34m1[0;34m1[0;34m1[0;34m [0;34m1[0;34m1[0;34m1[0;34m0[0;34m1[0;34m0[0;34m1[0;34m [0;34m1[0;34m0[0;34m1[0;34m1[0;34m1[0;34m1[0;34m0[0;34m1[0;34m0[0;34m0[0;34m0[0;34m1
[0m[0;34m1[0;34m1[0;34m1[0;34m1[0;34m1[0;34m1[0;34m1[0;34m1[0;34m [0;34m1[0;34m1[0;34m1[0;34m1[0;34m1[0;34m1[0;34m1[0;34m [0;34m1[0;34m1[0;34m1[0;34m1[0;34m1[0;34m1[0;34m1[0;34m1[0;34m1[0;34m1[0;34m1[0;34m1
[0m[0;34m2[0;34m2[0;34m5
[0m[0;34m3[0;34m0
[0m[0;34m0
[0m[0;34m2[0;34m2[0;34m0
[0m[0;34m1[0;34m0[0;34m0
[0m[0;34m0
[0m[0;34m1[0;34m1[0;34m1[0;34m1[0;34m1[0;34m1[0;34m1[0;34m1[0;34m1[0;34m1[0;34m1[0;34m1[0;34m1[0;34m1[0;34m1[0;34m1[0;34m1[0;34m1[0;34m1[0;34m1[0;34m1[0;34m1[0;34m1[0;34m1[0;34m1[0;34m1[0;34m1[0;34m1[0;34m1[0;34m1[0;34m1[0;34m1[0;34m1
[0m[0;34m1[0;34m1[0;34m1[0;34m1[0;34m1[0;34m1[0;34m1[0;34m1[0;34m1[0;34m0[0;34m0[0;34m0[0;34m0[0;34m0[0;34m0[0;34m0[0;34m0[0;34m0[0;34m1[0;34m1[0;34m0[0;34m0[0;34m0[0;34m0[0;34m0[0;34m0[0;34m0[0;34m0[0;34m0[0;34m0[0;34m0[0;34m0[0;34m1
[0m[0;34m1[0;34m1[0;34m1[0;34m1[0;34m1[0;34m1[0;34m1[0;34m1[0;34m1[0;34m0[0;34m1[0;34m1[0;34m0[0;34m0[0;34m0[0;34m0[0;34m0[0;34m1[0;34m1[0;34m1[0;34m0[0;34m0[0;34m0[0;34m0[0;34m0[0;34m0[0;34m0[0;34m0[0;34m0[0;34m0[0;34m0[0;34m0[0;34m1
[0m[0;34m1[0;34m1[0;34m1[0;34m1[0;34m1[0;34m1[0;34m1[0;34m1[0;34m1[0;34m0[0;34m0[0;34m1[0;34m0[0;34m0[0;34m0[0;34m0[0;34m0[0;34m0[0;34m0[0;34m0[0;34m0[0;34m0[0;34m0[0;34m0[0;34m0[0;34m0[0;34m0[0;34m0[0;34m0[0;34m0[0;34m0[0;34m0[0;34m1
[0m[0;34m1[0;34m1[0;34m1[0;34m1[0;34m1[0;34m1[0;34m1[0;34m1[0;34m1[0;34m0[0;34m1[0;34m1[0;34m0[0;34m0[0;34m0[0;34m0[0;34m0[0;34m1[0;34m1[0;34m1[0;34m0[0;34m0[0;34m0[0;34m0[0;34m0[0;34m0[0;34m0[0;34m0[0;34m0[0;34m0[0;34m0[0;34m0[0;34m1
[0m[0;34m1[0;34m0[0;34m0[0;34m0[0;34m0[0;34m0[0;34m0[0;34m0[0;34m0[0;34m0[0;34m1[0;34m1[0;34m0[0;34m0[0;34m0[0;34m0[0;34m0[0;34m1[0;34m1[0;34m1[0;34m0[0;34m1[0;34m1[0;34m1[0;34m1[0;34m1[0;34m1[0;34m1[0;34m1[0;34m1[0;34m1[0;34m1[0;34m1
[0m[0;34m1[0;34m1[0;34m1[0;34m1[0;34m0[0;34m1[0;34m1[0;34m1[0;34m1[0;34m1[0;34m1[0;34m1[0;34m1[0;34m1[0;34m0[0;34m1[0;34m1[0;34m1[0;34m0[0;34m0[0;34m0[0;34m0[0;34m0[0;34m0[0;34m1[0;34m0[0;34m0[0;34m0[0;34m1[0;34m1[0;34m1[0;34m1[0;34m1
[0m[0;34m1[0;34m1[0;34m1[0;34m1[0;34m0[0;34m1[0;34m1[0;34m1[0;34m1[0;34m1[0;34m1[0;34m1[0;34m1[0;34m1[0;34m0[0;34m1[0;34m1[0;34m1[0;34m0[0;34m1[0;34m0[0;34m1[0;34m0[0;34m0[0;34m1[0;34m0[0;34m0[0;34m0[0;34m1[0;34m1[0;34m1[0;34m1[0;34m1
[0m[0;34m1[0;34m1[0;34m0[0;34m0[0;34m0[0;34m0[0;34m0[0;34m0[0;34m1[0;34m1[0;34m0[0;34m1[0;34m0[0;34m1[0;34m0[0;34m1[0;34m1[0;34m1[0;34m0[0;34m0[0;34m0[0;34m0[0;34m0[0;34m0[0;34m1[0;34m0[0;34m0[0;34m0[0;34m1[0;34m1[0;34m1[0;34m1[0;34m1
[0m[0;34m1[0;34m0[0;34m0[0;34m0[0;34m0[0;34m0[0;34m0[0;34m0[0;34m0[0;34m0[0;34m0[0;34m0[0;34m0[0;34m0[0;34m0[0;34m0[0;34m1[0;34m1[0;34m0[0;34m0[0;34m0[0;34m0[0;34m0[0;34m0[0;34m1[0;34m0[0;34m0[0;34m0[0;34m1[0;34m1[0;34m1[0;34m1[0;34m1
[0m[0;34m1[0;34m0[0;34m0[0;34m0[0;34m0[0;34m0[0;34m0[0;34m0[0;34m0[0;34m0[0;34m0[0;34m0[0;34m0[0;34m0[0;34m0[0;34m0[0;34m1[0;34m1[0;34m0[0;34m1[0;34m0[0;34m1[0;34m0[0;34m0[0;34m1[0;34m0[0;34m0[0;34m0[0;34m1[0;34m1[0;34m1[0;34m1[0;34m1
[0m[0;34m1[0;34m1[0;34m0[0;34m0[0;34m0[0;34m0[0;34m0[0;34m1[0;34m1[0;34m1[0;34m0[0;34m1[0;34m0[0;34m1[0;34m0[0;34m1[0;34m1[0;34m1[0;34m1[0;34m1[0;34m0[0;34m1[0;34m1[0;34m1[0;34m1[0;34m0[0;34mN[0;34m0[0;34m1[0;34m1[0;34m1[0;34m1[0;34m1
[0m[0;34m1[0;34m1[0;34m1[0;34m1[0;34m0[0;34m1[0;34m1[0;34m1[0;34m1[0;34m1[0;34m1[0;34m1[0;34m0[0;34m1[0;34m0[0;34m1[0;34m1[0;34m1[0;34m0[0;34m1[0;34m1[0;34m1[0;34m1[0;34m0[0;34m1[0;34m0[0;34m0[0;34m0[0;34m1[0;34m1[0;34m1[0;34m1[0;34m1
[0m[0;34m1[0;34m1[0;34m1[0;34m1[0;34m1[0;34m1[0;34m1[0;34m1[0;34m1[0;34m1[0;34m1[0;34m1[0;34m1[0;34m1[0;34m1[0;34m1[0;34m1[0;34m1[0;34m1[0;34m1[0;34m1[0;34m1[0;34m1[0;34m1[0;34m1[0;34m1[0;34m1[0;34m1[0;34m1[0;34m1[0;34m1[0;34m1[0;34m1
[0mExit code: 0
‚ö†Ô∏è No Valgrind alerts, but with leaks[0m  
==8613== Memcheck, a memory error detector
==8613== Copyright (C) 2002-2022, and GNU GPL'd, by Julian Seward et al.
==8613== Using Valgrind-3.22.0 and LibVEX; rerun with -h for copyright info
==8613== Command: ./cub3d ./maps/good/subject_map.cub
==8613== Parent PID: 8530
==8613== 
==8613== 
==8613== HEAP SUMMARY:
==8613==     in use at exit: 1,575 bytes in 52 blocks
==8613==   total heap usage: 164 allocs, 112 frees, 10,128 bytes allocated
==8613== 
==8613== LEAK SUMMARY:
==8613==    definitely lost: 481 bytes in 10 blocks
==8613==    indirectly lost: 1,094 bytes in 42 blocks
==8613==      possibly lost: 0 bytes in 0 blocks
==8613==    still reachable: 0 bytes in 0 blocks
==8613==         suppressed: 0 bytes in 0 blocks
==8613== Rerun with --leak-check=full to see details of leaked memory
==8613== 
==8613== For lists of detected and suppressed errors, rerun with: -s
==8613== ERROR SUMMARY: 0 errors from 0 contexts (suppressed: 0 from 0)
Running valgrind on ./maps/good/test_map.cub...

[0;32m[Debug info]üõ†Ô∏è  Map info üîç
[0m[0;32m[Debug info] - Map width:[0m12
[0;32m[Debug info] - Map height:[0m8
[0;32m[Debug info]üõ†Ô∏è  Starting player position info üîç
[0m[0;32m[Debug info] - Player X:[0m2
[0;32m[Debug info] - Player Y:[0m4
[0;32m[Debug info] - Player Direction:[0mS
[0;32m[Debug info]üõ†Ô∏è  Colors info c:  üîç
[0m[0;32m[Debug info]üõ†Ô∏è  Colors info f:  üîç
[0m[0;32m[Debug info]üõ†Ô∏è  Textures info:  üîç
[0m[0;32m[Debug info] Texture north:[0mtextures/test/north.xpm
[0;32m[Debug info] Texture south:[0mtextures/test/south.xpm
[0;32m[Debug info] Texture west:[0mtextures/test/west.xpm
[0;32m[Debug info] Texture east:[0mtextures/test/east.xpm
[0;34mN[0;34mO[0;34m [0;34mt[0;34me[0;34mx[0;34mt[0;34mu[0;34mr[0;34me[0;34ms[0;34m/[0;34mt[0;34me[0;34ms[0;34mt[0;34m/[0;34mn[0;34mo[0;34mr[0;34mt[0;34mh[0;34m.[0;34mx[0;34mp[0;34mm
[0m[0;34mS[0;34mO[0;34m [0;34mt[0;34me[0;34mx[0;34mt[0;34mu[0;34mr[0;34me[0;34ms[0;34m/[0;34mt[0;34me[0;34ms[0;34mt[0;34m/[0;34ms[0;34mo[0;34mu[0;34mt[0;34mh[0;34m.[0;34mx[0;34mp[0;34mm
[0m[0;34mW[0;34mE[0;34m [0;34mt[0;34me[0;34mx[0;34mt[0;34mu[0;34mr[0;34me[0;34ms[0;34m/[0;34mt[0;34me[0;34ms[0;34mt[0;34m/[0;34mw[0;34me[0;34ms[0;34mt[0;34m.[0;34mx[0;34mp[0;34mm
[0m[0;34mE[0;34mA[0;34m [0;34mt[0;34me[0;34mx[0;34mt[0;34mu[0;34mr[0;34me[0;34ms[0;34m/[0;34mt[0;34me[0;34ms[0;34mt[0;34m/[0;34me[0;34ma[0;34ms[0;34mt[0;34m.[0;34mx[0;34mp[0;34mm
[0m
[0m[0;34mF[0;34m [0;34m1[0;34m8[0;34m,[0;34m5[0;34m3[0;34m,[0;34m2[0;34m5
[0m[0;34mC[0;34m [0;34m1[0;34m5[0;34m3[0;34m,[0;34m2[0;34m0[0;34m4[0;34m,[0;34m2[0;34m5[0;34m5
[0m
[0m[0;34m1[0;34m1[0;34m1[0;34m1[0;34m1[0;34m1[0;34m1[0;34m1[0;34m1[0;34m1[0;34m1[0;34m1
[0m[0;34m1[0;34m [0;34m [0;34m [0;34m [0;34m [0;34m [0;34m [0;34m [0;34m [0;34m1[0;34m1
[0m[0;34m1[0;34m [0;34m [0;34m [0;34m [0;34m [0;34m [0;34m [0;34m [0;34m [0;34m [0;34m1
[0m[0;34m1[0;34m1[0;34m1[0;34m1[0;34m1[0;34m1[0;34m1[0;34m1[0;34m1[0;34m1[0;34m1[0;34m1
[0m[0;34m1[0;34m0[0;34mS[0;34m0[0;34m0[0;34m0[0;34m0[0;34m0[0;34m0[0;34m0[0;34m0[0;34m1
[0m[0;34m1[0;34m1[0;34m1[0;34m1[0;34m1[0;34m1[0;34m1[0;34m1[0;34m1[0;34m1[0;34m1[0;34m1
[0m[0;34m1[0;34m1[0;34m [0;34m [0;34m [0;34m [0;34m [0;34m [0;34m [0;34m [0;34m [0;34m1
[0m[0;34m1[0;34m1[0;34m1[0;34m1[0;34m1[0;34m1[0;34m1[0;34m1[0;34m1[0;34m1[0;34m1[0;34m1
[0m[0;34m1[0;34m5[0;34m3
[0m[0;34m2[0;34m0[0;34m4
[0m[0;34m2[0;34m5[0;34m5
[0m[0;34m1[0;34m8
[0m[0;34m5[0;34m3
[0m[0;34m2[0;34m5
[0m[0;34m1[0;34m1[0;34m1[0;34m1[0;34m1[0;34m1[0;34m1[0;34m1[0;34m1[0;34m1[0;34m1[0;34m1
[0m[0;34m1[0;34m1[0;34m1[0;34m1[0;34m1[0;34m1[0;34m1[0;34m1[0;34m1[0;34m1[0;34m1[0;34m1
[0m[0;34m1[0;34m1[0;34m1[0;34m1[0;34m1[0;34m1[0;34m1[0;34m1[0;34m1[0;34m1[0;34m1[0;34m1
[0m[0;34m1[0;34m1[0;34m1[0;34m1[0;34m1[0;34m1[0;34m1[0;34m1[0;34m1[0;34m1[0;34m1[0;34m1
[0m[0;34m1[0;34m0[0;34mS[0;34m0[0;34m0[0;34m0[0;34m0[0;34m0[0;34m0[0;34m0[0;34m0[0;34m1
[0m[0;34m1[0;34m1[0;34m1[0;34m1[0;34m1[0;34m1[0;34m1[0;34m1[0;34m1[0;34m1[0;34m1[0;34m1
[0m[0;34m1[0;34m1[0;34m1[0;34m1[0;34m1[0;34m1[0;34m1[0;34m1[0;34m1[0;34m1[0;34m1[0;34m1
[0m[0;34m1[0;34m1[0;34m1[0;34m1[0;34m1[0;34m1[0;34m1[0;34m1[0;34m1[0;34m1[0;34m1[0;34m1
[0mExit code: 0
‚ö†Ô∏è No Valgrind alerts, but with leaks[0m  
==8616== Memcheck, a memory error detector
==8616== Copyright (C) 2002-2022, and GNU GPL'd, by Julian Seward et al.
==8616== Using Valgrind-3.22.0 and LibVEX; rerun with -h for copyright info
==8616== Command: ./cub3d ./maps/good/test_map.cub
==8616== Parent PID: 8530
==8616== 
==8616== 
==8616== HEAP SUMMARY:
==8616==     in use at exit: 765 bytes in 40 blocks
==8616==   total heap usage: 113 allocs, 73 frees, 7,229 bytes allocated
==8616== 
==8616== LEAK SUMMARY:
==8616==    definitely lost: 387 bytes in 10 blocks
==8616==    indirectly lost: 378 bytes in 30 blocks
==8616==      possibly lost: 0 bytes in 0 blocks
==8616==    still reachable: 0 bytes in 0 blocks
==8616==         suppressed: 0 bytes in 0 blocks
==8616== Rerun with --leak-check=full to see details of leaked memory
==8616== 
==8616== For lists of detected and suppressed errors, rerun with: -s
==8616== ERROR SUMMARY: 0 errors from 0 contexts (suppressed: 0 from 0)
Running valgrind on ./maps/good/test_map_hole.cub...

[0;32m[Debug info]üõ†Ô∏è  Map info üîç
[0m[0;32m[Debug info] - Map width:[0m12
[0;32m[Debug info] - Map height:[0m8
[0;32m[Debug info]üõ†Ô∏è  Starting player position info üîç
[0m[0;32m[Debug info] - Player X:[0m2
[0;32m[Debug info] - Player Y:[0m4
[0;32m[Debug info] - Player Direction:[0mS
[0;32m[Debug info]üõ†Ô∏è  Colors info c:  üîç
[0m[0;32m[Debug info]üõ†Ô∏è  Colors info f:  üîç
[0m[0;32m[Debug info]üõ†Ô∏è  Textures info:  üîç
[0m[0;32m[Debug info] Texture north:[0mtextures/test/north.xpm
[0;32m[Debug info] Texture south:[0mtextures/test/south.xpm
[0;32m[Debug info] Texture west:[0mtextures/test/west.xpm
[0;32m[Debug info] Texture east:[0mtextures/test/east.xpm
[0;34mN[0;34mO[0;34m [0;34mt[0;34me[0;34mx[0;34mt[0;34mu[0;34mr[0;34me[0;34ms[0;34m/[0;34mt[0;34me[0;34ms[0;34mt[0;34m/[0;34mn[0;34mo[0;34mr[0;34mt[0;34mh[0;34m.[0;34mx[0;34mp[0;34mm
[0m[0;34mS[0;34mO[0;34m [0;34mt[0;34me[0;34mx[0;34mt[0;34mu[0;34mr[0;34me[0;34ms[0;34m/[0;34mt[0;34me[0;34ms[0;34mt[0;34m/[0;34ms[0;34mo[0;34mu[0;34mt[0;34mh[0;34m.[0;34mx[0;34mp[0;34mm
[0m[0;34mW[0;34mE[0;34m [0;34mt[0;34me[0;34mx[0;34mt[0;34mu[0;34mr[0;34me[0;34ms[0;34m/[0;34mt[0;34me[0;34ms[0;34mt[0;34m/[0;34mw[0;34me[0;34ms[0;34mt[0;34m.[0;34mx[0;34mp[0;34mm
[0m[0;34mE[0;34mA[0;34m [0;34mt[0;34me[0;34mx[0;34mt[0;34mu[0;34mr[0;34me[0;34ms[0;34m/[0;34mt[0;34me[0;34ms[0;34mt[0;34m/[0;34me[0;34ma[0;34ms[0;34mt[0;34m.[0;34mx[0;34mp[0;34mm
[0m
[0m[0;34mF[0;34m [0;34m1[0;34m8[0;34m,[0;34m5[0;34m3[0;34m,[0;34m2[0;34m5
[0m[0;34mC[0;34m [0;34m1[0;34m5[0;34m3[0;34m,[0;34m2[0;34m0[0;34m4[0;34m,[0;34m2[0;34m5[0;34m5
[0m
[0m[0;34m1[0;34m1[0;34m1[0;34m1[0;34m1[0;34m1[0;34m1[0;34m1[0;34m1[0;34m1[0;34m1[0;34m1
[0m[0;34m1[0;34m [0;34m [0;34m [0;34m [0;34m [0;34m [0;34m [0;34m [0;34m [0;34m1[0;34m1
[0m[0;34m1[0;34m [0;34m [0;34m [0;34m [0;34m [0;34m [0;34m [0;34m0[0;34m0[0;34m0[0;34m1
[0m[0;34m1[0;34m0[0;34m0[0;34m0[0;34m0[0;34m0[0;34m0[0;34m [0;34m0[0;34m0[0;34m1[0;34m1
[0m[0;34m1[0;34m0[0;34mS[0;34m0[0;34m0[0;34m0[0;34m0[0;34m0[0;34m0[0;34m0[0;34m0[0;34m1
[0m[0;34m1[0;34m1[0;34m1[0;34m1[0;34m1[0;34m1[0;34m1[0;34m1[0;34m1[0;34m1[0;34m1[0;34m1
[0m[0;34m1[0;34m1[0;34m [0;34m [0;34m [0;34m [0;34m [0;34m [0;34m [0;34m [0;34m [0;34m1
[0m[0;34m1[0;34m1[0;34m1[0;34m1[0;34m1[0;34m1[0;34m1[0;34m1[0;34m1[0;34m1[0;34m1[0;34m1
[0m[0;34m1[0;34m5[0;34m3
[0m[0;34m2[0;34m0[0;34m4
[0m[0;34m2[0;34m5[0;34m5
[0m[0;34m1[0;34m8
[0m[0;34m5[0;34m3
[0m[0;34m2[0;34m5
[0m[0;34m1[0;34m1[0;34m1[0;34m1[0;34m1[0;34m1[0;34m1[0;34m1[0;34m1[0;34m1[0;34m1[0;34m1
[0m[0;34m1[0;34m1[0;34m1[0;34m1[0;34m1[0;34m1[0;34m1[0;34m1[0;34m1[0;34m1[0;34m1[0;34m1
[0m[0;34m1[0;34m1[0;34m1[0;34m1[0;34m1[0;34m1[0;34m1[0;34m1[0;34m0[0;34m0[0;34m0[0;34m1
[0m[0;34m1[0;34m0[0;34m0[0;34m0[0;34m0[0;34m0[0;34m0[0;34m1[0;34m0[0;34m0[0;34m1[0;34m1
[0m[0;34m1[0;34m0[0;34mS[0;34m0[0;34m0[0;34m0[0;34m0[0;34m0[0;34m0[0;34m0[0;34m0[0;34m1
[0m[0;34m1[0;34m1[0;34m1[0;34m1[0;34m1[0;34m1[0;34m1[0;34m1[0;34m1[0;34m1[0;34m1[0;34m1
[0m[0;34m1[0;34m1[0;34m1[0;34m1[0;34m1[0;34m1[0;34m1[0;34m1[0;34m1[0;34m1[0;34m1[0;34m1
[0m[0;34m1[0;34m1[0;34m1[0;34m1[0;34m1[0;34m1[0;34m1[0;34m1[0;34m1[0;34m1[0;34m1[0;34m1
[0mExit code: 0
‚ö†Ô∏è No Valgrind alerts, but with leaks[0m  
==8640== Memcheck, a memory error detector
==8640== Copyright (C) 2002-2022, and GNU GPL'd, by Julian Seward et al.
==8640== Using Valgrind-3.22.0 and LibVEX; rerun with -h for copyright info
==8640== Command: ./cub3d ./maps/good/test_map_hole.cub
==8640== Parent PID: 8530
==8640== 
==8640== 
==8640== HEAP SUMMARY:
==8640==     in use at exit: 765 bytes in 40 blocks
==8640==   total heap usage: 113 allocs, 73 frees, 7,229 bytes allocated
==8640== 
==8640== LEAK SUMMARY:
==8640==    definitely lost: 387 bytes in 10 blocks
==8640==    indirectly lost: 378 bytes in 30 blocks
==8640==      possibly lost: 0 bytes in 0 blocks
==8640==    still reachable: 0 bytes in 0 blocks
==8640==         suppressed: 0 bytes in 0 blocks
==8640== Rerun with --leak-check=full to see details of leaked memory
==8640== 
==8640== For lists of detected and suppressed errors, rerun with: -s
==8640== ERROR SUMMARY: 0 errors from 0 contexts (suppressed: 0 from 0)
Running valgrind on ./maps/good/test_pos_bottom.cub...
Starting Valgrind tests...
Running valgrind on ./maps/good/cheese_maze.cub...

[0;34mN[0;34mO[0;34m [0;34mt[0;34me[0;34mx[0;34mt[0;34mu[0;34mr[0;34me[0;34ms[0;34m/[0;34mt[0;34me[0;34ms[0;34mt[0;34m/[0;34mn[0;34mo[0;34mr[0;34mt[0;34mh[0;34m.[0;34mx[0;34mp[0;34mm
[0m[0;34mS[0;34mO[0;34m [0;34mt[0;34me[0;34mx[0;34mt[0;34mu[0;34mr[0;34me[0;34ms[0;34m/[0;34mt[0;34me[0;34ms[0;34mt[0;34m/[0;34ms[0;34mo[0;34mu[0;34mt[0;34mh[0;34m.[0;34mx[0;34mp[0;34mm
[0m[0;34mW[0;34mE[0;34m [0;34mt[0;34me[0;34mx[0;34mt[0;34mu[0;34mr[0;34me[0;34ms[0;34m/[0;34mt[0;34me[0;34ms[0;34mt[0;34m/[0;34mw[0;34me[0;34ms[0;34mt[0;34m.[0;34mx[0;34mp[0;34mm
[0m[0;34mE[0;34mA[0;34m [0;34mt[0;34me[0;34mx[0;34mt[0;34mu[0;34mr[0;34me[0;34ms[0;34m/[0;34mt[0;34me[0;34ms[0;34mt[0;34m/[0;34me[0;34ma[0;34ms[0;34mt[0;34m.[0;34mx[0;34mp[0;34mm
[0m
[0m[0;34mF[0;34m [0;34m1[0;34m6[0;34m4[0;34m,[0;34m1[0;34m6[0;34m9[0;34m,[0;34m2[0;34m0
[0m[0;34mC[0;34m [0;34m1[0;34m5[0;34m3[0;34m,[0;34m2[0;34m0[0;34m4[0;34m,[0;34m2[0;34m5[0;34m5
[0m
[0m[0;34m1[0;34m1[0;34m1[0;34m1[0;34m1[0;34m1[0;34m1[0;34m1[0;34m1[0;34m1[0;34m1[0;34m1[0;34m1[0;34m1[0;34m1[0;34m1[0;34m1[0;34m1[0;34m1[0;34m1[0;34m1
[0m[0;34m1[0;34m0[0;34m1[0;34m0[0;34m0[0;34m0[0;34m0[0;34m0[0;34m1[0;34m0[0;34m0[0;34m0[0;34m0[0;34m0[0;34m0[0;34m0[0;34m0[0;34m0[0;34m0[0;34m0[0;34m1
[0m[0;34m1[0;34m0[0;34m1[0;34m0[0;34m1[0;34m0[0;34m1[0;34m0[0;34m1[0;34m0[0;34m1[0;34m1[0;34m1[0;34m1[0;34m1[0;34m1[0;34m1[0;34m0[0;34m0[0;34m0[0;34m1
[0m[0;34m1[0;34m0[0;34m0[0;34m0[0;34m1[0;34m0[0;34m1[0;34m0[0;34m0[0;34m0[0;34m1[0;34m0[0;34m0[0;34m0[0;34m0[0;34m0[0;34m1[0;34m0[0;34m0[0;34m0[0;34m1
[0m[0;34m1[0;34m1[0;34m1[0;34m1[0;34m1[0;34m0[0;34m1[0;34m0[0;34m1[0;34m1[0;34m1[0;34m1[0;34m1[0;34m0[0;34m1[0;34m0[0;34m1[0;34m1[0;34m1[0;34m0[0;34m1
[0m[0;34m1[0;34m0[0;34m0[0;34m0[0;34m0[0;34m0[0;34m1[0;34m0[0;34m1[0;34m0[0;34m0[0;34m0[0;34m1[0;34m0[0;34m1[0;34m0[0;34m0[0;34m0[0;34m0[0;34m0[0;34m1
[0m[0;34m1[0;34m0[0;34m1[0;34m1[0;34m1[0;34m1[0;34m1[0;34m0[0;34m1[0;34m0[0;34m1[0;34m1[0;34m1[0;34m0[0;34m1[0;34m1[0;34m1[0;34m1[0;34m1[0;34m1[0;34m1
[0m[0;34m1[0;34m0[0;34m1[0;34m0[0;34m0[0;34m0[0;34m0[0;34m0[0;34m1[0;34m0[0;34m1[0;34m0[0;34m1[0;34m0[0;34m0[0;34m0[0;34m0[0;34m0[0;34m1[0;34m0[0;34m1
[0m[0;34m1[0;34m0[0;34m1[0;34m0[0;34m1[0;34m1[0;34m1[0;34m1[0;34m1[0;34m0[0;34m1[0;34m0[0;34m1[0;34m1[0;34m1[0;34m1[0;34m1[0;34m0[0;34m1[0;34m0[0;34m1
[0m[0;34m1[0;34m0[0;34m1[0;34m0[0;34m1[0;34m0[0;34m0[0;34m0[0;34m1[0;34m0[0;34m1[0;34m0[0;34m1[0;34m0[0;34m0[0;34m0[0;34m1[0;34m0[0;34m1[0;34m0[0;34m1
[0m[0;34m1[0;34m0[0;34m1[0;34m1[0;34m1[0;34m0[0;34m1[0;34m0[0;34m1[0;34m0[0;34m1[0;34m0[0;34m1[0;34m0[0;34m1[0;34m0[0;34m1[0;34m0[0;34m1[0;34m0[0;34m1
[0m[0;34m1[0;34m0[0;34m0[0;34m0[0;34m0[0;34m0[0;34m1[0;34m0[0;34m1[0;34m0[0;34m1[0;34m0[0;34m0[0;34m0[0;34m1[0;34m0[0;34m1[0;34m0[0;34m0[0;34m0[0;34m1
[0m[0;34m1[0;34m1[0;34m1[0;34m1[0;34m1[0;34m1[0;34m1[0;34m0[0;34m1[0;34m0[0;34m1[0;34m1[0;34m1[0;34m1[0;34m1[0;34m0[0;34m1[0;34m1[0;34m1[0;34m0[0;34m1
[0m[0;34m1[0;34m0[0;34m0[0;34m0[0;34m0[0;34m0[0;34m1[0;34m0[0;34m1[0;34m0[0;34m0[0;34m0[0;34m1[0;34m0[0;34m0[0;34m0[0;34m1[0;34m0[0;34m0[0;34m0[0;34m1
[0m[0;34m1[0;34m0[0;34m1[0;34m1[0;34m1[0;34m0[0;34m1[0;34m0[0;34m1[0;34m1[0;34m1[0;34m0[0;34m1[0;34m0[0;34m1[0;34m1[0;34m1[0;34m0[0;34m1[0;34m1[0;34m1
[0m[0;34m1[0;34m0[0;34m1[0;34m0[0;34m0[0;34m0[0;34m1[0;34m0[0;34m0[0;34m0[0;34m0[0;34m0[0;34m1[0;34m0[0;34m0[0;34m0[0;34m1[0;34m0[0;34m1[0;34m0[0;34m1
[0m[0;34m1[0;34m0[0;34m1[0;34m0[0;34m1[0;34m1[0;34m1[0;34m1[0;34m1[0;34m1[0;34m1[0;34m1[0;34m1[0;34m1[0;34m1[0;34m0[0;34m1[0;34m0[0;34m1[0;34m0[0;34m1
[0m[0;34m1[0;34m0[0;34m0[0;34m0[0;34m1[0;34m0[0;34m0[0;34m0[0;34m0[0;34m0[0;34m0[0;34m0[0[0;32m[Debug info]üõ†Ô∏è  Map info üîç
[0m[0;32m[Debug info] - Map width:[0m21
[0;32m[Debug info] - Map height:[0m21
[0;32m[Debug info]üõ†Ô∏è  Starting player position info üîç
[0m[0;32m[Debug info] - Player X:[0m1
[0;32m[Debug info] - Player Y:[0m19
[0;32m[Debug info] - Player Direction:[0mN
[0;32m[Debug info]üõ†Ô∏è  Colors info c:  üîç
[0m[0;32m[Debug info]üõ†Ô∏è  Colors info f:  üîç
[0m[0;32m[Debug info]üõ†Ô∏è  Textures info:  üîç
[0m[0;32m[Debug info] Texture north:[0mtextures/test/north.xpm
[0;32m[Debug info] Texture south:[0mtextures/test/south.xpm
[0;32m[Debug info] Texture west:[0mtextures/test/west.xpm
[0;32m[Debug info] Texture east:[0mtextures/test/east.xpm
;34m0[0;34m0[0;34m0[0;34m0[0;34m1[0;34m0[0;34m0[0;34m0[0;34m1
[0m[0;34m1[0;34m0[0;34m1[0;34m0[0;34m1[0;34m0[0;34m1[0;34m1[0;34m1[0;34m0[0;34m1[0;34m1[0;34m1[0;34m1[0;34m1[0;34m1[0;34m1[0;34m1[0;34m1[0;34m0[0;34m1
[0m[0;34m1[0;34mN[0;34m1[0;34m0[0;34m0[0;34m0[0;34m0[0;34m0[0;34m1[0;34m0[0;34m0[0;34m0[0;34m0[0;34m0[0;34m0[0;34m0[0;34m0[0;34m0[0;34m0[0;34m0[0;34m1
[0m[0;34m1[0;34m1[0;34m1[0;34m1[0;34m1[0;34m1[0;34m1[0;34m1[0;34m1[0;34m1[0;34m1[0;34m1[0;34m1[0;34m1[0;34m1[0;34m1[0;34m1[0;34m1[0;34m1[0;34m1[0;34m1
[0m
[0m[0;34m1[0;34m5[0;34m3
[0m[0;34m2[0;34m0[0;34m4
[0m[0;34m2[0;34m5[0;34m5
[0m[0;34m1[0;34m6[0;34m4
[0m[0;34m1[0;34m6[0;34m9
[0m[0;34m2[0;34m0
[0m[0;34m1[0;34m1[0;34m1[0;34m1[0;34m1[0;34m1[0;34m1[0;34m1[0;34m1[0;34m1[0;34m1[0;34m1[0;34m1[0;34m1[0;34m1[0;34m1[0;34m1[0;34m1[0;34m1[0;34m1[0;34m1
[0m[0;34m1[0;34m0[0;34m1[0;34m0[0;34m0[0;34m0[0;34m0[0;34m0[0;34m1[0;34m0[0;34m0[0;34m0[0;34m0[0;34m0[0;34m0[0;34m0[0;34m0[0;34m0[0;34m0[0;34m0[0;34m1
[0m[0;34m1[0;34m0[0;34m1[0;34m0[0;34m1[0;34m0[0;34m1[0;34m0[0;34m1[0;34m0[0;34m1[0;34m1[0;34m1[0;34m1[0;34m1[0;34m1[0;34m1[0;34m0[0;34m0[0;34m0[0;34m1
[0m[0;34m1[0;34m0[0;34m0[0;34m0[0;34m1[0;34m0[0;34m1[0;34m0[0;34m0[0;34m0[0;34m1[0;34m0[0;34m0[0;34m0[0;34m0[0;34m0[0;34m1[0;34m0[0;34m0[0;34m0[0;34m1
[0m[0;34m1[0;34m1[0;34m1[0;34m1[0;34m1[0;34m0[0;34m1[0;34m0[0;34m1[0;34m1[0;34m1[0;34m1[0;34m1[0;34m0[0;34m1[0;34m0[0;34m1[0;34m1[0;34m1[0;34m0[0;34m1
[0m[0;34m1[0;34m0[0;34m0[0;34m0[0;34m0[0;34m0[0;34m1[0;34m0[0;34m1[0;34m0[0;34m0[0;34m0[0;34m1[0;34m0[0;34m1[0;34m0[0;34m0[0;34m0[0;34m0[0;34m0[0;34m1
[0m[0;34m1[0;34m0[0;34m1[0;34m1[0;34m1[0;34m1[0;34m1[0;34m0[0;34m1[0;34m0[0;34m1[0;34m1[0;34m1[0;34m0[0;34m1[0;34m1[0;34m1[0;34m1[0;34m1[0;34m1[0;34m1
[0m[0;34m1[0;34m0[0;34m1[0;34m0[0;34m0[0;34m0[0;34m0[0;34m0[0;34m1[0;34m0[0;34m1[0;34m0[0;34m1[0;34m0[0;34m0[0;34m0[0;34m0[0;34m0[0;34m1[0;34m0[0;34m1
[0m[0;34m1[0;34m0[0;34m1[0;34m0[0;34m1[0;34m1[0;34m1[0;34m1[0;34m1[0;34m0[0;34m1[0;34m0[0;34m1[0;34m1[0;34m1[0;34m1[0;34m1[0;34m0[0;34m1[0;34m0[0;34m1
[0m[0;34m1[0;34m0[0;34m1[0;34m0[0;34m1[0;34m0[0;34m0[0;34m0[0;34m1[0;34m0[0;34m1[0;34m0[0;34m1[0;34m0[0;34m0[0;34m0[0;34m1[0;34m0[0;34m1[0;34m0[0;34m1
[0m[0;34m1[0;34m0[0;34m1[0;34m1[0;34m1[0;34m0[0;34m1[0;34m0[0;34m1[0;34m0[0;34m1[0;34m0[0;34m1[0;34m0[0;34m1[0;34m0[0;34m1[0;34m0[0;34m1[0;34m0[0;34m1
[0m[0;34m1[0;34m0[0;34m0[0;34m0[0;34m0[0;34m0[0;34m1[0;34m0[0;34m1[0;34m0[0;34m1[0;34m0[0;34m0[0;34m0[0;34m1[0;34m0[0;34m1[0;34m0[0;34m0[0;34m0[0;34m1
[0m[0;34m1[0;34m1[0;34m1[0;34m1[0;34m1[0;34m1[0;34m1[0;34m0[0;34m1[0;34m0[0;34m1[0;34m1[0;34m1[0;34m1[0;34m1[0;34m0[0;34m1[0;34m1[0;34m1[0;34m0[0;34m1
[0m[0;34m1[0;34m0[0;34m0[0;34m0[0;34m0[0;34m0[0;34m1[0;34m0[0;34m1[0;34m0[0;34m0[0;34m0[0;34m1[0;34m0[0;34m0[0;34m0[0;34m1[0;34m0[0;34m0[0;34m0[0;34m1
[0m[0;34m1[0;34m0[0;34m1[0;34m1[0;34m1[0;34m0[0;34m1[0;34m0[0;34m1[0;34m1[0;34m1[0;34m0[0;34m1[0;34m0[0;34m1[0;34m1[0;34m1[0;34m0[0;34m1[0;34m1[0;34m1
[0m[0;34m1[0;34m0[0;34m1[0;34m0[0;34m0[0;34m0[0;34m1[0;34m0[0;34m0[0;34m0[0;34m0[0;34m0[0;34m1[0;34m0[0;34m0[0;34m0[0;34m1[0;34m0[0;34m1[0;34m0[0;34m1
[0m[0;34m1[0;34m0[0;34m1[0;34m0[0;34m1[0;34m1[0;34m1[0;34m1[0;34m1[0;34m1[0;34m1[0;34m1[0;34m1[0;34m1[0;34m1[0;34m0[0;34m1[0;34m0[0;34m1[0;34m0[0;34m1
[0m[0;34m1[0;34m0[0;34m0[0;34m0[0;34m1[0;34m0[0;34m0[0;34m0[0;34m0[0;34m0[0;34m0[0;34m0[0;34m0[0;34m0[0;34m0[0;34m0[0;34m1[0;34m0[0;34m0[0;34m0[0;34m1
[0m[0;34m1[0;34m0[0;34m1[0;34m0[0;34m1[0;34m0[0;34m1[0;34m1[0;34m1[0;34m0[0;34m1[0;34m1[0;34m1[0;34m1[0;34m1[0;34m1[0;34m1[0;34m1[0;34m1[0;34m0[0;34m1
[0m[0;34m1[0;34mN[0;34m1[0;34m0[0;34m0[0;34m0[0;34m0[0;34m0[0;34m1[0;34m0[0;34m0[0;34m0[0;34m0[0;34m0[0;34m0[0;34m0[0;34m0[0;34m0[0;34m0[0;34m0[0;34m1
[0m[0;34m1[0;34m1[0;34m1[0;34m1[0;34m1[0;34m1[0;34m1[0;34m1[0;34m1[0;34m1[0;34m1[0;34m1[0;34m1[0;34m1[0;34m1[0;34m1[0;34m1[0;34m1[0;34m1[0;34m1[0;34m1
[0mExit code: 0
‚ö†Ô∏è No Valgrind alerts, but with leaks[0m  
==8764== Memcheck, a memory error detector
==8764== Copyright (C) 2002-2022, and GNU GPL'd, by Julian Seward et al.
==8764== Using Valgrind-3.22.0 and LibVEX; rerun with -h for copyright info
==8764== Command: ./cub3d ./maps/good/cheese_maze.cub
==8764== Parent PID: 8762
==8764== 
==8764== 
==8764== HEAP SUMMARY:
==8764==     in use at exit: 1,718 bytes in 67 blocks
==8764==   total heap usage: 210 allocs, 143 frees, 12,286 bytes allocated
==8764== 
==8764== LEAK SUMMARY:
==8764==    definitely lost: 605 bytes in 10 blocks
==8764==    indirectly lost: 1,113 bytes in 57 blocks
==8764==      possibly lost: 0 bytes in 0 blocks
==8764==    still reachable: 0 bytes in 0 blocks
==8764==         suppressed: 0 bytes in 0 blocks
==8764== Rerun with --leak-check=full to see details of leaked memory
==8764== 
==8764== For lists of detected and suppressed errors, rerun with: -s
==8764== ERROR SUMMARY: 0 errors from 0 contexts (suppressed: 0 from 0)
Running valgrind on ./maps/good/creepy.cub...

[0;32m[Debug info]üõ†Ô∏è  Map info üîç
[0m[0;32m[Debug info] - Map width:[0m15
[0;32m[Debug info] - Map height:[0m13
[0;32m[Debug info]üõ†Ô∏è  Starting player position info üîç
[0m[0;32m[Debug info] - Player X:[0m7
[0;32m[Debug info] - Player Y:[0m3
[0;32m[Debug info] - Player Direction:[0mN
[0;32m[Debug info]üõ†Ô∏è  Colors info c:  üîç
[0m[0;32m[Debug info]üõ†Ô∏è  Colors info f:  üîç
[0m[0;32m[Debug info]üõ†Ô∏è  Textures info:  üîç
[0m[0;32m[Debug info] Texture north:[0mtextures/test/north.xpm
[0;32m[Debug info] Texture south:[0mtextures/test/south.xpm
[0;32m[Debug info] Texture west:[0mtextures/test/west.xpm
[0;32m[Debug info] Texture east:[0mtextures/test/east.xpm
[0;34mN[0;34mO[0;34m [0;34mt[0;34me[0;34mx[0;34mt[0;34mu[0;34mr[0;34me[0;34ms[0;34m/[0;34mt[0;34me[0;34ms[0;34mt[0;34m/[0;34mn[0;34mo[0;34mr[0;34mt[0;34mh[0;34m.[0;34mx[0;34mp[0;34mm
[0m[0;34mS[0;34mO[0;34m [0;34mt[0;34me[0;34mx[0;34mt[0;34mu[0;34mr[0;34me[0;34ms[0;34m/[0;34mt[0;34me[0;34ms[0;34mt[0;34m/[0;34ms[0;34mo[0;34mu[0;34mt[0;34mh[0;34m.[0;34mx[0;34mp[0;34mm
[0m[0;34mW[0;34mE[0;34m [0;34mt[0;34me[0;34mx[0;34mt[0;34mu[0;34mr[0;34me[0;34ms[0;34m/[0;34mt[0;34me[0;34ms[0;34mt[0;34m/[0;34mw[0;34me[0;34ms[0;34mt[0;34m.[0;34mx[0;34mp[0;34mm
[0m[0;34mE[0;34mA[0;34m [0;34mt[0;34me[0;34mx[0;34mt[0;34mu[0;34mr[0;34me[0;34ms[0;34m/[0;34mt[0;34me[0;34ms[0;34mt[0;34m/[0;34me[0;34ma[0;34ms[0;34mt[0;34m.[0;34mx[0;34mp[0;34mm
[0m
[0m[0;34mC[0;34m [0;34m3[0;34m5[0;34m,[0;34m1[0;34m9[0;34m,[0;34m7[0;34m3
[0m[0;34mF[0;34m [0;34m1[0;34m5[0;34m,[0;34m6[0;34m,[0;34m4[0;34m0
[0m
[0m[0;34m1[0;34m1[0;34m1[0;34m1[0;34m1[0;34m1[0;34m1[0;34m1[0;34m1[0;34m1[0;34m1[0;34m1[0;34m1[0;34m1[0;34m1
[0m[0;34m1[0;34m1[0;34m1[0;34m1[0;34m1[0;34m1[0;34m0[0;34m0[0;34m0[0;34m1[0;34m1[0;34m1[0;34m1[0;34m1[0;34m1
[0m[0;34m1[0;34m1[0;34m1[0;34m1[0;34m1[0;34m0[0;34m0[0;34m0[0;34m0[0;34m0[0;34m1[0;34m1[0;34m1[0;34m1[0;34m1
[0m[0;34m1[0;34m1[0;34m1[0;34m1[0;34m0[0;34m0[0;34m0[0;34mN[0;34m0[0;34m0[0;34m0[0;34m1[0;34m1[0;34m1[0;34m1
[0m[0;34m1[0;34m1[0;34m1[0;34m0[0;34m0[0;34m0[0;34m0[0;34m0[0;34m0[0;34m0[0;34m0[0;34m0[0;34m1[0;34m1[0;34m1
[0m[0;34m1[0;34m1[0;34m0[0;34m0[0;34m0[0;34m0[0;34m0[0;34m0[0;34m0[0;34m0[0;34m0[0;34m0[0;34m0[0;34m1[0;34m1
[0m[0;34m1[0;34m0[0;34m0[0;34m0[0;34m0[0;34m1[0;34m1[0;34m1[0;34m1[0;34m1[0;34m0[0;34m0[0;34m0[0;34m0[0;34m1
[0m[0;34m1[0;34m1[0;34m0[0;34m0[0;34m0[0;34m0[0;34m1[0;34m1[0;34m1[0;34m0[0;34m0[0;34m0[0;34m0[0;34m1[0;34m1
[0m[0;34m1[0;34m1[0;34m1[0;34m0[0;34m0[0;34m0[0;34m0[0;34m1[0;34m0[0;34m0[0;34m0[0;34m0[0;34m1[0;34m1[0;34m1
[0m[0;34m1[0;34m1[0;34m1[0;34m1[0;34m0[0;34m0[0;34m0[0;34m0[0;34m0[0;34m0[0;34m0[0;34m1[0;34m1[0;34m1[0;34m1
[0m[0;34m1[0;34m1[0;34m1[0;34m1[0;34m1[0;34m0[0;34m0[0;34m0[0;34m0[0;34m0[0;34m1[0;34m1[0;34m1[0;34m1[0;34m1
[0m[0;34m1[0;34m1[0;34m1[0;34m1[0;34m1[0;34m1[0;34m0[0;34m0[0;34m0[0;34m1[0;34m1[0;34m1[0;34m1[0;34m1[0;34m1
[0m[0;34m1[0;34m1[0;34m1[0;34m1[0;34m1[0;34m1[0;34m1[0;34m1[0;34m1[0;34m1[0;34m1[0;34m1[0;34m1[0;34m1[0;34m1
[0m
[0m[0;34m3[0;34m5
[0m[0;34m1[0;34m9
[0m[0;34m7[0;34m3
[0m[0;34m1[0;34m5
[0m[0;34m6
[0m[0;34m4[0;34m0
[0m[0;34m1[0;34m1[0;34m1[0;34m1[0;34m1[0;34m1[0;34m1[0;34m1[0;34m1[0;34m1[0;34m1[0;34m1[0;34m1[0;34m1[0;34m1
[0m[0;34m1[0;34m1[0;34m1[0;34m1[0;34m1[0;34m1[0;34m0[0;34m0[0;34m0[0;34m1[0;34m1[0;34m1[0;34m1[0;34m1[0;34m1
[0m[0;34m1[0;34m1[0;34m1[0;34m1[0;34m1[0;34m0[0;34m0[0;34m0[0;34m0[0;34m0[0;34m1[0;34m1[0;34m1[0;34m1[0;34m1
[0m[0;34m1[0;34m1[0;34m1[0;34m1[0;34m0[0;34m0[0;34m0[0;34mN[0;34m0[0;34m0[0;34m0[0;34m1[0;34m1[0;34m1[0;34m1
[0m[0;34m1[0;34m1[0;34m1[0;34m0[0;34m0[0;34m0[0;34m0[0;34m0[0;34m0[0;34m0[0;34m0[0;34m0[0;34m1[0;34m1[0;34m1
[0m[0;34m1[0;34m1[0;34m0[0;34m0[0;34m0[0;34m0[0;34m0[0;34m0[0;34m0[0;34m0[0;34m0[0;34m0[0;34m0[0;34m1[0;34m1
[0m[0;34m1[0;34m0[0;34m0[0;34m0[0;34m0[0;34m1[0;34m1[0;34m1[0;34m1[0;34m1[0;34m0[0;34m0[0;34m0[0;34m0[0;34m1
[0m[0;34m1[0;34m1[0;34m0[0;34m0[0;34m0[0;34m0[0;34m1[0;34m1[0;34m1[0;34m0[0;34m0[0;34m0[0;34m0[0;34m1[0;34m1
[0m[0;34m1[0;34m1[0;34m1[0;34m0[0;34m0[0;34m0[0;34m0[0;34m1[0;34m0[0;34m0[0;34m0[0;34m0[0;34m1[0;34m1[0;34m1
[0m[0;34m1[0;34m1[0;34m1[0;34m1[0;34m0[0;34m0[0;34m0[0;34m0[0;34m0[0;34m0[0;34m0[0;34m1[0;34m1[0;34m1[0;34m1
[0m[0;34m1[0;34m1[0;34m1[0;34m1[0;34m1[0;34m0[0;34m0[0;34m0[0;34m0[0;34m0[0;34m1[0;34m1[0;34m1[0;34m1[0;34m1
[0m[0;34m1[0;34m1[0;34m1[0;34m1[0;34m1[0;34m1[0;34m0[0;34m0[0;34m0[0;34m1[0;34m1[0;34m1[0;34m1[0;34m1[0;34m1
[0m[0;34m1[0;34m1[0;34m1[0;34m1[0;34m1[0;34m1[0;34m1[0;34m1[0;34m1[0;34m1[0;34m1[0;34m1[0;34m1[0;34m1[0;34m1
[0mExit code: 0
‚ö†Ô∏è No Valgrind alerts, but with leaks[0m  
==8767== Memcheck, a memory error detector
==8767== Copyright (C) 2002-2022, and GNU GPL'd, by Julian Seward et al.
==8767== Using Valgrind-3.22.0 and LibVEX; rerun with -h for copyright info
==8767== Command: ./cub3d ./maps/good/creepy.cub
==8767== Parent PID: 8762
==8767== 
==8767== 
==8767== HEAP SUMMARY:
==8767==     in use at exit: 1,056 bytes in 51 blocks
==8767==   total heap usage: 152 allocs, 101 frees, 8,990 bytes allocated
==8767== 
==8767== LEAK SUMMARY:
==8767==    definitely lost: 471 bytes in 10 blocks
==8767==    indirectly lost: 585 bytes in 41 blocks
==8767==      possibly lost: 0 bytes in 0 blocks
==8767==    still reachable: 0 bytes in 0 blocks
==8767==         suppressed: 0 bytes in 0 blocks
==8767== Rerun with --leak-check=full to see details of leaked memory
==8767== 
==8767== For lists of detected and suppressed errors, rerun with: -s
==8767== ERROR SUMMARY: 0 errors from 0 contexts (suppressed: 0 from 0)
Running valgrind on ./maps/good/dungeon.cub...

[0;32m[Debug info]üõ†Ô∏è  Map info üîç
[0m[0;32m[Debug info] - Map width:[0m19
[0;32m[Debug info] - Map height:[0m10
[0;32m[Debug info]üõ†Ô∏è  Starting player position info üîç
[0m[0;32m[Debug info] - Player X:[0m2
[0;32m[Debug info] - Player Y:[0m1
[0;32m[Debug info] - Player Direction:[0mW
[0;32m[Debug info]üõ†Ô∏è  Colors info c:  üîç
[0m[0;32m[Debug info]üõ†Ô∏è  Colors info f:  üîç
[0m[0;32m[Debug info]üõ†Ô∏è  Textures info:  üîç
[0m[0;32m[Debug info] Texture north:[0mtextures/test/north.xpm
[0;32m[Debug info] Texture south:[0mtextures/test/south.xpm
[0;32m[Debug info] Texture west:[0mtextures/test/west.xpm
[0;32m[Debug info] Texture east:[0mtextures/test/east.xpm
[0;34mF[0;34m [0;34m7[0;34m6[0;34m,[0;34m7[0;34m6[0;34m,[0;34m7[0;34m6
[0m[0;34mC[0;34m [0;34m9[0;34m9[0;34m,[0;34m9[0;34m9[0;34m,[0;34m9[0;34m9
[0m
[0m[0;34mN[0;34mO[0;34m [0;34mt[0;34me[0;34mx[0;34mt[0;34mu[0;34mr[0;34me[0;34ms[0;34m/[0;34mt[0;34me[0;34ms[0;34mt[0;34m/[0;34mn[0;34mo[0;34mr[0;34mt[0;34mh[0;34m.[0;34mx[0;34mp[0;34mm
[0m[0;34mS[0;34mO[0;34m [0;34mt[0;34me[0;34mx[0;34mt[0;34mu[0;34mr[0;34me[0;34ms[0;34m/[0;34mt[0;34me[0;34ms[0;34mt[0;34m/[0;34ms[0;34mo[0;34mu[0;34mt[0;34mh[0;34m.[0;34mx[0;34mp[0;34mm
[0m[0;34mW[0;34mE[0;34m [0;34mt[0;34me[0;34mx[0;34mt[0;34mu[0;34mr[0;34me[0;34ms[0;34m/[0;34mt[0;34me[0;34ms[0;34mt[0;34m/[0;34mw[0;34me[0;34ms[0;34mt[0;34m.[0;34mx[0;34mp[0;34mm
[0m[0;34mE[0;34mA[0;34m [0;34mt[0;34me[0;34mx[0;34mt[0;34mu[0;34mr[0;34me[0;34ms[0;34m/[0;34mt[0;34me[0;34ms[0;34mt[0;34m/[0;34me[0;34ma[0;34ms[0;34mt[0;34m.[0;34mx[0;34mp[0;34mm
[0m
[0m[0;34m1[0;34m1[0;34m1[0;34m1[0;34m1[0;34m1[0;34m1[0;34m1[0;34m1[0;34m1[0;34m1[0;34m1[0;34m1[0;34m1[0;34m1[0;34m1[0;34m1[0;34m1[0;34m1
[0m[0;34m1[0;34m0[0;34mW[0;34m1[0;34m0[0;34m0[0;34m1[0;34m0[0;34m0[0;34m1[0;34m0[0;34m0[0;34m1[0;34m0[0;34m0[0;34m0[0;34m0[0;34m0[0;34m1
[0m[0;34m1[0;34m0[0;34m1[0;34m1[0;34m0[0;34m0[0;34m0[0;34m0[0;34m0[0;34m1[0;34m0[0;34m0[0;34m0[0;34m0[0;34m0[0;34m1[0;34m0[0;34m0[0;34m1
[0m[0;34m1[0;34m0[0;34m0[0;34m1[0;34m0[0;34m0[0;34m1[0;34m0[0;34m0[0;34m1[0;34m1[0;34m1[0;34m1[0;34m1[0;34m0[0;34m1[0;34m1[0;34m1[0;34m1
[0m[0;34m1[0;34m0[0;34m0[0;34m1[0;34m1[0;34m1[0;34m1[0;34m0[0;34m0[0;34m0[0;34m0[0;34m0[0;34m1[0;34m0[0;34m0[0;34m1[0;34m0[0;34m0[0;34m1
[0m[0;34m1[0;34m0[0;34m0[0;34m0[0;34m0[0;34m0[0;34m0[0;34m0[0;34m0[0;34m0[0;34m0[0;34m0[0;34m0[0;34m0[0;34m0[0;34m1[0;34m0[0;34m0[0;34m1
[0m[0;34m1[0;34m0[0;34m0[0;34m1[0;34m1[0;34m1[0;34m1[0;34m1[0;34m1[0;34m1[0;34m1[0;34m1[0;34m1[0;34m0[0;34m0[0;34m1[0;34m0[0;34m0[0;34m1
[0m[0;34m1[0;34m1[0;34m1[0;34m1[0;34m0[0;34m0[0;34m0[0;34m0[0;34m0[0;34m0[0;34m0[0;34m0[0;34m0[0;34m0[0;34m0[0;34m1[0;34m0[0;34m1[0;34m1
[0m[0;34m1[0;34m0[0;34m0[0;34m0[0;34m0[0;34m0[0;34m0[0;34m0[0;34m0[0;34m1[0;34m0[0;34m0[0;34m0[0;34m0[0;34m0[0;34m0[0;34m0[0;34m0[0;34m1
[0m[0;34m1[0;34m1[0;34m1[0;34m1[0;34m1[0;34m1[0;34m1[0;34m1[0;34m1[0;34m1[0;34m1[0;34m1[0;34m1[0;34m1[0;34m1[0;34m1[0;34m1[0;34m1[0;34m1
[0m
[0m[0;34m9[0;34m9
[0m[0;34m9[0;34m9
[0m[0;34m9[0;34m9
[0m[0;34m7[0;34m6
[0m[0;34m7[0;34m6
[0m[0;34m7[0;34m6
[0m[0;34m1[0;34m1[0;34m1[0;34m1[0;34m1[0;34m1[0;34m1[0;34m1[0;34m1[0;34m1[0;34m1[0;34m1[0;34m1[0;34m1[0;34m1[0;34m1[0;34m1[0;34m1[0;34m1
[0m[0;34m1[0;34m0[0;34mW[0;34m1[0;34m0[0;34m0[0;34m1[0;34m0[0;34m0[0;34m1[0;34m0[0;34m0[0;34m1[0;34m0[0;34m0[0;34m0[0;34m0[0;34m0[0;34m1
[0m[0;34m1[0;34m0[0;34m1[0;34m1[0;34m0[0;34m0[0;34m0[0;34m0[0;34m0[0;34m1[0;34m0[0;34m0[0;34m0[0;34m0[0;34m0[0;34m1[0;34m0[0;34m0[0;34m1
[0m[0;34m1[0;34m0[0;34m0[0;34m1[0;34m0[0;34m0[0;34m1[0;34m0[0;34m0[0;34m1[0;34m1[0;34m1[0;34m1[0;34m1[0;34m0[0;34m1[0;34m1[0;34m1[0;34m1
[0m[0;34m1[0;34m0[0;34m0[0;34m1[0;34m1[0;34m1[0;34m1[0;34m0[0;34m0[0;34m0[0;34m0[0;34m0[0;34m1[0;34m0[0;34m0[0;34m1[0;34m0[0;34m0[0;34m1
[0m[0;34m1[0;34m0[0;34m0[0;34m0[0;34m0[0;34m0[0;34m0[0;34m0[0;34m0[0;34m0[0;34m0[0;34m0[0;34m0[0;34m0[0;34m0[0;34m1[0;34m0[0;34m0[0;34m1
[0m[0;34m1[0;34m0[0;34m0[0;34m1[0;34m1[0;34m1[0;34m1[0;34m1[0;34m1[0;34m1[0;34m1[0;34m1[0;34m1[0;34m0[0;34m0[0;34m1[0;34m0[0;34m0[0;34m1
[0m[0;34m1[0;34m1[0;34m1[0;34m1[0;34m0[0;34m0[0;34m0[0;34m0[0;34m0[0;34m0[0;34m0[0;34m0[0;34m0[0;34m0[0;34m0[0;34m1[0;34m0[0;34m1[0;34m1
[0m[0;34m1[0;34m0[0;34m0[0;34m0[0;34m0[0;34m0[0;34m0[0;34m0[0;34m0[0;34m1[0;34m0[0;34m0[0;34m0[0;34m0[0;34m0[0;34m0[0;34m0[0;34m0[0;34m1
[0m[0;34m1[0;34m1[0;34m1[0;34m1[0;34m1[0;34m1[0;34m1[0;34m1[0;34m1[0;34m1[0;34m1[0;34m1[0;34m1[0;34m1[0;34m1[0;34m1[0;34m1[0;34m1[0;34m1
[0mExit code: 0
‚ö†Ô∏è No Valgrind alerts, but with leaks[0m  
==8770== Memcheck, a memory error detector
==8770== Copyright (C) 2002-2022, and GNU GPL'd, by Julian Seward et al.
==8770== Using Valgrind-3.22.0 and LibVEX; rerun with -h for copyright info
==8770== Command: ./cub3d ./maps/good/dungeon.cub
==8770== Parent PID: 8762
==8770== 
==8770== 
==8770== HEAP SUMMARY:
==8770==     in use at exit: 992 bytes in 45 blocks
==8770==   total heap usage: 133 allocs, 88 frees, 8,232 bytes allocated
==8770== 
==8770== LEAK SUMMARY:
==8770==    definitely lost: 424 bytes in 10 blocks
==8770==    indirectly lost: 568 bytes in 35 blocks
==8770==      possibly lost: 0 bytes in 0 blocks
==8770==    still reachable: 0 bytes in 0 blocks
==8770==         suppressed: 0 bytes in 0 blocks
==8770== Rerun with --leak-check=full to see details of leaked memory
==8770== 
==8770== For lists of detected and suppressed errors, rerun with: -s
==8770== ERROR SUMMARY: 0 errors from 0 contexts (suppressed: 0 from 0)
Running valgrind on ./maps/good/library.cub...

[0;32m[Debug info]üõ†Ô∏è  Map info üîç
[0m[0;32m[Debug info] - Map width:[0m19
[0;32m[Debug info] - Map height:[0m10
[0;32m[Debug info]üõ†Ô∏è  Starting player position info üîç
[0m[0;32m[Debug info] - Player X:[0m9
[0;32m[Debug info] - Player Y:[0m5
[0;32m[Debug info] - Player Direction:[0mS
[0;32m[Debug info]üõ†Ô∏è  Colors info c:  üîç
[0m[0;32m[Debug info]üõ†Ô∏è  Colors info f:  üîç
[0m[0;32m[Debug info]üõ†Ô∏è  Textures info:  üîç
[0m[0;32m[Debug info] Texture north:[0mtextures/test/north.xpm
[0;32m[Debug info] Texture south:[0mtextures/test/south.xpm
[0;32m[Debug info] Texture west:[0mtextures/test/west.xpm
[0;32m[Debug info] Texture east:[0mtextures/test/east.xpm
[0;34mF[0;34m [0;34m1[0;34m3[0;34m9[0;34m,[0;34m9[0;34m9[0;34m,[0;34m5[0;34m8
[0m[0;34mC[0;34m [0;34m1[0;34m7[0;34m1[0;34m,[0;34m1[0;34m5[0;34m4[0;34m,[0;34m1[0;34m3[0;34m7
[0m
[0m[0;34mN[0;34mO[0;34m [0;34mt[0;34me[0;34mx[0;34mt[0;34mu[0;34mr[0;34me[0;34ms[0;34m/[0;34mt[0;34me[0;34ms[0;34mt[0;34m/[0;34mn[0;34mo[0;34mr[0;34mt[0;34mh[0;34m.[0;34mx[0;34mp[0;34mm
[0m[0;34mS[0;34mO[0;34m [0;34mt[0;34me[0;34mx[0;34mt[0;34mu[0;34mr[0;34me[0;34ms[0;34m/[0;34mt[0;34me[0;34ms[0;34mt[0;34m/[0;34ms[0;34mo[0;34mu[0;34mt[0;34mh[0;34m.[0;34mx[0;34mp[0;34mm
[0m[0;34mW[0;34mE[0;34m [0;34mt[0;34me[0;34mx[0;34mt[0;34mu[0;34mr[0;34me[0;34ms[0;34m/[0;34mt[0;34me[0;34ms[0;34mt[0;34m/[0;34mw[0;34me[0;34ms[0;34mt[0;34m.[0;34mx[0;34mp[0;34mm
[0m[0;34mE[0;34mA[0;34m [0;34mt[0;34me[0;34mx[0;34mt[0;34mu[0;34mr[0;34me[0;34ms[0;34m/[0;34mt[0;34me[0;34ms[0;34mt[0;34m/[0;34me[0;34ma[0;34ms[0;34mt[0;34m.[0;34mx[0;34mp[0;34mm
[0m
[0m[0;34m1[0;34m1[0;34m1[0;34m1[0;34m1[0;34m1[0;34m1[0;34m1[0;34m1[0;34m1[0;34m1[0;34m1[0;34m1[0;34m1[0;34m1[0;34m1[0;34m1[0;34m1[0;34m1
[0m[0;34m1[0;34m0[0;34m0[0;34m1[0;34m0[0;34m0[0;34m1[0;34m0[0;34m0[0;34m1[0;34m0[0;34m0[0;34m1[0;34m0[0;34m0[0;34m1[0;34m0[0;34m0[0;34m1
[0m[0;34m1[0;34m0[0;34m0[0;34m1[0;34m0[0;34m0[0;34m1[0;34m0[0;34m0[0;34m1[0;34m0[0;34m0[0;34m1[0;34m0[0;34m0[0;34m1[0;34m0[0;34m0[0;34m1
[0m[0;34m1[0;34m0[0;34m0[0;34m1[0;34m0[0;34m0[0;34m1[0;34m0[0;34m0[0;34m1[0;34m0[0;34m0[0;34m1[0;34m0[0;34m0[0;34m1[0;34m0[0;34m0[0;34m1
[0m[0;34m1[0;34m0[0;34m0[0;34m1[0;34m0[0;34m0[0;34m1[0;34m0[0;34m0[0;34m0[0;34m0[0;34m0[0;34m1[0;34m0[0;34m0[0;34m1[0;34m0[0;34m0[0;34m1
[0m[0;34m1[0;34m0[0;34m0[0;34m0[0;34m0[0;34m0[0;34m0[0;34m0[0;34m0[0;34mS[0;34m0[0;34m0[0;34m0[0;34m0[0;34m0[0;34m0[0;34m0[0;34m0[0;34m1
[0m[0;34m1[0;34m0[0;34m0[0;34m0[0;34m0[0;34m1[0;34m1[0;34m1[0;34m1[0;34m1[0;34m1[0;34m1[0;34m1[0;34m0[0;34m0[0;34m0[0;34m0[0;34m0[0;34m1
[0m[0;34m1[0;34m1[0;34m1[0;34m1[0;34m0[0;34m0[0;34m0[0;34m0[0;34m0[0;34m0[0;34m0[0;34m0[0;34m0[0;34m0[0;34m0[0;34m1[0;34m1[0;34m1[0;34m1
[0m[0;34m1[0;34m0[0;34m0[0;34m0[0;34m0[0;34m0[0;34m0[0;34m1[0;34m0[0;34m1[0;34m0[0;34m1[0;34m0[0;34m0[0;34m0[0;34m0[0;34m0[0;34m0[0;34m1
[0m[0;34m1[0;34m1[0;34m1[0;34m1[0;34m1[0;34m1[0;34m1[0;34m1[0;34m1[0;34m1[0;34m1[0;34m1[0;34m1[0;34m1[0;34m1[0;34m1[0;34m1[0;34m1[0;34m1
[0m
[0m[0;34m1[0;34m7[0;34m1
[0m[0;34m1[0;34m5[0;34m4
[0m[0;34m1[0;34m3[0;34m7
[0m[0;34m1[0;34m3[0;34m9
[0m[0;34m9[0;34m9
[0m[0;34m5[0;34m8
[0m[0;34m1[0;34m1[0;34m1[0;34m1[0;34m1[0;34m1[0;34m1[0;34m1[0;34m1[0;34m1[0;34m1[0;34m1[0;34m1[0;34m1[0;34m1[0;34m1[0;34m1[0;34m1[0;34m1
[0m[0;34m1[0;34m0[0;34m0[0;34m1[0;34m0[0;34m0[0;34m1[0;34m0[0;34m0[0;34m1[0;34m0[0;34m0[0;34m1[0;34m0[0;34m0[0;34m1[0;34m0[0;34m0[0;34m1
[0m[0;34m1[0;34m0[0;34m0[0;34m1[0;34m0[0;34m0[0;34m1[0;34m0[0;34m0[0;34m1[0;34m0[0;34m0[0;34m1[0;34m0[0;34m0[0;34m1[0;34m0[0;34m0[0;34m1
[0m[0;34m1[0;34m0[0;34m0[0;34m1[0;34m0[0;34m0[0;34m1[0;34m0[0;34m0[0;34m1[0;34m0[0;34m0[0;34m1[0;34m0[0;34m0[0;34m1[0;34m0[0;34m0[0;34m1
[0m[0;34m1[0;34m0[0;34m0[0;34m1[0;34m0[0;34m0[0;34m1[0;34m0[0;34m0[0;34m0[0;34m0[0;34m0[0;34m1[0;34m0[0;34m0[0;34m1[0;34m0[0;34m0[0;34m1
[0m[0;34m1[0;34m0[0;34m0[0;34m0[0;34m0[0;34m0[0;34m0[0;34m0[0;34m0[0;34mS[0;34m0[0;34m0[0;34m0[0;34m0[0;34m0[0;34m0[0;34m0[0;34m0[0;34m1
[0m[0;34m1[0;34m0[0;34m0[0;34m0[0;34m0[0;34m1[0;34m1[0;34m1[0;34m1[0;34m1[0;34m1[0;34m1[0;34m1[0;34m0[0;34m0[0;34m0[0;34m0[0;34m0[0;34m1
[0m[0;34m1[0;34m1[0;34m1[0;34m1[0;34m0[0;34m0[0;34m0[0;34m0[0;34m0[0;34m0[0;34m0[0;34m0[0;34m0[0;34m0[0;34m0[0;34m1[0;34m1[0;34m1[0;34m1
[0m[0;34m1[0;34m0[0;34m0[0;34m0[0;34m0[0;34m0[0;34m0[0;34m1[0;34m0[0;34m1[0;34m0[0;34m1[0;34m0[0;34m0[0;34m0[0;34m0[0;34m0[0;34m0[0;34m1
[0m[0;34m1[0;34m1[0;34m1[0;34m1[0;34m1[0;34m1[0;34m1[0;34m1[0;34m1[0;34m1[0;34m1[0;34m1[0;34m1[0;34m1[0;34m1[0;34m1[0;34m1[0;34m1[0;34m1
[0mExit code: 0
‚ö†Ô∏è No Valgrind alerts, but with leaks[0m  
==8796== Memcheck, a memory error detector
==8796== Copyright (C) 2002-2022, and GNU GPL'd, by Julian Seward et al.
==8796== Using Valgrind-3.22.0 and LibVEX; rerun with -h for copyright info
==8796== Command: ./cub3d ./maps/good/library.cub
==8796== Parent PID: 8762
==8796== 
==8796== 
==8796== HEAP SUMMARY:
==8796==     in use at exit: 1,004 bytes in 45 blocks
==8796==   total heap usage: 133 allocs, 88 frees, 8,285 bytes allocated
==8796== 
==8796== LEAK SUMMARY:
==8796==    definitely lost: 428 bytes in 10 blocks
==8796==    indirectly lost: 576 bytes in 35 blocks
==8796==      possibly lost: 0 bytes in 0 blocks
==8796==    still reachable: 0 bytes in 0 blocks
==8796==         suppressed: 0 bytes in 0 blocks
==8796== Rerun with --leak-check=full to see details of leaked memory
==8796== 
==8796== For lists of detected and suppressed errors, rerun with: -s
==8796== ERROR SUMMARY: 0 errors from 0 contexts (suppressed: 0 from 0)
Running valgrind on ./maps/good/matrix.cub...

[0;34mN[0;34mO[0;34m [0;34mt[0;34me[0;34mx[0;34mt[0;34mu[0;34mr[0;34me[0;34ms[0;34m/[0;34mt[0;34me[0;34ms[0;34mt[0;34m/[0;34mn[0;34mo[0;34mr[0;34mt[0;34mh[0;34m.[0;34mx[0;34mp[0;34mm
[0m[0;34mS[0;34mO[0;34m [0;34mt[0;34me[0;34mx[0;34mt[0;34mu[0;34mr[0;34me[0;34ms[0;34m/[0;34mt[0;34me[0;34ms[0;34mt[0;34m/[0;34ms[0;34mo[0;34mu[0;34mt[0;34mh[0;34m.[0;34mx[0;34mp[0;34mm
[0m[0;34mW[0;34mE[0;34m [0;34mt[0;34me[0;34mx[0;34mt[0;34mu[0;34mr[0;34me[0;34ms[0;34m/[0;34mt[0;34me[0;34ms[0;34mt[0;34m/[0;34mw[0;34me[0;34ms[0;34mt[0;34m.[0;34mx[0;34mp[0;34mm
[0m[0;34mE[0;34mA[0;34m [0;34mt[0;34me[0;34mx[0;34mt[0;34mu[0;34mr[0;34me[0;34ms[0;34m/[0;34mt[0;34me[0;34ms[0;34mt[0;34m/[0;34me[0;34ma[0;34ms[0;34mt[0;34m.[0;34mx[0;34mp[0;34mm
[0m
[0m[0;34mF[0;34m [0;34m0[0;34m,[0;34m0[0;34m,[0;34m0
[0m[0;34mC[0;34m [0;34m0[0;34m,[0;34m0[0;34m,[0;34m0
[0m
[0m[0;34m1[0;34m1[0;34m1[0;34m1[0;34m1[0;34m1[0;34m1[0;34m1[0;34m1[0;34m1[0;34m1[0;34m1[0;34m1[0;34m1[0;34m1[0;34m1[0;34m1[0;34m1[0;34m1[0;34m1[0;34m1
[0m[0;34m1[0;34m0[0;34m1[0;34m0[0;34m0[0;34m0[0;34m0[0;34m0[0;34m1[0;34m0[0;34m0[0;34m0[0;34m0[0;34m0[0;34m0[0;34m0[0;34m0[0;34m0[0;34m0[0;34m0[0;34m1
[0m[0;34m1[0;34m0[0;34m1[0;34m0[0;34m1[0;34m0[0;34m1[0;34m0[0;34m1[0;34m0[0;34m1[0;34m1[0;34m1[0;34m1[0;34m1[0;34m1[0;34m1[0;34m0[0;34m0[0;34m0[0;34m1
[0m[0;34m1[0;34m0[0;34m0[0;34m0[0;34m1[0;34m0[0;34m1[0;34m0[0;34m0[0;34m0[0;34m1[0;34m0[0;34m0[0;34m0[0;34m0[0;34m0[0;34m1[0;34m0[0;34m0[0;34m0[0;34m1
[0m[0;34m1[0;34m1[0;34m1[0;34m1[0;34m1[0;34m0[0;34m1[0;34m0[0;34m1[0;34m1[0;34m1[0;34m1[0;34m1[0;34m0[0;34m1[0;34m0[0;34m1[0;34m1[0;34m1[0;34m0[0;34m1
[0m[0;34m1[0;34m0[0;34m0[0;34m0[0;34m0[0;34m0[0;34m1[0;34m0[0;34m1[0;34m0[0;34m0[0;34m0[0;34m1[0;34m0[0;34m1[0;34m0[0;34m0[0;34m0[0;34m0[0;34m0[0;34m1
[0m[0;34m1[0;34m0[0;34m1[0;34m1[0;34m1[0;34m1[0;34m1[0;34m0[0;34m1[0;34m0[0;34m1[0;34m1[0;34m1[0;34m0[0;34m1[0;34m1[0;34m1[0;34m1[0;34m1[0;34m1[0;34m1
[0m[0;34m1[0;34m0[0;34m1[0;34m0[0;34m0[0;34m0[0;34m0[0;34m0[0;34m1[0;34m0[0;34m1[0;34m0[0;34m1[0;34m0[0;34m0[0;34m0[0;34m0[0;34m0[0;34m1[0;34m0[0;34m1
[0m[0;34m1[0;34m0[0;34m1[0;34m0[0;34m1[0;34m1[0;34m1[0;34m1[0;34m1[0;34m0[0;34m1[0;34m0[0;34m1[0;34m1[0;34m1[0;34m1[0;34m1[0;34m0[0;34m1[0;34m0[0;34m1
[0m[0;34m1[0;34m0[0;34m1[0;34m0[0;34m1[0;34m0[0;34m0[0;34m0[0;34m1[0;34m0[0;34m1[0;34m0[0;34m1[0;34m0[0;34m0[0;34m0[0;34m1[0;34m0[0;34m1[0;34m0[0;34m1
[0m[0;34m1[0;34m0[0;34m1[0;34m1[0;34m1[0;34m0[0;34m1[0;34m0[0;34m1[0;34m0[0;34m1[0;34m0[0;34m1[0;34m0[0;34m1[0;34m0[0;34m1[0;34m0[0;34m1[0;34m0[0;34m1
[0m[0;34m1[0;34m0[0;34m0[0;34m0[0;34m0[0;34m0[0;34m1[0;34m0[0;34m1[0;34m0[0;34m1[0;34m0[0;34m0[0;34m0[0;34m1[0;34m0[0;34m1[0;34m0[0;34m0[0;34m0[0;34m1
[0m[0;34m1[0;34m1[0;34m1[0;34m1[0;34m1[0;34m1[0;34m1[0;34m0[0;34m1[0;34m0[0;34m1[0;34m1[0;34m1[0;34m1[0;34m1[0;34m0[0;34m1[0;34m1[0;34m1[0;34m0[0;34m1
[0m[0;34m1[0;34m0[0;34m0[0;34m0[0;34m0[0;34m0[0;34m1[0;34m0[0;34m1[0;34m0[0;34m0[0;34m0[0;34m1[0;34m0[0;34m0[0;34m0[0;34m1[0;34m0[0;34m0[0;34m0[0;34m1
[0m[0;34m1[0;34m0[0;34m1[0;34m1[0;34m1[0;34m0[0;34m1[0;34m0[0;34m1[0;34m1[0;34m1[0;34m0[0;34m1[0;34m0[0;34m1[0;34m1[0;34m1[0;34m0[0;34m1[0;34m1[0;34m1
[0m[0;34m1[0;34m0[0;34m1[0;34m0[0;34m0[0;34m0[0;34m1[0;34m0[0;34m0[0;34m0[0;34m0[0;34m0[0;34m1[0;34m0[0;34m0[0;34m0[0;34m1[0;34m0[0;34m1[0;34m0[0;34m1
[0m[0;34m1[0;34m0[0;34m1[0;34m0[0;34m1[0;34m1[0;34m1[0;34m1[0;34m1[0;34m1[0;34m1[0;34m1[0;34m1[0;34m1[0;34m1[0;34m0[0;34m1[0;34m0[0;34m1[0;34m0[0;34m1
[0m[0;34m1[0;34m0[0;34m0[0;34m0[0;34m1[0;34m0[0;34m0[0;34m0[0;34m0[0;34m0[0;34m0[0;34m0[0;34m0[0;34m0[0;34m0[0;34m0[0;34m1[0;34m0[0;34m0[0;34m0[0;34m1
[0m[0;34m1[0;34[0;32m[Debug info]üõ†Ô∏è  Map info üîç
[0m[0;32m[Debug info] - Map width:[0m21
[0;32m[Debug info] - Map height:[0m21
[0;32m[Debug info]üõ†Ô∏è  Starting player position info üîç
[0m[0;32m[Debug info] - Player X:[0m1
[0;32m[Debug info] - Player Y:[0m19
[0;32m[Debug info] - Player Direction:[0mN
[0;32m[Debug info]üõ†Ô∏è  Colors info c:  üîç
[0m[0;32m[Debug info]üõ†Ô∏è  Colors info f:  üîç
[0m[0;32m[Debug info]üõ†Ô∏è  Textures info:  üîç
[0m[0;32m[Debug info] Texture north:[0mtextures/test/north.xpm
[0;32m[Debug info] Texture south:[0mtextures/test/south.xpm
[0;32m[Debug info] Texture west:[0mtextures/test/west.xpm
[0;32m[Debug info] Texture east:[0mtextures/test/east.xpm
m0[0;34m1[0;34m0[0;34m1[0;34m0[0;34m1[0;34m1[0;34m1[0;34m0[0;34m1[0;34m1[0;34m1[0;34m1[0;34m1[0;34m1[0;34m1[0;34m1[0;34m1[0;34m0[0;34m1
[0m[0;34m1[0;34mN[0;34m1[0;34m0[0;34m0[0;34m0[0;34m0[0;34m0[0;34m1[0;34m0[0;34m0[0;34m0[0;34m0[0;34m0[0;34m0[0;34m0[0;34m0[0;34m0[0;34m0[0;34m0[0;34m1
[0m[0;34m1[0;34m1[0;34m1[0;34m1[0;34m1[0;34m1[0;34m1[0;34m1[0;34m1[0;34m1[0;34m1[0;34m1[0;34m1[0;34m1[0;34m1[0;34m1[0;34m1[0;34m1[0;34m1[0;34m1[0;34m1
[0m
[0m[0;34m0
[0m[0;34m0
[0m[0;34m0
[0m[0;34m0
[0m[0;34m0
[0m[0;34m0
[0m[0;34m1[0;34m1[0;34m1[0;34m1[0;34m1[0;34m1[0;34m1[0;34m1[0;34m1[0;34m1[0;34m1[0;34m1[0;34m1[0;34m1[0;34m1[0;34m1[0;34m1[0;34m1[0;34m1[0;34m1[0;34m1
[0m[0;34m1[0;34m0[0;34m1[0;34m0[0;34m0[0;34m0[0;34m0[0;34m0[0;34m1[0;34m0[0;34m0[0;34m0[0;34m0[0;34m0[0;34m0[0;34m0[0;34m0[0;34m0[0;34m0[0;34m0[0;34m1
[0m[0;34m1[0;34m0[0;34m1[0;34m0[0;34m1[0;34m0[0;34m1[0;34m0[0;34m1[0;34m0[0;34m1[0;34m1[0;34m1[0;34m1[0;34m1[0;34m1[0;34m1[0;34m0[0;34m0[0;34m0[0;34m1
[0m[0;34m1[0;34m0[0;34m0[0;34m0[0;34m1[0;34m0[0;34m1[0;34m0[0;34m0[0;34m0[0;34m1[0;34m0[0;34m0[0;34m0[0;34m0[0;34m0[0;34m1[0;34m0[0;34m0[0;34m0[0;34m1
[0m[0;34m1[0;34m1[0;34m1[0;34m1[0;34m1[0;34m0[0;34m1[0;34m0[0;34m1[0;34m1[0;34m1[0;34m1[0;34m1[0;34m0[0;34m1[0;34m0[0;34m1[0;34m1[0;34m1[0;34m0[0;34m1
[0m[0;34m1[0;34m0[0;34m0[0;34m0[0;34m0[0;34m0[0;34m1[0;34m0[0;34m1[0;34m0[0;34m0[0;34m0[0;34m1[0;34m0[0;34m1[0;34m0[0;34m0[0;34m0[0;34m0[0;34m0[0;34m1
[0m[0;34m1[0;34m0[0;34m1[0;34m1[0;34m1[0;34m1[0;34m1[0;34m0[0;34m1[0;34m0[0;34m1[0;34m1[0;34m1[0;34m0[0;34m1[0;34m1[0;34m1[0;34m1[0;34m1[0;34m1[0;34m1
[0m[0;34m1[0;34m0[0;34m1[0;34m0[0;34m0[0;34m0[0;34m0[0;34m0[0;34m1[0;34m0[0;34m1[0;34m0[0;34m1[0;34m0[0;34m0[0;34m0[0;34m0[0;34m0[0;34m1[0;34m0[0;34m1
[0m[0;34m1[0;34m0[0;34m1[0;34m0[0;34m1[0;34m1[0;34m1[0;34m1[0;34m1[0;34m0[0;34m1[0;34m0[0;34m1[0;34m1[0;34m1[0;34m1[0;34m1[0;34m0[0;34m1[0;34m0[0;34m1
[0m[0;34m1[0;34m0[0;34m1[0;34m0[0;34m1[0;34m0[0;34m0[0;34m0[0;34m1[0;34m0[0;34m1[0;34m0[0;34m1[0;34m0[0;34m0[0;34m0[0;34m1[0;34m0[0;34m1[0;34m0[0;34m1
[0m[0;34m1[0;34m0[0;34m1[0;34m1[0;34m1[0;34m0[0;34m1[0;34m0[0;34m1[0;34m0[0;34m1[0;34m0[0;34m1[0;34m0[0;34m1[0;34m0[0;34m1[0;34m0[0;34m1[0;34m0[0;34m1
[0m[0;34m1[0;34m0[0;34m0[0;34m0[0;34m0[0;34m0[0;34m1[0;34m0[0;34m1[0;34m0[0;34m1[0;34m0[0;34m0[0;34m0[0;34m1[0;34m0[0;34m1[0;34m0[0;34m0[0;34m0[0;34m1
[0m[0;34m1[0;34m1[0;34m1[0;34m1[0;34m1[0;34m1[0;34m1[0;34m0[0;34m1[0;34m0[0;34m1[0;34m1[0;34m1[0;34m1[0;34m1[0;34m0[0;34m1[0;34m1[0;34m1[0;34m0[0;34m1
[0m[0;34m1[0;34m0[0;34m0[0;34m0[0;34m0[0;34m0[0;34m1[0;34m0[0;34m1[0;34m0[0;34m0[0;34m0[0;34m1[0;34m0[0;34m0[0;34m0[0;34m1[0;34m0[0;34m0[0;34m0[0;34m1
[0m[0;34m1[0;34m0[0;34m1[0;34m1[0;34m1[0;34m0[0;34m1[0;34m0[0;34m1[0;34m1[0;34m1[0;34m0[0;34m1[0;34m0[0;34m1[0;34m1[0;34m1[0;34m0[0;34m1[0;34m1[0;34m1
[0m[0;34m1[0;34m0[0;34m1[0;34m0[0;34m0[0;34m0[0;34m1[0;34m0[0;34m0[0;34m0[0;34m0[0;34m0[0;34m1[0;34m0[0;34m0[0;34m0[0;34m1[0;34m0[0;34m1[0;34m0[0;34m1
[0m[0;34m1[0;34m0[0;34m1[0;34m0[0;34m1[0;34m1[0;34m1[0;34m1[0;34m1[0;34m1[0;34m1[0;34m1[0;34m1[0;34m1[0;34m1[0;34m0[0;34m1[0;34m0[0;34m1[0;34m0[0;34m1
[0m[0;34m1[0;34m0[0;34m0[0;34m0[0;34m1[0;34m0[0;34m0[0;34m0[0;34m0[0;34m0[0;34m0[0;34m0[0;34m0[0;34m0[0;34m0[0;34m0[0;34m1[0;34m0[0;34m0[0;34m0[0;34m1
[0m[0;34m1[0;34m0[0;34m1[0;34m0[0;34m1[0;34m0[0;34m1[0;34m1[0;34m1[0;34m0[0;34m1[0;34m1[0;34m1[0;34m1[0;34m1[0;34m1[0;34m1[0;34m1[0;34m1[0;34m0[0;34m1
[0m[0;34m1[0;34mN[0;34m1[0;34m0[0;34m0[0;34m0[0;34m0[0;34m0[0;34m1[0;34m0[0;34m0[0;34m0[0;34m0[0;34m0[0;34m0[0;34m0[0;34m0[0;34m0[0;34m0[0;34m0[0;34m1
[0m[0;34m1[0;34m1[0;34m1[0;34m1[0;34m1[0;34m1[0;34m1[0;34m1[0;34m1[0;34m1[0;34m1[0;34m1[0;34m1[0;34m1[0;34m1[0;34m1[0;34m1[0;34m1[0;34m1[0;34m1[0;34m1
[0mExit code: 0
‚ö†Ô∏è No Valgrind alerts, but with leaks[0m  
==8799== Memcheck, a memory error detector
==8799== Copyright (C) 2002-2022, and GNU GPL'd, by Julian Seward et al.
==8799== Using Valgrind-3.22.0 and LibVEX; rerun with -h for copyright info
==8799== Command: ./cub3d ./maps/good/matrix.cub
==8799== Parent PID: 8762
==8799== 
==8799== 
==8799== HEAP SUMMARY:
==8799==     in use at exit: 1,685 bytes in 67 blocks
==8799==   total heap usage: 210 allocs, 143 frees, 12,140 bytes allocated
==8799== 
==8799== LEAK SUMMARY:
==8799==    definitely lost: 594 bytes in 10 blocks
==8799==    indirectly lost: 1,091 bytes in 57 blocks
==8799==      possibly lost: 0 bytes in 0 blocks
==8799==    still reachable: 0 bytes in 0 blocks
==8799==         suppressed: 0 bytes in 0 blocks
==8799== Rerun with --leak-check=full to see details of leaked memory
==8799== 
==8799== For lists of detected and suppressed errors, rerun with: -s
==8799== ERROR SUMMARY: 0 errors from 0 contexts (suppressed: 0 from 0)
Running valgrind on ./maps/good/sad_face.cub...

[0;32m[Debug info]üõ†Ô∏è  Map info üîç
[0m[0;32m[Debug info] - Map width:[0m15
[0;32m[Debug info] - Map height:[0m13
[0;32m[Debug info]üõ†Ô∏è  Starting player position info üîç
[0m[0;32m[Debug info] - Player X:[0m7
[0;32m[Debug info] - Player Y:[0m3
[0;32m[Debug info] - Player Direction:[0mN
[0;32m[Debug info]üõ†Ô∏è  Colors info c:  üîç
[0m[0;32m[Debug info]üõ†Ô∏è  Colors info f:  üîç
[0m[0;32m[Debug info]üõ†Ô∏è  Textures info:  üîç
[0m[0;32m[Debug info] Texture north:[0mtextures/test/north.xpm
[0;32m[Debug info] Texture south:[0mtextures/test/south.xpm
[0;32m[Debug info] Texture west:[0mtextures/test/west.xpm
[0;32m[Debug info] Texture east:[0mtextures/test/east.xpm
[0;34mN[0;34mO[0;34m [0;34mt[0;34me[0;34mx[0;34mt[0;34mu[0;34mr[0;34me[0;34ms[0;34m/[0;34mt[0;34me[0;34ms[0;34mt[0;34m/[0;34mn[0;34mo[0;34mr[0;34mt[0;34mh[0;34m.[0;34mx[0;34mp[0;34mm
[0m[0;34mS[0;34mO[0;34m [0;34mt[0;34me[0;34mx[0;34mt[0;34mu[0;34mr[0;34me[0;34ms[0;34m/[0;34mt[0;34me[0;34ms[0;34mt[0;34m/[0;34ms[0;34mo[0;34mu[0;34mt[0;34mh[0;34m.[0;34mx[0;34mp[0;34mm
[0m[0;34mW[0;34mE[0;34m [0;34mt[0;34me[0;34mx[0;34mt[0;34mu[0;34mr[0;34me[0;34ms[0;34m/[0;34mt[0;34me[0;34ms[0;34mt[0;34m/[0;34mw[0;34me[0;34ms[0;34mt[0;34m.[0;34mx[0;34mp[0;34mm
[0m[0;34mE[0;34mA[0;34m [0;34mt[0;34me[0;34mx[0;34mt[0;34mu[0;34mr[0;34me[0;34ms[0;34m/[0;34mt[0;34me[0;34ms[0;34mt[0;34m/[0;34me[0;34ma[0;34ms[0;34mt[0;34m.[0;34mx[0;34mp[0;34mm
[0m
[0m[0;34mC[0;34m [0;34m5[0;34m3[0;34m,[0;34m4[0;34m1[0;34m,[0;34m3[0;34m4
[0m[0;34mF[0;34m [0;34m4[0;34m5[0;34m,[0;34m3[0;34m3[0;34m,[0;34m2[0;34m7
[0m
[0m[0;34m1[0;34m1[0;34m1[0;34m1[0;34m1[0;34m1[0;34m1[0;34m1[0;34m1[0;34m1[0;34m1[0;34m1[0;34m1[0;34m1[0;34m1
[0m[0;34m1[0;34m1[0;34m1[0;34m1[0;34m1[0;34m1[0;34m0[0;34m0[0;34m0[0;34m1[0;34m1[0;34m1[0;34m1[0;34m1[0;34m1
[0m[0;34m1[0;34m1[0;34m1[0;34m1[0;34m1[0;34m0[0;34m0[0;34m0[0;34m0[0;34m0[0;34m1[0;34m1[0;34m1[0;34m1[0;34m1
[0m[0;34m1[0;34m1[0;34m1[0;34m1[0;34m0[0;34m0[0;34m0[0;34mN[0;34m0[0;34m0[0;34m0[0;34m1[0;34m1[0;34m1[0;34m1
[0m[0;34m1[0;34m1[0;34m1[0;34m0[0;34m0[0;34m0[0;34m0[0;34m0[0;34m0[0;34m0[0;34m0[0;34m0[0;34m1[0;34m1[0;34m1
[0m[0;34m1[0;34m1[0;34m0[0;34m0[0;34m0[0;34m0[0;34m0[0;34m0[0;34m0[0;34m0[0;34m0[0;34m0[0;34m0[0;34m1[0;34m1
[0m[0;34m1[0;34m0[0;34m0[0;34m0[0;34m0[0;34m1[0;34m1[0;34m1[0;34m1[0;34m1[0;34m0[0;34m0[0;34m0[0;34m0[0;34m1
[0m[0;34m1[0;34m1[0;34m0[0;34m0[0;34m0[0;34m0[0;34m1[0;34m1[0;34m1[0;34m0[0;34m0[0;34m0[0;34m0[0;34m1[0;34m1
[0m[0;34m1[0;34m1[0;34m1[0;34m0[0;34m0[0;34m0[0;34m0[0;34m1[0;34m0[0;34m0[0;34m0[0;34m0[0;34m1[0;34m1[0;34m1
[0m[0;34m1[0;34m1[0;34m1[0;34m1[0;34m0[0;34m0[0;34m0[0;34m0[0;34m0[0;34m0[0;34m0[0;34m1[0;34m1[0;34m1[0;34m1
[0m[0;34m1[0;34m1[0;34m1[0;34m1[0;34m1[0;34m0[0;34m0[0;34m0[0;34m0[0;34m0[0;34m1[0;34m1[0;34m1[0;34m1[0;34m1
[0m[0;34m1[0;34m1[0;34m1[0;34m1[0;34m1[0;34m1[0;34m0[0;34m0[0;34m0[0;34m1[0;34m1[0;34m1[0;34m1[0;34m1[0;34m1
[0m[0;34m1[0;34m1[0;34m1[0;34m1[0;34m1[0;34m1[0;34m1[0;34m1[0;34m1[0;34m1[0;34m1[0;34m1[0;34m1[0;34m1[0;34m1
[0m
[0m[0;34m5[0;34m3
[0m[0;34m4[0;34m1
[0m[0;34m3[0;34m4
[0m[0;34m4[0;34m5
[0m[0;34m3[0;34m3
[0m[0;34m2[0;34m7
[0m[0;34m1[0;34m1[0;34m1[0;34m1[0;34m1[0;34m1[0;34m1[0;34m1[0;34m1[0;34m1[0;34m1[0;34m1[0;34m1[0;34m1[0;34m1
[0m[0;34m1[0;34m1[0;34m1[0;34m1[0;34m1[0;34m1[0;34m0[0;34m0[0;34m0[0;34m1[0;34m1[0;34m1[0;34m1[0;34m1[0;34m1
[0m[0;34m1[0;34m1[0;34m1[0;34m1[0;34m1[0;34m0[0;34m0[0;34m0[0;34m0[0;34m0[0;34m1[0;34m1[0;34m1[0;34m1[0;34m1
[0m[0;34m1[0;34m1[0;34m1[0;34m1[0;34m0[0;34m0[0;34m0[0;34mN[0;34m0[0;34m0[0;34m0[0;34m1[0;34m1[0;34m1[0;34m1
[0m[0;34m1[0;34m1[0;34m1[0;34m0[0;34m0[0;34m0[0;34m0[0;34m0[0;34m0[0;34m0[0;34m0[0;34m0[0;34m1[0;34m1[0;34m1
[0m[0;34m1[0;34m1[0;34m0[0;34m0[0;34m0[0;34m0[0;34m0[0;34m0[0;34m0[0;34m0[0;34m0[0;34m0[0;34m0[0;34m1[0;34m1
[0m[0;34m1[0;34m0[0;34m0[0;34m0[0;34m0[0;34m1[0;34m1[0;34m1[0;34m1[0;34m1[0;34m0[0;34m0[0;34m0[0;34m0[0;34m1
[0m[0;34m1[0;34m1[0;34m0[0;34m0[0;34m0[0;34m0[0;34m1[0;34m1[0;34m1[0;34m0[0;34m0[0;34m0[0;34m0[0;34m1[0;34m1
[0m[0;34m1[0;34m1[0;34m1[0;34m0[0;34m0[0;34m0[0;34m0[0;34m1[0;34m0[0;34m0[0;34m0[0;34m0[0;34m1[0;34m1[0;34m1
[0m[0;34m1[0;34m1[0;34m1[0;34m1[0;34m0[0;34m0[0;34m0[0;34m0[0;34m0[0;34m0[0;34m0[0;34m1[0;34m1[0;34m1[0;34m1
[0m[0;34m1[0;34m1[0;34m1[0;34m1[0;34m1[0;34m0[0;34m0[0;34m0[0;34m0[0;34m0[0;34m1[0;34m1[0;34m1[0;34m1[0;34m1
[0m[0;34m1[0;34m1[0;34m1[0;34m1[0;34m1[0;34m1[0;34m0[0;34m0[0;34m0[0;34m1[0;34m1[0;34m1[0;34m1[0;34m1[0;34m1
[0m[0;34m1[0;34m1[0;34m1[0;34m1[0;34m1[0;34m1[0;34m1[0;34m1[0;34m1[0;34m1[0;34m1[0;34m1[0;34m1[0;34m1[0;34m1
[0mExit code: 0
‚ö†Ô∏è No Valgrind alerts, but with leaks[0m  
==8833== Memcheck, a memory error detector
==8833== Copyright (C) 2002-2022, and GNU GPL'd, by Julian Seward et al.
==8833== Using Valgrind-3.22.0 and LibVEX; rerun with -h for copyright info
==8833== Command: ./cub3d ./maps/good/sad_face.cub
==8833== Parent PID: 8762
==8833== 
==8833== 
==8833== HEAP SUMMARY:
==8833==     in use at exit: 1,059 bytes in 51 blocks
==8833==   total heap usage: 152 allocs, 101 frees, 8,972 bytes allocated
==8833== 
==8833== LEAK SUMMARY:
==8833==    definitely lost: 472 bytes in 10 blocks
==8833==    indirectly lost: 587 bytes in 41 blocks
==8833==      possibly lost: 0 bytes in 0 blocks
==8833==    still reachable: 0 bytes in 0 blocks
==8833==         suppressed: 0 bytes in 0 blocks
==8833== Rerun with --leak-check=full to see details of leaked memory
==8833== 
==8833== For lists of detected and suppressed errors, rerun with: -s
==8833== ERROR SUMMARY: 0 errors from 0 contexts (suppressed: 0 from 0)
Running valgrind on ./maps/good/square_map.cub...

[0;34m [0;34m [0;34m [0;34mW[0;34mE[0;34m [0;34m [0;34m [0;34m [0;34m [0;34m [0;34m [0;34m [0;34m [0;34m [0;34m [0;34m [0;34m [0;34m [0;34m [0;34m [0;34m [0;34m [0;34m [0;34m [0;34m [0;34m [0;34m [0;34m [0;34m [0;34m [0;34m [0;34m [0;34mt[0;34me[0;34mx[0;34mt[0;34mu[0;34mr[0;34me[0;34ms[0;34m/[0;34mt[0;34me[0;34ms[0;34mt[0;34m/[0;34mw[0;34me[0;34ms[0;34mt[0;34m.[0;34mx[0;34mp[0;34mm
[0m[0;34mN[0;34mO[0;34m [0;34m [0;34m [0;34m [0;34m [0;34m [0;34mt[0;34me[0;34mx[0;34mt[0;34mu[0;34mr[0;34me[0;34ms[0;34m/[0;34mt[0;34me[0;34ms[0;34mt[0;34m/[0;34mn[0;34mo[0;34mr[0;34mt[0;34mh[0;34m.[0;34mx[0;34mp[0;34mm
[0m
[0m
[0m
[0m[0;34mS[0;34mO[0;34m [0;34mt[0;34me[0;34mx[0;34mt[0;34mu[0;34mr[0;34me[0;34ms[0;34m/[0;34mt[0;34me[0;34ms[0;34mt[0;34m/[0;34ms[0;34mo[0;34mu[0;34mt[0;34mh[0;34m.[0;34mx[0;34mp[0;34mm
[0m
[0m[0;34mF[0;34m [0;34m [0;34m [0;34m6[0;34m9[0;34m,[0;34m [0;34m2[0;34m2[0;34m2[0;34m,[0;34m [0;34m1[0;34m9[0;34m9
[0m
[0m[0;34mE[0;34mA[0;34m [0;34mt[0;34me[0;34mx[0;34mt[0;34mu[0;34mr[0;34me[0;34ms[0;34m/[0;34mt[0;34me[0;34ms[0;34mt[0;34m/[0;34me[0;34ma[0;34ms[0;34mt[0;34m.[0;34mx[0;34mp[0;34mm
[0m
[0m
[0m[0;34mC[0;34m [0;34m2[0;34m3[0;34m5[0;34m,[0;34m [0;34m1[0;34m9[0;34m8[0;34m,[0;34m [0;34m5[0;34m2
[0m
[0m[0;34m1[0;34m1[0;34m1[0;34m1[0;34m1[0;34m1[0;34m1[0;34m1[0;34m1[0;34m1[0;34m1[0;34m1[0;34m1[0;34m1[0;34m1[0;34m1[0;34m1[0;34m1[0;34m1[0;34m1[0;34m1[0;34m1[0;34m1[0;34m1
[0m[0;34m1[0;34m0[0;34m0[0;34m0[0;34m0[0;34m0[0;34m0[0;34m0[0;34m0[0;34m0[0;34m0[0;34m0[0;34m0[0;34m0[0;34m0[0;34m0[0;34m0[0;34m0[0;34m0[0;34m0[0;34m0[0;34m0[0;34m0[0;34m1
[0m[0;34m1[0;34m0[0;34m0[0;34m0[0;34m0[0;34m0[0;34m0[0;34m0[0;34m0[0;34m0[0;34m0[0;34m0[0;34m0[0;34m0[0;34m0[0;34m0[0;34m0[0;34m0[0;34m0[0;34m0[0;34m0[0;34m0[0;34m0[0;34m1
[0m[0;34m1[0;34m0[0;34m0[0;34m0[0;34m0[0;34m0[0;34m0[0;34m0[0;34m0[0;34mN[0;34m0[0;34m0[0;34m0[0;34m0[0;34m0[0;34m0[0;34m0[0;34m0[0;34m0[0;34m0[0;34m0[0;34m0[0;34m0[0;34m1
[0m[0;34m1[0;34m0[0;34m0[0;34m0[0;34m0[0;34m0[0;34m0[0;34m0[0;34m0[0;34m0[0;34m0[0;34m0[0;34m0[0;34m0[0;34m0[0;34m0[0;34m0[0;34m0[0;34m0[0;34m0[0;34m0[0;34m0[0;34m0[0;34m1
[0m[0;34m1[0;34m0[0;34m0[0;34m0[0;34m0[0;34m0[0;34m0[0;34m0[0;34m0[0;34m0[0;34m0[0;34m0[0;34m0[0;34m0[0;34m0[0;34m0[0;34m0[0;34m0[0;34m0[0;34m0[0;34m0[0;34m0[0;34m0[0;34m1
[0m[0;34m1[0;34m0[0;34m0[0;34m0[0;34m0[0;34m0[0;34m0[0;34m0[0;34m0[0;34m0[0;34m0[0;34m0[0;34m0[0;34m0[0;34m0[0;34m0[0;34m0[0;34m0[0;34m0[0;34m0[0;34m0[0;34m0[0;34m0[0;34m1
[0m[0;34m1[0;34m0[0;34m0[0;34m0[0;34m0[0;34m0[0;34m1[0;34m1[0;34m1[0;34m1[0;34m1[0;34m0[0;34m0[0;34m0[0;34m0[0;34m1[0;34m0[0;34m1[0;34m0[0;34m1[0;34m0[0;34m0[0;34m0[0;34m1
[0m[0;34m1[0;34m0[0;34m0[0;34m0[0;34m0[0;34m0[0;34m1[0;34m0[0;34m0[0;34m0[0;34m1[0;34m0[0;34m0[0;34m0[0;34m0[0;34m0[0;34m0[0;34m0[0;34m0[0;34m0[0;34m0[0;34m0[0;34m0[0;34m1
[0m[0;34m1[0;34m0[0;34m0[0;34m0[0;34m0[0;34m0[0;34m1[0;34m0[0;34m0[0;34m0[0;34m1[0;34m0[0;34m0[0;34m0[0;34m0[0;34m1[0;34m0[0;34m0[0;34m0[0;34m1[0;34m0[0;34m0[0;34m0[0;34m1
[0m[0;34m1[0;34m0[0;34m0[0;34m0[0;34m0[0;34m0[0;34m1[0;34m0[0;34m0[0;34m0[0;34m1[0;34m0[0;34m0[0;34m0[0;34m0[0;34m0[0;34m0[0;34m0[0;34m0[0;34m0[0;34m0[0;34m0[0;34m0[0;34m1
[0m[0;34m1[0;34m0[0;34m0[0;34m0[0;34m0[0;34m0[0;34m1[0;34m1[0;34m1[0;34m1[0;34m0[0;34m0[0;34m0[0;34m0[0;34m1[0;34m0[0;34m1[0;34m0[0;34m1[0;34m0[0;34m0[0;34m0[0;34m0[0;34m1
[0m[0;34m1[0;34m0[0;34m0[0;34m0[0;34m0[0;34m0[0;34m0[0;34m0[0;34m0[0;34m0[0;34m0[0;34m0[0;34m0[0;34m0[0;34m0[0;34m0[0;34m0[0;34m0[0;34m0[0;34m0[0;34m0[0;34m0[0;34m0[0;34m1
[0m[0;34m1[0;34m0[0;34m0[0;34m0[0;34m0[0;34m0[0;34m0[0;34m0[0;34m0[0;34m0[0;34m0[0;34m0[0;34m0[0;34m0[0;34m0[0;34m0[0;32m[Debug info]üõ†Ô∏è  Map info üîç
[0m[0;32m[Debug info] - Map width:[0m24
[0;32m[Debug info] - Map height:[0m27
[0;32m[Debug info]üõ†Ô∏è  Starting player position info üîç
[0m[0;32m[Debug info] - Player X:[0m9
[0;32m[Debug info] - Player Y:[0m3
[0;32m[Debug info] - Player Direction:[0mN
[0;32m[Debug info]üõ†Ô∏è  Colors info c:  üîç
[0m[0;32m[Debug info]üõ†Ô∏è  Colors info f:  üîç
[0m[0;32m[Debug info]üõ†Ô∏è  Textures info:  üîç
[0m[0;32m[Debug info] Texture north:[0mtextures/test/north.xpm
[0;32m[Debug info] Texture south:[0mtextures/test/south.xpm
[0;32m[Debug info] Texture west:[0mtextures/test/west.xpm
[0;32m[Debug info] Texture east:[0mtextures/test/east.xpm
[0;34m0[0;34m0[0;34m0[0;34m0[0;34m0[0;34m0[0;34m0[0;34m1
[0m[0;34m1[0;34m0[0;34m0[0;34m0[0;34m0[0;34m0[0;34m0[0;34m0[0;34m0[0;34m0[0;34m0[0;34m0[0;34m0[0;34m0[0;34m0[0;34m0[0;34m0[0;34m0[0;34m0[0;34m0[0;34m0[0;34m0[0;34m0[0;34m1
[0m[0;34m1[0;34m0[0;34m0[0;34m0[0;34m0[0;34m0[0;34m0[0;34m0[0;34m0[0;34m0[0;34m0[0;34m0[0;34m0[0;34m0[0;34m0[0;34m0[0;34m0[0;34m0[0;34m0[0;34m0[0;34m0[0;34m0[0;34m0[0;34m1
[0m[0;34m1[0;34m0[0;34m0[0;34m0[0;34m0[0;34m0[0;34m0[0;34m0[0;34m0[0;34m0[0;34m0[0;34m0[0;34m0[0;34m0[0;34m0[0;34m0[0;34m0[0;34m0[0;34m0[0;34m0[0;34m0[0;34m0[0;34m0[0;34m1
[0m[0;34m1[0;34m0[0;34m0[0;34m0[0;34m0[0;34m0[0;34m0[0;34m0[0;34m0[0;34m0[0;34m0[0;34m0[0;34m0[0;34m0[0;34m0[0;34m0[0;34m0[0;34m0[0;34m0[0;34m0[0;34m0[0;34m0[0;34m0[0;34m1
[0m[0;34m1[0;34m0[0;34m0[0;34m0[0;34m0[0;34m0[0;34m0[0;34m0[0;34m0[0;34m0[0;34m0[0;34m0[0;34m0[0;34m0[0;34m0[0;34m0[0;34m0[0;34m0[0;34m0[0;34m0[0;34m0[0;34m0[0;34m0[0;34m1
[0m[0;34m1[0;34m1[0;34m1[0;34m1[0;34m1[0;34m1[0;34m1[0;34m1[0;34m1[0;34m0[0;34m0[0;34m0[0;34m0[0;34m0[0;34m0[0;34m0[0;34m0[0;34m0[0;34m0[0;34m0[0;34m0[0;34m0[0;34m0[0;34m1
[0m[0;34m1[0;34m0[0;34m0[0;34m1[0;34m0[0;34m0[0;34m0[0;34m0[0;34m1[0;34m0[0;34m0[0;34m0[0;34m0[0;34m0[0;34m0[0;34m0[0;34m0[0;34m0[0;34m0[0;34m0[0;34m0[0;34m0[0;34m0[0;34m1
[0m[0;34m1[0;34m0[0;34m0[0;34m0[0;34m0[0;34m0[0;34m1[0;34m0[0;34m1[0;34m0[0;34m0[0;34m0[0;34m0[0;34m0[0;34m0[0;34m0[0;34m0[0;34m0[0;34m0[0;34m0[0;34m0[0;34m0[0;34m0[0;34m1
[0m[0;34m1[0;34m0[0;34m0[0;34m1[0;34m0[0;34m0[0;34m0[0;34m0[0;34m1[0;34m0[0;34m0[0;34m0[0;34m0[0;34m0[0;34m0[0;34m0[0;34m0[0;34m0[0;34m0[0;34m0[0;34m0[0;34m0[0;34m0[0;34m1
[0m[0;34m1[0;34m0[0;34m0[0;34m1[0;34m1[0;34m1[0;34m1[0;34m1[0;34m1[0;34m0[0;34m0[0;34m0[0;34m0[0;34m0[0;34m0[0;34m0[0;34m0[0;34m0[0;34m0[0;34m0[0;34m0[0;34m0[0;34m0[0;34m1
[0m[0;34m1[0;34m0[0;34m0[0;34m0[0;34m0[0;34m0[0;34m0[0;34m0[0;34m0[0;34m0[0;34m0[0;34m0[0;34m0[0;34m0[0;34m0[0;34m0[0;34m0[0;34m0[0;34m0[0;34m0[0;34m0[0;34m0[0;34m0[0;34m1
[0m[0;34m1[0;34m0[0;34m0[0;34m0[0;34m0[0;34m0[0;34m0[0;34m0[0;34m0[0;34m0[0;34m0[0;34m0[0;34m0[0;34m0[0;34m0[0;34m0[0;34m0[0;34m0[0;34m0[0;34m0[0;34m0[0;34m0[0;34m0[0;34m1
[0m[0;34m1[0;34m1[0;34m1[0;34m1[0;34m1[0;34m1[0;34m1[0;34m1[0;34m1[0;34m1[0;34m1[0;34m1[0;34m1[0;34m1[0;34m1[0;34m1[0;34m1[0;34m1[0;34m1[0;34m1[0;34m1[0;34m1[0;34m1[0;34m1
[0m[0;34m2[0;34m3[0;34m5
[0m[0;34m1[0;34m9[0;34m8
[0m[0;34m5[0;34m2
[0m[0;34m6[0;34m9
[0m[0;34m2[0;34m2[0;34m2
[0m[0;34m1[0;34m9[0;34m9
[0m[0;34m1[0;34m1[0;34m1[0;34m1[0;34m1[0;34m1[0;34m1[0;34m1[0;34m1[0;34m1[0;34m1[0;34m1[0;34m1[0;34m1[0;34m1[0;34m1[0;34m1[0;34m1[0;34m1[0;34m1[0;34m1[0;34m1[0;34m1[0;34m1
[0m[0;34m1[0;34m0[0;34m0[0;34m0[0;34m0[0;34m0[0;34m0[0;34m0[0;34m0[0;34m0[0;34m0[0;34m0[0;34m0[0;34m0[0;34m0[0;34m0[0;34m0[0;34m0[0;34m0[0;34m0[0;34m0[0;34m0[0;34m0[0;34m1
[0m[0;34m1[0;34m0[0;34m0[0;34m0[0;34m0[0;34m0[0;34m0[0;34m0[0;34m0[0;34m0[0;34m0[0;34m0[0;34m0[0;34m0[0;34m0[0;34m0[0;34m0[0;34m0[0;34m0[0;34m0[0;34m0[0;34m0[0;34m0[0;34m1
[0m[0;34m1[0;34m0[0;34m0[0;34m0[0;34m0[0;34m0[0;34m0[0;34m0[0;34m0[0;34mN[0;34m0[0;34m0[0;34m0[0;34m0[0;34m0[0;34m0[0;34m0[0;34m0[0;34m0[0;34m0[0;34m0[0;34m0[0;34m0[0;34m1
[0m[0;34m1[0;34m0[0;34m0[0;34m0[0;34m0[0;34m0[0;34m0[0;34m0[0;34m0[0;34m0[0;34m0[0;34m0[0;34m0[0;34m0[0;34m0[0;34m0[0;34m0[0;34m0[0;34m0[0;34m0[0;34m0[0;34m0[0;34m0[0;34m1
[0m[0;34m1[0;34m0[0;34m0[0;34m0[0;34m0[0;34m0[0;34m0[0;34m0[0;34m0[0;34m0[0;34m0[0;34m0[0;34m0[0;34m0[0;34m0[0;34m0[0;34m0[0;34m0[0;34m0[0;34m0[0;34m0[0;34m0[0;34m0[0;34m1
[0m[0;34m1[0;34m0[0;34m0[0;34m0[0;34m0[0;34m0[0;34m0[0;34m0[0;34m0[0;34m0[0;34m0[0;34m0[0;34m0[0;34m0[0;34m0[0;34m0[0;34m0[0;34m0[0;34m0[0;34m0[0;34m0[0;34m0[0;34m0[0;34m1
[0m[0;34m1[0;34m0[0;34m0[0;34m0[0;34m0[0;34m0[0;34m1[0;34m1[0;34m1[0;34m1[0;34m1[0;34m0[0;34m0[0;34m0[0;34m0[0;34m1[0;34m0[0;34m1[0;34m0[0;34m1[0;34m0[0;34m0[0;34m0[0;34m1
[0m[0;34m1[0;34m0[0;34m0[0;34m0[0;34m0[0;34m0[0;34m1[0;34m0[0;34m0[0;34m0[0;34m1[0;34m0[0;34m0[0;34m0[0;34m0[0;34m0[0;34m0[0;34m0[0;34m0[0;34m0[0;34m0[0;34m0[0;34m0[0;34m1
[0m[0;34m1[0;34m0[0;34m0[0;34m0[0;34m0[0;34m0[0;34m1[0;34m0[0;34m0[0;34m0[0;34m1[0;34m0[0;34m0[0;34m0[0;34m0[0;34m1[0;34m0[0;34m0[0;34m0[0;34m1[0;34m0[0;34m0[0;34m0[0;34m1
[0m[0;34m1[0;34m0[0;34m0[0;34m0[0;34m0[0;34m0[0;34m1[0;34m0[0;34m0[0;34m0[0;34m1[0;34m0[0;34m0[0;34m0[0;34m0[0;34m0[0;34m0[0;34m0[0;34m0[0;34m0[0;34m0[0;34m0[0;34m0[0;34m1
[0m[0;34m1[0;34m0[0;34m0[0;34m0[0;34m0[0;34m0[0;34m1[0;34m1[0;34m1[0;34m1[0;34m0[0;34m0[0;34m0[0;34m0[0;34m1[0;34m0[0;34m1[0;34m0[0;34m1[0;34m0[0;34m0[0;34m0[0;34m0[0;34m1
[0m[0;34m1[0;34m0[0;34m0[0;34m0[0;34m0[0;34m0[0;34m0[0;34m0[0;34m0[0;34m0[0;34m0[0;34m0[0;34m0[0;34m0[0;34m0[0;34m0[0;34m0[0;34m0[0;34m0[0;34m0[0;34m0[0;34m0[0;34m0[0;34m1
[0m[0;34m1[0;34m0[0;34m0[0;34m0[0;34m0[0;34m0[0;34m0[0;34m0[0;34m0[0;34m0[0;34m0[0;34m0[0;34m0[0;34m0[0;34m0[0;34m0[0;34m0[0;34m0[0;34m0[0;34m0[0;34m0[0;34m0[0;34m0[0;34m1
[0m[0;34m1[0;34m0[0;34m0[0;34m0[0;34m0[0;34m0[0;34m0[0;34m0[0;34m0[0;34m0[0;34m0[0;34m0[0;34m0[0;34m0[0;34m0[0;34m0[0;34m0[0;34m0[0;34m0[0;34m0[0;34m0[0;34m0[0;34m0[0;34m1
[0m[0;34m1[0;34m0[0;34m0[0;34m0[0;34m0[0;34m0[0;34m0[0;34m0[0;34m0[0;34m0[0;34m0[0;34m0[0;34m0[0;34m0[0;34m0[0;34m0[0;34m0[0;34m0[0;34m0[0;34m0[0;34m0[0;34m0[0;34m0[0;34m1
[0m[0;34m1[0;34m0[0;34m0[0;34m0[0;34m0[0;34m0[0;34m0[0;34m0[0;34m0[0;34m0[0;34m0[0;34m0[0;34m0[0;34m0[0;34m0[0;34m0[0;34m0[0;34m0[0;34m0[0;34m0[0;34m0[0;34m0[0;34m0[0;34m1
[0m[0;34m1[0;34m0[0;34m0[0;34m0[0;34m0[0;34m0[0;34m0[0;34m0[0;34m0[0;34m0[0;34m0[0;34m0[0;34m0[0;34m0[0;34m0[0;34m0[0;34m0[0;34m0[0;34m0[0;34m0[0;34m0[0;34m0[0;34m0[0;34m1
[0m[0;34m1[0;34m0[0;34m0[0;34m0[0;34m0[0;34m0[0;34m0[0;34m0[0;34m0[0;34m0[0;34m0[0;34m0[0;34m0[0;34m0[0;34m0[0;34m0[0;34m0[0;34m0[0;34m0[0;34m0[0;34m0[0;34m0[0;34m0[0;34m1
[0m[0;34m1[0;34m1[0;34m1[0;34m1[0;34m1[0;34m1[0;34m1[0;34m1[0;34m1[0;34m0[0;34m0[0;34m0[0;34m0[0;34m0[0;34m0[0;34m0[0;34m0[0;34m0[0;34m0[0;34m0[0;34m0[0;34m0[0;34m0[0;34m1
[0m[0;34m1[0;34m0[0;34m0[0;34m1[0;34m0[0;34m0[0;34m0[0;34m0[0;34m1[0;34m0[0;34m0[0;34m0[0;34m0[0;34m0[0;34m0[0;34m0[0;34m0[0;34m0[0;34m0[0;34m0[0;34m0[0;34m0[0;34m0[0;34m1
[0m[0;34m1[0;34m0[0;34m0[0;34m0[0;34m0[0;34m0[0;34m1[0;34m0[0;34m1[0;34m0[0;34m0[0;34m0[0;34m0[0;34m0[0;34m0[0;34m0[0;34m0[0;34m0[0;34m0[0;34m0[0;34m0[0;34m0[0;34m0[0;34m1
[0m[0;34m1[0;34m0[0;34m0[0;34m1[0;34m0[0;34m0[0;34m0[0;34m0[0;34m1[0;34m0[0;34m0[0;34m0[0;34m0[0;34m0[0;34m0[0;34m0[0;34m0[0;34m0[0;34m0[0;34m0[0;34m0[0;34m0[0;34m0[0;34m1
[0m[0;34m1[0;34m0[0;34m0[0;34m1[0;34m1[0;34m1[0;34m1[0;34m1[0;34m1[0;34m0[0;34m0[0;34m0[0;34m0[0;34m0[0;34m0[0;34m0[0;34m0[0;34m0[0;34m0[0;34m0[0;34m0[0;34m0[0;34m0[0;34m1
[0m[0;34m1[0;34m0[0;34m0[0;34m0[0;34m0[0;34m0[0;34m0[0;34m0[0;34m0[0;34m0[0;34m0[0;34m0[0;34m0[0;34m0[0;34m0[0;34m0[0;34m0[0;34m0[0;34m0[0;34m0[0;34m0[0;34m0[0;34m0[0;34m1
[0m[0;34m1[0;34m0[0;34m0[0;34m0[0;34m0[0;34m0[0;34m0[0;34m0[0;34m0[0;34m0[0;34m0[0;34m0[0;34m0[0;34m0[0;34m0[0;34m0[0;34m0[0;34m0[0;34m0[0;34m0[0;34m0[0;34m0[0;34m0[0;34m1
[0m[0;34m1[0;34m1[0;34m1[0;34m1[0;34m1[0;34m1[0;34m1[0;34m1[0;34m1[0;34m1[0;34m1[0;34m1[0;34m1[0;34m1[0;34m1[0;34m1[0;34m1[0;34m1[0;34m1[0;34m1[0;34m1[0;34m1[0;34m1[0;34m1
[0mExit code: 0
‚ö†Ô∏è No Valgrind alerts, but with leaks[0m  
==8836== Memcheck, a memory error detector
==8836== Copyright (C) 2002-2022, and GNU GPL'd, by Julian Seward et al.
==8836== Using Valgrind-3.22.0 and LibVEX; rerun with -h for copyright info
==8836== Command: ./cub3d ./maps/good/square_map.cub
==8836== Parent PID: 8762
==8836== 
==8836== 
==8836== HEAP SUMMARY:
==8836==     in use at exit: 2,338 bytes in 84 blocks
==8836==   total heap usage: 277 allocs, 193 frees, 17,008 bytes allocated
==8836== 
==8836== LEAK SUMMARY:
==8836==    definitely lost: 744 bytes in 10 blocks
==8836==    indirectly lost: 1,594 bytes in 74 blocks
==8836==      possibly lost: 0 bytes in 0 blocks
==8836==    still reachable: 0 bytes in 0 blocks
==8836==         suppressed: 0 bytes in 0 blocks
==8836== Rerun with --leak-check=full to see details of leaked memory
==8836== 
==8836== For lists of detected and suppressed errors, rerun with: -s
==8836== ERROR SUMMARY: 0 errors from 0 contexts (suppressed: 0 from 0)
Running valgrind on ./maps/good/subject_map.cub...

[0;34mN[0;34mO[0;34m [0;34mt[0;34me[0;34mx[0;34mt[0;34mu[0;34mr[0;34me[0;34ms[0;34m/[0;34mt[0;34me[0;34ms[0;34mt[0;34m/[0;34mn[0;34mo[0;34mr[0;34mt[0;34mh[0;34m.[0;34mx[0;34mp[0;34mm
[0m[0;34mS[0;34mO[0;34m [0;34mt[0;34me[0;34mx[0;34mt[0;34mu[0;34mr[0;34me[0;34ms[0;34m/[0;34mt[0;34me[0;34ms[0;34mt[0;34m/[0;34ms[0;34mo[0;34mu[0;34mt[0;34mh[0;34m.[0;34mx[0;34mp[0;34mm
[0m[0;34mW[0;34mE[0;34m [0;34mt[0;34me[0;34mx[0;34mt[0;34mu[0;34mr[0;34me[0;34ms[0;34m/[0;34mt[0;34me[0;34ms[0;34mt[0;34m/[0;34mw[0;34me[0;34ms[0;34mt[0;34m.[0;34mx[0;34mp[0;34mm
[0m[0;34mE[0;34mA[0;34m [0;34mt[0;34me[0;34mx[0;34mt[0;34mu[0;34mr[0;34me[0;34ms[0;34m/[0;34mt[0;34me[0;34ms[0;34mt[0;34m/[0;34me[0;34ma[0;34ms[0;34mt[0;34m.[0;34mx[0;34mp[0;34mm
[0m
[0m[0;34mF[0;34m [0;34m2[0;34m2[0;34m0[0;34m,[0;34m1[0;34m0[0;34m0[0;34m,[0;34m0
[0m[0;34mC[0;34m [0;34m2[0;34m2[0;34m5[0;34m,[0;34m3[0;34m0[0;34m,[0;34m0
[0m
[0m[0;34m [0;34m [0;34m [0;34m [0;34m [0;34m [0;34m [0;34m [0;34m1[0;34m1[0;34m1[0;34m1[0;34m1[0;34m1[0;34m1[0;34m1[0;34m1[0;34m1[0;34m1[0;34m1[0;34m1[0;34m1[0;34m1[0;34m1[0;34m1[0;34m1[0;34m1[0;34m1[0;34m1[0;34m1[0;34m1[0;34m1[0;34m1
[0m[0;34m [0;34m [0;34m [0;34m [0;34m [0;34m [0;34m [0;34m [0;34m1[0;34m0[0;34m0[0;34m0[0;34m0[0;34m0[0;34m0[0;34m0[0;34m0[0;34m0[0;34m1[0;34m1[0;34m0[0;34m0[0;34m0[0;34m0[0;34m0[0;34m0[0;34m0[0;34m0[0;34m0[0;34m0[0;34m0[0;34m0[0;34m1
[0m[0;34m [0;34m [0;34m [0;34m [0;34m [0;34m [0;34m [0;34m [0;34m1[0;34m0[0;34m1[0;34m1[0;34m0[0;34m0[0;34m0[0;34m0[0;34m0[0;34m1[0;34m1[0;34m1[0;34m0[0;34m0[0;34m0[0;34m0[0;34m0[0;34m0[0;34m0[0;34m0[0;34m0[0;34m0[0;34m0[0;34m0[0;34m1
[0m[0;34m [0;34m [0;34m [0;34m [0;34m [0;34m [0;34m [0;34m [0;34m1[0;34m0[0;34m0[0;34m1[0;34m0[0;34m0[0;34m0[0;34m0[0;34m0[0;34m0[0;34m0[0;34m0[0;34m0[0;34m0[0;34m0[0;34m0[0;34m0[0;34m0[0;34m0[0;34m0[0;34m0[0;34m0[0;34m0[0;34m0[0;34m1
[0m[0;34m1[0;34m1[0;34m1[0;34m1[0;34m1[0;34m1[0;34m1[0;34m1[0;34m1[0;34m0[0;34m1[0;34m1[0;34m0[0;34m0[0;34m0[0;34m0[0;34m0[0;34m1[0;34m1[0;34m1[0;34m0[0;34m0[0;34m0[0;34m0[0;34m0[0;34m0[0;34m0[0;34m0[0;34m0[0;34m0[0;34m0[0;34m0[0;34m1
[0m[0;34m1[0;34m0[0;34m0[0;34m0[0;34m0[0;34m0[0;34m0[0;34m0[0;34m0[0;34m0[0;34m1[0;34m1[0;34m0[0;34m0[0;34m0[0;34m0[0;34m0[0;34m1[0;34m1[0;34m1[0;34m0[0;34m1[0;34m1[0;34m1[0;34m1[0;34m1[0;34m1[0;34m1[0;34m1[0;34m1[0;34m1[0;34m1[0;34m1
[0m[0;34m1[0;34m1[0;34m1[0;34m1[0;34m0[0;34m1[0;34m1[0;34m1[0;34m1[0;34m1[0;34m1[0;34m1[0;34m1[0;34m1[0;34m0[0;34m1[0;34m1[0;34m1[0;34m0[0;34m0[0;34m0[0;34m0[0;34m0[0;34m0[0;34m1[0;34m0[0;34m0[0;34m0[0;34m1
[0m[0;34m1[0;34m1[0;34m1[0;34m1[0;34m0[0;34m1[0;34m1[0;34m1[0;34m1[0;34m1[0;34m1[0;34m1[0;34m1[0;34m1[0;34m0[0;34m1[0;34m1[0;34m1[0;34m0[0;34m1[0;34m0[0;34m1[0;34m0[0;34m0[0;34m1[0;34m0[0;34m0[0;34m0[0;34m1
[0m[0;34m1[0;34m1[0;34m0[0;34m0[0;34m0[0;34m0[0;34m0[0;34m0[0;34m1[0;34m1[0;34m0[0;34m1[0;34m0[0;34m1[0;34m0[0;34m1[0;34m1[0;34m1[0;34m0[0;34m0[0;34m0[0;34m0[0;34m0[0;34m0[0;34m1[0;34m0[0;34m0[0;34m0[0;34m1
[0m[0;34m1[0;34m0[0;34m0[0;34m0[0;34m0[0;34m0[0;34m0[0;34m0[0;34m0[0;34m0[0;34m0[0;34m0[0;34m0[0;34m0[0;34m0[0;34m0[0;34m1[0;34m1[0;34m0[0;34m0[0;34m0[0;34m0[0;34m0[0;34m0[0;34m1[0;34m0[0;34m0[0;34m0[0;34m1
[0m[0;34m1[0;34m0[0;34m0[0;34m0[0;34m0[0;34m0[0;34m0[0;34m0[0;34m0[0;34m0[0;34m0[0;34m0[0;34m0[0;34m0[0;34m0[0;34m0[0;34m1[0;34m1[0;34m0[0;34m1[0;34m0[0;34m1[0;34m0[0;34m0[0;34m1[0;34m0[0;34m0[0;34m0[0;34m1
[0m[0;34m1[0;34m1[0;34m0[0;34m0[0;34m0[0;34m0[0;34m0[0;34m1[0;34m1[0;34m1[0;34m0[0;34m1[0;34m0[0;34m1[0;34m0[0;34m1[0;34m1[0;34m1[0;34m1[0;34m1[0;34m0[0;34m1[0;34m1[0;34m1[0;34m1[0;34m0[0;34mN[0;34m0[0;34m1[0;34m1[0;34m1
[0m[0;34m1[0;34m1[0;[0;31m Error:[Map check in file] Invalid map placement or format
[0m 34m1[0;34m1[0;34m0[0;34m1[0;34m1[0;34m1[0;34m [0;34m1[0;34m1[0;34m1[0;34m0[0;34m1[0;34m0[0;34m1[0;34m [0;34m1[0;34m0[0;34m1[0;34m1[0;34m1[0;34m1[0;34m0[0;34m1[0;34m0[0;34m0[0;34m0[0;34m1
[0m[0;34m1[0;34m1[0;34m1[0;34m1[0;34m1[0;34m1[0;34m1[0;34m1[0;34m [0;34m1[0;34m1[0;34m1[0;34m1[0;34m1[0;34m1[0;34m1[0;34m [0;34m1[0;34m1[0;34m1[0;34m1[0;34m1[0;34m1[0;34m1[0;34m1[0;34m1[0;34m1[0;34m1[0;34m1
[0mExit code: 1
‚ö†Ô∏è No Valgrind alerts, but with leaks[0m  
==8839== Memcheck, a memory error detector
==8839== Copyright (C) 2002-2022, and GNU GPL'd, by Julian Seward et al.
==8839== Using Valgrind-3.22.0 and LibVEX; rerun with -h for copyright info
==8839== Command: ./cub3d ./maps/good/subject_map.cub
==8839== Parent PID: 8762
==8839== 
==8839== 
==8839== HEAP SUMMARY:
==8839==     in use at exit: 783 bytes in 23 blocks
==8839==   total heap usage: 119 allocs, 96 frees, 8,871 bytes allocated
==8839== 
==8839== LEAK SUMMARY:
==8839==    definitely lost: 184 bytes in 1 blocks
==8839==    indirectly lost: 599 bytes in 22 blocks
==8839==      possibly lost: 0 bytes in 0 blocks
==8839==    still reachable: 0 bytes in 0 blocks
==8839==         suppressed: 0 bytes in 0 blocks
==8839== Rerun with --leak-check=full to see details of leaked memory
==8839== 
==8839== For lists of detected and suppressed errors, rerun with: -s
==8839== ERROR SUMMARY: 0 errors from 0 contexts (suppressed: 0 from 0)
Running valgrind on ./maps/good/test_map.cub...

[0;32m[Debug info]üõ†Ô∏è  Map info üîç
[0m[0;32m[Debug info] - Map width:[0m12
[0;32m[Debug info] - Map height:[0m8
[0;32m[Debug info]üõ†Ô∏è  Starting player position info üîç
[0m[0;32m[Debug info] - Player X:[0m2
[0;32m[Debug info] - Player Y:[0m4
[0;32m[Debug info] - Player Direction:[0mS
[0;32m[Debug info]üõ†Ô∏è  Colors info c:  üîç
[0m[0;32m[Debug info]üõ†Ô∏è  Colors info f:  üîç
[0m[0;32m[Debug info]üõ†Ô∏è  Textures info:  üîç
[0m[0;32m[Debug info] Texture north:[0mtextures/test/north.xpm
[0;32m[Debug info] Texture south:[0mtextures/test/south.xpm
[0;32m[Debug info] Texture west:[0mtextures/test/west.xpm
[0;32m[Debug info] Texture east:[0mtextures/test/east.xpm
[0;34mN[0;34mO[0;34m [0;34mt[0;34me[0;34mx[0;34mt[0;34mu[0;34mr[0;34me[0;34ms[0;34m/[0;34mt[0;34me[0;34ms[0;34mt[0;34m/[0;34mn[0;34mo[0;34mr[0;34mt[0;34mh[0;34m.[0;34mx[0;34mp[0;34mm
[0m[0;34mS[0;34mO[0;34m [0;34mt[0;34me[0;34mx[0;34mt[0;34mu[0;34mr[0;34me[0;34ms[0;34m/[0;34mt[0;34me[0;34ms[0;34mt[0;34m/[0;34ms[0;34mo[0;34mu[0;34mt[0;34mh[0;34m.[0;34mx[0;34mp[0;34mm
[0m[0;34mW[0;34mE[0;34m [0;34mt[0;34me[0;34mx[0;34mt[0;34mu[0;34mr[0;34me[0;34ms[0;34m/[0;34mt[0;34me[0;34ms[0;34mt[0;34m/[0;34mw[0;34me[0;34ms[0;34mt[0;34m.[0;34mx[0;34mp[0;34mm
[0m[0;34mE[0;34mA[0;34m [0;34mt[0;34me[0;34mx[0;34mt[0;34mu[0;34mr[0;34me[0;34ms[0;34m/[0;34mt[0;34me[0;34ms[0;34mt[0;34m/[0;34me[0;34ma[0;34ms[0;34mt[0;34m.[0;34mx[0;34mp[0;34mm
[0m
[0m[0;34mF[0;34m [0;34m1[0;34m8[0;34m,[0;34m5[0;34m3[0;34m,[0;34m2[0;34m5
[0m[0;34mC[0;34m [0;34m1[0;34m5[0;34m3[0;34m,[0;34m2[0;34m0[0;34m4[0;34m,[0;34m2[0;34m5[0;34m5
[0m
[0m[0;34m1[0;34m1[0;34m1[0;34m1[0;34m1[0;34m1[0;34m1[0;34m1[0;34m1[0;34m1[0;34m1[0;34m1
[0m[0;34m1[0;34m [0;34m [0;34m [0;34m [0;34m [0;34m [0;34m [0;34m [0;34m [0;34m1[0;34m1
[0m[0;34m1[0;34m [0;34m [0;34m [0;34m [0;34m [0;34m [0;34m [0;34m [0;34m [0;34m [0;34m1
[0m[0;34m1[0;34m1[0;34m1[0;34m1[0;34m1[0;34m1[0;34m1[0;34m1[0;34m1[0;34m1[0;34m1[0;34m1
[0m[0;34m1[0;34m0[0;34mS[0;34m0[0;34m0[0;34m0[0;34m0[0;34m0[0;34m0[0;34m0[0;34m0[0;34m1
[0m[0;34m1[0;34m1[0;34m1[0;34m1[0;34m1[0;34m1[0;34m1[0;34m1[0;34m1[0;34m1[0;34m1[0;34m1
[0m[0;34m1[0;34m1[0;34m [0;34m [0;34m [0;34m [0;34m [0;34m [0;34m [0;34m [0;34m [0;34m1
[0m[0;34m1[0;34m1[0;34m1[0;34m1[0;34m1[0;34m1[0;34m1[0;34m1[0;34m1[0;34m1[0;34m1[0;34m1
[0m[0;34m1[0;34m5[0;34m3
[0m[0;34m2[0;34m0[0;34m4
[0m[0;34m2[0;34m5[0;34m5
[0m[0;34m1[0;34m8
[0m[0;34m5[0;34m3
[0m[0;34m2[0;34m5
[0m[0;34m1[0;34m1[0;34m1[0;34m1[0;34m1[0;34m1[0;34m1[0;34m1[0;34m1[0;34m1[0;34m1[0;34m1
[0m[0;34m1[0;34m1[0;34m1[0;34m1[0;34m1[0;34m1[0;34m1[0;34m1[0;34m1[0;34m1[0;34m1[0;34m1
[0m[0;34m1[0;34m1[0;34m1[0;34m1[0;34m1[0;34m1[0;34m1[0;34m1[0;34m1[0;34m1[0;34m1[0;34m1
[0m[0;34m1[0;34m1[0;34m1[0;34m1[0;34m1[0;34m1[0;34m1[0;34m1[0;34m1[0;34m1[0;34m1[0;34m1
[0m[0;34m1[0;34m0[0;34mS[0;34m0[0;34m0[0;34m0[0;34m0[0;34m0[0;34m0[0;34m0[0;34m0[0;34m1
[0m[0;34m1[0;34m1[0;34m1[0;34m1[0;34m1[0;34m1[0;34m1[0;34m1[0;34m1[0;34m1[0;34m1[0;34m1
[0m[0;34m1[0;34m1[0;34m1[0;34m1[0;34m1[0;34m1[0;34m1[0;34m1[0;34m1[0;34m1[0;34m1[0;34m1
[0m[0;34m1[0;34m1[0;34m1[0;34m1[0;34m1[0;34m1[0;34m1[0;34m1[0;34m1[0;34m1[0;34m1[0;34m1
[0mExit code: 0
‚ö†Ô∏è No Valgrind alerts, but with leaks[0m  
==8842== Memcheck, a memory error detector
==8842== Copyright (C) 2002-2022, and GNU GPL'd, by Julian Seward et al.
==8842== Using Valgrind-3.22.0 and LibVEX; rerun with -h for copyright info
==8842== Command: ./cub3d ./maps/good/test_map.cub
==8842== Parent PID: 8762
==8842== 
==8842== 
==8842== HEAP SUMMARY:
==8842==     in use at exit: 765 bytes in 40 blocks
==8842==   total heap usage: 113 allocs, 73 frees, 7,229 bytes allocated
==8842== 
==8842== LEAK SUMMARY:
==8842==    definitely lost: 387 bytes in 10 blocks
==8842==    indirectly lost: 378 bytes in 30 blocks
==8842==      possibly lost: 0 bytes in 0 blocks
==8842==    still reachable: 0 bytes in 0 blocks
==8842==         suppressed: 0 bytes in 0 blocks
==8842== Rerun with --leak-check=full to see details of leaked memory
==8842== 
==8842== For lists of detected and suppressed errors, rerun with: -s
==8842== ERROR SUMMARY: 0 errors from 0 contexts (suppressed: 0 from 0)
Running valgrind on ./maps/good/test_map_hole.cub...

[0;32m[Debug info]üõ†Ô∏è  Map info üîç
[0m[0;32m[Debug info] - Map width:[0m12
[0;32m[Debug info] - Map height:[0m8
[0;32m[Debug info]üõ†Ô∏è  Starting player position info üîç
[0m[0;32m[Debug info] - Player X:[0m2
[0;32m[Debug info] - Player Y:[0m4
[0;32m[Debug info] - Player Direction:[0mS
[0;32m[Debug info]üõ†Ô∏è  Colors info c:  üîç
[0m[0;32m[Debug info]üõ†Ô∏è  Colors info f:  üîç
[0m[0;32m[Debug info]üõ†Ô∏è  Textures info:  üîç
[0m[0;32m[Debug info] Texture north:[0mtextures/test/north.xpm
[0;32m[Debug info] Texture south:[0mtextures/test/south.xpm
[0;32m[Debug info] Texture west:[0mtextures/test/west.xpm
[0;32m[Debug info] Texture east:[0mtextures/test/east.xpm
[0;34mN[0;34mO[0;34m [0;34mt[0;34me[0;34mx[0;34mt[0;34mu[0;34mr[0;34me[0;34ms[0;34m/[0;34mt[0;34me[0;34ms[0;34mt[0;34m/[0;34mn[0;34mo[0;34mr[0;34mt[0;34mh[0;34m.[0;34mx[0;34mp[0;34mm
[0m[0;34mS[0;34mO[0;34m [0;34mt[0;34me[0;34mx[0;34mt[0;34mu[0;34mr[0;34me[0;34ms[0;34m/[0;34mt[0;34me[0;34ms[0;34mt[0;34m/[0;34ms[0;34mo[0;34mu[0;34mt[0;34mh[0;34m.[0;34mx[0;34mp[0;34mm
[0m[0;34mW[0;34mE[0;34m [0;34mt[0;34me[0;34mx[0;34mt[0;34mu[0;34mr[0;34me[0;34ms[0;34m/[0;34mt[0;34me[0;34ms[0;34mt[0;34m/[0;34mw[0;34me[0;34ms[0;34mt[0;34m.[0;34mx[0;34mp[0;34mm
[0m[0;34mE[0;34mA[0;34m [0;34mt[0;34me[0;34mx[0;34mt[0;34mu[0;34mr[0;34me[0;34ms[0;34m/[0;34mt[0;34me[0;34ms[0;34mt[0;34m/[0;34me[0;34ma[0;34ms[0;34mt[0;34m.[0;34mx[0;34mp[0;34mm
[0m
[0m[0;34mF[0;34m [0;34m1[0;34m8[0;34m,[0;34m5[0;34m3[0;34m,[0;34m2[0;34m5
[0m[0;34mC[0;34m [0;34m1[0;34m5[0;34m3[0;34m,[0;34m2[0;34m0[0;34m4[0;34m,[0;34m2[0;34m5[0;34m5
[0m
[0m[0;34m1[0;34m1[0;34m1[0;34m1[0;34m1[0;34m1[0;34m1[0;34m1[0;34m1[0;34m1[0;34m1[0;34m1
[0m[0;34m1[0;34m [0;34m [0;34m [0;34m [0;34m [0;34m [0;34m [0;34m [0;34m [0;34m1[0;34m1
[0m[0;34m1[0;34m [0;34m [0;34m [0;34m [0;34m [0;34m [0;34m [0;34m0[0;34m0[0;34m0[0;34m1
[0m[0;34m1[0;34m0[0;34m0[0;34m0[0;34m0[0;34m0[0;34m0[0;34m [0;34m0[0;34m0[0;34m1[0;34m1
[0m[0;34m1[0;34m0[0;34mS[0;34m0[0;34m0[0;34m0[0;34m0[0;34m0[0;34m0[0;34m0[0;34m0[0;34m1
[0m[0;34m1[0;34m1[0;34m1[0;34m1[0;34m1[0;34m1[0;34m1[0;34m1[0;34m1[0;34m1[0;34m1[0;34m1
[0m[0;34m1[0;34m1[0;34m [0;34m [0;34m [0;34m [0;34m [0;34m [0;34m [0;34m [0;34m [0;34m1
[0m[0;34m1[0;34m1[0;34m1[0;34m1[0;34m1[0;34m1[0;34m1[0;34m1[0;34m1[0;34m1[0;34m1[0;34m1
[0m[0;34m1[0;34m5[0;34m3
[0m[0;34m2[0;34m0[0;34m4
[0m[0;34m2[0;34m5[0;34m5
[0m[0;34m1[0;34m8
[0m[0;34m5[0;34m3
[0m[0;34m2[0;34m5
[0m[0;34m1[0;34m1[0;34m1[0;34m1[0;34m1[0;34m1[0;34m1[0;34m1[0;34m1[0;34m1[0;34m1[0;34m1
[0m[0;34m1[0;34m1[0;34m1[0;34m1[0;34m1[0;34m1[0;34m1[0;34m1[0;34m1[0;34m1[0;34m1[0;34m1
[0m[0;34m1[0;34m1[0;34m1[0;34m1[0;34m1[0;34m1[0;34m1[0;34m1[0;34m0[0;34m0[0;34m0[0;34m1
[0m[0;34m1[0;34m0[0;34m0[0;34m0[0;34m0[0;34m0[0;34m0[0;34m1[0;34m0[0;34m0[0;34m1[0;34m1
[0m[0;34m1[0;34m0[0;34mS[0;34m0[0;34m0[0;34m0[0;34m0[0;34m0[0;34m0[0;34m0[0;34m0[0;34m1
[0m[0;34m1[0;34m1[0;34m1[0;34m1[0;34m1[0;34m1[0;34m1[0;34m1[0;34m1[0;34m1[0;34m1[0;34m1
[0m[0;34m1[0;34m1[0;34m1[0;34m1[0;34m1[0;34m1[0;34m1[0;34m1[0;34m1[0;34m1[0;34m1[0;34m1
[0m[0;34m1[0;34m1[0;34m1[0;34m1[0;34m1[0;34m1[0;34m1[0;34m1[0;34m1[0;34m1[0;34m1[0;34m1
[0mExit code: 0
‚ö†Ô∏è No Valgrind alerts, but with leaks[0m  
==8845== Memcheck, a memory error detector
==8845== Copyright (C) 2002-2022, and GNU GPL'd, by Julian Seward et al.
==8845== Using Valgrind-3.22.0 and LibVEX; rerun with -h for copyright info
==8845== Command: ./cub3d ./maps/good/test_map_hole.cub
==8845== Parent PID: 8762
==8845== 
==8845== 
==8845== HEAP SUMMARY:
==8845==     in use at exit: 765 bytes in 40 blocks
==8845==   total heap usage: 113 allocs, 73 frees, 7,229 bytes allocated
==8845== 
==8845== LEAK SUMMARY:
==8845==    definitely lost: 387 bytes in 10 blocks
==8845==    indirectly lost: 378 bytes in 30 blocks
==8845==      possibly lost: 0 bytes in 0 blocks
==8845==    still reachable: 0 bytes in 0 blocks
==8845==         suppressed: 0 bytes in 0 blocks
==8845== Rerun with --leak-check=full to see details of leaked memory
==8845== 
==8845== For lists of detected and suppressed errors, rerun with: -s
==8845== ERROR SUMMARY: 0 errors from 0 contexts (suppressed: 0 from 0)
Running valgrind on ./maps/good/test_pos_bottom.cub...

[0;32m[Debug info]üõ†Ô∏è  Map info üîç
[0m[0;32m[Debug info] - Map width:[0m3
[0;32m[Debug info] - Map height:[0m13
[0;32m[Debug info]üõ†Ô∏è  Starting player position info üîç
[0m[0;32m[Debug info] - Player X:[0m1
[0;32m[Debug info] - Player Y:[0m11
[0;32m[Debug info] - Player Direction:[0mS
[0;32m[Debug info]üõ†Ô∏è  Colors info c:  üîç
[0m[0;32m[Debug info]üõ†Ô∏è  Colors info f:  üîç
[0m[0;32m[Debug info]üõ†Ô∏è  Textures info:  üîç
[0m[0;32m[Debug info] Texture north:[0mtextures/test/north.xpm
[0;32m[Debug info] Texture south:[0mtextures/test/south.xpm
[0;32m[Debug info] Texture west:[0mtextures/test/west.xpm
[0;32m[Debug info] Texture east:[0mtextures/test/east.xpm
[0;34mN[0;34mO[0;34m [0;34mt[0;34me[0;34mx[0;34mt[0;34mu[0;34mr[0;34me[0;34ms[0;34m/[0;34mt[0;34me[0;34ms[0;34mt[0;34m/[0;34mn[0;34mo[0;34mr[0;34mt[0;34mh[0;34m.[0;34mx[0;34mp[0;34mm
[0m[0;34mS[0;34mO[0;34m [0;34mt[0;34me[0;34mx[0;34mt[0;34mu[0;34mr[0;34me[0;34ms[0;34m/[0;34mt[0;34me[0;34ms[0;34mt[0;34m/[0;34ms[0;34mo[0;34mu[0;34mt[0;34mh[0;34m.[0;34mx[0;34mp[0;34mm
[0m[0;34mW[0;34mE[0;34m [0;34mt[0;34me[0;34mx[0;34mt[0;34mu[0;34mr[0;34me[0;34ms[0;34m/[0;34mt[0;34me[0;34ms[0;34mt[0;34m/[0;34mw[0;34me[0;34ms[0;34mt[0;34m.[0;34mx[0;34mp[0;34mm
[0m[0;34mE[0;34mA[0;34m [0;34mt[0;34me[0;34mx[0;34mt[0;34mu[0;34mr[0;34me[0;34ms[0;34m/[0;34mt[0;34me[0;34ms[0;34mt[0;34m/[0;34me[0;34ma[0;34ms[0;34mt[0;34m.[0;34mx[0;34mp[0;34mm
[0m
[0m[0;34mF[0;34m [0;34m2[0;34m0[0;34m,[0;34m2[0;34m0[0;34m,[0;34m2[0;34m0
[0m[0;34mC[0;34m [0;34m2[0;34m0[0;34m0[0;34m,[0;34m2[0;34m0[0;34m0[0;34m,[0;34m2[0;34m0[0;34m0
[0m
[0m[0;34m1[0;34m1[0;34m1
[0m[0;34m1[0;34m0[0;34m1
[0m[0;34m1[0;34m0[0;34m1
[0m[0;34m1[0;34m0[0;34m1
[0m[0;34m1[0;34m0[0;34m1
[0m[0;34m1[0;34m0[0;34m1
[0m[0;34m1[0;34m0[0;34m1
[0m[0;34m1[0;34m0[0;34m1
[0m[0;34m1[0;34m0[0;34m1
[0m[0;34m1[0;34m0[0;34m1
[0m[0;34m1[0;34m0[0;34m1
[0m[0;34m1[0;34mS[0;34m1
[0m[0;34m1[0;34m1[0;34m1
[0m[0;34m2[0;34m0[0;34m0
[0m[0;34m2[0;34m0[0;34m0
[0m[0;34m2[0;34m0[0;34m0
[0m[0;34m2[0;34m0
[0m[0;34m2[0;34m0
[0m[0;34m2[0;34m0
[0m[0;34m1[0;34m1[0;34m1
[0m[0;34m1[0;34m0[0;34m1
[0m[0;34m1[0;34m0[0;34m1
[0m[0;34m1[0;34m0[0;34m1
[0m[0;34m1[0;34m0[0;34m1
[0m[0;34m1[0;34m0[0;34m1
[0m[0;34m1[0;34m0[0;34m1
[0m[0;34m1[0;34m0[0;34m1
[0m[0;34m1[0;34m0[0;34m1
[0m[0;34m1[0;34m0[0;34m1
[0m[0;34m1[0;34m0[0;34m1
[0m[0;34m1[0;34mS[0;34m1
[0m[0;34m1[0;34m1[0;34m1
[0mExit code: 0
‚ö†Ô∏è No Valgrind alerts, but with leaks[0m  
==8848== Memcheck, a memory error detector
==8848== Copyright (C) 2002-2022, and GNU GPL'd, by Julian Seward et al.
==8848== Using Valgrind-3.22.0 and LibVEX; rerun with -h for copyright info
==8848== Command: ./cub3d ./maps/good/test_pos_bottom.cub
==8848== Parent PID: 8762
==8848== 
==8848== 
==8848== HEAP SUMMARY:
==8848==     in use at exit: 746 bytes in 50 blocks
==8848==   total heap usage: 141 allocs, 91 frees, 8,007 bytes allocated
==8848== 
==8848== LEAK SUMMARY:
==8848==    definitely lost: 467 bytes in 10 blocks
==8848==    indirectly lost: 279 bytes in 40 blocks
==8848==      possibly lost: 0 bytes in 0 blocks
==8848==    still reachable: 0 bytes in 0 blocks
==8848==         suppressed: 0 bytes in 0 blocks
==8848== Rerun with --leak-check=full to see details of leaked memory
==8848== 
==8848== For lists of detected and suppressed errors, rerun with: -s
==8848== ERROR SUMMARY: 0 errors from 0 contexts (suppressed: 0 from 0)
Running valgrind on ./maps/good/test_pos_left.cub...

[0;32m[Debug info]üõ†Ô∏è  Map info üîç
[0m[0;32m[Debug info] - Map width:[0m21
[0;32m[Debug info] - Map height:[0m3
[0;32m[Debug info]üõ†Ô∏è  Starting player position info üîç
[0m[0;32m[Debug info] - Player X:[0m1
[0;32m[Debug info] - Player Y:[0m1
[0;32m[Debug info] - Player Direction:[0mW
[0;32m[Debug info]üõ†Ô∏è  Colors info c:  üîç
[0m[0;32m[Debug info]üõ†Ô∏è  Colors info f:  üîç
[0m[0;32m[Debug info]üõ†Ô∏è  Textures info:  üîç
[0m[0;32m[Debug info] Texture north:[0mtextures/test/north.xpm
[0;32m[Debug info] Texture south:[0mtextures/test/south.xpm
[0;32m[Debug info] Texture west:[0mtextures/test/west.xpm
[0;32m[Debug info] Texture east:[0mtextures/test/east.xpm
[0;34mN[0;34mO[0;34m [0;34mt[0;34me[0;34mx[0;34mt[0;34mu[0;34mr[0;34me[0;34ms[0;34m/[0;34mt[0;34me[0;34ms[0;34mt[0;34m/[0;34mn[0;34mo[0;34mr[0;34mt[0;34mh[0;34m.[0;34mx[0;34mp[0;34mm
[0m[0;34mS[0;34mO[0;34m [0;34mt[0;34me[0;34mx[0;34mt[0;34mu[0;34mr[0;34me[0;34ms[0;34m/[0;34mt[0;34me[0;34ms[0;34mt[0;34m/[0;34ms[0;34mo[0;34mu[0;34mt[0;34mh[0;34m.[0;34mx[0;34mp[0;34mm
[0m[0;34mW[0;34mE[0;34m [0;34mt[0;34me[0;34mx[0;34mt[0;34mu[0;34mr[0;34me[0;34ms[0;34m/[0;34mt[0;34me[0;34ms[0;34mt[0;34m/[0;34mw[0;34me[0;34ms[0;34mt[0;34m.[0;34mx[0;34mp[0;34mm
[0m[0;34mE[0;34mA[0;34m [0;34mt[0;34me[0;34mx[0;34mt[0;34mu[0;34mr[0;34me[0;34ms[0;34m/[0;34mt[0;34me[0;34ms[0;34mt[0;34m/[0;34me[0;34ma[0;34ms[0;34mt[0;34m.[0;34mx[0;34mp[0;34mm
[0m
[0m[0;34mF[0;34m [0;34m2[0;34m0[0;34m,[0;34m2[0;34m0[0;34m,[0;34m2[0;34m0
[0m[0;34mC[0;34m [0;34m2[0;34m0[0;34m0[0;34m,[0;34m2[0;34m0[0;34m0[0;34m,[0;34m2[0;34m0[0;34m0
[0m
[0m[0;34m1[0;34m1[0;34m1[0;34m1[0;34m1[0;34m1[0;34m1[0;34m1[0;34m1[0;34m1[0;34m1[0;34m1[0;34m1[0;34m1[0;34m1[0;34m1[0;34m1[0;34m1[0;34m1[0;34m1[0;34m1
[0m[0;34m1[0;34mW[0;34m0[0;34m0[0;34m0[0;34m0[0;34m0[0;34m0[0;34m0[0;34m0[0;34m0[0;34m0[0;34m0[0;34m0[0;34m0[0;34m0[0;34m0[0;34m0[0;34m0[0;34m0[0;34m1
[0m[0;34m1[0;34m1[0;34m1[0;34m1[0;34m1[0;34m1[0;34m1[0;34m1[0;34m1[0;34m1[0;34m1[0;34m1[0;34m1[0;34m1[0;34m1[0;34m1[0;34m1[0;34m1[0;34m1[0;34m1[0;34m1
[0m[0;34m2[0;34m0[0;34m0
[0m[0;34m2[0;34m0[0;34m0
[0m[0;34m2[0;34m0[0;34m0
[0m[0;34m2[0;34m0
[0m[0;34m2[0;34m0
[0m[0;34m2[0;34m0
[0m[0;34m1[0;34m1[0;34m1[0;34m1[0;34m1[0;34m1[0;34m1[0;34m1[0;34m1[0;34m1[0;34m1[0;34m1[0;34m1[0;34m1[0;34m1[0;34m1[0;34m1[0;34m1[0;34m1[0;34m1[0;34m1
[0m[0;34m1[0;34mW[0;34m0[0;34m0[0;34m0[0;34m0[0;34m0[0;34m0[0;34m0[0;34m0[0;34m0[0;34m0[0;34m0[0;34m0[0;34m0[0;34m0[0;34m0[0;34m0[0;34m0[0;34m0[0;34m1
[0m[0;34m1[0;34m1[0;34m1[0;34m1[0;34m1[0;34m1[0;34m1[0;34m1[0;34m1[0;34m1[0;34m1[0;34m1[0;34m1[0;34m1[0;34m1[0;34m1[0;34m1[0;34m1[0;34m1[0;34m1[0;34m1
[0mExit code: 0
‚ö†Ô∏è No Valgrind alerts, but with leaks[0m  
==8874== Memcheck, a memory error detector
==8874== Copyright (C) 2002-2022, and GNU GPL'd, by Julian Seward et al.
==8874== Using Valgrind-3.22.0 and LibVEX; rerun with -h for copyright info
==8874== Command: ./cub3d ./maps/good/test_pos_left.cub
==8874== Parent PID: 8762
==8874== 
==8874== 
==8874== HEAP SUMMARY:
==8874==     in use at exit: 604 bytes in 30 blocks
==8874==   total heap usage: 82 allocs, 52 frees, 6,237 bytes allocated
==8874== 
==8874== LEAK SUMMARY:
==8874==    definitely lost: 307 bytes in 10 blocks
==8874==    indirectly lost: 297 bytes in 20 blocks
==8874==      possibly lost: 0 bytes in 0 blocks
==8874==    still reachable: 0 bytes in 0 blocks
==8874==         suppressed: 0 bytes in 0 blocks
==8874== Rerun with --leak-check=full to see details of leaked memory
==8874== 
==8874== For lists of detected and suppressed errors, rerun with: -s
==8874== ERROR SUMMARY: 0 errors from 0 contexts (suppressed: 0 from 0)
Running valgrind on ./maps/good/test_pos_right.cub...

[0;32m[Debug info]üõ†Ô∏è  Map info üîç
[0m[0;32m[Debug info] - Map width:[0m21
[0;32m[Debug info] - Map height:[0m3
[0;32m[Debug info]üõ†Ô∏è  Starting player position info üîç
[0m[0;32m[Debug info] - Player X:[0m19
[0;32m[Debug info] - Player Y:[0m1
[0;32m[Debug info] - Player Direction:[0mE
[0;32m[Debug info]üõ†Ô∏è  Colors info c:  üîç
[0m[0;32m[Debug info]üõ†Ô∏è  Colors info f:  üîç
[0m[0;32m[Debug info]üõ†Ô∏è  Textures info:  üîç
[0m[0;32m[Debug info] Texture north:[0mtextures/test/north.xpm
[0;32m[Debug info] Texture south:[0mtextures/test/south.xpm
[0;32m[Debug info] Texture west:[0mtextures/test/west.xpm
[0;32m[Debug info] Texture east:[0mtextures/test/east.xpm
[0;34mN[0;34mO[0;34m [0;34mt[0;34me[0;34mx[0;34mt[0;34mu[0;34mr[0;34me[0;34ms[0;34m/[0;34mt[0;34me[0;34ms[0;34mt[0;34m/[0;34mn[0;34mo[0;34mr[0;34mt[0;34mh[0;34m.[0;34mx[0;34mp[0;34mm
[0m[0;34mS[0;34mO[0;34m [0;34mt[0;34me[0;34mx[0;34mt[0;34mu[0;34mr[0;34me[0;34ms[0;34m/[0;34mt[0;34me[0;34ms[0;34mt[0;34m/[0;34ms[0;34mo[0;34mu[0;34mt[0;34mh[0;34m.[0;34mx[0;34mp[0;34mm
[0m[0;34mW[0;34mE[0;34m [0;34mt[0;34me[0;34mx[0;34mt[0;34mu[0;34mr[0;34me[0;34ms[0;34m/[0;34mt[0;34me[0;34ms[0;34mt[0;34m/[0;34mw[0;34me[0;34ms[0;34mt[0;34m.[0;34mx[0;34mp[0;34mm
[0m[0;34mE[0;34mA[0;34m [0;34mt[0;34me[0;34mx[0;34mt[0;34mu[0;34mr[0;34me[0;34ms[0;34m/[0;34mt[0;34me[0;34ms[0;34mt[0;34m/[0;34me[0;34ma[0;34ms[0;34mt[0;34m.[0;34mx[0;34mp[0;34mm
[0m
[0m[0;34mF[0;34m [0;34m2[0;34m0[0;34m,[0;34m2[0;34m0[0;34m,[0;34m2[0;34m0
[0m[0;34mC[0;34m [0;34m2[0;34m0[0;34m0[0;34m,[0;34m2[0;34m0[0;34m0[0;34m,[0;34m2[0;34m0[0;34m0
[0m
[0m[0;34m1[0;34m1[0;34m1[0;34m1[0;34m1[0;34m1[0;34m1[0;34m1[0;34m1[0;34m1[0;34m1[0;34m1[0;34m1[0;34m1[0;34m1[0;34m1[0;34m1[0;34m1[0;34m1[0;34m1[0;34m1
[0m[0;34m1[0;34m0[0;34m0[0;34m0[0;34m0[0;34m0[0;34m0[0;34m0[0;34m0[0;34m0[0;34m0[0;34m0[0;34m0[0;34m0[0;34m0[0;34m0[0;34m0[0;34m0[0;34m0[0;34mE[0;34m1
[0m[0;34m1[0;34m1[0;34m1[0;34m1[0;34m1[0;34m1[0;34m1[0;34m1[0;34m1[0;34m1[0;34m1[0;34m1[0;34m1[0;34m1[0;34m1[0;34m1[0;34m1[0;34m1[0;34m1[0;34m1[0;34m1
[0m[0;34m2[0;34m0[0;34m0
[0m[0;34m2[0;34m0[0;34m0
[0m[0;34m2[0;34m0[0;34m0
[0m[0;34m2[0;34m0
[0m[0;34m2[0;34m0
[0m[0;34m2[0;34m0
[0m[0;34m1[0;34m1[0;34m1[0;34m1[0;34m1[0;34m1[0;34m1[0;34m1[0;34m1[0;34m1[0;34m1[0;34m1[0;34m1[0;34m1[0;34m1[0;34m1[0;34m1[0;34m1[0;34m1[0;34m1[0;34m1
[0m[0;34m1[0;34m0[0;34m0[0;34m0[0;34m0[0;34m0[0;34m0[0;34m0[0;34m0[0;34m0[0;34m0[0;34m0[0;34m0[0;34m0[0;34m0[0;34m0[0;34m0[0;34m0[0;34m0[0;34mE[0;34m1
[0m[0;34m1[0;34m1[0;34m1[0;34m1[0;34m1[0;34m1[0;34m1[0;34m1[0;34m1[0;34m1[0;34m1[0;34m1[0;34m1[0;34m1[0;34m1[0;34m1[0;34m1[0;34m1[0;34m1[0;34m1[0;34m1
[0mExit code: 0
‚ö†Ô∏è No Valgrind alerts, but with leaks[0m  
==8877== Memcheck, a memory error detector
==8877== Copyright (C) 2002-2022, and GNU GPL'd, by Julian Seward et al.
==8877== Using Valgrind-3.22.0 and LibVEX; rerun with -h for copyright info
==8877== Command: ./cub3d ./maps/good/test_pos_right.cub
==8877== Parent PID: 8762
==8877== 
==8877== 
==8877== HEAP SUMMARY:
==8877==     in use at exit: 604 bytes in 30 blocks
==8877==   total heap usage: 82 allocs, 52 frees, 6,237 bytes allocated
==8877== 
==8877== LEAK SUMMARY:
==8877==    definitely lost: 307 bytes in 10 blocks
==8877==    indirectly lost: 297 bytes in 20 blocks
==8877==      possibly lost: 0 bytes in 0 blocks
==8877==    still reachable: 0 bytes in 0 blocks
==8877==         suppressed: 0 bytes in 0 blocks
==8877== Rerun with --leak-check=full to see details of leaked memory
==8877== 
==8877== For lists of detected and suppressed errors, rerun with: -s
==8877== ERROR SUMMARY: 0 errors from 0 contexts (suppressed: 0 from 0)
Running valgrind on ./maps/good/test_pos_top.cub...

[0;32m[Debug info]üõ†Ô∏è  Map info üîç
[0m[0;32m[Debug info] - Map width:[0m3
[0;32m[Debug info] - Map height:[0m13
[0;32m[Debug info]üõ†Ô∏è  Starting player position info üîç
[0m[0;32m[Debug info] - Player X:[0m1
[0;32m[Debug info] - Player Y:[0m1
[0;32m[Debug info] - Player Direction:[0mN
[0;32m[Debug info]üõ†Ô∏è  Colors info c:  üîç
[0m[0;32m[Debug info]üõ†Ô∏è  Colors info f:  üîç
[0m[0;32m[Debug info]üõ†Ô∏è  Textures info:  üîç
[0m[0;32m[Debug info] Texture north:[0mtextures/test/north.xpm
[0;32m[Debug info] Texture south:[0mtextures/test/south.xpm
[0;32m[Debug info] Texture west:[0mtextures/test/west.xpm
[0;32m[Debug info] Texture east:[0mtextures/test/east.xpm
[0;34mN[0;34mO[0;34m [0;34mt[0;34me[0;34mx[0;34mt[0;34mu[0;34mr[0;34me[0;34ms[0;34m/[0;34mt[0;34me[0;34ms[0;34mt[0;34m/[0;34mn[0;34mo[0;34mr[0;34mt[0;34mh[0;34m.[0;34mx[0;34mp[0;34mm
[0m[0;34mS[0;34mO[0;34m [0;34mt[0;34me[0;34mx[0;34mt[0;34mu[0;34mr[0;34me[0;34ms[0;34m/[0;34mt[0;34me[0;34ms[0;34mt[0;34m/[0;34ms[0;34mo[0;34mu[0;34mt[0;34mh[0;34m.[0;34mx[0;34mp[0;34mm
[0m[0;34mW[0;34mE[0;34m [0;34mt[0;34me[0;34mx[0;34mt[0;34mu[0;34mr[0;34me[0;34ms[0;34m/[0;34mt[0;34me[0;34ms[0;34mt[0;34m/[0;34mw[0;34me[0;34ms[0;34mt[0;34m.[0;34mx[0;34mp[0;34mm
[0m[0;34mE[0;34mA[0;34m [0;34mt[0;34me[0;34mx[0;34mt[0;34mu[0;34mr[0;34me[0;34ms[0;34m/[0;34mt[0;34me[0;34ms[0;34mt[0;34m/[0;34me[0;34ma[0;34ms[0;34mt[0;34m.[0;34mx[0;34mp[0;34mm
[0m
[0m[0;34mF[0;34m [0;34m2[0;34m0[0;34m,[0;34m2[0;34m0[0;34m,[0;34m2[0;34m0
[0m[0;34mC[0;34m [0;34m2[0;34m0[0;34m0[0;34m,[0;34m2[0;34m0[0;34m0[0;34m,[0;34m2[0;34m0[0;34m0
[0m
[0m[0;34m1[0;34m1[0;34m1
[0m[0;34m1[0;34mN[0;34m1
[0m[0;34m1[0;34m0[0;34m1
[0m[0;34m1[0;34m0[0;34m1
[0m[0;34m1[0;34m0[0;34m1
[0m[0;34m1[0;34m0[0;34m1
[0m[0;34m1[0;34m0[0;34m1
[0m[0;34m1[0;34m0[0;34m1
[0m[0;34m1[0;34m0[0;34m1
[0m[0;34m1[0;34m0[0;34m1
[0m[0;34m1[0;34m0[0;34m1
[0m[0;34m1[0;34m0[0;34m1
[0m[0;34m1[0;34m1[0;34m1
[0m[0;34m2[0;34m0[0;34m0
[0m[0;34m2[0;34m0[0;34m0
[0m[0;34m2[0;34m0[0;34m0
[0m[0;34m2[0;34m0
[0m[0;34m2[0;34m0
[0m[0;34m2[0;34m0
[0m[0;34m1[0;34m1[0;34m1
[0m[0;34m1[0;34mN[0;34m1
[0m[0;34m1[0;34m0[0;34m1
[0m[0;34m1[0;34m0[0;34m1
[0m[0;34m1[0;34m0[0;34m1
[0m[0;34m1[0;34m0[0;34m1
[0m[0;34m1[0;34m0[0;34m1
[0m[0;34m1[0;34m0[0;34m1
[0m[0;34m1[0;34m0[0;34m1
[0m[0;34m1[0;34m0[0;34m1
[0m[0;34m1[0;34m0[0;34m1
[0m[0;34m1[0;34m0[0;34m1
[0m[0;34m1[0;34m1[0;34m1
[0mExit code: 0
‚ö†Ô∏è No Valgrind alerts, but with leaks[0m  
==8911== Memcheck, a memory error detector
==8911== Copyright (C) 2002-2022, and GNU GPL'd, by Julian Seward et al.
==8911== Using Valgrind-3.22.0 and LibVEX; rerun with -h for copyright info
==8911== Command: ./cub3d ./maps/good/test_pos_top.cub
==8911== Parent PID: 8762
==8911== 
==8911== 
==8911== HEAP SUMMARY:
==8911==     in use at exit: 746 bytes in 50 blocks
==8911==   total heap usage: 141 allocs, 91 frees, 8,007 bytes allocated
==8911== 
==8911== LEAK SUMMARY:
==8911==    definitely lost: 467 bytes in 10 blocks
==8911==    indirectly lost: 279 bytes in 40 blocks
==8911==      possibly lost: 0 bytes in 0 blocks
==8911==    still reachable: 0 bytes in 0 blocks
==8911==         suppressed: 0 bytes in 0 blocks
==8911== Rerun with --leak-check=full to see details of leaked memory
==8911== 
==8911== For lists of detected and suppressed errors, rerun with: -s
==8911== ERROR SUMMARY: 0 errors from 0 contexts (suppressed: 0 from 0)
Running valgrind on ./maps/good/test_textures.cub...

[0;32m[Debug info]üõ†Ô∏è  Map info üîç
[0m[0;32m[Debug info] - Map width:[0m5
[0;32m[Debug info] - Map height:[0m13
[0;32m[Debug info]üõ†Ô∏è  Starting player position info üîç
[0m[0;32m[Debug info] - Player X:[0m2
[0;32m[Debug info] - Player Y:[0m2
[0;32m[Debug info] - Player Direction:[0mS
[0;32m[Debug info]üõ†Ô∏è  Colors info c:  üîç
[0m[0;32m[Debug info]üõ†Ô∏è  Colors info f:  üîç
[0m[0;32m[Debug info]üõ†Ô∏è  Textures info:  üîç
[0m[0;32m[Debug info] Texture north:[0mtextures/test/north.xpm
[0;32m[Debug info] Texture south:[0mtextures/test/south.xpm
[0;32m[Debug info] Texture west:[0mtextures/test/west.xpm
[0;32m[Debug info] Texture east:[0mtextures/test/east.xpm
[0;34mN[0;34mO[0;34m [0;34mt[0;34me[0;34mx[0;34mt[0;34mu[0;34mr[0;34me[0;34ms[0;34m/[0;34mt[0;34me[0;34ms[0;34mt[0;34m/[0;34mn[0;34mo[0;34mr[0;34mt[0;34mh[0;34m.[0;34mx[0;34mp[0;34mm
[0m[0;34mS[0;34mO[0;34m [0;34mt[0;34me[0;34mx[0;34mt[0;34mu[0;34mr[0;34me[0;34ms[0;34m/[0;34mt[0;34me[0;34ms[0;34mt[0;34m/[0;34ms[0;34mo[0;34mu[0;34mt[0;34mh[0;34m.[0;34mx[0;34mp[0;34mm
[0m[0;34mW[0;34mE[0;34m [0;34mt[0;34me[0;34mx[0;34mt[0;34mu[0;34mr[0;34me[0;34ms[0;34m/[0;34mt[0;34me[0;34ms[0;34mt[0;34m/[0;34mw[0;34me[0;34ms[0;34mt[0;34m.[0;34mx[0;34mp[0;34mm
[0m[0;34mE[0;34mA[0;34m [0;34mt[0;34me[0;34mx[0;34mt[0;34mu[0;34mr[0;34me[0;34ms[0;34m/[0;34mt[0;34me[0;34ms[0;34mt[0;34m/[0;34me[0;34ma[0;34ms[0;34mt[0;34m.[0;34mx[0;34mp[0;34mm
[0m
[0m[0;34mF[0;34m [0;34m2[0;34m0[0;34m,[0;34m2[0;34m0[0;34m,[0;34m2[0;34m0
[0m[0;34mC[0;34m [0;34m2[0;34m0[0;34m0[0;34m,[0;34m2[0;34m0[0;34m0[0;34m,[0;34m2[0;34m0[0;34m0
[0m
[0m[0;34m1[0;34m1[0;34m1[0;34m1[0;34m1
[0m[0;34m1[0;34m0[0;34m0[0;34m0[0;34m1
[0m[0;34m1[0;34m0[0;34mS[0;34m0[0;34m1
[0m[0;34m1[0;34m0[0;34m0[0;34m0[0;34m1
[0m[0;34m1[0;34m0[0;34m0[0;34m0[0;34m1
[0m[0;34m1[0;34m0[0;34m0[0;34m0[0;34m1
[0m[0;34m1[0;34m1[0;34m0[0;34m0[0;34m1
[0m[0;34m1[0;34m0[0;34m0[0;34m0[0;34m1
[0m[0;34m1[0;34m0[0;34m0[0;34m0[0;34m1
[0m[0;34m1[0;34m0[0;34m0[0;34m0[0;34m1
[0m[0;34m1[0;34m0[0;34m0[0;34m0[0;34m1
[0m[0;34m1[0;34m0[0;34m0[0;34m0[0;34m1
[0m[0;34m1[0;34m1[0;34m1[0;34m1[0;34m1
[0m[0;34m2[0;34m0[0;34m0
[0m[0;34m2[0;34m0[0;34m0
[0m[0;34m2[0;34m0[0;34m0
[0m[0;34m2[0;34m0
[0m[0;34m2[0;34m0
[0m[0;34m2[0;34m0
[0m[0;34m1[0;34m1[0;34m1[0;34m1[0;34m1
[0m[0;34m1[0;34m0[0;34m0[0;34m0[0;34m1
[0m[0;34m1[0;34m0[0;34mS[0;34m0[0;34m1
[0m[0;34m1[0;34m0[0;34m0[0;34m0[0;34m1
[0m[0;34m1[0;34m0[0;34m0[0;34m0[0;34m1
[0m[0;34m1[0;34m0[0;34m0[0;34m0[0;34m1
[0m[0;34m1[0;34m1[0;34m0[0;34m0[0;34m1
[0m[0;34m1[0;34m0[0;34m0[0;34m0[0;34m1
[0m[0;34m1[0;34m0[0;34m0[0;34m0[0;34m1
[0m[0;34m1[0;34m0[0;34m0[0;34m0[0;34m1
[0m[0;34m1[0;34m0[0;34m0[0;34m0[0;34m1
[0m[0;34m1[0;34m0[0;34m0[0;34m0[0;34m1
[0m[0;34m1[0;34m1[0;34m1[0;34m1[0;34m1
[0mExit code: 0
‚ö†Ô∏è No Valgrind alerts, but with leaks[0m  
==8914== Memcheck, a memory error detector
==8914== Copyright (C) 2002-2022, and GNU GPL'd, by Julian Seward et al.
==8914== Using Valgrind-3.22.0 and LibVEX; rerun with -h for copyright info
==8914== Command: ./cub3d ./maps/good/test_textures.cub
==8914== Parent PID: 8762
==8914== 
==8914== 
==8914== HEAP SUMMARY:
==8914==     in use at exit: 798 bytes in 50 blocks
==8914==   total heap usage: 142 allocs, 92 frees, 8,146 bytes allocated
==8914== 
==8914== LEAK SUMMARY:
==8914==    definitely lost: 467 bytes in 10 blocks
==8914==    indirectly lost: 331 bytes in 40 blocks
==8914==      possibly lost: 0 bytes in 0 blocks
==8914==    still reachable: 0 bytes in 0 blocks
==8914==         suppressed: 0 bytes in 0 blocks
==8914== Rerun with --leak-check=full to see details of leaked memory
==8914== 
==8914== For lists of detected and suppressed errors, rerun with: -s
==8914== ERROR SUMMARY: 0 errors from 0 contexts (suppressed: 0 from 0)
Running valgrind on ./maps/good/test_whitespace.cub...

[0;31m Error:[Map check in file] Invalid map placement or format
[0m 
[0m
[0m
[0m
[0m
[0m
[0m
[0m
[0m[0;34mN[0;34mO[0;34m [0;34mt[0;34me[0;34mx[0;34mt[0;34mu[0;34mr[0;34me[0;34ms[0;34m/[0;34mt[0;34me[0;34ms[0;34mt[0;34m/[0;34mn[0;34mo[0;34mr[0;34mt[0;34mh[0;34m.[0;34mx[0;34mp[0;34mm
[0m
[0m
[0m
[0m
[0m
[0m
[0m
[0m
[0m[0;34mS[0;34mO[0;34m [0;34mt[0;34me[0;34mx[0;34mt[0;34mu[0;34mr[0;34me[0;34ms[0;34m/[0;34mt[0;34me[0;34ms[0;34mt[0;34m/[0;34ms[0;34mo[0;34mu[0;34mt[0;34mh[0;34m.[0;34mx[0;34mp[0;34mm
[0m[0;34m [0;34m [0;34m [0;34m [0;34m [0;34m [0;34m [0;34m [0;34m [0;34m [0;34m [0;34m [0;34m [0;34m [0;34m [0;34m [0;34m [0;34m [0;34m [0;34m [0;34m [0;34m [0;34m [0;34m [0;34mW[0;34mE[0;34m [0;34mt[0;34me[0;34mx[0;34mt[0;34mu[0;34mr[0;34me[0;34ms[0;34m/[0;34mt[0;34me[0;34ms[0;34mt[0;34m/[0;34mw[0;34me[0;34ms[0;34mt[0;34m.[0;34mx[0;34mp[0;34mm
[0m[0;34m [0;34m [0;34m [0;34m [0;34m [0;34m [0;34m [0;34m [0;34mE[0;34mA[0;34m [0;34mt[0;34me[0;34mx[0;34mt[0;34mu[0;34mr[0;34me[0;34ms[0;34m/[0;34mt[0;34me[0;34ms[0;34mt[0;34m/[0;34me[0;34ma[0;34ms[0;34mt[0;34m.[0;34mx[0;34mp[0;34mm[0;34m [0;34m [0;34m [0;34m [0;34m [0;34m [0;34m [0;34m [0;34m [0;34m [0;34m [0;34m 
[0m
[0m[0;34m [0;34m [0;34m [0;34m [0;34m [0;34m [0;34m [0;34m [0;34mF[0;34m [0;34m2[0;34m0[0;34m,[0;34m [0;34m [0;34m [0;34m [0;34m [0;34m [0;34m [0;34m [0;34m [0;34m [0;34m [0;34m2[0;34m0[0;34m,[0;34m [0;34m [0;34m [0;34m [0;34m [0;34m [0;34m [0;34m [0;34m [0;34m [0;34m [0;34m [0;34m [0;34m2[0;34m0
[0m[0;34mC[0;34m [0;34m2[0;34m0[0;34m0[0;34m,[0;34m [0;34m [0;34m [0;34m [0;34m [0;34m [0;34m [0;34m [0;34m [0;34m [0;34m2[0;34m0[0;34m0[0;34m,[0;34m2[0;34m0[0;34m0
[0m
[0m[0;34m1[0;34m1[0;34m1[0;34m1[0;34m1
[0m[0;34m1[0;34m0[0;34m0[0;34m0[0;34m1
[0m[0;34m1[0;34m0[0;34mS[0;34m0[0;34m1[0;34m [0;34m [0;34m [0;34m [0;34m [0;34m [0;34m [0;34m [0;34m [0;34m [0;34m [0;34m [0;34m [0;34m [0;34m [0;34m 
[0m[0;34m1[0;34m0[0;34m0[0;34m0[0;34m1
[0m[0;34m1[0;34m0[0;34m0[0;34m0[0;34m1
[0m[0;34m1[0;34m0[0;34m0[0;34m0[0;34m1
[0m[0;34m1[0;34m1[0;34m0[0;34m0[0;34m1[0;34m [0;34m [0;34m [0;34m [0;34m [0;34m [0;34m [0;34m [0;34m [0;34m [0;34m [0;34m [0;34m [0;34m [0;34m 
[0m[0;34m1[0;34m0[0;34m0[0;34m0[0;34m1
[0m[0;34m1[0;34m0[0;34m0[0;34m0[0;34m1
[0m[0;34m1[0;34m0[0;34m0[0;34m0[0;34m1
[0m[0;34m1[0;34m0[0;34m0[0;34m0[0;34m1
[0m[0;34m1[0;34m0[0;34m0[0;34m0[0;34m1
[0m[0;34m1[0;34m1[0;34m1[0;34m1[0;34m1[0;34m [0;34m [0;34m [0;34m [0;34m [0;34m [0;34m [0;34m [0;34m [0;34m [0;34m 
[0m
[0m[0;34m [0;34m [0;34m [0;34m [0;34m [0;34m [0;34m [0;34m 
[0m
[0m
[0m
[0m
[0m
[0m
[0m
[0m
[0m
[0m
[0m
[0m
[0m
[0m
[0m
[0m
[0m
[0m
[0m
[0m
[0m
[0mExit code: 1
‚ö†Ô∏è No Valgrind alerts, but with leaks[0m  
==8917== Memcheck, a memory error detector
==8917== Copyright (C) 2002-2022, and GNU GPL'd, by Julian Seward et al.
==8917== Using Valgrind-3.22.0 and LibVEX; rerun with -h for copyright info
==8917== Command: ./cub3d ./maps/good/test_whitespace.cub
==8917== Parent PID: 8762
==8917== 
==8917== 
==8917== HEAP SUMMARY:
==8917==     in use at exit: 934 bytes in 61 blocks
==8917==   total heap usage: 263 allocs, 202 frees, 22,612 bytes allocated
==8917== 
==8917== LEAK SUMMARY:
==8917==    definitely lost: 488 bytes in 1 blocks
==8917==    indirectly lost: 446 bytes in 60 blocks
==8917==      possibly lost: 0 bytes in 0 blocks
==8917==    still reachable: 0 bytes in 0 blocks
==8917==         suppressed: 0 bytes in 0 blocks
==8917== Rerun with --leak-check=full to see details of leaked memory
==8917== 
==8917== For lists of detected and suppressed errors, rerun with: -s
==8917== ERROR SUMMARY: 0 errors from 0 contexts (suppressed: 0 from 0)
Running valgrind on ./maps/good/works.cub...

[0;32m[Debug info]üõ†Ô∏è  Map info üîç
[0m[0;32m[Debug info] - Map width:[0m25
[0;32m[Debug info] - Map height:[0m6
[0;32m[Debug info]üõ†Ô∏è  Starting player position info üîç
[0m[0;32m[Debug info] - Player X:[0m2
[0;32m[Debug info] - Player Y:[0m1
[0;32m[Debug info] - Player Direction:[0mS
[0;32m[Debug info]üõ†Ô∏è  Colors info c:  üîç
[0m[0;32m[Debug info]üõ†Ô∏è  Colors info f:  üîç
[0m[0;32m[Debug info]üõ†Ô∏è  Textures info:  üîç
[0m[0;32m[Debug info] Texture north:[0mtextures/test/north.xpm
[0;32m[Debug info] Texture south:[0mtextures/test/south.xpm
[0;32m[Debug info] Texture west:[0mtextures/test/west.xpm
[0;32m[Debug info] Texture east:[0mtextures/test/east.xpm
[0;34m [0;34m [0;34m [0;34mW[0;34mE[0;34m [0;34m [0;34m [0;34m [0;34m [0;34m [0;34m [0;34m [0;34m [0;34m [0;34m [0;34m [0;34m [0;34m [0;34m [0;34m [0;34m [0;34m [0;34m [0;34m [0;34m [0;34m [0;34m [0;34m [0;34m [0;34m [0;34m [0;34m [0;34mt[0;34me[0;34mx[0;34mt[0;34mu[0;34mr[0;34me[0;34ms[0;34m/[0;34mt[0;34me[0;34ms[0;34mt[0;34m/[0;34mw[0;34me[0;34ms[0;34mt[0;34m.[0;34mx[0;34mp[0;34mm
[0m[0;34mN[0;34mO[0;34m [0;34m [0;34m [0;34m [0;34m [0;34m [0;34mt[0;34me[0;34mx[0;34mt[0;34mu[0;34mr[0;34me[0;34ms[0;34m/[0;34mt[0;34me[0;34ms[0;34mt[0;34m/[0;34mn[0;34mo[0;34mr[0;34mt[0;34mh[0;34m.[0;34mx[0;34mp[0;34mm
[0m
[0m
[0m
[0m[0;34mS[0;34mO[0;34m [0;34mt[0;34me[0;34mx[0;34mt[0;34mu[0;34mr[0;34me[0;34ms[0;34m/[0;34mt[0;34me[0;34ms[0;34mt[0;34m/[0;34ms[0;34mo[0;34mu[0;34mt[0;34mh[0;34m.[0;34mx[0;34mp[0;34mm
[0m
[0m[0;34mF[0;34m [0;34m [0;34m [0;34m [0;34m [0;34m [0;34m1[0;34m7[0;34m,[0;34m [0;34m [0;34m [0;34m [0;34m3[0;34m8[0;34m,[0;34m [0;34m [0;34m [0;34m [0;34m [0;34m6[0;34m4
[0m
[0m[0;34mE[0;34mA[0;34m [0;34mt[0;34me[0;34mx[0;34mt[0;34mu[0;34mr[0;34me[0;34ms[0;34m/[0;34mt[0;34me[0;34ms[0;34mt[0;34m/[0;34me[0;34ma[0;34ms[0;34mt[0;34m.[0;34mx[0;34mp[0;34mm
[0m
[0m
[0m[0;34mC[0;34m [0;34m2[0;34m1[0;34m8[0;34m,[0;34m [0;34m2[0;34m3[0;34m4[0;34m,[0;34m [0;34m2[0;34m3[0;34m5
[0m
[0m[0;34m1[0;34m1[0;34m1[0;34m1[0;34m1[0;34m1[0;34m1[0;34m1[0;34m1[0;34m1[0;34m1[0;34m1[0;34m1[0;34m1[0;34m1[0;34m1[0;34m1[0;34m1[0;34m1[0;34m1[0;34m1[0;34m1[0;34m1[0;34m1[0;34m1
[0m[0;34m1[0;34m0[0;34mS[0;34m0[0;34m1[0;34m1[0;34m0[0;34m0[0;34m0[0;34m0[0;34m1[0;34m0[0;34m0[0;34m0[0;34m0[0;34m0[0;34m0[0;34m0[0;34m0[0;34m0[0;34m0[0;34m0[0;34m0[0;34m0[0;34m1
[0m[0;34m1[0;34m0[0;34m0[0;34m0[0;34m1[0;34m1[0;34m0[0;34m0[0;34m0[0;34m0[0;34m0[0;34m0[0;34m0[0;34m0[0;34m0[0;34m0[0;34m1[0;34m1[0;34m1[0;34m1[0;34m1[0;34m1[0;34m0[0;34m0[0;34m1
[0m[0;34m1[0;34m0[0;34m0[0;34m0[0;34m1[0;34m1[0;34m0[0;34m0[0;34m0[0;34m0[0;34m0[0;34m0[0;34m0[0;34m0[0;34m0[0;34m0[0;34m1[0;34m1[0;34m0[0;34m0[0;34m0[0;34m1[0;34m0[0;34m0[0;34m1
[0m[0;34m1[0;34m0[0;34m0[0;34m0[0;34m0[0;34m0[0;34m0[0;34m0[0;34m0[0;34m0[0;34m1[0;34m0[0;34m0[0;34m0[0;34m0[0;34m0[0;34m0[0;34m0[0;34m0[0;34m0[0;34m0[0;34m1[0;34m0[0;34m0[0;34m1
[0m[0;34m1[0;34m1[0;34m1[0;34m1[0;34m1[0;34m1[0;34m1[0;34m1[0;34m1[0;34m1[0;34m1[0;34m1[0;34m1[0;34m1[0;34m1[0;34m1[0;34m1[0;34m1[0;34m1[0;34m1[0;34m1[0;34m1[0;34m1[0;34m1[0;34m1
[0m[0;34m2[0;34m1[0;34m8
[0m[0;34m2[0;34m3[0;34m4
[0m[0;34m2[0;34m3[0;34m5
[0m[0;34m1[0;34m7
[0m[0;34m3[0;34m8
[0m[0;34m6[0;34m4
[0m[0;34m1[0;34m1[0;34m1[0;34m1[0;34m1[0;34m1[0;34m1[0;34m1[0;34m1[0;34m1[0;34m1[0;34m1[0;34m1[0;34m1[0;34m1[0;34m1[0;34m1[0;34m1[0;34m1[0;34m1[0;34m1[0;34m1[0;34m1[0;34m1[0;34m1
[0m[0;34m1[0;34m0[0;34mS[0;34m0[0;34m1[0;34m1[0;34m0[0;34m0[0;34m0[0;34m0[0;34m1[0;34m0[0;34m0[0;34m0[0;34m0[0;34m0[0;34m0[0;34m0[0;34m0[0;34m0[0;34m0[0;34m0[0;34m0[0;34m0[0;34m1
[0m[0;34m1[0;34m0[0;34m0[0;34m0[0;34m1[0;34m1[0;34m0[0;34m0[0;34m0[0;34m0[0;34m0[0;34m0[0;34m0[0;34m0[0;34m0[0;34m0[0;34m1[0;34m1[0;34m1[0;34m1[0;34m1[0;34m1[0;34m0[0;34m0[0;34m1
[0m[0;34m1[0;34m0[0;34m0[0;34m0[0;34m1[0;34m1[0;34m0[0;34m0[0;34m0[0;34m0[0;34m0[0;34m0[0;34m0[0;34m0[0;34m0[0;34m0[0;34m1[0;34m1[0;34m0[0;34m0[0;34m0[0;34m1[0;34m0[0;34m0[0;34m1
[0m[0;34m1[0;34m0[0;34m0[0;34m0[0;34m0[0;34m0[0;34m0[0;34m0[0;34m0[0;34m0[0;34m1[0;34m0[0;34m0[0;34m0[0;34m0[0;34m0[0;34m0[0;34m0[0;34m0[0;34m0[0;34m0[0;34m1[0;34m0[0;34m0[0;34m1
[0m[0;34m1[0;34m1[0;34m1[0;34m1[0;34m1[0;34m1[0;34m1[0;34m1[0;34m1[0;34m1[0;34m1[0;34m1[0;34m1[0;34m1[0;34m1[0;34m1[0;34m1[0;34m1[0;34m1[0;34m1[0;34m1[0;34m1[0;34m1[0;34m1[0;34m1
[0mExit code: 0
‚ö†Ô∏è No Valgrind alerts, but with leaks[0m  
==8920== Memcheck, a memory error detector
==8920== Copyright (C) 2002-2022, and GNU GPL'd, by Julian Seward et al.
==8920== Using Valgrind-3.22.0 and LibVEX; rerun with -h for copyright info
==8920== Command: ./cub3d ./maps/good/works.cub
==8920== Parent PID: 8762
==8920== 
==8920== 
==8920== HEAP SUMMARY:
==8920==     in use at exit: 957 bytes in 42 blocks
==8920==   total heap usage: 130 allocs, 88 frees, 8,412 bytes allocated
==8920== 
==8920== LEAK SUMMARY:
==8920==    definitely lost: 414 bytes in 10 blocks
==8920==    indirectly lost: 543 bytes in 32 blocks
==8920==      possibly lost: 0 bytes in 0 blocks
==8920==    still reachable: 0 bytes in 0 blocks
==8920==         suppressed: 0 bytes in 0 blocks
==8920== Rerun with --leak-check=full to see details of leaked memory
==8920== 
==8920== For lists of detected and suppressed errors, rerun with: -s
==8920== ERROR SUMMARY: 0 errors from 0 contexts (suppressed: 0 from 0)
Valgrind tests completed. Results saved to test_output.txt.
Starting Valgrind tests...
Running valgrind on ./maps/good/cheese_maze.cub...

[0;34mN[0;34mO[0;34m [0;34mt[0;34me[0;34mx[0;34mt[0;34mu[0;34mr[0;34me[0;34ms[0;34m/[0;34mt[0;34me[0;34ms[0;34mt[0;34m/[0;34mn[0;34mo[0;34mr[0;34mt[0;34mh[0;34m.[0;34mx[0;34mp[0;34mm
[0m[0;34mS[0;34mO[0;34m [0;34mt[0;34me[0;34mx[0;34mt[0;34mu[0;34mr[0;34me[0;34ms[0;34m/[0;34mt[0;34me[0;34ms[0;34mt[0;34m/[0;34ms[0;34mo[0;34mu[0;34mt[0;34mh[0;34m.[0;34mx[0;34mp[0;34mm
[0m[0;34mW[0;34mE[0;34m [0;34mt[0;34me[0;34mx[0;34mt[0;34mu[0;34mr[0;34me[0;34ms[0;34m/[0;34mt[0;34me[0;34ms[0;34mt[0;34m/[0;34mw[0;34me[0;34ms[0;34mt[0;34m.[0;34mx[0;34mp[0;34mm
[0m[0;34mE[0;34mA[0;34m [0;34mt[0;34me[0;34mx[0;34mt[0;34mu[0;34mr[0;34me[0;34ms[0;34m/[0;34mt[0;34me[0;34ms[0;34mt[0;34m/[0;34me[0;34ma[0;34ms[0;34mt[0;34m.[0;34mx[0;34mp[0;34mm
[0m
[0m[0;34mF[0;34m [0;34m1[0;34m6[0;34m4[0;34m,[0;34m1[0;34m6[0;34m9[0;34m,[0;34m2[0;34m0
[0m[0;34mC[0;34m [0;34m1[0;34m5[0;34m3[0;34m,[0;34m2[0;34m0[0;34m4[0;34m,[0;34m2[0;34m5[0;34m5
[0m
[0m[0;34m1[0;34m1[0;34m1[0;34m1[0;34m1[0;34m1[0;34m1[0;34m1[0;34m1[0;34m1[0;34m1[0;34m1[0;34m1[0;34m1[0;34m1[0;34m1[0;34m1[0;34m1[0;34m1[0;34m1[0;34m1
[0m[0;34m1[0;34m0[0;34m1[0;34m0[0;34m0[0;34m0[0;34m0[0;34m0[0;34m1[0;34m0[0;34m0[0;34m0[0;34m0[0;34m0[0;34m0[0;34m0[0;34m0[0;34m0[0;34m0[0;34m0[0;34m1
[0m[0;34m1[0;34m0[0;34m1[0;34m0[0;34m1[0;34m0[0;34m1[0;34m0[0;34m1[0;34m0[0;34m1[0;34m1[0;34m1[0;34m1[0;34m1[0;34m1[0;34m1[0;34m0[0;34m0[0;34m0[0;34m1
[0m[0;34m1[0;34m0[0;34m0[0;34m0[0;34m1[0;34m0[0;34m1[0;34m0[0;34m0[0;34m0[0;34m1[0;34m0[0;34m0[0;34m0[0;34m0[0;34m0[0;34m1[0;34m0[0;34m0[0;34m0[0;34m1
[0m[0;34m1[0;34m1[0;34m1[0;34m1[0;34m1[0;34m0[0;34m1[0;34m0[0;34m1[0;34m1[0;34m1[0;34m1[0;34m1[0;34m0[0;34m1[0;34m0[0;34m1[0;34m1[0;34m1[0;34m0[0;34m1
[0m[0;34m1[0;34m0[0;34m0[0;34m0[0;34m0[0;34m0[0;34m1[0;34m0[0;34m1[0;34m0[0;34m0[0;34m0[0;34m1[0;34m0[0;34m1[0;34m0[0;34m0[0;34m0[0;34m0[0;34m0[0;34m1
[0m[0;34m1[0;34m0[0;34m1[0;34m1[0;34m1[0;34m1[0;34m1[0;34m0[0;34m1[0;34m0[0;34m1[0;34m1[0;34m1[0;34m0[0;34m1[0;34m1[0;34m1[0;34m1[0;34m1[0;34m1[0;34m1
[0m[0;34m1[0;34m0[0;34m1[0;34m0[0;34m0[0;34m0[0;34m0[0;34m0[0;34m1[0;34m0[0;34m1[0;34m0[0;34m1[0;34m0[0;34m0[0;34m0[0;34m0[0;34m0[0;34m1[0;34m0[0;34m1
[0m[0;34m1[0;34m0[0;34m1[0;34m0[0;34m1[0;34m1[0;34m1[0;34m1[0;34m1[0;34m0[0;34m1[0;34m0[0;34m1[0;34m1[0;34m1[0;34m1[0;34m1[0;34m0[0;34m1[0;34m0[0;34m1
[0m[0;34m1[0;34m0[0;34m1[0;34m0[0;34m1[0;34m0[0;34m0[0;34m0[0;34m1[0;34m0[0;34m1[0;34m0[0;34m1[0;34m0[0;34m0[0;34m0[0;34m1[0;34m0[0;34m1[0;34m0[0;34m1
[0m[0;34m1[0;34m0[0;34m1[0;34m1[0;34m1[0;34m0[0;34m1[0;34m0[0;34m1[0;34m0[0;34m1[0;34m0[0;34m1[0;34m0[0;34m1[0;34m0[0;34m1[0;34m0[0;34m1[0;34m0[0;34m1
[0m[0;34m1[0;34m0[0;34m0[0;34m0[0;34m0[0;34m0[0;34m1[0;34m0[0;34m1[0;34m0[0;34m1[0;34m0[0;34m0[0;34m0[0;34m1[0;34m0[0;34m1[0;34m0[0;34m0[0;34m0[0;34m1
[0m[0;34m1[0;34m1[0;34m1[0;34m1[0;34m1[0;34m1[0;34m1[0;34m0[0;34m1[0;34m0[0;34m1[0;34m1[0;34m1[0;34m1[0;34m1[0;34m0[0;34m1[0;34m1[0;34m1[0;34m0[0;34m1
[0m[0;34m1[0;34m0[0;34m0[0;34m0[0;34m0[0;34m0[0;34m1[0;34m0[0;34m1[0;34m0[0;34m0[0;34m0[0;34m1[0;34m0[0;34m0[0;34m0[0;34m1[0;34m0[0;34m0[0;34m0[0;34m1
[0m[0;34m1[0;34m0[0;34m1[0;34m1[0;34m1[0;34m0[0;34m1[0;34m0[0;34m1[0;34m1[0;34m1[0;34m0[0;34m1[0;34m0[0;34m1[0;34m1[0;34m1[0;34m0[0;34m1[0;34m1[0;34m1
[0m[0;34m1[0;34m0[0;34m1[0;34m0[0;34m0[0;34m0[0;34m1[0;34m0[0;34m0[0;34m0[0;34m0[0;34m0[0;34m1[0;34m0[0;34m0[0;34m0[0;34m1[0;34m0[0;34m1[0;34m0[0;34m1
[0m[0;34m1[0;34m0[0;34m1[0;34m0[0;34m1[0;34m1[0;34m1[0;34m1[0;34m1[0;34m1[0;34m1[0;34m1[0;34m1[0;34m1[0;34m1[0;34m0[0;34m1[0;34m0[0;34m1[0;34m0[0;34m1
[0m[0;34m1[0;34m0[0;34m0[0;34m0[0;34m1[0;34m0[0;34m0[0;34m0[0;34m0[0;34m0[0;34m0[0;34m0[0[0;32m[Debug info]üõ†Ô∏è  Map info üîç
[0m[0;32m[Debug info] - Map width:[0m21
[0;32m[Debug info] - Map height:[0m21
[0;32m[Debug info]üõ†Ô∏è  Starting player position info üîç
[0m[0;32m[Debug info] - Player X:[0m1
[0;32m[Debug info] - Player Y:[0m19
[0;32m[Debug info] - Player Direction:[0mN
[0;32m[Debug info]üõ†Ô∏è  Colors info c:  üîç
[0m[0;32m[Debug info]üõ†Ô∏è  Colors info f:  üîç
[0m[0;32m[Debug info]üõ†Ô∏è  Textures info:  üîç
[0m[0;32m[Debug info] Texture north:[0mtextures/test/north.xpm
[0;32m[Debug info] Texture south:[0mtextures/test/south.xpm
[0;32m[Debug info] Texture west:[0mtextures/test/west.xpm
[0;32m[Debug info] Texture east:[0mtextures/test/east.xpm
;34m0[0;34m0[0;34m0[0;34m0[0;34m1[0;34m0[0;34m0[0;34m0[0;34m1
[0m[0;34m1[0;34m0[0;34m1[0;34m0[0;34m1[0;34m0[0;34m1[0;34m1[0;34m1[0;34m0[0;34m1[0;34m1[0;34m1[0;34m1[0;34m1[0;34m1[0;34m1[0;34m1[0;34m1[0;34m0[0;34m1
[0m[0;34m1[0;34mN[0;34m1[0;34m0[0;34m0[0;34m0[0;34m0[0;34m0[0;34m1[0;34m0[0;34m0[0;34m0[0;34m0[0;34m0[0;34m0[0;34m0[0;34m0[0;34m0[0;34m0[0;34m0[0;34m1
[0m[0;34m1[0;34m1[0;34m1[0;34m1[0;34m1[0;34m1[0;34m1[0;34m1[0;34m1[0;34m1[0;34m1[0;34m1[0;34m1[0;34m1[0;34m1[0;34m1[0;34m1[0;34m1[0;34m1[0;34m1[0;34m1
[0m
[0m[0;34m1[0;34m5[0;34m3
[0m[0;34m2[0;34m0[0;34m4
[0m[0;34m2[0;34m5[0;34m5
[0m[0;34m1[0;34m6[0;34m4
[0m[0;34m1[0;34m6[0;34m9
[0m[0;34m2[0;34m0
[0m[0;34m1[0;34m1[0;34m1[0;34m1[0;34m1[0;34m1[0;34m1[0;34m1[0;34m1[0;34m1[0;34m1[0;34m1[0;34m1[0;34m1[0;34m1[0;34m1[0;34m1[0;34m1[0;34m1[0;34m1[0;34m1
[0m[0;34m1[0;34m0[0;34m1[0;34m0[0;34m0[0;34m0[0;34m0[0;34m0[0;34m1[0;34m0[0;34m0[0;34m0[0;34m0[0;34m0[0;34m0[0;34m0[0;34m0[0;34m0[0;34m0[0;34m0[0;34m1
[0m[0;34m1[0;34m0[0;34m1[0;34m0[0;34m1[0;34m0[0;34m1[0;34m0[0;34m1[0;34m0[0;34m1[0;34m1[0;34m1[0;34m1[0;34m1[0;34m1[0;34m1[0;34m0[0;34m0[0;34m0[0;34m1
[0m[0;34m1[0;34m0[0;34m0[0;34m0[0;34m1[0;34m0[0;34m1[0;34m0[0;34m0[0;34m0[0;34m1[0;34m0[0;34m0[0;34m0[0;34m0[0;34m0[0;34m1[0;34m0[0;34m0[0;34m0[0;34m1
[0m[0;34m1[0;34m1[0;34m1[0;34m1[0;34m1[0;34m0[0;34m1[0;34m0[0;34m1[0;34m1[0;34m1[0;34m1[0;34m1[0;34m0[0;34m1[0;34m0[0;34m1[0;34m1[0;34m1[0;34m0[0;34m1
[0m[0;34m1[0;34m0[0;34m0[0;34m0[0;34m0[0;34m0[0;34m1[0;34m0[0;34m1[0;34m0[0;34m0[0;34m0[0;34m1[0;34m0[0;34m1[0;34m0[0;34m0[0;34m0[0;34m0[0;34m0[0;34m1
[0m[0;34m1[0;34m0[0;34m1[0;34m1[0;34m1[0;34m1[0;34m1[0;34m0[0;34m1[0;34m0[0;34m1[0;34m1[0;34m1[0;34m0[0;34m1[0;34m1[0;34m1[0;34m1[0;34m1[0;34m1[0;34m1
[0m[0;34m1[0;34m0[0;34m1[0;34m0[0;34m0[0;34m0[0;34m0[0;34m0[0;34m1[0;34m0[0;34m1[0;34m0[0;34m1[0;34m0[0;34m0[0;34m0[0;34m0[0;34m0[0;34m1[0;34m0[0;34m1
[0m[0;34m1[0;34m0[0;34m1[0;34m0[0;34m1[0;34m1[0;34m1[0;34m1[0;34m1[0;34m0[0;34m1[0;34m0[0;34m1[0;34m1[0;34m1[0;34m1[0;34m1[0;34m0[0;34m1[0;34m0[0;34m1
[0m[0;34m1[0;34m0[0;34m1[0;34m0[0;34m1[0;34m0[0;34m0[0;34m0[0;34m1[0;34m0[0;34m1[0;34m0[0;34m1[0;34m0[0;34m0[0;34m0[0;34m1[0;34m0[0;34m1[0;34m0[0;34m1
[0m[0;34m1[0;34m0[0;34m1[0;34m1[0;34m1[0;34m0[0;34m1[0;34m0[0;34m1[0;34m0[0;34m1[0;34m0[0;34m1[0;34m0[0;34m1[0;34m0[0;34m1[0;34m0[0;34m1[0;34m0[0;34m1
[0m[0;34m1[0;34m0[0;34m0[0;34m0[0;34m0[0;34m0[0;34m1[0;34m0[0;34m1[0;34m0[0;34m1[0;34m0[0;34m0[0;34m0[0;34m1[0;34m0[0;34m1[0;34m0[0;34m0[0;34m0[0;34m1
[0m[0;34m1[0;34m1[0;34m1[0;34m1[0;34m1[0;34m1[0;34m1[0;34m0[0;34m1[0;34m0[0;34m1[0;34m1[0;34m1[0;34m1[0;34m1[0;34m0[0;34m1[0;34m1[0;34m1[0;34m0[0;34m1
[0m[0;34m1[0;34m0[0;34m0[0;34m0[0;34m0[0;34m0[0;34m1[0;34m0[0;34m1[0;34m0[0;34m0[0;34m0[0;34m1[0;34m0[0;34m0[0;34m0[0;34m1[0;34m0[0;34m0[0;34m0[0;34m1
[0m[0;34m1[0;34m0[0;34m1[0;34m1[0;34m1[0;34m0[0;34m1[0;34m0[0;34m1[0;34m1[0;34m1[0;34m0[0;34m1[0;34m0[0;34m1[0;34m1[0;34m1[0;34m0[0;34m1[0;34m1[0;34m1
[0m[0;34m1[0;34m0[0;34m1[0;34m0[0;34m0[0;34m0[0;34m1[0;34m0[0;34m0[0;34m0[0;34m0[0;34m0[0;34m1[0;34m0[0;34m0[0;34m0[0;34m1[0;34m0[0;34m1[0;34m0[0;34m1
[0m[0;34m1[0;34m0[0;34m1[0;34m0[0;34m1[0;34m1[0;34m1[0;34m1[0;34m1[0;34m1[0;34m1[0;34m1[0;34m1[0;34m1[0;34m1[0;34m0[0;34m1[0;34m0[0;34m1[0;34m0[0;34m1
[0m[0;34m1[0;34m0[0;34m0[0;34m0[0;34m1[0;34m0[0;34m0[0;34m0[0;34m0[0;34m0[0;34m0[0;34m0[0;34m0[0;34m0[0;34m0[0;34m0[0;34m1[0;34m0[0;34m0[0;34m0[0;34m1
[0m[0;34m1[0;34m0[0;34m1[0;34m0[0;34m1[0;34m0[0;34m1[0;34m1[0;34m1[0;34m0[0;34m1[0;34m1[0;34m1[0;34m1[0;34m1[0;34m1[0;34m1[0;34m1[0;34m1[0;34m0[0;34m1
[0m[0;34m1[0;34mN[0;34m1[0;34m0[0;34m0[0;34m0[0;34m0[0;34m0[0;34m1[0;34m0[0;34m0[0;34m0[0;34m0[0;34m0[0;34m0[0;34m0[0;34m0[0;34m0[0;34m0[0;34m0[0;34m1
[0m[0;34m1[0;34m1[0;34m1[0;34m1[0;34m1[0;34m1[0;34m1[0;34m1[0;34m1[0;34m1[0;34m1[0;34m1[0;34m1[0;34m1[0;34m1[0;34m1[0;34m1[0;34m1[0;34m1[0;34m1[0;34m1
[0mExit code: 0
‚ö†Ô∏è No Valgrind alerts, but with leaks[0m  
==9645== Memcheck, a memory error detector
==9645== Copyright (C) 2002-2022, and GNU GPL'd, by Julian Seward et al.
==9645== Using Valgrind-3.22.0 and LibVEX; rerun with -h for copyright info
==9645== Command: ./cub3d ./maps/good/cheese_maze.cub
==9645== Parent PID: 9643
==9645== 
==9645== 
==9645== HEAP SUMMARY:
==9645==     in use at exit: 1,718 bytes in 67 blocks
==9645==   total heap usage: 210 allocs, 143 frees, 12,286 bytes allocated
==9645== 
==9645== LEAK SUMMARY:
==9645==    definitely lost: 605 bytes in 10 blocks
==9645==    indirectly lost: 1,113 bytes in 57 blocks
==9645==      possibly lost: 0 bytes in 0 blocks
==9645==    still reachable: 0 bytes in 0 blocks
==9645==         suppressed: 0 bytes in 0 blocks
==9645== Rerun with --leak-check=full to see details of leaked memory
==9645== 
==9645== For lists of detected and suppressed errors, rerun with: -s
==9645== ERROR SUMMARY: 0 errors from 0 contexts (suppressed: 0 from 0)
Running valgrind on ./maps/good/creepy.cub...

[0;32m[Debug info]üõ†Ô∏è  Map info üîç
[0m[0;32m[Debug info] - Map width:[0m15
[0;32m[Debug info] - Map height:[0m13
[0;32m[Debug info]üõ†Ô∏è  Starting player position info üîç
[0m[0;32m[Debug info] - Player X:[0m7
[0;32m[Debug info] - Player Y:[0m3
[0;32m[Debug info] - Player Direction:[0mN
[0;32m[Debug info]üõ†Ô∏è  Colors info c:  üîç
[0m[0;32m[Debug info]üõ†Ô∏è  Colors info f:  üîç
[0m[0;32m[Debug info]üõ†Ô∏è  Textures info:  üîç
[0m[0;32m[Debug info] Texture north:[0mtextures/test/north.xpm
[0;32m[Debug info] Texture south:[0mtextures/test/south.xpm
[0;32m[Debug info] Texture west:[0mtextures/test/west.xpm
[0;32m[Debug info] Texture east:[0mtextures/test/east.xpm
[0;34mN[0;34mO[0;34m [0;34mt[0;34me[0;34mx[0;34mt[0;34mu[0;34mr[0;34me[0;34ms[0;34m/[0;34mt[0;34me[0;34ms[0;34mt[0;34m/[0;34mn[0;34mo[0;34mr[0;34mt[0;34mh[0;34m.[0;34mx[0;34mp[0;34mm
[0m[0;34mS[0;34mO[0;34m [0;34mt[0;34me[0;34mx[0;34mt[0;34mu[0;34mr[0;34me[0;34ms[0;34m/[0;34mt[0;34me[0;34ms[0;34mt[0;34m/[0;34ms[0;34mo[0;34mu[0;34mt[0;34mh[0;34m.[0;34mx[0;34mp[0;34mm
[0m[0;34mW[0;34mE[0;34m [0;34mt[0;34me[0;34mx[0;34mt[0;34mu[0;34mr[0;34me[0;34ms[0;34m/[0;34mt[0;34me[0;34ms[0;34mt[0;34m/[0;34mw[0;34me[0;34ms[0;34mt[0;34m.[0;34mx[0;34mp[0;34mm
[0m[0;34mE[0;34mA[0;34m [0;34mt[0;34me[0;34mx[0;34mt[0;34mu[0;34mr[0;34me[0;34ms[0;34m/[0;34mt[0;34me[0;34ms[0;34mt[0;34m/[0;34me[0;34ma[0;34ms[0;34mt[0;34m.[0;34mx[0;34mp[0;34mm
[0m
[0m[0;34mC[0;34m [0;34m3[0;34m5[0;34m,[0;34m1[0;34m9[0;34m,[0;34m7[0;34m3
[0m[0;34mF[0;34m [0;34m1[0;34m5[0;34m,[0;34m6[0;34m,[0;34m4[0;34m0
[0m
[0m[0;34m1[0;34m1[0;34m1[0;34m1[0;34m1[0;34m1[0;34m1[0;34m1[0;34m1[0;34m1[0;34m1[0;34m1[0;34m1[0;34m1[0;34m1
[0m[0;34m1[0;34m1[0;34m1[0;34m1[0;34m1[0;34m1[0;34m0[0;34m0[0;34m0[0;34m1[0;34m1[0;34m1[0;34m1[0;34m1[0;34m1
[0m[0;34m1[0;34m1[0;34m1[0;34m1[0;34m1[0;34m0[0;34m0[0;34m0[0;34m0[0;34m0[0;34m1[0;34m1[0;34m1[0;34m1[0;34m1
[0m[0;34m1[0;34m1[0;34m1[0;34m1[0;34m0[0;34m0[0;34m0[0;34mN[0;34m0[0;34m0[0;34m0[0;34m1[0;34m1[0;34m1[0;34m1
[0m[0;34m1[0;34m1[0;34m1[0;34m0[0;34m0[0;34m0[0;34m0[0;34m0[0;34m0[0;34m0[0;34m0[0;34m0[0;34m1[0;34m1[0;34m1
[0m[0;34m1[0;34m1[0;34m0[0;34m0[0;34m0[0;34m0[0;34m0[0;34m0[0;34m0[0;34m0[0;34m0[0;34m0[0;34m0[0;34m1[0;34m1
[0m[0;34m1[0;34m0[0;34m0[0;34m0[0;34m0[0;34m1[0;34m1[0;34m1[0;34m1[0;34m1[0;34m0[0;34m0[0;34m0[0;34m0[0;34m1
[0m[0;34m1[0;34m1[0;34m0[0;34m0[0;34m0[0;34m0[0;34m1[0;34m1[0;34m1[0;34m0[0;34m0[0;34m0[0;34m0[0;34m1[0;34m1
[0m[0;34m1[0;34m1[0;34m1[0;34m0[0;34m0[0;34m0[0;34m0[0;34m1[0;34m0[0;34m0[0;34m0[0;34m0[0;34m1[0;34m1[0;34m1
[0m[0;34m1[0;34m1[0;34m1[0;34m1[0;34m0[0;34m0[0;34m0[0;34m0[0;34m0[0;34m0[0;34m0[0;34m1[0;34m1[0;34m1[0;34m1
[0m[0;34m1[0;34m1[0;34m1[0;34m1[0;34m1[0;34m0[0;34m0[0;34m0[0;34m0[0;34m0[0;34m1[0;34m1[0;34m1[0;34m1[0;34m1
[0m[0;34m1[0;34m1[0;34m1[0;34m1[0;34m1[0;34m1[0;34m0[0;34m0[0;34m0[0;34m1[0;34m1[0;34m1[0;34m1[0;34m1[0;34m1
[0m[0;34m1[0;34m1[0;34m1[0;34m1[0;34m1[0;34m1[0;34m1[0;34m1[0;34m1[0;34m1[0;34m1[0;34m1[0;34m1[0;34m1[0;34m1
[0m
[0m[0;34m3[0;34m5
[0m[0;34m1[0;34m9
[0m[0;34m7[0;34m3
[0m[0;34m1[0;34m5
[0m[0;34m6
[0m[0;34m4[0;34m0
[0m[0;34m1[0;34m1[0;34m1[0;34m1[0;34m1[0;34m1[0;34m1[0;34m1[0;34m1[0;34m1[0;34m1[0;34m1[0;34m1[0;34m1[0;34m1
[0m[0;34m1[0;34m1[0;34m1[0;34m1[0;34m1[0;34m1[0;34m0[0;34m0[0;34m0[0;34m1[0;34m1[0;34m1[0;34m1[0;34m1[0;34m1
[0m[0;34m1[0;34m1[0;34m1[0;34m1[0;34m1[0;34m0[0;34m0[0;34m0[0;34m0[0;34m0[0;34m1[0;34m1[0;34m1[0;34m1[0;34m1
[0m[0;34m1[0;34m1[0;34m1[0;34m1[0;34m0[0;34m0[0;34m0[0;34mN[0;34m0[0;34m0[0;34m0[0;34m1[0;34m1[0;34m1[0;34m1
[0m[0;34m1[0;34m1[0;34m1[0;34m0[0;34m0[0;34m0[0;34m0[0;34m0[0;34m0[0;34m0[0;34m0[0;34m0[0;34m1[0;34m1[0;34m1
[0m[0;34m1[0;34m1[0;34m0[0;34m0[0;34m0[0;34m0[0;34m0[0;34m0[0;34m0[0;34m0[0;34m0[0;34m0[0;34m0[0;34m1[0;34m1
[0m[0;34m1[0;34m0[0;34m0[0;34m0[0;34m0[0;34m1[0;34m1[0;34m1[0;34m1[0;34m1[0;34m0[0;34m0[0;34m0[0;34m0[0;34m1
[0m[0;34m1[0;34m1[0;34m0[0;34m0[0;34m0[0;34m0[0;34m1[0;34m1[0;34m1[0;34m0[0;34m0[0;34m0[0;34m0[0;34m1[0;34m1
[0m[0;34m1[0;34m1[0;34m1[0;34m0[0;34m0[0;34m0[0;34m0[0;34m1[0;34m0[0;34m0[0;34m0[0;34m0[0;34m1[0;34m1[0;34m1
[0m[0;34m1[0;34m1[0;34m1[0;34m1[0;34m0[0;34m0[0;34m0[0;34m0[0;34m0[0;34m0[0;34m0[0;34m1[0;34m1[0;34m1[0;34m1
[0m[0;34m1[0;34m1[0;34m1[0;34m1[0;34m1[0;34m0[0;34m0[0;34m0[0;34m0[0;34m0[0;34m1[0;34m1[0;34m1[0;34m1[0;34m1
[0m[0;34m1[0;34m1[0;34m1[0;34m1[0;34m1[0;34m1[0;34m0[0;34m0[0;34m0[0;34m1[0;34m1[0;34m1[0;34m1[0;34m1[0;34m1
[0m[0;34m1[0;34m1[0;34m1[0;34m1[0;34m1[0;34m1[0;34m1[0;34m1[0;34m1[0;34m1[0;34m1[0;34m1[0;34m1[0;34m1[0;34m1
[0mExit code: 0
‚ö†Ô∏è No Valgrind alerts, but with leaks[0m  
==9648== Memcheck, a memory error detector
==9648== Copyright (C) 2002-2022, and GNU GPL'd, by Julian Seward et al.
==9648== Using Valgrind-3.22.0 and LibVEX; rerun with -h for copyright info
==9648== Command: ./cub3d ./maps/good/creepy.cub
==9648== Parent PID: 9643
==9648== 
==9648== 
==9648== HEAP SUMMARY:
==9648==     in use at exit: 1,056 bytes in 51 blocks
==9648==   total heap usage: 152 allocs, 101 frees, 8,990 bytes allocated
==9648== 
==9648== LEAK SUMMARY:
==9648==    definitely lost: 471 bytes in 10 blocks
==9648==    indirectly lost: 585 bytes in 41 blocks
==9648==      possibly lost: 0 bytes in 0 blocks
==9648==    still reachable: 0 bytes in 0 blocks
==9648==         suppressed: 0 bytes in 0 blocks
==9648== Rerun with --leak-check=full to see details of leaked memory
==9648== 
==9648== For lists of detected and suppressed errors, rerun with: -s
==9648== ERROR SUMMARY: 0 errors from 0 contexts (suppressed: 0 from 0)
Running valgrind on ./maps/good/dungeon.cub...

[0;32m[Debug info]üõ†Ô∏è  Map info üîç
[0m[0;32m[Debug info] - Map width:[0m19
[0;32m[Debug info] - Map height:[0m10
[0;32m[Debug info]üõ†Ô∏è  Starting player position info üîç
[0m[0;32m[Debug info] - Player X:[0m2
[0;32m[Debug info] - Player Y:[0m1
[0;32m[Debug info] - Player Direction:[0mW
[0;32m[Debug info]üõ†Ô∏è  Colors info c:  üîç
[0m[0;32m[Debug info]üõ†Ô∏è  Colors info f:  üîç
[0m[0;32m[Debug info]üõ†Ô∏è  Textures info:  üîç
[0m[0;32m[Debug info] Texture north:[0mtextures/test/north.xpm
[0;32m[Debug info] Texture south:[0mtextures/test/south.xpm
[0;32m[Debug info] Texture west:[0mtextures/test/west.xpm
[0;32m[Debug info] Texture east:[0mtextures/test/east.xpm
[0;34mF[0;34m [0;34m7[0;34m6[0;34m,[0;34m7[0;34m6[0;34m,[0;34m7[0;34m6
[0m[0;34mC[0;34m [0;34m9[0;34m9[0;34m,[0;34m9[0;34m9[0;34m,[0;34m9[0;34m9
[0m
[0m[0;34mN[0;34mO[0;34m [0;34mt[0;34me[0;34mx[0;34mt[0;34mu[0;34mr[0;34me[0;34ms[0;34m/[0;34mt[0;34me[0;34ms[0;34mt[0;34m/[0;34mn[0;34mo[0;34mr[0;34mt[0;34mh[0;34m.[0;34mx[0;34mp[0;34mm
[0m[0;34mS[0;34mO[0;34m [0;34mt[0;34me[0;34mx[0;34mt[0;34mu[0;34mr[0;34me[0;34ms[0;34m/[0;34mt[0;34me[0;34ms[0;34mt[0;34m/[0;34ms[0;34mo[0;34mu[0;34mt[0;34mh[0;34m.[0;34mx[0;34mp[0;34mm
[0m[0;34mW[0;34mE[0;34m [0;34mt[0;34me[0;34mx[0;34mt[0;34mu[0;34mr[0;34me[0;34ms[0;34m/[0;34mt[0;34me[0;34ms[0;34mt[0;34m/[0;34mw[0;34me[0;34ms[0;34mt[0;34m.[0;34mx[0;34mp[0;34mm
[0m[0;34mE[0;34mA[0;34m [0;34mt[0;34me[0;34mx[0;34mt[0;34mu[0;34mr[0;34me[0;34ms[0;34m/[0;34mt[0;34me[0;34ms[0;34mt[0;34m/[0;34me[0;34ma[0;34ms[0;34mt[0;34m.[0;34mx[0;34mp[0;34mm
[0m
[0m[0;34m1[0;34m1[0;34m1[0;34m1[0;34m1[0;34m1[0;34m1[0;34m1[0;34m1[0;34m1[0;34m1[0;34m1[0;34m1[0;34m1[0;34m1[0;34m1[0;34m1[0;34m1[0;34m1
[0m[0;34m1[0;34m0[0;34mW[0;34m1[0;34m0[0;34m0[0;34m1[0;34m0[0;34m0[0;34m1[0;34m0[0;34m0[0;34m1[0;34m0[0;34m0[0;34m0[0;34m0[0;34m0[0;34m1
[0m[0;34m1[0;34m0[0;34m1[0;34m1[0;34m0[0;34m0[0;34m0[0;34m0[0;34m0[0;34m1[0;34m0[0;34m0[0;34m0[0;34m0[0;34m0[0;34m1[0;34m0[0;34m0[0;34m1
[0m[0;34m1[0;34m0[0;34m0[0;34m1[0;34m0[0;34m0[0;34m1[0;34m0[0;34m0[0;34m1[0;34m1[0;34m1[0;34m1[0;34m1[0;34m0[0;34m1[0;34m1[0;34m1[0;34m1
[0m[0;34m1[0;34m0[0;34m0[0;34m1[0;34m1[0;34m1[0;34m1[0;34m0[0;34m0[0;34m0[0;34m0[0;34m0[0;34m1[0;34m0[0;34m0[0;34m1[0;34m0[0;34m0[0;34m1
[0m[0;34m1[0;34m0[0;34m0[0;34m0[0;34m0[0;34m0[0;34m0[0;34m0[0;34m0[0;34m0[0;34m0[0;34m0[0;34m0[0;34m0[0;34m0[0;34m1[0;34m0[0;34m0[0;34m1
[0m[0;34m1[0;34m0[0;34m0[0;34m1[0;34m1[0;34m1[0;34m1[0;34m1[0;34m1[0;34m1[0;34m1[0;34m1[0;34m1[0;34m0[0;34m0[0;34m1[0;34m0[0;34m0[0;34m1
[0m[0;34m1[0;34m1[0;34m1[0;34m1[0;34m0[0;34m0[0;34m0[0;34m0[0;34m0[0;34m0[0;34m0[0;34m0[0;34m0[0;34m0[0;34m0[0;34m1[0;34m0[0;34m1[0;34m1
[0m[0;34m1[0;34m0[0;34m0[0;34m0[0;34m0[0;34m0[0;34m0[0;34m0[0;34m0[0;34m1[0;34m0[0;34m0[0;34m0[0;34m0[0;34m0[0;34m0[0;34m0[0;34m0[0;34m1
[0m[0;34m1[0;34m1[0;34m1[0;34m1[0;34m1[0;34m1[0;34m1[0;34m1[0;34m1[0;34m1[0;34m1[0;34m1[0;34m1[0;34m1[0;34m1[0;34m1[0;34m1[0;34m1[0;34m1
[0m
[0m[0;34m9[0;34m9
[0m[0;34m9[0;34m9
[0m[0;34m9[0;34m9
[0m[0;34m7[0;34m6
[0m[0;34m7[0;34m6
[0m[0;34m7[0;34m6
[0m[0;34m1[0;34m1[0;34m1[0;34m1[0;34m1[0;34m1[0;34m1[0;34m1[0;34m1[0;34m1[0;34m1[0;34m1[0;34m1[0;34m1[0;34m1[0;34m1[0;34m1[0;34m1[0;34m1
[0m[0;34m1[0;34m0[0;34mW[0;34m1[0;34m0[0;34m0[0;34m1[0;34m0[0;34m0[0;34m1[0;34m0[0;34m0[0;34m1[0;34m0[0;34m0[0;34m0[0;34m0[0;34m0[0;34m1
[0m[0;34m1[0;34m0[0;34m1[0;34m1[0;34m0[0;34m0[0;34m0[0;34m0[0;34m0[0;34m1[0;34m0[0;34m0[0;34m0[0;34m0[0;34m0[0;34m1[0;34m0[0;34m0[0;34m1
[0m[0;34m1[0;34m0[0;34m0[0;34m1[0;34m0[0;34m0[0;34m1[0;34m0[0;34m0[0;34m1[0;34m1[0;34m1[0;34m1[0;34m1[0;34m0[0;34m1[0;34m1[0;34m1[0;34m1
[0m[0;34m1[0;34m0[0;34m0[0;34m1[0;34m1[0;34m1[0;34m1[0;34m0[0;34m0[0;34m0[0;34m0[0;34m0[0;34m1[0;34m0[0;34m0[0;34m1[0;34m0[0;34m0[0;34m1
[0m[0;34m1[0;34m0[0;34m0[0;34m0[0;34m0[0;34m0[0;34m0[0;34m0[0;34m0[0;34m0[0;34m0[0;34m0[0;34m0[0;34m0[0;34m0[0;34m1[0;34m0[0;34m0[0;34m1
[0m[0;34m1[0;34m0[0;34m0[0;34m1[0;34m1[0;34m1[0;34m1[0;34m1[0;34m1[0;34m1[0;34m1[0;34m1[0;34m1[0;34m0[0;34m0[0;34m1[0;34m0[0;34m0[0;34m1
[0m[0;34m1[0;34m1[0;34m1[0;34m1[0;34m0[0;34m0[0;34m0[0;34m0[0;34m0[0;34m0[0;34m0[0;34m0[0;34m0[0;34m0[0;34m0[0;34m1[0;34m0[0;34m1[0;34m1
[0m[0;34m1[0;34m0[0;34m0[0;34m0[0;34m0[0;34m0[0;34m0[0;34m0[0;34m0[0;34m1[0;34m0[0;34m0[0;34m0[0;34m0[0;34m0[0;34m0[0;34m0[0;34m0[0;34m1
[0m[0;34m1[0;34m1[0;34m1[0;34m1[0;34m1[0;34m1[0;34m1[0;34m1[0;34m1[0;34m1[0;34m1[0;34m1[0;34m1[0;34m1[0;34m1[0;34m1[0;34m1[0;34m1[0;34m1
[0mExit code: 0
‚ö†Ô∏è No Valgrind alerts, but with leaks[0m  
==9651== Memcheck, a memory error detector
==9651== Copyright (C) 2002-2022, and GNU GPL'd, by Julian Seward et al.
==9651== Using Valgrind-3.22.0 and LibVEX; rerun with -h for copyright info
==9651== Command: ./cub3d ./maps/good/dungeon.cub
==9651== Parent PID: 9643
==9651== 
==9651== 
==9651== HEAP SUMMARY:
==9651==     in use at exit: 992 bytes in 45 blocks
==9651==   total heap usage: 133 allocs, 88 frees, 8,232 bytes allocated
==9651== 
==9651== LEAK SUMMARY:
==9651==    definitely lost: 424 bytes in 10 blocks
==9651==    indirectly lost: 568 bytes in 35 blocks
==9651==      possibly lost: 0 bytes in 0 blocks
==9651==    still reachable: 0 bytes in 0 blocks
==9651==         suppressed: 0 bytes in 0 blocks
==9651== Rerun with --leak-check=full to see details of leaked memory
==9651== 
==9651== For lists of detected and suppressed errors, rerun with: -s
==9651== ERROR SUMMARY: 0 errors from 0 contexts (suppressed: 0 from 0)
Running valgrind on ./maps/good/library.cub...

[0;32m[Debug info]üõ†Ô∏è  Map info üîç
[0m[0;32m[Debug info] - Map width:[0m19
[0;32m[Debug info] - Map height:[0m10
[0;32m[Debug info]üõ†Ô∏è  Starting player position info üîç
[0m[0;32m[Debug info] - Player X:[0m9
[0;32m[Debug info] - Player Y:[0m5
[0;32m[Debug info] - Player Direction:[0mS
[0;32m[Debug info]üõ†Ô∏è  Colors info c:  üîç
[0m[0;32m[Debug info]üõ†Ô∏è  Colors info f:  üîç
[0m[0;32m[Debug info]üõ†Ô∏è  Textures info:  üîç
[0m[0;32m[Debug info] Texture north:[0mtextures/test/north.xpm
[0;32m[Debug info] Texture south:[0mtextures/test/south.xpm
[0;32m[Debug info] Texture west:[0mtextures/test/west.xpm
[0;32m[Debug info] Texture east:[0mtextures/test/east.xpm
[0;34mF[0;34m [0;34m1[0;34m3[0;34m9[0;34m,[0;34m9[0;34m9[0;34m,[0;34m5[0;34m8
[0m[0;34mC[0;34m [0;34m1[0;34m7[0;34m1[0;34m,[0;34m1[0;34m5[0;34m4[0;34m,[0;34m1[0;34m3[0;34m7
[0m
[0m[0;34mN[0;34mO[0;34m [0;34mt[0;34me[0;34mx[0;34mt[0;34mu[0;34mr[0;34me[0;34ms[0;34m/[0;34mt[0;34me[0;34ms[0;34mt[0;34m/[0;34mn[0;34mo[0;34mr[0;34mt[0;34mh[0;34m.[0;34mx[0;34mp[0;34mm
[0m[0;34mS[0;34mO[0;34m [0;34mt[0;34me[0;34mx[0;34mt[0;34mu[0;34mr[0;34me[0;34ms[0;34m/[0;34mt[0;34me[0;34ms[0;34mt[0;34m/[0;34ms[0;34mo[0;34mu[0;34mt[0;34mh[0;34m.[0;34mx[0;34mp[0;34mm
[0m[0;34mW[0;34mE[0;34m [0;34mt[0;34me[0;34mx[0;34mt[0;34mu[0;34mr[0;34me[0;34ms[0;34m/[0;34mt[0;34me[0;34ms[0;34mt[0;34m/[0;34mw[0;34me[0;34ms[0;34mt[0;34m.[0;34mx[0;34mp[0;34mm
[0m[0;34mE[0;34mA[0;34m [0;34mt[0;34me[0;34mx[0;34mt[0;34mu[0;34mr[0;34me[0;34ms[0;34m/[0;34mt[0;34me[0;34ms[0;34mt[0;34m/[0;34me[0;34ma[0;34ms[0;34mt[0;34m.[0;34mx[0;34mp[0;34mm
[0m
[0m[0;34m1[0;34m1[0;34m1[0;34m1[0;34m1[0;34m1[0;34m1[0;34m1[0;34m1[0;34m1[0;34m1[0;34m1[0;34m1[0;34m1[0;34m1[0;34m1[0;34m1[0;34m1[0;34m1
[0m[0;34m1[0;34m0[0;34m0[0;34m1[0;34m0[0;34m0[0;34m1[0;34m0[0;34m0[0;34m1[0;34m0[0;34m0[0;34m1[0;34m0[0;34m0[0;34m1[0;34m0[0;34m0[0;34m1
[0m[0;34m1[0;34m0[0;34m0[0;34m1[0;34m0[0;34m0[0;34m1[0;34m0[0;34m0[0;34m1[0;34m0[0;34m0[0;34m1[0;34m0[0;34m0[0;34m1[0;34m0[0;34m0[0;34m1
[0m[0;34m1[0;34m0[0;34m0[0;34m1[0;34m0[0;34m0[0;34m1[0;34m0[0;34m0[0;34m1[0;34m0[0;34m0[0;34m1[0;34m0[0;34m0[0;34m1[0;34m0[0;34m0[0;34m1
[0m[0;34m1[0;34m0[0;34m0[0;34m1[0;34m0[0;34m0[0;34m1[0;34m0[0;34m0[0;34m0[0;34m0[0;34m0[0;34m1[0;34m0[0;34m0[0;34m1[0;34m0[0;34m0[0;34m1
[0m[0;34m1[0;34m0[0;34m0[0;34m0[0;34m0[0;34m0[0;34m0[0;34m0[0;34m0[0;34mS[0;34m0[0;34m0[0;34m0[0;34m0[0;34m0[0;34m0[0;34m0[0;34m0[0;34m1
[0m[0;34m1[0;34m0[0;34m0[0;34m0[0;34m0[0;34m1[0;34m1[0;34m1[0;34m1[0;34m1[0;34m1[0;34m1[0;34m1[0;34m0[0;34m0[0;34m0[0;34m0[0;34m0[0;34m1
[0m[0;34m1[0;34m1[0;34m1[0;34m1[0;34m0[0;34m0[0;34m0[0;34m0[0;34m0[0;34m0[0;34m0[0;34m0[0;34m0[0;34m0[0;34m0[0;34m1[0;34m1[0;34m1[0;34m1
[0m[0;34m1[0;34m0[0;34m0[0;34m0[0;34m0[0;34m0[0;34m0[0;34m1[0;34m0[0;34m1[0;34m0[0;34m1[0;34m0[0;34m0[0;34m0[0;34m0[0;34m0[0;34m0[0;34m1
[0m[0;34m1[0;34m1[0;34m1[0;34m1[0;34m1[0;34m1[0;34m1[0;34m1[0;34m1[0;34m1[0;34m1[0;34m1[0;34m1[0;34m1[0;34m1[0;34m1[0;34m1[0;34m1[0;34m1
[0m
[0m[0;34m1[0;34m7[0;34m1
[0m[0;34m1[0;34m5[0;34m4
[0m[0;34m1[0;34m3[0;34m7
[0m[0;34m1[0;34m3[0;34m9
[0m[0;34m9[0;34m9
[0m[0;34m5[0;34m8
[0m[0;34m1[0;34m1[0;34m1[0;34m1[0;34m1[0;34m1[0;34m1[0;34m1[0;34m1[0;34m1[0;34m1[0;34m1[0;34m1[0;34m1[0;34m1[0;34m1[0;34m1[0;34m1[0;34m1
[0m[0;34m1[0;34m0[0;34m0[0;34m1[0;34m0[0;34m0[0;34m1[0;34m0[0;34m0[0;34m1[0;34m0[0;34m0[0;34m1[0;34m0[0;34m0[0;34m1[0;34m0[0;34m0[0;34m1
[0m[0;34m1[0;34m0[0;34m0[0;34m1[0;34m0[0;34m0[0;34m1[0;34m0[0;34m0[0;34m1[0;34m0[0;34m0[0;34m1[0;34m0[0;34m0[0;34m1[0;34m0[0;34m0[0;34m1
[0m[0;34m1[0;34m0[0;34m0[0;34m1[0;34m0[0;34m0[0;34m1[0;34m0[0;34m0[0;34m1[0;34m0[0;34m0[0;34m1[0;34m0[0;34m0[0;34m1[0;34m0[0;34m0[0;34m1
[0m[0;34m1[0;34m0[0;34m0[0;34m1[0;34m0[0;34m0[0;34m1[0;34m0[0;34m0[0;34m0[0;34m0[0;34m0[0;34m1[0;34m0[0;34m0[0;34m1[0;34m0[0;34m0[0;34m1
[0m[0;34m1[0;34m0[0;34m0[0;34m0[0;34m0[0;34m0[0;34m0[0;34m0[0;34m0[0;34mS[0;34m0[0;34m0[0;34m0[0;34m0[0;34m0[0;34m0[0;34m0[0;34m0[0;34m1
[0m[0;34m1[0;34m0[0;34m0[0;34m0[0;34m0[0;34m1[0;34m1[0;34m1[0;34m1[0;34m1[0;34m1[0;34m1[0;34m1[0;34m0[0;34m0[0;34m0[0;34m0[0;34m0[0;34m1
[0m[0;34m1[0;34m1[0;34m1[0;34m1[0;34m0[0;34m0[0;34m0[0;34m0[0;34m0[0;34m0[0;34m0[0;34m0[0;34m0[0;34m0[0;34m0[0;34m1[0;34m1[0;34m1[0;34m1
[0m[0;34m1[0;34m0[0;34m0[0;34m0[0;34m0[0;34m0[0;34m0[0;34m1[0;34m0[0;34m1[0;34m0[0;34m1[0;34m0[0;34m0[0;34m0[0;34m0[0;34m0[0;34m0[0;34m1
[0m[0;34m1[0;34m1[0;34m1[0;34m1[0;34m1[0;34m1[0;34m1[0;34m1[0;34m1[0;34m1[0;34m1[0;34m1[0;34m1[0;34m1[0;34m1[0;34m1[0;34m1[0;34m1[0;34m1
[0mExit code: 0
‚ö†Ô∏è No Valgrind alerts, but with leaks[0m  
==9677== Memcheck, a memory error detector
==9677== Copyright (C) 2002-2022, and GNU GPL'd, by Julian Seward et al.
==9677== Using Valgrind-3.22.0 and LibVEX; rerun with -h for copyright info
==9677== Command: ./cub3d ./maps/good/library.cub
==9677== Parent PID: 9643
==9677== 
==9677== 
==9677== HEAP SUMMARY:
==9677==     in use at exit: 1,004 bytes in 45 blocks
==9677==   total heap usage: 133 allocs, 88 frees, 8,285 bytes allocated
==9677== 
==9677== LEAK SUMMARY:
==9677==    definitely lost: 428 bytes in 10 blocks
==9677==    indirectly lost: 576 bytes in 35 blocks
==9677==      possibly lost: 0 bytes in 0 blocks
==9677==    still reachable: 0 bytes in 0 blocks
==9677==         suppressed: 0 bytes in 0 blocks
==9677== Rerun with --leak-check=full to see details of leaked memory
==9677== 
==9677== For lists of detected and suppressed errors, rerun with: -s
==9677== ERROR SUMMARY: 0 errors from 0 contexts (suppressed: 0 from 0)
Running valgrind on ./maps/good/matrix.cub...

[0;34mN[0;34mO[0;34m [0;34mt[0;34me[0;34mx[0;34mt[0;34mu[0;34mr[0;34me[0;34ms[0;34m/[0;34mt[0;34me[0;34ms[0;34mt[0;34m/[0;34mn[0;34mo[0;34mr[0;34mt[0;34mh[0;34m.[0;34mx[0;34mp[0;34mm
[0m[0;34mS[0;34mO[0;34m [0;34mt[0;34me[0;34mx[0;34mt[0;34mu[0;34mr[0;34me[0;34ms[0;34m/[0;34mt[0;34me[0;34ms[0;34mt[0;34m/[0;34ms[0;34mo[0;34mu[0;34mt[0;34mh[0;34m.[0;34mx[0;34mp[0;34mm
[0m[0;34mW[0;34mE[0;34m [0;34mt[0;34me[0;34mx[0;34mt[0;34mu[0;34mr[0;34me[0;34ms[0;34m/[0;34mt[0;34me[0;34ms[0;34mt[0;34m/[0;34mw[0;34me[0;34ms[0;34mt[0;34m.[0;34mx[0;34mp[0;34mm
[0m[0;34mE[0;34mA[0;34m [0;34mt[0;34me[0;34mx[0;34mt[0;34mu[0;34mr[0;34me[0;34ms[0;34m/[0;34mt[0;34me[0;34ms[0;34mt[0;34m/[0;34me[0;34ma[0;34ms[0;34mt[0;34m.[0;34mx[0;34mp[0;34mm
[0m
[0m[0;34mF[0;34m [0;34m0[0;34m,[0;34m0[0;34m,[0;34m0
[0m[0;34mC[0;34m [0;34m0[0;34m,[0;34m0[0;34m,[0;34m0
[0m
[0m[0;34m1[0;34m1[0;34m1[0;34m1[0;34m1[0;34m1[0;34m1[0;34m1[0;34m1[0;34m1[0;34m1[0;34m1[0;34m1[0;34m1[0;34m1[0;34m1[0;34m1[0;34m1[0;34m1[0;34m1[0;34m1
[0m[0;34m1[0;34m0[0;34m1[0;34m0[0;34m0[0;34m0[0;34m0[0;34m0[0;34m1[0;34m0[0;34m0[0;34m0[0;34m0[0;34m0[0;34m0[0;34m0[0;34m0[0;34m0[0;34m0[0;34m0[0;34m1
[0m[0;34m1[0;34m0[0;34m1[0;34m0[0;34m1[0;34m0[0;34m1[0;34m0[0;34m1[0;34m0[0;34m1[0;34m1[0;34m1[0;34m1[0;34m1[0;34m1[0;34m1[0;34m0[0;34m0[0;34m0[0;34m1
[0m[0;34m1[0;34m0[0;34m0[0;34m0[0;34m1[0;34m0[0;34m1[0;34m0[0;34m0[0;34m0[0;34m1[0;34m0[0;34m0[0;34m0[0;34m0[0;34m0[0;34m1[0;34m0[0;34m0[0;34m0[0;34m1
[0m[0;34m1[0;34m1[0;34m1[0;34m1[0;34m1[0;34m0[0;34m1[0;34m0[0;34m1[0;34m1[0;34m1[0;34m1[0;34m1[0;34m0[0;34m1[0;34m0[0;34m1[0;34m1[0;34m1[0;34m0[0;34m1
[0m[0;34m1[0;34m0[0;34m0[0;34m0[0;34m0[0;34m0[0;34m1[0;34m0[0;34m1[0;34m0[0;34m0[0;34m0[0;34m1[0;34m0[0;34m1[0;34m0[0;34m0[0;34m0[0;34m0[0;34m0[0;34m1
[0m[0;34m1[0;34m0[0;34m1[0;34m1[0;34m1[0;34m1[0;34m1[0;34m0[0;34m1[0;34m0[0;34m1[0;34m1[0;34m1[0;34m0[0;34m1[0;34m1[0;34m1[0;34m1[0;34m1[0;34m1[0;34m1
[0m[0;34m1[0;34m0[0;34m1[0;34m0[0;34m0[0;34m0[0;34m0[0;34m0[0;34m1[0;34m0[0;34m1[0;34m0[0;34m1[0;34m0[0;34m0[0;34m0[0;34m0[0;34m0[0;34m1[0;34m0[0;34m1
[0m[0;34m1[0;34m0[0;34m1[0;34m0[0;34m1[0;34m1[0;34m1[0;34m1[0;34m1[0;34m0[0;34m1[0;34m0[0;34m1[0;34m1[0;34m1[0;34m1[0;34m1[0;34m0[0;34m1[0;34m0[0;34m1
[0m[0;34m1[0;34m0[0;34m1[0;34m0[0;34m1[0;34m0[0;34m0[0;34m0[0;34m1[0;34m0[0;34m1[0;34m0[0;34m1[0;34m0[0;34m0[0;34m0[0;34m1[0;34m0[0;34m1[0;34m0[0;34m1
[0m[0;34m1[0;34m0[0;34m1[0;34m1[0;34m1[0;34m0[0;34m1[0;34m0[0;34m1[0;34m0[0;34m1[0;34m0[0;34m1[0;34m0[0;34m1[0;34m0[0;34m1[0;34m0[0;34m1[0;34m0[0;34m1
[0m[0;34m1[0;34m0[0;34m0[0;34m0[0;34m0[0;34m0[0;34m1[0;34m0[0;34m1[0;34m0[0;34m1[0;34m0[0;34m0[0;34m0[0;34m1[0;34m0[0;34m1[0;34m0[0;34m0[0;34m0[0;34m1
[0m[0;34m1[0;34m1[0;34m1[0;34m1[0;34m1[0;34m1[0;34m1[0;34m0[0;34m1[0;34m0[0;34m1[0;34m1[0;34m1[0;34m1[0;34m1[0;34m0[0;34m1[0;34m1[0;34m1[0;34m0[0;34m1
[0m[0;34m1[0;34m0[0;34m0[0;34m0[0;34m0[0;34m0[0;34m1[0;34m0[0;34m1[0;34m0[0;34m0[0;34m0[0;34m1[0;34m0[0;34m0[0;34m0[0;34m1[0;34m0[0;34m0[0;34m0[0;34m1
[0m[0;34m1[0;34m0[0;34m1[0;34m1[0;34m1[0;34m0[0;34m1[0;34m0[0;34m1[0;34m1[0;34m1[0;34m0[0;34m1[0;34m0[0;34m1[0;34m1[0;34m1[0;34m0[0;34m1[0;34m1[0;34m1
[0m[0;34m1[0;34m0[0;34m1[0;34m0[0;34m0[0;34m0[0;34m1[0;34m0[0;34m0[0;34m0[0;34m0[0;34m0[0;34m1[0;34m0[0;34m0[0;34m0[0;34m1[0;34m0[0;34m1[0;34m0[0;34m1
[0m[0;34m1[0;34m0[0;34m1[0;34m0[0;34m1[0;34m1[0;34m1[0;34m1[0;34m1[0;34m1[0;34m1[0;34m1[0;34m1[0;34m1[0;34m1[0;34m0[0;34m1[0;34m0[0;34m1[0;34m0[0;34m1
[0m[0;34m1[0;34m0[0;34m0[0;34m0[0;34m1[0;34m0[0;34m0[0;34m0[0;34m0[0;34m0[0;34m0[0;34m0[0;34m0[0;34m0[0;34m0[0;34m0[0;34m1[0;34m0[0;34m0[0;34m0[0;34m1
[0m[0;34m1[0;34[0;32m[Debug info]üõ†Ô∏è  Map info üîç
[0m[0;32m[Debug info] - Map width:[0m21
[0;32m[Debug info] - Map height:[0m21
[0;32m[Debug info]üõ†Ô∏è  Starting player position info üîç
[0m[0;32m[Debug info] - Player X:[0m1
[0;32m[Debug info] - Player Y:[0m19
[0;32m[Debug info] - Player Direction:[0mN
[0;32m[Debug info]üõ†Ô∏è  Colors info c:  üîç
[0m[0;32m[Debug info]üõ†Ô∏è  Colors info f:  üîç
[0m[0;32m[Debug info]üõ†Ô∏è  Textures info:  üîç
[0m[0;32m[Debug info] Texture north:[0mtextures/test/north.xpm
[0;32m[Debug info] Texture south:[0mtextures/test/south.xpm
[0;32m[Debug info] Texture west:[0mtextures/test/west.xpm
[0;32m[Debug info] Texture east:[0mtextures/test/east.xpm
m0[0;34m1[0;34m0[0;34m1[0;34m0[0;34m1[0;34m1[0;34m1[0;34m0[0;34m1[0;34m1[0;34m1[0;34m1[0;34m1[0;34m1[0;34m1[0;34m1[0;34m1[0;34m0[0;34m1
[0m[0;34m1[0;34mN[0;34m1[0;34m0[0;34m0[0;34m0[0;34m0[0;34m0[0;34m1[0;34m0[0;34m0[0;34m0[0;34m0[0;34m0[0;34m0[0;34m0[0;34m0[0;34m0[0;34m0[0;34m0[0;34m1
[0m[0;34m1[0;34m1[0;34m1[0;34m1[0;34m1[0;34m1[0;34m1[0;34m1[0;34m1[0;34m1[0;34m1[0;34m1[0;34m1[0;34m1[0;34m1[0;34m1[0;34m1[0;34m1[0;34m1[0;34m1[0;34m1
[0m
[0m[0;34m0
[0m[0;34m0
[0m[0;34m0
[0m[0;34m0
[0m[0;34m0
[0m[0;34m0
[0m[0;34m1[0;34m1[0;34m1[0;34m1[0;34m1[0;34m1[0;34m1[0;34m1[0;34m1[0;34m1[0;34m1[0;34m1[0;34m1[0;34m1[0;34m1[0;34m1[0;34m1[0;34m1[0;34m1[0;34m1[0;34m1
[0m[0;34m1[0;34m0[0;34m1[0;34m0[0;34m0[0;34m0[0;34m0[0;34m0[0;34m1[0;34m0[0;34m0[0;34m0[0;34m0[0;34m0[0;34m0[0;34m0[0;34m0[0;34m0[0;34m0[0;34m0[0;34m1
[0m[0;34m1[0;34m0[0;34m1[0;34m0[0;34m1[0;34m0[0;34m1[0;34m0[0;34m1[0;34m0[0;34m1[0;34m1[0;34m1[0;34m1[0;34m1[0;34m1[0;34m1[0;34m0[0;34m0[0;34m0[0;34m1
[0m[0;34m1[0;34m0[0;34m0[0;34m0[0;34m1[0;34m0[0;34m1[0;34m0[0;34m0[0;34m0[0;34m1[0;34m0[0;34m0[0;34m0[0;34m0[0;34m0[0;34m1[0;34m0[0;34m0[0;34m0[0;34m1
[0m[0;34m1[0;34m1[0;34m1[0;34m1[0;34m1[0;34m0[0;34m1[0;34m0[0;34m1[0;34m1[0;34m1[0;34m1[0;34m1[0;34m0[0;34m1[0;34m0[0;34m1[0;34m1[0;34m1[0;34m0[0;34m1
[0m[0;34m1[0;34m0[0;34m0[0;34m0[0;34m0[0;34m0[0;34m1[0;34m0[0;34m1[0;34m0[0;34m0[0;34m0[0;34m1[0;34m0[0;34m1[0;34m0[0;34m0[0;34m0[0;34m0[0;34m0[0;34m1
[0m[0;34m1[0;34m0[0;34m1[0;34m1[0;34m1[0;34m1[0;34m1[0;34m0[0;34m1[0;34m0[0;34m1[0;34m1[0;34m1[0;34m0[0;34m1[0;34m1[0;34m1[0;34m1[0;34m1[0;34m1[0;34m1
[0m[0;34m1[0;34m0[0;34m1[0;34m0[0;34m0[0;34m0[0;34m0[0;34m0[0;34m1[0;34m0[0;34m1[0;34m0[0;34m1[0;34m0[0;34m0[0;34m0[0;34m0[0;34m0[0;34m1[0;34m0[0;34m1
[0m[0;34m1[0;34m0[0;34m1[0;34m0[0;34m1[0;34m1[0;34m1[0;34m1[0;34m1[0;34m0[0;34m1[0;34m0[0;34m1[0;34m1[0;34m1[0;34m1[0;34m1[0;34m0[0;34m1[0;34m0[0;34m1
[0m[0;34m1[0;34m0[0;34m1[0;34m0[0;34m1[0;34m0[0;34m0[0;34m0[0;34m1[0;34m0[0;34m1[0;34m0[0;34m1[0;34m0[0;34m0[0;34m0[0;34m1[0;34m0[0;34m1[0;34m0[0;34m1
[0m[0;34m1[0;34m0[0;34m1[0;34m1[0;34m1[0;34m0[0;34m1[0;34m0[0;34m1[0;34m0[0;34m1[0;34m0[0;34m1[0;34m0[0;34m1[0;34m0[0;34m1[0;34m0[0;34m1[0;34m0[0;34m1
[0m[0;34m1[0;34m0[0;34m0[0;34m0[0;34m0[0;34m0[0;34m1[0;34m0[0;34m1[0;34m0[0;34m1[0;34m0[0;34m0[0;34m0[0;34m1[0;34m0[0;34m1[0;34m0[0;34m0[0;34m0[0;34m1
[0m[0;34m1[0;34m1[0;34m1[0;34m1[0;34m1[0;34m1[0;34m1[0;34m0[0;34m1[0;34m0[0;34m1[0;34m1[0;34m1[0;34m1[0;34m1[0;34m0[0;34m1[0;34m1[0;34m1[0;34m0[0;34m1
[0m[0;34m1[0;34m0[0;34m0[0;34m0[0;34m0[0;34m0[0;34m1[0;34m0[0;34m1[0;34m0[0;34m0[0;34m0[0;34m1[0;34m0[0;34m0[0;34m0[0;34m1[0;34m0[0;34m0[0;34m0[0;34m1
[0m[0;34m1[0;34m0[0;34m1[0;34m1[0;34m1[0;34m0[0;34m1[0;34m0[0;34m1[0;34m1[0;34m1[0;34m0[0;34m1[0;34m0[0;34m1[0;34m1[0;34m1[0;34m0[0;34m1[0;34m1[0;34m1
[0m[0;34m1[0;34m0[0;34m1[0;34m0[0;34m0[0;34m0[0;34m1[0;34m0[0;34m0[0;34m0[0;34m0[0;34m0[0;34m1[0;34m0[0;34m0[0;34m0[0;34m1[0;34m0[0;34m1[0;34m0[0;34m1
[0m[0;34m1[0;34m0[0;34m1[0;34m0[0;34m1[0;34m1[0;34m1[0;34m1[0;34m1[0;34m1[0;34m1[0;34m1[0;34m1[0;34m1[0;34m1[0;34m0[0;34m1[0;34m0[0;34m1[0;34m0[0;34m1
[0m[0;34m1[0;34m0[0;34m0[0;34m0[0;34m1[0;34m0[0;34m0[0;34m0[0;34m0[0;34m0[0;34m0[0;34m0[0;34m0[0;34m0[0;34m0[0;34m0[0;34m1[0;34m0[0;34m0[0;34m0[0;34m1
[0m[0;34m1[0;34m0[0;34m1[0;34m0[0;34m1[0;34m0[0;34m1[0;34m1[0;34m1[0;34m0[0;34m1[0;34m1[0;34m1[0;34m1[0;34m1[0;34m1[0;34m1[0;34m1[0;34m1[0;34m0[0;34m1
[0m[0;34m1[0;34mN[0;34m1[0;34m0[0;34m0[0;34m0[0;34m0[0;34m0[0;34m1[0;34m0[0;34m0[0;34m0[0;34m0[0;34m0[0;34m0[0;34m0[0;34m0[0;34m0[0;34m0[0;34m0[0;34m1
[0m[0;34m1[0;34m1[0;34m1[0;34m1[0;34m1[0;34m1[0;34m1[0;34m1[0;34m1[0;34m1[0;34m1[0;34m1[0;34m1[0;34m1[0;34m1[0;34m1[0;34m1[0;34m1[0;34m1[0;34m1[0;34m1
[0mExit code: 0
‚ö†Ô∏è No Valgrind alerts, but with leaks[0m  
==9680== Memcheck, a memory error detector
==9680== Copyright (C) 2002-2022, and GNU GPL'd, by Julian Seward et al.
==9680== Using Valgrind-3.22.0 and LibVEX; rerun with -h for copyright info
==9680== Command: ./cub3d ./maps/good/matrix.cub
==9680== Parent PID: 9643
==9680== 
==9680== 
==9680== HEAP SUMMARY:
==9680==     in use at exit: 1,685 bytes in 67 blocks
==9680==   total heap usage: 210 allocs, 143 frees, 12,140 bytes allocated
==9680== 
==9680== LEAK SUMMARY:
==9680==    definitely lost: 594 bytes in 10 blocks
==9680==    indirectly lost: 1,091 bytes in 57 blocks
==9680==      possibly lost: 0 bytes in 0 blocks
==9680==    still reachable: 0 bytes in 0 blocks
==9680==         suppressed: 0 bytes in 0 blocks
==9680== Rerun with --leak-check=full to see details of leaked memory
==9680== 
==9680== For lists of detected and suppressed errors, rerun with: -s
==9680== ERROR SUMMARY: 0 errors from 0 contexts (suppressed: 0 from 0)
Running valgrind on ./maps/good/sad_face.cub...

[0;32m[Debug info]üõ†Ô∏è  Map info üîç
[0m[0;32m[Debug info] - Map width:[0m15
[0;32m[Debug info] - Map height:[0m13
[0;32m[Debug info]üõ†Ô∏è  Starting player position info üîç
[0m[0;32m[Debug info] - Player X:[0m7
[0;32m[Debug info] - Player Y:[0m3
[0;32m[Debug info] - Player Direction:[0mN
[0;32m[Debug info]üõ†Ô∏è  Colors info c:  üîç
[0m[0;32m[Debug info]üõ†Ô∏è  Colors info f:  üîç
[0m[0;32m[Debug info]üõ†Ô∏è  Textures info:  üîç
[0m[0;32m[Debug info] Texture north:[0mtextures/test/north.xpm
[0;32m[Debug info] Texture south:[0mtextures/test/south.xpm
[0;32m[Debug info] Texture west:[0mtextures/test/west.xpm
[0;32m[Debug info] Texture east:[0mtextures/test/east.xpm
[0;34mN[0;34mO[0;34m [0;34mt[0;34me[0;34mx[0;34mt[0;34mu[0;34mr[0;34me[0;34ms[0;34m/[0;34mt[0;34me[0;34ms[0;34mt[0;34m/[0;34mn[0;34mo[0;34mr[0;34mt[0;34mh[0;34m.[0;34mx[0;34mp[0;34mm
[0m[0;34mS[0;34mO[0;34m [0;34mt[0;34me[0;34mx[0;34mt[0;34mu[0;34mr[0;34me[0;34ms[0;34m/[0;34mt[0;34me[0;34ms[0;34mt[0;34m/[0;34ms[0;34mo[0;34mu[0;34mt[0;34mh[0;34m.[0;34mx[0;34mp[0;34mm
[0m[0;34mW[0;34mE[0;34m [0;34mt[0;34me[0;34mx[0;34mt[0;34mu[0;34mr[0;34me[0;34ms[0;34m/[0;34mt[0;34me[0;34ms[0;34mt[0;34m/[0;34mw[0;34me[0;34ms[0;34mt[0;34m.[0;34mx[0;34mp[0;34mm
[0m[0;34mE[0;34mA[0;34m [0;34mt[0;34me[0;34mx[0;34mt[0;34mu[0;34mr[0;34me[0;34ms[0;34m/[0;34mt[0;34me[0;34ms[0;34mt[0;34m/[0;34me[0;34ma[0;34ms[0;34mt[0;34m.[0;34mx[0;34mp[0;34mm
[0m
[0m[0;34mC[0;34m [0;34m5[0;34m3[0;34m,[0;34m4[0;34m1[0;34m,[0;34m3[0;34m4
[0m[0;34mF[0;34m [0;34m4[0;34m5[0;34m,[0;34m3[0;34m3[0;34m,[0;34m2[0;34m7
[0m
[0m[0;34m1[0;34m1[0;34m1[0;34m1[0;34m1[0;34m1[0;34m1[0;34m1[0;34m1[0;34m1[0;34m1[0;34m1[0;34m1[0;34m1[0;34m1
[0m[0;34m1[0;34m1[0;34m1[0;34m1[0;34m1[0;34m1[0;34m0[0;34m0[0;34m0[0;34m1[0;34m1[0;34m1[0;34m1[0;34m1[0;34m1
[0m[0;34m1[0;34m1[0;34m1[0;34m1[0;34m1[0;34m0[0;34m0[0;34m0[0;34m0[0;34m0[0;34m1[0;34m1[0;34m1[0;34m1[0;34m1
[0m[0;34m1[0;34m1[0;34m1[0;34m1[0;34m0[0;34m0[0;34m0[0;34mN[0;34m0[0;34m0[0;34m0[0;34m1[0;34m1[0;34m1[0;34m1
[0m[0;34m1[0;34m1[0;34m1[0;34m0[0;34m0[0;34m0[0;34m0[0;34m0[0;34m0[0;34m0[0;34m0[0;34m0[0;34m1[0;34m1[0;34m1
[0m[0;34m1[0;34m1[0;34m0[0;34m0[0;34m0[0;34m0[0;34m0[0;34m0[0;34m0[0;34m0[0;34m0[0;34m0[0;34m0[0;34m1[0;34m1
[0m[0;34m1[0;34m0[0;34m0[0;34m0[0;34m0[0;34m1[0;34m1[0;34m1[0;34m1[0;34m1[0;34m0[0;34m0[0;34m0[0;34m0[0;34m1
[0m[0;34m1[0;34m1[0;34m0[0;34m0[0;34m0[0;34m0[0;34m1[0;34m1[0;34m1[0;34m0[0;34m0[0;34m0[0;34m0[0;34m1[0;34m1
[0m[0;34m1[0;34m1[0;34m1[0;34m0[0;34m0[0;34m0[0;34m0[0;34m1[0;34m0[0;34m0[0;34m0[0;34m0[0;34m1[0;34m1[0;34m1
[0m[0;34m1[0;34m1[0;34m1[0;34m1[0;34m0[0;34m0[0;34m0[0;34m0[0;34m0[0;34m0[0;34m0[0;34m1[0;34m1[0;34m1[0;34m1
[0m[0;34m1[0;34m1[0;34m1[0;34m1[0;34m1[0;34m0[0;34m0[0;34m0[0;34m0[0;34m0[0;34m1[0;34m1[0;34m1[0;34m1[0;34m1
[0m[0;34m1[0;34m1[0;34m1[0;34m1[0;34m1[0;34m1[0;34m0[0;34m0[0;34m0[0;34m1[0;34m1[0;34m1[0;34m1[0;34m1[0;34m1
[0m[0;34m1[0;34m1[0;34m1[0;34m1[0;34m1[0;34m1[0;34m1[0;34m1[0;34m1[0;34m1[0;34m1[0;34m1[0;34m1[0;34m1[0;34m1
[0m
[0m[0;34m5[0;34m3
[0m[0;34m4[0;34m1
[0m[0;34m3[0;34m4
[0m[0;34m4[0;34m5
[0m[0;34m3[0;34m3
[0m[0;34m2[0;34m7
[0m[0;34m1[0;34m1[0;34m1[0;34m1[0;34m1[0;34m1[0;34m1[0;34m1[0;34m1[0;34m1[0;34m1[0;34m1[0;34m1[0;34m1[0;34m1
[0m[0;34m1[0;34m1[0;34m1[0;34m1[0;34m1[0;34m1[0;34m0[0;34m0[0;34m0[0;34m1[0;34m1[0;34m1[0;34m1[0;34m1[0;34m1
[0m[0;34m1[0;34m1[0;34m1[0;34m1[0;34m1[0;34m0[0;34m0[0;34m0[0;34m0[0;34m0[0;34m1[0;34m1[0;34m1[0;34m1[0;34m1
[0m[0;34m1[0;34m1[0;34m1[0;34m1[0;34m0[0;34m0[0;34m0[0;34mN[0;34m0[0;34m0[0;34m0[0;34m1[0;34m1[0;34m1[0;34m1
[0m[0;34m1[0;34m1[0;34m1[0;34m0[0;34m0[0;34m0[0;34m0[0;34m0[0;34m0[0;34m0[0;34m0[0;34m0[0;34m1[0;34m1[0;34m1
[0m[0;34m1[0;34m1[0;34m0[0;34m0[0;34m0[0;34m0[0;34m0[0;34m0[0;34m0[0;34m0[0;34m0[0;34m0[0;34m0[0;34m1[0;34m1
[0m[0;34m1[0;34m0[0;34m0[0;34m0[0;34m0[0;34m1[0;34m1[0;34m1[0;34m1[0;34m1[0;34m0[0;34m0[0;34m0[0;34m0[0;34m1
[0m[0;34m1[0;34m1[0;34m0[0;34m0[0;34m0[0;34m0[0;34m1[0;34m1[0;34m1[0;34m0[0;34m0[0;34m0[0;34m0[0;34m1[0;34m1
[0m[0;34m1[0;34m1[0;34m1[0;34m0[0;34m0[0;34m0[0;34m0[0;34m1[0;34m0[0;34m0[0;34m0[0;34m0[0;34m1[0;34m1[0;34m1
[0m[0;34m1[0;34m1[0;34m1[0;34m1[0;34m0[0;34m0[0;34m0[0;34m0[0;34m0[0;34m0[0;34m0[0;34m1[0;34m1[0;34m1[0;34m1
[0m[0;34m1[0;34m1[0;34m1[0;34m1[0;34m1[0;34m0[0;34m0[0;34m0[0;34m0[0;34m0[0;34m1[0;34m1[0;34m1[0;34m1[0;34m1
[0m[0;34m1[0;34m1[0;34m1[0;34m1[0;34m1[0;34m1[0;34m0[0;34m0[0;34m0[0;34m1[0;34m1[0;34m1[0;34m1[0;34m1[0;34m1
[0m[0;34m1[0;34m1[0;34m1[0;34m1[0;34m1[0;34m1[0;34m1[0;34m1[0;34m1[0;34m1[0;34m1[0;34m1[0;34m1[0;34m1[0;34m1
[0mExit code: 0
‚ö†Ô∏è No Valgrind alerts, but with leaks[0m  
==9714== Memcheck, a memory error detector
==9714== Copyright (C) 2002-2022, and GNU GPL'd, by Julian Seward et al.
==9714== Using Valgrind-3.22.0 and LibVEX; rerun with -h for copyright info
==9714== Command: ./cub3d ./maps/good/sad_face.cub
==9714== Parent PID: 9643
==9714== 
==9714== 
==9714== HEAP SUMMARY:
==9714==     in use at exit: 1,059 bytes in 51 blocks
==9714==   total heap usage: 152 allocs, 101 frees, 8,972 bytes allocated
==9714== 
==9714== LEAK SUMMARY:
==9714==    definitely lost: 472 bytes in 10 blocks
==9714==    indirectly lost: 587 bytes in 41 blocks
==9714==      possibly lost: 0 bytes in 0 blocks
==9714==    still reachable: 0 bytes in 0 blocks
==9714==         suppressed: 0 bytes in 0 blocks
==9714== Rerun with --leak-check=full to see details of leaked memory
==9714== 
==9714== For lists of detected and suppressed errors, rerun with: -s
==9714== ERROR SUMMARY: 0 errors from 0 contexts (suppressed: 0 from 0)
Running valgrind on ./maps/good/square_map.cub...

[0;34m [0;34m [0;34m [0;34mW[0;34mE[0;34m [0;34m [0;34m [0;34m [0;34m [0;34m [0;34m [0;34m [0;34m [0;34m [0;34m [0;34m [0;34m [0;34m [0;34m [0;34m [0;34m [0;34m [0;34m [0;34m [0;34m [0;34m [0;34m [0;34m [0;34m [0;34m [0;34m [0;34m [0;34mt[0;34me[0;34mx[0;34mt[0;34mu[0;34mr[0;34me[0;34ms[0;34m/[0;34mt[0;34me[0;34ms[0;34mt[0;34m/[0;34mw[0;34me[0;34ms[0;34mt[0;34m.[0;34mx[0;34mp[0;34mm
[0m[0;34mN[0;34mO[0;34m [0;34m [0;34m [0;34m [0;34m [0;34m [0;34mt[0;34me[0;34mx[0;34mt[0;34mu[0;34mr[0;34me[0;34ms[0;34m/[0;34mt[0;34me[0;34ms[0;34mt[0;34m/[0;34mn[0;34mo[0;34mr[0;34mt[0;34mh[0;34m.[0;34mx[0;34mp[0;34mm
[0m
[0m
[0m
[0m[0;34mS[0;34mO[0;34m [0;34mt[0;34me[0;34mx[0;34mt[0;34mu[0;34mr[0;34me[0;34ms[0;34m/[0;34mt[0;34me[0;34ms[0;34mt[0;34m/[0;34ms[0;34mo[0;34mu[0;34mt[0;34mh[0;34m.[0;34mx[0;34mp[0;34mm
[0m
[0m[0;34mF[0;34m [0;34m [0;34m [0;34m6[0;34m9[0;34m,[0;34m [0;34m2[0;34m2[0;34m2[0;34m,[0;34m [0;34m1[0;34m9[0;34m9
[0m
[0m[0;34mE[0;34mA[0;34m [0;34mt[0;34me[0;34mx[0;34mt[0;34mu[0;34mr[0;34me[0;34ms[0;34m/[0;34mt[0;34me[0;34ms[0;34mt[0;34m/[0;34me[0;34ma[0;34ms[0;34mt[0;34m.[0;34mx[0;34mp[0;34mm
[0m
[0m
[0m[0;34mC[0;34m [0;34m2[0;34m3[0;34m5[0;34m,[0;34m [0;34m1[0;34m9[0;34m8[0;34m,[0;34m [0;34m5[0;34m2
[0m
[0m[0;34m1[0;34m1[0;34m1[0;34m1[0;34m1[0;34m1[0;34m1[0;34m1[0;34m1[0;34m1[0;34m1[0;34m1[0;34m1[0;34m1[0;34m1[0;34m1[0;34m1[0;34m1[0;34m1[0;34m1[0;34m1[0;34m1[0;34m1[0;34m1
[0m[0;34m1[0;34m0[0;34m0[0;34m0[0;34m0[0;34m0[0;34m0[0;34m0[0;34m0[0;34m0[0;34m0[0;34m0[0;34m0[0;34m0[0;34m0[0;34m0[0;34m0[0;34m0[0;34m0[0;34m0[0;34m0[0;34m0[0;34m0[0;34m1
[0m[0;34m1[0;34m0[0;34m0[0;34m0[0;34m0[0;34m0[0;34m0[0;34m0[0;34m0[0;34m0[0;34m0[0;34m0[0;34m0[0;34m0[0;34m0[0;34m0[0;34m0[0;34m0[0;34m0[0;34m0[0;34m0[0;34m0[0;34m0[0;34m1
[0m[0;34m1[0;34m0[0;34m0[0;34m0[0;34m0[0;34m0[0;34m0[0;34m0[0;34m0[0;34mN[0;34m0[0;34m0[0;34m0[0;34m0[0;34m0[0;34m0[0;34m0[0;34m0[0;34m0[0;34m0[0;34m0[0;34m0[0;34m0[0;34m1
[0m[0;34m1[0;34m0[0;34m0[0;34m0[0;34m0[0;34m0[0;34m0[0;34m0[0;34m0[0;34m0[0;34m0[0;34m0[0;34m0[0;34m0[0;34m0[0;34m0[0;34m0[0;34m0[0;34m0[0;34m0[0;34m0[0;34m0[0;34m0[0;34m1
[0m[0;34m1[0;34m0[0;34m0[0;34m0[0;34m0[0;34m0[0;34m0[0;34m0[0;34m0[0;34m0[0;34m0[0;34m0[0;34m0[0;34m0[0;34m0[0;34m0[0;34m0[0;34m0[0;34m0[0;34m0[0;34m0[0;34m0[0;34m0[0;34m1
[0m[0;34m1[0;34m0[0;34m0[0;34m0[0;34m0[0;34m0[0;34m0[0;34m0[0;34m0[0;34m0[0;34m0[0;34m0[0;34m0[0;34m0[0;34m0[0;34m0[0;34m0[0;34m0[0;34m0[0;34m0[0;34m0[0;34m0[0;34m0[0;34m1
[0m[0;34m1[0;34m0[0;34m0[0;34m0[0;34m0[0;34m0[0;34m1[0;34m1[0;34m1[0;34m1[0;34m1[0;34m0[0;34m0[0;34m0[0;34m0[0;34m1[0;34m0[0;34m1[0;34m0[0;34m1[0;34m0[0;34m0[0;34m0[0;34m1
[0m[0;34m1[0;34m0[0;34m0[0;34m0[0;34m0[0;34m0[0;34m1[0;34m0[0;34m0[0;34m0[0;34m1[0;34m0[0;34m0[0;34m0[0;34m0[0;34m0[0;34m0[0;34m0[0;34m0[0;34m0[0;34m0[0;34m0[0;34m0[0;34m1
[0m[0;34m1[0;34m0[0;34m0[0;34m0[0;34m0[0;34m0[0;34m1[0;34m0[0;34m0[0;34m0[0;34m1[0;34m0[0;34m0[0;34m0[0;34m0[0;34m1[0;34m0[0;34m0[0;34m0[0;34m1[0;34m0[0;34m0[0;34m0[0;34m1
[0m[0;34m1[0;34m0[0;34m0[0;34m0[0;34m0[0;34m0[0;34m1[0;34m0[0;34m0[0;34m0[0;34m1[0;34m0[0;34m0[0;34m0[0;34m0[0;34m0[0;34m0[0;34m0[0;34m0[0;34m0[0;34m0[0;34m0[0;34m0[0;34m1
[0m[0;34m1[0;34m0[0;34m0[0;34m0[0;34m0[0;34m0[0;34m1[0;34m1[0;34m1[0;34m1[0;34m0[0;34m0[0;34m0[0;34m0[0;34m1[0;34m0[0;34m1[0;34m0[0;34m1[0;34m0[0;34m0[0;34m0[0;34m0[0;34m1
[0m[0;34m1[0;34m0[0;34m0[0;34m0[0;34m0[0;34m0[0;34m0[0;34m0[0;34m0[0;34m0[0;34m0[0;34m0[0;34m0[0;34m0[0;34m0[0;34m0[0;34m0[0;34m0[0;34m0[0;34m0[0;34m0[0;34m0[0;34m0[0;34m1
[0m[0;34m1[0;34m0[0;34m0[0;34m0[0;34m0[0;34m0[0;34m0[0;34m0[0;34m0[0;34m0[0;34m0[0;34m0[0;34m0[0;34m0[0;34m0[0;34m0[0;32m[Debug info]üõ†Ô∏è  Map info üîç
[0m[0;32m[Debug info] - Map width:[0m24
[0;32m[Debug info] - Map height:[0m27
[0;32m[Debug info]üõ†Ô∏è  Starting player position info üîç
[0m[0;32m[Debug info] - Player X:[0m9
[0;32m[Debug info] - Player Y:[0m3
[0;32m[Debug info] - Player Direction:[0mN
[0;32m[Debug info]üõ†Ô∏è  Colors info c:  üîç
[0m[0;32m[Debug info]üõ†Ô∏è  Colors info f:  üîç
[0m[0;32m[Debug info]üõ†Ô∏è  Textures info:  üîç
[0m[0;32m[Debug info] Texture north:[0mtextures/test/north.xpm
[0;32m[Debug info] Texture south:[0mtextures/test/south.xpm
[0;32m[Debug info] Texture west:[0mtextures/test/west.xpm
[0;32m[Debug info] Texture east:[0mtextures/test/east.xpm
[0;34m0[0;34m0[0;34m0[0;34m0[0;34m0[0;34m0[0;34m0[0;34m1
[0m[0;34m1[0;34m0[0;34m0[0;34m0[0;34m0[0;34m0[0;34m0[0;34m0[0;34m0[0;34m0[0;34m0[0;34m0[0;34m0[0;34m0[0;34m0[0;34m0[0;34m0[0;34m0[0;34m0[0;34m0[0;34m0[0;34m0[0;34m0[0;34m1
[0m[0;34m1[0;34m0[0;34m0[0;34m0[0;34m0[0;34m0[0;34m0[0;34m0[0;34m0[0;34m0[0;34m0[0;34m0[0;34m0[0;34m0[0;34m0[0;34m0[0;34m0[0;34m0[0;34m0[0;34m0[0;34m0[0;34m0[0;34m0[0;34m1
[0m[0;34m1[0;34m0[0;34m0[0;34m0[0;34m0[0;34m0[0;34m0[0;34m0[0;34m0[0;34m0[0;34m0[0;34m0[0;34m0[0;34m0[0;34m0[0;34m0[0;34m0[0;34m0[0;34m0[0;34m0[0;34m0[0;34m0[0;34m0[0;34m1
[0m[0;34m1[0;34m0[0;34m0[0;34m0[0;34m0[0;34m0[0;34m0[0;34m0[0;34m0[0;34m0[0;34m0[0;34m0[0;34m0[0;34m0[0;34m0[0;34m0[0;34m0[0;34m0[0;34m0[0;34m0[0;34m0[0;34m0[0;34m0[0;34m1
[0m[0;34m1[0;34m0[0;34m0[0;34m0[0;34m0[0;34m0[0;34m0[0;34m0[0;34m0[0;34m0[0;34m0[0;34m0[0;34m0[0;34m0[0;34m0[0;34m0[0;34m0[0;34m0[0;34m0[0;34m0[0;34m0[0;34m0[0;34m0[0;34m1
[0m[0;34m1[0;34m1[0;34m1[0;34m1[0;34m1[0;34m1[0;34m1[0;34m1[0;34m1[0;34m0[0;34m0[0;34m0[0;34m0[0;34m0[0;34m0[0;34m0[0;34m0[0;34m0[0;34m0[0;34m0[0;34m0[0;34m0[0;34m0[0;34m1
[0m[0;34m1[0;34m0[0;34m0[0;34m1[0;34m0[0;34m0[0;34m0[0;34m0[0;34m1[0;34m0[0;34m0[0;34m0[0;34m0[0;34m0[0;34m0[0;34m0[0;34m0[0;34m0[0;34m0[0;34m0[0;34m0[0;34m0[0;34m0[0;34m1
[0m[0;34m1[0;34m0[0;34m0[0;34m0[0;34m0[0;34m0[0;34m1[0;34m0[0;34m1[0;34m0[0;34m0[0;34m0[0;34m0[0;34m0[0;34m0[0;34m0[0;34m0[0;34m0[0;34m0[0;34m0[0;34m0[0;34m0[0;34m0[0;34m1
[0m[0;34m1[0;34m0[0;34m0[0;34m1[0;34m0[0;34m0[0;34m0[0;34m0[0;34m1[0;34m0[0;34m0[0;34m0[0;34m0[0;34m0[0;34m0[0;34m0[0;34m0[0;34m0[0;34m0[0;34m0[0;34m0[0;34m0[0;34m0[0;34m1
[0m[0;34m1[0;34m0[0;34m0[0;34m1[0;34m1[0;34m1[0;34m1[0;34m1[0;34m1[0;34m0[0;34m0[0;34m0[0;34m0[0;34m0[0;34m0[0;34m0[0;34m0[0;34m0[0;34m0[0;34m0[0;34m0[0;34m0[0;34m0[0;34m1
[0m[0;34m1[0;34m0[0;34m0[0;34m0[0;34m0[0;34m0[0;34m0[0;34m0[0;34m0[0;34m0[0;34m0[0;34m0[0;34m0[0;34m0[0;34m0[0;34m0[0;34m0[0;34m0[0;34m0[0;34m0[0;34m0[0;34m0[0;34m0[0;34m1
[0m[0;34m1[0;34m0[0;34m0[0;34m0[0;34m0[0;34m0[0;34m0[0;34m0[0;34m0[0;34m0[0;34m0[0;34m0[0;34m0[0;34m0[0;34m0[0;34m0[0;34m0[0;34m0[0;34m0[0;34m0[0;34m0[0;34m0[0;34m0[0;34m1
[0m[0;34m1[0;34m1[0;34m1[0;34m1[0;34m1[0;34m1[0;34m1[0;34m1[0;34m1[0;34m1[0;34m1[0;34m1[0;34m1[0;34m1[0;34m1[0;34m1[0;34m1[0;34m1[0;34m1[0;34m1[0;34m1[0;34m1[0;34m1[0;34m1
[0m[0;34m2[0;34m3[0;34m5
[0m[0;34m1[0;34m9[0;34m8
[0m[0;34m5[0;34m2
[0m[0;34m6[0;34m9
[0m[0;34m2[0;34m2[0;34m2
[0m[0;34m1[0;34m9[0;34m9
[0m[0;34m1[0;34m1[0;34m1[0;34m1[0;34m1[0;34m1[0;34m1[0;34m1[0;34m1[0;34m1[0;34m1[0;34m1[0;34m1[0;34m1[0;34m1[0;34m1[0;34m1[0;34m1[0;34m1[0;34m1[0;34m1[0;34m1[0;34m1[0;34m1
[0m[0;34m1[0;34m0[0;34m0[0;34m0[0;34m0[0;34m0[0;34m0[0;34m0[0;34m0[0;34m0[0;34m0[0;34m0[0;34m0[0;34m0[0;34m0[0;34m0[0;34m0[0;34m0[0;34m0[0;34m0[0;34m0[0;34m0[0;34m0[0;34m1
[0m[0;34m1[0;34m0[0;34m0[0;34m0[0;34m0[0;34m0[0;34m0[0;34m0[0;34m0[0;34m0[0;34m0[0;34m0[0;34m0[0;34m0[0;34m0[0;34m0[0;34m0[0;34m0[0;34m0[0;34m0[0;34m0[0;34m0[0;34m0[0;34m1
[0m[0;34m1[0;34m0[0;34m0[0;34m0[0;34m0[0;34m0[0;34m0[0;34m0[0;34m0[0;34mN[0;34m0[0;34m0[0;34m0[0;34m0[0;34m0[0;34m0[0;34m0[0;34m0[0;34m0[0;34m0[0;34m0[0;34m0[0;34m0[0;34m1
[0m[0;34m1[0;34m0[0;34m0[0;34m0[0;34m0[0;34m0[0;34m0[0;34m0[0;34m0[0;34m0[0;34m0[0;34m0[0;34m0[0;34m0[0;34m0[0;34m0[0;34m0[0;34m0[0;34m0[0;34m0[0;34m0[0;34m0[0;34m0[0;34m1
[0m[0;34m1[0;34m0[0;34m0[0;34m0[0;34m0[0;34m0[0;34m0[0;34m0[0;34m0[0;34m0[0;34m0[0;34m0[0;34m0[0;34m0[0;34m0[0;34m0[0;34m0[0;34m0[0;34m0[0;34m0[0;34m0[0;34m0[0;34m0[0;34m1
[0m[0;34m1[0;34m0[0;34m0[0;34m0[0;34m0[0;34m0[0;34m0[0;34m0[0;34m0[0;34m0[0;34m0[0;34m0[0;34m0[0;34m0[0;34m0[0;34m0[0;34m0[0;34m0[0;34m0[0;34m0[0;34m0[0;34m0[0;34m0[0;34m1
[0m[0;34m1[0;34m0[0;34m0[0;34m0[0;34m0[0;34m0[0;34m1[0;34m1[0;34m1[0;34m1[0;34m1[0;34m0[0;34m0[0;34m0[0;34m0[0;34m1[0;34m0[0;34m1[0;34m0[0;34m1[0;34m0[0;34m0[0;34m0[0;34m1
[0m[0;34m1[0;34m0[0;34m0[0;34m0[0;34m0[0;34m0[0;34m1[0;34m0[0;34m0[0;34m0[0;34m1[0;34m0[0;34m0[0;34m0[0;34m0[0;34m0[0;34m0[0;34m0[0;34m0[0;34m0[0;34m0[0;34m0[0;34m0[0;34m1
[0m[0;34m1[0;34m0[0;34m0[0;34m0[0;34m0[0;34m0[0;34m1[0;34m0[0;34m0[0;34m0[0;34m1[0;34m0[0;34m0[0;34m0[0;34m0[0;34m1[0;34m0[0;34m0[0;34m0[0;34m1[0;34m0[0;34m0[0;34m0[0;34m1
[0m[0;34m1[0;34m0[0;34m0[0;34m0[0;34m0[0;34m0[0;34m1[0;34m0[0;34m0[0;34m0[0;34m1[0;34m0[0;34m0[0;34m0[0;34m0[0;34m0[0;34m0[0;34m0[0;34m0[0;34m0[0;34m0[0;34m0[0;34m0[0;34m1
[0m[0;34m1[0;34m0[0;34m0[0;34m0[0;34m0[0;34m0[0;34m1[0;34m1[0;34m1[0;34m1[0;34m0[0;34m0[0;34m0[0;34m0[0;34m1[0;34m0[0;34m1[0;34m0[0;34m1[0;34m0[0;34m0[0;34m0[0;34m0[0;34m1
[0m[0;34m1[0;34m0[0;34m0[0;34m0[0;34m0[0;34m0[0;34m0[0;34m0[0;34m0[0;34m0[0;34m0[0;34m0[0;34m0[0;34m0[0;34m0[0;34m0[0;34m0[0;34m0[0;34m0[0;34m0[0;34m0[0;34m0[0;34m0[0;34m1
[0m[0;34m1[0;34m0[0;34m0[0;34m0[0;34m0[0;34m0[0;34m0[0;34m0[0;34m0[0;34m0[0;34m0[0;34m0[0;34m0[0;34m0[0;34m0[0;34m0[0;34m0[0;34m0[0;34m0[0;34m0[0;34m0[0;34m0[0;34m0[0;34m1
[0m[0;34m1[0;34m0[0;34m0[0;34m0[0;34m0[0;34m0[0;34m0[0;34m0[0;34m0[0;34m0[0;34m0[0;34m0[0;34m0[0;34m0[0;34m0[0;34m0[0;34m0[0;34m0[0;34m0[0;34m0[0;34m0[0;34m0[0;34m0[0;34m1
[0m[0;34m1[0;34m0[0;34m0[0;34m0[0;34m0[0;34m0[0;34m0[0;34m0[0;34m0[0;34m0[0;34m0[0;34m0[0;34m0[0;34m0[0;34m0[0;34m0[0;34m0[0;34m0[0;34m0[0;34m0[0;34m0[0;34m0[0;34m0[0;34m1
[0m[0;34m1[0;34m0[0;34m0[0;34m0[0;34m0[0;34m0[0;34m0[0;34m0[0;34m0[0;34m0[0;34m0[0;34m0[0;34m0[0;34m0[0;34m0[0;34m0[0;34m0[0;34m0[0;34m0[0;34m0[0;34m0[0;34m0[0;34m0[0;34m1
[0m[0;34m1[0;34m0[0;34m0[0;34m0[0;34m0[0;34m0[0;34m0[0;34m0[0;34m0[0;34m0[0;34m0[0;34m0[0;34m0[0;34m0[0;34m0[0;34m0[0;34m0[0;34m0[0;34m0[0;34m0[0;34m0[0;34m0[0;34m0[0;34m1
[0m[0;34m1[0;34m0[0;34m0[0;34m0[0;34m0[0;34m0[0;34m0[0;34m0[0;34m0[0;34m0[0;34m0[0;34m0[0;34m0[0;34m0[0;34m0[0;34m0[0;34m0[0;34m0[0;34m0[0;34m0[0;34m0[0;34m0[0;34m0[0;34m1
[0m[0;34m1[0;34m1[0;34m1[0;34m1[0;34m1[0;34m1[0;34m1[0;34m1[0;34m1[0;34m0[0;34m0[0;34m0[0;34m0[0;34m0[0;34m0[0;34m0[0;34m0[0;34m0[0;34m0[0;34m0[0;34m0[0;34m0[0;34m0[0;34m1
[0m[0;34m1[0;34m0[0;34m0[0;34m1[0;34m0[0;34m0[0;34m0[0;34m0[0;34m1[0;34m0[0;34m0[0;34m0[0;34m0[0;34m0[0;34m0[0;34m0[0;34m0[0;34m0[0;34m0[0;34m0[0;34m0[0;34m0[0;34m0[0;34m1
[0m[0;34m1[0;34m0[0;34m0[0;34m0[0;34m0[0;34m0[0;34m1[0;34m0[0;34m1[0;34m0[0;34m0[0;34m0[0;34m0[0;34m0[0;34m0[0;34m0[0;34m0[0;34m0[0;34m0[0;34m0[0;34m0[0;34m0[0;34m0[0;34m1
[0m[0;34m1[0;34m0[0;34m0[0;34m1[0;34m0[0;34m0[0;34m0[0;34m0[0;34m1[0;34m0[0;34m0[0;34m0[0;34m0[0;34m0[0;34m0[0;34m0[0;34m0[0;34m0[0;34m0[0;34m0[0;34m0[0;34m0[0;34m0[0;34m1
[0m[0;34m1[0;34m0[0;34m0[0;34m1[0;34m1[0;34m1[0;34m1[0;34m1[0;34m1[0;34m0[0;34m0[0;34m0[0;34m0[0;34m0[0;34m0[0;34m0[0;34m0[0;34m0[0;34m0[0;34m0[0;34m0[0;34m0[0;34m0[0;34m1
[0m[0;34m1[0;34m0[0;34m0[0;34m0[0;34m0[0;34m0[0;34m0[0;34m0[0;34m0[0;34m0[0;34m0[0;34m0[0;34m0[0;34m0[0;34m0[0;34m0[0;34m0[0;34m0[0;34m0[0;34m0[0;34m0[0;34m0[0;34m0[0;34m1
[0m[0;34m1[0;34m0[0;34m0[0;34m0[0;34m0[0;34m0[0;34m0[0;34m0[0;34m0[0;34m0[0;34m0[0;34m0[0;34m0[0;34m0[0;34m0[0;34m0[0;34m0[0;34m0[0;34m0[0;34m0[0;34m0[0;34m0[0;34m0[0;34m1
[0m[0;34m1[0;34m1[0;34m1[0;34m1[0;34m1[0;34m1[0;34m1[0;34m1[0;34m1[0;34m1[0;34m1[0;34m1[0;34m1[0;34m1[0;34m1[0;34m1[0;34m1[0;34m1[0;34m1[0;34m1[0;34m1[0;34m1[0;34m1[0;34m1
[0mExit code: 0
‚ö†Ô∏è No Valgrind alerts, but with leaks[0m  
==9717== Memcheck, a memory error detector
==9717== Copyright (C) 2002-2022, and GNU GPL'd, by Julian Seward et al.
==9717== Using Valgrind-3.22.0 and LibVEX; rerun with -h for copyright info
==9717== Command: ./cub3d ./maps/good/square_map.cub
==9717== Parent PID: 9643
==9717== 
==9717== 
==9717== HEAP SUMMARY:
==9717==     in use at exit: 2,338 bytes in 84 blocks
==9717==   total heap usage: 277 allocs, 193 frees, 17,008 bytes allocated
==9717== 
==9717== LEAK SUMMARY:
==9717==    definitely lost: 744 bytes in 10 blocks
==9717==    indirectly lost: 1,594 bytes in 74 blocks
==9717==      possibly lost: 0 bytes in 0 blocks
==9717==    still reachable: 0 bytes in 0 blocks
==9717==         suppressed: 0 bytes in 0 blocks
==9717== Rerun with --leak-check=full to see details of leaked memory
==9717== 
==9717== For lists of detected and suppressed errors, rerun with: -s
==9717== ERROR SUMMARY: 0 errors from 0 contexts (suppressed: 0 from 0)
Running valgrind on ./maps/good/subject_map.cub...

[0;34mN[0;34mO[0;34m [0;34mt[0;34me[0;34mx[0;34mt[0;34mu[0;34mr[0;34me[0;34ms[0;34m/[0;34mt[0;34me[0;34ms[0;34mt[0;34m/[0;34mn[0;34mo[0;34mr[0;34mt[0;34mh[0;34m.[0;34mx[0;34mp[0;34mm
[0m[0;34mS[0;34mO[0;34m [0;34mt[0;34me[0;34mx[0;34mt[0;34mu[0;34mr[0;34me[0;34ms[0;34m/[0;34mt[0;34me[0;34ms[0;34mt[0;34m/[0;34ms[0;34mo[0;34mu[0;34mt[0;34mh[0;34m.[0;34mx[0;34mp[0;34mm
[0m[0;34mW[0;34mE[0;34m [0;34mt[0;34me[0;34mx[0;34mt[0;34mu[0;34mr[0;34me[0;34ms[0;34m/[0;34mt[0;34me[0;34ms[0;34mt[0;34m/[0;34mw[0;34me[0;34ms[0;34mt[0;34m.[0;34mx[0;34mp[0;34mm
[0m[0;34mE[0;34mA[0;34m [0;34mt[0;34me[0;34mx[0;34mt[0;34mu[0;34mr[0;34me[0;34ms[0;34m/[0;34mt[0;34me[0;34ms[0;34mt[0;34m/[0;34me[0;34ma[0;34ms[0;34mt[0;34m.[0;34mx[0;34mp[0;34mm
[0m
[0m[0;34mF[0;34m [0;34m2[0;34m2[0;34m0[0;34m,[0;34m1[0;34m0[0;34m0[0;34m,[0;34m0
[0m[0;34mC[0;34m [0;34m2[0;34m2[0;34m5[0;34m,[0;34m3[0;34m0[0;34m,[0;34m0
[0m
[0m[0;34m [0;34m [0;34m [0;34m [0;34m [0;34m [0;34m [0;34m [0;34m1[0;34m1[0;34m1[0;34m1[0;34m1[0;34m1[0;34m1[0;34m1[0;34m1[0;34m1[0;34m1[0;34m1[0;34m1[0;34m1[0;34m1[0;34m1[0;34m1[0;34m1[0;34m1[0;34m1[0;34m1[0;34m1[0;34m1[0;34m1[0;34m1
[0m[0;34m [0;34m [0;34m [0;34m [0;34m [0;34m [0;34m [0;34m [0;34m1[0;34m0[0;34m0[0;34m0[0;34m0[0;34m0[0;34m0[0;34m0[0;34m0[0;34m0[0;34m1[0;34m1[0;34m0[0;34m0[0;34m0[0;34m0[0;34m0[0;34m0[0;34m0[0;34m0[0;34m0[0;34m0[0;34m0[0;34m0[0;34m1
[0m[0;34m [0;34m [0;34m [0;34m [0;34m [0;34m [0;34m [0;34m [0;34m1[0;34m0[0;34m1[0;34m1[0;34m0[0;34m0[0;34m0[0;34m0[0;34m0[0;34m1[0;34m1[0;34m1[0;34m0[0;34m0[0;34m0[0;34m0[0;34m0[0;34m0[0;34m0[0;34m0[0;34m0[0;34m0[0;34m0[0;34m0[0;34m1
[0m[0;34m [0;34m [0;34m [0;34m [0;34m [0;34m [0;34m [0;34m [0;34m1[0;34m0[0;34m0[0;34m1[0;34m0[0;34m0[0;34m0[0;34m0[0;34m0[0;34m0[0;34m0[0;34m0[0;34m0[0;34m0[0;34m0[0;34m0[0;34m0[0;34m0[0;34m0[0;34m0[0;34m0[0;34m0[0;34m0[0;34m0[0;34m1
[0m[0;34m1[0;34m1[0;34m1[0;34m1[0;34m1[0;34m1[0;34m1[0;34m1[0;34m1[0;34m0[0;34m1[0;34m1[0;34m0[0;34m0[0;34m0[0;34m0[0;34m0[0;34m1[0;34m1[0;34m1[0;34m0[0;34m0[0;34m0[0;34m0[0;34m0[0;34m0[0;34m0[0;34m0[0;34m0[0;34m0[0;34m0[0;34m0[0;34m1
[0m[0;34m1[0;34m0[0;34m0[0;34m0[0;34m0[0;34m0[0;34m0[0;34m0[0;34m0[0;34m0[0;34m1[0;34m1[0;34m0[0;34m0[0;34m0[0;34m0[0;34m0[0;34m1[0;34m1[0;34m1[0;34m0[0;34m1[0;34m1[0;34m1[0;34m1[0;34m1[0;34m1[0;34m1[0;34m1[0;34m1[0;34m1[0;34m1[0;34m1
[0m[0;34m1[0;34m1[0;34m1[0;34m1[0;34m0[0;34m1[0;34m1[0;34m1[0;34m1[0;34m1[0;34m1[0;34m1[0;34m1[0;34m1[0;34m0[0;34m1[0;34m1[0;34m1[0;34m0[0;34m0[0;34m0[0;34m0[0;34m0[0;34m0[0;34m1[0;34m0[0;34m0[0;34m0[0;34m1
[0m[0;34m1[0;34m1[0;34m1[0;34m1[0;34m0[0;34m1[0;34m1[0;34m1[0;34m1[0;34m1[0;34m1[0;34m1[0;34m1[0;34m1[0;34m0[0;34m1[0;34m1[0;34m1[0;34m0[0;34m1[0;34m0[0;34m1[0;34m0[0;34m0[0;34m1[0;34m0[0;34m0[0;34m0[0;34m1
[0m[0;34m1[0;34m1[0;34m0[0;34m0[0;34m0[0;34m0[0;34m0[0;34m0[0;34m1[0;34m1[0;34m0[0;34m1[0;34m0[0;34m1[0;34m0[0;34m1[0;34m1[0;34m1[0;34m0[0;34m0[0;34m0[0;34m0[0;34m0[0;34m0[0;34m1[0;34m0[0;34m0[0;34m0[0;34m1
[0m[0;34m1[0;34m0[0;34m0[0;34m0[0;34m0[0;34m0[0;34m0[0;34m0[0;34m0[0;34m0[0;34m0[0;34m0[0;34m0[0;34m0[0;34m0[0;34m0[0;34m1[0;34m1[0;34m0[0;34m0[0;34m0[0;34m0[0;34m0[0;34m0[0;34m1[0;34m0[0;34m0[0;34m0[0;34m1
[0m[0;34m1[0;34m0[0;34m0[0;34m0[0;34m0[0;34m0[0;34m0[0;34m0[0;34m0[0;34m0[0;34m0[0;34m0[0;34m0[0;34m0[0;34m0[0;34m0[0;34m1[0;34m1[0;34m0[0;34m1[0;34m0[0;34m1[0;34m0[0;34m0[0;34m1[0;34m0[0;34m0[0;34m0[0;34m1
[0m[0;34m1[0;34m1[0;34m0[0;34m0[0;34m0[0;34m0[0;34m0[0;34m1[0;34m1[0;34m1[0;34m0[0;34m1[0;34m0[0;34m1[0;34m0[0;34m1[0;34m1[0;34m1[0;34m1[0;34m1[0;34m0[0;34m1[0;34m1[0;34m1[0;34m1[0;34m0[0;34mN[0;34m0[0;34m1[0;34m1[0;34m1
[0m[0;34m1[0;34m1[0;[0;31m Error:[Map check in file] Invalid map placement or format
[0m 34m1[0;34m1[0;34m0[0;34m1[0;34m1[0;34m1[0;34m [0;34m1[0;34m1[0;34m1[0;34m0[0;34m1[0;34m0[0;34m1[0;34m [0;34m1[0;34m0[0;34m1[0;34m1[0;34m1[0;34m1[0;34m0[0;34m1[0;34m0[0;34m0[0;34m0[0;34m1
[0m[0;34m1[0;34m1[0;34m1[0;34m1[0;34m1[0;34m1[0;34m1[0;34m1[0;34m [0;34m1[0;34m1[0;34m1[0;34m1[0;34m1[0;34m1[0;34m1[0;34m [0;34m1[0;34m1[0;34m1[0;34m1[0;34m1[0;34m1[0;34m1[0;34m1[0;34m1[0;34m1[0;34m1[0;34m1
[0mExit code: 1
‚ö†Ô∏è No Valgrind alerts, but with leaks[0m  
==9720== Memcheck, a memory error detector
==9720== Copyright (C) 2002-2022, and GNU GPL'd, by Julian Seward et al.
==9720== Using Valgrind-3.22.0 and LibVEX; rerun with -h for copyright info
==9720== Command: ./cub3d ./maps/good/subject_map.cub
==9720== Parent PID: 9643
==9720== 
==9720== 
==9720== HEAP SUMMARY:
==9720==     in use at exit: 783 bytes in 23 blocks
==9720==   total heap usage: 119 allocs, 96 frees, 8,871 bytes allocated
==9720== 
==9720== LEAK SUMMARY:
==9720==    definitely lost: 184 bytes in 1 blocks
==9720==    indirectly lost: 599 bytes in 22 blocks
==9720==      possibly lost: 0 bytes in 0 blocks
==9720==    still reachable: 0 bytes in 0 blocks
==9720==         suppressed: 0 bytes in 0 blocks
==9720== Rerun with --leak-check=full to see details of leaked memory
==9720== 
==9720== For lists of detected and suppressed errors, rerun with: -s
==9720== ERROR SUMMARY: 0 errors from 0 contexts (suppressed: 0 from 0)
Running valgrind on ./maps/good/test_map.cub...

[0;32m[Debug info]üõ†Ô∏è  Map info üîç
[0m[0;32m[Debug info] - Map width:[0m12
[0;32m[Debug info] - Map height:[0m8
[0;32m[Debug info]üõ†Ô∏è  Starting player position info üîç
[0m[0;32m[Debug info] - Player X:[0m2
[0;32m[Debug info] - Player Y:[0m4
[0;32m[Debug info] - Player Direction:[0mS
[0;32m[Debug info]üõ†Ô∏è  Colors info c:  üîç
[0m[0;32m[Debug info]üõ†Ô∏è  Colors info f:  üîç
[0m[0;32m[Debug info]üõ†Ô∏è  Textures info:  üîç
[0m[0;32m[Debug info] Texture north:[0mtextures/test/north.xpm
[0;32m[Debug info] Texture south:[0mtextures/test/south.xpm
[0;32m[Debug info] Texture west:[0mtextures/test/west.xpm
[0;32m[Debug info] Texture east:[0mtextures/test/east.xpm
[0;34mN[0;34mO[0;34m [0;34mt[0;34me[0;34mx[0;34mt[0;34mu[0;34mr[0;34me[0;34ms[0;34m/[0;34mt[0;34me[0;34ms[0;34mt[0;34m/[0;34mn[0;34mo[0;34mr[0;34mt[0;34mh[0;34m.[0;34mx[0;34mp[0;34mm
[0m[0;34mS[0;34mO[0;34m [0;34mt[0;34me[0;34mx[0;34mt[0;34mu[0;34mr[0;34me[0;34ms[0;34m/[0;34mt[0;34me[0;34ms[0;34mt[0;34m/[0;34ms[0;34mo[0;34mu[0;34mt[0;34mh[0;34m.[0;34mx[0;34mp[0;34mm
[0m[0;34mW[0;34mE[0;34m [0;34mt[0;34me[0;34mx[0;34mt[0;34mu[0;34mr[0;34me[0;34ms[0;34m/[0;34mt[0;34me[0;34ms[0;34mt[0;34m/[0;34mw[0;34me[0;34ms[0;34mt[0;34m.[0;34mx[0;34mp[0;34mm
[0m[0;34mE[0;34mA[0;34m [0;34mt[0;34me[0;34mx[0;34mt[0;34mu[0;34mr[0;34me[0;34ms[0;34m/[0;34mt[0;34me[0;34ms[0;34mt[0;34m/[0;34me[0;34ma[0;34ms[0;34mt[0;34m.[0;34mx[0;34mp[0;34mm
[0m
[0m[0;34mF[0;34m [0;34m1[0;34m8[0;34m,[0;34m5[0;34m3[0;34m,[0;34m2[0;34m5
[0m[0;34mC[0;34m [0;34m1[0;34m5[0;34m3[0;34m,[0;34m2[0;34m0[0;34m4[0;34m,[0;34m2[0;34m5[0;34m5
[0m
[0m[0;34m1[0;34m1[0;34m1[0;34m1[0;34m1[0;34m1[0;34m1[0;34m1[0;34m1[0;34m1[0;34m1[0;34m1
[0m[0;34m1[0;34m [0;34m [0;34m [0;34m [0;34m [0;34m [0;34m [0;34m [0;34m [0;34m1[0;34m1
[0m[0;34m1[0;34m [0;34m [0;34m [0;34m [0;34m [0;34m [0;34m [0;34m [0;34m [0;34m [0;34m1
[0m[0;34m1[0;34m1[0;34m1[0;34m1[0;34m1[0;34m1[0;34m1[0;34m1[0;34m1[0;34m1[0;34m1[0;34m1
[0m[0;34m1[0;34m0[0;34mS[0;34m0[0;34m0[0;34m0[0;34m0[0;34m0[0;34m0[0;34m0[0;34m0[0;34m1
[0m[0;34m1[0;34m1[0;34m1[0;34m1[0;34m1[0;34m1[0;34m1[0;34m1[0;34m1[0;34m1[0;34m1[0;34m1
[0m[0;34m1[0;34m1[0;34m [0;34m [0;34m [0;34m [0;34m [0;34m [0;34m [0;34m [0;34m [0;34m1
[0m[0;34m1[0;34m1[0;34m1[0;34m1[0;34m1[0;34m1[0;34m1[0;34m1[0;34m1[0;34m1[0;34m1[0;34m1
[0m[0;34m1[0;34m5[0;34m3
[0m[0;34m2[0;34m0[0;34m4
[0m[0;34m2[0;34m5[0;34m5
[0m[0;34m1[0;34m8
[0m[0;34m5[0;34m3
[0m[0;34m2[0;34m5
[0m[0;34m1[0;34m1[0;34m1[0;34m1[0;34m1[0;34m1[0;34m1[0;34m1[0;34m1[0;34m1[0;34m1[0;34m1
[0m[0;34m1[0;34m1[0;34m1[0;34m1[0;34m1[0;34m1[0;34m1[0;34m1[0;34m1[0;34m1[0;34m1[0;34m1
[0m[0;34m1[0;34m1[0;34m1[0;34m1[0;34m1[0;34m1[0;34m1[0;34m1[0;34m1[0;34m1[0;34m1[0;34m1
[0m[0;34m1[0;34m1[0;34m1[0;34m1[0;34m1[0;34m1[0;34m1[0;34m1[0;34m1[0;34m1[0;34m1[0;34m1
[0m[0;34m1[0;34m0[0;34mS[0;34m0[0;34m0[0;34m0[0;34m0[0;34m0[0;34m0[0;34m0[0;34m0[0;34m1
[0m[0;34m1[0;34m1[0;34m1[0;34m1[0;34m1[0;34m1[0;34m1[0;34m1[0;34m1[0;34m1[0;34m1[0;34m1
[0m[0;34m1[0;34m1[0;34m1[0;34m1[0;34m1[0;34m1[0;34m1[0;34m1[0;34m1[0;34m1[0;34m1[0;34m1
[0m[0;34m1[0;34m1[0;34m1[0;34m1[0;34m1[0;34m1[0;34m1[0;34m1[0;34m1[0;34m1[0;34m1[0;34m1
[0mExit code: 0
‚ö†Ô∏è No Valgrind alerts, but with leaks[0m  
==9723== Memcheck, a memory error detector
==9723== Copyright (C) 2002-2022, and GNU GPL'd, by Julian Seward et al.
==9723== Using Valgrind-3.22.0 and LibVEX; rerun with -h for copyright info
==9723== Command: ./cub3d ./maps/good/test_map.cub
==9723== Parent PID: 9643
==9723== 
==9723== 
==9723== HEAP SUMMARY:
==9723==     in use at exit: 765 bytes in 40 blocks
==9723==   total heap usage: 113 allocs, 73 frees, 7,229 bytes allocated
==9723== 
==9723== LEAK SUMMARY:
==9723==    definitely lost: 387 bytes in 10 blocks
==9723==    indirectly lost: 378 bytes in 30 blocks
==9723==      possibly lost: 0 bytes in 0 blocks
==9723==    still reachable: 0 bytes in 0 blocks
==9723==         suppressed: 0 bytes in 0 blocks
==9723== Rerun with --leak-check=full to see details of leaked memory
==9723== 
==9723== For lists of detected and suppressed errors, rerun with: -s
==9723== ERROR SUMMARY: 0 errors from 0 contexts (suppressed: 0 from 0)
Running valgrind on ./maps/good/test_map_hole.cub...

[0;32m[Debug info]üõ†Ô∏è  Map info üîç
[0m[0;32m[Debug info] - Map width:[0m12
[0;32m[Debug info] - Map height:[0m8
[0;32m[Debug info]üõ†Ô∏è  Starting player position info üîç
[0m[0;32m[Debug info] - Player X:[0m2
[0;32m[Debug info] - Player Y:[0m4
[0;32m[Debug info] - Player Direction:[0mS
[0;32m[Debug info]üõ†Ô∏è  Colors info c:  üîç
[0m[0;32m[Debug info]üõ†Ô∏è  Colors info f:  üîç
[0m[0;32m[Debug info]üõ†Ô∏è  Textures info:  üîç
[0m[0;32m[Debug info] Texture north:[0mtextures/test/north.xpm
[0;32m[Debug info] Texture south:[0mtextures/test/south.xpm
[0;32m[Debug info] Texture west:[0mtextures/test/west.xpm
[0;32m[Debug info] Texture east:[0mtextures/test/east.xpm
[0;34mN[0;34mO[0;34m [0;34mt[0;34me[0;34mx[0;34mt[0;34mu[0;34mr[0;34me[0;34ms[0;34m/[0;34mt[0;34me[0;34ms[0;34mt[0;34m/[0;34mn[0;34mo[0;34mr[0;34mt[0;34mh[0;34m.[0;34mx[0;34mp[0;34mm
[0m[0;34mS[0;34mO[0;34m [0;34mt[0;34me[0;34mx[0;34mt[0;34mu[0;34mr[0;34me[0;34ms[0;34m/[0;34mt[0;34me[0;34ms[0;34mt[0;34m/[0;34ms[0;34mo[0;34mu[0;34mt[0;34mh[0;34m.[0;34mx[0;34mp[0;34mm
[0m[0;34mW[0;34mE[0;34m [0;34mt[0;34me[0;34mx[0;34mt[0;34mu[0;34mr[0;34me[0;34ms[0;34m/[0;34mt[0;34me[0;34ms[0;34mt[0;34m/[0;34mw[0;34me[0;34ms[0;34mt[0;34m.[0;34mx[0;34mp[0;34mm
[0m[0;34mE[0;34mA[0;34m [0;34mt[0;34me[0;34mx[0;34mt[0;34mu[0;34mr[0;34me[0;34ms[0;34m/[0;34mt[0;34me[0;34ms[0;34mt[0;34m/[0;34me[0;34ma[0;34ms[0;34mt[0;34m.[0;34mx[0;34mp[0;34mm
[0m
[0m[0;34mF[0;34m [0;34m1[0;34m8[0;34m,[0;34m5[0;34m3[0;34m,[0;34m2[0;34m5
[0m[0;34mC[0;34m [0;34m1[0;34m5[0;34m3[0;34m,[0;34m2[0;34m0[0;34m4[0;34m,[0;34m2[0;34m5[0;34m5
[0m
[0m[0;34m1[0;34m1[0;34m1[0;34m1[0;34m1[0;34m1[0;34m1[0;34m1[0;34m1[0;34m1[0;34m1[0;34m1
[0m[0;34m1[0;34m [0;34m [0;34m [0;34m [0;34m [0;34m [0;34m [0;34m [0;34m [0;34m1[0;34m1
[0m[0;34m1[0;34m [0;34m [0;34m [0;34m [0;34m [0;34m [0;34m [0;34m0[0;34m0[0;34m0[0;34m1
[0m[0;34m1[0;34m0[0;34m0[0;34m0[0;34m0[0;34m0[0;34m0[0;34m [0;34m0[0;34m0[0;34m1[0;34m1
[0m[0;34m1[0;34m0[0;34mS[0;34m0[0;34m0[0;34m0[0;34m0[0;34m0[0;34m0[0;34m0[0;34m0[0;34m1
[0m[0;34m1[0;34m1[0;34m1[0;34m1[0;34m1[0;34m1[0;34m1[0;34m1[0;34m1[0;34m1[0;34m1[0;34m1
[0m[0;34m1[0;34m1[0;34m [0;34m [0;34m [0;34m [0;34m [0;34m [0;34m [0;34m [0;34m [0;34m1
[0m[0;34m1[0;34m1[0;34m1[0;34m1[0;34m1[0;34m1[0;34m1[0;34m1[0;34m1[0;34m1[0;34m1[0;34m1
[0m[0;34m1[0;34m5[0;34m3
[0m[0;34m2[0;34m0[0;34m4
[0m[0;34m2[0;34m5[0;34m5
[0m[0;34m1[0;34m8
[0m[0;34m5[0;34m3
[0m[0;34m2[0;34m5
[0m[0;34m1[0;34m1[0;34m1[0;34m1[0;34m1[0;34m1[0;34m1[0;34m1[0;34m1[0;34m1[0;34m1[0;34m1
[0m[0;34m1[0;34m1[0;34m1[0;34m1[0;34m1[0;34m1[0;34m1[0;34m1[0;34m1[0;34m1[0;34m1[0;34m1
[0m[0;34m1[0;34m1[0;34m1[0;34m1[0;34m1[0;34m1[0;34m1[0;34m1[0;34m0[0;34m0[0;34m0[0;34m1
[0m[0;34m1[0;34m0[0;34m0[0;34m0[0;34m0[0;34m0[0;34m0[0;34m1[0;34m0[0;34m0[0;34m1[0;34m1
[0m[0;34m1[0;34m0[0;34mS[0;34m0[0;34m0[0;34m0[0;34m0[0;34m0[0;34m0[0;34m0[0;34m0[0;34m1
[0m[0;34m1[0;34m1[0;34m1[0;34m1[0;34m1[0;34m1[0;34m1[0;34m1[0;34m1[0;34m1[0;34m1[0;34m1
[0m[0;34m1[0;34m1[0;34m1[0;34m1[0;34m1[0;34m1[0;34m1[0;34m1[0;34m1[0;34m1[0;34m1[0;34m1
[0m[0;34m1[0;34m1[0;34m1[0;34m1[0;34m1[0;34m1[0;34m1[0;34m1[0;34m1[0;34m1[0;34m1[0;34m1
[0mExit code: 0
‚ö†Ô∏è No Valgrind alerts, but with leaks[0m  
==9726== Memcheck, a memory error detector
==9726== Copyright (C) 2002-2022, and GNU GPL'd, by Julian Seward et al.
==9726== Using Valgrind-3.22.0 and LibVEX; rerun with -h for copyright info
==9726== Command: ./cub3d ./maps/good/test_map_hole.cub
==9726== Parent PID: 9643
==9726== 
==9726== 
==9726== HEAP SUMMARY:
==9726==     in use at exit: 765 bytes in 40 blocks
==9726==   total heap usage: 113 allocs, 73 frees, 7,229 bytes allocated
==9726== 
==9726== LEAK SUMMARY:
==9726==    definitely lost: 387 bytes in 10 blocks
==9726==    indirectly lost: 378 bytes in 30 blocks
==9726==      possibly lost: 0 bytes in 0 blocks
==9726==    still reachable: 0 bytes in 0 blocks
==9726==         suppressed: 0 bytes in 0 blocks
==9726== Rerun with --leak-check=full to see details of leaked memory
==9726== 
==9726== For lists of detected and suppressed errors, rerun with: -s
==9726== ERROR SUMMARY: 0 errors from 0 contexts (suppressed: 0 from 0)
Running valgrind on ./maps/good/test_pos_bottom.cub...

[0;32m[Debug info]üõ†Ô∏è  Map info üîç
[0m[0;32m[Debug info] - Map width:[0m3
[0;32m[Debug info] - Map height:[0m13
[0;32m[Debug info]üõ†Ô∏è  Starting player position info üîç
[0m[0;32m[Debug info] - Player X:[0m1
[0;32m[Debug info] - Player Y:[0m11
[0;32m[Debug info] - Player Direction:[0mS
[0;32m[Debug info]üõ†Ô∏è  Colors info c:  üîç
[0m[0;32m[Debug info]üõ†Ô∏è  Colors info f:  üîç
[0m[0;32m[Debug info]üõ†Ô∏è  Textures info:  üîç
[0m[0;32m[Debug info] Texture north:[0mtextures/test/north.xpm
[0;32m[Debug info] Texture south:[0mtextures/test/south.xpm
[0;32m[Debug info] Texture west:[0mtextures/test/west.xpm
[0;32m[Debug info] Texture east:[0mtextures/test/east.xpm
[0;34mN[0;34mO[0;34m [0;34mt[0;34me[0;34mx[0;34mt[0;34mu[0;34mr[0;34me[0;34ms[0;34m/[0;34mt[0;34me[0;34ms[0;34mt[0;34m/[0;34mn[0;34mo[0;34mr[0;34mt[0;34mh[0;34m.[0;34mx[0;34mp[0;34mm
[0m[0;34mS[0;34mO[0;34m [0;34mt[0;34me[0;34mx[0;34mt[0;34mu[0;34mr[0;34me[0;34ms[0;34m/[0;34mt[0;34me[0;34ms[0;34mt[0;34m/[0;34ms[0;34mo[0;34mu[0;34mt[0;34mh[0;34m.[0;34mx[0;34mp[0;34mm
[0m[0;34mW[0;34mE[0;34m [0;34mt[0;34me[0;34mx[0;34mt[0;34mu[0;34mr[0;34me[0;34ms[0;34m/[0;34mt[0;34me[0;34ms[0;34mt[0;34m/[0;34mw[0;34me[0;34ms[0;34mt[0;34m.[0;34mx[0;34mp[0;34mm
[0m[0;34mE[0;34mA[0;34m [0;34mt[0;34me[0;34mx[0;34mt[0;34mu[0;34mr[0;34me[0;34ms[0;34m/[0;34mt[0;34me[0;34ms[0;34mt[0;34m/[0;34me[0;34ma[0;34ms[0;34mt[0;34m.[0;34mx[0;34mp[0;34mm
[0m
[0m[0;34mF[0;34m [0;34m2[0;34m0[0;34m,[0;34m2[0;34m0[0;34m,[0;34m2[0;34m0
[0m[0;34mC[0;34m [0;34m2[0;34m0[0;34m0[0;34m,[0;34m2[0;34m0[0;34m0[0;34m,[0;34m2[0;34m0[0;34m0
[0m
[0m[0;34m1[0;34m1[0;34m1
[0m[0;34m1[0;34m0[0;34m1
[0m[0;34m1[0;34m0[0;34m1
[0m[0;34m1[0;34m0[0;34m1
[0m[0;34m1[0;34m0[0;34m1
[0m[0;34m1[0;34m0[0;34m1
[0m[0;34m1[0;34m0[0;34m1
[0m[0;34m1[0;34m0[0;34m1
[0m[0;34m1[0;34m0[0;34m1
[0m[0;34m1[0;34m0[0;34m1
[0m[0;34m1[0;34m0[0;34m1
[0m[0;34m1[0;34mS[0;34m1
[0m[0;34m1[0;34m1[0;34m1
[0m[0;34m2[0;34m0[0;34m0
[0m[0;34m2[0;34m0[0;34m0
[0m[0;34m2[0;34m0[0;34m0
[0m[0;34m2[0;34m0
[0m[0;34m2[0;34m0
[0m[0;34m2[0;34m0
[0m[0;34m1[0;34m1[0;34m1
[0m[0;34m1[0;34m0[0;34m1
[0m[0;34m1[0;34m0[0;34m1
[0m[0;34m1[0;34m0[0;34m1
[0m[0;34m1[0;34m0[0;34m1
[0m[0;34m1[0;34m0[0;34m1
[0m[0;34m1[0;34m0[0;34m1
[0m[0;34m1[0;34m0[0;34m1
[0m[0;34m1[0;34m0[0;34m1
[0m[0;34m1[0;34m0[0;34m1
[0m[0;34m1[0;34m0[0;34m1
[0m[0;34m1[0;34mS[0;34m1
[0m[0;34m1[0;34m1[0;34m1
[0mExit code: 0
‚ö†Ô∏è No Valgrind alerts, but with leaks[0m  
==9729== Memcheck, a memory error detector
==9729== Copyright (C) 2002-2022, and GNU GPL'd, by Julian Seward et al.
==9729== Using Valgrind-3.22.0 and LibVEX; rerun with -h for copyright info
==9729== Command: ./cub3d ./maps/good/test_pos_bottom.cub
==9729== Parent PID: 9643
==9729== 
==9729== 
==9729== HEAP SUMMARY:
==9729==     in use at exit: 746 bytes in 50 blocks
==9729==   total heap usage: 141 allocs, 91 frees, 8,007 bytes allocated
==9729== 
==9729== LEAK SUMMARY:
==9729==    definitely lost: 467 bytes in 10 blocks
==9729==    indirectly lost: 279 bytes in 40 blocks
==9729==      possibly lost: 0 bytes in 0 blocks
==9729==    still reachable: 0 bytes in 0 blocks
==9729==         suppressed: 0 bytes in 0 blocks
==9729== Rerun with --leak-check=full to see details of leaked memory
==9729== 
==9729== For lists of detected and suppressed errors, rerun with: -s
==9729== ERROR SUMMARY: 0 errors from 0 contexts (suppressed: 0 from 0)
Running valgrind on ./maps/good/test_pos_left.cub...

[0;32m[Debug info]üõ†Ô∏è  Map info üîç
[0m[0;32m[Debug info] - Map width:[0m21
[0;32m[Debug info] - Map height:[0m3
[0;32m[Debug info]üõ†Ô∏è  Starting player position info üîç
[0m[0;32m[Debug info] - Player X:[0m1
[0;32m[Debug info] - Player Y:[0m1
[0;32m[Debug info] - Player Direction:[0mW
[0;32m[Debug info]üõ†Ô∏è  Colors info c:  üîç
[0m[0;32m[Debug info]üõ†Ô∏è  Colors info f:  üîç
[0m[0;32m[Debug info]üõ†Ô∏è  Textures info:  üîç
[0m[0;32m[Debug info] Texture north:[0mtextures/test/north.xpm
[0;32m[Debug info] Texture south:[0mtextures/test/south.xpm
[0;32m[Debug info] Texture west:[0mtextures/test/west.xpm
[0;32m[Debug info] Texture east:[0mtextures/test/east.xpm
[0;34mN[0;34mO[0;34m [0;34mt[0;34me[0;34mx[0;34mt[0;34mu[0;34mr[0;34me[0;34ms[0;34m/[0;34mt[0;34me[0;34ms[0;34mt[0;34m/[0;34mn[0;34mo[0;34mr[0;34mt[0;34mh[0;34m.[0;34mx[0;34mp[0;34mm
[0m[0;34mS[0;34mO[0;34m [0;34mt[0;34me[0;34mx[0;34mt[0;34mu[0;34mr[0;34me[0;34ms[0;34m/[0;34mt[0;34me[0;34ms[0;34mt[0;34m/[0;34ms[0;34mo[0;34mu[0;34mt[0;34mh[0;34m.[0;34mx[0;34mp[0;34mm
[0m[0;34mW[0;34mE[0;34m [0;34mt[0;34me[0;34mx[0;34mt[0;34mu[0;34mr[0;34me[0;34ms[0;34m/[0;34mt[0;34me[0;34ms[0;34mt[0;34m/[0;34mw[0;34me[0;34ms[0;34mt[0;34m.[0;34mx[0;34mp[0;34mm
[0m[0;34mE[0;34mA[0;34m [0;34mt[0;34me[0;34mx[0;34mt[0;34mu[0;34mr[0;34me[0;34ms[0;34m/[0;34mt[0;34me[0;34ms[0;34mt[0;34m/[0;34me[0;34ma[0;34ms[0;34mt[0;34m.[0;34mx[0;34mp[0;34mm
[0m
[0m[0;34mF[0;34m [0;34m2[0;34m0[0;34m,[0;34m2[0;34m0[0;34m,[0;34m2[0;34m0
[0m[0;34mC[0;34m [0;34m2[0;34m0[0;34m0[0;34m,[0;34m2[0;34m0[0;34m0[0;34m,[0;34m2[0;34m0[0;34m0
[0m
[0m[0;34m1[0;34m1[0;34m1[0;34m1[0;34m1[0;34m1[0;34m1[0;34m1[0;34m1[0;34m1[0;34m1[0;34m1[0;34m1[0;34m1[0;34m1[0;34m1[0;34m1[0;34m1[0;34m1[0;34m1[0;34m1
[0m[0;34m1[0;34mW[0;34m0[0;34m0[0;34m0[0;34m0[0;34m0[0;34m0[0;34m0[0;34m0[0;34m0[0;34m0[0;34m0[0;34m0[0;34m0[0;34m0[0;34m0[0;34m0[0;34m0[0;34m0[0;34m1
[0m[0;34m1[0;34m1[0;34m1[0;34m1[0;34m1[0;34m1[0;34m1[0;34m1[0;34m1[0;34m1[0;34m1[0;34m1[0;34m1[0;34m1[0;34m1[0;34m1[0;34m1[0;34m1[0;34m1[0;34m1[0;34m1
[0m[0;34m2[0;34m0[0;34m0
[0m[0;34m2[0;34m0[0;34m0
[0m[0;34m2[0;34m0[0;34m0
[0m[0;34m2[0;34m0
[0m[0;34m2[0;34m0
[0m[0;34m2[0;34m0
[0m[0;34m1[0;34m1[0;34m1[0;34m1[0;34m1[0;34m1[0;34m1[0;34m1[0;34m1[0;34m1[0;34m1[0;34m1[0;34m1[0;34m1[0;34m1[0;34m1[0;34m1[0;34m1[0;34m1[0;34m1[0;34m1
[0m[0;34m1[0;34mW[0;34m0[0;34m0[0;34m0[0;34m0[0;34m0[0;34m0[0;34m0[0;34m0[0;34m0[0;34m0[0;34m0[0;34m0[0;34m0[0;34m0[0;34m0[0;34m0[0;34m0[0;34m0[0;34m1
[0m[0;34m1[0;34m1[0;34m1[0;34m1[0;34m1[0;34m1[0;34m1[0;34m1[0;34m1[0;34m1[0;34m1[0;34m1[0;34m1[0;34m1[0;34m1[0;34m1[0;34m1[0;34m1[0;34m1[0;34m1[0;34m1
[0mExit code: 0
‚ö†Ô∏è No Valgrind alerts, but with leaks[0m  
==9755== Memcheck, a memory error detector
==9755== Copyright (C) 2002-2022, and GNU GPL'd, by Julian Seward et al.
==9755== Using Valgrind-3.22.0 and LibVEX; rerun with -h for copyright info
==9755== Command: ./cub3d ./maps/good/test_pos_left.cub
==9755== Parent PID: 9643
==9755== 
==9755== 
==9755== HEAP SUMMARY:
==9755==     in use at exit: 604 bytes in 30 blocks
==9755==   total heap usage: 82 allocs, 52 frees, 6,237 bytes allocated
==9755== 
==9755== LEAK SUMMARY:
==9755==    definitely lost: 307 bytes in 10 blocks
==9755==    indirectly lost: 297 bytes in 20 blocks
==9755==      possibly lost: 0 bytes in 0 blocks
==9755==    still reachable: 0 bytes in 0 blocks
==9755==         suppressed: 0 bytes in 0 blocks
==9755== Rerun with --leak-check=full to see details of leaked memory
==9755== 
==9755== For lists of detected and suppressed errors, rerun with: -s
==9755== ERROR SUMMARY: 0 errors from 0 contexts (suppressed: 0 from 0)
Running valgrind on ./maps/good/test_pos_right.cub...

[0;32m[Debug info]üõ†Ô∏è  Map info üîç
[0m[0;32m[Debug info] - Map width:[0m21
[0;32m[Debug info] - Map height:[0m3
[0;32m[Debug info]üõ†Ô∏è  Starting player position info üîç
[0m[0;32m[Debug info] - Player X:[0m19
[0;32m[Debug info] - Player Y:[0m1
[0;32m[Debug info] - Player Direction:[0mE
[0;32m[Debug info]üõ†Ô∏è  Colors info c:  üîç
[0m[0;32m[Debug info]üõ†Ô∏è  Colors info f:  üîç
[0m[0;32m[Debug info]üõ†Ô∏è  Textures info:  üîç
[0m[0;32m[Debug info] Texture north:[0mtextures/test/north.xpm
[0;32m[Debug info] Texture south:[0mtextures/test/south.xpm
[0;32m[Debug info] Texture west:[0mtextures/test/west.xpm
[0;32m[Debug info] Texture east:[0mtextures/test/east.xpm
[0;34mN[0;34mO[0;34m [0;34mt[0;34me[0;34mx[0;34mt[0;34mu[0;34mr[0;34me[0;34ms[0;34m/[0;34mt[0;34me[0;34ms[0;34mt[0;34m/[0;34mn[0;34mo[0;34mr[0;34mt[0;34mh[0;34m.[0;34mx[0;34mp[0;34mm
[0m[0;34mS[0;34mO[0;34m [0;34mt[0;34me[0;34mx[0;34mt[0;34mu[0;34mr[0;34me[0;34ms[0;34m/[0;34mt[0;34me[0;34ms[0;34mt[0;34m/[0;34ms[0;34mo[0;34mu[0;34mt[0;34mh[0;34m.[0;34mx[0;34mp[0;34mm
[0m[0;34mW[0;34mE[0;34m [0;34mt[0;34me[0;34mx[0;34mt[0;34mu[0;34mr[0;34me[0;34ms[0;34m/[0;34mt[0;34me[0;34ms[0;34mt[0;34m/[0;34mw[0;34me[0;34ms[0;34mt[0;34m.[0;34mx[0;34mp[0;34mm
[0m[0;34mE[0;34mA[0;34m [0;34mt[0;34me[0;34mx[0;34mt[0;34mu[0;34mr[0;34me[0;34ms[0;34m/[0;34mt[0;34me[0;34ms[0;34mt[0;34m/[0;34me[0;34ma[0;34ms[0;34mt[0;34m.[0;34mx[0;34mp[0;34mm
[0m
[0m[0;34mF[0;34m [0;34m2[0;34m0[0;34m,[0;34m2[0;34m0[0;34m,[0;34m2[0;34m0
[0m[0;34mC[0;34m [0;34m2[0;34m0[0;34m0[0;34m,[0;34m2[0;34m0[0;34m0[0;34m,[0;34m2[0;34m0[0;34m0
[0m
[0m[0;34m1[0;34m1[0;34m1[0;34m1[0;34m1[0;34m1[0;34m1[0;34m1[0;34m1[0;34m1[0;34m1[0;34m1[0;34m1[0;34m1[0;34m1[0;34m1[0;34m1[0;34m1[0;34m1[0;34m1[0;34m1
[0m[0;34m1[0;34m0[0;34m0[0;34m0[0;34m0[0;34m0[0;34m0[0;34m0[0;34m0[0;34m0[0;34m0[0;34m0[0;34m0[0;34m0[0;34m0[0;34m0[0;34m0[0;34m0[0;34m0[0;34mE[0;34m1
[0m[0;34m1[0;34m1[0;34m1[0;34m1[0;34m1[0;34m1[0;34m1[0;34m1[0;34m1[0;34m1[0;34m1[0;34m1[0;34m1[0;34m1[0;34m1[0;34m1[0;34m1[0;34m1[0;34m1[0;34m1[0;34m1
[0m[0;34m2[0;34m0[0;34m0
[0m[0;34m2[0;34m0[0;34m0
[0m[0;34m2[0;34m0[0;34m0
[0m[0;34m2[0;34m0
[0m[0;34m2[0;34m0
[0m[0;34m2[0;34m0
[0m[0;34m1[0;34m1[0;34m1[0;34m1[0;34m1[0;34m1[0;34m1[0;34m1[0;34m1[0;34m1[0;34m1[0;34m1[0;34m1[0;34m1[0;34m1[0;34m1[0;34m1[0;34m1[0;34m1[0;34m1[0;34m1
[0m[0;34m1[0;34m0[0;34m0[0;34m0[0;34m0[0;34m0[0;34m0[0;34m0[0;34m0[0;34m0[0;34m0[0;34m0[0;34m0[0;34m0[0;34m0[0;34m0[0;34m0[0;34m0[0;34m0[0;34mE[0;34m1
[0m[0;34m1[0;34m1[0;34m1[0;34m1[0;34m1[0;34m1[0;34m1[0;34m1[0;34m1[0;34m1[0;34m1[0;34m1[0;34m1[0;34m1[0;34m1[0;34m1[0;34m1[0;34m1[0;34m1[0;34m1[0;34m1
[0mExit code: 0
‚ö†Ô∏è No Valgrind alerts, but with leaks[0m  
==9789== Memcheck, a memory error detector
==9789== Copyright (C) 2002-2022, and GNU GPL'd, by Julian Seward et al.
==9789== Using Valgrind-3.22.0 and LibVEX; rerun with -h for copyright info
==9789== Command: ./cub3d ./maps/good/test_pos_right.cub
==9789== Parent PID: 9643
==9789== 
==9789== 
==9789== HEAP SUMMARY:
==9789==     in use at exit: 604 bytes in 30 blocks
==9789==   total heap usage: 82 allocs, 52 frees, 6,237 bytes allocated
==9789== 
==9789== LEAK SUMMARY:
==9789==    definitely lost: 307 bytes in 10 blocks
==9789==    indirectly lost: 297 bytes in 20 blocks
==9789==      possibly lost: 0 bytes in 0 blocks
==9789==    still reachable: 0 bytes in 0 blocks
==9789==         suppressed: 0 bytes in 0 blocks
==9789== Rerun with --leak-check=full to see details of leaked memory
==9789== 
==9789== For lists of detected and suppressed errors, rerun with: -s
==9789== ERROR SUMMARY: 0 errors from 0 contexts (suppressed: 0 from 0)
Running valgrind on ./maps/good/test_pos_top.cub...

[0;32m[Debug info]üõ†Ô∏è  Map info üîç
[0m[0;32m[Debug info] - Map width:[0m3
[0;32m[Debug info] - Map height:[0m13
[0;32m[Debug info]üõ†Ô∏è  Starting player position info üîç
[0m[0;32m[Debug info] - Player X:[0m1
[0;32m[Debug info] - Player Y:[0m1
[0;32m[Debug info] - Player Direction:[0mN
[0;32m[Debug info]üõ†Ô∏è  Colors info c:  üîç
[0m[0;32m[Debug info]üõ†Ô∏è  Colors info f:  üîç
[0m[0;32m[Debug info]üõ†Ô∏è  Textures info:  üîç
[0m[0;32m[Debug info] Texture north:[0mtextures/test/north.xpm
[0;32m[Debug info] Texture south:[0mtextures/test/south.xpm
[0;32m[Debug info] Texture west:[0mtextures/test/west.xpm
[0;32m[Debug info] Texture east:[0mtextures/test/east.xpm
[0;34mN[0;34mO[0;34m [0;34mt[0;34me[0;34mx[0;34mt[0;34mu[0;34mr[0;34me[0;34ms[0;34m/[0;34mt[0;34me[0;34ms[0;34mt[0;34m/[0;34mn[0;34mo[0;34mr[0;34mt[0;34mh[0;34m.[0;34mx[0;34mp[0;34mm
[0m[0;34mS[0;34mO[0;34m [0;34mt[0;34me[0;34mx[0;34mt[0;34mu[0;34mr[0;34me[0;34ms[0;34m/[0;34mt[0;34me[0;34ms[0;34mt[0;34m/[0;34ms[0;34mo[0;34mu[0;34mt[0;34mh[0;34m.[0;34mx[0;34mp[0;34mm
[0m[0;34mW[0;34mE[0;34m [0;34mt[0;34me[0;34mx[0;34mt[0;34mu[0;34mr[0;34me[0;34ms[0;34m/[0;34mt[0;34me[0;34ms[0;34mt[0;34m/[0;34mw[0;34me[0;34ms[0;34mt[0;34m.[0;34mx[0;34mp[0;34mm
[0m[0;34mE[0;34mA[0;34m [0;34mt[0;34me[0;34mx[0;34mt[0;34mu[0;34mr[0;34me[0;34ms[0;34m/[0;34mt[0;34me[0;34ms[0;34mt[0;34m/[0;34me[0;34ma[0;34ms[0;34mt[0;34m.[0;34mx[0;34mp[0;34mm
[0m
[0m[0;34mF[0;34m [0;34m2[0;34m0[0;34m,[0;34m2[0;34m0[0;34m,[0;34m2[0;34m0
[0m[0;34mC[0;34m [0;34m2[0;34m0[0;34m0[0;34m,[0;34m2[0;34m0[0;34m0[0;34m,[0;34m2[0;34m0[0;34m0
[0m
[0m[0;34m1[0;34m1[0;34m1
[0m[0;34m1[0;34mN[0;34m1
[0m[0;34m1[0;34m0[0;34m1
[0m[0;34m1[0;34m0[0;34m1
[0m[0;34m1[0;34m0[0;34m1
[0m[0;34m1[0;34m0[0;34m1
[0m[0;34m1[0;34m0[0;34m1
[0m[0;34m1[0;34m0[0;34m1
[0m[0;34m1[0;34m0[0;34m1
[0m[0;34m1[0;34m0[0;34m1
[0m[0;34m1[0;34m0[0;34m1
[0m[0;34m1[0;34m0[0;34m1
[0m[0;34m1[0;34m1[0;34m1
[0m[0;34m2[0;34m0[0;34m0
[0m[0;34m2[0;34m0[0;34m0
[0m[0;34m2[0;34m0[0;34m0
[0m[0;34m2[0;34m0
[0m[0;34m2[0;34m0
[0m[0;34m2[0;34m0
[0m[0;34m1[0;34m1[0;34m1
[0m[0;34m1[0;34mN[0;34m1
[0m[0;34m1[0;34m0[0;34m1
[0m[0;34m1[0;34m0[0;34m1
[0m[0;34m1[0;34m0[0;34m1
[0m[0;34m1[0;34m0[0;34m1
[0m[0;34m1[0;34m0[0;34m1
[0m[0;34m1[0;34m0[0;34m1
[0m[0;34m1[0;34m0[0;34m1
[0m[0;34m1[0;34m0[0;34m1
[0m[0;34m1[0;34m0[0;34m1
[0m[0;34m1[0;34m0[0;34m1
[0m[0;34m1[0;34m1[0;34m1
[0mExit code: 0
‚ö†Ô∏è No Valgrind alerts, but with leaks[0m  
==9792== Memcheck, a memory error detector
==9792== Copyright (C) 2002-2022, and GNU GPL'd, by Julian Seward et al.
==9792== Using Valgrind-3.22.0 and LibVEX; rerun with -h for copyright info
==9792== Command: ./cub3d ./maps/good/test_pos_top.cub
==9792== Parent PID: 9643
==9792== 
==9792== 
==9792== HEAP SUMMARY:
==9792==     in use at exit: 746 bytes in 50 blocks
==9792==   total heap usage: 141 allocs, 91 frees, 8,007 bytes allocated
==9792== 
==9792== LEAK SUMMARY:
==9792==    definitely lost: 467 bytes in 10 blocks
==9792==    indirectly lost: 279 bytes in 40 blocks
==9792==      possibly lost: 0 bytes in 0 blocks
==9792==    still reachable: 0 bytes in 0 blocks
==9792==         suppressed: 0 bytes in 0 blocks
==9792== Rerun with --leak-check=full to see details of leaked memory
==9792== 
==9792== For lists of detected and suppressed errors, rerun with: -s
==9792== ERROR SUMMARY: 0 errors from 0 contexts (suppressed: 0 from 0)
Running valgrind on ./maps/good/test_textures.cub...

[0;32m[Debug info]üõ†Ô∏è  Map info üîç
[0m[0;32m[Debug info] - Map width:[0m5
[0;32m[Debug info] - Map height:[0m13
[0;32m[Debug info]üõ†Ô∏è  Starting player position info üîç
[0m[0;32m[Debug info] - Player X:[0m2
[0;32m[Debug info] - Player Y:[0m2
[0;32m[Debug info] - Player Direction:[0mS
[0;32m[Debug info]üõ†Ô∏è  Colors info c:  üîç
[0m[0;32m[Debug info]üõ†Ô∏è  Colors info f:  üîç
[0m[0;32m[Debug info]üõ†Ô∏è  Textures info:  üîç
[0m[0;32m[Debug info] Texture north:[0mtextures/test/north.xpm
[0;32m[Debug info] Texture south:[0mtextures/test/south.xpm
[0;32m[Debug info] Texture west:[0mtextures/test/west.xpm
[0;32m[Debug info] Texture east:[0mtextures/test/east.xpm
[0;34mN[0;34mO[0;34m [0;34mt[0;34me[0;34mx[0;34mt[0;34mu[0;34mr[0;34me[0;34ms[0;34m/[0;34mt[0;34me[0;34ms[0;34mt[0;34m/[0;34mn[0;34mo[0;34mr[0;34mt[0;34mh[0;34m.[0;34mx[0;34mp[0;34mm
[0m[0;34mS[0;34mO[0;34m [0;34mt[0;34me[0;34mx[0;34mt[0;34mu[0;34mr[0;34me[0;34ms[0;34m/[0;34mt[0;34me[0;34ms[0;34mt[0;34m/[0;34ms[0;34mo[0;34mu[0;34mt[0;34mh[0;34m.[0;34mx[0;34mp[0;34mm
[0m[0;34mW[0;34mE[0;34m [0;34mt[0;34me[0;34mx[0;34mt[0;34mu[0;34mr[0;34me[0;34ms[0;34m/[0;34mt[0;34me[0;34ms[0;34mt[0;34m/[0;34mw[0;34me[0;34ms[0;34mt[0;34m.[0;34mx[0;34mp[0;34mm
[0m[0;34mE[0;34mA[0;34m [0;34mt[0;34me[0;34mx[0;34mt[0;34mu[0;34mr[0;34me[0;34ms[0;34m/[0;34mt[0;34me[0;34ms[0;34mt[0;34m/[0;34me[0;34ma[0;34ms[0;34mt[0;34m.[0;34mx[0;34mp[0;34mm
[0m
[0m[0;34mF[0;34m [0;34m2[0;34m0[0;34m,[0;34m2[0;34m0[0;34m,[0;34m2[0;34m0
[0m[0;34mC[0;34m [0;34m2[0;34m0[0;34m0[0;34m,[0;34m2[0;34m0[0;34m0[0;34m,[0;34m2[0;34m0[0;34m0
[0m
[0m[0;34m1[0;34m1[0;34m1[0;34m1[0;34m1
[0m[0;34m1[0;34m0[0;34m0[0;34m0[0;34m1
[0m[0;34m1[0;34m0[0;34mS[0;34m0[0;34m1
[0m[0;34m1[0;34m0[0;34m0[0;34m0[0;34m1
[0m[0;34m1[0;34m0[0;34m0[0;34m0[0;34m1
[0m[0;34m1[0;34m0[0;34m0[0;34m0[0;34m1
[0m[0;34m1[0;34m1[0;34m0[0;34m0[0;34m1
[0m[0;34m1[0;34m0[0;34m0[0;34m0[0;34m1
[0m[0;34m1[0;34m0[0;34m0[0;34m0[0;34m1
[0m[0;34m1[0;34m0[0;34m0[0;34m0[0;34m1
[0m[0;34m1[0;34m0[0;34m0[0;34m0[0;34m1
[0m[0;34m1[0;34m0[0;34m0[0;34m0[0;34m1
[0m[0;34m1[0;34m1[0;34m1[0;34m1[0;34m1
[0m[0;34m2[0;34m0[0;34m0
[0m[0;34m2[0;34m0[0;34m0
[0m[0;34m2[0;34m0[0;34m0
[0m[0;34m2[0;34m0
[0m[0;34m2[0;34m0
[0m[0;34m2[0;34m0
[0m[0;34m1[0;34m1[0;34m1[0;34m1[0;34m1
[0m[0;34m1[0;34m0[0;34m0[0;34m0[0;34m1
[0m[0;34m1[0;34m0[0;34mS[0;34m0[0;34m1
[0m[0;34m1[0;34m0[0;34m0[0;34m0[0;34m1
[0m[0;34m1[0;34m0[0;34m0[0;34m0[0;34m1
[0m[0;34m1[0;34m0[0;34m0[0;34m0[0;34m1
[0m[0;34m1[0;34m1[0;34m0[0;34m0[0;34m1
[0m[0;34m1[0;34m0[0;34m0[0;34m0[0;34m1
[0m[0;34m1[0;34m0[0;34m0[0;34m0[0;34m1
[0m[0;34m1[0;34m0[0;34m0[0;34m0[0;34m1
[0m[0;34m1[0;34m0[0;34m0[0;34m0[0;34m1
[0m[0;34m1[0;34m0[0;34m0[0;34m0[0;34m1
[0m[0;34m1[0;34m1[0;34m1[0;34m1[0;34m1
[0mExit code: 0
‚ö†Ô∏è No Valgrind alerts, but with leaks[0m  
==9795== Memcheck, a memory error detector
==9795== Copyright (C) 2002-2022, and GNU GPL'd, by Julian Seward et al.
==9795== Using Valgrind-3.22.0 and LibVEX; rerun with -h for copyright info
==9795== Command: ./cub3d ./maps/good/test_textures.cub
==9795== Parent PID: 9643
==9795== 
==9795== 
==9795== HEAP SUMMARY:
==9795==     in use at exit: 798 bytes in 50 blocks
==9795==   total heap usage: 142 allocs, 92 frees, 8,146 bytes allocated
==9795== 
==9795== LEAK SUMMARY:
==9795==    definitely lost: 467 bytes in 10 blocks
==9795==    indirectly lost: 331 bytes in 40 blocks
==9795==      possibly lost: 0 bytes in 0 blocks
==9795==    still reachable: 0 bytes in 0 blocks
==9795==         suppressed: 0 bytes in 0 blocks
==9795== Rerun with --leak-check=full to see details of leaked memory
==9795== 
==9795== For lists of detected and suppressed errors, rerun with: -s
==9795== ERROR SUMMARY: 0 errors from 0 contexts (suppressed: 0 from 0)
Running valgrind on ./maps/good/test_whitespace.cub...

[0;31m Error:[Map check in file] Invalid map placement or format
[0m 
[0m
[0m
[0m
[0m
[0m
[0m
[0m
[0m[0;34mN[0;34mO[0;34m [0;34mt[0;34me[0;34mx[0;34mt[0;34mu[0;34mr[0;34me[0;34ms[0;34m/[0;34mt[0;34me[0;34ms[0;34mt[0;34m/[0;34mn[0;34mo[0;34mr[0;34mt[0;34mh[0;34m.[0;34mx[0;34mp[0;34mm
[0m
[0m
[0m
[0m
[0m
[0m
[0m
[0m
[0m[0;34mS[0;34mO[0;34m [0;34mt[0;34me[0;34mx[0;34mt[0;34mu[0;34mr[0;34me[0;34ms[0;34m/[0;34mt[0;34me[0;34ms[0;34mt[0;34m/[0;34ms[0;34mo[0;34mu[0;34mt[0;34mh[0;34m.[0;34mx[0;34mp[0;34mm
[0m[0;34m [0;34m [0;34m [0;34m [0;34m [0;34m [0;34m [0;34m [0;34m [0;34m [0;34m [0;34m [0;34m [0;34m [0;34m [0;34m [0;34m [0;34m [0;34m [0;34m [0;34m [0;34m [0;34m [0;34m [0;34mW[0;34mE[0;34m [0;34mt[0;34me[0;34mx[0;34mt[0;34mu[0;34mr[0;34me[0;34ms[0;34m/[0;34mt[0;34me[0;34ms[0;34mt[0;34m/[0;34mw[0;34me[0;34ms[0;34mt[0;34m.[0;34mx[0;34mp[0;34mm
[0m[0;34m [0;34m [0;34m [0;34m [0;34m [0;34m [0;34m [0;34m [0;34mE[0;34mA[0;34m [0;34mt[0;34me[0;34mx[0;34mt[0;34mu[0;34mr[0;34me[0;34ms[0;34m/[0;34mt[0;34me[0;34ms[0;34mt[0;34m/[0;34me[0;34ma[0;34ms[0;34mt[0;34m.[0;34mx[0;34mp[0;34mm[0;34m [0;34m [0;34m [0;34m [0;34m [0;34m [0;34m [0;34m [0;34m [0;34m [0;34m [0;34m 
[0m
[0m[0;34m [0;34m [0;34m [0;34m [0;34m [0;34m [0;34m [0;34m [0;34mF[0;34m [0;34m2[0;34m0[0;34m,[0;34m [0;34m [0;34m [0;34m [0;34m [0;34m [0;34m [0;34m [0;34m [0;34m [0;34m [0;34m2[0;34m0[0;34m,[0;34m [0;34m [0;34m [0;34m [0;34m [0;34m [0;34m [0;34m [0;34m [0;34m [0;34m [0;34m [0;34m [0;34m2[0;34m0
[0m[0;34mC[0;34m [0;34m2[0;34m0[0;34m0[0;34m,[0;34m [0;34m [0;34m [0;34m [0;34m [0;34m [0;34m [0;34m [0;34m [0;34m [0;34m2[0;34m0[0;34m0[0;34m,[0;34m2[0;34m0[0;34m0
[0m
[0m[0;34m1[0;34m1[0;34m1[0;34m1[0;34m1
[0m[0;34m1[0;34m0[0;34m0[0;34m0[0;34m1
[0m[0;34m1[0;34m0[0;34mS[0;34m0[0;34m1[0;34m [0;34m [0;34m [0;34m [0;34m [0;34m [0;34m [0;34m [0;34m [0;34m [0;34m [0;34m [0;34m [0;34m [0;34m [0;34m 
[0m[0;34m1[0;34m0[0;34m0[0;34m0[0;34m1
[0m[0;34m1[0;34m0[0;34m0[0;34m0[0;34m1
[0m[0;34m1[0;34m0[0;34m0[0;34m0[0;34m1
[0m[0;34m1[0;34m1[0;34m0[0;34m0[0;34m1[0;34m [0;34m [0;34m [0;34m [0;34m [0;34m [0;34m [0;34m [0;34m [0;34m [0;34m [0;34m [0;34m [0;34m [0;34m 
[0m[0;34m1[0;34m0[0;34m0[0;34m0[0;34m1
[0m[0;34m1[0;34m0[0;34m0[0;34m0[0;34m1
[0m[0;34m1[0;34m0[0;34m0[0;34m0[0;34m1
[0m[0;34m1[0;34m0[0;34m0[0;34m0[0;34m1
[0m[0;34m1[0;34m0[0;34m0[0;34m0[0;34m1
[0m[0;34m1[0;34m1[0;34m1[0;34m1[0;34m1[0;34m [0;34m [0;34m [0;34m [0;34m [0;34m [0;34m [0;34m [0;34m [0;34m [0;34m 
[0m
[0m[0;34m [0;34m [0;34m [0;34m [0;34m [0;34m [0;34m [0;34m 
[0m
[0m
[0m
[0m
[0m
[0m
[0m
[0m
[0m
[0m
[0m
[0m
[0m
[0m
[0m
[0m
[0m
[0m
[0m
[0m
[0m
[0mExit code: 1
‚ö†Ô∏è No Valgrind alerts, but with leaks[0m  
==9798== Memcheck, a memory error detector
==9798== Copyright (C) 2002-2022, and GNU GPL'd, by Julian Seward et al.
==9798== Using Valgrind-3.22.0 and LibVEX; rerun with -h for copyright info
==9798== Command: ./cub3d ./maps/good/test_whitespace.cub
==9798== Parent PID: 9643
==9798== 
==9798== 
==9798== HEAP SUMMARY:
==9798==     in use at exit: 934 bytes in 61 blocks
==9798==   total heap usage: 263 allocs, 202 frees, 22,612 bytes allocated
==9798== 
==9798== LEAK SUMMARY:
==9798==    definitely lost: 488 bytes in 1 blocks
==9798==    indirectly lost: 446 bytes in 60 blocks
==9798==      possibly lost: 0 bytes in 0 blocks
==9798==    still reachable: 0 bytes in 0 blocks
==9798==         suppressed: 0 bytes in 0 blocks
==9798== Rerun with --leak-check=full to see details of leaked memory
==9798== 
==9798== For lists of detected and suppressed errors, rerun with: -s
==9798== ERROR SUMMARY: 0 errors from 0 contexts (suppressed: 0 from 0)
Running valgrind on ./maps/good/works.cub...

[0;32m[Debug info]üõ†Ô∏è  Map info üîç
[0m[0;32m[Debug info] - Map width:[0m25
[0;32m[Debug info] - Map height:[0m6
[0;32m[Debug info]üõ†Ô∏è  Starting player position info üîç
[0m[0;32m[Debug info] - Player X:[0m2
[0;32m[Debug info] - Player Y:[0m1
[0;32m[Debug info] - Player Direction:[0mS
[0;32m[Debug info]üõ†Ô∏è  Colors info c:  üîç
[0m[0;32m[Debug info]üõ†Ô∏è  Colors info f:  üîç
[0m[0;32m[Debug info]üõ†Ô∏è  Textures info:  üîç
[0m[0;32m[Debug info] Texture north:[0mtextures/test/north.xpm
[0;32m[Debug info] Texture south:[0mtextures/test/south.xpm
[0;32m[Debug info] Texture west:[0mtextures/test/west.xpm
[0;32m[Debug info] Texture east:[0mtextures/test/east.xpm
[0;34m [0;34m [0;34m [0;34mW[0;34mE[0;34m [0;34m [0;34m [0;34m [0;34m [0;34m [0;34m [0;34m [0;34m [0;34m [0;34m [0;34m [0;34m [0;34m [0;34m [0;34m [0;34m [0;34m [0;34m [0;34m [0;34m [0;34m [0;34m [0;34m [0;34m [0;34m [0;34m [0;34m [0;34mt[0;34me[0;34mx[0;34mt[0;34mu[0;34mr[0;34me[0;34ms[0;34m/[0;34mt[0;34me[0;34ms[0;34mt[0;34m/[0;34mw[0;34me[0;34ms[0;34mt[0;34m.[0;34mx[0;34mp[0;34mm
[0m[0;34mN[0;34mO[0;34m [0;34m [0;34m [0;34m [0;34m [0;34m [0;34mt[0;34me[0;34mx[0;34mt[0;34mu[0;34mr[0;34me[0;34ms[0;34m/[0;34mt[0;34me[0;34ms[0;34mt[0;34m/[0;34mn[0;34mo[0;34mr[0;34mt[0;34mh[0;34m.[0;34mx[0;34mp[0;34mm
[0m
[0m
[0m
[0m[0;34mS[0;34mO[0;34m [0;34mt[0;34me[0;34mx[0;34mt[0;34mu[0;34mr[0;34me[0;34ms[0;34m/[0;34mt[0;34me[0;34ms[0;34mt[0;34m/[0;34ms[0;34mo[0;34mu[0;34mt[0;34mh[0;34m.[0;34mx[0;34mp[0;34mm
[0m
[0m[0;34mF[0;34m [0;34m [0;34m [0;34m [0;34m [0;34m [0;34m1[0;34m7[0;34m,[0;34m [0;34m [0;34m [0;34m [0;34m3[0;34m8[0;34m,[0;34m [0;34m [0;34m [0;34m [0;34m [0;34m6[0;34m4
[0m
[0m[0;34mE[0;34mA[0;34m [0;34mt[0;34me[0;34mx[0;34mt[0;34mu[0;34mr[0;34me[0;34ms[0;34m/[0;34mt[0;34me[0;34ms[0;34mt[0;34m/[0;34me[0;34ma[0;34ms[0;34mt[0;34m.[0;34mx[0;34mp[0;34mm
[0m
[0m
[0m[0;34mC[0;34m [0;34m2[0;34m1[0;34m8[0;34m,[0;34m [0;34m2[0;34m3[0;34m4[0;34m,[0;34m [0;34m2[0;34m3[0;34m5
[0m
[0m[0;34m1[0;34m1[0;34m1[0;34m1[0;34m1[0;34m1[0;34m1[0;34m1[0;34m1[0;34m1[0;34m1[0;34m1[0;34m1[0;34m1[0;34m1[0;34m1[0;34m1[0;34m1[0;34m1[0;34m1[0;34m1[0;34m1[0;34m1[0;34m1[0;34m1
[0m[0;34m1[0;34m0[0;34mS[0;34m0[0;34m1[0;34m1[0;34m0[0;34m0[0;34m0[0;34m0[0;34m1[0;34m0[0;34m0[0;34m0[0;34m0[0;34m0[0;34m0[0;34m0[0;34m0[0;34m0[0;34m0[0;34m0[0;34m0[0;34m0[0;34m1
[0m[0;34m1[0;34m0[0;34m0[0;34m0[0;34m1[0;34m1[0;34m0[0;34m0[0;34m0[0;34m0[0;34m0[0;34m0[0;34m0[0;34m0[0;34m0[0;34m0[0;34m1[0;34m1[0;34m1[0;34m1[0;34m1[0;34m1[0;34m0[0;34m0[0;34m1
[0m[0;34m1[0;34m0[0;34m0[0;34m0[0;34m1[0;34m1[0;34m0[0;34m0[0;34m0[0;34m0[0;34m0[0;34m0[0;34m0[0;34m0[0;34m0[0;34m0[0;34m1[0;34m1[0;34m0[0;34m0[0;34m0[0;34m1[0;34m0[0;34m0[0;34m1
[0m[0;34m1[0;34m0[0;34m0[0;34m0[0;34m0[0;34m0[0;34m0[0;34m0[0;34m0[0;34m0[0;34m1[0;34m0[0;34m0[0;34m0[0;34m0[0;34m0[0;34m0[0;34m0[0;34m0[0;34m0[0;34m0[0;34m1[0;34m0[0;34m0[0;34m1
[0m[0;34m1[0;34m1[0;34m1[0;34m1[0;34m1[0;34m1[0;34m1[0;34m1[0;34m1[0;34m1[0;34m1[0;34m1[0;34m1[0;34m1[0;34m1[0;34m1[0;34m1[0;34m1[0;34m1[0;34m1[0;34m1[0;34m1[0;34m1[0;34m1[0;34m1
[0m[0;34m2[0;34m1[0;34m8
[0m[0;34m2[0;34m3[0;34m4
[0m[0;34m2[0;34m3[0;34m5
[0m[0;34m1[0;34m7
[0m[0;34m3[0;34m8
[0m[0;34m6[0;34m4
[0m[0;34m1[0;34m1[0;34m1[0;34m1[0;34m1[0;34m1[0;34m1[0;34m1[0;34m1[0;34m1[0;34m1[0;34m1[0;34m1[0;34m1[0;34m1[0;34m1[0;34m1[0;34m1[0;34m1[0;34m1[0;34m1[0;34m1[0;34m1[0;34m1[0;34m1
[0m[0;34m1[0;34m0[0;34mS[0;34m0[0;34m1[0;34m1[0;34m0[0;34m0[0;34m0[0;34m0[0;34m1[0;34m0[0;34m0[0;34m0[0;34m0[0;34m0[0;34m0[0;34m0[0;34m0[0;34m0[0;34m0[0;34m0[0;34m0[0;34m0[0;34m1
[0m[0;34m1[0;34m0[0;34m0[0;34m0[0;34m1[0;34m1[0;34m0[0;34m0[0;34m0[0;34m0[0;34m0[0;34m0[0;34m0[0;34m0[0;34m0[0;34m0[0;34m1[0;34m1[0;34m1[0;34m1[0;34m1[0;34m1[0;34m0[0;34m0[0;34m1
[0m[0;34m1[0;34m0[0;34m0[0;34m0[0;34m1[0;34m1[0;34m0[0;34m0[0;34m0[0;34m0[0;34m0[0;34m0[0;34m0[0;34m0[0;34m0[0;34m0[0;34m1[0;34m1[0;34m0[0;34m0[0;34m0[0;34m1[0;34m0[0;34m0[0;34m1
[0m[0;34m1[0;34m0[0;34m0[0;34m0[0;34m0[0;34m0[0;34m0[0;34m0[0;34m0[0;34m0[0;34m1[0;34m0[0;34m0[0;34m0[0;34m0[0;34m0[0;34m0[0;34m0[0;34m0[0;34m0[0;34m0[0;34m1[0;34m0[0;34m0[0;34m1
[0m[0;34m1[0;34m1[0;34m1[0;34m1[0;34m1[0;34m1[0;34m1[0;34m1[0;34m1[0;34m1[0;34m1[0;34m1[0;34m1[0;34m1[0;34m1[0;34m1[0;34m1[0;34m1[0;34m1[0;34m1[0;34m1[0;34m1[0;34m1[0;34m1[0;34m1
[0mExit code: 0
‚ö†Ô∏è No Valgrind alerts, but with leaks[0m  
==9801== Memcheck, a memory error detector
==9801== Copyright (C) 2002-2022, and GNU GPL'd, by Julian Seward et al.
==9801== Using Valgrind-3.22.0 and LibVEX; rerun with -h for copyright info
==9801== Command: ./cub3d ./maps/good/works.cub
==9801== Parent PID: 9643
==9801== 
==9801== 
==9801== HEAP SUMMARY:
==9801==     in use at exit: 957 bytes in 42 blocks
==9801==   total heap usage: 130 allocs, 88 frees, 8,412 bytes allocated
==9801== 
==9801== LEAK SUMMARY:
==9801==    definitely lost: 414 bytes in 10 blocks
==9801==    indirectly lost: 543 bytes in 32 blocks
==9801==      possibly lost: 0 bytes in 0 blocks
==9801==    still reachable: 0 bytes in 0 blocks
==9801==         suppressed: 0 bytes in 0 blocks
==9801== Rerun with --leak-check=full to see details of leaked memory
==9801== 
==9801== For lists of detected and suppressed errors, rerun with: -s
==9801== ERROR SUMMARY: 0 errors from 0 contexts (suppressed: 0 from 0)
Valgrind tests completed. Results saved to test_output.txt.
Starting Valgrind tests...
Running valgrind on ./maps/good/cheese_maze.cub...

[0;34mN[0;34mO[0;34m [0;34mt[0;34me[0;34mx[0;34mt[0;34mu[0;34mr[0;34me[0;34ms[0;34m/[0;34mt[0;34me[0;34ms[0;34mt[0;34m/[0;34mn[0;34mo[0;34mr[0;34mt[0;34mh[0;34m.[0;34mx[0;34mp[0;34mm
[0m[0;34mS[0;34mO[0;34m [0;34mt[0;34me[0;34mx[0;34mt[0;34mu[0;34mr[0;34me[0;34ms[0;34m/[0;34mt[0;34me[0;34ms[0;34mt[0;34m/[0;34ms[0;34mo[0;34mu[0;34mt[0;34mh[0;34m.[0;34mx[0;34mp[0;34mm
[0m[0;34mW[0;34mE[0;34m [0;34mt[0;34me[0;34mx[0;34mt[0;34mu[0;34mr[0;34me[0;34ms[0;34m/[0;34mt[0;34me[0;34ms[0;34mt[0;34m/[0;34mw[0;34me[0;34ms[0;34mt[0;34m.[0;34mx[0;34mp[0;34mm
[0m[0;34mE[0;34mA[0;34m [0;34mt[0;34me[0;34mx[0;34mt[0;34mu[0;34mr[0;34me[0;34ms[0;34m/[0;34mt[0;34me[0;34ms[0;34mt[0;34m/[0;34me[0;34ma[0;34ms[0;34mt[0;34m.[0;34mx[0;34mp[0;34mm
[0m
[0m[0;34mF[0;34m [0;34m1[0;34m6[0;34m4[0;34m,[0;34m1[0;34m6[0;34m9[0;34m,[0;34m2[0;34m0
[0m[0;34mC[0;34m [0;34m1[0;34m5[0;34m3[0;34m,[0;34m2[0;34m0[0;34m4[0;34m,[0;34m2[0;34m5[0;34m5
[0m
[0m[0;34m1[0;34m1[0;34m1[0;34m1[0;34m1[0;34m1[0;34m1[0;34m1[0;34m1[0;34m1[0;34m1[0;34m1[0;34m1[0;34m1[0;34m1[0;34m1[0;34m1[0;34m1[0;34m1[0;34m1[0;34m1
[0m[0;34m1[0;34m0[0;34m1[0;34m0[0;34m0[0;34m0[0;34m0[0;34m0[0;34m1[0;34m0[0;34m0[0;34m0[0;34m0[0;34m0[0;34m0[0;34m0[0;34m0[0;34m0[0;34m0[0;34m0[0;34m1
[0m[0;34m1[0;34m0[0;34m1[0;34m0[0;34m1[0;34m0[0;34m1[0;34m0[0;34m1[0;34m0[0;34m1[0;34m1[0;34m1[0;34m1[0;34m1[0;34m1[0;34m1[0;34m0[0;34m0[0;34m0[0;34m1
[0m[0;34m1[0;34m0[0;34m0[0;34m0[0;34m1[0;34m0[0;34m1[0;34m0[0;34m0[0;34m0[0;34m1[0;34m0[0;34m0[0;34m0[0;34m0[0;34m0[0;34m1[0;34m0[0;34m0[0;34m0[0;34m1
[0m[0;34m1[0;34m1[0;34m1[0;34m1[0;34m1[0;34m0[0;34m1[0;34m0[0;34m1[0;34m1[0;34m1[0;34m1[0;34m1[0;34m0[0;34m1[0;34m0[0;34m1[0;34m1[0;34m1[0;34m0[0;34m1
[0m[0;34m1[0;34m0[0;34m0[0;34m0[0;34m0[0;34m0[0;34m1[0;34m0[0;34m1[0;34m0[0;34m0[0;34m0[0;34m1[0;34m0[0;34m1[0;34m0[0;34m0[0;34m0[0;34m0[0;34m0[0;34m1
[0m[0;34m1[0;34m0[0;34m1[0;34m1[0;34m1[0;34m1[0;34m1[0;34m0[0;34m1[0;34m0[0;34m1[0;34m1[0;34m1[0;34m0[0;34m1[0;34m1[0;34m1[0;34m1[0;34m1[0;34m1[0;34m1
[0m[0;34m1[0;34m0[0;34m1[0;34m0[0;34m0[0;34m0[0;34m0[0;34m0[0;34m1[0;34m0[0;34m1[0;34m0[0;34m1[0;34m0[0;34m0[0;34m0[0;34m0[0;34m0[0;34m1[0;34m0[0;34m1
[0m[0;34m1[0;34m0[0;34m1[0;34m0[0;34m1[0;34m1[0;34m1[0;34m1[0;34m1[0;34m0[0;34m1[0;34m0[0;34m1[0;34m1[0;34m1[0;34m1[0;34m1[0;34m0[0;34m1[0;34m0[0;34m1
[0m[0;34m1[0;34m0[0;34m1[0;34m0[0;34m1[0;34m0[0;34m0[0;34m0[0;34m1[0;34m0[0;34m1[0;34m0[0;34m1[0;34m0[0;34m0[0;34m0[0;34m1[0;34m0[0;34m1[0;34m0[0;34m1
[0m[0;34m1[0;34m0[0;34m1[0;34m1[0;34m1[0;34m0[0;34m1[0;34m0[0;34m1[0;34m0[0;34m1[0;34m0[0;34m1[0;34m0[0;34m1[0;34m0[0;34m1[0;34m0[0;34m1[0;34m0[0;34m1
[0m[0;34m1[0;34m0[0;34m0[0;34m0[0;34m0[0;34m0[0;34m1[0;34m0[0;34m1[0;34m0[0;34m1[0;34m0[0;34m0[0;34m0[0;34m1[0;34m0[0;34m1[0;34m0[0;34m0[0;34m0[0;34m1
[0m[0;34m1[0;34m1[0;34m1[0;34m1[0;34m1[0;34m1[0;34m1[0;34m0[0;34m1[0;34m0[0;34m1[0;34m1[0;34m1[0;34m1[0;34m1[0;34m0[0;34m1[0;34m1[0;34m1[0;34m0[0;34m1
[0m[0;34m1[0;34m0[0;34m0[0;34m0[0;34m0[0;34m0[0;34m1[0;34m0[0;34m1[0;34m0[0;34m0[0;34m0[0;34m1[0;34m0[0;34m0[0;34m0[0;34m1[0;34m0[0;34m0[0;34m0[0;34m1
[0m[0;34m1[0;34m0[0;34m1[0;34m1[0;34m1[0;34m0[0;34m1[0;34m0[0;34m1[0;34m1[0;34m1[0;34m0[0;34m1[0;34m0[0;34m1[0;34m1[0;34m1[0;34m0[0;34m1[0;34m1[0;34m1
[0m[0;34m1[0;34m0[0;34m1[0;34m0[0;34m0[0;34m0[0;34m1[0;34m0[0;34m0[0;34m0[0;34m0[0;34m0[0;34m1[0;34m0[0;34m0[0;34m0[0;34m1[0;34m0[0;34m1[0;34m0[0;34m1
[0m[0;34m1[0;34m0[0;34m1[0;34m0[0;34m1[0;34m1[0;34m1[0;34m1[0;34m1[0;34m1[0;34m1[0;34m1[0;34m1[0;34m1[0;34m1[0;34m0[0;34m1[0;34m0[0;34m1[0;34m0[0;34m1
[0m[0;34m1[0;34m0[0;34m0[0;34m0[0;34m1[0;34m0[0;34m0[0;34m0[0;34m0[0;34m0[0;34m0[0;34m0[0[0;32m[Debug info]üõ†Ô∏è  Map info üîç
[0m[0;32m[Debug info] - Map width:[0m21
[0;32m[Debug info] - Map height:[0m21
[0;32m[Debug info]üõ†Ô∏è  Starting player position info üîç
[0m[0;32m[Debug info] - Player X:[0m1
[0;32m[Debug info] - Player Y:[0m19
[0;32m[Debug info] - Player Direction:[0mN
[0;32m[Debug info]üõ†Ô∏è  Colors info c:  üîç
[0m[0;32m[Debug info]üõ†Ô∏è  Colors info f:  üîç
[0m[0;32m[Debug info]üõ†Ô∏è  Textures info:  üîç
[0m[0;32m[Debug info] Texture north:[0mtextures/test/north.xpm
[0;32m[Debug info] Texture south:[0mtextures/test/south.xpm
[0;32m[Debug info] Texture west:[0mtextures/test/west.xpm
[0;32m[Debug info] Texture east:[0mtextures/test/east.xpm
;34m0[0;34m0[0;34m0[0;34m0[0;34m1[0;34m0[0;34m0[0;34m0[0;34m1
[0m[0;34m1[0;34m0[0;34m1[0;34m0[0;34m1[0;34m0[0;34m1[0;34m1[0;34m1[0;34m0[0;34m1[0;34m1[0;34m1[0;34m1[0;34m1[0;34m1[0;34m1[0;34m1[0;34m1[0;34m0[0;34m1
[0m[0;34m1[0;34mN[0;34m1[0;34m0[0;34m0[0;34m0[0;34m0[0;34m0[0;34m1[0;34m0[0;34m0[0;34m0[0;34m0[0;34m0[0;34m0[0;34m0[0;34m0[0;34m0[0;34m0[0;34m0[0;34m1
[0m[0;34m1[0;34m1[0;34m1[0;34m1[0;34m1[0;34m1[0;34m1[0;34m1[0;34m1[0;34m1[0;34m1[0;34m1[0;34m1[0;34m1[0;34m1[0;34m1[0;34m1[0;34m1[0;34m1[0;34m1[0;34m1
[0m
[0m[0;34m1[0;34m5[0;34m3
[0m[0;34m2[0;34m0[0;34m4
[0m[0;34m2[0;34m5[0;34m5
[0m[0;34m1[0;34m6[0;34m4
[0m[0;34m1[0;34m6[0;34m9
[0m[0;34m2[0;34m0
[0m[0;34m1[0;34m1[0;34m1[0;34m1[0;34m1[0;34m1[0;34m1[0;34m1[0;34m1[0;34m1[0;34m1[0;34m1[0;34m1[0;34m1[0;34m1[0;34m1[0;34m1[0;34m1[0;34m1[0;34m1[0;34m1
[0m[0;34m1[0;34m0[0;34m1[0;34m0[0;34m0[0;34m0[0;34m0[0;34m0[0;34m1[0;34m0[0;34m0[0;34m0[0;34m0[0;34m0[0;34m0[0;34m0[0;34m0[0;34m0[0;34m0[0;34m0[0;34m1
[0m[0;34m1[0;34m0[0;34m1[0;34m0[0;34m1[0;34m0[0;34m1[0;34m0[0;34m1[0;34m0[0;34m1[0;34m1[0;34m1[0;34m1[0;34m1[0;34m1[0;34m1[0;34m0[0;34m0[0;34m0[0;34m1
[0m[0;34m1[0;34m0[0;34m0[0;34m0[0;34m1[0;34m0[0;34m1[0;34m0[0;34m0[0;34m0[0;34m1[0;34m0[0;34m0[0;34m0[0;34m0[0;34m0[0;34m1[0;34m0[0;34m0[0;34m0[0;34m1
[0m[0;34m1[0;34m1[0;34m1[0;34m1[0;34m1[0;34m0[0;34m1[0;34m0[0;34m1[0;34m1[0;34m1[0;34m1[0;34m1[0;34m0[0;34m1[0;34m0[0;34m1[0;34m1[0;34m1[0;34m0[0;34m1
[0m[0;34m1[0;34m0[0;34m0[0;34m0[0;34m0[0;34m0[0;34m1[0;34m0[0;34m1[0;34m0[0;34m0[0;34m0[0;34m1[0;34m0[0;34m1[0;34m0[0;34m0[0;34m0[0;34m0[0;34m0[0;34m1
[0m[0;34m1[0;34m0[0;34m1[0;34m1[0;34m1[0;34m1[0;34m1[0;34m0[0;34m1[0;34m0[0;34m1[0;34m1[0;34m1[0;34m0[0;34m1[0;34m1[0;34m1[0;34m1[0;34m1[0;34m1[0;34m1
[0m[0;34m1[0;34m0[0;34m1[0;34m0[0;34m0[0;34m0[0;34m0[0;34m0[0;34m1[0;34m0[0;34m1[0;34m0[0;34m1[0;34m0[0;34m0[0;34m0[0;34m0[0;34m0[0;34m1[0;34m0[0;34m1
[0m[0;34m1[0;34m0[0;34m1[0;34m0[0;34m1[0;34m1[0;34m1[0;34m1[0;34m1[0;34m0[0;34m1[0;34m0[0;34m1[0;34m1[0;34m1[0;34m1[0;34m1[0;34m0[0;34m1[0;34m0[0;34m1
[0m[0;34m1[0;34m0[0;34m1[0;34m0[0;34m1[0;34m0[0;34m0[0;34m0[0;34m1[0;34m0[0;34m1[0;34m0[0;34m1[0;34m0[0;34m0[0;34m0[0;34m1[0;34m0[0;34m1[0;34m0[0;34m1
[0m[0;34m1[0;34m0[0;34m1[0;34m1[0;34m1[0;34m0[0;34m1[0;34m0[0;34m1[0;34m0[0;34m1[0;34m0[0;34m1[0;34m0[0;34m1[0;34m0[0;34m1[0;34m0[0;34m1[0;34m0[0;34m1
[0m[0;34m1[0;34m0[0;34m0[0;34m0[0;34m0[0;34m0[0;34m1[0;34m0[0;34m1[0;34m0[0;34m1[0;34m0[0;34m0[0;34m0[0;34m1[0;34m0[0;34m1[0;34m0[0;34m0[0;34m0[0;34m1
[0m[0;34m1[0;34m1[0;34m1[0;34m1[0;34m1[0;34m1[0;34m1[0;34m0[0;34m1[0;34m0[0;34m1[0;34m1[0;34m1[0;34m1[0;34m1[0;34m0[0;34m1[0;34m1[0;34m1[0;34m0[0;34m1
[0m[0;34m1[0;34m0[0;34m0[0;34m0[0;34m0[0;34m0[0;34m1[0;34m0[0;34m1[0;34m0[0;34m0[0;34m0[0;34m1[0;34m0[0;34m0[0;34m0[0;34m1[0;34m0[0;34m0[0;34m0[0;34m1
[0m[0;34m1[0;34m0[0;34m1[0;34m1[0;34m1[0;34m0[0;34m1[0;34m0[0;34m1[0;34m1[0;34m1[0;34m0[0;34m1[0;34m0[0;34m1[0;34m1[0;34m1[0;34m0[0;34m1[0;34m1[0;34m1
[0m[0;34m1[0;34m0[0;34m1[0;34m0[0;34m0[0;34m0[0;34m1[0;34m0[0;34m0[0;34m0[0;34m0[0;34m0[0;34m1[0;34m0[0;34m0[0;34m0[0;34m1[0;34m0[0;34m1[0;34m0[0;34m1
[0m[0;34m1[0;34m0[0;34m1[0;34m0[0;34m1[0;34m1[0;34m1[0;34m1[0;34m1[0;34m1[0;34m1[0;34m1[0;34m1[0;34m1[0;34m1[0;34m0[0;34m1[0;34m0[0;34m1[0;34m0[0;34m1
[0m[0;34m1[0;34m0[0;34m0[0;34m0[0;34m1[0;34m0[0;34m0[0;34m0[0;34m0[0;34m0[0;34m0[0;34m0[0;34m0[0;34m0[0;34m0[0;34m0[0;34m1[0;34m0[0;34m0[0;34m0[0;34m1
[0m[0;34m1[0;34m0[0;34m1[0;34m0[0;34m1[0;34m0[0;34m1[0;34m1[0;34m1[0;34m0[0;34m1[0;34m1[0;34m1[0;34m1[0;34m1[0;34m1[0;34m1[0;34m1[0;34m1[0;34m0[0;34m1
[0m[0;34m1[0;34mN[0;34m1[0;34m0[0;34m0[0;34m0[0;34m0[0;34m0[0;34m1[0;34m0[0;34m0[0;34m0[0;34m0[0;34m0[0;34m0[0;34m0[0;34m0[0;34m0[0;34m0[0;34m0[0;34m1
[0m[0;34m1[0;34m1[0;34m1[0;34m1[0;34m1[0;34m1[0;34m1[0;34m1[0;34m1[0;34m1[0;34m1[0;34m1[0;34m1[0;34m1[0;34m1[0;34m1[0;34m1[0;34m1[0;34m1[0;34m1[0;34m1
[0mExit code: 0
‚ö†Ô∏è No Valgrind alerts, but with leaks[0m  
==10129== Memcheck, a memory error detector
==10129== Copyright (C) 2002-2022, and GNU GPL'd, by Julian Seward et al.
==10129== Using Valgrind-3.22.0 and LibVEX; rerun with -h for copyright info
==10129== Command: ./cub3d ./maps/good/cheese_maze.cub
==10129== Parent PID: 10127
==10129== 
==10129== 
==10129== HEAP SUMMARY:
==10129==     in use at exit: 1,718 bytes in 67 blocks
==10129==   total heap usage: 210 allocs, 143 frees, 12,286 bytes allocated
==10129== 
==10129== LEAK SUMMARY:
==10129==    definitely lost: 605 bytes in 10 blocks
==10129==    indirectly lost: 1,113 bytes in 57 blocks
==10129==      possibly lost: 0 bytes in 0 blocks
==10129==    still reachable: 0 bytes in 0 blocks
==10129==         suppressed: 0 bytes in 0 blocks
==10129== Rerun with --leak-check=full to see details of leaked memory
==10129== 
==10129== For lists of detected and suppressed errors, rerun with: -s
==10129== ERROR SUMMARY: 0 errors from 0 contexts (suppressed: 0 from 0)
Running valgrind on ./maps/good/creepy.cub...

[0;32m[Debug info]üõ†Ô∏è  Map info üîç
[0m[0;32m[Debug info] - Map width:[0m15
[0;32m[Debug info] - Map height:[0m13
[0;32m[Debug info]üõ†Ô∏è  Starting player position info üîç
[0m[0;32m[Debug info] - Player X:[0m7
[0;32m[Debug info] - Player Y:[0m3
[0;32m[Debug info] - Player Direction:[0mN
[0;32m[Debug info]üõ†Ô∏è  Colors info c:  üîç
[0m[0;32m[Debug info]üõ†Ô∏è  Colors info f:  üîç
[0m[0;32m[Debug info]üõ†Ô∏è  Textures info:  üîç
[0m[0;32m[Debug info] Texture north:[0mtextures/test/north.xpm
[0;32m[Debug info] Texture south:[0mtextures/test/south.xpm
[0;32m[Debug info] Texture west:[0mtextures/test/west.xpm
[0;32m[Debug info] Texture east:[0mtextures/test/east.xpm
[0;34mN[0;34mO[0;34m [0;34mt[0;34me[0;34mx[0;34mt[0;34mu[0;34mr[0;34me[0;34ms[0;34m/[0;34mt[0;34me[0;34ms[0;34mt[0;34m/[0;34mn[0;34mo[0;34mr[0;34mt[0;34mh[0;34m.[0;34mx[0;34mp[0;34mm
[0m[0;34mS[0;34mO[0;34m [0;34mt[0;34me[0;34mx[0;34mt[0;34mu[0;34mr[0;34me[0;34ms[0;34m/[0;34mt[0;34me[0;34ms[0;34mt[0;34m/[0;34ms[0;34mo[0;34mu[0;34mt[0;34mh[0;34m.[0;34mx[0;34mp[0;34mm
[0m[0;34mW[0;34mE[0;34m [0;34mt[0;34me[0;34mx[0;34mt[0;34mu[0;34mr[0;34me[0;34ms[0;34m/[0;34mt[0;34me[0;34ms[0;34mt[0;34m/[0;34mw[0;34me[0;34ms[0;34mt[0;34m.[0;34mx[0;34mp[0;34mm
[0m[0;34mE[0;34mA[0;34m [0;34mt[0;34me[0;34mx[0;34mt[0;34mu[0;34mr[0;34me[0;34ms[0;34m/[0;34mt[0;34me[0;34ms[0;34mt[0;34m/[0;34me[0;34ma[0;34ms[0;34mt[0;34m.[0;34mx[0;34mp[0;34mm
[0m
[0m[0;34mC[0;34m [0;34m3[0;34m5[0;34m,[0;34m1[0;34m9[0;34m,[0;34m7[0;34m3
[0m[0;34mF[0;34m [0;34m1[0;34m5[0;34m,[0;34m6[0;34m,[0;34m4[0;34m0
[0m
[0m[0;34m1[0;34m1[0;34m1[0;34m1[0;34m1[0;34m1[0;34m1[0;34m1[0;34m1[0;34m1[0;34m1[0;34m1[0;34m1[0;34m1[0;34m1
[0m[0;34m1[0;34m1[0;34m1[0;34m1[0;34m1[0;34m1[0;34m0[0;34m0[0;34m0[0;34m1[0;34m1[0;34m1[0;34m1[0;34m1[0;34m1
[0m[0;34m1[0;34m1[0;34m1[0;34m1[0;34m1[0;34m0[0;34m0[0;34m0[0;34m0[0;34m0[0;34m1[0;34m1[0;34m1[0;34m1[0;34m1
[0m[0;34m1[0;34m1[0;34m1[0;34m1[0;34m0[0;34m0[0;34m0[0;34mN[0;34m0[0;34m0[0;34m0[0;34m1[0;34m1[0;34m1[0;34m1
[0m[0;34m1[0;34m1[0;34m1[0;34m0[0;34m0[0;34m0[0;34m0[0;34m0[0;34m0[0;34m0[0;34m0[0;34m0[0;34m1[0;34m1[0;34m1
[0m[0;34m1[0;34m1[0;34m0[0;34m0[0;34m0[0;34m0[0;34m0[0;34m0[0;34m0[0;34m0[0;34m0[0;34m0[0;34m0[0;34m1[0;34m1
[0m[0;34m1[0;34m0[0;34m0[0;34m0[0;34m0[0;34m1[0;34m1[0;34m1[0;34m1[0;34m1[0;34m0[0;34m0[0;34m0[0;34m0[0;34m1
[0m[0;34m1[0;34m1[0;34m0[0;34m0[0;34m0[0;34m0[0;34m1[0;34m1[0;34m1[0;34m0[0;34m0[0;34m0[0;34m0[0;34m1[0;34m1
[0m[0;34m1[0;34m1[0;34m1[0;34m0[0;34m0[0;34m0[0;34m0[0;34m1[0;34m0[0;34m0[0;34m0[0;34m0[0;34m1[0;34m1[0;34m1
[0m[0;34m1[0;34m1[0;34m1[0;34m1[0;34m0[0;34m0[0;34m0[0;34m0[0;34m0[0;34m0[0;34m0[0;34m1[0;34m1[0;34m1[0;34m1
[0m[0;34m1[0;34m1[0;34m1[0;34m1[0;34m1[0;34m0[0;34m0[0;34m0[0;34m0[0;34m0[0;34m1[0;34m1[0;34m1[0;34m1[0;34m1
[0m[0;34m1[0;34m1[0;34m1[0;34m1[0;34m1[0;34m1[0;34m0[0;34m0[0;34m0[0;34m1[0;34m1[0;34m1[0;34m1[0;34m1[0;34m1
[0m[0;34m1[0;34m1[0;34m1[0;34m1[0;34m1[0;34m1[0;34m1[0;34m1[0;34m1[0;34m1[0;34m1[0;34m1[0;34m1[0;34m1[0;34m1
[0m
[0m[0;34m3[0;34m5
[0m[0;34m1[0;34m9
[0m[0;34m7[0;34m3
[0m[0;34m1[0;34m5
[0m[0;34m6
[0m[0;34m4[0;34m0
[0m[0;34m1[0;34m1[0;34m1[0;34m1[0;34m1[0;34m1[0;34m1[0;34m1[0;34m1[0;34m1[0;34m1[0;34m1[0;34m1[0;34m1[0;34m1
[0m[0;34m1[0;34m1[0;34m1[0;34m1[0;34m1[0;34m1[0;34m0[0;34m0[0;34m0[0;34m1[0;34m1[0;34m1[0;34m1[0;34m1[0;34m1
[0m[0;34m1[0;34m1[0;34m1[0;34m1[0;34m1[0;34m0[0;34m0[0;34m0[0;34m0[0;34m0[0;34m1[0;34m1[0;34m1[0;34m1[0;34m1
[0m[0;34m1[0;34m1[0;34m1[0;34m1[0;34m0[0;34m0[0;34m0[0;34mN[0;34m0[0;34m0[0;34m0[0;34m1[0;34m1[0;34m1[0;34m1
[0m[0;34m1[0;34m1[0;34m1[0;34m0[0;34m0[0;34m0[0;34m0[0;34m0[0;34m0[0;34m0[0;34m0[0;34m0[0;34m1[0;34m1[0;34m1
[0m[0;34m1[0;34m1[0;34m0[0;34m0[0;34m0[0;34m0[0;34m0[0;34m0[0;34m0[0;34m0[0;34m0[0;34m0[0;34m0[0;34m1[0;34m1
[0m[0;34m1[0;34m0[0;34m0[0;34m0[0;34m0[0;34m1[0;34m1[0;34m1[0;34m1[0;34m1[0;34m0[0;34m0[0;34m0[0;34m0[0;34m1
[0m[0;34m1[0;34m1[0;34m0[0;34m0[0;34m0[0;34m0[0;34m1[0;34m1[0;34m1[0;34m0[0;34m0[0;34m0[0;34m0[0;34m1[0;34m1
[0m[0;34m1[0;34m1[0;34m1[0;34m0[0;34m0[0;34m0[0;34m0[0;34m1[0;34m0[0;34m0[0;34m0[0;34m0[0;34m1[0;34m1[0;34m1
[0m[0;34m1[0;34m1[0;34m1[0;34m1[0;34m0[0;34m0[0;34m0[0;34m0[0;34m0[0;34m0[0;34m0[0;34m1[0;34m1[0;34m1[0;34m1
[0m[0;34m1[0;34m1[0;34m1[0;34m1[0;34m1[0;34m0[0;34m0[0;34m0[0;34m0[0;34m0[0;34m1[0;34m1[0;34m1[0;34m1[0;34m1
[0m[0;34m1[0;34m1[0;34m1[0;34m1[0;34m1[0;34m1[0;34m0[0;34m0[0;34m0[0;34m1[0;34m1[0;34m1[0;34m1[0;34m1[0;34m1
[0m[0;34m1[0;34m1[0;34m1[0;34m1[0;34m1[0;34m1[0;34m1[0;34m1[0;34m1[0;34m1[0;34m1[0;34m1[0;34m1[0;34m1[0;34m1
[0mExit code: 0
‚ö†Ô∏è No Valgrind alerts, but with leaks[0m  
==10157== Memcheck, a memory error detector
==10157== Copyright (C) 2002-2022, and GNU GPL'd, by Julian Seward et al.
==10157== Using Valgrind-3.22.0 and LibVEX; rerun with -h for copyright info
==10157== Command: ./cub3d ./maps/good/creepy.cub
==10157== Parent PID: 10127
==10157== 
==10157== 
==10157== HEAP SUMMARY:
==10157==     in use at exit: 1,056 bytes in 51 blocks
==10157==   total heap usage: 152 allocs, 101 frees, 8,990 bytes allocated
==10157== 
==10157== LEAK SUMMARY:
==10157==    definitely lost: 471 bytes in 10 blocks
==10157==    indirectly lost: 585 bytes in 41 blocks
==10157==      possibly lost: 0 bytes in 0 blocks
==10157==    still reachable: 0 bytes in 0 blocks
==10157==         suppressed: 0 bytes in 0 blocks
==10157== Rerun with --leak-check=full to see details of leaked memory
==10157== 
==10157== For lists of detected and suppressed errors, rerun with: -s
==10157== ERROR SUMMARY: 0 errors from 0 contexts (suppressed: 0 from 0)
Running valgrind on ./maps/good/dungeon.cub...

[0;32m[Debug info]üõ†Ô∏è  Map info üîç
[0m[0;32m[Debug info] - Map width:[0m19
[0;32m[Debug info] - Map height:[0m10
[0;32m[Debug info]üõ†Ô∏è  Starting player position info üîç
[0m[0;32m[Debug info] - Player X:[0m2
[0;32m[Debug info] - Player Y:[0m1
[0;32m[Debug info] - Player Direction:[0mW
[0;32m[Debug info]üõ†Ô∏è  Colors info c:  üîç
[0m[0;32m[Debug info]üõ†Ô∏è  Colors info f:  üîç
[0m[0;32m[Debug info]üõ†Ô∏è  Textures info:  üîç
[0m[0;32m[Debug info] Texture north:[0mtextures/test/north.xpm
[0;32m[Debug info] Texture south:[0mtextures/test/south.xpm
[0;32m[Debug info] Texture west:[0mtextures/test/west.xpm
[0;32m[Debug info] Texture east:[0mtextures/test/east.xpm
[0;34mF[0;34m [0;34m7[0;34m6[0;34m,[0;34m7[0;34m6[0;34m,[0;34m7[0;34m6
[0m[0;34mC[0;34m [0;34m9[0;34m9[0;34m,[0;34m9[0;34m9[0;34m,[0;34m9[0;34m9
[0m
[0m[0;34mN[0;34mO[0;34m [0;34mt[0;34me[0;34mx[0;34mt[0;34mu[0;34mr[0;34me[0;34ms[0;34m/[0;34mt[0;34me[0;34ms[0;34mt[0;34m/[0;34mn[0;34mo[0;34mr[0;34mt[0;34mh[0;34m.[0;34mx[0;34mp[0;34mm
[0m[0;34mS[0;34mO[0;34m [0;34mt[0;34me[0;34mx[0;34mt[0;34mu[0;34mr[0;34me[0;34ms[0;34m/[0;34mt[0;34me[0;34ms[0;34mt[0;34m/[0;34ms[0;34mo[0;34mu[0;34mt[0;34mh[0;34m.[0;34mx[0;34mp[0;34mm
[0m[0;34mW[0;34mE[0;34m [0;34mt[0;34me[0;34mx[0;34mt[0;34mu[0;34mr[0;34me[0;34ms[0;34m/[0;34mt[0;34me[0;34ms[0;34mt[0;34m/[0;34mw[0;34me[0;34ms[0;34mt[0;34m.[0;34mx[0;34mp[0;34mm
[0m[0;34mE[0;34mA[0;34m [0;34mt[0;34me[0;34mx[0;34mt[0;34mu[0;34mr[0;34me[0;34ms[0;34m/[0;34mt[0;34me[0;34ms[0;34mt[0;34m/[0;34me[0;34ma[0;34ms[0;34mt[0;34m.[0;34mx[0;34mp[0;34mm
[0m
[0m[0;34m1[0;34m1[0;34m1[0;34m1[0;34m1[0;34m1[0;34m1[0;34m1[0;34m1[0;34m1[0;34m1[0;34m1[0;34m1[0;34m1[0;34m1[0;34m1[0;34m1[0;34m1[0;34m1
[0m[0;34m1[0;34m0[0;34mW[0;34m1[0;34m0[0;34m0[0;34m1[0;34m0[0;34m0[0;34m1[0;34m0[0;34m0[0;34m1[0;34m0[0;34m0[0;34m0[0;34m0[0;34m0[0;34m1
[0m[0;34m1[0;34m0[0;34m1[0;34m1[0;34m0[0;34m0[0;34m0[0;34m0[0;34m0[0;34m1[0;34m0[0;34m0[0;34m0[0;34m0[0;34m0[0;34m1[0;34m0[0;34m0[0;34m1
[0m[0;34m1[0;34m0[0;34m0[0;34m1[0;34m0[0;34m0[0;34m1[0;34m0[0;34m0[0;34m1[0;34m1[0;34m1[0;34m1[0;34m1[0;34m0[0;34m1[0;34m1[0;34m1[0;34m1
[0m[0;34m1[0;34m0[0;34m0[0;34m1[0;34m1[0;34m1[0;34m1[0;34m0[0;34m0[0;34m0[0;34m0[0;34m0[0;34m1[0;34m0[0;34m0[0;34m1[0;34m0[0;34m0[0;34m1
[0m[0;34m1[0;34m0[0;34m0[0;34m0[0;34m0[0;34m0[0;34m0[0;34m0[0;34m0[0;34m0[0;34m0[0;34m0[0;34m0[0;34m0[0;34m0[0;34m1[0;34m0[0;34m0[0;34m1
[0m[0;34m1[0;34m0[0;34m0[0;34m1[0;34m1[0;34m1[0;34m1[0;34m1[0;34m1[0;34m1[0;34m1[0;34m1[0;34m1[0;34m0[0;34m0[0;34m1[0;34m0[0;34m0[0;34m1
[0m[0;34m1[0;34m1[0;34m1[0;34m1[0;34m0[0;34m0[0;34m0[0;34m0[0;34m0[0;34m0[0;34m0[0;34m0[0;34m0[0;34m0[0;34m0[0;34m1[0;34m0[0;34m1[0;34m1
[0m[0;34m1[0;34m0[0;34m0[0;34m0[0;34m0[0;34m0[0;34m0[0;34m0[0;34m0[0;34m1[0;34m0[0;34m0[0;34m0[0;34m0[0;34m0[0;34m0[0;34m0[0;34m0[0;34m1
[0m[0;34m1[0;34m1[0;34m1[0;34m1[0;34m1[0;34m1[0;34m1[0;34m1[0;34m1[0;34m1[0;34m1[0;34m1[0;34m1[0;34m1[0;34m1[0;34m1[0;34m1[0;34m1[0;34m1
[0m
[0m[0;34m9[0;34m9
[0m[0;34m9[0;34m9
[0m[0;34m9[0;34m9
[0m[0;34m7[0;34m6
[0m[0;34m7[0;34m6
[0m[0;34m7[0;34m6
[0m[0;34m1[0;34m1[0;34m1[0;34m1[0;34m1[0;34m1[0;34m1[0;34m1[0;34m1[0;34m1[0;34m1[0;34m1[0;34m1[0;34m1[0;34m1[0;34m1[0;34m1[0;34m1[0;34m1
[0m[0;34m1[0;34m0[0;34mW[0;34m1[0;34m0[0;34m0[0;34m1[0;34m0[0;34m0[0;34m1[0;34m0[0;34m0[0;34m1[0;34m0[0;34m0[0;34m0[0;34m0[0;34m0[0;34m1
[0m[0;34m1[0;34m0[0;34m1[0;34m1[0;34m0[0;34m0[0;34m0[0;34m0[0;34m0[0;34m1[0;34m0[0;34m0[0;34m0[0;34m0[0;34m0[0;34m1[0;34m0[0;34m0[0;34m1
[0m[0;34m1[0;34m0[0;34m0[0;34m1[0;34m0[0;34m0[0;34m1[0;34m0[0;34m0[0;34m1[0;34m1[0;34m1[0;34m1[0;34m1[0;34m0[0;34m1[0;34m1[0;34m1[0;34m1
[0m[0;34m1[0;34m0[0;34m0[0;34m1[0;34m1[0;34m1[0;34m1[0;34m0[0;34m0[0;34m0[0;34m0[0;34m0[0;34m1[0;34m0[0;34m0[0;34m1[0;34m0[0;34m0[0;34m1
[0m[0;34m1[0;34m0[0;34m0[0;34m0[0;34m0[0;34m0[0;34m0[0;34m0[0;34m0[0;34m0[0;34m0[0;34m0[0;34m0[0;34m0[0;34m0[0;34m1[0;34m0[0;34m0[0;34m1
[0m[0;34m1[0;34m0[0;34m0[0;34m1[0;34m1[0;34m1[0;34m1[0;34m1[0;34m1[0;34m1[0;34m1[0;34m1[0;34m1[0;34m0[0;34m0[0;34m1[0;34m0[0;34m0[0;34m1
[0m[0;34m1[0;34m1[0;34m1[0;34m1[0;34m0[0;34m0[0;34m0[0;34m0[0;34m0[0;34m0[0;34m0[0;34m0[0;34m0[0;34m0[0;34m0[0;34m1[0;34m0[0;34m1[0;34m1
[0m[0;34m1[0;34m0[0;34m0[0;34m0[0;34m0[0;34m0[0;34m0[0;34m0[0;34m0[0;34m1[0;34m0[0;34m0[0;34m0[0;34m0[0;34m0[0;34m0[0;34m0[0;34m0[0;34m1
[0m[0;34m1[0;34m1[0;34m1[0;34m1[0;34m1[0;34m1[0;34m1[0;34m1[0;34m1[0;34m1[0;34m1[0;34m1[0;34m1[0;34m1[0;34m1[0;34m1[0;34m1[0;34m1[0;34m1
[0mExit code: 0
‚ö†Ô∏è No Valgrind alerts, but with leaks[0m  
==10184== Memcheck, a memory error detector
==10184== Copyright (C) 2002-2022, and GNU GPL'd, by Julian Seward et al.
==10184== Using Valgrind-3.22.0 and LibVEX; rerun with -h for copyright info
==10184== Command: ./cub3d ./maps/good/dungeon.cub
==10184== Parent PID: 10127
==10184== 
==10184== 
==10184== HEAP SUMMARY:
==10184==     in use at exit: 992 bytes in 45 blocks
==10184==   total heap usage: 133 allocs, 88 frees, 8,232 bytes allocated
==10184== 
==10184== LEAK SUMMARY:
==10184==    definitely lost: 424 bytes in 10 blocks
==10184==    indirectly lost: 568 bytes in 35 blocks
==10184==      possibly lost: 0 bytes in 0 blocks
==10184==    still reachable: 0 bytes in 0 blocks
==10184==         suppressed: 0 bytes in 0 blocks
==10184== Rerun with --leak-check=full to see details of leaked memory
==10184== 
==10184== For lists of detected and suppressed errors, rerun with: -s
==10184== ERROR SUMMARY: 0 errors from 0 contexts (suppressed: 0 from 0)
Running valgrind on ./maps/good/library.cub...

[0;32m[Debug info]üõ†Ô∏è  Map info üîç
[0m[0;32m[Debug info] - Map width:[0m19
[0;32m[Debug info] - Map height:[0m10
[0;32m[Debug info]üõ†Ô∏è  Starting player position info üîç
[0m[0;32m[Debug info] - Player X:[0m9
[0;32m[Debug info] - Player Y:[0m5
[0;32m[Debug info] - Player Direction:[0mS
[0;32m[Debug info]üõ†Ô∏è  Colors info c:  üîç
[0m[0;32m[Debug info]üõ†Ô∏è  Colors info f:  üîç
[0m[0;32m[Debug info]üõ†Ô∏è  Textures info:  üîç
[0m[0;32m[Debug info] Texture north:[0mtextures/test/north.xpm
[0;32m[Debug info] Texture south:[0mtextures/test/south.xpm
[0;32m[Debug info] Texture west:[0mtextures/test/west.xpm
[0;32m[Debug info] Texture east:[0mtextures/test/east.xpm
[0;34mF[0;34m [0;34m1[0;34m3[0;34m9[0;34m,[0;34m9[0;34m9[0;34m,[0;34m5[0;34m8
[0m[0;34mC[0;34m [0;34m1[0;34m7[0;34m1[0;34m,[0;34m1[0;34m5[0;34m4[0;34m,[0;34m1[0;34m3[0;34m7
[0m
[0m[0;34mN[0;34mO[0;34m [0;34mt[0;34me[0;34mx[0;34mt[0;34mu[0;34mr[0;34me[0;34ms[0;34m/[0;34mt[0;34me[0;34ms[0;34mt[0;34m/[0;34mn[0;34mo[0;34mr[0;34mt[0;34mh[0;34m.[0;34mx[0;34mp[0;34mm
[0m[0;34mS[0;34mO[0;34m [0;34mt[0;34me[0;34mx[0;34mt[0;34mu[0;34mr[0;34me[0;34ms[0;34m/[0;34mt[0;34me[0;34ms[0;34mt[0;34m/[0;34ms[0;34mo[0;34mu[0;34mt[0;34mh[0;34m.[0;34mx[0;34mp[0;34mm
[0m[0;34mW[0;34mE[0;34m [0;34mt[0;34me[0;34mx[0;34mt[0;34mu[0;34mr[0;34me[0;34ms[0;34m/[0;34mt[0;34me[0;34ms[0;34mt[0;34m/[0;34mw[0;34me[0;34ms[0;34mt[0;34m.[0;34mx[0;34mp[0;34mm
[0m[0;34mE[0;34mA[0;34m [0;34mt[0;34me[0;34mx[0;34mt[0;34mu[0;34mr[0;34me[0;34ms[0;34m/[0;34mt[0;34me[0;34ms[0;34mt[0;34m/[0;34me[0;34ma[0;34ms[0;34mt[0;34m.[0;34mx[0;34mp[0;34mm
[0m
[0m[0;34m1[0;34m1[0;34m1[0;34m1[0;34m1[0;34m1[0;34m1[0;34m1[0;34m1[0;34m1[0;34m1[0;34m1[0;34m1[0;34m1[0;34m1[0;34m1[0;34m1[0;34m1[0;34m1
[0m[0;34m1[0;34m0[0;34m0[0;34m1[0;34m0[0;34m0[0;34m1[0;34m0[0;34m0[0;34m1[0;34m0[0;34m0[0;34m1[0;34m0[0;34m0[0;34m1[0;34m0[0;34m0[0;34m1
[0m[0;34m1[0;34m0[0;34m0[0;34m1[0;34m0[0;34m0[0;34m1[0;34m0[0;34m0[0;34m1[0;34m0[0;34m0[0;34m1[0;34m0[0;34m0[0;34m1[0;34m0[0;34m0[0;34m1
[0m[0;34m1[0;34m0[0;34m0[0;34m1[0;34m0[0;34m0[0;34m1[0;34m0[0;34m0[0;34m1[0;34m0[0;34m0[0;34m1[0;34m0[0;34m0[0;34m1[0;34m0[0;34m0[0;34m1
[0m[0;34m1[0;34m0[0;34m0[0;34m1[0;34m0[0;34m0[0;34m1[0;34m0[0;34m0[0;34m0[0;34m0[0;34m0[0;34m1[0;34m0[0;34m0[0;34m1[0;34m0[0;34m0[0;34m1
[0m[0;34m1[0;34m0[0;34m0[0;34m0[0;34m0[0;34m0[0;34m0[0;34m0[0;34m0[0;34mS[0;34m0[0;34m0[0;34m0[0;34m0[0;34m0[0;34m0[0;34m0[0;34m0[0;34m1
[0m[0;34m1[0;34m0[0;34m0[0;34m0[0;34m0[0;34m1[0;34m1[0;34m1[0;34m1[0;34m1[0;34m1[0;34m1[0;34m1[0;34m0[0;34m0[0;34m0[0;34m0[0;34m0[0;34m1
[0m[0;34m1[0;34m1[0;34m1[0;34m1[0;34m0[0;34m0[0;34m0[0;34m0[0;34m0[0;34m0[0;34m0[0;34m0[0;34m0[0;34m0[0;34m0[0;34m1[0;34m1[0;34m1[0;34m1
[0m[0;34m1[0;34m0[0;34m0[0;34m0[0;34m0[0;34m0[0;34m0[0;34m1[0;34m0[0;34m1[0;34m0[0;34m1[0;34m0[0;34m0[0;34m0[0;34m0[0;34m0[0;34m0[0;34m1
[0m[0;34m1[0;34m1[0;34m1[0;34m1[0;34m1[0;34m1[0;34m1[0;34m1[0;34m1[0;34m1[0;34m1[0;34m1[0;34m1[0;34m1[0;34m1[0;34m1[0;34m1[0;34m1[0;34m1
[0m
[0m[0;34m1[0;34m7[0;34m1
[0m[0;34m1[0;34m5[0;34m4
[0m[0;34m1[0;34m3[0;34m7
[0m[0;34m1[0;34m3[0;34m9
[0m[0;34m9[0;34m9
[0m[0;34m5[0;34m8
[0m[0;34m1[0;34m1[0;34m1[0;34m1[0;34m1[0;34m1[0;34m1[0;34m1[0;34m1[0;34m1[0;34m1[0;34m1[0;34m1[0;34m1[0;34m1[0;34m1[0;34m1[0;34m1[0;34m1
[0m[0;34m1[0;34m0[0;34m0[0;34m1[0;34m0[0;34m0[0;34m1[0;34m0[0;34m0[0;34m1[0;34m0[0;34m0[0;34m1[0;34m0[0;34m0[0;34m1[0;34m0[0;34m0[0;34m1
[0m[0;34m1[0;34m0[0;34m0[0;34m1[0;34m0[0;34m0[0;34m1[0;34m0[0;34m0[0;34m1[0;34m0[0;34m0[0;34m1[0;34m0[0;34m0[0;34m1[0;34m0[0;34m0[0;34m1
[0m[0;34m1[0;34m0[0;34m0[0;34m1[0;34m0[0;34m0[0;34m1[0;34m0[0;34m0[0;34m1[0;34m0[0;34m0[0;34m1[0;34m0[0;34m0[0;34m1[0;34m0[0;34m0[0;34m1
[0m[0;34m1[0;34m0[0;34m0[0;34m1[0;34m0[0;34m0[0;34m1[0;34m0[0;34m0[0;34m0[0;34m0[0;34m0[0;34m1[0;34m0[0;34m0[0;34m1[0;34m0[0;34m0[0;34m1
[0m[0;34m1[0;34m0[0;34m0[0;34m0[0;34m0[0;34m0[0;34m0[0;34m0[0;34m0[0;34mS[0;34m0[0;34m0[0;34m0[0;34m0[0;34m0[0;34m0[0;34m0[0;34m0[0;34m1
[0m[0;34m1[0;34m0[0;34m0[0;34m0[0;34m0[0;34m1[0;34m1[0;34m1[0;34m1[0;34m1[0;34m1[0;34m1[0;34m1[0;34m0[0;34m0[0;34m0[0;34m0[0;34m0[0;34m1
[0m[0;34m1[0;34m1[0;34m1[0;34m1[0;34m0[0;34m0[0;34m0[0;34m0[0;34m0[0;34m0[0;34m0[0;34m0[0;34m0[0;34m0[0;34m0[0;34m1[0;34m1[0;34m1[0;34m1
[0m[0;34m1[0;34m0[0;34m0[0;34m0[0;34m0[0;34m0[0;34m0[0;34m1[0;34m0[0;34m1[0;34m0[0;34m1[0;34m0[0;34m0[0;34m0[0;34m0[0;34m0[0;34m0[0;34m1
[0m[0;34m1[0;34m1[0;34m1[0;34m1[0;34m1[0;34m1[0;34m1[0;34m1[0;34m1[0;34m1[0;34m1[0;34m1[0;34m1[0;34m1[0;34m1[0;34m1[0;34m1[0;34m1[0;34m1
[0mExit code: 0
‚ö†Ô∏è No Valgrind alerts, but with leaks[0m  
==10219== Memcheck, a memory error detector
==10219== Copyright (C) 2002-2022, and GNU GPL'd, by Julian Seward et al.
==10219== Using Valgrind-3.22.0 and LibVEX; rerun with -h for copyright info
==10219== Command: ./cub3d ./maps/good/library.cub
==10219== Parent PID: 10127
==10219== 
==10219== 
==10219== HEAP SUMMARY:
==10219==     in use at exit: 1,004 bytes in 45 blocks
==10219==   total heap usage: 133 allocs, 88 frees, 8,285 bytes allocated
==10219== 
==10219== LEAK SUMMARY:
==10219==    definitely lost: 428 bytes in 10 blocks
==10219==    indirectly lost: 576 bytes in 35 blocks
==10219==      possibly lost: 0 bytes in 0 blocks
==10219==    still reachable: 0 bytes in 0 blocks
==10219==         suppressed: 0 bytes in 0 blocks
==10219== Rerun with --leak-check=full to see details of leaked memory
==10219== 
==10219== For lists of detected and suppressed errors, rerun with: -s
==10219== ERROR SUMMARY: 0 errors from 0 contexts (suppressed: 0 from 0)
Running valgrind on ./maps/good/matrix.cub...

[0;34mN[0;34mO[0;34m [0;34mt[0;34me[0;34mx[0;34mt[0;34mu[0;34mr[0;34me[0;34ms[0;34m/[0;34mt[0;34me[0;34ms[0;34mt[0;34m/[0;34mn[0;34mo[0;34mr[0;34mt[0;34mh[0;34m.[0;34mx[0;34mp[0;34mm
[0m[0;34mS[0;34mO[0;34m [0;34mt[0;34me[0;34mx[0;34mt[0;34mu[0;34mr[0;34me[0;34ms[0;34m/[0;34mt[0;34me[0;34ms[0;34mt[0;34m/[0;34ms[0;34mo[0;34mu[0;34mt[0;34mh[0;34m.[0;34mx[0;34mp[0;34mm
[0m[0;34mW[0;34mE[0;34m [0;34mt[0;34me[0;34mx[0;34mt[0;34mu[0;34mr[0;34me[0;34ms[0;34m/[0;34mt[0;34me[0;34ms[0;34mt[0;34m/[0;34mw[0;34me[0;34ms[0;34mt[0;34m.[0;34mx[0;34mp[0;34mm
[0m[0;34mE[0;34mA[0;34m [0;34mt[0;34me[0;34mx[0;34mt[0;34mu[0;34mr[0;34me[0;34ms[0;34m/[0;34mt[0;34me[0;34ms[0;34mt[0;34m/[0;34me[0;34ma[0;34ms[0;34mt[0;34m.[0;34mx[0;34mp[0;34mm
[0m
[0m[0;34mF[0;34m [0;34m0[0;34m,[0;34m0[0;34m,[0;34m0
[0m[0;34mC[0;34m [0;34m0[0;34m,[0;34m0[0;34m,[0;34m0
[0m
[0m[0;34m1[0;34m1[0;34m1[0;34m1[0;34m1[0;34m1[0;34m1[0;34m1[0;34m1[0;34m1[0;34m1[0;34m1[0;34m1[0;34m1[0;34m1[0;34m1[0;34m1[0;34m1[0;34m1[0;34m1[0;34m1
[0m[0;34m1[0;34m0[0;34m1[0;34m0[0;34m0[0;34m0[0;34m0[0;34m0[0;34m1[0;34m0[0;34m0[0;34m0[0;34m0[0;34m0[0;34m0[0;34m0[0;34m0[0;34m0[0;34m0[0;34m0[0;34m1
[0m[0;34m1[0;34m0[0;34m1[0;34m0[0;34m1[0;34m0[0;34m1[0;34m0[0;34m1[0;34m0[0;34m1[0;34m1[0;34m1[0;34m1[0;34m1[0;34m1[0;34m1[0;34m0[0;34m0[0;34m0[0;34m1
[0m[0;34m1[0;34m0[0;34m0[0;34m0[0;34m1[0;34m0[0;34m1[0;34m0[0;34m0[0;34m0[0;34m1[0;34m0[0;34m0[0;34m0[0;34m0[0;34m0[0;34m1[0;34m0[0;34m0[0;34m0[0;34m1
[0m[0;34m1[0;34m1[0;34m1[0;34m1[0;34m1[0;34m0[0;34m1[0;34m0[0;34m1[0;34m1[0;34m1[0;34m1[0;34m1[0;34m0[0;34m1[0;34m0[0;34m1[0;34m1[0;34m1[0;34m0[0;34m1
[0m[0;34m1[0;34m0[0;34m0[0;34m0[0;34m0[0;34m0[0;34m1[0;34m0[0;34m1[0;34m0[0;34m0[0;34m0[0;34m1[0;34m0[0;34m1[0;34m0[0;34m0[0;34m0[0;34m0[0;34m0[0;34m1
[0m[0;34m1[0;34m0[0;34m1[0;34m1[0;34m1[0;34m1[0;34m1[0;34m0[0;34m1[0;34m0[0;34m1[0;34m1[0;34m1[0;34m0[0;34m1[0;34m1[0;34m1[0;34m1[0;34m1[0;34m1[0;34m1
[0m[0;34m1[0;34m0[0;34m1[0;34m0[0;34m0[0;34m0[0;34m0[0;34m0[0;34m1[0;34m0[0;34m1[0;34m0[0;34m1[0;34m0[0;34m0[0;34m0[0;34m0[0;34m0[0;34m1[0;34m0[0;34m1
[0m[0;34m1[0;34m0[0;34m1[0;34m0[0;34m1[0;34m1[0;34m1[0;34m1[0;34m1[0;34m0[0;34m1[0;34m0[0;34m1[0;34m1[0;34m1[0;34m1[0;34m1[0;34m0[0;34m1[0;34m0[0;34m1
[0m[0;34m1[0;34m0[0;34m1[0;34m0[0;34m1[0;34m0[0;34m0[0;34m0[0;34m1[0;34m0[0;34m1[0;34m0[0;34m1[0;34m0[0;34m0[0;34m0[0;34m1[0;34m0[0;34m1[0;34m0[0;34m1
[0m[0;34m1[0;34m0[0;34m1[0;34m1[0;34m1[0;34m0[0;34m1[0;34m0[0;34m1[0;34m0[0;34m1[0;34m0[0;34m1[0;34m0[0;34m1[0;34m0[0;34m1[0;34m0[0;34m1[0;34m0[0;34m1
[0m[0;34m1[0;34m0[0;34m0[0;34m0[0;34m0[0;34m0[0;34m1[0;34m0[0;34m1[0;34m0[0;34m1[0;34m0[0;34m0[0;34m0[0;34m1[0;34m0[0;34m1[0;34m0[0;34m0[0;34m0[0;34m1
[0m[0;34m1[0;34m1[0;34m1[0;34m1[0;34m1[0;34m1[0;34m1[0;34m0[0;34m1[0;34m0[0;34m1[0;34m1[0;34m1[0;34m1[0;34m1[0;34m0[0;34m1[0;34m1[0;34m1[0;34m0[0;34m1
[0m[0;34m1[0;34m0[0;34m0[0;34m0[0;34m0[0;34m0[0;34m1[0;34m0[0;34m1[0;34m0[0;34m0[0;34m0[0;34m1[0;34m0[0;34m0[0;34m0[0;34m1[0;34m0[0;34m0[0;34m0[0;34m1
[0m[0;34m1[0;34m0[0;34m1[0;34m1[0;34m1[0;34m0[0;34m1[0;34m0[0;34m1[0;34m1[0;34m1[0;34m0[0;34m1[0;34m0[0;34m1[0;34m1[0;34m1[0;34m0[0;34m1[0;34m1[0;34m1
[0m[0;34m1[0;34m0[0;34m1[0;34m0[0;34m0[0;34m0[0;34m1[0;34m0[0;34m0[0;34m0[0;34m0[0;34m0[0;34m1[0;34m0[0;34m0[0;34m0[0;34m1[0;34m0[0;34m1[0;34m0[0;34m1
[0m[0;34m1[0;34m0[0;34m1[0;34m0[0;34m1[0;34m1[0;34m1[0;34m1[0;34m1[0;34m1[0;34m1[0;34m1[0;34m1[0;34m1[0;34m1[0;34m0[0;34m1[0;34m0[0;34m1[0;34m0[0;34m1
[0m[0;34m1[0;34m0[0;34m0[0;34m0[0;34m1[0;34m0[0;34m0[0;34m0[0;34m0[0;34m0[0;34m0[0;34m0[0;34m0[0;34m0[0;34m0[0;34m0[0;34m1[0;34m0[0;34m0[0;34m0[0;34m1
[0m[0;34m1[0;34[0;32m[Debug info]üõ†Ô∏è  Map info üîç
[0m[0;32m[Debug info] - Map width:[0m21
[0;32m[Debug info] - Map height:[0m21
[0;32m[Debug info]üõ†Ô∏è  Starting player position info üîç
[0m[0;32m[Debug info] - Player X:[0m1
[0;32m[Debug info] - Player Y:[0m19
[0;32m[Debug info] - Player Direction:[0mN
[0;32m[Debug info]üõ†Ô∏è  Colors info c:  üîç
[0m[0;32m[Debug info]üõ†Ô∏è  Colors info f:  üîç
[0m[0;32m[Debug info]üõ†Ô∏è  Textures info:  üîç
[0m[0;32m[Debug info] Texture north:[0mtextures/test/north.xpm
[0;32m[Debug info] Texture south:[0mtextures/test/south.xpm
[0;32m[Debug info] Texture west:[0mtextures/test/west.xpm
[0;32m[Debug info] Texture east:[0mtextures/test/east.xpm
m0[0;34m1[0;34m0[0;34m1[0;34m0[0;34m1[0;34m1[0;34m1[0;34m0[0;34m1[0;34m1[0;34m1[0;34m1[0;34m1[0;34m1[0;34m1[0;34m1[0;34m1[0;34m0[0;34m1
[0m[0;34m1[0;34mN[0;34m1[0;34m0[0;34m0[0;34m0[0;34m0[0;34m0[0;34m1[0;34m0[0;34m0[0;34m0[0;34m0[0;34m0[0;34m0[0;34m0[0;34m0[0;34m0[0;34m0[0;34m0[0;34m1
[0m[0;34m1[0;34m1[0;34m1[0;34m1[0;34m1[0;34m1[0;34m1[0;34m1[0;34m1[0;34m1[0;34m1[0;34m1[0;34m1[0;34m1[0;34m1[0;34m1[0;34m1[0;34m1[0;34m1[0;34m1[0;34m1
[0m
[0m[0;34m0
[0m[0;34m0
[0m[0;34m0
[0m[0;34m0
[0m[0;34m0
[0m[0;34m0
[0m[0;34m1[0;34m1[0;34m1[0;34m1[0;34m1[0;34m1[0;34m1[0;34m1[0;34m1[0;34m1[0;34m1[0;34m1[0;34m1[0;34m1[0;34m1[0;34m1[0;34m1[0;34m1[0;34m1[0;34m1[0;34m1
[0m[0;34m1[0;34m0[0;34m1[0;34m0[0;34m0[0;34m0[0;34m0[0;34m0[0;34m1[0;34m0[0;34m0[0;34m0[0;34m0[0;34m0[0;34m0[0;34m0[0;34m0[0;34m0[0;34m0[0;34m0[0;34m1
[0m[0;34m1[0;34m0[0;34m1[0;34m0[0;34m1[0;34m0[0;34m1[0;34m0[0;34m1[0;34m0[0;34m1[0;34m1[0;34m1[0;34m1[0;34m1[0;34m1[0;34m1[0;34m0[0;34m0[0;34m0[0;34m1
[0m[0;34m1[0;34m0[0;34m0[0;34m0[0;34m1[0;34m0[0;34m1[0;34m0[0;34m0[0;34m0[0;34m1[0;34m0[0;34m0[0;34m0[0;34m0[0;34m0[0;34m1[0;34m0[0;34m0[0;34m0[0;34m1
[0m[0;34m1[0;34m1[0;34m1[0;34m1[0;34m1[0;34m0[0;34m1[0;34m0[0;34m1[0;34m1[0;34m1[0;34m1[0;34m1[0;34m0[0;34m1[0;34m0[0;34m1[0;34m1[0;34m1[0;34m0[0;34m1
[0m[0;34m1[0;34m0[0;34m0[0;34m0[0;34m0[0;34m0[0;34m1[0;34m0[0;34m1[0;34m0[0;34m0[0;34m0[0;34m1[0;34m0[0;34m1[0;34m0[0;34m0[0;34m0[0;34m0[0;34m0[0;34m1
[0m[0;34m1[0;34m0[0;34m1[0;34m1[0;34m1[0;34m1[0;34m1[0;34m0[0;34m1[0;34m0[0;34m1[0;34m1[0;34m1[0;34m0[0;34m1[0;34m1[0;34m1[0;34m1[0;34m1[0;34m1[0;34m1
[0m[0;34m1[0;34m0[0;34m1[0;34m0[0;34m0[0;34m0[0;34m0[0;34m0[0;34m1[0;34m0[0;34m1[0;34m0[0;34m1[0;34m0[0;34m0[0;34m0[0;34m0[0;34m0[0;34m1[0;34m0[0;34m1
[0m[0;34m1[0;34m0[0;34m1[0;34m0[0;34m1[0;34m1[0;34m1[0;34m1[0;34m1[0;34m0[0;34m1[0;34m0[0;34m1[0;34m1[0;34m1[0;34m1[0;34m1[0;34m0[0;34m1[0;34m0[0;34m1
[0m[0;34m1[0;34m0[0;34m1[0;34m0[0;34m1[0;34m0[0;34m0[0;34m0[0;34m1[0;34m0[0;34m1[0;34m0[0;34m1[0;34m0[0;34m0[0;34m0[0;34m1[0;34m0[0;34m1[0;34m0[0;34m1
[0m[0;34m1[0;34m0[0;34m1[0;34m1[0;34m1[0;34m0[0;34m1[0;34m0[0;34m1[0;34m0[0;34m1[0;34m0[0;34m1[0;34m0[0;34m1[0;34m0[0;34m1[0;34m0[0;34m1[0;34m0[0;34m1
[0m[0;34m1[0;34m0[0;34m0[0;34m0[0;34m0[0;34m0[0;34m1[0;34m0[0;34m1[0;34m0[0;34m1[0;34m0[0;34m0[0;34m0[0;34m1[0;34m0[0;34m1[0;34m0[0;34m0[0;34m0[0;34m1
[0m[0;34m1[0;34m1[0;34m1[0;34m1[0;34m1[0;34m1[0;34m1[0;34m0[0;34m1[0;34m0[0;34m1[0;34m1[0;34m1[0;34m1[0;34m1[0;34m0[0;34m1[0;34m1[0;34m1[0;34m0[0;34m1
[0m[0;34m1[0;34m0[0;34m0[0;34m0[0;34m0[0;34m0[0;34m1[0;34m0[0;34m1[0;34m0[0;34m0[0;34m0[0;34m1[0;34m0[0;34m0[0;34m0[0;34m1[0;34m0[0;34m0[0;34m0[0;34m1
[0m[0;34m1[0;34m0[0;34m1[0;34m1[0;34m1[0;34m0[0;34m1[0;34m0[0;34m1[0;34m1[0;34m1[0;34m0[0;34m1[0;34m0[0;34m1[0;34m1[0;34m1[0;34m0[0;34m1[0;34m1[0;34m1
[0m[0;34m1[0;34m0[0;34m1[0;34m0[0;34m0[0;34m0[0;34m1[0;34m0[0;34m0[0;34m0[0;34m0[0;34m0[0;34m1[0;34m0[0;34m0[0;34m0[0;34m1[0;34m0[0;34m1[0;34m0[0;34m1
[0m[0;34m1[0;34m0[0;34m1[0;34m0[0;34m1[0;34m1[0;34m1[0;34m1[0;34m1[0;34m1[0;34m1[0;34m1[0;34m1[0;34m1[0;34m1[0;34m0[0;34m1[0;34m0[0;34m1[0;34m0[0;34m1
[0m[0;34m1[0;34m0[0;34m0[0;34m0[0;34m1[0;34m0[0;34m0[0;34m0[0;34m0[0;34m0[0;34m0[0;34m0[0;34m0[0;34m0[0;34m0[0;34m0[0;34m1[0;34m0[0;34m0[0;34m0[0;34m1
[0m[0;34m1[0;34m0[0;34m1[0;34m0[0;34m1[0;34m0[0;34m1[0;34m1[0;34m1[0;34m0[0;34m1[0;34m1[0;34m1[0;34m1[0;34m1[0;34m1[0;34m1[0;34m1[0;34m1[0;34m0[0;34m1
[0m[0;34m1[0;34mN[0;34m1[0;34m0[0;34m0[0;34m0[0;34m0[0;34m0[0;34m1[0;34m0[0;34m0[0;34m0[0;34m0[0;34m0[0;34m0[0;34m0[0;34m0[0;34m0[0;34m0[0;34m0[0;34m1
[0m[0;34m1[0;34m1[0;34m1[0;34m1[0;34m1[0;34m1[0;34m1[0;34m1[0;34m1[0;34m1[0;34m1[0;34m1[0;34m1[0;34m1[0;34m1[0;34m1[0;34m1[0;34m1[0;34m1[0;34m1[0;34m1
[0mExit code: 0
‚ö†Ô∏è No Valgrind alerts, but with leaks[0m  
==10222== Memcheck, a memory error detector
==10222== Copyright (C) 2002-2022, and GNU GPL'd, by Julian Seward et al.
==10222== Using Valgrind-3.22.0 and LibVEX; rerun with -h for copyright info
==10222== Command: ./cub3d ./maps/good/matrix.cub
==10222== Parent PID: 10127
==10222== 
==10222== 
==10222== HEAP SUMMARY:
==10222==     in use at exit: 1,685 bytes in 67 blocks
==10222==   total heap usage: 210 allocs, 143 frees, 12,140 bytes allocated
==10222== 
==10222== LEAK SUMMARY:
==10222==    definitely lost: 594 bytes in 10 blocks
==10222==    indirectly lost: 1,091 bytes in 57 blocks
==10222==      possibly lost: 0 bytes in 0 blocks
==10222==    still reachable: 0 bytes in 0 blocks
==10222==         suppressed: 0 bytes in 0 blocks
==10222== Rerun with --leak-check=full to see details of leaked memory
==10222== 
==10222== For lists of detected and suppressed errors, rerun with: -s
==10222== ERROR SUMMARY: 0 errors from 0 contexts (suppressed: 0 from 0)
Running valgrind on ./maps/good/sad_face.cub...

[0;32m[Debug info]üõ†Ô∏è  Map info üîç
[0m[0;32m[Debug info] - Map width:[0m15
[0;32m[Debug info] - Map height:[0m13
[0;32m[Debug info]üõ†Ô∏è  Starting player position info üîç
[0m[0;32m[Debug info] - Player X:[0m7
[0;32m[Debug info] - Player Y:[0m3
[0;32m[Debug info] - Player Direction:[0mN
[0;32m[Debug info]üõ†Ô∏è  Colors info c:  üîç
[0m[0;32m[Debug info]üõ†Ô∏è  Colors info f:  üîç
[0m[0;32m[Debug info]üõ†Ô∏è  Textures info:  üîç
[0m[0;32m[Debug info] Texture north:[0mtextures/test/north.xpm
[0;32m[Debug info] Texture south:[0mtextures/test/south.xpm
[0;32m[Debug info] Texture west:[0mtextures/test/west.xpm
[0;32m[Debug info] Texture east:[0mtextures/test/east.xpm
[0;34mN[0;34mO[0;34m [0;34mt[0;34me[0;34mx[0;34mt[0;34mu[0;34mr[0;34me[0;34ms[0;34m/[0;34mt[0;34me[0;34ms[0;34mt[0;34m/[0;34mn[0;34mo[0;34mr[0;34mt[0;34mh[0;34m.[0;34mx[0;34mp[0;34mm
[0m[0;34mS[0;34mO[0;34m [0;34mt[0;34me[0;34mx[0;34mt[0;34mu[0;34mr[0;34me[0;34ms[0;34m/[0;34mt[0;34me[0;34ms[0;34mt[0;34m/[0;34ms[0;34mo[0;34mu[0;34mt[0;34mh[0;34m.[0;34mx[0;34mp[0;34mm
[0m[0;34mW[0;34mE[0;34m [0;34mt[0;34me[0;34mx[0;34mt[0;34mu[0;34mr[0;34me[0;34ms[0;34m/[0;34mt[0;34me[0;34ms[0;34mt[0;34m/[0;34mw[0;34me[0;34ms[0;34mt[0;34m.[0;34mx[0;34mp[0;34mm
[0m[0;34mE[0;34mA[0;34m [0;34mt[0;34me[0;34mx[0;34mt[0;34mu[0;34mr[0;34me[0;34ms[0;34m/[0;34mt[0;34me[0;34ms[0;34mt[0;34m/[0;34me[0;34ma[0;34ms[0;34mt[0;34m.[0;34mx[0;34mp[0;34mm
[0m
[0m[0;34mC[0;34m [0;34m5[0;34m3[0;34m,[0;34m4[0;34m1[0;34m,[0;34m3[0;34m4
[0m[0;34mF[0;34m [0;34m4[0;34m5[0;34m,[0;34m3[0;34m3[0;34m,[0;34m2[0;34m7
[0m
[0m[0;34m1[0;34m1[0;34m1[0;34m1[0;34m1[0;34m1[0;34m1[0;34m1[0;34m1[0;34m1[0;34m1[0;34m1[0;34m1[0;34m1[0;34m1
[0m[0;34m1[0;34m1[0;34m1[0;34m1[0;34m1[0;34m1[0;34m0[0;34m0[0;34m0[0;34m1[0;34m1[0;34m1[0;34m1[0;34m1[0;34m1
[0m[0;34m1[0;34m1[0;34m1[0;34m1[0;34m1[0;34m0[0;34m0[0;34m0[0;34m0[0;34m0[0;34m1[0;34m1[0;34m1[0;34m1[0;34m1
[0m[0;34m1[0;34m1[0;34m1[0;34m1[0;34m0[0;34m0[0;34m0[0;34mN[0;34m0[0;34m0[0;34m0[0;34m1[0;34m1[0;34m1[0;34m1
[0m[0;34m1[0;34m1[0;34m1[0;34m0[0;34m0[0;34m0[0;34m0[0;34m0[0;34m0[0;34m0[0;34m0[0;34m0[0;34m1[0;34m1[0;34m1
[0m[0;34m1[0;34m1[0;34m0[0;34m0[0;34m0[0;34m0[0;34m0[0;34m0[0;34m0[0;34m0[0;34m0[0;34m0[0;34m0[0;34m1[0;34m1
[0m[0;34m1[0;34m0[0;34m0[0;34m0[0;34m0[0;34m1[0;34m1[0;34m1[0;34m1[0;34m1[0;34m0[0;34m0[0;34m0[0;34m0[0;34m1
[0m[0;34m1[0;34m1[0;34m0[0;34m0[0;34m0[0;34m0[0;34m1[0;34m1[0;34m1[0;34m0[0;34m0[0;34m0[0;34m0[0;34m1[0;34m1
[0m[0;34m1[0;34m1[0;34m1[0;34m0[0;34m0[0;34m0[0;34m0[0;34m1[0;34m0[0;34m0[0;34m0[0;34m0[0;34m1[0;34m1[0;34m1
[0m[0;34m1[0;34m1[0;34m1[0;34m1[0;34m0[0;34m0[0;34m0[0;34m0[0;34m0[0;34m0[0;34m0[0;34m1[0;34m1[0;34m1[0;34m1
[0m[0;34m1[0;34m1[0;34m1[0;34m1[0;34m1[0;34m0[0;34m0[0;34m0[0;34m0[0;34m0[0;34m1[0;34m1[0;34m1[0;34m1[0;34m1
[0m[0;34m1[0;34m1[0;34m1[0;34m1[0;34m1[0;34m1[0;34m0[0;34m0[0;34m0[0;34m1[0;34m1[0;34m1[0;34m1[0;34m1[0;34m1
[0m[0;34m1[0;34m1[0;34m1[0;34m1[0;34m1[0;34m1[0;34m1[0;34m1[0;34m1[0;34m1[0;34m1[0;34m1[0;34m1[0;34m1[0;34m1
[0m
[0m[0;34m5[0;34m3
[0m[0;34m4[0;34m1
[0m[0;34m3[0;34m4
[0m[0;34m4[0;34m5
[0m[0;34m3[0;34m3
[0m[0;34m2[0;34m7
[0m[0;34m1[0;34m1[0;34m1[0;34m1[0;34m1[0;34m1[0;34m1[0;34m1[0;34m1[0;34m1[0;34m1[0;34m1[0;34m1[0;34m1[0;34m1
[0m[0;34m1[0;34m1[0;34m1[0;34m1[0;34m1[0;34m1[0;34m0[0;34m0[0;34m0[0;34m1[0;34m1[0;34m1[0;34m1[0;34m1[0;34m1
[0m[0;34m1[0;34m1[0;34m1[0;34m1[0;34m1[0;34m0[0;34m0[0;34m0[0;34m0[0;34m0[0;34m1[0;34m1[0;34m1[0;34m1[0;34m1
[0m[0;34m1[0;34m1[0;34m1[0;34m1[0;34m0[0;34m0[0;34m0[0;34mN[0;34m0[0;34m0[0;34m0[0;34m1[0;34m1[0;34m1[0;34m1
[0m[0;34m1[0;34m1[0;34m1[0;34m0[0;34m0[0;34m0[0;34m0[0;34m0[0;34m0[0;34m0[0;34m0[0;34m0[0;34m1[0;34m1[0;34m1
[0m[0;34m1[0;34m1[0;34m0[0;34m0[0;34m0[0;34m0[0;34m0[0;34m0[0;34m0[0;34m0[0;34m0[0;34m0[0;34m0[0;34m1[0;34m1
[0m[0;34m1[0;34m0[0;34m0[0;34m0[0;34m0[0;34m1[0;34m1[0;34m1[0;34m1[0;34m1[0;34m0[0;34m0[0;34m0[0;34m0[0;34m1
[0m[0;34m1[0;34m1[0;34m0[0;34m0[0;34m0[0;34m0[0;34m1[0;34m1[0;34m1[0;34m0[0;34m0[0;34m0[0;34m0[0;34m1[0;34m1
[0m[0;34m1[0;34m1[0;34m1[0;34m0[0;34m0[0;34m0[0;34m0[0;34m1[0;34m0[0;34m0[0;34m0[0;34m0[0;34m1[0;34m1[0;34m1
[0m[0;34m1[0;34m1[0;34m1[0;34m1[0;34m0[0;34m0[0;34m0[0;34m0[0;34m0[0;34m0[0;34m0[0;34m1[0;34m1[0;34m1[0;34m1
[0m[0;34m1[0;34m1[0;34m1[0;34m1[0;34m1[0;34m0[0;34m0[0;34m0[0;34m0[0;34m0[0;34m1[0;34m1[0;34m1[0;34m1[0;34m1
[0m[0;34m1[0;34m1[0;34m1[0;34m1[0;34m1[0;34m1[0;34m0[0;34m0[0;34m0[0;34m1[0;34m1[0;34m1[0;34m1[0;34m1[0;34m1
[0m[0;34m1[0;34m1[0;34m1[0;34m1[0;34m1[0;34m1[0;34m1[0;34m1[0;34m1[0;34m1[0;34m1[0;34m1[0;34m1[0;34m1[0;34m1
[0mExit code: 0
‚ö†Ô∏è No Valgrind alerts, but with leaks[0m  
==10225== Memcheck, a memory error detector
==10225== Copyright (C) 2002-2022, and GNU GPL'd, by Julian Seward et al.
==10225== Using Valgrind-3.22.0 and LibVEX; rerun with -h for copyright info
==10225== Command: ./cub3d ./maps/good/sad_face.cub
==10225== Parent PID: 10127
==10225== 
==10225== 
==10225== HEAP SUMMARY:
==10225==     in use at exit: 1,059 bytes in 51 blocks
==10225==   total heap usage: 152 allocs, 101 frees, 8,972 bytes allocated
==10225== 
==10225== LEAK SUMMARY:
==10225==    definitely lost: 472 bytes in 10 blocks
==10225==    indirectly lost: 587 bytes in 41 blocks
==10225==      possibly lost: 0 bytes in 0 blocks
==10225==    still reachable: 0 bytes in 0 blocks
==10225==         suppressed: 0 bytes in 0 blocks
==10225== Rerun with --leak-check=full to see details of leaked memory
==10225== 
==10225== For lists of detected and suppressed errors, rerun with: -s
==10225== ERROR SUMMARY: 0 errors from 0 contexts (suppressed: 0 from 0)
Running valgrind on ./maps/good/square_map.cub...

[0;34m [0;34m [0;34m [0;34mW[0;34mE[0;34m [0;34m [0;34m [0;34m [0;34m [0;34m [0;34m [0;34m [0;34m [0;34m [0;34m [0;34m [0;34m [0;34m [0;34m [0;34m [0;34m [0;34m [0;34m [0;34m [0;34m [0;34m [0;34m [0;34m [0;34m [0;34m [0;34m [0;34m [0;34mt[0;34me[0;34mx[0;34mt[0;34mu[0;34mr[0;34me[0;34ms[0;34m/[0;34mt[0;34me[0;34ms[0;34mt[0;34m/[0;34mw[0;34me[0;34ms[0;34mt[0;34m.[0;34mx[0;34mp[0;34mm
[0m[0;34mN[0;34mO[0;34m [0;34m [0;34m [0;34m [0;34m [0;34m [0;34mt[0;34me[0;34mx[0;34mt[0;34mu[0;34mr[0;34me[0;34ms[0;34m/[0;34mt[0;34me[0;34ms[0;34mt[0;34m/[0;34mn[0;34mo[0;34mr[0;34mt[0;34mh[0;34m.[0;34mx[0;34mp[0;34mm
[0m
[0m
[0m
[0m[0;34mS[0;34mO[0;34m [0;34mt[0;34me[0;34mx[0;34mt[0;34mu[0;34mr[0;34me[0;34ms[0;34m/[0;34mt[0;34me[0;34ms[0;34mt[0;34m/[0;34ms[0;34mo[0;34mu[0;34mt[0;34mh[0;34m.[0;34mx[0;34mp[0;34mm
[0m
[0m[0;34mF[0;34m [0;34m [0;34m [0;34m6[0;34m9[0;34m,[0;34m [0;34m2[0;34m2[0;34m2[0;34m,[0;34m [0;34m1[0;34m9[0;34m9
[0m
[0m[0;34mE[0;34mA[0;34m [0;34mt[0;34me[0;34mx[0;34mt[0;34mu[0;34mr[0;34me[0;34ms[0;34m/[0;34mt[0;34me[0;34ms[0;34mt[0;34m/[0;34me[0;34ma[0;34ms[0;34mt[0;34m.[0;34mx[0;34mp[0;34mm
[0m
[0m
[0m[0;34mC[0;34m [0;34m2[0;34m3[0;34m5[0;34m,[0;34m [0;34m1[0;34m9[0;34m8[0;34m,[0;34m [0;34m5[0;34m2
[0m
[0m[0;34m1[0;34m1[0;34m1[0;34m1[0;34m1[0;34m1[0;34m1[0;34m1[0;34m1[0;34m1[0;34m1[0;34m1[0;34m1[0;34m1[0;34m1[0;34m1[0;34m1[0;34m1[0;34m1[0;34m1[0;34m1[0;34m1[0;34m1[0;34m1
[0m[0;34m1[0;34m0[0;34m0[0;34m0[0;34m0[0;34m0[0;34m0[0;34m0[0;34m0[0;34m0[0;34m0[0;34m0[0;34m0[0;34m0[0;34m0[0;34m0[0;34m0[0;34m0[0;34m0[0;34m0[0;34m0[0;34m0[0;34m0[0;34m1
[0m[0;34m1[0;34m0[0;34m0[0;34m0[0;34m0[0;34m0[0;34m0[0;34m0[0;34m0[0;34m0[0;34m0[0;34m0[0;34m0[0;34m0[0;34m0[0;34m0[0;34m0[0;34m0[0;34m0[0;34m0[0;34m0[0;34m0[0;34m0[0;34m1
[0m[0;34m1[0;34m0[0;34m0[0;34m0[0;34m0[0;34m0[0;34m0[0;34m0[0;34m0[0;34mN[0;34m0[0;34m0[0;34m0[0;34m0[0;34m0[0;34m0[0;34m0[0;34m0[0;34m0[0;34m0[0;34m0[0;34m0[0;34m0[0;34m1
[0m[0;34m1[0;34m0[0;34m0[0;34m0[0;34m0[0;34m0[0;34m0[0;34m0[0;34m0[0;34m0[0;34m0[0;34m0[0;34m0[0;34m0[0;34m0[0;34m0[0;34m0[0;34m0[0;34m0[0;34m0[0;34m0[0;34m0[0;34m0[0;34m1
[0m[0;34m1[0;34m0[0;34m0[0;34m0[0;34m0[0;34m0[0;34m0[0;34m0[0;34m0[0;34m0[0;34m0[0;34m0[0;34m0[0;34m0[0;34m0[0;34m0[0;34m0[0;34m0[0;34m0[0;34m0[0;34m0[0;34m0[0;34m0[0;34m1
[0m[0;34m1[0;34m0[0;34m0[0;34m0[0;34m0[0;34m0[0;34m0[0;34m0[0;34m0[0;34m0[0;34m0[0;34m0[0;34m0[0;34m0[0;34m0[0;34m0[0;34m0[0;34m0[0;34m0[0;34m0[0;34m0[0;34m0[0;34m0[0;34m1
[0m[0;34m1[0;34m0[0;34m0[0;34m0[0;34m0[0;34m0[0;34m1[0;34m1[0;34m1[0;34m1[0;34m1[0;34m0[0;34m0[0;34m0[0;34m0[0;34m1[0;34m0[0;34m1[0;34m0[0;34m1[0;34m0[0;34m0[0;34m0[0;34m1
[0m[0;34m1[0;34m0[0;34m0[0;34m0[0;34m0[0;34m0[0;34m1[0;34m0[0;34m0[0;34m0[0;34m1[0;34m0[0;34m0[0;34m0[0;34m0[0;34m0[0;34m0[0;34m0[0;34m0[0;34m0[0;34m0[0;34m0[0;34m0[0;34m1
[0m[0;34m1[0;34m0[0;34m0[0;34m0[0;34m0[0;34m0[0;34m1[0;34m0[0;34m0[0;34m0[0;34m1[0;34m0[0;34m0[0;34m0[0;34m0[0;34m1[0;34m0[0;34m0[0;34m0[0;34m1[0;34m0[0;34m0[0;34m0[0;34m1
[0m[0;34m1[0;34m0[0;34m0[0;34m0[0;34m0[0;34m0[0;34m1[0;34m0[0;34m0[0;34m0[0;34m1[0;34m0[0;34m0[0;34m0[0;34m0[0;34m0[0;34m0[0;34m0[0;34m0[0;34m0[0;34m0[0;34m0[0;34m0[0;34m1
[0m[0;34m1[0;34m0[0;34m0[0;34m0[0;34m0[0;34m0[0;34m1[0;34m1[0;34m1[0;34m1[0;34m0[0;34m0[0;34m0[0;34m0[0;34m1[0;34m0[0;34m1[0;34m0[0;34m1[0;34m0[0;34m0[0;34m0[0;34m0[0;34m1
[0m[0;34m1[0;34m0[0;34m0[0;34m0[0;34m0[0;34m0[0;34m0[0;34m0[0;34m0[0;34m0[0;34m0[0;34m0[0;34m0[0;34m0[0;34m0[0;34m0[0;34m0[0;34m0[0;34m0[0;34m0[0;34m0[0;34m0[0;34m0[0;34m1
[0m[0;34m1[0;34m0[0;34m0[0;34m0[0;34m0[0;34m0[0;34m0[0;34m0[0;34m0[0;34m0[0;34m0[0;34m0[0;34m0[0;34m0[0;34m0[0;34m0[0;32m[Debug info]üõ†Ô∏è  Map info üîç
[0m[0;32m[Debug info] - Map width:[0m24
[0;32m[Debug info] - Map height:[0m27
[0;32m[Debug info]üõ†Ô∏è  Starting player position info üîç
[0m[0;32m[Debug info] - Player X:[0m9
[0;32m[Debug info] - Player Y:[0m3
[0;32m[Debug info] - Player Direction:[0mN
[0;32m[Debug info]üõ†Ô∏è  Colors info c:  üîç
[0m[0;32m[Debug info]üõ†Ô∏è  Colors info f:  üîç
[0m[0;32m[Debug info]üõ†Ô∏è  Textures info:  üîç
[0m[0;32m[Debug info] Texture north:[0mtextures/test/north.xpm
[0;32m[Debug info] Texture south:[0mtextures/test/south.xpm
[0;32m[Debug info] Texture west:[0mtextures/test/west.xpm
[0;32m[Debug info] Texture east:[0mtextures/test/east.xpm
[0;34m0[0;34m0[0;34m0[0;34m0[0;34m0[0;34m0[0;34m0[0;34m1
[0m[0;34m1[0;34m0[0;34m0[0;34m0[0;34m0[0;34m0[0;34m0[0;34m0[0;34m0[0;34m0[0;34m0[0;34m0[0;34m0[0;34m0[0;34m0[0;34m0[0;34m0[0;34m0[0;34m0[0;34m0[0;34m0[0;34m0[0;34m0[0;34m1
[0m[0;34m1[0;34m0[0;34m0[0;34m0[0;34m0[0;34m0[0;34m0[0;34m0[0;34m0[0;34m0[0;34m0[0;34m0[0;34m0[0;34m0[0;34m0[0;34m0[0;34m0[0;34m0[0;34m0[0;34m0[0;34m0[0;34m0[0;34m0[0;34m1
[0m[0;34m1[0;34m0[0;34m0[0;34m0[0;34m0[0;34m0[0;34m0[0;34m0[0;34m0[0;34m0[0;34m0[0;34m0[0;34m0[0;34m0[0;34m0[0;34m0[0;34m0[0;34m0[0;34m0[0;34m0[0;34m0[0;34m0[0;34m0[0;34m1
[0m[0;34m1[0;34m0[0;34m0[0;34m0[0;34m0[0;34m0[0;34m0[0;34m0[0;34m0[0;34m0[0;34m0[0;34m0[0;34m0[0;34m0[0;34m0[0;34m0[0;34m0[0;34m0[0;34m0[0;34m0[0;34m0[0;34m0[0;34m0[0;34m1
[0m[0;34m1[0;34m0[0;34m0[0;34m0[0;34m0[0;34m0[0;34m0[0;34m0[0;34m0[0;34m0[0;34m0[0;34m0[0;34m0[0;34m0[0;34m0[0;34m0[0;34m0[0;34m0[0;34m0[0;34m0[0;34m0[0;34m0[0;34m0[0;34m1
[0m[0;34m1[0;34m1[0;34m1[0;34m1[0;34m1[0;34m1[0;34m1[0;34m1[0;34m1[0;34m0[0;34m0[0;34m0[0;34m0[0;34m0[0;34m0[0;34m0[0;34m0[0;34m0[0;34m0[0;34m0[0;34m0[0;34m0[0;34m0[0;34m1
[0m[0;34m1[0;34m0[0;34m0[0;34m1[0;34m0[0;34m0[0;34m0[0;34m0[0;34m1[0;34m0[0;34m0[0;34m0[0;34m0[0;34m0[0;34m0[0;34m0[0;34m0[0;34m0[0;34m0[0;34m0[0;34m0[0;34m0[0;34m0[0;34m1
[0m[0;34m1[0;34m0[0;34m0[0;34m0[0;34m0[0;34m0[0;34m1[0;34m0[0;34m1[0;34m0[0;34m0[0;34m0[0;34m0[0;34m0[0;34m0[0;34m0[0;34m0[0;34m0[0;34m0[0;34m0[0;34m0[0;34m0[0;34m0[0;34m1
[0m[0;34m1[0;34m0[0;34m0[0;34m1[0;34m0[0;34m0[0;34m0[0;34m0[0;34m1[0;34m0[0;34m0[0;34m0[0;34m0[0;34m0[0;34m0[0;34m0[0;34m0[0;34m0[0;34m0[0;34m0[0;34m0[0;34m0[0;34m0[0;34m1
[0m[0;34m1[0;34m0[0;34m0[0;34m1[0;34m1[0;34m1[0;34m1[0;34m1[0;34m1[0;34m0[0;34m0[0;34m0[0;34m0[0;34m0[0;34m0[0;34m0[0;34m0[0;34m0[0;34m0[0;34m0[0;34m0[0;34m0[0;34m0[0;34m1
[0m[0;34m1[0;34m0[0;34m0[0;34m0[0;34m0[0;34m0[0;34m0[0;34m0[0;34m0[0;34m0[0;34m0[0;34m0[0;34m0[0;34m0[0;34m0[0;34m0[0;34m0[0;34m0[0;34m0[0;34m0[0;34m0[0;34m0[0;34m0[0;34m1
[0m[0;34m1[0;34m0[0;34m0[0;34m0[0;34m0[0;34m0[0;34m0[0;34m0[0;34m0[0;34m0[0;34m0[0;34m0[0;34m0[0;34m0[0;34m0[0;34m0[0;34m0[0;34m0[0;34m0[0;34m0[0;34m0[0;34m0[0;34m0[0;34m1
[0m[0;34m1[0;34m1[0;34m1[0;34m1[0;34m1[0;34m1[0;34m1[0;34m1[0;34m1[0;34m1[0;34m1[0;34m1[0;34m1[0;34m1[0;34m1[0;34m1[0;34m1[0;34m1[0;34m1[0;34m1[0;34m1[0;34m1[0;34m1[0;34m1
[0m[0;34m2[0;34m3[0;34m5
[0m[0;34m1[0;34m9[0;34m8
[0m[0;34m5[0;34m2
[0m[0;34m6[0;34m9
[0m[0;34m2[0;34m2[0;34m2
[0m[0;34m1[0;34m9[0;34m9
[0m[0;34m1[0;34m1[0;34m1[0;34m1[0;34m1[0;34m1[0;34m1[0;34m1[0;34m1[0;34m1[0;34m1[0;34m1[0;34m1[0;34m1[0;34m1[0;34m1[0;34m1[0;34m1[0;34m1[0;34m1[0;34m1[0;34m1[0;34m1[0;34m1
[0m[0;34m1[0;34m0[0;34m0[0;34m0[0;34m0[0;34m0[0;34m0[0;34m0[0;34m0[0;34m0[0;34m0[0;34m0[0;34m0[0;34m0[0;34m0[0;34m0[0;34m0[0;34m0[0;34m0[0;34m0[0;34m0[0;34m0[0;34m0[0;34m1
[0m[0;34m1[0;34m0[0;34m0[0;34m0[0;34m0[0;34m0[0;34m0[0;34m0[0;34m0[0;34m0[0;34m0[0;34m0[0;34m0[0;34m0[0;34m0[0;34m0[0;34m0[0;34m0[0;34m0[0;34m0[0;34m0[0;34m0[0;34m0[0;34m1
[0m[0;34m1[0;34m0[0;34m0[0;34m0[0;34m0[0;34m0[0;34m0[0;34m0[0;34m0[0;34mN[0;34m0[0;34m0[0;34m0[0;34m0[0;34m0[0;34m0[0;34m0[0;34m0[0;34m0[0;34m0[0;34m0[0;34m0[0;34m0[0;34m1
[0m[0;34m1[0;34m0[0;34m0[0;34m0[0;34m0[0;34m0[0;34m0[0;34m0[0;34m0[0;34m0[0;34m0[0;34m0[0;34m0[0;34m0[0;34m0[0;34m0[0;34m0[0;34m0[0;34m0[0;34m0[0;34m0[0;34m0[0;34m0[0;34m1
[0m[0;34m1[0;34m0[0;34m0[0;34m0[0;34m0[0;34m0[0;34m0[0;34m0[0;34m0[0;34m0[0;34m0[0;34m0[0;34m0[0;34m0[0;34m0[0;34m0[0;34m0[0;34m0[0;34m0[0;34m0[0;34m0[0;34m0[0;34m0[0;34m1
[0m[0;34m1[0;34m0[0;34m0[0;34m0[0;34m0[0;34m0[0;34m0[0;34m0[0;34m0[0;34m0[0;34m0[0;34m0[0;34m0[0;34m0[0;34m0[0;34m0[0;34m0[0;34m0[0;34m0[0;34m0[0;34m0[0;34m0[0;34m0[0;34m1
[0m[0;34m1[0;34m0[0;34m0[0;34m0[0;34m0[0;34m0[0;34m1[0;34m1[0;34m1[0;34m1[0;34m1[0;34m0[0;34m0[0;34m0[0;34m0[0;34m1[0;34m0[0;34m1[0;34m0[0;34m1[0;34m0[0;34m0[0;34m0[0;34m1
[0m[0;34m1[0;34m0[0;34m0[0;34m0[0;34m0[0;34m0[0;34m1[0;34m0[0;34m0[0;34m0[0;34m1[0;34m0[0;34m0[0;34m0[0;34m0[0;34m0[0;34m0[0;34m0[0;34m0[0;34m0[0;34m0[0;34m0[0;34m0[0;34m1
[0m[0;34m1[0;34m0[0;34m0[0;34m0[0;34m0[0;34m0[0;34m1[0;34m0[0;34m0[0;34m0[0;34m1[0;34m0[0;34m0[0;34m0[0;34m0[0;34m1[0;34m0[0;34m0[0;34m0[0;34m1[0;34m0[0;34m0[0;34m0[0;34m1
[0m[0;34m1[0;34m0[0;34m0[0;34m0[0;34m0[0;34m0[0;34m1[0;34m0[0;34m0[0;34m0[0;34m1[0;34m0[0;34m0[0;34m0[0;34m0[0;34m0[0;34m0[0;34m0[0;34m0[0;34m0[0;34m0[0;34m0[0;34m0[0;34m1
[0m[0;34m1[0;34m0[0;34m0[0;34m0[0;34m0[0;34m0[0;34m1[0;34m1[0;34m1[0;34m1[0;34m0[0;34m0[0;34m0[0;34m0[0;34m1[0;34m0[0;34m1[0;34m0[0;34m1[0;34m0[0;34m0[0;34m0[0;34m0[0;34m1
[0m[0;34m1[0;34m0[0;34m0[0;34m0[0;34m0[0;34m0[0;34m0[0;34m0[0;34m0[0;34m0[0;34m0[0;34m0[0;34m0[0;34m0[0;34m0[0;34m0[0;34m0[0;34m0[0;34m0[0;34m0[0;34m0[0;34m0[0;34m0[0;34m1
[0m[0;34m1[0;34m0[0;34m0[0;34m0[0;34m0[0;34m0[0;34m0[0;34m0[0;34m0[0;34m0[0;34m0[0;34m0[0;34m0[0;34m0[0;34m0[0;34m0[0;34m0[0;34m0[0;34m0[0;34m0[0;34m0[0;34m0[0;34m0[0;34m1
[0m[0;34m1[0;34m0[0;34m0[0;34m0[0;34m0[0;34m0[0;34m0[0;34m0[0;34m0[0;34m0[0;34m0[0;34m0[0;34m0[0;34m0[0;34m0[0;34m0[0;34m0[0;34m0[0;34m0[0;34m0[0;34m0[0;34m0[0;34m0[0;34m1
[0m[0;34m1[0;34m0[0;34m0[0;34m0[0;34m0[0;34m0[0;34m0[0;34m0[0;34m0[0;34m0[0;34m0[0;34m0[0;34m0[0;34m0[0;34m0[0;34m0[0;34m0[0;34m0[0;34m0[0;34m0[0;34m0[0;34m0[0;34m0[0;34m1
[0m[0;34m1[0;34m0[0;34m0[0;34m0[0;34m0[0;34m0[0;34m0[0;34m0[0;34m0[0;34m0[0;34m0[0;34m0[0;34m0[0;34m0[0;34m0[0;34m0[0;34m0[0;34m0[0;34m0[0;34m0[0;34m0[0;34m0[0;34m0[0;34m1
[0m[0;34m1[0;34m0[0;34m0[0;34m0[0;34m0[0;34m0[0;34m0[0;34m0[0;34m0[0;34m0[0;34m0[0;34m0[0;34m0[0;34m0[0;34m0[0;34m0[0;34m0[0;34m0[0;34m0[0;34m0[0;34m0[0;34m0[0;34m0[0;34m1
[0m[0;34m1[0;34m0[0;34m0[0;34m0[0;34m0[0;34m0[0;34m0[0;34m0[0;34m0[0;34m0[0;34m0[0;34m0[0;34m0[0;34m0[0;34m0[0;34m0[0;34m0[0;34m0[0;34m0[0;34m0[0;34m0[0;34m0[0;34m0[0;34m1
[0m[0;34m1[0;34m1[0;34m1[0;34m1[0;34m1[0;34m1[0;34m1[0;34m1[0;34m1[0;34m0[0;34m0[0;34m0[0;34m0[0;34m0[0;34m0[0;34m0[0;34m0[0;34m0[0;34m0[0;34m0[0;34m0[0;34m0[0;34m0[0;34m1
[0m[0;34m1[0;34m0[0;34m0[0;34m1[0;34m0[0;34m0[0;34m0[0;34m0[0;34m1[0;34m0[0;34m0[0;34m0[0;34m0[0;34m0[0;34m0[0;34m0[0;34m0[0;34m0[0;34m0[0;34m0[0;34m0[0;34m0[0;34m0[0;34m1
[0m[0;34m1[0;34m0[0;34m0[0;34m0[0;34m0[0;34m0[0;34m1[0;34m0[0;34m1[0;34m0[0;34m0[0;34m0[0;34m0[0;34m0[0;34m0[0;34m0[0;34m0[0;34m0[0;34m0[0;34m0[0;34m0[0;34m0[0;34m0[0;34m1
[0m[0;34m1[0;34m0[0;34m0[0;34m1[0;34m0[0;34m0[0;34m0[0;34m0[0;34m1[0;34m0[0;34m0[0;34m0[0;34m0[0;34m0[0;34m0[0;34m0[0;34m0[0;34m0[0;34m0[0;34m0[0;34m0[0;34m0[0;34m0[0;34m1
[0m[0;34m1[0;34m0[0;34m0[0;34m1[0;34m1[0;34m1[0;34m1[0;34m1[0;34m1[0;34m0[0;34m0[0;34m0[0;34m0[0;34m0[0;34m0[0;34m0[0;34m0[0;34m0[0;34m0[0;34m0[0;34m0[0;34m0[0;34m0[0;34m1
[0m[0;34m1[0;34m0[0;34m0[0;34m0[0;34m0[0;34m0[0;34m0[0;34m0[0;34m0[0;34m0[0;34m0[0;34m0[0;34m0[0;34m0[0;34m0[0;34m0[0;34m0[0;34m0[0;34m0[0;34m0[0;34m0[0;34m0[0;34m0[0;34m1
[0m[0;34m1[0;34m0[0;34m0[0;34m0[0;34m0[0;34m0[0;34m0[0;34m0[0;34m0[0;34m0[0;34m0[0;34m0[0;34m0[0;34m0[0;34m0[0;34m0[0;34m0[0;34m0[0;34m0[0;34m0[0;34m0[0;34m0[0;34m0[0;34m1
[0m[0;34m1[0;34m1[0;34m1[0;34m1[0;34m1[0;34m1[0;34m1[0;34m1[0;34m1[0;34m1[0;34m1[0;34m1[0;34m1[0;34m1[0;34m1[0;34m1[0;34m1[0;34m1[0;34m1[0;34m1[0;34m1[0;34m1[0;34m1[0;34m1
[0mExit code: 0
‚ö†Ô∏è No Valgrind alerts, but with leaks[0m  
==10228== Memcheck, a memory error detector
==10228== Copyright (C) 2002-2022, and GNU GPL'd, by Julian Seward et al.
==10228== Using Valgrind-3.22.0 and LibVEX; rerun with -h for copyright info
==10228== Command: ./cub3d ./maps/good/square_map.cub
==10228== Parent PID: 10127
==10228== 
==10228== 
==10228== HEAP SUMMARY:
==10228==     in use at exit: 2,338 bytes in 84 blocks
==10228==   total heap usage: 277 allocs, 193 frees, 17,008 bytes allocated
==10228== 
==10228== LEAK SUMMARY:
==10228==    definitely lost: 744 bytes in 10 blocks
==10228==    indirectly lost: 1,594 bytes in 74 blocks
==10228==      possibly lost: 0 bytes in 0 blocks
==10228==    still reachable: 0 bytes in 0 blocks
==10228==         suppressed: 0 bytes in 0 blocks
==10228== Rerun with --leak-check=full to see details of leaked memory
==10228== 
==10228== For lists of detected and suppressed errors, rerun with: -s
==10228== ERROR SUMMARY: 0 errors from 0 contexts (suppressed: 0 from 0)
Running valgrind on ./maps/good/subject_map.cub...

[0;34mN[0;34mO[0;34m [0;34mt[0;34me[0;34mx[0;34mt[0;34mu[0;34mr[0;34me[0;34ms[0;34m/[0;34mt[0;34me[0;34ms[0;34mt[0;34m/[0;34mn[0;34mo[0;34mr[0;34mt[0;34mh[0;34m.[0;34mx[0;34mp[0;34mm
[0m[0;34mS[0;34mO[0;34m [0;34mt[0;34me[0;34mx[0;34mt[0;34mu[0;34mr[0;34me[0;34ms[0;34m/[0;34mt[0;34me[0;34ms[0;34mt[0;34m/[0;34ms[0;34mo[0;34mu[0;34mt[0;34mh[0;34m.[0;34mx[0;34mp[0;34mm
[0m[0;34mW[0;34mE[0;34m [0;34mt[0;34me[0;34mx[0;34mt[0;34mu[0;34mr[0;34me[0;34ms[0;34m/[0;34mt[0;34me[0;34ms[0;34mt[0;34m/[0;34mw[0;34me[0;34ms[0;34mt[0;34m.[0;34mx[0;34mp[0;34mm
[0m[0;34mE[0;34mA[0;34m [0;34mt[0;34me[0;34mx[0;34mt[0;34mu[0;34mr[0;34me[0;34ms[0;34m/[0;34mt[0;34me[0;34ms[0;34mt[0;34m/[0;34me[0;34ma[0;34ms[0;34mt[0;34m.[0;34mx[0;34mp[0;34mm
[0m
[0m[0;34mF[0;34m [0;34m2[0;34m2[0;34m0[0;34m,[0;34m1[0;34m0[0;34m0[0;34m,[0;34m0
[0m[0;34mC[0;34m [0;34m2[0;34m2[0;34m5[0;34m,[0;34m3[0;34m0[0;34m,[0;34m0
[0m
[0m[0;34m [0;34m [0;34m [0;34m [0;34m [0;34m [0;34m [0;34m [0;34m1[0;34m1[0;34m1[0;34m1[0;34m1[0;34m1[0;34m1[0;34m1[0;34m1[0;34m1[0;34m1[0;34m1[0;34m1[0;34m1[0;34m1[0;34m1[0;34m1[0;34m1[0;34m1[0;34m1[0;34m1[0;34m1[0;34m1[0;34m1[0;34m1
[0m[0;34m [0;34m [0;34m [0;34m [0;34m [0;34m [0;34m [0;34m [0;34m1[0;34m0[0;34m0[0;34m0[0;34m0[0;34m0[0;34m0[0;34m0[0;34m0[0;34m0[0;34m1[0;34m1[0;34m0[0;34m0[0;34m0[0;34m0[0;34m0[0;34m0[0;34m0[0;34m0[0;34m0[0;34m0[0;34m0[0;34m0[0;34m1
[0m[0;34m [0;34m [0;34m [0;34m [0;34m [0;34m [0;34m [0;34m [0;34m1[0;34m0[0;34m1[0;34m1[0;34m0[0;34m0[0;34m0[0;34m0[0;34m0[0;34m1[0;34m1[0;34m1[0;34m0[0;34m0[0;34m0[0;34m0[0;34m0[0;34m0[0;34m0[0;34m0[0;34m0[0;34m0[0;34m0[0;34m0[0;34m1
[0m[0;34m [0;34m [0;34m [0;34m [0;34m [0;34m [0;34m [0;34m [0;34m1[0;34m0[0;34m0[0;34m1[0;34m0[0;34m0[0;34m0[0;34m0[0;34m0[0;34m0[0;34m0[0;34m0[0;34m0[0;34m0[0;34m0[0;34m0[0;34m0[0;34m0[0;34m0[0;34m0[0;34m0[0;34m0[0;34m0[0;34m0[0;34m1
[0m[0;34m1[0;34m1[0;34m1[0;34m1[0;34m1[0;34m1[0;34m1[0;34m1[0;34m1[0;34m0[0;34m1[0;34m1[0;34m0[0;34m0[0;34m0[0;34m0[0;34m0[0;34m1[0;34m1[0;34m1[0;34m0[0;34m0[0;34m0[0;34m0[0;34m0[0;34m0[0;34m0[0;34m0[0;34m0[0;34m0[0;34m0[0;34m0[0;34m1
[0m[0;34m1[0;34m0[0;34m0[0;34m0[0;34m0[0;34m0[0;34m0[0;34m0[0;34m0[0;34m0[0;34m1[0;34m1[0;34m0[0;34m0[0;34m0[0;34m0[0;34m0[0;34m1[0;34m1[0;34m1[0;34m0[0;34m1[0;34m1[0;34m1[0;34m1[0;34m1[0;34m1[0;34m1[0;34m1[0;34m1[0;34m1[0;34m1[0;34m1
[0m[0;34m1[0;34m1[0;34m1[0;34m1[0;34m0[0;34m1[0;34m1[0;34m1[0;34m1[0;34m1[0;34m1[0;34m1[0;34m1[0;34m1[0;34m0[0;34m1[0;34m1[0;34m1[0;34m0[0;34m0[0;34m0[0;34m0[0;34m0[0;34m0[0;34m1[0;34m0[0;34m0[0;34m0[0;34m1
[0m[0;34m1[0;34m1[0;34m1[0;34m1[0;34m0[0;34m1[0;34m1[0;34m1[0;34m1[0;34m1[0;34m1[0;34m1[0;34m1[0;34m1[0;34m0[0;34m1[0;34m1[0;34m1[0;34m0[0;34m1[0;34m0[0;34m1[0;34m0[0;34m0[0;34m1[0;34m0[0;34m0[0;34m0[0;34m1
[0m[0;34m1[0;34m1[0;34m0[0;34m0[0;34m0[0;34m0[0;34m0[0;34m0[0;34m1[0;34m1[0;34m0[0;34m1[0;34m0[0;34m1[0;34m0[0;34m1[0;34m1[0;34m1[0;34m0[0;34m0[0;34m0[0;34m0[0;34m0[0;34m0[0;34m1[0;34m0[0;34m0[0;34m0[0;34m1
[0m[0;34m1[0;34m0[0;34m0[0;34m0[0;34m0[0;34m0[0;34m0[0;34m0[0;34m0[0;34m0[0;34m0[0;34m0[0;34m0[0;34m0[0;34m0[0;34m0[0;34m1[0;34m1[0;34m0[0;34m0[0;34m0[0;34m0[0;34m0[0;34m0[0;34m1[0;34m0[0;34m0[0;34m0[0;34m1
[0m[0;34m1[0;34m0[0;34m0[0;34m0[0;34m0[0;34m0[0;34m0[0;34m0[0;34m0[0;34m0[0;34m0[0;34m0[0;34m0[0;34m0[0;34m0[0;34m0[0;34m1[0;34m1[0;34m0[0;34m1[0;34m0[0;34m1[0;34m0[0;34m0[0;34m1[0;34m0[0;34m0[0;34m0[0;34m1
[0m[0;34m1[0;34m1[0;34m0[0;34m0[0;34m0[0;34m0[0;34m0[0;34m1[0;34m1[0;34m1[0;34m0[0;34m1[0;34m0[0;34m1[0;34m0[0;34m1[0;34m1[0;34m1[0;34m1[0;34m1[0;34m0[0;34m1[0;34m1[0;34m1[0;34m1[0;34m0[0;34mN[0;34m0[0;34m1[0;34m1[0;34m1
[0m[0;34m1[0;34m1[0;[0;31m Error:[Map check in file] Invalid map placement or format
[0m 34m1[0;34m1[0;34m0[0;34m1[0;34m1[0;34m1[0;34m [0;34m1[0;34m1[0;34m1[0;34m0[0;34m1[0;34m0[0;34m1[0;34m [0;34m1[0;34m0[0;34m1[0;34m1[0;34m1[0;34m1[0;34m0[0;34m1[0;34m0[0;34m0[0;34m0[0;34m1
[0m[0;34m1[0;34m1[0;34m1[0;34m1[0;34m1[0;34m1[0;34m1[0;34m1[0;34m [0;34m1[0;34m1[0;34m1[0;34m1[0;34m1[0;34m1[0;34m1[0;34m [0;34m1[0;34m1[0;34m1[0;34m1[0;34m1[0;34m1[0;34m1[0;34m1[0;34m1[0;34m1[0;34m1[0;34m1
[0mExit code: 1
‚ö†Ô∏è No Valgrind alerts, but with leaks[0m  
==10231== Memcheck, a memory error detector
==10231== Copyright (C) 2002-2022, and GNU GPL'd, by Julian Seward et al.
==10231== Using Valgrind-3.22.0 and LibVEX; rerun with -h for copyright info
==10231== Command: ./cub3d ./maps/good/subject_map.cub
==10231== Parent PID: 10127
==10231== 
==10231== 
==10231== HEAP SUMMARY:
==10231==     in use at exit: 783 bytes in 23 blocks
==10231==   total heap usage: 119 allocs, 96 frees, 8,871 bytes allocated
==10231== 
==10231== LEAK SUMMARY:
==10231==    definitely lost: 184 bytes in 1 blocks
==10231==    indirectly lost: 599 bytes in 22 blocks
==10231==      possibly lost: 0 bytes in 0 blocks
==10231==    still reachable: 0 bytes in 0 blocks
==10231==         suppressed: 0 bytes in 0 blocks
==10231== Rerun with --leak-check=full to see details of leaked memory
==10231== 
==10231== For lists of detected and suppressed errors, rerun with: -s
==10231== ERROR SUMMARY: 0 errors from 0 contexts (suppressed: 0 from 0)
Running valgrind on ./maps/good/test_map.cub...

[0;32m[Debug info]üõ†Ô∏è  Map info üîç
[0m[0;32m[Debug info] - Map width:[0m12
[0;32m[Debug info] - Map height:[0m8
[0;32m[Debug info]üõ†Ô∏è  Starting player position info üîç
[0m[0;32m[Debug info] - Player X:[0m2
[0;32m[Debug info] - Player Y:[0m4
[0;32m[Debug info] - Player Direction:[0mS
[0;32m[Debug info]üõ†Ô∏è  Colors info c:  üîç
[0m[0;32m[Debug info]üõ†Ô∏è  Colors info f:  üîç
[0m[0;32m[Debug info]üõ†Ô∏è  Textures info:  üîç
[0m[0;32m[Debug info] Texture north:[0mtextures/test/north.xpm
[0;32m[Debug info] Texture south:[0mtextures/test/south.xpm
[0;32m[Debug info] Texture west:[0mtextures/test/west.xpm
[0;32m[Debug info] Texture east:[0mtextures/test/east.xpm
[0;34mN[0;34mO[0;34m [0;34mt[0;34me[0;34mx[0;34mt[0;34mu[0;34mr[0;34me[0;34ms[0;34m/[0;34mt[0;34me[0;34ms[0;34mt[0;34m/[0;34mn[0;34mo[0;34mr[0;34mt[0;34mh[0;34m.[0;34mx[0;34mp[0;34mm
[0m[0;34mS[0;34mO[0;34m [0;34mt[0;34me[0;34mx[0;34mt[0;34mu[0;34mr[0;34me[0;34ms[0;34m/[0;34mt[0;34me[0;34ms[0;34mt[0;34m/[0;34ms[0;34mo[0;34mu[0;34mt[0;34mh[0;34m.[0;34mx[0;34mp[0;34mm
[0m[0;34mW[0;34mE[0;34m [0;34mt[0;34me[0;34mx[0;34mt[0;34mu[0;34mr[0;34me[0;34ms[0;34m/[0;34mt[0;34me[0;34ms[0;34mt[0;34m/[0;34mw[0;34me[0;34ms[0;34mt[0;34m.[0;34mx[0;34mp[0;34mm
[0m[0;34mE[0;34mA[0;34m [0;34mt[0;34me[0;34mx[0;34mt[0;34mu[0;34mr[0;34me[0;34ms[0;34m/[0;34mt[0;34me[0;34ms[0;34mt[0;34m/[0;34me[0;34ma[0;34ms[0;34mt[0;34m.[0;34mx[0;34mp[0;34mm
[0m
[0m[0;34mF[0;34m [0;34m1[0;34m8[0;34m,[0;34m5[0;34m3[0;34m,[0;34m2[0;34m5
[0m[0;34mC[0;34m [0;34m1[0;34m5[0;34m3[0;34m,[0;34m2[0;34m0[0;34m4[0;34m,[0;34m2[0;34m5[0;34m5
[0m
[0m[0;34m1[0;34m1[0;34m1[0;34m1[0;34m1[0;34m1[0;34m1[0;34m1[0;34m1[0;34m1[0;34m1[0;34m1
[0m[0;34m1[0;34m [0;34m [0;34m [0;34m [0;34m [0;34m [0;34m [0;34m [0;34m [0;34m1[0;34m1
[0m[0;34m1[0;34m [0;34m [0;34m [0;34m [0;34m [0;34m [0;34m [0;34m [0;34m [0;34m [0;34m1
[0m[0;34m1[0;34m1[0;34m1[0;34m1[0;34m1[0;34m1[0;34m1[0;34m1[0;34m1[0;34m1[0;34m1[0;34m1
[0m[0;34m1[0;34m0[0;34mS[0;34m0[0;34m0[0;34m0[0;34m0[0;34m0[0;34m0[0;34m0[0;34m0[0;34m1
[0m[0;34m1[0;34m1[0;34m1[0;34m1[0;34m1[0;34m1[0;34m1[0;34m1[0;34m1[0;34m1[0;34m1[0;34m1
[0m[0;34m1[0;34m1[0;34m [0;34m [0;34m [0;34m [0;34m [0;34m [0;34m [0;34m [0;34m [0;34m1
[0m[0;34m1[0;34m1[0;34m1[0;34m1[0;34m1[0;34m1[0;34m1[0;34m1[0;34m1[0;34m1[0;34m1[0;34m1
[0m[0;34m1[0;34m5[0;34m3
[0m[0;34m2[0;34m0[0;34m4
[0m[0;34m2[0;34m5[0;34m5
[0m[0;34m1[0;34m8
[0m[0;34m5[0;34m3
[0m[0;34m2[0;34m5
[0m[0;34m1[0;34m1[0;34m1[0;34m1[0;34m1[0;34m1[0;34m1[0;34m1[0;34m1[0;34m1[0;34m1[0;34m1
[0m[0;34m1[0;34m1[0;34m1[0;34m1[0;34m1[0;34m1[0;34m1[0;34m1[0;34m1[0;34m1[0;34m1[0;34m1
[0m[0;34m1[0;34m1[0;34m1[0;34m1[0;34m1[0;34m1[0;34m1[0;34m1[0;34m1[0;34m1[0;34m1[0;34m1
[0m[0;34m1[0;34m1[0;34m1[0;34m1[0;34m1[0;34m1[0;34m1[0;34m1[0;34m1[0;34m1[0;34m1[0;34m1
[0m[0;34m1[0;34m0[0;34mS[0;34m0[0;34m0[0;34m0[0;34m0[0;34m0[0;34m0[0;34m0[0;34m0[0;34m1
[0m[0;34m1[0;34m1[0;34m1[0;34m1[0;34m1[0;34m1[0;34m1[0;34m1[0;34m1[0;34m1[0;34m1[0;34m1
[0m[0;34m1[0;34m1[0;34m1[0;34m1[0;34m1[0;34m1[0;34m1[0;34m1[0;34m1[0;34m1[0;34m1[0;34m1
[0m[0;34m1[0;34m1[0;34m1[0;34m1[0;34m1[0;34m1[0;34m1[0;34m1[0;34m1[0;34m1[0;34m1[0;34m1
[0mExit code: 0
‚ö†Ô∏è No Valgrind alerts, but with leaks[0m  
==10234== Memcheck, a memory error detector
==10234== Copyright (C) 2002-2022, and GNU GPL'd, by Julian Seward et al.
==10234== Using Valgrind-3.22.0 and LibVEX; rerun with -h for copyright info
==10234== Command: ./cub3d ./maps/good/test_map.cub
==10234== Parent PID: 10127
==10234== 
==10234== 
==10234== HEAP SUMMARY:
==10234==     in use at exit: 765 bytes in 40 blocks
==10234==   total heap usage: 113 allocs, 73 frees, 7,229 bytes allocated
==10234== 
==10234== LEAK SUMMARY:
==10234==    definitely lost: 387 bytes in 10 blocks
==10234==    indirectly lost: 378 bytes in 30 blocks
==10234==      possibly lost: 0 bytes in 0 blocks
==10234==    still reachable: 0 bytes in 0 blocks
==10234==         suppressed: 0 bytes in 0 blocks
==10234== Rerun with --leak-check=full to see details of leaked memory
==10234== 
==10234== For lists of detected and suppressed errors, rerun with: -s
==10234== ERROR SUMMARY: 0 errors from 0 contexts (suppressed: 0 from 0)
Running valgrind on ./maps/good/test_map_hole.cub...

[0;32m[Debug info]üõ†Ô∏è  Map info üîç
[0m[0;32m[Debug info] - Map width:[0m12
[0;32m[Debug info] - Map height:[0m8
[0;32m[Debug info]üõ†Ô∏è  Starting player position info üîç
[0m[0;32m[Debug info] - Player X:[0m2
[0;32m[Debug info] - Player Y:[0m4
[0;32m[Debug info] - Player Direction:[0mS
[0;32m[Debug info]üõ†Ô∏è  Colors info c:  üîç
[0m[0;32m[Debug info]üõ†Ô∏è  Colors info f:  üîç
[0m[0;32m[Debug info]üõ†Ô∏è  Textures info:  üîç
[0m[0;32m[Debug info] Texture north:[0mtextures/test/north.xpm
[0;32m[Debug info] Texture south:[0mtextures/test/south.xpm
[0;32m[Debug info] Texture west:[0mtextures/test/west.xpm
[0;32m[Debug info] Texture east:[0mtextures/test/east.xpm
[0;34mN[0;34mO[0;34m [0;34mt[0;34me[0;34mx[0;34mt[0;34mu[0;34mr[0;34me[0;34ms[0;34m/[0;34mt[0;34me[0;34ms[0;34mt[0;34m/[0;34mn[0;34mo[0;34mr[0;34mt[0;34mh[0;34m.[0;34mx[0;34mp[0;34mm
[0m[0;34mS[0;34mO[0;34m [0;34mt[0;34me[0;34mx[0;34mt[0;34mu[0;34mr[0;34me[0;34ms[0;34m/[0;34mt[0;34me[0;34ms[0;34mt[0;34m/[0;34ms[0;34mo[0;34mu[0;34mt[0;34mh[0;34m.[0;34mx[0;34mp[0;34mm
[0m[0;34mW[0;34mE[0;34m [0;34mt[0;34me[0;34mx[0;34mt[0;34mu[0;34mr[0;34me[0;34ms[0;34m/[0;34mt[0;34me[0;34ms[0;34mt[0;34m/[0;34mw[0;34me[0;34ms[0;34mt[0;34m.[0;34mx[0;34mp[0;34mm
[0m[0;34mE[0;34mA[0;34m [0;34mt[0;34me[0;34mx[0;34mt[0;34mu[0;34mr[0;34me[0;34ms[0;34m/[0;34mt[0;34me[0;34ms[0;34mt[0;34m/[0;34me[0;34ma[0;34ms[0;34mt[0;34m.[0;34mx[0;34mp[0;34mm
[0m
[0m[0;34mF[0;34m [0;34m1[0;34m8[0;34m,[0;34m5[0;34m3[0;34m,[0;34m2[0;34m5
[0m[0;34mC[0;34m [0;34m1[0;34m5[0;34m3[0;34m,[0;34m2[0;34m0[0;34m4[0;34m,[0;34m2[0;34m5[0;34m5
[0m
[0m[0;34m1[0;34m1[0;34m1[0;34m1[0;34m1[0;34m1[0;34m1[0;34m1[0;34m1[0;34m1[0;34m1[0;34m1
[0m[0;34m1[0;34m [0;34m [0;34m [0;34m [0;34m [0;34m [0;34m [0;34m [0;34m [0;34m1[0;34m1
[0m[0;34m1[0;34m [0;34m [0;34m [0;34m [0;34m [0;34m [0;34m [0;34m0[0;34m0[0;34m0[0;34m1
[0m[0;34m1[0;34m0[0;34m0[0;34m0[0;34m0[0;34m0[0;34m0[0;34m [0;34m0[0;34m0[0;34m1[0;34m1
[0m[0;34m1[0;34m0[0;34mS[0;34m0[0;34m0[0;34m0[0;34m0[0;34m0[0;34m0[0;34m0[0;34m0[0;34m1
[0m[0;34m1[0;34m1[0;34m1[0;34m1[0;34m1[0;34m1[0;34m1[0;34m1[0;34m1[0;34m1[0;34m1[0;34m1
[0m[0;34m1[0;34m1[0;34m [0;34m [0;34m [0;34m [0;34m [0;34m [0;34m [0;34m [0;34m [0;34m1
[0m[0;34m1[0;34m1[0;34m1[0;34m1[0;34m1[0;34m1[0;34m1[0;34m1[0;34m1[0;34m1[0;34m1[0;34m1
[0m[0;34m1[0;34m5[0;34m3
[0m[0;34m2[0;34m0[0;34m4
[0m[0;34m2[0;34m5[0;34m5
[0m[0;34m1[0;34m8
[0m[0;34m5[0;34m3
[0m[0;34m2[0;34m5
[0m[0;34m1[0;34m1[0;34m1[0;34m1[0;34m1[0;34m1[0;34m1[0;34m1[0;34m1[0;34m1[0;34m1[0;34m1
[0m[0;34m1[0;34m1[0;34m1[0;34m1[0;34m1[0;34m1[0;34m1[0;34m1[0;34m1[0;34m1[0;34m1[0;34m1
[0m[0;34m1[0;34m1[0;34m1[0;34m1[0;34m1[0;34m1[0;34m1[0;34m1[0;34m0[0;34m0[0;34m0[0;34m1
[0m[0;34m1[0;34m0[0;34m0[0;34m0[0;34m0[0;34m0[0;34m0[0;34m1[0;34m0[0;34m0[0;34m1[0;34m1
[0m[0;34m1[0;34m0[0;34mS[0;34m0[0;34m0[0;34m0[0;34m0[0;34m0[0;34m0[0;34m0[0;34m0[0;34m1
[0m[0;34m1[0;34m1[0;34m1[0;34m1[0;34m1[0;34m1[0;34m1[0;34m1[0;34m1[0;34m1[0;34m1[0;34m1
[0m[0;34m1[0;34m1[0;34m1[0;34m1[0;34m1[0;34m1[0;34m1[0;34m1[0;34m1[0;34m1[0;34m1[0;34m1
[0m[0;34m1[0;34m1[0;34m1[0;34m1[0;34m1[0;34m1[0;34m1[0;34m1[0;34m1[0;34m1[0;34m1[0;34m1
[0mExit code: 0
‚ö†Ô∏è No Valgrind alerts, but with leaks[0m  
==10260== Memcheck, a memory error detector
==10260== Copyright (C) 2002-2022, and GNU GPL'd, by Julian Seward et al.
==10260== Using Valgrind-3.22.0 and LibVEX; rerun with -h for copyright info
==10260== Command: ./cub3d ./maps/good/test_map_hole.cub
==10260== Parent PID: 10127
==10260== 
==10260== 
==10260== HEAP SUMMARY:
==10260==     in use at exit: 765 bytes in 40 blocks
==10260==   total heap usage: 113 allocs, 73 frees, 7,229 bytes allocated
==10260== 
==10260== LEAK SUMMARY:
==10260==    definitely lost: 387 bytes in 10 blocks
==10260==    indirectly lost: 378 bytes in 30 blocks
==10260==      possibly lost: 0 bytes in 0 blocks
==10260==    still reachable: 0 bytes in 0 blocks
==10260==         suppressed: 0 bytes in 0 blocks
==10260== Rerun with --leak-check=full to see details of leaked memory
==10260== 
==10260== For lists of detected and suppressed errors, rerun with: -s
==10260== ERROR SUMMARY: 0 errors from 0 contexts (suppressed: 0 from 0)
Running valgrind on ./maps/good/test_pos_bottom.cub...

[0;32m[Debug info]üõ†Ô∏è  Map info üîç
[0m[0;32m[Debug info] - Map width:[0m3
[0;32m[Debug info] - Map height:[0m13
[0;32m[Debug info]üõ†Ô∏è  Starting player position info üîç
[0m[0;32m[Debug info] - Player X:[0m1
[0;32m[Debug info] - Player Y:[0m11
[0;32m[Debug info] - Player Direction:[0mS
[0;32m[Debug info]üõ†Ô∏è  Colors info c:  üîç
[0m[0;32m[Debug info]üõ†Ô∏è  Colors info f:  üîç
[0m[0;32m[Debug info]üõ†Ô∏è  Textures info:  üîç
[0m[0;32m[Debug info] Texture north:[0mtextures/test/north.xpm
[0;32m[Debug info] Texture south:[0mtextures/test/south.xpm
[0;32m[Debug info] Texture west:[0mtextures/test/west.xpm
[0;32m[Debug info] Texture east:[0mtextures/test/east.xpm
[0;34mN[0;34mO[0;34m [0;34mt[0;34me[0;34mx[0;34mt[0;34mu[0;34mr[0;34me[0;34ms[0;34m/[0;34mt[0;34me[0;34ms[0;34mt[0;34m/[0;34mn[0;34mo[0;34mr[0;34mt[0;34mh[0;34m.[0;34mx[0;34mp[0;34mm
[0m[0;34mS[0;34mO[0;34m [0;34mt[0;34me[0;34mx[0;34mt[0;34mu[0;34mr[0;34me[0;34ms[0;34m/[0;34mt[0;34me[0;34ms[0;34mt[0;34m/[0;34ms[0;34mo[0;34mu[0;34mt[0;34mh[0;34m.[0;34mx[0;34mp[0;34mm
[0m[0;34mW[0;34mE[0;34m [0;34mt[0;34me[0;34mx[0;34mt[0;34mu[0;34mr[0;34me[0;34ms[0;34m/[0;34mt[0;34me[0;34ms[0;34mt[0;34m/[0;34mw[0;34me[0;34ms[0;34mt[0;34m.[0;34mx[0;34mp[0;34mm
[0m[0;34mE[0;34mA[0;34m [0;34mt[0;34me[0;34mx[0;34mt[0;34mu[0;34mr[0;34me[0;34ms[0;34m/[0;34mt[0;34me[0;34ms[0;34mt[0;34m/[0;34me[0;34ma[0;34ms[0;34mt[0;34m.[0;34mx[0;34mp[0;34mm
[0m
[0m[0;34mF[0;34m [0;34m2[0;34m0[0;34m,[0;34m2[0;34m0[0;34m,[0;34m2[0;34m0
[0m[0;34mC[0;34m [0;34m2[0;34m0[0;34m0[0;34m,[0;34m2[0;34m0[0;34m0[0;34m,[0;34m2[0;34m0[0;34m0
[0m
[0m[0;34m1[0;34m1[0;34m1
[0m[0;34m1[0;34m0[0;34m1
[0m[0;34m1[0;34m0[0;34m1
[0m[0;34m1[0;34m0[0;34m1
[0m[0;34m1[0;34m0[0;34m1
[0m[0;34m1[0;34m0[0;34m1
[0m[0;34m1[0;34m0[0;34m1
[0m[0;34m1[0;34m0[0;34m1
[0m[0;34m1[0;34m0[0;34m1
[0m[0;34m1[0;34m0[0;34m1
[0m[0;34m1[0;34m0[0;34m1
[0m[0;34m1[0;34mS[0;34m1
[0m[0;34m1[0;34m1[0;34m1
[0m[0;34m2[0;34m0[0;34m0
[0m[0;34m2[0;34m0[0;34m0
[0m[0;34m2[0;34m0[0;34m0
[0m[0;34m2[0;34m0
[0m[0;34m2[0;34m0
[0m[0;34m2[0;34m0
[0m[0;34m1[0;34m1[0;34m1
[0m[0;34m1[0;34m0[0;34m1
[0m[0;34m1[0;34m0[0;34m1
[0m[0;34m1[0;34m0[0;34m1
[0m[0;34m1[0;34m0[0;34m1
[0m[0;34m1[0;34m0[0;34m1
[0m[0;34m1[0;34m0[0;34m1
[0m[0;34m1[0;34m0[0;34m1
[0m[0;34m1[0;34m0[0;34m1
[0m[0;34m1[0;34m0[0;34m1
[0m[0;34m1[0;34m0[0;34m1
[0m[0;34m1[0;34mS[0;34m1
[0m[0;34m1[0;34m1[0;34m1
[0mExit code: 0
‚ö†Ô∏è No Valgrind alerts, but with leaks[0m  
==10263== Memcheck, a memory error detector
==10263== Copyright (C) 2002-2022, and GNU GPL'd, by Julian Seward et al.
==10263== Using Valgrind-3.22.0 and LibVEX; rerun with -h for copyright info
==10263== Command: ./cub3d ./maps/good/test_pos_bottom.cub
==10263== Parent PID: 10127
==10263== 
==10263== 
==10263== HEAP SUMMARY:
==10263==     in use at exit: 746 bytes in 50 blocks
==10263==   total heap usage: 141 allocs, 91 frees, 8,007 bytes allocated
==10263== 
==10263== LEAK SUMMARY:
==10263==    definitely lost: 467 bytes in 10 blocks
==10263==    indirectly lost: 279 bytes in 40 blocks
==10263==      possibly lost: 0 bytes in 0 blocks
==10263==    still reachable: 0 bytes in 0 blocks
==10263==         suppressed: 0 bytes in 0 blocks
==10263== Rerun with --leak-check=full to see details of leaked memory
==10263== 
==10263== For lists of detected and suppressed errors, rerun with: -s
==10263== ERROR SUMMARY: 0 errors from 0 contexts (suppressed: 0 from 0)
Running valgrind on ./maps/good/test_pos_left.cub...

[0;32m[Debug info]üõ†Ô∏è  Map info üîç
[0m[0;32m[Debug info] - Map width:[0m21
[0;32m[Debug info] - Map height:[0m3
[0;32m[Debug info]üõ†Ô∏è  Starting player position info üîç
[0m[0;32m[Debug info] - Player X:[0m1
[0;32m[Debug info] - Player Y:[0m1
[0;32m[Debug info] - Player Direction:[0mW
[0;32m[Debug info]üõ†Ô∏è  Colors info c:  üîç
[0m[0;32m[Debug info]üõ†Ô∏è  Colors info f:  üîç
[0m[0;32m[Debug info]üõ†Ô∏è  Textures info:  üîç
[0m[0;32m[Debug info] Texture north:[0mtextures/test/north.xpm
[0;32m[Debug info] Texture south:[0mtextures/test/south.xpm
[0;32m[Debug info] Texture west:[0mtextures/test/west.xpm
[0;32m[Debug info] Texture east:[0mtextures/test/east.xpm
[0;34mN[0;34mO[0;34m [0;34mt[0;34me[0;34mx[0;34mt[0;34mu[0;34mr[0;34me[0;34ms[0;34m/[0;34mt[0;34me[0;34ms[0;34mt[0;34m/[0;34mn[0;34mo[0;34mr[0;34mt[0;34mh[0;34m.[0;34mx[0;34mp[0;34mm
[0m[0;34mS[0;34mO[0;34m [0;34mt[0;34me[0;34mx[0;34mt[0;34mu[0;34mr[0;34me[0;34ms[0;34m/[0;34mt[0;34me[0;34ms[0;34mt[0;34m/[0;34ms[0;34mo[0;34mu[0;34mt[0;34mh[0;34m.[0;34mx[0;34mp[0;34mm
[0m[0;34mW[0;34mE[0;34m [0;34mt[0;34me[0;34mx[0;34mt[0;34mu[0;34mr[0;34me[0;34ms[0;34m/[0;34mt[0;34me[0;34ms[0;34mt[0;34m/[0;34mw[0;34me[0;34ms[0;34mt[0;34m.[0;34mx[0;34mp[0;34mm
[0m[0;34mE[0;34mA[0;34m [0;34mt[0;34me[0;34mx[0;34mt[0;34mu[0;34mr[0;34me[0;34ms[0;34m/[0;34mt[0;34me[0;34ms[0;34mt[0;34m/[0;34me[0;34ma[0;34ms[0;34mt[0;34m.[0;34mx[0;34mp[0;34mm
[0m
[0m[0;34mF[0;34m [0;34m2[0;34m0[0;34m,[0;34m2[0;34m0[0;34m,[0;34m2[0;34m0
[0m[0;34mC[0;34m [0;34m2[0;34m0[0;34m0[0;34m,[0;34m2[0;34m0[0;34m0[0;34m,[0;34m2[0;34m0[0;34m0
[0m
[0m[0;34m1[0;34m1[0;34m1[0;34m1[0;34m1[0;34m1[0;34m1[0;34m1[0;34m1[0;34m1[0;34m1[0;34m1[0;34m1[0;34m1[0;34m1[0;34m1[0;34m1[0;34m1[0;34m1[0;34m1[0;34m1
[0m[0;34m1[0;34mW[0;34m0[0;34m0[0;34m0[0;34m0[0;34m0[0;34m0[0;34m0[0;34m0[0;34m0[0;34m0[0;34m0[0;34m0[0;34m0[0;34m0[0;34m0[0;34m0[0;34m0[0;34m0[0;34m1
[0m[0;34m1[0;34m1[0;34m1[0;34m1[0;34m1[0;34m1[0;34m1[0;34m1[0;34m1[0;34m1[0;34m1[0;34m1[0;34m1[0;34m1[0;34m1[0;34m1[0;34m1[0;34m1[0;34m1[0;34m1[0;34m1
[0m[0;34m2[0;34m0[0;34m0
[0m[0;34m2[0;34m0[0;34m0
[0m[0;34m2[0;34m0[0;34m0
[0m[0;34m2[0;34m0
[0m[0;34m2[0;34m0
[0m[0;34m2[0;34m0
[0m[0;34m1[0;34m1[0;34m1[0;34m1[0;34m1[0;34m1[0;34m1[0;34m1[0;34m1[0;34m1[0;34m1[0;34m1[0;34m1[0;34m1[0;34m1[0;34m1[0;34m1[0;34m1[0;34m1[0;34m1[0;34m1
[0m[0;34m1[0;34mW[0;34m0[0;34m0[0;34m0[0;34m0[0;34m0[0;34m0[0;34m0[0;34m0[0;34m0[0;34m0[0;34m0[0;34m0[0;34m0[0;34m0[0;34m0[0;34m0[0;34m0[0;34m0[0;34m1
[0m[0;34m1[0;34m1[0;34m1[0;34m1[0;34m1[0;34m1[0;34m1[0;34m1[0;34m1[0;34m1[0;34m1[0;34m1[0;34m1[0;34m1[0;34m1[0;34m1[0;34m1[0;34m1[0;34m1[0;34m1[0;34m1
[0mExit code: 0
‚ö†Ô∏è No Valgrind alerts, but with leaks[0m  
==10297== Memcheck, a memory error detector
==10297== Copyright (C) 2002-2022, and GNU GPL'd, by Julian Seward et al.
==10297== Using Valgrind-3.22.0 and LibVEX; rerun with -h for copyright info
==10297== Command: ./cub3d ./maps/good/test_pos_left.cub
==10297== Parent PID: 10127
==10297== 
==10297== 
==10297== HEAP SUMMARY:
==10297==     in use at exit: 604 bytes in 30 blocks
==10297==   total heap usage: 82 allocs, 52 frees, 6,237 bytes allocated
==10297== 
==10297== LEAK SUMMARY:
==10297==    definitely lost: 307 bytes in 10 blocks
==10297==    indirectly lost: 297 bytes in 20 blocks
==10297==      possibly lost: 0 bytes in 0 blocks
==10297==    still reachable: 0 bytes in 0 blocks
==10297==         suppressed: 0 bytes in 0 blocks
==10297== Rerun with --leak-check=full to see details of leaked memory
==10297== 
==10297== For lists of detected and suppressed errors, rerun with: -s
==10297== ERROR SUMMARY: 0 errors from 0 contexts (suppressed: 0 from 0)
Running valgrind on ./maps/good/test_pos_right.cub...

[0;32m[Debug info]üõ†Ô∏è  Map info üîç
[0m[0;32m[Debug info] - Map width:[0m21
[0;32m[Debug info] - Map height:[0m3
[0;32m[Debug info]üõ†Ô∏è  Starting player position info üîç
[0m[0;32m[Debug info] - Player X:[0m19
[0;32m[Debug info] - Player Y:[0m1
[0;32m[Debug info] - Player Direction:[0mE
[0;32m[Debug info]üõ†Ô∏è  Colors info c:  üîç
[0m[0;32m[Debug info]üõ†Ô∏è  Colors info f:  üîç
[0m[0;32m[Debug info]üõ†Ô∏è  Textures info:  üîç
[0m[0;32m[Debug info] Texture north:[0mtextures/test/north.xpm
[0;32m[Debug info] Texture south:[0mtextures/test/south.xpm
[0;32m[Debug info] Texture west:[0mtextures/test/west.xpm
[0;32m[Debug info] Texture east:[0mtextures/test/east.xpm
[0;34mN[0;34mO[0;34m [0;34mt[0;34me[0;34mx[0;34mt[0;34mu[0;34mr[0;34me[0;34ms[0;34m/[0;34mt[0;34me[0;34ms[0;34mt[0;34m/[0;34mn[0;34mo[0;34mr[0;34mt[0;34mh[0;34m.[0;34mx[0;34mp[0;34mm
[0m[0;34mS[0;34mO[0;34m [0;34mt[0;34me[0;34mx[0;34mt[0;34mu[0;34mr[0;34me[0;34ms[0;34m/[0;34mt[0;34me[0;34ms[0;34mt[0;34m/[0;34ms[0;34mo[0;34mu[0;34mt[0;34mh[0;34m.[0;34mx[0;34mp[0;34mm
[0m[0;34mW[0;34mE[0;34m [0;34mt[0;34me[0;34mx[0;34mt[0;34mu[0;34mr[0;34me[0;34ms[0;34m/[0;34mt[0;34me[0;34ms[0;34mt[0;34m/[0;34mw[0;34me[0;34ms[0;34mt[0;34m.[0;34mx[0;34mp[0;34mm
[0m[0;34mE[0;34mA[0;34m [0;34mt[0;34me[0;34mx[0;34mt[0;34mu[0;34mr[0;34me[0;34ms[0;34m/[0;34mt[0;34me[0;34ms[0;34mt[0;34m/[0;34me[0;34ma[0;34ms[0;34mt[0;34m.[0;34mx[0;34mp[0;34mm
[0m
[0m[0;34mF[0;34m [0;34m2[0;34m0[0;34m,[0;34m2[0;34m0[0;34m,[0;34m2[0;34m0
[0m[0;34mC[0;34m [0;34m2[0;34m0[0;34m0[0;34m,[0;34m2[0;34m0[0;34m0[0;34m,[0;34m2[0;34m0[0;34m0
[0m
[0m[0;34m1[0;34m1[0;34m1[0;34m1[0;34m1[0;34m1[0;34m1[0;34m1[0;34m1[0;34m1[0;34m1[0;34m1[0;34m1[0;34m1[0;34m1[0;34m1[0;34m1[0;34m1[0;34m1[0;34m1[0;34m1
[0m[0;34m1[0;34m0[0;34m0[0;34m0[0;34m0[0;34m0[0;34m0[0;34m0[0;34m0[0;34m0[0;34m0[0;34m0[0;34m0[0;34m0[0;34m0[0;34m0[0;34m0[0;34m0[0;34m0[0;34mE[0;34m1
[0m[0;34m1[0;34m1[0;34m1[0;34m1[0;34m1[0;34m1[0;34m1[0;34m1[0;34m1[0;34m1[0;34m1[0;34m1[0;34m1[0;34m1[0;34m1[0;34m1[0;34m1[0;34m1[0;34m1[0;34m1[0;34m1
[0m[0;34m2[0;34m0[0;34m0
[0m[0;34m2[0;34m0[0;34m0
[0m[0;34m2[0;34m0[0;34m0
[0m[0;34m2[0;34m0
[0m[0;34m2[0;34m0
[0m[0;34m2[0;34m0
[0m[0;34m1[0;34m1[0;34m1[0;34m1[0;34m1[0;34m1[0;34m1[0;34m1[0;34m1[0;34m1[0;34m1[0;34m1[0;34m1[0;34m1[0;34m1[0;34m1[0;34m1[0;34m1[0;34m1[0;34m1[0;34m1
[0m[0;34m1[0;34m0[0;34m0[0;34m0[0;34m0[0;34m0[0;34m0[0;34m0[0;34m0[0;34m0[0;34m0[0;34m0[0;34m0[0;34m0[0;34m0[0;34m0[0;34m0[0;34m0[0;34m0[0;34mE[0;34m1
[0m[0;34m1[0;34m1[0;34m1[0;34m1[0;34m1[0;34m1[0;34m1[0;34m1[0;34m1[0;34m1[0;34m1[0;34m1[0;34m1[0;34m1[0;34m1[0;34m1[0;34m1[0;34m1[0;34m1[0;34m1[0;34m1
[0mExit code: 0
‚ö†Ô∏è No Valgrind alerts, but with leaks[0m  
==10300== Memcheck, a memory error detector
==10300== Copyright (C) 2002-2022, and GNU GPL'd, by Julian Seward et al.
==10300== Using Valgrind-3.22.0 and LibVEX; rerun with -h for copyright info
==10300== Command: ./cub3d ./maps/good/test_pos_right.cub
==10300== Parent PID: 10127
==10300== 
==10300== 
==10300== HEAP SUMMARY:
==10300==     in use at exit: 604 bytes in 30 blocks
==10300==   total heap usage: 82 allocs, 52 frees, 6,237 bytes allocated
==10300== 
==10300== LEAK SUMMARY:
==10300==    definitely lost: 307 bytes in 10 blocks
==10300==    indirectly lost: 297 bytes in 20 blocks
==10300==      possibly lost: 0 bytes in 0 blocks
==10300==    still reachable: 0 bytes in 0 blocks
==10300==         suppressed: 0 bytes in 0 blocks
==10300== Rerun with --leak-check=full to see details of leaked memory
==10300== 
==10300== For lists of detected and suppressed errors, rerun with: -s
==10300== ERROR SUMMARY: 0 errors from 0 contexts (suppressed: 0 from 0)
Running valgrind on ./maps/good/test_pos_top.cub...

[0;32m[Debug info]üõ†Ô∏è  Map info üîç
[0m[0;32m[Debug info] - Map width:[0m3
[0;32m[Debug info] - Map height:[0m13
[0;32m[Debug info]üõ†Ô∏è  Starting player position info üîç
[0m[0;32m[Debug info] - Player X:[0m1
[0;32m[Debug info] - Player Y:[0m1
[0;32m[Debug info] - Player Direction:[0mN
[0;32m[Debug info]üõ†Ô∏è  Colors info c:  üîç
[0m[0;32m[Debug info]üõ†Ô∏è  Colors info f:  üîç
[0m[0;32m[Debug info]üõ†Ô∏è  Textures info:  üîç
[0m[0;32m[Debug info] Texture north:[0mtextures/test/north.xpm
[0;32m[Debug info] Texture south:[0mtextures/test/south.xpm
[0;32m[Debug info] Texture west:[0mtextures/test/west.xpm
[0;32m[Debug info] Texture east:[0mtextures/test/east.xpm
[0;34mN[0;34mO[0;34m [0;34mt[0;34me[0;34mx[0;34mt[0;34mu[0;34mr[0;34me[0;34ms[0;34m/[0;34mt[0;34me[0;34ms[0;34mt[0;34m/[0;34mn[0;34mo[0;34mr[0;34mt[0;34mh[0;34m.[0;34mx[0;34mp[0;34mm
[0m[0;34mS[0;34mO[0;34m [0;34mt[0;34me[0;34mx[0;34mt[0;34mu[0;34mr[0;34me[0;34ms[0;34m/[0;34mt[0;34me[0;34ms[0;34mt[0;34m/[0;34ms[0;34mo[0;34mu[0;34mt[0;34mh[0;34m.[0;34mx[0;34mp[0;34mm
[0m[0;34mW[0;34mE[0;34m [0;34mt[0;34me[0;34mx[0;34mt[0;34mu[0;34mr[0;34me[0;34ms[0;34m/[0;34mt[0;34me[0;34ms[0;34mt[0;34m/[0;34mw[0;34me[0;34ms[0;34mt[0;34m.[0;34mx[0;34mp[0;34mm
[0m[0;34mE[0;34mA[0;34m [0;34mt[0;34me[0;34mx[0;34mt[0;34mu[0;34mr[0;34me[0;34ms[0;34m/[0;34mt[0;34me[0;34ms[0;34mt[0;34m/[0;34me[0;34ma[0;34ms[0;34mt[0;34m.[0;34mx[0;34mp[0;34mm
[0m
[0m[0;34mF[0;34m [0;34m2[0;34m0[0;34m,[0;34m2[0;34m0[0;34m,[0;34m2[0;34m0
[0m[0;34mC[0;34m [0;34m2[0;34m0[0;34m0[0;34m,[0;34m2[0;34m0[0;34m0[0;34m,[0;34m2[0;34m0[0;34m0
[0m
[0m[0;34m1[0;34m1[0;34m1
[0m[0;34m1[0;34mN[0;34m1
[0m[0;34m1[0;34m0[0;34m1
[0m[0;34m1[0;34m0[0;34m1
[0m[0;34m1[0;34m0[0;34m1
[0m[0;34m1[0;34m0[0;34m1
[0m[0;34m1[0;34m0[0;34m1
[0m[0;34m1[0;34m0[0;34m1
[0m[0;34m1[0;34m0[0;34m1
[0m[0;34m1[0;34m0[0;34m1
[0m[0;34m1[0;34m0[0;34m1
[0m[0;34m1[0;34m0[0;34m1
[0m[0;34m1[0;34m1[0;34m1
[0m[0;34m2[0;34m0[0;34m0
[0m[0;34m2[0;34m0[0;34m0
[0m[0;34m2[0;34m0[0;34m0
[0m[0;34m2[0;34m0
[0m[0;34m2[0;34m0
[0m[0;34m2[0;34m0
[0m[0;34m1[0;34m1[0;34m1
[0m[0;34m1[0;34mN[0;34m1
[0m[0;34m1[0;34m0[0;34m1
[0m[0;34m1[0;34m0[0;34m1
[0m[0;34m1[0;34m0[0;34m1
[0m[0;34m1[0;34m0[0;34m1
[0m[0;34m1[0;34m0[0;34m1
[0m[0;34m1[0;34m0[0;34m1
[0m[0;34m1[0;34m0[0;34m1
[0m[0;34m1[0;34m0[0;34m1
[0m[0;34m1[0;34m0[0;34m1
[0m[0;34m1[0;34m0[0;34m1
[0m[0;34m1[0;34m1[0;34m1
[0mExit code: 0
‚ö†Ô∏è No Valgrind alerts, but with leaks[0m  
==10303== Memcheck, a memory error detector
==10303== Copyright (C) 2002-2022, and GNU GPL'd, by Julian Seward et al.
==10303== Using Valgrind-3.22.0 and LibVEX; rerun with -h for copyright info
==10303== Command: ./cub3d ./maps/good/test_pos_top.cub
==10303== Parent PID: 10127
==10303== 
==10303== 
==10303== HEAP SUMMARY:
==10303==     in use at exit: 746 bytes in 50 blocks
==10303==   total heap usage: 141 allocs, 91 frees, 8,007 bytes allocated
==10303== 
==10303== LEAK SUMMARY:
==10303==    definitely lost: 467 bytes in 10 blocks
==10303==    indirectly lost: 279 bytes in 40 blocks
==10303==      possibly lost: 0 bytes in 0 blocks
==10303==    still reachable: 0 bytes in 0 blocks
==10303==         suppressed: 0 bytes in 0 blocks
==10303== Rerun with --leak-check=full to see details of leaked memory
==10303== 
==10303== For lists of detected and suppressed errors, rerun with: -s
==10303== ERROR SUMMARY: 0 errors from 0 contexts (suppressed: 0 from 0)
Running valgrind on ./maps/good/test_textures.cub...

[0;32m[Debug info]üõ†Ô∏è  Map info üîç
[0m[0;32m[Debug info] - Map width:[0m5
[0;32m[Debug info] - Map height:[0m13
[0;32m[Debug info]üõ†Ô∏è  Starting player position info üîç
[0m[0;32m[Debug info] - Player X:[0m2
[0;32m[Debug info] - Player Y:[0m2
[0;32m[Debug info] - Player Direction:[0mS
[0;32m[Debug info]üõ†Ô∏è  Colors info c:  üîç
[0m[0;32m[Debug info]üõ†Ô∏è  Colors info f:  üîç
[0m[0;32m[Debug info]üõ†Ô∏è  Textures info:  üîç
[0m[0;32m[Debug info] Texture north:[0mtextures/test/north.xpm
[0;32m[Debug info] Texture south:[0mtextures/test/south.xpm
[0;32m[Debug info] Texture west:[0mtextures/test/west.xpm
[0;32m[Debug info] Texture east:[0mtextures/test/east.xpm
[0;34mN[0;34mO[0;34m [0;34mt[0;34me[0;34mx[0;34mt[0;34mu[0;34mr[0;34me[0;34ms[0;34m/[0;34mt[0;34me[0;34ms[0;34mt[0;34m/[0;34mn[0;34mo[0;34mr[0;34mt[0;34mh[0;34m.[0;34mx[0;34mp[0;34mm
[0m[0;34mS[0;34mO[0;34m [0;34mt[0;34me[0;34mx[0;34mt[0;34mu[0;34mr[0;34me[0;34ms[0;34m/[0;34mt[0;34me[0;34ms[0;34mt[0;34m/[0;34ms[0;34mo[0;34mu[0;34mt[0;34mh[0;34m.[0;34mx[0;34mp[0;34mm
[0m[0;34mW[0;34mE[0;34m [0;34mt[0;34me[0;34mx[0;34mt[0;34mu[0;34mr[0;34me[0;34ms[0;34m/[0;34mt[0;34me[0;34ms[0;34mt[0;34m/[0;34mw[0;34me[0;34ms[0;34mt[0;34m.[0;34mx[0;34mp[0;34mm
[0m[0;34mE[0;34mA[0;34m [0;34mt[0;34me[0;34mx[0;34mt[0;34mu[0;34mr[0;34me[0;34ms[0;34m/[0;34mt[0;34me[0;34ms[0;34mt[0;34m/[0;34me[0;34ma[0;34ms[0;34mt[0;34m.[0;34mx[0;34mp[0;34mm
[0m
[0m[0;34mF[0;34m [0;34m2[0;34m0[0;34m,[0;34m2[0;34m0[0;34m,[0;34m2[0;34m0
[0m[0;34mC[0;34m [0;34m2[0;34m0[0;34m0[0;34m,[0;34m2[0;34m0[0;34m0[0;34m,[0;34m2[0;34m0[0;34m0
[0m
[0m[0;34m1[0;34m1[0;34m1[0;34m1[0;34m1
[0m[0;34m1[0;34m0[0;34m0[0;34m0[0;34m1
[0m[0;34m1[0;34m0[0;34mS[0;34m0[0;34m1
[0m[0;34m1[0;34m0[0;34m0[0;34m0[0;34m1
[0m[0;34m1[0;34m0[0;34m0[0;34m0[0;34m1
[0m[0;34m1[0;34m0[0;34m0[0;34m0[0;34m1
[0m[0;34m1[0;34m1[0;34m0[0;34m0[0;34m1
[0m[0;34m1[0;34m0[0;34m0[0;34m0[0;34m1
[0m[0;34m1[0;34m0[0;34m0[0;34m0[0;34m1
[0m[0;34m1[0;34m0[0;34m0[0;34m0[0;34m1
[0m[0;34m1[0;34m0[0;34m0[0;34m0[0;34m1
[0m[0;34m1[0;34m0[0;34m0[0;34m0[0;34m1
[0m[0;34m1[0;34m1[0;34m1[0;34m1[0;34m1
[0m[0;34m2[0;34m0[0;34m0
[0m[0;34m2[0;34m0[0;34m0
[0m[0;34m2[0;34m0[0;34m0
[0m[0;34m2[0;34m0
[0m[0;34m2[0;34m0
[0m[0;34m2[0;34m0
[0m[0;34m1[0;34m1[0;34m1[0;34m1[0;34m1
[0m[0;34m1[0;34m0[0;34m0[0;34m0[0;34m1
[0m[0;34m1[0;34m0[0;34mS[0;34m0[0;34m1
[0m[0;34m1[0;34m0[0;34m0[0;34m0[0;34m1
[0m[0;34m1[0;34m0[0;34m0[0;34m0[0;34m1
[0m[0;34m1[0;34m0[0;34m0[0;34m0[0;34m1
[0m[0;34m1[0;34m1[0;34m0[0;34m0[0;34m1
[0m[0;34m1[0;34m0[0;34m0[0;34m0[0;34m1
[0m[0;34m1[0;34m0[0;34m0[0;34m0[0;34m1
[0m[0;34m1[0;34m0[0;34m0[0;34m0[0;34m1
[0m[0;34m1[0;34m0[0;34m0[0;34m0[0;34m1
[0m[0;34m1[0;34m0[0;34m0[0;34m0[0;34m1
[0m[0;34m1[0;34m1[0;34m1[0;34m1[0;34m1
[0mExit code: 0
‚ö†Ô∏è No Valgrind alerts, but with leaks[0m  
==10306== Memcheck, a memory error detector
==10306== Copyright (C) 2002-2022, and GNU GPL'd, by Julian Seward et al.
==10306== Using Valgrind-3.22.0 and LibVEX; rerun with -h for copyright info
==10306== Command: ./cub3d ./maps/good/test_textures.cub
==10306== Parent PID: 10127
==10306== 
==10306== 
==10306== HEAP SUMMARY:
==10306==     in use at exit: 798 bytes in 50 blocks
==10306==   total heap usage: 142 allocs, 92 frees, 8,146 bytes allocated
==10306== 
==10306== LEAK SUMMARY:
==10306==    definitely lost: 467 bytes in 10 blocks
==10306==    indirectly lost: 331 bytes in 40 blocks
==10306==      possibly lost: 0 bytes in 0 blocks
==10306==    still reachable: 0 bytes in 0 blocks
==10306==         suppressed: 0 bytes in 0 blocks
==10306== Rerun with --leak-check=full to see details of leaked memory
==10306== 
==10306== For lists of detected and suppressed errors, rerun with: -s
==10306== ERROR SUMMARY: 0 errors from 0 contexts (suppressed: 0 from 0)
Running valgrind on ./maps/good/test_whitespace.cub...

[0;31m Error:[Map check in file] Invalid map placement or format
[0m 
[0m
[0m
[0m
[0m
[0m
[0m
[0m
[0m[0;34mN[0;34mO[0;34m [0;34mt[0;34me[0;34mx[0;34mt[0;34mu[0;34mr[0;34me[0;34ms[0;34m/[0;34mt[0;34me[0;34ms[0;34mt[0;34m/[0;34mn[0;34mo[0;34mr[0;34mt[0;34mh[0;34m.[0;34mx[0;34mp[0;34mm
[0m
[0m
[0m
[0m
[0m
[0m
[0m
[0m
[0m[0;34mS[0;34mO[0;34m [0;34mt[0;34me[0;34mx[0;34mt[0;34mu[0;34mr[0;34me[0;34ms[0;34m/[0;34mt[0;34me[0;34ms[0;34mt[0;34m/[0;34ms[0;34mo[0;34mu[0;34mt[0;34mh[0;34m.[0;34mx[0;34mp[0;34mm
[0m[0;34m [0;34m [0;34m [0;34m [0;34m [0;34m [0;34m [0;34m [0;34m [0;34m [0;34m [0;34m [0;34m [0;34m [0;34m [0;34m [0;34m [0;34m [0;34m [0;34m [0;34m [0;34m [0;34m [0;34m [0;34mW[0;34mE[0;34m [0;34mt[0;34me[0;34mx[0;34mt[0;34mu[0;34mr[0;34me[0;34ms[0;34m/[0;34mt[0;34me[0;34ms[0;34mt[0;34m/[0;34mw[0;34me[0;34ms[0;34mt[0;34m.[0;34mx[0;34mp[0;34mm
[0m[0;34m [0;34m [0;34m [0;34m [0;34m [0;34m [0;34m [0;34m [0;34mE[0;34mA[0;34m [0;34mt[0;34me[0;34mx[0;34mt[0;34mu[0;34mr[0;34me[0;34ms[0;34m/[0;34mt[0;34me[0;34ms[0;34mt[0;34m/[0;34me[0;34ma[0;34ms[0;34mt[0;34m.[0;34mx[0;34mp[0;34mm[0;34m [0;34m [0;34m [0;34m [0;34m [0;34m [0;34m [0;34m [0;34m [0;34m [0;34m [0;34m 
[0m
[0m[0;34m [0;34m [0;34m [0;34m [0;34m [0;34m [0;34m [0;34m [0;34mF[0;34m [0;34m2[0;34m0[0;34m,[0;34m [0;34m [0;34m [0;34m [0;34m [0;34m [0;34m [0;34m [0;34m [0;34m [0;34m [0;34m2[0;34m0[0;34m,[0;34m [0;34m [0;34m [0;34m [0;34m [0;34m [0;34m [0;34m [0;34m [0;34m [0;34m [0;34m [0;34m [0;34m2[0;34m0
[0m[0;34mC[0;34m [0;34m2[0;34m0[0;34m0[0;34m,[0;34m [0;34m [0;34m [0;34m [0;34m [0;34m [0;34m [0;34m [0;34m [0;34m [0;34m2[0;34m0[0;34m0[0;34m,[0;34m2[0;34m0[0;34m0
[0m
[0m[0;34m1[0;34m1[0;34m1[0;34m1[0;34m1
[0m[0;34m1[0;34m0[0;34m0[0;34m0[0;34m1
[0m[0;34m1[0;34m0[0;34mS[0;34m0[0;34m1[0;34m [0;34m [0;34m [0;34m [0;34m [0;34m [0;34m [0;34m [0;34m [0;34m [0;34m [0;34m [0;34m [0;34m [0;34m [0;34m 
[0m[0;34m1[0;34m0[0;34m0[0;34m0[0;34m1
[0m[0;34m1[0;34m0[0;34m0[0;34m0[0;34m1
[0m[0;34m1[0;34m0[0;34m0[0;34m0[0;34m1
[0m[0;34m1[0;34m1[0;34m0[0;34m0[0;34m1[0;34m [0;34m [0;34m [0;34m [0;34m [0;34m [0;34m [0;34m [0;34m [0;34m [0;34m [0;34m [0;34m [0;34m [0;34m 
[0m[0;34m1[0;34m0[0;34m0[0;34m0[0;34m1
[0m[0;34m1[0;34m0[0;34m0[0;34m0[0;34m1
[0m[0;34m1[0;34m0[0;34m0[0;34m0[0;34m1
[0m[0;34m1[0;34m0[0;34m0[0;34m0[0;34m1
[0m[0;34m1[0;34m0[0;34m0[0;34m0[0;34m1
[0m[0;34m1[0;34m1[0;34m1[0;34m1[0;34m1[0;34m [0;34m [0;34m [0;34m [0;34m [0;34m [0;34m [0;34m [0;34m [0;34m [0;34m 
[0m
[0m[0;34m [0;34m [0;34m [0;34m [0;34m [0;34m [0;34m [0;34m 
[0m
[0m
[0m
[0m
[0m
[0m
[0m
[0m
[0m
[0m
[0m
[0m
[0m
[0m
[0m
[0m
[0m
[0m
[0m
[0m
[0m
[0mExit code: 1
‚ö†Ô∏è No Valgrind alerts, but with leaks[0m  
==10309== Memcheck, a memory error detector
==10309== Copyright (C) 2002-2022, and GNU GPL'd, by Julian Seward et al.
==10309== Using Valgrind-3.22.0 and LibVEX; rerun with -h for copyright info
==10309== Command: ./cub3d ./maps/good/test_whitespace.cub
==10309== Parent PID: 10127
==10309== 
==10309== 
==10309== HEAP SUMMARY:
==10309==     in use at exit: 934 bytes in 61 blocks
==10309==   total heap usage: 263 allocs, 202 frees, 22,612 bytes allocated
==10309== 
==10309== LEAK SUMMARY:
==10309==    definitely lost: 488 bytes in 1 blocks
==10309==    indirectly lost: 446 bytes in 60 blocks
==10309==      possibly lost: 0 bytes in 0 blocks
==10309==    still reachable: 0 bytes in 0 blocks
==10309==         suppressed: 0 bytes in 0 blocks
==10309== Rerun with --leak-check=full to see details of leaked memory
==10309== 
==10309== For lists of detected and suppressed errors, rerun with: -s
==10309== ERROR SUMMARY: 0 errors from 0 contexts (suppressed: 0 from 0)
Running valgrind on ./maps/good/works.cub...

[0;32m[Debug info]üõ†Ô∏è  Map info üîç
[0m[0;32m[Debug info] - Map width:[0m25
[0;32m[Debug info] - Map height:[0m6
[0;32m[Debug info]üõ†Ô∏è  Starting player position info üîç
[0m[0;32m[Debug info] - Player X:[0m2
[0;32m[Debug info] - Player Y:[0m1
[0;32m[Debug info] - Player Direction:[0mS
[0;32m[Debug info]üõ†Ô∏è  Colors info c:  üîç
[0m[0;32m[Debug info]üõ†Ô∏è  Colors info f:  üîç
[0m[0;32m[Debug info]üõ†Ô∏è  Textures info:  üîç
[0m[0;32m[Debug info] Texture north:[0mtextures/test/north.xpm
[0;32m[Debug info] Texture south:[0mtextures/test/south.xpm
[0;32m[Debug info] Texture west:[0mtextures/test/west.xpm
[0;32m[Debug info] Texture east:[0mtextures/test/east.xpm
[0;34m [0;34m [0;34m [0;34mW[0;34mE[0;34m [0;34m [0;34m [0;34m [0;34m [0;34m [0;34m [0;34m [0;34m [0;34m [0;34m [0;34m [0;34m [0;34m [0;34m [0;34m [0;34m [0;34m [0;34m [0;34m [0;34m [0;34m [0;34m [0;34m [0;34m [0;34m [0;34m [0;34m [0;34mt[0;34me[0;34mx[0;34mt[0;34mu[0;34mr[0;34me[0;34ms[0;34m/[0;34mt[0;34me[0;34ms[0;34mt[0;34m/[0;34mw[0;34me[0;34ms[0;34mt[0;34m.[0;34mx[0;34mp[0;34mm
[0m[0;34mN[0;34mO[0;34m [0;34m [0;34m [0;34m [0;34m [0;34m [0;34mt[0;34me[0;34mx[0;34mt[0;34mu[0;34mr[0;34me[0;34ms[0;34m/[0;34mt[0;34me[0;34ms[0;34mt[0;34m/[0;34mn[0;34mo[0;34mr[0;34mt[0;34mh[0;34m.[0;34mx[0;34mp[0;34mm
[0m
[0m
[0m
[0m[0;34mS[0;34mO[0;34m [0;34mt[0;34me[0;34mx[0;34mt[0;34mu[0;34mr[0;34me[0;34ms[0;34m/[0;34mt[0;34me[0;34ms[0;34mt[0;34m/[0;34ms[0;34mo[0;34mu[0;34mt[0;34mh[0;34m.[0;34mx[0;34mp[0;34mm
[0m
[0m[0;34mF[0;34m [0;34m [0;34m [0;34m [0;34m [0;34m [0;34m1[0;34m7[0;34m,[0;34m [0;34m [0;34m [0;34m [0;34m3[0;34m8[0;34m,[0;34m [0;34m [0;34m [0;34m [0;34m [0;34m6[0;34m4
[0m
[0m[0;34mE[0;34mA[0;34m [0;34mt[0;34me[0;34mx[0;34mt[0;34mu[0;34mr[0;34me[0;34ms[0;34m/[0;34mt[0;34me[0;34ms[0;34mt[0;34m/[0;34me[0;34ma[0;34ms[0;34mt[0;34m.[0;34mx[0;34mp[0;34mm
[0m
[0m
[0m[0;34mC[0;34m [0;34m2[0;34m1[0;34m8[0;34m,[0;34m [0;34m2[0;34m3[0;34m4[0;34m,[0;34m [0;34m2[0;34m3[0;34m5
[0m
[0m[0;34m1[0;34m1[0;34m1[0;34m1[0;34m1[0;34m1[0;34m1[0;34m1[0;34m1[0;34m1[0;34m1[0;34m1[0;34m1[0;34m1[0;34m1[0;34m1[0;34m1[0;34m1[0;34m1[0;34m1[0;34m1[0;34m1[0;34m1[0;34m1[0;34m1
[0m[0;34m1[0;34m0[0;34mS[0;34m0[0;34m1[0;34m1[0;34m0[0;34m0[0;34m0[0;34m0[0;34m1[0;34m0[0;34m0[0;34m0[0;34m0[0;34m0[0;34m0[0;34m0[0;34m0[0;34m0[0;34m0[0;34m0[0;34m0[0;34m0[0;34m1
[0m[0;34m1[0;34m0[0;34m0[0;34m0[0;34m1[0;34m1[0;34m0[0;34m0[0;34m0[0;34m0[0;34m0[0;34m0[0;34m0[0;34m0[0;34m0[0;34m0[0;34m1[0;34m1[0;34m1[0;34m1[0;34m1[0;34m1[0;34m0[0;34m0[0;34m1
[0m[0;34m1[0;34m0[0;34m0[0;34m0[0;34m1[0;34m1[0;34m0[0;34m0[0;34m0[0;34m0[0;34m0[0;34m0[0;34m0[0;34m0[0;34m0[0;34m0[0;34m1[0;34m1[0;34m0[0;34m0[0;34m0[0;34m1[0;34m0[0;34m0[0;34m1
[0m[0;34m1[0;34m0[0;34m0[0;34m0[0;34m0[0;34m0[0;34m0[0;34m0[0;34m0[0;34m0[0;34m1[0;34m0[0;34m0[0;34m0[0;34m0[0;34m0[0;34m0[0;34m0[0;34m0[0;34m0[0;34m0[0;34m1[0;34m0[0;34m0[0;34m1
[0m[0;34m1[0;34m1[0;34m1[0;34m1[0;34m1[0;34m1[0;34m1[0;34m1[0;34m1[0;34m1[0;34m1[0;34m1[0;34m1[0;34m1[0;34m1[0;34m1[0;34m1[0;34m1[0;34m1[0;34m1[0;34m1[0;34m1[0;34m1[0;34m1[0;34m1
[0m[0;34m2[0;34m1[0;34m8
[0m[0;34m2[0;34m3[0;34m4
[0m[0;34m2[0;34m3[0;34m5
[0m[0;34m1[0;34m7
[0m[0;34m3[0;34m8
[0m[0;34m6[0;34m4
[0m[0;34m1[0;34m1[0;34m1[0;34m1[0;34m1[0;34m1[0;34m1[0;34m1[0;34m1[0;34m1[0;34m1[0;34m1[0;34m1[0;34m1[0;34m1[0;34m1[0;34m1[0;34m1[0;34m1[0;34m1[0;34m1[0;34m1[0;34m1[0;34m1[0;34m1
[0m[0;34m1[0;34m0[0;34mS[0;34m0[0;34m1[0;34m1[0;34m0[0;34m0[0;34m0[0;34m0[0;34m1[0;34m0[0;34m0[0;34m0[0;34m0[0;34m0[0;34m0[0;34m0[0;34m0[0;34m0[0;34m0[0;34m0[0;34m0[0;34m0[0;34m1
[0m[0;34m1[0;34m0[0;34m0[0;34m0[0;34m1[0;34m1[0;34m0[0;34m0[0;34m0[0;34m0[0;34m0[0;34m0[0;34m0[0;34m0[0;34m0[0;34m0[0;34m1[0;34m1[0;34m1[0;34m1[0;34m1[0;34m1[0;34m0[0;34m0[0;34m1
[0m[0;34m1[0;34m0[0;34m0[0;34m0[0;34m1[0;34m1[0;34m0[0;34m0[0;34m0[0;34m0[0;34m0[0;34m0[0;34m0[0;34m0[0;34m0[0;34m0[0;34m1[0;34m1[0;34m0[0;34m0[0;34m0[0;34m1[0;34m0[0;34m0[0;34m1
[0m[0;34m1[0;34m0[0;34m0[0;34m0[0;34m0[0;34m0[0;34m0[0;34m0[0;34m0[0;34m0[0;34m1[0;34m0[0;34m0[0;34m0[0;34m0[0;34m0[0;34m0[0;34m0[0;34m0[0;34m0[0;34m0[0;34m1[0;34m0[0;34m0[0;34m1
[0m[0;34m1[0;34m1[0;34m1[0;34m1[0;34m1[0;34m1[0;34m1[0;34m1[0;34m1[0;34m1[0;34m1[0;34m1[0;34m1[0;34m1[0;34m1[0;34m1[0;34m1[0;34m1[0;34m1[0;34m1[0;34m1[0;34m1[0;34m1[0;34m1[0;34m1
[0mExit code: 0
‚ö†Ô∏è No Valgrind alerts, but with leaks[0m  
==10312== Memcheck, a memory error detector
==10312== Copyright (C) 2002-2022, and GNU GPL'd, by Julian Seward et al.
==10312== Using Valgrind-3.22.0 and LibVEX; rerun with -h for copyright info
==10312== Command: ./cub3d ./maps/good/works.cub
==10312== Parent PID: 10127
==10312== 
==10312== 
==10312== HEAP SUMMARY:
==10312==     in use at exit: 957 bytes in 42 blocks
==10312==   total heap usage: 130 allocs, 88 frees, 8,412 bytes allocated
==10312== 
==10312== LEAK SUMMARY:
==10312==    definitely lost: 414 bytes in 10 blocks
==10312==    indirectly lost: 543 bytes in 32 blocks
==10312==      possibly lost: 0 bytes in 0 blocks
==10312==    still reachable: 0 bytes in 0 blocks
==10312==         suppressed: 0 bytes in 0 blocks
==10312== Rerun with --leak-check=full to see details of leaked memory
==10312== 
==10312== For lists of detected and suppressed errors, rerun with: -s
==10312== ERROR SUMMARY: 0 errors from 0 contexts (suppressed: 0 from 0)
Valgrind tests completed. Results saved to test_output.txt.
Starting Valgrind tests...
Running valgrind on ./maps/good/cheese_maze.cub...

[0;34mN[0;34mO[0;34m [0;34mt[0;34me[0;34mx[0;34mt[0;34mu[0;34mr[0;34me[0;34ms[0;34m/[0;34mt[0;34me[0;34ms[0;34mt[0;34m/[0;34mn[0;34mo[0;34mr[0;34mt[0;34mh[0;34m.[0;34mx[0;34mp[0;34mm
[0m[0;34mS[0;34mO[0;34m [0;34mt[0;34me[0;34mx[0;34mt[0;34mu[0;34mr[0;34me[0;34ms[0;34m/[0;34mt[0;34me[0;34ms[0;34mt[0;34m/[0;34ms[0;34mo[0;34mu[0;34mt[0;34mh[0;34m.[0;34mx[0;34mp[0;34mm
[0m[0;34mW[0;34mE[0;34m [0;34mt[0;34me[0;34mx[0;34mt[0;34mu[0;34mr[0;34me[0;34ms[0;34m/[0;34mt[0;34me[0;34ms[0;34mt[0;34m/[0;34mw[0;34me[0;34ms[0;34mt[0;34m.[0;34mx[0;34mp[0;34mm
[0m[0;34mE[0;34mA[0;34m [0;34mt[0;34me[0;34mx[0;34mt[0;34mu[0;34mr[0;34me[0;34ms[0;34m/[0;34mt[0;34me[0;34ms[0;34mt[0;34m/[0;34me[0;34ma[0;34ms[0;34mt[0;34m.[0;34mx[0;34mp[0;34mm
[0m
[0m[0;34mF[0;34m [0;34m1[0;34m6[0;34m4[0;34m,[0;34m1[0;34m6[0;34m9[0;34m,[0;34m2[0;34m0
[0m[0;34mC[0;34m [0;34m1[0;34m5[0;34m3[0;34m,[0;34m2[0;34m0[0;34m4[0;34m,[0;34m2[0;34m5[0;34m5
[0m
[0m[0;34m1[0;34m1[0;34m1[0;34m1[0;34m1[0;34m1[0;34m1[0;34m1[0;34m1[0;34m1[0;34m1[0;34m1[0;34m1[0;34m1[0;34m1[0;34m1[0;34m1[0;34m1[0;34m1[0;34m1[0;34m1
[0m[0;34m1[0;34m0[0;34m1[0;34m0[0;34m0[0;34m0[0;34m0[0;34m0[0;34m1[0;34m0[0;34m0[0;34m0[0;34m0[0;34m0[0;34m0[0;34m0[0;34m0[0;34m0[0;34m0[0;34m0[0;34m1
[0m[0;34m1[0;34m0[0;34m1[0;34m0[0;34m1[0;34m0[0;34m1[0;34m0[0;34m1[0;34m0[0;34m1[0;34m1[0;34m1[0;34m1[0;34m1[0;34m1[0;34m1[0;34m0[0;34m0[0;34m0[0;34m1
[0m[0;34m1[0;34m0[0;34m0[0;34m0[0;34m1[0;34m0[0;34m1[0;34m0[0;34m0[0;34m0[0;34m1[0;34m0[0;34m0[0;34m0[0;34m0[0;34m0[0;34m1[0;34m0[0;34m0[0;34m0[0;34m1
[0m[0;34m1[0;34m1[0;34m1[0;34m1[0;34m1[0;34m0[0;34m1[0;34m0[0;34m1[0;34m1[0;34m1[0;34m1[0;34m1[0;34m0[0;34m1[0;34m0[0;34m1[0;34m1[0;34m1[0;34m0[0;34m1
[0m[0;34m1[0;34m0[0;34m0[0;34m0[0;34m0[0;34m0[0;34m1[0;34m0[0;34m1[0;34m0[0;34m0[0;34m0[0;34m1[0;34m0[0;34m1[0;34m0[0;34m0[0;34m0[0;34m0[0;34m0[0;34m1
[0m[0;34m1[0;34m0[0;34m1[0;34m1[0;34m1[0;34m1[0;34m1[0;34m0[0;34m1[0;34m0[0;34m1[0;34m1[0;34m1[0;34m0[0;34m1[0;34m1[0;34m1[0;34m1[0;34m1[0;34m1[0;34m1
[0m[0;34m1[0;34m0[0;34m1[0;34m0[0;34m0[0;34m0[0;34m0[0;34m0[0;34m1[0;34m0[0;34m1[0;34m0[0;34m1[0;34m0[0;34m0[0;34m0[0;34m0[0;34m0[0;34m1[0;34m0[0;34m1
[0m[0;34m1[0;34m0[0;34m1[0;34m0[0;34m1[0;34m1[0;34m1[0;34m1[0;34m1[0;34m0[0;34m1[0;34m0[0;34m1[0;34m1[0;34m1[0;34m1[0;34m1[0;34m0[0;34m1[0;34m0[0;34m1
[0m[0;34m1[0;34m0[0;34m1[0;34m0[0;34m1[0;34m0[0;34m0[0;34m0[0;34m1[0;34m0[0;34m1[0;34m0[0;34m1[0;34m0[0;34m0[0;34m0[0;34m1[0;34m0[0;34m1[0;34m0[0;34m1
[0m[0;34m1[0;34m0[0;34m1[0;34m1[0;34m1[0;34m0[0;34m1[0;34m0[0;34m1[0;34m0[0;34m1[0;34m0[0;34m1[0;34m0[0;34m1[0;34m0[0;34m1[0;34m0[0;34m1[0;34m0[0;34m1
[0m[0;34m1[0;34m0[0;34m0[0;34m0[0;34m0[0;34m0[0;34m1[0;34m0[0;34m1[0;34m0[0;34m1[0;34m0[0;34m0[0;34m0[0;34m1[0;34m0[0;34m1[0;34m0[0;34m0[0;34m0[0;34m1
[0m[0;34m1[0;34m1[0;34m1[0;34m1[0;34m1[0;34m1[0;34m1[0;34m0[0;34m1[0;34m0[0;34m1[0;34m1[0;34m1[0;34m1[0;34m1[0;34m0[0;34m1[0;34m1[0;34m1[0;34m0[0;34m1
[0m[0;34m1[0;34m0[0;34m0[0;34m0[0;34m0[0;34m0[0;34m1[0;34m0[0;34m1[0;34m0[0;34m0[0;34m0[0;34m1[0;34m0[0;34m0[0;34m0[0;34m1[0;34m0[0;34m0[0;34m0[0;34m1
[0m[0;34m1[0;34m0[0;34m1[0;34m1[0;34m1[0;34m0[0;34m1[0;34m0[0;34m1[0;34m1[0;34m1[0;34m0[0;34m1[0;34m0[0;34m1[0;34m1[0;34m1[0;34m0[0;34m1[0;34m1[0;34m1
[0m[0;34m1[0;34m0[0;34m1[0;34m0[0;34m0[0;34m0[0;34m1[0;34m0[0;34m0[0;34m0[0;34m0[0;34m0[0;34m1[0;34m0[0;34m0[0;34m0[0;34m1[0;34m0[0;34m1[0;34m0[0;34m1
[0m[0;34m1[0;34m0[0;34m1[0;34m0[0;34m1[0;34m1[0;34m1[0;34m1[0;34m1[0;34m1[0;34m1[0;34m1[0;34m1[0;34m1[0;34m1[0;34m0[0;34m1[0;34m0[0;34m1[0;34m0[0;34m1
[0m[0;34m1[0;34m0[0;34m0[0;34m0[0;34m1[0;34m0[0;34m0[0;34m0[0;34m0[0;34m0[0;34m0[0;34m0[0[0;32m[Debug info]üõ†Ô∏è  Map info üîç
[0m[0;32m[Debug info] - Map width:[0m21
[0;32m[Debug info] - Map height:[0m21
[0;32m[Debug info]üõ†Ô∏è  Starting player position info üîç
[0m[0;32m[Debug info] - Player X:[0m1
[0;32m[Debug info] - Player Y:[0m19
[0;32m[Debug info] - Player Direction:[0mN
[0;32m[Debug info]üõ†Ô∏è  Colors info c:  üîç
[0m[0;32m[Debug info]üõ†Ô∏è  Colors info f:  üîç
[0m[0;32m[Debug info]üõ†Ô∏è  Textures info:  üîç
[0m[0;32m[Debug info] Texture north:[0mtextures/test/north.xpm
[0;32m[Debug info] Texture south:[0mtextures/test/south.xpm
[0;32m[Debug info] Texture west:[0mtextures/test/west.xpm
[0;32m[Debug info] Texture east:[0mtextures/test/east.xpm
;34m0[0;34m0[0;34m0[0;34m0[0;34m1[0;34m0[0;34m0[0;34m0[0;34m1
[0m[0;34m1[0;34m0[0;34m1[0;34m0[0;34m1[0;34m0[0;34m1[0;34m1[0;34m1[0;34m0[0;34m1[0;34m1[0;34m1[0;34m1[0;34m1[0;34m1[0;34m1[0;34m1[0;34m1[0;34m0[0;34m1
[0m[0;34m1[0;34mN[0;34m1[0;34m0[0;34m0[0;34m0[0;34m0[0;34m0[0;34m1[0;34m0[0;34m0[0;34m0[0;34m0[0;34m0[0;34m0[0;34m0[0;34m0[0;34m0[0;34m0[0;34m0[0;34m1
[0m[0;34m1[0;34m1[0;34m1[0;34m1[0;34m1[0;34m1[0;34m1[0;34m1[0;34m1[0;34m1[0;34m1[0;34m1[0;34m1[0;34m1[0;34m1[0;34m1[0;34m1[0;34m1[0;34m1[0;34m1[0;34m1
[0m
[0m[0;34m1[0;34m5[0;34m3
[0m[0;34m2[0;34m0[0;34m4
[0m[0;34m2[0;34m5[0;34m5
[0m[0;34m1[0;34m6[0;34m4
[0m[0;34m1[0;34m6[0;34m9
[0m[0;34m2[0;34m0
[0m[0;34m1[0;34m1[0;34m1[0;34m1[0;34m1[0;34m1[0;34m1[0;34m1[0;34m1[0;34m1[0;34m1[0;34m1[0;34m1[0;34m1[0;34m1[0;34m1[0;34m1[0;34m1[0;34m1[0;34m1[0;34m1
[0m[0;34m1[0;34m0[0;34m1[0;34m0[0;34m0[0;34m0[0;34m0[0;34m0[0;34m1[0;34m0[0;34m0[0;34m0[0;34m0[0;34m0[0;34m0[0;34m0[0;34m0[0;34m0[0;34m0[0;34m0[0;34m1
[0m[0;34m1[0;34m0[0;34m1[0;34m0[0;34m1[0;34m0[0;34m1[0;34m0[0;34m1[0;34m0[0;34m1[0;34m1[0;34m1[0;34m1[0;34m1[0;34m1[0;34m1[0;34m0[0;34m0[0;34m0[0;34m1
[0m[0;34m1[0;34m0[0;34m0[0;34m0[0;34m1[0;34m0[0;34m1[0;34m0[0;34m0[0;34m0[0;34m1[0;34m0[0;34m0[0;34m0[0;34m0[0;34m0[0;34m1[0;34m0[0;34m0[0;34m0[0;34m1
[0m[0;34m1[0;34m1[0;34m1[0;34m1[0;34m1[0;34m0[0;34m1[0;34m0[0;34m1[0;34m1[0;34m1[0;34m1[0;34m1[0;34m0[0;34m1[0;34m0[0;34m1[0;34m1[0;34m1[0;34m0[0;34m1
[0m[0;34m1[0;34m0[0;34m0[0;34m0[0;34m0[0;34m0[0;34m1[0;34m0[0;34m1[0;34m0[0;34m0[0;34m0[0;34m1[0;34m0[0;34m1[0;34m0[0;34m0[0;34m0[0;34m0[0;34m0[0;34m1
[0m[0;34m1[0;34m0[0;34m1[0;34m1[0;34m1[0;34m1[0;34m1[0;34m0[0;34m1[0;34m0[0;34m1[0;34m1[0;34m1[0;34m0[0;34m1[0;34m1[0;34m1[0;34m1[0;34m1[0;34m1[0;34m1
[0m[0;34m1[0;34m0[0;34m1[0;34m0[0;34m0[0;34m0[0;34m0[0;34m0[0;34m1[0;34m0[0;34m1[0;34m0[0;34m1[0;34m0[0;34m0[0;34m0[0;34m0[0;34m0[0;34m1[0;34m0[0;34m1
[0m[0;34m1[0;34m0[0;34m1[0;34m0[0;34m1[0;34m1[0;34m1[0;34m1[0;34m1[0;34m0[0;34m1[0;34m0[0;34m1[0;34m1[0;34m1[0;34m1[0;34m1[0;34m0[0;34m1[0;34m0[0;34m1
[0m[0;34m1[0;34m0[0;34m1[0;34m0[0;34m1[0;34m0[0;34m0[0;34m0[0;34m1[0;34m0[0;34m1[0;34m0[0;34m1[0;34m0[0;34m0[0;34m0[0;34m1[0;34m0[0;34m1[0;34m0[0;34m1
[0m[0;34m1[0;34m0[0;34m1[0;34m1[0;34m1[0;34m0[0;34m1[0;34m0[0;34m1[0;34m0[0;34m1[0;34m0[0;34m1[0;34m0[0;34m1[0;34m0[0;34m1[0;34m0[0;34m1[0;34m0[0;34m1
[0m[0;34m1[0;34m0[0;34m0[0;34m0[0;34m0[0;34m0[0;34m1[0;34m0[0;34m1[0;34m0[0;34m1[0;34m0[0;34m0[0;34m0[0;34m1[0;34m0[0;34m1[0;34m0[0;34m0[0;34m0[0;34m1
[0m[0;34m1[0;34m1[0;34m1[0;34m1[0;34m1[0;34m1[0;34m1[0;34m0[0;34m1[0;34m0[0;34m1[0;34m1[0;34m1[0;34m1[0;34m1[0;34m0[0;34m1[0;34m1[0;34m1[0;34m0[0;34m1
[0m[0;34m1[0;34m0[0;34m0[0;34m0[0;34m0[0;34m0[0;34m1[0;34m0[0;34m1[0;34m0[0;34m0[0;34m0[0;34m1[0;34m0[0;34m0[0;34m0[0;34m1[0;34m0[0;34m0[0;34m0[0;34m1
[0m[0;34m1[0;34m0[0;34m1[0;34m1[0;34m1[0;34m0[0;34m1[0;34m0[0;34m1[0;34m1[0;34m1[0;34m0[0;34m1[0;34m0[0;34m1[0;34m1[0;34m1[0;34m0[0;34m1[0;34m1[0;34m1
[0m[0;34m1[0;34m0[0;34m1[0;34m0[0;34m0[0;34m0[0;34m1[0;34m0[0;34m0[0;34m0[0;34m0[0;34m0[0;34m1[0;34m0[0;34m0[0;34m0[0;34m1[0;34m0[0;34m1[0;34m0[0;34m1
[0m[0;34m1[0;34m0[0;34m1[0;34m0[0;34m1[0;34m1[0;34m1[0;34m1[0;34m1[0;34m1[0;34m1[0;34m1[0;34m1[0;34m1[0;34m1[0;34m0[0;34m1[0;34m0[0;34m1[0;34m0[0;34m1
[0m[0;34m1[0;34m0[0;34m0[0;34m0[0;34m1[0;34m0[0;34m0[0;34m0[0;34m0[0;34m0[0;34m0[0;34m0[0;34m0[0;34m0[0;34m0[0;34m0[0;34m1[0;34m0[0;34m0[0;34m0[0;34m1
[0m[0;34m1[0;34m0[0;34m1[0;34m0[0;34m1[0;34m0[0;34m1[0;34m1[0;34m1[0;34m0[0;34m1[0;34m1[0;34m1[0;34m1[0;34m1[0;34m1[0;34m1[0;34m1[0;34m1[0;34m0[0;34m1
[0m[0;34m1[0;34mN[0;34m1[0;34m0[0;34m0[0;34m0[0;34m0[0;34m0[0;34m1[0;34m0[0;34m0[0;34m0[0;34m0[0;34m0[0;34m0[0;34m0[0;34m0[0;34m0[0;34m0[0;34m0[0;34m1
[0m[0;34m1[0;34m1[0;34m1[0;34m1[0;34m1[0;34m1[0;34m1[0;34m1[0;34m1[0;34m1[0;34m1[0;34m1[0;34m1[0;34m1[0;34m1[0;34m1[0;34m1[0;34m1[0;34m1[0;34m1[0;34m1
[0mExit code: 0
‚ö†Ô∏è No Valgrind alerts, but with leaks[0m  
==10553== Memcheck, a memory error detector
==10553== Copyright (C) 2002-2022, and GNU GPL'd, by Julian Seward et al.
==10553== Using Valgrind-3.22.0 and LibVEX; rerun with -h for copyright info
==10553== Command: ./cub3d ./maps/good/cheese_maze.cub
==10553== Parent PID: 10551
==10553== 
==10553== 
==10553== HEAP SUMMARY:
==10553==     in use at exit: 1,718 bytes in 67 blocks
==10553==   total heap usage: 210 allocs, 143 frees, 12,286 bytes allocated
==10553== 
==10553== LEAK SUMMARY:
==10553==    definitely lost: 605 bytes in 10 blocks
==10553==    indirectly lost: 1,113 bytes in 57 blocks
==10553==      possibly lost: 0 bytes in 0 blocks
==10553==    still reachable: 0 bytes in 0 blocks
==10553==         suppressed: 0 bytes in 0 blocks
==10553== Rerun with --leak-check=full to see details of leaked memory
==10553== 
==10553== For lists of detected and suppressed errors, rerun with: -s
==10553== ERROR SUMMARY: 0 errors from 0 contexts (suppressed: 0 from 0)
Running valgrind on ./maps/good/creepy.cub...

[0;32m[Debug info]üõ†Ô∏è  Map info üîç
[0m[0;32m[Debug info] - Map width:[0m15
[0;32m[Debug info] - Map height:[0m13
[0;32m[Debug info]üõ†Ô∏è  Starting player position info üîç
[0m[0;32m[Debug info] - Player X:[0m7
[0;32m[Debug info] - Player Y:[0m3
[0;32m[Debug info] - Player Direction:[0mN
[0;32m[Debug info]üõ†Ô∏è  Colors info c:  üîç
[0m[0;32m[Debug info]üõ†Ô∏è  Colors info f:  üîç
[0m[0;32m[Debug info]üõ†Ô∏è  Textures info:  üîç
[0m[0;32m[Debug info] Texture north:[0mtextures/test/north.xpm
[0;32m[Debug info] Texture south:[0mtextures/test/south.xpm
[0;32m[Debug info] Texture west:[0mtextures/test/west.xpm
[0;32m[Debug info] Texture east:[0mtextures/test/east.xpm
[0;34mN[0;34mO[0;34m [0;34mt[0;34me[0;34mx[0;34mt[0;34mu[0;34mr[0;34me[0;34ms[0;34m/[0;34mt[0;34me[0;34ms[0;34mt[0;34m/[0;34mn[0;34mo[0;34mr[0;34mt[0;34mh[0;34m.[0;34mx[0;34mp[0;34mm
[0m[0;34mS[0;34mO[0;34m [0;34mt[0;34me[0;34mx[0;34mt[0;34mu[0;34mr[0;34me[0;34ms[0;34m/[0;34mt[0;34me[0;34ms[0;34mt[0;34m/[0;34ms[0;34mo[0;34mu[0;34mt[0;34mh[0;34m.[0;34mx[0;34mp[0;34mm
[0m[0;34mW[0;34mE[0;34m [0;34mt[0;34me[0;34mx[0;34mt[0;34mu[0;34mr[0;34me[0;34ms[0;34m/[0;34mt[0;34me[0;34ms[0;34mt[0;34m/[0;34mw[0;34me[0;34ms[0;34mt[0;34m.[0;34mx[0;34mp[0;34mm
[0m[0;34mE[0;34mA[0;34m [0;34mt[0;34me[0;34mx[0;34mt[0;34mu[0;34mr[0;34me[0;34ms[0;34m/[0;34mt[0;34me[0;34ms[0;34mt[0;34m/[0;34me[0;34ma[0;34ms[0;34mt[0;34m.[0;34mx[0;34mp[0;34mm
[0m
[0m[0;34mC[0;34m [0;34m3[0;34m5[0;34m,[0;34m1[0;34m9[0;34m,[0;34m7[0;34m3
[0m[0;34mF[0;34m [0;34m1[0;34m5[0;34m,[0;34m6[0;34m,[0;34m4[0;34m0
[0m
[0m[0;34m1[0;34m1[0;34m1[0;34m1[0;34m1[0;34m1[0;34m1[0;34m1[0;34m1[0;34m1[0;34m1[0;34m1[0;34m1[0;34m1[0;34m1
[0m[0;34m1[0;34m1[0;34m1[0;34m1[0;34m1[0;34m1[0;34m0[0;34m0[0;34m0[0;34m1[0;34m1[0;34m1[0;34m1[0;34m1[0;34m1
[0m[0;34m1[0;34m1[0;34m1[0;34m1[0;34m1[0;34m0[0;34m0[0;34m0[0;34m0[0;34m0[0;34m1[0;34m1[0;34m1[0;34m1[0;34m1
[0m[0;34m1[0;34m1[0;34m1[0;34m1[0;34m0[0;34m0[0;34m0[0;34mN[0;34m0[0;34m0[0;34m0[0;34m1[0;34m1[0;34m1[0;34m1
[0m[0;34m1[0;34m1[0;34m1[0;34m0[0;34m0[0;34m0[0;34m0[0;34m0[0;34m0[0;34m0[0;34m0[0;34m0[0;34m1[0;34m1[0;34m1
[0m[0;34m1[0;34m1[0;34m0[0;34m0[0;34m0[0;34m0[0;34m0[0;34m0[0;34m0[0;34m0[0;34m0[0;34m0[0;34m0[0;34m1[0;34m1
[0m[0;34m1[0;34m0[0;34m0[0;34m0[0;34m0[0;34m1[0;34m1[0;34m1[0;34m1[0;34m1[0;34m0[0;34m0[0;34m0[0;34m0[0;34m1
[0m[0;34m1[0;34m1[0;34m0[0;34m0[0;34m0[0;34m0[0;34m1[0;34m1[0;34m1[0;34m0[0;34m0[0;34m0[0;34m0[0;34m1[0;34m1
[0m[0;34m1[0;34m1[0;34m1[0;34m0[0;34m0[0;34m0[0;34m0[0;34m1[0;34m0[0;34m0[0;34m0[0;34m0[0;34m1[0;34m1[0;34m1
[0m[0;34m1[0;34m1[0;34m1[0;34m1[0;34m0[0;34m0[0;34m0[0;34m0[0;34m0[0;34m0[0;34m0[0;34m1[0;34m1[0;34m1[0;34m1
[0m[0;34m1[0;34m1[0;34m1[0;34m1[0;34m1[0;34m0[0;34m0[0;34m0[0;34m0[0;34m0[0;34m1[0;34m1[0;34m1[0;34m1[0;34m1
[0m[0;34m1[0;34m1[0;34m1[0;34m1[0;34m1[0;34m1[0;34m0[0;34m0[0;34m0[0;34m1[0;34m1[0;34m1[0;34m1[0;34m1[0;34m1
[0m[0;34m1[0;34m1[0;34m1[0;34m1[0;34m1[0;34m1[0;34m1[0;34m1[0;34m1[0;34m1[0;34m1[0;34m1[0;34m1[0;34m1[0;34m1
[0m
[0m[0;34m3[0;34m5
[0m[0;34m1[0;34m9
[0m[0;34m7[0;34m3
[0m[0;34m1[0;34m5
[0m[0;34m6
[0m[0;34m4[0;34m0
[0m[0;34m1[0;34m1[0;34m1[0;34m1[0;34m1[0;34m1[0;34m1[0;34m1[0;34m1[0;34m1[0;34m1[0;34m1[0;34m1[0;34m1[0;34m1
[0m[0;34m1[0;34m1[0;34m1[0;34m1[0;34m1[0;34m1[0;34m0[0;34m0[0;34m0[0;34m1[0;34m1[0;34m1[0;34m1[0;34m1[0;34m1
[0m[0;34m1[0;34m1[0;34m1[0;34m1[0;34m1[0;34m0[0;34m0[0;34m0[0;34m0[0;34m0[0;34m1[0;34m1[0;34m1[0;34m1[0;34m1
[0m[0;34m1[0;34m1[0;34m1[0;34m1[0;34m0[0;34m0[0;34m0[0;34mN[0;34m0[0;34m0[0;34m0[0;34m1[0;34m1[0;34m1[0;34m1
[0m[0;34m1[0;34m1[0;34m1[0;34m0[0;34m0[0;34m0[0;34m0[0;34m0[0;34m0[0;34m0[0;34m0[0;34m0[0;34m1[0;34m1[0;34m1
[0m[0;34m1[0;34m1[0;34m0[0;34m0[0;34m0[0;34m0[0;34m0[0;34m0[0;34m0[0;34m0[0;34m0[0;34m0[0;34m0[0;34m1[0;34m1
[0m[0;34m1[0;34m0[0;34m0[0;34m0[0;34m0[0;34m1[0;34m1[0;34m1[0;34m1[0;34m1[0;34m0[0;34m0[0;34m0[0;34m0[0;34m1
[0m[0;34m1[0;34m1[0;34m0[0;34m0[0;34m0[0;34m0[0;34m1[0;34m1[0;34m1[0;34m0[0;34m0[0;34m0[0;34m0[0;34m1[0;34m1
[0m[0;34m1[0;34m1[0;34m1[0;34m0[0;34m0[0;34m0[0;34m0[0;34m1[0;34m0[0;34m0[0;34m0[0;34m0[0;34m1[0;34m1[0;34m1
[0m[0;34m1[0;34m1[0;34m1[0;34m1[0;34m0[0;34m0[0;34m0[0;34m0[0;34m0[0;34m0[0;34m0[0;34m1[0;34m1[0;34m1[0;34m1
[0m[0;34m1[0;34m1[0;34m1[0;34m1[0;34m1[0;34m0[0;34m0[0;34m0[0;34m0[0;34m0[0;34m1[0;34m1[0;34m1[0;34m1[0;34m1
[0m[0;34m1[0;34m1[0;34m1[0;34m1[0;34m1[0;34m1[0;34m0[0;34m0[0;34m0[0;34m1[0;34m1[0;34m1[0;34m1[0;34m1[0;34m1
[0m[0;34m1[0;34m1[0;34m1[0;34m1[0;34m1[0;34m1[0;34m1[0;34m1[0;34m1[0;34m1[0;34m1[0;34m1[0;34m1[0;34m1[0;34m1
[0mExit code: 0
‚ö†Ô∏è No Valgrind alerts, but with leaks[0m  
==10556== Memcheck, a memory error detector
==10556== Copyright (C) 2002-2022, and GNU GPL'd, by Julian Seward et al.
==10556== Using Valgrind-3.22.0 and LibVEX; rerun with -h for copyright info
==10556== Command: ./cub3d ./maps/good/creepy.cub
==10556== Parent PID: 10551
==10556== 
==10556== 
==10556== HEAP SUMMARY:
==10556==     in use at exit: 1,056 bytes in 51 blocks
==10556==   total heap usage: 152 allocs, 101 frees, 8,990 bytes allocated
==10556== 
==10556== LEAK SUMMARY:
==10556==    definitely lost: 471 bytes in 10 blocks
==10556==    indirectly lost: 585 bytes in 41 blocks
==10556==      possibly lost: 0 bytes in 0 blocks
==10556==    still reachable: 0 bytes in 0 blocks
==10556==         suppressed: 0 bytes in 0 blocks
==10556== Rerun with --leak-check=full to see details of leaked memory
==10556== 
==10556== For lists of detected and suppressed errors, rerun with: -s
==10556== ERROR SUMMARY: 0 errors from 0 contexts (suppressed: 0 from 0)
Running valgrind on ./maps/good/dungeon.cub...

[0;32m[Debug info]üõ†Ô∏è  Map info üîç
[0m[0;32m[Debug info] - Map width:[0m19
[0;32m[Debug info] - Map height:[0m10
[0;32m[Debug info]üõ†Ô∏è  Starting player position info üîç
[0m[0;32m[Debug info] - Player X:[0m2
[0;32m[Debug info] - Player Y:[0m1
[0;32m[Debug info] - Player Direction:[0mW
[0;32m[Debug info]üõ†Ô∏è  Colors info c:  üîç
[0m[0;32m[Debug info]üõ†Ô∏è  Colors info f:  üîç
[0m[0;32m[Debug info]üõ†Ô∏è  Textures info:  üîç
[0m[0;32m[Debug info] Texture north:[0mtextures/test/north.xpm
[0;32m[Debug info] Texture south:[0mtextures/test/south.xpm
[0;32m[Debug info] Texture west:[0mtextures/test/west.xpm
[0;32m[Debug info] Texture east:[0mtextures/test/east.xpm
[0;34mF[0;34m [0;34m7[0;34m6[0;34m,[0;34m7[0;34m6[0;34m,[0;34m7[0;34m6
[0m[0;34mC[0;34m [0;34m9[0;34m9[0;34m,[0;34m9[0;34m9[0;34m,[0;34m9[0;34m9
[0m
[0m[0;34mN[0;34mO[0;34m [0;34mt[0;34me[0;34mx[0;34mt[0;34mu[0;34mr[0;34me[0;34ms[0;34m/[0;34mt[0;34me[0;34ms[0;34mt[0;34m/[0;34mn[0;34mo[0;34mr[0;34mt[0;34mh[0;34m.[0;34mx[0;34mp[0;34mm
[0m[0;34mS[0;34mO[0;34m [0;34mt[0;34me[0;34mx[0;34mt[0;34mu[0;34mr[0;34me[0;34ms[0;34m/[0;34mt[0;34me[0;34ms[0;34mt[0;34m/[0;34ms[0;34mo[0;34mu[0;34mt[0;34mh[0;34m.[0;34mx[0;34mp[0;34mm
[0m[0;34mW[0;34mE[0;34m [0;34mt[0;34me[0;34mx[0;34mt[0;34mu[0;34mr[0;34me[0;34ms[0;34m/[0;34mt[0;34me[0;34ms[0;34mt[0;34m/[0;34mw[0;34me[0;34ms[0;34mt[0;34m.[0;34mx[0;34mp[0;34mm
[0m[0;34mE[0;34mA[0;34m [0;34mt[0;34me[0;34mx[0;34mt[0;34mu[0;34mr[0;34me[0;34ms[0;34m/[0;34mt[0;34me[0;34ms[0;34mt[0;34m/[0;34me[0;34ma[0;34ms[0;34mt[0;34m.[0;34mx[0;34mp[0;34mm
[0m
[0m[0;34m1[0;34m1[0;34m1[0;34m1[0;34m1[0;34m1[0;34m1[0;34m1[0;34m1[0;34m1[0;34m1[0;34m1[0;34m1[0;34m1[0;34m1[0;34m1[0;34m1[0;34m1[0;34m1
[0m[0;34m1[0;34m0[0;34mW[0;34m1[0;34m0[0;34m0[0;34m1[0;34m0[0;34m0[0;34m1[0;34m0[0;34m0[0;34m1[0;34m0[0;34m0[0;34m0[0;34m0[0;34m0[0;34m1
[0m[0;34m1[0;34m0[0;34m1[0;34m1[0;34m0[0;34m0[0;34m0[0;34m0[0;34m0[0;34m1[0;34m0[0;34m0[0;34m0[0;34m0[0;34m0[0;34m1[0;34m0[0;34m0[0;34m1
[0m[0;34m1[0;34m0[0;34m0[0;34m1[0;34m0[0;34m0[0;34m1[0;34m0[0;34m0[0;34m1[0;34m1[0;34m1[0;34m1[0;34m1[0;34m0[0;34m1[0;34m1[0;34m1[0;34m1
[0m[0;34m1[0;34m0[0;34m0[0;34m1[0;34m1[0;34m1[0;34m1[0;34m0[0;34m0[0;34m0[0;34m0[0;34m0[0;34m1[0;34m0[0;34m0[0;34m1[0;34m0[0;34m0[0;34m1
[0m[0;34m1[0;34m0[0;34m0[0;34m0[0;34m0[0;34m0[0;34m0[0;34m0[0;34m0[0;34m0[0;34m0[0;34m0[0;34m0[0;34m0[0;34m0[0;34m1[0;34m0[0;34m0[0;34m1
[0m[0;34m1[0;34m0[0;34m0[0;34m1[0;34m1[0;34m1[0;34m1[0;34m1[0;34m1[0;34m1[0;34m1[0;34m1[0;34m1[0;34m0[0;34m0[0;34m1[0;34m0[0;34m0[0;34m1
[0m[0;34m1[0;34m1[0;34m1[0;34m1[0;34m0[0;34m0[0;34m0[0;34m0[0;34m0[0;34m0[0;34m0[0;34m0[0;34m0[0;34m0[0;34m0[0;34m1[0;34m0[0;34m1[0;34m1
[0m[0;34m1[0;34m0[0;34m0[0;34m0[0;34m0[0;34m0[0;34m0[0;34m0[0;34m0[0;34m1[0;34m0[0;34m0[0;34m0[0;34m0[0;34m0[0;34m0[0;34m0[0;34m0[0;34m1
[0m[0;34m1[0;34m1[0;34m1[0;34m1[0;34m1[0;34m1[0;34m1[0;34m1[0;34m1[0;34m1[0;34m1[0;34m1[0;34m1[0;34m1[0;34m1[0;34m1[0;34m1[0;34m1[0;34m1
[0m
[0m[0;34m9[0;34m9
[0m[0;34m9[0;34m9
[0m[0;34m9[0;34m9
[0m[0;34m7[0;34m6
[0m[0;34m7[0;34m6
[0m[0;34m7[0;34m6
[0m[0;34m1[0;34m1[0;34m1[0;34m1[0;34m1[0;34m1[0;34m1[0;34m1[0;34m1[0;34m1[0;34m1[0;34m1[0;34m1[0;34m1[0;34m1[0;34m1[0;34m1[0;34m1[0;34m1
[0m[0;34m1[0;34m0[0;34mW[0;34m1[0;34m0[0;34m0[0;34m1[0;34m0[0;34m0[0;34m1[0;34m0[0;34m0[0;34m1[0;34m0[0;34m0[0;34m0[0;34m0[0;34m0[0;34m1
[0m[0;34m1[0;34m0[0;34m1[0;34m1[0;34m0[0;34m0[0;34m0[0;34m0[0;34m0[0;34m1[0;34m0[0;34m0[0;34m0[0;34m0[0;34m0[0;34m1[0;34m0[0;34m0[0;34m1
[0m[0;34m1[0;34m0[0;34m0[0;34m1[0;34m0[0;34m0[0;34m1[0;34m0[0;34m0[0;34m1[0;34m1[0;34m1[0;34m1[0;34m1[0;34m0[0;34m1[0;34m1[0;34m1[0;34m1
[0m[0;34m1[0;34m0[0;34m0[0;34m1[0;34m1[0;34m1[0;34m1[0;34m0[0;34m0[0;34m0[0;34m0[0;34m0[0;34m1[0;34m0[0;34m0[0;34m1[0;34m0[0;34m0[0;34m1
[0m[0;34m1[0;34m0[0;34m0[0;34m0[0;34m0[0;34m0[0;34m0[0;34m0[0;34m0[0;34m0[0;34m0[0;34m0[0;34m0[0;34m0[0;34m0[0;34m1[0;34m0[0;34m0[0;34m1
[0m[0;34m1[0;34m0[0;34m0[0;34m1[0;34m1[0;34m1[0;34m1[0;34m1[0;34m1[0;34m1[0;34m1[0;34m1[0;34m1[0;34m0[0;34m0[0;34m1[0;34m0[0;34m0[0;34m1
[0m[0;34m1[0;34m1[0;34m1[0;34m1[0;34m0[0;34m0[0;34m0[0;34m0[0;34m0[0;34m0[0;34m0[0;34m0[0;34m0[0;34m0[0;34m0[0;34m1[0;34m0[0;34m1[0;34m1
[0m[0;34m1[0;34m0[0;34m0[0;34m0[0;34m0[0;34m0[0;34m0[0;34m0[0;34m0[0;34m1[0;34m0[0;34m0[0;34m0[0;34m0[0;34m0[0;34m0[0;34m0[0;34m0[0;34m1
[0m[0;34m1[0;34m1[0;34m1[0;34m1[0;34m1[0;34m1[0;34m1[0;34m1[0;34m1[0;34m1[0;34m1[0;34m1[0;34m1[0;34m1[0;34m1[0;34m1[0;34m1[0;34m1[0;34m1
[0mExit code: 0
‚ö†Ô∏è No Valgrind alerts, but with leaks[0m  
==10583== Memcheck, a memory error detector
==10583== Copyright (C) 2002-2022, and GNU GPL'd, by Julian Seward et al.
==10583== Using Valgrind-3.22.0 and LibVEX; rerun with -h for copyright info
==10583== Command: ./cub3d ./maps/good/dungeon.cub
==10583== Parent PID: 10551
==10583== 
==10583== 
==10583== HEAP SUMMARY:
==10583==     in use at exit: 992 bytes in 45 blocks
==10583==   total heap usage: 133 allocs, 88 frees, 8,232 bytes allocated
==10583== 
==10583== LEAK SUMMARY:
==10583==    definitely lost: 424 bytes in 10 blocks
==10583==    indirectly lost: 568 bytes in 35 blocks
==10583==      possibly lost: 0 bytes in 0 blocks
==10583==    still reachable: 0 bytes in 0 blocks
==10583==         suppressed: 0 bytes in 0 blocks
==10583== Rerun with --leak-check=full to see details of leaked memory
==10583== 
==10583== For lists of detected and suppressed errors, rerun with: -s
==10583== ERROR SUMMARY: 0 errors from 0 contexts (suppressed: 0 from 0)
Running valgrind on ./maps/good/library.cub...

[0;32m[Debug info]üõ†Ô∏è  Map info üîç
[0m[0;32m[Debug info] - Map width:[0m19
[0;32m[Debug info] - Map height:[0m10
[0;32m[Debug info]üõ†Ô∏è  Starting player position info üîç
[0m[0;32m[Debug info] - Player X:[0m9
[0;32m[Debug info] - Player Y:[0m5
[0;32m[Debug info] - Player Direction:[0mS
[0;32m[Debug info]üõ†Ô∏è  Colors info c:  üîç
[0m[0;32m[Debug info]üõ†Ô∏è  Colors info f:  üîç
[0m[0;32m[Debug info]üõ†Ô∏è  Textures info:  üîç
[0m[0;32m[Debug info] Texture north:[0mtextures/test/north.xpm
[0;32m[Debug info] Texture south:[0mtextures/test/south.xpm
[0;32m[Debug info] Texture west:[0mtextures/test/west.xpm
[0;32m[Debug info] Texture east:[0mtextures/test/east.xpm
[0;34mF[0;34m [0;34m1[0;34m3[0;34m9[0;34m,[0;34m9[0;34m9[0;34m,[0;34m5[0;34m8
[0m[0;34mC[0;34m [0;34m1[0;34m7[0;34m1[0;34m,[0;34m1[0;34m5[0;34m4[0;34m,[0;34m1[0;34m3[0;34m7
[0m
[0m[0;34mN[0;34mO[0;34m [0;34mt[0;34me[0;34mx[0;34mt[0;34mu[0;34mr[0;34me[0;34ms[0;34m/[0;34mt[0;34me[0;34ms[0;34mt[0;34m/[0;34mn[0;34mo[0;34mr[0;34mt[0;34mh[0;34m.[0;34mx[0;34mp[0;34mm
[0m[0;34mS[0;34mO[0;34m [0;34mt[0;34me[0;34mx[0;34mt[0;34mu[0;34mr[0;34me[0;34ms[0;34m/[0;34mt[0;34me[0;34ms[0;34mt[0;34m/[0;34ms[0;34mo[0;34mu[0;34mt[0;34mh[0;34m.[0;34mx[0;34mp[0;34mm
[0m[0;34mW[0;34mE[0;34m [0;34mt[0;34me[0;34mx[0;34mt[0;34mu[0;34mr[0;34me[0;34ms[0;34m/[0;34mt[0;34me[0;34ms[0;34mt[0;34m/[0;34mw[0;34me[0;34ms[0;34mt[0;34m.[0;34mx[0;34mp[0;34mm
[0m[0;34mE[0;34mA[0;34m [0;34mt[0;34me[0;34mx[0;34mt[0;34mu[0;34mr[0;34me[0;34ms[0;34m/[0;34mt[0;34me[0;34ms[0;34mt[0;34m/[0;34me[0;34ma[0;34ms[0;34mt[0;34m.[0;34mx[0;34mp[0;34mm
[0m
[0m[0;34m1[0;34m1[0;34m1[0;34m1[0;34m1[0;34m1[0;34m1[0;34m1[0;34m1[0;34m1[0;34m1[0;34m1[0;34m1[0;34m1[0;34m1[0;34m1[0;34m1[0;34m1[0;34m1
[0m[0;34m1[0;34m0[0;34m0[0;34m1[0;34m0[0;34m0[0;34m1[0;34m0[0;34m0[0;34m1[0;34m0[0;34m0[0;34m1[0;34m0[0;34m0[0;34m1[0;34m0[0;34m0[0;34m1
[0m[0;34m1[0;34m0[0;34m0[0;34m1[0;34m0[0;34m0[0;34m1[0;34m0[0;34m0[0;34m1[0;34m0[0;34m0[0;34m1[0;34m0[0;34m0[0;34m1[0;34m0[0;34m0[0;34m1
[0m[0;34m1[0;34m0[0;34m0[0;34m1[0;34m0[0;34m0[0;34m1[0;34m0[0;34m0[0;34m1[0;34m0[0;34m0[0;34m1[0;34m0[0;34m0[0;34m1[0;34m0[0;34m0[0;34m1
[0m[0;34m1[0;34m0[0;34m0[0;34m1[0;34m0[0;34m0[0;34m1[0;34m0[0;34m0[0;34m0[0;34m0[0;34m0[0;34m1[0;34m0[0;34m0[0;34m1[0;34m0[0;34m0[0;34m1
[0m[0;34m1[0;34m0[0;34m0[0;34m0[0;34m0[0;34m0[0;34m0[0;34m0[0;34m0[0;34mS[0;34m0[0;34m0[0;34m0[0;34m0[0;34m0[0;34m0[0;34m0[0;34m0[0;34m1
[0m[0;34m1[0;34m0[0;34m0[0;34m0[0;34m0[0;34m1[0;34m1[0;34m1[0;34m1[0;34m1[0;34m1[0;34m1[0;34m1[0;34m0[0;34m0[0;34m0[0;34m0[0;34m0[0;34m1
[0m[0;34m1[0;34m1[0;34m1[0;34m1[0;34m0[0;34m0[0;34m0[0;34m0[0;34m0[0;34m0[0;34m0[0;34m0[0;34m0[0;34m0[0;34m0[0;34m1[0;34m1[0;34m1[0;34m1
[0m[0;34m1[0;34m0[0;34m0[0;34m0[0;34m0[0;34m0[0;34m0[0;34m1[0;34m0[0;34m1[0;34m0[0;34m1[0;34m0[0;34m0[0;34m0[0;34m0[0;34m0[0;34m0[0;34m1
[0m[0;34m1[0;34m1[0;34m1[0;34m1[0;34m1[0;34m1[0;34m1[0;34m1[0;34m1[0;34m1[0;34m1[0;34m1[0;34m1[0;34m1[0;34m1[0;34m1[0;34m1[0;34m1[0;34m1
[0m
[0m[0;34m1[0;34m7[0;34m1
[0m[0;34m1[0;34m5[0;34m4
[0m[0;34m1[0;34m3[0;34m7
[0m[0;34m1[0;34m3[0;34m9
[0m[0;34m9[0;34m9
[0m[0;34m5[0;34m8
[0m[0;34m1[0;34m1[0;34m1[0;34m1[0;34m1[0;34m1[0;34m1[0;34m1[0;34m1[0;34m1[0;34m1[0;34m1[0;34m1[0;34m1[0;34m1[0;34m1[0;34m1[0;34m1[0;34m1
[0m[0;34m1[0;34m0[0;34m0[0;34m1[0;34m0[0;34m0[0;34m1[0;34m0[0;34m0[0;34m1[0;34m0[0;34m0[0;34m1[0;34m0[0;34m0[0;34m1[0;34m0[0;34m0[0;34m1
[0m[0;34m1[0;34m0[0;34m0[0;34m1[0;34m0[0;34m0[0;34m1[0;34m0[0;34m0[0;34m1[0;34m0[0;34m0[0;34m1[0;34m0[0;34m0[0;34m1[0;34m0[0;34m0[0;34m1
[0m[0;34m1[0;34m0[0;34m0[0;34m1[0;34m0[0;34m0[0;34m1[0;34m0[0;34m0[0;34m1[0;34m0[0;34m0[0;34m1[0;34m0[0;34m0[0;34m1[0;34m0[0;34m0[0;34m1
[0m[0;34m1[0;34m0[0;34m0[0;34m1[0;34m0[0;34m0[0;34m1[0;34m0[0;34m0[0;34m0[0;34m0[0;34m0[0;34m1[0;34m0[0;34m0[0;34m1[0;34m0[0;34m0[0;34m1
[0m[0;34m1[0;34m0[0;34m0[0;34m0[0;34m0[0;34m0[0;34m0[0;34m0[0;34m0[0;34mS[0;34m0[0;34m0[0;34m0[0;34m0[0;34m0[0;34m0[0;34m0[0;34m0[0;34m1
[0m[0;34m1[0;34m0[0;34m0[0;34m0[0;34m0[0;34m1[0;34m1[0;34m1[0;34m1[0;34m1[0;34m1[0;34m1[0;34m1[0;34m0[0;34m0[0;34m0[0;34m0[0;34m0[0;34m1
[0m[0;34m1[0;34m1[0;34m1[0;34m1[0;34m0[0;34m0[0;34m0[0;34m0[0;34m0[0;34m0[0;34m0[0;34m0[0;34m0[0;34m0[0;34m0[0;34m1[0;34m1[0;34m1[0;34m1
[0m[0;34m1[0;34m0[0;34m0[0;34m0[0;34m0[0;34m0[0;34m0[0;34m1[0;34m0[0;34m1[0;34m0[0;34m1[0;34m0[0;34m0[0;34m0[0;34m0[0;34m0[0;34m0[0;34m1
[0m[0;34m1[0;34m1[0;34m1[0;34m1[0;34m1[0;34m1[0;34m1[0;34m1[0;34m1[0;34m1[0;34m1[0;34m1[0;34m1[0;34m1[0;34m1[0;34m1[0;34m1[0;34m1[0;34m1
[0mExit code: 0
‚ö†Ô∏è No Valgrind alerts, but with leaks[0m  
==10586== Memcheck, a memory error detector
==10586== Copyright (C) 2002-2022, and GNU GPL'd, by Julian Seward et al.
==10586== Using Valgrind-3.22.0 and LibVEX; rerun with -h for copyright info
==10586== Command: ./cub3d ./maps/good/library.cub
==10586== Parent PID: 10551
==10586== 
==10586== 
==10586== HEAP SUMMARY:
==10586==     in use at exit: 1,004 bytes in 45 blocks
==10586==   total heap usage: 133 allocs, 88 frees, 8,285 bytes allocated
==10586== 
==10586== LEAK SUMMARY:
==10586==    definitely lost: 428 bytes in 10 blocks
==10586==    indirectly lost: 576 bytes in 35 blocks
==10586==      possibly lost: 0 bytes in 0 blocks
==10586==    still reachable: 0 bytes in 0 blocks
==10586==         suppressed: 0 bytes in 0 blocks
==10586== Rerun with --leak-check=full to see details of leaked memory
==10586== 
==10586== For lists of detected and suppressed errors, rerun with: -s
==10586== ERROR SUMMARY: 0 errors from 0 contexts (suppressed: 0 from 0)
Running valgrind on ./maps/good/matrix.cub...

[0;34mN[0;34mO[0;34m [0;34mt[0;34me[0;34mx[0;34mt[0;34mu[0;34mr[0;34me[0;34ms[0;34m/[0;34mt[0;34me[0;34ms[0;34mt[0;34m/[0;34mn[0;34mo[0;34mr[0;34mt[0;34mh[0;34m.[0;34mx[0;34mp[0;34mm
[0m[0;34mS[0;34mO[0;34m [0;34mt[0;34me[0;34mx[0;34mt[0;34mu[0;34mr[0;34me[0;34ms[0;34m/[0;34mt[0;34me[0;34ms[0;34mt[0;34m/[0;34ms[0;34mo[0;34mu[0;34mt[0;34mh[0;34m.[0;34mx[0;34mp[0;34mm
[0m[0;34mW[0;34mE[0;34m [0;34mt[0;34me[0;34mx[0;34mt[0;34mu[0;34mr[0;34me[0;34ms[0;34m/[0;34mt[0;34me[0;34ms[0;34mt[0;34m/[0;34mw[0;34me[0;34ms[0;34mt[0;34m.[0;34mx[0;34mp[0;34mm
[0m[0;34mE[0;34mA[0;34m [0;34mt[0;34me[0;34mx[0;34mt[0;34mu[0;34mr[0;34me[0;34ms[0;34m/[0;34mt[0;34me[0;34ms[0;34mt[0;34m/[0;34me[0;34ma[0;34ms[0;34mt[0;34m.[0;34mx[0;34mp[0;34mm
[0m
[0m[0;34mF[0;34m [0;34m0[0;34m,[0;34m0[0;34m,[0;34m0
[0m[0;34mC[0;34m [0;34m0[0;34m,[0;34m0[0;34m,[0;34m0
[0m
[0m[0;34m1[0;34m1[0;34m1[0;34m1[0;34m1[0;34m1[0;34m1[0;34m1[0;34m1[0;34m1[0;34m1[0;34m1[0;34m1[0;34m1[0;34m1[0;34m1[0;34m1[0;34m1[0;34m1[0;34m1[0;34m1
[0m[0;34m1[0;34m0[0;34m1[0;34m0[0;34m0[0;34m0[0;34m0[0;34m0[0;34m1[0;34m0[0;34m0[0;34m0[0;34m0[0;34m0[0;34m0[0;34m0[0;34m0[0;34m0[0;34m0[0;34m0[0;34m1
[0m[0;34m1[0;34m0[0;34m1[0;34m0[0;34m1[0;34m0[0;34m1[0;34m0[0;34m1[0;34m0[0;34m1[0;34m1[0;34m1[0;34m1[0;34m1[0;34m1[0;34m1[0;34m0[0;34m0[0;34m0[0;34m1
[0m[0;34m1[0;34m0[0;34m0[0;34m0[0;34m1[0;34m0[0;34m1[0;34m0[0;34m0[0;34m0[0;34m1[0;34m0[0;34m0[0;34m0[0;34m0[0;34m0[0;34m1[0;34m0[0;34m0[0;34m0[0;34m1
[0m[0;34m1[0;34m1[0;34m1[0;34m1[0;34m1[0;34m0[0;34m1[0;34m0[0;34m1[0;34m1[0;34m1[0;34m1[0;34m1[0;34m0[0;34m1[0;34m0[0;34m1[0;34m1[0;34m1[0;34m0[0;34m1
[0m[0;34m1[0;34m0[0;34m0[0;34m0[0;34m0[0;34m0[0;34m1[0;34m0[0;34m1[0;34m0[0;34m0[0;34m0[0;34m1[0;34m0[0;34m1[0;34m0[0;34m0[0;34m0[0;34m0[0;34m0[0;34m1
[0m[0;34m1[0;34m0[0;34m1[0;34m1[0;34m1[0;34m1[0;34m1[0;34m0[0;34m1[0;34m0[0;34m1[0;34m1[0;34m1[0;34m0[0;34m1[0;34m1[0;34m1[0;34m1[0;34m1[0;34m1[0;34m1
[0m[0;34m1[0;34m0[0;34m1[0;34m0[0;34m0[0;34m0[0;34m0[0;34m0[0;34m1[0;34m0[0;34m1[0;34m0[0;34m1[0;34m0[0;34m0[0;34m0[0;34m0[0;34m0[0;34m1[0;34m0[0;34m1
[0m[0;34m1[0;34m0[0;34m1[0;34m0[0;34m1[0;34m1[0;34m1[0;34m1[0;34m1[0;34m0[0;34m1[0;34m0[0;34m1[0;34m1[0;34m1[0;34m1[0;34m1[0;34m0[0;34m1[0;34m0[0;34m1
[0m[0;34m1[0;34m0[0;34m1[0;34m0[0;34m1[0;34m0[0;34m0[0;34m0[0;34m1[0;34m0[0;34m1[0;34m0[0;34m1[0;34m0[0;34m0[0;34m0[0;34m1[0;34m0[0;34m1[0;34m0[0;34m1
[0m[0;34m1[0;34m0[0;34m1[0;34m1[0;34m1[0;34m0[0;34m1[0;34m0[0;34m1[0;34m0[0;34m1[0;34m0[0;34m1[0;34m0[0;34m1[0;34m0[0;34m1[0;34m0[0;34m1[0;34m0[0;34m1
[0m[0;34m1[0;34m0[0;34m0[0;34m0[0;34m0[0;34m0[0;34m1[0;34m0[0;34m1[0;34m0[0;34m1[0;34m0[0;34m0[0;34m0[0;34m1[0;34m0[0;34m1[0;34m0[0;34m0[0;34m0[0;34m1
[0m[0;34m1[0;34m1[0;34m1[0;34m1[0;34m1[0;34m1[0;34m1[0;34m0[0;34m1[0;34m0[0;34m1[0;34m1[0;34m1[0;34m1[0;34m1[0;34m0[0;34m1[0;34m1[0;34m1[0;34m0[0;34m1
[0m[0;34m1[0;34m0[0;34m0[0;34m0[0;34m0[0;34m0[0;34m1[0;34m0[0;34m1[0;34m0[0;34m0[0;34m0[0;34m1[0;34m0[0;34m0[0;34m0[0;34m1[0;34m0[0;34m0[0;34m0[0;34m1
[0m[0;34m1[0;34m0[0;34m1[0;34m1[0;34m1[0;34m0[0;34m1[0;34m0[0;34m1[0;34m1[0;34m1[0;34m0[0;34m1[0;34m0[0;34m1[0;34m1[0;34m1[0;34m0[0;34m1[0;34m1[0;34m1
[0m[0;34m1[0;34m0[0;34m1[0;34m0[0;34m0[0;34m0[0;34m1[0;34m0[0;34m0[0;34m0[0;34m0[0;34m0[0;34m1[0;34m0[0;34m0[0;34m0[0;34m1[0;34m0[0;34m1[0;34m0[0;34m1
[0m[0;34m1[0;34m0[0;34m1[0;34m0[0;34m1[0;34m1[0;34m1[0;34m1[0;34m1[0;34m1[0;34m1[0;34m1[0;34m1[0;34m1[0;34m1[0;34m0[0;34m1[0;34m0[0;34m1[0;34m0[0;34m1
[0m[0;34m1[0;34m0[0;34m0[0;34m0[0;34m1[0;34m0[0;34m0[0;34m0[0;34m0[0;34m0[0;34m0[0;34m0[0;34m0[0;34m0[0;34m0[0;34m0[0;34m1[0;34m0[0;34m0[0;34m0[0;34m1
[0m[0;34m1[0;34[0;32m[Debug info]üõ†Ô∏è  Map info üîç
[0m[0;32m[Debug info] - Map width:[0m21
[0;32m[Debug info] - Map height:[0m21
[0;32m[Debug info]üõ†Ô∏è  Starting player position info üîç
[0m[0;32m[Debug info] - Player X:[0m1
[0;32m[Debug info] - Player Y:[0m19
[0;32m[Debug info] - Player Direction:[0mN
[0;32m[Debug info]üõ†Ô∏è  Colors info c:  üîç
[0m[0;32m[Debug info]üõ†Ô∏è  Colors info f:  üîç
[0m[0;32m[Debug info]üõ†Ô∏è  Textures info:  üîç
[0m[0;32m[Debug info] Texture north:[0mtextures/test/north.xpm
[0;32m[Debug info] Texture south:[0mtextures/test/south.xpm
[0;32m[Debug info] Texture west:[0mtextures/test/west.xpm
[0;32m[Debug info] Texture east:[0mtextures/test/east.xpm
m0[0;34m1[0;34m0[0;34m1[0;34m0[0;34m1[0;34m1[0;34m1[0;34m0[0;34m1[0;34m1[0;34m1[0;34m1[0;34m1[0;34m1[0;34m1[0;34m1[0;34m1[0;34m0[0;34m1
[0m[0;34m1[0;34mN[0;34m1[0;34m0[0;34m0[0;34m0[0;34m0[0;34m0[0;34m1[0;34m0[0;34m0[0;34m0[0;34m0[0;34m0[0;34m0[0;34m0[0;34m0[0;34m0[0;34m0[0;34m0[0;34m1
[0m[0;34m1[0;34m1[0;34m1[0;34m1[0;34m1[0;34m1[0;34m1[0;34m1[0;34m1[0;34m1[0;34m1[0;34m1[0;34m1[0;34m1[0;34m1[0;34m1[0;34m1[0;34m1[0;34m1[0;34m1[0;34m1
[0m
[0m[0;34m0
[0m[0;34m0
[0m[0;34m0
[0m[0;34m0
[0m[0;34m0
[0m[0;34m0
[0m[0;34m1[0;34m1[0;34m1[0;34m1[0;34m1[0;34m1[0;34m1[0;34m1[0;34m1[0;34m1[0;34m1[0;34m1[0;34m1[0;34m1[0;34m1[0;34m1[0;34m1[0;34m1[0;34m1[0;34m1[0;34m1
[0m[0;34m1[0;34m0[0;34m1[0;34m0[0;34m0[0;34m0[0;34m0[0;34m0[0;34m1[0;34m0[0;34m0[0;34m0[0;34m0[0;34m0[0;34m0[0;34m0[0;34m0[0;34m0[0;34m0[0;34m0[0;34m1
[0m[0;34m1[0;34m0[0;34m1[0;34m0[0;34m1[0;34m0[0;34m1[0;34m0[0;34m1[0;34m0[0;34m1[0;34m1[0;34m1[0;34m1[0;34m1[0;34m1[0;34m1[0;34m0[0;34m0[0;34m0[0;34m1
[0m[0;34m1[0;34m0[0;34m0[0;34m0[0;34m1[0;34m0[0;34m1[0;34m0[0;34m0[0;34m0[0;34m1[0;34m0[0;34m0[0;34m0[0;34m0[0;34m0[0;34m1[0;34m0[0;34m0[0;34m0[0;34m1
[0m[0;34m1[0;34m1[0;34m1[0;34m1[0;34m1[0;34m0[0;34m1[0;34m0[0;34m1[0;34m1[0;34m1[0;34m1[0;34m1[0;34m0[0;34m1[0;34m0[0;34m1[0;34m1[0;34m1[0;34m0[0;34m1
[0m[0;34m1[0;34m0[0;34m0[0;34m0[0;34m0[0;34m0[0;34m1[0;34m0[0;34m1[0;34m0[0;34m0[0;34m0[0;34m1[0;34m0[0;34m1[0;34m0[0;34m0[0;34m0[0;34m0[0;34m0[0;34m1
[0m[0;34m1[0;34m0[0;34m1[0;34m1[0;34m1[0;34m1[0;34m1[0;34m0[0;34m1[0;34m0[0;34m1[0;34m1[0;34m1[0;34m0[0;34m1[0;34m1[0;34m1[0;34m1[0;34m1[0;34m1[0;34m1
[0m[0;34m1[0;34m0[0;34m1[0;34m0[0;34m0[0;34m0[0;34m0[0;34m0[0;34m1[0;34m0[0;34m1[0;34m0[0;34m1[0;34m0[0;34m0[0;34m0[0;34m0[0;34m0[0;34m1[0;34m0[0;34m1
[0m[0;34m1[0;34m0[0;34m1[0;34m0[0;34m1[0;34m1[0;34m1[0;34m1[0;34m1[0;34m0[0;34m1[0;34m0[0;34m1[0;34m1[0;34m1[0;34m1[0;34m1[0;34m0[0;34m1[0;34m0[0;34m1
[0m[0;34m1[0;34m0[0;34m1[0;34m0[0;34m1[0;34m0[0;34m0[0;34m0[0;34m1[0;34m0[0;34m1[0;34m0[0;34m1[0;34m0[0;34m0[0;34m0[0;34m1[0;34m0[0;34m1[0;34m0[0;34m1
[0m[0;34m1[0;34m0[0;34m1[0;34m1[0;34m1[0;34m0[0;34m1[0;34m0[0;34m1[0;34m0[0;34m1[0;34m0[0;34m1[0;34m0[0;34m1[0;34m0[0;34m1[0;34m0[0;34m1[0;34m0[0;34m1
[0m[0;34m1[0;34m0[0;34m0[0;34m0[0;34m0[0;34m0[0;34m1[0;34m0[0;34m1[0;34m0[0;34m1[0;34m0[0;34m0[0;34m0[0;34m1[0;34m0[0;34m1[0;34m0[0;34m0[0;34m0[0;34m1
[0m[0;34m1[0;34m1[0;34m1[0;34m1[0;34m1[0;34m1[0;34m1[0;34m0[0;34m1[0;34m0[0;34m1[0;34m1[0;34m1[0;34m1[0;34m1[0;34m0[0;34m1[0;34m1[0;34m1[0;34m0[0;34m1
[0m[0;34m1[0;34m0[0;34m0[0;34m0[0;34m0[0;34m0[0;34m1[0;34m0[0;34m1[0;34m0[0;34m0[0;34m0[0;34m1[0;34m0[0;34m0[0;34m0[0;34m1[0;34m0[0;34m0[0;34m0[0;34m1
[0m[0;34m1[0;34m0[0;34m1[0;34m1[0;34m1[0;34m0[0;34m1[0;34m0[0;34m1[0;34m1[0;34m1[0;34m0[0;34m1[0;34m0[0;34m1[0;34m1[0;34m1[0;34m0[0;34m1[0;34m1[0;34m1
[0m[0;34m1[0;34m0[0;34m1[0;34m0[0;34m0[0;34m0[0;34m1[0;34m0[0;34m0[0;34m0[0;34m0[0;34m0[0;34m1[0;34m0[0;34m0[0;34m0[0;34m1[0;34m0[0;34m1[0;34m0[0;34m1
[0m[0;34m1[0;34m0[0;34m1[0;34m0[0;34m1[0;34m1[0;34m1[0;34m1[0;34m1[0;34m1[0;34m1[0;34m1[0;34m1[0;34m1[0;34m1[0;34m0[0;34m1[0;34m0[0;34m1[0;34m0[0;34m1
[0m[0;34m1[0;34m0[0;34m0[0;34m0[0;34m1[0;34m0[0;34m0[0;34m0[0;34m0[0;34m0[0;34m0[0;34m0[0;34m0[0;34m0[0;34m0[0;34m0[0;34m1[0;34m0[0;34m0[0;34m0[0;34m1
[0m[0;34m1[0;34m0[0;34m1[0;34m0[0;34m1[0;34m0[0;34m1[0;34m1[0;34m1[0;34m0[0;34m1[0;34m1[0;34m1[0;34m1[0;34m1[0;34m1[0;34m1[0;34m1[0;34m1[0;34m0[0;34m1
[0m[0;34m1[0;34mN[0;34m1[0;34m0[0;34m0[0;34m0[0;34m0[0;34m0[0;34m1[0;34m0[0;34m0[0;34m0[0;34m0[0;34m0[0;34m0[0;34m0[0;34m0[0;34m0[0;34m0[0;34m0[0;34m1
[0m[0;34m1[0;34m1[0;34m1[0;34m1[0;34m1[0;34m1[0;34m1[0;34m1[0;34m1[0;34m1[0;34m1[0;34m1[0;34m1[0;34m1[0;34m1[0;34m1[0;34m1[0;34m1[0;34m1[0;34m1[0;34m1
[0mExit code: 0
‚ö†Ô∏è No Valgrind alerts, but with leaks[0m  
==10621== Memcheck, a memory error detector
==10621== Copyright (C) 2002-2022, and GNU GPL'd, by Julian Seward et al.
==10621== Using Valgrind-3.22.0 and LibVEX; rerun with -h for copyright info
==10621== Command: ./cub3d ./maps/good/matrix.cub
==10621== Parent PID: 10551
==10621== 
==10621== 
==10621== HEAP SUMMARY:
==10621==     in use at exit: 1,685 bytes in 67 blocks
==10621==   total heap usage: 210 allocs, 143 frees, 12,140 bytes allocated
==10621== 
==10621== LEAK SUMMARY:
==10621==    definitely lost: 594 bytes in 10 blocks
==10621==    indirectly lost: 1,091 bytes in 57 blocks
==10621==      possibly lost: 0 bytes in 0 blocks
==10621==    still reachable: 0 bytes in 0 blocks
==10621==         suppressed: 0 bytes in 0 blocks
==10621== Rerun with --leak-check=full to see details of leaked memory
==10621== 
==10621== For lists of detected and suppressed errors, rerun with: -s
==10621== ERROR SUMMARY: 0 errors from 0 contexts (suppressed: 0 from 0)
Running valgrind on ./maps/good/sad_face.cub...

[0;32m[Debug info]üõ†Ô∏è  Map info üîç
[0m[0;32m[Debug info] - Map width:[0m15
[0;32m[Debug info] - Map height:[0m13
[0;32m[Debug info]üõ†Ô∏è  Starting player position info üîç
[0m[0;32m[Debug info] - Player X:[0m7
[0;32m[Debug info] - Player Y:[0m3
[0;32m[Debug info] - Player Direction:[0mN
[0;32m[Debug info]üõ†Ô∏è  Colors info c:  üîç
[0m[0;32m[Debug info]üõ†Ô∏è  Colors info f:  üîç
[0m[0;32m[Debug info]üõ†Ô∏è  Textures info:  üîç
[0m[0;32m[Debug info] Texture north:[0mtextures/test/north.xpm
[0;32m[Debug info] Texture south:[0mtextures/test/south.xpm
[0;32m[Debug info] Texture west:[0mtextures/test/west.xpm
[0;32m[Debug info] Texture east:[0mtextures/test/east.xpm
[0;34mN[0;34mO[0;34m [0;34mt[0;34me[0;34mx[0;34mt[0;34mu[0;34mr[0;34me[0;34ms[0;34m/[0;34mt[0;34me[0;34ms[0;34mt[0;34m/[0;34mn[0;34mo[0;34mr[0;34mt[0;34mh[0;34m.[0;34mx[0;34mp[0;34mm
[0m[0;34mS[0;34mO[0;34m [0;34mt[0;34me[0;34mx[0;34mt[0;34mu[0;34mr[0;34me[0;34ms[0;34m/[0;34mt[0;34me[0;34ms[0;34mt[0;34m/[0;34ms[0;34mo[0;34mu[0;34mt[0;34mh[0;34m.[0;34mx[0;34mp[0;34mm
[0m[0;34mW[0;34mE[0;34m [0;34mt[0;34me[0;34mx[0;34mt[0;34mu[0;34mr[0;34me[0;34ms[0;34m/[0;34mt[0;34me[0;34ms[0;34mt[0;34m/[0;34mw[0;34me[0;34ms[0;34mt[0;34m.[0;34mx[0;34mp[0;34mm
[0m[0;34mE[0;34mA[0;34m [0;34mt[0;34me[0;34mx[0;34mt[0;34mu[0;34mr[0;34me[0;34ms[0;34m/[0;34mt[0;34me[0;34ms[0;34mt[0;34m/[0;34me[0;34ma[0;34ms[0;34mt[0;34m.[0;34mx[0;34mp[0;34mm
[0m
[0m[0;34mC[0;34m [0;34m5[0;34m3[0;34m,[0;34m4[0;34m1[0;34m,[0;34m3[0;34m4
[0m[0;34mF[0;34m [0;34m4[0;34m5[0;34m,[0;34m3[0;34m3[0;34m,[0;34m2[0;34m7
[0m
[0m[0;34m1[0;34m1[0;34m1[0;34m1[0;34m1[0;34m1[0;34m1[0;34m1[0;34m1[0;34m1[0;34m1[0;34m1[0;34m1[0;34m1[0;34m1
[0m[0;34m1[0;34m1[0;34m1[0;34m1[0;34m1[0;34m1[0;34m0[0;34m0[0;34m0[0;34m1[0;34m1[0;34m1[0;34m1[0;34m1[0;34m1
[0m[0;34m1[0;34m1[0;34m1[0;34m1[0;34m1[0;34m0[0;34m0[0;34m0[0;34m0[0;34m0[0;34m1[0;34m1[0;34m1[0;34m1[0;34m1
[0m[0;34m1[0;34m1[0;34m1[0;34m1[0;34m0[0;34m0[0;34m0[0;34mN[0;34m0[0;34m0[0;34m0[0;34m1[0;34m1[0;34m1[0;34m1
[0m[0;34m1[0;34m1[0;34m1[0;34m0[0;34m0[0;34m0[0;34m0[0;34m0[0;34m0[0;34m0[0;34m0[0;34m0[0;34m1[0;34m1[0;34m1
[0m[0;34m1[0;34m1[0;34m0[0;34m0[0;34m0[0;34m0[0;34m0[0;34m0[0;34m0[0;34m0[0;34m0[0;34m0[0;34m0[0;34m1[0;34m1
[0m[0;34m1[0;34m0[0;34m0[0;34m0[0;34m0[0;34m1[0;34m1[0;34m1[0;34m1[0;34m1[0;34m0[0;34m0[0;34m0[0;34m0[0;34m1
[0m[0;34m1[0;34m1[0;34m0[0;34m0[0;34m0[0;34m0[0;34m1[0;34m1[0;34m1[0;34m0[0;34m0[0;34m0[0;34m0[0;34m1[0;34m1
[0m[0;34m1[0;34m1[0;34m1[0;34m0[0;34m0[0;34m0[0;34m0[0;34m1[0;34m0[0;34m0[0;34m0[0;34m0[0;34m1[0;34m1[0;34m1
[0m[0;34m1[0;34m1[0;34m1[0;34m1[0;34m0[0;34m0[0;34m0[0;34m0[0;34m0[0;34m0[0;34m0[0;34m1[0;34m1[0;34m1[0;34m1
[0m[0;34m1[0;34m1[0;34m1[0;34m1[0;34m1[0;34m0[0;34m0[0;34m0[0;34m0[0;34m0[0;34m1[0;34m1[0;34m1[0;34m1[0;34m1
[0m[0;34m1[0;34m1[0;34m1[0;34m1[0;34m1[0;34m1[0;34m0[0;34m0[0;34m0[0;34m1[0;34m1[0;34m1[0;34m1[0;34m1[0;34m1
[0m[0;34m1[0;34m1[0;34m1[0;34m1[0;34m1[0;34m1[0;34m1[0;34m1[0;34m1[0;34m1[0;34m1[0;34m1[0;34m1[0;34m1[0;34m1
[0m
[0m[0;34m5[0;34m3
[0m[0;34m4[0;34m1
[0m[0;34m3[0;34m4
[0m[0;34m4[0;34m5
[0m[0;34m3[0;34m3
[0m[0;34m2[0;34m7
[0m[0;34m1[0;34m1[0;34m1[0;34m1[0;34m1[0;34m1[0;34m1[0;34m1[0;34m1[0;34m1[0;34m1[0;34m1[0;34m1[0;34m1[0;34m1
[0m[0;34m1[0;34m1[0;34m1[0;34m1[0;34m1[0;34m1[0;34m0[0;34m0[0;34m0[0;34m1[0;34m1[0;34m1[0;34m1[0;34m1[0;34m1
[0m[0;34m1[0;34m1[0;34m1[0;34m1[0;34m1[0;34m0[0;34m0[0;34m0[0;34m0[0;34m0[0;34m1[0;34m1[0;34m1[0;34m1[0;34m1
[0m[0;34m1[0;34m1[0;34m1[0;34m1[0;34m0[0;34m0[0;34m0[0;34mN[0;34m0[0;34m0[0;34m0[0;34m1[0;34m1[0;34m1[0;34m1
[0m[0;34m1[0;34m1[0;34m1[0;34m0[0;34m0[0;34m0[0;34m0[0;34m0[0;34m0[0;34m0[0;34m0[0;34m0[0;34m1[0;34m1[0;34m1
[0m[0;34m1[0;34m1[0;34m0[0;34m0[0;34m0[0;34m0[0;34m0[0;34m0[0;34m0[0;34m0[0;34m0[0;34m0[0;34m0[0;34m1[0;34m1
[0m[0;34m1[0;34m0[0;34m0[0;34m0[0;34m0[0;34m1[0;34m1[0;34m1[0;34m1[0;34m1[0;34m0[0;34m0[0;34m0[0;34m0[0;34m1
[0m[0;34m1[0;34m1[0;34m0[0;34m0[0;34m0[0;34m0[0;34m1[0;34m1[0;34m1[0;34m0[0;34m0[0;34m0[0;34m0[0;34m1[0;34m1
[0m[0;34m1[0;34m1[0;34m1[0;34m0[0;34m0[0;34m0[0;34m0[0;34m1[0;34m0[0;34m0[0;34m0[0;34m0[0;34m1[0;34m1[0;34m1
[0m[0;34m1[0;34m1[0;34m1[0;34m1[0;34m0[0;34m0[0;34m0[0;34m0[0;34m0[0;34m0[0;34m0[0;34m1[0;34m1[0;34m1[0;34m1
[0m[0;34m1[0;34m1[0;34m1[0;34m1[0;34m1[0;34m0[0;34m0[0;34m0[0;34m0[0;34m0[0;34m1[0;34m1[0;34m1[0;34m1[0;34m1
[0m[0;34m1[0;34m1[0;34m1[0;34m1[0;34m1[0;34m1[0;34m0[0;34m0[0;34m0[0;34m1[0;34m1[0;34m1[0;34m1[0;34m1[0;34m1
[0m[0;34m1[0;34m1[0;34m1[0;34m1[0;34m1[0;34m1[0;34m1[0;34m1[0;34m1[0;34m1[0;34m1[0;34m1[0;34m1[0;34m1[0;34m1
[0mExit code: 0
‚ö†Ô∏è No Valgrind alerts, but with leaks[0m  
==10624== Memcheck, a memory error detector
==10624== Copyright (C) 2002-2022, and GNU GPL'd, by Julian Seward et al.
==10624== Using Valgrind-3.22.0 and LibVEX; rerun with -h for copyright info
==10624== Command: ./cub3d ./maps/good/sad_face.cub
==10624== Parent PID: 10551
==10624== 
==10624== 
==10624== HEAP SUMMARY:
==10624==     in use at exit: 1,059 bytes in 51 blocks
==10624==   total heap usage: 152 allocs, 101 frees, 8,972 bytes allocated
==10624== 
==10624== LEAK SUMMARY:
==10624==    definitely lost: 472 bytes in 10 blocks
==10624==    indirectly lost: 587 bytes in 41 blocks
==10624==      possibly lost: 0 bytes in 0 blocks
==10624==    still reachable: 0 bytes in 0 blocks
==10624==         suppressed: 0 bytes in 0 blocks
==10624== Rerun with --leak-check=full to see details of leaked memory
==10624== 
==10624== For lists of detected and suppressed errors, rerun with: -s
==10624== ERROR SUMMARY: 0 errors from 0 contexts (suppressed: 0 from 0)
Running valgrind on ./maps/good/square_map.cub...

[0;34m [0;34m [0;34m [0;34mW[0;34mE[0;34m [0;34m [0;34m [0;34m [0;34m [0;34m [0;34m [0;34m [0;34m [0;34m [0;34m [0;34m [0;34m [0;34m [0;34m [0;34m [0;34m [0;34m [0;34m [0;34m [0;34m [0;34m [0;34m [0;34m [0;34m [0;34m [0;34m [0;34m [0;34mt[0;34me[0;34mx[0;34mt[0;34mu[0;34mr[0;34me[0;34ms[0;34m/[0;34mt[0;34me[0;34ms[0;34mt[0;34m/[0;34mw[0;34me[0;34ms[0;34mt[0;34m.[0;34mx[0;34mp[0;34mm
[0m[0;34mN[0;34mO[0;34m [0;34m [0;34m [0;34m [0;34m [0;34m [0;34mt[0;34me[0;34mx[0;34mt[0;34mu[0;34mr[0;34me[0;34ms[0;34m/[0;34mt[0;34me[0;34ms[0;34mt[0;34m/[0;34mn[0;34mo[0;34mr[0;34mt[0;34mh[0;34m.[0;34mx[0;34mp[0;34mm
[0m
[0m
[0m
[0m[0;34mS[0;34mO[0;34m [0;34mt[0;34me[0;34mx[0;34mt[0;34mu[0;34mr[0;34me[0;34ms[0;34m/[0;34mt[0;34me[0;34ms[0;34mt[0;34m/[0;34ms[0;34mo[0;34mu[0;34mt[0;34mh[0;34m.[0;34mx[0;34mp[0;34mm
[0m
[0m[0;34mF[0;34m [0;34m [0;34m [0;34m6[0;34m9[0;34m,[0;34m [0;34m2[0;34m2[0;34m2[0;34m,[0;34m [0;34m1[0;34m9[0;34m9
[0m
[0m[0;34mE[0;34mA[0;34m [0;34mt[0;34me[0;34mx[0;34mt[0;34mu[0;34mr[0;34me[0;34ms[0;34m/[0;34mt[0;34me[0;34ms[0;34mt[0;34m/[0;34me[0;34ma[0;34ms[0;34mt[0;34m.[0;34mx[0;34mp[0;34mm
[0m
[0m
[0m[0;34mC[0;34m [0;34m2[0;34m3[0;34m5[0;34m,[0;34m [0;34m1[0;34m9[0;34m8[0;34m,[0;34m [0;34m5[0;34m2
[0m
[0m[0;34m1[0;34m1[0;34m1[0;34m1[0;34m1[0;34m1[0;34m1[0;34m1[0;34m1[0;34m1[0;34m1[0;34m1[0;34m1[0;34m1[0;34m1[0;34m1[0;34m1[0;34m1[0;34m1[0;34m1[0;34m1[0;34m1[0;34m1[0;34m1
[0m[0;34m1[0;34m0[0;34m0[0;34m0[0;34m0[0;34m0[0;34m0[0;34m0[0;34m0[0;34m0[0;34m0[0;34m0[0;34m0[0;34m0[0;34m0[0;34m0[0;34m0[0;34m0[0;34m0[0;34m0[0;34m0[0;34m0[0;34m0[0;34m1
[0m[0;34m1[0;34m0[0;34m0[0;34m0[0;34m0[0;34m0[0;34m0[0;34m0[0;34m0[0;34m0[0;34m0[0;34m0[0;34m0[0;34m0[0;34m0[0;34m0[0;34m0[0;34m0[0;34m0[0;34m0[0;34m0[0;34m0[0;34m0[0;34m1
[0m[0;34m1[0;34m0[0;34m0[0;34m0[0;34m0[0;34m0[0;34m0[0;34m0[0;34m0[0;34mN[0;34m0[0;34m0[0;34m0[0;34m0[0;34m0[0;34m0[0;34m0[0;34m0[0;34m0[0;34m0[0;34m0[0;34m0[0;34m0[0;34m1
[0m[0;34m1[0;34m0[0;34m0[0;34m0[0;34m0[0;34m0[0;34m0[0;34m0[0;34m0[0;34m0[0;34m0[0;34m0[0;34m0[0;34m0[0;34m0[0;34m0[0;34m0[0;34m0[0;34m0[0;34m0[0;34m0[0;34m0[0;34m0[0;34m1
[0m[0;34m1[0;34m0[0;34m0[0;34m0[0;34m0[0;34m0[0;34m0[0;34m0[0;34m0[0;34m0[0;34m0[0;34m0[0;34m0[0;34m0[0;34m0[0;34m0[0;34m0[0;34m0[0;34m0[0;34m0[0;34m0[0;34m0[0;34m0[0;34m1
[0m[0;34m1[0;34m0[0;34m0[0;34m0[0;34m0[0;34m0[0;34m0[0;34m0[0;34m0[0;34m0[0;34m0[0;34m0[0;34m0[0;34m0[0;34m0[0;34m0[0;34m0[0;34m0[0;34m0[0;34m0[0;34m0[0;34m0[0;34m0[0;34m1
[0m[0;34m1[0;34m0[0;34m0[0;34m0[0;34m0[0;34m0[0;34m1[0;34m1[0;34m1[0;34m1[0;34m1[0;34m0[0;34m0[0;34m0[0;34m0[0;34m1[0;34m0[0;34m1[0;34m0[0;34m1[0;34m0[0;34m0[0;34m0[0;34m1
[0m[0;34m1[0;34m0[0;34m0[0;34m0[0;34m0[0;34m0[0;34m1[0;34m0[0;34m0[0;34m0[0;34m1[0;34m0[0;34m0[0;34m0[0;34m0[0;34m0[0;34m0[0;34m0[0;34m0[0;34m0[0;34m0[0;34m0[0;34m0[0;34m1
[0m[0;34m1[0;34m0[0;34m0[0;34m0[0;34m0[0;34m0[0;34m1[0;34m0[0;34m0[0;34m0[0;34m1[0;34m0[0;34m0[0;34m0[0;34m0[0;34m1[0;34m0[0;34m0[0;34m0[0;34m1[0;34m0[0;34m0[0;34m0[0;34m1
[0m[0;34m1[0;34m0[0;34m0[0;34m0[0;34m0[0;34m0[0;34m1[0;34m0[0;34m0[0;34m0[0;34m1[0;34m0[0;34m0[0;34m0[0;34m0[0;34m0[0;34m0[0;34m0[0;34m0[0;34m0[0;34m0[0;34m0[0;34m0[0;34m1
[0m[0;34m1[0;34m0[0;34m0[0;34m0[0;34m0[0;34m0[0;34m1[0;34m1[0;34m1[0;34m1[0;34m0[0;34m0[0;34m0[0;34m0[0;34m1[0;34m0[0;34m1[0;34m0[0;34m1[0;34m0[0;34m0[0;34m0[0;34m0[0;34m1
[0m[0;34m1[0;34m0[0;34m0[0;34m0[0;34m0[0;34m0[0;34m0[0;34m0[0;34m0[0;34m0[0;34m0[0;34m0[0;34m0[0;34m0[0;34m0[0;34m0[0;34m0[0;34m0[0;34m0[0;34m0[0;34m0[0;34m0[0;34m0[0;34m1
[0m[0;34m1[0;34m0[0;34m0[0;34m0[0;34m0[0;34m0[0;34m0[0;34m0[0;34m0[0;34m0[0;34m0[0;34m0[0;34m0[0;34m0[0;34m0[0;34m0[0;32m[Debug info]üõ†Ô∏è  Map info üîç
[0m[0;32m[Debug info] - Map width:[0m24
[0;32m[Debug info] - Map height:[0m27
[0;32m[Debug info]üõ†Ô∏è  Starting player position info üîç
[0m[0;32m[Debug info] - Player X:[0m9
[0;32m[Debug info] - Player Y:[0m3
[0;32m[Debug info] - Player Direction:[0mN
[0;32m[Debug info]üõ†Ô∏è  Colors info c:  üîç
[0m[0;32m[Debug info]üõ†Ô∏è  Colors info f:  üîç
[0m[0;32m[Debug info]üõ†Ô∏è  Textures info:  üîç
[0m[0;32m[Debug info] Texture north:[0mtextures/test/north.xpm
[0;32m[Debug info] Texture south:[0mtextures/test/south.xpm
[0;32m[Debug info] Texture west:[0mtextures/test/west.xpm
[0;32m[Debug info] Texture east:[0mtextures/test/east.xpm
[0;34m0[0;34m0[0;34m0[0;34m0[0;34m0[0;34m0[0;34m0[0;34m1
[0m[0;34m1[0;34m0[0;34m0[0;34m0[0;34m0[0;34m0[0;34m0[0;34m0[0;34m0[0;34m0[0;34m0[0;34m0[0;34m0[0;34m0[0;34m0[0;34m0[0;34m0[0;34m0[0;34m0[0;34m0[0;34m0[0;34m0[0;34m0[0;34m1
[0m[0;34m1[0;34m0[0;34m0[0;34m0[0;34m0[0;34m0[0;34m0[0;34m0[0;34m0[0;34m0[0;34m0[0;34m0[0;34m0[0;34m0[0;34m0[0;34m0[0;34m0[0;34m0[0;34m0[0;34m0[0;34m0[0;34m0[0;34m0[0;34m1
[0m[0;34m1[0;34m0[0;34m0[0;34m0[0;34m0[0;34m0[0;34m0[0;34m0[0;34m0[0;34m0[0;34m0[0;34m0[0;34m0[0;34m0[0;34m0[0;34m0[0;34m0[0;34m0[0;34m0[0;34m0[0;34m0[0;34m0[0;34m0[0;34m1
[0m[0;34m1[0;34m0[0;34m0[0;34m0[0;34m0[0;34m0[0;34m0[0;34m0[0;34m0[0;34m0[0;34m0[0;34m0[0;34m0[0;34m0[0;34m0[0;34m0[0;34m0[0;34m0[0;34m0[0;34m0[0;34m0[0;34m0[0;34m0[0;34m1
[0m[0;34m1[0;34m0[0;34m0[0;34m0[0;34m0[0;34m0[0;34m0[0;34m0[0;34m0[0;34m0[0;34m0[0;34m0[0;34m0[0;34m0[0;34m0[0;34m0[0;34m0[0;34m0[0;34m0[0;34m0[0;34m0[0;34m0[0;34m0[0;34m1
[0m[0;34m1[0;34m1[0;34m1[0;34m1[0;34m1[0;34m1[0;34m1[0;34m1[0;34m1[0;34m0[0;34m0[0;34m0[0;34m0[0;34m0[0;34m0[0;34m0[0;34m0[0;34m0[0;34m0[0;34m0[0;34m0[0;34m0[0;34m0[0;34m1
[0m[0;34m1[0;34m0[0;34m0[0;34m1[0;34m0[0;34m0[0;34m0[0;34m0[0;34m1[0;34m0[0;34m0[0;34m0[0;34m0[0;34m0[0;34m0[0;34m0[0;34m0[0;34m0[0;34m0[0;34m0[0;34m0[0;34m0[0;34m0[0;34m1
[0m[0;34m1[0;34m0[0;34m0[0;34m0[0;34m0[0;34m0[0;34m1[0;34m0[0;34m1[0;34m0[0;34m0[0;34m0[0;34m0[0;34m0[0;34m0[0;34m0[0;34m0[0;34m0[0;34m0[0;34m0[0;34m0[0;34m0[0;34m0[0;34m1
[0m[0;34m1[0;34m0[0;34m0[0;34m1[0;34m0[0;34m0[0;34m0[0;34m0[0;34m1[0;34m0[0;34m0[0;34m0[0;34m0[0;34m0[0;34m0[0;34m0[0;34m0[0;34m0[0;34m0[0;34m0[0;34m0[0;34m0[0;34m0[0;34m1
[0m[0;34m1[0;34m0[0;34m0[0;34m1[0;34m1[0;34m1[0;34m1[0;34m1[0;34m1[0;34m0[0;34m0[0;34m0[0;34m0[0;34m0[0;34m0[0;34m0[0;34m0[0;34m0[0;34m0[0;34m0[0;34m0[0;34m0[0;34m0[0;34m1
[0m[0;34m1[0;34m0[0;34m0[0;34m0[0;34m0[0;34m0[0;34m0[0;34m0[0;34m0[0;34m0[0;34m0[0;34m0[0;34m0[0;34m0[0;34m0[0;34m0[0;34m0[0;34m0[0;34m0[0;34m0[0;34m0[0;34m0[0;34m0[0;34m1
[0m[0;34m1[0;34m0[0;34m0[0;34m0[0;34m0[0;34m0[0;34m0[0;34m0[0;34m0[0;34m0[0;34m0[0;34m0[0;34m0[0;34m0[0;34m0[0;34m0[0;34m0[0;34m0[0;34m0[0;34m0[0;34m0[0;34m0[0;34m0[0;34m1
[0m[0;34m1[0;34m1[0;34m1[0;34m1[0;34m1[0;34m1[0;34m1[0;34m1[0;34m1[0;34m1[0;34m1[0;34m1[0;34m1[0;34m1[0;34m1[0;34m1[0;34m1[0;34m1[0;34m1[0;34m1[0;34m1[0;34m1[0;34m1[0;34m1
[0m[0;34m2[0;34m3[0;34m5
[0m[0;34m1[0;34m9[0;34m8
[0m[0;34m5[0;34m2
[0m[0;34m6[0;34m9
[0m[0;34m2[0;34m2[0;34m2
[0m[0;34m1[0;34m9[0;34m9
[0m[0;34m1[0;34m1[0;34m1[0;34m1[0;34m1[0;34m1[0;34m1[0;34m1[0;34m1[0;34m1[0;34m1[0;34m1[0;34m1[0;34m1[0;34m1[0;34m1[0;34m1[0;34m1[0;34m1[0;34m1[0;34m1[0;34m1[0;34m1[0;34m1
[0m[0;34m1[0;34m0[0;34m0[0;34m0[0;34m0[0;34m0[0;34m0[0;34m0[0;34m0[0;34m0[0;34m0[0;34m0[0;34m0[0;34m0[0;34m0[0;34m0[0;34m0[0;34m0[0;34m0[0;34m0[0;34m0[0;34m0[0;34m0[0;34m1
[0m[0;34m1[0;34m0[0;34m0[0;34m0[0;34m0[0;34m0[0;34m0[0;34m0[0;34m0[0;34m0[0;34m0[0;34m0[0;34m0[0;34m0[0;34m0[0;34m0[0;34m0[0;34m0[0;34m0[0;34m0[0;34m0[0;34m0[0;34m0[0;34m1
[0m[0;34m1[0;34m0[0;34m0[0;34m0[0;34m0[0;34m0[0;34m0[0;34m0[0;34m0[0;34mN[0;34m0[0;34m0[0;34m0[0;34m0[0;34m0[0;34m0[0;34m0[0;34m0[0;34m0[0;34m0[0;34m0[0;34m0[0;34m0[0;34m1
[0m[0;34m1[0;34m0[0;34m0[0;34m0[0;34m0[0;34m0[0;34m0[0;34m0[0;34m0[0;34m0[0;34m0[0;34m0[0;34m0[0;34m0[0;34m0[0;34m0[0;34m0[0;34m0[0;34m0[0;34m0[0;34m0[0;34m0[0;34m0[0;34m1
[0m[0;34m1[0;34m0[0;34m0[0;34m0[0;34m0[0;34m0[0;34m0[0;34m0[0;34m0[0;34m0[0;34m0[0;34m0[0;34m0[0;34m0[0;34m0[0;34m0[0;34m0[0;34m0[0;34m0[0;34m0[0;34m0[0;34m0[0;34m0[0;34m1
[0m[0;34m1[0;34m0[0;34m0[0;34m0[0;34m0[0;34m0[0;34m0[0;34m0[0;34m0[0;34m0[0;34m0[0;34m0[0;34m0[0;34m0[0;34m0[0;34m0[0;34m0[0;34m0[0;34m0[0;34m0[0;34m0[0;34m0[0;34m0[0;34m1
[0m[0;34m1[0;34m0[0;34m0[0;34m0[0;34m0[0;34m0[0;34m1[0;34m1[0;34m1[0;34m1[0;34m1[0;34m0[0;34m0[0;34m0[0;34m0[0;34m1[0;34m0[0;34m1[0;34m0[0;34m1[0;34m0[0;34m0[0;34m0[0;34m1
[0m[0;34m1[0;34m0[0;34m0[0;34m0[0;34m0[0;34m0[0;34m1[0;34m0[0;34m0[0;34m0[0;34m1[0;34m0[0;34m0[0;34m0[0;34m0[0;34m0[0;34m0[0;34m0[0;34m0[0;34m0[0;34m0[0;34m0[0;34m0[0;34m1
[0m[0;34m1[0;34m0[0;34m0[0;34m0[0;34m0[0;34m0[0;34m1[0;34m0[0;34m0[0;34m0[0;34m1[0;34m0[0;34m0[0;34m0[0;34m0[0;34m1[0;34m0[0;34m0[0;34m0[0;34m1[0;34m0[0;34m0[0;34m0[0;34m1
[0m[0;34m1[0;34m0[0;34m0[0;34m0[0;34m0[0;34m0[0;34m1[0;34m0[0;34m0[0;34m0[0;34m1[0;34m0[0;34m0[0;34m0[0;34m0[0;34m0[0;34m0[0;34m0[0;34m0[0;34m0[0;34m0[0;34m0[0;34m0[0;34m1
[0m[0;34m1[0;34m0[0;34m0[0;34m0[0;34m0[0;34m0[0;34m1[0;34m1[0;34m1[0;34m1[0;34m0[0;34m0[0;34m0[0;34m0[0;34m1[0;34m0[0;34m1[0;34m0[0;34m1[0;34m0[0;34m0[0;34m0[0;34m0[0;34m1
[0m[0;34m1[0;34m0[0;34m0[0;34m0[0;34m0[0;34m0[0;34m0[0;34m0[0;34m0[0;34m0[0;34m0[0;34m0[0;34m0[0;34m0[0;34m0[0;34m0[0;34m0[0;34m0[0;34m0[0;34m0[0;34m0[0;34m0[0;34m0[0;34m1
[0m[0;34m1[0;34m0[0;34m0[0;34m0[0;34m0[0;34m0[0;34m0[0;34m0[0;34m0[0;34m0[0;34m0[0;34m0[0;34m0[0;34m0[0;34m0[0;34m0[0;34m0[0;34m0[0;34m0[0;34m0[0;34m0[0;34m0[0;34m0[0;34m1
[0m[0;34m1[0;34m0[0;34m0[0;34m0[0;34m0[0;34m0[0;34m0[0;34m0[0;34m0[0;34m0[0;34m0[0;34m0[0;34m0[0;34m0[0;34m0[0;34m0[0;34m0[0;34m0[0;34m0[0;34m0[0;34m0[0;34m0[0;34m0[0;34m1
[0m[0;34m1[0;34m0[0;34m0[0;34m0[0;34m0[0;34m0[0;34m0[0;34m0[0;34m0[0;34m0[0;34m0[0;34m0[0;34m0[0;34m0[0;34m0[0;34m0[0;34m0[0;34m0[0;34m0[0;34m0[0;34m0[0;34m0[0;34m0[0;34m1
[0m[0;34m1[0;34m0[0;34m0[0;34m0[0;34m0[0;34m0[0;34m0[0;34m0[0;34m0[0;34m0[0;34m0[0;34m0[0;34m0[0;34m0[0;34m0[0;34m0[0;34m0[0;34m0[0;34m0[0;34m0[0;34m0[0;34m0[0;34m0[0;34m1
[0m[0;34m1[0;34m0[0;34m0[0;34m0[0;34m0[0;34m0[0;34m0[0;34m0[0;34m0[0;34m0[0;34m0[0;34m0[0;34m0[0;34m0[0;34m0[0;34m0[0;34m0[0;34m0[0;34m0[0;34m0[0;34m0[0;34m0[0;34m0[0;34m1
[0m[0;34m1[0;34m0[0;34m0[0;34m0[0;34m0[0;34m0[0;34m0[0;34m0[0;34m0[0;34m0[0;34m0[0;34m0[0;34m0[0;34m0[0;34m0[0;34m0[0;34m0[0;34m0[0;34m0[0;34m0[0;34m0[0;34m0[0;34m0[0;34m1
[0m[0;34m1[0;34m1[0;34m1[0;34m1[0;34m1[0;34m1[0;34m1[0;34m1[0;34m1[0;34m0[0;34m0[0;34m0[0;34m0[0;34m0[0;34m0[0;34m0[0;34m0[0;34m0[0;34m0[0;34m0[0;34m0[0;34m0[0;34m0[0;34m1
[0m[0;34m1[0;34m0[0;34m0[0;34m1[0;34m0[0;34m0[0;34m0[0;34m0[0;34m1[0;34m0[0;34m0[0;34m0[0;34m0[0;34m0[0;34m0[0;34m0[0;34m0[0;34m0[0;34m0[0;34m0[0;34m0[0;34m0[0;34m0[0;34m1
[0m[0;34m1[0;34m0[0;34m0[0;34m0[0;34m0[0;34m0[0;34m1[0;34m0[0;34m1[0;34m0[0;34m0[0;34m0[0;34m0[0;34m0[0;34m0[0;34m0[0;34m0[0;34m0[0;34m0[0;34m0[0;34m0[0;34m0[0;34m0[0;34m1
[0m[0;34m1[0;34m0[0;34m0[0;34m1[0;34m0[0;34m0[0;34m0[0;34m0[0;34m1[0;34m0[0;34m0[0;34m0[0;34m0[0;34m0[0;34m0[0;34m0[0;34m0[0;34m0[0;34m0[0;34m0[0;34m0[0;34m0[0;34m0[0;34m1
[0m[0;34m1[0;34m0[0;34m0[0;34m1[0;34m1[0;34m1[0;34m1[0;34m1[0;34m1[0;34m0[0;34m0[0;34m0[0;34m0[0;34m0[0;34m0[0;34m0[0;34m0[0;34m0[0;34m0[0;34m0[0;34m0[0;34m0[0;34m0[0;34m1
[0m[0;34m1[0;34m0[0;34m0[0;34m0[0;34m0[0;34m0[0;34m0[0;34m0[0;34m0[0;34m0[0;34m0[0;34m0[0;34m0[0;34m0[0;34m0[0;34m0[0;34m0[0;34m0[0;34m0[0;34m0[0;34m0[0;34m0[0;34m0[0;34m1
[0m[0;34m1[0;34m0[0;34m0[0;34m0[0;34m0[0;34m0[0;34m0[0;34m0[0;34m0[0;34m0[0;34m0[0;34m0[0;34m0[0;34m0[0;34m0[0;34m0[0;34m0[0;34m0[0;34m0[0;34m0[0;34m0[0;34m0[0;34m0[0;34m1
[0m[0;34m1[0;34m1[0;34m1[0;34m1[0;34m1[0;34m1[0;34m1[0;34m1[0;34m1[0;34m1[0;34m1[0;34m1[0;34m1[0;34m1[0;34m1[0;34m1[0;34m1[0;34m1[0;34m1[0;34m1[0;34m1[0;34m1[0;34m1[0;34m1
[0mExit code: 0
‚ö†Ô∏è No Valgrind alerts, but with leaks[0m  
==10627== Memcheck, a memory error detector
==10627== Copyright (C) 2002-2022, and GNU GPL'd, by Julian Seward et al.
==10627== Using Valgrind-3.22.0 and LibVEX; rerun with -h for copyright info
==10627== Command: ./cub3d ./maps/good/square_map.cub
==10627== Parent PID: 10551
==10627== 
==10627== 
==10627== HEAP SUMMARY:
==10627==     in use at exit: 2,338 bytes in 84 blocks
==10627==   total heap usage: 277 allocs, 193 frees, 17,008 bytes allocated
==10627== 
==10627== LEAK SUMMARY:
==10627==    definitely lost: 744 bytes in 10 blocks
==10627==    indirectly lost: 1,594 bytes in 74 blocks
==10627==      possibly lost: 0 bytes in 0 blocks
==10627==    still reachable: 0 bytes in 0 blocks
==10627==         suppressed: 0 bytes in 0 blocks
==10627== Rerun with --leak-check=full to see details of leaked memory
==10627== 
==10627== For lists of detected and suppressed errors, rerun with: -s
==10627== ERROR SUMMARY: 0 errors from 0 contexts (suppressed: 0 from 0)
Running valgrind on ./maps/good/subject_map.cub...

[0;34mN[0;34mO[0;34m [0;34mt[0;34me[0;34mx[0;34mt[0;34mu[0;34mr[0;34me[0;34ms[0;34m/[0;34mt[0;34me[0;34ms[0;34mt[0;34m/[0;34mn[0;34mo[0;34mr[0;34mt[0;34mh[0;34m.[0;34mx[0;34mp[0;34mm
[0m[0;34mS[0;34mO[0;34m [0;34mt[0;34me[0;34mx[0;34mt[0;34mu[0;34mr[0;34me[0;34ms[0;34m/[0;34mt[0;34me[0;34ms[0;34mt[0;34m/[0;34ms[0;34mo[0;34mu[0;34mt[0;34mh[0;34m.[0;34mx[0;34mp[0;34mm
[0m[0;34mW[0;34mE[0;34m [0;34mt[0;34me[0;34mx[0;34mt[0;34mu[0;34mr[0;34me[0;34ms[0;34m/[0;34mt[0;34me[0;34ms[0;34mt[0;34m/[0;34mw[0;34me[0;34ms[0;34mt[0;34m.[0;34mx[0;34mp[0;34mm
[0m[0;34mE[0;34mA[0;34m [0;34mt[0;34me[0;34mx[0;34mt[0;34mu[0;34mr[0;34me[0;34ms[0;34m/[0;34mt[0;34me[0;34ms[0;34mt[0;34m/[0;34me[0;34ma[0;34ms[0;34mt[0;34m.[0;34mx[0;34mp[0;34mm
[0m
[0m[0;34mF[0;34m [0;34m2[0;34m2[0;34m0[0;34m,[0;34m1[0;34m0[0;34m0[0;34m,[0;34m0
[0m[0;34mC[0;34m [0;34m2[0;34m2[0;34m5[0;34m,[0;34m3[0;34m0[0;34m,[0;34m0
[0m
[0m[0;34m [0;34m [0;34m [0;34m [0;34m [0;34m [0;34m [0;34m [0;34m1[0;34m1[0;34m1[0;34m1[0;34m1[0;34m1[0;34m1[0;34m1[0;34m1[0;34m1[0;34m1[0;34m1[0;34m1[0;34m1[0;34m1[0;34m1[0;34m1[0;34m1[0;34m1[0;34m1[0;34m1[0;34m1[0;34m1[0;34m1[0;34m1
[0m[0;34m [0;34m [0;34m [0;34m [0;34m [0;34m [0;34m [0;34m [0;34m1[0;34m0[0;34m0[0;34m0[0;34m0[0;34m0[0;34m0[0;34m0[0;34m0[0;34m0[0;34m1[0;34m1[0;34m0[0;34m0[0;34m0[0;34m0[0;34m0[0;34m0[0;34m0[0;34m0[0;34m0[0;34m0[0;34m0[0;34m0[0;34m1
[0m[0;34m [0;34m [0;34m [0;34m [0;34m [0;34m [0;34m [0;34m [0;34m1[0;34m0[0;34m1[0;34m1[0;34m0[0;34m0[0;34m0[0;34m0[0;34m0[0;34m1[0;34m1[0;34m1[0;34m0[0;34m0[0;34m0[0;34m0[0;34m0[0;34m0[0;34m0[0;34m0[0;34m0[0;34m0[0;34m0[0;34m0[0;34m1
[0m[0;34m [0;34m [0;34m [0;34m [0;34m [0;34m [0;34m [0;34m [0;34m1[0;34m0[0;34m0[0;34m1[0;34m0[0;34m0[0;34m0[0;34m0[0;34m0[0;34m0[0;34m0[0;34m0[0;34m0[0;34m0[0;34m0[0;34m0[0;34m0[0;34m0[0;34m0[0;34m0[0;34m0[0;34m0[0;34m0[0;34m0[0;34m1
[0m[0;34m1[0;34m1[0;34m1[0;34m1[0;34m1[0;34m1[0;34m1[0;34m1[0;34m1[0;34m0[0;34m1[0;34m1[0;34m0[0;34m0[0;34m0[0;34m0[0;34m0[0;34m1[0;34m1[0;34m1[0;34m0[0;34m0[0;34m0[0;34m0[0;34m0[0;34m0[0;34m0[0;34m0[0;34m0[0;34m0[0;34m0[0;34m0[0;34m1
[0m[0;34m1[0;34m0[0;34m0[0;34m0[0;34m0[0;34m0[0;34m0[0;34m0[0;34m0[0;34m0[0;34m1[0;34m1[0;34m0[0;34m0[0;34m0[0;34m0[0;34m0[0;34m1[0;34m1[0;34m1[0;34m0[0;34m1[0;34m1[0;34m1[0;34m1[0;34m1[0;34m1[0;34m1[0;34m1[0;34m1[0;34m1[0;34m1[0;34m1
[0m[0;34m1[0;34m1[0;34m1[0;34m1[0;34m0[0;34m1[0;34m1[0;34m1[0;34m1[0;34m1[0;34m1[0;34m1[0;34m1[0;34m1[0;34m0[0;34m1[0;34m1[0;34m1[0;34m0[0;34m0[0;34m0[0;34m0[0;34m0[0;34m0[0;34m1[0;34m0[0;34m0[0;34m0[0;34m1
[0m[0;34m1[0;34m1[0;34m1[0;34m1[0;34m0[0;34m1[0;34m1[0;34m1[0;34m1[0;34m1[0;34m1[0;34m1[0;34m1[0;34m1[0;34m0[0;34m1[0;34m1[0;34m1[0;34m0[0;34m1[0;34m0[0;34m1[0;34m0[0;34m0[0;34m1[0;34m0[0;34m0[0;34m0[0;34m1
[0m[0;34m1[0;34m1[0;34m0[0;34m0[0;34m0[0;34m0[0;34m0[0;34m0[0;34m1[0;34m1[0;34m0[0;34m1[0;34m0[0;34m1[0;34m0[0;34m1[0;34m1[0;34m1[0;34m0[0;34m0[0;34m0[0;34m0[0;34m0[0;34m0[0;34m1[0;34m0[0;34m0[0;34m0[0;34m1
[0m[0;34m1[0;34m0[0;34m0[0;34m0[0;34m0[0;34m0[0;34m0[0;34m0[0;34m0[0;34m0[0;34m0[0;34m0[0;34m0[0;34m0[0;34m0[0;34m0[0;34m1[0;34m1[0;34m0[0;34m0[0;34m0[0;34m0[0;34m0[0;34m0[0;34m1[0;34m0[0;34m0[0;34m0[0;34m1
[0m[0;34m1[0;34m0[0;34m0[0;34m0[0;34m0[0;34m0[0;34m0[0;34m0[0;34m0[0;34m0[0;34m0[0;34m0[0;34m0[0;34m0[0;34m0[0;34m0[0;34m1[0;34m1[0;34m0[0;34m1[0;34m0[0;34m1[0;34m0[0;34m0[0;34m1[0;34m0[0;34m0[0;34m0[0;34m1
[0m[0;34m1[0;34m1[0;34m0[0;34m0[0;34m0[0;34m0[0;34m0[0;34m1[0;34m1[0;34m1[0;34m0[0;34m1[0;34m0[0;34m1[0;34m0[0;34m1[0;34m1[0;34m1[0;34m1[0;34m1[0;34m0[0;34m1[0;34m1[0;34m1[0;34m1[0;34m0[0;34mN[0;34m0[0;34m1[0;34m1[0;34m1
[0m[0;34m1[0;34m1[0;[0;32m[Debug info]üõ†Ô∏è  Map info üîç
[0m[0;32m[Debug info] - Map width:[0m33
[0;32m[Debug info] - Map height:[0m14
[0;32m[Debug info]üõ†Ô∏è  Starting player position info üîç
[0m[0;32m[Debug info] - Player X:[0m26
[0;32m[Debug info] - Player Y:[0m11
[0;32m[Debug info] - Player Direction:[0mN
[0;32m[Debug info]üõ†Ô∏è  Colors info c:  üîç
[0m[0;32m[Debug info]üõ†Ô∏è  Colors info f:  üîç
[0m[0;32m[Debug info]üõ†Ô∏è  Textures info:  üîç
[0m[0;32m[Debug info] Texture north:[0mtextures/test/north.xpm
[0;32m[Debug info] Texture south:[0mtextures/test/south.xpm
[0;32m[Debug info] Texture west:[0mtextures/test/west.xpm
[0;32m[Debug info] Texture east:[0mtextures/test/east.xpm
34m1[0;34m1[0;34m0[0;34m1[0;34m1[0;34m1[0;34m [0;34m1[0;34m1[0;34m1[0;34m0[0;34m1[0;34m0[0;34m1[0;34m [0;34m1[0;34m0[0;34m1[0;34m1[0;34m1[0;34m1[0;34m0[0;34m1[0;34m0[0;34m0[0;34m0[0;34m1
[0m[0;34m1[0;34m1[0;34m1[0;34m1[0;34m1[0;34m1[0;34m1[0;34m1[0;34m [0;34m1[0;34m1[0;34m1[0;34m1[0;34m1[0;34m1[0;34m1[0;34m [0;34m1[0;34m1[0;34m1[0;34m1[0;34m1[0;34m1[0;34m1[0;34m1[0;34m1[0;34m1[0;34m1[0;34m1
[0m[0;34m2[0;34m2[0;34m5
[0m[0;34m3[0;34m0
[0m[0;34m0
[0m[0;34m2[0;34m2[0;34m0
[0m[0;34m1[0;34m0[0;34m0
[0m[0;34m0
[0m[0;34m1[0;34m1[0;34m1[0;34m1[0;34m1[0;34m1[0;34m1[0;34m1[0;34m1[0;34m1[0;34m1[0;34m1[0;34m1[0;34m1[0;34m1[0;34m1[0;34m1[0;34m1[0;34m1[0;34m1[0;34m1[0;34m1[0;34m1[0;34m1[0;34m1[0;34m1[0;34m1[0;34m1[0;34m1[0;34m1[0;34m1[0;34m1[0;34m1
[0m[0;34m1[0;34m1[0;34m1[0;34m1[0;34m1[0;34m1[0;34m1[0;34m1[0;34m1[0;34m0[0;34m0[0;34m0[0;34m0[0;34m0[0;34m0[0;34m0[0;34m0[0;34m0[0;34m1[0;34m1[0;34m0[0;34m0[0;34m0[0;34m0[0;34m0[0;34m0[0;34m0[0;34m0[0;34m0[0;34m0[0;34m0[0;34m0[0;34m1
[0m[0;34m1[0;34m1[0;34m1[0;34m1[0;34m1[0;34m1[0;34m1[0;34m1[0;34m1[0;34m0[0;34m1[0;34m1[0;34m0[0;34m0[0;34m0[0;34m0[0;34m0[0;34m1[0;34m1[0;34m1[0;34m0[0;34m0[0;34m0[0;34m0[0;34m0[0;34m0[0;34m0[0;34m0[0;34m0[0;34m0[0;34m0[0;34m0[0;34m1
[0m[0;34m1[0;34m1[0;34m1[0;34m1[0;34m1[0;34m1[0;34m1[0;34m1[0;34m1[0;34m0[0;34m0[0;34m1[0;34m0[0;34m0[0;34m0[0;34m0[0;34m0[0;34m0[0;34m0[0;34m0[0;34m0[0;34m0[0;34m0[0;34m0[0;34m0[0;34m0[0;34m0[0;34m0[0;34m0[0;34m0[0;34m0[0;34m0[0;34m1
[0m[0;34m1[0;34m1[0;34m1[0;34m1[0;34m1[0;34m1[0;34m1[0;34m1[0;34m1[0;34m0[0;34m1[0;34m1[0;34m0[0;34m0[0;34m0[0;34m0[0;34m0[0;34m1[0;34m1[0;34m1[0;34m0[0;34m0[0;34m0[0;34m0[0;34m0[0;34m0[0;34m0[0;34m0[0;34m0[0;34m0[0;34m0[0;34m0[0;34m1
[0m[0;34m1[0;34m0[0;34m0[0;34m0[0;34m0[0;34m0[0;34m0[0;34m0[0;34m0[0;34m0[0;34m1[0;34m1[0;34m0[0;34m0[0;34m0[0;34m0[0;34m0[0;34m1[0;34m1[0;34m1[0;34m0[0;34m1[0;34m1[0;34m1[0;34m1[0;34m1[0;34m1[0;34m1[0;34m1[0;34m1[0;34m1[0;34m1[0;34m1
[0m[0;34m1[0;34m1[0;34m1[0;34m1[0;34m0[0;34m1[0;34m1[0;34m1[0;34m1[0;34m1[0;34m1[0;34m1[0;34m1[0;34m1[0;34m0[0;34m1[0;34m1[0;34m1[0;34m0[0;34m0[0;34m0[0;34m0[0;34m0[0;34m0[0;34m1[0;34m0[0;34m0[0;34m0[0;34m1[0;34m1[0;34m1[0;34m1[0;34m1
[0m[0;34m1[0;34m1[0;34m1[0;34m1[0;34m0[0;34m1[0;34m1[0;34m1[0;34m1[0;34m1[0;34m1[0;34m1[0;34m1[0;34m1[0;34m0[0;34m1[0;34m1[0;34m1[0;34m0[0;34m1[0;34m0[0;34m1[0;34m0[0;34m0[0;34m1[0;34m0[0;34m0[0;34m0[0;34m1[0;34m1[0;34m1[0;34m1[0;34m1
[0m[0;34m1[0;34m1[0;34m0[0;34m0[0;34m0[0;34m0[0;34m0[0;34m0[0;34m1[0;34m1[0;34m0[0;34m1[0;34m0[0;34m1[0;34m0[0;34m1[0;34m1[0;34m1[0;34m0[0;34m0[0;34m0[0;34m0[0;34m0[0;34m0[0;34m1[0;34m0[0;34m0[0;34m0[0;34m1[0;34m1[0;34m1[0;34m1[0;34m1
[0m[0;34m1[0;34m0[0;34m0[0;34m0[0;34m0[0;34m0[0;34m0[0;34m0[0;34m0[0;34m0[0;34m0[0;34m0[0;34m0[0;34m0[0;34m0[0;34m0[0;34m1[0;34m1[0;34m0[0;34m0[0;34m0[0;34m0[0;34m0[0;34m0[0;34m1[0;34m0[0;34m0[0;34m0[0;34m1[0;34m1[0;34m1[0;34m1[0;34m1
[0m[0;34m1[0;34m0[0;34m0[0;34m0[0;34m0[0;34m0[0;34m0[0;34m0[0;34m0[0;34m0[0;34m0[0;34m0[0;34m0[0;34m0[0;34m0[0;34m0[0;34m1[0;34m1[0;34m0[0;34m1[0;34m0[0;34m1[0;34m0[0;34m0[0;34m1[0;34m0[0;34m0[0;34m0[0;34m1[0;34m1[0;34m1[0;34m1[0;34m1
[0m[0;34m1[0;34m1[0;34m0[0;34m0[0;34m0[0;34m0[0;34m0[0;34m1[0;34m1[0;34m1[0;34m0[0;34m1[0;34m0[0;34m1[0;34m0[0;34m1[0;34m1[0;34m1[0;34m1[0;34m1[0;34m0[0;34m1[0;34m1[0;34m1[0;34m1[0;34m0[0;34mN[0;34m0[0;34m1[0;34m1[0;34m1[0;34m1[0;34m1
[0m[0;34m1[0;34m1[0;34m1[0;34m1[0;34m0[0;34m1[0;34m1[0;34m1[0;34m1[0;34m1[0;34m1[0;34m1[0;34m0[0;34m1[0;34m0[0;34m1[0;34m1[0;34m1[0;34m0[0;34m1[0;34m1[0;34m1[0;34m1[0;34m0[0;34m1[0;34m0[0;34m0[0;34m0[0;34m1[0;34m1[0;34m1[0;34m1[0;34m1
[0m[0;34m1[0;34m1[0;34m1[0;34m1[0;34m1[0;34m1[0;34m1[0;34m1[0;34m1[0;34m1[0;34m1[0;34m1[0;34m1[0;34m1[0;34m1[0;34m1[0;34m1[0;34m1[0;34m1[0;34m1[0;34m1[0;34m1[0;34m1[0;34m1[0;34m1[0;34m1[0;34m1[0;34m1[0;34m1[0;34m1[0;34m1[0;34m1[0;34m1
[0mExit code: 0
‚ö†Ô∏è No Valgrind alerts, but with leaks[0m  
==10630== Memcheck, a memory error detector
==10630== Copyright (C) 2002-2022, and GNU GPL'd, by Julian Seward et al.
==10630== Using Valgrind-3.22.0 and LibVEX; rerun with -h for copyright info
==10630== Command: ./cub3d ./maps/good/subject_map.cub
==10630== Parent PID: 10551
==10630== 
==10630== 
==10630== HEAP SUMMARY:
==10630==     in use at exit: 1,575 bytes in 52 blocks
==10630==   total heap usage: 164 allocs, 112 frees, 10,128 bytes allocated
==10630== 
==10630== LEAK SUMMARY:
==10630==    definitely lost: 481 bytes in 10 blocks
==10630==    indirectly lost: 1,094 bytes in 42 blocks
==10630==      possibly lost: 0 bytes in 0 blocks
==10630==    still reachable: 0 bytes in 0 blocks
==10630==         suppressed: 0 bytes in 0 blocks
==10630== Rerun with --leak-check=full to see details of leaked memory
==10630== 
==10630== For lists of detected and suppressed errors, rerun with: -s
==10630== ERROR SUMMARY: 0 errors from 0 contexts (suppressed: 0 from 0)
Running valgrind on ./maps/good/test_map.cub...

[0;32m[Debug info]üõ†Ô∏è  Map info üîç
[0m[0;32m[Debug info] - Map width:[0m12
[0;32m[Debug info] - Map height:[0m8
[0;32m[Debug info]üõ†Ô∏è  Starting player position info üîç
[0m[0;32m[Debug info] - Player X:[0m2
[0;32m[Debug info] - Player Y:[0m4
[0;32m[Debug info] - Player Direction:[0mS
[0;32m[Debug info]üõ†Ô∏è  Colors info c:  üîç
[0m[0;32m[Debug info]üõ†Ô∏è  Colors info f:  üîç
[0m[0;32m[Debug info]üõ†Ô∏è  Textures info:  üîç
[0m[0;32m[Debug info] Texture north:[0mtextures/test/north.xpm
[0;32m[Debug info] Texture south:[0mtextures/test/south.xpm
[0;32m[Debug info] Texture west:[0mtextures/test/west.xpm
[0;32m[Debug info] Texture east:[0mtextures/test/east.xpm
[0;34mN[0;34mO[0;34m [0;34mt[0;34me[0;34mx[0;34mt[0;34mu[0;34mr[0;34me[0;34ms[0;34m/[0;34mt[0;34me[0;34ms[0;34mt[0;34m/[0;34mn[0;34mo[0;34mr[0;34mt[0;34mh[0;34m.[0;34mx[0;34mp[0;34mm
[0m[0;34mS[0;34mO[0;34m [0;34mt[0;34me[0;34mx[0;34mt[0;34mu[0;34mr[0;34me[0;34ms[0;34m/[0;34mt[0;34me[0;34ms[0;34mt[0;34m/[0;34ms[0;34mo[0;34mu[0;34mt[0;34mh[0;34m.[0;34mx[0;34mp[0;34mm
[0m[0;34mW[0;34mE[0;34m [0;34mt[0;34me[0;34mx[0;34mt[0;34mu[0;34mr[0;34me[0;34ms[0;34m/[0;34mt[0;34me[0;34ms[0;34mt[0;34m/[0;34mw[0;34me[0;34ms[0;34mt[0;34m.[0;34mx[0;34mp[0;34mm
[0m[0;34mE[0;34mA[0;34m [0;34mt[0;34me[0;34mx[0;34mt[0;34mu[0;34mr[0;34me[0;34ms[0;34m/[0;34mt[0;34me[0;34ms[0;34mt[0;34m/[0;34me[0;34ma[0;34ms[0;34mt[0;34m.[0;34mx[0;34mp[0;34mm
[0m
[0m[0;34mF[0;34m [0;34m1[0;34m8[0;34m,[0;34m5[0;34m3[0;34m,[0;34m2[0;34m5
[0m[0;34mC[0;34m [0;34m1[0;34m5[0;34m3[0;34m,[0;34m2[0;34m0[0;34m4[0;34m,[0;34m2[0;34m5[0;34m5
[0m
[0m[0;34m1[0;34m1[0;34m1[0;34m1[0;34m1[0;34m1[0;34m1[0;34m1[0;34m1[0;34m1[0;34m1[0;34m1
[0m[0;34m1[0;34m [0;34m [0;34m [0;34m [0;34m [0;34m [0;34m [0;34m [0;34m [0;34m1[0;34m1
[0m[0;34m1[0;34m [0;34m [0;34m [0;34m [0;34m [0;34m [0;34m [0;34m [0;34m [0;34m [0;34m1
[0m[0;34m1[0;34m1[0;34m1[0;34m1[0;34m1[0;34m1[0;34m1[0;34m1[0;34m1[0;34m1[0;34m1[0;34m1
[0m[0;34m1[0;34m0[0;34mS[0;34m0[0;34m0[0;34m0[0;34m0[0;34m0[0;34m0[0;34m0[0;34m0[0;34m1
[0m[0;34m1[0;34m1[0;34m1[0;34m1[0;34m1[0;34m1[0;34m1[0;34m1[0;34m1[0;34m1[0;34m1[0;34m1
[0m[0;34m1[0;34m1[0;34m [0;34m [0;34m [0;34m [0;34m [0;34m [0;34m [0;34m [0;34m [0;34m1
[0m[0;34m1[0;34m1[0;34m1[0;34m1[0;34m1[0;34m1[0;34m1[0;34m1[0;34m1[0;34m1[0;34m1[0;34m1
[0m[0;34m1[0;34m5[0;34m3
[0m[0;34m2[0;34m0[0;34m4
[0m[0;34m2[0;34m5[0;34m5
[0m[0;34m1[0;34m8
[0m[0;34m5[0;34m3
[0m[0;34m2[0;34m5
[0m[0;34m1[0;34m1[0;34m1[0;34m1[0;34m1[0;34m1[0;34m1[0;34m1[0;34m1[0;34m1[0;34m1[0;34m1
[0m[0;34m1[0;34m1[0;34m1[0;34m1[0;34m1[0;34m1[0;34m1[0;34m1[0;34m1[0;34m1[0;34m1[0;34m1
[0m[0;34m1[0;34m1[0;34m1[0;34m1[0;34m1[0;34m1[0;34m1[0;34m1[0;34m1[0;34m1[0;34m1[0;34m1
[0m[0;34m1[0;34m1[0;34m1[0;34m1[0;34m1[0;34m1[0;34m1[0;34m1[0;34m1[0;34m1[0;34m1[0;34m1
[0m[0;34m1[0;34m0[0;34mS[0;34m0[0;34m0[0;34m0[0;34m0[0;34m0[0;34m0[0;34m0[0;34m0[0;34m1
[0m[0;34m1[0;34m1[0;34m1[0;34m1[0;34m1[0;34m1[0;34m1[0;34m1[0;34m1[0;34m1[0;34m1[0;34m1
[0m[0;34m1[0;34m1[0;34m1[0;34m1[0;34m1[0;34m1[0;34m1[0;34m1[0;34m1[0;34m1[0;34m1[0;34m1
[0m[0;34m1[0;34m1[0;34m1[0;34m1[0;34m1[0;34m1[0;34m1[0;34m1[0;34m1[0;34m1[0;34m1[0;34m1
[0mExit code: 0
‚ö†Ô∏è No Valgrind alerts, but with leaks[0m  
==10633== Memcheck, a memory error detector
==10633== Copyright (C) 2002-2022, and GNU GPL'd, by Julian Seward et al.
==10633== Using Valgrind-3.22.0 and LibVEX; rerun with -h for copyright info
==10633== Command: ./cub3d ./maps/good/test_map.cub
==10633== Parent PID: 10551
==10633== 
==10633== 
==10633== HEAP SUMMARY:
==10633==     in use at exit: 765 bytes in 40 blocks
==10633==   total heap usage: 113 allocs, 73 frees, 7,229 bytes allocated
==10633== 
==10633== LEAK SUMMARY:
==10633==    definitely lost: 387 bytes in 10 blocks
==10633==    indirectly lost: 378 bytes in 30 blocks
==10633==      possibly lost: 0 bytes in 0 blocks
==10633==    still reachable: 0 bytes in 0 blocks
==10633==         suppressed: 0 bytes in 0 blocks
==10633== Rerun with --leak-check=full to see details of leaked memory
==10633== 
==10633== For lists of detected and suppressed errors, rerun with: -s
==10633== ERROR SUMMARY: 0 errors from 0 contexts (suppressed: 0 from 0)
Running valgrind on ./maps/good/test_map_hole.cub...

[0;32m[Debug info]üõ†Ô∏è  Map info üîç
[0m[0;32m[Debug info] - Map width:[0m12
[0;32m[Debug info] - Map height:[0m8
[0;32m[Debug info]üõ†Ô∏è  Starting player position info üîç
[0m[0;32m[Debug info] - Player X:[0m2
[0;32m[Debug info] - Player Y:[0m4
[0;32m[Debug info] - Player Direction:[0mS
[0;32m[Debug info]üõ†Ô∏è  Colors info c:  üîç
[0m[0;32m[Debug info]üõ†Ô∏è  Colors info f:  üîç
[0m[0;32m[Debug info]üõ†Ô∏è  Textures info:  üîç
[0m[0;32m[Debug info] Texture north:[0mtextures/test/north.xpm
[0;32m[Debug info] Texture south:[0mtextures/test/south.xpm
[0;32m[Debug info] Texture west:[0mtextures/test/west.xpm
[0;32m[Debug info] Texture east:[0mtextures/test/east.xpm
[0;34mN[0;34mO[0;34m [0;34mt[0;34me[0;34mx[0;34mt[0;34mu[0;34mr[0;34me[0;34ms[0;34m/[0;34mt[0;34me[0;34ms[0;34mt[0;34m/[0;34mn[0;34mo[0;34mr[0;34mt[0;34mh[0;34m.[0;34mx[0;34mp[0;34mm
[0m[0;34mS[0;34mO[0;34m [0;34mt[0;34me[0;34mx[0;34mt[0;34mu[0;34mr[0;34me[0;34ms[0;34m/[0;34mt[0;34me[0;34ms[0;34mt[0;34m/[0;34ms[0;34mo[0;34mu[0;34mt[0;34mh[0;34m.[0;34mx[0;34mp[0;34mm
[0m[0;34mW[0;34mE[0;34m [0;34mt[0;34me[0;34mx[0;34mt[0;34mu[0;34mr[0;34me[0;34ms[0;34m/[0;34mt[0;34me[0;34ms[0;34mt[0;34m/[0;34mw[0;34me[0;34ms[0;34mt[0;34m.[0;34mx[0;34mp[0;34mm
[0m[0;34mE[0;34mA[0;34m [0;34mt[0;34me[0;34mx[0;34mt[0;34mu[0;34mr[0;34me[0;34ms[0;34m/[0;34mt[0;34me[0;34ms[0;34mt[0;34m/[0;34me[0;34ma[0;34ms[0;34mt[0;34m.[0;34mx[0;34mp[0;34mm
[0m
[0m[0;34mF[0;34m [0;34m1[0;34m8[0;34m,[0;34m5[0;34m3[0;34m,[0;34m2[0;34m5
[0m[0;34mC[0;34m [0;34m1[0;34m5[0;34m3[0;34m,[0;34m2[0;34m0[0;34m4[0;34m,[0;34m2[0;34m5[0;34m5
[0m
[0m[0;34m1[0;34m1[0;34m1[0;34m1[0;34m1[0;34m1[0;34m1[0;34m1[0;34m1[0;34m1[0;34m1[0;34m1
[0m[0;34m1[0;34m [0;34m [0;34m [0;34m [0;34m [0;34m [0;34m [0;34m [0;34m [0;34m1[0;34m1
[0m[0;34m1[0;34m [0;34m [0;34m [0;34m [0;34m [0;34m [0;34m [0;34m0[0;34m0[0;34m0[0;34m1
[0m[0;34m1[0;34m0[0;34m0[0;34m0[0;34m0[0;34m0[0;34m0[0;34m [0;34m0[0;34m0[0;34m1[0;34m1
[0m[0;34m1[0;34m0[0;34mS[0;34m0[0;34m0[0;34m0[0;34m0[0;34m0[0;34m0[0;34m0[0;34m0[0;34m1
[0m[0;34m1[0;34m1[0;34m1[0;34m1[0;34m1[0;34m1[0;34m1[0;34m1[0;34m1[0;34m1[0;34m1[0;34m1
[0m[0;34m1[0;34m1[0;34m [0;34m [0;34m [0;34m [0;34m [0;34m [0;34m [0;34m [0;34m [0;34m1
[0m[0;34m1[0;34m1[0;34m1[0;34m1[0;34m1[0;34m1[0;34m1[0;34m1[0;34m1[0;34m1[0;34m1[0;34m1
[0m[0;34m1[0;34m5[0;34m3
[0m[0;34m2[0;34m0[0;34m4
[0m[0;34m2[0;34m5[0;34m5
[0m[0;34m1[0;34m8
[0m[0;34m5[0;34m3
[0m[0;34m2[0;34m5
[0m[0;34m1[0;34m1[0;34m1[0;34m1[0;34m1[0;34m1[0;34m1[0;34m1[0;34m1[0;34m1[0;34m1[0;34m1
[0m[0;34m1[0;34m1[0;34m1[0;34m1[0;34m1[0;34m1[0;34m1[0;34m1[0;34m1[0;34m1[0;34m1[0;34m1
[0m[0;34m1[0;34m1[0;34m1[0;34m1[0;34m1[0;34m1[0;34m1[0;34m1[0;34m0[0;34m0[0;34m0[0;34m1
[0m[0;34m1[0;34m0[0;34m0[0;34m0[0;34m0[0;34m0[0;34m0[0;34m1[0;34m0[0;34m0[0;34m1[0;34m1
[0m[0;34m1[0;34m0[0;34mS[0;34m0[0;34m0[0;34m0[0;34m0[0;34m0[0;34m0[0;34m0[0;34m0[0;34m1
[0m[0;34m1[0;34m1[0;34m1[0;34m1[0;34m1[0;34m1[0;34m1[0;34m1[0;34m1[0;34m1[0;34m1[0;34m1
[0m[0;34m1[0;34m1[0;34m1[0;34m1[0;34m1[0;34m1[0;34m1[0;34m1[0;34m1[0;34m1[0;34m1[0;34m1
[0m[0;34m1[0;34m1[0;34m1[0;34m1[0;34m1[0;34m1[0;34m1[0;34m1[0;34m1[0;34m1[0;34m1[0;34m1
[0mExit code: 0
‚ö†Ô∏è No Valgrind alerts, but with leaks[0m  
==10636== Memcheck, a memory error detector
==10636== Copyright (C) 2002-2022, and GNU GPL'd, by Julian Seward et al.
==10636== Using Valgrind-3.22.0 and LibVEX; rerun with -h for copyright info
==10636== Command: ./cub3d ./maps/good/test_map_hole.cub
==10636== Parent PID: 10551
==10636== 
==10636== 
==10636== HEAP SUMMARY:
==10636==     in use at exit: 765 bytes in 40 blocks
==10636==   total heap usage: 113 allocs, 73 frees, 7,229 bytes allocated
==10636== 
==10636== LEAK SUMMARY:
==10636==    definitely lost: 387 bytes in 10 blocks
==10636==    indirectly lost: 378 bytes in 30 blocks
==10636==      possibly lost: 0 bytes in 0 blocks
==10636==    still reachable: 0 bytes in 0 blocks
==10636==         suppressed: 0 bytes in 0 blocks
==10636== Rerun with --leak-check=full to see details of leaked memory
==10636== 
==10636== For lists of detected and suppressed errors, rerun with: -s
==10636== ERROR SUMMARY: 0 errors from 0 contexts (suppressed: 0 from 0)
Running valgrind on ./maps/good/test_pos_bottom.cub...

[0;32m[Debug info]üõ†Ô∏è  Map info üîç
[0m[0;32m[Debug info] - Map width:[0m3
[0;32m[Debug info] - Map height:[0m13
[0;32m[Debug info]üõ†Ô∏è  Starting player position info üîç
[0m[0;32m[Debug info] - Player X:[0m1
[0;32m[Debug info] - Player Y:[0m11
[0;32m[Debug info] - Player Direction:[0mS
[0;32m[Debug info]üõ†Ô∏è  Colors info c:  üîç
[0m[0;32m[Debug info]üõ†Ô∏è  Colors info f:  üîç
[0m[0;32m[Debug info]üõ†Ô∏è  Textures info:  üîç
[0m[0;32m[Debug info] Texture north:[0mtextures/test/north.xpm
[0;32m[Debug info] Texture south:[0mtextures/test/south.xpm
[0;32m[Debug info] Texture west:[0mtextures/test/west.xpm
[0;32m[Debug info] Texture east:[0mtextures/test/east.xpm
[0;34mN[0;34mO[0;34m [0;34mt[0;34me[0;34mx[0;34mt[0;34mu[0;34mr[0;34me[0;34ms[0;34m/[0;34mt[0;34me[0;34ms[0;34mt[0;34m/[0;34mn[0;34mo[0;34mr[0;34mt[0;34mh[0;34m.[0;34mx[0;34mp[0;34mm
[0m[0;34mS[0;34mO[0;34m [0;34mt[0;34me[0;34mx[0;34mt[0;34mu[0;34mr[0;34me[0;34ms[0;34m/[0;34mt[0;34me[0;34ms[0;34mt[0;34m/[0;34ms[0;34mo[0;34mu[0;34mt[0;34mh[0;34m.[0;34mx[0;34mp[0;34mm
[0m[0;34mW[0;34mE[0;34m [0;34mt[0;34me[0;34mx[0;34mt[0;34mu[0;34mr[0;34me[0;34ms[0;34m/[0;34mt[0;34me[0;34ms[0;34mt[0;34m/[0;34mw[0;34me[0;34ms[0;34mt[0;34m.[0;34mx[0;34mp[0;34mm
[0m[0;34mE[0;34mA[0;34m [0;34mt[0;34me[0;34mx[0;34mt[0;34mu[0;34mr[0;34me[0;34ms[0;34m/[0;34mt[0;34me[0;34ms[0;34mt[0;34m/[0;34me[0;34ma[0;34ms[0;34mt[0;34m.[0;34mx[0;34mp[0;34mm
[0m
[0m[0;34mF[0;34m [0;34m2[0;34m0[0;34m,[0;34m2[0;34m0[0;34m,[0;34m2[0;34m0
[0m[0;34mC[0;34m [0;34m2[0;34m0[0;34m0[0;34m,[0;34m2[0;34m0[0;34m0[0;34m,[0;34m2[0;34m0[0;34m0
[0m
[0m[0;34m1[0;34m1[0;34m1
[0m[0;34m1[0;34m0[0;34m1
[0m[0;34m1[0;34m0[0;34m1
[0m[0;34m1[0;34m0[0;34m1
[0m[0;34m1[0;34m0[0;34m1
[0m[0;34m1[0;34m0[0;34m1
[0m[0;34m1[0;34m0[0;34m1
[0m[0;34m1[0;34m0[0;34m1
[0m[0;34m1[0;34m0[0;34m1
[0m[0;34m1[0;34m0[0;34m1
[0m[0;34m1[0;34m0[0;34m1
[0m[0;34m1[0;34mS[0;34m1
[0m[0;34m1[0;34m1[0;34m1
[0m[0;34m2[0;34m0[0;34m0
[0m[0;34m2[0;34m0[0;34m0
[0m[0;34m2[0;34m0[0;34m0
[0m[0;34m2[0;34m0
[0m[0;34m2[0;34m0
[0m[0;34m2[0;34m0
[0m[0;34m1[0;34m1[0;34m1
[0m[0;34m1[0;34m0[0;34m1
[0m[0;34m1[0;34m0[0;34m1
[0m[0;34m1[0;34m0[0;34m1
[0m[0;34m1[0;34m0[0;34m1
[0m[0;34m1[0;34m0[0;34m1
[0m[0;34m1[0;34m0[0;34m1
[0m[0;34m1[0;34m0[0;34m1
[0m[0;34m1[0;34m0[0;34m1
[0m[0;34m1[0;34m0[0;34m1
[0m[0;34m1[0;34m0[0;34m1
[0m[0;34m1[0;34mS[0;34m1
[0m[0;34m1[0;34m1[0;34m1
[0mExit code: 0
‚ö†Ô∏è No Valgrind alerts, but with leaks[0m  
==10662== Memcheck, a memory error detector
==10662== Copyright (C) 2002-2022, and GNU GPL'd, by Julian Seward et al.
==10662== Using Valgrind-3.22.0 and LibVEX; rerun with -h for copyright info
==10662== Command: ./cub3d ./maps/good/test_pos_bottom.cub
==10662== Parent PID: 10551
==10662== 
==10662== 
==10662== HEAP SUMMARY:
==10662==     in use at exit: 746 bytes in 50 blocks
==10662==   total heap usage: 141 allocs, 91 frees, 8,007 bytes allocated
==10662== 
==10662== LEAK SUMMARY:
==10662==    definitely lost: 467 bytes in 10 blocks
==10662==    indirectly lost: 279 bytes in 40 blocks
==10662==      possibly lost: 0 bytes in 0 blocks
==10662==    still reachable: 0 bytes in 0 blocks
==10662==         suppressed: 0 bytes in 0 blocks
==10662== Rerun with --leak-check=full to see details of leaked memory
==10662== 
==10662== For lists of detected and suppressed errors, rerun with: -s
==10662== ERROR SUMMARY: 0 errors from 0 contexts (suppressed: 0 from 0)
Running valgrind on ./maps/good/test_pos_left.cub...

[0;32m[Debug info]üõ†Ô∏è  Map info üîç
[0m[0;32m[Debug info] - Map width:[0m21
[0;32m[Debug info] - Map height:[0m3
[0;32m[Debug info]üõ†Ô∏è  Starting player position info üîç
[0m[0;32m[Debug info] - Player X:[0m1
[0;32m[Debug info] - Player Y:[0m1
[0;32m[Debug info] - Player Direction:[0mW
[0;32m[Debug info]üõ†Ô∏è  Colors info c:  üîç
[0m[0;32m[Debug info]üõ†Ô∏è  Colors info f:  üîç
[0m[0;32m[Debug info]üõ†Ô∏è  Textures info:  üîç
[0m[0;32m[Debug info] Texture north:[0mtextures/test/north.xpm
[0;32m[Debug info] Texture south:[0mtextures/test/south.xpm
[0;32m[Debug info] Texture west:[0mtextures/test/west.xpm
[0;32m[Debug info] Texture east:[0mtextures/test/east.xpm
[0;34mN[0;34mO[0;34m [0;34mt[0;34me[0;34mx[0;34mt[0;34mu[0;34mr[0;34me[0;34ms[0;34m/[0;34mt[0;34me[0;34ms[0;34mt[0;34m/[0;34mn[0;34mo[0;34mr[0;34mt[0;34mh[0;34m.[0;34mx[0;34mp[0;34mm
[0m[0;34mS[0;34mO[0;34m [0;34mt[0;34me[0;34mx[0;34mt[0;34mu[0;34mr[0;34me[0;34ms[0;34m/[0;34mt[0;34me[0;34ms[0;34mt[0;34m/[0;34ms[0;34mo[0;34mu[0;34mt[0;34mh[0;34m.[0;34mx[0;34mp[0;34mm
[0m[0;34mW[0;34mE[0;34m [0;34mt[0;34me[0;34mx[0;34mt[0;34mu[0;34mr[0;34me[0;34ms[0;34m/[0;34mt[0;34me[0;34ms[0;34mt[0;34m/[0;34mw[0;34me[0;34ms[0;34mt[0;34m.[0;34mx[0;34mp[0;34mm
[0m[0;34mE[0;34mA[0;34m [0;34mt[0;34me[0;34mx[0;34mt[0;34mu[0;34mr[0;34me[0;34ms[0;34m/[0;34mt[0;34me[0;34ms[0;34mt[0;34m/[0;34me[0;34ma[0;34ms[0;34mt[0;34m.[0;34mx[0;34mp[0;34mm
[0m
[0m[0;34mF[0;34m [0;34m2[0;34m0[0;34m,[0;34m2[0;34m0[0;34m,[0;34m2[0;34m0
[0m[0;34mC[0;34m [0;34m2[0;34m0[0;34m0[0;34m,[0;34m2[0;34m0[0;34m0[0;34m,[0;34m2[0;34m0[0;34m0
[0m
[0m[0;34m1[0;34m1[0;34m1[0;34m1[0;34m1[0;34m1[0;34m1[0;34m1[0;34m1[0;34m1[0;34m1[0;34m1[0;34m1[0;34m1[0;34m1[0;34m1[0;34m1[0;34m1[0;34m1[0;34m1[0;34m1
[0m[0;34m1[0;34mW[0;34m0[0;34m0[0;34m0[0;34m0[0;34m0[0;34m0[0;34m0[0;34m0[0;34m0[0;34m0[0;34m0[0;34m0[0;34m0[0;34m0[0;34m0[0;34m0[0;34m0[0;34m0[0;34m1
[0m[0;34m1[0;34m1[0;34m1[0;34m1[0;34m1[0;34m1[0;34m1[0;34m1[0;34m1[0;34m1[0;34m1[0;34m1[0;34m1[0;34m1[0;34m1[0;34m1[0;34m1[0;34m1[0;34m1[0;34m1[0;34m1
[0m[0;34m2[0;34m0[0;34m0
[0m[0;34m2[0;34m0[0;34m0
[0m[0;34m2[0;34m0[0;34m0
[0m[0;34m2[0;34m0
[0m[0;34m2[0;34m0
[0m[0;34m2[0;34m0
[0m[0;34m1[0;34m1[0;34m1[0;34m1[0;34m1[0;34m1[0;34m1[0;34m1[0;34m1[0;34m1[0;34m1[0;34m1[0;34m1[0;34m1[0;34m1[0;34m1[0;34m1[0;34m1[0;34m1[0;34m1[0;34m1
[0m[0;34m1[0;34mW[0;34m0[0;34m0[0;34m0[0;34m0[0;34m0[0;34m0[0;34m0[0;34m0[0;34m0[0;34m0[0;34m0[0;34m0[0;34m0[0;34m0[0;34m0[0;34m0[0;34m0[0;34m0[0;34m1
[0m[0;34m1[0;34m1[0;34m1[0;34m1[0;34m1[0;34m1[0;34m1[0;34m1[0;34m1[0;34m1[0;34m1[0;34m1[0;34m1[0;34m1[0;34m1[0;34m1[0;34m1[0;34m1[0;34m1[0;34m1[0;34m1
[0mExit code: 0
‚ö†Ô∏è No Valgrind alerts, but with leaks[0m  
==10665== Memcheck, a memory error detector
==10665== Copyright (C) 2002-2022, and GNU GPL'd, by Julian Seward et al.
==10665== Using Valgrind-3.22.0 and LibVEX; rerun with -h for copyright info
==10665== Command: ./cub3d ./maps/good/test_pos_left.cub
==10665== Parent PID: 10551
==10665== 
==10665== 
==10665== HEAP SUMMARY:
==10665==     in use at exit: 604 bytes in 30 blocks
==10665==   total heap usage: 82 allocs, 52 frees, 6,237 bytes allocated
==10665== 
==10665== LEAK SUMMARY:
==10665==    definitely lost: 307 bytes in 10 blocks
==10665==    indirectly lost: 297 bytes in 20 blocks
==10665==      possibly lost: 0 bytes in 0 blocks
==10665==    still reachable: 0 bytes in 0 blocks
==10665==         suppressed: 0 bytes in 0 blocks
==10665== Rerun with --leak-check=full to see details of leaked memory
==10665== 
==10665== For lists of detected and suppressed errors, rerun with: -s
==10665== ERROR SUMMARY: 0 errors from 0 contexts (suppressed: 0 from 0)
Running valgrind on ./maps/good/test_pos_right.cub...

[0;32m[Debug info]üõ†Ô∏è  Map info üîç
[0m[0;32m[Debug info] - Map width:[0m21
[0;32m[Debug info] - Map height:[0m3
[0;32m[Debug info]üõ†Ô∏è  Starting player position info üîç
[0m[0;32m[Debug info] - Player X:[0m19
[0;32m[Debug info] - Player Y:[0m1
[0;32m[Debug info] - Player Direction:[0mE
[0;32m[Debug info]üõ†Ô∏è  Colors info c:  üîç
[0m[0;32m[Debug info]üõ†Ô∏è  Colors info f:  üîç
[0m[0;32m[Debug info]üõ†Ô∏è  Textures info:  üîç
[0m[0;32m[Debug info] Texture north:[0mtextures/test/north.xpm
[0;32m[Debug info] Texture south:[0mtextures/test/south.xpm
[0;32m[Debug info] Texture west:[0mtextures/test/west.xpm
[0;32m[Debug info] Texture east:[0mtextures/test/east.xpm
[0;34mN[0;34mO[0;34m [0;34mt[0;34me[0;34mx[0;34mt[0;34mu[0;34mr[0;34me[0;34ms[0;34m/[0;34mt[0;34me[0;34ms[0;34mt[0;34m/[0;34mn[0;34mo[0;34mr[0;34mt[0;34mh[0;34m.[0;34mx[0;34mp[0;34mm
[0m[0;34mS[0;34mO[0;34m [0;34mt[0;34me[0;34mx[0;34mt[0;34mu[0;34mr[0;34me[0;34ms[0;34m/[0;34mt[0;34me[0;34ms[0;34mt[0;34m/[0;34ms[0;34mo[0;34mu[0;34mt[0;34mh[0;34m.[0;34mx[0;34mp[0;34mm
[0m[0;34mW[0;34mE[0;34m [0;34mt[0;34me[0;34mx[0;34mt[0;34mu[0;34mr[0;34me[0;34ms[0;34m/[0;34mt[0;34me[0;34ms[0;34mt[0;34m/[0;34mw[0;34me[0;34ms[0;34mt[0;34m.[0;34mx[0;34mp[0;34mm
[0m[0;34mE[0;34mA[0;34m [0;34mt[0;34me[0;34mx[0;34mt[0;34mu[0;34mr[0;34me[0;34ms[0;34m/[0;34mt[0;34me[0;34ms[0;34mt[0;34m/[0;34me[0;34ma[0;34ms[0;34mt[0;34m.[0;34mx[0;34mp[0;34mm
[0m
[0m[0;34mF[0;34m [0;34m2[0;34m0[0;34m,[0;34m2[0;34m0[0;34m,[0;34m2[0;34m0
[0m[0;34mC[0;34m [0;34m2[0;34m0[0;34m0[0;34m,[0;34m2[0;34m0[0;34m0[0;34m,[0;34m2[0;34m0[0;34m0
[0m
[0m[0;34m1[0;34m1[0;34m1[0;34m1[0;34m1[0;34m1[0;34m1[0;34m1[0;34m1[0;34m1[0;34m1[0;34m1[0;34m1[0;34m1[0;34m1[0;34m1[0;34m1[0;34m1[0;34m1[0;34m1[0;34m1
[0m[0;34m1[0;34m0[0;34m0[0;34m0[0;34m0[0;34m0[0;34m0[0;34m0[0;34m0[0;34m0[0;34m0[0;34m0[0;34m0[0;34m0[0;34m0[0;34m0[0;34m0[0;34m0[0;34m0[0;34mE[0;34m1
[0m[0;34m1[0;34m1[0;34m1[0;34m1[0;34m1[0;34m1[0;34m1[0;34m1[0;34m1[0;34m1[0;34m1[0;34m1[0;34m1[0;34m1[0;34m1[0;34m1[0;34m1[0;34m1[0;34m1[0;34m1[0;34m1
[0m[0;34m2[0;34m0[0;34m0
[0m[0;34m2[0;34m0[0;34m0
[0m[0;34m2[0;34m0[0;34m0
[0m[0;34m2[0;34m0
[0m[0;34m2[0;34m0
[0m[0;34m2[0;34m0
[0m[0;34m1[0;34m1[0;34m1[0;34m1[0;34m1[0;34m1[0;34m1[0;34m1[0;34m1[0;34m1[0;34m1[0;34m1[0;34m1[0;34m1[0;34m1[0;34m1[0;34m1[0;34m1[0;34m1[0;34m1[0;34m1
[0m[0;34m1[0;34m0[0;34m0[0;34m0[0;34m0[0;34m0[0;34m0[0;34m0[0;34m0[0;34m0[0;34m0[0;34m0[0;34m0[0;34m0[0;34m0[0;34m0[0;34m0[0;34m0[0;34m0[0;34mE[0;34m1
[0m[0;34m1[0;34m1[0;34m1[0;34m1[0;34m1[0;34m1[0;34m1[0;34m1[0;34m1[0;34m1[0;34m1[0;34m1[0;34m1[0;34m1[0;34m1[0;34m1[0;34m1[0;34m1[0;34m1[0;34m1[0;34m1
[0mExit code: 0
‚ö†Ô∏è No Valgrind alerts, but with leaks[0m  
==10699== Memcheck, a memory error detector
==10699== Copyright (C) 2002-2022, and GNU GPL'd, by Julian Seward et al.
==10699== Using Valgrind-3.22.0 and LibVEX; rerun with -h for copyright info
==10699== Command: ./cub3d ./maps/good/test_pos_right.cub
==10699== Parent PID: 10551
==10699== 
==10699== 
==10699== HEAP SUMMARY:
==10699==     in use at exit: 604 bytes in 30 blocks
==10699==   total heap usage: 82 allocs, 52 frees, 6,237 bytes allocated
==10699== 
==10699== LEAK SUMMARY:
==10699==    definitely lost: 307 bytes in 10 blocks
==10699==    indirectly lost: 297 bytes in 20 blocks
==10699==      possibly lost: 0 bytes in 0 blocks
==10699==    still reachable: 0 bytes in 0 blocks
==10699==         suppressed: 0 bytes in 0 blocks
==10699== Rerun with --leak-check=full to see details of leaked memory
==10699== 
==10699== For lists of detected and suppressed errors, rerun with: -s
==10699== ERROR SUMMARY: 0 errors from 0 contexts (suppressed: 0 from 0)
Running valgrind on ./maps/good/test_pos_top.cub...

[0;32m[Debug info]üõ†Ô∏è  Map info üîç
[0m[0;32m[Debug info] - Map width:[0m3
[0;32m[Debug info] - Map height:[0m13
[0;32m[Debug info]üõ†Ô∏è  Starting player position info üîç
[0m[0;32m[Debug info] - Player X:[0m1
[0;32m[Debug info] - Player Y:[0m1
[0;32m[Debug info] - Player Direction:[0mN
[0;32m[Debug info]üõ†Ô∏è  Colors info c:  üîç
[0m[0;32m[Debug info]üõ†Ô∏è  Colors info f:  üîç
[0m[0;32m[Debug info]üõ†Ô∏è  Textures info:  üîç
[0m[0;32m[Debug info] Texture north:[0mtextures/test/north.xpm
[0;32m[Debug info] Texture south:[0mtextures/test/south.xpm
[0;32m[Debug info] Texture west:[0mtextures/test/west.xpm
[0;32m[Debug info] Texture east:[0mtextures/test/east.xpm
[0;34mN[0;34mO[0;34m [0;34mt[0;34me[0;34mx[0;34mt[0;34mu[0;34mr[0;34me[0;34ms[0;34m/[0;34mt[0;34me[0;34ms[0;34mt[0;34m/[0;34mn[0;34mo[0;34mr[0;34mt[0;34mh[0;34m.[0;34mx[0;34mp[0;34mm
[0m[0;34mS[0;34mO[0;34m [0;34mt[0;34me[0;34mx[0;34mt[0;34mu[0;34mr[0;34me[0;34ms[0;34m/[0;34mt[0;34me[0;34ms[0;34mt[0;34m/[0;34ms[0;34mo[0;34mu[0;34mt[0;34mh[0;34m.[0;34mx[0;34mp[0;34mm
[0m[0;34mW[0;34mE[0;34m [0;34mt[0;34me[0;34mx[0;34mt[0;34mu[0;34mr[0;34me[0;34ms[0;34m/[0;34mt[0;34me[0;34ms[0;34mt[0;34m/[0;34mw[0;34me[0;34ms[0;34mt[0;34m.[0;34mx[0;34mp[0;34mm
[0m[0;34mE[0;34mA[0;34m [0;34mt[0;34me[0;34mx[0;34mt[0;34mu[0;34mr[0;34me[0;34ms[0;34m/[0;34mt[0;34me[0;34ms[0;34mt[0;34m/[0;34me[0;34ma[0;34ms[0;34mt[0;34m.[0;34mx[0;34mp[0;34mm
[0m
[0m[0;34mF[0;34m [0;34m2[0;34m0[0;34m,[0;34m2[0;34m0[0;34m,[0;34m2[0;34m0
[0m[0;34mC[0;34m [0;34m2[0;34m0[0;34m0[0;34m,[0;34m2[0;34m0[0;34m0[0;34m,[0;34m2[0;34m0[0;34m0
[0m
[0m[0;34m1[0;34m1[0;34m1
[0m[0;34m1[0;34mN[0;34m1
[0m[0;34m1[0;34m0[0;34m1
[0m[0;34m1[0;34m0[0;34m1
[0m[0;34m1[0;34m0[0;34m1
[0m[0;34m1[0;34m0[0;34m1
[0m[0;34m1[0;34m0[0;34m1
[0m[0;34m1[0;34m0[0;34m1
[0m[0;34m1[0;34m0[0;34m1
[0m[0;34m1[0;34m0[0;34m1
[0m[0;34m1[0;34m0[0;34m1
[0m[0;34m1[0;34m0[0;34m1
[0m[0;34m1[0;34m1[0;34m1
[0m[0;34m2[0;34m0[0;34m0
[0m[0;34m2[0;34m0[0;34m0
[0m[0;34m2[0;34m0[0;34m0
[0m[0;34m2[0;34m0
[0m[0;34m2[0;34m0
[0m[0;34m2[0;34m0
[0m[0;34m1[0;34m1[0;34m1
[0m[0;34m1[0;34mN[0;34m1
[0m[0;34m1[0;34m0[0;34m1
[0m[0;34m1[0;34m0[0;34m1
[0m[0;34m1[0;34m0[0;34m1
[0m[0;34m1[0;34m0[0;34m1
[0m[0;34m1[0;34m0[0;34m1
[0m[0;34m1[0;34m0[0;34m1
[0m[0;34m1[0;34m0[0;34m1
[0m[0;34m1[0;34m0[0;34m1
[0m[0;34m1[0;34m0[0;34m1
[0m[0;34m1[0;34m0[0;34m1
[0m[0;34m1[0;34m1[0;34m1
[0mExit code: 0
‚ö†Ô∏è No Valgrind alerts, but with leaks[0m  
==10702== Memcheck, a memory error detector
==10702== Copyright (C) 2002-2022, and GNU GPL'd, by Julian Seward et al.
==10702== Using Valgrind-3.22.0 and LibVEX; rerun with -h for copyright info
==10702== Command: ./cub3d ./maps/good/test_pos_top.cub
==10702== Parent PID: 10551
==10702== 
==10702== 
==10702== HEAP SUMMARY:
==10702==     in use at exit: 746 bytes in 50 blocks
==10702==   total heap usage: 141 allocs, 91 frees, 8,007 bytes allocated
==10702== 
==10702== LEAK SUMMARY:
==10702==    definitely lost: 467 bytes in 10 blocks
==10702==    indirectly lost: 279 bytes in 40 blocks
==10702==      possibly lost: 0 bytes in 0 blocks
==10702==    still reachable: 0 bytes in 0 blocks
==10702==         suppressed: 0 bytes in 0 blocks
==10702== Rerun with --leak-check=full to see details of leaked memory
==10702== 
==10702== For lists of detected and suppressed errors, rerun with: -s
==10702== ERROR SUMMARY: 0 errors from 0 contexts (suppressed: 0 from 0)
Running valgrind on ./maps/good/test_textures.cub...

[0;32m[Debug info]üõ†Ô∏è  Map info üîç
[0m[0;32m[Debug info] - Map width:[0m5
[0;32m[Debug info] - Map height:[0m13
[0;32m[Debug info]üõ†Ô∏è  Starting player position info üîç
[0m[0;32m[Debug info] - Player X:[0m2
[0;32m[Debug info] - Player Y:[0m2
[0;32m[Debug info] - Player Direction:[0mS
[0;32m[Debug info]üõ†Ô∏è  Colors info c:  üîç
[0m[0;32m[Debug info]üõ†Ô∏è  Colors info f:  üîç
[0m[0;32m[Debug info]üõ†Ô∏è  Textures info:  üîç
[0m[0;32m[Debug info] Texture north:[0mtextures/test/north.xpm
[0;32m[Debug info] Texture south:[0mtextures/test/south.xpm
[0;32m[Debug info] Texture west:[0mtextures/test/west.xpm
[0;32m[Debug info] Texture east:[0mtextures/test/east.xpm
[0;34mN[0;34mO[0;34m [0;34mt[0;34me[0;34mx[0;34mt[0;34mu[0;34mr[0;34me[0;34ms[0;34m/[0;34mt[0;34me[0;34ms[0;34mt[0;34m/[0;34mn[0;34mo[0;34mr[0;34mt[0;34mh[0;34m.[0;34mx[0;34mp[0;34mm
[0m[0;34mS[0;34mO[0;34m [0;34mt[0;34me[0;34mx[0;34mt[0;34mu[0;34mr[0;34me[0;34ms[0;34m/[0;34mt[0;34me[0;34ms[0;34mt[0;34m/[0;34ms[0;34mo[0;34mu[0;34mt[0;34mh[0;34m.[0;34mx[0;34mp[0;34mm
[0m[0;34mW[0;34mE[0;34m [0;34mt[0;34me[0;34mx[0;34mt[0;34mu[0;34mr[0;34me[0;34ms[0;34m/[0;34mt[0;34me[0;34ms[0;34mt[0;34m/[0;34mw[0;34me[0;34ms[0;34mt[0;34m.[0;34mx[0;34mp[0;34mm
[0m[0;34mE[0;34mA[0;34m [0;34mt[0;34me[0;34mx[0;34mt[0;34mu[0;34mr[0;34me[0;34ms[0;34m/[0;34mt[0;34me[0;34ms[0;34mt[0;34m/[0;34me[0;34ma[0;34ms[0;34mt[0;34m.[0;34mx[0;34mp[0;34mm
[0m
[0m[0;34mF[0;34m [0;34m2[0;34m0[0;34m,[0;34m2[0;34m0[0;34m,[0;34m2[0;34m0
[0m[0;34mC[0;34m [0;34m2[0;34m0[0;34m0[0;34m,[0;34m2[0;34m0[0;34m0[0;34m,[0;34m2[0;34m0[0;34m0
[0m
[0m[0;34m1[0;34m1[0;34m1[0;34m1[0;34m1
[0m[0;34m1[0;34m0[0;34m0[0;34m0[0;34m1
[0m[0;34m1[0;34m0[0;34mS[0;34m0[0;34m1
[0m[0;34m1[0;34m0[0;34m0[0;34m0[0;34m1
[0m[0;34m1[0;34m0[0;34m0[0;34m0[0;34m1
[0m[0;34m1[0;34m0[0;34m0[0;34m0[0;34m1
[0m[0;34m1[0;34m1[0;34m0[0;34m0[0;34m1
[0m[0;34m1[0;34m0[0;34m0[0;34m0[0;34m1
[0m[0;34m1[0;34m0[0;34m0[0;34m0[0;34m1
[0m[0;34m1[0;34m0[0;34m0[0;34m0[0;34m1
[0m[0;34m1[0;34m0[0;34m0[0;34m0[0;34m1
[0m[0;34m1[0;34m0[0;34m0[0;34m0[0;34m1
[0m[0;34m1[0;34m1[0;34m1[0;34m1[0;34m1
[0m[0;34m2[0;34m0[0;34m0
[0m[0;34m2[0;34m0[0;34m0
[0m[0;34m2[0;34m0[0;34m0
[0m[0;34m2[0;34m0
[0m[0;34m2[0;34m0
[0m[0;34m2[0;34m0
[0m[0;34m1[0;34m1[0;34m1[0;34m1[0;34m1
[0m[0;34m1[0;34m0[0;34m0[0;34m0[0;34m1
[0m[0;34m1[0;34m0[0;34mS[0;34m0[0;34m1
[0m[0;34m1[0;34m0[0;34m0[0;34m0[0;34m1
[0m[0;34m1[0;34m0[0;34m0[0;34m0[0;34m1
[0m[0;34m1[0;34m0[0;34m0[0;34m0[0;34m1
[0m[0;34m1[0;34m1[0;34m0[0;34m0[0;34m1
[0m[0;34m1[0;34m0[0;34m0[0;34m0[0;34m1
[0m[0;34m1[0;34m0[0;34m0[0;34m0[0;34m1
[0m[0;34m1[0;34m0[0;34m0[0;34m0[0;34m1
[0m[0;34m1[0;34m0[0;34m0[0;34m0[0;34m1
[0m[0;34m1[0;34m0[0;34m0[0;34m0[0;34m1
[0m[0;34m1[0;34m1[0;34m1[0;34m1[0;34m1
[0mExit code: 0
‚ö†Ô∏è No Valgrind alerts, but with leaks[0m  
==10705== Memcheck, a memory error detector
==10705== Copyright (C) 2002-2022, and GNU GPL'd, by Julian Seward et al.
==10705== Using Valgrind-3.22.0 and LibVEX; rerun with -h for copyright info
==10705== Command: ./cub3d ./maps/good/test_textures.cub
==10705== Parent PID: 10551
==10705== 
==10705== 
==10705== HEAP SUMMARY:
==10705==     in use at exit: 798 bytes in 50 blocks
==10705==   total heap usage: 142 allocs, 92 frees, 8,146 bytes allocated
==10705== 
==10705== LEAK SUMMARY:
==10705==    definitely lost: 467 bytes in 10 blocks
==10705==    indirectly lost: 331 bytes in 40 blocks
==10705==      possibly lost: 0 bytes in 0 blocks
==10705==    still reachable: 0 bytes in 0 blocks
==10705==         suppressed: 0 bytes in 0 blocks
==10705== Rerun with --leak-check=full to see details of leaked memory
==10705== 
==10705== For lists of detected and suppressed errors, rerun with: -s
==10705== ERROR SUMMARY: 0 errors from 0 contexts (suppressed: 0 from 0)
Running valgrind on ./maps/good/test_whitespace.cub...

[0;32m[Debug info]üõ†Ô∏è  Map info üîç
[0m[0;32m[Debug info] - Map width:[0m21
[0;32m[Debug info] - Map height:[0m13
[0;32m[Debug info]üõ†Ô∏è  Starting player position info üîç
[0m[0;32m[Debug info] - Player X:[0m2
[0;32m[Debug info] - Player Y:[0m2
[0;32m[Debug info] - Player Direction:[0mS
[0;32m[Debug info]üõ†Ô∏è  Colors info c:  üîç
[0m[0;32m[Debug info]üõ†Ô∏è  Colors info f:  üîç
[0m[0;32m[Debug info]üõ†Ô∏è  Textures info:  üîç
[0m[0;32m[Debug info] Texture north:[0mtextures/test/north.xpm
[0;32m[Debug info] Texture south:[0mtextures/test/south.xpm
[0;32m[Debug info] Texture west:[0mtextures/test/west.xpm
[0;32m[Debug info] Texture east:[0mtextures/test/east.xpm

[0m
[0m
[0m
[0m
[0m
[0m
[0m
[0m[0;34mN[0;34mO[0;34m [0;34mt[0;34me[0;34mx[0;34mt[0;34mu[0;34mr[0;34me[0;34ms[0;34m/[0;34mt[0;34me[0;34ms[0;34mt[0;34m/[0;34mn[0;34mo[0;34mr[0;34mt[0;34mh[0;34m.[0;34mx[0;34mp[0;34mm
[0m
[0m
[0m
[0m
[0m
[0m
[0m
[0m
[0m[0;34mS[0;34mO[0;34m [0;34mt[0;34me[0;34mx[0;34mt[0;34mu[0;34mr[0;34me[0;34ms[0;34m/[0;34mt[0;34me[0;34ms[0;34mt[0;34m/[0;34ms[0;34mo[0;34mu[0;34mt[0;34mh[0;34m.[0;34mx[0;34mp[0;34mm
[0m[0;34m [0;34m [0;34m [0;34m [0;34m [0;34m [0;34m [0;34m [0;34m [0;34m [0;34m [0;34m [0;34m [0;34m [0;34m [0;34m [0;34m [0;34m [0;34m [0;34m [0;34m [0;34m [0;34m [0;34m [0;34mW[0;34mE[0;34m [0;34mt[0;34me[0;34mx[0;34mt[0;34mu[0;34mr[0;34me[0;34ms[0;34m/[0;34mt[0;34me[0;34ms[0;34mt[0;34m/[0;34mw[0;34me[0;34ms[0;34mt[0;34m.[0;34mx[0;34mp[0;34mm
[0m[0;34m [0;34m [0;34m [0;34m [0;34m [0;34m [0;34m [0;34m [0;34mE[0;34mA[0;34m [0;34mt[0;34me[0;34mx[0;34mt[0;34mu[0;34mr[0;34me[0;34ms[0;34m/[0;34mt[0;34me[0;34ms[0;34mt[0;34m/[0;34me[0;34ma[0;34ms[0;34mt[0;34m.[0;34mx[0;34mp[0;34mm[0;34m [0;34m [0;34m [0;34m [0;34m [0;34m [0;34m [0;34m [0;34m [0;34m [0;34m [0;34m 
[0m
[0m[0;34m [0;34m [0;34m [0;34m [0;34m [0;34m [0;34m [0;34m [0;34mF[0;34m [0;34m2[0;34m0[0;34m,[0;34m [0;34m [0;34m [0;34m [0;34m [0;34m [0;34m [0;34m [0;34m [0;34m [0;34m [0;34m2[0;34m0[0;34m,[0;34m [0;34m [0;34m [0;34m [0;34m [0;34m [0;34m [0;34m [0;34m [0;34m [0;34m [0;34m [0;34m [0;34m2[0;34m0
[0m[0;34mC[0;34m [0;34m2[0;34m0[0;34m0[0;34m,[0;34m [0;34m [0;34m [0;34m [0;34m [0;34m [0;34m [0;34m [0;34m [0;34m [0;34m2[0;34m0[0;34m0[0;34m,[0;34m2[0;34m0[0;34m0
[0m
[0m[0;34m1[0;34m1[0;34m1[0;34m1[0;34m1
[0m[0;34m1[0;34m0[0;34m0[0;34m0[0;34m1
[0m[0;34m1[0;34m0[0;34mS[0;34m0[0;34m1[0;34m [0;34m [0;34m [0;34m [0;34m [0;34m [0;34m [0;34m [0;34m [0;34m [0;34m [0;34m [0;34m [0;34m [0;34m [0;34m 
[0m[0;34m1[0;34m0[0;34m0[0;34m0[0;34m1
[0m[0;34m1[0;34m0[0;34m0[0;34m0[0;34m1
[0m[0;34m1[0;34m0[0;34m0[0;34m0[0;34m1
[0m[0;34m1[0;34m1[0;34m0[0;34m0[0;34m1[0;34m [0;34m [0;34m [0;34m [0;34m [0;34m [0;34m [0;34m [0;34m [0;34m [0;34m [0;34m [0;34m [0;34m [0;34m 
[0m[0;34m1[0;34m0[0;34m0[0;34m0[0;34m1
[0m[0;34m1[0;34m0[0;34m0[0;34m0[0;34m1
[0m[0;34m1[0;34m0[0;34m0[0;34m0[0;34m1
[0m[0;34m1[0;34m0[0;34m0[0;34m0[0;34m1
[0m[0;34m1[0;34m0[0;34m0[0;34m0[0;34m1
[0m[0;34m1[0;34m1[0;34m1[0;34m1[0;34m1[0;34m [0;34m [0;34m [0;34m [0;34m [0;34m [0;34m [0;34m [0;34m [0;34m [0;34m 
[0m
[0m[0;34m [0;34m [0;34m [0;34m [0;34m [0;34m [0;34m [0;34m 
[0m
[0m
[0m
[0m
[0m
[0m
[0m
[0m
[0m
[0m
[0m
[0m
[0m
[0m
[0m
[0m
[0m
[0m
[0m
[0m
[0m
[0m[0;34m2[0;34m0[0;34m0
[0m[0;34m2[0;34m0[0;34m0
[0m[0;34m2[0;34m0[0;34m0
[0m[0;34m2[0;34m0
[0m[0;34m2[0;34m0
[0m[0;34m2[0;34m0
[0m[0;34m1[0;34m1[0;34m1[0;34m1[0;34m1[0;34m1[0;34m1[0;34m1[0;34m1[0;34m1[0;34m1[0;34m1[0;34m1[0;34m1[0;34m1[0;34m1[0;34m1[0;34m1[0;34m1[0;34m1[0;34m1
[0m[0;34m1[0;34m0[0;34m0[0;34m0[0;34m1[0;34m1[0;34m1[0;34m1[0;34m1[0;34m1[0;34m1[0;34m1[0;34m1[0;34m1[0;34m1[0;34m1[0;34m1[0;34m1[0;34m1[0;34m1[0;34m1
[0m[0;34m1[0;34m0[0;34mS[0;34m0[0;34m1[0;34m1[0;34m1[0;34m1[0;34m1[0;34m1[0;34m1[0;34m1[0;34m1[0;34m1[0;34m1[0;34m1[0;34m1[0;34m1[0;34m1[0;34m1[0;34m1
[0m[0;34m1[0;34m0[0;34m0[0;34m0[0;34m1[0;34m1[0;34m1[0;34m1[0;34m1[0;34m1[0;34m1[0;34m1[0;34m1[0;34m1[0;34m1[0;34m1[0;34m1[0;34m1[0;34m1[0;34m1[0;34m1
[0m[0;34m1[0;34m0[0;34m0[0;34m0[0;34m1[0;34m1[0;34m1[0;34m1[0;34m1[0;34m1[0;34m1[0;34m1[0;34m1[0;34m1[0;34m1[0;34m1[0;34m1[0;34m1[0;34m1[0;34m1[0;34m1
[0m[0;34m1[0;34m0[0;34m0[0;34m0[0;34m1[0;34m1[0;34m1[0;34m1[0;34m1[0;34m1[0;34m1[0;34m1[0;34m1[0;34m1[0;34m1[0;34m1[0;34m1[0;34m1[0;34m1[0;34m1[0;34m1
[0m[0;34m1[0;34m1[0;34m0[0;34m0[0;34m1[0;34m1[0;34m1[0;34m1[0;34m1[0;34m1[0;34m1[0;34m1[0;34m1[0;34m1[0;34m1[0;34m1[0;34m1[0;34m1[0;34m1[0;34m1[0;34m1
[0m[0;34m1[0;34m0[0;34m0[0;34m0[0;34m1[0;34m1[0;34m1[0;34m1[0;34m1[0;34m1[0;34m1[0;34m1[0;34m1[0;34m1[0;34m1[0;34m1[0;34m1[0;34m1[0;34m1[0;34m1[0;34m1
[0m[0;34m1[0;34m0[0;34m0[0;34m0[0;34m1[0;34m1[0;34m1[0;34m1[0;34m1[0;34m1[0;34m1[0;34m1[0;34m1[0;34m1[0;34m1[0;34m1[0;34m1[0;34m1[0;34m1[0;34m1[0;34m1
[0m[0;34m1[0;34m0[0;34m0[0;34m0[0;34m1[0;34m1[0;34m1[0;34m1[0;34m1[0;34m1[0;34m1[0;34m1[0;34m1[0;34m1[0;34m1[0;34m1[0;34m1[0;34m1[0;34m1[0;34m1[0;34m1
[0m[0;34m1[0;34m0[0;34m0[0;34m0[0;34m1[0;34m1[0;34m1[0;34m1[0;34m1[0;34m1[0;34m1[0;34m1[0;34m1[0;34m1[0;34m1[0;34m1[0;34m1[0;34m1[0;34m1[0;34m1[0;34m1
[0m[0;34m1[0;34m0[0;34m0[0;34m0[0;34m1[0;34m1[0;34m1[0;34m1[0;34m1[0;34m1[0;34m1[0;34m1[0;34m1[0;34m1[0;34m1[0;34m1[0;34m1[0;34m1[0;34m1[0;34m1[0;34m1
[0m[0;34m1[0;34m1[0;34m1[0;34m1[0;34m1[0;34m1[0;34m1[0;34m1[0;34m1[0;34m1[0;34m1[0;34m1[0;34m1[0;34m1[0;34m1[0;34m1[0;34m1[0;34m1[0;34m1[0;34m1[0;34m1
[0mExit code: 0
‚ö†Ô∏è No Valgrind alerts, but with leaks[0m  
==10708== Memcheck, a memory error detector
==10708== Copyright (C) 2002-2022, and GNU GPL'd, by Julian Seward et al.
==10708== Using Valgrind-3.22.0 and LibVEX; rerun with -h for copyright info
==10708== Command: ./cub3d ./maps/good/test_whitespace.cub
==10708== Parent PID: 10551
==10708== 
==10708== 
==10708== HEAP SUMMARY:
==10708==     in use at exit: 1,566 bytes in 89 blocks
==10708==   total heap usage: 306 allocs, 217 frees, 23,419 bytes allocated
==10708== 
==10708== LEAK SUMMARY:
==10708==    definitely lost: 813 bytes in 10 blocks
==10708==    indirectly lost: 753 bytes in 79 blocks
==10708==      possibly lost: 0 bytes in 0 blocks
==10708==    still reachable: 0 bytes in 0 blocks
==10708==         suppressed: 0 bytes in 0 blocks
==10708== Rerun with --leak-check=full to see details of leaked memory
==10708== 
==10708== For lists of detected and suppressed errors, rerun with: -s
==10708== ERROR SUMMARY: 0 errors from 0 contexts (suppressed: 0 from 0)
Running valgrind on ./maps/good/works.cub...
Starting Valgrind tests...
Running valgrind on ./maps/good/cheese_maze.cub...

[0;34mN[0;34mO[0;34m [0;34mt[0;34me[0;34mx[0;34mt[0;34mu[0;34mr[0;34me[0;34ms[0;34m/[0;34mt[0;34me[0;34ms[0;34mt[0;34m/[0;34mn[0;34mo[0;34mr[0;34mt[0;34mh[0;34m.[0;34mx[0;34mp[0;34mm
[0m[0;34mS[0;34mO[0;34m [0;34mt[0;34me[0;34mx[0;34mt[0;34mu[0;34mr[0;34me[0;34ms[0;34m/[0;34mt[0;34me[0;34ms[0;34mt[0;34m/[0;34ms[0;34mo[0;34mu[0;34mt[0;34mh[0;34m.[0;34mx[0;34mp[0;34mm
[0m[0;34mW[0;34mE[0;34m [0;34mt[0;34me[0;34mx[0;34mt[0;34mu[0;34mr[0;34me[0;34ms[0;34m/[0;34mt[0;34me[0;34ms[0;34mt[0;34m/[0;34mw[0;34me[0;34ms[0;34mt[0;34m.[0;34mx[0;34mp[0;34mm
[0m[0;34mE[0;34mA[0;34m [0;34mt[0;34me[0;34mx[0;34mt[0;34mu[0;34mr[0;34me[0;34ms[0;34m/[0;34mt[0;34me[0;34ms[0;34mt[0;34m/[0;34me[0;34ma[0;34ms[0;34mt[0;34m.[0;34mx[0;34mp[0;34mm
[0m
[0m[0;34mF[0;34m [0;34m1[0;34m6[0;34m4[0;34m,[0;34m1[0;34m6[0;34m9[0;34m,[0;34m2[0;34m0
[0m[0;34mC[0;34m [0;34m1[0;34m5[0;34m3[0;34m,[0;34m2[0;34m0[0;34m4[0;34m,[0;34m2[0;34m5[0;34m5
[0m
[0m[0;34m1[0;34m1[0;34m1[0;34m1[0;34m1[0;34m1[0;34m1[0;34m1[0;34m1[0;34m1[0;34m1[0;34m1[0;34m1[0;34m1[0;34m1[0;34m1[0;34m1[0;34m1[0;34m1[0;34m1[0;34m1
[0m[0;34m1[0;34m0[0;34m1[0;34m0[0;34m0[0;34m0[0;34m0[0;34m0[0;34m1[0;34m0[0;34m0[0;34m0[0;34m0[0;34m0[0;34m0[0;34m0[0;34m0[0;34m0[0;34m0[0;34m0[0;34m1
[0m[0;34m1[0;34m0[0;34m1[0;34m0[0;34m1[0;34m0[0;34m1[0;34m0[0;34m1[0;34m0[0;34m1[0;34m1[0;34m1[0;34m1[0;34m1[0;34m1[0;34m1[0;34m0[0;34m0[0;34m0[0;34m1
[0m[0;34m1[0;34m0[0;34m0[0;34m0[0;34m1[0;34m0[0;34m1[0;34m0[0;34m0[0;34m0[0;34m1[0;34m0[0;34m0[0;34m0[0;34m0[0;34m0[0;34m1[0;34m0[0;34m0[0;34m0[0;34m1
[0m[0;34m1[0;34m1[0;34m1[0;34m1[0;34m1[0;34m0[0;34m1[0;34m0[0;34m1[0;34m1[0;34m1[0;34m1[0;34m1[0;34m0[0;34m1[0;34m0[0;34m1[0;34m1[0;34m1[0;34m0[0;34m1
[0m[0;34m1[0;34m0[0;34m0[0;34m0[0;34m0[0;34m0[0;34m1[0;34m0[0;34m1[0;34m0[0;34m0[0;34m0[0;34m1[0;34m0[0;34m1[0;34m0[0;34m0[0;34m0[0;34m0[0;34m0[0;34m1
[0m[0;34m1[0;34m0[0;34m1[0;34m1[0;34m1[0;34m1[0;34m1[0;34m0[0;34m1[0;34m0[0;34m1[0;34m1[0;34m1[0;34m0[0;34m1[0;34m1[0;34m1[0;34m1[0;34m1[0;34m1[0;34m1
[0m[0;34m1[0;34m0[0;34m1[0;34m0[0;34m0[0;34m0[0;34m0[0;34m0[0;34m1[0;34m0[0;34m1[0;34m0[0;34m1[0;34m0[0;34m0[0;34m0[0;34m0[0;34m0[0;34m1[0;34m0[0;34m1
[0m[0;34m1[0;34m0[0;34m1[0;34m0[0;34m1[0;34m1[0;34m1[0;34m1[0;34m1[0;34m0[0;34m1[0;34m0[0;34m1[0;34m1[0;34m1[0;34m1[0;34m1[0;34m0[0;34m1[0;34m0[0;34m1
[0m[0;34m1[0;34m0[0;34m1[0;34m0[0;34m1[0;34m0[0;34m0[0;34m0[0;34m1[0;34m0[0;34m1[0;34m0[0;34m1[0;34m0[0;34m0[0;34m0[0;34m1[0;34m0[0;34m1[0;34m0[0;34m1
[0m[0;34m1[0;34m0[0;34m1[0;34m1[0;34m1[0;34m0[0;34m1[0;34m0[0;34m1[0;34m0[0;34m1[0;34m0[0;34m1[0;34m0[0;34m1[0;34m0[0;34m1[0;34m0[0;34m1[0;34m0[0;34m1
[0m[0;34m1[0;34m0[0;34m0[0;34m0[0;34m0[0;34m0[0;34m1[0;34m0[0;34m1[0;34m0[0;34m1[0;34m0[0;34m0[0;34m0[0;34m1[0;34m0[0;34m1[0;34m0[0;34m0[0;34m0[0;34m1
[0m[0;34m1[0;34m1[0;34m1[0;34m1[0;34m1[0;34m1[0;34m1[0;34m0[0;34m1[0;34m0[0;34m1[0;34m1[0;34m1[0;34m1[0;34m1[0;34m0[0;34m1[0;34m1[0;34m1[0;34m0[0;34m1
[0m[0;34m1[0;34m0[0;34m0[0;34m0[0;34m0[0;34m0[0;34m1[0;34m0[0;34m1[0;34m0[0;34m0[0;34m0[0;34m1[0;34m0[0;34m0[0;34m0[0;34m1[0;34m0[0;34m0[0;34m0[0;34m1
[0m[0;34m1[0;34m0[0;34m1[0;34m1[0;34m1[0;34m0[0;34m1[0;34m0[0;34m1[0;34m1[0;34m1[0;34m0[0;34m1[0;34m0[0;34m1[0;34m1[0;34m1[0;34m0[0;34m1[0;34m1[0;34m1
[0m[0;34m1[0;34m0[0;34m1[0;34m0[0;34m0[0;34m0[0;34m1[0;34m0[0;34m0[0;34m0[0;34m0[0;34m0[0;34m1[0;34m0[0;34m0[0;34m0[0;34m1[0;34m0[0;34m1[0;34m0[0;34m1
[0m[0;34m1[0;34m0[0;34m1[0;34m0[0;34m1[0;34m1[0;34m1[0;34m1[0;34m1[0;34m1[0;34m1[0;34m1[0;34m1[0;34m1[0;34m1[0;34m0[0;34m1[0;34m0[0;34m1[0;34m0[0;34m1
[0m[0;34m1[0;34m0[0;34m0[0;34m0[0;34m1[0;34m0[0;34m0[0;34m0[0;34m0[0;34m0[0;34m0[0;34m0[0[0;32m[Debug info]üõ†Ô∏è  Map info üîç
[0m[0;32m[Debug info] - Map width:[0m21
[0;32m[Debug info] - Map height:[0m21
[0;32m[Debug info]üõ†Ô∏è  Starting player position info üîç
[0m[0;32m[Debug info] - Player X:[0m1
[0;32m[Debug info] - Player Y:[0m19
[0;32m[Debug info] - Player Direction:[0mN
[0;32m[Debug info]üõ†Ô∏è  Colors info c:  üîç
[0m[0;32m[Debug info]üõ†Ô∏è  Colors info f:  üîç
[0m[0;32m[Debug info]üõ†Ô∏è  Textures info:  üîç
[0m[0;32m[Debug info] Texture north:[0mtextures/test/north.xpm
[0;32m[Debug info] Texture south:[0mtextures/test/south.xpm
[0;32m[Debug info] Texture west:[0mtextures/test/west.xpm
[0;32m[Debug info] Texture east:[0mtextures/test/east.xpm
;34m0[0;34m0[0;34m0[0;34m0[0;34m1[0;34m0[0;34m0[0;34m0[0;34m1
[0m[0;34m1[0;34m0[0;34m1[0;34m0[0;34m1[0;34m0[0;34m1[0;34m1[0;34m1[0;34m0[0;34m1[0;34m1[0;34m1[0;34m1[0;34m1[0;34m1[0;34m1[0;34m1[0;34m1[0;34m0[0;34m1
[0m[0;34m1[0;34mN[0;34m1[0;34m0[0;34m0[0;34m0[0;34m0[0;34m0[0;34m1[0;34m0[0;34m0[0;34m0[0;34m0[0;34m0[0;34m0[0;34m0[0;34m0[0;34m0[0;34m0[0;34m0[0;34m1
[0m[0;34m1[0;34m1[0;34m1[0;34m1[0;34m1[0;34m1[0;34m1[0;34m1[0;34m1[0;34m1[0;34m1[0;34m1[0;34m1[0;34m1[0;34m1[0;34m1[0;34m1[0;34m1[0;34m1[0;34m1[0;34m1
[0m
[0m[0;34m1[0;34m5[0;34m3
[0m[0;34m2[0;34m0[0;34m4
[0m[0;34m2[0;34m5[0;34m5
[0m[0;34m1[0;34m6[0;34m4
[0m[0;34m1[0;34m6[0;34m9
[0m[0;34m2[0;34m0
[0m[0;34m1[0;34m1[0;34m1[0;34m1[0;34m1[0;34m1[0;34m1[0;34m1[0;34m1[0;34m1[0;34m1[0;34m1[0;34m1[0;34m1[0;34m1[0;34m1[0;34m1[0;34m1[0;34m1[0;34m1[0;34m1
[0m[0;34m1[0;34m0[0;34m1[0;34m0[0;34m0[0;34m0[0;34m0[0;34m0[0;34m1[0;34m0[0;34m0[0;34m0[0;34m0[0;34m0[0;34m0[0;34m0[0;34m0[0;34m0[0;34m0[0;34m0[0;34m1
[0m[0;34m1[0;34m0[0;34m1[0;34m0[0;34m1[0;34m0[0;34m1[0;34m0[0;34m1[0;34m0[0;34m1[0;34m1[0;34m1[0;34m1[0;34m1[0;34m1[0;34m1[0;34m0[0;34m0[0;34m0[0;34m1
[0m[0;34m1[0;34m0[0;34m0[0;34m0[0;34m1[0;34m0[0;34m1[0;34m0[0;34m0[0;34m0[0;34m1[0;34m0[0;34m0[0;34m0[0;34m0[0;34m0[0;34m1[0;34m0[0;34m0[0;34m0[0;34m1
[0m[0;34m1[0;34m1[0;34m1[0;34m1[0;34m1[0;34m0[0;34m1[0;34m0[0;34m1[0;34m1[0;34m1[0;34m1[0;34m1[0;34m0[0;34m1[0;34m0[0;34m1[0;34m1[0;34m1[0;34m0[0;34m1
[0m[0;34m1[0;34m0[0;34m0[0;34m0[0;34m0[0;34m0[0;34m1[0;34m0[0;34m1[0;34m0[0;34m0[0;34m0[0;34m1[0;34m0[0;34m1[0;34m0[0;34m0[0;34m0[0;34m0[0;34m0[0;34m1
[0m[0;34m1[0;34m0[0;34m1[0;34m1[0;34m1[0;34m1[0;34m1[0;34m0[0;34m1[0;34m0[0;34m1[0;34m1[0;34m1[0;34m0[0;34m1[0;34m1[0;34m1[0;34m1[0;34m1[0;34m1[0;34m1
[0m[0;34m1[0;34m0[0;34m1[0;34m0[0;34m0[0;34m0[0;34m0[0;34m0[0;34m1[0;34m0[0;34m1[0;34m0[0;34m1[0;34m0[0;34m0[0;34m0[0;34m0[0;34m0[0;34m1[0;34m0[0;34m1
[0m[0;34m1[0;34m0[0;34m1[0;34m0[0;34m1[0;34m1[0;34m1[0;34m1[0;34m1[0;34m0[0;34m1[0;34m0[0;34m1[0;34m1[0;34m1[0;34m1[0;34m1[0;34m0[0;34m1[0;34m0[0;34m1
[0m[0;34m1[0;34m0[0;34m1[0;34m0[0;34m1[0;34m0[0;34m0[0;34m0[0;34m1[0;34m0[0;34m1[0;34m0[0;34m1[0;34m0[0;34m0[0;34m0[0;34m1[0;34m0[0;34m1[0;34m0[0;34m1
[0m[0;34m1[0;34m0[0;34m1[0;34m1[0;34m1[0;34m0[0;34m1[0;34m0[0;34m1[0;34m0[0;34m1[0;34m0[0;34m1[0;34m0[0;34m1[0;34m0[0;34m1[0;34m0[0;34m1[0;34m0[0;34m1
[0m[0;34m1[0;34m0[0;34m0[0;34m0[0;34m0[0;34m0[0;34m1[0;34m0[0;34m1[0;34m0[0;34m1[0;34m0[0;34m0[0;34m0[0;34m1[0;34m0[0;34m1[0;34m0[0;34m0[0;34m0[0;34m1
[0m[0;34m1[0;34m1[0;34m1[0;34m1[0;34m1[0;34m1[0;34m1[0;34m0[0;34m1[0;34m0[0;34m1[0;34m1[0;34m1[0;34m1[0;34m1[0;34m0[0;34m1[0;34m1[0;34m1[0;34m0[0;34m1
[0m[0;34m1[0;34m0[0;34m0[0;34m0[0;34m0[0;34m0[0;34m1[0;34m0[0;34m1[0;34m0[0;34m0[0;34m0[0;34m1[0;34m0[0;34m0[0;34m0[0;34m1[0;34m0[0;34m0[0;34m0[0;34m1
[0m[0;34m1[0;34m0[0;34m1[0;34m1[0;34m1[0;34m0[0;34m1[0;34m0[0;34m1[0;34m1[0;34m1[0;34m0[0;34m1[0;34m0[0;34m1[0;34m1[0;34m1[0;34m0[0;34m1[0;34m1[0;34m1
[0m[0;34m1[0;34m0[0;34m1[0;34m0[0;34m0[0;34m0[0;34m1[0;34m0[0;34m0[0;34m0[0;34m0[0;34m0[0;34m1[0;34m0[0;34m0[0;34m0[0;34m1[0;34m0[0;34m1[0;34m0[0;34m1
[0m[0;34m1[0;34m0[0;34m1[0;34m0[0;34m1[0;34m1[0;34m1[0;34m1[0;34m1[0;34m1[0;34m1[0;34m1[0;34m1[0;34m1[0;34m1[0;34m0[0;34m1[0;34m0[0;34m1[0;34m0[0;34m1
[0m[0;34m1[0;34m0[0;34m0[0;34m0[0;34m1[0;34m0[0;34m0[0;34m0[0;34m0[0;34m0[0;34m0[0;34m0[0;34m0[0;34m0[0;34m0[0;34m0[0;34m1[0;34m0[0;34m0[0;34m0[0;34m1
[0m[0;34m1[0;34m0[0;34m1[0;34m0[0;34m1[0;34m0[0;34m1[0;34m1[0;34m1[0;34m0[0;34m1[0;34m1[0;34m1[0;34m1[0;34m1[0;34m1[0;34m1[0;34m1[0;34m1[0;34m0[0;34m1
[0m[0;34m1[0;34mN[0;34m1[0;34m0[0;34m0[0;34m0[0;34m0[0;34m0[0;34m1[0;34m0[0;34m0[0;34m0[0;34m0[0;34m0[0;34m0[0;34m0[0;34m0[0;34m0[0;34m0[0;34m0[0;34m1
[0m[0;34m1[0;34m1[0;34m1[0;34m1[0;34m1[0;34m1[0;34m1[0;34m1[0;34m1[0;34m1[0;34m1[0;34m1[0;34m1[0;34m1[0;34m1[0;34m1[0;34m1[0;34m1[0;34m1[0;34m1[0;34m1
[0mExit code: 0
‚ö†Ô∏è No Valgrind alerts, but with leaks[0m  
==10846== Memcheck, a memory error detector
==10846== Copyright (C) 2002-2022, and GNU GPL'd, by Julian Seward et al.
==10846== Using Valgrind-3.22.0 and LibVEX; rerun with -h for copyright info
==10846== Command: ./cub3d ./maps/good/cheese_maze.cub
==10846== Parent PID: 10844
==10846== 
==10846== 
==10846== HEAP SUMMARY:
==10846==     in use at exit: 1,718 bytes in 67 blocks
==10846==   total heap usage: 210 allocs, 143 frees, 12,286 bytes allocated
==10846== 
==10846== LEAK SUMMARY:
==10846==    definitely lost: 605 bytes in 10 blocks
==10846==    indirectly lost: 1,113 bytes in 57 blocks
==10846==      possibly lost: 0 bytes in 0 blocks
==10846==    still reachable: 0 bytes in 0 blocks
==10846==         suppressed: 0 bytes in 0 blocks
==10846== Rerun with --leak-check=full to see details of leaked memory
==10846== 
==10846== For lists of detected and suppressed errors, rerun with: -s
==10846== ERROR SUMMARY: 0 errors from 0 contexts (suppressed: 0 from 0)
Running valgrind on ./maps/good/creepy.cub...

[0;32m[Debug info]üõ†Ô∏è  Map info üîç
[0m[0;32m[Debug info] - Map width:[0m15
[0;32m[Debug info] - Map height:[0m13
[0;32m[Debug info]üõ†Ô∏è  Starting player position info üîç
[0m[0;32m[Debug info] - Player X:[0m7
[0;32m[Debug info] - Player Y:[0m3
[0;32m[Debug info] - Player Direction:[0mN
[0;32m[Debug info]üõ†Ô∏è  Colors info c:  üîç
[0m[0;32m[Debug info]üõ†Ô∏è  Colors info f:  üîç
[0m[0;32m[Debug info]üõ†Ô∏è  Textures info:  üîç
[0m[0;32m[Debug info] Texture north:[0mtextures/test/north.xpm
[0;32m[Debug info] Texture south:[0mtextures/test/south.xpm
[0;32m[Debug info] Texture west:[0mtextures/test/west.xpm
[0;32m[Debug info] Texture east:[0mtextures/test/east.xpm
[0;34mN[0;34mO[0;34m [0;34mt[0;34me[0;34mx[0;34mt[0;34mu[0;34mr[0;34me[0;34ms[0;34m/[0;34mt[0;34me[0;34ms[0;34mt[0;34m/[0;34mn[0;34mo[0;34mr[0;34mt[0;34mh[0;34m.[0;34mx[0;34mp[0;34mm
[0m[0;34mS[0;34mO[0;34m [0;34mt[0;34me[0;34mx[0;34mt[0;34mu[0;34mr[0;34me[0;34ms[0;34m/[0;34mt[0;34me[0;34ms[0;34mt[0;34m/[0;34ms[0;34mo[0;34mu[0;34mt[0;34mh[0;34m.[0;34mx[0;34mp[0;34mm
[0m[0;34mW[0;34mE[0;34m [0;34mt[0;34me[0;34mx[0;34mt[0;34mu[0;34mr[0;34me[0;34ms[0;34m/[0;34mt[0;34me[0;34ms[0;34mt[0;34m/[0;34mw[0;34me[0;34ms[0;34mt[0;34m.[0;34mx[0;34mp[0;34mm
[0m[0;34mE[0;34mA[0;34m [0;34mt[0;34me[0;34mx[0;34mt[0;34mu[0;34mr[0;34me[0;34ms[0;34m/[0;34mt[0;34me[0;34ms[0;34mt[0;34m/[0;34me[0;34ma[0;34ms[0;34mt[0;34m.[0;34mx[0;34mp[0;34mm
[0m
[0m[0;34mC[0;34m [0;34m3[0;34m5[0;34m,[0;34m1[0;34m9[0;34m,[0;34m7[0;34m3
[0m[0;34mF[0;34m [0;34m1[0;34m5[0;34m,[0;34m6[0;34m,[0;34m4[0;34m0
[0m
[0m[0;34m1[0;34m1[0;34m1[0;34m1[0;34m1[0;34m1[0;34m1[0;34m1[0;34m1[0;34m1[0;34m1[0;34m1[0;34m1[0;34m1[0;34m1
[0m[0;34m1[0;34m1[0;34m1[0;34m1[0;34m1[0;34m1[0;34m0[0;34m0[0;34m0[0;34m1[0;34m1[0;34m1[0;34m1[0;34m1[0;34m1
[0m[0;34m1[0;34m1[0;34m1[0;34m1[0;34m1[0;34m0[0;34m0[0;34m0[0;34m0[0;34m0[0;34m1[0;34m1[0;34m1[0;34m1[0;34m1
[0m[0;34m1[0;34m1[0;34m1[0;34m1[0;34m0[0;34m0[0;34m0[0;34mN[0;34m0[0;34m0[0;34m0[0;34m1[0;34m1[0;34m1[0;34m1
[0m[0;34m1[0;34m1[0;34m1[0;34m0[0;34m0[0;34m0[0;34m0[0;34m0[0;34m0[0;34m0[0;34m0[0;34m0[0;34m1[0;34m1[0;34m1
[0m[0;34m1[0;34m1[0;34m0[0;34m0[0;34m0[0;34m0[0;34m0[0;34m0[0;34m0[0;34m0[0;34m0[0;34m0[0;34m0[0;34m1[0;34m1
[0m[0;34m1[0;34m0[0;34m0[0;34m0[0;34m0[0;34m1[0;34m1[0;34m1[0;34m1[0;34m1[0;34m0[0;34m0[0;34m0[0;34m0[0;34m1
[0m[0;34m1[0;34m1[0;34m0[0;34m0[0;34m0[0;34m0[0;34m1[0;34m1[0;34m1[0;34m0[0;34m0[0;34m0[0;34m0[0;34m1[0;34m1
[0m[0;34m1[0;34m1[0;34m1[0;34m0[0;34m0[0;34m0[0;34m0[0;34m1[0;34m0[0;34m0[0;34m0[0;34m0[0;34m1[0;34m1[0;34m1
[0m[0;34m1[0;34m1[0;34m1[0;34m1[0;34m0[0;34m0[0;34m0[0;34m0[0;34m0[0;34m0[0;34m0[0;34m1[0;34m1[0;34m1[0;34m1
[0m[0;34m1[0;34m1[0;34m1[0;34m1[0;34m1[0;34m0[0;34m0[0;34m0[0;34m0[0;34m0[0;34m1[0;34m1[0;34m1[0;34m1[0;34m1
[0m[0;34m1[0;34m1[0;34m1[0;34m1[0;34m1[0;34m1[0;34m0[0;34m0[0;34m0[0;34m1[0;34m1[0;34m1[0;34m1[0;34m1[0;34m1
[0m[0;34m1[0;34m1[0;34m1[0;34m1[0;34m1[0;34m1[0;34m1[0;34m1[0;34m1[0;34m1[0;34m1[0;34m1[0;34m1[0;34m1[0;34m1
[0m
[0m[0;34m3[0;34m5
[0m[0;34m1[0;34m9
[0m[0;34m7[0;34m3
[0m[0;34m1[0;34m5
[0m[0;34m6
[0m[0;34m4[0;34m0
[0m[0;34m1[0;34m1[0;34m1[0;34m1[0;34m1[0;34m1[0;34m1[0;34m1[0;34m1[0;34m1[0;34m1[0;34m1[0;34m1[0;34m1[0;34m1
[0m[0;34m1[0;34m1[0;34m1[0;34m1[0;34m1[0;34m1[0;34m0[0;34m0[0;34m0[0;34m1[0;34m1[0;34m1[0;34m1[0;34m1[0;34m1
[0m[0;34m1[0;34m1[0;34m1[0;34m1[0;34m1[0;34m0[0;34m0[0;34m0[0;34m0[0;34m0[0;34m1[0;34m1[0;34m1[0;34m1[0;34m1
[0m[0;34m1[0;34m1[0;34m1[0;34m1[0;34m0[0;34m0[0;34m0[0;34mN[0;34m0[0;34m0[0;34m0[0;34m1[0;34m1[0;34m1[0;34m1
[0m[0;34m1[0;34m1[0;34m1[0;34m0[0;34m0[0;34m0[0;34m0[0;34m0[0;34m0[0;34m0[0;34m0[0;34m0[0;34m1[0;34m1[0;34m1
[0m[0;34m1[0;34m1[0;34m0[0;34m0[0;34m0[0;34m0[0;34m0[0;34m0[0;34m0[0;34m0[0;34m0[0;34m0[0;34m0[0;34m1[0;34m1
[0m[0;34m1[0;34m0[0;34m0[0;34m0[0;34m0[0;34m1[0;34m1[0;34m1[0;34m1[0;34m1[0;34m0[0;34m0[0;34m0[0;34m0[0;34m1
[0m[0;34m1[0;34m1[0;34m0[0;34m0[0;34m0[0;34m0[0;34m1[0;34m1[0;34m1[0;34m0[0;34m0[0;34m0[0;34m0[0;34m1[0;34m1
[0m[0;34m1[0;34m1[0;34m1[0;34m0[0;34m0[0;34m0[0;34m0[0;34m1[0;34m0[0;34m0[0;34m0[0;34m0[0;34m1[0;34m1[0;34m1
[0m[0;34m1[0;34m1[0;34m1[0;34m1[0;34m0[0;34m0[0;34m0[0;34m0[0;34m0[0;34m0[0;34m0[0;34m1[0;34m1[0;34m1[0;34m1
[0m[0;34m1[0;34m1[0;34m1[0;34m1[0;34m1[0;34m0[0;34m0[0;34m0[0;34m0[0;34m0[0;34m1[0;34m1[0;34m1[0;34m1[0;34m1
[0m[0;34m1[0;34m1[0;34m1[0;34m1[0;34m1[0;34m1[0;34m0[0;34m0[0;34m0[0;34m1[0;34m1[0;34m1[0;34m1[0;34m1[0;34m1
[0m[0;34m1[0;34m1[0;34m1[0;34m1[0;34m1[0;34m1[0;34m1[0;34m1[0;34m1[0;34m1[0;34m1[0;34m1[0;34m1[0;34m1[0;34m1
[0mExit code: 0
‚ö†Ô∏è No Valgrind alerts, but with leaks[0m  
==10857== Memcheck, a memory error detector
==10857== Copyright (C) 2002-2022, and GNU GPL'd, by Julian Seward et al.
==10857== Using Valgrind-3.22.0 and LibVEX; rerun with -h for copyright info
==10857== Command: ./cub3d ./maps/good/creepy.cub
==10857== Parent PID: 10844
==10857== 
==10857== 
==10857== HEAP SUMMARY:
==10857==     in use at exit: 1,056 bytes in 51 blocks
==10857==   total heap usage: 152 allocs, 101 frees, 8,990 bytes allocated
==10857== 
==10857== LEAK SUMMARY:
==10857==    definitely lost: 471 bytes in 10 blocks
==10857==    indirectly lost: 585 bytes in 41 blocks
==10857==      possibly lost: 0 bytes in 0 blocks
==10857==    still reachable: 0 bytes in 0 blocks
==10857==         suppressed: 0 bytes in 0 blocks
==10857== Rerun with --leak-check=full to see details of leaked memory
==10857== 
==10857== For lists of detected and suppressed errors, rerun with: -s
==10857== ERROR SUMMARY: 0 errors from 0 contexts (suppressed: 0 from 0)
Running valgrind on ./maps/good/dungeon.cub...

[0;32m[Debug info]üõ†Ô∏è  Map info üîç
[0m[0;32m[Debug info] - Map width:[0m19
[0;32m[Debug info] - Map height:[0m10
[0;32m[Debug info]üõ†Ô∏è  Starting player position info üîç
[0m[0;32m[Debug info] - Player X:[0m2
[0;32m[Debug info] - Player Y:[0m1
[0;32m[Debug info] - Player Direction:[0mW
[0;32m[Debug info]üõ†Ô∏è  Colors info c:  üîç
[0m[0;32m[Debug info]üõ†Ô∏è  Colors info f:  üîç
[0m[0;32m[Debug info]üõ†Ô∏è  Textures info:  üîç
[0m[0;32m[Debug info] Texture north:[0mtextures/test/north.xpm
[0;32m[Debug info] Texture south:[0mtextures/test/south.xpm
[0;32m[Debug info] Texture west:[0mtextures/test/west.xpm
[0;32m[Debug info] Texture east:[0mtextures/test/east.xpm
[0;34mF[0;34m [0;34m7[0;34m6[0;34m,[0;34m7[0;34m6[0;34m,[0;34m7[0;34m6
[0m[0;34mC[0;34m [0;34m9[0;34m9[0;34m,[0;34m9[0;34m9[0;34m,[0;34m9[0;34m9
[0m
[0m[0;34mN[0;34mO[0;34m [0;34mt[0;34me[0;34mx[0;34mt[0;34mu[0;34mr[0;34me[0;34ms[0;34m/[0;34mt[0;34me[0;34ms[0;34mt[0;34m/[0;34mn[0;34mo[0;34mr[0;34mt[0;34mh[0;34m.[0;34mx[0;34mp[0;34mm
[0m[0;34mS[0;34mO[0;34m [0;34mt[0;34me[0;34mx[0;34mt[0;34mu[0;34mr[0;34me[0;34ms[0;34m/[0;34mt[0;34me[0;34ms[0;34mt[0;34m/[0;34ms[0;34mo[0;34mu[0;34mt[0;34mh[0;34m.[0;34mx[0;34mp[0;34mm
[0m[0;34mW[0;34mE[0;34m [0;34mt[0;34me[0;34mx[0;34mt[0;34mu[0;34mr[0;34me[0;34ms[0;34m/[0;34mt[0;34me[0;34ms[0;34mt[0;34m/[0;34mw[0;34me[0;34ms[0;34mt[0;34m.[0;34mx[0;34mp[0;34mm
[0m[0;34mE[0;34mA[0;34m [0;34mt[0;34me[0;34mx[0;34mt[0;34mu[0;34mr[0;34me[0;34ms[0;34m/[0;34mt[0;34me[0;34ms[0;34mt[0;34m/[0;34me[0;34ma[0;34ms[0;34mt[0;34m.[0;34mx[0;34mp[0;34mm
[0m
[0m[0;34m1[0;34m1[0;34m1[0;34m1[0;34m1[0;34m1[0;34m1[0;34m1[0;34m1[0;34m1[0;34m1[0;34m1[0;34m1[0;34m1[0;34m1[0;34m1[0;34m1[0;34m1[0;34m1
[0m[0;34m1[0;34m0[0;34mW[0;34m1[0;34m0[0;34m0[0;34m1[0;34m0[0;34m0[0;34m1[0;34m0[0;34m0[0;34m1[0;34m0[0;34m0[0;34m0[0;34m0[0;34m0[0;34m1
[0m[0;34m1[0;34m0[0;34m1[0;34m1[0;34m0[0;34m0[0;34m0[0;34m0[0;34m0[0;34m1[0;34m0[0;34m0[0;34m0[0;34m0[0;34m0[0;34m1[0;34m0[0;34m0[0;34m1
[0m[0;34m1[0;34m0[0;34m0[0;34m1[0;34m0[0;34m0[0;34m1[0;34m0[0;34m0[0;34m1[0;34m1[0;34m1[0;34m1[0;34m1[0;34m0[0;34m1[0;34m1[0;34m1[0;34m1
[0m[0;34m1[0;34m0[0;34m0[0;34m1[0;34m1[0;34m1[0;34m1[0;34m0[0;34m0[0;34m0[0;34m0[0;34m0[0;34m1[0;34m0[0;34m0[0;34m1[0;34m0[0;34m0[0;34m1
[0m[0;34m1[0;34m0[0;34m0[0;34m0[0;34m0[0;34m0[0;34m0[0;34m0[0;34m0[0;34m0[0;34m0[0;34m0[0;34m0[0;34m0[0;34m0[0;34m1[0;34m0[0;34m0[0;34m1
[0m[0;34m1[0;34m0[0;34m0[0;34m1[0;34m1[0;34m1[0;34m1[0;34m1[0;34m1[0;34m1[0;34m1[0;34m1[0;34m1[0;34m0[0;34m0[0;34m1[0;34m0[0;34m0[0;34m1
[0m[0;34m1[0;34m1[0;34m1[0;34m1[0;34m0[0;34m0[0;34m0[0;34m0[0;34m0[0;34m0[0;34m0[0;34m0[0;34m0[0;34m0[0;34m0[0;34m1[0;34m0[0;34m1[0;34m1
[0m[0;34m1[0;34m0[0;34m0[0;34m0[0;34m0[0;34m0[0;34m0[0;34m0[0;34m0[0;34m1[0;34m0[0;34m0[0;34m0[0;34m0[0;34m0[0;34m0[0;34m0[0;34m0[0;34m1
[0m[0;34m1[0;34m1[0;34m1[0;34m1[0;34m1[0;34m1[0;34m1[0;34m1[0;34m1[0;34m1[0;34m1[0;34m1[0;34m1[0;34m1[0;34m1[0;34m1[0;34m1[0;34m1[0;34m1
[0m
[0m[0;34m9[0;34m9
[0m[0;34m9[0;34m9
[0m[0;34m9[0;34m9
[0m[0;34m7[0;34m6
[0m[0;34m7[0;34m6
[0m[0;34m7[0;34m6
[0m[0;34m1[0;34m1[0;34m1[0;34m1[0;34m1[0;34m1[0;34m1[0;34m1[0;34m1[0;34m1[0;34m1[0;34m1[0;34m1[0;34m1[0;34m1[0;34m1[0;34m1[0;34m1[0;34m1
[0m[0;34m1[0;34m0[0;34mW[0;34m1[0;34m0[0;34m0[0;34m1[0;34m0[0;34m0[0;34m1[0;34m0[0;34m0[0;34m1[0;34m0[0;34m0[0;34m0[0;34m0[0;34m0[0;34m1
[0m[0;34m1[0;34m0[0;34m1[0;34m1[0;34m0[0;34m0[0;34m0[0;34m0[0;34m0[0;34m1[0;34m0[0;34m0[0;34m0[0;34m0[0;34m0[0;34m1[0;34m0[0;34m0[0;34m1
[0m[0;34m1[0;34m0[0;34m0[0;34m1[0;34m0[0;34m0[0;34m1[0;34m0[0;34m0[0;34m1[0;34m1[0;34m1[0;34m1[0;34m1[0;34m0[0;34m1[0;34m1[0;34m1[0;34m1
[0m[0;34m1[0;34m0[0;34m0[0;34m1[0;34m1[0;34m1[0;34m1[0;34m0[0;34m0[0;34m0[0;34m0[0;34m0[0;34m1[0;34m0[0;34m0[0;34m1[0;34m0[0;34m0[0;34m1
[0m[0;34m1[0;34m0[0;34m0[0;34m0[0;34m0[0;34m0[0;34m0[0;34m0[0;34m0[0;34m0[0;34m0[0;34m0[0;34m0[0;34m0[0;34m0[0;34m1[0;34m0[0;34m0[0;34m1
[0m[0;34m1[0;34m0[0;34m0[0;34m1[0;34m1[0;34m1[0;34m1[0;34m1[0;34m1[0;34m1[0;34m1[0;34m1[0;34m1[0;34m0[0;34m0[0;34m1[0;34m0[0;34m0[0;34m1
[0m[0;34m1[0;34m1[0;34m1[0;34m1[0;34m0[0;34m0[0;34m0[0;34m0[0;34m0[0;34m0[0;34m0[0;34m0[0;34m0[0;34m0[0;34m0[0;34m1[0;34m0[0;34m1[0;34m1
[0m[0;34m1[0;34m0[0;34m0[0;34m0[0;34m0[0;34m0[0;34m0[0;34m0[0;34m0[0;34m1[0;34m0[0;34m0[0;34m0[0;34m0[0;34m0[0;34m0[0;34m0[0;34m0[0;34m1
[0m[0;34m1[0;34m1[0;34m1[0;34m1[0;34m1[0;34m1[0;34m1[0;34m1[0;34m1[0;34m1[0;34m1[0;34m1[0;34m1[0;34m1[0;34m1[0;34m1[0;34m1[0;34m1[0;34m1
[0mExit code: 0
‚ö†Ô∏è No Valgrind alerts, but with leaks[0m  
==10888== Memcheck, a memory error detector
==10888== Copyright (C) 2002-2022, and GNU GPL'd, by Julian Seward et al.
==10888== Using Valgrind-3.22.0 and LibVEX; rerun with -h for copyright info
==10888== Command: ./cub3d ./maps/good/dungeon.cub
==10888== Parent PID: 10844
==10888== 
==10888== 
==10888== HEAP SUMMARY:
==10888==     in use at exit: 992 bytes in 45 blocks
==10888==   total heap usage: 133 allocs, 88 frees, 8,232 bytes allocated
==10888== 
==10888== LEAK SUMMARY:
==10888==    definitely lost: 424 bytes in 10 blocks
==10888==    indirectly lost: 568 bytes in 35 blocks
==10888==      possibly lost: 0 bytes in 0 blocks
==10888==    still reachable: 0 bytes in 0 blocks
==10888==         suppressed: 0 bytes in 0 blocks
==10888== Rerun with --leak-check=full to see details of leaked memory
==10888== 
==10888== For lists of detected and suppressed errors, rerun with: -s
==10888== ERROR SUMMARY: 0 errors from 0 contexts (suppressed: 0 from 0)
Running valgrind on ./maps/good/library.cub...

[0;32m[Debug info]üõ†Ô∏è  Map info üîç
[0m[0;32m[Debug info] - Map width:[0m19
[0;32m[Debug info] - Map height:[0m10
[0;32m[Debug info]üõ†Ô∏è  Starting player position info üîç
[0m[0;32m[Debug info] - Player X:[0m9
[0;32m[Debug info] - Player Y:[0m5
[0;32m[Debug info] - Player Direction:[0mS
[0;32m[Debug info]üõ†Ô∏è  Colors info c:  üîç
[0m[0;32m[Debug info]üõ†Ô∏è  Colors info f:  üîç
[0m[0;32m[Debug info]üõ†Ô∏è  Textures info:  üîç
[0m[0;32m[Debug info] Texture north:[0mtextures/test/north.xpm
[0;32m[Debug info] Texture south:[0mtextures/test/south.xpm
[0;32m[Debug info] Texture west:[0mtextures/test/west.xpm
[0;32m[Debug info] Texture east:[0mtextures/test/east.xpm
[0;34mF[0;34m [0;34m1[0;34m3[0;34m9[0;34m,[0;34m9[0;34m9[0;34m,[0;34m5[0;34m8
[0m[0;34mC[0;34m [0;34m1[0;34m7[0;34m1[0;34m,[0;34m1[0;34m5[0;34m4[0;34m,[0;34m1[0;34m3[0;34m7
[0m
[0m[0;34mN[0;34mO[0;34m [0;34mt[0;34me[0;34mx[0;34mt[0;34mu[0;34mr[0;34me[0;34ms[0;34m/[0;34mt[0;34me[0;34ms[0;34mt[0;34m/[0;34mn[0;34mo[0;34mr[0;34mt[0;34mh[0;34m.[0;34mx[0;34mp[0;34mm
[0m[0;34mS[0;34mO[0;34m [0;34mt[0;34me[0;34mx[0;34mt[0;34mu[0;34mr[0;34me[0;34ms[0;34m/[0;34mt[0;34me[0;34ms[0;34mt[0;34m/[0;34ms[0;34mo[0;34mu[0;34mt[0;34mh[0;34m.[0;34mx[0;34mp[0;34mm
[0m[0;34mW[0;34mE[0;34m [0;34mt[0;34me[0;34mx[0;34mt[0;34mu[0;34mr[0;34me[0;34ms[0;34m/[0;34mt[0;34me[0;34ms[0;34mt[0;34m/[0;34mw[0;34me[0;34ms[0;34mt[0;34m.[0;34mx[0;34mp[0;34mm
[0m[0;34mE[0;34mA[0;34m [0;34mt[0;34me[0;34mx[0;34mt[0;34mu[0;34mr[0;34me[0;34ms[0;34m/[0;34mt[0;34me[0;34ms[0;34mt[0;34m/[0;34me[0;34ma[0;34ms[0;34mt[0;34m.[0;34mx[0;34mp[0;34mm
[0m
[0m[0;34m1[0;34m1[0;34m1[0;34m1[0;34m1[0;34m1[0;34m1[0;34m1[0;34m1[0;34m1[0;34m1[0;34m1[0;34m1[0;34m1[0;34m1[0;34m1[0;34m1[0;34m1[0;34m1
[0m[0;34m1[0;34m0[0;34m0[0;34m1[0;34m0[0;34m0[0;34m1[0;34m0[0;34m0[0;34m1[0;34m0[0;34m0[0;34m1[0;34m0[0;34m0[0;34m1[0;34m0[0;34m0[0;34m1
[0m[0;34m1[0;34m0[0;34m0[0;34m1[0;34m0[0;34m0[0;34m1[0;34m0[0;34m0[0;34m1[0;34m0[0;34m0[0;34m1[0;34m0[0;34m0[0;34m1[0;34m0[0;34m0[0;34m1
[0m[0;34m1[0;34m0[0;34m0[0;34m1[0;34m0[0;34m0[0;34m1[0;34m0[0;34m0[0;34m1[0;34m0[0;34m0[0;34m1[0;34m0[0;34m0[0;34m1[0;34m0[0;34m0[0;34m1
[0m[0;34m1[0;34m0[0;34m0[0;34m1[0;34m0[0;34m0[0;34m1[0;34m0[0;34m0[0;34m0[0;34m0[0;34m0[0;34m1[0;34m0[0;34m0[0;34m1[0;34m0[0;34m0[0;34m1
[0m[0;34m1[0;34m0[0;34m0[0;34m0[0;34m0[0;34m0[0;34m0[0;34m0[0;34m0[0;34mS[0;34m0[0;34m0[0;34m0[0;34m0[0;34m0[0;34m0[0;34m0[0;34m0[0;34m1
[0m[0;34m1[0;34m0[0;34m0[0;34m0[0;34m0[0;34m1[0;34m1[0;34m1[0;34m1[0;34m1[0;34m1[0;34m1[0;34m1[0;34m0[0;34m0[0;34m0[0;34m0[0;34m0[0;34m1
[0m[0;34m1[0;34m1[0;34m1[0;34m1[0;34m0[0;34m0[0;34m0[0;34m0[0;34m0[0;34m0[0;34m0[0;34m0[0;34m0[0;34m0[0;34m0[0;34m1[0;34m1[0;34m1[0;34m1
[0m[0;34m1[0;34m0[0;34m0[0;34m0[0;34m0[0;34m0[0;34m0[0;34m1[0;34m0[0;34m1[0;34m0[0;34m1[0;34m0[0;34m0[0;34m0[0;34m0[0;34m0[0;34m0[0;34m1
[0m[0;34m1[0;34m1[0;34m1[0;34m1[0;34m1[0;34m1[0;34m1[0;34m1[0;34m1[0;34m1[0;34m1[0;34m1[0;34m1[0;34m1[0;34m1[0;34m1[0;34m1[0;34m1[0;34m1
[0m
[0m[0;34m1[0;34m7[0;34m1
[0m[0;34m1[0;34m5[0;34m4
[0m[0;34m1[0;34m3[0;34m7
[0m[0;34m1[0;34m3[0;34m9
[0m[0;34m9[0;34m9
[0m[0;34m5[0;34m8
[0m[0;34m1[0;34m1[0;34m1[0;34m1[0;34m1[0;34m1[0;34m1[0;34m1[0;34m1[0;34m1[0;34m1[0;34m1[0;34m1[0;34m1[0;34m1[0;34m1[0;34m1[0;34m1[0;34m1
[0m[0;34m1[0;34m0[0;34m0[0;34m1[0;34m0[0;34m0[0;34m1[0;34m0[0;34m0[0;34m1[0;34m0[0;34m0[0;34m1[0;34m0[0;34m0[0;34m1[0;34m0[0;34m0[0;34m1
[0m[0;34m1[0;34m0[0;34m0[0;34m1[0;34m0[0;34m0[0;34m1[0;34m0[0;34m0[0;34m1[0;34m0[0;34m0[0;34m1[0;34m0[0;34m0[0;34m1[0;34m0[0;34m0[0;34m1
[0m[0;34m1[0;34m0[0;34m0[0;34m1[0;34m0[0;34m0[0;34m1[0;34m0[0;34m0[0;34m1[0;34m0[0;34m0[0;34m1[0;34m0[0;34m0[0;34m1[0;34m0[0;34m0[0;34m1
[0m[0;34m1[0;34m0[0;34m0[0;34m1[0;34m0[0;34m0[0;34m1[0;34m0[0;34m0[0;34m0[0;34m0[0;34m0[0;34m1[0;34m0[0;34m0[0;34m1[0;34m0[0;34m0[0;34m1
[0m[0;34m1[0;34m0[0;34m0[0;34m0[0;34m0[0;34m0[0;34m0[0;34m0[0;34m0[0;34mS[0;34m0[0;34m0[0;34m0[0;34m0[0;34m0[0;34m0[0;34m0[0;34m0[0;34m1
[0m[0;34m1[0;34m0[0;34m0[0;34m0[0;34m0[0;34m1[0;34m1[0;34m1[0;34m1[0;34m1[0;34m1[0;34m1[0;34m1[0;34m0[0;34m0[0;34m0[0;34m0[0;34m0[0;34m1
[0m[0;34m1[0;34m1[0;34m1[0;34m1[0;34m0[0;34m0[0;34m0[0;34m0[0;34m0[0;34m0[0;34m0[0;34m0[0;34m0[0;34m0[0;34m0[0;34m1[0;34m1[0;34m1[0;34m1
[0m[0;34m1[0;34m0[0;34m0[0;34m0[0;34m0[0;34m0[0;34m0[0;34m1[0;34m0[0;34m1[0;34m0[0;34m1[0;34m0[0;34m0[0;34m0[0;34m0[0;34m0[0;34m0[0;34m1
[0m[0;34m1[0;34m1[0;34m1[0;34m1[0;34m1[0;34m1[0;34m1[0;34m1[0;34m1[0;34m1[0;34m1[0;34m1[0;34m1[0;34m1[0;34m1[0;34m1[0;34m1[0;34m1[0;34m1
[0mExit code: 0
‚ö†Ô∏è No Valgrind alerts, but with leaks[0m  
==10891== Memcheck, a memory error detector
==10891== Copyright (C) 2002-2022, and GNU GPL'd, by Julian Seward et al.
==10891== Using Valgrind-3.22.0 and LibVEX; rerun with -h for copyright info
==10891== Command: ./cub3d ./maps/good/library.cub
==10891== Parent PID: 10844
==10891== 
==10891== 
==10891== HEAP SUMMARY:
==10891==     in use at exit: 1,004 bytes in 45 blocks
==10891==   total heap usage: 133 allocs, 88 frees, 8,285 bytes allocated
==10891== 
==10891== LEAK SUMMARY:
==10891==    definitely lost: 428 bytes in 10 blocks
==10891==    indirectly lost: 576 bytes in 35 blocks
==10891==      possibly lost: 0 bytes in 0 blocks
==10891==    still reachable: 0 bytes in 0 blocks
==10891==         suppressed: 0 bytes in 0 blocks
==10891== Rerun with --leak-check=full to see details of leaked memory
==10891== 
==10891== For lists of detected and suppressed errors, rerun with: -s
==10891== ERROR SUMMARY: 0 errors from 0 contexts (suppressed: 0 from 0)
Running valgrind on ./maps/good/matrix.cub...

[0;34mN[0;34mO[0;34m [0;34mt[0;34me[0;34mx[0;34mt[0;34mu[0;34mr[0;34me[0;34ms[0;34m/[0;34mt[0;34me[0;34ms[0;34mt[0;34m/[0;34mn[0;34mo[0;34mr[0;34mt[0;34mh[0;34m.[0;34mx[0;34mp[0;34mm
[0m[0;34mS[0;34mO[0;34m [0;34mt[0;34me[0;34mx[0;34mt[0;34mu[0;34mr[0;34me[0;34ms[0;34m/[0;34mt[0;34me[0;34ms[0;34mt[0;34m/[0;34ms[0;34mo[0;34mu[0;34mt[0;34mh[0;34m.[0;34mx[0;34mp[0;34mm
[0m[0;34mW[0;34mE[0;34m [0;34mt[0;34me[0;34mx[0;34mt[0;34mu[0;34mr[0;34me[0;34ms[0;34m/[0;34mt[0;34me[0;34ms[0;34mt[0;34m/[0;34mw[0;34me[0;34ms[0;34mt[0;34m.[0;34mx[0;34mp[0;34mm
[0m[0;34mE[0;34mA[0;34m [0;34mt[0;34me[0;34mx[0;34mt[0;34mu[0;34mr[0;34me[0;34ms[0;34m/[0;34mt[0;34me[0;34ms[0;34mt[0;34m/[0;34me[0;34ma[0;34ms[0;34mt[0;34m.[0;34mx[0;34mp[0;34mm
[0m
[0m[0;34mF[0;34m [0;34m0[0;34m,[0;34m0[0;34m,[0;34m0
[0m[0;34mC[0;34m [0;34m0[0;34m,[0;34m0[0;34m,[0;34m0
[0m
[0m[0;34m1[0;34m1[0;34m1[0;34m1[0;34m1[0;34m1[0;34m1[0;34m1[0;34m1[0;34m1[0;34m1[0;34m1[0;34m1[0;34m1[0;34m1[0;34m1[0;34m1[0;34m1[0;34m1[0;34m1[0;34m1
[0m[0;34m1[0;34m0[0;34m1[0;34m0[0;34m0[0;34m0[0;34m0[0;34m0[0;34m1[0;34m0[0;34m0[0;34m0[0;34m0[0;34m0[0;34m0[0;34m0[0;34m0[0;34m0[0;34m0[0;34m0[0;34m1
[0m[0;34m1[0;34m0[0;34m1[0;34m0[0;34m1[0;34m0[0;34m1[0;34m0[0;34m1[0;34m0[0;34m1[0;34m1[0;34m1[0;34m1[0;34m1[0;34m1[0;34m1[0;34m0[0;34m0[0;34m0[0;34m1
[0m[0;34m1[0;34m0[0;34m0[0;34m0[0;34m1[0;34m0[0;34m1[0;34m0[0;34m0[0;34m0[0;34m1[0;34m0[0;34m0[0;34m0[0;34m0[0;34m0[0;34m1[0;34m0[0;34m0[0;34m0[0;34m1
[0m[0;34m1[0;34m1[0;34m1[0;34m1[0;34m1[0;34m0[0;34m1[0;34m0[0;34m1[0;34m1[0;34m1[0;34m1[0;34m1[0;34m0[0;34m1[0;34m0[0;34m1[0;34m1[0;34m1[0;34m0[0;34m1
[0m[0;34m1[0;34m0[0;34m0[0;34m0[0;34m0[0;34m0[0;34m1[0;34m0[0;34m1[0;34m0[0;34m0[0;34m0[0;34m1[0;34m0[0;34m1[0;34m0[0;34m0[0;34m0[0;34m0[0;34m0[0;34m1
[0m[0;34m1[0;34m0[0;34m1[0;34m1[0;34m1[0;34m1[0;34m1[0;34m0[0;34m1[0;34m0[0;34m1[0;34m1[0;34m1[0;34m0[0;34m1[0;34m1[0;34m1[0;34m1[0;34m1[0;34m1[0;34m1
[0m[0;34m1[0;34m0[0;34m1[0;34m0[0;34m0[0;34m0[0;34m0[0;34m0[0;34m1[0;34m0[0;34m1[0;34m0[0;34m1[0;34m0[0;34m0[0;34m0[0;34m0[0;34m0[0;34m1[0;34m0[0;34m1
[0m[0;34m1[0;34m0[0;34m1[0;34m0[0;34m1[0;34m1[0;34m1[0;34m1[0;34m1[0;34m0[0;34m1[0;34m0[0;34m1[0;34m1[0;34m1[0;34m1[0;34m1[0;34m0[0;34m1[0;34m0[0;34m1
[0m[0;34m1[0;34m0[0;34m1[0;34m0[0;34m1[0;34m0[0;34m0[0;34m0[0;34m1[0;34m0[0;34m1[0;34m0[0;34m1[0;34m0[0;34m0[0;34m0[0;34m1[0;34m0[0;34m1[0;34m0[0;34m1
[0m[0;34m1[0;34m0[0;34m1[0;34m1[0;34m1[0;34m0[0;34m1[0;34m0[0;34m1[0;34m0[0;34m1[0;34m0[0;34m1[0;34m0[0;34m1[0;34m0[0;34m1[0;34m0[0;34m1[0;34m0[0;34m1
[0m[0;34m1[0;34m0[0;34m0[0;34m0[0;34m0[0;34m0[0;34m1[0;34m0[0;34m1[0;34m0[0;34m1[0;34m0[0;34m0[0;34m0[0;34m1[0;34m0[0;34m1[0;34m0[0;34m0[0;34m0[0;34m1
[0m[0;34m1[0;34m1[0;34m1[0;34m1[0;34m1[0;34m1[0;34m1[0;34m0[0;34m1[0;34m0[0;34m1[0;34m1[0;34m1[0;34m1[0;34m1[0;34m0[0;34m1[0;34m1[0;34m1[0;34m0[0;34m1
[0m[0;34m1[0;34m0[0;34m0[0;34m0[0;34m0[0;34m0[0;34m1[0;34m0[0;34m1[0;34m0[0;34m0[0;34m0[0;34m1[0;34m0[0;34m0[0;34m0[0;34m1[0;34m0[0;34m0[0;34m0[0;34m1
[0m[0;34m1[0;34m0[0;34m1[0;34m1[0;34m1[0;34m0[0;34m1[0;34m0[0;34m1[0;34m1[0;34m1[0;34m0[0;34m1[0;34m0[0;34m1[0;34m1[0;34m1[0;34m0[0;34m1[0;34m1[0;34m1
[0m[0;34m1[0;34m0[0;34m1[0;34m0[0;34m0[0;34m0[0;34m1[0;34m0[0;34m0[0;34m0[0;34m0[0;34m0[0;34m1[0;34m0[0;34m0[0;34m0[0;34m1[0;34m0[0;34m1[0;34m0[0;34m1
[0m[0;34m1[0;34m0[0;34m1[0;34m0[0;34m1[0;34m1[0;34m1[0;34m1[0;34m1[0;34m1[0;34m1[0;34m1[0;34m1[0;34m1[0;34m1[0;34m0[0;34m1[0;34m0[0;34m1[0;34m0[0;34m1
[0m[0;34m1[0;34m0[0;34m0[0;34m0[0;34m1[0;34m0[0;34m0[0;34m0[0;34m0[0;34m0[0;34m0[0;34m0[0;34m0[0;34m0[0;34m0[0;34m0[0;34m1[0;34m0[0;34m0[0;34m0[0;34m1
[0m[0;34m1[0;34[0;32m[Debug info]üõ†Ô∏è  Map info üîç
[0m[0;32m[Debug info] - Map width:[0m21
[0;32m[Debug info] - Map height:[0m21
[0;32m[Debug info]üõ†Ô∏è  Starting player position info üîç
[0m[0;32m[Debug info] - Player X:[0m1
[0;32m[Debug info] - Player Y:[0m19
[0;32m[Debug info] - Player Direction:[0mN
[0;32m[Debug info]üõ†Ô∏è  Colors info c:  üîç
[0m[0;32m[Debug info]üõ†Ô∏è  Colors info f:  üîç
[0m[0;32m[Debug info]üõ†Ô∏è  Textures info:  üîç
[0m[0;32m[Debug info] Texture north:[0mtextures/test/north.xpm
[0;32m[Debug info] Texture south:[0mtextures/test/south.xpm
[0;32m[Debug info] Texture west:[0mtextures/test/west.xpm
[0;32m[Debug info] Texture east:[0mtextures/test/east.xpm
m0[0;34m1[0;34m0[0;34m1[0;34m0[0;34m1[0;34m1[0;34m1[0;34m0[0;34m1[0;34m1[0;34m1[0;34m1[0;34m1[0;34m1[0;34m1[0;34m1[0;34m1[0;34m0[0;34m1
[0m[0;34m1[0;34mN[0;34m1[0;34m0[0;34m0[0;34m0[0;34m0[0;34m0[0;34m1[0;34m0[0;34m0[0;34m0[0;34m0[0;34m0[0;34m0[0;34m0[0;34m0[0;34m0[0;34m0[0;34m0[0;34m1
[0m[0;34m1[0;34m1[0;34m1[0;34m1[0;34m1[0;34m1[0;34m1[0;34m1[0;34m1[0;34m1[0;34m1[0;34m1[0;34m1[0;34m1[0;34m1[0;34m1[0;34m1[0;34m1[0;34m1[0;34m1[0;34m1
[0m
[0m[0;34m0
[0m[0;34m0
[0m[0;34m0
[0m[0;34m0
[0m[0;34m0
[0m[0;34m0
[0m[0;34m1[0;34m1[0;34m1[0;34m1[0;34m1[0;34m1[0;34m1[0;34m1[0;34m1[0;34m1[0;34m1[0;34m1[0;34m1[0;34m1[0;34m1[0;34m1[0;34m1[0;34m1[0;34m1[0;34m1[0;34m1
[0m[0;34m1[0;34m0[0;34m1[0;34m0[0;34m0[0;34m0[0;34m0[0;34m0[0;34m1[0;34m0[0;34m0[0;34m0[0;34m0[0;34m0[0;34m0[0;34m0[0;34m0[0;34m0[0;34m0[0;34m0[0;34m1
[0m[0;34m1[0;34m0[0;34m1[0;34m0[0;34m1[0;34m0[0;34m1[0;34m0[0;34m1[0;34m0[0;34m1[0;34m1[0;34m1[0;34m1[0;34m1[0;34m1[0;34m1[0;34m0[0;34m0[0;34m0[0;34m1
[0m[0;34m1[0;34m0[0;34m0[0;34m0[0;34m1[0;34m0[0;34m1[0;34m0[0;34m0[0;34m0[0;34m1[0;34m0[0;34m0[0;34m0[0;34m0[0;34m0[0;34m1[0;34m0[0;34m0[0;34m0[0;34m1
[0m[0;34m1[0;34m1[0;34m1[0;34m1[0;34m1[0;34m0[0;34m1[0;34m0[0;34m1[0;34m1[0;34m1[0;34m1[0;34m1[0;34m0[0;34m1[0;34m0[0;34m1[0;34m1[0;34m1[0;34m0[0;34m1
[0m[0;34m1[0;34m0[0;34m0[0;34m0[0;34m0[0;34m0[0;34m1[0;34m0[0;34m1[0;34m0[0;34m0[0;34m0[0;34m1[0;34m0[0;34m1[0;34m0[0;34m0[0;34m0[0;34m0[0;34m0[0;34m1
[0m[0;34m1[0;34m0[0;34m1[0;34m1[0;34m1[0;34m1[0;34m1[0;34m0[0;34m1[0;34m0[0;34m1[0;34m1[0;34m1[0;34m0[0;34m1[0;34m1[0;34m1[0;34m1[0;34m1[0;34m1[0;34m1
[0m[0;34m1[0;34m0[0;34m1[0;34m0[0;34m0[0;34m0[0;34m0[0;34m0[0;34m1[0;34m0[0;34m1[0;34m0[0;34m1[0;34m0[0;34m0[0;34m0[0;34m0[0;34m0[0;34m1[0;34m0[0;34m1
[0m[0;34m1[0;34m0[0;34m1[0;34m0[0;34m1[0;34m1[0;34m1[0;34m1[0;34m1[0;34m0[0;34m1[0;34m0[0;34m1[0;34m1[0;34m1[0;34m1[0;34m1[0;34m0[0;34m1[0;34m0[0;34m1
[0m[0;34m1[0;34m0[0;34m1[0;34m0[0;34m1[0;34m0[0;34m0[0;34m0[0;34m1[0;34m0[0;34m1[0;34m0[0;34m1[0;34m0[0;34m0[0;34m0[0;34m1[0;34m0[0;34m1[0;34m0[0;34m1
[0m[0;34m1[0;34m0[0;34m1[0;34m1[0;34m1[0;34m0[0;34m1[0;34m0[0;34m1[0;34m0[0;34m1[0;34m0[0;34m1[0;34m0[0;34m1[0;34m0[0;34m1[0;34m0[0;34m1[0;34m0[0;34m1
[0m[0;34m1[0;34m0[0;34m0[0;34m0[0;34m0[0;34m0[0;34m1[0;34m0[0;34m1[0;34m0[0;34m1[0;34m0[0;34m0[0;34m0[0;34m1[0;34m0[0;34m1[0;34m0[0;34m0[0;34m0[0;34m1
[0m[0;34m1[0;34m1[0;34m1[0;34m1[0;34m1[0;34m1[0;34m1[0;34m0[0;34m1[0;34m0[0;34m1[0;34m1[0;34m1[0;34m1[0;34m1[0;34m0[0;34m1[0;34m1[0;34m1[0;34m0[0;34m1
[0m[0;34m1[0;34m0[0;34m0[0;34m0[0;34m0[0;34m0[0;34m1[0;34m0[0;34m1[0;34m0[0;34m0[0;34m0[0;34m1[0;34m0[0;34m0[0;34m0[0;34m1[0;34m0[0;34m0[0;34m0[0;34m1
[0m[0;34m1[0;34m0[0;34m1[0;34m1[0;34m1[0;34m0[0;34m1[0;34m0[0;34m1[0;34m1[0;34m1[0;34m0[0;34m1[0;34m0[0;34m1[0;34m1[0;34m1[0;34m0[0;34m1[0;34m1[0;34m1
[0m[0;34m1[0;34m0[0;34m1[0;34m0[0;34m0[0;34m0[0;34m1[0;34m0[0;34m0[0;34m0[0;34m0[0;34m0[0;34m1[0;34m0[0;34m0[0;34m0[0;34m1[0;34m0[0;34m1[0;34m0[0;34m1
[0m[0;34m1[0;34m0[0;34m1[0;34m0[0;34m1[0;34m1[0;34m1[0;34m1[0;34m1[0;34m1[0;34m1[0;34m1[0;34m1[0;34m1[0;34m1[0;34m0[0;34m1[0;34m0[0;34m1[0;34m0[0;34m1
[0m[0;34m1[0;34m0[0;34m0[0;34m0[0;34m1[0;34m0[0;34m0[0;34m0[0;34m0[0;34m0[0;34m0[0;34m0[0;34m0[0;34m0[0;34m0[0;34m0[0;34m1[0;34m0[0;34m0[0;34m0[0;34m1
[0m[0;34m1[0;34m0[0;34m1[0;34m0[0;34m1[0;34m0[0;34m1[0;34m1[0;34m1[0;34m0[0;34m1[0;34m1[0;34m1[0;34m1[0;34m1[0;34m1[0;34m1[0;34m1[0;34m1[0;34m0[0;34m1
[0m[0;34m1[0;34mN[0;34m1[0;34m0[0;34m0[0;34m0[0;34m0[0;34m0[0;34m1[0;34m0[0;34m0[0;34m0[0;34m0[0;34m0[0;34m0[0;34m0[0;34m0[0;34m0[0;34m0[0;34m0[0;34m1
[0m[0;34m1[0;34m1[0;34m1[0;34m1[0;34m1[0;34m1[0;34m1[0;34m1[0;34m1[0;34m1[0;34m1[0;34m1[0;34m1[0;34m1[0;34m1[0;34m1[0;34m1[0;34m1[0;34m1[0;34m1[0;34m1
[0mExit code: 0
‚ö†Ô∏è No Valgrind alerts, but with leaks[0m  
==10935== Memcheck, a memory error detector
==10935== Copyright (C) 2002-2022, and GNU GPL'd, by Julian Seward et al.
==10935== Using Valgrind-3.22.0 and LibVEX; rerun with -h for copyright info
==10935== Command: ./cub3d ./maps/good/matrix.cub
==10935== Parent PID: 10844
==10935== 
==10935== 
==10935== HEAP SUMMARY:
==10935==     in use at exit: 1,685 bytes in 67 blocks
==10935==   total heap usage: 210 allocs, 143 frees, 12,140 bytes allocated
==10935== 
==10935== LEAK SUMMARY:
==10935==    definitely lost: 594 bytes in 10 blocks
==10935==    indirectly lost: 1,091 bytes in 57 blocks
==10935==      possibly lost: 0 bytes in 0 blocks
==10935==    still reachable: 0 bytes in 0 blocks
==10935==         suppressed: 0 bytes in 0 blocks
==10935== Rerun with --leak-check=full to see details of leaked memory
==10935== 
==10935== For lists of detected and suppressed errors, rerun with: -s
==10935== ERROR SUMMARY: 0 errors from 0 contexts (suppressed: 0 from 0)
Running valgrind on ./maps/good/sad_face.cub...

[0;32m[Debug info]üõ†Ô∏è  Map info üîç
[0m[0;32m[Debug info] - Map width:[0m15
[0;32m[Debug info] - Map height:[0m13
[0;32m[Debug info]üõ†Ô∏è  Starting player position info üîç
[0m[0;32m[Debug info] - Player X:[0m7
[0;32m[Debug info] - Player Y:[0m3
[0;32m[Debug info] - Player Direction:[0mN
[0;32m[Debug info]üõ†Ô∏è  Colors info c:  üîç
[0m[0;32m[Debug info]üõ†Ô∏è  Colors info f:  üîç
[0m[0;32m[Debug info]üõ†Ô∏è  Textures info:  üîç
[0m[0;32m[Debug info] Texture north:[0mtextures/test/north.xpm
[0;32m[Debug info] Texture south:[0mtextures/test/south.xpm
[0;32m[Debug info] Texture west:[0mtextures/test/west.xpm
[0;32m[Debug info] Texture east:[0mtextures/test/east.xpm
[0;34mN[0;34mO[0;34m [0;34mt[0;34me[0;34mx[0;34mt[0;34mu[0;34mr[0;34me[0;34ms[0;34m/[0;34mt[0;34me[0;34ms[0;34mt[0;34m/[0;34mn[0;34mo[0;34mr[0;34mt[0;34mh[0;34m.[0;34mx[0;34mp[0;34mm
[0m[0;34mS[0;34mO[0;34m [0;34mt[0;34me[0;34mx[0;34mt[0;34mu[0;34mr[0;34me[0;34ms[0;34m/[0;34mt[0;34me[0;34ms[0;34mt[0;34m/[0;34ms[0;34mo[0;34mu[0;34mt[0;34mh[0;34m.[0;34mx[0;34mp[0;34mm
[0m[0;34mW[0;34mE[0;34m [0;34mt[0;34me[0;34mx[0;34mt[0;34mu[0;34mr[0;34me[0;34ms[0;34m/[0;34mt[0;34me[0;34ms[0;34mt[0;34m/[0;34mw[0;34me[0;34ms[0;34mt[0;34m.[0;34mx[0;34mp[0;34mm
[0m[0;34mE[0;34mA[0;34m [0;34mt[0;34me[0;34mx[0;34mt[0;34mu[0;34mr[0;34me[0;34ms[0;34m/[0;34mt[0;34me[0;34ms[0;34mt[0;34m/[0;34me[0;34ma[0;34ms[0;34mt[0;34m.[0;34mx[0;34mp[0;34mm
[0m
[0m[0;34mC[0;34m [0;34m5[0;34m3[0;34m,[0;34m4[0;34m1[0;34m,[0;34m3[0;34m4
[0m[0;34mF[0;34m [0;34m4[0;34m5[0;34m,[0;34m3[0;34m3[0;34m,[0;34m2[0;34m7
[0m
[0m[0;34m1[0;34m1[0;34m1[0;34m1[0;34m1[0;34m1[0;34m1[0;34m1[0;34m1[0;34m1[0;34m1[0;34m1[0;34m1[0;34m1[0;34m1
[0m[0;34m1[0;34m1[0;34m1[0;34m1[0;34m1[0;34m1[0;34m0[0;34m0[0;34m0[0;34m1[0;34m1[0;34m1[0;34m1[0;34m1[0;34m1
[0m[0;34m1[0;34m1[0;34m1[0;34m1[0;34m1[0;34m0[0;34m0[0;34m0[0;34m0[0;34m0[0;34m1[0;34m1[0;34m1[0;34m1[0;34m1
[0m[0;34m1[0;34m1[0;34m1[0;34m1[0;34m0[0;34m0[0;34m0[0;34mN[0;34m0[0;34m0[0;34m0[0;34m1[0;34m1[0;34m1[0;34m1
[0m[0;34m1[0;34m1[0;34m1[0;34m0[0;34m0[0;34m0[0;34m0[0;34m0[0;34m0[0;34m0[0;34m0[0;34m0[0;34m1[0;34m1[0;34m1
[0m[0;34m1[0;34m1[0;34m0[0;34m0[0;34m0[0;34m0[0;34m0[0;34m0[0;34m0[0;34m0[0;34m0[0;34m0[0;34m0[0;34m1[0;34m1
[0m[0;34m1[0;34m0[0;34m0[0;34m0[0;34m0[0;34m1[0;34m1[0;34m1[0;34m1[0;34m1[0;34m0[0;34m0[0;34m0[0;34m0[0;34m1
[0m[0;34m1[0;34m1[0;34m0[0;34m0[0;34m0[0;34m0[0;34m1[0;34m1[0;34m1[0;34m0[0;34m0[0;34m0[0;34m0[0;34m1[0;34m1
[0m[0;34m1[0;34m1[0;34m1[0;34m0[0;34m0[0;34m0[0;34m0[0;34m1[0;34m0[0;34m0[0;34m0[0;34m0[0;34m1[0;34m1[0;34m1
[0m[0;34m1[0;34m1[0;34m1[0;34m1[0;34m0[0;34m0[0;34m0[0;34m0[0;34m0[0;34m0[0;34m0[0;34m1[0;34m1[0;34m1[0;34m1
[0m[0;34m1[0;34m1[0;34m1[0;34m1[0;34m1[0;34m0[0;34m0[0;34m0[0;34m0[0;34m0[0;34m1[0;34m1[0;34m1[0;34m1[0;34m1
[0m[0;34m1[0;34m1[0;34m1[0;34m1[0;34m1[0;34m1[0;34m0[0;34m0[0;34m0[0;34m1[0;34m1[0;34m1[0;34m1[0;34m1[0;34m1
[0m[0;34m1[0;34m1[0;34m1[0;34m1[0;34m1[0;34m1[0;34m1[0;34m1[0;34m1[0;34m1[0;34m1[0;34m1[0;34m1[0;34m1[0;34m1
[0m
[0m[0;34m5[0;34m3
[0m[0;34m4[0;34m1
[0m[0;34m3[0;34m4
[0m[0;34m4[0;34m5
[0m[0;34m3[0;34m3
[0m[0;34m2[0;34m7
[0m[0;34m1[0;34m1[0;34m1[0;34m1[0;34m1[0;34m1[0;34m1[0;34m1[0;34m1[0;34m1[0;34m1[0;34m1[0;34m1[0;34m1[0;34m1
[0m[0;34m1[0;34m1[0;34m1[0;34m1[0;34m1[0;34m1[0;34m0[0;34m0[0;34m0[0;34m1[0;34m1[0;34m1[0;34m1[0;34m1[0;34m1
[0m[0;34m1[0;34m1[0;34m1[0;34m1[0;34m1[0;34m0[0;34m0[0;34m0[0;34m0[0;34m0[0;34m1[0;34m1[0;34m1[0;34m1[0;34m1
[0m[0;34m1[0;34m1[0;34m1[0;34m1[0;34m0[0;34m0[0;34m0[0;34mN[0;34m0[0;34m0[0;34m0[0;34m1[0;34m1[0;34m1[0;34m1
[0m[0;34m1[0;34m1[0;34m1[0;34m0[0;34m0[0;34m0[0;34m0[0;34m0[0;34m0[0;34m0[0;34m0[0;34m0[0;34m1[0;34m1[0;34m1
[0m[0;34m1[0;34m1[0;34m0[0;34m0[0;34m0[0;34m0[0;34m0[0;34m0[0;34m0[0;34m0[0;34m0[0;34m0[0;34m0[0;34m1[0;34m1
[0m[0;34m1[0;34m0[0;34m0[0;34m0[0;34m0[0;34m1[0;34m1[0;34m1[0;34m1[0;34m1[0;34m0[0;34m0[0;34m0[0;34m0[0;34m1
[0m[0;34m1[0;34m1[0;34m0[0;34m0[0;34m0[0;34m0[0;34m1[0;34m1[0;34m1[0;34m0[0;34m0[0;34m0[0;34m0[0;34m1[0;34m1
[0m[0;34m1[0;34m1[0;34m1[0;34m0[0;34m0[0;34m0[0;34m0[0;34m1[0;34m0[0;34m0[0;34m0[0;34m0[0;34m1[0;34m1[0;34m1
[0m[0;34m1[0;34m1[0;34m1[0;34m1[0;34m0[0;34m0[0;34m0[0;34m0[0;34m0[0;34m0[0;34m0[0;34m1[0;34m1[0;34m1[0;34m1
[0m[0;34m1[0;34m1[0;34m1[0;34m1[0;34m1[0;34m0[0;34m0[0;34m0[0;34m0[0;34m0[0;34m1[0;34m1[0;34m1[0;34m1[0;34m1
[0m[0;34m1[0;34m1[0;34m1[0;34m1[0;34m1[0;34m1[0;34m0[0;34m0[0;34m0[0;34m1[0;34m1[0;34m1[0;34m1[0;34m1[0;34m1
[0m[0;34m1[0;34m1[0;34m1[0;34m1[0;34m1[0;34m1[0;34m1[0;34m1[0;34m1[0;34m1[0;34m1[0;34m1[0;34m1[0;34m1[0;34m1
[0mExit code: 0
‚ö†Ô∏è No Valgrind alerts, but with leaks[0m  
==10938== Memcheck, a memory error detector
==10938== Copyright (C) 2002-2022, and GNU GPL'd, by Julian Seward et al.
==10938== Using Valgrind-3.22.0 and LibVEX; rerun with -h for copyright info
==10938== Command: ./cub3d ./maps/good/sad_face.cub
==10938== Parent PID: 10844
==10938== 
==10938== 
==10938== HEAP SUMMARY:
==10938==     in use at exit: 1,059 bytes in 51 blocks
==10938==   total heap usage: 152 allocs, 101 frees, 8,972 bytes allocated
==10938== 
==10938== LEAK SUMMARY:
==10938==    definitely lost: 472 bytes in 10 blocks
==10938==    indirectly lost: 587 bytes in 41 blocks
==10938==      possibly lost: 0 bytes in 0 blocks
==10938==    still reachable: 0 bytes in 0 blocks
==10938==         suppressed: 0 bytes in 0 blocks
==10938== Rerun with --leak-check=full to see details of leaked memory
==10938== 
==10938== For lists of detected and suppressed errors, rerun with: -s
==10938== ERROR SUMMARY: 0 errors from 0 contexts (suppressed: 0 from 0)
Running valgrind on ./maps/good/square_map.cub...

[0;34m [0;34m [0;34m [0;34mW[0;34mE[0;34m [0;34m [0;34m [0;34m [0;34m [0;34m [0;34m [0;34m [0;34m [0;34m [0;34m [0;34m [0;34m [0;34m [0;34m [0;34m [0;34m [0;34m [0;34m [0;34m [0;34m [0;34m [0;34m [0;34m [0;34m [0;34m [0;34m [0;34m [0;34mt[0;34me[0;34mx[0;34mt[0;34mu[0;34mr[0;34me[0;34ms[0;34m/[0;34mt[0;34me[0;34ms[0;34mt[0;34m/[0;34mw[0;34me[0;34ms[0;34mt[0;34m.[0;34mx[0;34mp[0;34mm
[0m[0;34mN[0;34mO[0;34m [0;34m [0;34m [0;34m [0;34m [0;34m [0;34mt[0;34me[0;34mx[0;34mt[0;34mu[0;34mr[0;34me[0;34ms[0;34m/[0;34mt[0;34me[0;34ms[0;34mt[0;34m/[0;34mn[0;34mo[0;34mr[0;34mt[0;34mh[0;34m.[0;34mx[0;34mp[0;34mm
[0m
[0m
[0m
[0m[0;34mS[0;34mO[0;34m [0;34mt[0;34me[0;34mx[0;34mt[0;34mu[0;34mr[0;34me[0;34ms[0;34m/[0;34mt[0;34me[0;34ms[0;34mt[0;34m/[0;34ms[0;34mo[0;34mu[0;34mt[0;34mh[0;34m.[0;34mx[0;34mp[0;34mm
[0m
[0m[0;34mF[0;34m [0;34m [0;34m [0;34m6[0;34m9[0;34m,[0;34m [0;34m2[0;34m2[0;34m2[0;34m,[0;34m [0;34m1[0;34m9[0;34m9
[0m
[0m[0;34mE[0;34mA[0;34m [0;34mt[0;34me[0;34mx[0;34mt[0;34mu[0;34mr[0;34me[0;34ms[0;34m/[0;34mt[0;34me[0;34ms[0;34mt[0;34m/[0;34me[0;34ma[0;34ms[0;34mt[0;34m.[0;34mx[0;34mp[0;34mm
[0m
[0m
[0m[0;34mC[0;34m [0;34m2[0;34m3[0;34m5[0;34m,[0;34m [0;34m1[0;34m9[0;34m8[0;34m,[0;34m [0;34m5[0;34m2
[0m
[0m[0;34m1[0;34m1[0;34m1[0;34m1[0;34m1[0;34m1[0;34m1[0;34m1[0;34m1[0;34m1[0;34m1[0;34m1[0;34m1[0;34m1[0;34m1[0;34m1[0;34m1[0;34m1[0;34m1[0;34m1[0;34m1[0;34m1[0;34m1[0;34m1
[0m[0;34m1[0;34m0[0;34m0[0;34m0[0;34m0[0;34m0[0;34m0[0;34m0[0;34m0[0;34m0[0;34m0[0;34m0[0;34m0[0;34m0[0;34m0[0;34m0[0;34m0[0;34m0[0;34m0[0;34m0[0;34m0[0;34m0[0;34m0[0;34m1
[0m[0;34m1[0;34m0[0;34m0[0;34m0[0;34m0[0;34m0[0;34m0[0;34m0[0;34m0[0;34m0[0;34m0[0;34m0[0;34m0[0;34m0[0;34m0[0;34m0[0;34m0[0;34m0[0;34m0[0;34m0[0;34m0[0;34m0[0;34m0[0;34m1
[0m[0;34m1[0;34m0[0;34m0[0;34m0[0;34m0[0;34m0[0;34m0[0;34m0[0;34m0[0;34mN[0;34m0[0;34m0[0;34m0[0;34m0[0;34m0[0;34m0[0;34m0[0;34m0[0;34m0[0;34m0[0;34m0[0;34m0[0;34m0[0;34m1
[0m[0;34m1[0;34m0[0;34m0[0;34m0[0;34m0[0;34m0[0;34m0[0;34m0[0;34m0[0;34m0[0;34m0[0;34m0[0;34m0[0;34m0[0;34m0[0;34m0[0;34m0[0;34m0[0;34m0[0;34m0[0;34m0[0;34m0[0;34m0[0;34m1
[0m[0;34m1[0;34m0[0;34m0[0;34m0[0;34m0[0;34m0[0;34m0[0;34m0[0;34m0[0;34m0[0;34m0[0;34m0[0;34m0[0;34m0[0;34m0[0;34m0[0;34m0[0;34m0[0;34m0[0;34m0[0;34m0[0;34m0[0;34m0[0;34m1
[0m[0;34m1[0;34m0[0;34m0[0;34m0[0;34m0[0;34m0[0;34m0[0;34m0[0;34m0[0;34m0[0;34m0[0;34m0[0;34m0[0;34m0[0;34m0[0;34m0[0;34m0[0;34m0[0;34m0[0;34m0[0;34m0[0;34m0[0;34m0[0;34m1
[0m[0;34m1[0;34m0[0;34m0[0;34m0[0;34m0[0;34m0[0;34m1[0;34m1[0;34m1[0;34m1[0;34m1[0;34m0[0;34m0[0;34m0[0;34m0[0;34m1[0;34m0[0;34m1[0;34m0[0;34m1[0;34m0[0;34m0[0;34m0[0;34m1
[0m[0;34m1[0;34m0[0;34m0[0;34m0[0;34m0[0;34m0[0;34m1[0;34m0[0;34m0[0;34m0[0;34m1[0;34m0[0;34m0[0;34m0[0;34m0[0;34m0[0;34m0[0;34m0[0;34m0[0;34m0[0;34m0[0;34m0[0;34m0[0;34m1
[0m[0;34m1[0;34m0[0;34m0[0;34m0[0;34m0[0;34m0[0;34m1[0;34m0[0;34m0[0;34m0[0;34m1[0;34m0[0;34m0[0;34m0[0;34m0[0;34m1[0;34m0[0;34m0[0;34m0[0;34m1[0;34m0[0;34m0[0;34m0[0;34m1
[0m[0;34m1[0;34m0[0;34m0[0;34m0[0;34m0[0;34m0[0;34m1[0;34m0[0;34m0[0;34m0[0;34m1[0;34m0[0;34m0[0;34m0[0;34m0[0;34m0[0;34m0[0;34m0[0;34m0[0;34m0[0;34m0[0;34m0[0;34m0[0;34m1
[0m[0;34m1[0;34m0[0;34m0[0;34m0[0;34m0[0;34m0[0;34m1[0;34m1[0;34m1[0;34m1[0;34m0[0;34m0[0;34m0[0;34m0[0;34m1[0;34m0[0;34m1[0;34m0[0;34m1[0;34m0[0;34m0[0;34m0[0;34m0[0;34m1
[0m[0;34m1[0;34m0[0;34m0[0;34m0[0;34m0[0;34m0[0;34m0[0;34m0[0;34m0[0;34m0[0;34m0[0;34m0[0;34m0[0;34m0[0;34m0[0;34m0[0;34m0[0;34m0[0;34m0[0;34m0[0;34m0[0;34m0[0;34m0[0;34m1
[0m[0;34m1[0;34m0[0;34m0[0;34m0[0;34m0[0;34m0[0;34m0[0;34m0[0;34m0[0;34m0[0;34m0[0;34m0[0;34m0[0;34m0[0;34m0[0;34m0[0;32m[Debug info]üõ†Ô∏è  Map info üîç
[0m[0;32m[Debug info] - Map width:[0m24
[0;32m[Debug info] - Map height:[0m27
[0;32m[Debug info]üõ†Ô∏è  Starting player position info üîç
[0m[0;32m[Debug info] - Player X:[0m9
[0;32m[Debug info] - Player Y:[0m3
[0;32m[Debug info] - Player Direction:[0mN
[0;32m[Debug info]üõ†Ô∏è  Colors info c:  üîç
[0m[0;32m[Debug info]üõ†Ô∏è  Colors info f:  üîç
[0m[0;32m[Debug info]üõ†Ô∏è  Textures info:  üîç
[0m[0;32m[Debug info] Texture north:[0mtextures/test/north.xpm
[0;32m[Debug info] Texture south:[0mtextures/test/south.xpm
[0;32m[Debug info] Texture west:[0mtextures/test/west.xpm
[0;32m[Debug info] Texture east:[0mtextures/test/east.xpm
[0;34m0[0;34m0[0;34m0[0;34m0[0;34m0[0;34m0[0;34m0[0;34m1
[0m[0;34m1[0;34m0[0;34m0[0;34m0[0;34m0[0;34m0[0;34m0[0;34m0[0;34m0[0;34m0[0;34m0[0;34m0[0;34m0[0;34m0[0;34m0[0;34m0[0;34m0[0;34m0[0;34m0[0;34m0[0;34m0[0;34m0[0;34m0[0;34m1
[0m[0;34m1[0;34m0[0;34m0[0;34m0[0;34m0[0;34m0[0;34m0[0;34m0[0;34m0[0;34m0[0;34m0[0;34m0[0;34m0[0;34m0[0;34m0[0;34m0[0;34m0[0;34m0[0;34m0[0;34m0[0;34m0[0;34m0[0;34m0[0;34m1
[0m[0;34m1[0;34m0[0;34m0[0;34m0[0;34m0[0;34m0[0;34m0[0;34m0[0;34m0[0;34m0[0;34m0[0;34m0[0;34m0[0;34m0[0;34m0[0;34m0[0;34m0[0;34m0[0;34m0[0;34m0[0;34m0[0;34m0[0;34m0[0;34m1
[0m[0;34m1[0;34m0[0;34m0[0;34m0[0;34m0[0;34m0[0;34m0[0;34m0[0;34m0[0;34m0[0;34m0[0;34m0[0;34m0[0;34m0[0;34m0[0;34m0[0;34m0[0;34m0[0;34m0[0;34m0[0;34m0[0;34m0[0;34m0[0;34m1
[0m[0;34m1[0;34m0[0;34m0[0;34m0[0;34m0[0;34m0[0;34m0[0;34m0[0;34m0[0;34m0[0;34m0[0;34m0[0;34m0[0;34m0[0;34m0[0;34m0[0;34m0[0;34m0[0;34m0[0;34m0[0;34m0[0;34m0[0;34m0[0;34m1
[0m[0;34m1[0;34m1[0;34m1[0;34m1[0;34m1[0;34m1[0;34m1[0;34m1[0;34m1[0;34m0[0;34m0[0;34m0[0;34m0[0;34m0[0;34m0[0;34m0[0;34m0[0;34m0[0;34m0[0;34m0[0;34m0[0;34m0[0;34m0[0;34m1
[0m[0;34m1[0;34m0[0;34m0[0;34m1[0;34m0[0;34m0[0;34m0[0;34m0[0;34m1[0;34m0[0;34m0[0;34m0[0;34m0[0;34m0[0;34m0[0;34m0[0;34m0[0;34m0[0;34m0[0;34m0[0;34m0[0;34m0[0;34m0[0;34m1
[0m[0;34m1[0;34m0[0;34m0[0;34m0[0;34m0[0;34m0[0;34m1[0;34m0[0;34m1[0;34m0[0;34m0[0;34m0[0;34m0[0;34m0[0;34m0[0;34m0[0;34m0[0;34m0[0;34m0[0;34m0[0;34m0[0;34m0[0;34m0[0;34m1
[0m[0;34m1[0;34m0[0;34m0[0;34m1[0;34m0[0;34m0[0;34m0[0;34m0[0;34m1[0;34m0[0;34m0[0;34m0[0;34m0[0;34m0[0;34m0[0;34m0[0;34m0[0;34m0[0;34m0[0;34m0[0;34m0[0;34m0[0;34m0[0;34m1
[0m[0;34m1[0;34m0[0;34m0[0;34m1[0;34m1[0;34m1[0;34m1[0;34m1[0;34m1[0;34m0[0;34m0[0;34m0[0;34m0[0;34m0[0;34m0[0;34m0[0;34m0[0;34m0[0;34m0[0;34m0[0;34m0[0;34m0[0;34m0[0;34m1
[0m[0;34m1[0;34m0[0;34m0[0;34m0[0;34m0[0;34m0[0;34m0[0;34m0[0;34m0[0;34m0[0;34m0[0;34m0[0;34m0[0;34m0[0;34m0[0;34m0[0;34m0[0;34m0[0;34m0[0;34m0[0;34m0[0;34m0[0;34m0[0;34m1
[0m[0;34m1[0;34m0[0;34m0[0;34m0[0;34m0[0;34m0[0;34m0[0;34m0[0;34m0[0;34m0[0;34m0[0;34m0[0;34m0[0;34m0[0;34m0[0;34m0[0;34m0[0;34m0[0;34m0[0;34m0[0;34m0[0;34m0[0;34m0[0;34m1
[0m[0;34m1[0;34m1[0;34m1[0;34m1[0;34m1[0;34m1[0;34m1[0;34m1[0;34m1[0;34m1[0;34m1[0;34m1[0;34m1[0;34m1[0;34m1[0;34m1[0;34m1[0;34m1[0;34m1[0;34m1[0;34m1[0;34m1[0;34m1[0;34m1
[0m[0;34m2[0;34m3[0;34m5
[0m[0;34m1[0;34m9[0;34m8
[0m[0;34m5[0;34m2
[0m[0;34m6[0;34m9
[0m[0;34m2[0;34m2[0;34m2
[0m[0;34m1[0;34m9[0;34m9
[0m[0;34m1[0;34m1[0;34m1[0;34m1[0;34m1[0;34m1[0;34m1[0;34m1[0;34m1[0;34m1[0;34m1[0;34m1[0;34m1[0;34m1[0;34m1[0;34m1[0;34m1[0;34m1[0;34m1[0;34m1[0;34m1[0;34m1[0;34m1[0;34m1
[0m[0;34m1[0;34m0[0;34m0[0;34m0[0;34m0[0;34m0[0;34m0[0;34m0[0;34m0[0;34m0[0;34m0[0;34m0[0;34m0[0;34m0[0;34m0[0;34m0[0;34m0[0;34m0[0;34m0[0;34m0[0;34m0[0;34m0[0;34m0[0;34m1
[0m[0;34m1[0;34m0[0;34m0[0;34m0[0;34m0[0;34m0[0;34m0[0;34m0[0;34m0[0;34m0[0;34m0[0;34m0[0;34m0[0;34m0[0;34m0[0;34m0[0;34m0[0;34m0[0;34m0[0;34m0[0;34m0[0;34m0[0;34m0[0;34m1
[0m[0;34m1[0;34m0[0;34m0[0;34m0[0;34m0[0;34m0[0;34m0[0;34m0[0;34m0[0;34mN[0;34m0[0;34m0[0;34m0[0;34m0[0;34m0[0;34m0[0;34m0[0;34m0[0;34m0[0;34m0[0;34m0[0;34m0[0;34m0[0;34m1
[0m[0;34m1[0;34m0[0;34m0[0;34m0[0;34m0[0;34m0[0;34m0[0;34m0[0;34m0[0;34m0[0;34m0[0;34m0[0;34m0[0;34m0[0;34m0[0;34m0[0;34m0[0;34m0[0;34m0[0;34m0[0;34m0[0;34m0[0;34m0[0;34m1
[0m[0;34m1[0;34m0[0;34m0[0;34m0[0;34m0[0;34m0[0;34m0[0;34m0[0;34m0[0;34m0[0;34m0[0;34m0[0;34m0[0;34m0[0;34m0[0;34m0[0;34m0[0;34m0[0;34m0[0;34m0[0;34m0[0;34m0[0;34m0[0;34m1
[0m[0;34m1[0;34m0[0;34m0[0;34m0[0;34m0[0;34m0[0;34m0[0;34m0[0;34m0[0;34m0[0;34m0[0;34m0[0;34m0[0;34m0[0;34m0[0;34m0[0;34m0[0;34m0[0;34m0[0;34m0[0;34m0[0;34m0[0;34m0[0;34m1
[0m[0;34m1[0;34m0[0;34m0[0;34m0[0;34m0[0;34m0[0;34m1[0;34m1[0;34m1[0;34m1[0;34m1[0;34m0[0;34m0[0;34m0[0;34m0[0;34m1[0;34m0[0;34m1[0;34m0[0;34m1[0;34m0[0;34m0[0;34m0[0;34m1
[0m[0;34m1[0;34m0[0;34m0[0;34m0[0;34m0[0;34m0[0;34m1[0;34m0[0;34m0[0;34m0[0;34m1[0;34m0[0;34m0[0;34m0[0;34m0[0;34m0[0;34m0[0;34m0[0;34m0[0;34m0[0;34m0[0;34m0[0;34m0[0;34m1
[0m[0;34m1[0;34m0[0;34m0[0;34m0[0;34m0[0;34m0[0;34m1[0;34m0[0;34m0[0;34m0[0;34m1[0;34m0[0;34m0[0;34m0[0;34m0[0;34m1[0;34m0[0;34m0[0;34m0[0;34m1[0;34m0[0;34m0[0;34m0[0;34m1
[0m[0;34m1[0;34m0[0;34m0[0;34m0[0;34m0[0;34m0[0;34m1[0;34m0[0;34m0[0;34m0[0;34m1[0;34m0[0;34m0[0;34m0[0;34m0[0;34m0[0;34m0[0;34m0[0;34m0[0;34m0[0;34m0[0;34m0[0;34m0[0;34m1
[0m[0;34m1[0;34m0[0;34m0[0;34m0[0;34m0[0;34m0[0;34m1[0;34m1[0;34m1[0;34m1[0;34m0[0;34m0[0;34m0[0;34m0[0;34m1[0;34m0[0;34m1[0;34m0[0;34m1[0;34m0[0;34m0[0;34m0[0;34m0[0;34m1
[0m[0;34m1[0;34m0[0;34m0[0;34m0[0;34m0[0;34m0[0;34m0[0;34m0[0;34m0[0;34m0[0;34m0[0;34m0[0;34m0[0;34m0[0;34m0[0;34m0[0;34m0[0;34m0[0;34m0[0;34m0[0;34m0[0;34m0[0;34m0[0;34m1
[0m[0;34m1[0;34m0[0;34m0[0;34m0[0;34m0[0;34m0[0;34m0[0;34m0[0;34m0[0;34m0[0;34m0[0;34m0[0;34m0[0;34m0[0;34m0[0;34m0[0;34m0[0;34m0[0;34m0[0;34m0[0;34m0[0;34m0[0;34m0[0;34m1
[0m[0;34m1[0;34m0[0;34m0[0;34m0[0;34m0[0;34m0[0;34m0[0;34m0[0;34m0[0;34m0[0;34m0[0;34m0[0;34m0[0;34m0[0;34m0[0;34m0[0;34m0[0;34m0[0;34m0[0;34m0[0;34m0[0;34m0[0;34m0[0;34m1
[0m[0;34m1[0;34m0[0;34m0[0;34m0[0;34m0[0;34m0[0;34m0[0;34m0[0;34m0[0;34m0[0;34m0[0;34m0[0;34m0[0;34m0[0;34m0[0;34m0[0;34m0[0;34m0[0;34m0[0;34m0[0;34m0[0;34m0[0;34m0[0;34m1
[0m[0;34m1[0;34m0[0;34m0[0;34m0[0;34m0[0;34m0[0;34m0[0;34m0[0;34m0[0;34m0[0;34m0[0;34m0[0;34m0[0;34m0[0;34m0[0;34m0[0;34m0[0;34m0[0;34m0[0;34m0[0;34m0[0;34m0[0;34m0[0;34m1
[0m[0;34m1[0;34m0[0;34m0[0;34m0[0;34m0[0;34m0[0;34m0[0;34m0[0;34m0[0;34m0[0;34m0[0;34m0[0;34m0[0;34m0[0;34m0[0;34m0[0;34m0[0;34m0[0;34m0[0;34m0[0;34m0[0;34m0[0;34m0[0;34m1
[0m[0;34m1[0;34m0[0;34m0[0;34m0[0;34m0[0;34m0[0;34m0[0;34m0[0;34m0[0;34m0[0;34m0[0;34m0[0;34m0[0;34m0[0;34m0[0;34m0[0;34m0[0;34m0[0;34m0[0;34m0[0;34m0[0;34m0[0;34m0[0;34m1
[0m[0;34m1[0;34m1[0;34m1[0;34m1[0;34m1[0;34m1[0;34m1[0;34m1[0;34m1[0;34m0[0;34m0[0;34m0[0;34m0[0;34m0[0;34m0[0;34m0[0;34m0[0;34m0[0;34m0[0;34m0[0;34m0[0;34m0[0;34m0[0;34m1
[0m[0;34m1[0;34m0[0;34m0[0;34m1[0;34m0[0;34m0[0;34m0[0;34m0[0;34m1[0;34m0[0;34m0[0;34m0[0;34m0[0;34m0[0;34m0[0;34m0[0;34m0[0;34m0[0;34m0[0;34m0[0;34m0[0;34m0[0;34m0[0;34m1
[0m[0;34m1[0;34m0[0;34m0[0;34m0[0;34m0[0;34m0[0;34m1[0;34m0[0;34m1[0;34m0[0;34m0[0;34m0[0;34m0[0;34m0[0;34m0[0;34m0[0;34m0[0;34m0[0;34m0[0;34m0[0;34m0[0;34m0[0;34m0[0;34m1
[0m[0;34m1[0;34m0[0;34m0[0;34m1[0;34m0[0;34m0[0;34m0[0;34m0[0;34m1[0;34m0[0;34m0[0;34m0[0;34m0[0;34m0[0;34m0[0;34m0[0;34m0[0;34m0[0;34m0[0;34m0[0;34m0[0;34m0[0;34m0[0;34m1
[0m[0;34m1[0;34m0[0;34m0[0;34m1[0;34m1[0;34m1[0;34m1[0;34m1[0;34m1[0;34m0[0;34m0[0;34m0[0;34m0[0;34m0[0;34m0[0;34m0[0;34m0[0;34m0[0;34m0[0;34m0[0;34m0[0;34m0[0;34m0[0;34m1
[0m[0;34m1[0;34m0[0;34m0[0;34m0[0;34m0[0;34m0[0;34m0[0;34m0[0;34m0[0;34m0[0;34m0[0;34m0[0;34m0[0;34m0[0;34m0[0;34m0[0;34m0[0;34m0[0;34m0[0;34m0[0;34m0[0;34m0[0;34m0[0;34m1
[0m[0;34m1[0;34m0[0;34m0[0;34m0[0;34m0[0;34m0[0;34m0[0;34m0[0;34m0[0;34m0[0;34m0[0;34m0[0;34m0[0;34m0[0;34m0[0;34m0[0;34m0[0;34m0[0;34m0[0;34m0[0;34m0[0;34m0[0;34m0[0;34m1
[0m[0;34m1[0;34m1[0;34m1[0;34m1[0;34m1[0;34m1[0;34m1[0;34m1[0;34m1[0;34m1[0;34m1[0;34m1[0;34m1[0;34m1[0;34m1[0;34m1[0;34m1[0;34m1[0;34m1[0;34m1[0;34m1[0;34m1[0;34m1[0;34m1
[0mExit code: 0
‚ö†Ô∏è No Valgrind alerts, but with leaks[0m  
==10941== Memcheck, a memory error detector
==10941== Copyright (C) 2002-2022, and GNU GPL'd, by Julian Seward et al.
==10941== Using Valgrind-3.22.0 and LibVEX; rerun with -h for copyright info
==10941== Command: ./cub3d ./maps/good/square_map.cub
==10941== Parent PID: 10844
==10941== 
==10941== 
==10941== HEAP SUMMARY:
==10941==     in use at exit: 2,338 bytes in 84 blocks
==10941==   total heap usage: 277 allocs, 193 frees, 17,008 bytes allocated
==10941== 
==10941== LEAK SUMMARY:
==10941==    definitely lost: 744 bytes in 10 blocks
==10941==    indirectly lost: 1,594 bytes in 74 blocks
==10941==      possibly lost: 0 bytes in 0 blocks
==10941==    still reachable: 0 bytes in 0 blocks
==10941==         suppressed: 0 bytes in 0 blocks
==10941== Rerun with --leak-check=full to see details of leaked memory
==10941== 
==10941== For lists of detected and suppressed errors, rerun with: -s
==10941== ERROR SUMMARY: 0 errors from 0 contexts (suppressed: 0 from 0)
Running valgrind on ./maps/good/subject_map.cub...

[0;34mN[0;34mO[0;34m [0;34mt[0;34me[0;34mx[0;34mt[0;34mu[0;34mr[0;34me[0;34ms[0;34m/[0;34mt[0;34me[0;34ms[0;34mt[0;34m/[0;34mn[0;34mo[0;34mr[0;34mt[0;34mh[0;34m.[0;34mx[0;34mp[0;34mm
[0m[0;34mS[0;34mO[0;34m [0;34mt[0;34me[0;34mx[0;34mt[0;34mu[0;34mr[0;34me[0;34ms[0;34m/[0;34mt[0;34me[0;34ms[0;34mt[0;34m/[0;34ms[0;34mo[0;34mu[0;34mt[0;34mh[0;34m.[0;34mx[0;34mp[0;34mm
[0m[0;34mW[0;34mE[0;34m [0;34mt[0;34me[0;34mx[0;34mt[0;34mu[0;34mr[0;34me[0;34ms[0;34m/[0;34mt[0;34me[0;34ms[0;34mt[0;34m/[0;34mw[0;34me[0;34ms[0;34mt[0;34m.[0;34mx[0;34mp[0;34mm
[0m[0;34mE[0;34mA[0;34m [0;34mt[0;34me[0;34mx[0;34mt[0;34mu[0;34mr[0;34me[0;34ms[0;34m/[0;34mt[0;34me[0;34ms[0;34mt[0;34m/[0;34me[0;34ma[0;34ms[0;34mt[0;34m.[0;34mx[0;34mp[0;34mm
[0m
[0m[0;34mF[0;34m [0;34m2[0;34m2[0;34m0[0;34m,[0;34m1[0;34m0[0;34m0[0;34m,[0;34m0
[0m[0;34mC[0;34m [0;34m2[0;34m2[0;34m5[0;34m,[0;34m3[0;34m0[0;34m,[0;34m0
[0m
[0m[0;34m [0;34m [0;34m [0;34m [0;34m [0;34m [0;34m [0;34m [0;34m1[0;34m1[0;34m1[0;34m1[0;34m1[0;34m1[0;34m1[0;34m1[0;34m1[0;34m1[0;34m1[0;34m1[0;34m1[0;34m1[0;34m1[0;34m1[0;34m1[0;34m1[0;34m1[0;34m1[0;34m1[0;34m1[0;34m1[0;34m1[0;34m1
[0m[0;34m [0;34m [0;34m [0;34m [0;34m [0;34m [0;34m [0;34m [0;34m1[0;34m0[0;34m0[0;34m0[0;34m0[0;34m0[0;34m0[0;34m0[0;34m0[0;34m0[0;34m1[0;34m1[0;34m0[0;34m0[0;34m0[0;34m0[0;34m0[0;34m0[0;34m0[0;34m0[0;34m0[0;34m0[0;34m0[0;34m0[0;34m1
[0m[0;34m [0;34m [0;34m [0;34m [0;34m [0;34m [0;34m [0;34m [0;34m1[0;34m0[0;34m1[0;34m1[0;34m0[0;34m0[0;34m0[0;34m0[0;34m0[0;34m1[0;34m1[0;34m1[0;34m0[0;34m0[0;34m0[0;34m0[0;34m0[0;34m0[0;34m0[0;34m0[0;34m0[0;34m0[0;34m0[0;34m0[0;34m1
[0m[0;34m [0;34m [0;34m [0;34m [0;34m [0;34m [0;34m [0;34m [0;34m1[0;34m0[0;34m0[0;34m1[0;34m0[0;34m0[0;34m0[0;34m0[0;34m0[0;34m0[0;34m0[0;34m0[0;34m0[0;34m0[0;34m0[0;34m0[0;34m0[0;34m0[0;34m0[0;34m0[0;34m0[0;34m0[0;34m0[0;34m0[0;34m1
[0m[0;34m1[0;34m1[0;34m1[0;34m1[0;34m1[0;34m1[0;34m1[0;34m1[0;34m1[0;34m0[0;34m1[0;34m1[0;34m0[0;34m0[0;34m0[0;34m0[0;34m0[0;34m1[0;34m1[0;34m1[0;34m0[0;34m0[0;34m0[0;34m0[0;34m0[0;34m0[0;34m0[0;34m0[0;34m0[0;34m0[0;34m0[0;34m0[0;34m1
[0m[0;34m1[0;34m0[0;34m0[0;34m0[0;34m0[0;34m0[0;34m0[0;34m0[0;34m0[0;34m0[0;34m1[0;34m1[0;34m0[0;34m0[0;34m0[0;34m0[0;34m0[0;34m1[0;34m1[0;34m1[0;34m0[0;34m1[0;34m1[0;34m1[0;34m1[0;34m1[0;34m1[0;34m1[0;34m1[0;34m1[0;34m1[0;34m1[0;34m1
[0m[0;34m1[0;34m1[0;34m1[0;34m1[0;34m0[0;34m1[0;34m1[0;34m1[0;34m1[0;34m1[0;34m1[0;34m1[0;34m1[0;34m1[0;34m0[0;34m1[0;34m1[0;34m1[0;34m0[0;34m0[0;34m0[0;34m0[0;34m0[0;34m0[0;34m1[0;34m0[0;34m0[0;34m0[0;34m1
[0m[0;34m1[0;34m1[0;34m1[0;34m1[0;34m0[0;34m1[0;34m1[0;34m1[0;34m1[0;34m1[0;34m1[0;34m1[0;34m1[0;34m1[0;34m0[0;34m1[0;34m1[0;34m1[0;34m0[0;34m1[0;34m0[0;34m1[0;34m0[0;34m0[0;34m1[0;34m0[0;34m0[0;34m0[0;34m1
[0m[0;34m1[0;34m1[0;34m0[0;34m0[0;34m0[0;34m0[0;34m0[0;34m0[0;34m1[0;34m1[0;34m0[0;34m1[0;34m0[0;34m1[0;34m0[0;34m1[0;34m1[0;34m1[0;34m0[0;34m0[0;34m0[0;34m0[0;34m0[0;34m0[0;34m1[0;34m0[0;34m0[0;34m0[0;34m1
[0m[0;34m1[0;34m0[0;34m0[0;34m0[0;34m0[0;34m0[0;34m0[0;34m0[0;34m0[0;34m0[0;34m0[0;34m0[0;34m0[0;34m0[0;34m0[0;34m0[0;34m1[0;34m1[0;34m0[0;34m0[0;34m0[0;34m0[0;34m0[0;34m0[0;34m1[0;34m0[0;34m0[0;34m0[0;34m1
[0m[0;34m1[0;34m0[0;34m0[0;34m0[0;34m0[0;34m0[0;34m0[0;34m0[0;34m0[0;34m0[0;34m0[0;34m0[0;34m0[0;34m0[0;34m0[0;34m0[0;34m1[0;34m1[0;34m0[0;34m1[0;34m0[0;34m1[0;34m0[0;34m0[0;34m1[0;34m0[0;34m0[0;34m0[0;34m1
[0m[0;34m1[0;34m1[0;34m0[0;34m0[0;34m0[0;34m0[0;34m0[0;34m1[0;34m1[0;34m1[0;34m0[0;34m1[0;34m0[0;34m1[0;34m0[0;34m1[0;34m1[0;34m1[0;34m1[0;34m1[0;34m0[0;34m1[0;34m1[0;34m1[0;34m1[0;34m0[0;34mN[0;34m0[0;34m1[0;34m1[0;34m1
[0m[0;34m1[0;34m1[0;[0;32m[Debug info]üõ†Ô∏è  Map info üîç
[0m[0;32m[Debug info] - Map width:[0m33
[0;32m[Debug info] - Map height:[0m14
[0;32m[Debug info]üõ†Ô∏è  Starting player position info üîç
[0m[0;32m[Debug info] - Player X:[0m26
[0;32m[Debug info] - Player Y:[0m11
[0;32m[Debug info] - Player Direction:[0mN
[0;32m[Debug info]üõ†Ô∏è  Colors info c:  üîç
[0m[0;32m[Debug info]üõ†Ô∏è  Colors info f:  üîç
[0m[0;32m[Debug info]üõ†Ô∏è  Textures info:  üîç
[0m[0;32m[Debug info] Texture north:[0mtextures/test/north.xpm
[0;32m[Debug info] Texture south:[0mtextures/test/south.xpm
[0;32m[Debug info] Texture west:[0mtextures/test/west.xpm
[0;32m[Debug info] Texture east:[0mtextures/test/east.xpm
34m1[0;34m1[0;34m0[0;34m1[0;34m1[0;34m1[0;34m [0;34m1[0;34m1[0;34m1[0;34m0[0;34m1[0;34m0[0;34m1[0;34m [0;34m1[0;34m0[0;34m1[0;34m1[0;34m1[0;34m1[0;34m0[0;34m1[0;34m0[0;34m0[0;34m0[0;34m1
[0m[0;34m1[0;34m1[0;34m1[0;34m1[0;34m1[0;34m1[0;34m1[0;34m1[0;34m [0;34m1[0;34m1[0;34m1[0;34m1[0;34m1[0;34m1[0;34m1[0;34m [0;34m1[0;34m1[0;34m1[0;34m1[0;34m1[0;34m1[0;34m1[0;34m1[0;34m1[0;34m1[0;34m1[0;34m1
[0m[0;34m2[0;34m2[0;34m5
[0m[0;34m3[0;34m0
[0m[0;34m0
[0m[0;34m2[0;34m2[0;34m0
[0m[0;34m1[0;34m0[0;34m0
[0m[0;34m0
[0m[0;34m1[0;34m1[0;34m1[0;34m1[0;34m1[0;34m1[0;34m1[0;34m1[0;34m1[0;34m1[0;34m1[0;34m1[0;34m1[0;34m1[0;34m1[0;34m1[0;34m1[0;34m1[0;34m1[0;34m1[0;34m1[0;34m1[0;34m1[0;34m1[0;34m1[0;34m1[0;34m1[0;34m1[0;34m1[0;34m1[0;34m1[0;34m1[0;34m1
[0m[0;34m1[0;34m1[0;34m1[0;34m1[0;34m1[0;34m1[0;34m1[0;34m1[0;34m1[0;34m0[0;34m0[0;34m0[0;34m0[0;34m0[0;34m0[0;34m0[0;34m0[0;34m0[0;34m1[0;34m1[0;34m0[0;34m0[0;34m0[0;34m0[0;34m0[0;34m0[0;34m0[0;34m0[0;34m0[0;34m0[0;34m0[0;34m0[0;34m1
[0m[0;34m1[0;34m1[0;34m1[0;34m1[0;34m1[0;34m1[0;34m1[0;34m1[0;34m1[0;34m0[0;34m1[0;34m1[0;34m0[0;34m0[0;34m0[0;34m0[0;34m0[0;34m1[0;34m1[0;34m1[0;34m0[0;34m0[0;34m0[0;34m0[0;34m0[0;34m0[0;34m0[0;34m0[0;34m0[0;34m0[0;34m0[0;34m0[0;34m1
[0m[0;34m1[0;34m1[0;34m1[0;34m1[0;34m1[0;34m1[0;34m1[0;34m1[0;34m1[0;34m0[0;34m0[0;34m1[0;34m0[0;34m0[0;34m0[0;34m0[0;34m0[0;34m0[0;34m0[0;34m0[0;34m0[0;34m0[0;34m0[0;34m0[0;34m0[0;34m0[0;34m0[0;34m0[0;34m0[0;34m0[0;34m0[0;34m0[0;34m1
[0m[0;34m1[0;34m1[0;34m1[0;34m1[0;34m1[0;34m1[0;34m1[0;34m1[0;34m1[0;34m0[0;34m1[0;34m1[0;34m0[0;34m0[0;34m0[0;34m0[0;34m0[0;34m1[0;34m1[0;34m1[0;34m0[0;34m0[0;34m0[0;34m0[0;34m0[0;34m0[0;34m0[0;34m0[0;34m0[0;34m0[0;34m0[0;34m0[0;34m1
[0m[0;34m1[0;34m0[0;34m0[0;34m0[0;34m0[0;34m0[0;34m0[0;34m0[0;34m0[0;34m0[0;34m1[0;34m1[0;34m0[0;34m0[0;34m0[0;34m0[0;34m0[0;34m1[0;34m1[0;34m1[0;34m0[0;34m1[0;34m1[0;34m1[0;34m1[0;34m1[0;34m1[0;34m1[0;34m1[0;34m1[0;34m1[0;34m1[0;34m1
[0m[0;34m1[0;34m1[0;34m1[0;34m1[0;34m0[0;34m1[0;34m1[0;34m1[0;34m1[0;34m1[0;34m1[0;34m1[0;34m1[0;34m1[0;34m0[0;34m1[0;34m1[0;34m1[0;34m0[0;34m0[0;34m0[0;34m0[0;34m0[0;34m0[0;34m1[0;34m0[0;34m0[0;34m0[0;34m1[0;34m1[0;34m1[0;34m1[0;34m1
[0m[0;34m1[0;34m1[0;34m1[0;34m1[0;34m0[0;34m1[0;34m1[0;34m1[0;34m1[0;34m1[0;34m1[0;34m1[0;34m1[0;34m1[0;34m0[0;34m1[0;34m1[0;34m1[0;34m0[0;34m1[0;34m0[0;34m1[0;34m0[0;34m0[0;34m1[0;34m0[0;34m0[0;34m0[0;34m1[0;34m1[0;34m1[0;34m1[0;34m1
[0m[0;34m1[0;34m1[0;34m0[0;34m0[0;34m0[0;34m0[0;34m0[0;34m0[0;34m1[0;34m1[0;34m0[0;34m1[0;34m0[0;34m1[0;34m0[0;34m1[0;34m1[0;34m1[0;34m0[0;34m0[0;34m0[0;34m0[0;34m0[0;34m0[0;34m1[0;34m0[0;34m0[0;34m0[0;34m1[0;34m1[0;34m1[0;34m1[0;34m1
[0m[0;34m1[0;34m0[0;34m0[0;34m0[0;34m0[0;34m0[0;34m0[0;34m0[0;34m0[0;34m0[0;34m0[0;34m0[0;34m0[0;34m0[0;34m0[0;34m0[0;34m1[0;34m1[0;34m0[0;34m0[0;34m0[0;34m0[0;34m0[0;34m0[0;34m1[0;34m0[0;34m0[0;34m0[0;34m1[0;34m1[0;34m1[0;34m1[0;34m1
[0m[0;34m1[0;34m0[0;34m0[0;34m0[0;34m0[0;34m0[0;34m0[0;34m0[0;34m0[0;34m0[0;34m0[0;34m0[0;34m0[0;34m0[0;34m0[0;34m0[0;34m1[0;34m1[0;34m0[0;34m1[0;34m0[0;34m1[0;34m0[0;34m0[0;34m1[0;34m0[0;34m0[0;34m0[0;34m1[0;34m1[0;34m1[0;34m1[0;34m1
[0m[0;34m1[0;34m1[0;34m0[0;34m0[0;34m0[0;34m0[0;34m0[0;34m1[0;34m1[0;34m1[0;34m0[0;34m1[0;34m0[0;34m1[0;34m0[0;34m1[0;34m1[0;34m1[0;34m1[0;34m1[0;34m0[0;34m1[0;34m1[0;34m1[0;34m1[0;34m0[0;34mN[0;34m0[0;34m1[0;34m1[0;34m1[0;34m1[0;34m1
[0m[0;34m1[0;34m1[0;34m1[0;34m1[0;34m0[0;34m1[0;34m1[0;34m1[0;34m1[0;34m1[0;34m1[0;34m1[0;34m0[0;34m1[0;34m0[0;34m1[0;34m1[0;34m1[0;34m0[0;34m1[0;34m1[0;34m1[0;34m1[0;34m0[0;34m1[0;34m0[0;34m0[0;34m0[0;34m1[0;34m1[0;34m1[0;34m1[0;34m1
[0m[0;34m1[0;34m1[0;34m1[0;34m1[0;34m1[0;34m1[0;34m1[0;34m1[0;34m1[0;34m1[0;34m1[0;34m1[0;34m1[0;34m1[0;34m1[0;34m1[0;34m1[0;34m1[0;34m1[0;34m1[0;34m1[0;34m1[0;34m1[0;34m1[0;34m1[0;34m1[0;34m1[0;34m1[0;34m1[0;34m1[0;34m1[0;34m1[0;34m1
[0mExit code: 0
‚ö†Ô∏è No Valgrind alerts, but with leaks[0m  
==10944== Memcheck, a memory error detector
==10944== Copyright (C) 2002-2022, and GNU GPL'd, by Julian Seward et al.
==10944== Using Valgrind-3.22.0 and LibVEX; rerun with -h for copyright info
==10944== Command: ./cub3d ./maps/good/subject_map.cub
==10944== Parent PID: 10844
==10944== 
==10944== 
==10944== HEAP SUMMARY:
==10944==     in use at exit: 1,575 bytes in 52 blocks
==10944==   total heap usage: 164 allocs, 112 frees, 10,128 bytes allocated
==10944== 
==10944== LEAK SUMMARY:
==10944==    definitely lost: 481 bytes in 10 blocks
==10944==    indirectly lost: 1,094 bytes in 42 blocks
==10944==      possibly lost: 0 bytes in 0 blocks
==10944==    still reachable: 0 bytes in 0 blocks
==10944==         suppressed: 0 bytes in 0 blocks
==10944== Rerun with --leak-check=full to see details of leaked memory
==10944== 
==10944== For lists of detected and suppressed errors, rerun with: -s
==10944== ERROR SUMMARY: 0 errors from 0 contexts (suppressed: 0 from 0)
Running valgrind on ./maps/good/test_map.cub...

[0;32m[Debug info]üõ†Ô∏è  Map info üîç
[0m[0;32m[Debug info] - Map width:[0m12
[0;32m[Debug info] - Map height:[0m8
[0;32m[Debug info]üõ†Ô∏è  Starting player position info üîç
[0m[0;32m[Debug info] - Player X:[0m2
[0;32m[Debug info] - Player Y:[0m4
[0;32m[Debug info] - Player Direction:[0mS
[0;32m[Debug info]üõ†Ô∏è  Colors info c:  üîç
[0m[0;32m[Debug info]üõ†Ô∏è  Colors info f:  üîç
[0m[0;32m[Debug info]üõ†Ô∏è  Textures info:  üîç
[0m[0;32m[Debug info] Texture north:[0mtextures/test/north.xpm
[0;32m[Debug info] Texture south:[0mtextures/test/south.xpm
[0;32m[Debug info] Texture west:[0mtextures/test/west.xpm
[0;32m[Debug info] Texture east:[0mtextures/test/east.xpm
[0;34mN[0;34mO[0;34m [0;34mt[0;34me[0;34mx[0;34mt[0;34mu[0;34mr[0;34me[0;34ms[0;34m/[0;34mt[0;34me[0;34ms[0;34mt[0;34m/[0;34mn[0;34mo[0;34mr[0;34mt[0;34mh[0;34m.[0;34mx[0;34mp[0;34mm
[0m[0;34mS[0;34mO[0;34m [0;34mt[0;34me[0;34mx[0;34mt[0;34mu[0;34mr[0;34me[0;34ms[0;34m/[0;34mt[0;34me[0;34ms[0;34mt[0;34m/[0;34ms[0;34mo[0;34mu[0;34mt[0;34mh[0;34m.[0;34mx[0;34mp[0;34mm
[0m[0;34mW[0;34mE[0;34m [0;34mt[0;34me[0;34mx[0;34mt[0;34mu[0;34mr[0;34me[0;34ms[0;34m/[0;34mt[0;34me[0;34ms[0;34mt[0;34m/[0;34mw[0;34me[0;34ms[0;34mt[0;34m.[0;34mx[0;34mp[0;34mm
[0m[0;34mE[0;34mA[0;34m [0;34mt[0;34me[0;34mx[0;34mt[0;34mu[0;34mr[0;34me[0;34ms[0;34m/[0;34mt[0;34me[0;34ms[0;34mt[0;34m/[0;34me[0;34ma[0;34ms[0;34mt[0;34m.[0;34mx[0;34mp[0;34mm
[0m
[0m[0;34mF[0;34m [0;34m1[0;34m8[0;34m,[0;34m5[0;34m3[0;34m,[0;34m2[0;34m5
[0m[0;34mC[0;34m [0;34m1[0;34m5[0;34m3[0;34m,[0;34m2[0;34m0[0;34m4[0;34m,[0;34m2[0;34m5[0;34m5
[0m
[0m[0;34m1[0;34m1[0;34m1[0;34m1[0;34m1[0;34m1[0;34m1[0;34m1[0;34m1[0;34m1[0;34m1[0;34m1
[0m[0;34m1[0;34m [0;34m [0;34m [0;34m [0;34m [0;34m [0;34m [0;34m [0;34m [0;34m1[0;34m1
[0m[0;34m1[0;34m [0;34m [0;34m [0;34m [0;34m [0;34m [0;34m [0;34m [0;34m [0;34m [0;34m1
[0m[0;34m1[0;34m1[0;34m1[0;34m1[0;34m1[0;34m1[0;34m1[0;34m1[0;34m1[0;34m1[0;34m1[0;34m1
[0m[0;34m1[0;34m0[0;34mS[0;34m0[0;34m0[0;34m0[0;34m0[0;34m0[0;34m0[0;34m0[0;34m0[0;34m1
[0m[0;34m1[0;34m1[0;34m1[0;34m1[0;34m1[0;34m1[0;34m1[0;34m1[0;34m1[0;34m1[0;34m1[0;34m1
[0m[0;34m1[0;34m1[0;34m [0;34m [0;34m [0;34m [0;34m [0;34m [0;34m [0;34m [0;34m [0;34m1
[0m[0;34m1[0;34m1[0;34m1[0;34m1[0;34m1[0;34m1[0;34m1[0;34m1[0;34m1[0;34m1[0;34m1[0;34m1
[0m[0;34m1[0;34m5[0;34m3
[0m[0;34m2[0;34m0[0;34m4
[0m[0;34m2[0;34m5[0;34m5
[0m[0;34m1[0;34m8
[0m[0;34m5[0;34m3
[0m[0;34m2[0;34m5
[0m[0;34m1[0;34m1[0;34m1[0;34m1[0;34m1[0;34m1[0;34m1[0;34m1[0;34m1[0;34m1[0;34m1[0;34m1
[0m[0;34m1[0;34m1[0;34m1[0;34m1[0;34m1[0;34m1[0;34m1[0;34m1[0;34m1[0;34m1[0;34m1[0;34m1
[0m[0;34m1[0;34m1[0;34m1[0;34m1[0;34m1[0;34m1[0;34m1[0;34m1[0;34m1[0;34m1[0;34m1[0;34m1
[0m[0;34m1[0;34m1[0;34m1[0;34m1[0;34m1[0;34m1[0;34m1[0;34m1[0;34m1[0;34m1[0;34m1[0;34m1
[0m[0;34m1[0;34m0[0;34mS[0;34m0[0;34m0[0;34m0[0;34m0[0;34m0[0;34m0[0;34m0[0;34m0[0;34m1
[0m[0;34m1[0;34m1[0;34m1[0;34m1[0;34m1[0;34m1[0;34m1[0;34m1[0;34m1[0;34m1[0;34m1[0;34m1
[0m[0;34m1[0;34m1[0;34m1[0;34m1[0;34m1[0;34m1[0;34m1[0;34m1[0;34m1[0;34m1[0;34m1[0;34m1
[0m[0;34m1[0;34m1[0;34m1[0;34m1[0;34m1[0;34m1[0;34m1[0;34m1[0;34m1[0;34m1[0;34m1[0;34m1
[0mExit code: 0
‚ö†Ô∏è No Valgrind alerts, but with leaks[0m  
==10976== Memcheck, a memory error detector
==10976== Copyright (C) 2002-2022, and GNU GPL'd, by Julian Seward et al.
==10976== Using Valgrind-3.22.0 and LibVEX; rerun with -h for copyright info
==10976== Command: ./cub3d ./maps/good/test_map.cub
==10976== Parent PID: 10844
==10976== 
==10976== 
==10976== HEAP SUMMARY:
==10976==     in use at exit: 765 bytes in 40 blocks
==10976==   total heap usage: 113 allocs, 73 frees, 7,229 bytes allocated
==10976== 
==10976== LEAK SUMMARY:
==10976==    definitely lost: 387 bytes in 10 blocks
==10976==    indirectly lost: 378 bytes in 30 blocks
==10976==      possibly lost: 0 bytes in 0 blocks
==10976==    still reachable: 0 bytes in 0 blocks
==10976==         suppressed: 0 bytes in 0 blocks
==10976== Rerun with --leak-check=full to see details of leaked memory
==10976== 
==10976== For lists of detected and suppressed errors, rerun with: -s
==10976== ERROR SUMMARY: 0 errors from 0 contexts (suppressed: 0 from 0)
Running valgrind on ./maps/good/test_map_hole.cub...

[0;32m[Debug info]üõ†Ô∏è  Map info üîç
[0m[0;32m[Debug info] - Map width:[0m12
[0;32m[Debug info] - Map height:[0m8
[0;32m[Debug info]üõ†Ô∏è  Starting player position info üîç
[0m[0;32m[Debug info] - Player X:[0m2
[0;32m[Debug info] - Player Y:[0m4
[0;32m[Debug info] - Player Direction:[0mS
[0;32m[Debug info]üõ†Ô∏è  Colors info c:  üîç
[0m[0;32m[Debug info]üõ†Ô∏è  Colors info f:  üîç
[0m[0;32m[Debug info]üõ†Ô∏è  Textures info:  üîç
[0m[0;32m[Debug info] Texture north:[0mtextures/test/north.xpm
[0;32m[Debug info] Texture south:[0mtextures/test/south.xpm
[0;32m[Debug info] Texture west:[0mtextures/test/west.xpm
[0;32m[Debug info] Texture east:[0mtextures/test/east.xpm
[0;34mN[0;34mO[0;34m [0;34mt[0;34me[0;34mx[0;34mt[0;34mu[0;34mr[0;34me[0;34ms[0;34m/[0;34mt[0;34me[0;34ms[0;34mt[0;34m/[0;34mn[0;34mo[0;34mr[0;34mt[0;34mh[0;34m.[0;34mx[0;34mp[0;34mm
[0m[0;34mS[0;34mO[0;34m [0;34mt[0;34me[0;34mx[0;34mt[0;34mu[0;34mr[0;34me[0;34ms[0;34m/[0;34mt[0;34me[0;34ms[0;34mt[0;34m/[0;34ms[0;34mo[0;34mu[0;34mt[0;34mh[0;34m.[0;34mx[0;34mp[0;34mm
[0m[0;34mW[0;34mE[0;34m [0;34mt[0;34me[0;34mx[0;34mt[0;34mu[0;34mr[0;34me[0;34ms[0;34m/[0;34mt[0;34me[0;34ms[0;34mt[0;34m/[0;34mw[0;34me[0;34ms[0;34mt[0;34m.[0;34mx[0;34mp[0;34mm
[0m[0;34mE[0;34mA[0;34m [0;34mt[0;34me[0;34mx[0;34mt[0;34mu[0;34mr[0;34me[0;34ms[0;34m/[0;34mt[0;34me[0;34ms[0;34mt[0;34m/[0;34me[0;34ma[0;34ms[0;34mt[0;34m.[0;34mx[0;34mp[0;34mm
[0m
[0m[0;34mF[0;34m [0;34m1[0;34m8[0;34m,[0;34m5[0;34m3[0;34m,[0;34m2[0;34m5
[0m[0;34mC[0;34m [0;34m1[0;34m5[0;34m3[0;34m,[0;34m2[0;34m0[0;34m4[0;34m,[0;34m2[0;34m5[0;34m5
[0m
[0m[0;34m1[0;34m1[0;34m1[0;34m1[0;34m1[0;34m1[0;34m1[0;34m1[0;34m1[0;34m1[0;34m1[0;34m1
[0m[0;34m1[0;34m [0;34m [0;34m [0;34m [0;34m [0;34m [0;34m [0;34m [0;34m [0;34m1[0;34m1
[0m[0;34m1[0;34m [0;34m [0;34m [0;34m [0;34m [0;34m [0;34m [0;34m0[0;34m0[0;34m0[0;34m1
[0m[0;34m1[0;34m0[0;34m0[0;34m0[0;34m0[0;34m0[0;34m0[0;34m [0;34m0[0;34m0[0;34m1[0;34m1
[0m[0;34m1[0;34m0[0;34mS[0;34m0[0;34m0[0;34m0[0;34m0[0;34m0[0;34m0[0;34m0[0;34m0[0;34m1
[0m[0;34m1[0;34m1[0;34m1[0;34m1[0;34m1[0;34m1[0;34m1[0;34m1[0;34m1[0;34m1[0;34m1[0;34m1
[0m[0;34m1[0;34m1[0;34m [0;34m [0;34m [0;34m [0;34m [0;34m [0;34m [0;34m [0;34m [0;34m1
[0m[0;34m1[0;34m1[0;34m1[0;34m1[0;34m1[0;34m1[0;34m1[0;34m1[0;34m1[0;34m1[0;34m1[0;34m1
[0m[0;34m1[0;34m5[0;34m3
[0m[0;34m2[0;34m0[0;34m4
[0m[0;34m2[0;34m5[0;34m5
[0m[0;34m1[0;34m8
[0m[0;34m5[0;34m3
[0m[0;34m2[0;34m5
[0m[0;34m1[0;34m1[0;34m1[0;34m1[0;34m1[0;34m1[0;34m1[0;34m1[0;34m1[0;34m1[0;34m1[0;34m1
[0m[0;34m1[0;34m1[0;34m1[0;34m1[0;34m1[0;34m1[0;34m1[0;34m1[0;34m1[0;34m1[0;34m1[0;34m1
[0m[0;34m1[0;34m1[0;34m1[0;34m1[0;34m1[0;34m1[0;34m1[0;34m1[0;34m0[0;34m0[0;34m0[0;34m1
[0m[0;34m1[0;34m0[0;34m0[0;34m0[0;34m0[0;34m0[0;34m0[0;34m1[0;34m0[0;34m0[0;34m1[0;34m1
[0m[0;34m1[0;34m0[0;34mS[0;34m0[0;34m0[0;34m0[0;34m0[0;34m0[0;34m0[0;34m0[0;34m0[0;34m1
[0m[0;34m1[0;34m1[0;34m1[0;34m1[0;34m1[0;34m1[0;34m1[0;34m1[0;34m1[0;34m1[0;34m1[0;34m1
[0m[0;34m1[0;34m1[0;34m1[0;34m1[0;34m1[0;34m1[0;34m1[0;34m1[0;34m1[0;34m1[0;34m1[0;34m1
[0m[0;34m1[0;34m1[0;34m1[0;34m1[0;34m1[0;34m1[0;34m1[0;34m1[0;34m1[0;34m1[0;34m1[0;34m1
[0mExit code: 0
‚ö†Ô∏è No Valgrind alerts, but with leaks[0m  
==10979== Memcheck, a memory error detector
==10979== Copyright (C) 2002-2022, and GNU GPL'd, by Julian Seward et al.
==10979== Using Valgrind-3.22.0 and LibVEX; rerun with -h for copyright info
==10979== Command: ./cub3d ./maps/good/test_map_hole.cub
==10979== Parent PID: 10844
==10979== 
==10979== 
==10979== HEAP SUMMARY:
==10979==     in use at exit: 765 bytes in 40 blocks
==10979==   total heap usage: 113 allocs, 73 frees, 7,229 bytes allocated
==10979== 
==10979== LEAK SUMMARY:
==10979==    definitely lost: 387 bytes in 10 blocks
==10979==    indirectly lost: 378 bytes in 30 blocks
==10979==      possibly lost: 0 bytes in 0 blocks
==10979==    still reachable: 0 bytes in 0 blocks
==10979==         suppressed: 0 bytes in 0 blocks
==10979== Rerun with --leak-check=full to see details of leaked memory
==10979== 
==10979== For lists of detected and suppressed errors, rerun with: -s
==10979== ERROR SUMMARY: 0 errors from 0 contexts (suppressed: 0 from 0)
Running valgrind on ./maps/good/test_pos_bottom.cub...

[0;32m[Debug info]üõ†Ô∏è  Map info üîç
[0m[0;32m[Debug info] - Map width:[0m3
[0;32m[Debug info] - Map height:[0m13
[0;32m[Debug info]üõ†Ô∏è  Starting player position info üîç
[0m[0;32m[Debug info] - Player X:[0m1
[0;32m[Debug info] - Player Y:[0m11
[0;32m[Debug info] - Player Direction:[0mS
[0;32m[Debug info]üõ†Ô∏è  Colors info c:  üîç
[0m[0;32m[Debug info]üõ†Ô∏è  Colors info f:  üîç
[0m[0;32m[Debug info]üõ†Ô∏è  Textures info:  üîç
[0m[0;32m[Debug info] Texture north:[0mtextures/test/north.xpm
[0;32m[Debug info] Texture south:[0mtextures/test/south.xpm
[0;32m[Debug info] Texture west:[0mtextures/test/west.xpm
[0;32m[Debug info] Texture east:[0mtextures/test/east.xpm
[0;34mN[0;34mO[0;34m [0;34mt[0;34me[0;34mx[0;34mt[0;34mu[0;34mr[0;34me[0;34ms[0;34m/[0;34mt[0;34me[0;34ms[0;34mt[0;34m/[0;34mn[0;34mo[0;34mr[0;34mt[0;34mh[0;34m.[0;34mx[0;34mp[0;34mm
[0m[0;34mS[0;34mO[0;34m [0;34mt[0;34me[0;34mx[0;34mt[0;34mu[0;34mr[0;34me[0;34ms[0;34m/[0;34mt[0;34me[0;34ms[0;34mt[0;34m/[0;34ms[0;34mo[0;34mu[0;34mt[0;34mh[0;34m.[0;34mx[0;34mp[0;34mm
[0m[0;34mW[0;34mE[0;34m [0;34mt[0;34me[0;34mx[0;34mt[0;34mu[0;34mr[0;34me[0;34ms[0;34m/[0;34mt[0;34me[0;34ms[0;34mt[0;34m/[0;34mw[0;34me[0;34ms[0;34mt[0;34m.[0;34mx[0;34mp[0;34mm
[0m[0;34mE[0;34mA[0;34m [0;34mt[0;34me[0;34mx[0;34mt[0;34mu[0;34mr[0;34me[0;34ms[0;34m/[0;34mt[0;34me[0;34ms[0;34mt[0;34m/[0;34me[0;34ma[0;34ms[0;34mt[0;34m.[0;34mx[0;34mp[0;34mm
[0m
[0m[0;34mF[0;34m [0;34m2[0;34m0[0;34m,[0;34m2[0;34m0[0;34m,[0;34m2[0;34m0
[0m[0;34mC[0;34m [0;34m2[0;34m0[0;34m0[0;34m,[0;34m2[0;34m0[0;34m0[0;34m,[0;34m2[0;34m0[0;34m0
[0m
[0m[0;34m1[0;34m1[0;34m1
[0m[0;34m1[0;34m0[0;34m1
[0m[0;34m1[0;34m0[0;34m1
[0m[0;34m1[0;34m0[0;34m1
[0m[0;34m1[0;34m0[0;34m1
[0m[0;34m1[0;34m0[0;34m1
[0m[0;34m1[0;34m0[0;34m1
[0m[0;34m1[0;34m0[0;34m1
[0m[0;34m1[0;34m0[0;34m1
[0m[0;34m1[0;34m0[0;34m1
[0m[0;34m1[0;34m0[0;34m1
[0m[0;34m1[0;34mS[0;34m1
[0m[0;34m1[0;34m1[0;34m1
[0m[0;34m2[0;34m0[0;34m0
[0m[0;34m2[0;34m0[0;34m0
[0m[0;34m2[0;34m0[0;34m0
[0m[0;34m2[0;34m0
[0m[0;34m2[0;34m0
[0m[0;34m2[0;34m0
[0m[0;34m1[0;34m1[0;34m1
[0m[0;34m1[0;34m0[0;34m1
[0m[0;34m1[0;34m0[0;34m1
[0m[0;34m1[0;34m0[0;34m1
[0m[0;34m1[0;34m0[0;34m1
[0m[0;34m1[0;34m0[0;34m1
[0m[0;34m1[0;34m0[0;34m1
[0m[0;34m1[0;34m0[0;34m1
[0m[0;34m1[0;34m0[0;34m1
[0m[0;34m1[0;34m0[0;34m1
[0m[0;34m1[0;34m0[0;34m1
[0m[0;34m1[0;34mS[0;34m1
[0m[0;34m1[0;34m1[0;34m1
[0mExit code: 0
‚ö†Ô∏è No Valgrind alerts, but with leaks[0m  
==11024== Memcheck, a memory error detector
==11024== Copyright (C) 2002-2022, and GNU GPL'd, by Julian Seward et al.
==11024== Using Valgrind-3.22.0 and LibVEX; rerun with -h for copyright info
==11024== Command: ./cub3d ./maps/good/test_pos_bottom.cub
==11024== Parent PID: 10844
==11024== 
==11024== 
==11024== HEAP SUMMARY:
==11024==     in use at exit: 746 bytes in 50 blocks
==11024==   total heap usage: 141 allocs, 91 frees, 8,007 bytes allocated
==11024== 
==11024== LEAK SUMMARY:
==11024==    definitely lost: 467 bytes in 10 blocks
==11024==    indirectly lost: 279 bytes in 40 blocks
==11024==      possibly lost: 0 bytes in 0 blocks
==11024==    still reachable: 0 bytes in 0 blocks
==11024==         suppressed: 0 bytes in 0 blocks
==11024== Rerun with --leak-check=full to see details of leaked memory
==11024== 
==11024== For lists of detected and suppressed errors, rerun with: -s
==11024== ERROR SUMMARY: 0 errors from 0 contexts (suppressed: 0 from 0)
Running valgrind on ./maps/good/test_pos_left.cub...

[0;32m[Debug info]üõ†Ô∏è  Map info üîç
[0m[0;32m[Debug info] - Map width:[0m21
[0;32m[Debug info] - Map height:[0m3
[0;32m[Debug info]üõ†Ô∏è  Starting player position info üîç
[0m[0;32m[Debug info] - Player X:[0m1
[0;32m[Debug info] - Player Y:[0m1
[0;32m[Debug info] - Player Direction:[0mW
[0;32m[Debug info]üõ†Ô∏è  Colors info c:  üîç
[0m[0;32m[Debug info]üõ†Ô∏è  Colors info f:  üîç
[0m[0;32m[Debug info]üõ†Ô∏è  Textures info:  üîç
[0m[0;32m[Debug info] Texture north:[0mtextures/test/north.xpm
[0;32m[Debug info] Texture south:[0mtextures/test/south.xpm
[0;32m[Debug info] Texture west:[0mtextures/test/west.xpm
[0;32m[Debug info] Texture east:[0mtextures/test/east.xpm
[0;34mN[0;34mO[0;34m [0;34mt[0;34me[0;34mx[0;34mt[0;34mu[0;34mr[0;34me[0;34ms[0;34m/[0;34mt[0;34me[0;34ms[0;34mt[0;34m/[0;34mn[0;34mo[0;34mr[0;34mt[0;34mh[0;34m.[0;34mx[0;34mp[0;34mm
[0m[0;34mS[0;34mO[0;34m [0;34mt[0;34me[0;34mx[0;34mt[0;34mu[0;34mr[0;34me[0;34ms[0;34m/[0;34mt[0;34me[0;34ms[0;34mt[0;34m/[0;34ms[0;34mo[0;34mu[0;34mt[0;34mh[0;34m.[0;34mx[0;34mp[0;34mm
[0m[0;34mW[0;34mE[0;34m [0;34mt[0;34me[0;34mx[0;34mt[0;34mu[0;34mr[0;34me[0;34ms[0;34m/[0;34mt[0;34me[0;34ms[0;34mt[0;34m/[0;34mw[0;34me[0;34ms[0;34mt[0;34m.[0;34mx[0;34mp[0;34mm
[0m[0;34mE[0;34mA[0;34m [0;34mt[0;34me[0;34mx[0;34mt[0;34mu[0;34mr[0;34me[0;34ms[0;34m/[0;34mt[0;34me[0;34ms[0;34mt[0;34m/[0;34me[0;34ma[0;34ms[0;34mt[0;34m.[0;34mx[0;34mp[0;34mm
[0m
[0m[0;34mF[0;34m [0;34m2[0;34m0[0;34m,[0;34m2[0;34m0[0;34m,[0;34m2[0;34m0
[0m[0;34mC[0;34m [0;34m2[0;34m0[0;34m0[0;34m,[0;34m2[0;34m0[0;34m0[0;34m,[0;34m2[0;34m0[0;34m0
[0m
[0m[0;34m1[0;34m1[0;34m1[0;34m1[0;34m1[0;34m1[0;34m1[0;34m1[0;34m1[0;34m1[0;34m1[0;34m1[0;34m1[0;34m1[0;34m1[0;34m1[0;34m1[0;34m1[0;34m1[0;34m1[0;34m1
[0m[0;34m1[0;34mW[0;34m0[0;34m0[0;34m0[0;34m0[0;34m0[0;34m0[0;34m0[0;34m0[0;34m0[0;34m0[0;34m0[0;34m0[0;34m0[0;34m0[0;34m0[0;34m0[0;34m0[0;34m0[0;34m1
[0m[0;34m1[0;34m1[0;34m1[0;34m1[0;34m1[0;34m1[0;34m1[0;34m1[0;34m1[0;34m1[0;34m1[0;34m1[0;34m1[0;34m1[0;34m1[0;34m1[0;34m1[0;34m1[0;34m1[0;34m1[0;34m1
[0m[0;34m2[0;34m0[0;34m0
[0m[0;34m2[0;34m0[0;34m0
[0m[0;34m2[0;34m0[0;34m0
[0m[0;34m2[0;34m0
[0m[0;34m2[0;34m0
[0m[0;34m2[0;34m0
[0m[0;34m1[0;34m1[0;34m1[0;34m1[0;34m1[0;34m1[0;34m1[0;34m1[0;34m1[0;34m1[0;34m1[0;34m1[0;34m1[0;34m1[0;34m1[0;34m1[0;34m1[0;34m1[0;34m1[0;34m1[0;34m1
[0m[0;34m1[0;34mW[0;34m0[0;34m0[0;34m0[0;34m0[0;34m0[0;34m0[0;34m0[0;34m0[0;34m0[0;34m0[0;34m0[0;34m0[0;34m0[0;34m0[0;34m0[0;34m0[0;34m0[0;34m0[0;34m1
[0m[0;34m1[0;34m1[0;34m1[0;34m1[0;34m1[0;34m1[0;34m1[0;34m1[0;34m1[0;34m1[0;34m1[0;34m1[0;34m1[0;34m1[0;34m1[0;34m1[0;34m1[0;34m1[0;34m1[0;34m1[0;34m1
[0mExit code: 0
‚ö†Ô∏è No Valgrind alerts, but with leaks[0m  
==11027== Memcheck, a memory error detector
==11027== Copyright (C) 2002-2022, and GNU GPL'd, by Julian Seward et al.
==11027== Using Valgrind-3.22.0 and LibVEX; rerun with -h for copyright info
==11027== Command: ./cub3d ./maps/good/test_pos_left.cub
==11027== Parent PID: 10844
==11027== 
==11027== 
==11027== HEAP SUMMARY:
==11027==     in use at exit: 604 bytes in 30 blocks
==11027==   total heap usage: 82 allocs, 52 frees, 6,237 bytes allocated
==11027== 
==11027== LEAK SUMMARY:
==11027==    definitely lost: 307 bytes in 10 blocks
==11027==    indirectly lost: 297 bytes in 20 blocks
==11027==      possibly lost: 0 bytes in 0 blocks
==11027==    still reachable: 0 bytes in 0 blocks
==11027==         suppressed: 0 bytes in 0 blocks
==11027== Rerun with --leak-check=full to see details of leaked memory
==11027== 
==11027== For lists of detected and suppressed errors, rerun with: -s
==11027== ERROR SUMMARY: 0 errors from 0 contexts (suppressed: 0 from 0)
Running valgrind on ./maps/good/test_pos_right.cub...

[0;32m[Debug info]üõ†Ô∏è  Map info üîç
[0m[0;32m[Debug info] - Map width:[0m21
[0;32m[Debug info] - Map height:[0m3
[0;32m[Debug info]üõ†Ô∏è  Starting player position info üîç
[0m[0;32m[Debug info] - Player X:[0m19
[0;32m[Debug info] - Player Y:[0m1
[0;32m[Debug info] - Player Direction:[0mE
[0;32m[Debug info]üõ†Ô∏è  Colors info c:  üîç
[0m[0;32m[Debug info]üõ†Ô∏è  Colors info f:  üîç
[0m[0;32m[Debug info]üõ†Ô∏è  Textures info:  üîç
[0m[0;32m[Debug info] Texture north:[0mtextures/test/north.xpm
[0;32m[Debug info] Texture south:[0mtextures/test/south.xpm
[0;32m[Debug info] Texture west:[0mtextures/test/west.xpm
[0;32m[Debug info] Texture east:[0mtextures/test/east.xpm
[0;34mN[0;34mO[0;34m [0;34mt[0;34me[0;34mx[0;34mt[0;34mu[0;34mr[0;34me[0;34ms[0;34m/[0;34mt[0;34me[0;34ms[0;34mt[0;34m/[0;34mn[0;34mo[0;34mr[0;34mt[0;34mh[0;34m.[0;34mx[0;34mp[0;34mm
[0m[0;34mS[0;34mO[0;34m [0;34mt[0;34me[0;34mx[0;34mt[0;34mu[0;34mr[0;34me[0;34ms[0;34m/[0;34mt[0;34me[0;34ms[0;34mt[0;34m/[0;34ms[0;34mo[0;34mu[0;34mt[0;34mh[0;34m.[0;34mx[0;34mp[0;34mm
[0m[0;34mW[0;34mE[0;34m [0;34mt[0;34me[0;34mx[0;34mt[0;34mu[0;34mr[0;34me[0;34ms[0;34m/[0;34mt[0;34me[0;34ms[0;34mt[0;34m/[0;34mw[0;34me[0;34ms[0;34mt[0;34m.[0;34mx[0;34mp[0;34mm
[0m[0;34mE[0;34mA[0;34m [0;34mt[0;34me[0;34mx[0;34mt[0;34mu[0;34mr[0;34me[0;34ms[0;34m/[0;34mt[0;34me[0;34ms[0;34mt[0;34m/[0;34me[0;34ma[0;34ms[0;34mt[0;34m.[0;34mx[0;34mp[0;34mm
[0m
[0m[0;34mF[0;34m [0;34m2[0;34m0[0;34m,[0;34m2[0;34m0[0;34m,[0;34m2[0;34m0
[0m[0;34mC[0;34m [0;34m2[0;34m0[0;34m0[0;34m,[0;34m2[0;34m0[0;34m0[0;34m,[0;34m2[0;34m0[0;34m0
[0m
[0m[0;34m1[0;34m1[0;34m1[0;34m1[0;34m1[0;34m1[0;34m1[0;34m1[0;34m1[0;34m1[0;34m1[0;34m1[0;34m1[0;34m1[0;34m1[0;34m1[0;34m1[0;34m1[0;34m1[0;34m1[0;34m1
[0m[0;34m1[0;34m0[0;34m0[0;34m0[0;34m0[0;34m0[0;34m0[0;34m0[0;34m0[0;34m0[0;34m0[0;34m0[0;34m0[0;34m0[0;34m0[0;34m0[0;34m0[0;34m0[0;34m0[0;34mE[0;34m1
[0m[0;34m1[0;34m1[0;34m1[0;34m1[0;34m1[0;34m1[0;34m1[0;34m1[0;34m1[0;34m1[0;34m1[0;34m1[0;34m1[0;34m1[0;34m1[0;34m1[0;34m1[0;34m1[0;34m1[0;34m1[0;34m1
[0m[0;34m2[0;34m0[0;34m0
[0m[0;34m2[0;34m0[0;34m0
[0m[0;34m2[0;34m0[0;34m0
[0m[0;34m2[0;34m0
[0m[0;34m2[0;34m0
[0m[0;34m2[0;34m0
[0m[0;34m1[0;34m1[0;34m1[0;34m1[0;34m1[0;34m1[0;34m1[0;34m1[0;34m1[0;34m1[0;34m1[0;34m1[0;34m1[0;34m1[0;34m1[0;34m1[0;34m1[0;34m1[0;34m1[0;34m1[0;34m1
[0m[0;34m1[0;34m0[0;34m0[0;34m0[0;34m0[0;34m0[0;34m0[0;34m0[0;34m0[0;34m0[0;34m0[0;34m0[0;34m0[0;34m0[0;34m0[0;34m0[0;34m0[0;34m0[0;34m0[0;34mE[0;34m1
[0m[0;34m1[0;34m1[0;34m1[0;34m1[0;34m1[0;34m1[0;34m1[0;34m1[0;34m1[0;34m1[0;34m1[0;34m1[0;34m1[0;34m1[0;34m1[0;34m1[0;34m1[0;34m1[0;34m1[0;34m1[0;34m1
[0mExit code: 0
‚ö†Ô∏è No Valgrind alerts, but with leaks[0m  
==11030== Memcheck, a memory error detector
==11030== Copyright (C) 2002-2022, and GNU GPL'd, by Julian Seward et al.
==11030== Using Valgrind-3.22.0 and LibVEX; rerun with -h for copyright info
==11030== Command: ./cub3d ./maps/good/test_pos_right.cub
==11030== Parent PID: 10844
==11030== 
==11030== 
==11030== HEAP SUMMARY:
==11030==     in use at exit: 604 bytes in 30 blocks
==11030==   total heap usage: 82 allocs, 52 frees, 6,237 bytes allocated
==11030== 
==11030== LEAK SUMMARY:
==11030==    definitely lost: 307 bytes in 10 blocks
==11030==    indirectly lost: 297 bytes in 20 blocks
==11030==      possibly lost: 0 bytes in 0 blocks
==11030==    still reachable: 0 bytes in 0 blocks
==11030==         suppressed: 0 bytes in 0 blocks
==11030== Rerun with --leak-check=full to see details of leaked memory
==11030== 
==11030== For lists of detected and suppressed errors, rerun with: -s
==11030== ERROR SUMMARY: 0 errors from 0 contexts (suppressed: 0 from 0)
Running valgrind on ./maps/good/test_pos_top.cub...

[0;32m[Debug info]üõ†Ô∏è  Map info üîç
[0m[0;32m[Debug info] - Map width:[0m3
[0;32m[Debug info] - Map height:[0m13
[0;32m[Debug info]üõ†Ô∏è  Starting player position info üîç
[0m[0;32m[Debug info] - Player X:[0m1
[0;32m[Debug info] - Player Y:[0m1
[0;32m[Debug info] - Player Direction:[0mN
[0;32m[Debug info]üõ†Ô∏è  Colors info c:  üîç
[0m[0;32m[Debug info]üõ†Ô∏è  Colors info f:  üîç
[0m[0;32m[Debug info]üõ†Ô∏è  Textures info:  üîç
[0m[0;32m[Debug info] Texture north:[0mtextures/test/north.xpm
[0;32m[Debug info] Texture south:[0mtextures/test/south.xpm
[0;32m[Debug info] Texture west:[0mtextures/test/west.xpm
[0;32m[Debug info] Texture east:[0mtextures/test/east.xpm
[0;34mN[0;34mO[0;34m [0;34mt[0;34me[0;34mx[0;34mt[0;34mu[0;34mr[0;34me[0;34ms[0;34m/[0;34mt[0;34me[0;34ms[0;34mt[0;34m/[0;34mn[0;34mo[0;34mr[0;34mt[0;34mh[0;34m.[0;34mx[0;34mp[0;34mm
[0m[0;34mS[0;34mO[0;34m [0;34mt[0;34me[0;34mx[0;34mt[0;34mu[0;34mr[0;34me[0;34ms[0;34m/[0;34mt[0;34me[0;34ms[0;34mt[0;34m/[0;34ms[0;34mo[0;34mu[0;34mt[0;34mh[0;34m.[0;34mx[0;34mp[0;34mm
[0m[0;34mW[0;34mE[0;34m [0;34mt[0;34me[0;34mx[0;34mt[0;34mu[0;34mr[0;34me[0;34ms[0;34m/[0;34mt[0;34me[0;34ms[0;34mt[0;34m/[0;34mw[0;34me[0;34ms[0;34mt[0;34m.[0;34mx[0;34mp[0;34mm
[0m[0;34mE[0;34mA[0;34m [0;34mt[0;34me[0;34mx[0;34mt[0;34mu[0;34mr[0;34me[0;34ms[0;34m/[0;34mt[0;34me[0;34ms[0;34mt[0;34m/[0;34me[0;34ma[0;34ms[0;34mt[0;34m.[0;34mx[0;34mp[0;34mm
[0m
[0m[0;34mF[0;34m [0;34m2[0;34m0[0;34m,[0;34m2[0;34m0[0;34m,[0;34m2[0;34m0
[0m[0;34mC[0;34m [0;34m2[0;34m0[0;34m0[0;34m,[0;34m2[0;34m0[0;34m0[0;34m,[0;34m2[0;34m0[0;34m0
[0m
[0m[0;34m1[0;34m1[0;34m1
[0m[0;34m1[0;34mN[0;34m1
[0m[0;34m1[0;34m0[0;34m1
[0m[0;34m1[0;34m0[0;34m1
[0m[0;34m1[0;34m0[0;34m1
[0m[0;34m1[0;34m0[0;34m1
[0m[0;34m1[0;34m0[0;34m1
[0m[0;34m1[0;34m0[0;34m1
[0m[0;34m1[0;34m0[0;34m1
[0m[0;34m1[0;34m0[0;34m1
[0m[0;34m1[0;34m0[0;34m1
[0m[0;34m1[0;34m0[0;34m1
[0m[0;34m1[0;34m1[0;34m1
[0m[0;34m2[0;34m0[0;34m0
[0m[0;34m2[0;34m0[0;34m0
[0m[0;34m2[0;34m0[0;34m0
[0m[0;34m2[0;34m0
[0m[0;34m2[0;34m0
[0m[0;34m2[0;34m0
[0m[0;34m1[0;34m1[0;34m1
[0m[0;34m1[0;34mN[0;34m1
[0m[0;34m1[0;34m0[0;34m1
[0m[0;34m1[0;34m0[0;34m1
[0m[0;34m1[0;34m0[0;34m1
[0m[0;34m1[0;34m0[0;34m1
[0m[0;34m1[0;34m0[0;34m1
[0m[0;34m1[0;34m0[0;34m1
[0m[0;34m1[0;34m0[0;34m1
[0m[0;34m1[0;34m0[0;34m1
[0m[0;34m1[0;34m0[0;34m1
[0m[0;34m1[0;34m0[0;34m1
[0m[0;34m1[0;34m1[0;34m1
[0mExit code: 0
‚ö†Ô∏è No Valgrind alerts, but with leaks[0m  
==11033== Memcheck, a memory error detector
==11033== Copyright (C) 2002-2022, and GNU GPL'd, by Julian Seward et al.
==11033== Using Valgrind-3.22.0 and LibVEX; rerun with -h for copyright info
==11033== Command: ./cub3d ./maps/good/test_pos_top.cub
==11033== Parent PID: 10844
==11033== 
==11033== 
==11033== HEAP SUMMARY:
==11033==     in use at exit: 746 bytes in 50 blocks
==11033==   total heap usage: 141 allocs, 91 frees, 8,007 bytes allocated
==11033== 
==11033== LEAK SUMMARY:
==11033==    definitely lost: 467 bytes in 10 blocks
==11033==    indirectly lost: 279 bytes in 40 blocks
==11033==      possibly lost: 0 bytes in 0 blocks
==11033==    still reachable: 0 bytes in 0 blocks
==11033==         suppressed: 0 bytes in 0 blocks
==11033== Rerun with --leak-check=full to see details of leaked memory
==11033== 
==11033== For lists of detected and suppressed errors, rerun with: -s
==11033== ERROR SUMMARY: 0 errors from 0 contexts (suppressed: 0 from 0)
Running valgrind on ./maps/good/test_textures.cub...

[0;32m[Debug info]üõ†Ô∏è  Map info üîç
[0m[0;32m[Debug info] - Map width:[0m5
[0;32m[Debug info] - Map height:[0m13
[0;32m[Debug info]üõ†Ô∏è  Starting player position info üîç
[0m[0;32m[Debug info] - Player X:[0m2
[0;32m[Debug info] - Player Y:[0m2
[0;32m[Debug info] - Player Direction:[0mS
[0;32m[Debug info]üõ†Ô∏è  Colors info c:  üîç
[0m[0;32m[Debug info]üõ†Ô∏è  Colors info f:  üîç
[0m[0;32m[Debug info]üõ†Ô∏è  Textures info:  üîç
[0m[0;32m[Debug info] Texture north:[0mtextures/test/north.xpm
[0;32m[Debug info] Texture south:[0mtextures/test/south.xpm
[0;32m[Debug info] Texture west:[0mtextures/test/west.xpm
[0;32m[Debug info] Texture east:[0mtextures/test/east.xpm
[0;34mN[0;34mO[0;34m [0;34mt[0;34me[0;34mx[0;34mt[0;34mu[0;34mr[0;34me[0;34ms[0;34m/[0;34mt[0;34me[0;34ms[0;34mt[0;34m/[0;34mn[0;34mo[0;34mr[0;34mt[0;34mh[0;34m.[0;34mx[0;34mp[0;34mm
[0m[0;34mS[0;34mO[0;34m [0;34mt[0;34me[0;34mx[0;34mt[0;34mu[0;34mr[0;34me[0;34ms[0;34m/[0;34mt[0;34me[0;34ms[0;34mt[0;34m/[0;34ms[0;34mo[0;34mu[0;34mt[0;34mh[0;34m.[0;34mx[0;34mp[0;34mm
[0m[0;34mW[0;34mE[0;34m [0;34mt[0;34me[0;34mx[0;34mt[0;34mu[0;34mr[0;34me[0;34ms[0;34m/[0;34mt[0;34me[0;34ms[0;34mt[0;34m/[0;34mw[0;34me[0;34ms[0;34mt[0;34m.[0;34mx[0;34mp[0;34mm
[0m[0;34mE[0;34mA[0;34m [0;34mt[0;34me[0;34mx[0;34mt[0;34mu[0;34mr[0;34me[0;34ms[0;34m/[0;34mt[0;34me[0;34ms[0;34mt[0;34m/[0;34me[0;34ma[0;34ms[0;34mt[0;34m.[0;34mx[0;34mp[0;34mm
[0m
[0m[0;34mF[0;34m [0;34m2[0;34m0[0;34m,[0;34m2[0;34m0[0;34m,[0;34m2[0;34m0
[0m[0;34mC[0;34m [0;34m2[0;34m0[0;34m0[0;34m,[0;34m2[0;34m0[0;34m0[0;34m,[0;34m2[0;34m0[0;34m0
[0m
[0m[0;34m1[0;34m1[0;34m1[0;34m1[0;34m1
[0m[0;34m1[0;34m0[0;34m0[0;34m0[0;34m1
[0m[0;34m1[0;34m0[0;34mS[0;34m0[0;34m1
[0m[0;34m1[0;34m0[0;34m0[0;34m0[0;34m1
[0m[0;34m1[0;34m0[0;34m0[0;34m0[0;34m1
[0m[0;34m1[0;34m0[0;34m0[0;34m0[0;34m1
[0m[0;34m1[0;34m1[0;34m0[0;34m0[0;34m1
[0m[0;34m1[0;34m0[0;34m0[0;34m0[0;34m1
[0m[0;34m1[0;34m0[0;34m0[0;34m0[0;34m1
[0m[0;34m1[0;34m0[0;34m0[0;34m0[0;34m1
[0m[0;34m1[0;34m0[0;34m0[0;34m0[0;34m1
[0m[0;34m1[0;34m0[0;34m0[0;34m0[0;34m1
[0m[0;34m1[0;34m1[0;34m1[0;34m1[0;34m1
[0m[0;34m2[0;34m0[0;34m0
[0m[0;34m2[0;34m0[0;34m0
[0m[0;34m2[0;34m0[0;34m0
[0m[0;34m2[0;34m0
[0m[0;34m2[0;34m0
[0m[0;34m2[0;34m0
[0m[0;34m1[0;34m1[0;34m1[0;34m1[0;34m1
[0m[0;34m1[0;34m0[0;34m0[0;34m0[0;34m1
[0m[0;34m1[0;34m0[0;34mS[0;34m0[0;34m1
[0m[0;34m1[0;34m0[0;34m0[0;34m0[0;34m1
[0m[0;34m1[0;34m0[0;34m0[0;34m0[0;34m1
[0m[0;34m1[0;34m0[0;34m0[0;34m0[0;34m1
[0m[0;34m1[0;34m1[0;34m0[0;34m0[0;34m1
[0m[0;34m1[0;34m0[0;34m0[0;34m0[0;34m1
[0m[0;34m1[0;34m0[0;34m0[0;34m0[0;34m1
[0m[0;34m1[0;34m0[0;34m0[0;34m0[0;34m1
[0m[0;34m1[0;34m0[0;34m0[0;34m0[0;34m1
[0m[0;34m1[0;34m0[0;34m0[0;34m0[0;34m1
[0m[0;34m1[0;34m1[0;34m1[0;34m1[0;34m1
[0mExit code: 0
‚ö†Ô∏è No Valgrind alerts, but with leaks[0m  
==11036== Memcheck, a memory error detector
==11036== Copyright (C) 2002-2022, and GNU GPL'd, by Julian Seward et al.
==11036== Using Valgrind-3.22.0 and LibVEX; rerun with -h for copyright info
==11036== Command: ./cub3d ./maps/good/test_textures.cub
==11036== Parent PID: 10844
==11036== 
==11036== 
==11036== HEAP SUMMARY:
==11036==     in use at exit: 798 bytes in 50 blocks
==11036==   total heap usage: 142 allocs, 92 frees, 8,146 bytes allocated
==11036== 
==11036== LEAK SUMMARY:
==11036==    definitely lost: 467 bytes in 10 blocks
==11036==    indirectly lost: 331 bytes in 40 blocks
==11036==      possibly lost: 0 bytes in 0 blocks
==11036==    still reachable: 0 bytes in 0 blocks
==11036==         suppressed: 0 bytes in 0 blocks
==11036== Rerun with --leak-check=full to see details of leaked memory
==11036== 
==11036== For lists of detected and suppressed errors, rerun with: -s
==11036== ERROR SUMMARY: 0 errors from 0 contexts (suppressed: 0 from 0)
Running valgrind on ./maps/good/test_whitespace.cub...

[0;32m[Debug info]üõ†Ô∏è  Map info üîç
[0m[0;32m[Debug info] - Map width:[0m21
[0;32m[Debug info] - Map height:[0m13
[0;32m[Debug info]üõ†Ô∏è  Starting player position info üîç
[0m[0;32m[Debug info] - Player X:[0m2
[0;32m[Debug info] - Player Y:[0m2
[0;32m[Debug info] - Player Direction:[0mS
[0;32m[Debug info]üõ†Ô∏è  Colors info c:  üîç
[0m[0;32m[Debug info]üõ†Ô∏è  Colors info f:  üîç
[0m[0;32m[Debug info]üõ†Ô∏è  Textures info:  üîç
[0m[0;32m[Debug info] Texture north:[0mtextures/test/north.xpm
[0;32m[Debug info] Texture south:[0mtextures/test/south.xpm
[0;32m[Debug info] Texture west:[0mtextures/test/west.xpm
[0;32m[Debug info] Texture east:[0mtextures/test/east.xpm

[0m
[0m
[0m
[0m
[0m
[0m
[0m
[0m[0;34mN[0;34mO[0;34m [0;34mt[0;34me[0;34mx[0;34mt[0;34mu[0;34mr[0;34me[0;34ms[0;34m/[0;34mt[0;34me[0;34ms[0;34mt[0;34m/[0;34mn[0;34mo[0;34mr[0;34mt[0;34mh[0;34m.[0;34mx[0;34mp[0;34mm
[0m
[0m
[0m
[0m
[0m
[0m
[0m
[0m
[0m[0;34mS[0;34mO[0;34m [0;34mt[0;34me[0;34mx[0;34mt[0;34mu[0;34mr[0;34me[0;34ms[0;34m/[0;34mt[0;34me[0;34ms[0;34mt[0;34m/[0;34ms[0;34mo[0;34mu[0;34mt[0;34mh[0;34m.[0;34mx[0;34mp[0;34mm
[0m[0;34m [0;34m [0;34m [0;34m [0;34m [0;34m [0;34m [0;34m [0;34m [0;34m [0;34m [0;34m [0;34m [0;34m [0;34m [0;34m [0;34m [0;34m [0;34m [0;34m [0;34m [0;34m [0;34m [0;34m [0;34mW[0;34mE[0;34m [0;34mt[0;34me[0;34mx[0;34mt[0;34mu[0;34mr[0;34me[0;34ms[0;34m/[0;34mt[0;34me[0;34ms[0;34mt[0;34m/[0;34mw[0;34me[0;34ms[0;34mt[0;34m.[0;34mx[0;34mp[0;34mm
[0m[0;34m [0;34m [0;34m [0;34m [0;34m [0;34m [0;34m [0;34m [0;34mE[0;34mA[0;34m [0;34mt[0;34me[0;34mx[0;34mt[0;34mu[0;34mr[0;34me[0;34ms[0;34m/[0;34mt[0;34me[0;34ms[0;34mt[0;34m/[0;34me[0;34ma[0;34ms[0;34mt[0;34m.[0;34mx[0;34mp[0;34mm[0;34m [0;34m [0;34m [0;34m [0;34m [0;34m [0;34m [0;34m [0;34m [0;34m [0;34m [0;34m 
[0m
[0m[0;34m [0;34m [0;34m [0;34m [0;34m [0;34m [0;34m [0;34m [0;34mF[0;34m [0;34m2[0;34m0[0;34m,[0;34m [0;34m [0;34m [0;34m [0;34m [0;34m [0;34m [0;34m [0;34m [0;34m [0;34m [0;34m2[0;34m0[0;34m,[0;34m [0;34m [0;34m [0;34m [0;34m [0;34m [0;34m [0;34m [0;34m [0;34m [0;34m [0;34m [0;34m [0;34m2[0;34m0
[0m[0;34mC[0;34m [0;34m2[0;34m0[0;34m0[0;34m,[0;34m [0;34m [0;34m [0;34m [0;34m [0;34m [0;34m [0;34m [0;34m [0;34m [0;34m2[0;34m0[0;34m0[0;34m,[0;34m2[0;34m0[0;34m0
[0m
[0m[0;34m1[0;34m1[0;34m1[0;34m1[0;34m1
[0m[0;34m1[0;34m0[0;34m0[0;34m0[0;34m1
[0m[0;34m1[0;34m0[0;34mS[0;34m0[0;34m1[0;34m [0;34m [0;34m [0;34m [0;34m [0;34m [0;34m [0;34m [0;34m [0;34m [0;34m [0;34m [0;34m [0;34m [0;34m [0;34m 
[0m[0;34m1[0;34m0[0;34m0[0;34m0[0;34m1
[0m[0;34m1[0;34m0[0;34m0[0;34m0[0;34m1
[0m[0;34m1[0;34m0[0;34m0[0;34m0[0;34m1
[0m[0;34m1[0;34m1[0;34m0[0;34m0[0;34m1[0;34m [0;34m [0;34m [0;34m [0;34m [0;34m [0;34m [0;34m [0;34m [0;34m [0;34m [0;34m [0;34m [0;34m [0;34m 
[0m[0;34m1[0;34m0[0;34m0[0;34m0[0;34m1
[0m[0;34m1[0;34m0[0;34m0[0;34m0[0;34m1
[0m[0;34m1[0;34m0[0;34m0[0;34m0[0;34m1
[0m[0;34m1[0;34m0[0;34m0[0;34m0[0;34m1
[0m[0;34m1[0;34m0[0;34m0[0;34m0[0;34m1
[0m[0;34m1[0;34m1[0;34m1[0;34m1[0;34m1[0;34m [0;34m [0;34m [0;34m [0;34m [0;34m [0;34m [0;34m [0;34m [0;34m [0;34m 
[0m
[0m[0;34m [0;34m [0;34m [0;34m [0;34m [0;34m [0;34m [0;34m 
[0m
[0m
[0m
[0m
[0m
[0m
[0m
[0m
[0m
[0m
[0m
[0m
[0m
[0m
[0m
[0m
[0m
[0m
[0m
[0m
[0m
[0m[0;34m2[0;34m0[0;34m0
[0m[0;34m2[0;34m0[0;34m0
[0m[0;34m2[0;34m0[0;34m0
[0m[0;34m2[0;34m0
[0m[0;34m2[0;34m0
[0m[0;34m2[0;34m0
[0m[0;34m1[0;34m1[0;34m1[0;34m1[0;34m1[0;34m1[0;34m1[0;34m1[0;34m1[0;34m1[0;34m1[0;34m1[0;34m1[0;34m1[0;34m1[0;34m1[0;34m1[0;34m1[0;34m1[0;34m1[0;34m1
[0m[0;34m1[0;34m0[0;34m0[0;34m0[0;34m1[0;34m1[0;34m1[0;34m1[0;34m1[0;34m1[0;34m1[0;34m1[0;34m1[0;34m1[0;34m1[0;34m1[0;34m1[0;34m1[0;34m1[0;34m1[0;34m1
[0m[0;34m1[0;34m0[0;34mS[0;34m0[0;34m1[0;34m1[0;34m1[0;34m1[0;34m1[0;34m1[0;34m1[0;34m1[0;34m1[0;34m1[0;34m1[0;34m1[0;34m1[0;34m1[0;34m1[0;34m1[0;34m1
[0m[0;34m1[0;34m0[0;34m0[0;34m0[0;34m1[0;34m1[0;34m1[0;34m1[0;34m1[0;34m1[0;34m1[0;34m1[0;34m1[0;34m1[0;34m1[0;34m1[0;34m1[0;34m1[0;34m1[0;34m1[0;34m1
[0m[0;34m1[0;34m0[0;34m0[0;34m0[0;34m1[0;34m1[0;34m1[0;34m1[0;34m1[0;34m1[0;34m1[0;34m1[0;34m1[0;34m1[0;34m1[0;34m1[0;34m1[0;34m1[0;34m1[0;34m1[0;34m1
[0m[0;34m1[0;34m0[0;34m0[0;34m0[0;34m1[0;34m1[0;34m1[0;34m1[0;34m1[0;34m1[0;34m1[0;34m1[0;34m1[0;34m1[0;34m1[0;34m1[0;34m1[0;34m1[0;34m1[0;34m1[0;34m1
[0m[0;34m1[0;34m1[0;34m0[0;34m0[0;34m1[0;34m1[0;34m1[0;34m1[0;34m1[0;34m1[0;34m1[0;34m1[0;34m1[0;34m1[0;34m1[0;34m1[0;34m1[0;34m1[0;34m1[0;34m1[0;34m1
[0m[0;34m1[0;34m0[0;34m0[0;34m0[0;34m1[0;34m1[0;34m1[0;34m1[0;34m1[0;34m1[0;34m1[0;34m1[0;34m1[0;34m1[0;34m1[0;34m1[0;34m1[0;34m1[0;34m1[0;34m1[0;34m1
[0m[0;34m1[0;34m0[0;34m0[0;34m0[0;34m1[0;34m1[0;34m1[0;34m1[0;34m1[0;34m1[0;34m1[0;34m1[0;34m1[0;34m1[0;34m1[0;34m1[0;34m1[0;34m1[0;34m1[0;34m1[0;34m1
[0m[0;34m1[0;34m0[0;34m0[0;34m0[0;34m1[0;34m1[0;34m1[0;34m1[0;34m1[0;34m1[0;34m1[0;34m1[0;34m1[0;34m1[0;34m1[0;34m1[0;34m1[0;34m1[0;34m1[0;34m1[0;34m1
[0m[0;34m1[0;34m0[0;34m0[0;34m0[0;34m1[0;34m1[0;34m1[0;34m1[0;34m1[0;34m1[0;34m1[0;34m1[0;34m1[0;34m1[0;34m1[0;34m1[0;34m1[0;34m1[0;34m1[0;34m1[0;34m1
[0m[0;34m1[0;34m0[0;34m0[0;34m0[0;34m1[0;34m1[0;34m1[0;34m1[0;34m1[0;34m1[0;34m1[0;34m1[0;34m1[0;34m1[0;34m1[0;34m1[0;34m1[0;34m1[0;34m1[0;34m1[0;34m1
[0m[0;34m1[0;34m1[0;34m1[0;34m1[0;34m1[0;34m1[0;34m1[0;34m1[0;34m1[0;34m1[0;34m1[0;34m1[0;34m1[0;34m1[0;34m1[0;34m1[0;34m1[0;34m1[0;34m1[0;34m1[0;34m1
[0mExit code: 0
‚ö†Ô∏è No Valgrind alerts, but with leaks[0m  
==11039== Memcheck, a memory error detector
==11039== Copyright (C) 2002-2022, and GNU GPL'd, by Julian Seward et al.
==11039== Using Valgrind-3.22.0 and LibVEX; rerun with -h for copyright info
==11039== Command: ./cub3d ./maps/good/test_whitespace.cub
==11039== Parent PID: 10844
==11039== 
==11039== 
==11039== HEAP SUMMARY:
==11039==     in use at exit: 1,566 bytes in 89 blocks
==11039==   total heap usage: 306 allocs, 217 frees, 23,419 bytes allocated
==11039== 
==11039== LEAK SUMMARY:
==11039==    definitely lost: 813 bytes in 10 blocks
==11039==    indirectly lost: 753 bytes in 79 blocks
==11039==      possibly lost: 0 bytes in 0 blocks
==11039==    still reachable: 0 bytes in 0 blocks
==11039==         suppressed: 0 bytes in 0 blocks
==11039== Rerun with --leak-check=full to see details of leaked memory
==11039== 
==11039== For lists of detected and suppressed errors, rerun with: -s
==11039== ERROR SUMMARY: 0 errors from 0 contexts (suppressed: 0 from 0)
Running valgrind on ./maps/good/works.cub...

[0;32m[Debug info]üõ†Ô∏è  Map info üîç
[0m[0;32m[Debug info] - Map width:[0m25
[0;32m[Debug info] - Map height:[0m6
[0;32m[Debug info]üõ†Ô∏è  Starting player position info üîç
[0m[0;32m[Debug info] - Player X:[0m2
[0;32m[Debug info] - Player Y:[0m1
[0;32m[Debug info] - Player Direction:[0mS
[0;32m[Debug info]üõ†Ô∏è  Colors info c:  üîç
[0m[0;32m[Debug info]üõ†Ô∏è  Colors info f:  üîç
[0m[0;32m[Debug info]üõ†Ô∏è  Textures info:  üîç
[0m[0;32m[Debug info] Texture north:[0mtextures/test/north.xpm
[0;32m[Debug info] Texture south:[0mtextures/test/south.xpm
[0;32m[Debug info] Texture west:[0mtextures/test/west.xpm
[0;32m[Debug info] Texture east:[0mtextures/test/east.xpm
[0;34m [0;34m [0;34m [0;34mW[0;34mE[0;34m [0;34m [0;34m [0;34m [0;34m [0;34m [0;34m [0;34m [0;34m [0;34m [0;34m [0;34m [0;34m [0;34m [0;34m [0;34m [0;34m [0;34m [0;34m [0;34m [0;34m [0;34m [0;34m [0;34m [0;34m [0;34m [0;34m [0;34m [0;34mt[0;34me[0;34mx[0;34mt[0;34mu[0;34mr[0;34me[0;34ms[0;34m/[0;34mt[0;34me[0;34ms[0;34mt[0;34m/[0;34mw[0;34me[0;34ms[0;34mt[0;34m.[0;34mx[0;34mp[0;34mm
[0m[0;34mN[0;34mO[0;34m [0;34m [0;34m [0;34m [0;34m [0;34m [0;34mt[0;34me[0;34mx[0;34mt[0;34mu[0;34mr[0;34me[0;34ms[0;34m/[0;34mt[0;34me[0;34ms[0;34mt[0;34m/[0;34mn[0;34mo[0;34mr[0;34mt[0;34mh[0;34m.[0;34mx[0;34mp[0;34mm
[0m
[0m
[0m
[0m[0;34mS[0;34mO[0;34m [0;34mt[0;34me[0;34mx[0;34mt[0;34mu[0;34mr[0;34me[0;34ms[0;34m/[0;34mt[0;34me[0;34ms[0;34mt[0;34m/[0;34ms[0;34mo[0;34mu[0;34mt[0;34mh[0;34m.[0;34mx[0;34mp[0;34mm
[0m
[0m[0;34mF[0;34m [0;34m [0;34m [0;34m [0;34m [0;34m [0;34m1[0;34m7[0;34m,[0;34m [0;34m [0;34m [0;34m [0;34m3[0;34m8[0;34m,[0;34m [0;34m [0;34m [0;34m [0;34m [0;34m6[0;34m4
[0m
[0m[0;34mE[0;34mA[0;34m [0;34mt[0;34me[0;34mx[0;34mt[0;34mu[0;34mr[0;34me[0;34ms[0;34m/[0;34mt[0;34me[0;34ms[0;34mt[0;34m/[0;34me[0;34ma[0;34ms[0;34mt[0;34m.[0;34mx[0;34mp[0;34mm
[0m
[0m
[0m[0;34mC[0;34m [0;34m2[0;34m1[0;34m8[0;34m,[0;34m [0;34m2[0;34m3[0;34m4[0;34m,[0;34m [0;34m2[0;34m3[0;34m5
[0m
[0m[0;34m1[0;34m1[0;34m1[0;34m1[0;34m1[0;34m1[0;34m1[0;34m1[0;34m1[0;34m1[0;34m1[0;34m1[0;34m1[0;34m1[0;34m1[0;34m1[0;34m1[0;34m1[0;34m1[0;34m1[0;34m1[0;34m1[0;34m1[0;34m1[0;34m1
[0m[0;34m1[0;34m0[0;34mS[0;34m0[0;34m1[0;34m1[0;34m0[0;34m0[0;34m0[0;34m0[0;34m1[0;34m0[0;34m0[0;34m0[0;34m0[0;34m0[0;34m0[0;34m0[0;34m0[0;34m0[0;34m0[0;34m0[0;34m0[0;34m0[0;34m1
[0m[0;34m1[0;34m0[0;34m0[0;34m0[0;34m1[0;34m1[0;34m0[0;34m0[0;34m0[0;34m0[0;34m0[0;34m0[0;34m0[0;34m0[0;34m0[0;34m0[0;34m1[0;34m1[0;34m1[0;34m1[0;34m1[0;34m1[0;34m0[0;34m0[0;34m1
[0m[0;34m1[0;34m0[0;34m0[0;34m0[0;34m1[0;34m1[0;34m0[0;34m0[0;34m0[0;34m0[0;34m0[0;34m0[0;34m0[0;34m0[0;34m0[0;34m0[0;34m1[0;34m1[0;34m0[0;34m0[0;34m0[0;34m1[0;34m0[0;34m0[0;34m1
[0m[0;34m1[0;34m0[0;34m0[0;34m0[0;34m0[0;34m0[0;34m0[0;34m0[0;34m0[0;34m0[0;34m1[0;34m0[0;34m0[0;34m0[0;34m0[0;34m0[0;34m0[0;34m0[0;34m0[0;34m0[0;34m0[0;34m1[0;34m0[0;34m0[0;34m1
[0m[0;34m1[0;34m1[0;34m1[0;34m1[0;34m1[0;34m1[0;34m1[0;34m1[0;34m1[0;34m1[0;34m1[0;34m1[0;34m1[0;34m1[0;34m1[0;34m1[0;34m1[0;34m1[0;34m1[0;34m1[0;34m1[0;34m1[0;34m1[0;34m1[0;34m1
[0m[0;34m2[0;34m1[0;34m8
[0m[0;34m2[0;34m3[0;34m4
[0m[0;34m2[0;34m3[0;34m5
[0m[0;34m1[0;34m7
[0m[0;34m3[0;34m8
[0m[0;34m6[0;34m4
[0m[0;34m1[0;34m1[0;34m1[0;34m1[0;34m1[0;34m1[0;34m1[0;34m1[0;34m1[0;34m1[0;34m1[0;34m1[0;34m1[0;34m1[0;34m1[0;34m1[0;34m1[0;34m1[0;34m1[0;34m1[0;34m1[0;34m1[0;34m1[0;34m1[0;34m1
[0m[0;34m1[0;34m0[0;34mS[0;34m0[0;34m1[0;34m1[0;34m0[0;34m0[0;34m0[0;34m0[0;34m1[0;34m0[0;34m0[0;34m0[0;34m0[0;34m0[0;34m0[0;34m0[0;34m0[0;34m0[0;34m0[0;34m0[0;34m0[0;34m0[0;34m1
[0m[0;34m1[0;34m0[0;34m0[0;34m0[0;34m1[0;34m1[0;34m0[0;34m0[0;34m0[0;34m0[0;34m0[0;34m0[0;34m0[0;34m0[0;34m0[0;34m0[0;34m1[0;34m1[0;34m1[0;34m1[0;34m1[0;34m1[0;34m0[0;34m0[0;34m1
[0m[0;34m1[0;34m0[0;34m0[0;34m0[0;34m1[0;34m1[0;34m0[0;34m0[0;34m0[0;34m0[0;34m0[0;34m0[0;34m0[0;34m0[0;34m0[0;34m0[0;34m1[0;34m1[0;34m0[0;34m0[0;34m0[0;34m1[0;34m0[0;34m0[0;34m1
[0m[0;34m1[0;34m0[0;34m0[0;34m0[0;34m0[0;34m0[0;34m0[0;34m0[0;34m0[0;34m0[0;34m1[0;34m0[0;34m0[0;34m0[0;34m0[0;34m0[0;34m0[0;34m0[0;34m0[0;34m0[0;34m0[0;34m1[0;34m0[0;34m0[0;34m1
[0m[0;34m1[0;34m1[0;34m1[0;34m1[0;34m1[0;34m1[0;34m1[0;34m1[0;34m1[0;34m1[0;34m1[0;34m1[0;34m1[0;34m1[0;34m1[0;34m1[0;34m1[0;34m1[0;34m1[0;34m1[0;34m1[0;34m1[0;34m1[0;34m1[0;34m1
[0mExit code: 0
‚ö†Ô∏è No Valgrind alerts, but with leaks[0m  
==11070== Memcheck, a memory error detector
==11070== Copyright (C) 2002-2022, and GNU GPL'd, by Julian Seward et al.
==11070== Using Valgrind-3.22.0 and LibVEX; rerun with -h for copyright info
==11070== Command: ./cub3d ./maps/good/works.cub
==11070== Parent PID: 10844
==11070== 
==11070== 
==11070== HEAP SUMMARY:
==11070==     in use at exit: 957 bytes in 42 blocks
==11070==   total heap usage: 130 allocs, 88 frees, 8,412 bytes allocated
==11070== 
==11070== LEAK SUMMARY:
==11070==    definitely lost: 414 bytes in 10 blocks
==11070==    indirectly lost: 543 bytes in 32 blocks
==11070==      possibly lost: 0 bytes in 0 blocks
==11070==    still reachable: 0 bytes in 0 blocks
==11070==         suppressed: 0 bytes in 0 blocks
==11070== Rerun with --leak-check=full to see details of leaked memory
==11070== 
==11070== For lists of detected and suppressed errors, rerun with: -s
==11070== ERROR SUMMARY: 0 errors from 0 contexts (suppressed: 0 from 0)
Valgrind tests completed. Results saved to test_output.txt.
Starting Valgrind tests...
Running valgrind on ./maps/good/cheese_maze.cub...

[0;34mN[0;34mO[0;34m [0;34mt[0;34me[0;34mx[0;34mt[0;34mu[0;34mr[0;34me[0;34ms[0;34m/[0;34mt[0;34me[0;34ms[0;34mt[0;34m/[0;34mn[0;34mo[0;34mr[0;34mt[0;34mh[0;34m.[0;34mx[0;34mp[0;34mm
[0m[0;34mS[0;34mO[0;34m [0;34mt[0;34me[0;34mx[0;34mt[0;34mu[0;34mr[0;34me[0;34ms[0;34m/[0;34mt[0;34me[0;34ms[0;34mt[0;34m/[0;34ms[0;34mo[0;34mu[0;34mt[0;34mh[0;34m.[0;34mx[0;34mp[0;34mm
[0m[0;34mW[0;34mE[0;34m [0;34mt[0;34me[0;34mx[0;34mt[0;34mu[0;34mr[0;34me[0;34ms[0;34m/[0;34mt[0;34me[0;34ms[0;34mt[0;34m/[0;34mw[0;34me[0;34ms[0;34mt[0;34m.[0;34mx[0;34mp[0;34mm
[0m[0;34mE[0;34mA[0;34m [0;34mt[0;34me[0;34mx[0;34mt[0;34mu[0;34mr[0;34me[0;34ms[0;34m/[0;34mt[0;34me[0;34ms[0;34mt[0;34m/[0;34me[0;34ma[0;34ms[0;34mt[0;34m.[0;34mx[0;34mp[0;34mm
[0m
[0m[0;34mF[0;34m [0;34m1[0;34m6[0;34m4[0;34m,[0;34m1[0;34m6[0;34m9[0;34m,[0;34m2[0;34m0
[0m[0;34mC[0;34m [0;34m1[0;34m5[0;34m3[0;34m,[0;34m2[0;34m0[0;34m4[0;34m,[0;34m2[0;34m5[0;34m5
[0m
[0m[0;34m1[0;34m1[0;34m1[0;34m1[0;34m1[0;34m1[0;34m1[0;34m1[0;34m1[0;34m1[0;34m1[0;34m1[0;34m1[0;34m1[0;34m1[0;34m1[0;34m1[0;34m1[0;34m1[0;34m1[0;34m1
[0m[0;34m1[0;34m0[0;34m1[0;34m0[0;34m0[0;34m0[0;34m0[0;34m0[0;34m1[0;34m0[0;34m0[0;34m0[0;34m0[0;34m0[0;34m0[0;34m0[0;34m0[0;34m0[0;34m0[0;34m0[0;34m1
[0m[0;34m1[0;34m0[0;34m1[0;34m0[0;34m1[0;34m0[0;34m1[0;34m0[0;34m1[0;34m0[0;34m1[0;34m1[0;34m1[0;34m1[0;34m1[0;34m1[0;34m1[0;34m0[0;34m0[0;34m0[0;34m1
[0m[0;34m1[0;34m0[0;34m0[0;34m0[0;34m1[0;34m0[0;34m1[0;34m0[0;34m0[0;34m0[0;34m1[0;34m0[0;34m0[0;34m0[0;34m0[0;34m0[0;34m1[0;34m0[0;34m0[0;34m0[0;34m1
[0m[0;34m1[0;34m1[0;34m1[0;34m1[0;34m1[0;34m0[0;34m1[0;34m0[0;34m1[0;34m1[0;34m1[0;34m1[0;34m1[0;34m0[0;34m1[0;34m0[0;34m1[0;34m1[0;34m1[0;34m0[0;34m1
[0m[0;34m1[0;34m0[0;34m0[0;34m0[0;34m0[0;34m0[0;34m1[0;34m0[0;34m1[0;34m0[0;34m0[0;34m0[0;34m1[0;34m0[0;34m1[0;34m0[0;34m0[0;34m0[0;34m0[0;34m0[0;34m1
[0m[0;34m1[0;34m0[0;34m1[0;34m1[0;34m1[0;34m1[0;34m1[0;34m0[0;34m1[0;34m0[0;34m1[0;34m1[0;34m1[0;34m0[0;34m1[0;34m1[0;34m1[0;34m1[0;34m1[0;34m1[0;34m1
[0m[0;34m1[0;34m0[0;34m1[0;34m0[0;34m0[0;34m0[0;34m0[0;34m0[0;34m1[0;34m0[0;34m1[0;34m0[0;34m1[0;34m0[0;34m0[0;34m0[0;34m0[0;34m0[0;34m1[0;34m0[0;34m1
[0m[0;34m1[0;34m0[0;34m1[0;34m0[0;34m1[0;34m1[0;34m1[0;34m1[0;34m1[0;34m0[0;34m1[0;34m0[0;34m1[0;34m1[0;34m1[0;34m1[0;34m1[0;34m0[0;34m1[0;34m0[0;34m1
[0m[0;34m1[0;34m0[0;34m1[0;34m0[0;34m1[0;34m0[0;34m0[0;34m0[0;34m1[0;34m0[0;34m1[0;34m0[0;34m1[0;34m0[0;34m0[0;34m0[0;34m1[0;34m0[0;34m1[0;34m0[0;34m1
[0m[0;34m1[0;34m0[0;34m1[0;34m1[0;34m1[0;34m0[0;34m1[0;34m0[0;34m1[0;34m0[0;34m1[0;34m0[0;34m1[0;34m0[0;34m1[0;34m0[0;34m1[0;34m0[0;34m1[0;34m0[0;34m1
[0m[0;34m1[0;34m0[0;34m0[0;34m0[0;34m0[0;34m0[0;34m1[0;34m0[0;34m1[0;34m0[0;34m1[0;34m0[0;34m0[0;34m0[0;34m1[0;34m0[0;34m1[0;34m0[0;34m0[0;34m0[0;34m1
[0m[0;34m1[0;34m1[0;34m1[0;34m1[0;34m1[0;34m1[0;34m1[0;34m0[0;34m1[0;34m0[0;34m1[0;34m1[0;34m1[0;34m1[0;34m1[0;34m0[0;34m1[0;34m1[0;34m1[0;34m0[0;34m1
[0m[0;34m1[0;34m0[0;34m0[0;34m0[0;34m0[0;34m0[0;34m1[0;34m0[0;34m1[0;34m0[0;34m0[0;34m0[0;34m1[0;34m0[0;34m0[0;34m0[0;34m1[0;34m0[0;34m0[0;34m0[0;34m1
[0m[0;34m1[0;34m0[0;34m1[0;34m1[0;34m1[0;34m0[0;34m1[0;34m0[0;34m1[0;34m1[0;34m1[0;34m0[0;34m1[0;34m0[0;34m1[0;34m1[0;34m1[0;34m0[0;34m1[0;34m1[0;34m1
[0m[0;34m1[0;34m0[0;34m1[0;34m0[0;34m0[0;34m0[0;34m1[0;34m0[0;34m0[0;34m0[0;34m0[0;34m0[0;34m1[0;34m0[0;34m0[0;34m0[0;34m1[0;34m0[0;34m1[0;34m0[0;34m1
[0m[0;34m1[0;34m0[0;34m1[0;34m0[0;34m1[0;34m1[0;34m1[0;34m1[0;34m1[0;34m1[0;34m1[0;34m1[0;34m1[0;34m1[0;34m1[0;34m0[0;34m1[0;34m0[0;34m1[0;34m0[0;34m1
[0m[0;34m1[0;34m0[0;34m0[0;34m0[0;34m1[0;34m0[0;34m0[0;34m0[0;34m0[0;34m0[0;34m0[0;34m0[0[0;32m[Debug info] map end:[0m28
[0;32m[Debug info] map height:[0m21
[0;32m[Debug info]üõ†Ô∏è  Map info üîç
[0m[0;32m[Debug info] - Map width:[0m21
[0;32m[Debug info] - Map height:[0m21
[0;32m[Debug info]üõ†Ô∏è  Starting player position info üîç
[0m[0;32m[Debug info] - Player X:[0m1
[0;32m[Debug info] - Player Y:[0m19
[0;32m[Debug info] - Player Direction:[0mN
[0;32m[Debug info]üõ†Ô∏è  Colors info c:  üîç
[0m[0;32m[Debug info]üõ†Ô∏è  Colors info f:  üîç
[0m[0;32m[Debug info]üõ†Ô∏è  Textures info:  üîç
[0m[0;32m[Debug info] Texture north:[0mtextures/test/north.xpm
[0;32m[Debug info] Texture south:[0mtextures/test/south.xpm
[0;32m[Debug info] Texture west:[0mtextures/test/west.xpm
[0;32m[Debug info] Texture east:[0mtextures/test/east.xpm
;34m0[0;34m0[0;34m0[0;34m0[0;34m1[0;34m0[0;34m0[0;34m0[0;34m1
[0m[0;34m1[0;34m0[0;34m1[0;34m0[0;34m1[0;34m0[0;34m1[0;34m1[0;34m1[0;34m0[0;34m1[0;34m1[0;34m1[0;34m1[0;34m1[0;34m1[0;34m1[0;34m1[0;34m1[0;34m0[0;34m1
[0m[0;34m1[0;34mN[0;34m1[0;34m0[0;34m0[0;34m0[0;34m0[0;34m0[0;34m1[0;34m0[0;34m0[0;34m0[0;34m0[0;34m0[0;34m0[0;34m0[0;34m0[0;34m0[0;34m0[0;34m0[0;34m1
[0m[0;34m1[0;34m1[0;34m1[0;34m1[0;34m1[0;34m1[0;34m1[0;34m1[0;34m1[0;34m1[0;34m1[0;34m1[0;34m1[0;34m1[0;34m1[0;34m1[0;34m1[0;34m1[0;34m1[0;34m1[0;34m1
[0m
[0m[0;34m1[0;34m5[0;34m3
[0m[0;34m2[0;34m0[0;34m4
[0m[0;34m2[0;34m5[0;34m5
[0m[0;34m1[0;34m6[0;34m4
[0m[0;34m1[0;34m6[0;34m9
[0m[0;34m2[0;34m0
[0m[0;34m1[0;34m1[0;34m1[0;34m1[0;34m1[0;34m1[0;34m1[0;34m1[0;34m1[0;34m1[0;34m1[0;34m1[0;34m1[0;34m1[0;34m1[0;34m1[0;34m1[0;34m1[0;34m1[0;34m1[0;34m1
[0m[0;34m1[0;34m0[0;34m1[0;34m0[0;34m0[0;34m0[0;34m0[0;34m0[0;34m1[0;34m0[0;34m0[0;34m0[0;34m0[0;34m0[0;34m0[0;34m0[0;34m0[0;34m0[0;34m0[0;34m0[0;34m1
[0m[0;34m1[0;34m0[0;34m1[0;34m0[0;34m1[0;34m0[0;34m1[0;34m0[0;34m1[0;34m0[0;34m1[0;34m1[0;34m1[0;34m1[0;34m1[0;34m1[0;34m1[0;34m0[0;34m0[0;34m0[0;34m1
[0m[0;34m1[0;34m0[0;34m0[0;34m0[0;34m1[0;34m0[0;34m1[0;34m0[0;34m0[0;34m0[0;34m1[0;34m0[0;34m0[0;34m0[0;34m0[0;34m0[0;34m1[0;34m0[0;34m0[0;34m0[0;34m1
[0m[0;34m1[0;34m1[0;34m1[0;34m1[0;34m1[0;34m0[0;34m1[0;34m0[0;34m1[0;34m1[0;34m1[0;34m1[0;34m1[0;34m0[0;34m1[0;34m0[0;34m1[0;34m1[0;34m1[0;34m0[0;34m1
[0m[0;34m1[0;34m0[0;34m0[0;34m0[0;34m0[0;34m0[0;34m1[0;34m0[0;34m1[0;34m0[0;34m0[0;34m0[0;34m1[0;34m0[0;34m1[0;34m0[0;34m0[0;34m0[0;34m0[0;34m0[0;34m1
[0m[0;34m1[0;34m0[0;34m1[0;34m1[0;34m1[0;34m1[0;34m1[0;34m0[0;34m1[0;34m0[0;34m1[0;34m1[0;34m1[0;34m0[0;34m1[0;34m1[0;34m1[0;34m1[0;34m1[0;34m1[0;34m1
[0m[0;34m1[0;34m0[0;34m1[0;34m0[0;34m0[0;34m0[0;34m0[0;34m0[0;34m1[0;34m0[0;34m1[0;34m0[0;34m1[0;34m0[0;34m0[0;34m0[0;34m0[0;34m0[0;34m1[0;34m0[0;34m1
[0m[0;34m1[0;34m0[0;34m1[0;34m0[0;34m1[0;34m1[0;34m1[0;34m1[0;34m1[0;34m0[0;34m1[0;34m0[0;34m1[0;34m1[0;34m1[0;34m1[0;34m1[0;34m0[0;34m1[0;34m0[0;34m1
[0m[0;34m1[0;34m0[0;34m1[0;34m0[0;34m1[0;34m0[0;34m0[0;34m0[0;34m1[0;34m0[0;34m1[0;34m0[0;34m1[0;34m0[0;34m0[0;34m0[0;34m1[0;34m0[0;34m1[0;34m0[0;34m1
[0m[0;34m1[0;34m0[0;34m1[0;34m1[0;34m1[0;34m0[0;34m1[0;34m0[0;34m1[0;34m0[0;34m1[0;34m0[0;34m1[0;34m0[0;34m1[0;34m0[0;34m1[0;34m0[0;34m1[0;34m0[0;34m1
[0m[0;34m1[0;34m0[0;34m0[0;34m0[0;34m0[0;34m0[0;34m1[0;34m0[0;34m1[0;34m0[0;34m1[0;34m0[0;34m0[0;34m0[0;34m1[0;34m0[0;34m1[0;34m0[0;34m0[0;34m0[0;34m1
[0m[0;34m1[0;34m1[0;34m1[0;34m1[0;34m1[0;34m1[0;34m1[0;34m0[0;34m1[0;34m0[0;34m1[0;34m1[0;34m1[0;34m1[0;34m1[0;34m0[0;34m1[0;34m1[0;34m1[0;34m0[0;34m1
[0m[0;34m1[0;34m0[0;34m0[0;34m0[0;34m0[0;34m0[0;34m1[0;34m0[0;34m1[0;34m0[0;34m0[0;34m0[0;34m1[0;34m0[0;34m0[0;34m0[0;34m1[0;34m0[0;34m0[0;34m0[0;34m1
[0m[0;34m1[0;34m0[0;34m1[0;34m1[0;34m1[0;34m0[0;34m1[0;34m0[0;34m1[0;34m1[0;34m1[0;34m0[0;34m1[0;34m0[0;34m1[0;34m1[0;34m1[0;34m0[0;34m1[0;34m1[0;34m1
[0m[0;34m1[0;34m0[0;34m1[0;34m0[0;34m0[0;34m0[0;34m1[0;34m0[0;34m0[0;34m0[0;34m0[0;34m0[0;34m1[0;34m0[0;34m0[0;34m0[0;34m1[0;34m0[0;34m1[0;34m0[0;34m1
[0m[0;34m1[0;34m0[0;34m1[0;34m0[0;34m1[0;34m1[0;34m1[0;34m1[0;34m1[0;34m1[0;34m1[0;34m1[0;34m1[0;34m1[0;34m1[0;34m0[0;34m1[0;34m0[0;34m1[0;34m0[0;34m1
[0m[0;34m1[0;34m0[0;34m0[0;34m0[0;34m1[0;34m0[0;34m0[0;34m0[0;34m0[0;34m0[0;34m0[0;34m0[0;34m0[0;34m0[0;34m0[0;34m0[0;34m1[0;34m0[0;34m0[0;34m0[0;34m1
[0m[0;34m1[0;34m0[0;34m1[0;34m0[0;34m1[0;34m0[0;34m1[0;34m1[0;34m1[0;34m0[0;34m1[0;34m1[0;34m1[0;34m1[0;34m1[0;34m1[0;34m1[0;34m1[0;34m1[0;34m0[0;34m1
[0m[0;34m1[0;34mN[0;34m1[0;34m0[0;34m0[0;34m0[0;34m0[0;34m0[0;34m1[0;34m0[0;34m0[0;34m0[0;34m0[0;34m0[0;34m0[0;34m0[0;34m0[0;34m0[0;34m0[0;34m0[0;34m1
[0m[0;34m1[0;34m1[0;34m1[0;34m1[0;34m1[0;34m1[0;34m1[0;34m1[0;34m1[0;34m1[0;34m1[0;34m1[0;34m1[0;34m1[0;34m1[0;34m1[0;34m1[0;34m1[0;34m1[0;34m1[0;34m1
[0mExit code: 0
‚ö†Ô∏è No Valgrind alerts, but with leaks[0m  
==11632== Memcheck, a memory error detector
==11632== Copyright (C) 2002-2022, and GNU GPL'd, by Julian Seward et al.
==11632== Using Valgrind-3.22.0 and LibVEX; rerun with -h for copyright info
==11632== Command: ./cub3d ./maps/good/cheese_maze.cub
==11632== Parent PID: 11630
==11632== 
==11632== 
==11632== HEAP SUMMARY:
==11632==     in use at exit: 1,718 bytes in 67 blocks
==11632==   total heap usage: 210 allocs, 143 frees, 12,286 bytes allocated
==11632== 
==11632== LEAK SUMMARY:
==11632==    definitely lost: 605 bytes in 10 blocks
==11632==    indirectly lost: 1,113 bytes in 57 blocks
==11632==      possibly lost: 0 bytes in 0 blocks
==11632==    still reachable: 0 bytes in 0 blocks
==11632==         suppressed: 0 bytes in 0 blocks
==11632== Rerun with --leak-check=full to see details of leaked memory
==11632== 
==11632== For lists of detected and suppressed errors, rerun with: -s
==11632== ERROR SUMMARY: 0 errors from 0 contexts (suppressed: 0 from 0)
Running valgrind on ./maps/good/creepy.cub...

[0;32m[Debug info] map end:[0m20
[0;32m[Debug info] map height:[0m13
[0;32m[Debug info]üõ†Ô∏è  Map info üîç
[0m[0;32m[Debug info] - Map width:[0m15
[0;32m[Debug info] - Map height:[0m13
[0;32m[Debug info]üõ†Ô∏è  Starting player position info üîç
[0m[0;32m[Debug info] - Player X:[0m7
[0;32m[Debug info] - Player Y:[0m3
[0;32m[Debug info] - Player Direction:[0mN
[0;32m[Debug info]üõ†Ô∏è  Colors info c:  üîç
[0m[0;32m[Debug info]üõ†Ô∏è  Colors info f:  üîç
[0m[0;32m[Debug info]üõ†Ô∏è  Textures info:  üîç
[0m[0;32m[Debug info] Texture north:[0mtextures/test/north.xpm
[0;32m[Debug info] Texture south:[0mtextures/test/south.xpm
[0;32m[Debug info] Texture west:[0mtextures/test/west.xpm
[0;32m[Debug info] Texture east:[0mtextures/test/east.xpm
[0;34mN[0;34mO[0;34m [0;34mt[0;34me[0;34mx[0;34mt[0;34mu[0;34mr[0;34me[0;34ms[0;34m/[0;34mt[0;34me[0;34ms[0;34mt[0;34m/[0;34mn[0;34mo[0;34mr[0;34mt[0;34mh[0;34m.[0;34mx[0;34mp[0;34mm
[0m[0;34mS[0;34mO[0;34m [0;34mt[0;34me[0;34mx[0;34mt[0;34mu[0;34mr[0;34me[0;34ms[0;34m/[0;34mt[0;34me[0;34ms[0;34mt[0;34m/[0;34ms[0;34mo[0;34mu[0;34mt[0;34mh[0;34m.[0;34mx[0;34mp[0;34mm
[0m[0;34mW[0;34mE[0;34m [0;34mt[0;34me[0;34mx[0;34mt[0;34mu[0;34mr[0;34me[0;34ms[0;34m/[0;34mt[0;34me[0;34ms[0;34mt[0;34m/[0;34mw[0;34me[0;34ms[0;34mt[0;34m.[0;34mx[0;34mp[0;34mm
[0m[0;34mE[0;34mA[0;34m [0;34mt[0;34me[0;34mx[0;34mt[0;34mu[0;34mr[0;34me[0;34ms[0;34m/[0;34mt[0;34me[0;34ms[0;34mt[0;34m/[0;34me[0;34ma[0;34ms[0;34mt[0;34m.[0;34mx[0;34mp[0;34mm
[0m
[0m[0;34mC[0;34m [0;34m3[0;34m5[0;34m,[0;34m1[0;34m9[0;34m,[0;34m7[0;34m3
[0m[0;34mF[0;34m [0;34m1[0;34m5[0;34m,[0;34m6[0;34m,[0;34m4[0;34m0
[0m
[0m[0;34m1[0;34m1[0;34m1[0;34m1[0;34m1[0;34m1[0;34m1[0;34m1[0;34m1[0;34m1[0;34m1[0;34m1[0;34m1[0;34m1[0;34m1
[0m[0;34m1[0;34m1[0;34m1[0;34m1[0;34m1[0;34m1[0;34m0[0;34m0[0;34m0[0;34m1[0;34m1[0;34m1[0;34m1[0;34m1[0;34m1
[0m[0;34m1[0;34m1[0;34m1[0;34m1[0;34m1[0;34m0[0;34m0[0;34m0[0;34m0[0;34m0[0;34m1[0;34m1[0;34m1[0;34m1[0;34m1
[0m[0;34m1[0;34m1[0;34m1[0;34m1[0;34m0[0;34m0[0;34m0[0;34mN[0;34m0[0;34m0[0;34m0[0;34m1[0;34m1[0;34m1[0;34m1
[0m[0;34m1[0;34m1[0;34m1[0;34m0[0;34m0[0;34m0[0;34m0[0;34m0[0;34m0[0;34m0[0;34m0[0;34m0[0;34m1[0;34m1[0;34m1
[0m[0;34m1[0;34m1[0;34m0[0;34m0[0;34m0[0;34m0[0;34m0[0;34m0[0;34m0[0;34m0[0;34m0[0;34m0[0;34m0[0;34m1[0;34m1
[0m[0;34m1[0;34m0[0;34m0[0;34m0[0;34m0[0;34m1[0;34m1[0;34m1[0;34m1[0;34m1[0;34m0[0;34m0[0;34m0[0;34m0[0;34m1
[0m[0;34m1[0;34m1[0;34m0[0;34m0[0;34m0[0;34m0[0;34m1[0;34m1[0;34m1[0;34m0[0;34m0[0;34m0[0;34m0[0;34m1[0;34m1
[0m[0;34m1[0;34m1[0;34m1[0;34m0[0;34m0[0;34m0[0;34m0[0;34m1[0;34m0[0;34m0[0;34m0[0;34m0[0;34m1[0;34m1[0;34m1
[0m[0;34m1[0;34m1[0;34m1[0;34m1[0;34m0[0;34m0[0;34m0[0;34m0[0;34m0[0;34m0[0;34m0[0;34m1[0;34m1[0;34m1[0;34m1
[0m[0;34m1[0;34m1[0;34m1[0;34m1[0;34m1[0;34m0[0;34m0[0;34m0[0;34m0[0;34m0[0;34m1[0;34m1[0;34m1[0;34m1[0;34m1
[0m[0;34m1[0;34m1[0;34m1[0;34m1[0;34m1[0;34m1[0;34m0[0;34m0[0;34m0[0;34m1[0;34m1[0;34m1[0;34m1[0;34m1[0;34m1
[0m[0;34m1[0;34m1[0;34m1[0;34m1[0;34m1[0;34m1[0;34m1[0;34m1[0;34m1[0;34m1[0;34m1[0;34m1[0;34m1[0;34m1[0;34m1
[0m
[0m[0;34m3[0;34m5
[0m[0;34m1[0;34m9
[0m[0;34m7[0;34m3
[0m[0;34m1[0;34m5
[0m[0;34m6
[0m[0;34m4[0;34m0
[0m[0;34m1[0;34m1[0;34m1[0;34m1[0;34m1[0;34m1[0;34m1[0;34m1[0;34m1[0;34m1[0;34m1[0;34m1[0;34m1[0;34m1[0;34m1
[0m[0;34m1[0;34m1[0;34m1[0;34m1[0;34m1[0;34m1[0;34m0[0;34m0[0;34m0[0;34m1[0;34m1[0;34m1[0;34m1[0;34m1[0;34m1
[0m[0;34m1[0;34m1[0;34m1[0;34m1[0;34m1[0;34m0[0;34m0[0;34m0[0;34m0[0;34m0[0;34m1[0;34m1[0;34m1[0;34m1[0;34m1
[0m[0;34m1[0;34m1[0;34m1[0;34m1[0;34m0[0;34m0[0;34m0[0;34mN[0;34m0[0;34m0[0;34m0[0;34m1[0;34m1[0;34m1[0;34m1
[0m[0;34m1[0;34m1[0;34m1[0;34m0[0;34m0[0;34m0[0;34m0[0;34m0[0;34m0[0;34m0[0;34m0[0;34m0[0;34m1[0;34m1[0;34m1
[0m[0;34m1[0;34m1[0;34m0[0;34m0[0;34m0[0;34m0[0;34m0[0;34m0[0;34m0[0;34m0[0;34m0[0;34m0[0;34m0[0;34m1[0;34m1
[0m[0;34m1[0;34m0[0;34m0[0;34m0[0;34m0[0;34m1[0;34m1[0;34m1[0;34m1[0;34m1[0;34m0[0;34m0[0;34m0[0;34m0[0;34m1
[0m[0;34m1[0;34m1[0;34m0[0;34m0[0;34m0[0;34m0[0;34m1[0;34m1[0;34m1[0;34m0[0;34m0[0;34m0[0;34m0[0;34m1[0;34m1
[0m[0;34m1[0;34m1[0;34m1[0;34m0[0;34m0[0;34m0[0;34m0[0;34m1[0;34m0[0;34m0[0;34m0[0;34m0[0;34m1[0;34m1[0;34m1
[0m[0;34m1[0;34m1[0;34m1[0;34m1[0;34m0[0;34m0[0;34m0[0;34m0[0;34m0[0;34m0[0;34m0[0;34m1[0;34m1[0;34m1[0;34m1
[0m[0;34m1[0;34m1[0;34m1[0;34m1[0;34m1[0;34m0[0;34m0[0;34m0[0;34m0[0;34m0[0;34m1[0;34m1[0;34m1[0;34m1[0;34m1
[0m[0;34m1[0;34m1[0;34m1[0;34m1[0;34m1[0;34m1[0;34m0[0;34m0[0;34m0[0;34m1[0;34m1[0;34m1[0;34m1[0;34m1[0;34m1
[0m[0;34m1[0;34m1[0;34m1[0;34m1[0;34m1[0;34m1[0;34m1[0;34m1[0;34m1[0;34m1[0;34m1[0;34m1[0;34m1[0;34m1[0;34m1
[0mExit code: 0
‚ö†Ô∏è No Valgrind alerts, but with leaks[0m  
==11635== Memcheck, a memory error detector
==11635== Copyright (C) 2002-2022, and GNU GPL'd, by Julian Seward et al.
==11635== Using Valgrind-3.22.0 and LibVEX; rerun with -h for copyright info
==11635== Command: ./cub3d ./maps/good/creepy.cub
==11635== Parent PID: 11630
==11635== 
==11635== 
==11635== HEAP SUMMARY:
==11635==     in use at exit: 1,056 bytes in 51 blocks
==11635==   total heap usage: 152 allocs, 101 frees, 8,990 bytes allocated
==11635== 
==11635== LEAK SUMMARY:
==11635==    definitely lost: 471 bytes in 10 blocks
==11635==    indirectly lost: 585 bytes in 41 blocks
==11635==      possibly lost: 0 bytes in 0 blocks
==11635==    still reachable: 0 bytes in 0 blocks
==11635==         suppressed: 0 bytes in 0 blocks
==11635== Rerun with --leak-check=full to see details of leaked memory
==11635== 
==11635== For lists of detected and suppressed errors, rerun with: -s
==11635== ERROR SUMMARY: 0 errors from 0 contexts (suppressed: 0 from 0)
Running valgrind on ./maps/good/dungeon.cub...

[0;32m[Debug info] map end:[0m17
[0;32m[Debug info] map height:[0m10
[0;32m[Debug info]üõ†Ô∏è  Map info üîç
[0m[0;32m[Debug info] - Map width:[0m19
[0;32m[Debug info] - Map height:[0m10
[0;32m[Debug info]üõ†Ô∏è  Starting player position info üîç
[0m[0;32m[Debug info] - Player X:[0m2
[0;32m[Debug info] - Player Y:[0m1
[0;32m[Debug info] - Player Direction:[0mW
[0;32m[Debug info]üõ†Ô∏è  Colors info c:  üîç
[0m[0;32m[Debug info]üõ†Ô∏è  Colors info f:  üîç
[0m[0;32m[Debug info]üõ†Ô∏è  Textures info:  üîç
[0m[0;32m[Debug info] Texture north:[0mtextures/test/north.xpm
[0;32m[Debug info] Texture south:[0mtextures/test/south.xpm
[0;32m[Debug info] Texture west:[0mtextures/test/west.xpm
[0;32m[Debug info] Texture east:[0mtextures/test/east.xpm
[0;34mF[0;34m [0;34m7[0;34m6[0;34m,[0;34m7[0;34m6[0;34m,[0;34m7[0;34m6
[0m[0;34mC[0;34m [0;34m9[0;34m9[0;34m,[0;34m9[0;34m9[0;34m,[0;34m9[0;34m9
[0m
[0m[0;34mN[0;34mO[0;34m [0;34mt[0;34me[0;34mx[0;34mt[0;34mu[0;34mr[0;34me[0;34ms[0;34m/[0;34mt[0;34me[0;34ms[0;34mt[0;34m/[0;34mn[0;34mo[0;34mr[0;34mt[0;34mh[0;34m.[0;34mx[0;34mp[0;34mm
[0m[0;34mS[0;34mO[0;34m [0;34mt[0;34me[0;34mx[0;34mt[0;34mu[0;34mr[0;34me[0;34ms[0;34m/[0;34mt[0;34me[0;34ms[0;34mt[0;34m/[0;34ms[0;34mo[0;34mu[0;34mt[0;34mh[0;34m.[0;34mx[0;34mp[0;34mm
[0m[0;34mW[0;34mE[0;34m [0;34mt[0;34me[0;34mx[0;34mt[0;34mu[0;34mr[0;34me[0;34ms[0;34m/[0;34mt[0;34me[0;34ms[0;34mt[0;34m/[0;34mw[0;34me[0;34ms[0;34mt[0;34m.[0;34mx[0;34mp[0;34mm
[0m[0;34mE[0;34mA[0;34m [0;34mt[0;34me[0;34mx[0;34mt[0;34mu[0;34mr[0;34me[0;34ms[0;34m/[0;34mt[0;34me[0;34ms[0;34mt[0;34m/[0;34me[0;34ma[0;34ms[0;34mt[0;34m.[0;34mx[0;34mp[0;34mm
[0m
[0m[0;34m1[0;34m1[0;34m1[0;34m1[0;34m1[0;34m1[0;34m1[0;34m1[0;34m1[0;34m1[0;34m1[0;34m1[0;34m1[0;34m1[0;34m1[0;34m1[0;34m1[0;34m1[0;34m1
[0m[0;34m1[0;34m0[0;34mW[0;34m1[0;34m0[0;34m0[0;34m1[0;34m0[0;34m0[0;34m1[0;34m0[0;34m0[0;34m1[0;34m0[0;34m0[0;34m0[0;34m0[0;34m0[0;34m1
[0m[0;34m1[0;34m0[0;34m1[0;34m1[0;34m0[0;34m0[0;34m0[0;34m0[0;34m0[0;34m1[0;34m0[0;34m0[0;34m0[0;34m0[0;34m0[0;34m1[0;34m0[0;34m0[0;34m1
[0m[0;34m1[0;34m0[0;34m0[0;34m1[0;34m0[0;34m0[0;34m1[0;34m0[0;34m0[0;34m1[0;34m1[0;34m1[0;34m1[0;34m1[0;34m0[0;34m1[0;34m1[0;34m1[0;34m1
[0m[0;34m1[0;34m0[0;34m0[0;34m1[0;34m1[0;34m1[0;34m1[0;34m0[0;34m0[0;34m0[0;34m0[0;34m0[0;34m1[0;34m0[0;34m0[0;34m1[0;34m0[0;34m0[0;34m1
[0m[0;34m1[0;34m0[0;34m0[0;34m0[0;34m0[0;34m0[0;34m0[0;34m0[0;34m0[0;34m0[0;34m0[0;34m0[0;34m0[0;34m0[0;34m0[0;34m1[0;34m0[0;34m0[0;34m1
[0m[0;34m1[0;34m0[0;34m0[0;34m1[0;34m1[0;34m1[0;34m1[0;34m1[0;34m1[0;34m1[0;34m1[0;34m1[0;34m1[0;34m0[0;34m0[0;34m1[0;34m0[0;34m0[0;34m1
[0m[0;34m1[0;34m1[0;34m1[0;34m1[0;34m0[0;34m0[0;34m0[0;34m0[0;34m0[0;34m0[0;34m0[0;34m0[0;34m0[0;34m0[0;34m0[0;34m1[0;34m0[0;34m1[0;34m1
[0m[0;34m1[0;34m0[0;34m0[0;34m0[0;34m0[0;34m0[0;34m0[0;34m0[0;34m0[0;34m1[0;34m0[0;34m0[0;34m0[0;34m0[0;34m0[0;34m0[0;34m0[0;34m0[0;34m1
[0m[0;34m1[0;34m1[0;34m1[0;34m1[0;34m1[0;34m1[0;34m1[0;34m1[0;34m1[0;34m1[0;34m1[0;34m1[0;34m1[0;34m1[0;34m1[0;34m1[0;34m1[0;34m1[0;34m1
[0m
[0m[0;34m9[0;34m9
[0m[0;34m9[0;34m9
[0m[0;34m9[0;34m9
[0m[0;34m7[0;34m6
[0m[0;34m7[0;34m6
[0m[0;34m7[0;34m6
[0m[0;34m1[0;34m1[0;34m1[0;34m1[0;34m1[0;34m1[0;34m1[0;34m1[0;34m1[0;34m1[0;34m1[0;34m1[0;34m1[0;34m1[0;34m1[0;34m1[0;34m1[0;34m1[0;34m1
[0m[0;34m1[0;34m0[0;34mW[0;34m1[0;34m0[0;34m0[0;34m1[0;34m0[0;34m0[0;34m1[0;34m0[0;34m0[0;34m1[0;34m0[0;34m0[0;34m0[0;34m0[0;34m0[0;34m1
[0m[0;34m1[0;34m0[0;34m1[0;34m1[0;34m0[0;34m0[0;34m0[0;34m0[0;34m0[0;34m1[0;34m0[0;34m0[0;34m0[0;34m0[0;34m0[0;34m1[0;34m0[0;34m0[0;34m1
[0m[0;34m1[0;34m0[0;34m0[0;34m1[0;34m0[0;34m0[0;34m1[0;34m0[0;34m0[0;34m1[0;34m1[0;34m1[0;34m1[0;34m1[0;34m0[0;34m1[0;34m1[0;34m1[0;34m1
[0m[0;34m1[0;34m0[0;34m0[0;34m1[0;34m1[0;34m1[0;34m1[0;34m0[0;34m0[0;34m0[0;34m0[0;34m0[0;34m1[0;34m0[0;34m0[0;34m1[0;34m0[0;34m0[0;34m1
[0m[0;34m1[0;34m0[0;34m0[0;34m0[0;34m0[0;34m0[0;34m0[0;34m0[0;34m0[0;34m0[0;34m0[0;34m0[0;34m0[0;34m0[0;34m0[0;34m1[0;34m0[0;34m0[0;34m1
[0m[0;34m1[0;34m0[0;34m0[0;34m1[0;34m1[0;34m1[0;34m1[0;34m1[0;34m1[0;34m1[0;34m1[0;34m1[0;34m1[0;34m0[0;34m0[0;34m1[0;34m0[0;34m0[0;34m1
[0m[0;34m1[0;34m1[0;34m1[0;34m1[0;34m0[0;34m0[0;34m0[0;34m0[0;34m0[0;34m0[0;34m0[0;34m0[0;34m0[0;34m0[0;34m0[0;34m1[0;34m0[0;34m1[0;34m1
[0m[0;34m1[0;34m0[0;34m0[0;34m0[0;34m0[0;34m0[0;34m0[0;34m0[0;34m0[0;34m1[0;34m0[0;34m0[0;34m0[0;34m0[0;34m0[0;34m0[0;34m0[0;34m0[0;34m1
[0m[0;34m1[0;34m1[0;34m1[0;34m1[0;34m1[0;34m1[0;34m1[0;34m1[0;34m1[0;34m1[0;34m1[0;34m1[0;34m1[0;34m1[0;34m1[0;34m1[0;34m1[0;34m1[0;34m1
[0mExit code: 0
‚ö†Ô∏è No Valgrind alerts, but with leaks[0m  
==11642== Memcheck, a memory error detector
==11642== Copyright (C) 2002-2022, and GNU GPL'd, by Julian Seward et al.
==11642== Using Valgrind-3.22.0 and LibVEX; rerun with -h for copyright info
==11642== Command: ./cub3d ./maps/good/dungeon.cub
==11642== Parent PID: 11630
==11642== 
==11642== 
==11642== HEAP SUMMARY:
==11642==     in use at exit: 992 bytes in 45 blocks
==11642==   total heap usage: 133 allocs, 88 frees, 8,232 bytes allocated
==11642== 
==11642== LEAK SUMMARY:
==11642==    definitely lost: 424 bytes in 10 blocks
==11642==    indirectly lost: 568 bytes in 35 blocks
==11642==      possibly lost: 0 bytes in 0 blocks
==11642==    still reachable: 0 bytes in 0 blocks
==11642==         suppressed: 0 bytes in 0 blocks
==11642== Rerun with --leak-check=full to see details of leaked memory
==11642== 
==11642== For lists of detected and suppressed errors, rerun with: -s
==11642== ERROR SUMMARY: 0 errors from 0 contexts (suppressed: 0 from 0)
Running valgrind on ./maps/good/library.cub...

[0;32m[Debug info] map end:[0m17
[0;32m[Debug info] map height:[0m10
[0;32m[Debug info]üõ†Ô∏è  Map info üîç
[0m[0;32m[Debug info] - Map width:[0m19
[0;32m[Debug info] - Map height:[0m10
[0;32m[Debug info]üõ†Ô∏è  Starting player position info üîç
[0m[0;32m[Debug info] - Player X:[0m9
[0;32m[Debug info] - Player Y:[0m5
[0;32m[Debug info] - Player Direction:[0mS
[0;32m[Debug info]üõ†Ô∏è  Colors info c:  üîç
[0m[0;32m[Debug info]üõ†Ô∏è  Colors info f:  üîç
[0m[0;32m[Debug info]üõ†Ô∏è  Textures info:  üîç
[0m[0;32m[Debug info] Texture north:[0mtextures/test/north.xpm
[0;32m[Debug info] Texture south:[0mtextures/test/south.xpm
[0;32m[Debug info] Texture west:[0mtextures/test/west.xpm
[0;32m[Debug info] Texture east:[0mtextures/test/east.xpm
[0;34mF[0;34m [0;34m1[0;34m3[0;34m9[0;34m,[0;34m9[0;34m9[0;34m,[0;34m5[0;34m8
[0m[0;34mC[0;34m [0;34m1[0;34m7[0;34m1[0;34m,[0;34m1[0;34m5[0;34m4[0;34m,[0;34m1[0;34m3[0;34m7
[0m
[0m[0;34mN[0;34mO[0;34m [0;34mt[0;34me[0;34mx[0;34mt[0;34mu[0;34mr[0;34me[0;34ms[0;34m/[0;34mt[0;34me[0;34ms[0;34mt[0;34m/[0;34mn[0;34mo[0;34mr[0;34mt[0;34mh[0;34m.[0;34mx[0;34mp[0;34mm
[0m[0;34mS[0;34mO[0;34m [0;34mt[0;34me[0;34mx[0;34mt[0;34mu[0;34mr[0;34me[0;34ms[0;34m/[0;34mt[0;34me[0;34ms[0;34mt[0;34m/[0;34ms[0;34mo[0;34mu[0;34mt[0;34mh[0;34m.[0;34mx[0;34mp[0;34mm
[0m[0;34mW[0;34mE[0;34m [0;34mt[0;34me[0;34mx[0;34mt[0;34mu[0;34mr[0;34me[0;34ms[0;34m/[0;34mt[0;34me[0;34ms[0;34mt[0;34m/[0;34mw[0;34me[0;34ms[0;34mt[0;34m.[0;34mx[0;34mp[0;34mm
[0m[0;34mE[0;34mA[0;34m [0;34mt[0;34me[0;34mx[0;34mt[0;34mu[0;34mr[0;34me[0;34ms[0;34m/[0;34mt[0;34me[0;34ms[0;34mt[0;34m/[0;34me[0;34ma[0;34ms[0;34mt[0;34m.[0;34mx[0;34mp[0;34mm
[0m
[0m[0;34m1[0;34m1[0;34m1[0;34m1[0;34m1[0;34m1[0;34m1[0;34m1[0;34m1[0;34m1[0;34m1[0;34m1[0;34m1[0;34m1[0;34m1[0;34m1[0;34m1[0;34m1[0;34m1
[0m[0;34m1[0;34m0[0;34m0[0;34m1[0;34m0[0;34m0[0;34m1[0;34m0[0;34m0[0;34m1[0;34m0[0;34m0[0;34m1[0;34m0[0;34m0[0;34m1[0;34m0[0;34m0[0;34m1
[0m[0;34m1[0;34m0[0;34m0[0;34m1[0;34m0[0;34m0[0;34m1[0;34m0[0;34m0[0;34m1[0;34m0[0;34m0[0;34m1[0;34m0[0;34m0[0;34m1[0;34m0[0;34m0[0;34m1
[0m[0;34m1[0;34m0[0;34m0[0;34m1[0;34m0[0;34m0[0;34m1[0;34m0[0;34m0[0;34m1[0;34m0[0;34m0[0;34m1[0;34m0[0;34m0[0;34m1[0;34m0[0;34m0[0;34m1
[0m[0;34m1[0;34m0[0;34m0[0;34m1[0;34m0[0;34m0[0;34m1[0;34m0[0;34m0[0;34m0[0;34m0[0;34m0[0;34m1[0;34m0[0;34m0[0;34m1[0;34m0[0;34m0[0;34m1
[0m[0;34m1[0;34m0[0;34m0[0;34m0[0;34m0[0;34m0[0;34m0[0;34m0[0;34m0[0;34mS[0;34m0[0;34m0[0;34m0[0;34m0[0;34m0[0;34m0[0;34m0[0;34m0[0;34m1
[0m[0;34m1[0;34m0[0;34m0[0;34m0[0;34m0[0;34m1[0;34m1[0;34m1[0;34m1[0;34m1[0;34m1[0;34m1[0;34m1[0;34m0[0;34m0[0;34m0[0;34m0[0;34m0[0;34m1
[0m[0;34m1[0;34m1[0;34m1[0;34m1[0;34m0[0;34m0[0;34m0[0;34m0[0;34m0[0;34m0[0;34m0[0;34m0[0;34m0[0;34m0[0;34m0[0;34m1[0;34m1[0;34m1[0;34m1
[0m[0;34m1[0;34m0[0;34m0[0;34m0[0;34m0[0;34m0[0;34m0[0;34m1[0;34m0[0;34m1[0;34m0[0;34m1[0;34m0[0;34m0[0;34m0[0;34m0[0;34m0[0;34m0[0;34m1
[0m[0;34m1[0;34m1[0;34m1[0;34m1[0;34m1[0;34m1[0;34m1[0;34m1[0;34m1[0;34m1[0;34m1[0;34m1[0;34m1[0;34m1[0;34m1[0;34m1[0;34m1[0;34m1[0;34m1
[0m
[0m[0;34m1[0;34m7[0;34m1
[0m[0;34m1[0;34m5[0;34m4
[0m[0;34m1[0;34m3[0;34m7
[0m[0;34m1[0;34m3[0;34m9
[0m[0;34m9[0;34m9
[0m[0;34m5[0;34m8
[0m[0;34m1[0;34m1[0;34m1[0;34m1[0;34m1[0;34m1[0;34m1[0;34m1[0;34m1[0;34m1[0;34m1[0;34m1[0;34m1[0;34m1[0;34m1[0;34m1[0;34m1[0;34m1[0;34m1
[0m[0;34m1[0;34m0[0;34m0[0;34m1[0;34m0[0;34m0[0;34m1[0;34m0[0;34m0[0;34m1[0;34m0[0;34m0[0;34m1[0;34m0[0;34m0[0;34m1[0;34m0[0;34m0[0;34m1
[0m[0;34m1[0;34m0[0;34m0[0;34m1[0;34m0[0;34m0[0;34m1[0;34m0[0;34m0[0;34m1[0;34m0[0;34m0[0;34m1[0;34m0[0;34m0[0;34m1[0;34m0[0;34m0[0;34m1
[0m[0;34m1[0;34m0[0;34m0[0;34m1[0;34m0[0;34m0[0;34m1[0;34m0[0;34m0[0;34m1[0;34m0[0;34m0[0;34m1[0;34m0[0;34m0[0;34m1[0;34m0[0;34m0[0;34m1
[0m[0;34m1[0;34m0[0;34m0[0;34m1[0;34m0[0;34m0[0;34m1[0;34m0[0;34m0[0;34m0[0;34m0[0;34m0[0;34m1[0;34m0[0;34m0[0;34m1[0;34m0[0;34m0[0;34m1
[0m[0;34m1[0;34m0[0;34m0[0;34m0[0;34m0[0;34m0[0;34m0[0;34m0[0;34m0[0;34mS[0;34m0[0;34m0[0;34m0[0;34m0[0;34m0[0;34m0[0;34m0[0;34m0[0;34m1
[0m[0;34m1[0;34m0[0;34m0[0;34m0[0;34m0[0;34m1[0;34m1[0;34m1[0;34m1[0;34m1[0;34m1[0;34m1[0;34m1[0;34m0[0;34m0[0;34m0[0;34m0[0;34m0[0;34m1
[0m[0;34m1[0;34m1[0;34m1[0;34m1[0;34m0[0;34m0[0;34m0[0;34m0[0;34m0[0;34m0[0;34m0[0;34m0[0;34m0[0;34m0[0;34m0[0;34m1[0;34m1[0;34m1[0;34m1
[0m[0;34m1[0;34m0[0;34m0[0;34m0[0;34m0[0;34m0[0;34m0[0;34m1[0;34m0[0;34m1[0;34m0[0;34m1[0;34m0[0;34m0[0;34m0[0;34m0[0;34m0[0;34m0[0;34m1
[0m[0;34m1[0;34m1[0;34m1[0;34m1[0;34m1[0;34m1[0;34m1[0;34m1[0;34m1[0;34m1[0;34m1[0;34m1[0;34m1[0;34m1[0;34m1[0;34m1[0;34m1[0;34m1[0;34m1
[0mExit code: 0
‚ö†Ô∏è No Valgrind alerts, but with leaks[0m  
==11669== Memcheck, a memory error detector
==11669== Copyright (C) 2002-2022, and GNU GPL'd, by Julian Seward et al.
==11669== Using Valgrind-3.22.0 and LibVEX; rerun with -h for copyright info
==11669== Command: ./cub3d ./maps/good/library.cub
==11669== Parent PID: 11630
==11669== 
==11669== 
==11669== HEAP SUMMARY:
==11669==     in use at exit: 1,004 bytes in 45 blocks
==11669==   total heap usage: 133 allocs, 88 frees, 8,285 bytes allocated
==11669== 
==11669== LEAK SUMMARY:
==11669==    definitely lost: 428 bytes in 10 blocks
==11669==    indirectly lost: 576 bytes in 35 blocks
==11669==      possibly lost: 0 bytes in 0 blocks
==11669==    still reachable: 0 bytes in 0 blocks
==11669==         suppressed: 0 bytes in 0 blocks
==11669== Rerun with --leak-check=full to see details of leaked memory
==11669== 
==11669== For lists of detected and suppressed errors, rerun with: -s
==11669== ERROR SUMMARY: 0 errors from 0 contexts (suppressed: 0 from 0)
Running valgrind on ./maps/good/matrix.cub...

[0;34mN[0;34mO[0;34m [0;34mt[0;34me[0;34mx[0;34mt[0;34mu[0;34mr[0;34me[0;34ms[0;34m/[0;34mt[0;34me[0;34ms[0;34mt[0;34m/[0;34mn[0;34mo[0;34mr[0;34mt[0;34mh[0;34m.[0;34mx[0;34mp[0;34mm
[0m[0;34mS[0;34mO[0;34m [0;34mt[0;34me[0;34mx[0;34mt[0;34mu[0;34mr[0;34me[0;34ms[0;34m/[0;34mt[0;34me[0;34ms[0;34mt[0;34m/[0;34ms[0;34mo[0;34mu[0;34mt[0;34mh[0;34m.[0;34mx[0;34mp[0;34mm
[0m[0;34mW[0;34mE[0;34m [0;34mt[0;34me[0;34mx[0;34mt[0;34mu[0;34mr[0;34me[0;34ms[0;34m/[0;34mt[0;34me[0;34ms[0;34mt[0;34m/[0;34mw[0;34me[0;34ms[0;34mt[0;34m.[0;34mx[0;34mp[0;34mm
[0m[0;34mE[0;34mA[0;34m [0;34mt[0;34me[0;34mx[0;34mt[0;34mu[0;34mr[0;34me[0;34ms[0;34m/[0;34mt[0;34me[0;34ms[0;34mt[0;34m/[0;34me[0;34ma[0;34ms[0;34mt[0;34m.[0;34mx[0;34mp[0;34mm
[0m
[0m[0;34mF[0;34m [0;34m0[0;34m,[0;34m0[0;34m,[0;34m0
[0m[0;34mC[0;34m [0;34m0[0;34m,[0;34m0[0;34m,[0;34m0
[0m
[0m[0;34m1[0;34m1[0;34m1[0;34m1[0;34m1[0;34m1[0;34m1[0;34m1[0;34m1[0;34m1[0;34m1[0;34m1[0;34m1[0;34m1[0;34m1[0;34m1[0;34m1[0;34m1[0;34m1[0;34m1[0;34m1
[0m[0;34m1[0;34m0[0;34m1[0;34m0[0;34m0[0;34m0[0;34m0[0;34m0[0;34m1[0;34m0[0;34m0[0;34m0[0;34m0[0;34m0[0;34m0[0;34m0[0;34m0[0;34m0[0;34m0[0;34m0[0;34m1
[0m[0;34m1[0;34m0[0;34m1[0;34m0[0;34m1[0;34m0[0;34m1[0;34m0[0;34m1[0;34m0[0;34m1[0;34m1[0;34m1[0;34m1[0;34m1[0;34m1[0;34m1[0;34m0[0;34m0[0;34m0[0;34m1
[0m[0;34m1[0;34m0[0;34m0[0;34m0[0;34m1[0;34m0[0;34m1[0;34m0[0;34m0[0;34m0[0;34m1[0;34m0[0;34m0[0;34m0[0;34m0[0;34m0[0;34m1[0;34m0[0;34m0[0;34m0[0;34m1
[0m[0;34m1[0;34m1[0;34m1[0;34m1[0;34m1[0;34m0[0;34m1[0;34m0[0;34m1[0;34m1[0;34m1[0;34m1[0;34m1[0;34m0[0;34m1[0;34m0[0;34m1[0;34m1[0;34m1[0;34m0[0;34m1
[0m[0;34m1[0;34m0[0;34m0[0;34m0[0;34m0[0;34m0[0;34m1[0;34m0[0;34m1[0;34m0[0;34m0[0;34m0[0;34m1[0;34m0[0;34m1[0;34m0[0;34m0[0;34m0[0;34m0[0;34m0[0;34m1
[0m[0;34m1[0;34m0[0;34m1[0;34m1[0;34m1[0;34m1[0;34m1[0;34m0[0;34m1[0;34m0[0;34m1[0;34m1[0;34m1[0;34m0[0;34m1[0;34m1[0;34m1[0;34m1[0;34m1[0;34m1[0;34m1
[0m[0;34m1[0;34m0[0;34m1[0;34m0[0;34m0[0;34m0[0;34m0[0;34m0[0;34m1[0;34m0[0;34m1[0;34m0[0;34m1[0;34m0[0;34m0[0;34m0[0;34m0[0;34m0[0;34m1[0;34m0[0;34m1
[0m[0;34m1[0;34m0[0;34m1[0;34m0[0;34m1[0;34m1[0;34m1[0;34m1[0;34m1[0;34m0[0;34m1[0;34m0[0;34m1[0;34m1[0;34m1[0;34m1[0;34m1[0;34m0[0;34m1[0;34m0[0;34m1
[0m[0;34m1[0;34m0[0;34m1[0;34m0[0;34m1[0;34m0[0;34m0[0;34m0[0;34m1[0;34m0[0;34m1[0;34m0[0;34m1[0;34m0[0;34m0[0;34m0[0;34m1[0;34m0[0;34m1[0;34m0[0;34m1
[0m[0;34m1[0;34m0[0;34m1[0;34m1[0;34m1[0;34m0[0;34m1[0;34m0[0;34m1[0;34m0[0;34m1[0;34m0[0;34m1[0;34m0[0;34m1[0;34m0[0;34m1[0;34m0[0;34m1[0;34m0[0;34m1
[0m[0;34m1[0;34m0[0;34m0[0;34m0[0;34m0[0;34m0[0;34m1[0;34m0[0;34m1[0;34m0[0;34m1[0;34m0[0;34m0[0;34m0[0;34m1[0;34m0[0;34m1[0;34m0[0;34m0[0;34m0[0;34m1
[0m[0;34m1[0;34m1[0;34m1[0;34m1[0;34m1[0;34m1[0;34m1[0;34m0[0;34m1[0;34m0[0;34m1[0;34m1[0;34m1[0;34m1[0;34m1[0;34m0[0;34m1[0;34m1[0;34m1[0;34m0[0;34m1
[0m[0;34m1[0;34m0[0;34m0[0;34m0[0;34m0[0;34m0[0;34m1[0;34m0[0;34m1[0;34m0[0;34m0[0;34m0[0;34m1[0;34m0[0;34m0[0;34m0[0;34m1[0;34m0[0;34m0[0;34m0[0;34m1
[0m[0;34m1[0;34m0[0;34m1[0;34m1[0;34m1[0;34m0[0;34m1[0;34m0[0;34m1[0;34m1[0;34m1[0;34m0[0;34m1[0;34m0[0;34m1[0;34m1[0;34m1[0;34m0[0;34m1[0;34m1[0;34m1
[0m[0;34m1[0;34m0[0;34m1[0;34m0[0;34m0[0;34m0[0;34m1[0;34m0[0;34m0[0;34m0[0;34m0[0;34m0[0;34m1[0;34m0[0;34m0[0;34m0[0;34m1[0;34m0[0;34m1[0;34m0[0;34m1
[0m[0;34m1[0;34m0[0;34m1[0;34m0[0;34m1[0;34m1[0;34m1[0;34m1[0;34m1[0;34m1[0;34m1[0;34m1[0;34m1[0;34m1[0;34m1[0;34m0[0;34m1[0;34m0[0;34m1[0;34m0[0;34m1
[0m[0;34m1[0;34m0[0;34m0[0;34m0[0;34m1[0;34m0[0;34m0[0;34m0[0;34m0[0;34m0[0;34m0[0;34m0[0;34m0[0;34m0[0;34m0[0;34m0[0;34m1[0;34m0[0;34m0[0;34m0[0;34m1
[0m[0;34m1[0;34[0;32m[Debug info] map end:[0m28
[0;32m[Debug info] map height:[0m21
[0;32m[Debug info]üõ†Ô∏è  Map info üîç
[0m[0;32m[Debug info] - Map width:[0m21
[0;32m[Debug info] - Map height:[0m21
[0;32m[Debug info]üõ†Ô∏è  Starting player position info üîç
[0m[0;32m[Debug info] - Player X:[0m1
[0;32m[Debug info] - Player Y:[0m19
[0;32m[Debug info] - Player Direction:[0mN
[0;32m[Debug info]üõ†Ô∏è  Colors info c:  üîç
[0m[0;32m[Debug info]üõ†Ô∏è  Colors info f:  üîç
[0m[0;32m[Debug info]üõ†Ô∏è  Textures info:  üîç
[0m[0;32m[Debug info] Texture north:[0mtextures/test/north.xpm
[0;32m[Debug info] Texture south:[0mtextures/test/south.xpm
[0;32m[Debug info] Texture west:[0mtextures/test/west.xpm
[0;32m[Debug info] Texture east:[0mtextures/test/east.xpm
m0[0;34m1[0;34m0[0;34m1[0;34m0[0;34m1[0;34m1[0;34m1[0;34m0[0;34m1[0;34m1[0;34m1[0;34m1[0;34m1[0;34m1[0;34m1[0;34m1[0;34m1[0;34m0[0;34m1
[0m[0;34m1[0;34mN[0;34m1[0;34m0[0;34m0[0;34m0[0;34m0[0;34m0[0;34m1[0;34m0[0;34m0[0;34m0[0;34m0[0;34m0[0;34m0[0;34m0[0;34m0[0;34m0[0;34m0[0;34m0[0;34m1
[0m[0;34m1[0;34m1[0;34m1[0;34m1[0;34m1[0;34m1[0;34m1[0;34m1[0;34m1[0;34m1[0;34m1[0;34m1[0;34m1[0;34m1[0;34m1[0;34m1[0;34m1[0;34m1[0;34m1[0;34m1[0;34m1
[0m
[0m[0;34m0
[0m[0;34m0
[0m[0;34m0
[0m[0;34m0
[0m[0;34m0
[0m[0;34m0
[0m[0;34m1[0;34m1[0;34m1[0;34m1[0;34m1[0;34m1[0;34m1[0;34m1[0;34m1[0;34m1[0;34m1[0;34m1[0;34m1[0;34m1[0;34m1[0;34m1[0;34m1[0;34m1[0;34m1[0;34m1[0;34m1
[0m[0;34m1[0;34m0[0;34m1[0;34m0[0;34m0[0;34m0[0;34m0[0;34m0[0;34m1[0;34m0[0;34m0[0;34m0[0;34m0[0;34m0[0;34m0[0;34m0[0;34m0[0;34m0[0;34m0[0;34m0[0;34m1
[0m[0;34m1[0;34m0[0;34m1[0;34m0[0;34m1[0;34m0[0;34m1[0;34m0[0;34m1[0;34m0[0;34m1[0;34m1[0;34m1[0;34m1[0;34m1[0;34m1[0;34m1[0;34m0[0;34m0[0;34m0[0;34m1
[0m[0;34m1[0;34m0[0;34m0[0;34m0[0;34m1[0;34m0[0;34m1[0;34m0[0;34m0[0;34m0[0;34m1[0;34m0[0;34m0[0;34m0[0;34m0[0;34m0[0;34m1[0;34m0[0;34m0[0;34m0[0;34m1
[0m[0;34m1[0;34m1[0;34m1[0;34m1[0;34m1[0;34m0[0;34m1[0;34m0[0;34m1[0;34m1[0;34m1[0;34m1[0;34m1[0;34m0[0;34m1[0;34m0[0;34m1[0;34m1[0;34m1[0;34m0[0;34m1
[0m[0;34m1[0;34m0[0;34m0[0;34m0[0;34m0[0;34m0[0;34m1[0;34m0[0;34m1[0;34m0[0;34m0[0;34m0[0;34m1[0;34m0[0;34m1[0;34m0[0;34m0[0;34m0[0;34m0[0;34m0[0;34m1
[0m[0;34m1[0;34m0[0;34m1[0;34m1[0;34m1[0;34m1[0;34m1[0;34m0[0;34m1[0;34m0[0;34m1[0;34m1[0;34m1[0;34m0[0;34m1[0;34m1[0;34m1[0;34m1[0;34m1[0;34m1[0;34m1
[0m[0;34m1[0;34m0[0;34m1[0;34m0[0;34m0[0;34m0[0;34m0[0;34m0[0;34m1[0;34m0[0;34m1[0;34m0[0;34m1[0;34m0[0;34m0[0;34m0[0;34m0[0;34m0[0;34m1[0;34m0[0;34m1
[0m[0;34m1[0;34m0[0;34m1[0;34m0[0;34m1[0;34m1[0;34m1[0;34m1[0;34m1[0;34m0[0;34m1[0;34m0[0;34m1[0;34m1[0;34m1[0;34m1[0;34m1[0;34m0[0;34m1[0;34m0[0;34m1
[0m[0;34m1[0;34m0[0;34m1[0;34m0[0;34m1[0;34m0[0;34m0[0;34m0[0;34m1[0;34m0[0;34m1[0;34m0[0;34m1[0;34m0[0;34m0[0;34m0[0;34m1[0;34m0[0;34m1[0;34m0[0;34m1
[0m[0;34m1[0;34m0[0;34m1[0;34m1[0;34m1[0;34m0[0;34m1[0;34m0[0;34m1[0;34m0[0;34m1[0;34m0[0;34m1[0;34m0[0;34m1[0;34m0[0;34m1[0;34m0[0;34m1[0;34m0[0;34m1
[0m[0;34m1[0;34m0[0;34m0[0;34m0[0;34m0[0;34m0[0;34m1[0;34m0[0;34m1[0;34m0[0;34m1[0;34m0[0;34m0[0;34m0[0;34m1[0;34m0[0;34m1[0;34m0[0;34m0[0;34m0[0;34m1
[0m[0;34m1[0;34m1[0;34m1[0;34m1[0;34m1[0;34m1[0;34m1[0;34m0[0;34m1[0;34m0[0;34m1[0;34m1[0;34m1[0;34m1[0;34m1[0;34m0[0;34m1[0;34m1[0;34m1[0;34m0[0;34m1
[0m[0;34m1[0;34m0[0;34m0[0;34m0[0;34m0[0;34m0[0;34m1[0;34m0[0;34m1[0;34m0[0;34m0[0;34m0[0;34m1[0;34m0[0;34m0[0;34m0[0;34m1[0;34m0[0;34m0[0;34m0[0;34m1
[0m[0;34m1[0;34m0[0;34m1[0;34m1[0;34m1[0;34m0[0;34m1[0;34m0[0;34m1[0;34m1[0;34m1[0;34m0[0;34m1[0;34m0[0;34m1[0;34m1[0;34m1[0;34m0[0;34m1[0;34m1[0;34m1
[0m[0;34m1[0;34m0[0;34m1[0;34m0[0;34m0[0;34m0[0;34m1[0;34m0[0;34m0[0;34m0[0;34m0[0;34m0[0;34m1[0;34m0[0;34m0[0;34m0[0;34m1[0;34m0[0;34m1[0;34m0[0;34m1
[0m[0;34m1[0;34m0[0;34m1[0;34m0[0;34m1[0;34m1[0;34m1[0;34m1[0;34m1[0;34m1[0;34m1[0;34m1[0;34m1[0;34m1[0;34m1[0;34m0[0;34m1[0;34m0[0;34m1[0;34m0[0;34m1
[0m[0;34m1[0;34m0[0;34m0[0;34m0[0;34m1[0;34m0[0;34m0[0;34m0[0;34m0[0;34m0[0;34m0[0;34m0[0;34m0[0;34m0[0;34m0[0;34m0[0;34m1[0;34m0[0;34m0[0;34m0[0;34m1
[0m[0;34m1[0;34m0[0;34m1[0;34m0[0;34m1[0;34m0[0;34m1[0;34m1[0;34m1[0;34m0[0;34m1[0;34m1[0;34m1[0;34m1[0;34m1[0;34m1[0;34m1[0;34m1[0;34m1[0;34m0[0;34m1
[0m[0;34m1[0;34mN[0;34m1[0;34m0[0;34m0[0;34m0[0;34m0[0;34m0[0;34m1[0;34m0[0;34m0[0;34m0[0;34m0[0;34m0[0;34m0[0;34m0[0;34m0[0;34m0[0;34m0[0;34m0[0;34m1
[0m[0;34m1[0;34m1[0;34m1[0;34m1[0;34m1[0;34m1[0;34m1[0;34m1[0;34m1[0;34m1[0;34m1[0;34m1[0;34m1[0;34m1[0;34m1[0;34m1[0;34m1[0;34m1[0;34m1[0;34m1[0;34m1
[0mExit code: 0
‚ö†Ô∏è No Valgrind alerts, but with leaks[0m  
==11713== Memcheck, a memory error detector
==11713== Copyright (C) 2002-2022, and GNU GPL'd, by Julian Seward et al.
==11713== Using Valgrind-3.22.0 and LibVEX; rerun with -h for copyright info
==11713== Command: ./cub3d ./maps/good/matrix.cub
==11713== Parent PID: 11630
==11713== 
==11713== 
==11713== HEAP SUMMARY:
==11713==     in use at exit: 1,685 bytes in 67 blocks
==11713==   total heap usage: 210 allocs, 143 frees, 12,140 bytes allocated
==11713== 
==11713== LEAK SUMMARY:
==11713==    definitely lost: 594 bytes in 10 blocks
==11713==    indirectly lost: 1,091 bytes in 57 blocks
==11713==      possibly lost: 0 bytes in 0 blocks
==11713==    still reachable: 0 bytes in 0 blocks
==11713==         suppressed: 0 bytes in 0 blocks
==11713== Rerun with --leak-check=full to see details of leaked memory
==11713== 
==11713== For lists of detected and suppressed errors, rerun with: -s
==11713== ERROR SUMMARY: 0 errors from 0 contexts (suppressed: 0 from 0)
Running valgrind on ./maps/good/sad_face.cub...

[0;32m[Debug info] map end:[0m20
[0;32m[Debug info] map height:[0m13
[0;32m[Debug info]üõ†Ô∏è  Map info üîç
[0m[0;32m[Debug info] - Map width:[0m15
[0;32m[Debug info] - Map height:[0m13
[0;32m[Debug info]üõ†Ô∏è  Starting player position info üîç
[0m[0;32m[Debug info] - Player X:[0m7
[0;32m[Debug info] - Player Y:[0m3
[0;32m[Debug info] - Player Direction:[0mN
[0;32m[Debug info]üõ†Ô∏è  Colors info c:  üîç
[0m[0;32m[Debug info]üõ†Ô∏è  Colors info f:  üîç
[0m[0;32m[Debug info]üõ†Ô∏è  Textures info:  üîç
[0m[0;32m[Debug info] Texture north:[0mtextures/test/north.xpm
[0;32m[Debug info] Texture south:[0mtextures/test/south.xpm
[0;32m[Debug info] Texture west:[0mtextures/test/west.xpm
[0;32m[Debug info] Texture east:[0mtextures/test/east.xpm
[0;34mN[0;34mO[0;34m [0;34mt[0;34me[0;34mx[0;34mt[0;34mu[0;34mr[0;34me[0;34ms[0;34m/[0;34mt[0;34me[0;34ms[0;34mt[0;34m/[0;34mn[0;34mo[0;34mr[0;34mt[0;34mh[0;34m.[0;34mx[0;34mp[0;34mm
[0m[0;34mS[0;34mO[0;34m [0;34mt[0;34me[0;34mx[0;34mt[0;34mu[0;34mr[0;34me[0;34ms[0;34m/[0;34mt[0;34me[0;34ms[0;34mt[0;34m/[0;34ms[0;34mo[0;34mu[0;34mt[0;34mh[0;34m.[0;34mx[0;34mp[0;34mm
[0m[0;34mW[0;34mE[0;34m [0;34mt[0;34me[0;34mx[0;34mt[0;34mu[0;34mr[0;34me[0;34ms[0;34m/[0;34mt[0;34me[0;34ms[0;34mt[0;34m/[0;34mw[0;34me[0;34ms[0;34mt[0;34m.[0;34mx[0;34mp[0;34mm
[0m[0;34mE[0;34mA[0;34m [0;34mt[0;34me[0;34mx[0;34mt[0;34mu[0;34mr[0;34me[0;34ms[0;34m/[0;34mt[0;34me[0;34ms[0;34mt[0;34m/[0;34me[0;34ma[0;34ms[0;34mt[0;34m.[0;34mx[0;34mp[0;34mm
[0m
[0m[0;34mC[0;34m [0;34m5[0;34m3[0;34m,[0;34m4[0;34m1[0;34m,[0;34m3[0;34m4
[0m[0;34mF[0;34m [0;34m4[0;34m5[0;34m,[0;34m3[0;34m3[0;34m,[0;34m2[0;34m7
[0m
[0m[0;34m1[0;34m1[0;34m1[0;34m1[0;34m1[0;34m1[0;34m1[0;34m1[0;34m1[0;34m1[0;34m1[0;34m1[0;34m1[0;34m1[0;34m1
[0m[0;34m1[0;34m1[0;34m1[0;34m1[0;34m1[0;34m1[0;34m0[0;34m0[0;34m0[0;34m1[0;34m1[0;34m1[0;34m1[0;34m1[0;34m1
[0m[0;34m1[0;34m1[0;34m1[0;34m1[0;34m1[0;34m0[0;34m0[0;34m0[0;34m0[0;34m0[0;34m1[0;34m1[0;34m1[0;34m1[0;34m1
[0m[0;34m1[0;34m1[0;34m1[0;34m1[0;34m0[0;34m0[0;34m0[0;34mN[0;34m0[0;34m0[0;34m0[0;34m1[0;34m1[0;34m1[0;34m1
[0m[0;34m1[0;34m1[0;34m1[0;34m0[0;34m0[0;34m0[0;34m0[0;34m0[0;34m0[0;34m0[0;34m0[0;34m0[0;34m1[0;34m1[0;34m1
[0m[0;34m1[0;34m1[0;34m0[0;34m0[0;34m0[0;34m0[0;34m0[0;34m0[0;34m0[0;34m0[0;34m0[0;34m0[0;34m0[0;34m1[0;34m1
[0m[0;34m1[0;34m0[0;34m0[0;34m0[0;34m0[0;34m1[0;34m1[0;34m1[0;34m1[0;34m1[0;34m0[0;34m0[0;34m0[0;34m0[0;34m1
[0m[0;34m1[0;34m1[0;34m0[0;34m0[0;34m0[0;34m0[0;34m1[0;34m1[0;34m1[0;34m0[0;34m0[0;34m0[0;34m0[0;34m1[0;34m1
[0m[0;34m1[0;34m1[0;34m1[0;34m0[0;34m0[0;34m0[0;34m0[0;34m1[0;34m0[0;34m0[0;34m0[0;34m0[0;34m1[0;34m1[0;34m1
[0m[0;34m1[0;34m1[0;34m1[0;34m1[0;34m0[0;34m0[0;34m0[0;34m0[0;34m0[0;34m0[0;34m0[0;34m1[0;34m1[0;34m1[0;34m1
[0m[0;34m1[0;34m1[0;34m1[0;34m1[0;34m1[0;34m0[0;34m0[0;34m0[0;34m0[0;34m0[0;34m1[0;34m1[0;34m1[0;34m1[0;34m1
[0m[0;34m1[0;34m1[0;34m1[0;34m1[0;34m1[0;34m1[0;34m0[0;34m0[0;34m0[0;34m1[0;34m1[0;34m1[0;34m1[0;34m1[0;34m1
[0m[0;34m1[0;34m1[0;34m1[0;34m1[0;34m1[0;34m1[0;34m1[0;34m1[0;34m1[0;34m1[0;34m1[0;34m1[0;34m1[0;34m1[0;34m1
[0m
[0m[0;34m5[0;34m3
[0m[0;34m4[0;34m1
[0m[0;34m3[0;34m4
[0m[0;34m4[0;34m5
[0m[0;34m3[0;34m3
[0m[0;34m2[0;34m7
[0m[0;34m1[0;34m1[0;34m1[0;34m1[0;34m1[0;34m1[0;34m1[0;34m1[0;34m1[0;34m1[0;34m1[0;34m1[0;34m1[0;34m1[0;34m1
[0m[0;34m1[0;34m1[0;34m1[0;34m1[0;34m1[0;34m1[0;34m0[0;34m0[0;34m0[0;34m1[0;34m1[0;34m1[0;34m1[0;34m1[0;34m1
[0m[0;34m1[0;34m1[0;34m1[0;34m1[0;34m1[0;34m0[0;34m0[0;34m0[0;34m0[0;34m0[0;34m1[0;34m1[0;34m1[0;34m1[0;34m1
[0m[0;34m1[0;34m1[0;34m1[0;34m1[0;34m0[0;34m0[0;34m0[0;34mN[0;34m0[0;34m0[0;34m0[0;34m1[0;34m1[0;34m1[0;34m1
[0m[0;34m1[0;34m1[0;34m1[0;34m0[0;34m0[0;34m0[0;34m0[0;34m0[0;34m0[0;34m0[0;34m0[0;34m0[0;34m1[0;34m1[0;34m1
[0m[0;34m1[0;34m1[0;34m0[0;34m0[0;34m0[0;34m0[0;34m0[0;34m0[0;34m0[0;34m0[0;34m0[0;34m0[0;34m0[0;34m1[0;34m1
[0m[0;34m1[0;34m0[0;34m0[0;34m0[0;34m0[0;34m1[0;34m1[0;34m1[0;34m1[0;34m1[0;34m0[0;34m0[0;34m0[0;34m0[0;34m1
[0m[0;34m1[0;34m1[0;34m0[0;34m0[0;34m0[0;34m0[0;34m1[0;34m1[0;34m1[0;34m0[0;34m0[0;34m0[0;34m0[0;34m1[0;34m1
[0m[0;34m1[0;34m1[0;34m1[0;34m0[0;34m0[0;34m0[0;34m0[0;34m1[0;34m0[0;34m0[0;34m0[0;34m0[0;34m1[0;34m1[0;34m1
[0m[0;34m1[0;34m1[0;34m1[0;34m1[0;34m0[0;34m0[0;34m0[0;34m0[0;34m0[0;34m0[0;34m0[0;34m1[0;34m1[0;34m1[0;34m1
[0m[0;34m1[0;34m1[0;34m1[0;34m1[0;34m1[0;34m0[0;34m0[0;34m0[0;34m0[0;34m0[0;34m1[0;34m1[0;34m1[0;34m1[0;34m1
[0m[0;34m1[0;34m1[0;34m1[0;34m1[0;34m1[0;34m1[0;34m0[0;34m0[0;34m0[0;34m1[0;34m1[0;34m1[0;34m1[0;34m1[0;34m1
[0m[0;34m1[0;34m1[0;34m1[0;34m1[0;34m1[0;34m1[0;34m1[0;34m1[0;34m1[0;34m1[0;34m1[0;34m1[0;34m1[0;34m1[0;34m1
[0mExit code: 0
‚ö†Ô∏è No Valgrind alerts, but with leaks[0m  
==11716== Memcheck, a memory error detector
==11716== Copyright (C) 2002-2022, and GNU GPL'd, by Julian Seward et al.
==11716== Using Valgrind-3.22.0 and LibVEX; rerun with -h for copyright info
==11716== Command: ./cub3d ./maps/good/sad_face.cub
==11716== Parent PID: 11630
==11716== 
==11716== 
==11716== HEAP SUMMARY:
==11716==     in use at exit: 1,059 bytes in 51 blocks
==11716==   total heap usage: 152 allocs, 101 frees, 8,972 bytes allocated
==11716== 
==11716== LEAK SUMMARY:
==11716==    definitely lost: 472 bytes in 10 blocks
==11716==    indirectly lost: 587 bytes in 41 blocks
==11716==      possibly lost: 0 bytes in 0 blocks
==11716==    still reachable: 0 bytes in 0 blocks
==11716==         suppressed: 0 bytes in 0 blocks
==11716== Rerun with --leak-check=full to see details of leaked memory
==11716== 
==11716== For lists of detected and suppressed errors, rerun with: -s
==11716== ERROR SUMMARY: 0 errors from 0 contexts (suppressed: 0 from 0)
Running valgrind on ./maps/good/square_map.cub...

[0;34m [0;34m [0;34m [0;34mW[0;34mE[0;34m [0;34m [0;34m [0;34m [0;34m [0;34m [0;34m [0;34m [0;34m [0;34m [0;34m [0;34m [0;34m [0;34m [0;34m [0;34m [0;34m [0;34m [0;34m [0;34m [0;34m [0;34m [0;34m [0;34m [0;34m [0;34m [0;34m [0;34m [0;34mt[0;34me[0;34mx[0;34mt[0;34mu[0;34mr[0;34me[0;34ms[0;34m/[0;34mt[0;34me[0;34ms[0;34mt[0;34m/[0;34mw[0;34me[0;34ms[0;34mt[0;34m.[0;34mx[0;34mp[0;34mm
[0m[0;34mN[0;34mO[0;34m [0;34m [0;34m [0;34m [0;34m [0;34m [0;34mt[0;34me[0;34mx[0;34mt[0;34mu[0;34mr[0;34me[0;34ms[0;34m/[0;34mt[0;34me[0;34ms[0;34mt[0;34m/[0;34mn[0;34mo[0;34mr[0;34mt[0;34mh[0;34m.[0;34mx[0;34mp[0;34mm
[0m
[0m
[0m
[0m[0;34mS[0;34mO[0;34m [0;34mt[0;34me[0;34mx[0;34mt[0;34mu[0;34mr[0;34me[0;34ms[0;34m/[0;34mt[0;34me[0;34ms[0;34mt[0;34m/[0;34ms[0;34mo[0;34mu[0;34mt[0;34mh[0;34m.[0;34mx[0;34mp[0;34mm
[0m
[0m[0;34mF[0;34m [0;34m [0;34m [0;34m6[0;34m9[0;34m,[0;34m [0;34m2[0;34m2[0;34m2[0;34m,[0;34m [0;34m1[0;34m9[0;34m9
[0m
[0m[0;34mE[0;34mA[0;34m [0;34mt[0;34me[0;34mx[0;34mt[0;34mu[0;34mr[0;34me[0;34ms[0;34m/[0;34mt[0;34me[0;34ms[0;34mt[0;34m/[0;34me[0;34ma[0;34ms[0;34mt[0;34m.[0;34mx[0;34mp[0;34mm
[0m
[0m
[0m[0;34mC[0;34m [0;34m2[0;34m3[0;34m5[0;34m,[0;34m [0;34m1[0;34m9[0;34m8[0;34m,[0;34m [0;34m5[0;34m2
[0m
[0m[0;34m1[0;34m1[0;34m1[0;34m1[0;34m1[0;34m1[0;34m1[0;34m1[0;34m1[0;34m1[0;34m1[0;34m1[0;34m1[0;34m1[0;34m1[0;34m1[0;34m1[0;34m1[0;34m1[0;34m1[0;34m1[0;34m1[0;34m1[0;34m1
[0m[0;34m1[0;34m0[0;34m0[0;34m0[0;34m0[0;34m0[0;34m0[0;34m0[0;34m0[0;34m0[0;34m0[0;34m0[0;34m0[0;34m0[0;34m0[0;34m0[0;34m0[0;34m0[0;34m0[0;34m0[0;34m0[0;34m0[0;34m0[0;34m1
[0m[0;34m1[0;34m0[0;34m0[0;34m0[0;34m0[0;34m0[0;34m0[0;34m0[0;34m0[0;34m0[0;34m0[0;34m0[0;34m0[0;34m0[0;34m0[0;34m0[0;34m0[0;34m0[0;34m0[0;34m0[0;34m0[0;34m0[0;34m0[0;34m1
[0m[0;34m1[0;34m0[0;34m0[0;34m0[0;34m0[0;34m0[0;34m0[0;34m0[0;34m0[0;34mN[0;34m0[0;34m0[0;34m0[0;34m0[0;34m0[0;34m0[0;34m0[0;34m0[0;34m0[0;34m0[0;34m0[0;34m0[0;34m0[0;34m1
[0m[0;34m1[0;34m0[0;34m0[0;34m0[0;34m0[0;34m0[0;34m0[0;34m0[0;34m0[0;34m0[0;34m0[0;34m0[0;34m0[0;34m0[0;34m0[0;34m0[0;34m0[0;34m0[0;34m0[0;34m0[0;34m0[0;34m0[0;34m0[0;34m1
[0m[0;34m1[0;34m0[0;34m0[0;34m0[0;34m0[0;34m0[0;34m0[0;34m0[0;34m0[0;34m0[0;34m0[0;34m0[0;34m0[0;34m0[0;34m0[0;34m0[0;34m0[0;34m0[0;34m0[0;34m0[0;34m0[0;34m0[0;34m0[0;34m1
[0m[0;34m1[0;34m0[0;34m0[0;34m0[0;34m0[0;34m0[0;34m0[0;34m0[0;34m0[0;34m0[0;34m0[0;34m0[0;34m0[0;34m0[0;34m0[0;34m0[0;34m0[0;34m0[0;34m0[0;34m0[0;34m0[0;34m0[0;34m0[0;34m1
[0m[0;34m1[0;34m0[0;34m0[0;34m0[0;34m0[0;34m0[0;34m1[0;34m1[0;34m1[0;34m1[0;34m1[0;34m0[0;34m0[0;34m0[0;34m0[0;34m1[0;34m0[0;34m1[0;34m0[0;34m1[0;34m0[0;34m0[0;34m0[0;34m1
[0m[0;34m1[0;34m0[0;34m0[0;34m0[0;34m0[0;34m0[0;34m1[0;34m0[0;34m0[0;34m0[0;34m1[0;34m0[0;34m0[0;34m0[0;34m0[0;34m0[0;34m0[0;34m0[0;34m0[0;34m0[0;34m0[0;34m0[0;34m0[0;34m1
[0m[0;34m1[0;34m0[0;34m0[0;34m0[0;34m0[0;34m0[0;34m1[0;34m0[0;34m0[0;34m0[0;34m1[0;34m0[0;34m0[0;34m0[0;34m0[0;34m1[0;34m0[0;34m0[0;34m0[0;34m1[0;34m0[0;34m0[0;34m0[0;34m1
[0m[0;34m1[0;34m0[0;34m0[0;34m0[0;34m0[0;34m0[0;34m1[0;34m0[0;34m0[0;34m0[0;34m1[0;34m0[0;34m0[0;34m0[0;34m0[0;34m0[0;34m0[0;34m0[0;34m0[0;34m0[0;34m0[0;34m0[0;34m0[0;34m1
[0m[0;34m1[0;34m0[0;34m0[0;34m0[0;34m0[0;34m0[0;34m1[0;34m1[0;34m1[0;34m1[0;34m0[0;34m0[0;34m0[0;34m0[0;34m1[0;34m0[0;34m1[0;34m0[0;34m1[0;34m0[0;34m0[0;34m0[0;34m0[0;34m1
[0m[0;34m1[0;34m0[0;34m0[0;34m0[0;34m0[0;34m0[0;34m0[0;34m0[0;34m0[0;34m0[0;34m0[0;34m0[0;34m0[0;34m0[0;34m0[0;34m0[0;34m0[0;34m0[0;34m0[0;34m0[0;34m0[0;34m0[0;34m0[0;34m1
[0m[0;34m1[0;34m0[0;34m0[0;34m0[0;34m0[0;34m0[0;34m0[0;34m0[0;34m0[0;34m0[0;34m0[0;34m0[0;34m0[0;34m0[0;34m0[0;34m0[0;32m[Debug info] map end:[0m40
[0;32m[Debug info] map height:[0m27
[0;32m[Debug info]üõ†Ô∏è  Map info üîç
[0m[0;32m[Debug info] - Map width:[0m24
[0;32m[Debug info] - Map height:[0m27
[0;32m[Debug info]üõ†Ô∏è  Starting player position info üîç
[0m[0;32m[Debug info] - Player X:[0m9
[0;32m[Debug info] - Player Y:[0m3
[0;32m[Debug info] - Player Direction:[0mN
[0;32m[Debug info]üõ†Ô∏è  Colors info c:  üîç
[0m[0;32m[Debug info]üõ†Ô∏è  Colors info f:  üîç
[0m[0;32m[Debug info]üõ†Ô∏è  Textures info:  üîç
[0m[0;32m[Debug info] Texture north:[0mtextures/test/north.xpm
[0;32m[Debug info] Texture south:[0mtextures/test/south.xpm
[0;32m[Debug info] Texture west:[0mtextures/test/west.xpm
[0;32m[Debug info] Texture east:[0mtextures/test/east.xpm
[0;34m0[0;34m0[0;34m0[0;34m0[0;34m0[0;34m0[0;34m0[0;34m1
[0m[0;34m1[0;34m0[0;34m0[0;34m0[0;34m0[0;34m0[0;34m0[0;34m0[0;34m0[0;34m0[0;34m0[0;34m0[0;34m0[0;34m0[0;34m0[0;34m0[0;34m0[0;34m0[0;34m0[0;34m0[0;34m0[0;34m0[0;34m0[0;34m1
[0m[0;34m1[0;34m0[0;34m0[0;34m0[0;34m0[0;34m0[0;34m0[0;34m0[0;34m0[0;34m0[0;34m0[0;34m0[0;34m0[0;34m0[0;34m0[0;34m0[0;34m0[0;34m0[0;34m0[0;34m0[0;34m0[0;34m0[0;34m0[0;34m1
[0m[0;34m1[0;34m0[0;34m0[0;34m0[0;34m0[0;34m0[0;34m0[0;34m0[0;34m0[0;34m0[0;34m0[0;34m0[0;34m0[0;34m0[0;34m0[0;34m0[0;34m0[0;34m0[0;34m0[0;34m0[0;34m0[0;34m0[0;34m0[0;34m1
[0m[0;34m1[0;34m0[0;34m0[0;34m0[0;34m0[0;34m0[0;34m0[0;34m0[0;34m0[0;34m0[0;34m0[0;34m0[0;34m0[0;34m0[0;34m0[0;34m0[0;34m0[0;34m0[0;34m0[0;34m0[0;34m0[0;34m0[0;34m0[0;34m1
[0m[0;34m1[0;34m0[0;34m0[0;34m0[0;34m0[0;34m0[0;34m0[0;34m0[0;34m0[0;34m0[0;34m0[0;34m0[0;34m0[0;34m0[0;34m0[0;34m0[0;34m0[0;34m0[0;34m0[0;34m0[0;34m0[0;34m0[0;34m0[0;34m1
[0m[0;34m1[0;34m1[0;34m1[0;34m1[0;34m1[0;34m1[0;34m1[0;34m1[0;34m1[0;34m0[0;34m0[0;34m0[0;34m0[0;34m0[0;34m0[0;34m0[0;34m0[0;34m0[0;34m0[0;34m0[0;34m0[0;34m0[0;34m0[0;34m1
[0m[0;34m1[0;34m0[0;34m0[0;34m1[0;34m0[0;34m0[0;34m0[0;34m0[0;34m1[0;34m0[0;34m0[0;34m0[0;34m0[0;34m0[0;34m0[0;34m0[0;34m0[0;34m0[0;34m0[0;34m0[0;34m0[0;34m0[0;34m0[0;34m1
[0m[0;34m1[0;34m0[0;34m0[0;34m0[0;34m0[0;34m0[0;34m1[0;34m0[0;34m1[0;34m0[0;34m0[0;34m0[0;34m0[0;34m0[0;34m0[0;34m0[0;34m0[0;34m0[0;34m0[0;34m0[0;34m0[0;34m0[0;34m0[0;34m1
[0m[0;34m1[0;34m0[0;34m0[0;34m1[0;34m0[0;34m0[0;34m0[0;34m0[0;34m1[0;34m0[0;34m0[0;34m0[0;34m0[0;34m0[0;34m0[0;34m0[0;34m0[0;34m0[0;34m0[0;34m0[0;34m0[0;34m0[0;34m0[0;34m1
[0m[0;34m1[0;34m0[0;34m0[0;34m1[0;34m1[0;34m1[0;34m1[0;34m1[0;34m1[0;34m0[0;34m0[0;34m0[0;34m0[0;34m0[0;34m0[0;34m0[0;34m0[0;34m0[0;34m0[0;34m0[0;34m0[0;34m0[0;34m0[0;34m1
[0m[0;34m1[0;34m0[0;34m0[0;34m0[0;34m0[0;34m0[0;34m0[0;34m0[0;34m0[0;34m0[0;34m0[0;34m0[0;34m0[0;34m0[0;34m0[0;34m0[0;34m0[0;34m0[0;34m0[0;34m0[0;34m0[0;34m0[0;34m0[0;34m1
[0m[0;34m1[0;34m0[0;34m0[0;34m0[0;34m0[0;34m0[0;34m0[0;34m0[0;34m0[0;34m0[0;34m0[0;34m0[0;34m0[0;34m0[0;34m0[0;34m0[0;34m0[0;34m0[0;34m0[0;34m0[0;34m0[0;34m0[0;34m0[0;34m1
[0m[0;34m1[0;34m1[0;34m1[0;34m1[0;34m1[0;34m1[0;34m1[0;34m1[0;34m1[0;34m1[0;34m1[0;34m1[0;34m1[0;34m1[0;34m1[0;34m1[0;34m1[0;34m1[0;34m1[0;34m1[0;34m1[0;34m1[0;34m1[0;34m1
[0m[0;34m2[0;34m3[0;34m5
[0m[0;34m1[0;34m9[0;34m8
[0m[0;34m5[0;34m2
[0m[0;34m6[0;34m9
[0m[0;34m2[0;34m2[0;34m2
[0m[0;34m1[0;34m9[0;34m9
[0m[0;34m1[0;34m1[0;34m1[0;34m1[0;34m1[0;34m1[0;34m1[0;34m1[0;34m1[0;34m1[0;34m1[0;34m1[0;34m1[0;34m1[0;34m1[0;34m1[0;34m1[0;34m1[0;34m1[0;34m1[0;34m1[0;34m1[0;34m1[0;34m1
[0m[0;34m1[0;34m0[0;34m0[0;34m0[0;34m0[0;34m0[0;34m0[0;34m0[0;34m0[0;34m0[0;34m0[0;34m0[0;34m0[0;34m0[0;34m0[0;34m0[0;34m0[0;34m0[0;34m0[0;34m0[0;34m0[0;34m0[0;34m0[0;34m1
[0m[0;34m1[0;34m0[0;34m0[0;34m0[0;34m0[0;34m0[0;34m0[0;34m0[0;34m0[0;34m0[0;34m0[0;34m0[0;34m0[0;34m0[0;34m0[0;34m0[0;34m0[0;34m0[0;34m0[0;34m0[0;34m0[0;34m0[0;34m0[0;34m1
[0m[0;34m1[0;34m0[0;34m0[0;34m0[0;34m0[0;34m0[0;34m0[0;34m0[0;34m0[0;34mN[0;34m0[0;34m0[0;34m0[0;34m0[0;34m0[0;34m0[0;34m0[0;34m0[0;34m0[0;34m0[0;34m0[0;34m0[0;34m0[0;34m1
[0m[0;34m1[0;34m0[0;34m0[0;34m0[0;34m0[0;34m0[0;34m0[0;34m0[0;34m0[0;34m0[0;34m0[0;34m0[0;34m0[0;34m0[0;34m0[0;34m0[0;34m0[0;34m0[0;34m0[0;34m0[0;34m0[0;34m0[0;34m0[0;34m1
[0m[0;34m1[0;34m0[0;34m0[0;34m0[0;34m0[0;34m0[0;34m0[0;34m0[0;34m0[0;34m0[0;34m0[0;34m0[0;34m0[0;34m0[0;34m0[0;34m0[0;34m0[0;34m0[0;34m0[0;34m0[0;34m0[0;34m0[0;34m0[0;34m1
[0m[0;34m1[0;34m0[0;34m0[0;34m0[0;34m0[0;34m0[0;34m0[0;34m0[0;34m0[0;34m0[0;34m0[0;34m0[0;34m0[0;34m0[0;34m0[0;34m0[0;34m0[0;34m0[0;34m0[0;34m0[0;34m0[0;34m0[0;34m0[0;34m1
[0m[0;34m1[0;34m0[0;34m0[0;34m0[0;34m0[0;34m0[0;34m1[0;34m1[0;34m1[0;34m1[0;34m1[0;34m0[0;34m0[0;34m0[0;34m0[0;34m1[0;34m0[0;34m1[0;34m0[0;34m1[0;34m0[0;34m0[0;34m0[0;34m1
[0m[0;34m1[0;34m0[0;34m0[0;34m0[0;34m0[0;34m0[0;34m1[0;34m0[0;34m0[0;34m0[0;34m1[0;34m0[0;34m0[0;34m0[0;34m0[0;34m0[0;34m0[0;34m0[0;34m0[0;34m0[0;34m0[0;34m0[0;34m0[0;34m1
[0m[0;34m1[0;34m0[0;34m0[0;34m0[0;34m0[0;34m0[0;34m1[0;34m0[0;34m0[0;34m0[0;34m1[0;34m0[0;34m0[0;34m0[0;34m0[0;34m1[0;34m0[0;34m0[0;34m0[0;34m1[0;34m0[0;34m0[0;34m0[0;34m1
[0m[0;34m1[0;34m0[0;34m0[0;34m0[0;34m0[0;34m0[0;34m1[0;34m0[0;34m0[0;34m0[0;34m1[0;34m0[0;34m0[0;34m0[0;34m0[0;34m0[0;34m0[0;34m0[0;34m0[0;34m0[0;34m0[0;34m0[0;34m0[0;34m1
[0m[0;34m1[0;34m0[0;34m0[0;34m0[0;34m0[0;34m0[0;34m1[0;34m1[0;34m1[0;34m1[0;34m0[0;34m0[0;34m0[0;34m0[0;34m1[0;34m0[0;34m1[0;34m0[0;34m1[0;34m0[0;34m0[0;34m0[0;34m0[0;34m1
[0m[0;34m1[0;34m0[0;34m0[0;34m0[0;34m0[0;34m0[0;34m0[0;34m0[0;34m0[0;34m0[0;34m0[0;34m0[0;34m0[0;34m0[0;34m0[0;34m0[0;34m0[0;34m0[0;34m0[0;34m0[0;34m0[0;34m0[0;34m0[0;34m1
[0m[0;34m1[0;34m0[0;34m0[0;34m0[0;34m0[0;34m0[0;34m0[0;34m0[0;34m0[0;34m0[0;34m0[0;34m0[0;34m0[0;34m0[0;34m0[0;34m0[0;34m0[0;34m0[0;34m0[0;34m0[0;34m0[0;34m0[0;34m0[0;34m1
[0m[0;34m1[0;34m0[0;34m0[0;34m0[0;34m0[0;34m0[0;34m0[0;34m0[0;34m0[0;34m0[0;34m0[0;34m0[0;34m0[0;34m0[0;34m0[0;34m0[0;34m0[0;34m0[0;34m0[0;34m0[0;34m0[0;34m0[0;34m0[0;34m1
[0m[0;34m1[0;34m0[0;34m0[0;34m0[0;34m0[0;34m0[0;34m0[0;34m0[0;34m0[0;34m0[0;34m0[0;34m0[0;34m0[0;34m0[0;34m0[0;34m0[0;34m0[0;34m0[0;34m0[0;34m0[0;34m0[0;34m0[0;34m0[0;34m1
[0m[0;34m1[0;34m0[0;34m0[0;34m0[0;34m0[0;34m0[0;34m0[0;34m0[0;34m0[0;34m0[0;34m0[0;34m0[0;34m0[0;34m0[0;34m0[0;34m0[0;34m0[0;34m0[0;34m0[0;34m0[0;34m0[0;34m0[0;34m0[0;34m1
[0m[0;34m1[0;34m0[0;34m0[0;34m0[0;34m0[0;34m0[0;34m0[0;34m0[0;34m0[0;34m0[0;34m0[0;34m0[0;34m0[0;34m0[0;34m0[0;34m0[0;34m0[0;34m0[0;34m0[0;34m0[0;34m0[0;34m0[0;34m0[0;34m1
[0m[0;34m1[0;34m0[0;34m0[0;34m0[0;34m0[0;34m0[0;34m0[0;34m0[0;34m0[0;34m0[0;34m0[0;34m0[0;34m0[0;34m0[0;34m0[0;34m0[0;34m0[0;34m0[0;34m0[0;34m0[0;34m0[0;34m0[0;34m0[0;34m1
[0m[0;34m1[0;34m1[0;34m1[0;34m1[0;34m1[0;34m1[0;34m1[0;34m1[0;34m1[0;34m0[0;34m0[0;34m0[0;34m0[0;34m0[0;34m0[0;34m0[0;34m0[0;34m0[0;34m0[0;34m0[0;34m0[0;34m0[0;34m0[0;34m1
[0m[0;34m1[0;34m0[0;34m0[0;34m1[0;34m0[0;34m0[0;34m0[0;34m0[0;34m1[0;34m0[0;34m0[0;34m0[0;34m0[0;34m0[0;34m0[0;34m0[0;34m0[0;34m0[0;34m0[0;34m0[0;34m0[0;34m0[0;34m0[0;34m1
[0m[0;34m1[0;34m0[0;34m0[0;34m0[0;34m0[0;34m0[0;34m1[0;34m0[0;34m1[0;34m0[0;34m0[0;34m0[0;34m0[0;34m0[0;34m0[0;34m0[0;34m0[0;34m0[0;34m0[0;34m0[0;34m0[0;34m0[0;34m0[0;34m1
[0m[0;34m1[0;34m0[0;34m0[0;34m1[0;34m0[0;34m0[0;34m0[0;34m0[0;34m1[0;34m0[0;34m0[0;34m0[0;34m0[0;34m0[0;34m0[0;34m0[0;34m0[0;34m0[0;34m0[0;34m0[0;34m0[0;34m0[0;34m0[0;34m1
[0m[0;34m1[0;34m0[0;34m0[0;34m1[0;34m1[0;34m1[0;34m1[0;34m1[0;34m1[0;34m0[0;34m0[0;34m0[0;34m0[0;34m0[0;34m0[0;34m0[0;34m0[0;34m0[0;34m0[0;34m0[0;34m0[0;34m0[0;34m0[0;34m1
[0m[0;34m1[0;34m0[0;34m0[0;34m0[0;34m0[0;34m0[0;34m0[0;34m0[0;34m0[0;34m0[0;34m0[0;34m0[0;34m0[0;34m0[0;34m0[0;34m0[0;34m0[0;34m0[0;34m0[0;34m0[0;34m0[0;34m0[0;34m0[0;34m1
[0m[0;34m1[0;34m0[0;34m0[0;34m0[0;34m0[0;34m0[0;34m0[0;34m0[0;34m0[0;34m0[0;34m0[0;34m0[0;34m0[0;34m0[0;34m0[0;34m0[0;34m0[0;34m0[0;34m0[0;34m0[0;34m0[0;34m0[0;34m0[0;34m1
[0m[0;34m1[0;34m1[0;34m1[0;34m1[0;34m1[0;34m1[0;34m1[0;34m1[0;34m1[0;34m1[0;34m1[0;34m1[0;34m1[0;34m1[0;34m1[0;34m1[0;34m1[0;34m1[0;34m1[0;34m1[0;34m1[0;34m1[0;34m1[0;34m1
[0mExit code: 0
‚ö†Ô∏è No Valgrind alerts, but with leaks[0m  
==11719== Memcheck, a memory error detector
==11719== Copyright (C) 2002-2022, and GNU GPL'd, by Julian Seward et al.
==11719== Using Valgrind-3.22.0 and LibVEX; rerun with -h for copyright info
==11719== Command: ./cub3d ./maps/good/square_map.cub
==11719== Parent PID: 11630
==11719== 
==11719== 
==11719== HEAP SUMMARY:
==11719==     in use at exit: 2,338 bytes in 84 blocks
==11719==   total heap usage: 277 allocs, 193 frees, 17,008 bytes allocated
==11719== 
==11719== LEAK SUMMARY:
==11719==    definitely lost: 744 bytes in 10 blocks
==11719==    indirectly lost: 1,594 bytes in 74 blocks
==11719==      possibly lost: 0 bytes in 0 blocks
==11719==    still reachable: 0 bytes in 0 blocks
==11719==         suppressed: 0 bytes in 0 blocks
==11719== Rerun with --leak-check=full to see details of leaked memory
==11719== 
==11719== For lists of detected and suppressed errors, rerun with: -s
==11719== ERROR SUMMARY: 0 errors from 0 contexts (suppressed: 0 from 0)
Running valgrind on ./maps/good/subject_map.cub...

[0;34mN[0;34mO[0;34m [0;34mt[0;34me[0;34mx[0;34mt[0;34mu[0;34mr[0;34me[0;34ms[0;34m/[0;34mt[0;34me[0;34ms[0;34mt[0;34m/[0;34mn[0;34mo[0;34mr[0;34mt[0;34mh[0;34m.[0;34mx[0;34mp[0;34mm
[0m[0;34mS[0;34mO[0;34m [0;34mt[0;34me[0;34mx[0;34mt[0;34mu[0;34mr[0;34me[0;34ms[0;34m/[0;34mt[0;34me[0;34ms[0;34mt[0;34m/[0;34ms[0;34mo[0;34mu[0;34mt[0;34mh[0;34m.[0;34mx[0;34mp[0;34mm
[0m[0;34mW[0;34mE[0;34m [0;34mt[0;34me[0;34mx[0;34mt[0;34mu[0;34mr[0;34me[0;34ms[0;34m/[0;34mt[0;34me[0;34ms[0;34mt[0;34m/[0;34mw[0;34me[0;34ms[0;34mt[0;34m.[0;34mx[0;34mp[0;34mm
[0m[0;34mE[0;34mA[0;34m [0;34mt[0;34me[0;34mx[0;34mt[0;34mu[0;34mr[0;34me[0;34ms[0;34m/[0;34mt[0;34me[0;34ms[0;34mt[0;34m/[0;34me[0;34ma[0;34ms[0;34mt[0;34m.[0;34mx[0;34mp[0;34mm
[0m
[0m[0;34mF[0;34m [0;34m2[0;34m2[0;34m0[0;34m,[0;34m1[0;34m0[0;34m0[0;34m,[0;34m0
[0m[0;34mC[0;34m [0;34m2[0;34m2[0;34m5[0;34m,[0;34m3[0;34m0[0;34m,[0;34m0
[0m
[0m[0;34m [0;34m [0;34m [0;34m [0;34m [0;34m [0;34m [0;34m [0;34m1[0;34m1[0;34m1[0;34m1[0;34m1[0;34m1[0;34m1[0;34m1[0;34m1[0;34m1[0;34m1[0;34m1[0;34m1[0;34m1[0;34m1[0;34m1[0;34m1[0;34m1[0;34m1[0;34m1[0;34m1[0;34m1[0;34m1[0;34m1[0;34m1
[0m[0;34m [0;34m [0;34m [0;34m [0;34m [0;34m [0;34m [0;34m [0;34m1[0;34m0[0;34m0[0;34m0[0;34m0[0;34m0[0;34m0[0;34m0[0;34m0[0;34m0[0;34m1[0;34m1[0;34m0[0;34m0[0;34m0[0;34m0[0;34m0[0;34m0[0;34m0[0;34m0[0;34m0[0;34m0[0;34m0[0;34m0[0;34m1
[0m[0;34m [0;34m [0;34m [0;34m [0;34m [0;34m [0;34m [0;34m [0;34m1[0;34m0[0;34m1[0;34m1[0;34m0[0;34m0[0;34m0[0;34m0[0;34m0[0;34m1[0;34m1[0;34m1[0;34m0[0;34m0[0;34m0[0;34m0[0;34m0[0;34m0[0;34m0[0;34m0[0;34m0[0;34m0[0;34m0[0;34m0[0;34m1
[0m[0;34m [0;34m [0;34m [0;34m [0;34m [0;34m [0;34m [0;34m [0;34m1[0;34m0[0;34m0[0;34m1[0;34m0[0;34m0[0;34m0[0;34m0[0;34m0[0;34m0[0;34m0[0;34m0[0;34m0[0;34m0[0;34m0[0;34m0[0;34m0[0;34m0[0;34m0[0;34m0[0;34m0[0;34m0[0;34m0[0;34m0[0;34m1
[0m[0;34m1[0;34m1[0;34m1[0;34m1[0;34m1[0;34m1[0;34m1[0;34m1[0;34m1[0;34m0[0;34m1[0;34m1[0;34m0[0;34m0[0;34m0[0;34m0[0;34m0[0;34m1[0;34m1[0;34m1[0;34m0[0;34m0[0;34m0[0;34m0[0;34m0[0;34m0[0;34m0[0;34m0[0;34m0[0;34m0[0;34m0[0;34m0[0;34m1
[0m[0;34m1[0;34m0[0;34m0[0;34m0[0;34m0[0;34m0[0;34m0[0;34m0[0;34m0[0;34m0[0;34m1[0;34m1[0;34m0[0;34m0[0;34m0[0;34m0[0;34m0[0;34m1[0;34m1[0;34m1[0;34m0[0;34m1[0;34m1[0;34m1[0;34m1[0;34m1[0;34m1[0;34m1[0;34m1[0;34m1[0;34m1[0;34m1[0;34m1
[0m[0;34m1[0;34m1[0;34m1[0;34m1[0;34m0[0;34m1[0;34m1[0;34m1[0;34m1[0;34m1[0;34m1[0;34m1[0;34m1[0;34m1[0;34m0[0;34m1[0;34m1[0;34m1[0;34m0[0;34m0[0;34m0[0;34m0[0;34m0[0;34m0[0;34m1[0;34m0[0;34m0[0;34m0[0;34m1
[0m[0;34m1[0;34m1[0;34m1[0;34m1[0;34m0[0;34m1[0;34m1[0;34m1[0;34m1[0;34m1[0;34m1[0;34m1[0;34m1[0;34m1[0;34m0[0;34m1[0;34m1[0;34m1[0;34m0[0;34m1[0;34m0[0;34m1[0;34m0[0;34m0[0;34m1[0;34m0[0;34m0[0;34m0[0;34m1
[0m[0;34m1[0;34m1[0;34m0[0;34m0[0;34m0[0;34m0[0;34m0[0;34m0[0;34m1[0;34m1[0;34m0[0;34m1[0;34m0[0;34m1[0;34m0[0;34m1[0;34m1[0;34m1[0;34m0[0;34m0[0;34m0[0;34m0[0;34m0[0;34m0[0;34m1[0;34m0[0;34m0[0;34m0[0;34m1
[0m[0;34m1[0;34m0[0;34m0[0;34m0[0;34m0[0;34m0[0;34m0[0;34m0[0;34m0[0;34m0[0;34m0[0;34m0[0;34m0[0;34m0[0;34m0[0;34m0[0;34m1[0;34m1[0;34m0[0;34m0[0;34m0[0;34m0[0;34m0[0;34m0[0;34m1[0;34m0[0;34m0[0;34m0[0;34m1
[0m[0;34m1[0;34m0[0;34m0[0;34m0[0;34m0[0;34m0[0;34m0[0;34m0[0;34m0[0;34m0[0;34m0[0;34m0[0;34m0[0;34m0[0;34m0[0;34m0[0;34m1[0;34m1[0;34m0[0;34m1[0;34m0[0;34m1[0;34m0[0;34m0[0;34m1[0;34m0[0;34m0[0;34m0[0;34m1
[0m[0;34m1[0;34m1[0;34m0[0;34m0[0;34m0[0;34m0[0;34m0[0;34m1[0;34m1[0;34m1[0;34m0[0;34m1[0;34m0[0;34m1[0;34m0[0;34m1[0;34m1[0;34m1[0;34m1[0;34m1[0;34m0[0;34m1[0;34m1[0;34m1[0;34m1[0;34m0[0;34mN[0;34m0[0;34m1[0;34m1[0;34m1
[0m[0;34m1[0;34m1[0;[0;32m[Debug info] map end:[0m21
[0;32m[Debug info] map height:[0m14
[0;32m[Debug info]üõ†Ô∏è  Map info üîç
[0m[0;32m[Debug info] - Map width:[0m33
[0;32m[Debug info] - Map height:[0m14
[0;32m[Debug info]üõ†Ô∏è  Starting player position info üîç
[0m[0;32m[Debug info] - Player X:[0m26
[0;32m[Debug info] - Player Y:[0m11
[0;32m[Debug info] - Player Direction:[0mN
[0;32m[Debug info]üõ†Ô∏è  Colors info c:  üîç
[0m[0;32m[Debug info]üõ†Ô∏è  Colors info f:  üîç
[0m[0;32m[Debug info]üõ†Ô∏è  Textures info:  üîç
[0m[0;32m[Debug info] Texture north:[0mtextures/test/north.xpm
[0;32m[Debug info] Texture south:[0mtextures/test/south.xpm
[0;32m[Debug info] Texture west:[0mtextures/test/west.xpm
[0;32m[Debug info] Texture east:[0mtextures/test/east.xpm
34m1[0;34m1[0;34m0[0;34m1[0;34m1[0;34m1[0;34m [0;34m1[0;34m1[0;34m1[0;34m0[0;34m1[0;34m0[0;34m1[0;34m [0;34m1[0;34m0[0;34m1[0;34m1[0;34m1[0;34m1[0;34m0[0;34m1[0;34m0[0;34m0[0;34m0[0;34m1
[0m[0;34m1[0;34m1[0;34m1[0;34m1[0;34m1[0;34m1[0;34m1[0;34m1[0;34m [0;34m1[0;34m1[0;34m1[0;34m1[0;34m1[0;34m1[0;34m1[0;34m [0;34m1[0;34m1[0;34m1[0;34m1[0;34m1[0;34m1[0;34m1[0;34m1[0;34m1[0;34m1[0;34m1[0;34m1
[0m[0;34m2[0;34m2[0;34m5
[0m[0;34m3[0;34m0
[0m[0;34m0
[0m[0;34m2[0;34m2[0;34m0
[0m[0;34m1[0;34m0[0;34m0
[0m[0;34m0
[0m[0;34m1[0;34m1[0;34m1[0;34m1[0;34m1[0;34m1[0;34m1[0;34m1[0;34m1[0;34m1[0;34m1[0;34m1[0;34m1[0;34m1[0;34m1[0;34m1[0;34m1[0;34m1[0;34m1[0;34m1[0;34m1[0;34m1[0;34m1[0;34m1[0;34m1[0;34m1[0;34m1[0;34m1[0;34m1[0;34m1[0;34m1[0;34m1[0;34m1
[0m[0;34m1[0;34m1[0;34m1[0;34m1[0;34m1[0;34m1[0;34m1[0;34m1[0;34m1[0;34m0[0;34m0[0;34m0[0;34m0[0;34m0[0;34m0[0;34m0[0;34m0[0;34m0[0;34m1[0;34m1[0;34m0[0;34m0[0;34m0[0;34m0[0;34m0[0;34m0[0;34m0[0;34m0[0;34m0[0;34m0[0;34m0[0;34m0[0;34m1
[0m[0;34m1[0;34m1[0;34m1[0;34m1[0;34m1[0;34m1[0;34m1[0;34m1[0;34m1[0;34m0[0;34m1[0;34m1[0;34m0[0;34m0[0;34m0[0;34m0[0;34m0[0;34m1[0;34m1[0;34m1[0;34m0[0;34m0[0;34m0[0;34m0[0;34m0[0;34m0[0;34m0[0;34m0[0;34m0[0;34m0[0;34m0[0;34m0[0;34m1
[0m[0;34m1[0;34m1[0;34m1[0;34m1[0;34m1[0;34m1[0;34m1[0;34m1[0;34m1[0;34m0[0;34m0[0;34m1[0;34m0[0;34m0[0;34m0[0;34m0[0;34m0[0;34m0[0;34m0[0;34m0[0;34m0[0;34m0[0;34m0[0;34m0[0;34m0[0;34m0[0;34m0[0;34m0[0;34m0[0;34m0[0;34m0[0;34m0[0;34m1
[0m[0;34m1[0;34m1[0;34m1[0;34m1[0;34m1[0;34m1[0;34m1[0;34m1[0;34m1[0;34m0[0;34m1[0;34m1[0;34m0[0;34m0[0;34m0[0;34m0[0;34m0[0;34m1[0;34m1[0;34m1[0;34m0[0;34m0[0;34m0[0;34m0[0;34m0[0;34m0[0;34m0[0;34m0[0;34m0[0;34m0[0;34m0[0;34m0[0;34m1
[0m[0;34m1[0;34m0[0;34m0[0;34m0[0;34m0[0;34m0[0;34m0[0;34m0[0;34m0[0;34m0[0;34m1[0;34m1[0;34m0[0;34m0[0;34m0[0;34m0[0;34m0[0;34m1[0;34m1[0;34m1[0;34m0[0;34m1[0;34m1[0;34m1[0;34m1[0;34m1[0;34m1[0;34m1[0;34m1[0;34m1[0;34m1[0;34m1[0;34m1
[0m[0;34m1[0;34m1[0;34m1[0;34m1[0;34m0[0;34m1[0;34m1[0;34m1[0;34m1[0;34m1[0;34m1[0;34m1[0;34m1[0;34m1[0;34m0[0;34m1[0;34m1[0;34m1[0;34m0[0;34m0[0;34m0[0;34m0[0;34m0[0;34m0[0;34m1[0;34m0[0;34m0[0;34m0[0;34m1[0;34m1[0;34m1[0;34m1[0;34m1
[0m[0;34m1[0;34m1[0;34m1[0;34m1[0;34m0[0;34m1[0;34m1[0;34m1[0;34m1[0;34m1[0;34m1[0;34m1[0;34m1[0;34m1[0;34m0[0;34m1[0;34m1[0;34m1[0;34m0[0;34m1[0;34m0[0;34m1[0;34m0[0;34m0[0;34m1[0;34m0[0;34m0[0;34m0[0;34m1[0;34m1[0;34m1[0;34m1[0;34m1
[0m[0;34m1[0;34m1[0;34m0[0;34m0[0;34m0[0;34m0[0;34m0[0;34m0[0;34m1[0;34m1[0;34m0[0;34m1[0;34m0[0;34m1[0;34m0[0;34m1[0;34m1[0;34m1[0;34m0[0;34m0[0;34m0[0;34m0[0;34m0[0;34m0[0;34m1[0;34m0[0;34m0[0;34m0[0;34m1[0;34m1[0;34m1[0;34m1[0;34m1
[0m[0;34m1[0;34m0[0;34m0[0;34m0[0;34m0[0;34m0[0;34m0[0;34m0[0;34m0[0;34m0[0;34m0[0;34m0[0;34m0[0;34m0[0;34m0[0;34m0[0;34m1[0;34m1[0;34m0[0;34m0[0;34m0[0;34m0[0;34m0[0;34m0[0;34m1[0;34m0[0;34m0[0;34m0[0;34m1[0;34m1[0;34m1[0;34m1[0;34m1
[0m[0;34m1[0;34m0[0;34m0[0;34m0[0;34m0[0;34m0[0;34m0[0;34m0[0;34m0[0;34m0[0;34m0[0;34m0[0;34m0[0;34m0[0;34m0[0;34m0[0;34m1[0;34m1[0;34m0[0;34m1[0;34m0[0;34m1[0;34m0[0;34m0[0;34m1[0;34m0[0;34m0[0;34m0[0;34m1[0;34m1[0;34m1[0;34m1[0;34m1
[0m[0;34m1[0;34m1[0;34m0[0;34m0[0;34m0[0;34m0[0;34m0[0;34m1[0;34m1[0;34m1[0;34m0[0;34m1[0;34m0[0;34m1[0;34m0[0;34m1[0;34m1[0;34m1[0;34m1[0;34m1[0;34m0[0;34m1[0;34m1[0;34m1[0;34m1[0;34m0[0;34mN[0;34m0[0;34m1[0;34m1[0;34m1[0;34m1[0;34m1
[0m[0;34m1[0;34m1[0;34m1[0;34m1[0;34m0[0;34m1[0;34m1[0;34m1[0;34m1[0;34m1[0;34m1[0;34m1[0;34m0[0;34m1[0;34m0[0;34m1[0;34m1[0;34m1[0;34m0[0;34m1[0;34m1[0;34m1[0;34m1[0;34m0[0;34m1[0;34m0[0;34m0[0;34m0[0;34m1[0;34m1[0;34m1[0;34m1[0;34m1
[0m[0;34m1[0;34m1[0;34m1[0;34m1[0;34m1[0;34m1[0;34m1[0;34m1[0;34m1[0;34m1[0;34m1[0;34m1[0;34m1[0;34m1[0;34m1[0;34m1[0;34m1[0;34m1[0;34m1[0;34m1[0;34m1[0;34m1[0;34m1[0;34m1[0;34m1[0;34m1[0;34m1[0;34m1[0;34m1[0;34m1[0;34m1[0;34m1[0;34m1
[0mExit code: 0
‚ö†Ô∏è No Valgrind alerts, but with leaks[0m  
==11722== Memcheck, a memory error detector
==11722== Copyright (C) 2002-2022, and GNU GPL'd, by Julian Seward et al.
==11722== Using Valgrind-3.22.0 and LibVEX; rerun with -h for copyright info
==11722== Command: ./cub3d ./maps/good/subject_map.cub
==11722== Parent PID: 11630
==11722== 
==11722== 
==11722== HEAP SUMMARY:
==11722==     in use at exit: 1,575 bytes in 52 blocks
==11722==   total heap usage: 164 allocs, 112 frees, 10,128 bytes allocated
==11722== 
==11722== LEAK SUMMARY:
==11722==    definitely lost: 481 bytes in 10 blocks
==11722==    indirectly lost: 1,094 bytes in 42 blocks
==11722==      possibly lost: 0 bytes in 0 blocks
==11722==    still reachable: 0 bytes in 0 blocks
==11722==         suppressed: 0 bytes in 0 blocks
==11722== Rerun with --leak-check=full to see details of leaked memory
==11722== 
==11722== For lists of detected and suppressed errors, rerun with: -s
==11722== ERROR SUMMARY: 0 errors from 0 contexts (suppressed: 0 from 0)
Running valgrind on ./maps/good/test_map.cub...

[0;32m[Debug info] map end:[0m15
[0;32m[Debug info] map height:[0m8
[0;32m[Debug info]üõ†Ô∏è  Map info üîç
[0m[0;32m[Debug info] - Map width:[0m12
[0;32m[Debug info] - Map height:[0m8
[0;32m[Debug info]üõ†Ô∏è  Starting player position info üîç
[0m[0;32m[Debug info] - Player X:[0m2
[0;32m[Debug info] - Player Y:[0m4
[0;32m[Debug info] - Player Direction:[0mS
[0;32m[Debug info]üõ†Ô∏è  Colors info c:  üîç
[0m[0;32m[Debug info]üõ†Ô∏è  Colors info f:  üîç
[0m[0;32m[Debug info]üõ†Ô∏è  Textures info:  üîç
[0m[0;32m[Debug info] Texture north:[0mtextures/test/north.xpm
[0;32m[Debug info] Texture south:[0mtextures/test/south.xpm
[0;32m[Debug info] Texture west:[0mtextures/test/west.xpm
[0;32m[Debug info] Texture east:[0mtextures/test/east.xpm
[0;34mN[0;34mO[0;34m [0;34mt[0;34me[0;34mx[0;34mt[0;34mu[0;34mr[0;34me[0;34ms[0;34m/[0;34mt[0;34me[0;34ms[0;34mt[0;34m/[0;34mn[0;34mo[0;34mr[0;34mt[0;34mh[0;34m.[0;34mx[0;34mp[0;34mm
[0m[0;34mS[0;34mO[0;34m [0;34mt[0;34me[0;34mx[0;34mt[0;34mu[0;34mr[0;34me[0;34ms[0;34m/[0;34mt[0;34me[0;34ms[0;34mt[0;34m/[0;34ms[0;34mo[0;34mu[0;34mt[0;34mh[0;34m.[0;34mx[0;34mp[0;34mm
[0m[0;34mW[0;34mE[0;34m [0;34mt[0;34me[0;34mx[0;34mt[0;34mu[0;34mr[0;34me[0;34ms[0;34m/[0;34mt[0;34me[0;34ms[0;34mt[0;34m/[0;34mw[0;34me[0;34ms[0;34mt[0;34m.[0;34mx[0;34mp[0;34mm
[0m[0;34mE[0;34mA[0;34m [0;34mt[0;34me[0;34mx[0;34mt[0;34mu[0;34mr[0;34me[0;34ms[0;34m/[0;34mt[0;34me[0;34ms[0;34mt[0;34m/[0;34me[0;34ma[0;34ms[0;34mt[0;34m.[0;34mx[0;34mp[0;34mm
[0m
[0m[0;34mF[0;34m [0;34m1[0;34m8[0;34m,[0;34m5[0;34m3[0;34m,[0;34m2[0;34m5
[0m[0;34mC[0;34m [0;34m1[0;34m5[0;34m3[0;34m,[0;34m2[0;34m0[0;34m4[0;34m,[0;34m2[0;34m5[0;34m5
[0m
[0m[0;34m1[0;34m1[0;34m1[0;34m1[0;34m1[0;34m1[0;34m1[0;34m1[0;34m1[0;34m1[0;34m1[0;34m1
[0m[0;34m1[0;34m [0;34m [0;34m [0;34m [0;34m [0;34m [0;34m [0;34m [0;34m [0;34m1[0;34m1
[0m[0;34m1[0;34m [0;34m [0;34m [0;34m [0;34m [0;34m [0;34m [0;34m [0;34m [0;34m [0;34m1
[0m[0;34m1[0;34m1[0;34m1[0;34m1[0;34m1[0;34m1[0;34m1[0;34m1[0;34m1[0;34m1[0;34m1[0;34m1
[0m[0;34m1[0;34m0[0;34mS[0;34m0[0;34m0[0;34m0[0;34m0[0;34m0[0;34m0[0;34m0[0;34m0[0;34m1
[0m[0;34m1[0;34m1[0;34m1[0;34m1[0;34m1[0;34m1[0;34m1[0;34m1[0;34m1[0;34m1[0;34m1[0;34m1
[0m[0;34m1[0;34m1[0;34m [0;34m [0;34m [0;34m [0;34m [0;34m [0;34m [0;34m [0;34m [0;34m1
[0m[0;34m1[0;34m1[0;34m1[0;34m1[0;34m1[0;34m1[0;34m1[0;34m1[0;34m1[0;34m1[0;34m1[0;34m1
[0m[0;34m1[0;34m5[0;34m3
[0m[0;34m2[0;34m0[0;34m4
[0m[0;34m2[0;34m5[0;34m5
[0m[0;34m1[0;34m8
[0m[0;34m5[0;34m3
[0m[0;34m2[0;34m5
[0m[0;34m1[0;34m1[0;34m1[0;34m1[0;34m1[0;34m1[0;34m1[0;34m1[0;34m1[0;34m1[0;34m1[0;34m1
[0m[0;34m1[0;34m1[0;34m1[0;34m1[0;34m1[0;34m1[0;34m1[0;34m1[0;34m1[0;34m1[0;34m1[0;34m1
[0m[0;34m1[0;34m1[0;34m1[0;34m1[0;34m1[0;34m1[0;34m1[0;34m1[0;34m1[0;34m1[0;34m1[0;34m1
[0m[0;34m1[0;34m1[0;34m1[0;34m1[0;34m1[0;34m1[0;34m1[0;34m1[0;34m1[0;34m1[0;34m1[0;34m1
[0m[0;34m1[0;34m0[0;34mS[0;34m0[0;34m0[0;34m0[0;34m0[0;34m0[0;34m0[0;34m0[0;34m0[0;34m1
[0m[0;34m1[0;34m1[0;34m1[0;34m1[0;34m1[0;34m1[0;34m1[0;34m1[0;34m1[0;34m1[0;34m1[0;34m1
[0m[0;34m1[0;34m1[0;34m1[0;34m1[0;34m1[0;34m1[0;34m1[0;34m1[0;34m1[0;34m1[0;34m1[0;34m1
[0m[0;34m1[0;34m1[0;34m1[0;34m1[0;34m1[0;34m1[0;34m1[0;34m1[0;34m1[0;34m1[0;34m1[0;34m1
[0mExit code: 0
‚ö†Ô∏è No Valgrind alerts, but with leaks[0m  
==11725== Memcheck, a memory error detector
==11725== Copyright (C) 2002-2022, and GNU GPL'd, by Julian Seward et al.
==11725== Using Valgrind-3.22.0 and LibVEX; rerun with -h for copyright info
==11725== Command: ./cub3d ./maps/good/test_map.cub
==11725== Parent PID: 11630
==11725== 
==11725== 
==11725== HEAP SUMMARY:
==11725==     in use at exit: 765 bytes in 40 blocks
==11725==   total heap usage: 113 allocs, 73 frees, 7,229 bytes allocated
==11725== 
==11725== LEAK SUMMARY:
==11725==    definitely lost: 387 bytes in 10 blocks
==11725==    indirectly lost: 378 bytes in 30 blocks
==11725==      possibly lost: 0 bytes in 0 blocks
==11725==    still reachable: 0 bytes in 0 blocks
==11725==         suppressed: 0 bytes in 0 blocks
==11725== Rerun with --leak-check=full to see details of leaked memory
==11725== 
==11725== For lists of detected and suppressed errors, rerun with: -s
==11725== ERROR SUMMARY: 0 errors from 0 contexts (suppressed: 0 from 0)
Running valgrind on ./maps/good/test_map_hole.cub...

[0;32m[Debug info] map end:[0m15
[0;32m[Debug info] map height:[0m8
[0;32m[Debug info]üõ†Ô∏è  Map info üîç
[0m[0;32m[Debug info] - Map width:[0m12
[0;32m[Debug info] - Map height:[0m8
[0;32m[Debug info]üõ†Ô∏è  Starting player position info üîç
[0m[0;32m[Debug info] - Player X:[0m2
[0;32m[Debug info] - Player Y:[0m4
[0;32m[Debug info] - Player Direction:[0mS
[0;32m[Debug info]üõ†Ô∏è  Colors info c:  üîç
[0m[0;32m[Debug info]üõ†Ô∏è  Colors info f:  üîç
[0m[0;32m[Debug info]üõ†Ô∏è  Textures info:  üîç
[0m[0;32m[Debug info] Texture north:[0mtextures/test/north.xpm
[0;32m[Debug info] Texture south:[0mtextures/test/south.xpm
[0;32m[Debug info] Texture west:[0mtextures/test/west.xpm
[0;32m[Debug info] Texture east:[0mtextures/test/east.xpm
[0;34mN[0;34mO[0;34m [0;34mt[0;34me[0;34mx[0;34mt[0;34mu[0;34mr[0;34me[0;34ms[0;34m/[0;34mt[0;34me[0;34ms[0;34mt[0;34m/[0;34mn[0;34mo[0;34mr[0;34mt[0;34mh[0;34m.[0;34mx[0;34mp[0;34mm
[0m[0;34mS[0;34mO[0;34m [0;34mt[0;34me[0;34mx[0;34mt[0;34mu[0;34mr[0;34me[0;34ms[0;34m/[0;34mt[0;34me[0;34ms[0;34mt[0;34m/[0;34ms[0;34mo[0;34mu[0;34mt[0;34mh[0;34m.[0;34mx[0;34mp[0;34mm
[0m[0;34mW[0;34mE[0;34m [0;34mt[0;34me[0;34mx[0;34mt[0;34mu[0;34mr[0;34me[0;34ms[0;34m/[0;34mt[0;34me[0;34ms[0;34mt[0;34m/[0;34mw[0;34me[0;34ms[0;34mt[0;34m.[0;34mx[0;34mp[0;34mm
[0m[0;34mE[0;34mA[0;34m [0;34mt[0;34me[0;34mx[0;34mt[0;34mu[0;34mr[0;34me[0;34ms[0;34m/[0;34mt[0;34me[0;34ms[0;34mt[0;34m/[0;34me[0;34ma[0;34ms[0;34mt[0;34m.[0;34mx[0;34mp[0;34mm
[0m
[0m[0;34mF[0;34m [0;34m1[0;34m8[0;34m,[0;34m5[0;34m3[0;34m,[0;34m2[0;34m5
[0m[0;34mC[0;34m [0;34m1[0;34m5[0;34m3[0;34m,[0;34m2[0;34m0[0;34m4[0;34m,[0;34m2[0;34m5[0;34m5
[0m
[0m[0;34m1[0;34m1[0;34m1[0;34m1[0;34m1[0;34m1[0;34m1[0;34m1[0;34m1[0;34m1[0;34m1[0;34m1
[0m[0;34m1[0;34m [0;34m [0;34m [0;34m [0;34m [0;34m [0;34m [0;34m [0;34m [0;34m1[0;34m1
[0m[0;34m1[0;34m [0;34m [0;34m [0;34m [0;34m [0;34m [0;34m [0;34m0[0;34m0[0;34m0[0;34m1
[0m[0;34m1[0;34m0[0;34m0[0;34m0[0;34m0[0;34m0[0;34m0[0;34m [0;34m0[0;34m0[0;34m1[0;34m1
[0m[0;34m1[0;34m0[0;34mS[0;34m0[0;34m0[0;34m0[0;34m0[0;34m0[0;34m0[0;34m0[0;34m0[0;34m1
[0m[0;34m1[0;34m1[0;34m1[0;34m1[0;34m1[0;34m1[0;34m1[0;34m1[0;34m1[0;34m1[0;34m1[0;34m1
[0m[0;34m1[0;34m1[0;34m [0;34m [0;34m [0;34m [0;34m [0;34m [0;34m [0;34m [0;34m [0;34m1
[0m[0;34m1[0;34m1[0;34m1[0;34m1[0;34m1[0;34m1[0;34m1[0;34m1[0;34m1[0;34m1[0;34m1[0;34m1
[0m[0;34m1[0;34m5[0;34m3
[0m[0;34m2[0;34m0[0;34m4
[0m[0;34m2[0;34m5[0;34m5
[0m[0;34m1[0;34m8
[0m[0;34m5[0;34m3
[0m[0;34m2[0;34m5
[0m[0;34m1[0;34m1[0;34m1[0;34m1[0;34m1[0;34m1[0;34m1[0;34m1[0;34m1[0;34m1[0;34m1[0;34m1
[0m[0;34m1[0;34m1[0;34m1[0;34m1[0;34m1[0;34m1[0;34m1[0;34m1[0;34m1[0;34m1[0;34m1[0;34m1
[0m[0;34m1[0;34m1[0;34m1[0;34m1[0;34m1[0;34m1[0;34m1[0;34m1[0;34m0[0;34m0[0;34m0[0;34m1
[0m[0;34m1[0;34m0[0;34m0[0;34m0[0;34m0[0;34m0[0;34m0[0;34m1[0;34m0[0;34m0[0;34m1[0;34m1
[0m[0;34m1[0;34m0[0;34mS[0;34m0[0;34m0[0;34m0[0;34m0[0;34m0[0;34m0[0;34m0[0;34m0[0;34m1
[0m[0;34m1[0;34m1[0;34m1[0;34m1[0;34m1[0;34m1[0;34m1[0;34m1[0;34m1[0;34m1[0;34m1[0;34m1
[0m[0;34m1[0;34m1[0;34m1[0;34m1[0;34m1[0;34m1[0;34m1[0;34m1[0;34m1[0;34m1[0;34m1[0;34m1
[0m[0;34m1[0;34m1[0;34m1[0;34m1[0;34m1[0;34m1[0;34m1[0;34m1[0;34m1[0;34m1[0;34m1[0;34m1
[0mExit code: 0
‚ö†Ô∏è No Valgrind alerts, but with leaks[0m  
==11728== Memcheck, a memory error detector
==11728== Copyright (C) 2002-2022, and GNU GPL'd, by Julian Seward et al.
==11728== Using Valgrind-3.22.0 and LibVEX; rerun with -h for copyright info
==11728== Command: ./cub3d ./maps/good/test_map_hole.cub
==11728== Parent PID: 11630
==11728== 
==11728== 
==11728== HEAP SUMMARY:
==11728==     in use at exit: 765 bytes in 40 blocks
==11728==   total heap usage: 113 allocs, 73 frees, 7,229 bytes allocated
==11728== 
==11728== LEAK SUMMARY:
==11728==    definitely lost: 387 bytes in 10 blocks
==11728==    indirectly lost: 378 bytes in 30 blocks
==11728==      possibly lost: 0 bytes in 0 blocks
==11728==    still reachable: 0 bytes in 0 blocks
==11728==         suppressed: 0 bytes in 0 blocks
==11728== Rerun with --leak-check=full to see details of leaked memory
==11728== 
==11728== For lists of detected and suppressed errors, rerun with: -s
==11728== ERROR SUMMARY: 0 errors from 0 contexts (suppressed: 0 from 0)
Running valgrind on ./maps/good/test_pos_bottom.cub...

[0;32m[Debug info] map end:[0m20
[0;32m[Debug info] map height:[0m13
[0;32m[Debug info]üõ†Ô∏è  Map info üîç
[0m[0;32m[Debug info] - Map width:[0m3
[0;32m[Debug info] - Map height:[0m13
[0;32m[Debug info]üõ†Ô∏è  Starting player position info üîç
[0m[0;32m[Debug info] - Player X:[0m1
[0;32m[Debug info] - Player Y:[0m11
[0;32m[Debug info] - Player Direction:[0mS
[0;32m[Debug info]üõ†Ô∏è  Colors info c:  üîç
[0m[0;32m[Debug info]üõ†Ô∏è  Colors info f:  üîç
[0m[0;32m[Debug info]üõ†Ô∏è  Textures info:  üîç
[0m[0;32m[Debug info] Texture north:[0mtextures/test/north.xpm
[0;32m[Debug info] Texture south:[0mtextures/test/south.xpm
[0;32m[Debug info] Texture west:[0mtextures/test/west.xpm
[0;32m[Debug info] Texture east:[0mtextures/test/east.xpm
[0;34mN[0;34mO[0;34m [0;34mt[0;34me[0;34mx[0;34mt[0;34mu[0;34mr[0;34me[0;34ms[0;34m/[0;34mt[0;34me[0;34ms[0;34mt[0;34m/[0;34mn[0;34mo[0;34mr[0;34mt[0;34mh[0;34m.[0;34mx[0;34mp[0;34mm
[0m[0;34mS[0;34mO[0;34m [0;34mt[0;34me[0;34mx[0;34mt[0;34mu[0;34mr[0;34me[0;34ms[0;34m/[0;34mt[0;34me[0;34ms[0;34mt[0;34m/[0;34ms[0;34mo[0;34mu[0;34mt[0;34mh[0;34m.[0;34mx[0;34mp[0;34mm
[0m[0;34mW[0;34mE[0;34m [0;34mt[0;34me[0;34mx[0;34mt[0;34mu[0;34mr[0;34me[0;34ms[0;34m/[0;34mt[0;34me[0;34ms[0;34mt[0;34m/[0;34mw[0;34me[0;34ms[0;34mt[0;34m.[0;34mx[0;34mp[0;34mm
[0m[0;34mE[0;34mA[0;34m [0;34mt[0;34me[0;34mx[0;34mt[0;34mu[0;34mr[0;34me[0;34ms[0;34m/[0;34mt[0;34me[0;34ms[0;34mt[0;34m/[0;34me[0;34ma[0;34ms[0;34mt[0;34m.[0;34mx[0;34mp[0;34mm
[0m
[0m[0;34mF[0;34m [0;34m2[0;34m0[0;34m,[0;34m2[0;34m0[0;34m,[0;34m2[0;34m0
[0m[0;34mC[0;34m [0;34m2[0;34m0[0;34m0[0;34m,[0;34m2[0;34m0[0;34m0[0;34m,[0;34m2[0;34m0[0;34m0
[0m
[0m[0;34m1[0;34m1[0;34m1
[0m[0;34m1[0;34m0[0;34m1
[0m[0;34m1[0;34m0[0;34m1
[0m[0;34m1[0;34m0[0;34m1
[0m[0;34m1[0;34m0[0;34m1
[0m[0;34m1[0;34m0[0;34m1
[0m[0;34m1[0;34m0[0;34m1
[0m[0;34m1[0;34m0[0;34m1
[0m[0;34m1[0;34m0[0;34m1
[0m[0;34m1[0;34m0[0;34m1
[0m[0;34m1[0;34m0[0;34m1
[0m[0;34m1[0;34mS[0;34m1
[0m[0;34m1[0;34m1[0;34m1
[0m[0;34m2[0;34m0[0;34m0
[0m[0;34m2[0;34m0[0;34m0
[0m[0;34m2[0;34m0[0;34m0
[0m[0;34m2[0;34m0
[0m[0;34m2[0;34m0
[0m[0;34m2[0;34m0
[0m[0;34m1[0;34m1[0;34m1
[0m[0;34m1[0;34m0[0;34m1
[0m[0;34m1[0;34m0[0;34m1
[0m[0;34m1[0;34m0[0;34m1
[0m[0;34m1[0;34m0[0;34m1
[0m[0;34m1[0;34m0[0;34m1
[0m[0;34m1[0;34m0[0;34m1
[0m[0;34m1[0;34m0[0;34m1
[0m[0;34m1[0;34m0[0;34m1
[0m[0;34m1[0;34m0[0;34m1
[0m[0;34m1[0;34m0[0;34m1
[0m[0;34m1[0;34mS[0;34m1
[0m[0;34m1[0;34m1[0;34m1
[0mExit code: 0
‚ö†Ô∏è No Valgrind alerts, but with leaks[0m  
==11759== Memcheck, a memory error detector
==11759== Copyright (C) 2002-2022, and GNU GPL'd, by Julian Seward et al.
==11759== Using Valgrind-3.22.0 and LibVEX; rerun with -h for copyright info
==11759== Command: ./cub3d ./maps/good/test_pos_bottom.cub
==11759== Parent PID: 11630
==11759== 
==11759== 
==11759== HEAP SUMMARY:
==11759==     in use at exit: 746 bytes in 50 blocks
==11759==   total heap usage: 141 allocs, 91 frees, 8,007 bytes allocated
==11759== 
==11759== LEAK SUMMARY:
==11759==    definitely lost: 467 bytes in 10 blocks
==11759==    indirectly lost: 279 bytes in 40 blocks
==11759==      possibly lost: 0 bytes in 0 blocks
==11759==    still reachable: 0 bytes in 0 blocks
==11759==         suppressed: 0 bytes in 0 blocks
==11759== Rerun with --leak-check=full to see details of leaked memory
==11759== 
==11759== For lists of detected and suppressed errors, rerun with: -s
==11759== ERROR SUMMARY: 0 errors from 0 contexts (suppressed: 0 from 0)
Running valgrind on ./maps/good/test_pos_left.cub...

[0;32m[Debug info] map end:[0m10
[0;32m[Debug info] map height:[0m3
[0;32m[Debug info]üõ†Ô∏è  Map info üîç
[0m[0;32m[Debug info] - Map width:[0m21
[0;32m[Debug info] - Map height:[0m3
[0;32m[Debug info]üõ†Ô∏è  Starting player position info üîç
[0m[0;32m[Debug info] - Player X:[0m1
[0;32m[Debug info] - Player Y:[0m1
[0;32m[Debug info] - Player Direction:[0mW
[0;32m[Debug info]üõ†Ô∏è  Colors info c:  üîç
[0m[0;32m[Debug info]üõ†Ô∏è  Colors info f:  üîç
[0m[0;32m[Debug info]üõ†Ô∏è  Textures info:  üîç
[0m[0;32m[Debug info] Texture north:[0mtextures/test/north.xpm
[0;32m[Debug info] Texture south:[0mtextures/test/south.xpm
[0;32m[Debug info] Texture west:[0mtextures/test/west.xpm
[0;32m[Debug info] Texture east:[0mtextures/test/east.xpm
[0;34mN[0;34mO[0;34m [0;34mt[0;34me[0;34mx[0;34mt[0;34mu[0;34mr[0;34me[0;34ms[0;34m/[0;34mt[0;34me[0;34ms[0;34mt[0;34m/[0;34mn[0;34mo[0;34mr[0;34mt[0;34mh[0;34m.[0;34mx[0;34mp[0;34mm
[0m[0;34mS[0;34mO[0;34m [0;34mt[0;34me[0;34mx[0;34mt[0;34mu[0;34mr[0;34me[0;34ms[0;34m/[0;34mt[0;34me[0;34ms[0;34mt[0;34m/[0;34ms[0;34mo[0;34mu[0;34mt[0;34mh[0;34m.[0;34mx[0;34mp[0;34mm
[0m[0;34mW[0;34mE[0;34m [0;34mt[0;34me[0;34mx[0;34mt[0;34mu[0;34mr[0;34me[0;34ms[0;34m/[0;34mt[0;34me[0;34ms[0;34mt[0;34m/[0;34mw[0;34me[0;34ms[0;34mt[0;34m.[0;34mx[0;34mp[0;34mm
[0m[0;34mE[0;34mA[0;34m [0;34mt[0;34me[0;34mx[0;34mt[0;34mu[0;34mr[0;34me[0;34ms[0;34m/[0;34mt[0;34me[0;34ms[0;34mt[0;34m/[0;34me[0;34ma[0;34ms[0;34mt[0;34m.[0;34mx[0;34mp[0;34mm
[0m
[0m[0;34mF[0;34m [0;34m2[0;34m0[0;34m,[0;34m2[0;34m0[0;34m,[0;34m2[0;34m0
[0m[0;34mC[0;34m [0;34m2[0;34m0[0;34m0[0;34m,[0;34m2[0;34m0[0;34m0[0;34m,[0;34m2[0;34m0[0;34m0
[0m
[0m[0;34m1[0;34m1[0;34m1[0;34m1[0;34m1[0;34m1[0;34m1[0;34m1[0;34m1[0;34m1[0;34m1[0;34m1[0;34m1[0;34m1[0;34m1[0;34m1[0;34m1[0;34m1[0;34m1[0;34m1[0;34m1
[0m[0;34m1[0;34mW[0;34m0[0;34m0[0;34m0[0;34m0[0;34m0[0;34m0[0;34m0[0;34m0[0;34m0[0;34m0[0;34m0[0;34m0[0;34m0[0;34m0[0;34m0[0;34m0[0;34m0[0;34m0[0;34m1
[0m[0;34m1[0;34m1[0;34m1[0;34m1[0;34m1[0;34m1[0;34m1[0;34m1[0;34m1[0;34m1[0;34m1[0;34m1[0;34m1[0;34m1[0;34m1[0;34m1[0;34m1[0;34m1[0;34m1[0;34m1[0;34m1
[0m[0;34m2[0;34m0[0;34m0
[0m[0;34m2[0;34m0[0;34m0
[0m[0;34m2[0;34m0[0;34m0
[0m[0;34m2[0;34m0
[0m[0;34m2[0;34m0
[0m[0;34m2[0;34m0
[0m[0;34m1[0;34m1[0;34m1[0;34m1[0;34m1[0;34m1[0;34m1[0;34m1[0;34m1[0;34m1[0;34m1[0;34m1[0;34m1[0;34m1[0;34m1[0;34m1[0;34m1[0;34m1[0;34m1[0;34m1[0;34m1
[0m[0;34m1[0;34mW[0;34m0[0;34m0[0;34m0[0;34m0[0;34m0[0;34m0[0;34m0[0;34m0[0;34m0[0;34m0[0;34m0[0;34m0[0;34m0[0;34m0[0;34m0[0;34m0[0;34m0[0;34m0[0;34m1
[0m[0;34m1[0;34m1[0;34m1[0;34m1[0;34m1[0;34m1[0;34m1[0;34m1[0;34m1[0;34m1[0;34m1[0;34m1[0;34m1[0;34m1[0;34m1[0;34m1[0;34m1[0;34m1[0;34m1[0;34m1[0;34m1
[0mExit code: 0
‚ö†Ô∏è No Valgrind alerts, but with leaks[0m  
==11762== Memcheck, a memory error detector
==11762== Copyright (C) 2002-2022, and GNU GPL'd, by Julian Seward et al.
==11762== Using Valgrind-3.22.0 and LibVEX; rerun with -h for copyright info
==11762== Command: ./cub3d ./maps/good/test_pos_left.cub
==11762== Parent PID: 11630
==11762== 
==11762== 
==11762== HEAP SUMMARY:
==11762==     in use at exit: 604 bytes in 30 blocks
==11762==   total heap usage: 82 allocs, 52 frees, 6,237 bytes allocated
==11762== 
==11762== LEAK SUMMARY:
==11762==    definitely lost: 307 bytes in 10 blocks
==11762==    indirectly lost: 297 bytes in 20 blocks
==11762==      possibly lost: 0 bytes in 0 blocks
==11762==    still reachable: 0 bytes in 0 blocks
==11762==         suppressed: 0 bytes in 0 blocks
==11762== Rerun with --leak-check=full to see details of leaked memory
==11762== 
==11762== For lists of detected and suppressed errors, rerun with: -s
==11762== ERROR SUMMARY: 0 errors from 0 contexts (suppressed: 0 from 0)
Running valgrind on ./maps/good/test_pos_right.cub...

[0;32m[Debug info] map end:[0m10
[0;32m[Debug info] map height:[0m3
[0;32m[Debug info]üõ†Ô∏è  Map info üîç
[0m[0;32m[Debug info] - Map width:[0m21
[0;32m[Debug info] - Map height:[0m3
[0;32m[Debug info]üõ†Ô∏è  Starting player position info üîç
[0m[0;32m[Debug info] - Player X:[0m19
[0;32m[Debug info] - Player Y:[0m1
[0;32m[Debug info] - Player Direction:[0mE
[0;32m[Debug info]üõ†Ô∏è  Colors info c:  üîç
[0m[0;32m[Debug info]üõ†Ô∏è  Colors info f:  üîç
[0m[0;32m[Debug info]üõ†Ô∏è  Textures info:  üîç
[0m[0;32m[Debug info] Texture north:[0mtextures/test/north.xpm
[0;32m[Debug info] Texture south:[0mtextures/test/south.xpm
[0;32m[Debug info] Texture west:[0mtextures/test/west.xpm
[0;32m[Debug info] Texture east:[0mtextures/test/east.xpm
[0;34mN[0;34mO[0;34m [0;34mt[0;34me[0;34mx[0;34mt[0;34mu[0;34mr[0;34me[0;34ms[0;34m/[0;34mt[0;34me[0;34ms[0;34mt[0;34m/[0;34mn[0;34mo[0;34mr[0;34mt[0;34mh[0;34m.[0;34mx[0;34mp[0;34mm
[0m[0;34mS[0;34mO[0;34m [0;34mt[0;34me[0;34mx[0;34mt[0;34mu[0;34mr[0;34me[0;34ms[0;34m/[0;34mt[0;34me[0;34ms[0;34mt[0;34m/[0;34ms[0;34mo[0;34mu[0;34mt[0;34mh[0;34m.[0;34mx[0;34mp[0;34mm
[0m[0;34mW[0;34mE[0;34m [0;34mt[0;34me[0;34mx[0;34mt[0;34mu[0;34mr[0;34me[0;34ms[0;34m/[0;34mt[0;34me[0;34ms[0;34mt[0;34m/[0;34mw[0;34me[0;34ms[0;34mt[0;34m.[0;34mx[0;34mp[0;34mm
[0m[0;34mE[0;34mA[0;34m [0;34mt[0;34me[0;34mx[0;34mt[0;34mu[0;34mr[0;34me[0;34ms[0;34m/[0;34mt[0;34me[0;34ms[0;34mt[0;34m/[0;34me[0;34ma[0;34ms[0;34mt[0;34m.[0;34mx[0;34mp[0;34mm
[0m
[0m[0;34mF[0;34m [0;34m2[0;34m0[0;34m,[0;34m2[0;34m0[0;34m,[0;34m2[0;34m0
[0m[0;34mC[0;34m [0;34m2[0;34m0[0;34m0[0;34m,[0;34m2[0;34m0[0;34m0[0;34m,[0;34m2[0;34m0[0;34m0
[0m
[0m[0;34m1[0;34m1[0;34m1[0;34m1[0;34m1[0;34m1[0;34m1[0;34m1[0;34m1[0;34m1[0;34m1[0;34m1[0;34m1[0;34m1[0;34m1[0;34m1[0;34m1[0;34m1[0;34m1[0;34m1[0;34m1
[0m[0;34m1[0;34m0[0;34m0[0;34m0[0;34m0[0;34m0[0;34m0[0;34m0[0;34m0[0;34m0[0;34m0[0;34m0[0;34m0[0;34m0[0;34m0[0;34m0[0;34m0[0;34m0[0;34m0[0;34mE[0;34m1
[0m[0;34m1[0;34m1[0;34m1[0;34m1[0;34m1[0;34m1[0;34m1[0;34m1[0;34m1[0;34m1[0;34m1[0;34m1[0;34m1[0;34m1[0;34m1[0;34m1[0;34m1[0;34m1[0;34m1[0;34m1[0;34m1
[0m[0;34m2[0;34m0[0;34m0
[0m[0;34m2[0;34m0[0;34m0
[0m[0;34m2[0;34m0[0;34m0
[0m[0;34m2[0;34m0
[0m[0;34m2[0;34m0
[0m[0;34m2[0;34m0
[0m[0;34m1[0;34m1[0;34m1[0;34m1[0;34m1[0;34m1[0;34m1[0;34m1[0;34m1[0;34m1[0;34m1[0;34m1[0;34m1[0;34m1[0;34m1[0;34m1[0;34m1[0;34m1[0;34m1[0;34m1[0;34m1
[0m[0;34m1[0;34m0[0;34m0[0;34m0[0;34m0[0;34m0[0;34m0[0;34m0[0;34m0[0;34m0[0;34m0[0;34m0[0;34m0[0;34m0[0;34m0[0;34m0[0;34m0[0;34m0[0;34m0[0;34mE[0;34m1
[0m[0;34m1[0;34m1[0;34m1[0;34m1[0;34m1[0;34m1[0;34m1[0;34m1[0;34m1[0;34m1[0;34m1[0;34m1[0;34m1[0;34m1[0;34m1[0;34m1[0;34m1[0;34m1[0;34m1[0;34m1[0;34m1
[0mExit code: 0
‚ö†Ô∏è No Valgrind alerts, but with leaks[0m  
==11806== Memcheck, a memory error detector
==11806== Copyright (C) 2002-2022, and GNU GPL'd, by Julian Seward et al.
==11806== Using Valgrind-3.22.0 and LibVEX; rerun with -h for copyright info
==11806== Command: ./cub3d ./maps/good/test_pos_right.cub
==11806== Parent PID: 11630
==11806== 
==11806== 
==11806== HEAP SUMMARY:
==11806==     in use at exit: 604 bytes in 30 blocks
==11806==   total heap usage: 82 allocs, 52 frees, 6,237 bytes allocated
==11806== 
==11806== LEAK SUMMARY:
==11806==    definitely lost: 307 bytes in 10 blocks
==11806==    indirectly lost: 297 bytes in 20 blocks
==11806==      possibly lost: 0 bytes in 0 blocks
==11806==    still reachable: 0 bytes in 0 blocks
==11806==         suppressed: 0 bytes in 0 blocks
==11806== Rerun with --leak-check=full to see details of leaked memory
==11806== 
==11806== For lists of detected and suppressed errors, rerun with: -s
==11806== ERROR SUMMARY: 0 errors from 0 contexts (suppressed: 0 from 0)
Running valgrind on ./maps/good/test_pos_top.cub...

[0;32m[Debug info] map end:[0m20
[0;32m[Debug info] map height:[0m13
[0;32m[Debug info]üõ†Ô∏è  Map info üîç
[0m[0;32m[Debug info] - Map width:[0m3
[0;32m[Debug info] - Map height:[0m13
[0;32m[Debug info]üõ†Ô∏è  Starting player position info üîç
[0m[0;32m[Debug info] - Player X:[0m1
[0;32m[Debug info] - Player Y:[0m1
[0;32m[Debug info] - Player Direction:[0mN
[0;32m[Debug info]üõ†Ô∏è  Colors info c:  üîç
[0m[0;32m[Debug info]üõ†Ô∏è  Colors info f:  üîç
[0m[0;32m[Debug info]üõ†Ô∏è  Textures info:  üîç
[0m[0;32m[Debug info] Texture north:[0mtextures/test/north.xpm
[0;32m[Debug info] Texture south:[0mtextures/test/south.xpm
[0;32m[Debug info] Texture west:[0mtextures/test/west.xpm
[0;32m[Debug info] Texture east:[0mtextures/test/east.xpm
[0;34mN[0;34mO[0;34m [0;34mt[0;34me[0;34mx[0;34mt[0;34mu[0;34mr[0;34me[0;34ms[0;34m/[0;34mt[0;34me[0;34ms[0;34mt[0;34m/[0;34mn[0;34mo[0;34mr[0;34mt[0;34mh[0;34m.[0;34mx[0;34mp[0;34mm
[0m[0;34mS[0;34mO[0;34m [0;34mt[0;34me[0;34mx[0;34mt[0;34mu[0;34mr[0;34me[0;34ms[0;34m/[0;34mt[0;34me[0;34ms[0;34mt[0;34m/[0;34ms[0;34mo[0;34mu[0;34mt[0;34mh[0;34m.[0;34mx[0;34mp[0;34mm
[0m[0;34mW[0;34mE[0;34m [0;34mt[0;34me[0;34mx[0;34mt[0;34mu[0;34mr[0;34me[0;34ms[0;34m/[0;34mt[0;34me[0;34ms[0;34mt[0;34m/[0;34mw[0;34me[0;34ms[0;34mt[0;34m.[0;34mx[0;34mp[0;34mm
[0m[0;34mE[0;34mA[0;34m [0;34mt[0;34me[0;34mx[0;34mt[0;34mu[0;34mr[0;34me[0;34ms[0;34m/[0;34mt[0;34me[0;34ms[0;34mt[0;34m/[0;34me[0;34ma[0;34ms[0;34mt[0;34m.[0;34mx[0;34mp[0;34mm
[0m
[0m[0;34mF[0;34m [0;34m2[0;34m0[0;34m,[0;34m2[0;34m0[0;34m,[0;34m2[0;34m0
[0m[0;34mC[0;34m [0;34m2[0;34m0[0;34m0[0;34m,[0;34m2[0;34m0[0;34m0[0;34m,[0;34m2[0;34m0[0;34m0
[0m
[0m[0;34m1[0;34m1[0;34m1
[0m[0;34m1[0;34mN[0;34m1
[0m[0;34m1[0;34m0[0;34m1
[0m[0;34m1[0;34m0[0;34m1
[0m[0;34m1[0;34m0[0;34m1
[0m[0;34m1[0;34m0[0;34m1
[0m[0;34m1[0;34m0[0;34m1
[0m[0;34m1[0;34m0[0;34m1
[0m[0;34m1[0;34m0[0;34m1
[0m[0;34m1[0;34m0[0;34m1
[0m[0;34m1[0;34m0[0;34m1
[0m[0;34m1[0;34m0[0;34m1
[0m[0;34m1[0;34m1[0;34m1
[0m[0;34m2[0;34m0[0;34m0
[0m[0;34m2[0;34m0[0;34m0
[0m[0;34m2[0;34m0[0;34m0
[0m[0;34m2[0;34m0
[0m[0;34m2[0;34m0
[0m[0;34m2[0;34m0
[0m[0;34m1[0;34m1[0;34m1
[0m[0;34m1[0;34mN[0;34m1
[0m[0;34m1[0;34m0[0;34m1
[0m[0;34m1[0;34m0[0;34m1
[0m[0;34m1[0;34m0[0;34m1
[0m[0;34m1[0;34m0[0;34m1
[0m[0;34m1[0;34m0[0;34m1
[0m[0;34m1[0;34m0[0;34m1
[0m[0;34m1[0;34m0[0;34m1
[0m[0;34m1[0;34m0[0;34m1
[0m[0;34m1[0;34m0[0;34m1
[0m[0;34m1[0;34m0[0;34m1
[0m[0;34m1[0;34m1[0;34m1
[0mExit code: 0
‚ö†Ô∏è No Valgrind alerts, but with leaks[0m  
==11809== Memcheck, a memory error detector
==11809== Copyright (C) 2002-2022, and GNU GPL'd, by Julian Seward et al.
==11809== Using Valgrind-3.22.0 and LibVEX; rerun with -h for copyright info
==11809== Command: ./cub3d ./maps/good/test_pos_top.cub
==11809== Parent PID: 11630
==11809== 
==11809== 
==11809== HEAP SUMMARY:
==11809==     in use at exit: 746 bytes in 50 blocks
==11809==   total heap usage: 141 allocs, 91 frees, 8,007 bytes allocated
==11809== 
==11809== LEAK SUMMARY:
==11809==    definitely lost: 467 bytes in 10 blocks
==11809==    indirectly lost: 279 bytes in 40 blocks
==11809==      possibly lost: 0 bytes in 0 blocks
==11809==    still reachable: 0 bytes in 0 blocks
==11809==         suppressed: 0 bytes in 0 blocks
==11809== Rerun with --leak-check=full to see details of leaked memory
==11809== 
==11809== For lists of detected and suppressed errors, rerun with: -s
==11809== ERROR SUMMARY: 0 errors from 0 contexts (suppressed: 0 from 0)
Running valgrind on ./maps/good/test_textures.cub...

[0;32m[Debug info] map end:[0m20
[0;32m[Debug info] map height:[0m13
[0;32m[Debug info]üõ†Ô∏è  Map info üîç
[0m[0;32m[Debug info] - Map width:[0m5
[0;32m[Debug info] - Map height:[0m13
[0;32m[Debug info]üõ†Ô∏è  Starting player position info üîç
[0m[0;32m[Debug info] - Player X:[0m2
[0;32m[Debug info] - Player Y:[0m2
[0;32m[Debug info] - Player Direction:[0mS
[0;32m[Debug info]üõ†Ô∏è  Colors info c:  üîç
[0m[0;32m[Debug info]üõ†Ô∏è  Colors info f:  üîç
[0m[0;32m[Debug info]üõ†Ô∏è  Textures info:  üîç
[0m[0;32m[Debug info] Texture north:[0mtextures/test/north.xpm
[0;32m[Debug info] Texture south:[0mtextures/test/south.xpm
[0;32m[Debug info] Texture west:[0mtextures/test/west.xpm
[0;32m[Debug info] Texture east:[0mtextures/test/east.xpm
[0;34mN[0;34mO[0;34m [0;34mt[0;34me[0;34mx[0;34mt[0;34mu[0;34mr[0;34me[0;34ms[0;34m/[0;34mt[0;34me[0;34ms[0;34mt[0;34m/[0;34mn[0;34mo[0;34mr[0;34mt[0;34mh[0;34m.[0;34mx[0;34mp[0;34mm
[0m[0;34mS[0;34mO[0;34m [0;34mt[0;34me[0;34mx[0;34mt[0;34mu[0;34mr[0;34me[0;34ms[0;34m/[0;34mt[0;34me[0;34ms[0;34mt[0;34m/[0;34ms[0;34mo[0;34mu[0;34mt[0;34mh[0;34m.[0;34mx[0;34mp[0;34mm
[0m[0;34mW[0;34mE[0;34m [0;34mt[0;34me[0;34mx[0;34mt[0;34mu[0;34mr[0;34me[0;34ms[0;34m/[0;34mt[0;34me[0;34ms[0;34mt[0;34m/[0;34mw[0;34me[0;34ms[0;34mt[0;34m.[0;34mx[0;34mp[0;34mm
[0m[0;34mE[0;34mA[0;34m [0;34mt[0;34me[0;34mx[0;34mt[0;34mu[0;34mr[0;34me[0;34ms[0;34m/[0;34mt[0;34me[0;34ms[0;34mt[0;34m/[0;34me[0;34ma[0;34ms[0;34mt[0;34m.[0;34mx[0;34mp[0;34mm
[0m
[0m[0;34mF[0;34m [0;34m2[0;34m0[0;34m,[0;34m2[0;34m0[0;34m,[0;34m2[0;34m0
[0m[0;34mC[0;34m [0;34m2[0;34m0[0;34m0[0;34m,[0;34m2[0;34m0[0;34m0[0;34m,[0;34m2[0;34m0[0;34m0
[0m
[0m[0;34m1[0;34m1[0;34m1[0;34m1[0;34m1
[0m[0;34m1[0;34m0[0;34m0[0;34m0[0;34m1
[0m[0;34m1[0;34m0[0;34mS[0;34m0[0;34m1
[0m[0;34m1[0;34m0[0;34m0[0;34m0[0;34m1
[0m[0;34m1[0;34m0[0;34m0[0;34m0[0;34m1
[0m[0;34m1[0;34m0[0;34m0[0;34m0[0;34m1
[0m[0;34m1[0;34m1[0;34m0[0;34m0[0;34m1
[0m[0;34m1[0;34m0[0;34m0[0;34m0[0;34m1
[0m[0;34m1[0;34m0[0;34m0[0;34m0[0;34m1
[0m[0;34m1[0;34m0[0;34m0[0;34m0[0;34m1
[0m[0;34m1[0;34m0[0;34m0[0;34m0[0;34m1
[0m[0;34m1[0;34m0[0;34m0[0;34m0[0;34m1
[0m[0;34m1[0;34m1[0;34m1[0;34m1[0;34m1
[0m[0;34m2[0;34m0[0;34m0
[0m[0;34m2[0;34m0[0;34m0
[0m[0;34m2[0;34m0[0;34m0
[0m[0;34m2[0;34m0
[0m[0;34m2[0;34m0
[0m[0;34m2[0;34m0
[0m[0;34m1[0;34m1[0;34m1[0;34m1[0;34m1
[0m[0;34m1[0;34m0[0;34m0[0;34m0[0;34m1
[0m[0;34m1[0;34m0[0;34mS[0;34m0[0;34m1
[0m[0;34m1[0;34m0[0;34m0[0;34m0[0;34m1
[0m[0;34m1[0;34m0[0;34m0[0;34m0[0;34m1
[0m[0;34m1[0;34m0[0;34m0[0;34m0[0;34m1
[0m[0;34m1[0;34m1[0;34m0[0;34m0[0;34m1
[0m[0;34m1[0;34m0[0;34m0[0;34m0[0;34m1
[0m[0;34m1[0;34m0[0;34m0[0;34m0[0;34m1
[0m[0;34m1[0;34m0[0;34m0[0;34m0[0;34m1
[0m[0;34m1[0;34m0[0;34m0[0;34m0[0;34m1
[0m[0;34m1[0;34m0[0;34m0[0;34m0[0;34m1
[0m[0;34m1[0;34m1[0;34m1[0;34m1[0;34m1
[0mExit code: 0
‚ö†Ô∏è No Valgrind alerts, but with leaks[0m  
==11812== Memcheck, a memory error detector
==11812== Copyright (C) 2002-2022, and GNU GPL'd, by Julian Seward et al.
==11812== Using Valgrind-3.22.0 and LibVEX; rerun with -h for copyright info
==11812== Command: ./cub3d ./maps/good/test_textures.cub
==11812== Parent PID: 11630
==11812== 
==11812== 
==11812== HEAP SUMMARY:
==11812==     in use at exit: 798 bytes in 50 blocks
==11812==   total heap usage: 142 allocs, 92 frees, 8,146 bytes allocated
==11812== 
==11812== LEAK SUMMARY:
==11812==    definitely lost: 467 bytes in 10 blocks
==11812==    indirectly lost: 331 bytes in 40 blocks
==11812==      possibly lost: 0 bytes in 0 blocks
==11812==    still reachable: 0 bytes in 0 blocks
==11812==         suppressed: 0 bytes in 0 blocks
==11812== Rerun with --leak-check=full to see details of leaked memory
==11812== 
==11812== For lists of detected and suppressed errors, rerun with: -s
==11812== ERROR SUMMARY: 0 errors from 0 contexts (suppressed: 0 from 0)
Running valgrind on ./maps/good/test_whitespace.cub...

[0;32m[Debug info] map end:[0m36
[0;32m[Debug info] map height:[0m13
[0;32m[Debug info]üõ†Ô∏è  Map info üîç
[0m[0;32m[Debug info] - Map width:[0m21
[0;32m[Debug info] - Map height:[0m13
[0;32m[Debug info]üõ†Ô∏è  Starting player position info üîç
[0m[0;32m[Debug info] - Player X:[0m2
[0;32m[Debug info] - Player Y:[0m2
[0;32m[Debug info] - Player Direction:[0mS
[0;32m[Debug info]üõ†Ô∏è  Colors info c:  üîç
[0m[0;32m[Debug info]üõ†Ô∏è  Colors info f:  üîç
[0m[0;32m[Debug info]üõ†Ô∏è  Textures info:  üîç
[0m[0;32m[Debug info] Texture north:[0mtextures/test/north.xpm
[0;32m[Debug info] Texture south:[0mtextures/test/south.xpm
[0;32m[Debug info] Texture west:[0mtextures/test/west.xpm
[0;32m[Debug info] Texture east:[0mtextures/test/east.xpm

[0m
[0m
[0m
[0m
[0m
[0m
[0m
[0m[0;34mN[0;34mO[0;34m [0;34mt[0;34me[0;34mx[0;34mt[0;34mu[0;34mr[0;34me[0;34ms[0;34m/[0;34mt[0;34me[0;34ms[0;34mt[0;34m/[0;34mn[0;34mo[0;34mr[0;34mt[0;34mh[0;34m.[0;34mx[0;34mp[0;34mm
[0m
[0m
[0m
[0m
[0m
[0m
[0m
[0m
[0m[0;34mS[0;34mO[0;34m [0;34mt[0;34me[0;34mx[0;34mt[0;34mu[0;34mr[0;34me[0;34ms[0;34m/[0;34mt[0;34me[0;34ms[0;34mt[0;34m/[0;34ms[0;34mo[0;34mu[0;34mt[0;34mh[0;34m.[0;34mx[0;34mp[0;34mm
[0m[0;34m [0;34m [0;34m [0;34m [0;34m [0;34m [0;34m [0;34m [0;34m [0;34m [0;34m [0;34m [0;34m [0;34m [0;34m [0;34m [0;34m [0;34m [0;34m [0;34m [0;34m [0;34m [0;34m [0;34m [0;34mW[0;34mE[0;34m [0;34mt[0;34me[0;34mx[0;34mt[0;34mu[0;34mr[0;34me[0;34ms[0;34m/[0;34mt[0;34me[0;34ms[0;34mt[0;34m/[0;34mw[0;34me[0;34ms[0;34mt[0;34m.[0;34mx[0;34mp[0;34mm
[0m[0;34m [0;34m [0;34m [0;34m [0;34m [0;34m [0;34m [0;34m [0;34mE[0;34mA[0;34m [0;34mt[0;34me[0;34mx[0;34mt[0;34mu[0;34mr[0;34me[0;34ms[0;34m/[0;34mt[0;34me[0;34ms[0;34mt[0;34m/[0;34me[0;34ma[0;34ms[0;34mt[0;34m.[0;34mx[0;34mp[0;34mm[0;34m [0;34m [0;34m [0;34m [0;34m [0;34m [0;34m [0;34m [0;34m [0;34m [0;34m [0;34m 
[0m
[0m[0;34m [0;34m [0;34m [0;34m [0;34m [0;34m [0;34m [0;34m [0;34mF[0;34m [0;34m2[0;34m0[0;34m,[0;34m [0;34m [0;34m [0;34m [0;34m [0;34m [0;34m [0;34m [0;34m [0;34m [0;34m [0;34m2[0;34m0[0;34m,[0;34m [0;34m [0;34m [0;34m [0;34m [0;34m [0;34m [0;34m [0;34m [0;34m [0;34m [0;34m [0;34m [0;34m2[0;34m0
[0m[0;34mC[0;34m [0;34m2[0;34m0[0;34m0[0;34m,[0;34m [0;34m [0;34m [0;34m [0;34m [0;34m [0;34m [0;34m [0;34m [0;34m [0;34m2[0;34m0[0;34m0[0;34m,[0;34m2[0;34m0[0;34m0
[0m
[0m[0;34m1[0;34m1[0;34m1[0;34m1[0;34m1
[0m[0;34m1[0;34m0[0;34m0[0;34m0[0;34m1
[0m[0;34m1[0;34m0[0;34mS[0;34m0[0;34m1[0;34m [0;34m [0;34m [0;34m [0;34m [0;34m [0;34m [0;34m [0;34m [0;34m [0;34m [0;34m [0;34m [0;34m [0;34m [0;34m 
[0m[0;34m1[0;34m0[0;34m0[0;34m0[0;34m1
[0m[0;34m1[0;34m0[0;34m0[0;34m0[0;34m1
[0m[0;34m1[0;34m0[0;34m0[0;34m0[0;34m1
[0m[0;34m1[0;34m1[0;34m0[0;34m0[0;34m1[0;34m [0;34m [0;34m [0;34m [0;34m [0;34m [0;34m [0;34m [0;34m [0;34m [0;34m [0;34m [0;34m [0;34m [0;34m 
[0m[0;34m1[0;34m0[0;34m0[0;34m0[0;34m1
[0m[0;34m1[0;34m0[0;34m0[0;34m0[0;34m1
[0m[0;34m1[0;34m0[0;34m0[0;34m0[0;34m1
[0m[0;34m1[0;34m0[0;34m0[0;34m0[0;34m1
[0m[0;34m1[0;34m0[0;34m0[0;34m0[0;34m1
[0m[0;34m1[0;34m1[0;34m1[0;34m1[0;34m1[0;34m [0;34m [0;34m [0;34m [0;34m [0;34m [0;34m [0;34m [0;34m [0;34m [0;34m 
[0m
[0m[0;34m [0;34m [0;34m [0;34m [0;34m [0;34m [0;34m [0;34m 
[0m
[0m
[0m
[0m
[0m
[0m
[0m
[0m
[0m
[0m
[0m
[0m
[0m
[0m
[0m
[0m
[0m
[0m
[0m
[0m
[0m
[0m[0;34m2[0;34m0[0;34m0
[0m[0;34m2[0;34m0[0;34m0
[0m[0;34m2[0;34m0[0;34m0
[0m[0;34m2[0;34m0
[0m[0;34m2[0;34m0
[0m[0;34m2[0;34m0
[0m[0;34m1[0;34m1[0;34m1[0;34m1[0;34m1[0;34m1[0;34m1[0;34m1[0;34m1[0;34m1[0;34m1[0;34m1[0;34m1[0;34m1[0;34m1[0;34m1[0;34m1[0;34m1[0;34m1[0;34m1[0;34m1
[0m[0;34m1[0;34m0[0;34m0[0;34m0[0;34m1[0;34m1[0;34m1[0;34m1[0;34m1[0;34m1[0;34m1[0;34m1[0;34m1[0;34m1[0;34m1[0;34m1[0;34m1[0;34m1[0;34m1[0;34m1[0;34m1
[0m[0;34m1[0;34m0[0;34mS[0;34m0[0;34m1[0;34m1[0;34m1[0;34m1[0;34m1[0;34m1[0;34m1[0;34m1[0;34m1[0;34m1[0;34m1[0;34m1[0;34m1[0;34m1[0;34m1[0;34m1[0;34m1
[0m[0;34m1[0;34m0[0;34m0[0;34m0[0;34m1[0;34m1[0;34m1[0;34m1[0;34m1[0;34m1[0;34m1[0;34m1[0;34m1[0;34m1[0;34m1[0;34m1[0;34m1[0;34m1[0;34m1[0;34m1[0;34m1
[0m[0;34m1[0;34m0[0;34m0[0;34m0[0;34m1[0;34m1[0;34m1[0;34m1[0;34m1[0;34m1[0;34m1[0;34m1[0;34m1[0;34m1[0;34m1[0;34m1[0;34m1[0;34m1[0;34m1[0;34m1[0;34m1
[0m[0;34m1[0;34m0[0;34m0[0;34m0[0;34m1[0;34m1[0;34m1[0;34m1[0;34m1[0;34m1[0;34m1[0;34m1[0;34m1[0;34m1[0;34m1[0;34m1[0;34m1[0;34m1[0;34m1[0;34m1[0;34m1
[0m[0;34m1[0;34m1[0;34m0[0;34m0[0;34m1[0;34m1[0;34m1[0;34m1[0;34m1[0;34m1[0;34m1[0;34m1[0;34m1[0;34m1[0;34m1[0;34m1[0;34m1[0;34m1[0;34m1[0;34m1[0;34m1
[0m[0;34m1[0;34m0[0;34m0[0;34m0[0;34m1[0;34m1[0;34m1[0;34m1[0;34m1[0;34m1[0;34m1[0;34m1[0;34m1[0;34m1[0;34m1[0;34m1[0;34m1[0;34m1[0;34m1[0;34m1[0;34m1
[0m[0;34m1[0;34m0[0;34m0[0;34m0[0;34m1[0;34m1[0;34m1[0;34m1[0;34m1[0;34m1[0;34m1[0;34m1[0;34m1[0;34m1[0;34m1[0;34m1[0;34m1[0;34m1[0;34m1[0;34m1[0;34m1
[0m[0;34m1[0;34m0[0;34m0[0;34m0[0;34m1[0;34m1[0;34m1[0;34m1[0;34m1[0;34m1[0;34m1[0;34m1[0;34m1[0;34m1[0;34m1[0;34m1[0;34m1[0;34m1[0;34m1[0;34m1[0;34m1
[0m[0;34m1[0;34m0[0;34m0[0;34m0[0;34m1[0;34m1[0;34m1[0;34m1[0;34m1[0;34m1[0;34m1[0;34m1[0;34m1[0;34m1[0;34m1[0;34m1[0;34m1[0;34m1[0;34m1[0;34m1[0;34m1
[0m[0;34m1[0;34m0[0;34m0[0;34m0[0;34m1[0;34m1[0;34m1[0;34m1[0;34m1[0;34m1[0;34m1[0;34m1[0;34m1[0;34m1[0;34m1[0;34m1[0;34m1[0;34m1[0;34m1[0;34m1[0;34m1
[0m[0;34m1[0;34m1[0;34m1[0;34m1[0;34m1[0;34m1[0;34m1[0;34m1[0;34m1[0;34m1[0;34m1[0;34m1[0;34m1[0;34m1[0;34m1[0;34m1[0;34m1[0;34m1[0;34m1[0;34m1[0;34m1
[0mExit code: 0
‚ö†Ô∏è No Valgrind alerts, but with leaks[0m  
==11815== Memcheck, a memory error detector
==11815== Copyright (C) 2002-2022, and GNU GPL'd, by Julian Seward et al.
==11815== Using Valgrind-3.22.0 and LibVEX; rerun with -h for copyright info
==11815== Command: ./cub3d ./maps/good/test_whitespace.cub
==11815== Parent PID: 11630
==11815== 
==11815== 
==11815== HEAP SUMMARY:
==11815==     in use at exit: 1,566 bytes in 89 blocks
==11815==   total heap usage: 306 allocs, 217 frees, 23,419 bytes allocated
==11815== 
==11815== LEAK SUMMARY:
==11815==    definitely lost: 813 bytes in 10 blocks
==11815==    indirectly lost: 753 bytes in 79 blocks
==11815==      possibly lost: 0 bytes in 0 blocks
==11815==    still reachable: 0 bytes in 0 blocks
==11815==         suppressed: 0 bytes in 0 blocks
==11815== Rerun with --leak-check=full to see details of leaked memory
==11815== 
==11815== For lists of detected and suppressed errors, rerun with: -s
==11815== ERROR SUMMARY: 0 errors from 0 contexts (suppressed: 0 from 0)
Running valgrind on ./maps/good/works.cub...

[0;32m[Debug info] map end:[0m19
[0;32m[Debug info] map height:[0m6
[0;32m[Debug info]üõ†Ô∏è  Map info üîç
[0m[0;32m[Debug info] - Map width:[0m25
[0;32m[Debug info] - Map height:[0m6
[0;32m[Debug info]üõ†Ô∏è  Starting player position info üîç
[0m[0;32m[Debug info] - Player X:[0m2
[0;32m[Debug info] - Player Y:[0m1
[0;32m[Debug info] - Player Direction:[0mS
[0;32m[Debug info]üõ†Ô∏è  Colors info c:  üîç
[0m[0;32m[Debug info]üõ†Ô∏è  Colors info f:  üîç
[0m[0;32m[Debug info]üõ†Ô∏è  Textures info:  üîç
[0m[0;32m[Debug info] Texture north:[0mtextures/test/north.xpm
[0;32m[Debug info] Texture south:[0mtextures/test/south.xpm
[0;32m[Debug info] Texture west:[0mtextures/test/west.xpm
[0;32m[Debug info] Texture east:[0mtextures/test/east.xpm
[0;34m [0;34m [0;34m [0;34mW[0;34mE[0;34m [0;34m [0;34m [0;34m [0;34m [0;34m [0;34m [0;34m [0;34m [0;34m [0;34m [0;34m [0;34m [0;34m [0;34m [0;34m [0;34m [0;34m [0;34m [0;34m [0;34m [0;34m [0;34m [0;34m [0;34m [0;34m [0;34m [0;34m [0;34mt[0;34me[0;34mx[0;34mt[0;34mu[0;34mr[0;34me[0;34ms[0;34m/[0;34mt[0;34me[0;34ms[0;34mt[0;34m/[0;34mw[0;34me[0;34ms[0;34mt[0;34m.[0;34mx[0;34mp[0;34mm
[0m[0;34mN[0;34mO[0;34m [0;34m [0;34m [0;34m [0;34m [0;34m [0;34mt[0;34me[0;34mx[0;34mt[0;34mu[0;34mr[0;34me[0;34ms[0;34m/[0;34mt[0;34me[0;34ms[0;34mt[0;34m/[0;34mn[0;34mo[0;34mr[0;34mt[0;34mh[0;34m.[0;34mx[0;34mp[0;34mm
[0m
[0m
[0m
[0m[0;34mS[0;34mO[0;34m [0;34mt[0;34me[0;34mx[0;34mt[0;34mu[0;34mr[0;34me[0;34ms[0;34m/[0;34mt[0;34me[0;34ms[0;34mt[0;34m/[0;34ms[0;34mo[0;34mu[0;34mt[0;34mh[0;34m.[0;34mx[0;34mp[0;34mm
[0m
[0m[0;34mF[0;34m [0;34m [0;34m [0;34m [0;34m [0;34m [0;34m1[0;34m7[0;34m,[0;34m [0;34m [0;34m [0;34m [0;34m3[0;34m8[0;34m,[0;34m [0;34m [0;34m [0;34m [0;34m [0;34m6[0;34m4
[0m
[0m[0;34mE[0;34mA[0;34m [0;34mt[0;34me[0;34mx[0;34mt[0;34mu[0;34mr[0;34me[0;34ms[0;34m/[0;34mt[0;34me[0;34ms[0;34mt[0;34m/[0;34me[0;34ma[0;34ms[0;34mt[0;34m.[0;34mx[0;34mp[0;34mm
[0m
[0m
[0m[0;34mC[0;34m [0;34m2[0;34m1[0;34m8[0;34m,[0;34m [0;34m2[0;34m3[0;34m4[0;34m,[0;34m [0;34m2[0;34m3[0;34m5
[0m
[0m[0;34m1[0;34m1[0;34m1[0;34m1[0;34m1[0;34m1[0;34m1[0;34m1[0;34m1[0;34m1[0;34m1[0;34m1[0;34m1[0;34m1[0;34m1[0;34m1[0;34m1[0;34m1[0;34m1[0;34m1[0;34m1[0;34m1[0;34m1[0;34m1[0;34m1
[0m[0;34m1[0;34m0[0;34mS[0;34m0[0;34m1[0;34m1[0;34m0[0;34m0[0;34m0[0;34m0[0;34m1[0;34m0[0;34m0[0;34m0[0;34m0[0;34m0[0;34m0[0;34m0[0;34m0[0;34m0[0;34m0[0;34m0[0;34m0[0;34m0[0;34m1
[0m[0;34m1[0;34m0[0;34m0[0;34m0[0;34m1[0;34m1[0;34m0[0;34m0[0;34m0[0;34m0[0;34m0[0;34m0[0;34m0[0;34m0[0;34m0[0;34m0[0;34m1[0;34m1[0;34m1[0;34m1[0;34m1[0;34m1[0;34m0[0;34m0[0;34m1
[0m[0;34m1[0;34m0[0;34m0[0;34m0[0;34m1[0;34m1[0;34m0[0;34m0[0;34m0[0;34m0[0;34m0[0;34m0[0;34m0[0;34m0[0;34m0[0;34m0[0;34m1[0;34m1[0;34m0[0;34m0[0;34m0[0;34m1[0;34m0[0;34m0[0;34m1
[0m[0;34m1[0;34m0[0;34m0[0;34m0[0;34m0[0;34m0[0;34m0[0;34m0[0;34m0[0;34m0[0;34m1[0;34m0[0;34m0[0;34m0[0;34m0[0;34m0[0;34m0[0;34m0[0;34m0[0;34m0[0;34m0[0;34m1[0;34m0[0;34m0[0;34m1
[0m[0;34m1[0;34m1[0;34m1[0;34m1[0;34m1[0;34m1[0;34m1[0;34m1[0;34m1[0;34m1[0;34m1[0;34m1[0;34m1[0;34m1[0;34m1[0;34m1[0;34m1[0;34m1[0;34m1[0;34m1[0;34m1[0;34m1[0;34m1[0;34m1[0;34m1
[0m[0;34m2[0;34m1[0;34m8
[0m[0;34m2[0;34m3[0;34m4
[0m[0;34m2[0;34m3[0;34m5
[0m[0;34m1[0;34m7
[0m[0;34m3[0;34m8
[0m[0;34m6[0;34m4
[0m[0;34m1[0;34m1[0;34m1[0;34m1[0;34m1[0;34m1[0;34m1[0;34m1[0;34m1[0;34m1[0;34m1[0;34m1[0;34m1[0;34m1[0;34m1[0;34m1[0;34m1[0;34m1[0;34m1[0;34m1[0;34m1[0;34m1[0;34m1[0;34m1[0;34m1
[0m[0;34m1[0;34m0[0;34mS[0;34m0[0;34m1[0;34m1[0;34m0[0;34m0[0;34m0[0;34m0[0;34m1[0;34m0[0;34m0[0;34m0[0;34m0[0;34m0[0;34m0[0;34m0[0;34m0[0;34m0[0;34m0[0;34m0[0;34m0[0;34m0[0;34m1
[0m[0;34m1[0;34m0[0;34m0[0;34m0[0;34m1[0;34m1[0;34m0[0;34m0[0;34m0[0;34m0[0;34m0[0;34m0[0;34m0[0;34m0[0;34m0[0;34m0[0;34m1[0;34m1[0;34m1[0;34m1[0;34m1[0;34m1[0;34m0[0;34m0[0;34m1
[0m[0;34m1[0;34m0[0;34m0[0;34m0[0;34m1[0;34m1[0;34m0[0;34m0[0;34m0[0;34m0[0;34m0[0;34m0[0;34m0[0;34m0[0;34m0[0;34m0[0;34m1[0;34m1[0;34m0[0;34m0[0;34m0[0;34m1[0;34m0[0;34m0[0;34m1
[0m[0;34m1[0;34m0[0;34m0[0;34m0[0;34m0[0;34m0[0;34m0[0;34m0[0;34m0[0;34m0[0;34m1[0;34m0[0;34m0[0;34m0[0;34m0[0;34m0[0;34m0[0;34m0[0;34m0[0;34m0[0;34m0[0;34m1[0;34m0[0;34m0[0;34m1
[0m[0;34m1[0;34m1[0;34m1[0;34m1[0;34m1[0;34m1[0;34m1[0;34m1[0;34m1[0;34m1[0;34m1[0;34m1[0;34m1[0;34m1[0;34m1[0;34m1[0;34m1[0;34m1[0;34m1[0;34m1[0;34m1[0;34m1[0;34m1[0;34m1[0;34m1
[0mExit code: 0
‚ö†Ô∏è No Valgrind alerts, but with leaks[0m  
==11818== Memcheck, a memory error detector
==11818== Copyright (C) 2002-2022, and GNU GPL'd, by Julian Seward et al.
==11818== Using Valgrind-3.22.0 and LibVEX; rerun with -h for copyright info
==11818== Command: ./cub3d ./maps/good/works.cub
==11818== Parent PID: 11630
==11818== 
==11818== 
==11818== HEAP SUMMARY:
==11818==     in use at exit: 957 bytes in 42 blocks
==11818==   total heap usage: 130 allocs, 88 frees, 8,412 bytes allocated
==11818== 
==11818== LEAK SUMMARY:
==11818==    definitely lost: 414 bytes in 10 blocks
==11818==    indirectly lost: 543 bytes in 32 blocks
==11818==      possibly lost: 0 bytes in 0 blocks
==11818==    still reachable: 0 bytes in 0 blocks
==11818==         suppressed: 0 bytes in 0 blocks
==11818== Rerun with --leak-check=full to see details of leaked memory
==11818== 
==11818== For lists of detected and suppressed errors, rerun with: -s
==11818== ERROR SUMMARY: 0 errors from 0 contexts (suppressed: 0 from 0)
Valgrind tests completed. Results saved to test_output.txt.
Starting Valgrind tests...
Running valgrind on ./maps/bad/color_invalid_rgb.cub...

[0;32m[Debug info] map end:[0m20
[0;32m[Debug info] map height:[0m13
[0;31m Error:[Color] color number out of range
[0m [0;34mN[0;34mO[0;34m [0;34mt[0;34me[0;34mx[0;34mt[0;34mu[0;34mr[0;34me[0;34ms[0;34m/[0;34mt[0;34me[0;34ms[0;34mt[0;34m/[0;34mn[0;34mo[0;34mr[0;34mt[0;34mh[0;34m.[0;34mx[0;34mp[0;34mm
[0m[0;34mS[0;34mO[0;34m [0;34mt[0;34me[0;34mx[0;34mt[0;34mu[0;34mr[0;34me[0;34ms[0;34m/[0;34mt[0;34me[0;34ms[0;34mt[0;34m/[0;34ms[0;34mo[0;34mu[0;34mt[0;34mh[0;34m.[0;34mx[0;34mp[0;34mm
[0m[0;34mW[0;34mE[0;34m [0;34mt[0;34me[0;34mx[0;34mt[0;34mu[0;34mr[0;34me[0;34ms[0;34m/[0;34mt[0;34me[0;34ms[0;34mt[0;34m/[0;34mw[0;34me[0;34ms[0;34mt[0;34m.[0;34mx[0;34mp[0;34mm
[0m[0;34mE[0;34mA[0;34m [0;34mt[0;34me[0;34mx[0;34mt[0;34mu[0;34mr[0;34me[0;34ms[0;34m/[0;34mt[0;34me[0;34ms[0;34mt[0;34m/[0;34me[0;34ma[0;34ms[0;34mt[0;34m.[0;34mx[0;34mp[0;34mm
[0m
[0m[0;34mF[0;34m [0;34m2[0;34m0[0;34m,[0;34m2[0;34m0[0;34m,[0;34m-[0;34m2[0;34m0
[0m[0;34mC[0;34m [0;34m2[0;34m0[0;34m0[0;34m,[0;34m2[0;34m0[0;34m0[0;34m,[0;34m2[0;34m0[0;34m0
[0m
[0m[0;34m1[0;34m1[0;34m1[0;34m1[0;34m1
[0m[0;34m1[0;34m0[0;34m0[0;34m0[0;34m1
[0m[0;34m1[0;34m0[0;34mS[0;34m0[0;34m1
[0m[0;34m1[0;34m0[0;34m0[0;34m0[0;34m1
[0m[0;34m1[0;34m0[0;34m0[0;34m0[0;34m1
[0m[0;34m1[0;34m0[0;34m0[0;34m0[0;34m1
[0m[0;34m1[0;34m1[0;34m0[0;34m0[0;34m1
[0m[0;34m1[0;34m0[0;34m0[0;34m0[0;34m1
[0m[0;34m1[0;34m0[0;34m0[0;34m0[0;34m1
[0m[0;34m1[0;34m0[0;34m0[0;34m0[0;34m1
[0m[0;34m1[0;34m0[0;34m0[0;34m0[0;34m1
[0m[0;34m1[0;34m0[0;34m0[0;34m0[0;34m1
[0m[0;34m1[0;34m1[0;34m1[0;34m1[0;34m1
[0mExit code: 1
‚ö†Ô∏è No Valgrind alerts, but with leaks[0m  
==12319== Memcheck, a memory error detector
==12319== Copyright (C) 2002-2022, and GNU GPL'd, by Julian Seward et al.
==12319== Using Valgrind-3.22.0 and LibVEX; rerun with -h for copyright info
==12319== Command: ./cub3d ./maps/bad/color_invalid_rgb.cub
==12319== Parent PID: 12317
==12319== 
==12319== 
==12319== HEAP SUMMARY:
==12319==     in use at exit: 801 bytes in 50 blocks
==12319==   total heap usage: 142 allocs, 92 frees, 8,135 bytes allocated
==12319== 
==12319== LEAK SUMMARY:
==12319==    definitely lost: 468 bytes in 10 blocks
==12319==    indirectly lost: 333 bytes in 40 blocks
==12319==      possibly lost: 0 bytes in 0 blocks
==12319==    still reachable: 0 bytes in 0 blocks
==12319==         suppressed: 0 bytes in 0 blocks
==12319== Rerun with --leak-check=full to see details of leaked memory
==12319== 
==12319== For lists of detected and suppressed errors, rerun with: -s
==12319== ERROR SUMMARY: 0 errors from 0 contexts (suppressed: 0 from 0)
Running valgrind on ./maps/bad/color_missing_ceiling_rgb.cub...

[0;32m[Debug info] map end:[0m20
[0;32m[Debug info] map height:[0m13
[0;31m Error:[Color] incorrect numbers
[0m [0;34mN[0;34mO[0;34m [0;34mt[0;34me[0;34mx[0;34mt[0;34mu[0;34mr[0;34me[0;34ms[0;34m/[0;34mt[0;34me[0;34ms[0;34mt[0;34m/[0;34mn[0;34mo[0;34mr[0;34mt[0;34mh[0;34m.[0;34mx[0;34mp[0;34mm
[0m[0;34mS[0;34mO[0;34m [0;34mt[0;34me[0;34mx[0;34mt[0;34mu[0;34mr[0;34me[0;34ms[0;34m/[0;34mt[0;34me[0;34ms[0;34mt[0;34m/[0;34ms[0;34mo[0;34mu[0;34mt[0;34mh[0;34m.[0;34mx[0;34mp[0;34mm
[0m[0;34mW[0;34mE[0;34m [0;34mt[0;34me[0;34mx[0;34mt[0;34mu[0;34mr[0;34me[0;34ms[0;34m/[0;34mt[0;34me[0;34ms[0;34mt[0;34m/[0;34mw[0;34me[0;34ms[0;34mt[0;34m.[0;34mx[0;34mp[0;34mm
[0m[0;34mE[0;34mA[0;34m [0;34mt[0;34me[0;34mx[0;34mt[0;34mu[0;34mr[0;34me[0;34ms[0;34m/[0;34mt[0;34me[0;34ms[0;34mt[0;34m/[0;34me[0;34ma[0;34ms[0;34mt[0;34m.[0;34mx[0;34mp[0;34mm
[0m
[0m[0;34mF[0;34m [0;34m2[0;34m0[0;34m,[0;34m2[0;34m0[0;34m,[0;34m2[0;34m0
[0m[0;34mC[0;34m [0;34m2[0;34m0[0;34m0[0;34m,[0;34m2[0;34m0[0;34m0[0;34m,
[0m
[0m[0;34m1[0;34m1[0;34m1[0;34m1[0;34m1
[0m[0;34m1[0;34m0[0;34m0[0;34m0[0;34m1
[0m[0;34m1[0;34m0[0;34mS[0;34m0[0;34m1
[0m[0;34m1[0;34m0[0;34m0[0;34m0[0;34m1
[0m[0;34m1[0;34m0[0;34m0[0;34m0[0;34m1
[0m[0;34m1[0;34m0[0;34m0[0;34m0[0;34m1
[0m[0;34m1[0;34m1[0;34m0[0;34m0[0;34m1
[0m[0;34m1[0;34m0[0;34m0[0;34m0[0;34m1
[0m[0;34m1[0;34m0[0;34m0[0;34m0[0;34m1
[0m[0;34m1[0;34m0[0;34m0[0;34m0[0;34m1
[0m[0;34m1[0;34m0[0;34m0[0;34m0[0;34m1
[0m[0;34m1[0;34m0[0;34m0[0;34m0[0;34m1
[0m[0;34m1[0;34m1[0;34m1[0;34m1[0;34m1
[0mExit code: 1
‚ö†Ô∏è No Valgrind alerts, but with leaks[0m  
==12322== Memcheck, a memory error detector
==12322== Copyright (C) 2002-2022, and GNU GPL'd, by Julian Seward et al.
==12322== Using Valgrind-3.22.0 and LibVEX; rerun with -h for copyright info
==12322== Command: ./cub3d ./maps/bad/color_missing_ceiling_rgb.cub
==12322== Parent PID: 12317
==12322== 
==12322== 
==12322== HEAP SUMMARY:
==12322==     in use at exit: 780 bytes in 49 blocks
==12322==   total heap usage: 141 allocs, 92 frees, 8,082 bytes allocated
==12322== 
==12322== LEAK SUMMARY:
==12322==    definitely lost: 456 bytes in 10 blocks
==12322==    indirectly lost: 324 bytes in 39 blocks
==12322==      possibly lost: 0 bytes in 0 blocks
==12322==    still reachable: 0 bytes in 0 blocks
==12322==         suppressed: 0 bytes in 0 blocks
==12322== Rerun with --leak-check=full to see details of leaked memory
==12322== 
==12322== For lists of detected and suppressed errors, rerun with: -s
==12322== ERROR SUMMARY: 0 errors from 0 contexts (suppressed: 0 from 0)
Running valgrind on ./maps/bad/color_missing.cub...

[0;32m[Debug info] map end:[0m19
[0;32m[Debug info] map height:[0m13
[0;31m Error:[Color] colors are not complete
[0m [0;34mN[0;34mO[0;34m [0;34mt[0;34me[0;34mx[0;34mt[0;34mu[0;34mr[0;34me[0;34ms[0;34m/[0;34mt[0;34me[0;34ms[0;34mt[0;34m/[0;34mn[0;34mo[0;34mr[0;34mt[0;34mh[0;34m.[0;34mx[0;34mp[0;34mm
[0m[0;34mS[0;34mO[0;34m [0;34mt[0;34me[0;34mx[0;34mt[0;34mu[0;34mr[0;34me[0;34ms[0;34m/[0;34mt[0;34me[0;34ms[0;34mt[0;34m/[0;34ms[0;34mo[0;34mu[0;34mt[0;34mh[0;34m.[0;34mx[0;34mp[0;34mm
[0m[0;34mW[0;34mE[0;34m [0;34mt[0;34me[0;34mx[0;34mt[0;34mu[0;34mr[0;34me[0;34ms[0;34m/[0;34mt[0;34me[0;34ms[0;34mt[0;34m/[0;34mw[0;34me[0;34ms[0;34mt[0;34m.[0;34mx[0;34mp[0;34mm
[0m[0;34mE[0;34mA[0;34m [0;34mt[0;34me[0;34mx[0;34mt[0;34mu[0;34mr[0;34me[0;34ms[0;34m/[0;34mt[0;34me[0;34ms[0;34mt[0;34m/[0;34me[0;34ma[0;34ms[0;34mt[0;34m.[0;34mx[0;34mp[0;34mm
[0m
[0m[0;34mC[0;34m [0;34m2[0;34m0[0;34m0[0;34m,[0;34m2[0;34m0[0;34m0[0;34m,[0;34m2[0;34m0[0;34m0
[0m
[0m[0;34m1[0;34m1[0;34m1[0;34m1[0;34m1
[0m[0;34m1[0;34m0[0;34m0[0;34m0[0;34m1
[0m[0;34m1[0;34m0[0;34mS[0;34m0[0;34m1
[0m[0;34m1[0;34m0[0;34m0[0;34m0[0;34m1
[0m[0;34m1[0;34m0[0;34m0[0;34m0[0;34m1
[0m[0;34m1[0;34m0[0;34m0[0;34m0[0;34m1
[0m[0;34m1[0;34m1[0;34m0[0;34m0[0;34m1
[0m[0;34m1[0;34m0[0;34m0[0;34m0[0;34m1
[0m[0;34m1[0;34m0[0;34m0[0;34m0[0;34m1
[0m[0;34m1[0;34m0[0;34m0[0;34m0[0;34m1
[0m[0;34m1[0;34m0[0;34m0[0;34m0[0;34m1
[0m[0;34m1[0;34m0[0;34m0[0;34m0[0;34m1
[0m[0;34m1[0;34m1[0;34m1[0;34m1[0;34m1
[0mExit code: 1
‚ö†Ô∏è No Valgrind alerts, but with leaks[0m  
==12353== Memcheck, a memory error detector
==12353== Copyright (C) 2002-2022, and GNU GPL'd, by Julian Seward et al.
==12353== Using Valgrind-3.22.0 and LibVEX; rerun with -h for copyright info
==12353== Command: ./cub3d ./maps/bad/color_missing.cub
==12353== Parent PID: 12317
==12353== 
==12353== 
==12353== HEAP SUMMARY:
==12353==     in use at exit: 728 bytes in 44 blocks
==12353==   total heap usage: 132 allocs, 88 frees, 7,876 bytes allocated
==12353== 
==12353== LEAK SUMMARY:
==12353==    definitely lost: 418 bytes in 8 blocks
==12353==    indirectly lost: 310 bytes in 36 blocks
==12353==      possibly lost: 0 bytes in 0 blocks
==12353==    still reachable: 0 bytes in 0 blocks
==12353==         suppressed: 0 bytes in 0 blocks
==12353== Rerun with --leak-check=full to see details of leaked memory
==12353== 
==12353== For lists of detected and suppressed errors, rerun with: -s
==12353== ERROR SUMMARY: 0 errors from 0 contexts (suppressed: 0 from 0)
Running valgrind on ./maps/bad/color_missing_floor_rgb.cub...

[0;32m[Debug info] map end:[0m20
[0;32m[Debug info] map height:[0m13
[0;31m Error:[Color] incorrect numbers
[0m [0;34mN[0;34mO[0;34m [0;34mt[0;34me[0;34mx[0;34mt[0;34mu[0;34mr[0;34me[0;34ms[0;34m/[0;34mt[0;34me[0;34ms[0;34mt[0;34m/[0;34mn[0;34mo[0;34mr[0;34mt[0;34mh[0;34m.[0;34mx[0;34mp[0;34mm
[0m[0;34mS[0;34mO[0;34m [0;34mt[0;34me[0;34mx[0;34mt[0;34mu[0;34mr[0;34me[0;34ms[0;34m/[0;34mt[0;34me[0;34ms[0;34mt[0;34m/[0;34ms[0;34mo[0;34mu[0;34mt[0;34mh[0;34m.[0;34mx[0;34mp[0;34mm
[0m[0;34mW[0;34mE[0;34m [0;34mt[0;34me[0;34mx[0;34mt[0;34mu[0;34mr[0;34me[0;34ms[0;34m/[0;34mt[0;34me[0;34ms[0;34mt[0;34m/[0;34mw[0;34me[0;34ms[0;34mt[0;34m.[0;34mx[0;34mp[0;34mm
[0m[0;34mE[0;34mA[0;34m [0;34mt[0;34me[0;34mx[0;34mt[0;34mu[0;34mr[0;34me[0;34ms[0;34m/[0;34mt[0;34me[0;34ms[0;34mt[0;34m/[0;34me[0;34ma[0;34ms[0;34mt[0;34m.[0;34mx[0;34mp[0;34mm
[0m
[0m[0;34mF[0;34m [0;34m2[0;34m0[0;34m,[0;34m2[0;34m0
[0m[0;34mC[0;34m [0;34m2[0;34m0[0;34m0[0;34m,[0;34m2[0;34m0[0;34m0[0;34m,[0;34m2[0;34m0[0;34m0
[0m
[0m[0;34m1[0;34m1[0;34m1[0;34m1[0;34m1
[0m[0;34m1[0;34m0[0;34m0[0;34m0[0;34m1
[0m[0;34m1[0;34m0[0;34mS[0;34m0[0;34m1
[0m[0;34m1[0;34m0[0;34m0[0;34m0[0;34m1
[0m[0;34m1[0;34m0[0;34m0[0;34m0[0;34m1
[0m[0;34m1[0;34m0[0;34m0[0;34m0[0;34m1
[0m[0;34m1[0;34m1[0;34m0[0;34m0[0;34m1
[0m[0;34m1[0;34m0[0;34m0[0;34m0[0;34m1
[0m[0;34m1[0;34m0[0;34m0[0;34m0[0;34m1
[0m[0;34m1[0;34m0[0;34m0[0;34m0[0;34m1
[0m[0;34m1[0;34m0[0;34m0[0;34m0[0;34m1
[0m[0;34m1[0;34m0[0;34m0[0;34m0[0;34m1
[0m[0;34m1[0;34m1[0;34m1[0;34m1[0;34m1
[0mExit code: 1
‚ö†Ô∏è No Valgrind alerts, but with leaks[0m  
==12358== Memcheck, a memory error detector
==12358== Copyright (C) 2002-2022, and GNU GPL'd, by Julian Seward et al.
==12358== Using Valgrind-3.22.0 and LibVEX; rerun with -h for copyright info
==12358== Command: ./cub3d ./maps/bad/color_missing_floor_rgb.cub
==12358== Parent PID: 12317
==12358== 
==12358== 
==12358== HEAP SUMMARY:
==12358==     in use at exit: 781 bytes in 49 blocks
==12358==   total heap usage: 141 allocs, 92 frees, 8,089 bytes allocated
==12358== 
==12358== LEAK SUMMARY:
==12358==    definitely lost: 456 bytes in 10 blocks
==12358==    indirectly lost: 325 bytes in 39 blocks
==12358==      possibly lost: 0 bytes in 0 blocks
==12358==    still reachable: 0 bytes in 0 blocks
==12358==         suppressed: 0 bytes in 0 blocks
==12358== Rerun with --leak-check=full to see details of leaked memory
==12358== 
==12358== For lists of detected and suppressed errors, rerun with: -s
==12358== ERROR SUMMARY: 0 errors from 0 contexts (suppressed: 0 from 0)
Running valgrind on ./maps/bad/color_none.cub...

[0;32m[Debug info] map end:[0m17
[0;32m[Debug info] map height:[0m13
[0;31m Error:[Color] colors are not complete
[0m [0;34mN[0;34mO[0;34m [0;34mt[0;34me[0;34mx[0;34mt[0;34mu[0;34mr[0;34me[0;34ms[0;34m/[0;34mt[0;34me[0;34ms[0;34mt[0;34m/[0;34mn[0;34mo[0;34mr[0;34mt[0;34mh[0;34m.[0;34mx[0;34mp[0;34mm
[0m[0;34mS[0;34mO[0;34m [0;34mt[0;34me[0;34mx[0;34mt[0;34mu[0;34mr[0;34me[0;34ms[0;34m/[0;34mt[0;34me[0;34ms[0;34mt[0;34m/[0;34ms[0;34mo[0;34mu[0;34mt[0;34mh[0;34m.[0;34mx[0;34mp[0;34mm
[0m[0;34mW[0;34mE[0;34m [0;34mt[0;34me[0;34mx[0;34mt[0;34mu[0;34mr[0;34me[0;34ms[0;34m/[0;34mt[0;34me[0;34ms[0;34mt[0;34m/[0;34mw[0;34me[0;34ms[0;34mt[0;34m.[0;34mx[0;34mp[0;34mm
[0m[0;34mE[0;34mA[0;34m [0;34mt[0;34me[0;34mx[0;34mt[0;34mu[0;34mr[0;34me[0;34ms[0;34m/[0;34mt[0;34me[0;34ms[0;34mt[0;34m/[0;34me[0;34ma[0;34ms[0;34mt[0;34m.[0;34mx[0;34mp[0;34mm
[0m
[0m[0;34m1[0;34m1[0;34m1[0;34m1[0;34m1
[0m[0;34m1[0;34m0[0;34m0[0;34m0[0;34m1
[0m[0;34m1[0;34m0[0;34mS[0;34m0[0;34m1
[0m[0;34m1[0;34m0[0;34m0[0;34m0[0;34m1
[0m[0;34m1[0;34m0[0;34m0[0;34m0[0;34m1
[0m[0;34m1[0;34m0[0;34m0[0;34m0[0;34m1
[0m[0;34m1[0;34m1[0;34m0[0;34m0[0;34m1
[0m[0;34m1[0;34m0[0;34m0[0;34m0[0;34m1
[0m[0;34m1[0;34m0[0;34m0[0;34m0[0;34m1
[0m[0;34m1[0;34m0[0;34m0[0;34m0[0;34m1
[0m[0;34m1[0;34m0[0;34m0[0;34m0[0;34m1
[0m[0;34m1[0;34m0[0;34m0[0;34m0[0;34m1
[0m[0;34m1[0;34m1[0;34m1[0;34m1[0;34m1
[0mExit code: 1
‚ö†Ô∏è No Valgrind alerts, but with leaks[0m  
==12400== Memcheck, a memory error detector
==12400== Copyright (C) 2002-2022, and GNU GPL'd, by Julian Seward et al.
==12400== Using Valgrind-3.22.0 and LibVEX; rerun with -h for copyright info
==12400== Command: ./cub3d ./maps/bad/color_none.cub
==12400== Parent PID: 12317
==12400== 
==12400== 
==12400== HEAP SUMMARY:
==12400==     in use at exit: 639 bytes in 37 blocks
==12400==   total heap usage: 117 allocs, 80 frees, 7,292 bytes allocated
==12400== 
==12400== LEAK SUMMARY:
==12400==    definitely lost: 358 bytes in 6 blocks
==12400==    indirectly lost: 281 bytes in 31 blocks
==12400==      possibly lost: 0 bytes in 0 blocks
==12400==    still reachable: 0 bytes in 0 blocks
==12400==         suppressed: 0 bytes in 0 blocks
==12400== Rerun with --leak-check=full to see details of leaked memory
==12400== 
==12400== For lists of detected and suppressed errors, rerun with: -s
==12400== ERROR SUMMARY: 0 errors from 0 contexts (suppressed: 0 from 0)
Running valgrind on ./maps/bad/empty.cub...
[0;31m Error:[Read file] file is empty
[0m Exit code: 1
[0;32m‚úÖ No Valgrind alerts, no leaks[0m  
==12403== Memcheck, a memory error detector
==12403== Copyright (C) 2002-2022, and GNU GPL'd, by Julian Seward et al.
==12403== Using Valgrind-3.22.0 and LibVEX; rerun with -h for copyright info
==12403== Command: ./cub3d ./maps/bad/empty.cub
==12403== Parent PID: 12317
==12403== 
==12403== 
==12403== HEAP SUMMARY:
==12403==     in use at exit: 0 bytes in 0 blocks
==12403==   total heap usage: 5 allocs, 5 frees, 170 bytes allocated
==12403== 
==12403== All heap blocks were freed -- no leaks are possible
==12403== 
==12403== For lists of detected and suppressed errors, rerun with: -s
==12403== ERROR SUMMARY: 0 errors from 0 contexts (suppressed: 0 from 0)
Running valgrind on ./maps/bad/file_letter_end.cub...

[0;32m[Debug info] map end:[0m34
[0;32m[Debug info] map height:[0m27
[0;32m[Debug info]üõ†Ô∏è  Map info üîç
[0m[0;32m[Debug info] - Map width:[0m5
[0;32m[Debug info] - Map height:[0m27
[0;32m[Debug info]üõ†Ô∏è  Starting player position info üîç
[0m[0;32m[Debug info] - Player X:[0m2
[0;32m[Debug info] - Player Y:[0m2
[0;32m[Debug info] - Player Direction:[0mS
[0;32m[Debug info]üõ†Ô∏è  Colors info c:  üîç
[0m[0;32m[Debug info]üõ†Ô∏è  Colors info f:  üîç
[0m[0;32m[Debug info]üõ†Ô∏è  Textures info:  üîç
[0m[0;32m[Debug info] Texture north:[0mtextures/test/north.xpm
[0;32m[Debug info] Texture south:[0mtextures/test/south.xpm
[0;32m[Debug info] Texture west:[0mtextures/test/west.xpm
[0;32m[Debug info] Texture east:[0mtextures/test/east.xpm
[0;34mN[0;34mO[0;34m [0;34mt[0;34me[0;34mx[0;34mt[0;34mu[0;34mr[0;34me[0;34ms[0;34m/[0;34mt[0;34me[0;34ms[0;34mt[0;34m/[0;34mn[0;34mo[0;34mr[0;34mt[0;34mh[0;34m.[0;34mx[0;34mp[0;34mm
[0m[0;34mS[0;34mO[0;34m [0;34mt[0;34me[0;34mx[0;34mt[0;34mu[0;34mr[0;34me[0;34ms[0;34m/[0;34mt[0;34me[0;34ms[0;34mt[0;34m/[0;34ms[0;34mo[0;34mu[0;34mt[0;34mh[0;34m.[0;34mx[0;34mp[0;34mm
[0m[0;34mW[0;34mE[0;34m [0;34mt[0;34me[0;34mx[0;34mt[0;34mu[0;34mr[0;34me[0;34ms[0;34m/[0;34mt[0;34me[0;34ms[0;34mt[0;34m/[0;34mw[0;34me[0;34ms[0;34mt[0;34m.[0;34mx[0;34mp[0;34mm
[0m[0;34mE[0;34mA[0;34m [0;34mt[0;34me[0;34mx[0;34mt[0;34mu[0;34mr[0;34me[0;34ms[0;34m/[0;34mt[0;34me[0;34ms[0;34mt[0;34m/[0;34me[0;34ma[0;34ms[0;34mt[0;34m.[0;34mx[0;34mp[0;34mm
[0m
[0m[0;34mF[0;34m [0;34m2[0;34m0[0;34m,[0;34m2[0;34m0[0;34m,[0;34m2[0;34m0
[0m[0;34mC[0;34m [0;34m2[0;34m0[0;34m0[0;34m,[0;34m2[0;34m0[0;34m0[0;34m,[0;34m2[0;34m0[0;34m0
[0m
[0m[0;34m1[0;34m1[0;34m1[0;34m1[0;34m1
[0m[0;34m1[0;34m0[0;34m0[0;34m0[0;34m1
[0m[0;34m1[0;34m0[0;34mS[0;34m0[0;34m1
[0m[0;34m1[0;34m0[0;34m0[0;34m0[0;34m1
[0m[0;34m1[0;34m0[0;34m0[0;34m0[0;34m1
[0m[0;34m1[0;34m0[0;34m0[0;34m0[0;34m1
[0m[0;34m1[0;34m1[0;34m0[0;34m0[0;34m1
[0m[0;34m1[0;34m0[0;34m0[0;34m0[0;34m1
[0m[0;34m1[0;34m0[0;34m0[0;34m0[0;34m1
[0m[0;34m1[0;34m0[0;34m0[0;34m0[0;34m1
[0m[0;34m1[0;34m0[0;34m0[0;34m0[0;34m1
[0m[0;34m1[0;34m0[0;34m0[0;34m0[0;34m1
[0m[0;34m1[0;34m1[0;34m1[0;34m1[0;34m1
[0m
[0m
[0m
[0m
[0m
[0m
[0m
[0m
[0m
[0m
[0m
[0m
[0m
[0m[0;34m1
[0m[0;34m2[0;34m0[0;34m0
[0m[0;34m2[0;34m0[0;34m0
[0m[0;34m2[0;34m0[0;34m0
[0m[0;34m2[0;34m0
[0m[0;34m2[0;34m0
[0m[0;34m2[0;34m0
[0m[0;34m1[0;34m1[0;34m1[0;34m1[0;34m1
[0m[0;34m1[0;34m0[0;34m0[0;34m0[0;34m1
[0m[0;34m1[0;34m0[0;34mS[0;34m0[0;34m1
[0m[0;34m1[0;34m0[0;34m0[0;34m0[0;34m1
[0m[0;34m1[0;34m0[0;34m0[0;34m0[0;34m1
[0m[0;34m1[0;34m0[0;34m0[0;34m0[0;34m1
[0m[0;34m1[0;34m1[0;34m0[0;34m0[0;34m1
[0m[0;34m1[0;34m0[0;34m0[0;34m0[0;34m1
[0m[0;34m1[0;34m0[0;34m0[0;34m0[0;34m1
[0m[0;34m1[0;34m0[0;34m0[0;34m0[0;34m1
[0m[0;34m1[0;34m0[0;34m0[0;34m0[0;34m1
[0m[0;34m1[0;34m0[0;34m0[0;34m0[0;34m1
[0m[0;34m1[0;34m1[0;34m1[0;34m1[0;34m1
[0m[0;34m1[0;34m1[0;34m1[0;34m1[0;34m1
[0m[0;34m1[0;34m1[0;34m1[0;34m1[0;34m1
[0m[0;34m1[0;34m1[0;34m1[0;34m1[0;34m1
[0m[0;34m1[0;34m1[0;34m1[0;34m1[0;34m1
[0m[0;34m1[0;34m1[0;34m1[0;34m1[0;34m1
[0m[0;34m1[0;34m1[0;34m1[0;34m1[0;34m1
[0m[0;34m1[0;34m1[0;34m1[0;34m1[0;34m1
[0m[0;34m1[0;34m1[0;34m1[0;34m1[0;34m1
[0m[0;34m1[0;34m1[0;34m1[0;34m1[0;34m1
[0m[0;34m1[0;34m1[0;34m1[0;34m1[0;34m1
[0m[0;34m1[0;34m1[0;34m1[0;34m1[0;34m1
[0m[0;34m1[0;34m1[0;34m1[0;34m1[0;34m1
[0m[0;34m1[0;34m1[0;34m1[0;34m1[0;34m1
[0m[0;34m1[0;34m1[0;34m1[0;34m1[0;34m1
[0mExit code: 0
‚ö†Ô∏è No Valgrind alerts, but with leaks[0m  
==12406== Memcheck, a memory error detector
==12406== Copyright (C) 2002-2022, and GNU GPL'd, by Julian Seward et al.
==12406== Using Valgrind-3.22.0 and LibVEX; rerun with -h for copyright info
==12406== Command: ./cub3d ./maps/bad/file_letter_end.cub
==12406== Parent PID: 12317
==12406== 
==12406== 
==12406== HEAP SUMMARY:
==12406==     in use at exit: 1,135 bytes in 78 blocks
==12406==   total heap usage: 227 allocs, 149 frees, 12,149 bytes allocated
==12406== 
==12406== LEAK SUMMARY:
==12406==    definitely lost: 691 bytes in 10 blocks
==12406==    indirectly lost: 444 bytes in 68 blocks
==12406==      possibly lost: 0 bytes in 0 blocks
==12406==    still reachable: 0 bytes in 0 blocks
==12406==         suppressed: 0 bytes in 0 blocks
==12406== Rerun with --leak-check=full to see details of leaked memory
==12406== 
==12406== For lists of detected and suppressed errors, rerun with: -s
==12406== ERROR SUMMARY: 0 errors from 0 contexts (suppressed: 0 from 0)
Running valgrind on ./maps/bad/filetype_missing...
[0;31m Error:[Check args] no map or invalid map extension
[0m Exit code: 1
[0;32m‚úÖ No Valgrind alerts, no leaks[0m  
==12437== Memcheck, a memory error detector
==12437== Copyright (C) 2002-2022, and GNU GPL'd, by Julian Seward et al.
==12437== Using Valgrind-3.22.0 and LibVEX; rerun with -h for copyright info
==12437== Command: ./cub3d ./maps/bad/filetype_missing
==12437== Parent PID: 12317
==12437== 
==12437== 
==12437== HEAP SUMMARY:
==12437==     in use at exit: 0 bytes in 0 blocks
==12437==   total heap usage: 3 allocs, 3 frees, 144 bytes allocated
==12437== 
==12437== All heap blocks were freed -- no leaks are possible
==12437== 
==12437== For lists of detected and suppressed errors, rerun with: -s
==12437== ERROR SUMMARY: 0 errors from 0 contexts (suppressed: 0 from 0)
Running valgrind on ./maps/bad/filetype_wrong.buc...
[0;31m Error:[Check args] no map or invalid map extension
[0m Exit code: 1
[0;32m‚úÖ No Valgrind alerts, no leaks[0m  
==12440== Memcheck, a memory error detector
==12440== Copyright (C) 2002-2022, and GNU GPL'd, by Julian Seward et al.
==12440== Using Valgrind-3.22.0 and LibVEX; rerun with -h for copyright info
==12440== Command: ./cub3d ./maps/bad/filetype_wrong.buc
==12440== Parent PID: 12317
==12440== 
==12440== 
==12440== HEAP SUMMARY:
==12440==     in use at exit: 0 bytes in 0 blocks
==12440==   total heap usage: 3 allocs, 3 frees, 144 bytes allocated
==12440== 
==12440== All heap blocks were freed -- no leaks are possible
==12440== 
==12440== For lists of detected and suppressed errors, rerun with: -s
==12440== ERROR SUMMARY: 0 errors from 0 contexts (suppressed: 0 from 0)
Running valgrind on ./maps/bad/map_first.cub...

[0;31m Error:[Map start] No map or incorrect placement
[0m [0;34m1[0;34m1[0;34m1[0;34m1[0;34m1
[0m[0;34m1[0;34m0[0;34m0[0;34m0[0;34m1
[0m[0;34m1[0;34m0[0;34mS[0;34m0[0;34m1
[0m[0;34m1[0;34m0[0;34m0[0;34m0[0;34m1
[0m[0;34m1[0;34m0[0;34m0[0;34m0[0;34m1
[0m[0;34m1[0;34m0[0;34m0[0;34m0[0;34m1
[0m[0;34m1[0;34m1[0;34m0[0;34m0[0;34m1
[0m[0;34m1[0;34m0[0;34m0[0;34m0[0;34m1
[0m[0;34m1[0;34m0[0;34m0[0;34m0[0;34m1
[0m[0;34m1[0;34m0[0;34m0[0;34m0[0;34m1
[0m[0;34m1[0;34m0[0;34m0[0;34m0[0;34m1
[0m[0;34m1[0;34m0[0;34m0[0;34m0[0;34m1
[0m[0;34m1[0;34m1[0;34m1[0;34m1[0;34m1
[0m
[0m[0;34mN[0;34mO[0;34m [0;34mt[0;34me[0;34mx[0;34mt[0;34mu[0;34mr[0;34me[0;34ms[0;34m/[0;34mt[0;34me[0;34ms[0;34mt[0;34m/[0;34mn[0;34mo[0;34mr[0;34mt[0;34mh[0;34m.[0;34mx[0;34mp[0;34mm
[0m[0;34mS[0;34mO[0;34m [0;34mt[0;34me[0;34mx[0;34mt[0;34mu[0;34mr[0;34me[0;34ms[0;34m/[0;34mt[0;34me[0;34ms[0;34mt[0;34m/[0;34ms[0;34mo[0;34mu[0;34mt[0;34mh[0;34m.[0;34mx[0;34mp[0;34mm
[0m[0;34mW[0;34mE[0;34m [0;34mt[0;34me[0;34mx[0;34mt[0;34mu[0;34mr[0;34me[0;34ms[0;34m/[0;34mt[0;34me[0;34ms[0;34mt[0;34m/[0;34mw[0;34me[0;34ms[0;34mt[0;34m.[0;34mx[0;34mp[0;34mm
[0m[0;34mE[0;34mA[0;34m [0;34mt[0;34me[0;34mx[0;34mt[0;34mu[0;34mr[0;34me[0;34ms[0;34m/[0;34mt[0;34me[0;34ms[0;34mt[0;34m/[0;34me[0;34ma[0;34ms[0;34mt[0;34m.[0;34mx[0;34mp[0;34mm
[0m
[0m[0;34mF[0;34m [0;34m2[0;34m0[0;34m,[0;34m2[0;34m0[0;34m,[0;34m2[0;34m0
[0m[0;34mC[0;34m [0;34m2[0;34m0[0;34m0[0;34m,[0;34m2[0;34m0[0;34m0[0;34m,[0;34m2[0;34m0[0;34m0
[0mExit code: 1
‚ö†Ô∏è No Valgrind alerts, but with leaks[0m  
==12484== Memcheck, a memory error detector
==12484== Copyright (C) 2002-2022, and GNU GPL'd, by Julian Seward et al.
==12484== Using Valgrind-3.22.0 and LibVEX; rerun with -h for copyright info
==12484== Command: ./cub3d ./maps/bad/map_first.cub
==12484== Parent PID: 12317
==12484== 
==12484== 
==12484== HEAP SUMMARY:
==12484==     in use at exit: 408 bytes in 22 blocks
==12484==   total heap usage: 99 allocs, 77 frees, 7,572 bytes allocated
==12484== 
==12484== LEAK SUMMARY:
==12484==    definitely lost: 176 bytes in 1 blocks
==12484==    indirectly lost: 232 bytes in 21 blocks
==12484==      possibly lost: 0 bytes in 0 blocks
==12484==    still reachable: 0 bytes in 0 blocks
==12484==         suppressed: 0 bytes in 0 blocks
==12484== Rerun with --leak-check=full to see details of leaked memory
==12484== 
==12484== For lists of detected and suppressed errors, rerun with: -s
==12484== ERROR SUMMARY: 0 errors from 0 contexts (suppressed: 0 from 0)
Running valgrind on ./maps/bad/map_middle.cub...

[0;31m Error:[Map check in file] Invalid map placement or format
[0m [0;34mN[0;34mO[0;34m [0;34mt[0;34me[0;34mx[0;34mt[0;34mu[0;34mr[0;34me[0;34ms[0;34m/[0;34mt[0;34me[0;34ms[0;34mt[0;34m/[0;34mn[0;34mo[0;34mr[0;34mt[0;34mh[0;34m.[0;34mx[0;34mp[0;34mm
[0m[0;34mS[0;34mO[0;34m [0;34mt[0;34me[0;34mx[0;34mt[0;34mu[0;34mr[0;34me[0;34ms[0;34m/[0;34mt[0;34me[0;34ms[0;34mt[0;34m/[0;34ms[0;34mo[0;34mu[0;34mt[0;34mh[0;34m.[0;34mx[0;34mp[0;34mm
[0m[0;34mW[0;34mE[0;34m [0;34mt[0;34me[0;34mx[0;34mt[0;34mu[0;34mr[0;34me[0;34ms[0;34m/[0;34mt[0;34me[0;34ms[0;34mt[0;34m/[0;34mw[0;34me[0;34ms[0;34mt[0;34m.[0;34mx[0;34mp[0;34mm
[0m[0;34mE[0;34mA[0;34m [0;34mt[0;34me[0;34mx[0;34mt[0;34mu[0;34mr[0;34me[0;34ms[0;34m/[0;34mt[0;34me[0;34ms[0;34mt[0;34m/[0;34me[0;34ma[0;34ms[0;34mt[0;34m.[0;34mx[0;34mp[0;34mm
[0m
[0m[0;34m1[0;34m1[0;34m1[0;34m1[0;34m1
[0m[0;34m1[0;34m0[0;34m0[0;34m0[0;34m1
[0m[0;34m1[0;34m0[0;34mS[0;34m0[0;34m1
[0m[0;34m1[0;34m0[0;34m0[0;34m0[0;34m1
[0m[0;34m1[0;34m0[0;34m0[0;34m0[0;34m1
[0m[0;34m1[0;34m0[0;34m0[0;34m0[0;34m1
[0m[0;34m1[0;34m1[0;34m0[0;34m0[0;34m1
[0m[0;34m1[0;34m0[0;34m0[0;34m0[0;34m1
[0m[0;34m1[0;34m0[0;34m0[0;34m0[0;34m1
[0m[0;34m1[0;34m0[0;34m0[0;34m0[0;34m1
[0m[0;34m1[0;34m0[0;34m0[0;34m0[0;34m1
[0m[0;34m1[0;34m0[0;34m0[0;34m0[0;34m1
[0m[0;34m1[0;34m1[0;34m1[0;34m1[0;34m1
[0m
[0m[0;34mF[0;34m [0;34m2[0;34m0[0;34m,[0;34m2[0;34m0[0;34m,[0;34m2[0;34m0
[0m[0;34mC[0;34m [0;34m2[0;34m0[0;34m0[0;34m,[0;34m2[0;34m0[0;34m0[0;34m,[0;34m2[0;34m0[0;34m0
[0m
[0m
[0mExit code: 1
‚ö†Ô∏è No Valgrind alerts, but with leaks[0m  
==12487== Memcheck, a memory error detector
==12487== Copyright (C) 2002-2022, and GNU GPL'd, by Julian Seward et al.
==12487== Using Valgrind-3.22.0 and LibVEX; rerun with -h for copyright info
==12487== Command: ./cub3d ./maps/bad/map_middle.cub
==12487== Parent PID: 12317
==12487== 
==12487== 
==12487== HEAP SUMMARY:
==12487==     in use at exit: 428 bytes in 24 blocks
==12487==   total heap usage: 107 allocs, 83 frees, 8,059 bytes allocated
==12487== 
==12487== LEAK SUMMARY:
==12487==    definitely lost: 192 bytes in 1 blocks
==12487==    indirectly lost: 236 bytes in 23 blocks
==12487==      possibly lost: 0 bytes in 0 blocks
==12487==    still reachable: 0 bytes in 0 blocks
==12487==         suppressed: 0 bytes in 0 blocks
==12487== Rerun with --leak-check=full to see details of leaked memory
==12487== 
==12487== For lists of detected and suppressed errors, rerun with: -s
==12487== ERROR SUMMARY: 0 errors from 0 contexts (suppressed: 0 from 0)
Running valgrind on ./maps/bad/map_missing.cub...

[0;31m Error:[Map start] No map or incorrect placement
[0m [0;34mN[0;34mO[0;34m [0;34mt[0;34me[0;34mx[0;34mt[0;34mu[0;34mr[0;34me[0;34ms[0;34m/[0;34mt[0;34me[0;34ms[0;34mt[0;34m/[0;34mn[0;34mo[0;34mr[0;34mt[0;34mh[0;34m.[0;34mx[0;34mp[0;34mm
[0m[0;34mS[0;34mO[0;34m [0;34mt[0;34me[0;34mx[0;34mt[0;34mu[0;34mr[0;34me[0;34ms[0;34m/[0;34mt[0;34me[0;34ms[0;34mt[0;34m/[0;34ms[0;34mo[0;34mu[0;34mt[0;34mh[0;34m.[0;34mx[0;34mp[0;34mm
[0m[0;34mW[0;34mE[0;34m [0;34mt[0;34me[0;34mx[0;34mt[0;34mu[0;34mr[0;34me[0;34ms[0;34m/[0;34mt[0;34me[0;34ms[0;34mt[0;34m/[0;34mw[0;34me[0;34ms[0;34mt[0;34m.[0;34mx[0;34mp[0;34mm
[0m[0;34mE[0;34mA[0;34m [0;34mt[0;34me[0;34mx[0;34mt[0;34mu[0;34mr[0;34me[0;34ms[0;34m/[0;34mt[0;34me[0;34ms[0;34mt[0;34m/[0;34me[0;34ma[0;34ms[0;34mt[0;34m.[0;34mx[0;34mp[0;34mm
[0m
[0m[0;34mF[0;34m [0;34m2[0;34m0[0;34m,[0;34m2[0;34m0[0;34m,[0;34m2[0;34m0
[0m[0;34mC[0;34m [0;34m2[0;34m0[0;34m0[0;34m,[0;34m2[0;34m0[0;34m0[0;34m,[0;34m2[0;34m0[0;34m0
[0m
[0mExit code: 1
‚ö†Ô∏è No Valgrind alerts, but with leaks[0m  
==12490== Memcheck, a memory error detector
==12490== Copyright (C) 2002-2022, and GNU GPL'd, by Julian Seward et al.
==12490== Using Valgrind-3.22.0 and LibVEX; rerun with -h for copyright info
==12490== Command: ./cub3d ./maps/bad/map_missing.cub
==12490== Parent PID: 12317
==12490== 
==12490== 
==12490== HEAP SUMMARY:
==12490==     in use at exit: 213 bytes in 9 blocks
==12490==   total heap usage: 44 allocs, 35 frees, 5,280 bytes allocated
==12490== 
==12490== LEAK SUMMARY:
==12490==    definitely lost: 72 bytes in 1 blocks
==12490==    indirectly lost: 141 bytes in 8 blocks
==12490==      possibly lost: 0 bytes in 0 blocks
==12490==    still reachable: 0 bytes in 0 blocks
==12490==         suppressed: 0 bytes in 0 blocks
==12490== Rerun with --leak-check=full to see details of leaked memory
==12490== 
==12490== For lists of detected and suppressed errors, rerun with: -s
==12490== ERROR SUMMARY: 0 errors from 0 contexts (suppressed: 0 from 0)
Running valgrind on ./maps/bad/map_only.cub...

[0;31m Error:[Map start] No map or incorrect placement
[0m [0;34m1[0;34m1[0;34m1[0;34m1[0;34m1
[0m[0;34m1[0;34m0[0;34m0[0;34m0[0;34m1
[0m[0;34m1[0;34m0[0;34mS[0;34m0[0;34m1
[0m[0;34m1[0;34m0[0;34m0[0;34m0[0;34m1
[0m[0;34m1[0;34m0[0;34m0[0;34m0[0;34m1
[0m[0;34m1[0;34m0[0;34m0[0;34m0[0;34m1
[0m[0;34m1[0;34m1[0;34m0[0;34m0[0;34m1
[0m[0;34m1[0;34m0[0;34m0[0;34m0[0;34m1
[0m[0;34m1[0;34m0[0;34m0[0;34m0[0;34m1
[0m[0;34m1[0;34m0[0;34m0[0;34m0[0;34m1
[0m[0;34m1[0;34m0[0;34m0[0;34m0[0;34m1
[0m[0;34m1[0;34m0[0;34m0[0;34m0[0;34m1
[0m[0;34m1[0;34m1[0;34m1[0;34m1[0;34m1
[0mExit code: 1
‚ö†Ô∏è No Valgrind alerts, but with leaks[0m  
==12493== Memcheck, a memory error detector
==12493== Copyright (C) 2002-2022, and GNU GPL'd, by Julian Seward et al.
==12493== Using Valgrind-3.22.0 and LibVEX; rerun with -h for copyright info
==12493== Command: ./cub3d ./maps/bad/map_only.cub
==12493== Parent PID: 12317
==12493== 
==12493== 
==12493== HEAP SUMMARY:
==12493==     in use at exit: 203 bytes in 14 blocks
==12493==   total heap usage: 62 allocs, 48 frees, 5,730 bytes allocated
==12493== 
==12493== LEAK SUMMARY:
==12493==    definitely lost: 112 bytes in 1 blocks
==12493==    indirectly lost: 91 bytes in 13 blocks
==12493==      possibly lost: 0 bytes in 0 blocks
==12493==    still reachable: 0 bytes in 0 blocks
==12493==         suppressed: 0 bytes in 0 blocks
==12493== Rerun with --leak-check=full to see details of leaked memory
==12493== 
==12493== For lists of detected and suppressed errors, rerun with: -s
==12493== ERROR SUMMARY: 0 errors from 0 contexts (suppressed: 0 from 0)
Running valgrind on ./maps/bad/map_too_small.cub...

[0;32m[Debug info] map end:[0m9
[0;32m[Debug info] map height:[0m2
[0;31m Error:[Map check in file] Invalid map size
[0m [0;34mN[0;34mO[0;34m [0;34mt[0;34me[0;34mx[0;34mt[0;34mu[0;34mr[0;34me[0;34ms[0;34m/[0;34mt[0;34me[0;34ms[0;34mt[0;34m/[0;34mn[0;34mo[0;34mr[0;34mt[0;34mh[0;34m.[0;34mx[0;34mp[0;34mm
[0m[0;34mS[0;34mO[0;34m [0;34mt[0;34me[0;34mx[0;34mt[0;34mu[0;34mr[0;34me[0;34ms[0;34m/[0;34mt[0;34me[0;34ms[0;34mt[0;34m/[0;34ms[0;34mo[0;34mu[0;34mt[0;34mh[0;34m.[0;34mx[0;34mp[0;34mm
[0m[0;34mW[0;34mE[0;34m [0;34mt[0;34me[0;34mx[0;34mt[0;34mu[0;34mr[0;34me[0;34ms[0;34m/[0;34mt[0;34me[0;34ms[0;34mt[0;34m/[0;34mw[0;34me[0;34ms[0;34mt[0;34m.[0;34mx[0;34mp[0;34mm
[0m[0;34mE[0;34mA[0;34m [0;34mt[0;34me[0;34mx[0;34mt[0;34mu[0;34mr[0;34me[0;34ms[0;34m/[0;34mt[0;34me[0;34ms[0;34mt[0;34m/[0;34me[0;34ma[0;34ms[0;34mt[0;34m.[0;34mx[0;34mp[0;34mm
[0m
[0m[0;34mF[0;34m [0;34m2[0;34m0[0;34m,[0;34m2[0;34m0[0;34m,[0;34m2[0;34m0
[0m[0;34mC[0;34m [0;34m2[0;34m0[0;34m0[0;34m,[0;34m2[0;34m0[0;34m0[0;34m,[0;34m2[0;34m0[0;34m0
[0m
[0m[0;34m1[0;34m1[0;34m1
[0m[0;34m1[0;34m1[0;34m1
[0mExit code: 1
‚ö†Ô∏è No Valgrind alerts, but with leaks[0m  
==12496== Memcheck, a memory error detector
==12496== Copyright (C) 2002-2022, and GNU GPL'd, by Julian Seward et al.
==12496== Using Valgrind-3.22.0 and LibVEX; rerun with -h for copyright info
==12496== Command: ./cub3d ./maps/bad/map_too_small.cub
==12496== Parent PID: 12317
==12496== 
==12496== 
==12496== HEAP SUMMARY:
==12496==     in use at exit: 239 bytes in 11 blocks
==12496==   total heap usage: 52 allocs, 41 frees, 5,540 bytes allocated
==12496== 
==12496== LEAK SUMMARY:
==12496==    definitely lost: 88 bytes in 1 blocks
==12496==    indirectly lost: 151 bytes in 10 blocks
==12496==      possibly lost: 0 bytes in 0 blocks
==12496==    still reachable: 0 bytes in 0 blocks
==12496==         suppressed: 0 bytes in 0 blocks
==12496== Rerun with --leak-check=full to see details of leaked memory
==12496== 
==12496== For lists of detected and suppressed errors, rerun with: -s
==12496== ERROR SUMMARY: 0 errors from 0 contexts (suppressed: 0 from 0)
Running valgrind on ./maps/bad/player_multiple.cub...

[0;32m[Debug info] map end:[0m20
[0;32m[Debug info] map height:[0m13
[0;31m Error:[Map validation] invalid number of player 
[0m [0;34mN[0;34mO[0;34m [0;34mt[0;34me[0;34mx[0;34mt[0;34mu[0;34mr[0;34me[0;34ms[0;34m/[0;34mt[0;34me[0;34ms[0;34mt[0;34m/[0;34mn[0;34mo[0;34mr[0;34mt[0;34mh[0;34m.[0;34mx[0;34mp[0;34mm
[0m[0;34mS[0;34mO[0;34m [0;34mt[0;34me[0;34mx[0;34mt[0;34mu[0;34mr[0;34me[0;34ms[0;34m/[0;34mt[0;34me[0;34ms[0;34mt[0;34m/[0;34ms[0;34mo[0;34mu[0;34mt[0;34mh[0;34m.[0;34mx[0;34mp[0;34mm
[0m[0;34mW[0;34mE[0;34m [0;34mt[0;34me[0;34mx[0;34mt[0;34mu[0;34mr[0;34me[0;34ms[0;34m/[0;34mt[0;34me[0;34ms[0;34mt[0;34m/[0;34mw[0;34me[0;34ms[0;34mt[0;34m.[0;34mx[0;34mp[0;34mm
[0m[0;34mE[0;34mA[0;34m [0;34mt[0;34me[0;34mx[0;34mt[0;34mu[0;34mr[0;34me[0;34ms[0;34m/[0;34mt[0;34me[0;34ms[0;34mt[0;34m/[0;34me[0;34ma[0;34ms[0;34mt[0;34m.[0;34mx[0;34mp[0;34mm
[0m
[0m[0;34mF[0;34m [0;34m2[0;34m0[0;34m,[0;34m2[0;34m0[0;34m,[0;34m2[0;34m0
[0m[0;34mC[0;34m [0;34m2[0;34m0[0;34m0[0;34m,[0;34m2[0;34m0[0;34m0[0;34m,[0;34m2[0;34m0[0;34m0
[0m
[0m[0;34m1[0;34m1[0;34m1[0;34m1[0;34m1
[0m[0;34m1[0;34m0[0;34m0[0;34m0[0;34m1
[0m[0;34m1[0;34m0[0;34mS[0;34m0[0;34m1
[0m[0;34m1[0;34m0[0;34m0[0;34m0[0;34m1
[0m[0;34m1[0;34m0[0;34m0[0;34m0[0;34m1
[0m[0;34m1[0;34m0[0;34m0[0;34m0[0;34m1
[0m[0;34m1[0;34m1[0;34mE[0;34m0[0;34m1
[0m[0;34m1[0;34m0[0;34m0[0;34m0[0;34m1
[0m[0;34m1[0;34m0[0;34m0[0;34m0[0;34m1
[0m[0;34m1[0;34m0[0;34m0[0;34m0[0;34m1
[0m[0;34m1[0;34m0[0;34m0[0;34m0[0;34m1
[0m[0;34m1[0;34m0[0;34m0[0;34m0[0;34m1
[0m[0;34m1[0;34m1[0;34m1[0;34m1[0;34m1
[0mExit code: 1
‚ö†Ô∏è No Valgrind alerts, but with leaks[0m  
==12499== Memcheck, a memory error detector
==12499== Copyright (C) 2002-2022, and GNU GPL'd, by Julian Seward et al.
==12499== Using Valgrind-3.22.0 and LibVEX; rerun with -h for copyright info
==12499== Command: ./cub3d ./maps/bad/player_multiple.cub
==12499== Parent PID: 12317
==12499== 
==12499== 
==12499== HEAP SUMMARY:
==12499==     in use at exit: 598 bytes in 36 blocks
==12499==   total heap usage: 126 allocs, 90 frees, 7,925 bytes allocated
==12499== 
==12499== LEAK SUMMARY:
==12499==    definitely lost: 288 bytes in 2 blocks
==12499==    indirectly lost: 310 bytes in 34 blocks
==12499==      possibly lost: 0 bytes in 0 blocks
==12499==    still reachable: 0 bytes in 0 blocks
==12499==         suppressed: 0 bytes in 0 blocks
==12499== Rerun with --leak-check=full to see details of leaked memory
==12499== 
==12499== For lists of detected and suppressed errors, rerun with: -s
==12499== ERROR SUMMARY: 0 errors from 0 contexts (suppressed: 0 from 0)
Running valgrind on ./maps/bad/player_none.cub...

[0;32m[Debug info] map end:[0m20
[0;32m[Debug info] map height:[0m13
[0;31m Error:[Map validation] invalid number of player 
[0m [0;34mN[0;34mO[0;34m [0;34mt[0;34me[0;34mx[0;34mt[0;34mu[0;34mr[0;34me[0;34ms[0;34m/[0;34mt[0;34me[0;34ms[0;34mt[0;34m/[0;34mn[0;34mo[0;34mr[0;34mt[0;34mh[0;34m.[0;34mx[0;34mp[0;34mm
[0m[0;34mS[0;34mO[0;34m [0;34mt[0;34me[0;34mx[0;34mt[0;34mu[0;34mr[0;34me[0;34ms[0;34m/[0;34mt[0;34me[0;34ms[0;34mt[0;34m/[0;34ms[0;34mo[0;34mu[0;34mt[0;34mh[0;34m.[0;34mx[0;34mp[0;34mm
[0m[0;34mW[0;34mE[0;34m [0;34mt[0;34me[0;34mx[0;34mt[0;34mu[0;34mr[0;34me[0;34ms[0;34m/[0;34mt[0;34me[0;34ms[0;34mt[0;34m/[0;34mw[0;34me[0;34ms[0;34mt[0;34m.[0;34mx[0;34mp[0;34mm
[0m[0;34mE[0;34mA[0;34m [0;34mt[0;34me[0;34mx[0;34mt[0;34mu[0;34mr[0;34me[0;34ms[0;34m/[0;34mt[0;34me[0;34ms[0;34mt[0;34m/[0;34me[0;34ma[0;34ms[0;34mt[0;34m.[0;34mx[0;34mp[0;34mm
[0m
[0m[0;34mF[0;34m [0;34m2[0;34m0[0;34m,[0;34m2[0;34m0[0;34m,[0;34m2[0;34m0
[0m[0;34mC[0;34m [0;34m2[0;34m0[0;34m0[0;34m,[0;34m2[0;34m0[0;34m0[0;34m,[0;34m2[0;34m0[0;34m0
[0m
[0m[0;34m1[0;34m1[0;34m1[0;34m1[0;34m1
[0m[0;34m1[0;34m0[0;34m0[0;34m0[0;34m1
[0m[0;34m1[0;34m0[0;34m0[0;34m0[0;34m1
[0m[0;34m1[0;34m0[0;34m0[0;34m0[0;34m1
[0m[0;34m1[0;34m0[0;34m0[0;34m0[0;34m1
[0m[0;34m1[0;34m0[0;34m0[0;34m0[0;34m1
[0m[0;34m1[0;34m1[0;34m0[0;34m0[0;34m1
[0m[0;34m1[0;34m0[0;34m0[0;34m0[0;34m1
[0m[0;34m1[0;34m0[0;34m0[0;34m0[0;34m1
[0m[0;34m1[0;34m0[0;34m0[0;34m0[0;34m1
[0m[0;34m1[0;34m0[0;34m0[0;34m0[0;34m1
[0m[0;34m1[0;34m0[0;34m0[0;34m0[0;34m1
[0m[0;34m1[0;34m1[0;34m1[0;34m1[0;34m1
[0mExit code: 1
‚ö†Ô∏è No Valgrind alerts, but with leaks[0m  
==12502== Memcheck, a memory error detector
==12502== Copyright (C) 2002-2022, and GNU GPL'd, by Julian Seward et al.
==12502== Using Valgrind-3.22.0 and LibVEX; rerun with -h for copyright info
==12502== Command: ./cub3d ./maps/bad/player_none.cub
==12502== Parent PID: 12317
==12502== 
==12502== 
==12502== HEAP SUMMARY:
==12502==     in use at exit: 598 bytes in 36 blocks
==12502==   total heap usage: 126 allocs, 90 frees, 7,925 bytes allocated
==12502== 
==12502== LEAK SUMMARY:
==12502==    definitely lost: 288 bytes in 2 blocks
==12502==    indirectly lost: 310 bytes in 34 blocks
==12502==      possibly lost: 0 bytes in 0 blocks
==12502==    still reachable: 0 bytes in 0 blocks
==12502==         suppressed: 0 bytes in 0 blocks
==12502== Rerun with --leak-check=full to see details of leaked memory
==12502== 
==12502== For lists of detected and suppressed errors, rerun with: -s
==12502== ERROR SUMMARY: 0 errors from 0 contexts (suppressed: 0 from 0)
Running valgrind on ./maps/bad/player_on_edge.cub...

[0;32m[Debug info] map end:[0m20
[0;32m[Debug info] map height:[0m13
[0;31m Error:[Walls check] incorrect horizontal walls
[0m [0;34mN[0;34mO[0;34m [0;34mt[0;34me[0;34mx[0;34mt[0;34mu[0;34mr[0;34me[0;34ms[0;34m/[0;34mt[0;34me[0;34ms[0;34mt[0;34m/[0;34mn[0;34mo[0;34mr[0;34mt[0;34mh[0;34m.[0;34mx[0;34mp[0;34mm
[0m[0;34mS[0;34mO[0;34m [0;34mt[0;34me[0;34mx[0;34mt[0;34mu[0;34mr[0;34me[0;34ms[0;34m/[0;34mt[0;34me[0;34ms[0;34mt[0;34m/[0;34ms[0;34mo[0;34mu[0;34mt[0;34mh[0;34m.[0;34mx[0;34mp[0;34mm
[0m[0;34mW[0;34mE[0;34m [0;34mt[0;34me[0;34mx[0;34mt[0;34mu[0;34mr[0;34me[0;34ms[0;34m/[0;34mt[0;34me[0;34ms[0;34mt[0;34m/[0;34mw[0;34me[0;34ms[0;34mt[0;34m.[0;34mx[0;34mp[0;34mm
[0m[0;34mE[0;34mA[0;34m [0;34mt[0;34me[0;34mx[0;34mt[0;34mu[0;34mr[0;34me[0;34ms[0;34m/[0;34mt[0;34me[0;34ms[0;34mt[0;34m/[0;34me[0;34ma[0;34ms[0;34mt[0;34m.[0;34mx[0;34mp[0;34mm
[0m
[0m[0;34mF[0;34m [0;34m2[0;34m0[0;34m,[0;34m2[0;34m0[0;34m,[0;34m2[0;34m0
[0m[0;34mC[0;34m [0;34m2[0;34m0[0;34m0[0;34m,[0;34m2[0;34m0[0;34m0[0;34m,[0;34m2[0;34m0[0;34m0
[0m
[0m[0;34m1[0;34mS[0;34m1[0;34m1[0;34m1
[0m[0;34m1[0;34m0[0;34m0[0;34m0[0;34m1
[0m[0;34m1[0;34m0[0;34m0[0;34m0[0;34m1
[0m[0;34m1[0;34m0[0;34m0[0;34m0[0;34m1
[0m[0;34m1[0;34m0[0;34m0[0;34m0[0;34m1
[0m[0;34m1[0;34m0[0;34m0[0;34m0[0;34m1
[0m[0;34m1[0;34m1[0;34m0[0;34m0[0;34m1
[0m[0;34m1[0;34m0[0;34m0[0;34m0[0;34m1
[0m[0;34m1[0;34m0[0;34m0[0;34m0[0;34m1
[0m[0;34m1[0;34m0[0;34m0[0;34m0[0;34m1
[0m[0;34m1[0;34m0[0;34m0[0;34m0[0;34m1
[0m[0;34m1[0;34m0[0;34m0[0;34m0[0;34m1
[0m[0;34m1[0;34m1[0;34m1[0;34m1[0;34m1
[0mExit code: 1
‚ö†Ô∏è No Valgrind alerts, but with leaks[0m  
==12533== Memcheck, a memory error detector
==12533== Copyright (C) 2002-2022, and GNU GPL'd, by Julian Seward et al.
==12533== Using Valgrind-3.22.0 and LibVEX; rerun with -h for copyright info
==12533== Command: ./cub3d ./maps/bad/player_on_edge.cub
==12533== Parent PID: 12317
==12533== 
==12533== 
==12533== HEAP SUMMARY:
==12533==     in use at exit: 598 bytes in 36 blocks
==12533==   total heap usage: 126 allocs, 90 frees, 7,925 bytes allocated
==12533== 
==12533== LEAK SUMMARY:
==12533==    definitely lost: 288 bytes in 2 blocks
==12533==    indirectly lost: 310 bytes in 34 blocks
==12533==      possibly lost: 0 bytes in 0 blocks
==12533==    still reachable: 0 bytes in 0 blocks
==12533==         suppressed: 0 bytes in 0 blocks
==12533== Rerun with --leak-check=full to see details of leaked memory
==12533== 
==12533== For lists of detected and suppressed errors, rerun with: -s
==12533== ERROR SUMMARY: 0 errors from 0 contexts (suppressed: 0 from 0)
Running valgrind on ./maps/bad/textures_dir.cub...

[0;32m[Debug info] map end:[0m20
[0;32m[Debug info] map height:[0m13
[0;31m Error:[Texture verification] invalid texture format
[0m [0;34mN[0;34mO[0;34m [0;34mt[0;34me[0;34mx[0;34mt[0;34mu[0;34mr[0;34me[0;34ms[0;34m/[0;34mt[0;34me[0;34ms[0;34mt[0;34m/[0;34mn[0;34mo[0;34mr[0;34mt[0;34mh[0;34m.[0;34mx[0;34mp[0;34mm
[0m[0;34mS[0;34mO[0;34m [0;34mt[0;34me[0;34mx[0;34mt[0;34mu[0;34mr[0;34me[0;34ms[0;34m/[0;34mt[0;34me[0;34ms[0;34mt[0;34m/[0;34ms[0;34mo[0;34mu[0;34mt[0;34mh[0;34m.[0;34mx[0;34mp[0;34mm
[0m[0;34mW[0;34mE[0;34m [0;34mt[0;34me[0;34mx[0;34mt[0;34mu[0;34mr[0;34me[0;34ms[0;34m/[0;34mt[0;34me[0;34ms[0;34mt[0;34m/[0;34mw[0;34me[0;34ms[0;34mt[0;34m.[0;34mx[0;34mp[0;34mm
[0m[0;34mE[0;34mA[0;34m [0;34mt[0;34me[0;34mx[0;34mt[0;34mu[0;34mr[0;34me[0;34ms[0;34m/[0;34mt[0;34me[0;34ms[0;34mt[0;34m/
[0m
[0m[0;34mF[0;34m [0;34m2[0;34m0[0;34m,[0;34m2[0;34m0[0;34m,[0;34m2[0;34m0
[0m[0;34mC[0;34m [0;34m2[0;34m0[0;34m0[0;34m,[0;34m2[0;34m0[0;34m0[0;34m,[0;34m2[0;34m0[0;34m0
[0m
[0m[0;34m1[0;34m1[0;34m1[0;34m1[0;34m1
[0m[0;34m1[0;34m0[0;34m0[0;34m0[0;34m1
[0m[0;34m1[0;34m0[0;34mS[0;34m0[0;34m1
[0m[0;34m1[0;34m0[0;34m0[0;34m0[0;34m1
[0m[0;34m1[0;34m0[0;34m0[0;34m0[0;34m1
[0m[0;34m1[0;34m0[0;34m0[0;34m0[0;34m1
[0m[0;34m1[0;34m1[0;34m0[0;34m0[0;34m1
[0m[0;34m1[0;34m0[0;34m0[0;34m0[0;34m1
[0m[0;34m1[0;34m0[0;34m0[0;34m0[0;34m1
[0m[0;34m1[0;34m0[0;34m0[0;34m0[0;34m1
[0m[0;34m1[0;34m0[0;34m0[0;34m0[0;34m1
[0m[0;34m1[0;34m0[0;34m0[0;34m0[0;34m1
[0m[0;34m1[0;34m1[0;34m1[0;34m1[0;34m1
[0mExit code: 1
‚ö†Ô∏è No Valgrind alerts, but with leaks[0m  
==12577== Memcheck, a memory error detector
==12577== Copyright (C) 2002-2022, and GNU GPL'd, by Julian Seward et al.
==12577== Using Valgrind-3.22.0 and LibVEX; rerun with -h for copyright info
==12577== Command: ./cub3d ./maps/bad/textures_dir.cub
==12577== Parent PID: 12317
==12577== 
==12577== 
==12577== HEAP SUMMARY:
==12577==     in use at exit: 676 bytes in 40 blocks
==12577==   total heap usage: 130 allocs, 90 frees, 7,985 bytes allocated
==12577== 
==12577== LEAK SUMMARY:
==12577==    definitely lost: 374 bytes in 6 blocks
==12577==    indirectly lost: 302 bytes in 34 blocks
==12577==      possibly lost: 0 bytes in 0 blocks
==12577==    still reachable: 0 bytes in 0 blocks
==12577==         suppressed: 0 bytes in 0 blocks
==12577== Rerun with --leak-check=full to see details of leaked memory
==12577== 
==12577== For lists of detected and suppressed errors, rerun with: -s
==12577== ERROR SUMMARY: 0 errors from 0 contexts (suppressed: 0 from 0)
Running valgrind on ./maps/bad/textures_duplicates.cub...

[0;32m[Debug info] map end:[0m21
[0;32m[Debug info] map height:[0m13
[0;31m Error:[Texture save] Duplicate found
[0m [0;34mN[0;34mO[0;34m [0;34mt[0;34me[0;34mx[0;34mt[0;34mu[0;34mr[0;34me[0;34ms[0;34m/[0;34mt[0;34me[0;34ms[0;34mt[0;34m/[0;34mn[0;34mo[0;34mr[0;34mt[0;34mh[0;34m.[0;34mx[0;34mp[0;34mm
[0m[0;34mS[0;34mO[0;34m [0;34mt[0;34me[0;34mx[0;34mt[0;34mu[0;34mr[0;34me[0;34ms[0;34m/[0;34mt[0;34me[0;34ms[0;34mt[0;34m/[0;34ms[0;34mo[0;34mu[0;34mt[0;34mh[0;34m.[0;34mx[0;34mp[0;34mm
[0m[0;34mW[0;34mE[0;34m [0;34mt[0;34me[0;34mx[0;34mt[0;34mu[0;34mr[0;34me[0;34ms[0;34m/[0;34mt[0;34me[0;34ms[0;34mt[0;34m/[0;34mw[0;34me[0;34ms[0;34mt[0;34m.[0;34mx[0;34mp[0;34mm
[0m[0;34mE[0;34mA[0;34m [0;34mt[0;34me[0;34mx[0;34mt[0;34mu[0;34mr[0;34me[0;34ms[0;34m/[0;34mt[0;34me[0;34ms[0;34mt[0;34m/[0;34me[0;34ma[0;34ms[0;34mt[0;34m.[0;34mx[0;34mp[0;34mm
[0m[0;34mE[0;34mA[0;34m [0;34mt[0;34me[0;34mx[0;34mt[0;34mu[0;34mr[0;34me[0;34ms[0;34m/[0;34mt[0;34me[0;34ms[0;34mt[0;34m/[0;34me[0;34ma[0;34ms[0;34mt[0;34m.[0;34mx[0;34mp[0;34mm
[0m
[0m[0;34mF[0;34m [0;34m2[0;34m0[0;34m,[0;34m2[0;34m0[0;34m,[0;34m2[0;34m0
[0m[0;34mC[0;34m [0;34m2[0;34m0[0;34m0[0;34m,[0;34m2[0;34m0[0;34m0[0;34m,[0;34m2[0;34m0[0;34m0
[0m
[0m[0;34m1[0;34m1[0;34m1[0;34m1[0;34m1
[0m[0;34m1[0;34m0[0;34m0[0;34m0[0;34m1
[0m[0;34m1[0;34m0[0;34mS[0;34m0[0;34m1
[0m[0;34m1[0;34m0[0;34m0[0;34m0[0;34m1
[0m[0;34m1[0;34m0[0;34m0[0;34m0[0;34m1
[0m[0;34m1[0;34m0[0;34m0[0;34m0[0;34m1
[0m[0;34m1[0;34m1[0;34m0[0;34m0[0;34m1
[0m[0;34m1[0;34m0[0;34m0[0;34m0[0;34m1
[0m[0;34m1[0;34m0[0;34m0[0;34m0[0;34m1
[0m[0;34m1[0;34m0[0;34m0[0;34m0[0;34m1
[0m[0;34m1[0;34m0[0;34m0[0;34m0[0;34m1
[0m[0;34m1[0;34m0[0;34m0[0;34m0[0;34m1
[0m[0;34m1[0;34m1[0;34m1[0;34m1[0;34m1
[0mExit code: 1
‚ö†Ô∏è No Valgrind alerts, but with leaks[0m  
==12580== Memcheck, a memory error detector
==12580== Copyright (C) 2002-2022, and GNU GPL'd, by Julian Seward et al.
==12580== Using Valgrind-3.22.0 and LibVEX; rerun with -h for copyright info
==12580== Command: ./cub3d ./maps/bad/textures_duplicates.cub
==12580== Parent PID: 12317
==12580== 
==12580== 
==12580== HEAP SUMMARY:
==12580==     in use at exit: 750 bytes in 42 blocks
==12580==   total heap usage: 136 allocs, 94 frees, 8,299 bytes allocated
==12580== 
==12580== LEAK SUMMARY:
==12580==    definitely lost: 413 bytes in 7 blocks
==12580==    indirectly lost: 337 bytes in 35 blocks
==12580==      possibly lost: 0 bytes in 0 blocks
==12580==    still reachable: 0 bytes in 0 blocks
==12580==         suppressed: 0 bytes in 0 blocks
==12580== Rerun with --leak-check=full to see details of leaked memory
==12580== 
==12580== For lists of detected and suppressed errors, rerun with: -s
==12580== ERROR SUMMARY: 0 errors from 0 contexts (suppressed: 0 from 0)
Running valgrind on ./maps/bad/textures_invalid.cub...

[0;32m[Debug info] map end:[0m20
[0;32m[Debug info] map height:[0m13
[0;31m Error:[Texture verification] invalid texture format
[0m [0;34mN[0;34mO[0;34m [0;34mt[0;34me[0;34mx[0;34mt[0;34mu[0;34mr[0;34me[0;34ms[0;34m/[0;34mt[0;34me[0;34ms[0;34mt[0;34m/[0;34mn[0;34mo[0;34mr[0;34mt[0;34mh[0;34m.[0;34mx[0;34mp[0;34mm
[0m[0;34mS[0;34mO[0;34m [0;34mt[0;34me[0;34mx[0;34mt[0;34mu[0;34mr[0;34me[0;34ms[0;34m/[0;34mt[0;34me[0;34ms[0;34mt[0;34m/[0;34ms[0;34mo[0;34mu[0;34mt[0;34mh[0;34m.[0;34mx[0;34mp[0;34mm
[0m[0;34mW[0;34mE[0;34m [0;34mt[0;34me[0;34mx[0;34mt[0;34mu[0;34mr[0;34me[0;34ms[0;34m/[0;34mt[0;34me[0;34ms[0;34mt[0;34m/[0;34mx
[0m[0;34mE[0;34mA[0;34m [0;34mt[0;34me[0;34mx[0;34mt[0;34mu[0;34mr[0;34me[0;34ms[0;34m/[0;34mt[0;34me[0;34ms[0;34mt[0;34m/[0;34me[0;34ma[0;34ms[0;34mt[0;34m.[0;34mx[0;34mp[0;34mm
[0m
[0m[0;34mF[0;34m [0;34m2[0;34m0[0;34m,[0;34m2[0;34m0[0;34m,[0;34m2[0;34m0
[0m[0;34mC[0;34m [0;34m2[0;34m0[0;34m0[0;34m,[0;34m2[0;34m0[0;34m0[0;34m,[0;34m2[0;34m0[0;34m0
[0m
[0m[0;34m1[0;34m1[0;34m1[0;34m1[0;34m1
[0m[0;34m1[0;34m0[0;34m0[0;34m0[0;34m1
[0m[0;34m1[0;34m0[0;34mS[0;34m0[0;34m1
[0m[0;34m1[0;34m0[0;34m0[0;34m0[0;34m1
[0m[0;34m1[0;34m0[0;34m0[0;34m0[0;34m1
[0m[0;34m1[0;34m0[0;34m0[0;34m0[0;34m1
[0m[0;34m1[0;34m1[0;34m0[0;34m0[0;34m1
[0m[0;34m1[0;34m0[0;34m0[0;34m0[0;34m1
[0m[0;34m1[0;34m0[0;34m0[0;34m0[0;34m1
[0m[0;34m1[0;34m0[0;34m0[0;34m0[0;34m1
[0m[0;34m1[0;34m0[0;34m0[0;34m0[0;34m1
[0m[0;34m1[0;34m0[0;34m0[0;34m0[0;34m1
[0m[0;34m1[0;34m1[0;34m1[0;34m1[0;34m1
[0mExit code: 1
‚ö†Ô∏è No Valgrind alerts, but with leaks[0m  
==12583== Memcheck, a memory error detector
==12583== Copyright (C) 2002-2022, and GNU GPL'd, by Julian Seward et al.
==12583== Using Valgrind-3.22.0 and LibVEX; rerun with -h for copyright info
==12583== Command: ./cub3d ./maps/bad/textures_invalid.cub
==12583== Parent PID: 12317
==12583== 
==12583== 
==12583== HEAP SUMMARY:
==12583==     in use at exit: 678 bytes in 40 blocks
==12583==   total heap usage: 130 allocs, 90 frees, 7,982 bytes allocated
==12583== 
==12583== LEAK SUMMARY:
==12583==    definitely lost: 375 bytes in 6 blocks
==12583==    indirectly lost: 303 bytes in 34 blocks
==12583==      possibly lost: 0 bytes in 0 blocks
==12583==    still reachable: 0 bytes in 0 blocks
==12583==         suppressed: 0 bytes in 0 blocks
==12583== Rerun with --leak-check=full to see details of leaked memory
==12583== 
==12583== For lists of detected and suppressed errors, rerun with: -s
==12583== ERROR SUMMARY: 0 errors from 0 contexts (suppressed: 0 from 0)
Running valgrind on ./maps/bad/textures_missing.cub...

[0;32m[Debug info] map end:[0m19
[0;32m[Debug info] map height:[0m13
[0;31m Error:[Texture] textures are not complete
[0m [0;34mS[0;34mO[0;34m [0;34mt[0;34me[0;34mx[0;34mt[0;34mu[0;34mr[0;34me[0;34ms[0;34m/[0;34mt[0;34me[0;34ms[0;34mt[0;34m/[0;34ms[0;34mo[0;34mu[0;34mt[0;34mh[0;34m.[0;34mx[0;34mp[0;34mm
[0m[0;34mW[0;34mE[0;34m [0;34mt[0;34me[0;34mx[0;34mt[0;34mu[0;34mr[0;34me[0;34ms[0;34m/[0;34mt[0;34me[0;34ms[0;34mt[0;34m/[0;34mw[0;34me[0;34ms[0;34mt[0;34m.[0;34mx[0;34mp[0;34mm
[0m[0;34mE[0;34mA[0;34m [0;34mt[0;34me[0;34mx[0;34mt[0;34mu[0;34mr[0;34me[0;34ms[0;34m/[0;34mt[0;34me[0;34ms[0;34mt[0;34m/[0;34me[0;34ma[0;34ms[0;34mt[0;34m.[0;34mx[0;34mp[0;34mm
[0m
[0m[0;34mF[0;34m [0;34m2[0;34m0[0;34m,[0;34m2[0;34m0[0;34m,[0;34m2[0;34m0
[0m[0;34mC[0;34m [0;34m2[0;34m0[0;34m0[0;34m,[0;34m2[0;34m0[0;34m0[0;34m,[0;34m2[0;34m0[0;34m0
[0m
[0m[0;34m1[0;34m1[0;34m1[0;34m1[0;34m1
[0m[0;34m1[0;34m0[0;34m0[0;34m0[0;34m1
[0m[0;34m1[0;34m0[0;34mS[0;34m0[0;34m1
[0m[0;34m1[0;34m0[0;34m0[0;34m0[0;34m1
[0m[0;34m1[0;34m0[0;34m0[0;34m0[0;34m1
[0m[0;34m1[0;34m0[0;34m0[0;34m0[0;34m1
[0m[0;34m1[0;34m1[0;34m0[0;34m0[0;34m1
[0m[0;34m1[0;34m0[0;34m0[0;34m0[0;34m1
[0m[0;34m1[0;34m0[0;34m0[0;34m0[0;34m1
[0m[0;34m1[0;34m0[0;34m0[0;34m0[0;34m1
[0m[0;34m1[0;34m0[0;34m0[0;34m0[0;34m1
[0m[0;34m1[0;34m0[0;34m0[0;34m0[0;34m1
[0m[0;34m1[0;34m1[0;34m1[0;34m1[0;34m1
[0mExit code: 1
‚ö†Ô∏è No Valgrind alerts, but with leaks[0m  
==12586== Memcheck, a memory error detector
==12586== Copyright (C) 2002-2022, and GNU GPL'd, by Julian Seward et al.
==12586== Using Valgrind-3.22.0 and LibVEX; rerun with -h for copyright info
==12586== Command: ./cub3d ./maps/bad/textures_missing.cub
==12586== Parent PID: 12317
==12586== 
==12586== 
==12586== HEAP SUMMARY:
==12586==     in use at exit: 632 bytes in 38 blocks
==12586==   total heap usage: 124 allocs, 86 frees, 7,678 bytes allocated
==12586== 
==12586== LEAK SUMMARY:
==12586==    definitely lost: 350 bytes in 5 blocks
==12586==    indirectly lost: 282 bytes in 33 blocks
==12586==      possibly lost: 0 bytes in 0 blocks
==12586==    still reachable: 0 bytes in 0 blocks
==12586==         suppressed: 0 bytes in 0 blocks
==12586== Rerun with --leak-check=full to see details of leaked memory
==12586== 
==12586== For lists of detected and suppressed errors, rerun with: -s
==12586== ERROR SUMMARY: 0 errors from 0 contexts (suppressed: 0 from 0)
Running valgrind on ./maps/bad/textures_none.cub...

[0;32m[Debug info] map end:[0m15
[0;32m[Debug info] map height:[0m13
[0;31m Error:[Texture] textures are not complete
[0m [0;34mF[0;34m [0;34m2[0;34m0[0;34m,[0;34m2[0;34m0[0;34m,[0;34m2[0;34m0
[0m[0;34mC[0;34m [0;34m2[0;34m0[0;34m0[0;34m,[0;34m2[0;34m0[0;34m0[0;34m,[0;34m2[0;34m0[0;34m0
[0m
[0m[0;34m1[0;34m1[0;34m1[0;34m1[0;34m1
[0m[0;34m1[0;34m0[0;34m0[0;34m0[0;34m1
[0m[0;34m1[0;34m0[0;34mS[0;34m0[0;34m1
[0m[0;34m1[0;34m0[0;34m0[0;34m0[0;34m1
[0m[0;34m1[0;34m0[0;34m0[0;34m0[0;34m1
[0m[0;34m1[0;34m0[0;34m0[0;34m0[0;34m1
[0m[0;34m1[0;34m1[0;34m0[0;34m0[0;34m1
[0m[0;34m1[0;34m0[0;34m0[0;34m0[0;34m1
[0m[0;34m1[0;34m0[0;34m0[0;34m0[0;34m1
[0m[0;34m1[0;34m0[0;34m0[0;34m0[0;34m1
[0m[0;34m1[0;34m0[0;34m0[0;34m0[0;34m1
[0m[0;34m1[0;34m0[0;34m0[0;34m0[0;34m1
[0m[0;34m1[0;34m1[0;34m1[0;34m1[0;34m1
[0mExit code: 1
‚ö†Ô∏è No Valgrind alerts, but with leaks[0m  
==12589== Memcheck, a memory error detector
==12589== Copyright (C) 2002-2022, and GNU GPL'd, by Julian Seward et al.
==12589== Using Valgrind-3.22.0 and LibVEX; rerun with -h for copyright info
==12589== Command: ./cub3d ./maps/bad/textures_none.cub
==12589== Parent PID: 12317
==12589== 
==12589== 
==12589== HEAP SUMMARY:
==12589==     in use at exit: 446 bytes in 31 blocks
==12589==   total heap usage: 102 allocs, 71 frees, 6,634 bytes allocated
==12589== 
==12589== LEAK SUMMARY:
==12589==    definitely lost: 248 bytes in 2 blocks
==12589==    indirectly lost: 198 bytes in 29 blocks
==12589==      possibly lost: 0 bytes in 0 blocks
==12589==    still reachable: 0 bytes in 0 blocks
==12589==         suppressed: 0 bytes in 0 blocks
==12589== Rerun with --leak-check=full to see details of leaked memory
==12589== 
==12589== For lists of detected and suppressed errors, rerun with: -s
==12589== ERROR SUMMARY: 0 errors from 0 contexts (suppressed: 0 from 0)
Running valgrind on ./maps/bad/textures_not_xpm.cub...

[0;32m[Debug info] map end:[0m20
[0;32m[Debug info] map height:[0m13
[0;31m Error:[Texture verification] invalid texture format
[0m [0;34mN[0;34mO[0;34m [0;34mt[0;34me[0;34mx[0;34mt[0;34mu[0;34mr[0;34me[0;34ms[0;34m/[0;34mt[0;34me[0;34ms[0;34mt[0;34m/[0;34mn[0;34mo[0;34mr[0;34mt[0;34mh
[0m[0;34mS[0;34mO[0;34m [0;34mt[0;34me[0;34mx[0;34mt[0;34mu[0;34mr[0;34me[0;34ms[0;34m/[0;34mt[0;34me[0;34ms[0;34mt[0;34m/[0;34ms[0;34mo[0;34mu[0;34mt[0;34mh[0;34m.[0;34mx[0;34mp[0;34mm
[0m[0;34mW[0;34mE[0;34m [0;34mt[0;34me[0;34mx[0;34mt[0;34mu[0;34mr[0;34me[0;34ms[0;34m/[0;34mt[0;34me[0;34ms[0;34mt[0;34m/[0;34mw[0;34me[0;34ms[0;34mt[0;34m.[0;34mx[0;34mp[0;34mm
[0m[0;34mE[0;34mA[0;34m [0;34mt[0;34me[0;34mx[0;34mt[0;34mu[0;34mr[0;34me[0;34ms[0;34m/[0;34mt[0;34me[0;34ms[0;34mt[0;34m/[0;34me[0;34ma[0;34ms[0;34mt[0;34m.[0;34mx[0;34mp[0;34mm
[0m
[0m[0;34mF[0;34m [0;34m2[0;34m0[0;34m,[0;34m2[0;34m0[0;34m,[0;34m2[0;34m0
[0m[0;34mC[0;34m [0;34m2[0;34m0[0;34m0[0;34m,[0;34m2[0;34m0[0;34m0[0;34m,[0;34m2[0;34m0[0;34m0
[0m
[0m[0;34m1[0;34m1[0;34m1[0;34m1[0;34m1
[0m[0;34m1[0;34m0[0;34m0[0;34m0[0;34m1
[0m[0;34m1[0;34m0[0;34mS[0;34m0[0;34m1
[0m[0;34m1[0;34m0[0;34m0[0;34m0[0;34m1
[0m[0;34m1[0;34m0[0;34m0[0;34m0[0;34m1
[0m[0;34m1[0;34m0[0;34m0[0;34m0[0;34m1
[0m[0;34m1[0;34m1[0;34m0[0;34m0[0;34m1
[0m[0;34m1[0;34m0[0;34m0[0;34m0[0;34m1
[0m[0;34m1[0;34m0[0;34m0[0;34m0[0;34m1
[0m[0;34m1[0;34m0[0;34m0[0;34m0[0;34m1
[0m[0;34m1[0;34m0[0;34m0[0;34m0[0;34m1
[0m[0;34m1[0;34m0[0;34m0[0;34m0[0;34m1
[0m[0;34m1[0;34m1[0;34m1[0;34m1[0;34m1
[0mExit code: 1
‚ö†Ô∏è No Valgrind alerts, but with leaks[0m  
==12592== Memcheck, a memory error detector
==12592== Copyright (C) 2002-2022, and GNU GPL'd, by Julian Seward et al.
==12592== Using Valgrind-3.22.0 and LibVEX; rerun with -h for copyright info
==12592== Command: ./cub3d ./maps/bad/textures_not_xpm.cub
==12592== Parent PID: 12317
==12592== 
==12592== 
==12592== HEAP SUMMARY:
==12592==     in use at exit: 684 bytes in 40 blocks
==12592==   total heap usage: 130 allocs, 90 frees, 7,975 bytes allocated
==12592== 
==12592== LEAK SUMMARY:
==12592==    definitely lost: 378 bytes in 6 blocks
==12592==    indirectly lost: 306 bytes in 34 blocks
==12592==      possibly lost: 0 bytes in 0 blocks
==12592==    still reachable: 0 bytes in 0 blocks
==12592==         suppressed: 0 bytes in 0 blocks
==12592== Rerun with --leak-check=full to see details of leaked memory
==12592== 
==12592== For lists of detected and suppressed errors, rerun with: -s
==12592== ERROR SUMMARY: 0 errors from 0 contexts (suppressed: 0 from 0)
Running valgrind on ./maps/bad/wall_hole_east.cub...

[0;32m[Debug info] map end:[0m20
[0;32m[Debug info] map height:[0m13
[0;31m Error:[Walls check] incorrect vertical walls 
[0m [0;34mN[0;34mO[0;34m [0;34mt[0;34me[0;34mx[0;34mt[0;34mu[0;34mr[0;34me[0;34ms[0;34m/[0;34mt[0;34me[0;34ms[0;34mt[0;34m/[0;34mn[0;34mo[0;34mr[0;34mt[0;34mh[0;34m.[0;34mx[0;34mp[0;34mm
[0m[0;34mS[0;34mO[0;34m [0;34mt[0;34me[0;34mx[0;34mt[0;34mu[0;34mr[0;34me[0;34ms[0;34m/[0;34mt[0;34me[0;34ms[0;34mt[0;34m/[0;34ms[0;34mo[0;34mu[0;34mt[0;34mh[0;34m.[0;34mx[0;34mp[0;34mm
[0m[0;34mW[0;34mE[0;34m [0;34mt[0;34me[0;34mx[0;34mt[0;34mu[0;34mr[0;34me[0;34ms[0;34m/[0;34mt[0;34me[0;34ms[0;34mt[0;34m/[0;34mw[0;34me[0;34ms[0;34mt[0;34m.[0;34mx[0;34mp[0;34mm
[0m[0;34mE[0;34mA[0;34m [0;34mt[0;34me[0;34mx[0;34mt[0;34mu[0;34mr[0;34me[0;34ms[0;34m/[0;34mt[0;34me[0;34ms[0;34mt[0;34m/[0;34me[0;34ma[0;34ms[0;34mt[0;34m.[0;34mx[0;34mp[0;34mm
[0m
[0m[0;34mF[0;34m [0;34m2[0;34m0[0;34m,[0;34m2[0;34m0[0;34m,[0;34m2[0;34m0
[0m[0;34mC[0;34m [0;34m2[0;34m0[0;34m0[0;34m,[0;34m2[0;34m0[0;34m0[0;34m,[0;34m2[0;34m0[0;34m0
[0m
[0m[0;34m1[0;34m1[0;34m1[0;34m1[0;34m1
[0m[0;34m1[0;34m0[0;34m0[0;34m0[0;34m1
[0m[0;34m1[0;34m0[0;34mS[0;34m0[0;34m1
[0m[0;34m1[0;34m0[0;34m0[0;34m0[0;34m1
[0m[0;34m1[0;34m0[0;34m0[0;34m0[0;34m1
[0m[0;34m1[0;34m0[0;34m0[0;34m0[0;34m1
[0m[0;34m1[0;34m1[0;34m0[0;34m0[0;34m0
[0m[0;34m1[0;34m0[0;34m0[0;34m0[0;34m1
[0m[0;34m1[0;34m0[0;34m0[0;34m0[0;34m1
[0m[0;34m1[0;34m0[0;34m0[0;34m0[0;34m1
[0m[0;34m1[0;34m0[0;34m0[0;34m0[0;34m1
[0m[0;34m1[0;34m0[0;34m0[0;34m0[0;34m1
[0m[0;34m1[0;34m1[0;34m1[0;34m1[0;34m1
[0mExit code: 1
‚ö†Ô∏è No Valgrind alerts, but with leaks[0m  
==12595== Memcheck, a memory error detector
==12595== Copyright (C) 2002-2022, and GNU GPL'd, by Julian Seward et al.
==12595== Using Valgrind-3.22.0 and LibVEX; rerun with -h for copyright info
==12595== Command: ./cub3d ./maps/bad/wall_hole_east.cub
==12595== Parent PID: 12317
==12595== 
==12595== 
==12595== HEAP SUMMARY:
==12595==     in use at exit: 598 bytes in 36 blocks
==12595==   total heap usage: 126 allocs, 90 frees, 7,925 bytes allocated
==12595== 
==12595== LEAK SUMMARY:
==12595==    definitely lost: 288 bytes in 2 blocks
==12595==    indirectly lost: 310 bytes in 34 blocks
==12595==      possibly lost: 0 bytes in 0 blocks
==12595==    still reachable: 0 bytes in 0 blocks
==12595==         suppressed: 0 bytes in 0 blocks
==12595== Rerun with --leak-check=full to see details of leaked memory
==12595== 
==12595== For lists of detected and suppressed errors, rerun with: -s
==12595== ERROR SUMMARY: 0 errors from 0 contexts (suppressed: 0 from 0)
Running valgrind on ./maps/bad/wall_hole_north.cub...

[0;32m[Debug info] map end:[0m20
[0;32m[Debug info] map height:[0m13
[0;31m Error:[Walls check] incorrect horizontal walls
[0m [0;34mN[0;34mO[0;34m [0;34mt[0;34me[0;34mx[0;34mt[0;34mu[0;34mr[0;34me[0;34ms[0;34m/[0;34mt[0;34me[0;34ms[0;34mt[0;34m/[0;34mn[0;34mo[0;34mr[0;34mt[0;34mh[0;34m.[0;34mx[0;34mp[0;34mm
[0m[0;34mS[0;34mO[0;34m [0;34mt[0;34me[0;34mx[0;34mt[0;34mu[0;34mr[0;34me[0;34ms[0;34m/[0;34mt[0;34me[0;34ms[0;34mt[0;34m/[0;34ms[0;34mo[0;34mu[0;34mt[0;34mh[0;34m.[0;34mx[0;34mp[0;34mm
[0m[0;34mW[0;34mE[0;34m [0;34mt[0;34me[0;34mx[0;34mt[0;34mu[0;34mr[0;34me[0;34ms[0;34m/[0;34mt[0;34me[0;34ms[0;34mt[0;34m/[0;34mw[0;34me[0;34ms[0;34mt[0;34m.[0;34mx[0;34mp[0;34mm
[0m[0;34mE[0;34mA[0;34m [0;34mt[0;34me[0;34mx[0;34mt[0;34mu[0;34mr[0;34me[0;34ms[0;34m/[0;34mt[0;34me[0;34ms[0;34mt[0;34m/[0;34me[0;34ma[0;34ms[0;34mt[0;34m.[0;34mx[0;34mp[0;34mm
[0m
[0m[0;34mF[0;34m [0;34m2[0;34m0[0;34m,[0;34m2[0;34m0[0;34m,[0;34m2[0;34m0
[0m[0;34mC[0;34m [0;34m2[0;34m0[0;34m0[0;34m,[0;34m2[0;34m0[0;34m0[0;34m,[0;34m2[0;34m0[0;34m0
[0m
[0m[0;34m1[0;34m1[0;34m0[0;34m1[0;34m1
[0m[0;34m1[0;34m0[0;34m0[0;34m0[0;34m1
[0m[0;34m1[0;34m0[0;34mS[0;34m0[0;34m1
[0m[0;34m1[0;34m0[0;34m0[0;34m0[0;34m1
[0m[0;34m1[0;34m0[0;34m0[0;34m0[0;34m1
[0m[0;34m1[0;34m0[0;34m0[0;34m0[0;34m1
[0m[0;34m1[0;34m1[0;34m0[0;34m0[0;34m1
[0m[0;34m1[0;34m0[0;34m0[0;34m0[0;34m1
[0m[0;34m1[0;34m0[0;34m0[0;34m0[0;34m1
[0m[0;34m1[0;34m0[0;34m0[0;34m0[0;34m1
[0m[0;34m1[0;34m0[0;34m0[0;34m0[0;34m1
[0m[0;34m1[0;34m0[0;34m0[0;34m0[0;34m1
[0m[0;34m1[0;34m1[0;34m1[0;34m1[0;34m1
[0mExit code: 1
‚ö†Ô∏è No Valgrind alerts, but with leaks[0m  
==12626== Memcheck, a memory error detector
==12626== Copyright (C) 2002-2022, and GNU GPL'd, by Julian Seward et al.
==12626== Using Valgrind-3.22.0 and LibVEX; rerun with -h for copyright info
==12626== Command: ./cub3d ./maps/bad/wall_hole_north.cub
==12626== Parent PID: 12317
==12626== 
==12626== 
==12626== HEAP SUMMARY:
==12626==     in use at exit: 598 bytes in 36 blocks
==12626==   total heap usage: 126 allocs, 90 frees, 7,925 bytes allocated
==12626== 
==12626== LEAK SUMMARY:
==12626==    definitely lost: 288 bytes in 2 blocks
==12626==    indirectly lost: 310 bytes in 34 blocks
==12626==      possibly lost: 0 bytes in 0 blocks
==12626==    still reachable: 0 bytes in 0 blocks
==12626==         suppressed: 0 bytes in 0 blocks
==12626== Rerun with --leak-check=full to see details of leaked memory
==12626== 
==12626== For lists of detected and suppressed errors, rerun with: -s
==12626== ERROR SUMMARY: 0 errors from 0 contexts (suppressed: 0 from 0)
Running valgrind on ./maps/bad/wall_hole_south.cub...

[0;32m[Debug info] map end:[0m20
[0;32m[Debug info] map height:[0m13
[0;31m Error:[Walls check] incorrect horizontal walls
[0m [0;34mN[0;34mO[0;34m [0;34mt[0;34me[0;34mx[0;34mt[0;34mu[0;34mr[0;34me[0;34ms[0;34m/[0;34mt[0;34me[0;34ms[0;34mt[0;34m/[0;34mn[0;34mo[0;34mr[0;34mt[0;34mh[0;34m.[0;34mx[0;34mp[0;34mm
[0m[0;34mS[0;34mO[0;34m [0;34mt[0;34me[0;34mx[0;34mt[0;34mu[0;34mr[0;34me[0;34ms[0;34m/[0;34mt[0;34me[0;34ms[0;34mt[0;34m/[0;34ms[0;34mo[0;34mu[0;34mt[0;34mh[0;34m.[0;34mx[0;34mp[0;34mm
[0m[0;34mW[0;34mE[0;34m [0;34mt[0;34me[0;34mx[0;34mt[0;34mu[0;34mr[0;34me[0;34ms[0;34m/[0;34mt[0;34me[0;34ms[0;34mt[0;34m/[0;34mw[0;34me[0;34ms[0;34mt[0;34m.[0;34mx[0;34mp[0;34mm
[0m[0;34mE[0;34mA[0;34m [0;34mt[0;34me[0;34mx[0;34mt[0;34mu[0;34mr[0;34me[0;34ms[0;34m/[0;34mt[0;34me[0;34ms[0;34mt[0;34m/[0;34me[0;34ma[0;34ms[0;34mt[0;34m.[0;34mx[0;34mp[0;34mm
[0m
[0m[0;34mF[0;34m [0;34m2[0;34m0[0;34m,[0;34m2[0;34m0[0;34m,[0;34m2[0;34m0
[0m[0;34mC[0;34m [0;34m2[0;34m0[0;34m0[0;34m,[0;34m2[0;34m0[0;34m0[0;34m,[0;34m2[0;34m0[0;34m0
[0m
[0m[0;34m1[0;34m1[0;34m1[0;34m1[0;34m1
[0m[0;34m1[0;34m0[0;34m0[0;34m0[0;34m1
[0m[0;34m1[0;34m0[0;34mS[0;34m0[0;34m1
[0m[0;34m1[0;34m0[0;34m0[0;34m0[0;34m1
[0m[0;34m1[0;34m0[0;34m0[0;34m0[0;34m1
[0m[0;34m1[0;34m0[0;34m0[0;34m0[0;34m1
[0m[0;34m1[0;34m1[0;34m0[0;34m0[0;34m1
[0m[0;34m1[0;34m0[0;34m0[0;34m0[0;34m1
[0m[0;34m1[0;34m0[0;34m0[0;34m0[0;34m1
[0m[0;34m1[0;34m0[0;34m0[0;34m0[0;34m1
[0m[0;34m1[0;34m0[0;34m0[0;34m0[0;34m1
[0m[0;34m1[0;34m0[0;34m0[0;34m0[0;34m1
[0m[0;34m1[0;34m1[0;34m0[0;34m1[0;34m1
[0mExit code: 1
‚ö†Ô∏è No Valgrind alerts, but with leaks[0m  
==12670== Memcheck, a memory error detector
==12670== Copyright (C) 2002-2022, and GNU GPL'd, by Julian Seward et al.
==12670== Using Valgrind-3.22.0 and LibVEX; rerun with -h for copyright info
==12670== Command: ./cub3d ./maps/bad/wall_hole_south.cub
==12670== Parent PID: 12317
==12670== 
==12670== 
==12670== HEAP SUMMARY:
==12670==     in use at exit: 598 bytes in 36 blocks
==12670==   total heap usage: 126 allocs, 90 frees, 7,925 bytes allocated
==12670== 
==12670== LEAK SUMMARY:
==12670==    definitely lost: 288 bytes in 2 blocks
==12670==    indirectly lost: 310 bytes in 34 blocks
==12670==      possibly lost: 0 bytes in 0 blocks
==12670==    still reachable: 0 bytes in 0 blocks
==12670==         suppressed: 0 bytes in 0 blocks
==12670== Rerun with --leak-check=full to see details of leaked memory
==12670== 
==12670== For lists of detected and suppressed errors, rerun with: -s
==12670== ERROR SUMMARY: 0 errors from 0 contexts (suppressed: 0 from 0)
Running valgrind on ./maps/bad/wall_hole_west.cub...

[0;31m Error:[Map check in file] Invalid map placement or format
[0m [0;34mN[0;34mO[0;34m [0;34mt[0;34me[0;34mx[0;34mt[0;34mu[0;34mr[0;34me[0;34ms[0;34m/[0;34mt[0;34me[0;34ms[0;34mt[0;34m/[0;34mn[0;34mo[0;34mr[0;34mt[0;34mh[0;34m.[0;34mx[0;34mp[0;34mm
[0m[0;34mS[0;34mO[0;34m [0;34mt[0;34me[0;34mx[0;34mt[0;34mu[0;34mr[0;34me[0;34ms[0;34m/[0;34mt[0;34me[0;34ms[0;34mt[0;34m/[0;34ms[0;34mo[0;34mu[0;34mt[0;34mh[0;34m.[0;34mx[0;34mp[0;34mm
[0m[0;34mW[0;34mE[0;34m [0;34mt[0;34me[0;34mx[0;34mt[0;34mu[0;34mr[0;34me[0;34ms[0;34m/[0;34mt[0;34me[0;34ms[0;34mt[0;34m/[0;34mw[0;34me[0;34ms[0;34mt[0;34m.[0;34mx[0;34mp[0;34mm
[0m[0;34mE[0;34mA[0;34m [0;34mt[0;34me[0;34mx[0;34mt[0;34mu[0;34mr[0;34me[0;34ms[0;34m/[0;34mt[0;34me[0;34ms[0;34mt[0;34m/[0;34me[0;34ma[0;34ms[0;34mt[0;34m.[0;34mx[0;34mp[0;34mm
[0m
[0m[0;34mF[0;34m [0;34m2[0;34m0[0;34m,[0;34m2[0;34m0[0;34m,[0;34m2[0;34m0
[0m[0;34mC[0;34m [0;34m2[0;34m0[0;34m0[0;34m,[0;34m2[0;34m0[0;34m0[0;34m,[0;34m2[0;34m0[0;34m0
[0m
[0m[0;34m1[0;34m1[0;34m1[0;34m1[0;34m1
[0m[0;34m1[0;34m0[0;34m0[0;34m0[0;34m1
[0m[0;34m1[0;34m0[0;34mS[0;34m0[0;34m1
[0m[0;34m1[0;34m0[0;34m0[0;34m0[0;34m1
[0m[0;34m1[0;34m0[0;34m0[0;34m0[0;34m1
[0m[0;34m0[0;34m0[0;34m0[0;34m0[0;34m1
[0m[0;34m1[0;34m1[0;34m0[0;34m0[0;34m1
[0m[0;34m1[0;34m0[0;34m0[0;34m0[0;34m1
[0m[0;34m1[0;34m0[0;34m0[0;34m0[0;34m1
[0m[0;34m1[0;34m0[0;34m0[0;34m0[0;34m1
[0m[0;34m1[0;34m0[0;34m0[0;34m0[0;34m1
[0m[0;34m1[0;34m0[0;34m0[0;34m0[0;34m1
[0m[0;34m1[0;34m1[0;34m1[0;34m1[0;34m1
[0mExit code: 1
‚ö†Ô∏è No Valgrind alerts, but with leaks[0m  
==12673== Memcheck, a memory error detector
==12673== Copyright (C) 2002-2022, and GNU GPL'd, by Julian Seward et al.
==12673== Using Valgrind-3.22.0 and LibVEX; rerun with -h for copyright info
==12673== Command: ./cub3d ./maps/bad/wall_hole_west.cub
==12673== Parent PID: 12317
==12673== 
==12673== 
==12673== HEAP SUMMARY:
==12673==     in use at exit: 408 bytes in 22 blocks
==12673==   total heap usage: 99 allocs, 77 frees, 7,657 bytes allocated
==12673== 
==12673== LEAK SUMMARY:
==12673==    definitely lost: 176 bytes in 1 blocks
==12673==    indirectly lost: 232 bytes in 21 blocks
==12673==      possibly lost: 0 bytes in 0 blocks
==12673==    still reachable: 0 bytes in 0 blocks
==12673==         suppressed: 0 bytes in 0 blocks
==12673== Rerun with --leak-check=full to see details of leaked memory
==12673== 
==12673== For lists of detected and suppressed errors, rerun with: -s
==12673== ERROR SUMMARY: 0 errors from 0 contexts (suppressed: 0 from 0)
Running valgrind on ./maps/bad/wall_none.cub...

[0;31m Error:[Map start] No map or incorrect placement
[0m [0;34mN[0;34mO[0;34m [0;34mt[0;34me[0;34mx[0;34mt[0;34mu[0;34mr[0;34me[0;34ms[0;34m/[0;34mt[0;34me[0;34ms[0;34mt[0;34m/[0;34mn[0;34mo[0;34mr[0;34mt[0;34mh[0;34m.[0;34mx[0;34mp[0;34mm
[0m[0;34mS[0;34mO[0;34m [0;34mt[0;34me[0;34mx[0;34mt[0;34mu[0;34mr[0;34me[0;34ms[0;34m/[0;34mt[0;34me[0;34ms[0;34mt[0;34m/[0;34ms[0;34mo[0;34mu[0;34mt[0;34mh[0;34m.[0;34mx[0;34mp[0;34mm
[0m[0;34mW[0;34mE[0;34m [0;34mt[0;34me[0;34mx[0;34mt[0;34mu[0;34mr[0;34me[0;34ms[0;34m/[0;34mt[0;34me[0;34ms[0;34mt[0;34m/[0;34mw[0;34me[0;34ms[0;34mt[0;34m.[0;34mx[0;34mp[0;34mm
[0m[0;34mE[0;34mA[0;34m [0;34mt[0;34me[0;34mx[0;34mt[0;34mu[0;34mr[0;34me[0;34ms[0;34m/[0;34mt[0;34me[0;34ms[0;34mt[0;34m/[0;34me[0;34ma[0;34ms[0;34mt[0;34m.[0;34mx[0;34mp[0;34mm
[0m
[0m[0;34mF[0;34m [0;34m2[0;34m0[0;34m,[0;34m2[0;34m0[0;34m,[0;34m2[0;34m0
[0m[0;34mC[0;34m [0;34m2[0;34m0[0;34m0[0;34m,[0;34m2[0;34m0[0;34m0[0;34m,[0;34m2[0;34m0[0;34m0
[0m
[0m[0;34m0[0;34m0[0;34m0[0;34m0[0;34m0
[0m[0;34m0[0;34m0[0;34m0[0;34m0[0;34m0
[0m[0;34m0[0;34m0[0;34mS[0;34m0[0;34m0
[0m[0;34m0[0;34m0[0;34m0[0;34m0[0;34m0
[0m[0;34m0[0;34m0[0;34m0[0;34m0[0;34m0
[0m[0;34m0[0;34m0[0;34m0[0;34m0[0;34m0
[0m[0;34m0[0;34m0[0;34m0[0;34m0[0;34m0
[0m[0;34m0[0;34m0[0;34m0[0;34m0[0;34m0
[0m[0;34m0[0;34m0[0;34m0[0;34m0[0;34m0
[0m[0;34m0[0;34m0[0;34m0[0;34m0[0;34m0
[0m[0;34m0[0;34m0[0;34m0[0;34m0[0;34m0
[0m[0;34m0[0;34m0[0;34m0[0;34m0[0;34m0
[0m[0;34m0[0;34m0[0;34m0[0;34m0[0;34m0
[0mExit code: 1
‚ö†Ô∏è No Valgrind alerts, but with leaks[0m  
==12676== Memcheck, a memory error detector
==12676== Copyright (C) 2002-2022, and GNU GPL'd, by Julian Seward et al.
==12676== Using Valgrind-3.22.0 and LibVEX; rerun with -h for copyright info
==12676== Command: ./cub3d ./maps/bad/wall_none.cub
==12676== Parent PID: 12317
==12676== 
==12676== 
==12676== HEAP SUMMARY:
==12676==     in use at exit: 408 bytes in 22 blocks
==12676==   total heap usage: 99 allocs, 77 frees, 7,657 bytes allocated
==12676== 
==12676== LEAK SUMMARY:
==12676==    definitely lost: 176 bytes in 1 blocks
==12676==    indirectly lost: 232 bytes in 21 blocks
==12676==      possibly lost: 0 bytes in 0 blocks
==12676==    still reachable: 0 bytes in 0 blocks
==12676==         suppressed: 0 bytes in 0 blocks
==12676== Rerun with --leak-check=full to see details of leaked memory
==12676== 
==12676== For lists of detected and suppressed errors, rerun with: -s
==12676== ERROR SUMMARY: 0 errors from 0 contexts (suppressed: 0 from 0)
Valgrind tests completed. Results saved to test_output.txt.
Starting Valgrind tests...
Running valgrind on ./maps/bad/color_invalid_rgb.cub...

[0;32m[Debug info] map end:[0m20
[0;32m[Debug info] map height:[0m13
[0;31m Error:[Color] color number out of range
[0m [0;34mN[0;34mO[0;34m [0;34mt[0;34me[0;34mx[0;34mt[0;34mu[0;34mr[0;34me[0;34ms[0;34m/[0;34mt[0;34me[0;34ms[0;34mt[0;34m/[0;34mn[0;34mo[0;34mr[0;34mt[0;34mh[0;34m.[0;34mx[0;34mp[0;34mm
[0m[0;34mS[0;34mO[0;34m [0;34mt[0;34me[0;34mx[0;34mt[0;34mu[0;34mr[0;34me[0;34ms[0;34m/[0;34mt[0;34me[0;34ms[0;34mt[0;34m/[0;34ms[0;34mo[0;34mu[0;34mt[0;34mh[0;34m.[0;34mx[0;34mp[0;34mm
[0m[0;34mW[0;34mE[0;34m [0;34mt[0;34me[0;34mx[0;34mt[0;34mu[0;34mr[0;34me[0;34ms[0;34m/[0;34mt[0;34me[0;34ms[0;34mt[0;34m/[0;34mw[0;34me[0;34ms[0;34mt[0;34m.[0;34mx[0;34mp[0;34mm
[0m[0;34mE[0;34mA[0;34m [0;34mt[0;34me[0;34mx[0;34mt[0;34mu[0;34mr[0;34me[0;34ms[0;34m/[0;34mt[0;34me[0;34ms[0;34mt[0;34m/[0;34me[0;34ma[0;34ms[0;34mt[0;34m.[0;34mx[0;34mp[0;34mm
[0m
[0m[0;34mF[0;34m [0;34m2[0;34m0[0;34m,[0;34m2[0;34m0[0;34m,[0;34m-[0;34m2[0;34m0
[0m[0;34mC[0;34m [0;34m2[0;34m0[0;34m0[0;34m,[0;34m2[0;34m0[0;34m0[0;34m,[0;34m2[0;34m0[0;34m0
[0m
[0m[0;34m1[0;34m1[0;34m1[0;34m1[0;34m1
[0m[0;34m1[0;34m0[0;34m0[0;34m0[0;34m1
[0m[0;34m1[0;34m0[0;34mS[0;34m0[0;34m1
[0m[0;34m1[0;34m0[0;34m0[0;34m0[0;34m1
[0m[0;34m1[0;34m0[0;34m0[0;34m0[0;34m1
[0m[0;34m1[0;34m0[0;34m0[0;34m0[0;34m1
[0m[0;34m1[0;34m1[0;34m0[0;34m0[0;34m1
[0m[0;34m1[0;34m0[0;34m0[0;34m0[0;34m1
[0m[0;34m1[0;34m0[0;34m0[0;34m0[0;34m1
[0m[0;34m1[0;34m0[0;34m0[0;34m0[0;34m1
[0m[0;34m1[0;34m0[0;34m0[0;34m0[0;34m1
[0m[0;34m1[0;34m0[0;34m0[0;34m0[0;34m1
[0m[0;34m1[0;34m1[0;34m1[0;34m1[0;34m1
[0mExit code: 1
‚ö†Ô∏è No Valgrind alerts, but with leaks[0m  
==12972== Memcheck, a memory error detector
==12972== Copyright (C) 2002-2022, and GNU GPL'd, by Julian Seward et al.
==12972== Using Valgrind-3.22.0 and LibVEX; rerun with -h for copyright info
==12972== Command: ./cub3d ./maps/bad/color_invalid_rgb.cub
==12972== Parent PID: 12970
==12972== 
==12972== 
==12972== HEAP SUMMARY:
==12972==     in use at exit: 801 bytes in 50 blocks
==12972==   total heap usage: 142 allocs, 92 frees, 8,135 bytes allocated
==12972== 
==12972== LEAK SUMMARY:
==12972==    definitely lost: 468 bytes in 10 blocks
==12972==    indirectly lost: 333 bytes in 40 blocks
==12972==      possibly lost: 0 bytes in 0 blocks
==12972==    still reachable: 0 bytes in 0 blocks
==12972==         suppressed: 0 bytes in 0 blocks
==12972== Rerun with --leak-check=full to see details of leaked memory
==12972== 
==12972== For lists of detected and suppressed errors, rerun with: -s
==12972== ERROR SUMMARY: 0 errors from 0 contexts (suppressed: 0 from 0)
Running valgrind on ./maps/bad/color_missing_ceiling_rgb.cub...

[0;32m[Debug info] map end:[0m20
[0;32m[Debug info] map height:[0m13
[0;31m Error:[Color] incorrect numbers
[0m [0;34mN[0;34mO[0;34m [0;34mt[0;34me[0;34mx[0;34mt[0;34mu[0;34mr[0;34me[0;34ms[0;34m/[0;34mt[0;34me[0;34ms[0;34mt[0;34m/[0;34mn[0;34mo[0;34mr[0;34mt[0;34mh[0;34m.[0;34mx[0;34mp[0;34mm
[0m[0;34mS[0;34mO[0;34m [0;34mt[0;34me[0;34mx[0;34mt[0;34mu[0;34mr[0;34me[0;34ms[0;34m/[0;34mt[0;34me[0;34ms[0;34mt[0;34m/[0;34ms[0;34mo[0;34mu[0;34mt[0;34mh[0;34m.[0;34mx[0;34mp[0;34mm
[0m[0;34mW[0;34mE[0;34m [0;34mt[0;34me[0;34mx[0;34mt[0;34mu[0;34mr[0;34me[0;34ms[0;34m/[0;34mt[0;34me[0;34ms[0;34mt[0;34m/[0;34mw[0;34me[0;34ms[0;34mt[0;34m.[0;34mx[0;34mp[0;34mm
[0m[0;34mE[0;34mA[0;34m [0;34mt[0;34me[0;34mx[0;34mt[0;34mu[0;34mr[0;34me[0;34ms[0;34m/[0;34mt[0;34me[0;34ms[0;34mt[0;34m/[0;34me[0;34ma[0;34ms[0;34mt[0;34m.[0;34mx[0;34mp[0;34mm
[0m
[0m[0;34mF[0;34m [0;34m2[0;34m0[0;34m,[0;34m2[0;34m0[0;34m,[0;34m2[0;34m0
[0m[0;34mC[0;34m [0;34m2[0;34m0[0;34m0[0;34m,[0;34m2[0;34m0[0;34m0[0;34m,
[0m
[0m[0;34m1[0;34m1[0;34m1[0;34m1[0;34m1
[0m[0;34m1[0;34m0[0;34m0[0;34m0[0;34m1
[0m[0;34m1[0;34m0[0;34mS[0;34m0[0;34m1
[0m[0;34m1[0;34m0[0;34m0[0;34m0[0;34m1
[0m[0;34m1[0;34m0[0;34m0[0;34m0[0;34m1
[0m[0;34m1[0;34m0[0;34m0[0;34m0[0;34m1
[0m[0;34m1[0;34m1[0;34m0[0;34m0[0;34m1
[0m[0;34m1[0;34m0[0;34m0[0;34m0[0;34m1
[0m[0;34m1[0;34m0[0;34m0[0;34m0[0;34m1
[0m[0;34m1[0;34m0[0;34m0[0;34m0[0;34m1
[0m[0;34m1[0;34m0[0;34m0[0;34m0[0;34m1
[0m[0;34m1[0;34m0[0;34m0[0;34m0[0;34m1
[0m[0;34m1[0;34m1[0;34m1[0;34m1[0;34m1
[0mExit code: 1
‚ö†Ô∏è No Valgrind alerts, but with leaks[0m  
==12975== Memcheck, a memory error detector
==12975== Copyright (C) 2002-2022, and GNU GPL'd, by Julian Seward et al.
==12975== Using Valgrind-3.22.0 and LibVEX; rerun with -h for copyright info
==12975== Command: ./cub3d ./maps/bad/color_missing_ceiling_rgb.cub
==12975== Parent PID: 12970
==12975== 
==12975== 
==12975== HEAP SUMMARY:
==12975==     in use at exit: 780 bytes in 49 blocks
==12975==   total heap usage: 141 allocs, 92 frees, 8,082 bytes allocated
==12975== 
==12975== LEAK SUMMARY:
==12975==    definitely lost: 456 bytes in 10 blocks
==12975==    indirectly lost: 324 bytes in 39 blocks
==12975==      possibly lost: 0 bytes in 0 blocks
==12975==    still reachable: 0 bytes in 0 blocks
==12975==         suppressed: 0 bytes in 0 blocks
==12975== Rerun with --leak-check=full to see details of leaked memory
==12975== 
==12975== For lists of detected and suppressed errors, rerun with: -s
==12975== ERROR SUMMARY: 0 errors from 0 contexts (suppressed: 0 from 0)
Running valgrind on ./maps/bad/color_missing.cub...

[0;32m[Debug info] map end:[0m19
[0;32m[Debug info] map height:[0m13
[0;31m Error:[Color] colors are not complete
[0m [0;34mN[0;34mO[0;34m [0;34mt[0;34me[0;34mx[0;34mt[0;34mu[0;34mr[0;34me[0;34ms[0;34m/[0;34mt[0;34me[0;34ms[0;34mt[0;34m/[0;34mn[0;34mo[0;34mr[0;34mt[0;34mh[0;34m.[0;34mx[0;34mp[0;34mm
[0m[0;34mS[0;34mO[0;34m [0;34mt[0;34me[0;34mx[0;34mt[0;34mu[0;34mr[0;34me[0;34ms[0;34m/[0;34mt[0;34me[0;34ms[0;34mt[0;34m/[0;34ms[0;34mo[0;34mu[0;34mt[0;34mh[0;34m.[0;34mx[0;34mp[0;34mm
[0m[0;34mW[0;34mE[0;34m [0;34mt[0;34me[0;34mx[0;34mt[0;34mu[0;34mr[0;34me[0;34ms[0;34m/[0;34mt[0;34me[0;34ms[0;34mt[0;34m/[0;34mw[0;34me[0;34ms[0;34mt[0;34m.[0;34mx[0;34mp[0;34mm
[0m[0;34mE[0;34mA[0;34m [0;34mt[0;34me[0;34mx[0;34mt[0;34mu[0;34mr[0;34me[0;34ms[0;34m/[0;34mt[0;34me[0;34ms[0;34mt[0;34m/[0;34me[0;34ma[0;34ms[0;34mt[0;34m.[0;34mx[0;34mp[0;34mm
[0m
[0m[0;34mC[0;34m [0;34m2[0;34m0[0;34m0[0;34m,[0;34m2[0;34m0[0;34m0[0;34m,[0;34m2[0;34m0[0;34m0
[0m
[0m[0;34m1[0;34m1[0;34m1[0;34m1[0;34m1
[0m[0;34m1[0;34m0[0;34m0[0;34m0[0;34m1
[0m[0;34m1[0;34m0[0;34mS[0;34m0[0;34m1
[0m[0;34m1[0;34m0[0;34m0[0;34m0[0;34m1
[0m[0;34m1[0;34m0[0;34m0[0;34m0[0;34m1
[0m[0;34m1[0;34m0[0;34m0[0;34m0[0;34m1
[0m[0;34m1[0;34m1[0;34m0[0;34m0[0;34m1
[0m[0;34m1[0;34m0[0;34m0[0;34m0[0;34m1
[0m[0;34m1[0;34m0[0;34m0[0;34m0[0;34m1
[0m[0;34m1[0;34m0[0;34m0[0;34m0[0;34m1
[0m[0;34m1[0;34m0[0;34m0[0;34m0[0;34m1
[0m[0;34m1[0;34m0[0;34m0[0;34m0[0;34m1
[0m[0;34m1[0;34m1[0;34m1[0;34m1[0;34m1
[0mExit code: 1
‚ö†Ô∏è No Valgrind alerts, but with leaks[0m  
==13007== Memcheck, a memory error detector
==13007== Copyright (C) 2002-2022, and GNU GPL'd, by Julian Seward et al.
==13007== Using Valgrind-3.22.0 and LibVEX; rerun with -h for copyright info
==13007== Command: ./cub3d ./maps/bad/color_missing.cub
==13007== Parent PID: 12970
==13007== 
==13007== 
==13007== HEAP SUMMARY:
==13007==     in use at exit: 728 bytes in 44 blocks
==13007==   total heap usage: 132 allocs, 88 frees, 7,876 bytes allocated
==13007== 
==13007== LEAK SUMMARY:
==13007==    definitely lost: 418 bytes in 8 blocks
==13007==    indirectly lost: 310 bytes in 36 blocks
==13007==      possibly lost: 0 bytes in 0 blocks
==13007==    still reachable: 0 bytes in 0 blocks
==13007==         suppressed: 0 bytes in 0 blocks
==13007== Rerun with --leak-check=full to see details of leaked memory
==13007== 
==13007== For lists of detected and suppressed errors, rerun with: -s
==13007== ERROR SUMMARY: 0 errors from 0 contexts (suppressed: 0 from 0)
Running valgrind on ./maps/bad/color_missing_floor_rgb.cub...

[0;32m[Debug info] map end:[0m20
[0;32m[Debug info] map height:[0m13
[0;31m Error:[Color] incorrect numbers
[0m [0;34mN[0;34mO[0;34m [0;34mt[0;34me[0;34mx[0;34mt[0;34mu[0;34mr[0;34me[0;34ms[0;34m/[0;34mt[0;34me[0;34ms[0;34mt[0;34m/[0;34mn[0;34mo[0;34mr[0;34mt[0;34mh[0;34m.[0;34mx[0;34mp[0;34mm
[0m[0;34mS[0;34mO[0;34m [0;34mt[0;34me[0;34mx[0;34mt[0;34mu[0;34mr[0;34me[0;34ms[0;34m/[0;34mt[0;34me[0;34ms[0;34mt[0;34m/[0;34ms[0;34mo[0;34mu[0;34mt[0;34mh[0;34m.[0;34mx[0;34mp[0;34mm
[0m[0;34mW[0;34mE[0;34m [0;34mt[0;34me[0;34mx[0;34mt[0;34mu[0;34mr[0;34me[0;34ms[0;34m/[0;34mt[0;34me[0;34ms[0;34mt[0;34m/[0;34mw[0;34me[0;34ms[0;34mt[0;34m.[0;34mx[0;34mp[0;34mm
[0m[0;34mE[0;34mA[0;34m [0;34mt[0;34me[0;34mx[0;34mt[0;34mu[0;34mr[0;34me[0;34ms[0;34m/[0;34mt[0;34me[0;34ms[0;34mt[0;34m/[0;34me[0;34ma[0;34ms[0;34mt[0;34m.[0;34mx[0;34mp[0;34mm
[0m
[0m[0;34mF[0;34m [0;34m2[0;34m0[0;34m,[0;34m2[0;34m0
[0m[0;34mC[0;34m [0;34m2[0;34m0[0;34m0[0;34m,[0;34m2[0;34m0[0;34m0[0;34m,[0;34m2[0;34m0[0;34m0
[0m
[0m[0;34m1[0;34m1[0;34m1[0;34m1[0;34m1
[0m[0;34m1[0;34m0[0;34m0[0;34m0[0;34m1
[0m[0;34m1[0;34m0[0;34mS[0;34m0[0;34m1
[0m[0;34m1[0;34m0[0;34m0[0;34m0[0;34m1
[0m[0;34m1[0;34m0[0;34m0[0;34m0[0;34m1
[0m[0;34m1[0;34m0[0;34m0[0;34m0[0;34m1
[0m[0;34m1[0;34m1[0;34m0[0;34m0[0;34m1
[0m[0;34m1[0;34m0[0;34m0[0;34m0[0;34m1
[0m[0;34m1[0;34m0[0;34m0[0;34m0[0;34m1
[0m[0;34m1[0;34m0[0;34m0[0;34m0[0;34m1
[0m[0;34m1[0;34m0[0;34m0[0;34m0[0;34m1
[0m[0;34m1[0;34m0[0;34m0[0;34m0[0;34m1
[0m[0;34m1[0;34m1[0;34m1[0;34m1[0;34m1
[0mExit code: 1
‚ö†Ô∏è No Valgrind alerts, but with leaks[0m  
==13051== Memcheck, a memory error detector
==13051== Copyright (C) 2002-2022, and GNU GPL'd, by Julian Seward et al.
==13051== Using Valgrind-3.22.0 and LibVEX; rerun with -h for copyright info
==13051== Command: ./cub3d ./maps/bad/color_missing_floor_rgb.cub
==13051== Parent PID: 12970
==13051== 
==13051== 
==13051== HEAP SUMMARY:
==13051==     in use at exit: 781 bytes in 49 blocks
==13051==   total heap usage: 141 allocs, 92 frees, 8,089 bytes allocated
==13051== 
==13051== LEAK SUMMARY:
==13051==    definitely lost: 456 bytes in 10 blocks
==13051==    indirectly lost: 325 bytes in 39 blocks
==13051==      possibly lost: 0 bytes in 0 blocks
==13051==    still reachable: 0 bytes in 0 blocks
==13051==         suppressed: 0 bytes in 0 blocks
==13051== Rerun with --leak-check=full to see details of leaked memory
==13051== 
==13051== For lists of detected and suppressed errors, rerun with: -s
==13051== ERROR SUMMARY: 0 errors from 0 contexts (suppressed: 0 from 0)
Running valgrind on ./maps/bad/color_none.cub...

[0;32m[Debug info] map end:[0m17
[0;32m[Debug info] map height:[0m13
[0;31m Error:[Color] colors are not complete
[0m [0;34mN[0;34mO[0;34m [0;34mt[0;34me[0;34mx[0;34mt[0;34mu[0;34mr[0;34me[0;34ms[0;34m/[0;34mt[0;34me[0;34ms[0;34mt[0;34m/[0;34mn[0;34mo[0;34mr[0;34mt[0;34mh[0;34m.[0;34mx[0;34mp[0;34mm
[0m[0;34mS[0;34mO[0;34m [0;34mt[0;34me[0;34mx[0;34mt[0;34mu[0;34mr[0;34me[0;34ms[0;34m/[0;34mt[0;34me[0;34ms[0;34mt[0;34m/[0;34ms[0;34mo[0;34mu[0;34mt[0;34mh[0;34m.[0;34mx[0;34mp[0;34mm
[0m[0;34mW[0;34mE[0;34m [0;34mt[0;34me[0;34mx[0;34mt[0;34mu[0;34mr[0;34me[0;34ms[0;34m/[0;34mt[0;34me[0;34ms[0;34mt[0;34m/[0;34mw[0;34me[0;34ms[0;34mt[0;34m.[0;34mx[0;34mp[0;34mm
[0m[0;34mE[0;34mA[0;34m [0;34mt[0;34me[0;34mx[0;34mt[0;34mu[0;34mr[0;34me[0;34ms[0;34m/[0;34mt[0;34me[0;34ms[0;34mt[0;34m/[0;34me[0;34ma[0;34ms[0;34mt[0;34m.[0;34mx[0;34mp[0;34mm
[0m
[0m[0;34m1[0;34m1[0;34m1[0;34m1[0;34m1
[0m[0;34m1[0;34m0[0;34m0[0;34m0[0;34m1
[0m[0;34m1[0;34m0[0;34mS[0;34m0[0;34m1
[0m[0;34m1[0;34m0[0;34m0[0;34m0[0;34m1
[0m[0;34m1[0;34m0[0;34m0[0;34m0[0;34m1
[0m[0;34m1[0;34m0[0;34m0[0;34m0[0;34m1
[0m[0;34m1[0;34m1[0;34m0[0;34m0[0;34m1
[0m[0;34m1[0;34m0[0;34m0[0;34m0[0;34m1
[0m[0;34m1[0;34m0[0;34m0[0;34m0[0;34m1
[0m[0;34m1[0;34m0[0;34m0[0;34m0[0;34m1
[0m[0;34m1[0;34m0[0;34m0[0;34m0[0;34m1
[0m[0;34m1[0;34m0[0;34m0[0;34m0[0;34m1
[0m[0;34m1[0;34m1[0;34m1[0;34m1[0;34m1
[0mExit code: 1
‚ö†Ô∏è No Valgrind alerts, but with leaks[0m  
==13054== Memcheck, a memory error detector
==13054== Copyright (C) 2002-2022, and GNU GPL'd, by Julian Seward et al.
==13054== Using Valgrind-3.22.0 and LibVEX; rerun with -h for copyright info
==13054== Command: ./cub3d ./maps/bad/color_none.cub
==13054== Parent PID: 12970
==13054== 
==13054== 
==13054== HEAP SUMMARY:
==13054==     in use at exit: 639 bytes in 37 blocks
==13054==   total heap usage: 117 allocs, 80 frees, 7,292 bytes allocated
==13054== 
==13054== LEAK SUMMARY:
==13054==    definitely lost: 358 bytes in 6 blocks
==13054==    indirectly lost: 281 bytes in 31 blocks
==13054==      possibly lost: 0 bytes in 0 blocks
==13054==    still reachable: 0 bytes in 0 blocks
==13054==         suppressed: 0 bytes in 0 blocks
==13054== Rerun with --leak-check=full to see details of leaked memory
==13054== 
==13054== For lists of detected and suppressed errors, rerun with: -s
==13054== ERROR SUMMARY: 0 errors from 0 contexts (suppressed: 0 from 0)
Running valgrind on ./maps/bad/empty.cub...
[0;31m Error:[Read file] file is empty
[0m Exit code: 1
[0;32m‚úÖ No Valgrind alerts, no leaks[0m  
==13085== Memcheck, a memory error detector
==13085== Copyright (C) 2002-2022, and GNU GPL'd, by Julian Seward et al.
==13085== Using Valgrind-3.22.0 and LibVEX; rerun with -h for copyright info
==13085== Command: ./cub3d ./maps/bad/empty.cub
==13085== Parent PID: 12970
==13085== 
==13085== 
==13085== HEAP SUMMARY:
==13085==     in use at exit: 0 bytes in 0 blocks
==13085==   total heap usage: 5 allocs, 5 frees, 170 bytes allocated
==13085== 
==13085== All heap blocks were freed -- no leaks are possible
==13085== 
==13085== For lists of detected and suppressed errors, rerun with: -s
==13085== ERROR SUMMARY: 0 errors from 0 contexts (suppressed: 0 from 0)
Running valgrind on ./maps/bad/file_letter_end.cub...

[0;32m[Debug info] map end:[0m34
[0;32m[Debug info] map height:[0m27
[0;32m[Debug info]üõ†Ô∏è  Map info üîç
[0m[0;32m[Debug info] - Map width:[0m5
[0;32m[Debug info] - Map height:[0m27
[0;32m[Debug info]üõ†Ô∏è  Starting player position info üîç
[0m[0;32m[Debug info] - Player X:[0m2
[0;32m[Debug info] - Player Y:[0m2
[0;32m[Debug info] - Player Direction:[0mS
[0;32m[Debug info]üõ†Ô∏è  Colors info c:  üîç
[0m[0;32m[Debug info]üõ†Ô∏è  Colors info f:  üîç
[0m[0;32m[Debug info]üõ†Ô∏è  Textures info:  üîç
[0m[0;32m[Debug info] Texture north:[0mtextures/test/north.xpm
[0;32m[Debug info] Texture south:[0mtextures/test/south.xpm
[0;32m[Debug info] Texture west:[0mtextures/test/west.xpm
[0;32m[Debug info] Texture east:[0mtextures/test/east.xpm
[0;34mN[0;34mO[0;34m [0;34mt[0;34me[0;34mx[0;34mt[0;34mu[0;34mr[0;34me[0;34ms[0;34m/[0;34mt[0;34me[0;34ms[0;34mt[0;34m/[0;34mn[0;34mo[0;34mr[0;34mt[0;34mh[0;34m.[0;34mx[0;34mp[0;34mm
[0m[0;34mS[0;34mO[0;34m [0;34mt[0;34me[0;34mx[0;34mt[0;34mu[0;34mr[0;34me[0;34ms[0;34m/[0;34mt[0;34me[0;34ms[0;34mt[0;34m/[0;34ms[0;34mo[0;34mu[0;34mt[0;34mh[0;34m.[0;34mx[0;34mp[0;34mm
[0m[0;34mW[0;34mE[0;34m [0;34mt[0;34me[0;34mx[0;34mt[0;34mu[0;34mr[0;34me[0;34ms[0;34m/[0;34mt[0;34me[0;34ms[0;34mt[0;34m/[0;34mw[0;34me[0;34ms[0;34mt[0;34m.[0;34mx[0;34mp[0;34mm
[0m[0;34mE[0;34mA[0;34m [0;34mt[0;34me[0;34mx[0;34mt[0;34mu[0;34mr[0;34me[0;34ms[0;34m/[0;34mt[0;34me[0;34ms[0;34mt[0;34m/[0;34me[0;34ma[0;34ms[0;34mt[0;34m.[0;34mx[0;34mp[0;34mm
[0m
[0m[0;34mF[0;34m [0;34m2[0;34m0[0;34m,[0;34m2[0;34m0[0;34m,[0;34m2[0;34m0
[0m[0;34mC[0;34m [0;34m2[0;34m0[0;34m0[0;34m,[0;34m2[0;34m0[0;34m0[0;34m,[0;34m2[0;34m0[0;34m0
[0m
[0m[0;34m1[0;34m1[0;34m1[0;34m1[0;34m1
[0m[0;34m1[0;34m0[0;34m0[0;34m0[0;34m1
[0m[0;34m1[0;34m0[0;34mS[0;34m0[0;34m1
[0m[0;34m1[0;34m0[0;34m0[0;34m0[0;34m1
[0m[0;34m1[0;34m0[0;34m0[0;34m0[0;34m1
[0m[0;34m1[0;34m0[0;34m0[0;34m0[0;34m1
[0m[0;34m1[0;34m1[0;34m0[0;34m0[0;34m1
[0m[0;34m1[0;34m0[0;34m0[0;34m0[0;34m1
[0m[0;34m1[0;34m0[0;34m0[0;34m0[0;34m1
[0m[0;34m1[0;34m0[0;34m0[0;34m0[0;34m1
[0m[0;34m1[0;34m0[0;34m0[0;34m0[0;34m1
[0m[0;34m1[0;34m0[0;34m0[0;34m0[0;34m1
[0m[0;34m1[0;34m1[0;34m1[0;34m1[0;34m1
[0m
[0m
[0m
[0m
[0m
[0m
[0m
[0m
[0m
[0m
[0m
[0m
[0m
[0m[0;34m1
[0m[0;34m2[0;34m0[0;34m0
[0m[0;34m2[0;34m0[0;34m0
[0m[0;34m2[0;34m0[0;34m0
[0m[0;34m2[0;34m0
[0m[0;34m2[0;34m0
[0m[0;34m2[0;34m0
[0m[0;34m1[0;34m1[0;34m1[0;34m1[0;34m1
[0m[0;34m1[0;34m0[0;34m0[0;34m0[0;34m1
[0m[0;34m1[0;34m0[0;34mS[0;34m0[0;34m1
[0m[0;34m1[0;34m0[0;34m0[0;34m0[0;34m1
[0m[0;34m1[0;34m0[0;34m0[0;34m0[0;34m1
[0m[0;34m1[0;34m0[0;34m0[0;34m0[0;34m1
[0m[0;34m1[0;34m1[0;34m0[0;34m0[0;34m1
[0m[0;34m1[0;34m0[0;34m0[0;34m0[0;34m1
[0m[0;34m1[0;34m0[0;34m0[0;34m0[0;34m1
[0m[0;34m1[0;34m0[0;34m0[0;34m0[0;34m1
[0m[0;34m1[0;34m0[0;34m0[0;34m0[0;34m1
[0m[0;34m1[0;34m0[0;34m0[0;34m0[0;34m1
[0m[0;34m1[0;34m1[0;34m1[0;34m1[0;34m1
[0m[0;34m1[0;34m1[0;34m1[0;34m1[0;34m1
[0m[0;34m1[0;34m1[0;34m1[0;34m1[0;34m1
[0m[0;34m1[0;34m1[0;34m1[0;34m1[0;34m1
[0m[0;34m1[0;34m1[0;34m1[0;34m1[0;34m1
[0m[0;34m1[0;34m1[0;34m1[0;34m1[0;34m1
[0m[0;34m1[0;34m1[0;34m1[0;34m1[0;34m1
[0m[0;34m1[0;34m1[0;34m1[0;34m1[0;34m1
[0m[0;34m1[0;34m1[0;34m1[0;34m1[0;34m1
[0m[0;34m1[0;34m1[0;34m1[0;34m1[0;34m1
[0m[0;34m1[0;34m1[0;34m1[0;34m1[0;34m1
[0m[0;34m1[0;34m1[0;34m1[0;34m1[0;34m1
[0m[0;34m1[0;34m1[0;34m1[0;34m1[0;34m1
[0m[0;34m1[0;34m1[0;34m1[0;34m1[0;34m1
[0m[0;34m1[0;34m1[0;34m1[0;34m1[0;34m1
[0mExit code: 0
‚ö†Ô∏è No Valgrind alerts, but with leaks[0m  
==13129== Memcheck, a memory error detector
==13129== Copyright (C) 2002-2022, and GNU GPL'd, by Julian Seward et al.
==13129== Using Valgrind-3.22.0 and LibVEX; rerun with -h for copyright info
==13129== Command: ./cub3d ./maps/bad/file_letter_end.cub
==13129== Parent PID: 12970
==13129== 
==13129== 
==13129== HEAP SUMMARY:
==13129==     in use at exit: 1,135 bytes in 78 blocks
==13129==   total heap usage: 227 allocs, 149 frees, 12,149 bytes allocated
==13129== 
==13129== LEAK SUMMARY:
==13129==    definitely lost: 691 bytes in 10 blocks
==13129==    indirectly lost: 444 bytes in 68 blocks
==13129==      possibly lost: 0 bytes in 0 blocks
==13129==    still reachable: 0 bytes in 0 blocks
==13129==         suppressed: 0 bytes in 0 blocks
==13129== Rerun with --leak-check=full to see details of leaked memory
==13129== 
==13129== For lists of detected and suppressed errors, rerun with: -s
==13129== ERROR SUMMARY: 0 errors from 0 contexts (suppressed: 0 from 0)
Running valgrind on ./maps/bad/filetype_missing...
[0;31m Error:[Check args] no map or invalid map extension
[0m Exit code: 1
[0;32m‚úÖ No Valgrind alerts, no leaks[0m  
==13132== Memcheck, a memory error detector
==13132== Copyright (C) 2002-2022, and GNU GPL'd, by Julian Seward et al.
==13132== Using Valgrind-3.22.0 and LibVEX; rerun with -h for copyright info
==13132== Command: ./cub3d ./maps/bad/filetype_missing
==13132== Parent PID: 12970
==13132== 
==13132== 
==13132== HEAP SUMMARY:
==13132==     in use at exit: 0 bytes in 0 blocks
==13132==   total heap usage: 3 allocs, 3 frees, 144 bytes allocated
==13132== 
==13132== All heap blocks were freed -- no leaks are possible
==13132== 
==13132== For lists of detected and suppressed errors, rerun with: -s
==13132== ERROR SUMMARY: 0 errors from 0 contexts (suppressed: 0 from 0)
Running valgrind on ./maps/bad/filetype_wrong.buc...
[0;31m Error:[Check args] no map or invalid map extension
[0m Exit code: 1
[0;32m‚úÖ No Valgrind alerts, no leaks[0m  
==13135== Memcheck, a memory error detector
==13135== Copyright (C) 2002-2022, and GNU GPL'd, by Julian Seward et al.
==13135== Using Valgrind-3.22.0 and LibVEX; rerun with -h for copyright info
==13135== Command: ./cub3d ./maps/bad/filetype_wrong.buc
==13135== Parent PID: 12970
==13135== 
==13135== 
==13135== HEAP SUMMARY:
==13135==     in use at exit: 0 bytes in 0 blocks
==13135==   total heap usage: 3 allocs, 3 frees, 144 bytes allocated
==13135== 
==13135== All heap blocks were freed -- no leaks are possible
==13135== 
==13135== For lists of detected and suppressed errors, rerun with: -s
==13135== ERROR SUMMARY: 0 errors from 0 contexts (suppressed: 0 from 0)
Running valgrind on ./maps/bad/map_first.cub...

[0;31m Error:[Map start] No map or incorrect placement
[0m [0;34m1[0;34m1[0;34m1[0;34m1[0;34m1
[0m[0;34m1[0;34m0[0;34m0[0;34m0[0;34m1
[0m[0;34m1[0;34m0[0;34mS[0;34m0[0;34m1
[0m[0;34m1[0;34m0[0;34m0[0;34m0[0;34m1
[0m[0;34m1[0;34m0[0;34m0[0;34m0[0;34m1
[0m[0;34m1[0;34m0[0;34m0[0;34m0[0;34m1
[0m[0;34m1[0;34m1[0;34m0[0;34m0[0;34m1
[0m[0;34m1[0;34m0[0;34m0[0;34m0[0;34m1
[0m[0;34m1[0;34m0[0;34m0[0;34m0[0;34m1
[0m[0;34m1[0;34m0[0;34m0[0;34m0[0;34m1
[0m[0;34m1[0;34m0[0;34m0[0;34m0[0;34m1
[0m[0;34m1[0;34m0[0;34m0[0;34m0[0;34m1
[0m[0;34m1[0;34m1[0;34m1[0;34m1[0;34m1
[0m
[0m[0;34mN[0;34mO[0;34m [0;34mt[0;34me[0;34mx[0;34mt[0;34mu[0;34mr[0;34me[0;34ms[0;34m/[0;34mt[0;34me[0;34ms[0;34mt[0;34m/[0;34mn[0;34mo[0;34mr[0;34mt[0;34mh[0;34m.[0;34mx[0;34mp[0;34mm
[0m[0;34mS[0;34mO[0;34m [0;34mt[0;34me[0;34mx[0;34mt[0;34mu[0;34mr[0;34me[0;34ms[0;34m/[0;34mt[0;34me[0;34ms[0;34mt[0;34m/[0;34ms[0;34mo[0;34mu[0;34mt[0;34mh[0;34m.[0;34mx[0;34mp[0;34mm
[0m[0;34mW[0;34mE[0;34m [0;34mt[0;34me[0;34mx[0;34mt[0;34mu[0;34mr[0;34me[0;34ms[0;34m/[0;34mt[0;34me[0;34ms[0;34mt[0;34m/[0;34mw[0;34me[0;34ms[0;34mt[0;34m.[0;34mx[0;34mp[0;34mm
[0m[0;34mE[0;34mA[0;34m [0;34mt[0;34me[0;34mx[0;34mt[0;34mu[0;34mr[0;34me[0;34ms[0;34m/[0;34mt[0;34me[0;34ms[0;34mt[0;34m/[0;34me[0;34ma[0;34ms[0;34mt[0;34m.[0;34mx[0;34mp[0;34mm
[0m
[0m[0;34mF[0;34m [0;34m2[0;34m0[0;34m,[0;34m2[0;34m0[0;34m,[0;34m2[0;34m0
[0m[0;34mC[0;34m [0;34m2[0;34m0[0;34m0[0;34m,[0;34m2[0;34m0[0;34m0[0;34m,[0;34m2[0;34m0[0;34m0
[0mExit code: 1
‚ö†Ô∏è No Valgrind alerts, but with leaks[0m  
==13138== Memcheck, a memory error detector
==13138== Copyright (C) 2002-2022, and GNU GPL'd, by Julian Seward et al.
==13138== Using Valgrind-3.22.0 and LibVEX; rerun with -h for copyright info
==13138== Command: ./cub3d ./maps/bad/map_first.cub
==13138== Parent PID: 12970
==13138== 
==13138== 
==13138== HEAP SUMMARY:
==13138==     in use at exit: 408 bytes in 22 blocks
==13138==   total heap usage: 99 allocs, 77 frees, 7,572 bytes allocated
==13138== 
==13138== LEAK SUMMARY:
==13138==    definitely lost: 176 bytes in 1 blocks
==13138==    indirectly lost: 232 bytes in 21 blocks
==13138==      possibly lost: 0 bytes in 0 blocks
==13138==    still reachable: 0 bytes in 0 blocks
==13138==         suppressed: 0 bytes in 0 blocks
==13138== Rerun with --leak-check=full to see details of leaked memory
==13138== 
==13138== For lists of detected and suppressed errors, rerun with: -s
==13138== ERROR SUMMARY: 0 errors from 0 contexts (suppressed: 0 from 0)
Running valgrind on ./maps/bad/map_middle.cub...

[0;31m Error:[Map check in file] Invalid map placement or format
[0m [0;34mN[0;34mO[0;34m [0;34mt[0;34me[0;34mx[0;34mt[0;34mu[0;34mr[0;34me[0;34ms[0;34m/[0;34mt[0;34me[0;34ms[0;34mt[0;34m/[0;34mn[0;34mo[0;34mr[0;34mt[0;34mh[0;34m.[0;34mx[0;34mp[0;34mm
[0m[0;34mS[0;34mO[0;34m [0;34mt[0;34me[0;34mx[0;34mt[0;34mu[0;34mr[0;34me[0;34ms[0;34m/[0;34mt[0;34me[0;34ms[0;34mt[0;34m/[0;34ms[0;34mo[0;34mu[0;34mt[0;34mh[0;34m.[0;34mx[0;34mp[0;34mm
[0m[0;34mW[0;34mE[0;34m [0;34mt[0;34me[0;34mx[0;34mt[0;34mu[0;34mr[0;34me[0;34ms[0;34m/[0;34mt[0;34me[0;34ms[0;34mt[0;34m/[0;34mw[0;34me[0;34ms[0;34mt[0;34m.[0;34mx[0;34mp[0;34mm
[0m[0;34mE[0;34mA[0;34m [0;34mt[0;34me[0;34mx[0;34mt[0;34mu[0;34mr[0;34me[0;34ms[0;34m/[0;34mt[0;34me[0;34ms[0;34mt[0;34m/[0;34me[0;34ma[0;34ms[0;34mt[0;34m.[0;34mx[0;34mp[0;34mm
[0m
[0m[0;34m1[0;34m1[0;34m1[0;34m1[0;34m1
[0m[0;34m1[0;34m0[0;34m0[0;34m0[0;34m1
[0m[0;34m1[0;34m0[0;34mS[0;34m0[0;34m1
[0m[0;34m1[0;34m0[0;34m0[0;34m0[0;34m1
[0m[0;34m1[0;34m0[0;34m0[0;34m0[0;34m1
[0m[0;34m1[0;34m0[0;34m0[0;34m0[0;34m1
[0m[0;34m1[0;34m1[0;34m0[0;34m0[0;34m1
[0m[0;34m1[0;34m0[0;34m0[0;34m0[0;34m1
[0m[0;34m1[0;34m0[0;34m0[0;34m0[0;34m1
[0m[0;34m1[0;34m0[0;34m0[0;34m0[0;34m1
[0m[0;34m1[0;34m0[0;34m0[0;34m0[0;34m1
[0m[0;34m1[0;34m0[0;34m0[0;34m0[0;34m1
[0m[0;34m1[0;34m1[0;34m1[0;34m1[0;34m1
[0m
[0m[0;34mF[0;34m [0;34m2[0;34m0[0;34m,[0;34m2[0;34m0[0;34m,[0;34m2[0;34m0
[0m[0;34mC[0;34m [0;34m2[0;34m0[0;34m0[0;34m,[0;34m2[0;34m0[0;34m0[0;34m,[0;34m2[0;34m0[0;34m0
[0m
[0m
[0mExit code: 1
‚ö†Ô∏è No Valgrind alerts, but with leaks[0m  
==13141== Memcheck, a memory error detector
==13141== Copyright (C) 2002-2022, and GNU GPL'd, by Julian Seward et al.
==13141== Using Valgrind-3.22.0 and LibVEX; rerun with -h for copyright info
==13141== Command: ./cub3d ./maps/bad/map_middle.cub
==13141== Parent PID: 12970
==13141== 
==13141== 
==13141== HEAP SUMMARY:
==13141==     in use at exit: 428 bytes in 24 blocks
==13141==   total heap usage: 107 allocs, 83 frees, 8,059 bytes allocated
==13141== 
==13141== LEAK SUMMARY:
==13141==    definitely lost: 192 bytes in 1 blocks
==13141==    indirectly lost: 236 bytes in 23 blocks
==13141==      possibly lost: 0 bytes in 0 blocks
==13141==    still reachable: 0 bytes in 0 blocks
==13141==         suppressed: 0 bytes in 0 blocks
==13141== Rerun with --leak-check=full to see details of leaked memory
==13141== 
==13141== For lists of detected and suppressed errors, rerun with: -s
==13141== ERROR SUMMARY: 0 errors from 0 contexts (suppressed: 0 from 0)
Running valgrind on ./maps/bad/map_missing.cub...

[0;31m Error:[Map start] No map or incorrect placement
[0m [0;34mN[0;34mO[0;34m [0;34mt[0;34me[0;34mx[0;34mt[0;34mu[0;34mr[0;34me[0;34ms[0;34m/[0;34mt[0;34me[0;34ms[0;34mt[0;34m/[0;34mn[0;34mo[0;34mr[0;34mt[0;34mh[0;34m.[0;34mx[0;34mp[0;34mm
[0m[0;34mS[0;34mO[0;34m [0;34mt[0;34me[0;34mx[0;34mt[0;34mu[0;34mr[0;34me[0;34ms[0;34m/[0;34mt[0;34me[0;34ms[0;34mt[0;34m/[0;34ms[0;34mo[0;34mu[0;34mt[0;34mh[0;34m.[0;34mx[0;34mp[0;34mm
[0m[0;34mW[0;34mE[0;34m [0;34mt[0;34me[0;34mx[0;34mt[0;34mu[0;34mr[0;34me[0;34ms[0;34m/[0;34mt[0;34me[0;34ms[0;34mt[0;34m/[0;34mw[0;34me[0;34ms[0;34mt[0;34m.[0;34mx[0;34mp[0;34mm
[0m[0;34mE[0;34mA[0;34m [0;34mt[0;34me[0;34mx[0;34mt[0;34mu[0;34mr[0;34me[0;34ms[0;34m/[0;34mt[0;34me[0;34ms[0;34mt[0;34m/[0;34me[0;34ma[0;34ms[0;34mt[0;34m.[0;34mx[0;34mp[0;34mm
[0m
[0m[0;34mF[0;34m [0;34m2[0;34m0[0;34m,[0;34m2[0;34m0[0;34m,[0;34m2[0;34m0
[0m[0;34mC[0;34m [0;34m2[0;34m0[0;34m0[0;34m,[0;34m2[0;34m0[0;34m0[0;34m,[0;34m2[0;34m0[0;34m0
[0m
[0mExit code: 1
‚ö†Ô∏è No Valgrind alerts, but with leaks[0m  
==13144== Memcheck, a memory error detector
==13144== Copyright (C) 2002-2022, and GNU GPL'd, by Julian Seward et al.
==13144== Using Valgrind-3.22.0 and LibVEX; rerun with -h for copyright info
==13144== Command: ./cub3d ./maps/bad/map_missing.cub
==13144== Parent PID: 12970
==13144== 
==13144== 
==13144== HEAP SUMMARY:
==13144==     in use at exit: 213 bytes in 9 blocks
==13144==   total heap usage: 44 allocs, 35 frees, 5,280 bytes allocated
==13144== 
==13144== LEAK SUMMARY:
==13144==    definitely lost: 72 bytes in 1 blocks
==13144==    indirectly lost: 141 bytes in 8 blocks
==13144==      possibly lost: 0 bytes in 0 blocks
==13144==    still reachable: 0 bytes in 0 blocks
==13144==         suppressed: 0 bytes in 0 blocks
==13144== Rerun with --leak-check=full to see details of leaked memory
==13144== 
==13144== For lists of detected and suppressed errors, rerun with: -s
==13144== ERROR SUMMARY: 0 errors from 0 contexts (suppressed: 0 from 0)
Running valgrind on ./maps/bad/map_only.cub...

[0;31m Error:[Map start] No map or incorrect placement
[0m [0;34m1[0;34m1[0;34m1[0;34m1[0;34m1
[0m[0;34m1[0;34m0[0;34m0[0;34m0[0;34m1
[0m[0;34m1[0;34m0[0;34mS[0;34m0[0;34m1
[0m[0;34m1[0;34m0[0;34m0[0;34m0[0;34m1
[0m[0;34m1[0;34m0[0;34m0[0;34m0[0;34m1
[0m[0;34m1[0;34m0[0;34m0[0;34m0[0;34m1
[0m[0;34m1[0;34m1[0;34m0[0;34m0[0;34m1
[0m[0;34m1[0;34m0[0;34m0[0;34m0[0;34m1
[0m[0;34m1[0;34m0[0;34m0[0;34m0[0;34m1
[0m[0;34m1[0;34m0[0;34m0[0;34m0[0;34m1
[0m[0;34m1[0;34m0[0;34m0[0;34m0[0;34m1
[0m[0;34m1[0;34m0[0;34m0[0;34m0[0;34m1
[0m[0;34m1[0;34m1[0;34m1[0;34m1[0;34m1
[0mExit code: 1
‚ö†Ô∏è No Valgrind alerts, but with leaks[0m  
==13147== Memcheck, a memory error detector
==13147== Copyright (C) 2002-2022, and GNU GPL'd, by Julian Seward et al.
==13147== Using Valgrind-3.22.0 and LibVEX; rerun with -h for copyright info
==13147== Command: ./cub3d ./maps/bad/map_only.cub
==13147== Parent PID: 12970
==13147== 
==13147== 
==13147== HEAP SUMMARY:
==13147==     in use at exit: 203 bytes in 14 blocks
==13147==   total heap usage: 62 allocs, 48 frees, 5,730 bytes allocated
==13147== 
==13147== LEAK SUMMARY:
==13147==    definitely lost: 112 bytes in 1 blocks
==13147==    indirectly lost: 91 bytes in 13 blocks
==13147==      possibly lost: 0 bytes in 0 blocks
==13147==    still reachable: 0 bytes in 0 blocks
==13147==         suppressed: 0 bytes in 0 blocks
==13147== Rerun with --leak-check=full to see details of leaked memory
==13147== 
==13147== For lists of detected and suppressed errors, rerun with: -s
==13147== ERROR SUMMARY: 0 errors from 0 contexts (suppressed: 0 from 0)
Running valgrind on ./maps/bad/map_too_small.cub...

[0;32m[Debug info] map end:[0m9
[0;32m[Debug info] map height:[0m2
[0;31m Error:[Map check in file] Invalid map size
[0m [0;34mN[0;34mO[0;34m [0;34mt[0;34me[0;34mx[0;34mt[0;34mu[0;34mr[0;34me[0;34ms[0;34m/[0;34mt[0;34me[0;34ms[0;34mt[0;34m/[0;34mn[0;34mo[0;34mr[0;34mt[0;34mh[0;34m.[0;34mx[0;34mp[0;34mm
[0m[0;34mS[0;34mO[0;34m [0;34mt[0;34me[0;34mx[0;34mt[0;34mu[0;34mr[0;34me[0;34ms[0;34m/[0;34mt[0;34me[0;34ms[0;34mt[0;34m/[0;34ms[0;34mo[0;34mu[0;34mt[0;34mh[0;34m.[0;34mx[0;34mp[0;34mm
[0m[0;34mW[0;34mE[0;34m [0;34mt[0;34me[0;34mx[0;34mt[0;34mu[0;34mr[0;34me[0;34ms[0;34m/[0;34mt[0;34me[0;34ms[0;34mt[0;34m/[0;34mw[0;34me[0;34ms[0;34mt[0;34m.[0;34mx[0;34mp[0;34mm
[0m[0;34mE[0;34mA[0;34m [0;34mt[0;34me[0;34mx[0;34mt[0;34mu[0;34mr[0;34me[0;34ms[0;34m/[0;34mt[0;34me[0;34ms[0;34mt[0;34m/[0;34me[0;34ma[0;34ms[0;34mt[0;34m.[0;34mx[0;34mp[0;34mm
[0m
[0m[0;34mF[0;34m [0;34m2[0;34m0[0;34m,[0;34m2[0;34m0[0;34m,[0;34m2[0;34m0
[0m[0;34mC[0;34m [0;34m2[0;34m0[0;34m0[0;34m,[0;34m2[0;34m0[0;34m0[0;34m,[0;34m2[0;34m0[0;34m0
[0m
[0m[0;34m1[0;34m1[0;34m1
[0m[0;34m1[0;34m1[0;34m1
[0mExit code: 1
‚ö†Ô∏è No Valgrind alerts, but with leaks[0m  
==13178== Memcheck, a memory error detector
==13178== Copyright (C) 2002-2022, and GNU GPL'd, by Julian Seward et al.
==13178== Using Valgrind-3.22.0 and LibVEX; rerun with -h for copyright info
==13178== Command: ./cub3d ./maps/bad/map_too_small.cub
==13178== Parent PID: 12970
==13178== 
==13178== 
==13178== HEAP SUMMARY:
==13178==     in use at exit: 239 bytes in 11 blocks
==13178==   total heap usage: 52 allocs, 41 frees, 5,540 bytes allocated
==13178== 
==13178== LEAK SUMMARY:
==13178==    definitely lost: 88 bytes in 1 blocks
==13178==    indirectly lost: 151 bytes in 10 blocks
==13178==      possibly lost: 0 bytes in 0 blocks
==13178==    still reachable: 0 bytes in 0 blocks
==13178==         suppressed: 0 bytes in 0 blocks
==13178== Rerun with --leak-check=full to see details of leaked memory
==13178== 
==13178== For lists of detected and suppressed errors, rerun with: -s
==13178== ERROR SUMMARY: 0 errors from 0 contexts (suppressed: 0 from 0)
Running valgrind on ./maps/bad/player_multiple.cub...

[0;32m[Debug info] map end:[0m20
[0;32m[Debug info] map height:[0m13
[0;31m Error:[Map validation] invalid number of player 
[0m [0;34mN[0;34mO[0;34m [0;34mt[0;34me[0;34mx[0;34mt[0;34mu[0;34mr[0;34me[0;34ms[0;34m/[0;34mt[0;34me[0;34ms[0;34mt[0;34m/[0;34mn[0;34mo[0;34mr[0;34mt[0;34mh[0;34m.[0;34mx[0;34mp[0;34mm
[0m[0;34mS[0;34mO[0;34m [0;34mt[0;34me[0;34mx[0;34mt[0;34mu[0;34mr[0;34me[0;34ms[0;34m/[0;34mt[0;34me[0;34ms[0;34mt[0;34m/[0;34ms[0;34mo[0;34mu[0;34mt[0;34mh[0;34m.[0;34mx[0;34mp[0;34mm
[0m[0;34mW[0;34mE[0;34m [0;34mt[0;34me[0;34mx[0;34mt[0;34mu[0;34mr[0;34me[0;34ms[0;34m/[0;34mt[0;34me[0;34ms[0;34mt[0;34m/[0;34mw[0;34me[0;34ms[0;34mt[0;34m.[0;34mx[0;34mp[0;34mm
[0m[0;34mE[0;34mA[0;34m [0;34mt[0;34me[0;34mx[0;34mt[0;34mu[0;34mr[0;34me[0;34ms[0;34m/[0;34mt[0;34me[0;34ms[0;34mt[0;34m/[0;34me[0;34ma[0;34ms[0;34mt[0;34m.[0;34mx[0;34mp[0;34mm
[0m
[0m[0;34mF[0;34m [0;34m2[0;34m0[0;34m,[0;34m2[0;34m0[0;34m,[0;34m2[0;34m0
[0m[0;34mC[0;34m [0;34m2[0;34m0[0;34m0[0;34m,[0;34m2[0;34m0[0;34m0[0;34m,[0;34m2[0;34m0[0;34m0
[0m
[0m[0;34m1[0;34m1[0;34m1[0;34m1[0;34m1
[0m[0;34m1[0;34m0[0;34m0[0;34m0[0;34m1
[0m[0;34m1[0;34m0[0;34mS[0;34m0[0;34m1
[0m[0;34m1[0;34m0[0;34m0[0;34m0[0;34m1
[0m[0;34m1[0;34m0[0;34m0[0;34m0[0;34m1
[0m[0;34m1[0;34m0[0;34m0[0;34m0[0;34m1
[0m[0;34m1[0;34m1[0;34mE[0;34m0[0;34m1
[0m[0;34m1[0;34m0[0;34m0[0;34m0[0;34m1
[0m[0;34m1[0;34m0[0;34m0[0;34m0[0;34m1
[0m[0;34m1[0;34m0[0;34m0[0;34m0[0;34m1
[0m[0;34m1[0;34m0[0;34m0[0;34m0[0;34m1
[0m[0;34m1[0;34m0[0;34m0[0;34m0[0;34m1
[0m[0;34m1[0;34m1[0;34m1[0;34m1[0;34m1
[0mExit code: 1
‚ö†Ô∏è No Valgrind alerts, but with leaks[0m  
==13181== Memcheck, a memory error detector
==13181== Copyright (C) 2002-2022, and GNU GPL'd, by Julian Seward et al.
==13181== Using Valgrind-3.22.0 and LibVEX; rerun with -h for copyright info
==13181== Command: ./cub3d ./maps/bad/player_multiple.cub
==13181== Parent PID: 12970
==13181== 
==13181== 
==13181== HEAP SUMMARY:
==13181==     in use at exit: 598 bytes in 36 blocks
==13181==   total heap usage: 126 allocs, 90 frees, 7,925 bytes allocated
==13181== 
==13181== LEAK SUMMARY:
==13181==    definitely lost: 288 bytes in 2 blocks
==13181==    indirectly lost: 310 bytes in 34 blocks
==13181==      possibly lost: 0 bytes in 0 blocks
==13181==    still reachable: 0 bytes in 0 blocks
==13181==         suppressed: 0 bytes in 0 blocks
==13181== Rerun with --leak-check=full to see details of leaked memory
==13181== 
==13181== For lists of detected and suppressed errors, rerun with: -s
==13181== ERROR SUMMARY: 0 errors from 0 contexts (suppressed: 0 from 0)
Running valgrind on ./maps/bad/player_none.cub...

[0;32m[Debug info] map end:[0m20
[0;32m[Debug info] map height:[0m13
[0;31m Error:[Map validation] invalid number of player 
[0m [0;34mN[0;34mO[0;34m [0;34mt[0;34me[0;34mx[0;34mt[0;34mu[0;34mr[0;34me[0;34ms[0;34m/[0;34mt[0;34me[0;34ms[0;34mt[0;34m/[0;34mn[0;34mo[0;34mr[0;34mt[0;34mh[0;34m.[0;34mx[0;34mp[0;34mm
[0m[0;34mS[0;34mO[0;34m [0;34mt[0;34me[0;34mx[0;34mt[0;34mu[0;34mr[0;34me[0;34ms[0;34m/[0;34mt[0;34me[0;34ms[0;34mt[0;34m/[0;34ms[0;34mo[0;34mu[0;34mt[0;34mh[0;34m.[0;34mx[0;34mp[0;34mm
[0m[0;34mW[0;34mE[0;34m [0;34mt[0;34me[0;34mx[0;34mt[0;34mu[0;34mr[0;34me[0;34ms[0;34m/[0;34mt[0;34me[0;34ms[0;34mt[0;34m/[0;34mw[0;34me[0;34ms[0;34mt[0;34m.[0;34mx[0;34mp[0;34mm
[0m[0;34mE[0;34mA[0;34m [0;34mt[0;34me[0;34mx[0;34mt[0;34mu[0;34mr[0;34me[0;34ms[0;34m/[0;34mt[0;34me[0;34ms[0;34mt[0;34m/[0;34me[0;34ma[0;34ms[0;34mt[0;34m.[0;34mx[0;34mp[0;34mm
[0m
[0m[0;34mF[0;34m [0;34m2[0;34m0[0;34m,[0;34m2[0;34m0[0;34m,[0;34m2[0;34m0
[0m[0;34mC[0;34m [0;34m2[0;34m0[0;34m0[0;34m,[0;34m2[0;34m0[0;34m0[0;34m,[0;34m2[0;34m0[0;34m0
[0m
[0m[0;34m1[0;34m1[0;34m1[0;34m1[0;34m1
[0m[0;34m1[0;34m0[0;34m0[0;34m0[0;34m1
[0m[0;34m1[0;34m0[0;34m0[0;34m0[0;34m1
[0m[0;34m1[0;34m0[0;34m0[0;34m0[0;34m1
[0m[0;34m1[0;34m0[0;34m0[0;34m0[0;34m1
[0m[0;34m1[0;34m0[0;34m0[0;34m0[0;34m1
[0m[0;34m1[0;34m1[0;34m0[0;34m0[0;34m1
[0m[0;34m1[0;34m0[0;34m0[0;34m0[0;34m1
[0m[0;34m1[0;34m0[0;34m0[0;34m0[0;34m1
[0m[0;34m1[0;34m0[0;34m0[0;34m0[0;34m1
[0m[0;34m1[0;34m0[0;34m0[0;34m0[0;34m1
[0m[0;34m1[0;34m0[0;34m0[0;34m0[0;34m1
[0m[0;34m1[0;34m1[0;34m1[0;34m1[0;34m1
[0mExit code: 1
‚ö†Ô∏è No Valgrind alerts, but with leaks[0m  
==13225== Memcheck, a memory error detector
==13225== Copyright (C) 2002-2022, and GNU GPL'd, by Julian Seward et al.
==13225== Using Valgrind-3.22.0 and LibVEX; rerun with -h for copyright info
==13225== Command: ./cub3d ./maps/bad/player_none.cub
==13225== Parent PID: 12970
==13225== 
==13225== 
==13225== HEAP SUMMARY:
==13225==     in use at exit: 598 bytes in 36 blocks
==13225==   total heap usage: 126 allocs, 90 frees, 7,925 bytes allocated
==13225== 
==13225== LEAK SUMMARY:
==13225==    definitely lost: 288 bytes in 2 blocks
==13225==    indirectly lost: 310 bytes in 34 blocks
==13225==      possibly lost: 0 bytes in 0 blocks
==13225==    still reachable: 0 bytes in 0 blocks
==13225==         suppressed: 0 bytes in 0 blocks
==13225== Rerun with --leak-check=full to see details of leaked memory
==13225== 
==13225== For lists of detected and suppressed errors, rerun with: -s
==13225== ERROR SUMMARY: 0 errors from 0 contexts (suppressed: 0 from 0)
Running valgrind on ./maps/bad/player_on_edge.cub...

[0;32m[Debug info] map end:[0m20
[0;32m[Debug info] map height:[0m13
[0;31m Error:[Walls check] incorrect horizontal walls
[0m [0;34mN[0;34mO[0;34m [0;34mt[0;34me[0;34mx[0;34mt[0;34mu[0;34mr[0;34me[0;34ms[0;34m/[0;34mt[0;34me[0;34ms[0;34mt[0;34m/[0;34mn[0;34mo[0;34mr[0;34mt[0;34mh[0;34m.[0;34mx[0;34mp[0;34mm
[0m[0;34mS[0;34mO[0;34m [0;34mt[0;34me[0;34mx[0;34mt[0;34mu[0;34mr[0;34me[0;34ms[0;34m/[0;34mt[0;34me[0;34ms[0;34mt[0;34m/[0;34ms[0;34mo[0;34mu[0;34mt[0;34mh[0;34m.[0;34mx[0;34mp[0;34mm
[0m[0;34mW[0;34mE[0;34m [0;34mt[0;34me[0;34mx[0;34mt[0;34mu[0;34mr[0;34me[0;34ms[0;34m/[0;34mt[0;34me[0;34ms[0;34mt[0;34m/[0;34mw[0;34me[0;34ms[0;34mt[0;34m.[0;34mx[0;34mp[0;34mm
[0m[0;34mE[0;34mA[0;34m [0;34mt[0;34me[0;34mx[0;34mt[0;34mu[0;34mr[0;34me[0;34ms[0;34m/[0;34mt[0;34me[0;34ms[0;34mt[0;34m/[0;34me[0;34ma[0;34ms[0;34mt[0;34m.[0;34mx[0;34mp[0;34mm
[0m
[0m[0;34mF[0;34m [0;34m2[0;34m0[0;34m,[0;34m2[0;34m0[0;34m,[0;34m2[0;34m0
[0m[0;34mC[0;34m [0;34m2[0;34m0[0;34m0[0;34m,[0;34m2[0;34m0[0;34m0[0;34m,[0;34m2[0;34m0[0;34m0
[0m
[0m[0;34m1[0;34mS[0;34m1[0;34m1[0;34m1
[0m[0;34m1[0;34m0[0;34m0[0;34m0[0;34m1
[0m[0;34m1[0;34m0[0;34m0[0;34m0[0;34m1
[0m[0;34m1[0;34m0[0;34m0[0;34m0[0;34m1
[0m[0;34m1[0;34m0[0;34m0[0;34m0[0;34m1
[0m[0;34m1[0;34m0[0;34m0[0;34m0[0;34m1
[0m[0;34m1[0;34m1[0;34m0[0;34m0[0;34m1
[0m[0;34m1[0;34m0[0;34m0[0;34m0[0;34m1
[0m[0;34m1[0;34m0[0;34m0[0;34m0[0;34m1
[0m[0;34m1[0;34m0[0;34m0[0;34m0[0;34m1
[0m[0;34m1[0;34m0[0;34m0[0;34m0[0;34m1
[0m[0;34m1[0;34m0[0;34m0[0;34m0[0;34m1
[0m[0;34m1[0;34m1[0;34m1[0;34m1[0;34m1
[0mExit code: 1
‚ö†Ô∏è No Valgrind alerts, but with leaks[0m  
==13229== Memcheck, a memory error detector
==13229== Copyright (C) 2002-2022, and GNU GPL'd, by Julian Seward et al.
==13229== Using Valgrind-3.22.0 and LibVEX; rerun with -h for copyright info
==13229== Command: ./cub3d ./maps/bad/player_on_edge.cub
==13229== Parent PID: 12970
==13229== 
==13229== 
==13229== HEAP SUMMARY:
==13229==     in use at exit: 598 bytes in 36 blocks
==13229==   total heap usage: 126 allocs, 90 frees, 7,925 bytes allocated
==13229== 
==13229== LEAK SUMMARY:
==13229==    definitely lost: 288 bytes in 2 blocks
==13229==    indirectly lost: 310 bytes in 34 blocks
==13229==      possibly lost: 0 bytes in 0 blocks
==13229==    still reachable: 0 bytes in 0 blocks
==13229==         suppressed: 0 bytes in 0 blocks
==13229== Rerun with --leak-check=full to see details of leaked memory
==13229== 
==13229== For lists of detected and suppressed errors, rerun with: -s
==13229== ERROR SUMMARY: 0 errors from 0 contexts (suppressed: 0 from 0)
Running valgrind on ./maps/bad/textures_dir.cub...

[0;32m[Debug info] map end:[0m20
[0;32m[Debug info] map height:[0m13
[0;31m Error:[Texture verification] invalid texture format
[0m [0;34mN[0;34mO[0;34m [0;34mt[0;34me[0;34mx[0;34mt[0;34mu[0;34mr[0;34me[0;34ms[0;34m/[0;34mt[0;34me[0;34ms[0;34mt[0;34m/[0;34mn[0;34mo[0;34mr[0;34mt[0;34mh[0;34m.[0;34mx[0;34mp[0;34mm
[0m[0;34mS[0;34mO[0;34m [0;34mt[0;34me[0;34mx[0;34mt[0;34mu[0;34mr[0;34me[0;34ms[0;34m/[0;34mt[0;34me[0;34ms[0;34mt[0;34m/[0;34ms[0;34mo[0;34mu[0;34mt[0;34mh[0;34m.[0;34mx[0;34mp[0;34mm
[0m[0;34mW[0;34mE[0;34m [0;34mt[0;34me[0;34mx[0;34mt[0;34mu[0;34mr[0;34me[0;34ms[0;34m/[0;34mt[0;34me[0;34ms[0;34mt[0;34m/[0;34mw[0;34me[0;34ms[0;34mt[0;34m.[0;34mx[0;34mp[0;34mm
[0m[0;34mE[0;34mA[0;34m [0;34mt[0;34me[0;34mx[0;34mt[0;34mu[0;34mr[0;34me[0;34ms[0;34m/[0;34mt[0;34me[0;34ms[0;34mt[0;34m/
[0m
[0m[0;34mF[0;34m [0;34m2[0;34m0[0;34m,[0;34m2[0;34m0[0;34m,[0;34m2[0;34m0
[0m[0;34mC[0;34m [0;34m2[0;34m0[0;34m0[0;34m,[0;34m2[0;34m0[0;34m0[0;34m,[0;34m2[0;34m0[0;34m0
[0m
[0m[0;34m1[0;34m1[0;34m1[0;34m1[0;34m1
[0m[0;34m1[0;34m0[0;34m0[0;34m0[0;34m1
[0m[0;34m1[0;34m0[0;34mS[0;34m0[0;34m1
[0m[0;34m1[0;34m0[0;34m0[0;34m0[0;34m1
[0m[0;34m1[0;34m0[0;34m0[0;34m0[0;34m1
[0m[0;34m1[0;34m0[0;34m0[0;34m0[0;34m1
[0m[0;34m1[0;34m1[0;34m0[0;34m0[0;34m1
[0m[0;34m1[0;34m0[0;34m0[0;34m0[0;34m1
[0m[0;34m1[0;34m0[0;34m0[0;34m0[0;34m1
[0m[0;34m1[0;34m0[0;34m0[0;34m0[0;34m1
[0m[0;34m1[0;34m0[0;34m0[0;34m0[0;34m1
[0m[0;34m1[0;34m0[0;34m0[0;34m0[0;34m1
[0m[0;34m1[0;34m1[0;34m1[0;34m1[0;34m1
[0mExit code: 1
‚ö†Ô∏è No Valgrind alerts, but with leaks[0m  
==13232== Memcheck, a memory error detector
==13232== Copyright (C) 2002-2022, and GNU GPL'd, by Julian Seward et al.
==13232== Using Valgrind-3.22.0 and LibVEX; rerun with -h for copyright info
==13232== Command: ./cub3d ./maps/bad/textures_dir.cub
==13232== Parent PID: 12970
==13232== 
==13232== 
==13232== HEAP SUMMARY:
==13232==     in use at exit: 676 bytes in 40 blocks
==13232==   total heap usage: 130 allocs, 90 frees, 7,985 bytes allocated
==13232== 
==13232== LEAK SUMMARY:
==13232==    definitely lost: 374 bytes in 6 blocks
==13232==    indirectly lost: 302 bytes in 34 blocks
==13232==      possibly lost: 0 bytes in 0 blocks
==13232==    still reachable: 0 bytes in 0 blocks
==13232==         suppressed: 0 bytes in 0 blocks
==13232== Rerun with --leak-check=full to see details of leaked memory
==13232== 
==13232== For lists of detected and suppressed errors, rerun with: -s
==13232== ERROR SUMMARY: 0 errors from 0 contexts (suppressed: 0 from 0)
Running valgrind on ./maps/bad/textures_duplicates.cub...

[0;32m[Debug info] map end:[0m21
[0;32m[Debug info] map height:[0m13
[0;31m Error:[Texture save] Duplicate found
[0m [0;34mN[0;34mO[0;34m [0;34mt[0;34me[0;34mx[0;34mt[0;34mu[0;34mr[0;34me[0;34ms[0;34m/[0;34mt[0;34me[0;34ms[0;34mt[0;34m/[0;34mn[0;34mo[0;34mr[0;34mt[0;34mh[0;34m.[0;34mx[0;34mp[0;34mm
[0m[0;34mS[0;34mO[0;34m [0;34mt[0;34me[0;34mx[0;34mt[0;34mu[0;34mr[0;34me[0;34ms[0;34m/[0;34mt[0;34me[0;34ms[0;34mt[0;34m/[0;34ms[0;34mo[0;34mu[0;34mt[0;34mh[0;34m.[0;34mx[0;34mp[0;34mm
[0m[0;34mW[0;34mE[0;34m [0;34mt[0;34me[0;34mx[0;34mt[0;34mu[0;34mr[0;34me[0;34ms[0;34m/[0;34mt[0;34me[0;34ms[0;34mt[0;34m/[0;34mw[0;34me[0;34ms[0;34mt[0;34m.[0;34mx[0;34mp[0;34mm
[0m[0;34mE[0;34mA[0;34m [0;34mt[0;34me[0;34mx[0;34mt[0;34mu[0;34mr[0;34me[0;34ms[0;34m/[0;34mt[0;34me[0;34ms[0;34mt[0;34m/[0;34me[0;34ma[0;34ms[0;34mt[0;34m.[0;34mx[0;34mp[0;34mm
[0m[0;34mE[0;34mA[0;34m [0;34mt[0;34me[0;34mx[0;34mt[0;34mu[0;34mr[0;34me[0;34ms[0;34m/[0;34mt[0;34me[0;34ms[0;34mt[0;34m/[0;34me[0;34ma[0;34ms[0;34mt[0;34m.[0;34mx[0;34mp[0;34mm
[0m
[0m[0;34mF[0;34m [0;34m2[0;34m0[0;34m,[0;34m2[0;34m0[0;34m,[0;34m2[0;34m0
[0m[0;34mC[0;34m [0;34m2[0;34m0[0;34m0[0;34m,[0;34m2[0;34m0[0;34m0[0;34m,[0;34m2[0;34m0[0;34m0
[0m
[0m[0;34m1[0;34m1[0;34m1[0;34m1[0;34m1
[0m[0;34m1[0;34m0[0;34m0[0;34m0[0;34m1
[0m[0;34m1[0;34m0[0;34mS[0;34m0[0;34m1
[0m[0;34m1[0;34m0[0;34m0[0;34m0[0;34m1
[0m[0;34m1[0;34m0[0;34m0[0;34m0[0;34m1
[0m[0;34m1[0;34m0[0;34m0[0;34m0[0;34m1
[0m[0;34m1[0;34m1[0;34m0[0;34m0[0;34m1
[0m[0;34m1[0;34m0[0;34m0[0;34m0[0;34m1
[0m[0;34m1[0;34m0[0;34m0[0;34m0[0;34m1
[0m[0;34m1[0;34m0[0;34m0[0;34m0[0;34m1
[0m[0;34m1[0;34m0[0;34m0[0;34m0[0;34m1
[0m[0;34m1[0;34m0[0;34m0[0;34m0[0;34m1
[0m[0;34m1[0;34m1[0;34m1[0;34m1[0;34m1
[0mExit code: 1
‚ö†Ô∏è No Valgrind alerts, but with leaks[0m  
==13235== Memcheck, a memory error detector
==13235== Copyright (C) 2002-2022, and GNU GPL'd, by Julian Seward et al.
==13235== Using Valgrind-3.22.0 and LibVEX; rerun with -h for copyright info
==13235== Command: ./cub3d ./maps/bad/textures_duplicates.cub
==13235== Parent PID: 12970
==13235== 
==13235== 
==13235== HEAP SUMMARY:
==13235==     in use at exit: 750 bytes in 42 blocks
==13235==   total heap usage: 136 allocs, 94 frees, 8,299 bytes allocated
==13235== 
==13235== LEAK SUMMARY:
==13235==    definitely lost: 413 bytes in 7 blocks
==13235==    indirectly lost: 337 bytes in 35 blocks
==13235==      possibly lost: 0 bytes in 0 blocks
==13235==    still reachable: 0 bytes in 0 blocks
==13235==         suppressed: 0 bytes in 0 blocks
==13235== Rerun with --leak-check=full to see details of leaked memory
==13235== 
==13235== For lists of detected and suppressed errors, rerun with: -s
==13235== ERROR SUMMARY: 0 errors from 0 contexts (suppressed: 0 from 0)
Running valgrind on ./maps/bad/textures_invalid.cub...

[0;32m[Debug info] map end:[0m20
[0;32m[Debug info] map height:[0m13
[0;31m Error:[Texture verification] invalid texture format
[0m [0;34mN[0;34mO[0;34m [0;34mt[0;34me[0;34mx[0;34mt[0;34mu[0;34mr[0;34me[0;34ms[0;34m/[0;34mt[0;34me[0;34ms[0;34mt[0;34m/[0;34mn[0;34mo[0;34mr[0;34mt[0;34mh[0;34m.[0;34mx[0;34mp[0;34mm
[0m[0;34mS[0;34mO[0;34m [0;34mt[0;34me[0;34mx[0;34mt[0;34mu[0;34mr[0;34me[0;34ms[0;34m/[0;34mt[0;34me[0;34ms[0;34mt[0;34m/[0;34ms[0;34mo[0;34mu[0;34mt[0;34mh[0;34m.[0;34mx[0;34mp[0;34mm
[0m[0;34mW[0;34mE[0;34m [0;34mt[0;34me[0;34mx[0;34mt[0;34mu[0;34mr[0;34me[0;34ms[0;34m/[0;34mt[0;34me[0;34ms[0;34mt[0;34m/[0;34mx
[0m[0;34mE[0;34mA[0;34m [0;34mt[0;34me[0;34mx[0;34mt[0;34mu[0;34mr[0;34me[0;34ms[0;34m/[0;34mt[0;34me[0;34ms[0;34mt[0;34m/[0;34me[0;34ma[0;34ms[0;34mt[0;34m.[0;34mx[0;34mp[0;34mm
[0m
[0m[0;34mF[0;34m [0;34m2[0;34m0[0;34m,[0;34m2[0;34m0[0;34m,[0;34m2[0;34m0
[0m[0;34mC[0;34m [0;34m2[0;34m0[0;34m0[0;34m,[0;34m2[0;34m0[0;34m0[0;34m,[0;34m2[0;34m0[0;34m0
[0m
[0m[0;34m1[0;34m1[0;34m1[0;34m1[0;34m1
[0m[0;34m1[0;34m0[0;34m0[0;34m0[0;34m1
[0m[0;34m1[0;34m0[0;34mS[0;34m0[0;34m1
[0m[0;34m1[0;34m0[0;34m0[0;34m0[0;34m1
[0m[0;34m1[0;34m0[0;34m0[0;34m0[0;34m1
[0m[0;34m1[0;34m0[0;34m0[0;34m0[0;34m1
[0m[0;34m1[0;34m1[0;34m0[0;34m0[0;34m1
[0m[0;34m1[0;34m0[0;34m0[0;34m0[0;34m1
[0m[0;34m1[0;34m0[0;34m0[0;34m0[0;34m1
[0m[0;34m1[0;34m0[0;34m0[0;34m0[0;34m1
[0m[0;34m1[0;34m0[0;34m0[0;34m0[0;34m1
[0m[0;34m1[0;34m0[0;34m0[0;34m0[0;34m1
[0m[0;34m1[0;34m1[0;34m1[0;34m1[0;34m1
[0mExit code: 1
‚ö†Ô∏è No Valgrind alerts, but with leaks[0m  
==13238== Memcheck, a memory error detector
==13238== Copyright (C) 2002-2022, and GNU GPL'd, by Julian Seward et al.
==13238== Using Valgrind-3.22.0 and LibVEX; rerun with -h for copyright info
==13238== Command: ./cub3d ./maps/bad/textures_invalid.cub
==13238== Parent PID: 12970
==13238== 
==13238== 
==13238== HEAP SUMMARY:
==13238==     in use at exit: 678 bytes in 40 blocks
==13238==   total heap usage: 130 allocs, 90 frees, 7,982 bytes allocated
==13238== 
==13238== LEAK SUMMARY:
==13238==    definitely lost: 375 bytes in 6 blocks
==13238==    indirectly lost: 303 bytes in 34 blocks
==13238==      possibly lost: 0 bytes in 0 blocks
==13238==    still reachable: 0 bytes in 0 blocks
==13238==         suppressed: 0 bytes in 0 blocks
==13238== Rerun with --leak-check=full to see details of leaked memory
==13238== 
==13238== For lists of detected and suppressed errors, rerun with: -s
==13238== ERROR SUMMARY: 0 errors from 0 contexts (suppressed: 0 from 0)
Running valgrind on ./maps/bad/textures_missing.cub...

[0;32m[Debug info] map end:[0m19
[0;32m[Debug info] map height:[0m13
[0;31m Error:[Texture] textures are not complete
[0m [0;34mS[0;34mO[0;34m [0;34mt[0;34me[0;34mx[0;34mt[0;34mu[0;34mr[0;34me[0;34ms[0;34m/[0;34mt[0;34me[0;34ms[0;34mt[0;34m/[0;34ms[0;34mo[0;34mu[0;34mt[0;34mh[0;34m.[0;34mx[0;34mp[0;34mm
[0m[0;34mW[0;34mE[0;34m [0;34mt[0;34me[0;34mx[0;34mt[0;34mu[0;34mr[0;34me[0;34ms[0;34m/[0;34mt[0;34me[0;34ms[0;34mt[0;34m/[0;34mw[0;34me[0;34ms[0;34mt[0;34m.[0;34mx[0;34mp[0;34mm
[0m[0;34mE[0;34mA[0;34m [0;34mt[0;34me[0;34mx[0;34mt[0;34mu[0;34mr[0;34me[0;34ms[0;34m/[0;34mt[0;34me[0;34ms[0;34mt[0;34m/[0;34me[0;34ma[0;34ms[0;34mt[0;34m.[0;34mx[0;34mp[0;34mm
[0m
[0m[0;34mF[0;34m [0;34m2[0;34m0[0;34m,[0;34m2[0;34m0[0;34m,[0;34m2[0;34m0
[0m[0;34mC[0;34m [0;34m2[0;34m0[0;34m0[0;34m,[0;34m2[0;34m0[0;34m0[0;34m,[0;34m2[0;34m0[0;34m0
[0m
[0m[0;34m1[0;34m1[0;34m1[0;34m1[0;34m1
[0m[0;34m1[0;34m0[0;34m0[0;34m0[0;34m1
[0m[0;34m1[0;34m0[0;34mS[0;34m0[0;34m1
[0m[0;34m1[0;34m0[0;34m0[0;34m0[0;34m1
[0m[0;34m1[0;34m0[0;34m0[0;34m0[0;34m1
[0m[0;34m1[0;34m0[0;34m0[0;34m0[0;34m1
[0m[0;34m1[0;34m1[0;34m0[0;34m0[0;34m1
[0m[0;34m1[0;34m0[0;34m0[0;34m0[0;34m1
[0m[0;34m1[0;34m0[0;34m0[0;34m0[0;34m1
[0m[0;34m1[0;34m0[0;34m0[0;34m0[0;34m1
[0m[0;34m1[0;34m0[0;34m0[0;34m0[0;34m1
[0m[0;34m1[0;34m0[0;34m0[0;34m0[0;34m1
[0m[0;34m1[0;34m1[0;34m1[0;34m1[0;34m1
[0mExit code: 1
‚ö†Ô∏è No Valgrind alerts, but with leaks[0m  
==13241== Memcheck, a memory error detector
==13241== Copyright (C) 2002-2022, and GNU GPL'd, by Julian Seward et al.
==13241== Using Valgrind-3.22.0 and LibVEX; rerun with -h for copyright info
==13241== Command: ./cub3d ./maps/bad/textures_missing.cub
==13241== Parent PID: 12970
==13241== 
==13241== 
==13241== HEAP SUMMARY:
==13241==     in use at exit: 632 bytes in 38 blocks
==13241==   total heap usage: 124 allocs, 86 frees, 7,678 bytes allocated
==13241== 
==13241== LEAK SUMMARY:
==13241==    definitely lost: 350 bytes in 5 blocks
==13241==    indirectly lost: 282 bytes in 33 blocks
==13241==      possibly lost: 0 bytes in 0 blocks
==13241==    still reachable: 0 bytes in 0 blocks
==13241==         suppressed: 0 bytes in 0 blocks
==13241== Rerun with --leak-check=full to see details of leaked memory
==13241== 
==13241== For lists of detected and suppressed errors, rerun with: -s
==13241== ERROR SUMMARY: 0 errors from 0 contexts (suppressed: 0 from 0)
Running valgrind on ./maps/bad/textures_none.cub...

[0;32m[Debug info] map end:[0m15
[0;32m[Debug info] map height:[0m13
[0;31m Error:[Texture] textures are not complete
[0m [0;34mF[0;34m [0;34m2[0;34m0[0;34m,[0;34m2[0;34m0[0;34m,[0;34m2[0;34m0
[0m[0;34mC[0;34m [0;34m2[0;34m0[0;34m0[0;34m,[0;34m2[0;34m0[0;34m0[0;34m,[0;34m2[0;34m0[0;34m0
[0m
[0m[0;34m1[0;34m1[0;34m1[0;34m1[0;34m1
[0m[0;34m1[0;34m0[0;34m0[0;34m0[0;34m1
[0m[0;34m1[0;34m0[0;34mS[0;34m0[0;34m1
[0m[0;34m1[0;34m0[0;34m0[0;34m0[0;34m1
[0m[0;34m1[0;34m0[0;34m0[0;34m0[0;34m1
[0m[0;34m1[0;34m0[0;34m0[0;34m0[0;34m1
[0m[0;34m1[0;34m1[0;34m0[0;34m0[0;34m1
[0m[0;34m1[0;34m0[0;34m0[0;34m0[0;34m1
[0m[0;34m1[0;34m0[0;34m0[0;34m0[0;34m1
[0m[0;34m1[0;34m0[0;34m0[0;34m0[0;34m1
[0m[0;34m1[0;34m0[0;34m0[0;34m0[0;34m1
[0m[0;34m1[0;34m0[0;34m0[0;34m0[0;34m1
[0m[0;34m1[0;34m1[0;34m1[0;34m1[0;34m1
[0mExit code: 1
‚ö†Ô∏è No Valgrind alerts, but with leaks[0m  
==13272== Memcheck, a memory error detector
==13272== Copyright (C) 2002-2022, and GNU GPL'd, by Julian Seward et al.
==13272== Using Valgrind-3.22.0 and LibVEX; rerun with -h for copyright info
==13272== Command: ./cub3d ./maps/bad/textures_none.cub
==13272== Parent PID: 12970
==13272== 
==13272== 
==13272== HEAP SUMMARY:
==13272==     in use at exit: 446 bytes in 31 blocks
==13272==   total heap usage: 102 allocs, 71 frees, 6,634 bytes allocated
==13272== 
==13272== LEAK SUMMARY:
==13272==    definitely lost: 248 bytes in 2 blocks
==13272==    indirectly lost: 198 bytes in 29 blocks
==13272==      possibly lost: 0 bytes in 0 blocks
==13272==    still reachable: 0 bytes in 0 blocks
==13272==         suppressed: 0 bytes in 0 blocks
==13272== Rerun with --leak-check=full to see details of leaked memory
==13272== 
==13272== For lists of detected and suppressed errors, rerun with: -s
==13272== ERROR SUMMARY: 0 errors from 0 contexts (suppressed: 0 from 0)
Running valgrind on ./maps/bad/textures_not_xpm.cub...

[0;32m[Debug info] map end:[0m20
[0;32m[Debug info] map height:[0m13
[0;31m Error:[Texture verification] invalid texture format
[0m [0;34mN[0;34mO[0;34m [0;34mt[0;34me[0;34mx[0;34mt[0;34mu[0;34mr[0;34me[0;34ms[0;34m/[0;34mt[0;34me[0;34ms[0;34mt[0;34m/[0;34mn[0;34mo[0;34mr[0;34mt[0;34mh
[0m[0;34mS[0;34mO[0;34m [0;34mt[0;34me[0;34mx[0;34mt[0;34mu[0;34mr[0;34me[0;34ms[0;34m/[0;34mt[0;34me[0;34ms[0;34mt[0;34m/[0;34ms[0;34mo[0;34mu[0;34mt[0;34mh[0;34m.[0;34mx[0;34mp[0;34mm
[0m[0;34mW[0;34mE[0;34m [0;34mt[0;34me[0;34mx[0;34mt[0;34mu[0;34mr[0;34me[0;34ms[0;34m/[0;34mt[0;34me[0;34ms[0;34mt[0;34m/[0;34mw[0;34me[0;34ms[0;34mt[0;34m.[0;34mx[0;34mp[0;34mm
[0m[0;34mE[0;34mA[0;34m [0;34mt[0;34me[0;34mx[0;34mt[0;34mu[0;34mr[0;34me[0;34ms[0;34m/[0;34mt[0;34me[0;34ms[0;34mt[0;34m/[0;34me[0;34ma[0;34ms[0;34mt[0;34m.[0;34mx[0;34mp[0;34mm
[0m
[0m[0;34mF[0;34m [0;34m2[0;34m0[0;34m,[0;34m2[0;34m0[0;34m,[0;34m2[0;34m0
[0m[0;34mC[0;34m [0;34m2[0;34m0[0;34m0[0;34m,[0;34m2[0;34m0[0;34m0[0;34m,[0;34m2[0;34m0[0;34m0
[0m
[0m[0;34m1[0;34m1[0;34m1[0;34m1[0;34m1
[0m[0;34m1[0;34m0[0;34m0[0;34m0[0;34m1
[0m[0;34m1[0;34m0[0;34mS[0;34m0[0;34m1
[0m[0;34m1[0;34m0[0;34m0[0;34m0[0;34m1
[0m[0;34m1[0;34m0[0;34m0[0;34m0[0;34m1
[0m[0;34m1[0;34m0[0;34m0[0;34m0[0;34m1
[0m[0;34m1[0;34m1[0;34m0[0;34m0[0;34m1
[0m[0;34m1[0;34m0[0;34m0[0;34m0[0;34m1
[0m[0;34m1[0;34m0[0;34m0[0;34m0[0;34m1
[0m[0;34m1[0;34m0[0;34m0[0;34m0[0;34m1
[0m[0;34m1[0;34m0[0;34m0[0;34m0[0;34m1
[0m[0;34m1[0;34m0[0;34m0[0;34m0[0;34m1
[0m[0;34m1[0;34m1[0;34m1[0;34m1[0;34m1
[0mExit code: 1
‚ö†Ô∏è No Valgrind alerts, but with leaks[0m  
==13275== Memcheck, a memory error detector
==13275== Copyright (C) 2002-2022, and GNU GPL'd, by Julian Seward et al.
==13275== Using Valgrind-3.22.0 and LibVEX; rerun with -h for copyright info
==13275== Command: ./cub3d ./maps/bad/textures_not_xpm.cub
==13275== Parent PID: 12970
==13275== 
==13275== 
==13275== HEAP SUMMARY:
==13275==     in use at exit: 684 bytes in 40 blocks
==13275==   total heap usage: 130 allocs, 90 frees, 7,975 bytes allocated
==13275== 
==13275== LEAK SUMMARY:
==13275==    definitely lost: 378 bytes in 6 blocks
==13275==    indirectly lost: 306 bytes in 34 blocks
==13275==      possibly lost: 0 bytes in 0 blocks
==13275==    still reachable: 0 bytes in 0 blocks
==13275==         suppressed: 0 bytes in 0 blocks
==13275== Rerun with --leak-check=full to see details of leaked memory
==13275== 
==13275== For lists of detected and suppressed errors, rerun with: -s
==13275== ERROR SUMMARY: 0 errors from 0 contexts (suppressed: 0 from 0)
Running valgrind on ./maps/bad/wall_hole_east.cub...

[0;32m[Debug info] map end:[0m20
[0;32m[Debug info] map height:[0m13
[0;31m Error:[Walls check] incorrect vertical walls 
[0m [0;34mN[0;34mO[0;34m [0;34mt[0;34me[0;34mx[0;34mt[0;34mu[0;34mr[0;34me[0;34ms[0;34m/[0;34mt[0;34me[0;34ms[0;34mt[0;34m/[0;34mn[0;34mo[0;34mr[0;34mt[0;34mh[0;34m.[0;34mx[0;34mp[0;34mm
[0m[0;34mS[0;34mO[0;34m [0;34mt[0;34me[0;34mx[0;34mt[0;34mu[0;34mr[0;34me[0;34ms[0;34m/[0;34mt[0;34me[0;34ms[0;34mt[0;34m/[0;34ms[0;34mo[0;34mu[0;34mt[0;34mh[0;34m.[0;34mx[0;34mp[0;34mm
[0m[0;34mW[0;34mE[0;34m [0;34mt[0;34me[0;34mx[0;34mt[0;34mu[0;34mr[0;34me[0;34ms[0;34m/[0;34mt[0;34me[0;34ms[0;34mt[0;34m/[0;34mw[0;34me[0;34ms[0;34mt[0;34m.[0;34mx[0;34mp[0;34mm
[0m[0;34mE[0;34mA[0;34m [0;34mt[0;34me[0;34mx[0;34mt[0;34mu[0;34mr[0;34me[0;34ms[0;34m/[0;34mt[0;34me[0;34ms[0;34mt[0;34m/[0;34me[0;34ma[0;34ms[0;34mt[0;34m.[0;34mx[0;34mp[0;34mm
[0m
[0m[0;34mF[0;34m [0;34m2[0;34m0[0;34m,[0;34m2[0;34m0[0;34m,[0;34m2[0;34m0
[0m[0;34mC[0;34m [0;34m2[0;34m0[0;34m0[0;34m,[0;34m2[0;34m0[0;34m0[0;34m,[0;34m2[0;34m0[0;34m0
[0m
[0m[0;34m1[0;34m1[0;34m1[0;34m1[0;34m1
[0m[0;34m1[0;34m0[0;34m0[0;34m0[0;34m1
[0m[0;34m1[0;34m0[0;34mS[0;34m0[0;34m1
[0m[0;34m1[0;34m0[0;34m0[0;34m0[0;34m1
[0m[0;34m1[0;34m0[0;34m0[0;34m0[0;34m1
[0m[0;34m1[0;34m0[0;34m0[0;34m0[0;34m1
[0m[0;34m1[0;34m1[0;34m0[0;34m0[0;34m0
[0m[0;34m1[0;34m0[0;34m0[0;34m0[0;34m1
[0m[0;34m1[0;34m0[0;34m0[0;34m0[0;34m1
[0m[0;34m1[0;34m0[0;34m0[0;34m0[0;34m1
[0m[0;34m1[0;34m0[0;34m0[0;34m0[0;34m1
[0m[0;34m1[0;34m0[0;34m0[0;34m0[0;34m1
[0m[0;34m1[0;34m1[0;34m1[0;34m1[0;34m1
[0mExit code: 1
‚ö†Ô∏è No Valgrind alerts, but with leaks[0m  
==13319== Memcheck, a memory error detector
==13319== Copyright (C) 2002-2022, and GNU GPL'd, by Julian Seward et al.
==13319== Using Valgrind-3.22.0 and LibVEX; rerun with -h for copyright info
==13319== Command: ./cub3d ./maps/bad/wall_hole_east.cub
==13319== Parent PID: 12970
==13319== 
==13319== 
==13319== HEAP SUMMARY:
==13319==     in use at exit: 598 bytes in 36 blocks
==13319==   total heap usage: 126 allocs, 90 frees, 7,925 bytes allocated
==13319== 
==13319== LEAK SUMMARY:
==13319==    definitely lost: 288 bytes in 2 blocks
==13319==    indirectly lost: 310 bytes in 34 blocks
==13319==      possibly lost: 0 bytes in 0 blocks
==13319==    still reachable: 0 bytes in 0 blocks
==13319==         suppressed: 0 bytes in 0 blocks
==13319== Rerun with --leak-check=full to see details of leaked memory
==13319== 
==13319== For lists of detected and suppressed errors, rerun with: -s
==13319== ERROR SUMMARY: 0 errors from 0 contexts (suppressed: 0 from 0)
Running valgrind on ./maps/bad/wall_hole_north.cub...

[0;32m[Debug info] map end:[0m20
[0;32m[Debug info] map height:[0m13
[0;31m Error:[Walls check] incorrect horizontal walls
[0m [0;34mN[0;34mO[0;34m [0;34mt[0;34me[0;34mx[0;34mt[0;34mu[0;34mr[0;34me[0;34ms[0;34m/[0;34mt[0;34me[0;34ms[0;34mt[0;34m/[0;34mn[0;34mo[0;34mr[0;34mt[0;34mh[0;34m.[0;34mx[0;34mp[0;34mm
[0m[0;34mS[0;34mO[0;34m [0;34mt[0;34me[0;34mx[0;34mt[0;34mu[0;34mr[0;34me[0;34ms[0;34m/[0;34mt[0;34me[0;34ms[0;34mt[0;34m/[0;34ms[0;34mo[0;34mu[0;34mt[0;34mh[0;34m.[0;34mx[0;34mp[0;34mm
[0m[0;34mW[0;34mE[0;34m [0;34mt[0;34me[0;34mx[0;34mt[0;34mu[0;34mr[0;34me[0;34ms[0;34m/[0;34mt[0;34me[0;34ms[0;34mt[0;34m/[0;34mw[0;34me[0;34ms[0;34mt[0;34m.[0;34mx[0;34mp[0;34mm
[0m[0;34mE[0;34mA[0;34m [0;34mt[0;34me[0;34mx[0;34mt[0;34mu[0;34mr[0;34me[0;34ms[0;34m/[0;34mt[0;34me[0;34ms[0;34mt[0;34m/[0;34me[0;34ma[0;34ms[0;34mt[0;34m.[0;34mx[0;34mp[0;34mm
[0m
[0m[0;34mF[0;34m [0;34m2[0;34m0[0;34m,[0;34m2[0;34m0[0;34m,[0;34m2[0;34m0
[0m[0;34mC[0;34m [0;34m2[0;34m0[0;34m0[0;34m,[0;34m2[0;34m0[0;34m0[0;34m,[0;34m2[0;34m0[0;34m0
[0m
[0m[0;34m1[0;34m1[0;34m0[0;34m1[0;34m1
[0m[0;34m1[0;34m0[0;34m0[0;34m0[0;34m1
[0m[0;34m1[0;34m0[0;34mS[0;34m0[0;34m1
[0m[0;34m1[0;34m0[0;34m0[0;34m0[0;34m1
[0m[0;34m1[0;34m0[0;34m0[0;34m0[0;34m1
[0m[0;34m1[0;34m0[0;34m0[0;34m0[0;34m1
[0m[0;34m1[0;34m1[0;34m0[0;34m0[0;34m1
[0m[0;34m1[0;34m0[0;34m0[0;34m0[0;34m1
[0m[0;34m1[0;34m0[0;34m0[0;34m0[0;34m1
[0m[0;34m1[0;34m0[0;34m0[0;34m0[0;34m1
[0m[0;34m1[0;34m0[0;34m0[0;34m0[0;34m1
[0m[0;34m1[0;34m0[0;34m0[0;34m0[0;34m1
[0m[0;34m1[0;34m1[0;34m1[0;34m1[0;34m1
[0mExit code: 1
‚ö†Ô∏è No Valgrind alerts, but with leaks[0m  
==13322== Memcheck, a memory error detector
==13322== Copyright (C) 2002-2022, and GNU GPL'd, by Julian Seward et al.
==13322== Using Valgrind-3.22.0 and LibVEX; rerun with -h for copyright info
==13322== Command: ./cub3d ./maps/bad/wall_hole_north.cub
==13322== Parent PID: 12970
==13322== 
==13322== 
==13322== HEAP SUMMARY:
==13322==     in use at exit: 598 bytes in 36 blocks
==13322==   total heap usage: 126 allocs, 90 frees, 7,925 bytes allocated
==13322== 
==13322== LEAK SUMMARY:
==13322==    definitely lost: 288 bytes in 2 blocks
==13322==    indirectly lost: 310 bytes in 34 blocks
==13322==      possibly lost: 0 bytes in 0 blocks
==13322==    still reachable: 0 bytes in 0 blocks
==13322==         suppressed: 0 bytes in 0 blocks
==13322== Rerun with --leak-check=full to see details of leaked memory
==13322== 
==13322== For lists of detected and suppressed errors, rerun with: -s
==13322== ERROR SUMMARY: 0 errors from 0 contexts (suppressed: 0 from 0)
Running valgrind on ./maps/bad/wall_hole_south.cub...

[0;32m[Debug info] map end:[0m20
[0;32m[Debug info] map height:[0m13
[0;31m Error:[Walls check] incorrect horizontal walls
[0m [0;34mN[0;34mO[0;34m [0;34mt[0;34me[0;34mx[0;34mt[0;34mu[0;34mr[0;34me[0;34ms[0;34m/[0;34mt[0;34me[0;34ms[0;34mt[0;34m/[0;34mn[0;34mo[0;34mr[0;34mt[0;34mh[0;34m.[0;34mx[0;34mp[0;34mm
[0m[0;34mS[0;34mO[0;34m [0;34mt[0;34me[0;34mx[0;34mt[0;34mu[0;34mr[0;34me[0;34ms[0;34m/[0;34mt[0;34me[0;34ms[0;34mt[0;34m/[0;34ms[0;34mo[0;34mu[0;34mt[0;34mh[0;34m.[0;34mx[0;34mp[0;34mm
[0m[0;34mW[0;34mE[0;34m [0;34mt[0;34me[0;34mx[0;34mt[0;34mu[0;34mr[0;34me[0;34ms[0;34m/[0;34mt[0;34me[0;34ms[0;34mt[0;34m/[0;34mw[0;34me[0;34ms[0;34mt[0;34m.[0;34mx[0;34mp[0;34mm
[0m[0;34mE[0;34mA[0;34m [0;34mt[0;34me[0;34mx[0;34mt[0;34mu[0;34mr[0;34me[0;34ms[0;34m/[0;34mt[0;34me[0;34ms[0;34mt[0;34m/[0;34me[0;34ma[0;34ms[0;34mt[0;34m.[0;34mx[0;34mp[0;34mm
[0m
[0m[0;34mF[0;34m [0;34m2[0;34m0[0;34m,[0;34m2[0;34m0[0;34m,[0;34m2[0;34m0
[0m[0;34mC[0;34m [0;34m2[0;34m0[0;34m0[0;34m,[0;34m2[0;34m0[0;34m0[0;34m,[0;34m2[0;34m0[0;34m0
[0m
[0m[0;34m1[0;34m1[0;34m1[0;34m1[0;34m1
[0m[0;34m1[0;34m0[0;34m0[0;34m0[0;34m1
[0m[0;34m1[0;34m0[0;34mS[0;34m0[0;34m1
[0m[0;34m1[0;34m0[0;34m0[0;34m0[0;34m1
[0m[0;34m1[0;34m0[0;34m0[0;34m0[0;34m1
[0m[0;34m1[0;34m0[0;34m0[0;34m0[0;34m1
[0m[0;34m1[0;34m1[0;34m0[0;34m0[0;34m1
[0m[0;34m1[0;34m0[0;34m0[0;34m0[0;34m1
[0m[0;34m1[0;34m0[0;34m0[0;34m0[0;34m1
[0m[0;34m1[0;34m0[0;34m0[0;34m0[0;34m1
[0m[0;34m1[0;34m0[0;34m0[0;34m0[0;34m1
[0m[0;34m1[0;34m0[0;34m0[0;34m0[0;34m1
[0m[0;34m1[0;34m1[0;34m0[0;34m1[0;34m1
[0mExit code: 1
‚ö†Ô∏è No Valgrind alerts, but with leaks[0m  
==13325== Memcheck, a memory error detector
==13325== Copyright (C) 2002-2022, and GNU GPL'd, by Julian Seward et al.
==13325== Using Valgrind-3.22.0 and LibVEX; rerun with -h for copyright info
==13325== Command: ./cub3d ./maps/bad/wall_hole_south.cub
==13325== Parent PID: 12970
==13325== 
==13325== 
==13325== HEAP SUMMARY:
==13325==     in use at exit: 598 bytes in 36 blocks
==13325==   total heap usage: 126 allocs, 90 frees, 7,925 bytes allocated
==13325== 
==13325== LEAK SUMMARY:
==13325==    definitely lost: 288 bytes in 2 blocks
==13325==    indirectly lost: 310 bytes in 34 blocks
==13325==      possibly lost: 0 bytes in 0 blocks
==13325==    still reachable: 0 bytes in 0 blocks
==13325==         suppressed: 0 bytes in 0 blocks
==13325== Rerun with --leak-check=full to see details of leaked memory
==13325== 
==13325== For lists of detected and suppressed errors, rerun with: -s
==13325== ERROR SUMMARY: 0 errors from 0 contexts (suppressed: 0 from 0)
Running valgrind on ./maps/bad/wall_hole_west.cub...

[0;31m Error:[Map check in file] Invalid map placement or format
[0m [0;34mN[0;34mO[0;34m [0;34mt[0;34me[0;34mx[0;34mt[0;34mu[0;34mr[0;34me[0;34ms[0;34m/[0;34mt[0;34me[0;34ms[0;34mt[0;34m/[0;34mn[0;34mo[0;34mr[0;34mt[0;34mh[0;34m.[0;34mx[0;34mp[0;34mm
[0m[0;34mS[0;34mO[0;34m [0;34mt[0;34me[0;34mx[0;34mt[0;34mu[0;34mr[0;34me[0;34ms[0;34m/[0;34mt[0;34me[0;34ms[0;34mt[0;34m/[0;34ms[0;34mo[0;34mu[0;34mt[0;34mh[0;34m.[0;34mx[0;34mp[0;34mm
[0m[0;34mW[0;34mE[0;34m [0;34mt[0;34me[0;34mx[0;34mt[0;34mu[0;34mr[0;34me[0;34ms[0;34m/[0;34mt[0;34me[0;34ms[0;34mt[0;34m/[0;34mw[0;34me[0;34ms[0;34mt[0;34m.[0;34mx[0;34mp[0;34mm
[0m[0;34mE[0;34mA[0;34m [0;34mt[0;34me[0;34mx[0;34mt[0;34mu[0;34mr[0;34me[0;34ms[0;34m/[0;34mt[0;34me[0;34ms[0;34mt[0;34m/[0;34me[0;34ma[0;34ms[0;34mt[0;34m.[0;34mx[0;34mp[0;34mm
[0m
[0m[0;34mF[0;34m [0;34m2[0;34m0[0;34m,[0;34m2[0;34m0[0;34m,[0;34m2[0;34m0
[0m[0;34mC[0;34m [0;34m2[0;34m0[0;34m0[0;34m,[0;34m2[0;34m0[0;34m0[0;34m,[0;34m2[0;34m0[0;34m0
[0m
[0m[0;34m1[0;34m1[0;34m1[0;34m1[0;34m1
[0m[0;34m1[0;34m0[0;34m0[0;34m0[0;34m1
[0m[0;34m1[0;34m0[0;34mS[0;34m0[0;34m1
[0m[0;34m1[0;34m0[0;34m0[0;34m0[0;34m1
[0m[0;34m1[0;34m0[0;34m0[0;34m0[0;34m1
[0m[0;34m0[0;34m0[0;34m0[0;34m0[0;34m1
[0m[0;34m1[0;34m1[0;34m0[0;34m0[0;34m1
[0m[0;34m1[0;34m0[0;34m0[0;34m0[0;34m1
[0m[0;34m1[0;34m0[0;34m0[0;34m0[0;34m1
[0m[0;34m1[0;34m0[0;34m0[0;34m0[0;34m1
[0m[0;34m1[0;34m0[0;34m0[0;34m0[0;34m1
[0m[0;34m1[0;34m0[0;34m0[0;34m0[0;34m1
[0m[0;34m1[0;34m1[0;34m1[0;34m1[0;34m1
[0mExit code: 1
‚ö†Ô∏è No Valgrind alerts, but with leaks[0m  
==13328== Memcheck, a memory error detector
==13328== Copyright (C) 2002-2022, and GNU GPL'd, by Julian Seward et al.
==13328== Using Valgrind-3.22.0 and LibVEX; rerun with -h for copyright info
==13328== Command: ./cub3d ./maps/bad/wall_hole_west.cub
==13328== Parent PID: 12970
==13328== 
==13328== 
==13328== HEAP SUMMARY:
==13328==     in use at exit: 408 bytes in 22 blocks
==13328==   total heap usage: 99 allocs, 77 frees, 7,657 bytes allocated
==13328== 
==13328== LEAK SUMMARY:
==13328==    definitely lost: 176 bytes in 1 blocks
==13328==    indirectly lost: 232 bytes in 21 blocks
==13328==      possibly lost: 0 bytes in 0 blocks
==13328==    still reachable: 0 bytes in 0 blocks
==13328==         suppressed: 0 bytes in 0 blocks
==13328== Rerun with --leak-check=full to see details of leaked memory
==13328== 
==13328== For lists of detected and suppressed errors, rerun with: -s
==13328== ERROR SUMMARY: 0 errors from 0 contexts (suppressed: 0 from 0)
Running valgrind on ./maps/bad/wall_none.cub...

[0;31m Error:[Map start] No map or incorrect placement
[0m [0;34mN[0;34mO[0;34m [0;34mt[0;34me[0;34mx[0;34mt[0;34mu[0;34mr[0;34me[0;34ms[0;34m/[0;34mt[0;34me[0;34ms[0;34mt[0;34m/[0;34mn[0;34mo[0;34mr[0;34mt[0;34mh[0;34m.[0;34mx[0;34mp[0;34mm
[0m[0;34mS[0;34mO[0;34m [0;34mt[0;34me[0;34mx[0;34mt[0;34mu[0;34mr[0;34me[0;34ms[0;34m/[0;34mt[0;34me[0;34ms[0;34mt[0;34m/[0;34ms[0;34mo[0;34mu[0;34mt[0;34mh[0;34m.[0;34mx[0;34mp[0;34mm
[0m[0;34mW[0;34mE[0;34m [0;34mt[0;34me[0;34mx[0;34mt[0;34mu[0;34mr[0;34me[0;34ms[0;34m/[0;34mt[0;34me[0;34ms[0;34mt[0;34m/[0;34mw[0;34me[0;34ms[0;34mt[0;34m.[0;34mx[0;34mp[0;34mm
[0m[0;34mE[0;34mA[0;34m [0;34mt[0;34me[0;34mx[0;34mt[0;34mu[0;34mr[0;34me[0;34ms[0;34m/[0;34mt[0;34me[0;34ms[0;34mt[0;34m/[0;34me[0;34ma[0;34ms[0;34mt[0;34m.[0;34mx[0;34mp[0;34mm
[0m
[0m[0;34mF[0;34m [0;34m2[0;34m0[0;34m,[0;34m2[0;34m0[0;34m,[0;34m2[0;34m0
[0m[0;34mC[0;34m [0;34m2[0;34m0[0;34m0[0;34m,[0;34m2[0;34m0[0;34m0[0;34m,[0;34m2[0;34m0[0;34m0
[0m
[0m[0;34m0[0;34m0[0;34m0[0;34m0[0;34m0
[0m[0;34m0[0;34m0[0;34m0[0;34m0[0;34m0
[0m[0;34m0[0;34m0[0;34mS[0;34m0[0;34m0
[0m[0;34m0[0;34m0[0;34m0[0;34m0[0;34m0
[0m[0;34m0[0;34m0[0;34m0[0;34m0[0;34m0
[0m[0;34m0[0;34m0[0;34m0[0;34m0[0;34m0
[0m[0;34m0[0;34m0[0;34m0[0;34m0[0;34m0
[0m[0;34m0[0;34m0[0;34m0[0;34m0[0;34m0
[0m[0;34m0[0;34m0[0;34m0[0;34m0[0;34m0
[0m[0;34m0[0;34m0[0;34m0[0;34m0[0;34m0
[0m[0;34m0[0;34m0[0;34m0[0;34m0[0;34m0
[0m[0;34m0[0;34m0[0;34m0[0;34m0[0;34m0
[0m[0;34m0[0;34m0[0;34m0[0;34m0[0;34m0
[0mExit code: 1
‚ö†Ô∏è No Valgrind alerts, but with leaks[0m  
==13331== Memcheck, a memory error detector
==13331== Copyright (C) 2002-2022, and GNU GPL'd, by Julian Seward et al.
==13331== Using Valgrind-3.22.0 and LibVEX; rerun with -h for copyright info
==13331== Command: ./cub3d ./maps/bad/wall_none.cub
==13331== Parent PID: 12970
==13331== 
==13331== 
==13331== HEAP SUMMARY:
==13331==     in use at exit: 408 bytes in 22 blocks
==13331==   total heap usage: 99 allocs, 77 frees, 7,657 bytes allocated
==13331== 
==13331== LEAK SUMMARY:
==13331==    definitely lost: 176 bytes in 1 blocks
==13331==    indirectly lost: 232 bytes in 21 blocks
==13331==      possibly lost: 0 bytes in 0 blocks
==13331==    still reachable: 0 bytes in 0 blocks
==13331==         suppressed: 0 bytes in 0 blocks
==13331== Rerun with --leak-check=full to see details of leaked memory
==13331== 
==13331== For lists of detected and suppressed errors, rerun with: -s
==13331== ERROR SUMMARY: 0 errors from 0 contexts (suppressed: 0 from 0)
Valgrind tests completed. Results saved to test_output.txt.
Starting Valgrind tests...
Running valgrind on ./maps/bad/color_invalid_rgb.cub...

[0;32m[Debug info] map end:[0m20
[0;32m[Debug info] map height:[0m13
[0;31m Error:[Color] color number out of range
[0m [0;34mN[0;34mO[0;34m [0;34mt[0;34me[0;34mx[0;34mt[0;34mu[0;34mr[0;34me[0;34ms[0;34m/[0;34mt[0;34me[0;34ms[0;34mt[0;34m/[0;34mn[0;34mo[0;34mr[0;34mt[0;34mh[0;34m.[0;34mx[0;34mp[0;34mm
[0m[0;34mS[0;34mO[0;34m [0;34mt[0;34me[0;34mx[0;34mt[0;34mu[0;34mr[0;34me[0;34ms[0;34m/[0;34mt[0;34me[0;34ms[0;34mt[0;34m/[0;34ms[0;34mo[0;34mu[0;34mt[0;34mh[0;34m.[0;34mx[0;34mp[0;34mm
[0m[0;34mW[0;34mE[0;34m [0;34mt[0;34me[0;34mx[0;34mt[0;34mu[0;34mr[0;34me[0;34ms[0;34m/[0;34mt[0;34me[0;34ms[0;34mt[0;34m/[0;34mw[0;34me[0;34ms[0;34mt[0;34m.[0;34mx[0;34mp[0;34mm
[0m[0;34mE[0;34mA[0;34m [0;34mt[0;34me[0;34mx[0;34mt[0;34mu[0;34mr[0;34me[0;34ms[0;34m/[0;34mt[0;34me[0;34ms[0;34mt[0;34m/[0;34me[0;34ma[0;34ms[0;34mt[0;34m.[0;34mx[0;34mp[0;34mm
[0m
[0m[0;34mF[0;34m [0;34m2[0;34m0[0;34m,[0;34m2[0;34m0[0;34m,[0;34m-[0;34m2[0;34m0
[0m[0;34mC[0;34m [0;34m2[0;34m0[0;34m0[0;34m,[0;34m2[0;34m0[0;34m0[0;34m,[0;34m2[0;34m0[0;34m0
[0m
[0m[0;34m1[0;34m1[0;34m1[0;34m1[0;34m1
[0m[0;34m1[0;34m0[0;34m0[0;34m0[0;34m1
[0m[0;34m1[0;34m0[0;34mS[0;34m0[0;34m1
[0m[0;34m1[0;34m0[0;34m0[0;34m0[0;34m1
[0m[0;34m1[0;34m0[0;34m0[0;34m0[0;34m1
[0m[0;34m1[0;34m0[0;34m0[0;34m0[0;34m1
[0m[0;34m1[0;34m1[0;34m0[0;34m0[0;34m1
[0m[0;34m1[0;34m0[0;34m0[0;34m0[0;34m1
[0m[0;34m1[0;34m0[0;34m0[0;34m0[0;34m1
[0m[0;34m1[0;34m0[0;34m0[0;34m0[0;34m1
[0m[0;34m1[0;34m0[0;34m0[0;34m0[0;34m1
[0m[0;34m1[0;34m0[0;34m0[0;34m0[0;34m1
[0m[0;34m1[0;34m1[0;34m1[0;34m1[0;34m1
[0mExit code: 1
‚ö†Ô∏è No Valgrind alerts, but with leaks[0m  
==13654== Memcheck, a memory error detector
==13654== Copyright (C) 2002-2022, and GNU GPL'd, by Julian Seward et al.
==13654== Using Valgrind-3.22.0 and LibVEX; rerun with -h for copyright info
==13654== Command: ./cub3d ./maps/bad/color_invalid_rgb.cub
==13654== Parent PID: 13652
==13654== 
==13654== 
==13654== HEAP SUMMARY:
==13654==     in use at exit: 801 bytes in 50 blocks
==13654==   total heap usage: 142 allocs, 92 frees, 8,135 bytes allocated
==13654== 
==13654== LEAK SUMMARY:
==13654==    definitely lost: 468 bytes in 10 blocks
==13654==    indirectly lost: 333 bytes in 40 blocks
==13654==      possibly lost: 0 bytes in 0 blocks
==13654==    still reachable: 0 bytes in 0 blocks
==13654==         suppressed: 0 bytes in 0 blocks
==13654== Rerun with --leak-check=full to see details of leaked memory
==13654== 
==13654== For lists of detected and suppressed errors, rerun with: -s
==13654== ERROR SUMMARY: 0 errors from 0 contexts (suppressed: 0 from 0)
Running valgrind on ./maps/bad/color_missing_ceiling_rgb.cub...

[0;32m[Debug info] map end:[0m20
[0;32m[Debug info] map height:[0m13
[0;31m Error:[Color] incorrect numbers
[0m [0;34mN[0;34mO[0;34m [0;34mt[0;34me[0;34mx[0;34mt[0;34mu[0;34mr[0;34me[0;34ms[0;34m/[0;34mt[0;34me[0;34ms[0;34mt[0;34m/[0;34mn[0;34mo[0;34mr[0;34mt[0;34mh[0;34m.[0;34mx[0;34mp[0;34mm
[0m[0;34mS[0;34mO[0;34m [0;34mt[0;34me[0;34mx[0;34mt[0;34mu[0;34mr[0;34me[0;34ms[0;34m/[0;34mt[0;34me[0;34ms[0;34mt[0;34m/[0;34ms[0;34mo[0;34mu[0;34mt[0;34mh[0;34m.[0;34mx[0;34mp[0;34mm
[0m[0;34mW[0;34mE[0;34m [0;34mt[0;34me[0;34mx[0;34mt[0;34mu[0;34mr[0;34me[0;34ms[0;34m/[0;34mt[0;34me[0;34ms[0;34mt[0;34m/[0;34mw[0;34me[0;34ms[0;34mt[0;34m.[0;34mx[0;34mp[0;34mm
[0m[0;34mE[0;34mA[0;34m [0;34mt[0;34me[0;34mx[0;34mt[0;34mu[0;34mr[0;34me[0;34ms[0;34m/[0;34mt[0;34me[0;34ms[0;34mt[0;34m/[0;34me[0;34ma[0;34ms[0;34mt[0;34m.[0;34mx[0;34mp[0;34mm
[0m
[0m[0;34mF[0;34m [0;34m2[0;34m0[0;34m,[0;34m2[0;34m0[0;34m,[0;34m2[0;34m0
[0m[0;34mC[0;34m [0;34m2[0;34m0[0;34m0[0;34m,[0;34m2[0;34m0[0;34m0[0;34m,
[0m
[0m[0;34m1[0;34m1[0;34m1[0;34m1[0;34m1
[0m[0;34m1[0;34m0[0;34m0[0;34m0[0;34m1
[0m[0;34m1[0;34m0[0;34mS[0;34m0[0;34m1
[0m[0;34m1[0;34m0[0;34m0[0;34m0[0;34m1
[0m[0;34m1[0;34m0[0;34m0[0;34m0[0;34m1
[0m[0;34m1[0;34m0[0;34m0[0;34m0[0;34m1
[0m[0;34m1[0;34m1[0;34m0[0;34m0[0;34m1
[0m[0;34m1[0;34m0[0;34m0[0;34m0[0;34m1
[0m[0;34m1[0;34m0[0;34m0[0;34m0[0;34m1
[0m[0;34m1[0;34m0[0;34m0[0;34m0[0;34m1
[0m[0;34m1[0;34m0[0;34m0[0;34m0[0;34m1
[0m[0;34m1[0;34m0[0;34m0[0;34m0[0;34m1
[0m[0;34m1[0;34m1[0;34m1[0;34m1[0;34m1
[0mExit code: 1
‚ö†Ô∏è No Valgrind alerts, but with leaks[0m  
==13657== Memcheck, a memory error detector
==13657== Copyright (C) 2002-2022, and GNU GPL'd, by Julian Seward et al.
==13657== Using Valgrind-3.22.0 and LibVEX; rerun with -h for copyright info
==13657== Command: ./cub3d ./maps/bad/color_missing_ceiling_rgb.cub
==13657== Parent PID: 13652
==13657== 
==13657== 
==13657== HEAP SUMMARY:
==13657==     in use at exit: 780 bytes in 49 blocks
==13657==   total heap usage: 141 allocs, 92 frees, 8,082 bytes allocated
==13657== 
==13657== LEAK SUMMARY:
==13657==    definitely lost: 456 bytes in 10 blocks
==13657==    indirectly lost: 324 bytes in 39 blocks
==13657==      possibly lost: 0 bytes in 0 blocks
==13657==    still reachable: 0 bytes in 0 blocks
==13657==         suppressed: 0 bytes in 0 blocks
==13657== Rerun with --leak-check=full to see details of leaked memory
==13657== 
==13657== For lists of detected and suppressed errors, rerun with: -s
==13657== ERROR SUMMARY: 0 errors from 0 contexts (suppressed: 0 from 0)
Running valgrind on ./maps/bad/color_missing.cub...

[0;32m[Debug info] map end:[0m19
[0;32m[Debug info] map height:[0m13
[0;31m Error:[Color] colors are not complete
[0m [0;34mN[0;34mO[0;34m [0;34mt[0;34me[0;34mx[0;34mt[0;34mu[0;34mr[0;34me[0;34ms[0;34m/[0;34mt[0;34me[0;34ms[0;34mt[0;34m/[0;34mn[0;34mo[0;34mr[0;34mt[0;34mh[0;34m.[0;34mx[0;34mp[0;34mm
[0m[0;34mS[0;34mO[0;34m [0;34mt[0;34me[0;34mx[0;34mt[0;34mu[0;34mr[0;34me[0;34ms[0;34m/[0;34mt[0;34me[0;34ms[0;34mt[0;34m/[0;34ms[0;34mo[0;34mu[0;34mt[0;34mh[0;34m.[0;34mx[0;34mp[0;34mm
[0m[0;34mW[0;34mE[0;34m [0;34mt[0;34me[0;34mx[0;34mt[0;34mu[0;34mr[0;34me[0;34ms[0;34m/[0;34mt[0;34me[0;34ms[0;34mt[0;34m/[0;34mw[0;34me[0;34ms[0;34mt[0;34m.[0;34mx[0;34mp[0;34mm
[0m[0;34mE[0;34mA[0;34m [0;34mt[0;34me[0;34mx[0;34mt[0;34mu[0;34mr[0;34me[0;34ms[0;34m/[0;34mt[0;34me[0;34ms[0;34mt[0;34m/[0;34me[0;34ma[0;34ms[0;34mt[0;34m.[0;34mx[0;34mp[0;34mm
[0m
[0m[0;34mC[0;34m [0;34m2[0;34m0[0;34m0[0;34m,[0;34m2[0;34m0[0;34m0[0;34m,[0;34m2[0;34m0[0;34m0
[0m
[0m[0;34m1[0;34m1[0;34m1[0;34m1[0;34m1
[0m[0;34m1[0;34m0[0;34m0[0;34m0[0;34m1
[0m[0;34m1[0;34m0[0;34mS[0;34m0[0;34m1
[0m[0;34m1[0;34m0[0;34m0[0;34m0[0;34m1
[0m[0;34m1[0;34m0[0;34m0[0;34m0[0;34m1
[0m[0;34m1[0;34m0[0;34m0[0;34m0[0;34m1
[0m[0;34m1[0;34m1[0;34m0[0;34m0[0;34m1
[0m[0;34m1[0;34m0[0;34m0[0;34m0[0;34m1
[0m[0;34m1[0;34m0[0;34m0[0;34m0[0;34m1
[0m[0;34m1[0;34m0[0;34m0[0;34m0[0;34m1
[0m[0;34m1[0;34m0[0;34m0[0;34m0[0;34m1
[0m[0;34m1[0;34m0[0;34m0[0;34m0[0;34m1
[0m[0;34m1[0;34m1[0;34m1[0;34m1[0;34m1
[0mExit code: 1
‚ö†Ô∏è No Valgrind alerts, but with leaks[0m  
==13660== Memcheck, a memory error detector
==13660== Copyright (C) 2002-2022, and GNU GPL'd, by Julian Seward et al.
==13660== Using Valgrind-3.22.0 and LibVEX; rerun with -h for copyright info
==13660== Command: ./cub3d ./maps/bad/color_missing.cub
==13660== Parent PID: 13652
==13660== 
==13660== 
==13660== HEAP SUMMARY:
==13660==     in use at exit: 728 bytes in 44 blocks
==13660==   total heap usage: 132 allocs, 88 frees, 7,876 bytes allocated
==13660== 
==13660== LEAK SUMMARY:
==13660==    definitely lost: 418 bytes in 8 blocks
==13660==    indirectly lost: 310 bytes in 36 blocks
==13660==      possibly lost: 0 bytes in 0 blocks
==13660==    still reachable: 0 bytes in 0 blocks
==13660==         suppressed: 0 bytes in 0 blocks
==13660== Rerun with --leak-check=full to see details of leaked memory
==13660== 
==13660== For lists of detected and suppressed errors, rerun with: -s
==13660== ERROR SUMMARY: 0 errors from 0 contexts (suppressed: 0 from 0)
Running valgrind on ./maps/bad/color_missing_floor_rgb.cub...

[0;32m[Debug info] map end:[0m20
[0;32m[Debug info] map height:[0m13
[0;31m Error:[Color] incorrect numbers
[0m [0;34mN[0;34mO[0;34m [0;34mt[0;34me[0;34mx[0;34mt[0;34mu[0;34mr[0;34me[0;34ms[0;34m/[0;34mt[0;34me[0;34ms[0;34mt[0;34m/[0;34mn[0;34mo[0;34mr[0;34mt[0;34mh[0;34m.[0;34mx[0;34mp[0;34mm
[0m[0;34mS[0;34mO[0;34m [0;34mt[0;34me[0;34mx[0;34mt[0;34mu[0;34mr[0;34me[0;34ms[0;34m/[0;34mt[0;34me[0;34ms[0;34mt[0;34m/[0;34ms[0;34mo[0;34mu[0;34mt[0;34mh[0;34m.[0;34mx[0;34mp[0;34mm
[0m[0;34mW[0;34mE[0;34m [0;34mt[0;34me[0;34mx[0;34mt[0;34mu[0;34mr[0;34me[0;34ms[0;34m/[0;34mt[0;34me[0;34ms[0;34mt[0;34m/[0;34mw[0;34me[0;34ms[0;34mt[0;34m.[0;34mx[0;34mp[0;34mm
[0m[0;34mE[0;34mA[0;34m [0;34mt[0;34me[0;34mx[0;34mt[0;34mu[0;34mr[0;34me[0;34ms[0;34m/[0;34mt[0;34me[0;34ms[0;34mt[0;34m/[0;34me[0;34ma[0;34ms[0;34mt[0;34m.[0;34mx[0;34mp[0;34mm
[0m
[0m[0;34mF[0;34m [0;34m2[0;34m0[0;34m,[0;34m2[0;34m0
[0m[0;34mC[0;34m [0;34m2[0;34m0[0;34m0[0;34m,[0;34m2[0;34m0[0;34m0[0;34m,[0;34m2[0;34m0[0;34m0
[0m
[0m[0;34m1[0;34m1[0;34m1[0;34m1[0;34m1
[0m[0;34m1[0;34m0[0;34m0[0;34m0[0;34m1
[0m[0;34m1[0;34m0[0;34mS[0;34m0[0;34m1
[0m[0;34m1[0;34m0[0;34m0[0;34m0[0;34m1
[0m[0;34m1[0;34m0[0;34m0[0;34m0[0;34m1
[0m[0;34m1[0;34m0[0;34m0[0;34m0[0;34m1
[0m[0;34m1[0;34m1[0;34m0[0;34m0[0;34m1
[0m[0;34m1[0;34m0[0;34m0[0;34m0[0;34m1
[0m[0;34m1[0;34m0[0;34m0[0;34m0[0;34m1
[0m[0;34m1[0;34m0[0;34m0[0;34m0[0;34m1
[0m[0;34m1[0;34m0[0;34m0[0;34m0[0;34m1
[0m[0;34m1[0;34m0[0;34m0[0;34m0[0;34m1
[0m[0;34m1[0;34m1[0;34m1[0;34m1[0;34m1
[0mExit code: 1
‚ö†Ô∏è No Valgrind alerts, but with leaks[0m  
==13691== Memcheck, a memory error detector
==13691== Copyright (C) 2002-2022, and GNU GPL'd, by Julian Seward et al.
==13691== Using Valgrind-3.22.0 and LibVEX; rerun with -h for copyright info
==13691== Command: ./cub3d ./maps/bad/color_missing_floor_rgb.cub
==13691== Parent PID: 13652
==13691== 
==13691== 
==13691== HEAP SUMMARY:
==13691==     in use at exit: 781 bytes in 49 blocks
==13691==   total heap usage: 141 allocs, 92 frees, 8,089 bytes allocated
==13691== 
==13691== LEAK SUMMARY:
==13691==    definitely lost: 456 bytes in 10 blocks
==13691==    indirectly lost: 325 bytes in 39 blocks
==13691==      possibly lost: 0 bytes in 0 blocks
==13691==    still reachable: 0 bytes in 0 blocks
==13691==         suppressed: 0 bytes in 0 blocks
==13691== Rerun with --leak-check=full to see details of leaked memory
==13691== 
==13691== For lists of detected and suppressed errors, rerun with: -s
==13691== ERROR SUMMARY: 0 errors from 0 contexts (suppressed: 0 from 0)
Running valgrind on ./maps/bad/color_none.cub...

[0;32m[Debug info] map end:[0m17
[0;32m[Debug info] map height:[0m13
[0;31m Error:[Color] colors are not complete
[0m [0;34mN[0;34mO[0;34m [0;34mt[0;34me[0;34mx[0;34mt[0;34mu[0;34mr[0;34me[0;34ms[0;34m/[0;34mt[0;34me[0;34ms[0;34mt[0;34m/[0;34mn[0;34mo[0;34mr[0;34mt[0;34mh[0;34m.[0;34mx[0;34mp[0;34mm
[0m[0;34mS[0;34mO[0;34m [0;34mt[0;34me[0;34mx[0;34mt[0;34mu[0;34mr[0;34me[0;34ms[0;34m/[0;34mt[0;34me[0;34ms[0;34mt[0;34m/[0;34ms[0;34mo[0;34mu[0;34mt[0;34mh[0;34m.[0;34mx[0;34mp[0;34mm
[0m[0;34mW[0;34mE[0;34m [0;34mt[0;34me[0;34mx[0;34mt[0;34mu[0;34mr[0;34me[0;34ms[0;34m/[0;34mt[0;34me[0;34ms[0;34mt[0;34m/[0;34mw[0;34me[0;34ms[0;34mt[0;34m.[0;34mx[0;34mp[0;34mm
[0m[0;34mE[0;34mA[0;34m [0;34mt[0;34me[0;34mx[0;34mt[0;34mu[0;34mr[0;34me[0;34ms[0;34m/[0;34mt[0;34me[0;34ms[0;34mt[0;34m/[0;34me[0;34ma[0;34ms[0;34mt[0;34m.[0;34mx[0;34mp[0;34mm
[0m
[0m[0;34m1[0;34m1[0;34m1[0;34m1[0;34m1
[0m[0;34m1[0;34m0[0;34m0[0;34m0[0;34m1
[0m[0;34m1[0;34m0[0;34mS[0;34m0[0;34m1
[0m[0;34m1[0;34m0[0;34m0[0;34m0[0;34m1
[0m[0;34m1[0;34m0[0;34m0[0;34m0[0;34m1
[0m[0;34m1[0;34m0[0;34m0[0;34m0[0;34m1
[0m[0;34m1[0;34m1[0;34m0[0;34m0[0;34m1
[0m[0;34m1[0;34m0[0;34m0[0;34m0[0;34m1
[0m[0;34m1[0;34m0[0;34m0[0;34m0[0;34m1
[0m[0;34m1[0;34m0[0;34m0[0;34m0[0;34m1
[0m[0;34m1[0;34m0[0;34m0[0;34m0[0;34m1
[0m[0;34m1[0;34m0[0;34m0[0;34m0[0;34m1
[0m[0;34m1[0;34m1[0;34m1[0;34m1[0;34m1
[0mExit code: 1
‚ö†Ô∏è No Valgrind alerts, but with leaks[0m  
==13735== Memcheck, a memory error detector
==13735== Copyright (C) 2002-2022, and GNU GPL'd, by Julian Seward et al.
==13735== Using Valgrind-3.22.0 and LibVEX; rerun with -h for copyright info
==13735== Command: ./cub3d ./maps/bad/color_none.cub
==13735== Parent PID: 13652
==13735== 
==13735== 
==13735== HEAP SUMMARY:
==13735==     in use at exit: 639 bytes in 37 blocks
==13735==   total heap usage: 117 allocs, 80 frees, 7,292 bytes allocated
==13735== 
==13735== LEAK SUMMARY:
==13735==    definitely lost: 358 bytes in 6 blocks
==13735==    indirectly lost: 281 bytes in 31 blocks
==13735==      possibly lost: 0 bytes in 0 blocks
==13735==    still reachable: 0 bytes in 0 blocks
==13735==         suppressed: 0 bytes in 0 blocks
==13735== Rerun with --leak-check=full to see details of leaked memory
==13735== 
==13735== For lists of detected and suppressed errors, rerun with: -s
==13735== ERROR SUMMARY: 0 errors from 0 contexts (suppressed: 0 from 0)
Running valgrind on ./maps/bad/empty.cub...
[0;31m Error:[Read file] file is empty
[0m Exit code: 1
[0;32m‚úÖ No Valgrind alerts, no leaks[0m  
==13738== Memcheck, a memory error detector
==13738== Copyright (C) 2002-2022, and GNU GPL'd, by Julian Seward et al.
==13738== Using Valgrind-3.22.0 and LibVEX; rerun with -h for copyright info
==13738== Command: ./cub3d ./maps/bad/empty.cub
==13738== Parent PID: 13652
==13738== 
==13738== 
==13738== HEAP SUMMARY:
==13738==     in use at exit: 0 bytes in 0 blocks
==13738==   total heap usage: 5 allocs, 5 frees, 170 bytes allocated
==13738== 
==13738== All heap blocks were freed -- no leaks are possible
==13738== 
==13738== For lists of detected and suppressed errors, rerun with: -s
==13738== ERROR SUMMARY: 0 errors from 0 contexts (suppressed: 0 from 0)
Running valgrind on ./maps/bad/file_letter_end.cub...

[0;31m Error:[Map check in file] Invalid map placement or format
[0m [0;34mN[0;34mO[0;34m [0;34mt[0;34me[0;34mx[0;34mt[0;34mu[0;34mr[0;34me[0;34ms[0;34m/[0;34mt[0;34me[0;34ms[0;34mt[0;34m/[0;34mn[0;34mo[0;34mr[0;34mt[0;34mh[0;34m.[0;34mx[0;34mp[0;34mm
[0m[0;34mS[0;34mO[0;34m [0;34mt[0;34me[0;34mx[0;34mt[0;34mu[0;34mr[0;34me[0;34ms[0;34m/[0;34mt[0;34me[0;34ms[0;34mt[0;34m/[0;34ms[0;34mo[0;34mu[0;34mt[0;34mh[0;34m.[0;34mx[0;34mp[0;34mm
[0m[0;34mW[0;34mE[0;34m [0;34mt[0;34me[0;34mx[0;34mt[0;34mu[0;34mr[0;34me[0;34ms[0;34m/[0;34mt[0;34me[0;34ms[0;34mt[0;34m/[0;34mw[0;34me[0;34ms[0;34mt[0;34m.[0;34mx[0;34mp[0;34mm
[0m[0;34mE[0;34mA[0;34m [0;34mt[0;34me[0;34mx[0;34mt[0;34mu[0;34mr[0;34me[0;34ms[0;34m/[0;34mt[0;34me[0;34ms[0;34mt[0;34m/[0;34me[0;34ma[0;34ms[0;34mt[0;34m.[0;34mx[0;34mp[0;34mm
[0m
[0m[0;34mF[0;34m [0;34m2[0;34m0[0;34m,[0;34m2[0;34m0[0;34m,[0;34m2[0;34m0
[0m[0;34mC[0;34m [0;34m2[0;34m0[0;34m0[0;34m,[0;34m2[0;34m0[0;34m0[0;34m,[0;34m2[0;34m0[0;34m0
[0m
[0m[0;34m1[0;34m1[0;34m1[0;34m1[0;34m1
[0m[0;34m1[0;34m0[0;34m0[0;34m0[0;34m1
[0m[0;34m1[0;34m0[0;34mS[0;34m0[0;34m1
[0m[0;34m1[0;34m0[0;34m0[0;34m0[0;34m1
[0m[0;34m1[0;34m0[0;34m0[0;34m0[0;34m1
[0m[0;34m1[0;34m0[0;34m0[0;34m0[0;34m1
[0m[0;34m1[0;34m1[0;34m0[0;34m0[0;34m1
[0m[0;34m1[0;34m0[0;34m0[0;34m0[0;34m1
[0m[0;34m1[0;34m0[0;34m0[0;34m0[0;34m1
[0m[0;34m1[0;34m0[0;34m0[0;34m0[0;34m1
[0m[0;34m1[0;34m0[0;34m0[0;34m0[0;34m1
[0m[0;34m1[0;34m0[0;34m0[0;34m0[0;34m1
[0m[0;34m1[0;34m1[0;34m1[0;34m1[0;34m1
[0m
[0m
[0m
[0m
[0m
[0m
[0m
[0m
[0m
[0m
[0m
[0m
[0m
[0m[0;34m1
[0mExit code: 1
‚ö†Ô∏è No Valgrind alerts, but with leaks[0m  
==13741== Memcheck, a memory error detector
==13741== Copyright (C) 2002-2022, and GNU GPL'd, by Julian Seward et al.
==13741== Using Valgrind-3.22.0 and LibVEX; rerun with -h for copyright info
==13741== Command: ./cub3d ./maps/bad/file_letter_end.cub
==13741== Parent PID: 13652
==13741== 
==13741== 
==13741== HEAP SUMMARY:
==13741==     in use at exit: 549 bytes in 36 blocks
==13741==   total heap usage: 156 allocs, 120 frees, 11,449 bytes allocated
==13741== 
==13741== LEAK SUMMARY:
==13741==    definitely lost: 288 bytes in 1 blocks
==13741==    indirectly lost: 261 bytes in 35 blocks
==13741==      possibly lost: 0 bytes in 0 blocks
==13741==    still reachable: 0 bytes in 0 blocks
==13741==         suppressed: 0 bytes in 0 blocks
==13741== Rerun with --leak-check=full to see details of leaked memory
==13741== 
==13741== For lists of detected and suppressed errors, rerun with: -s
==13741== ERROR SUMMARY: 0 errors from 0 contexts (suppressed: 0 from 0)
Running valgrind on ./maps/bad/filetype_missing...
[0;31m Error:[Check args] no map or invalid map extension
[0m Exit code: 1
[0;32m‚úÖ No Valgrind alerts, no leaks[0m  
==13744== Memcheck, a memory error detector
==13744== Copyright (C) 2002-2022, and GNU GPL'd, by Julian Seward et al.
==13744== Using Valgrind-3.22.0 and LibVEX; rerun with -h for copyright info
==13744== Command: ./cub3d ./maps/bad/filetype_missing
==13744== Parent PID: 13652
==13744== 
==13744== 
==13744== HEAP SUMMARY:
==13744==     in use at exit: 0 bytes in 0 blocks
==13744==   total heap usage: 3 allocs, 3 frees, 144 bytes allocated
==13744== 
==13744== All heap blocks were freed -- no leaks are possible
==13744== 
==13744== For lists of detected and suppressed errors, rerun with: -s
==13744== ERROR SUMMARY: 0 errors from 0 contexts (suppressed: 0 from 0)
Running valgrind on ./maps/bad/filetype_wrong.buc...
[0;31m Error:[Check args] no map or invalid map extension
[0m Exit code: 1
[0;32m‚úÖ No Valgrind alerts, no leaks[0m  
==13747== Memcheck, a memory error detector
==13747== Copyright (C) 2002-2022, and GNU GPL'd, by Julian Seward et al.
==13747== Using Valgrind-3.22.0 and LibVEX; rerun with -h for copyright info
==13747== Command: ./cub3d ./maps/bad/filetype_wrong.buc
==13747== Parent PID: 13652
==13747== 
==13747== 
==13747== HEAP SUMMARY:
==13747==     in use at exit: 0 bytes in 0 blocks
==13747==   total heap usage: 3 allocs, 3 frees, 144 bytes allocated
==13747== 
==13747== All heap blocks were freed -- no leaks are possible
==13747== 
==13747== For lists of detected and suppressed errors, rerun with: -s
==13747== ERROR SUMMARY: 0 errors from 0 contexts (suppressed: 0 from 0)
Running valgrind on ./maps/bad/map_first.cub...

[0;31m Error:[Map start] No map or incorrect placement
[0m [0;34m1[0;34m1[0;34m1[0;34m1[0;34m1
[0m[0;34m1[0;34m0[0;34m0[0;34m0[0;34m1
[0m[0;34m1[0;34m0[0;34mS[0;34m0[0;34m1
[0m[0;34m1[0;34m0[0;34m0[0;34m0[0;34m1
[0m[0;34m1[0;34m0[0;34m0[0;34m0[0;34m1
[0m[0;34m1[0;34m0[0;34m0[0;34m0[0;34m1
[0m[0;34m1[0;34m1[0;34m0[0;34m0[0;34m1
[0m[0;34m1[0;34m0[0;34m0[0;34m0[0;34m1
[0m[0;34m1[0;34m0[0;34m0[0;34m0[0;34m1
[0m[0;34m1[0;34m0[0;34m0[0;34m0[0;34m1
[0m[0;34m1[0;34m0[0;34m0[0;34m0[0;34m1
[0m[0;34m1[0;34m0[0;34m0[0;34m0[0;34m1
[0m[0;34m1[0;34m1[0;34m1[0;34m1[0;34m1
[0m
[0m[0;34mN[0;34mO[0;34m [0;34mt[0;34me[0;34mx[0;34mt[0;34mu[0;34mr[0;34me[0;34ms[0;34m/[0;34mt[0;34me[0;34ms[0;34mt[0;34m/[0;34mn[0;34mo[0;34mr[0;34mt[0;34mh[0;34m.[0;34mx[0;34mp[0;34mm
[0m[0;34mS[0;34mO[0;34m [0;34mt[0;34me[0;34mx[0;34mt[0;34mu[0;34mr[0;34me[0;34ms[0;34m/[0;34mt[0;34me[0;34ms[0;34mt[0;34m/[0;34ms[0;34mo[0;34mu[0;34mt[0;34mh[0;34m.[0;34mx[0;34mp[0;34mm
[0m[0;34mW[0;34mE[0;34m [0;34mt[0;34me[0;34mx[0;34mt[0;34mu[0;34mr[0;34me[0;34ms[0;34m/[0;34mt[0;34me[0;34ms[0;34mt[0;34m/[0;34mw[0;34me[0;34ms[0;34mt[0;34m.[0;34mx[0;34mp[0;34mm
[0m[0;34mE[0;34mA[0;34m [0;34mt[0;34me[0;34mx[0;34mt[0;34mu[0;34mr[0;34me[0;34ms[0;34m/[0;34mt[0;34me[0;34ms[0;34mt[0;34m/[0;34me[0;34ma[0;34ms[0;34mt[0;34m.[0;34mx[0;34mp[0;34mm
[0m
[0m[0;34mF[0;34m [0;34m2[0;34m0[0;34m,[0;34m2[0;34m0[0;34m,[0;34m2[0;34m0
[0m[0;34mC[0;34m [0;34m2[0;34m0[0;34m0[0;34m,[0;34m2[0;34m0[0;34m0[0;34m,[0;34m2[0;34m0[0;34m0
[0mExit code: 1
‚ö†Ô∏è No Valgrind alerts, but with leaks[0m  
==13750== Memcheck, a memory error detector
==13750== Copyright (C) 2002-2022, and GNU GPL'd, by Julian Seward et al.
==13750== Using Valgrind-3.22.0 and LibVEX; rerun with -h for copyright info
==13750== Command: ./cub3d ./maps/bad/map_first.cub
==13750== Parent PID: 13652
==13750== 
==13750== 
==13750== HEAP SUMMARY:
==13750==     in use at exit: 408 bytes in 22 blocks
==13750==   total heap usage: 99 allocs, 77 frees, 7,572 bytes allocated
==13750== 
==13750== LEAK SUMMARY:
==13750==    definitely lost: 176 bytes in 1 blocks
==13750==    indirectly lost: 232 bytes in 21 blocks
==13750==      possibly lost: 0 bytes in 0 blocks
==13750==    still reachable: 0 bytes in 0 blocks
==13750==         suppressed: 0 bytes in 0 blocks
==13750== Rerun with --leak-check=full to see details of leaked memory
==13750== 
==13750== For lists of detected and suppressed errors, rerun with: -s
==13750== ERROR SUMMARY: 0 errors from 0 contexts (suppressed: 0 from 0)
Running valgrind on ./maps/bad/map_middle.cub...

[0;31m Error:[Map check in file] Invalid map placement or format
[0m [0;34mN[0;34mO[0;34m [0;34mt[0;34me[0;34mx[0;34mt[0;34mu[0;34mr[0;34me[0;34ms[0;34m/[0;34mt[0;34me[0;34ms[0;34mt[0;34m/[0;34mn[0;34mo[0;34mr[0;34mt[0;34mh[0;34m.[0;34mx[0;34mp[0;34mm
[0m[0;34mS[0;34mO[0;34m [0;34mt[0;34me[0;34mx[0;34mt[0;34mu[0;34mr[0;34me[0;34ms[0;34m/[0;34mt[0;34me[0;34ms[0;34mt[0;34m/[0;34ms[0;34mo[0;34mu[0;34mt[0;34mh[0;34m.[0;34mx[0;34mp[0;34mm
[0m[0;34mW[0;34mE[0;34m [0;34mt[0;34me[0;34mx[0;34mt[0;34mu[0;34mr[0;34me[0;34ms[0;34m/[0;34mt[0;34me[0;34ms[0;34mt[0;34m/[0;34mw[0;34me[0;34ms[0;34mt[0;34m.[0;34mx[0;34mp[0;34mm
[0m[0;34mE[0;34mA[0;34m [0;34mt[0;34me[0;34mx[0;34mt[0;34mu[0;34mr[0;34me[0;34ms[0;34m/[0;34mt[0;34me[0;34ms[0;34mt[0;34m/[0;34me[0;34ma[0;34ms[0;34mt[0;34m.[0;34mx[0;34mp[0;34mm
[0m
[0m[0;34m1[0;34m1[0;34m1[0;34m1[0;34m1
[0m[0;34m1[0;34m0[0;34m0[0;34m0[0;34m1
[0m[0;34m1[0;34m0[0;34mS[0;34m0[0;34m1
[0m[0;34m1[0;34m0[0;34m0[0;34m0[0;34m1
[0m[0;34m1[0;34m0[0;34m0[0;34m0[0;34m1
[0m[0;34m1[0;34m0[0;34m0[0;34m0[0;34m1
[0m[0;34m1[0;34m1[0;34m0[0;34m0[0;34m1
[0m[0;34m1[0;34m0[0;34m0[0;34m0[0;34m1
[0m[0;34m1[0;34m0[0;34m0[0;34m0[0;34m1
[0m[0;34m1[0;34m0[0;34m0[0;34m0[0;34m1
[0m[0;34m1[0;34m0[0;34m0[0;34m0[0;34m1
[0m[0;34m1[0;34m0[0;34m0[0;34m0[0;34m1
[0m[0;34m1[0;34m1[0;34m1[0;34m1[0;34m1
[0m
[0m[0;34mF[0;34m [0;34m2[0;34m0[0;34m,[0;34m2[0;34m0[0;34m,[0;34m2[0;34m0
[0m[0;34mC[0;34m [0;34m2[0;34m0[0;34m0[0;34m,[0;34m2[0;34m0[0;34m0[0;34m,[0;34m2[0;34m0[0;34m0
[0m
[0m
[0mExit code: 1
‚ö†Ô∏è No Valgrind alerts, but with leaks[0m  
==13753== Memcheck, a memory error detector
==13753== Copyright (C) 2002-2022, and GNU GPL'd, by Julian Seward et al.
==13753== Using Valgrind-3.22.0 and LibVEX; rerun with -h for copyright info
==13753== Command: ./cub3d ./maps/bad/map_middle.cub
==13753== Parent PID: 13652
==13753== 
==13753== 
==13753== HEAP SUMMARY:
==13753==     in use at exit: 428 bytes in 24 blocks
==13753==   total heap usage: 107 allocs, 83 frees, 8,059 bytes allocated
==13753== 
==13753== LEAK SUMMARY:
==13753==    definitely lost: 192 bytes in 1 blocks
==13753==    indirectly lost: 236 bytes in 23 blocks
==13753==      possibly lost: 0 bytes in 0 blocks
==13753==    still reachable: 0 bytes in 0 blocks
==13753==         suppressed: 0 bytes in 0 blocks
==13753== Rerun with --leak-check=full to see details of leaked memory
==13753== 
==13753== For lists of detected and suppressed errors, rerun with: -s
==13753== ERROR SUMMARY: 0 errors from 0 contexts (suppressed: 0 from 0)
Running valgrind on ./maps/bad/map_missing.cub...

[0;31m Error:[Map start] No map or incorrect placement
[0m [0;34mN[0;34mO[0;34m [0;34mt[0;34me[0;34mx[0;34mt[0;34mu[0;34mr[0;34me[0;34ms[0;34m/[0;34mt[0;34me[0;34ms[0;34mt[0;34m/[0;34mn[0;34mo[0;34mr[0;34mt[0;34mh[0;34m.[0;34mx[0;34mp[0;34mm
[0m[0;34mS[0;34mO[0;34m [0;34mt[0;34me[0;34mx[0;34mt[0;34mu[0;34mr[0;34me[0;34ms[0;34m/[0;34mt[0;34me[0;34ms[0;34mt[0;34m/[0;34ms[0;34mo[0;34mu[0;34mt[0;34mh[0;34m.[0;34mx[0;34mp[0;34mm
[0m[0;34mW[0;34mE[0;34m [0;34mt[0;34me[0;34mx[0;34mt[0;34mu[0;34mr[0;34me[0;34ms[0;34m/[0;34mt[0;34me[0;34ms[0;34mt[0;34m/[0;34mw[0;34me[0;34ms[0;34mt[0;34m.[0;34mx[0;34mp[0;34mm
[0m[0;34mE[0;34mA[0;34m [0;34mt[0;34me[0;34mx[0;34mt[0;34mu[0;34mr[0;34me[0;34ms[0;34m/[0;34mt[0;34me[0;34ms[0;34mt[0;34m/[0;34me[0;34ma[0;34ms[0;34mt[0;34m.[0;34mx[0;34mp[0;34mm
[0m
[0m[0;34mF[0;34m [0;34m2[0;34m0[0;34m,[0;34m2[0;34m0[0;34m,[0;34m2[0;34m0
[0m[0;34mC[0;34m [0;34m2[0;34m0[0;34m0[0;34m,[0;34m2[0;34m0[0;34m0[0;34m,[0;34m2[0;34m0[0;34m0
[0m
[0mExit code: 1
‚ö†Ô∏è No Valgrind alerts, but with leaks[0m  
==13784== Memcheck, a memory error detector
==13784== Copyright (C) 2002-2022, and GNU GPL'd, by Julian Seward et al.
==13784== Using Valgrind-3.22.0 and LibVEX; rerun with -h for copyright info
==13784== Command: ./cub3d ./maps/bad/map_missing.cub
==13784== Parent PID: 13652
==13784== 
==13784== 
==13784== HEAP SUMMARY:
==13784==     in use at exit: 213 bytes in 9 blocks
==13784==   total heap usage: 44 allocs, 35 frees, 5,280 bytes allocated
==13784== 
==13784== LEAK SUMMARY:
==13784==    definitely lost: 72 bytes in 1 blocks
==13784==    indirectly lost: 141 bytes in 8 blocks
==13784==      possibly lost: 0 bytes in 0 blocks
==13784==    still reachable: 0 bytes in 0 blocks
==13784==         suppressed: 0 bytes in 0 blocks
==13784== Rerun with --leak-check=full to see details of leaked memory
==13784== 
==13784== For lists of detected and suppressed errors, rerun with: -s
==13784== ERROR SUMMARY: 0 errors from 0 contexts (suppressed: 0 from 0)
Running valgrind on ./maps/bad/map_only.cub...

[0;31m Error:[Map start] No map or incorrect placement
[0m [0;34m1[0;34m1[0;34m1[0;34m1[0;34m1
[0m[0;34m1[0;34m0[0;34m0[0;34m0[0;34m1
[0m[0;34m1[0;34m0[0;34mS[0;34m0[0;34m1
[0m[0;34m1[0;34m0[0;34m0[0;34m0[0;34m1
[0m[0;34m1[0;34m0[0;34m0[0;34m0[0;34m1
[0m[0;34m1[0;34m0[0;34m0[0;34m0[0;34m1
[0m[0;34m1[0;34m1[0;34m0[0;34m0[0;34m1
[0m[0;34m1[0;34m0[0;34m0[0;34m0[0;34m1
[0m[0;34m1[0;34m0[0;34m0[0;34m0[0;34m1
[0m[0;34m1[0;34m0[0;34m0[0;34m0[0;34m1
[0m[0;34m1[0;34m0[0;34m0[0;34m0[0;34m1
[0m[0;34m1[0;34m0[0;34m0[0;34m0[0;34m1
[0m[0;34m1[0;34m1[0;34m1[0;34m1[0;34m1
[0mExit code: 1
‚ö†Ô∏è No Valgrind alerts, but with leaks[0m  
==13787== Memcheck, a memory error detector
==13787== Copyright (C) 2002-2022, and GNU GPL'd, by Julian Seward et al.
==13787== Using Valgrind-3.22.0 and LibVEX; rerun with -h for copyright info
==13787== Command: ./cub3d ./maps/bad/map_only.cub
==13787== Parent PID: 13652
==13787== 
==13787== 
==13787== HEAP SUMMARY:
==13787==     in use at exit: 203 bytes in 14 blocks
==13787==   total heap usage: 62 allocs, 48 frees, 5,730 bytes allocated
==13787== 
==13787== LEAK SUMMARY:
==13787==    definitely lost: 112 bytes in 1 blocks
==13787==    indirectly lost: 91 bytes in 13 blocks
==13787==      possibly lost: 0 bytes in 0 blocks
==13787==    still reachable: 0 bytes in 0 blocks
==13787==         suppressed: 0 bytes in 0 blocks
==13787== Rerun with --leak-check=full to see details of leaked memory
==13787== 
==13787== For lists of detected and suppressed errors, rerun with: -s
==13787== ERROR SUMMARY: 0 errors from 0 contexts (suppressed: 0 from 0)
Running valgrind on ./maps/bad/map_too_small.cub...

[0;32m[Debug info] map end:[0m9
[0;32m[Debug info] map height:[0m2
[0;31m Error:[Map check in file] Invalid map size
[0m [0;34mN[0;34mO[0;34m [0;34mt[0;34me[0;34mx[0;34mt[0;34mu[0;34mr[0;34me[0;34ms[0;34m/[0;34mt[0;34me[0;34ms[0;34mt[0;34m/[0;34mn[0;34mo[0;34mr[0;34mt[0;34mh[0;34m.[0;34mx[0;34mp[0;34mm
[0m[0;34mS[0;34mO[0;34m [0;34mt[0;34me[0;34mx[0;34mt[0;34mu[0;34mr[0;34me[0;34ms[0;34m/[0;34mt[0;34me[0;34ms[0;34mt[0;34m/[0;34ms[0;34mo[0;34mu[0;34mt[0;34mh[0;34m.[0;34mx[0;34mp[0;34mm
[0m[0;34mW[0;34mE[0;34m [0;34mt[0;34me[0;34mx[0;34mt[0;34mu[0;34mr[0;34me[0;34ms[0;34m/[0;34mt[0;34me[0;34ms[0;34mt[0;34m/[0;34mw[0;34me[0;34ms[0;34mt[0;34m.[0;34mx[0;34mp[0;34mm
[0m[0;34mE[0;34mA[0;34m [0;34mt[0;34me[0;34mx[0;34mt[0;34mu[0;34mr[0;34me[0;34ms[0;34m/[0;34mt[0;34me[0;34ms[0;34mt[0;34m/[0;34me[0;34ma[0;34ms[0;34mt[0;34m.[0;34mx[0;34mp[0;34mm
[0m
[0m[0;34mF[0;34m [0;34m2[0;34m0[0;34m,[0;34m2[0;34m0[0;34m,[0;34m2[0;34m0
[0m[0;34mC[0;34m [0;34m2[0;34m0[0;34m0[0;34m,[0;34m2[0;34m0[0;34m0[0;34m,[0;34m2[0;34m0[0;34m0
[0m
[0m[0;34m1[0;34m1[0;34m1
[0m[0;34m1[0;34m1[0;34m1
[0mExit code: 1
‚ö†Ô∏è No Valgrind alerts, but with leaks[0m  
==13831== Memcheck, a memory error detector
==13831== Copyright (C) 2002-2022, and GNU GPL'd, by Julian Seward et al.
==13831== Using Valgrind-3.22.0 and LibVEX; rerun with -h for copyright info
==13831== Command: ./cub3d ./maps/bad/map_too_small.cub
==13831== Parent PID: 13652
==13831== 
==13831== 
==13831== HEAP SUMMARY:
==13831==     in use at exit: 239 bytes in 11 blocks
==13831==   total heap usage: 52 allocs, 41 frees, 5,540 bytes allocated
==13831== 
==13831== LEAK SUMMARY:
==13831==    definitely lost: 88 bytes in 1 blocks
==13831==    indirectly lost: 151 bytes in 10 blocks
==13831==      possibly lost: 0 bytes in 0 blocks
==13831==    still reachable: 0 bytes in 0 blocks
==13831==         suppressed: 0 bytes in 0 blocks
==13831== Rerun with --leak-check=full to see details of leaked memory
==13831== 
==13831== For lists of detected and suppressed errors, rerun with: -s
==13831== ERROR SUMMARY: 0 errors from 0 contexts (suppressed: 0 from 0)
Running valgrind on ./maps/bad/player_multiple.cub...

[0;32m[Debug info] map end:[0m20
[0;32m[Debug info] map height:[0m13
[0;31m Error:[Map validation] invalid number of player 
[0m [0;34mN[0;34mO[0;34m [0;34mt[0;34me[0;34mx[0;34mt[0;34mu[0;34mr[0;34me[0;34ms[0;34m/[0;34mt[0;34me[0;34ms[0;34mt[0;34m/[0;34mn[0;34mo[0;34mr[0;34mt[0;34mh[0;34m.[0;34mx[0;34mp[0;34mm
[0m[0;34mS[0;34mO[0;34m [0;34mt[0;34me[0;34mx[0;34mt[0;34mu[0;34mr[0;34me[0;34ms[0;34m/[0;34mt[0;34me[0;34ms[0;34mt[0;34m/[0;34ms[0;34mo[0;34mu[0;34mt[0;34mh[0;34m.[0;34mx[0;34mp[0;34mm
[0m[0;34mW[0;34mE[0;34m [0;34mt[0;34me[0;34mx[0;34mt[0;34mu[0;34mr[0;34me[0;34ms[0;34m/[0;34mt[0;34me[0;34ms[0;34mt[0;34m/[0;34mw[0;34me[0;34ms[0;34mt[0;34m.[0;34mx[0;34mp[0;34mm
[0m[0;34mE[0;34mA[0;34m [0;34mt[0;34me[0;34mx[0;34mt[0;34mu[0;34mr[0;34me[0;34ms[0;34m/[0;34mt[0;34me[0;34ms[0;34mt[0;34m/[0;34me[0;34ma[0;34ms[0;34mt[0;34m.[0;34mx[0;34mp[0;34mm
[0m
[0m[0;34mF[0;34m [0;34m2[0;34m0[0;34m,[0;34m2[0;34m0[0;34m,[0;34m2[0;34m0
[0m[0;34mC[0;34m [0;34m2[0;34m0[0;34m0[0;34m,[0;34m2[0;34m0[0;34m0[0;34m,[0;34m2[0;34m0[0;34m0
[0m
[0m[0;34m1[0;34m1[0;34m1[0;34m1[0;34m1
[0m[0;34m1[0;34m0[0;34m0[0;34m0[0;34m1
[0m[0;34m1[0;34m0[0;34mS[0;34m0[0;34m1
[0m[0;34m1[0;34m0[0;34m0[0;34m0[0;34m1
[0m[0;34m1[0;34m0[0;34m0[0;34m0[0;34m1
[0m[0;34m1[0;34m0[0;34m0[0;34m0[0;34m1
[0m[0;34m1[0;34m1[0;34mE[0;34m0[0;34m1
[0m[0;34m1[0;34m0[0;34m0[0;34m0[0;34m1
[0m[0;34m1[0;34m0[0;34m0[0;34m0[0;34m1
[0m[0;34m1[0;34m0[0;34m0[0;34m0[0;34m1
[0m[0;34m1[0;34m0[0;34m0[0;34m0[0;34m1
[0m[0;34m1[0;34m0[0;34m0[0;34m0[0;34m1
[0m[0;34m1[0;34m1[0;34m1[0;34m1[0;34m1
[0mExit code: 1
‚ö†Ô∏è No Valgrind alerts, but with leaks[0m  
==13834== Memcheck, a memory error detector
==13834== Copyright (C) 2002-2022, and GNU GPL'd, by Julian Seward et al.
==13834== Using Valgrind-3.22.0 and LibVEX; rerun with -h for copyright info
==13834== Command: ./cub3d ./maps/bad/player_multiple.cub
==13834== Parent PID: 13652
==13834== 
==13834== 
==13834== HEAP SUMMARY:
==13834==     in use at exit: 598 bytes in 36 blocks
==13834==   total heap usage: 126 allocs, 90 frees, 7,925 bytes allocated
==13834== 
==13834== LEAK SUMMARY:
==13834==    definitely lost: 288 bytes in 2 blocks
==13834==    indirectly lost: 310 bytes in 34 blocks
==13834==      possibly lost: 0 bytes in 0 blocks
==13834==    still reachable: 0 bytes in 0 blocks
==13834==         suppressed: 0 bytes in 0 blocks
==13834== Rerun with --leak-check=full to see details of leaked memory
==13834== 
==13834== For lists of detected and suppressed errors, rerun with: -s
==13834== ERROR SUMMARY: 0 errors from 0 contexts (suppressed: 0 from 0)
Running valgrind on ./maps/bad/player_none.cub...

[0;32m[Debug info] map end:[0m20
[0;32m[Debug info] map height:[0m13
[0;31m Error:[Map validation] invalid number of player 
[0m [0;34mN[0;34mO[0;34m [0;34mt[0;34me[0;34mx[0;34mt[0;34mu[0;34mr[0;34me[0;34ms[0;34m/[0;34mt[0;34me[0;34ms[0;34mt[0;34m/[0;34mn[0;34mo[0;34mr[0;34mt[0;34mh[0;34m.[0;34mx[0;34mp[0;34mm
[0m[0;34mS[0;34mO[0;34m [0;34mt[0;34me[0;34mx[0;34mt[0;34mu[0;34mr[0;34me[0;34ms[0;34m/[0;34mt[0;34me[0;34ms[0;34mt[0;34m/[0;34ms[0;34mo[0;34mu[0;34mt[0;34mh[0;34m.[0;34mx[0;34mp[0;34mm
[0m[0;34mW[0;34mE[0;34m [0;34mt[0;34me[0;34mx[0;34mt[0;34mu[0;34mr[0;34me[0;34ms[0;34m/[0;34mt[0;34me[0;34ms[0;34mt[0;34m/[0;34mw[0;34me[0;34ms[0;34mt[0;34m.[0;34mx[0;34mp[0;34mm
[0m[0;34mE[0;34mA[0;34m [0;34mt[0;34me[0;34mx[0;34mt[0;34mu[0;34mr[0;34me[0;34ms[0;34m/[0;34mt[0;34me[0;34ms[0;34mt[0;34m/[0;34me[0;34ma[0;34ms[0;34mt[0;34m.[0;34mx[0;34mp[0;34mm
[0m
[0m[0;34mF[0;34m [0;34m2[0;34m0[0;34m,[0;34m2[0;34m0[0;34m,[0;34m2[0;34m0
[0m[0;34mC[0;34m [0;34m2[0;34m0[0;34m0[0;34m,[0;34m2[0;34m0[0;34m0[0;34m,[0;34m2[0;34m0[0;34m0
[0m
[0m[0;34m1[0;34m1[0;34m1[0;34m1[0;34m1
[0m[0;34m1[0;34m0[0;34m0[0;34m0[0;34m1
[0m[0;34m1[0;34m0[0;34m0[0;34m0[0;34m1
[0m[0;34m1[0;34m0[0;34m0[0;34m0[0;34m1
[0m[0;34m1[0;34m0[0;34m0[0;34m0[0;34m1
[0m[0;34m1[0;34m0[0;34m0[0;34m0[0;34m1
[0m[0;34m1[0;34m1[0;34m0[0;34m0[0;34m1
[0m[0;34m1[0;34m0[0;34m0[0;34m0[0;34m1
[0m[0;34m1[0;34m0[0;34m0[0;34m0[0;34m1
[0m[0;34m1[0;34m0[0;34m0[0;34m0[0;34m1
[0m[0;34m1[0;34m0[0;34m0[0;34m0[0;34m1
[0m[0;34m1[0;34m0[0;34m0[0;34m0[0;34m1
[0m[0;34m1[0;34m1[0;34m1[0;34m1[0;34m1
[0mExit code: 1
‚ö†Ô∏è No Valgrind alerts, but with leaks[0m  
==13837== Memcheck, a memory error detector
==13837== Copyright (C) 2002-2022, and GNU GPL'd, by Julian Seward et al.
==13837== Using Valgrind-3.22.0 and LibVEX; rerun with -h for copyright info
==13837== Command: ./cub3d ./maps/bad/player_none.cub
==13837== Parent PID: 13652
==13837== 
==13837== 
==13837== HEAP SUMMARY:
==13837==     in use at exit: 598 bytes in 36 blocks
==13837==   total heap usage: 126 allocs, 90 frees, 7,925 bytes allocated
==13837== 
==13837== LEAK SUMMARY:
==13837==    definitely lost: 288 bytes in 2 blocks
==13837==    indirectly lost: 310 bytes in 34 blocks
==13837==      possibly lost: 0 bytes in 0 blocks
==13837==    still reachable: 0 bytes in 0 blocks
==13837==         suppressed: 0 bytes in 0 blocks
==13837== Rerun with --leak-check=full to see details of leaked memory
==13837== 
==13837== For lists of detected and suppressed errors, rerun with: -s
==13837== ERROR SUMMARY: 0 errors from 0 contexts (suppressed: 0 from 0)
Running valgrind on ./maps/bad/player_on_edge.cub...

[0;32m[Debug info] map end:[0m20
[0;32m[Debug info] map height:[0m13
[0;31m Error:[Walls check] incorrect horizontal walls
[0m [0;34mN[0;34mO[0;34m [0;34mt[0;34me[0;34mx[0;34mt[0;34mu[0;34mr[0;34me[0;34ms[0;34m/[0;34mt[0;34me[0;34ms[0;34mt[0;34m/[0;34mn[0;34mo[0;34mr[0;34mt[0;34mh[0;34m.[0;34mx[0;34mp[0;34mm
[0m[0;34mS[0;34mO[0;34m [0;34mt[0;34me[0;34mx[0;34mt[0;34mu[0;34mr[0;34me[0;34ms[0;34m/[0;34mt[0;34me[0;34ms[0;34mt[0;34m/[0;34ms[0;34mo[0;34mu[0;34mt[0;34mh[0;34m.[0;34mx[0;34mp[0;34mm
[0m[0;34mW[0;34mE[0;34m [0;34mt[0;34me[0;34mx[0;34mt[0;34mu[0;34mr[0;34me[0;34ms[0;34m/[0;34mt[0;34me[0;34ms[0;34mt[0;34m/[0;34mw[0;34me[0;34ms[0;34mt[0;34m.[0;34mx[0;34mp[0;34mm
[0m[0;34mE[0;34mA[0;34m [0;34mt[0;34me[0;34mx[0;34mt[0;34mu[0;34mr[0;34me[0;34ms[0;34m/[0;34mt[0;34me[0;34ms[0;34mt[0;34m/[0;34me[0;34ma[0;34ms[0;34mt[0;34m.[0;34mx[0;34mp[0;34mm
[0m
[0m[0;34mF[0;34m [0;34m2[0;34m0[0;34m,[0;34m2[0;34m0[0;34m,[0;34m2[0;34m0
[0m[0;34mC[0;34m [0;34m2[0;34m0[0;34m0[0;34m,[0;34m2[0;34m0[0;34m0[0;34m,[0;34m2[0;34m0[0;34m0
[0m
[0m[0;34m1[0;34mS[0;34m1[0;34m1[0;34m1
[0m[0;34m1[0;34m0[0;34m0[0;34m0[0;34m1
[0m[0;34m1[0;34m0[0;34m0[0;34m0[0;34m1
[0m[0;34m1[0;34m0[0;34m0[0;34m0[0;34m1
[0m[0;34m1[0;34m0[0;34m0[0;34m0[0;34m1
[0m[0;34m1[0;34m0[0;34m0[0;34m0[0;34m1
[0m[0;34m1[0;34m1[0;34m0[0;34m0[0;34m1
[0m[0;34m1[0;34m0[0;34m0[0;34m0[0;34m1
[0m[0;34m1[0;34m0[0;34m0[0;34m0[0;34m1
[0m[0;34m1[0;34m0[0;34m0[0;34m0[0;34m1
[0m[0;34m1[0;34m0[0;34m0[0;34m0[0;34m1
[0m[0;34m1[0;34m0[0;34m0[0;34m0[0;34m1
[0m[0;34m1[0;34m1[0;34m1[0;34m1[0;34m1
[0mExit code: 1
‚ö†Ô∏è No Valgrind alerts, but with leaks[0m  
==13840== Memcheck, a memory error detector
==13840== Copyright (C) 2002-2022, and GNU GPL'd, by Julian Seward et al.
==13840== Using Valgrind-3.22.0 and LibVEX; rerun with -h for copyright info
==13840== Command: ./cub3d ./maps/bad/player_on_edge.cub
==13840== Parent PID: 13652
==13840== 
==13840== 
==13840== HEAP SUMMARY:
==13840==     in use at exit: 598 bytes in 36 blocks
==13840==   total heap usage: 126 allocs, 90 frees, 7,925 bytes allocated
==13840== 
==13840== LEAK SUMMARY:
==13840==    definitely lost: 288 bytes in 2 blocks
==13840==    indirectly lost: 310 bytes in 34 blocks
==13840==      possibly lost: 0 bytes in 0 blocks
==13840==    still reachable: 0 bytes in 0 blocks
==13840==         suppressed: 0 bytes in 0 blocks
==13840== Rerun with --leak-check=full to see details of leaked memory
==13840== 
==13840== For lists of detected and suppressed errors, rerun with: -s
==13840== ERROR SUMMARY: 0 errors from 0 contexts (suppressed: 0 from 0)
Running valgrind on ./maps/bad/textures_dir.cub...

[0;32m[Debug info] map end:[0m20
[0;32m[Debug info] map height:[0m13
[0;31m Error:[Texture verification] invalid texture format
[0m [0;34mN[0;34mO[0;34m [0;34mt[0;34me[0;34mx[0;34mt[0;34mu[0;34mr[0;34me[0;34ms[0;34m/[0;34mt[0;34me[0;34ms[0;34mt[0;34m/[0;34mn[0;34mo[0;34mr[0;34mt[0;34mh[0;34m.[0;34mx[0;34mp[0;34mm
[0m[0;34mS[0;34mO[0;34m [0;34mt[0;34me[0;34mx[0;34mt[0;34mu[0;34mr[0;34me[0;34ms[0;34m/[0;34mt[0;34me[0;34ms[0;34mt[0;34m/[0;34ms[0;34mo[0;34mu[0;34mt[0;34mh[0;34m.[0;34mx[0;34mp[0;34mm
[0m[0;34mW[0;34mE[0;34m [0;34mt[0;34me[0;34mx[0;34mt[0;34mu[0;34mr[0;34me[0;34ms[0;34m/[0;34mt[0;34me[0;34ms[0;34mt[0;34m/[0;34mw[0;34me[0;34ms[0;34mt[0;34m.[0;34mx[0;34mp[0;34mm
[0m[0;34mE[0;34mA[0;34m [0;34mt[0;34me[0;34mx[0;34mt[0;34mu[0;34mr[0;34me[0;34ms[0;34m/[0;34mt[0;34me[0;34ms[0;34mt[0;34m/
[0m
[0m[0;34mF[0;34m [0;34m2[0;34m0[0;34m,[0;34m2[0;34m0[0;34m,[0;34m2[0;34m0
[0m[0;34mC[0;34m [0;34m2[0;34m0[0;34m0[0;34m,[0;34m2[0;34m0[0;34m0[0;34m,[0;34m2[0;34m0[0;34m0
[0m
[0m[0;34m1[0;34m1[0;34m1[0;34m1[0;34m1
[0m[0;34m1[0;34m0[0;34m0[0;34m0[0;34m1
[0m[0;34m1[0;34m0[0;34mS[0;34m0[0;34m1
[0m[0;34m1[0;34m0[0;34m0[0;34m0[0;34m1
[0m[0;34m1[0;34m0[0;34m0[0;34m0[0;34m1
[0m[0;34m1[0;34m0[0;34m0[0;34m0[0;34m1
[0m[0;34m1[0;34m1[0;34m0[0;34m0[0;34m1
[0m[0;34m1[0;34m0[0;34m0[0;34m0[0;34m1
[0m[0;34m1[0;34m0[0;34m0[0;34m0[0;34m1
[0m[0;34m1[0;34m0[0;34m0[0;34m0[0;34m1
[0m[0;34m1[0;34m0[0;34m0[0;34m0[0;34m1
[0m[0;34m1[0;34m0[0;34m0[0;34m0[0;34m1
[0m[0;34m1[0;34m1[0;34m1[0;34m1[0;34m1
[0mExit code: 1
‚ö†Ô∏è No Valgrind alerts, but with leaks[0m  
==13843== Memcheck, a memory error detector
==13843== Copyright (C) 2002-2022, and GNU GPL'd, by Julian Seward et al.
==13843== Using Valgrind-3.22.0 and LibVEX; rerun with -h for copyright info
==13843== Command: ./cub3d ./maps/bad/textures_dir.cub
==13843== Parent PID: 13652
==13843== 
==13843== 
==13843== HEAP SUMMARY:
==13843==     in use at exit: 676 bytes in 40 blocks
==13843==   total heap usage: 130 allocs, 90 frees, 7,985 bytes allocated
==13843== 
==13843== LEAK SUMMARY:
==13843==    definitely lost: 374 bytes in 6 blocks
==13843==    indirectly lost: 302 bytes in 34 blocks
==13843==      possibly lost: 0 bytes in 0 blocks
==13843==    still reachable: 0 bytes in 0 blocks
==13843==         suppressed: 0 bytes in 0 blocks
==13843== Rerun with --leak-check=full to see details of leaked memory
==13843== 
==13843== For lists of detected and suppressed errors, rerun with: -s
==13843== ERROR SUMMARY: 0 errors from 0 contexts (suppressed: 0 from 0)
Running valgrind on ./maps/bad/textures_duplicates.cub...

[0;32m[Debug info] map end:[0m21
[0;32m[Debug info] map height:[0m13
[0;31m Error:[Texture save] Duplicate found
[0m [0;34mN[0;34mO[0;34m [0;34mt[0;34me[0;34mx[0;34mt[0;34mu[0;34mr[0;34me[0;34ms[0;34m/[0;34mt[0;34me[0;34ms[0;34mt[0;34m/[0;34mn[0;34mo[0;34mr[0;34mt[0;34mh[0;34m.[0;34mx[0;34mp[0;34mm
[0m[0;34mS[0;34mO[0;34m [0;34mt[0;34me[0;34mx[0;34mt[0;34mu[0;34mr[0;34me[0;34ms[0;34m/[0;34mt[0;34me[0;34ms[0;34mt[0;34m/[0;34ms[0;34mo[0;34mu[0;34mt[0;34mh[0;34m.[0;34mx[0;34mp[0;34mm
[0m[0;34mW[0;34mE[0;34m [0;34mt[0;34me[0;34mx[0;34mt[0;34mu[0;34mr[0;34me[0;34ms[0;34m/[0;34mt[0;34me[0;34ms[0;34mt[0;34m/[0;34mw[0;34me[0;34ms[0;34mt[0;34m.[0;34mx[0;34mp[0;34mm
[0m[0;34mE[0;34mA[0;34m [0;34mt[0;34me[0;34mx[0;34mt[0;34mu[0;34mr[0;34me[0;34ms[0;34m/[0;34mt[0;34me[0;34ms[0;34mt[0;34m/[0;34me[0;34ma[0;34ms[0;34mt[0;34m.[0;34mx[0;34mp[0;34mm
[0m[0;34mE[0;34mA[0;34m [0;34mt[0;34me[0;34mx[0;34mt[0;34mu[0;34mr[0;34me[0;34ms[0;34m/[0;34mt[0;34me[0;34ms[0;34mt[0;34m/[0;34me[0;34ma[0;34ms[0;34mt[0;34m.[0;34mx[0;34mp[0;34mm
[0m
[0m[0;34mF[0;34m [0;34m2[0;34m0[0;34m,[0;34m2[0;34m0[0;34m,[0;34m2[0;34m0
[0m[0;34mC[0;34m [0;34m2[0;34m0[0;34m0[0;34m,[0;34m2[0;34m0[0;34m0[0;34m,[0;34m2[0;34m0[0;34m0
[0m
[0m[0;34m1[0;34m1[0;34m1[0;34m1[0;34m1
[0m[0;34m1[0;34m0[0;34m0[0;34m0[0;34m1
[0m[0;34m1[0;34m0[0;34mS[0;34m0[0;34m1
[0m[0;34m1[0;34m0[0;34m0[0;34m0[0;34m1
[0m[0;34m1[0;34m0[0;34m0[0;34m0[0;34m1
[0m[0;34m1[0;34m0[0;34m0[0;34m0[0;34m1
[0m[0;34m1[0;34m1[0;34m0[0;34m0[0;34m1
[0m[0;34m1[0;34m0[0;34m0[0;34m0[0;34m1
[0m[0;34m1[0;34m0[0;34m0[0;34m0[0;34m1
[0m[0;34m1[0;34m0[0;34m0[0;34m0[0;34m1
[0m[0;34m1[0;34m0[0;34m0[0;34m0[0;34m1
[0m[0;34m1[0;34m0[0;34m0[0;34m0[0;34m1
[0m[0;34m1[0;34m1[0;34m1[0;34m1[0;34m1
[0mExit code: 1
‚ö†Ô∏è No Valgrind alerts, but with leaks[0m  
==13846== Memcheck, a memory error detector
==13846== Copyright (C) 2002-2022, and GNU GPL'd, by Julian Seward et al.
==13846== Using Valgrind-3.22.0 and LibVEX; rerun with -h for copyright info
==13846== Command: ./cub3d ./maps/bad/textures_duplicates.cub
==13846== Parent PID: 13652
==13846== 
==13846== 
==13846== HEAP SUMMARY:
==13846==     in use at exit: 750 bytes in 42 blocks
==13846==   total heap usage: 136 allocs, 94 frees, 8,299 bytes allocated
==13846== 
==13846== LEAK SUMMARY:
==13846==    definitely lost: 413 bytes in 7 blocks
==13846==    indirectly lost: 337 bytes in 35 blocks
==13846==      possibly lost: 0 bytes in 0 blocks
==13846==    still reachable: 0 bytes in 0 blocks
==13846==         suppressed: 0 bytes in 0 blocks
==13846== Rerun with --leak-check=full to see details of leaked memory
==13846== 
==13846== For lists of detected and suppressed errors, rerun with: -s
==13846== ERROR SUMMARY: 0 errors from 0 contexts (suppressed: 0 from 0)
Running valgrind on ./maps/bad/textures_invalid.cub...

[0;32m[Debug info] map end:[0m20
[0;32m[Debug info] map height:[0m13
[0;31m Error:[Texture verification] invalid texture format
[0m [0;34mN[0;34mO[0;34m [0;34mt[0;34me[0;34mx[0;34mt[0;34mu[0;34mr[0;34me[0;34ms[0;34m/[0;34mt[0;34me[0;34ms[0;34mt[0;34m/[0;34mn[0;34mo[0;34mr[0;34mt[0;34mh[0;34m.[0;34mx[0;34mp[0;34mm
[0m[0;34mS[0;34mO[0;34m [0;34mt[0;34me[0;34mx[0;34mt[0;34mu[0;34mr[0;34me[0;34ms[0;34m/[0;34mt[0;34me[0;34ms[0;34mt[0;34m/[0;34ms[0;34mo[0;34mu[0;34mt[0;34mh[0;34m.[0;34mx[0;34mp[0;34mm
[0m[0;34mW[0;34mE[0;34m [0;34mt[0;34me[0;34mx[0;34mt[0;34mu[0;34mr[0;34me[0;34ms[0;34m/[0;34mt[0;34me[0;34ms[0;34mt[0;34m/[0;34mx
[0m[0;34mE[0;34mA[0;34m [0;34mt[0;34me[0;34mx[0;34mt[0;34mu[0;34mr[0;34me[0;34ms[0;34m/[0;34mt[0;34me[0;34ms[0;34mt[0;34m/[0;34me[0;34ma[0;34ms[0;34mt[0;34m.[0;34mx[0;34mp[0;34mm
[0m
[0m[0;34mF[0;34m [0;34m2[0;34m0[0;34m,[0;34m2[0;34m0[0;34m,[0;34m2[0;34m0
[0m[0;34mC[0;34m [0;34m2[0;34m0[0;34m0[0;34m,[0;34m2[0;34m0[0;34m0[0;34m,[0;34m2[0;34m0[0;34m0
[0m
[0m[0;34m1[0;34m1[0;34m1[0;34m1[0;34m1
[0m[0;34m1[0;34m0[0;34m0[0;34m0[0;34m1
[0m[0;34m1[0;34m0[0;34mS[0;34m0[0;34m1
[0m[0;34m1[0;34m0[0;34m0[0;34m0[0;34m1
[0m[0;34m1[0;34m0[0;34m0[0;34m0[0;34m1
[0m[0;34m1[0;34m0[0;34m0[0;34m0[0;34m1
[0m[0;34m1[0;34m1[0;34m0[0;34m0[0;34m1
[0m[0;34m1[0;34m0[0;34m0[0;34m0[0;34m1
[0m[0;34m1[0;34m0[0;34m0[0;34m0[0;34m1
[0m[0;34m1[0;34m0[0;34m0[0;34m0[0;34m1
[0m[0;34m1[0;34m0[0;34m0[0;34m0[0;34m1
[0m[0;34m1[0;34m0[0;34m0[0;34m0[0;34m1
[0m[0;34m1[0;34m1[0;34m1[0;34m1[0;34m1
[0mExit code: 1
‚ö†Ô∏è No Valgrind alerts, but with leaks[0m  
==13877== Memcheck, a memory error detector
==13877== Copyright (C) 2002-2022, and GNU GPL'd, by Julian Seward et al.
==13877== Using Valgrind-3.22.0 and LibVEX; rerun with -h for copyright info
==13877== Command: ./cub3d ./maps/bad/textures_invalid.cub
==13877== Parent PID: 13652
==13877== 
==13877== 
==13877== HEAP SUMMARY:
==13877==     in use at exit: 678 bytes in 40 blocks
==13877==   total heap usage: 130 allocs, 90 frees, 7,982 bytes allocated
==13877== 
==13877== LEAK SUMMARY:
==13877==    definitely lost: 375 bytes in 6 blocks
==13877==    indirectly lost: 303 bytes in 34 blocks
==13877==      possibly lost: 0 bytes in 0 blocks
==13877==    still reachable: 0 bytes in 0 blocks
==13877==         suppressed: 0 bytes in 0 blocks
==13877== Rerun with --leak-check=full to see details of leaked memory
==13877== 
==13877== For lists of detected and suppressed errors, rerun with: -s
==13877== ERROR SUMMARY: 0 errors from 0 contexts (suppressed: 0 from 0)
Running valgrind on ./maps/bad/textures_missing.cub...

[0;32m[Debug info] map end:[0m19
[0;32m[Debug info] map height:[0m13
[0;31m Error:[Texture] textures are not complete
[0m [0;34mS[0;34mO[0;34m [0;34mt[0;34me[0;34mx[0;34mt[0;34mu[0;34mr[0;34me[0;34ms[0;34m/[0;34mt[0;34me[0;34ms[0;34mt[0;34m/[0;34ms[0;34mo[0;34mu[0;34mt[0;34mh[0;34m.[0;34mx[0;34mp[0;34mm
[0m[0;34mW[0;34mE[0;34m [0;34mt[0;34me[0;34mx[0;34mt[0;34mu[0;34mr[0;34me[0;34ms[0;34m/[0;34mt[0;34me[0;34ms[0;34mt[0;34m/[0;34mw[0;34me[0;34ms[0;34mt[0;34m.[0;34mx[0;34mp[0;34mm
[0m[0;34mE[0;34mA[0;34m [0;34mt[0;34me[0;34mx[0;34mt[0;34mu[0;34mr[0;34me[0;34ms[0;34m/[0;34mt[0;34me[0;34ms[0;34mt[0;34m/[0;34me[0;34ma[0;34ms[0;34mt[0;34m.[0;34mx[0;34mp[0;34mm
[0m
[0m[0;34mF[0;34m [0;34m2[0;34m0[0;34m,[0;34m2[0;34m0[0;34m,[0;34m2[0;34m0
[0m[0;34mC[0;34m [0;34m2[0;34m0[0;34m0[0;34m,[0;34m2[0;34m0[0;34m0[0;34m,[0;34m2[0;34m0[0;34m0
[0m
[0m[0;34m1[0;34m1[0;34m1[0;34m1[0;34m1
[0m[0;34m1[0;34m0[0;34m0[0;34m0[0;34m1
[0m[0;34m1[0;34m0[0;34mS[0;34m0[0;34m1
[0m[0;34m1[0;34m0[0;34m0[0;34m0[0;34m1
[0m[0;34m1[0;34m0[0;34m0[0;34m0[0;34m1
[0m[0;34m1[0;34m0[0;34m0[0;34m0[0;34m1
[0m[0;34m1[0;34m1[0;34m0[0;34m0[0;34m1
[0m[0;34m1[0;34m0[0;34m0[0;34m0[0;34m1
[0m[0;34m1[0;34m0[0;34m0[0;34m0[0;34m1
[0m[0;34m1[0;34m0[0;34m0[0;34m0[0;34m1
[0m[0;34m1[0;34m0[0;34m0[0;34m0[0;34m1
[0m[0;34m1[0;34m0[0;34m0[0;34m0[0;34m1
[0m[0;34m1[0;34m1[0;34m1[0;34m1[0;34m1
[0mExit code: 1
‚ö†Ô∏è No Valgrind alerts, but with leaks[0m  
==13880== Memcheck, a memory error detector
==13880== Copyright (C) 2002-2022, and GNU GPL'd, by Julian Seward et al.
==13880== Using Valgrind-3.22.0 and LibVEX; rerun with -h for copyright info
==13880== Command: ./cub3d ./maps/bad/textures_missing.cub
==13880== Parent PID: 13652
==13880== 
==13880== 
==13880== HEAP SUMMARY:
==13880==     in use at exit: 632 bytes in 38 blocks
==13880==   total heap usage: 124 allocs, 86 frees, 7,678 bytes allocated
==13880== 
==13880== LEAK SUMMARY:
==13880==    definitely lost: 350 bytes in 5 blocks
==13880==    indirectly lost: 282 bytes in 33 blocks
==13880==      possibly lost: 0 bytes in 0 blocks
==13880==    still reachable: 0 bytes in 0 blocks
==13880==         suppressed: 0 bytes in 0 blocks
==13880== Rerun with --leak-check=full to see details of leaked memory
==13880== 
==13880== For lists of detected and suppressed errors, rerun with: -s
==13880== ERROR SUMMARY: 0 errors from 0 contexts (suppressed: 0 from 0)
Running valgrind on ./maps/bad/textures_none.cub...

[0;32m[Debug info] map end:[0m15
[0;32m[Debug info] map height:[0m13
[0;31m Error:[Texture] textures are not complete
[0m [0;34mF[0;34m [0;34m2[0;34m0[0;34m,[0;34m2[0;34m0[0;34m,[0;34m2[0;34m0
[0m[0;34mC[0;34m [0;34m2[0;34m0[0;34m0[0;34m,[0;34m2[0;34m0[0;34m0[0;34m,[0;34m2[0;34m0[0;34m0
[0m
[0m[0;34m1[0;34m1[0;34m1[0;34m1[0;34m1
[0m[0;34m1[0;34m0[0;34m0[0;34m0[0;34m1
[0m[0;34m1[0;34m0[0;34mS[0;34m0[0;34m1
[0m[0;34m1[0;34m0[0;34m0[0;34m0[0;34m1
[0m[0;34m1[0;34m0[0;34m0[0;34m0[0;34m1
[0m[0;34m1[0;34m0[0;34m0[0;34m0[0;34m1
[0m[0;34m1[0;34m1[0;34m0[0;34m0[0;34m1
[0m[0;34m1[0;34m0[0;34m0[0;34m0[0;34m1
[0m[0;34m1[0;34m0[0;34m0[0;34m0[0;34m1
[0m[0;34m1[0;34m0[0;34m0[0;34m0[0;34m1
[0m[0;34m1[0;34m0[0;34m0[0;34m0[0;34m1
[0m[0;34m1[0;34m0[0;34m0[0;34m0[0;34m1
[0m[0;34m1[0;34m1[0;34m1[0;34m1[0;34m1
[0mExit code: 1
‚ö†Ô∏è No Valgrind alerts, but with leaks[0m  
==13924== Memcheck, a memory error detector
==13924== Copyright (C) 2002-2022, and GNU GPL'd, by Julian Seward et al.
==13924== Using Valgrind-3.22.0 and LibVEX; rerun with -h for copyright info
==13924== Command: ./cub3d ./maps/bad/textures_none.cub
==13924== Parent PID: 13652
==13924== 
==13924== 
==13924== HEAP SUMMARY:
==13924==     in use at exit: 446 bytes in 31 blocks
==13924==   total heap usage: 102 allocs, 71 frees, 6,634 bytes allocated
==13924== 
==13924== LEAK SUMMARY:
==13924==    definitely lost: 248 bytes in 2 blocks
==13924==    indirectly lost: 198 bytes in 29 blocks
==13924==      possibly lost: 0 bytes in 0 blocks
==13924==    still reachable: 0 bytes in 0 blocks
==13924==         suppressed: 0 bytes in 0 blocks
==13924== Rerun with --leak-check=full to see details of leaked memory
==13924== 
==13924== For lists of detected and suppressed errors, rerun with: -s
==13924== ERROR SUMMARY: 0 errors from 0 contexts (suppressed: 0 from 0)
Running valgrind on ./maps/bad/textures_not_xpm.cub...

[0;32m[Debug info] map end:[0m20
[0;32m[Debug info] map height:[0m13
[0;31m Error:[Texture verification] invalid texture format
[0m [0;34mN[0;34mO[0;34m [0;34mt[0;34me[0;34mx[0;34mt[0;34mu[0;34mr[0;34me[0;34ms[0;34m/[0;34mt[0;34me[0;34ms[0;34mt[0;34m/[0;34mn[0;34mo[0;34mr[0;34mt[0;34mh
[0m[0;34mS[0;34mO[0;34m [0;34mt[0;34me[0;34mx[0;34mt[0;34mu[0;34mr[0;34me[0;34ms[0;34m/[0;34mt[0;34me[0;34ms[0;34mt[0;34m/[0;34ms[0;34mo[0;34mu[0;34mt[0;34mh[0;34m.[0;34mx[0;34mp[0;34mm
[0m[0;34mW[0;34mE[0;34m [0;34mt[0;34me[0;34mx[0;34mt[0;34mu[0;34mr[0;34me[0;34ms[0;34m/[0;34mt[0;34me[0;34ms[0;34mt[0;34m/[0;34mw[0;34me[0;34ms[0;34mt[0;34m.[0;34mx[0;34mp[0;34mm
[0m[0;34mE[0;34mA[0;34m [0;34mt[0;34me[0;34mx[0;34mt[0;34mu[0;34mr[0;34me[0;34ms[0;34m/[0;34mt[0;34me[0;34ms[0;34mt[0;34m/[0;34me[0;34ma[0;34ms[0;34mt[0;34m.[0;34mx[0;34mp[0;34mm
[0m
[0m[0;34mF[0;34m [0;34m2[0;34m0[0;34m,[0;34m2[0;34m0[0;34m,[0;34m2[0;34m0
[0m[0;34mC[0;34m [0;34m2[0;34m0[0;34m0[0;34m,[0;34m2[0;34m0[0;34m0[0;34m,[0;34m2[0;34m0[0;34m0
[0m
[0m[0;34m1[0;34m1[0;34m1[0;34m1[0;34m1
[0m[0;34m1[0;34m0[0;34m0[0;34m0[0;34m1
[0m[0;34m1[0;34m0[0;34mS[0;34m0[0;34m1
[0m[0;34m1[0;34m0[0;34m0[0;34m0[0;34m1
[0m[0;34m1[0;34m0[0;34m0[0;34m0[0;34m1
[0m[0;34m1[0;34m0[0;34m0[0;34m0[0;34m1
[0m[0;34m1[0;34m1[0;34m0[0;34m0[0;34m1
[0m[0;34m1[0;34m0[0;34m0[0;34m0[0;34m1
[0m[0;34m1[0;34m0[0;34m0[0;34m0[0;34m1
[0m[0;34m1[0;34m0[0;34m0[0;34m0[0;34m1
[0m[0;34m1[0;34m0[0;34m0[0;34m0[0;34m1
[0m[0;34m1[0;34m0[0;34m0[0;34m0[0;34m1
[0m[0;34m1[0;34m1[0;34m1[0;34m1[0;34m1
[0mExit code: 1
‚ö†Ô∏è No Valgrind alerts, but with leaks[0m  
==13927== Memcheck, a memory error detector
==13927== Copyright (C) 2002-2022, and GNU GPL'd, by Julian Seward et al.
==13927== Using Valgrind-3.22.0 and LibVEX; rerun with -h for copyright info
==13927== Command: ./cub3d ./maps/bad/textures_not_xpm.cub
==13927== Parent PID: 13652
==13927== 
==13927== 
==13927== HEAP SUMMARY:
==13927==     in use at exit: 684 bytes in 40 blocks
==13927==   total heap usage: 130 allocs, 90 frees, 7,975 bytes allocated
==13927== 
==13927== LEAK SUMMARY:
==13927==    definitely lost: 378 bytes in 6 blocks
==13927==    indirectly lost: 306 bytes in 34 blocks
==13927==      possibly lost: 0 bytes in 0 blocks
==13927==    still reachable: 0 bytes in 0 blocks
==13927==         suppressed: 0 bytes in 0 blocks
==13927== Rerun with --leak-check=full to see details of leaked memory
==13927== 
==13927== For lists of detected and suppressed errors, rerun with: -s
==13927== ERROR SUMMARY: 0 errors from 0 contexts (suppressed: 0 from 0)
Running valgrind on ./maps/bad/wall_hole_east.cub...

[0;32m[Debug info] map end:[0m20
[0;32m[Debug info] map height:[0m13
[0;31m Error:[Walls check] incorrect vertical walls 
[0m [0;34mN[0;34mO[0;34m [0;34mt[0;34me[0;34mx[0;34mt[0;34mu[0;34mr[0;34me[0;34ms[0;34m/[0;34mt[0;34me[0;34ms[0;34mt[0;34m/[0;34mn[0;34mo[0;34mr[0;34mt[0;34mh[0;34m.[0;34mx[0;34mp[0;34mm
[0m[0;34mS[0;34mO[0;34m [0;34mt[0;34me[0;34mx[0;34mt[0;34mu[0;34mr[0;34me[0;34ms[0;34m/[0;34mt[0;34me[0;34ms[0;34mt[0;34m/[0;34ms[0;34mo[0;34mu[0;34mt[0;34mh[0;34m.[0;34mx[0;34mp[0;34mm
[0m[0;34mW[0;34mE[0;34m [0;34mt[0;34me[0;34mx[0;34mt[0;34mu[0;34mr[0;34me[0;34ms[0;34m/[0;34mt[0;34me[0;34ms[0;34mt[0;34m/[0;34mw[0;34me[0;34ms[0;34mt[0;34m.[0;34mx[0;34mp[0;34mm
[0m[0;34mE[0;34mA[0;34m [0;34mt[0;34me[0;34mx[0;34mt[0;34mu[0;34mr[0;34me[0;34ms[0;34m/[0;34mt[0;34me[0;34ms[0;34mt[0;34m/[0;34me[0;34ma[0;34ms[0;34mt[0;34m.[0;34mx[0;34mp[0;34mm
[0m
[0m[0;34mF[0;34m [0;34m2[0;34m0[0;34m,[0;34m2[0;34m0[0;34m,[0;34m2[0;34m0
[0m[0;34mC[0;34m [0;34m2[0;34m0[0;34m0[0;34m,[0;34m2[0;34m0[0;34m0[0;34m,[0;34m2[0;34m0[0;34m0
[0m
[0m[0;34m1[0;34m1[0;34m1[0;34m1[0;34m1
[0m[0;34m1[0;34m0[0;34m0[0;34m0[0;34m1
[0m[0;34m1[0;34m0[0;34mS[0;34m0[0;34m1
[0m[0;34m1[0;34m0[0;34m0[0;34m0[0;34m1
[0m[0;34m1[0;34m0[0;34m0[0;34m0[0;34m1
[0m[0;34m1[0;34m0[0;34m0[0;34m0[0;34m1
[0m[0;34m1[0;34m1[0;34m0[0;34m0[0;34m0
[0m[0;34m1[0;34m0[0;34m0[0;34m0[0;34m1
[0m[0;34m1[0;34m0[0;34m0[0;34m0[0;34m1
[0m[0;34m1[0;34m0[0;34m0[0;34m0[0;34m1
[0m[0;34m1[0;34m0[0;34m0[0;34m0[0;34m1
[0m[0;34m1[0;34m0[0;34m0[0;34m0[0;34m1
[0m[0;34m1[0;34m1[0;34m1[0;34m1[0;34m1
[0mExit code: 1
‚ö†Ô∏è No Valgrind alerts, but with leaks[0m  
==13930== Memcheck, a memory error detector
==13930== Copyright (C) 2002-2022, and GNU GPL'd, by Julian Seward et al.
==13930== Using Valgrind-3.22.0 and LibVEX; rerun with -h for copyright info
==13930== Command: ./cub3d ./maps/bad/wall_hole_east.cub
==13930== Parent PID: 13652
==13930== 
==13930== 
==13930== HEAP SUMMARY:
==13930==     in use at exit: 598 bytes in 36 blocks
==13930==   total heap usage: 126 allocs, 90 frees, 7,925 bytes allocated
==13930== 
==13930== LEAK SUMMARY:
==13930==    definitely lost: 288 bytes in 2 blocks
==13930==    indirectly lost: 310 bytes in 34 blocks
==13930==      possibly lost: 0 bytes in 0 blocks
==13930==    still reachable: 0 bytes in 0 blocks
==13930==         suppressed: 0 bytes in 0 blocks
==13930== Rerun with --leak-check=full to see details of leaked memory
==13930== 
==13930== For lists of detected and suppressed errors, rerun with: -s
==13930== ERROR SUMMARY: 0 errors from 0 contexts (suppressed: 0 from 0)
Running valgrind on ./maps/bad/wall_hole_north.cub...

[0;32m[Debug info] map end:[0m20
[0;32m[Debug info] map height:[0m13
[0;31m Error:[Walls check] incorrect horizontal walls
[0m [0;34mN[0;34mO[0;34m [0;34mt[0;34me[0;34mx[0;34mt[0;34mu[0;34mr[0;34me[0;34ms[0;34m/[0;34mt[0;34me[0;34ms[0;34mt[0;34m/[0;34mn[0;34mo[0;34mr[0;34mt[0;34mh[0;34m.[0;34mx[0;34mp[0;34mm
[0m[0;34mS[0;34mO[0;34m [0;34mt[0;34me[0;34mx[0;34mt[0;34mu[0;34mr[0;34me[0;34ms[0;34m/[0;34mt[0;34me[0;34ms[0;34mt[0;34m/[0;34ms[0;34mo[0;34mu[0;34mt[0;34mh[0;34m.[0;34mx[0;34mp[0;34mm
[0m[0;34mW[0;34mE[0;34m [0;34mt[0;34me[0;34mx[0;34mt[0;34mu[0;34mr[0;34me[0;34ms[0;34m/[0;34mt[0;34me[0;34ms[0;34mt[0;34m/[0;34mw[0;34me[0;34ms[0;34mt[0;34m.[0;34mx[0;34mp[0;34mm
[0m[0;34mE[0;34mA[0;34m [0;34mt[0;34me[0;34mx[0;34mt[0;34mu[0;34mr[0;34me[0;34ms[0;34m/[0;34mt[0;34me[0;34ms[0;34mt[0;34m/[0;34me[0;34ma[0;34ms[0;34mt[0;34m.[0;34mx[0;34mp[0;34mm
[0m
[0m[0;34mF[0;34m [0;34m2[0;34m0[0;34m,[0;34m2[0;34m0[0;34m,[0;34m2[0;34m0
[0m[0;34mC[0;34m [0;34m2[0;34m0[0;34m0[0;34m,[0;34m2[0;34m0[0;34m0[0;34m,[0;34m2[0;34m0[0;34m0
[0m
[0m[0;34m1[0;34m1[0;34m0[0;34m1[0;34m1
[0m[0;34m1[0;34m0[0;34m0[0;34m0[0;34m1
[0m[0;34m1[0;34m0[0;34mS[0;34m0[0;34m1
[0m[0;34m1[0;34m0[0;34m0[0;34m0[0;34m1
[0m[0;34m1[0;34m0[0;34m0[0;34m0[0;34m1
[0m[0;34m1[0;34m0[0;34m0[0;34m0[0;34m1
[0m[0;34m1[0;34m1[0;34m0[0;34m0[0;34m1
[0m[0;34m1[0;34m0[0;34m0[0;34m0[0;34m1
[0m[0;34m1[0;34m0[0;34m0[0;34m0[0;34m1
[0m[0;34m1[0;34m0[0;34m0[0;34m0[0;34m1
[0m[0;34m1[0;34m0[0;34m0[0;34m0[0;34m1
[0m[0;34m1[0;34m0[0;34m0[0;34m0[0;34m1
[0m[0;34m1[0;34m1[0;34m1[0;34m1[0;34m1
[0mExit code: 1
‚ö†Ô∏è No Valgrind alerts, but with leaks[0m  
==13933== Memcheck, a memory error detector
==13933== Copyright (C) 2002-2022, and GNU GPL'd, by Julian Seward et al.
==13933== Using Valgrind-3.22.0 and LibVEX; rerun with -h for copyright info
==13933== Command: ./cub3d ./maps/bad/wall_hole_north.cub
==13933== Parent PID: 13652
==13933== 
==13933== 
==13933== HEAP SUMMARY:
==13933==     in use at exit: 598 bytes in 36 blocks
==13933==   total heap usage: 126 allocs, 90 frees, 7,925 bytes allocated
==13933== 
==13933== LEAK SUMMARY:
==13933==    definitely lost: 288 bytes in 2 blocks
==13933==    indirectly lost: 310 bytes in 34 blocks
==13933==      possibly lost: 0 bytes in 0 blocks
==13933==    still reachable: 0 bytes in 0 blocks
==13933==         suppressed: 0 bytes in 0 blocks
==13933== Rerun with --leak-check=full to see details of leaked memory
==13933== 
==13933== For lists of detected and suppressed errors, rerun with: -s
==13933== ERROR SUMMARY: 0 errors from 0 contexts (suppressed: 0 from 0)
Running valgrind on ./maps/bad/wall_hole_south.cub...

[0;32m[Debug info] map end:[0m20
[0;32m[Debug info] map height:[0m13
[0;31m Error:[Walls check] incorrect horizontal walls
[0m [0;34mN[0;34mO[0;34m [0;34mt[0;34me[0;34mx[0;34mt[0;34mu[0;34mr[0;34me[0;34ms[0;34m/[0;34mt[0;34me[0;34ms[0;34mt[0;34m/[0;34mn[0;34mo[0;34mr[0;34mt[0;34mh[0;34m.[0;34mx[0;34mp[0;34mm
[0m[0;34mS[0;34mO[0;34m [0;34mt[0;34me[0;34mx[0;34mt[0;34mu[0;34mr[0;34me[0;34ms[0;34m/[0;34mt[0;34me[0;34ms[0;34mt[0;34m/[0;34ms[0;34mo[0;34mu[0;34mt[0;34mh[0;34m.[0;34mx[0;34mp[0;34mm
[0m[0;34mW[0;34mE[0;34m [0;34mt[0;34me[0;34mx[0;34mt[0;34mu[0;34mr[0;34me[0;34ms[0;34m/[0;34mt[0;34me[0;34ms[0;34mt[0;34m/[0;34mw[0;34me[0;34ms[0;34mt[0;34m.[0;34mx[0;34mp[0;34mm
[0m[0;34mE[0;34mA[0;34m [0;34mt[0;34me[0;34mx[0;34mt[0;34mu[0;34mr[0;34me[0;34ms[0;34m/[0;34mt[0;34me[0;34ms[0;34mt[0;34m/[0;34me[0;34ma[0;34ms[0;34mt[0;34m.[0;34mx[0;34mp[0;34mm
[0m
[0m[0;34mF[0;34m [0;34m2[0;34m0[0;34m,[0;34m2[0;34m0[0;34m,[0;34m2[0;34m0
[0m[0;34mC[0;34m [0;34m2[0;34m0[0;34m0[0;34m,[0;34m2[0;34m0[0;34m0[0;34m,[0;34m2[0;34m0[0;34m0
[0m
[0m[0;34m1[0;34m1[0;34m1[0;34m1[0;34m1
[0m[0;34m1[0;34m0[0;34m0[0;34m0[0;34m1
[0m[0;34m1[0;34m0[0;34mS[0;34m0[0;34m1
[0m[0;34m1[0;34m0[0;34m0[0;34m0[0;34m1
[0m[0;34m1[0;34m0[0;34m0[0;34m0[0;34m1
[0m[0;34m1[0;34m0[0;34m0[0;34m0[0;34m1
[0m[0;34m1[0;34m1[0;34m0[0;34m0[0;34m1
[0m[0;34m1[0;34m0[0;34m0[0;34m0[0;34m1
[0m[0;34m1[0;34m0[0;34m0[0;34m0[0;34m1
[0m[0;34m1[0;34m0[0;34m0[0;34m0[0;34m1
[0m[0;34m1[0;34m0[0;34m0[0;34m0[0;34m1
[0m[0;34m1[0;34m0[0;34m0[0;34m0[0;34m1
[0m[0;34m1[0;34m1[0;34m0[0;34m1[0;34m1
[0mExit code: 1
‚ö†Ô∏è No Valgrind alerts, but with leaks[0m  
==13936== Memcheck, a memory error detector
==13936== Copyright (C) 2002-2022, and GNU GPL'd, by Julian Seward et al.
==13936== Using Valgrind-3.22.0 and LibVEX; rerun with -h for copyright info
==13936== Command: ./cub3d ./maps/bad/wall_hole_south.cub
==13936== Parent PID: 13652
==13936== 
==13936== 
==13936== HEAP SUMMARY:
==13936==     in use at exit: 598 bytes in 36 blocks
==13936==   total heap usage: 126 allocs, 90 frees, 7,925 bytes allocated
==13936== 
==13936== LEAK SUMMARY:
==13936==    definitely lost: 288 bytes in 2 blocks
==13936==    indirectly lost: 310 bytes in 34 blocks
==13936==      possibly lost: 0 bytes in 0 blocks
==13936==    still reachable: 0 bytes in 0 blocks
==13936==         suppressed: 0 bytes in 0 blocks
==13936== Rerun with --leak-check=full to see details of leaked memory
==13936== 
==13936== For lists of detected and suppressed errors, rerun with: -s
==13936== ERROR SUMMARY: 0 errors from 0 contexts (suppressed: 0 from 0)
Running valgrind on ./maps/bad/wall_hole_west.cub...

[0;31m Error:[Map check in file] Invalid map placement or format
[0m [0;34mN[0;34mO[0;34m [0;34mt[0;34me[0;34mx[0;34mt[0;34mu[0;34mr[0;34me[0;34ms[0;34m/[0;34mt[0;34me[0;34ms[0;34mt[0;34m/[0;34mn[0;34mo[0;34mr[0;34mt[0;34mh[0;34m.[0;34mx[0;34mp[0;34mm
[0m[0;34mS[0;34mO[0;34m [0;34mt[0;34me[0;34mx[0;34mt[0;34mu[0;34mr[0;34me[0;34ms[0;34m/[0;34mt[0;34me[0;34ms[0;34mt[0;34m/[0;34ms[0;34mo[0;34mu[0;34mt[0;34mh[0;34m.[0;34mx[0;34mp[0;34mm
[0m[0;34mW[0;34mE[0;34m [0;34mt[0;34me[0;34mx[0;34mt[0;34mu[0;34mr[0;34me[0;34ms[0;34m/[0;34mt[0;34me[0;34ms[0;34mt[0;34m/[0;34mw[0;34me[0;34ms[0;34mt[0;34m.[0;34mx[0;34mp[0;34mm
[0m[0;34mE[0;34mA[0;34m [0;34mt[0;34me[0;34mx[0;34mt[0;34mu[0;34mr[0;34me[0;34ms[0;34m/[0;34mt[0;34me[0;34ms[0;34mt[0;34m/[0;34me[0;34ma[0;34ms[0;34mt[0;34m.[0;34mx[0;34mp[0;34mm
[0m
[0m[0;34mF[0;34m [0;34m2[0;34m0[0;34m,[0;34m2[0;34m0[0;34m,[0;34m2[0;34m0
[0m[0;34mC[0;34m [0;34m2[0;34m0[0;34m0[0;34m,[0;34m2[0;34m0[0;34m0[0;34m,[0;34m2[0;34m0[0;34m0
[0m
[0m[0;34m1[0;34m1[0;34m1[0;34m1[0;34m1
[0m[0;34m1[0;34m0[0;34m0[0;34m0[0;34m1
[0m[0;34m1[0;34m0[0;34mS[0;34m0[0;34m1
[0m[0;34m1[0;34m0[0;34m0[0;34m0[0;34m1
[0m[0;34m1[0;34m0[0;34m0[0;34m0[0;34m1
[0m[0;34m0[0;34m0[0;34m0[0;34m0[0;34m1
[0m[0;34m1[0;34m1[0;34m0[0;34m0[0;34m1
[0m[0;34m1[0;34m0[0;34m0[0;34m0[0;34m1
[0m[0;34m1[0;34m0[0;34m0[0;34m0[0;34m1
[0m[0;34m1[0;34m0[0;34m0[0;34m0[0;34m1
[0m[0;34m1[0;34m0[0;34m0[0;34m0[0;34m1
[0m[0;34m1[0;34m0[0;34m0[0;34m0[0;34m1
[0m[0;34m1[0;34m1[0;34m1[0;34m1[0;34m1
[0mExit code: 1
‚ö†Ô∏è No Valgrind alerts, but with leaks[0m  
==13939== Memcheck, a memory error detector
==13939== Copyright (C) 2002-2022, and GNU GPL'd, by Julian Seward et al.
==13939== Using Valgrind-3.22.0 and LibVEX; rerun with -h for copyright info
==13939== Command: ./cub3d ./maps/bad/wall_hole_west.cub
==13939== Parent PID: 13652
==13939== 
==13939== 
==13939== HEAP SUMMARY:
==13939==     in use at exit: 408 bytes in 22 blocks
==13939==   total heap usage: 99 allocs, 77 frees, 7,657 bytes allocated
==13939== 
==13939== LEAK SUMMARY:
==13939==    definitely lost: 176 bytes in 1 blocks
==13939==    indirectly lost: 232 bytes in 21 blocks
==13939==      possibly lost: 0 bytes in 0 blocks
==13939==    still reachable: 0 bytes in 0 blocks
==13939==         suppressed: 0 bytes in 0 blocks
==13939== Rerun with --leak-check=full to see details of leaked memory
==13939== 
==13939== For lists of detected and suppressed errors, rerun with: -s
==13939== ERROR SUMMARY: 0 errors from 0 contexts (suppressed: 0 from 0)
Running valgrind on ./maps/bad/wall_none.cub...

[0;31m Error:[Map start] No map or incorrect placement
[0m [0;34mN[0;34mO[0;34m [0;34mt[0;34me[0;34mx[0;34mt[0;34mu[0;34mr[0;34me[0;34ms[0;34m/[0;34mt[0;34me[0;34ms[0;34mt[0;34m/[0;34mn[0;34mo[0;34mr[0;34mt[0;34mh[0;34m.[0;34mx[0;34mp[0;34mm
[0m[0;34mS[0;34mO[0;34m [0;34mt[0;34me[0;34mx[0;34mt[0;34mu[0;34mr[0;34me[0;34ms[0;34m/[0;34mt[0;34me[0;34ms[0;34mt[0;34m/[0;34ms[0;34mo[0;34mu[0;34mt[0;34mh[0;34m.[0;34mx[0;34mp[0;34mm
[0m[0;34mW[0;34mE[0;34m [0;34mt[0;34me[0;34mx[0;34mt[0;34mu[0;34mr[0;34me[0;34ms[0;34m/[0;34mt[0;34me[0;34ms[0;34mt[0;34m/[0;34mw[0;34me[0;34ms[0;34mt[0;34m.[0;34mx[0;34mp[0;34mm
[0m[0;34mE[0;34mA[0;34m [0;34mt[0;34me[0;34mx[0;34mt[0;34mu[0;34mr[0;34me[0;34ms[0;34m/[0;34mt[0;34me[0;34ms[0;34mt[0;34m/[0;34me[0;34ma[0;34ms[0;34mt[0;34m.[0;34mx[0;34mp[0;34mm
[0m
[0m[0;34mF[0;34m [0;34m2[0;34m0[0;34m,[0;34m2[0;34m0[0;34m,[0;34m2[0;34m0
[0m[0;34mC[0;34m [0;34m2[0;34m0[0;34m0[0;34m,[0;34m2[0;34m0[0;34m0[0;34m,[0;34m2[0;34m0[0;34m0
[0m
[0m[0;34m0[0;34m0[0;34m0[0;34m0[0;34m0
[0m[0;34m0[0;34m0[0;34m0[0;34m0[0;34m0
[0m[0;34m0[0;34m0[0;34mS[0;34m0[0;34m0
[0m[0;34m0[0;34m0[0;34m0[0;34m0[0;34m0
[0m[0;34m0[0;34m0[0;34m0[0;34m0[0;34m0
[0m[0;34m0[0;34m0[0;34m0[0;34m0[0;34m0
[0m[0;34m0[0;34m0[0;34m0[0;34m0[0;34m0
[0m[0;34m0[0;34m0[0;34m0[0;34m0[0;34m0
[0m[0;34m0[0;34m0[0;34m0[0;34m0[0;34m0
[0m[0;34m0[0;34m0[0;34m0[0;34m0[0;34m0
[0m[0;34m0[0;34m0[0;34m0[0;34m0[0;34m0
[0m[0;34m0[0;34m0[0;34m0[0;34m0[0;34m0
[0m[0;34m0[0;34m0[0;34m0[0;34m0[0;34m0
[0mExit code: 1
‚ö†Ô∏è No Valgrind alerts, but with leaks[0m  
==13946== Memcheck, a memory error detector
==13946== Copyright (C) 2002-2022, and GNU GPL'd, by Julian Seward et al.
==13946== Using Valgrind-3.22.0 and LibVEX; rerun with -h for copyright info
==13946== Command: ./cub3d ./maps/bad/wall_none.cub
==13946== Parent PID: 13652
==13946== 
==13946== 
==13946== HEAP SUMMARY:
==13946==     in use at exit: 408 bytes in 22 blocks
==13946==   total heap usage: 99 allocs, 77 frees, 7,657 bytes allocated
==13946== 
==13946== LEAK SUMMARY:
==13946==    definitely lost: 176 bytes in 1 blocks
==13946==    indirectly lost: 232 bytes in 21 blocks
==13946==      possibly lost: 0 bytes in 0 blocks
==13946==    still reachable: 0 bytes in 0 blocks
==13946==         suppressed: 0 bytes in 0 blocks
==13946== Rerun with --leak-check=full to see details of leaked memory
==13946== 
==13946== For lists of detected and suppressed errors, rerun with: -s
==13946== ERROR SUMMARY: 0 errors from 0 contexts (suppressed: 0 from 0)
Valgrind tests completed. Results saved to test_output.txt.
Starting Valgrind tests...
Running valgrind on ./maps/bad/color_invalid_rgb.cub...

Exit code: 0
‚ö†Ô∏è No Valgrind alerts, but with leaks[0m  
==14557== Memcheck, a memory error detector
==14557== Copyright (C) 2002-2022, and GNU GPL'd, by Julian Seward et al.
==14557== Using Valgrind-3.22.0 and LibVEX; rerun with -h for copyright info
==14557== Command: ./cub3d ./maps/bad/color_invalid_rgb.cub
==14557== Parent PID: 14555
==14557== 
==14557== 
==14557== HEAP SUMMARY:
==14557==     in use at exit: 801 bytes in 50 blocks
==14557==   total heap usage: 141 allocs, 91 frees, 4,039 bytes allocated
==14557== 
==14557== LEAK SUMMARY:
==14557==    definitely lost: 468 bytes in 10 blocks
==14557==    indirectly lost: 333 bytes in 40 blocks
==14557==      possibly lost: 0 bytes in 0 blocks
==14557==    still reachable: 0 bytes in 0 blocks
==14557==         suppressed: 0 bytes in 0 blocks
==14557== Rerun with --leak-check=full to see details of leaked memory
==14557== 
==14557== For lists of detected and suppressed errors, rerun with: -s
==14557== ERROR SUMMARY: 0 errors from 0 contexts (suppressed: 0 from 0)
Running valgrind on ./maps/bad/color_missing_ceiling_rgb.cub...

[0;31m Error:[Color] incorrect numbers
[0m Exit code: 1
‚ö†Ô∏è No Valgrind alerts, but with leaks[0m  
==14580== Memcheck, a memory error detector
==14580== Copyright (C) 2002-2022, and GNU GPL'd, by Julian Seward et al.
==14580== Using Valgrind-3.22.0 and LibVEX; rerun with -h for copyright info
==14580== Command: ./cub3d ./maps/bad/color_missing_ceiling_rgb.cub
==14580== Parent PID: 14555
==14580== 
==14580== 
==14580== HEAP SUMMARY:
==14580==     in use at exit: 780 bytes in 49 blocks
==14580==   total heap usage: 140 allocs, 91 frees, 3,986 bytes allocated
==14580== 
==14580== LEAK SUMMARY:
==14580==    definitely lost: 456 bytes in 10 blocks
==14580==    indirectly lost: 324 bytes in 39 blocks
==14580==      possibly lost: 0 bytes in 0 blocks
==14580==    still reachable: 0 bytes in 0 blocks
==14580==         suppressed: 0 bytes in 0 blocks
==14580== Rerun with --leak-check=full to see details of leaked memory
==14580== 
==14580== For lists of detected and suppressed errors, rerun with: -s
==14580== ERROR SUMMARY: 0 errors from 0 contexts (suppressed: 0 from 0)
Running valgrind on ./maps/bad/color_missing.cub...

[0;31m Error:[Color] colors are not complete
[0m Exit code: 1
‚ö†Ô∏è No Valgrind alerts, but with leaks[0m  
==14645== Memcheck, a memory error detector
==14645== Copyright (C) 2002-2022, and GNU GPL'd, by Julian Seward et al.
==14645== Using Valgrind-3.22.0 and LibVEX; rerun with -h for copyright info
==14645== Command: ./cub3d ./maps/bad/color_missing.cub
==14645== Parent PID: 14555
==14645== 
==14645== 
==14645== HEAP SUMMARY:
==14645==     in use at exit: 728 bytes in 44 blocks
==14645==   total heap usage: 131 allocs, 87 frees, 3,780 bytes allocated
==14645== 
==14645== LEAK SUMMARY:
==14645==    definitely lost: 418 bytes in 8 blocks
==14645==    indirectly lost: 310 bytes in 36 blocks
==14645==      possibly lost: 0 bytes in 0 blocks
==14645==    still reachable: 0 bytes in 0 blocks
==14645==         suppressed: 0 bytes in 0 blocks
==14645== Rerun with --leak-check=full to see details of leaked memory
==14645== 
==14645== For lists of detected and suppressed errors, rerun with: -s
==14645== ERROR SUMMARY: 0 errors from 0 contexts (suppressed: 0 from 0)
Running valgrind on ./maps/bad/color_missing_floor_rgb.cub...

[0;31m Error:[Color] incorrect numbers
[0m Exit code: 1
‚ö†Ô∏è No Valgrind alerts, but with leaks[0m  
==14689== Memcheck, a memory error detector
==14689== Copyright (C) 2002-2022, and GNU GPL'd, by Julian Seward et al.
==14689== Using Valgrind-3.22.0 and LibVEX; rerun with -h for copyright info
==14689== Command: ./cub3d ./maps/bad/color_missing_floor_rgb.cub
==14689== Parent PID: 14555
==14689== 
==14689== 
==14689== HEAP SUMMARY:
==14689==     in use at exit: 781 bytes in 49 blocks
==14689==   total heap usage: 140 allocs, 91 frees, 3,993 bytes allocated
==14689== 
==14689== LEAK SUMMARY:
==14689==    definitely lost: 456 bytes in 10 blocks
==14689==    indirectly lost: 325 bytes in 39 blocks
==14689==      possibly lost: 0 bytes in 0 blocks
==14689==    still reachable: 0 bytes in 0 blocks
==14689==         suppressed: 0 bytes in 0 blocks
==14689== Rerun with --leak-check=full to see details of leaked memory
==14689== 
==14689== For lists of detected and suppressed errors, rerun with: -s
==14689== ERROR SUMMARY: 0 errors from 0 contexts (suppressed: 0 from 0)
Running valgrind on ./maps/bad/color_none.cub...
Starting Valgrind tests...
Running valgrind on ./maps/bad/color_invalid_rgb.cub...

Exit code: 0
‚ö†Ô∏è No Valgrind alerts, but with leaks[0m  
==14713== Memcheck, a memory error detector
==14713== Copyright (C) 2002-2022, and GNU GPL'd, by Julian Seward et al.
==14713== Using Valgrind-3.22.0 and LibVEX; rerun with -h for copyright info
==14713== Command: ./cub3d ./maps/bad/color_invalid_rgb.cub
==14713== Parent PID: 14711
==14713== 
==14713== 
==14713== HEAP SUMMARY:
==14713==     in use at exit: 801 bytes in 50 blocks
==14713==   total heap usage: 141 allocs, 91 frees, 4,039 bytes allocated
==14713== 
==14713== LEAK SUMMARY:
==14713==    definitely lost: 468 bytes in 10 blocks
==14713==    indirectly lost: 333 bytes in 40 blocks
==14713==      possibly lost: 0 bytes in 0 blocks
==14713==    still reachable: 0 bytes in 0 blocks
==14713==         suppressed: 0 bytes in 0 blocks
==14713== Rerun with --leak-check=full to see details of leaked memory
==14713== 
==14713== For lists of detected and suppressed errors, rerun with: -s
==14713== ERROR SUMMARY: 0 errors from 0 contexts (suppressed: 0 from 0)
Running valgrind on ./maps/bad/color_missing_ceiling_rgb.cub...

[0;31m Error:[Color] incorrect numbers
[0m Exit code: 1
‚ö†Ô∏è No Valgrind alerts, but with leaks[0m  
==14716== Memcheck, a memory error detector
==14716== Copyright (C) 2002-2022, and GNU GPL'd, by Julian Seward et al.
==14716== Using Valgrind-3.22.0 and LibVEX; rerun with -h for copyright info
==14716== Command: ./cub3d ./maps/bad/color_missing_ceiling_rgb.cub
==14716== Parent PID: 14711
==14716== 
==14716== 
==14716== HEAP SUMMARY:
==14716==     in use at exit: 780 bytes in 49 blocks
==14716==   total heap usage: 140 allocs, 91 frees, 3,986 bytes allocated
==14716== 
==14716== LEAK SUMMARY:
==14716==    definitely lost: 456 bytes in 10 blocks
==14716==    indirectly lost: 324 bytes in 39 blocks
==14716==      possibly lost: 0 bytes in 0 blocks
==14716==    still reachable: 0 bytes in 0 blocks
==14716==         suppressed: 0 bytes in 0 blocks
==14716== Rerun with --leak-check=full to see details of leaked memory
==14716== 
==14716== For lists of detected and suppressed errors, rerun with: -s
==14716== ERROR SUMMARY: 0 errors from 0 contexts (suppressed: 0 from 0)
Running valgrind on ./maps/bad/color_missing.cub...

[0;31m Error:[Color] colors are not complete
[0m Exit code: 1
‚ö†Ô∏è No Valgrind alerts, but with leaks[0m  
==14719== Memcheck, a memory error detector
==14719== Copyright (C) 2002-2022, and GNU GPL'd, by Julian Seward et al.
==14719== Using Valgrind-3.22.0 and LibVEX; rerun with -h for copyright info
==14719== Command: ./cub3d ./maps/bad/color_missing.cub
==14719== Parent PID: 14711
==14719== 
==14719== 
==14719== HEAP SUMMARY:
==14719==     in use at exit: 728 bytes in 44 blocks
==14719==   total heap usage: 131 allocs, 87 frees, 3,780 bytes allocated
==14719== 
==14719== LEAK SUMMARY:
==14719==    definitely lost: 418 bytes in 8 blocks
==14719==    indirectly lost: 310 bytes in 36 blocks
==14719==      possibly lost: 0 bytes in 0 blocks
==14719==    still reachable: 0 bytes in 0 blocks
==14719==         suppressed: 0 bytes in 0 blocks
==14719== Rerun with --leak-check=full to see details of leaked memory
==14719== 
==14719== For lists of detected and suppressed errors, rerun with: -s
==14719== ERROR SUMMARY: 0 errors from 0 contexts (suppressed: 0 from 0)
Running valgrind on ./maps/bad/color_missing_floor_rgb.cub...

[0;31m Error:[Color] incorrect numbers
[0m Exit code: 1
‚ö†Ô∏è No Valgrind alerts, but with leaks[0m  
==14722== Memcheck, a memory error detector
==14722== Copyright (C) 2002-2022, and GNU GPL'd, by Julian Seward et al.
==14722== Using Valgrind-3.22.0 and LibVEX; rerun with -h for copyright info
==14722== Command: ./cub3d ./maps/bad/color_missing_floor_rgb.cub
==14722== Parent PID: 14711
==14722== 
==14722== 
==14722== HEAP SUMMARY:
==14722==     in use at exit: 781 bytes in 49 blocks
==14722==   total heap usage: 140 allocs, 91 frees, 3,993 bytes allocated
==14722== 
==14722== LEAK SUMMARY:
==14722==    definitely lost: 456 bytes in 10 blocks
==14722==    indirectly lost: 325 bytes in 39 blocks
==14722==      possibly lost: 0 bytes in 0 blocks
==14722==    still reachable: 0 bytes in 0 blocks
==14722==         suppressed: 0 bytes in 0 blocks
==14722== Rerun with --leak-check=full to see details of leaked memory
==14722== 
==14722== For lists of detected and suppressed errors, rerun with: -s
==14722== ERROR SUMMARY: 0 errors from 0 contexts (suppressed: 0 from 0)
Running valgrind on ./maps/bad/color_none.cub...

[0;31m Error:[Color] colors are not complete
[0m Exit code: 1
‚ö†Ô∏è No Valgrind alerts, but with leaks[0m  
==14758== Memcheck, a memory error detector
==14758== Copyright (C) 2002-2022, and GNU GPL'd, by Julian Seward et al.
==14758== Using Valgrind-3.22.0 and LibVEX; rerun with -h for copyright info
==14758== Command: ./cub3d ./maps/bad/color_none.cub
==14758== Parent PID: 14711
==14758== 
==14758== 
==14758== HEAP SUMMARY:
==14758==     in use at exit: 639 bytes in 37 blocks
==14758==   total heap usage: 116 allocs, 79 frees, 3,196 bytes allocated
==14758== 
==14758== LEAK SUMMARY:
==14758==    definitely lost: 358 bytes in 6 blocks
==14758==    indirectly lost: 281 bytes in 31 blocks
==14758==      possibly lost: 0 bytes in 0 blocks
==14758==    still reachable: 0 bytes in 0 blocks
==14758==         suppressed: 0 bytes in 0 blocks
==14758== Rerun with --leak-check=full to see details of leaked memory
==14758== 
==14758== For lists of detected and suppressed errors, rerun with: -s
==14758== ERROR SUMMARY: 0 errors from 0 contexts (suppressed: 0 from 0)
Running valgrind on ./maps/bad/empty.cub...
[0;31m Error:[Read file] file is empty
[0m Exit code: 1
[0;32m‚úÖ No Valgrind alerts, no leaks[0m  
==14812== Memcheck, a memory error detector
==14812== Copyright (C) 2002-2022, and GNU GPL'd, by Julian Seward et al.
==14812== Using Valgrind-3.22.0 and LibVEX; rerun with -h for copyright info
==14812== Command: ./cub3d ./maps/bad/empty.cub
==14812== Parent PID: 14711
==14812== 
==14812== 
==14812== HEAP SUMMARY:
==14812==     in use at exit: 0 bytes in 0 blocks
==14812==   total heap usage: 5 allocs, 5 frees, 170 bytes allocated
==14812== 
==14812== All heap blocks were freed -- no leaks are possible
==14812== 
==14812== For lists of detected and suppressed errors, rerun with: -s
==14812== ERROR SUMMARY: 0 errors from 0 contexts (suppressed: 0 from 0)
Running valgrind on ./maps/bad/file_letter_end.cub...

[0;31m Error:[Map check in file] Invalid map placement or format
[0m Exit code: 1
‚ö†Ô∏è No Valgrind alerts, but with leaks[0m  
==14815== Memcheck, a memory error detector
==14815== Copyright (C) 2002-2022, and GNU GPL'd, by Julian Seward et al.
==14815== Using Valgrind-3.22.0 and LibVEX; rerun with -h for copyright info
==14815== Command: ./cub3d ./maps/bad/file_letter_end.cub
==14815== Parent PID: 14711
==14815== 
==14815== 
==14815== HEAP SUMMARY:
==14815==     in use at exit: 549 bytes in 36 blocks
==14815==   total heap usage: 155 allocs, 119 frees, 7,353 bytes allocated
==14815== 
==14815== LEAK SUMMARY:
==14815==    definitely lost: 288 bytes in 1 blocks
==14815==    indirectly lost: 261 bytes in 35 blocks
==14815==      possibly lost: 0 bytes in 0 blocks
==14815==    still reachable: 0 bytes in 0 blocks
==14815==         suppressed: 0 bytes in 0 blocks
==14815== Rerun with --leak-check=full to see details of leaked memory
==14815== 
==14815== For lists of detected and suppressed errors, rerun with: -s
==14815== ERROR SUMMARY: 0 errors from 0 contexts (suppressed: 0 from 0)
Running valgrind on ./maps/bad/filetype_missing...
[0;31m Error:[Check args] no map or invalid map extension
[0m Exit code: 1
[0;32m‚úÖ No Valgrind alerts, no leaks[0m  
==14818== Memcheck, a memory error detector
==14818== Copyright (C) 2002-2022, and GNU GPL'd, by Julian Seward et al.
==14818== Using Valgrind-3.22.0 and LibVEX; rerun with -h for copyright info
==14818== Command: ./cub3d ./maps/bad/filetype_missing
==14818== Parent PID: 14711
==14818== 
==14818== 
==14818== HEAP SUMMARY:
==14818==     in use at exit: 0 bytes in 0 blocks
==14818==   total heap usage: 3 allocs, 3 frees, 144 bytes allocated
==14818== 
==14818== All heap blocks were freed -- no leaks are possible
==14818== 
==14818== For lists of detected and suppressed errors, rerun with: -s
==14818== ERROR SUMMARY: 0 errors from 0 contexts (suppressed: 0 from 0)
Running valgrind on ./maps/bad/filetype_wrong.buc...
[0;31m Error:[Check args] no map or invalid map extension
[0m Exit code: 1
[0;32m‚úÖ No Valgrind alerts, no leaks[0m  
==14821== Memcheck, a memory error detector
==14821== Copyright (C) 2002-2022, and GNU GPL'd, by Julian Seward et al.
==14821== Using Valgrind-3.22.0 and LibVEX; rerun with -h for copyright info
==14821== Command: ./cub3d ./maps/bad/filetype_wrong.buc
==14821== Parent PID: 14711
==14821== 
==14821== 
==14821== HEAP SUMMARY:
==14821==     in use at exit: 0 bytes in 0 blocks
==14821==   total heap usage: 3 allocs, 3 frees, 144 bytes allocated
==14821== 
==14821== All heap blocks were freed -- no leaks are possible
==14821== 
==14821== For lists of detected and suppressed errors, rerun with: -s
==14821== ERROR SUMMARY: 0 errors from 0 contexts (suppressed: 0 from 0)
Running valgrind on ./maps/bad/map_first.cub...

[0;31m Error:[Map start] No map or incorrect placement
[0m Exit code: 1
‚ö†Ô∏è No Valgrind alerts, but with leaks[0m  
==14824== Memcheck, a memory error detector
==14824== Copyright (C) 2002-2022, and GNU GPL'd, by Julian Seward et al.
==14824== Using Valgrind-3.22.0 and LibVEX; rerun with -h for copyright info
==14824== Command: ./cub3d ./maps/bad/map_first.cub
==14824== Parent PID: 14711
==14824== 
==14824== 
==14824== HEAP SUMMARY:
==14824==     in use at exit: 408 bytes in 22 blocks
==14824==   total heap usage: 98 allocs, 76 frees, 3,476 bytes allocated
==14824== 
==14824== LEAK SUMMARY:
==14824==    definitely lost: 176 bytes in 1 blocks
==14824==    indirectly lost: 232 bytes in 21 blocks
==14824==      possibly lost: 0 bytes in 0 blocks
==14824==    still reachable: 0 bytes in 0 blocks
==14824==         suppressed: 0 bytes in 0 blocks
==14824== Rerun with --leak-check=full to see details of leaked memory
==14824== 
==14824== For lists of detected and suppressed errors, rerun with: -s
==14824== ERROR SUMMARY: 0 errors from 0 contexts (suppressed: 0 from 0)
Running valgrind on ./maps/bad/map_middle.cub...

[0;31m Error:[Map check in file] Invalid map placement or format
[0m Exit code: 1
‚ö†Ô∏è No Valgrind alerts, but with leaks[0m  
==14827== Memcheck, a memory error detector
==14827== Copyright (C) 2002-2022, and GNU GPL'd, by Julian Seward et al.
==14827== Using Valgrind-3.22.0 and LibVEX; rerun with -h for copyright info
==14827== Command: ./cub3d ./maps/bad/map_middle.cub
==14827== Parent PID: 14711
==14827== 
==14827== 
==14827== HEAP SUMMARY:
==14827==     in use at exit: 428 bytes in 24 blocks
==14827==   total heap usage: 106 allocs, 82 frees, 3,963 bytes allocated
==14827== 
==14827== LEAK SUMMARY:
==14827==    definitely lost: 192 bytes in 1 blocks
==14827==    indirectly lost: 236 bytes in 23 blocks
==14827==      possibly lost: 0 bytes in 0 blocks
==14827==    still reachable: 0 bytes in 0 blocks
==14827==         suppressed: 0 bytes in 0 blocks
==14827== Rerun with --leak-check=full to see details of leaked memory
==14827== 
==14827== For lists of detected and suppressed errors, rerun with: -s
==14827== ERROR SUMMARY: 0 errors from 0 contexts (suppressed: 0 from 0)
Running valgrind on ./maps/bad/map_missing.cub...

[0;31m Error:[Map start] No map or incorrect placement
[0m Exit code: 1
‚ö†Ô∏è No Valgrind alerts, but with leaks[0m  
==14830== Memcheck, a memory error detector
==14830== Copyright (C) 2002-2022, and GNU GPL'd, by Julian Seward et al.
==14830== Using Valgrind-3.22.0 and LibVEX; rerun with -h for copyright info
==14830== Command: ./cub3d ./maps/bad/map_missing.cub
==14830== Parent PID: 14711
==14830== 
==14830== 
==14830== HEAP SUMMARY:
==14830==     in use at exit: 213 bytes in 9 blocks
==14830==   total heap usage: 43 allocs, 34 frees, 1,184 bytes allocated
==14830== 
==14830== LEAK SUMMARY:
==14830==    definitely lost: 72 bytes in 1 blocks
==14830==    indirectly lost: 141 bytes in 8 blocks
==14830==      possibly lost: 0 bytes in 0 blocks
==14830==    still reachable: 0 bytes in 0 blocks
==14830==         suppressed: 0 bytes in 0 blocks
==14830== Rerun with --leak-check=full to see details of leaked memory
==14830== 
==14830== For lists of detected and suppressed errors, rerun with: -s
==14830== ERROR SUMMARY: 0 errors from 0 contexts (suppressed: 0 from 0)
Running valgrind on ./maps/bad/map_only.cub...

[0;31m Error:[Map start] No map or incorrect placement
[0m Exit code: 1
‚ö†Ô∏è No Valgrind alerts, but with leaks[0m  
==14866== Memcheck, a memory error detector
==14866== Copyright (C) 2002-2022, and GNU GPL'd, by Julian Seward et al.
==14866== Using Valgrind-3.22.0 and LibVEX; rerun with -h for copyright info
==14866== Command: ./cub3d ./maps/bad/map_only.cub
==14866== Parent PID: 14711
==14866== 
==14866== 
==14866== HEAP SUMMARY:
==14866==     in use at exit: 203 bytes in 14 blocks
==14866==   total heap usage: 61 allocs, 47 frees, 1,634 bytes allocated
==14866== 
==14866== LEAK SUMMARY:
==14866==    definitely lost: 112 bytes in 1 blocks
==14866==    indirectly lost: 91 bytes in 13 blocks
==14866==      possibly lost: 0 bytes in 0 blocks
==14866==    still reachable: 0 bytes in 0 blocks
==14866==         suppressed: 0 bytes in 0 blocks
==14866== Rerun with --leak-check=full to see details of leaked memory
==14866== 
==14866== For lists of detected and suppressed errors, rerun with: -s
==14866== ERROR SUMMARY: 0 errors from 0 contexts (suppressed: 0 from 0)
Running valgrind on ./maps/bad/map_too_small.cub...

[0;31m Error:[Map check in file] Invalid map size
[0m Exit code: 1
‚ö†Ô∏è No Valgrind alerts, but with leaks[0m  
==14869== Memcheck, a memory error detector
==14869== Copyright (C) 2002-2022, and GNU GPL'd, by Julian Seward et al.
==14869== Using Valgrind-3.22.0 and LibVEX; rerun with -h for copyright info
==14869== Command: ./cub3d ./maps/bad/map_too_small.cub
==14869== Parent PID: 14711
==14869== 
==14869== 
==14869== HEAP SUMMARY:
==14869==     in use at exit: 239 bytes in 11 blocks
==14869==   total heap usage: 51 allocs, 40 frees, 1,444 bytes allocated
==14869== 
==14869== LEAK SUMMARY:
==14869==    definitely lost: 88 bytes in 1 blocks
==14869==    indirectly lost: 151 bytes in 10 blocks
==14869==      possibly lost: 0 bytes in 0 blocks
==14869==    still reachable: 0 bytes in 0 blocks
==14869==         suppressed: 0 bytes in 0 blocks
==14869== Rerun with --leak-check=full to see details of leaked memory
==14869== 
==14869== For lists of detected and suppressed errors, rerun with: -s
==14869== ERROR SUMMARY: 0 errors from 0 contexts (suppressed: 0 from 0)
Running valgrind on ./maps/bad/player_multiple.cub...

[0;31m Error:[Map validation] invalid number of player 
[0m Exit code: 1
‚ö†Ô∏è No Valgrind alerts, but with leaks[0m  
==14923== Memcheck, a memory error detector
==14923== Copyright (C) 2002-2022, and GNU GPL'd, by Julian Seward et al.
==14923== Using Valgrind-3.22.0 and LibVEX; rerun with -h for copyright info
==14923== Command: ./cub3d ./maps/bad/player_multiple.cub
==14923== Parent PID: 14711
==14923== 
==14923== 
==14923== HEAP SUMMARY:
==14923==     in use at exit: 598 bytes in 36 blocks
==14923==   total heap usage: 125 allocs, 89 frees, 3,829 bytes allocated
==14923== 
==14923== LEAK SUMMARY:
==14923==    definitely lost: 288 bytes in 2 blocks
==14923==    indirectly lost: 310 bytes in 34 blocks
==14923==      possibly lost: 0 bytes in 0 blocks
==14923==    still reachable: 0 bytes in 0 blocks
==14923==         suppressed: 0 bytes in 0 blocks
==14923== Rerun with --leak-check=full to see details of leaked memory
==14923== 
==14923== For lists of detected and suppressed errors, rerun with: -s
==14923== ERROR SUMMARY: 0 errors from 0 contexts (suppressed: 0 from 0)
Running valgrind on ./maps/bad/player_none.cub...

[0;31m Error:[Map validation] invalid number of player 
[0m Exit code: 1
‚ö†Ô∏è No Valgrind alerts, but with leaks[0m  
==14926== Memcheck, a memory error detector
==14926== Copyright (C) 2002-2022, and GNU GPL'd, by Julian Seward et al.
==14926== Using Valgrind-3.22.0 and LibVEX; rerun with -h for copyright info
==14926== Command: ./cub3d ./maps/bad/player_none.cub
==14926== Parent PID: 14711
==14926== 
==14926== 
==14926== HEAP SUMMARY:
==14926==     in use at exit: 598 bytes in 36 blocks
==14926==   total heap usage: 125 allocs, 89 frees, 3,829 bytes allocated
==14926== 
==14926== LEAK SUMMARY:
==14926==    definitely lost: 288 bytes in 2 blocks
==14926==    indirectly lost: 310 bytes in 34 blocks
==14926==      possibly lost: 0 bytes in 0 blocks
==14926==    still reachable: 0 bytes in 0 blocks
==14926==         suppressed: 0 bytes in 0 blocks
==14926== Rerun with --leak-check=full to see details of leaked memory
==14926== 
==14926== For lists of detected and suppressed errors, rerun with: -s
==14926== ERROR SUMMARY: 0 errors from 0 contexts (suppressed: 0 from 0)
Running valgrind on ./maps/bad/player_on_edge.cub...

[0;31m Error:[Walls check] incorrect horizontal walls
[0m Exit code: 1
‚ö†Ô∏è No Valgrind alerts, but with leaks[0m  
==14929== Memcheck, a memory error detector
==14929== Copyright (C) 2002-2022, and GNU GPL'd, by Julian Seward et al.
==14929== Using Valgrind-3.22.0 and LibVEX; rerun with -h for copyright info
==14929== Command: ./cub3d ./maps/bad/player_on_edge.cub
==14929== Parent PID: 14711
==14929== 
==14929== 
==14929== HEAP SUMMARY:
==14929==     in use at exit: 598 bytes in 36 blocks
==14929==   total heap usage: 125 allocs, 89 frees, 3,829 bytes allocated
==14929== 
==14929== LEAK SUMMARY:
==14929==    definitely lost: 288 bytes in 2 blocks
==14929==    indirectly lost: 310 bytes in 34 blocks
==14929==      possibly lost: 0 bytes in 0 blocks
==14929==    still reachable: 0 bytes in 0 blocks
==14929==         suppressed: 0 bytes in 0 blocks
==14929== Rerun with --leak-check=full to see details of leaked memory
==14929== 
==14929== For lists of detected and suppressed errors, rerun with: -s
==14929== ERROR SUMMARY: 0 errors from 0 contexts (suppressed: 0 from 0)
Running valgrind on ./maps/bad/textures_dir.cub...

[0;31m Error:[Texture verification] invalid texture format
[0m Exit code: 1
‚ö†Ô∏è No Valgrind alerts, but with leaks[0m  
==14932== Memcheck, a memory error detector
==14932== Copyright (C) 2002-2022, and GNU GPL'd, by Julian Seward et al.
==14932== Using Valgrind-3.22.0 and LibVEX; rerun with -h for copyright info
==14932== Command: ./cub3d ./maps/bad/textures_dir.cub
==14932== Parent PID: 14711
==14932== 
==14932== 
==14932== HEAP SUMMARY:
==14932==     in use at exit: 676 bytes in 40 blocks
==14932==   total heap usage: 129 allocs, 89 frees, 3,889 bytes allocated
==14932== 
==14932== LEAK SUMMARY:
==14932==    definitely lost: 374 bytes in 6 blocks
==14932==    indirectly lost: 302 bytes in 34 blocks
==14932==      possibly lost: 0 bytes in 0 blocks
==14932==    still reachable: 0 bytes in 0 blocks
==14932==         suppressed: 0 bytes in 0 blocks
==14932== Rerun with --leak-check=full to see details of leaked memory
==14932== 
==14932== For lists of detected and suppressed errors, rerun with: -s
==14932== ERROR SUMMARY: 0 errors from 0 contexts (suppressed: 0 from 0)
Running valgrind on ./maps/bad/textures_duplicates.cub...

[0;31m Error:[Texture save] Duplicate found
[0m Exit code: 1
‚ö†Ô∏è No Valgrind alerts, but with leaks[0m  
==14935== Memcheck, a memory error detector
==14935== Copyright (C) 2002-2022, and GNU GPL'd, by Julian Seward et al.
==14935== Using Valgrind-3.22.0 and LibVEX; rerun with -h for copyright info
==14935== Command: ./cub3d ./maps/bad/textures_duplicates.cub
==14935== Parent PID: 14711
==14935== 
==14935== 
==14935== HEAP SUMMARY:
==14935==     in use at exit: 750 bytes in 42 blocks
==14935==   total heap usage: 135 allocs, 93 frees, 4,203 bytes allocated
==14935== 
==14935== LEAK SUMMARY:
==14935==    definitely lost: 413 bytes in 7 blocks
==14935==    indirectly lost: 337 bytes in 35 blocks
==14935==      possibly lost: 0 bytes in 0 blocks
==14935==    still reachable: 0 bytes in 0 blocks
==14935==         suppressed: 0 bytes in 0 blocks
==14935== Rerun with --leak-check=full to see details of leaked memory
==14935== 
==14935== For lists of detected and suppressed errors, rerun with: -s
==14935== ERROR SUMMARY: 0 errors from 0 contexts (suppressed: 0 from 0)
Running valgrind on ./maps/bad/textures_invalid.cub...

[0;31m Error:[Texture verification] invalid texture format
[0m Exit code: 1
‚ö†Ô∏è No Valgrind alerts, but with leaks[0m  
==14938== Memcheck, a memory error detector
==14938== Copyright (C) 2002-2022, and GNU GPL'd, by Julian Seward et al.
==14938== Using Valgrind-3.22.0 and LibVEX; rerun with -h for copyright info
==14938== Command: ./cub3d ./maps/bad/textures_invalid.cub
==14938== Parent PID: 14711
==14938== 
==14938== 
==14938== HEAP SUMMARY:
==14938==     in use at exit: 678 bytes in 40 blocks
==14938==   total heap usage: 129 allocs, 89 frees, 3,886 bytes allocated
==14938== 
==14938== LEAK SUMMARY:
==14938==    definitely lost: 375 bytes in 6 blocks
==14938==    indirectly lost: 303 bytes in 34 blocks
==14938==      possibly lost: 0 bytes in 0 blocks
==14938==    still reachable: 0 bytes in 0 blocks
==14938==         suppressed: 0 bytes in 0 blocks
==14938== Rerun with --leak-check=full to see details of leaked memory
==14938== 
==14938== For lists of detected and suppressed errors, rerun with: -s
==14938== ERROR SUMMARY: 0 errors from 0 contexts (suppressed: 0 from 0)
Running valgrind on ./maps/bad/textures_missing.cub...

[0;31m Error:[Texture] textures are not complete
[0m Exit code: 1
‚ö†Ô∏è No Valgrind alerts, but with leaks[0m  
==14941== Memcheck, a memory error detector
==14941== Copyright (C) 2002-2022, and GNU GPL'd, by Julian Seward et al.
==14941== Using Valgrind-3.22.0 and LibVEX; rerun with -h for copyright info
==14941== Command: ./cub3d ./maps/bad/textures_missing.cub
==14941== Parent PID: 14711
==14941== 
==14941== 
==14941== HEAP SUMMARY:
==14941==     in use at exit: 632 bytes in 38 blocks
==14941==   total heap usage: 123 allocs, 85 frees, 3,582 bytes allocated
==14941== 
==14941== LEAK SUMMARY:
==14941==    definitely lost: 350 bytes in 5 blocks
==14941==    indirectly lost: 282 bytes in 33 blocks
==14941==      possibly lost: 0 bytes in 0 blocks
==14941==    still reachable: 0 bytes in 0 blocks
==14941==         suppressed: 0 bytes in 0 blocks
==14941== Rerun with --leak-check=full to see details of leaked memory
==14941== 
==14941== For lists of detected and suppressed errors, rerun with: -s
==14941== ERROR SUMMARY: 0 errors from 0 contexts (suppressed: 0 from 0)
Running valgrind on ./maps/bad/textures_none.cub...

[0;31m Error:[Texture] textures are not complete
[0m Exit code: 1
‚ö†Ô∏è No Valgrind alerts, but with leaks[0m  
==14977== Memcheck, a memory error detector
==14977== Copyright (C) 2002-2022, and GNU GPL'd, by Julian Seward et al.
==14977== Using Valgrind-3.22.0 and LibVEX; rerun with -h for copyright info
==14977== Command: ./cub3d ./maps/bad/textures_none.cub
==14977== Parent PID: 14711
==14977== 
==14977== 
==14977== HEAP SUMMARY:
==14977==     in use at exit: 446 bytes in 31 blocks
==14977==   total heap usage: 101 allocs, 70 frees, 2,538 bytes allocated
==14977== 
==14977== LEAK SUMMARY:
==14977==    definitely lost: 248 bytes in 2 blocks
==14977==    indirectly lost: 198 bytes in 29 blocks
==14977==      possibly lost: 0 bytes in 0 blocks
==14977==    still reachable: 0 bytes in 0 blocks
==14977==         suppressed: 0 bytes in 0 blocks
==14977== Rerun with --leak-check=full to see details of leaked memory
==14977== 
==14977== For lists of detected and suppressed errors, rerun with: -s
==14977== ERROR SUMMARY: 0 errors from 0 contexts (suppressed: 0 from 0)
Running valgrind on ./maps/bad/textures_not_xpm.cub...

[0;31m Error:[Texture verification] invalid texture format
[0m Exit code: 1
‚ö†Ô∏è No Valgrind alerts, but with leaks[0m  
==14980== Memcheck, a memory error detector
==14980== Copyright (C) 2002-2022, and GNU GPL'd, by Julian Seward et al.
==14980== Using Valgrind-3.22.0 and LibVEX; rerun with -h for copyright info
==14980== Command: ./cub3d ./maps/bad/textures_not_xpm.cub
==14980== Parent PID: 14711
==14980== 
==14980== 
==14980== HEAP SUMMARY:
==14980==     in use at exit: 684 bytes in 40 blocks
==14980==   total heap usage: 129 allocs, 89 frees, 3,879 bytes allocated
==14980== 
==14980== LEAK SUMMARY:
==14980==    definitely lost: 378 bytes in 6 blocks
==14980==    indirectly lost: 306 bytes in 34 blocks
==14980==      possibly lost: 0 bytes in 0 blocks
==14980==    still reachable: 0 bytes in 0 blocks
==14980==         suppressed: 0 bytes in 0 blocks
==14980== Rerun with --leak-check=full to see details of leaked memory
==14980== 
==14980== For lists of detected and suppressed errors, rerun with: -s
==14980== ERROR SUMMARY: 0 errors from 0 contexts (suppressed: 0 from 0)
Running valgrind on ./maps/bad/wall_hole_east.cub...

[0;31m Error:[Walls check] incorrect vertical walls 
[0m Exit code: 1
‚ö†Ô∏è No Valgrind alerts, but with leaks[0m  
==15034== Memcheck, a memory error detector
==15034== Copyright (C) 2002-2022, and GNU GPL'd, by Julian Seward et al.
==15034== Using Valgrind-3.22.0 and LibVEX; rerun with -h for copyright info
==15034== Command: ./cub3d ./maps/bad/wall_hole_east.cub
==15034== Parent PID: 14711
==15034== 
==15034== 
==15034== HEAP SUMMARY:
==15034==     in use at exit: 598 bytes in 36 blocks
==15034==   total heap usage: 125 allocs, 89 frees, 3,829 bytes allocated
==15034== 
==15034== LEAK SUMMARY:
==15034==    definitely lost: 288 bytes in 2 blocks
==15034==    indirectly lost: 310 bytes in 34 blocks
==15034==      possibly lost: 0 bytes in 0 blocks
==15034==    still reachable: 0 bytes in 0 blocks
==15034==         suppressed: 0 bytes in 0 blocks
==15034== Rerun with --leak-check=full to see details of leaked memory
==15034== 
==15034== For lists of detected and suppressed errors, rerun with: -s
==15034== ERROR SUMMARY: 0 errors from 0 contexts (suppressed: 0 from 0)
Running valgrind on ./maps/bad/wall_hole_north.cub...

[0;31m Error:[Walls check] incorrect horizontal walls
[0m Exit code: 1
‚ö†Ô∏è No Valgrind alerts, but with leaks[0m  
==15037== Memcheck, a memory error detector
==15037== Copyright (C) 2002-2022, and GNU GPL'd, by Julian Seward et al.
==15037== Using Valgrind-3.22.0 and LibVEX; rerun with -h for copyright info
==15037== Command: ./cub3d ./maps/bad/wall_hole_north.cub
==15037== Parent PID: 14711
==15037== 
==15037== 
==15037== HEAP SUMMARY:
==15037==     in use at exit: 598 bytes in 36 blocks
==15037==   total heap usage: 125 allocs, 89 frees, 3,829 bytes allocated
==15037== 
==15037== LEAK SUMMARY:
==15037==    definitely lost: 288 bytes in 2 blocks
==15037==    indirectly lost: 310 bytes in 34 blocks
==15037==      possibly lost: 0 bytes in 0 blocks
==15037==    still reachable: 0 bytes in 0 blocks
==15037==         suppressed: 0 bytes in 0 blocks
==15037== Rerun with --leak-check=full to see details of leaked memory
==15037== 
==15037== For lists of detected and suppressed errors, rerun with: -s
==15037== ERROR SUMMARY: 0 errors from 0 contexts (suppressed: 0 from 0)
Running valgrind on ./maps/bad/wall_hole_south.cub...

[0;31m Error:[Walls check] incorrect horizontal walls
[0m Exit code: 1
‚ö†Ô∏è No Valgrind alerts, but with leaks[0m  
==15040== Memcheck, a memory error detector
==15040== Copyright (C) 2002-2022, and GNU GPL'd, by Julian Seward et al.
==15040== Using Valgrind-3.22.0 and LibVEX; rerun with -h for copyright info
==15040== Command: ./cub3d ./maps/bad/wall_hole_south.cub
==15040== Parent PID: 14711
==15040== 
==15040== 
==15040== HEAP SUMMARY:
==15040==     in use at exit: 598 bytes in 36 blocks
==15040==   total heap usage: 125 allocs, 89 frees, 3,829 bytes allocated
==15040== 
==15040== LEAK SUMMARY:
==15040==    definitely lost: 288 bytes in 2 blocks
==15040==    indirectly lost: 310 bytes in 34 blocks
==15040==      possibly lost: 0 bytes in 0 blocks
==15040==    still reachable: 0 bytes in 0 blocks
==15040==         suppressed: 0 bytes in 0 blocks
==15040== Rerun with --leak-check=full to see details of leaked memory
==15040== 
==15040== For lists of detected and suppressed errors, rerun with: -s
==15040== ERROR SUMMARY: 0 errors from 0 contexts (suppressed: 0 from 0)
Running valgrind on ./maps/bad/wall_hole_west.cub...

[0;31m Error:[Map check in file] Invalid map placement or format
[0m Exit code: 1
‚ö†Ô∏è No Valgrind alerts, but with leaks[0m  
==15043== Memcheck, a memory error detector
==15043== Copyright (C) 2002-2022, and GNU GPL'd, by Julian Seward et al.
==15043== Using Valgrind-3.22.0 and LibVEX; rerun with -h for copyright info
==15043== Command: ./cub3d ./maps/bad/wall_hole_west.cub
==15043== Parent PID: 14711
==15043== 
==15043== 
==15043== HEAP SUMMARY:
==15043==     in use at exit: 408 bytes in 22 blocks
==15043==   total heap usage: 98 allocs, 76 frees, 3,561 bytes allocated
==15043== 
==15043== LEAK SUMMARY:
==15043==    definitely lost: 176 bytes in 1 blocks
==15043==    indirectly lost: 232 bytes in 21 blocks
==15043==      possibly lost: 0 bytes in 0 blocks
==15043==    still reachable: 0 bytes in 0 blocks
==15043==         suppressed: 0 bytes in 0 blocks
==15043== Rerun with --leak-check=full to see details of leaked memory
==15043== 
==15043== For lists of detected and suppressed errors, rerun with: -s
==15043== ERROR SUMMARY: 0 errors from 0 contexts (suppressed: 0 from 0)
Running valgrind on ./maps/bad/wall_none.cub...

[0;31m Error:[Map start] No map or incorrect placement
[0m Exit code: 1
‚ö†Ô∏è No Valgrind alerts, but with leaks[0m  
==15046== Memcheck, a memory error detector
==15046== Copyright (C) 2002-2022, and GNU GPL'd, by Julian Seward et al.
==15046== Using Valgrind-3.22.0 and LibVEX; rerun with -h for copyright info
==15046== Command: ./cub3d ./maps/bad/wall_none.cub
==15046== Parent PID: 14711
==15046== 
==15046== 
==15046== HEAP SUMMARY:
==15046==     in use at exit: 408 bytes in 22 blocks
==15046==   total heap usage: 98 allocs, 76 frees, 3,561 bytes allocated
==15046== 
==15046== LEAK SUMMARY:
==15046==    definitely lost: 176 bytes in 1 blocks
==15046==    indirectly lost: 232 bytes in 21 blocks
==15046==      possibly lost: 0 bytes in 0 blocks
==15046==    still reachable: 0 bytes in 0 blocks
==15046==         suppressed: 0 bytes in 0 blocks
==15046== Rerun with --leak-check=full to see details of leaked memory
==15046== 
==15046== For lists of detected and suppressed errors, rerun with: -s
==15046== ERROR SUMMARY: 0 errors from 0 contexts (suppressed: 0 from 0)
Valgrind tests completed. Results saved to test_output.txt.
Starting Valgrind tests...
Running valgrind on ./maps/good/cheese_maze.cub...

[0;31m Error:[Map check in file] Invalid map placement or format
[0m Exit code: 1
‚ö†Ô∏è No Valgrind alerts, but with leaks[0m  
==15819== Memcheck, a memory error detector
==15819== Copyright (C) 2002-2022, and GNU GPL'd, by Julian Seward et al.
==15819== Using Valgrind-3.22.0 and LibVEX; rerun with -h for copyright info
==15819== Command: ./cub3d ./maps/good/cheese_maze.cub
==15819== Parent PID: 15817
==15819== 
==15819== 
==15819== HEAP SUMMARY:
==15819==     in use at exit: 876 bytes in 31 blocks
==15819==   total heap usage: 150 allocs, 119 frees, 6,863 bytes allocated
==15819== 
==15819== LEAK SUMMARY:
==15819==    definitely lost: 248 bytes in 1 blocks
==15819==    indirectly lost: 628 bytes in 30 blocks
==15819==      possibly lost: 0 bytes in 0 blocks
==15819==    still reachable: 0 bytes in 0 blocks
==15819==         suppressed: 0 bytes in 0 blocks
==15819== Rerun with --leak-check=full to see details of leaked memory
==15819== 
==15819== For lists of detected and suppressed errors, rerun with: -s
==15819== ERROR SUMMARY: 0 errors from 0 contexts (suppressed: 0 from 0)
Running valgrind on ./maps/good/creepy.cub...

[0;31m Error:[Map check in file] Invalid map placement or format
[0m Exit code: 1
‚ö†Ô∏è No Valgrind alerts, but with leaks[0m  
==15822== Memcheck, a memory error detector
==15822== Copyright (C) 2002-2022, and GNU GPL'd, by Julian Seward et al.
==15822== Using Valgrind-3.22.0 and LibVEX; rerun with -h for copyright info
==15822== Command: ./cub3d ./maps/good/creepy.cub
==15822== Parent PID: 15817
==15822== 
==15822== 
==15822== HEAP SUMMARY:
==15822==     in use at exit: 544 bytes in 23 blocks
==15822==   total heap usage: 108 allocs, 85 frees, 4,157 bytes allocated
==15822== 
==15822== LEAK SUMMARY:
==15822==    definitely lost: 184 bytes in 1 blocks
==15822==    indirectly lost: 360 bytes in 22 blocks
==15822==      possibly lost: 0 bytes in 0 blocks
==15822==    still reachable: 0 bytes in 0 blocks
==15822==         suppressed: 0 bytes in 0 blocks
==15822== Rerun with --leak-check=full to see details of leaked memory
==15822== 
==15822== For lists of detected and suppressed errors, rerun with: -s
==15822== ERROR SUMMARY: 0 errors from 0 contexts (suppressed: 0 from 0)
Running valgrind on ./maps/good/dungeon.cub...

[0;31m Error:[Map check in file] Invalid map placement or format
[0m Exit code: 1
‚ö†Ô∏è No Valgrind alerts, but with leaks[0m  
==15858== Memcheck, a memory error detector
==15858== Copyright (C) 2002-2022, and GNU GPL'd, by Julian Seward et al.
==15858== Using Valgrind-3.22.0 and LibVEX; rerun with -h for copyright info
==15858== Command: ./cub3d ./maps/good/dungeon.cub
==15858== Parent PID: 15817
==15858== 
==15858== 
==15858== HEAP SUMMARY:
==15858==     in use at exit: 510 bytes in 20 blocks
==15858==   total heap usage: 95 allocs, 75 frees, 3,436 bytes allocated
==15858== 
==15858== LEAK SUMMARY:
==15858==    definitely lost: 160 bytes in 1 blocks
==15858==    indirectly lost: 350 bytes in 19 blocks
==15858==      possibly lost: 0 bytes in 0 blocks
==15858==    still reachable: 0 bytes in 0 blocks
==15858==         suppressed: 0 bytes in 0 blocks
==15858== Rerun with --leak-check=full to see details of leaked memory
==15858== 
==15858== For lists of detected and suppressed errors, rerun with: -s
==15858== ERROR SUMMARY: 0 errors from 0 contexts (suppressed: 0 from 0)
Running valgrind on ./maps/good/library.cub...

[0;31m Error:[Map check in file] Invalid map placement or format
[0m Exit code: 1
‚ö†Ô∏è No Valgrind alerts, but with leaks[0m  
==15861== Memcheck, a memory error detector
==15861== Copyright (C) 2002-2022, and GNU GPL'd, by Julian Seward et al.
==15861== Using Valgrind-3.22.0 and LibVEX; rerun with -h for copyright info
==15861== Command: ./cub3d ./maps/good/library.cub
==15861== Parent PID: 15817
==15861== 
==15861== 
==15861== HEAP SUMMARY:
==15861==     in use at exit: 514 bytes in 20 blocks
==15861==   total heap usage: 95 allocs, 75 frees, 3,477 bytes allocated
==15861== 
==15861== LEAK SUMMARY:
==15861==    definitely lost: 160 bytes in 1 blocks
==15861==    indirectly lost: 354 bytes in 19 blocks
==15861==      possibly lost: 0 bytes in 0 blocks
==15861==    still reachable: 0 bytes in 0 blocks
==15861==         suppressed: 0 bytes in 0 blocks
==15861== Rerun with --leak-check=full to see details of leaked memory
==15861== 
==15861== For lists of detected and suppressed errors, rerun with: -s
==15861== ERROR SUMMARY: 0 errors from 0 contexts (suppressed: 0 from 0)
Running valgrind on ./maps/good/matrix.cub...

[0;31m Error:[Map check in file] Invalid map placement or format
[0m Exit code: 1
‚ö†Ô∏è No Valgrind alerts, but with leaks[0m  
==15949== Memcheck, a memory error detector
==15949== Copyright (C) 2002-2022, and GNU GPL'd, by Julian Seward et al.
==15949== Using Valgrind-3.22.0 and LibVEX; rerun with -h for copyright info
==15949== Command: ./cub3d ./maps/good/matrix.cub
==15949== Parent PID: 15817
==15949== 
==15949== 
==15949== HEAP SUMMARY:
==15949==     in use at exit: 865 bytes in 31 blocks
==15949==   total heap usage: 150 allocs, 119 frees, 6,750 bytes allocated
==15949== 
==15949== LEAK SUMMARY:
==15949==    definitely lost: 248 bytes in 1 blocks
==15949==    indirectly lost: 617 bytes in 30 blocks
==15949==      possibly lost: 0 bytes in 0 blocks
==15949==    still reachable: 0 bytes in 0 blocks
==15949==         suppressed: 0 bytes in 0 blocks
==15949== Rerun with --leak-check=full to see details of leaked memory
==15949== 
==15949== For lists of detected and suppressed errors, rerun with: -s
==15949== ERROR SUMMARY: 0 errors from 0 contexts (suppressed: 0 from 0)
Running valgrind on ./maps/good/sad_face.cub...

[0;31m Error:[Map check in file] Invalid map placement or format
[0m Exit code: 1
‚ö†Ô∏è No Valgrind alerts, but with leaks[0m  
==15952== Memcheck, a memory error detector
==15952== Copyright (C) 2002-2022, and GNU GPL'd, by Julian Seward et al.
==15952== Using Valgrind-3.22.0 and LibVEX; rerun with -h for copyright info
==15952== Command: ./cub3d ./maps/good/sad_face.cub
==15952== Parent PID: 15817
==15952== 
==15952== 
==15952== HEAP SUMMARY:
==15952==     in use at exit: 545 bytes in 23 blocks
==15952==   total heap usage: 108 allocs, 85 frees, 4,136 bytes allocated
==15952== 
==15952== LEAK SUMMARY:
==15952==    definitely lost: 184 bytes in 1 blocks
==15952==    indirectly lost: 361 bytes in 22 blocks
==15952==      possibly lost: 0 bytes in 0 blocks
==15952==    still reachable: 0 bytes in 0 blocks
==15952==         suppressed: 0 bytes in 0 blocks
==15952== Rerun with --leak-check=full to see details of leaked memory
==15952== 
==15952== For lists of detected and suppressed errors, rerun with: -s
==15952== ERROR SUMMARY: 0 errors from 0 contexts (suppressed: 0 from 0)
Running valgrind on ./maps/good/square_map.cub...

Exit code: 0
‚ö†Ô∏è No Valgrind alerts, but with leaks[0m  
==16007== Memcheck, a memory error detector
==16007== Copyright (C) 2002-2022, and GNU GPL'd, by Julian Seward et al.
==16007== Using Valgrind-3.22.0 and LibVEX; rerun with -h for copyright info
==16007== Command: ./cub3d ./maps/good/square_map.cub
==16007== Parent PID: 15817
==16007== 
==16007== 
==16007== HEAP SUMMARY:
==16007==     in use at exit: 2,338 bytes in 84 blocks
==16007==   total heap usage: 276 allocs, 192 frees, 12,912 bytes allocated
==16007== 
==16007== LEAK SUMMARY:
==16007==    definitely lost: 744 bytes in 10 blocks
==16007==    indirectly lost: 1,594 bytes in 74 blocks
==16007==      possibly lost: 0 bytes in 0 blocks
==16007==    still reachable: 0 bytes in 0 blocks
==16007==         suppressed: 0 bytes in 0 blocks
==16007== Rerun with --leak-check=full to see details of leaked memory
==16007== 
==16007== For lists of detected and suppressed errors, rerun with: -s
==16007== ERROR SUMMARY: 0 errors from 0 contexts (suppressed: 0 from 0)
Running valgrind on ./maps/good/subject_map.cub...

Exit code: 0
‚ö†Ô∏è No Valgrind alerts, but with leaks[0m  
==16010== Memcheck, a memory error detector
==16010== Copyright (C) 2002-2022, and GNU GPL'd, by Julian Seward et al.
==16010== Using Valgrind-3.22.0 and LibVEX; rerun with -h for copyright info
==16010== Command: ./cub3d ./maps/good/subject_map.cub
==16010== Parent PID: 15817
==16010== 
==16010== 
==16010== HEAP SUMMARY:
==16010==     in use at exit: 1,575 bytes in 52 blocks
==16010==   total heap usage: 163 allocs, 111 frees, 6,032 bytes allocated
==16010== 
==16010== LEAK SUMMARY:
==16010==    definitely lost: 481 bytes in 10 blocks
==16010==    indirectly lost: 1,094 bytes in 42 blocks
==16010==      possibly lost: 0 bytes in 0 blocks
==16010==    still reachable: 0 bytes in 0 blocks
==16010==         suppressed: 0 bytes in 0 blocks
==16010== Rerun with --leak-check=full to see details of leaked memory
==16010== 
==16010== For lists of detected and suppressed errors, rerun with: -s
==16010== ERROR SUMMARY: 0 errors from 0 contexts (suppressed: 0 from 0)
Running valgrind on ./maps/good/test_map.cub...

Exit code: 0
‚ö†Ô∏è No Valgrind alerts, but with leaks[0m  
==16013== Memcheck, a memory error detector
==16013== Copyright (C) 2002-2022, and GNU GPL'd, by Julian Seward et al.
==16013== Using Valgrind-3.22.0 and LibVEX; rerun with -h for copyright info
==16013== Command: ./cub3d ./maps/good/test_map.cub
==16013== Parent PID: 15817
==16013== 
==16013== 
==16013== HEAP SUMMARY:
==16013==     in use at exit: 765 bytes in 40 blocks
==16013==   total heap usage: 112 allocs, 72 frees, 3,133 bytes allocated
==16013== 
==16013== LEAK SUMMARY:
==16013==    definitely lost: 387 bytes in 10 blocks
==16013==    indirectly lost: 378 bytes in 30 blocks
==16013==      possibly lost: 0 bytes in 0 blocks
==16013==    still reachable: 0 bytes in 0 blocks
==16013==         suppressed: 0 bytes in 0 blocks
==16013== Rerun with --leak-check=full to see details of leaked memory
==16013== 
==16013== For lists of detected and suppressed errors, rerun with: -s
==16013== ERROR SUMMARY: 0 errors from 0 contexts (suppressed: 0 from 0)
Running valgrind on ./maps/good/test_map_hole.cub...

Exit code: 0
‚ö†Ô∏è No Valgrind alerts, but with leaks[0m  
==16016== Memcheck, a memory error detector
==16016== Copyright (C) 2002-2022, and GNU GPL'd, by Julian Seward et al.
==16016== Using Valgrind-3.22.0 and LibVEX; rerun with -h for copyright info
==16016== Command: ./cub3d ./maps/good/test_map_hole.cub
==16016== Parent PID: 15817
==16016== 
==16016== 
==16016== HEAP SUMMARY:
==16016==     in use at exit: 765 bytes in 40 blocks
==16016==   total heap usage: 112 allocs, 72 frees, 3,133 bytes allocated
==16016== 
==16016== LEAK SUMMARY:
==16016==    definitely lost: 387 bytes in 10 blocks
==16016==    indirectly lost: 378 bytes in 30 blocks
==16016==      possibly lost: 0 bytes in 0 blocks
==16016==    still reachable: 0 bytes in 0 blocks
==16016==         suppressed: 0 bytes in 0 blocks
==16016== Rerun with --leak-check=full to see details of leaked memory
==16016== 
==16016== For lists of detected and suppressed errors, rerun with: -s
==16016== ERROR SUMMARY: 0 errors from 0 contexts (suppressed: 0 from 0)
Running valgrind on ./maps/good/test_pos_bottom.cub...

Exit code: 0
‚ö†Ô∏è No Valgrind alerts, but with leaks[0m  
==16019== Memcheck, a memory error detector
==16019== Copyright (C) 2002-2022, and GNU GPL'd, by Julian Seward et al.
==16019== Using Valgrind-3.22.0 and LibVEX; rerun with -h for copyright info
==16019== Command: ./cub3d ./maps/good/test_pos_bottom.cub
==16019== Parent PID: 15817
==16019== 
==16019== 
==16019== HEAP SUMMARY:
==16019==     in use at exit: 746 bytes in 50 blocks
==16019==   total heap usage: 140 allocs, 90 frees, 3,911 bytes allocated
==16019== 
==16019== LEAK SUMMARY:
==16019==    definitely lost: 467 bytes in 10 blocks
==16019==    indirectly lost: 279 bytes in 40 blocks
==16019==      possibly lost: 0 bytes in 0 blocks
==16019==    still reachable: 0 bytes in 0 blocks
==16019==         suppressed: 0 bytes in 0 blocks
==16019== Rerun with --leak-check=full to see details of leaked memory
==16019== 
==16019== For lists of detected and suppressed errors, rerun with: -s
==16019== ERROR SUMMARY: 0 errors from 0 contexts (suppressed: 0 from 0)
Running valgrind on ./maps/good/test_pos_left.cub...

Exit code: 0
‚ö†Ô∏è No Valgrind alerts, but with leaks[0m  
==16022== Memcheck, a memory error detector
==16022== Copyright (C) 2002-2022, and GNU GPL'd, by Julian Seward et al.
==16022== Using Valgrind-3.22.0 and LibVEX; rerun with -h for copyright info
==16022== Command: ./cub3d ./maps/good/test_pos_left.cub
==16022== Parent PID: 15817
==16022== 
==16022== 
==16022== HEAP SUMMARY:
==16022==     in use at exit: 604 bytes in 30 blocks
==16022==   total heap usage: 81 allocs, 51 frees, 2,141 bytes allocated
==16022== 
==16022== LEAK SUMMARY:
==16022==    definitely lost: 307 bytes in 10 blocks
==16022==    indirectly lost: 297 bytes in 20 blocks
==16022==      possibly lost: 0 bytes in 0 blocks
==16022==    still reachable: 0 bytes in 0 blocks
==16022==         suppressed: 0 bytes in 0 blocks
==16022== Rerun with --leak-check=full to see details of leaked memory
==16022== 
==16022== For lists of detected and suppressed errors, rerun with: -s
==16022== ERROR SUMMARY: 0 errors from 0 contexts (suppressed: 0 from 0)
Running valgrind on ./maps/good/test_pos_right.cub...

Exit code: 0
‚ö†Ô∏è No Valgrind alerts, but with leaks[0m  
==16058== Memcheck, a memory error detector
==16058== Copyright (C) 2002-2022, and GNU GPL'd, by Julian Seward et al.
==16058== Using Valgrind-3.22.0 and LibVEX; rerun with -h for copyright info
==16058== Command: ./cub3d ./maps/good/test_pos_right.cub
==16058== Parent PID: 15817
==16058== 
==16058== 
==16058== HEAP SUMMARY:
==16058==     in use at exit: 604 bytes in 30 blocks
==16058==   total heap usage: 81 allocs, 51 frees, 2,141 bytes allocated
==16058== 
==16058== LEAK SUMMARY:
==16058==    definitely lost: 307 bytes in 10 blocks
==16058==    indirectly lost: 297 bytes in 20 blocks
==16058==      possibly lost: 0 bytes in 0 blocks
==16058==    still reachable: 0 bytes in 0 blocks
==16058==         suppressed: 0 bytes in 0 blocks
==16058== Rerun with --leak-check=full to see details of leaked memory
==16058== 
==16058== For lists of detected and suppressed errors, rerun with: -s
==16058== ERROR SUMMARY: 0 errors from 0 contexts (suppressed: 0 from 0)
Running valgrind on ./maps/good/test_pos_top.cub...

Exit code: 0
‚ö†Ô∏è No Valgrind alerts, but with leaks[0m  
==16061== Memcheck, a memory error detector
==16061== Copyright (C) 2002-2022, and GNU GPL'd, by Julian Seward et al.
==16061== Using Valgrind-3.22.0 and LibVEX; rerun with -h for copyright info
==16061== Command: ./cub3d ./maps/good/test_pos_top.cub
==16061== Parent PID: 15817
==16061== 
==16061== 
==16061== HEAP SUMMARY:
==16061==     in use at exit: 746 bytes in 50 blocks
==16061==   total heap usage: 140 allocs, 90 frees, 3,911 bytes allocated
==16061== 
==16061== LEAK SUMMARY:
==16061==    definitely lost: 467 bytes in 10 blocks
==16061==    indirectly lost: 279 bytes in 40 blocks
==16061==      possibly lost: 0 bytes in 0 blocks
==16061==    still reachable: 0 bytes in 0 blocks
==16061==         suppressed: 0 bytes in 0 blocks
==16061== Rerun with --leak-check=full to see details of leaked memory
==16061== 
==16061== For lists of detected and suppressed errors, rerun with: -s
==16061== ERROR SUMMARY: 0 errors from 0 contexts (suppressed: 0 from 0)
Running valgrind on ./maps/good/test_textures.cub...

Exit code: 0
‚ö†Ô∏è No Valgrind alerts, but with leaks[0m  
==16115== Memcheck, a memory error detector
==16115== Copyright (C) 2002-2022, and GNU GPL'd, by Julian Seward et al.
==16115== Using Valgrind-3.22.0 and LibVEX; rerun with -h for copyright info
==16115== Command: ./cub3d ./maps/good/test_textures.cub
==16115== Parent PID: 15817
==16115== 
==16115== 
==16115== HEAP SUMMARY:
==16115==     in use at exit: 798 bytes in 50 blocks
==16115==   total heap usage: 141 allocs, 91 frees, 4,050 bytes allocated
==16115== 
==16115== LEAK SUMMARY:
==16115==    definitely lost: 467 bytes in 10 blocks
==16115==    indirectly lost: 331 bytes in 40 blocks
==16115==      possibly lost: 0 bytes in 0 blocks
==16115==    still reachable: 0 bytes in 0 blocks
==16115==         suppressed: 0 bytes in 0 blocks
==16115== Rerun with --leak-check=full to see details of leaked memory
==16115== 
==16115== For lists of detected and suppressed errors, rerun with: -s
==16115== ERROR SUMMARY: 0 errors from 0 contexts (suppressed: 0 from 0)
Running valgrind on ./maps/good/test_whitespace.cub...
Starting Valgrind tests...
Running valgrind on ./maps/good/cheese_maze.cub...

[0;31m Error:[Map check in file] Invalid map placement or format
[0m Exit code: 1
[0;31m‚ùå Valgrind alert[0m  
==16708== Memcheck, a memory error detector
==16708== Copyright (C) 2002-2022, and GNU GPL'd, by Julian Seward et al.
==16708== Using Valgrind-3.22.0 and LibVEX; rerun with -h for copyright info
==16708== Command: ./cub3d ./maps/good/cheese_maze.cub
==16708== Parent PID: 16706
==16708== 
==16708== Invalid read of size 1
==16708==    at 0x10AEC8: map_controls (in /home/yu/Desktop/newnewnew/cub3d_linux/cub3d)
==16708==    by 0x10AC43: format_verification (in /home/yu/Desktop/newnewnew/cub3d_linux/cub3d)
==16708==    by 0x1094E3: map (in /home/yu/Desktop/newnewnew/cub3d_linux/cub3d)
==16708==    by 0x10967B: main (in /home/yu/Desktop/newnewnew/cub3d_linux/cub3d)
==16708==  Address 0x4de20df is 1 bytes before a block of size 23 alloc'd
==16708==    at 0x4885250: malloc (in /usr/libexec/valgrind/vgpreload_memcheck-arm64-linux.so)
==16708==    by 0x10C84F: get_line (in /home/yu/Desktop/newnewnew/cub3d_linux/cub3d)
==16708==    by 0x10CAD3: get_next_line (in /home/yu/Desktop/newnewnew/cub3d_linux/cub3d)
==16708==    by 0x10B9DB: read_file (in /home/yu/Desktop/newnewnew/cub3d_linux/cub3d)
==16708==    by 0x1094BF: map (in /home/yu/Desktop/newnewnew/cub3d_linux/cub3d)
==16708==    by 0x10967B: main (in /home/yu/Desktop/newnewnew/cub3d_linux/cub3d)
==16708== 
==16708== Invalid read of size 1
==16708==    at 0x10AF00: map_controls (in /home/yu/Desktop/newnewnew/cub3d_linux/cub3d)
==16708==    by 0x10AC43: format_verification (in /home/yu/Desktop/newnewnew/cub3d_linux/cub3d)
==16708==    by 0x1094E3: map (in /home/yu/Desktop/newnewnew/cub3d_linux/cub3d)
==16708==    by 0x10967B: main (in /home/yu/Desktop/newnewnew/cub3d_linux/cub3d)
==16708==  Address 0x4de20df is 1 bytes before a block of size 23 alloc'd
==16708==    at 0x4885250: malloc (in /usr/libexec/valgrind/vgpreload_memcheck-arm64-linux.so)
==16708==    by 0x10C84F: get_line (in /home/yu/Desktop/newnewnew/cub3d_linux/cub3d)
==16708==    by 0x10CAD3: get_next_line (in /home/yu/Desktop/newnewnew/cub3d_linux/cub3d)
==16708==    by 0x10B9DB: read_file (in /home/yu/Desktop/newnewnew/cub3d_linux/cub3d)
==16708==    by 0x1094BF: map (in /home/yu/Desktop/newnewnew/cub3d_linux/cub3d)
==16708==    by 0x10967B: main (in /home/yu/Desktop/newnewnew/cub3d_linux/cub3d)
==16708== 
==16708== 
==16708== HEAP SUMMARY:
==16708==     in use at exit: 876 bytes in 31 blocks
==16708==   total heap usage: 150 allocs, 119 frees, 6,863 bytes allocated
==16708== 
==16708== LEAK SUMMARY:
==16708==    definitely lost: 248 bytes in 1 blocks
==16708==    indirectly lost: 628 bytes in 30 blocks
==16708==      possibly lost: 0 bytes in 0 blocks
==16708==    still reachable: 0 bytes in 0 blocks
==16708==         suppressed: 0 bytes in 0 blocks
==16708== Rerun with --leak-check=full to see details of leaked memory
==16708== 
==16708== For lists of detected and suppressed errors, rerun with: -s
==16708== ERROR SUMMARY: 42 errors from 2 contexts (suppressed: 0 from 0)
Running valgrind on ./maps/good/creepy.cub...

[0;31m Error:[Map check in file] Invalid map placement or format
[0m Exit code: 1
[0;31m‚ùå Valgrind alert[0m  
==16764== Memcheck, a memory error detector
==16764== Copyright (C) 2002-2022, and GNU GPL'd, by Julian Seward et al.
==16764== Using Valgrind-3.22.0 and LibVEX; rerun with -h for copyright info
==16764== Command: ./cub3d ./maps/good/creepy.cub
==16764== Parent PID: 16706
==16764== 
==16764== Invalid read of size 1
==16764==    at 0x10AEC8: map_controls (in /home/yu/Desktop/newnewnew/cub3d_linux/cub3d)
==16764==    by 0x10AC43: format_verification (in /home/yu/Desktop/newnewnew/cub3d_linux/cub3d)
==16764==    by 0x1094E3: map (in /home/yu/Desktop/newnewnew/cub3d_linux/cub3d)
==16764==    by 0x10967B: main (in /home/yu/Desktop/newnewnew/cub3d_linux/cub3d)
==16764==  Address 0x4de20ff is 1 bytes before a block of size 17 alloc'd
==16764==    at 0x4885250: malloc (in /usr/libexec/valgrind/vgpreload_memcheck-arm64-linux.so)
==16764==    by 0x10C84F: get_line (in /home/yu/Desktop/newnewnew/cub3d_linux/cub3d)
==16764==    by 0x10CAD3: get_next_line (in /home/yu/Desktop/newnewnew/cub3d_linux/cub3d)
==16764==    by 0x10B9DB: read_file (in /home/yu/Desktop/newnewnew/cub3d_linux/cub3d)
==16764==    by 0x1094BF: map (in /home/yu/Desktop/newnewnew/cub3d_linux/cub3d)
==16764==    by 0x10967B: main (in /home/yu/Desktop/newnewnew/cub3d_linux/cub3d)
==16764== 
==16764== Invalid read of size 1
==16764==    at 0x10AF00: map_controls (in /home/yu/Desktop/newnewnew/cub3d_linux/cub3d)
==16764==    by 0x10AC43: format_verification (in /home/yu/Desktop/newnewnew/cub3d_linux/cub3d)
==16764==    by 0x1094E3: map (in /home/yu/Desktop/newnewnew/cub3d_linux/cub3d)
==16764==    by 0x10967B: main (in /home/yu/Desktop/newnewnew/cub3d_linux/cub3d)
==16764==  Address 0x4de20ff is 1 bytes before a block of size 17 alloc'd
==16764==    at 0x4885250: malloc (in /usr/libexec/valgrind/vgpreload_memcheck-arm64-linux.so)
==16764==    by 0x10C84F: get_line (in /home/yu/Desktop/newnewnew/cub3d_linux/cub3d)
==16764==    by 0x10CAD3: get_next_line (in /home/yu/Desktop/newnewnew/cub3d_linux/cub3d)
==16764==    by 0x10B9DB: read_file (in /home/yu/Desktop/newnewnew/cub3d_linux/cub3d)
==16764==    by 0x1094BF: map (in /home/yu/Desktop/newnewnew/cub3d_linux/cub3d)
==16764==    by 0x10967B: main (in /home/yu/Desktop/newnewnew/cub3d_linux/cub3d)
==16764== 
==16764== 
==16764== HEAP SUMMARY:
==16764==     in use at exit: 544 bytes in 23 blocks
==16764==   total heap usage: 108 allocs, 85 frees, 4,157 bytes allocated
==16764== 
==16764== LEAK SUMMARY:
==16764==    definitely lost: 184 bytes in 1 blocks
==16764==    indirectly lost: 360 bytes in 22 blocks
==16764==      possibly lost: 0 bytes in 0 blocks
==16764==    still reachable: 0 bytes in 0 blocks
==16764==         suppressed: 0 bytes in 0 blocks
==16764== Rerun with --leak-check=full to see details of leaked memory
==16764== 
==16764== For lists of detected and suppressed errors, rerun with: -s
==16764== ERROR SUMMARY: 26 errors from 2 contexts (suppressed: 0 from 0)
Running valgrind on ./maps/good/dungeon.cub...

[0;31m Error:[Map check in file] Invalid map placement or format
[0m Exit code: 1
[0;31m‚ùå Valgrind alert[0m  
==16805== Memcheck, a memory error detector
==16805== Copyright (C) 2002-2022, and GNU GPL'd, by Julian Seward et al.
==16805== Using Valgrind-3.22.0 and LibVEX; rerun with -h for copyright info
==16805== Command: ./cub3d ./maps/good/dungeon.cub
==16805== Parent PID: 16706
==16805== 
==16805== Invalid read of size 1
==16805==    at 0x10AEC8: map_controls (in /home/yu/Desktop/newnewnew/cub3d_linux/cub3d)
==16805==    by 0x10AC43: format_verification (in /home/yu/Desktop/newnewnew/cub3d_linux/cub3d)
==16805==    by 0x1094E3: map (in /home/yu/Desktop/newnewnew/cub3d_linux/cub3d)
==16805==    by 0x10967B: main (in /home/yu/Desktop/newnewnew/cub3d_linux/cub3d)
==16805==  Address 0x4de20ef is 1 bytes before a block of size 21 alloc'd
==16805==    at 0x4885250: malloc (in /usr/libexec/valgrind/vgpreload_memcheck-arm64-linux.so)
==16805==    by 0x10C84F: get_line (in /home/yu/Desktop/newnewnew/cub3d_linux/cub3d)
==16805==    by 0x10CAD3: get_next_line (in /home/yu/Desktop/newnewnew/cub3d_linux/cub3d)
==16805==    by 0x10B9DB: read_file (in /home/yu/Desktop/newnewnew/cub3d_linux/cub3d)
==16805==    by 0x1094BF: map (in /home/yu/Desktop/newnewnew/cub3d_linux/cub3d)
==16805==    by 0x10967B: main (in /home/yu/Desktop/newnewnew/cub3d_linux/cub3d)
==16805== 
==16805== Invalid read of size 1
==16805==    at 0x10AF00: map_controls (in /home/yu/Desktop/newnewnew/cub3d_linux/cub3d)
==16805==    by 0x10AC43: format_verification (in /home/yu/Desktop/newnewnew/cub3d_linux/cub3d)
==16805==    by 0x1094E3: map (in /home/yu/Desktop/newnewnew/cub3d_linux/cub3d)
==16805==    by 0x10967B: main (in /home/yu/Desktop/newnewnew/cub3d_linux/cub3d)
==16805==  Address 0x4de20ef is 1 bytes before a block of size 21 alloc'd
==16805==    at 0x4885250: malloc (in /usr/libexec/valgrind/vgpreload_memcheck-arm64-linux.so)
==16805==    by 0x10C84F: get_line (in /home/yu/Desktop/newnewnew/cub3d_linux/cub3d)
==16805==    by 0x10CAD3: get_next_line (in /home/yu/Desktop/newnewnew/cub3d_linux/cub3d)
==16805==    by 0x10B9DB: read_file (in /home/yu/Desktop/newnewnew/cub3d_linux/cub3d)
==16805==    by 0x1094BF: map (in /home/yu/Desktop/newnewnew/cub3d_linux/cub3d)
==16805==    by 0x10967B: main (in /home/yu/Desktop/newnewnew/cub3d_linux/cub3d)
==16805== 
==16805== 
==16805== HEAP SUMMARY:
==16805==     in use at exit: 510 bytes in 20 blocks
==16805==   total heap usage: 95 allocs, 75 frees, 3,436 bytes allocated
==16805== 
==16805== LEAK SUMMARY:
==16805==    definitely lost: 160 bytes in 1 blocks
==16805==    indirectly lost: 350 bytes in 19 blocks
==16805==      possibly lost: 0 bytes in 0 blocks
==16805==    still reachable: 0 bytes in 0 blocks
==16805==         suppressed: 0 bytes in 0 blocks
==16805== Rerun with --leak-check=full to see details of leaked memory
==16805== 
==16805== For lists of detected and suppressed errors, rerun with: -s
==16805== ERROR SUMMARY: 20 errors from 2 contexts (suppressed: 0 from 0)
Running valgrind on ./maps/good/library.cub...

[0;31m Error:[Map check in file] Invalid map placement or format
[0m Exit code: 1
[0;31m‚ùå Valgrind alert[0m  
==16808== Memcheck, a memory error detector
==16808== Copyright (C) 2002-2022, and GNU GPL'd, by Julian Seward et al.
==16808== Using Valgrind-3.22.0 and LibVEX; rerun with -h for copyright info
==16808== Command: ./cub3d ./maps/good/library.cub
==16808== Parent PID: 16706
==16808== 
==16808== Invalid read of size 1
==16808==    at 0x10AEC8: map_controls (in /home/yu/Desktop/newnewnew/cub3d_linux/cub3d)
==16808==    by 0x10AC43: format_verification (in /home/yu/Desktop/newnewnew/cub3d_linux/cub3d)
==16808==    by 0x1094E3: map (in /home/yu/Desktop/newnewnew/cub3d_linux/cub3d)
==16808==    by 0x10967B: main (in /home/yu/Desktop/newnewnew/cub3d_linux/cub3d)
==16808==  Address 0x4de20ef is 1 bytes before a block of size 21 alloc'd
==16808==    at 0x4885250: malloc (in /usr/libexec/valgrind/vgpreload_memcheck-arm64-linux.so)
==16808==    by 0x10C84F: get_line (in /home/yu/Desktop/newnewnew/cub3d_linux/cub3d)
==16808==    by 0x10CAD3: get_next_line (in /home/yu/Desktop/newnewnew/cub3d_linux/cub3d)
==16808==    by 0x10B9DB: read_file (in /home/yu/Desktop/newnewnew/cub3d_linux/cub3d)
==16808==    by 0x1094BF: map (in /home/yu/Desktop/newnewnew/cub3d_linux/cub3d)
==16808==    by 0x10967B: main (in /home/yu/Desktop/newnewnew/cub3d_linux/cub3d)
==16808== 
==16808== Invalid read of size 1
==16808==    at 0x10AF00: map_controls (in /home/yu/Desktop/newnewnew/cub3d_linux/cub3d)
==16808==    by 0x10AC43: format_verification (in /home/yu/Desktop/newnewnew/cub3d_linux/cub3d)
==16808==    by 0x1094E3: map (in /home/yu/Desktop/newnewnew/cub3d_linux/cub3d)
==16808==    by 0x10967B: main (in /home/yu/Desktop/newnewnew/cub3d_linux/cub3d)
==16808==  Address 0x4de20ef is 1 bytes before a block of size 21 alloc'd
==16808==    at 0x4885250: malloc (in /usr/libexec/valgrind/vgpreload_memcheck-arm64-linux.so)
==16808==    by 0x10C84F: get_line (in /home/yu/Desktop/newnewnew/cub3d_linux/cub3d)
==16808==    by 0x10CAD3: get_next_line (in /home/yu/Desktop/newnewnew/cub3d_linux/cub3d)
==16808==    by 0x10B9DB: read_file (in /home/yu/Desktop/newnewnew/cub3d_linux/cub3d)
==16808==    by 0x1094BF: map (in /home/yu/Desktop/newnewnew/cub3d_linux/cub3d)
==16808==    by 0x10967B: main (in /home/yu/Desktop/newnewnew/cub3d_linux/cub3d)
==16808== 
==16808== 
==16808== HEAP SUMMARY:
==16808==     in use at exit: 514 bytes in 20 blocks
==16808==   total heap usage: 95 allocs, 75 frees, 3,477 bytes allocated
==16808== 
==16808== LEAK SUMMARY:
==16808==    definitely lost: 160 bytes in 1 blocks
==16808==    indirectly lost: 354 bytes in 19 blocks
==16808==      possibly lost: 0 bytes in 0 blocks
==16808==    still reachable: 0 bytes in 0 blocks
==16808==         suppressed: 0 bytes in 0 blocks
==16808== Rerun with --leak-check=full to see details of leaked memory
==16808== 
==16808== For lists of detected and suppressed errors, rerun with: -s
==16808== ERROR SUMMARY: 20 errors from 2 contexts (suppressed: 0 from 0)
Running valgrind on ./maps/good/matrix.cub...

[0;31m Error:[Map check in file] Invalid map placement or format
[0m Exit code: 1
[0;31m‚ùå Valgrind alert[0m  
==16910== Memcheck, a memory error detector
==16910== Copyright (C) 2002-2022, and GNU GPL'd, by Julian Seward et al.
==16910== Using Valgrind-3.22.0 and LibVEX; rerun with -h for copyright info
==16910== Command: ./cub3d ./maps/good/matrix.cub
==16910== Parent PID: 16706
==16910== 
==16910== Invalid read of size 1
==16910==    at 0x10AEC8: map_controls (in /home/yu/Desktop/newnewnew/cub3d_linux/cub3d)
==16910==    by 0x10AC43: format_verification (in /home/yu/Desktop/newnewnew/cub3d_linux/cub3d)
==16910==    by 0x1094E3: map (in /home/yu/Desktop/newnewnew/cub3d_linux/cub3d)
==16910==    by 0x10967B: main (in /home/yu/Desktop/newnewnew/cub3d_linux/cub3d)
==16910==  Address 0x4de20ff is 1 bytes before a block of size 23 alloc'd
==16910==    at 0x4885250: malloc (in /usr/libexec/valgrind/vgpreload_memcheck-arm64-linux.so)
==16910==    by 0x10C84F: get_line (in /home/yu/Desktop/newnewnew/cub3d_linux/cub3d)
==16910==    by 0x10CAD3: get_next_line (in /home/yu/Desktop/newnewnew/cub3d_linux/cub3d)
==16910==    by 0x10B9DB: read_file (in /home/yu/Desktop/newnewnew/cub3d_linux/cub3d)
==16910==    by 0x1094BF: map (in /home/yu/Desktop/newnewnew/cub3d_linux/cub3d)
==16910==    by 0x10967B: main (in /home/yu/Desktop/newnewnew/cub3d_linux/cub3d)
==16910== 
==16910== Invalid read of size 1
==16910==    at 0x10AF00: map_controls (in /home/yu/Desktop/newnewnew/cub3d_linux/cub3d)
==16910==    by 0x10AC43: format_verification (in /home/yu/Desktop/newnewnew/cub3d_linux/cub3d)
==16910==    by 0x1094E3: map (in /home/yu/Desktop/newnewnew/cub3d_linux/cub3d)
==16910==    by 0x10967B: main (in /home/yu/Desktop/newnewnew/cub3d_linux/cub3d)
==16910==  Address 0x4de20ff is 1 bytes before a block of size 23 alloc'd
==16910==    at 0x4885250: malloc (in /usr/libexec/valgrind/vgpreload_memcheck-arm64-linux.so)
==16910==    by 0x10C84F: get_line (in /home/yu/Desktop/newnewnew/cub3d_linux/cub3d)
==16910==    by 0x10CAD3: get_next_line (in /home/yu/Desktop/newnewnew/cub3d_linux/cub3d)
==16910==    by 0x10B9DB: read_file (in /home/yu/Desktop/newnewnew/cub3d_linux/cub3d)
==16910==    by 0x1094BF: map (in /home/yu/Desktop/newnewnew/cub3d_linux/cub3d)
==16910==    by 0x10967B: main (in /home/yu/Desktop/newnewnew/cub3d_linux/cub3d)
==16910== 
==16910== 
==16910== HEAP SUMMARY:
==16910==     in use at exit: 865 bytes in 31 blocks
==16910==   total heap usage: 150 allocs, 119 frees, 6,750 bytes allocated
==16910== 
==16910== LEAK SUMMARY:
==16910==    definitely lost: 248 bytes in 1 blocks
==16910==    indirectly lost: 617 bytes in 30 blocks
==16910==      possibly lost: 0 bytes in 0 blocks
==16910==    still reachable: 0 bytes in 0 blocks
==16910==         suppressed: 0 bytes in 0 blocks
==16910== Rerun with --leak-check=full to see details of leaked memory
==16910== 
==16910== For lists of detected and suppressed errors, rerun with: -s
==16910== ERROR SUMMARY: 42 errors from 2 contexts (suppressed: 0 from 0)
Running valgrind on ./maps/good/sad_face.cub...

[0;31m Error:[Map check in file] Invalid map placement or format
[0m Exit code: 1
[0;31m‚ùå Valgrind alert[0m  
==16913== Memcheck, a memory error detector
==16913== Copyright (C) 2002-2022, and GNU GPL'd, by Julian Seward et al.
==16913== Using Valgrind-3.22.0 and LibVEX; rerun with -h for copyright info
==16913== Command: ./cub3d ./maps/good/sad_face.cub
==16913== Parent PID: 16706
==16913== 
==16913== Invalid read of size 1
==16913==    at 0x10AEC8: map_controls (in /home/yu/Desktop/newnewnew/cub3d_linux/cub3d)
==16913==    by 0x10AC43: format_verification (in /home/yu/Desktop/newnewnew/cub3d_linux/cub3d)
==16913==    by 0x1094E3: map (in /home/yu/Desktop/newnewnew/cub3d_linux/cub3d)
==16913==    by 0x10967B: main (in /home/yu/Desktop/newnewnew/cub3d_linux/cub3d)
==16913==  Address 0x4de20ef is 1 bytes before a block of size 17 alloc'd
==16913==    at 0x4885250: malloc (in /usr/libexec/valgrind/vgpreload_memcheck-arm64-linux.so)
==16913==    by 0x10C84F: get_line (in /home/yu/Desktop/newnewnew/cub3d_linux/cub3d)
==16913==    by 0x10CAD3: get_next_line (in /home/yu/Desktop/newnewnew/cub3d_linux/cub3d)
==16913==    by 0x10B9DB: read_file (in /home/yu/Desktop/newnewnew/cub3d_linux/cub3d)
==16913==    by 0x1094BF: map (in /home/yu/Desktop/newnewnew/cub3d_linux/cub3d)
==16913==    by 0x10967B: main (in /home/yu/Desktop/newnewnew/cub3d_linux/cub3d)
==16913== 
==16913== Invalid read of size 1
==16913==    at 0x10AF00: map_controls (in /home/yu/Desktop/newnewnew/cub3d_linux/cub3d)
==16913==    by 0x10AC43: format_verification (in /home/yu/Desktop/newnewnew/cub3d_linux/cub3d)
==16913==    by 0x1094E3: map (in /home/yu/Desktop/newnewnew/cub3d_linux/cub3d)
==16913==    by 0x10967B: main (in /home/yu/Desktop/newnewnew/cub3d_linux/cub3d)
==16913==  Address 0x4de20ef is 1 bytes before a block of size 17 alloc'd
==16913==    at 0x4885250: malloc (in /usr/libexec/valgrind/vgpreload_memcheck-arm64-linux.so)
==16913==    by 0x10C84F: get_line (in /home/yu/Desktop/newnewnew/cub3d_linux/cub3d)
==16913==    by 0x10CAD3: get_next_line (in /home/yu/Desktop/newnewnew/cub3d_linux/cub3d)
==16913==    by 0x10B9DB: read_file (in /home/yu/Desktop/newnewnew/cub3d_linux/cub3d)
==16913==    by 0x1094BF: map (in /home/yu/Desktop/newnewnew/cub3d_linux/cub3d)
==16913==    by 0x10967B: main (in /home/yu/Desktop/newnewnew/cub3d_linux/cub3d)
==16913== 
==16913== 
==16913== HEAP SUMMARY:
==16913==     in use at exit: 545 bytes in 23 blocks
==16913==   total heap usage: 108 allocs, 85 frees, 4,136 bytes allocated
==16913== 
==16913== LEAK SUMMARY:
==16913==    definitely lost: 184 bytes in 1 blocks
==16913==    indirectly lost: 361 bytes in 22 blocks
==16913==      possibly lost: 0 bytes in 0 blocks
==16913==    still reachable: 0 bytes in 0 blocks
==16913==         suppressed: 0 bytes in 0 blocks
==16913== Rerun with --leak-check=full to see details of leaked memory
==16913== 
==16913== For lists of detected and suppressed errors, rerun with: -s
==16913== ERROR SUMMARY: 26 errors from 2 contexts (suppressed: 0 from 0)
Running valgrind on ./maps/good/square_map.cub...

[0;31m Error:[Map check in file] Invalid map size
[0m Exit code: 1
[0;31m‚ùå Valgrind alert[0m  
==16977== Memcheck, a memory error detector
==16977== Copyright (C) 2002-2022, and GNU GPL'd, by Julian Seward et al.
==16977== Using Valgrind-3.22.0 and LibVEX; rerun with -h for copyright info
==16977== Command: ./cub3d ./maps/good/square_map.cub
==16977== Parent PID: 16706
==16977== 
==16977== Invalid read of size 1
==16977==    at 0x10AEC8: map_controls (in /home/yu/Desktop/newnewnew/cub3d_linux/cub3d)
==16977==    by 0x10AC43: format_verification (in /home/yu/Desktop/newnewnew/cub3d_linux/cub3d)
==16977==    by 0x1094E3: map (in /home/yu/Desktop/newnewnew/cub3d_linux/cub3d)
==16977==    by 0x10967B: main (in /home/yu/Desktop/newnewnew/cub3d_linux/cub3d)
==16977==  Address 0x4de2bbf is 1 bytes before a block of size 26 alloc'd
==16977==    at 0x4885250: malloc (in /usr/libexec/valgrind/vgpreload_memcheck-arm64-linux.so)
==16977==    by 0x10C84F: get_line (in /home/yu/Desktop/newnewnew/cub3d_linux/cub3d)
==16977==    by 0x10CAD3: get_next_line (in /home/yu/Desktop/newnewnew/cub3d_linux/cub3d)
==16977==    by 0x10B9DB: read_file (in /home/yu/Desktop/newnewnew/cub3d_linux/cub3d)
==16977==    by 0x1094BF: map (in /home/yu/Desktop/newnewnew/cub3d_linux/cub3d)
==16977==    by 0x10967B: main (in /home/yu/Desktop/newnewnew/cub3d_linux/cub3d)
==16977== 
==16977== Invalid read of size 1
==16977==    at 0x10AF00: map_controls (in /home/yu/Desktop/newnewnew/cub3d_linux/cub3d)
==16977==    by 0x10AC43: format_verification (in /home/yu/Desktop/newnewnew/cub3d_linux/cub3d)
==16977==    by 0x1094E3: map (in /home/yu/Desktop/newnewnew/cub3d_linux/cub3d)
==16977==    by 0x10967B: main (in /home/yu/Desktop/newnewnew/cub3d_linux/cub3d)
==16977==  Address 0x4de2bbf is 1 bytes before a block of size 26 alloc'd
==16977==    at 0x4885250: malloc (in /usr/libexec/valgrind/vgpreload_memcheck-arm64-linux.so)
==16977==    by 0x10C84F: get_line (in /home/yu/Desktop/newnewnew/cub3d_linux/cub3d)
==16977==    by 0x10CAD3: get_next_line (in /home/yu/Desktop/newnewnew/cub3d_linux/cub3d)
==16977==    by 0x10B9DB: read_file (in /home/yu/Desktop/newnewnew/cub3d_linux/cub3d)
==16977==    by 0x1094BF: map (in /home/yu/Desktop/newnewnew/cub3d_linux/cub3d)
==16977==    by 0x10967B: main (in /home/yu/Desktop/newnewnew/cub3d_linux/cub3d)
==16977== 
==16977== 
==16977== HEAP SUMMARY:
==16977==     in use at exit: 1,233 bytes in 42 blocks
==16977==   total heap usage: 205 allocs, 163 frees, 11,106 bytes allocated
==16977== 
==16977== LEAK SUMMARY:
==16977==    definitely lost: 336 bytes in 1 blocks
==16977==    indirectly lost: 897 bytes in 41 blocks
==16977==      possibly lost: 0 bytes in 0 blocks
==16977==    still reachable: 0 bytes in 0 blocks
==16977==         suppressed: 0 bytes in 0 blocks
==16977== Rerun with --leak-check=full to see details of leaked memory
==16977== 
==16977== For lists of detected and suppressed errors, rerun with: -s
==16977== ERROR SUMMARY: 54 errors from 2 contexts (suppressed: 0 from 0)
Running valgrind on ./maps/good/subject_map.cub...

[0;31m Error:[Map check in file] Invalid map placement or format
[0m Exit code: 1
‚ö†Ô∏è No Valgrind alerts, but with leaks[0m  
==16980== Memcheck, a memory error detector
==16980== Copyright (C) 2002-2022, and GNU GPL'd, by Julian Seward et al.
==16980== Using Valgrind-3.22.0 and LibVEX; rerun with -h for copyright info
==16980== Command: ./cub3d ./maps/good/subject_map.cub
==16980== Parent PID: 16706
==16980== 
==16980== 
==16980== HEAP SUMMARY:
==16980==     in use at exit: 783 bytes in 23 blocks
==16980==   total heap usage: 118 allocs, 95 frees, 4,775 bytes allocated
==16980== 
==16980== LEAK SUMMARY:
==16980==    definitely lost: 184 bytes in 1 blocks
==16980==    indirectly lost: 599 bytes in 22 blocks
==16980==      possibly lost: 0 bytes in 0 blocks
==16980==    still reachable: 0 bytes in 0 blocks
==16980==         suppressed: 0 bytes in 0 blocks
==16980== Rerun with --leak-check=full to see details of leaked memory
==16980== 
==16980== For lists of detected and suppressed errors, rerun with: -s
==16980== ERROR SUMMARY: 0 errors from 0 contexts (suppressed: 0 from 0)
Running valgrind on ./maps/good/test_map.cub...

[0;31m Error:[Map check in file] Invalid map size
[0m Exit code: 1
[0;31m‚ùå Valgrind alert[0m  
==16983== Memcheck, a memory error detector
==16983== Copyright (C) 2002-2022, and GNU GPL'd, by Julian Seward et al.
==16983== Using Valgrind-3.22.0 and LibVEX; rerun with -h for copyright info
==16983== Command: ./cub3d ./maps/good/test_map.cub
==16983== Parent PID: 16706
==16983== 
==16983== Invalid read of size 1
==16983==    at 0x10AEC8: map_controls (in /home/yu/Desktop/newnewnew/cub3d_linux/cub3d)
==16983==    by 0x10AC43: format_verification (in /home/yu/Desktop/newnewnew/cub3d_linux/cub3d)
==16983==    by 0x1094E3: map (in /home/yu/Desktop/newnewnew/cub3d_linux/cub3d)
==16983==    by 0x10967B: main (in /home/yu/Desktop/newnewnew/cub3d_linux/cub3d)
==16983==  Address 0x4de20df is 1 bytes before a block of size 14 alloc'd
==16983==    at 0x4885250: malloc (in /usr/libexec/valgrind/vgpreload_memcheck-arm64-linux.so)
==16983==    by 0x10C84F: get_line (in /home/yu/Desktop/newnewnew/cub3d_linux/cub3d)
==16983==    by 0x10CAD3: get_next_line (in /home/yu/Desktop/newnewnew/cub3d_linux/cub3d)
==16983==    by 0x10B9DB: read_file (in /home/yu/Desktop/newnewnew/cub3d_linux/cub3d)
==16983==    by 0x1094BF: map (in /home/yu/Desktop/newnewnew/cub3d_linux/cub3d)
==16983==    by 0x10967B: main (in /home/yu/Desktop/newnewnew/cub3d_linux/cub3d)
==16983== 
==16983== Invalid read of size 1
==16983==    at 0x10AF00: map_controls (in /home/yu/Desktop/newnewnew/cub3d_linux/cub3d)
==16983==    by 0x10AC43: format_verification (in /home/yu/Desktop/newnewnew/cub3d_linux/cub3d)
==16983==    by 0x1094E3: map (in /home/yu/Desktop/newnewnew/cub3d_linux/cub3d)
==16983==    by 0x10967B: main (in /home/yu/Desktop/newnewnew/cub3d_linux/cub3d)
==16983==  Address 0x4de20df is 1 bytes before a block of size 14 alloc'd
==16983==    at 0x4885250: malloc (in /usr/libexec/valgrind/vgpreload_memcheck-arm64-linux.so)
==16983==    by 0x10C84F: get_line (in /home/yu/Desktop/newnewnew/cub3d_linux/cub3d)
==16983==    by 0x10CAD3: get_next_line (in /home/yu/Desktop/newnewnew/cub3d_linux/cub3d)
==16983==    by 0x10B9DB: read_file (in /home/yu/Desktop/newnewnew/cub3d_linux/cub3d)
==16983==    by 0x1094BF: map (in /home/yu/Desktop/newnewnew/cub3d_linux/cub3d)
==16983==    by 0x10967B: main (in /home/yu/Desktop/newnewnew/cub3d_linux/cub3d)
==16983== 
==16983== 
==16983== HEAP SUMMARY:
==16983==     in use at exit: 389 bytes in 17 blocks
==16983==   total heap usage: 79 allocs, 62 frees, 2,632 bytes allocated
==16983== 
==16983== LEAK SUMMARY:
==16983==    definitely lost: 136 bytes in 1 blocks
==16983==    indirectly lost: 253 bytes in 16 blocks
==16983==      possibly lost: 0 bytes in 0 blocks
==16983==    still reachable: 0 bytes in 0 blocks
==16983==         suppressed: 0 bytes in 0 blocks
==16983== Rerun with --leak-check=full to see details of leaked memory
==16983== 
==16983== For lists of detected and suppressed errors, rerun with: -s
==16983== ERROR SUMMARY: 16 errors from 2 contexts (suppressed: 0 from 0)
Running valgrind on ./maps/good/test_map_hole.cub...

[0;31m Error:[Map check in file] Invalid map size
[0m Exit code: 1
[0;31m‚ùå Valgrind alert[0m  
==16986== Memcheck, a memory error detector
==16986== Copyright (C) 2002-2022, and GNU GPL'd, by Julian Seward et al.
==16986== Using Valgrind-3.22.0 and LibVEX; rerun with -h for copyright info
==16986== Command: ./cub3d ./maps/good/test_map_hole.cub
==16986== Parent PID: 16706
==16986== 
==16986== Invalid read of size 1
==16986==    at 0x10AEC8: map_controls (in /home/yu/Desktop/newnewnew/cub3d_linux/cub3d)
==16986==    by 0x10AC43: format_verification (in /home/yu/Desktop/newnewnew/cub3d_linux/cub3d)
==16986==    by 0x1094E3: map (in /home/yu/Desktop/newnewnew/cub3d_linux/cub3d)
==16986==    by 0x10967B: main (in /home/yu/Desktop/newnewnew/cub3d_linux/cub3d)
==16986==  Address 0x4de20df is 1 bytes before a block of size 14 alloc'd
==16986==    at 0x4885250: malloc (in /usr/libexec/valgrind/vgpreload_memcheck-arm64-linux.so)
==16986==    by 0x10C84F: get_line (in /home/yu/Desktop/newnewnew/cub3d_linux/cub3d)
==16986==    by 0x10CAD3: get_next_line (in /home/yu/Desktop/newnewnew/cub3d_linux/cub3d)
==16986==    by 0x10B9DB: read_file (in /home/yu/Desktop/newnewnew/cub3d_linux/cub3d)
==16986==    by 0x1094BF: map (in /home/yu/Desktop/newnewnew/cub3d_linux/cub3d)
==16986==    by 0x10967B: main (in /home/yu/Desktop/newnewnew/cub3d_linux/cub3d)
==16986== 
==16986== Invalid read of size 1
==16986==    at 0x10AF00: map_controls (in /home/yu/Desktop/newnewnew/cub3d_linux/cub3d)
==16986==    by 0x10AC43: format_verification (in /home/yu/Desktop/newnewnew/cub3d_linux/cub3d)
==16986==    by 0x1094E3: map (in /home/yu/Desktop/newnewnew/cub3d_linux/cub3d)
==16986==    by 0x10967B: main (in /home/yu/Desktop/newnewnew/cub3d_linux/cub3d)
==16986==  Address 0x4de20df is 1 bytes before a block of size 14 alloc'd
==16986==    at 0x4885250: malloc (in /usr/libexec/valgrind/vgpreload_memcheck-arm64-linux.so)
==16986==    by 0x10C84F: get_line (in /home/yu/Desktop/newnewnew/cub3d_linux/cub3d)
==16986==    by 0x10CAD3: get_next_line (in /home/yu/Desktop/newnewnew/cub3d_linux/cub3d)
==16986==    by 0x10B9DB: read_file (in /home/yu/Desktop/newnewnew/cub3d_linux/cub3d)
==16986==    by 0x1094BF: map (in /home/yu/Desktop/newnewnew/cub3d_linux/cub3d)
==16986==    by 0x10967B: main (in /home/yu/Desktop/newnewnew/cub3d_linux/cub3d)
==16986== 
==16986== 
==16986== HEAP SUMMARY:
==16986==     in use at exit: 389 bytes in 17 blocks
==16986==   total heap usage: 79 allocs, 62 frees, 2,632 bytes allocated
==16986== 
==16986== LEAK SUMMARY:
==16986==    definitely lost: 136 bytes in 1 blocks
==16986==    indirectly lost: 253 bytes in 16 blocks
==16986==      possibly lost: 0 bytes in 0 blocks
==16986==    still reachable: 0 bytes in 0 blocks
==16986==         suppressed: 0 bytes in 0 blocks
==16986== Rerun with --leak-check=full to see details of leaked memory
==16986== 
==16986== For lists of detected and suppressed errors, rerun with: -s
==16986== ERROR SUMMARY: 16 errors from 2 contexts (suppressed: 0 from 0)
Running valgrind on ./maps/good/test_pos_bottom.cub...

[0;31m Error:[Map check in file] Invalid map size
[0m Exit code: 1
[0;31m‚ùå Valgrind alert[0m  
==16989== Memcheck, a memory error detector
==16989== Copyright (C) 2002-2022, and GNU GPL'd, by Julian Seward et al.
==16989== Using Valgrind-3.22.0 and LibVEX; rerun with -h for copyright info
==16989== Command: ./cub3d ./maps/good/test_pos_bottom.cub
==16989== Parent PID: 16706
==16989== 
==16989== Invalid read of size 1
==16989==    at 0x10AEC8: map_controls (in /home/yu/Desktop/newnewnew/cub3d_linux/cub3d)
==16989==    by 0x10AC43: format_verification (in /home/yu/Desktop/newnewnew/cub3d_linux/cub3d)
==16989==    by 0x1094E3: map (in /home/yu/Desktop/newnewnew/cub3d_linux/cub3d)
==16989==    by 0x10967B: main (in /home/yu/Desktop/newnewnew/cub3d_linux/cub3d)
==16989==  Address 0x4de206f is 1 bytes before a block of size 5 alloc'd
==16989==    at 0x4885250: malloc (in /usr/libexec/valgrind/vgpreload_memcheck-arm64-linux.so)
==16989==    by 0x10C84F: get_line (in /home/yu/Desktop/newnewnew/cub3d_linux/cub3d)
==16989==    by 0x10CAD3: get_next_line (in /home/yu/Desktop/newnewnew/cub3d_linux/cub3d)
==16989==    by 0x10B9DB: read_file (in /home/yu/Desktop/newnewnew/cub3d_linux/cub3d)
==16989==    by 0x1094BF: map (in /home/yu/Desktop/newnewnew/cub3d_linux/cub3d)
==16989==    by 0x10967B: main (in /home/yu/Desktop/newnewnew/cub3d_linux/cub3d)
==16989== 
==16989== Invalid read of size 1
==16989==    at 0x10AF00: map_controls (in /home/yu/Desktop/newnewnew/cub3d_linux/cub3d)
==16989==    by 0x10AC43: format_verification (in /home/yu/Desktop/newnewnew/cub3d_linux/cub3d)
==16989==    by 0x1094E3: map (in /home/yu/Desktop/newnewnew/cub3d_linux/cub3d)
==16989==    by 0x10967B: main (in /home/yu/Desktop/newnewnew/cub3d_linux/cub3d)
==16989==  Address 0x4de206f is 1 bytes before a block of size 5 alloc'd
==16989==    at 0x4885250: malloc (in /usr/libexec/valgrind/vgpreload_memcheck-arm64-linux.so)
==16989==    by 0x10C84F: get_line (in /home/yu/Desktop/newnewnew/cub3d_linux/cub3d)
==16989==    by 0x10CAD3: get_next_line (in /home/yu/Desktop/newnewnew/cub3d_linux/cub3d)
==16989==    by 0x10B9DB: read_file (in /home/yu/Desktop/newnewnew/cub3d_linux/cub3d)
==16989==    by 0x1094BF: map (in /home/yu/Desktop/newnewnew/cub3d_linux/cub3d)
==16989==    by 0x10967B: main (in /home/yu/Desktop/newnewnew/cub3d_linux/cub3d)
==16989== 
==16989== 
==16989== HEAP SUMMARY:
==16989==     in use at exit: 382 bytes in 22 blocks
==16989==   total heap usage: 97 allocs, 75 frees, 3,474 bytes allocated
==16989== 
==16989== LEAK SUMMARY:
==16989==    definitely lost: 176 bytes in 1 blocks
==16989==    indirectly lost: 206 bytes in 21 blocks
==16989==      possibly lost: 0 bytes in 0 blocks
==16989==    still reachable: 0 bytes in 0 blocks
==16989==         suppressed: 0 bytes in 0 blocks
==16989== Rerun with --leak-check=full to see details of leaked memory
==16989== 
==16989== For lists of detected and suppressed errors, rerun with: -s
==16989== ERROR SUMMARY: 26 errors from 2 contexts (suppressed: 0 from 0)
Running valgrind on ./maps/good/test_pos_left.cub...

[0;31m Error:[Map check in file] Invalid map size
[0m Exit code: 1
[0;31m‚ùå Valgrind alert[0m  
==16992== Memcheck, a memory error detector
==16992== Copyright (C) 2002-2022, and GNU GPL'd, by Julian Seward et al.
==16992== Using Valgrind-3.22.0 and LibVEX; rerun with -h for copyright info
==16992== Command: ./cub3d ./maps/good/test_pos_left.cub
==16992== Parent PID: 16706
==16992== 
==16992== Invalid read of size 1
==16992==    at 0x10AEC8: map_controls (in /home/yu/Desktop/newnewnew/cub3d_linux/cub3d)
==16992==    by 0x10AC43: format_verification (in /home/yu/Desktop/newnewnew/cub3d_linux/cub3d)
==16992==    by 0x1094E3: map (in /home/yu/Desktop/newnewnew/cub3d_linux/cub3d)
==16992==    by 0x10967B: main (in /home/yu/Desktop/newnewnew/cub3d_linux/cub3d)
==16992==  Address 0x4de20df is 1 bytes before a block of size 23 alloc'd
==16992==    at 0x4885250: malloc (in /usr/libexec/valgrind/vgpreload_memcheck-arm64-linux.so)
==16992==    by 0x10C84F: get_line (in /home/yu/Desktop/newnewnew/cub3d_linux/cub3d)
==16992==    by 0x10CAD3: get_next_line (in /home/yu/Desktop/newnewnew/cub3d_linux/cub3d)
==16992==    by 0x10B9DB: read_file (in /home/yu/Desktop/newnewnew/cub3d_linux/cub3d)
==16992==    by 0x1094BF: map (in /home/yu/Desktop/newnewnew/cub3d_linux/cub3d)
==16992==    by 0x10967B: main (in /home/yu/Desktop/newnewnew/cub3d_linux/cub3d)
==16992== 
==16992== Invalid read of size 1
==16992==    at 0x10AF00: map_controls (in /home/yu/Desktop/newnewnew/cub3d_linux/cub3d)
==16992==    by 0x10AC43: format_verification (in /home/yu/Desktop/newnewnew/cub3d_linux/cub3d)
==16992==    by 0x1094E3: map (in /home/yu/Desktop/newnewnew/cub3d_linux/cub3d)
==16992==    by 0x10967B: main (in /home/yu/Desktop/newnewnew/cub3d_linux/cub3d)
==16992==  Address 0x4de20df is 1 bytes before a block of size 23 alloc'd
==16992==    at 0x4885250: malloc (in /usr/libexec/valgrind/vgpreload_memcheck-arm64-linux.so)
==16992==    by 0x10C84F: get_line (in /home/yu/Desktop/newnewnew/cub3d_linux/cub3d)
==16992==    by 0x10CAD3: get_next_line (in /home/yu/Desktop/newnewnew/cub3d_linux/cub3d)
==16992==    by 0x10B9DB: read_file (in /home/yu/Desktop/newnewnew/cub3d_linux/cub3d)
==16992==    by 0x1094BF: map (in /home/yu/Desktop/newnewnew/cub3d_linux/cub3d)
==16992==    by 0x10967B: main (in /home/yu/Desktop/newnewnew/cub3d_linux/cub3d)
==16992== 
==16992== 
==16992== HEAP SUMMARY:
==16992==     in use at exit: 306 bytes in 12 blocks
==16992==   total heap usage: 58 allocs, 46 frees, 1,756 bytes allocated
==16992== 
==16992== LEAK SUMMARY:
==16992==    definitely lost: 96 bytes in 1 blocks
==16992==    indirectly lost: 210 bytes in 11 blocks
==16992==      possibly lost: 0 bytes in 0 blocks
==16992==    still reachable: 0 bytes in 0 blocks
==16992==         suppressed: 0 bytes in 0 blocks
==16992== Rerun with --leak-check=full to see details of leaked memory
==16992== 
==16992== For lists of detected and suppressed errors, rerun with: -s
==16992== ERROR SUMMARY: 6 errors from 2 contexts (suppressed: 0 from 0)
Running valgrind on ./maps/good/test_pos_right.cub...

[0;31m Error:[Map check in file] Invalid map size
[0m Exit code: 1
[0;31m‚ùå Valgrind alert[0m  
==16995== Memcheck, a memory error detector
==16995== Copyright (C) 2002-2022, and GNU GPL'd, by Julian Seward et al.
==16995== Using Valgrind-3.22.0 and LibVEX; rerun with -h for copyright info
==16995== Command: ./cub3d ./maps/good/test_pos_right.cub
==16995== Parent PID: 16706
==16995== 
==16995== Invalid read of size 1
==16995==    at 0x10AEC8: map_controls (in /home/yu/Desktop/newnewnew/cub3d_linux/cub3d)
==16995==    by 0x10AC43: format_verification (in /home/yu/Desktop/newnewnew/cub3d_linux/cub3d)
==16995==    by 0x1094E3: map (in /home/yu/Desktop/newnewnew/cub3d_linux/cub3d)
==16995==    by 0x10967B: main (in /home/yu/Desktop/newnewnew/cub3d_linux/cub3d)
==16995==  Address 0x4de20df is 1 bytes before a block of size 23 alloc'd
==16995==    at 0x4885250: malloc (in /usr/libexec/valgrind/vgpreload_memcheck-arm64-linux.so)
==16995==    by 0x10C84F: get_line (in /home/yu/Desktop/newnewnew/cub3d_linux/cub3d)
==16995==    by 0x10CAD3: get_next_line (in /home/yu/Desktop/newnewnew/cub3d_linux/cub3d)
==16995==    by 0x10B9DB: read_file (in /home/yu/Desktop/newnewnew/cub3d_linux/cub3d)
==16995==    by 0x1094BF: map (in /home/yu/Desktop/newnewnew/cub3d_linux/cub3d)
==16995==    by 0x10967B: main (in /home/yu/Desktop/newnewnew/cub3d_linux/cub3d)
==16995== 
==16995== Invalid read of size 1
==16995==    at 0x10AF00: map_controls (in /home/yu/Desktop/newnewnew/cub3d_linux/cub3d)
==16995==    by 0x10AC43: format_verification (in /home/yu/Desktop/newnewnew/cub3d_linux/cub3d)
==16995==    by 0x1094E3: map (in /home/yu/Desktop/newnewnew/cub3d_linux/cub3d)
==16995==    by 0x10967B: main (in /home/yu/Desktop/newnewnew/cub3d_linux/cub3d)
==16995==  Address 0x4de20df is 1 bytes before a block of size 23 alloc'd
==16995==    at 0x4885250: malloc (in /usr/libexec/valgrind/vgpreload_memcheck-arm64-linux.so)
==16995==    by 0x10C84F: get_line (in /home/yu/Desktop/newnewnew/cub3d_linux/cub3d)
==16995==    by 0x10CAD3: get_next_line (in /home/yu/Desktop/newnewnew/cub3d_linux/cub3d)
==16995==    by 0x10B9DB: read_file (in /home/yu/Desktop/newnewnew/cub3d_linux/cub3d)
==16995==    by 0x1094BF: map (in /home/yu/Desktop/newnewnew/cub3d_linux/cub3d)
==16995==    by 0x10967B: main (in /home/yu/Desktop/newnewnew/cub3d_linux/cub3d)
==16995== 
==16995== 
==16995== HEAP SUMMARY:
==16995==     in use at exit: 306 bytes in 12 blocks
==16995==   total heap usage: 58 allocs, 46 frees, 1,756 bytes allocated
==16995== 
==16995== LEAK SUMMARY:
==16995==    definitely lost: 96 bytes in 1 blocks
==16995==    indirectly lost: 210 bytes in 11 blocks
==16995==      possibly lost: 0 bytes in 0 blocks
==16995==    still reachable: 0 bytes in 0 blocks
==16995==         suppressed: 0 bytes in 0 blocks
==16995== Rerun with --leak-check=full to see details of leaked memory
==16995== 
==16995== For lists of detected and suppressed errors, rerun with: -s
==16995== ERROR SUMMARY: 6 errors from 2 contexts (suppressed: 0 from 0)
Running valgrind on ./maps/good/test_pos_top.cub...

[0;31m Error:[Map check in file] Invalid map size
[0m Exit code: 1
[0;31m‚ùå Valgrind alert[0m  
==17036== Memcheck, a memory error detector
==17036== Copyright (C) 2002-2022, and GNU GPL'd, by Julian Seward et al.
==17036== Using Valgrind-3.22.0 and LibVEX; rerun with -h for copyright info
==17036== Command: ./cub3d ./maps/good/test_pos_top.cub
==17036== Parent PID: 16706
==17036== 
==17036== Invalid read of size 1
==17036==    at 0x10AEC8: map_controls (in /home/yu/Desktop/newnewnew/cub3d_linux/cub3d)
==17036==    by 0x10AC43: format_verification (in /home/yu/Desktop/newnewnew/cub3d_linux/cub3d)
==17036==    by 0x1094E3: map (in /home/yu/Desktop/newnewnew/cub3d_linux/cub3d)
==17036==    by 0x10967B: main (in /home/yu/Desktop/newnewnew/cub3d_linux/cub3d)
==17036==  Address 0x4de206f is 1 bytes before a block of size 5 alloc'd
==17036==    at 0x4885250: malloc (in /usr/libexec/valgrind/vgpreload_memcheck-arm64-linux.so)
==17036==    by 0x10C84F: get_line (in /home/yu/Desktop/newnewnew/cub3d_linux/cub3d)
==17036==    by 0x10CAD3: get_next_line (in /home/yu/Desktop/newnewnew/cub3d_linux/cub3d)
==17036==    by 0x10B9DB: read_file (in /home/yu/Desktop/newnewnew/cub3d_linux/cub3d)
==17036==    by 0x1094BF: map (in /home/yu/Desktop/newnewnew/cub3d_linux/cub3d)
==17036==    by 0x10967B: main (in /home/yu/Desktop/newnewnew/cub3d_linux/cub3d)
==17036== 
==17036== Invalid read of size 1
==17036==    at 0x10AF00: map_controls (in /home/yu/Desktop/newnewnew/cub3d_linux/cub3d)
==17036==    by 0x10AC43: format_verification (in /home/yu/Desktop/newnewnew/cub3d_linux/cub3d)
==17036==    by 0x1094E3: map (in /home/yu/Desktop/newnewnew/cub3d_linux/cub3d)
==17036==    by 0x10967B: main (in /home/yu/Desktop/newnewnew/cub3d_linux/cub3d)
==17036==  Address 0x4de206f is 1 bytes before a block of size 5 alloc'd
==17036==    at 0x4885250: malloc (in /usr/libexec/valgrind/vgpreload_memcheck-arm64-linux.so)
==17036==    by 0x10C84F: get_line (in /home/yu/Desktop/newnewnew/cub3d_linux/cub3d)
==17036==    by 0x10CAD3: get_next_line (in /home/yu/Desktop/newnewnew/cub3d_linux/cub3d)
==17036==    by 0x10B9DB: read_file (in /home/yu/Desktop/newnewnew/cub3d_linux/cub3d)
==17036==    by 0x1094BF: map (in /home/yu/Desktop/newnewnew/cub3d_linux/cub3d)
==17036==    by 0x10967B: main (in /home/yu/Desktop/newnewnew/cub3d_linux/cub3d)
==17036== 
==17036== 
==17036== HEAP SUMMARY:
==17036==     in use at exit: 382 bytes in 22 blocks
==17036==   total heap usage: 97 allocs, 75 frees, 3,474 bytes allocated
==17036== 
==17036== LEAK SUMMARY:
==17036==    definitely lost: 176 bytes in 1 blocks
==17036==    indirectly lost: 206 bytes in 21 blocks
==17036==      possibly lost: 0 bytes in 0 blocks
==17036==    still reachable: 0 bytes in 0 blocks
==17036==         suppressed: 0 bytes in 0 blocks
==17036== Rerun with --leak-check=full to see details of leaked memory
==17036== 
==17036== For lists of detected and suppressed errors, rerun with: -s
==17036== ERROR SUMMARY: 26 errors from 2 contexts (suppressed: 0 from 0)
Running valgrind on ./maps/good/test_textures.cub...
Starting Valgrind tests...
Running valgrind on ./maps/good/cheese_maze.cub...

[0;31m Error:[Map check in file] Invalid map placement or format
[0m Exit code: 1
[0;31m‚ùå Valgrind alert[0m  
==17497== Memcheck, a memory error detector
==17497== Copyright (C) 2002-2022, and GNU GPL'd, by Julian Seward et al.
==17497== Using Valgrind-3.22.0 and LibVEX; rerun with -h for copyright info
==17497== Command: ./cub3d ./maps/good/cheese_maze.cub
==17497== Parent PID: 17495
==17497== 
==17497== Invalid read of size 1
==17497==    at 0x10AEC8: map_controls (in /home/yu/Desktop/newnewnew/cub3d_linux/cub3d)
==17497==    by 0x10AC43: format_verification (in /home/yu/Desktop/newnewnew/cub3d_linux/cub3d)
==17497==    by 0x1094E3: map (in /home/yu/Desktop/newnewnew/cub3d_linux/cub3d)
==17497==    by 0x10967B: main (in /home/yu/Desktop/newnewnew/cub3d_linux/cub3d)
==17497==  Address 0x4de20df is 1 bytes before a block of size 23 alloc'd
==17497==    at 0x4885250: malloc (in /usr/libexec/valgrind/vgpreload_memcheck-arm64-linux.so)
==17497==    by 0x10C84F: get_line (in /home/yu/Desktop/newnewnew/cub3d_linux/cub3d)
==17497==    by 0x10CAD3: get_next_line (in /home/yu/Desktop/newnewnew/cub3d_linux/cub3d)
==17497==    by 0x10B9DB: read_file (in /home/yu/Desktop/newnewnew/cub3d_linux/cub3d)
==17497==    by 0x1094BF: map (in /home/yu/Desktop/newnewnew/cub3d_linux/cub3d)
==17497==    by 0x10967B: main (in /home/yu/Desktop/newnewnew/cub3d_linux/cub3d)
==17497== 
==17497== Invalid read of size 1
==17497==    at 0x10AF00: map_controls (in /home/yu/Desktop/newnewnew/cub3d_linux/cub3d)
==17497==    by 0x10AC43: format_verification (in /home/yu/Desktop/newnewnew/cub3d_linux/cub3d)
==17497==    by 0x1094E3: map (in /home/yu/Desktop/newnewnew/cub3d_linux/cub3d)
==17497==    by 0x10967B: main (in /home/yu/Desktop/newnewnew/cub3d_linux/cub3d)
==17497==  Address 0x4de20df is 1 bytes before a block of size 23 alloc'd
==17497==    at 0x4885250: malloc (in /usr/libexec/valgrind/vgpreload_memcheck-arm64-linux.so)
==17497==    by 0x10C84F: get_line (in /home/yu/Desktop/newnewnew/cub3d_linux/cub3d)
==17497==    by 0x10CAD3: get_next_line (in /home/yu/Desktop/newnewnew/cub3d_linux/cub3d)
==17497==    by 0x10B9DB: read_file (in /home/yu/Desktop/newnewnew/cub3d_linux/cub3d)
==17497==    by 0x1094BF: map (in /home/yu/Desktop/newnewnew/cub3d_linux/cub3d)
==17497==    by 0x10967B: main (in /home/yu/Desktop/newnewnew/cub3d_linux/cub3d)
==17497== 
==17497== 
==17497== HEAP SUMMARY:
==17497==     in use at exit: 876 bytes in 31 blocks
==17497==   total heap usage: 150 allocs, 119 frees, 6,863 bytes allocated
==17497== 
==17497== LEAK SUMMARY:
==17497==    definitely lost: 248 bytes in 1 blocks
==17497==    indirectly lost: 628 bytes in 30 blocks
==17497==      possibly lost: 0 bytes in 0 blocks
==17497==    still reachable: 0 bytes in 0 blocks
==17497==         suppressed: 0 bytes in 0 blocks
==17497== Rerun with --leak-check=full to see details of leaked memory
==17497== 
==17497== For lists of detected and suppressed errors, rerun with: -s
==17497== ERROR SUMMARY: 42 errors from 2 contexts (suppressed: 0 from 0)
Running valgrind on ./maps/good/creepy.cub...

[0;31m Error:[Map check in file] Invalid map placement or format
[0m Exit code: 1
[0;31m‚ùå Valgrind alert[0m  
==17500== Memcheck, a memory error detector
==17500== Copyright (C) 2002-2022, and GNU GPL'd, by Julian Seward et al.
==17500== Using Valgrind-3.22.0 and LibVEX; rerun with -h for copyright info
==17500== Command: ./cub3d ./maps/good/creepy.cub
==17500== Parent PID: 17495
==17500== 
==17500== Invalid read of size 1
==17500==    at 0x10AEC8: map_controls (in /home/yu/Desktop/newnewnew/cub3d_linux/cub3d)
==17500==    by 0x10AC43: format_verification (in /home/yu/Desktop/newnewnew/cub3d_linux/cub3d)
==17500==    by 0x1094E3: map (in /home/yu/Desktop/newnewnew/cub3d_linux/cub3d)
==17500==    by 0x10967B: main (in /home/yu/Desktop/newnewnew/cub3d_linux/cub3d)
==17500==  Address 0x4de20ff is 1 bytes before a block of size 17 alloc'd
==17500==    at 0x4885250: malloc (in /usr/libexec/valgrind/vgpreload_memcheck-arm64-linux.so)
==17500==    by 0x10C84F: get_line (in /home/yu/Desktop/newnewnew/cub3d_linux/cub3d)
==17500==    by 0x10CAD3: get_next_line (in /home/yu/Desktop/newnewnew/cub3d_linux/cub3d)
==17500==    by 0x10B9DB: read_file (in /home/yu/Desktop/newnewnew/cub3d_linux/cub3d)
==17500==    by 0x1094BF: map (in /home/yu/Desktop/newnewnew/cub3d_linux/cub3d)
==17500==    by 0x10967B: main (in /home/yu/Desktop/newnewnew/cub3d_linux/cub3d)
==17500== 
==17500== Invalid read of size 1
==17500==    at 0x10AF00: map_controls (in /home/yu/Desktop/newnewnew/cub3d_linux/cub3d)
==17500==    by 0x10AC43: format_verification (in /home/yu/Desktop/newnewnew/cub3d_linux/cub3d)
==17500==    by 0x1094E3: map (in /home/yu/Desktop/newnewnew/cub3d_linux/cub3d)
==17500==    by 0x10967B: main (in /home/yu/Desktop/newnewnew/cub3d_linux/cub3d)
==17500==  Address 0x4de20ff is 1 bytes before a block of size 17 alloc'd
==17500==    at 0x4885250: malloc (in /usr/libexec/valgrind/vgpreload_memcheck-arm64-linux.so)
==17500==    by 0x10C84F: get_line (in /home/yu/Desktop/newnewnew/cub3d_linux/cub3d)
==17500==    by 0x10CAD3: get_next_line (in /home/yu/Desktop/newnewnew/cub3d_linux/cub3d)
==17500==    by 0x10B9DB: read_file (in /home/yu/Desktop/newnewnew/cub3d_linux/cub3d)
==17500==    by 0x1094BF: map (in /home/yu/Desktop/newnewnew/cub3d_linux/cub3d)
==17500==    by 0x10967B: main (in /home/yu/Desktop/newnewnew/cub3d_linux/cub3d)
==17500== 
==17500== 
==17500== HEAP SUMMARY:
==17500==     in use at exit: 544 bytes in 23 blocks
==17500==   total heap usage: 108 allocs, 85 frees, 4,157 bytes allocated
==17500== 
==17500== LEAK SUMMARY:
==17500==    definitely lost: 184 bytes in 1 blocks
==17500==    indirectly lost: 360 bytes in 22 blocks
==17500==      possibly lost: 0 bytes in 0 blocks
==17500==    still reachable: 0 bytes in 0 blocks
==17500==         suppressed: 0 bytes in 0 blocks
==17500== Rerun with --leak-check=full to see details of leaked memory
==17500== 
==17500== For lists of detected and suppressed errors, rerun with: -s
==17500== ERROR SUMMARY: 26 errors from 2 contexts (suppressed: 0 from 0)
Running valgrind on ./maps/good/dungeon.cub...

[0;31m Error:[Map check in file] Invalid map placement or format
[0m Exit code: 1
[0;31m‚ùå Valgrind alert[0m  
==17547== Memcheck, a memory error detector
==17547== Copyright (C) 2002-2022, and GNU GPL'd, by Julian Seward et al.
==17547== Using Valgrind-3.22.0 and LibVEX; rerun with -h for copyright info
==17547== Command: ./cub3d ./maps/good/dungeon.cub
==17547== Parent PID: 17495
==17547== 
==17547== Invalid read of size 1
==17547==    at 0x10AEC8: map_controls (in /home/yu/Desktop/newnewnew/cub3d_linux/cub3d)
==17547==    by 0x10AC43: format_verification (in /home/yu/Desktop/newnewnew/cub3d_linux/cub3d)
==17547==    by 0x1094E3: map (in /home/yu/Desktop/newnewnew/cub3d_linux/cub3d)
==17547==    by 0x10967B: main (in /home/yu/Desktop/newnewnew/cub3d_linux/cub3d)
==17547==  Address 0x4de20ef is 1 bytes before a block of size 21 alloc'd
==17547==    at 0x4885250: malloc (in /usr/libexec/valgrind/vgpreload_memcheck-arm64-linux.so)
==17547==    by 0x10C84F: get_line (in /home/yu/Desktop/newnewnew/cub3d_linux/cub3d)
==17547==    by 0x10CAD3: get_next_line (in /home/yu/Desktop/newnewnew/cub3d_linux/cub3d)
==17547==    by 0x10B9DB: read_file (in /home/yu/Desktop/newnewnew/cub3d_linux/cub3d)
==17547==    by 0x1094BF: map (in /home/yu/Desktop/newnewnew/cub3d_linux/cub3d)
==17547==    by 0x10967B: main (in /home/yu/Desktop/newnewnew/cub3d_linux/cub3d)
==17547== 
==17547== Invalid read of size 1
==17547==    at 0x10AF00: map_controls (in /home/yu/Desktop/newnewnew/cub3d_linux/cub3d)
==17547==    by 0x10AC43: format_verification (in /home/yu/Desktop/newnewnew/cub3d_linux/cub3d)
==17547==    by 0x1094E3: map (in /home/yu/Desktop/newnewnew/cub3d_linux/cub3d)
==17547==    by 0x10967B: main (in /home/yu/Desktop/newnewnew/cub3d_linux/cub3d)
==17547==  Address 0x4de20ef is 1 bytes before a block of size 21 alloc'd
==17547==    at 0x4885250: malloc (in /usr/libexec/valgrind/vgpreload_memcheck-arm64-linux.so)
==17547==    by 0x10C84F: get_line (in /home/yu/Desktop/newnewnew/cub3d_linux/cub3d)
==17547==    by 0x10CAD3: get_next_line (in /home/yu/Desktop/newnewnew/cub3d_linux/cub3d)
==17547==    by 0x10B9DB: read_file (in /home/yu/Desktop/newnewnew/cub3d_linux/cub3d)
==17547==    by 0x1094BF: map (in /home/yu/Desktop/newnewnew/cub3d_linux/cub3d)
==17547==    by 0x10967B: main (in /home/yu/Desktop/newnewnew/cub3d_linux/cub3d)
==17547== 
==17547== 
==17547== HEAP SUMMARY:
==17547==     in use at exit: 510 bytes in 20 blocks
==17547==   total heap usage: 95 allocs, 75 frees, 3,436 bytes allocated
==17547== 
==17547== LEAK SUMMARY:
==17547==    definitely lost: 160 bytes in 1 blocks
==17547==    indirectly lost: 350 bytes in 19 blocks
==17547==      possibly lost: 0 bytes in 0 blocks
==17547==    still reachable: 0 bytes in 0 blocks
==17547==         suppressed: 0 bytes in 0 blocks
==17547== Rerun with --leak-check=full to see details of leaked memory
==17547== 
==17547== For lists of detected and suppressed errors, rerun with: -s
==17547== ERROR SUMMARY: 20 errors from 2 contexts (suppressed: 0 from 0)
Running valgrind on ./maps/good/library.cub...

[0;31m Error:[Map check in file] Invalid map placement or format
[0m Exit code: 1
[0;31m‚ùå Valgrind alert[0m  
==17550== Memcheck, a memory error detector
==17550== Copyright (C) 2002-2022, and GNU GPL'd, by Julian Seward et al.
==17550== Using Valgrind-3.22.0 and LibVEX; rerun with -h for copyright info
==17550== Command: ./cub3d ./maps/good/library.cub
==17550== Parent PID: 17495
==17550== 
==17550== Invalid read of size 1
==17550==    at 0x10AEC8: map_controls (in /home/yu/Desktop/newnewnew/cub3d_linux/cub3d)
==17550==    by 0x10AC43: format_verification (in /home/yu/Desktop/newnewnew/cub3d_linux/cub3d)
==17550==    by 0x1094E3: map (in /home/yu/Desktop/newnewnew/cub3d_linux/cub3d)
==17550==    by 0x10967B: main (in /home/yu/Desktop/newnewnew/cub3d_linux/cub3d)
==17550==  Address 0x4de20ef is 1 bytes before a block of size 21 alloc'd
==17550==    at 0x4885250: malloc (in /usr/libexec/valgrind/vgpreload_memcheck-arm64-linux.so)
==17550==    by 0x10C84F: get_line (in /home/yu/Desktop/newnewnew/cub3d_linux/cub3d)
==17550==    by 0x10CAD3: get_next_line (in /home/yu/Desktop/newnewnew/cub3d_linux/cub3d)
==17550==    by 0x10B9DB: read_file (in /home/yu/Desktop/newnewnew/cub3d_linux/cub3d)
==17550==    by 0x1094BF: map (in /home/yu/Desktop/newnewnew/cub3d_linux/cub3d)
==17550==    by 0x10967B: main (in /home/yu/Desktop/newnewnew/cub3d_linux/cub3d)
==17550== 
==17550== Invalid read of size 1
==17550==    at 0x10AF00: map_controls (in /home/yu/Desktop/newnewnew/cub3d_linux/cub3d)
==17550==    by 0x10AC43: format_verification (in /home/yu/Desktop/newnewnew/cub3d_linux/cub3d)
==17550==    by 0x1094E3: map (in /home/yu/Desktop/newnewnew/cub3d_linux/cub3d)
==17550==    by 0x10967B: main (in /home/yu/Desktop/newnewnew/cub3d_linux/cub3d)
==17550==  Address 0x4de20ef is 1 bytes before a block of size 21 alloc'd
==17550==    at 0x4885250: malloc (in /usr/libexec/valgrind/vgpreload_memcheck-arm64-linux.so)
==17550==    by 0x10C84F: get_line (in /home/yu/Desktop/newnewnew/cub3d_linux/cub3d)
==17550==    by 0x10CAD3: get_next_line (in /home/yu/Desktop/newnewnew/cub3d_linux/cub3d)
==17550==    by 0x10B9DB: read_file (in /home/yu/Desktop/newnewnew/cub3d_linux/cub3d)
==17550==    by 0x1094BF: map (in /home/yu/Desktop/newnewnew/cub3d_linux/cub3d)
==17550==    by 0x10967B: main (in /home/yu/Desktop/newnewnew/cub3d_linux/cub3d)
==17550== 
==17550== 
==17550== HEAP SUMMARY:
==17550==     in use at exit: 514 bytes in 20 blocks
==17550==   total heap usage: 95 allocs, 75 frees, 3,477 bytes allocated
==17550== 
==17550== LEAK SUMMARY:
==17550==    definitely lost: 160 bytes in 1 blocks
==17550==    indirectly lost: 354 bytes in 19 blocks
==17550==      possibly lost: 0 bytes in 0 blocks
==17550==    still reachable: 0 bytes in 0 blocks
==17550==         suppressed: 0 bytes in 0 blocks
==17550== Rerun with --leak-check=full to see details of leaked memory
==17550== 
==17550== For lists of detected and suppressed errors, rerun with: -s
==17550== ERROR SUMMARY: 20 errors from 2 contexts (suppressed: 0 from 0)
Running valgrind on ./maps/good/matrix.cub...

[0;31m Error:[Map check in file] Invalid map placement or format
[0m Exit code: 1
[0;31m‚ùå Valgrind alert[0m  
==17624== Memcheck, a memory error detector
==17624== Copyright (C) 2002-2022, and GNU GPL'd, by Julian Seward et al.
==17624== Using Valgrind-3.22.0 and LibVEX; rerun with -h for copyright info
==17624== Command: ./cub3d ./maps/good/matrix.cub
==17624== Parent PID: 17495
==17624== 
==17624== Invalid read of size 1
==17624==    at 0x10AEC8: map_controls (in /home/yu/Desktop/newnewnew/cub3d_linux/cub3d)
==17624==    by 0x10AC43: format_verification (in /home/yu/Desktop/newnewnew/cub3d_linux/cub3d)
==17624==    by 0x1094E3: map (in /home/yu/Desktop/newnewnew/cub3d_linux/cub3d)
==17624==    by 0x10967B: main (in /home/yu/Desktop/newnewnew/cub3d_linux/cub3d)
==17624==  Address 0x4de20ff is 1 bytes before a block of size 23 alloc'd
==17624==    at 0x4885250: malloc (in /usr/libexec/valgrind/vgpreload_memcheck-arm64-linux.so)
==17624==    by 0x10C84F: get_line (in /home/yu/Desktop/newnewnew/cub3d_linux/cub3d)
==17624==    by 0x10CAD3: get_next_line (in /home/yu/Desktop/newnewnew/cub3d_linux/cub3d)
==17624==    by 0x10B9DB: read_file (in /home/yu/Desktop/newnewnew/cub3d_linux/cub3d)
==17624==    by 0x1094BF: map (in /home/yu/Desktop/newnewnew/cub3d_linux/cub3d)
==17624==    by 0x10967B: main (in /home/yu/Desktop/newnewnew/cub3d_linux/cub3d)
==17624== 
==17624== Invalid read of size 1
==17624==    at 0x10AF00: map_controls (in /home/yu/Desktop/newnewnew/cub3d_linux/cub3d)
==17624==    by 0x10AC43: format_verification (in /home/yu/Desktop/newnewnew/cub3d_linux/cub3d)
==17624==    by 0x1094E3: map (in /home/yu/Desktop/newnewnew/cub3d_linux/cub3d)
==17624==    by 0x10967B: main (in /home/yu/Desktop/newnewnew/cub3d_linux/cub3d)
==17624==  Address 0x4de20ff is 1 bytes before a block of size 23 alloc'd
==17624==    at 0x4885250: malloc (in /usr/libexec/valgrind/vgpreload_memcheck-arm64-linux.so)
==17624==    by 0x10C84F: get_line (in /home/yu/Desktop/newnewnew/cub3d_linux/cub3d)
==17624==    by 0x10CAD3: get_next_line (in /home/yu/Desktop/newnewnew/cub3d_linux/cub3d)
==17624==    by 0x10B9DB: read_file (in /home/yu/Desktop/newnewnew/cub3d_linux/cub3d)
==17624==    by 0x1094BF: map (in /home/yu/Desktop/newnewnew/cub3d_linux/cub3d)
==17624==    by 0x10967B: main (in /home/yu/Desktop/newnewnew/cub3d_linux/cub3d)
==17624== 
==17624== 
==17624== HEAP SUMMARY:
==17624==     in use at exit: 865 bytes in 31 blocks
==17624==   total heap usage: 150 allocs, 119 frees, 6,750 bytes allocated
==17624== 
==17624== LEAK SUMMARY:
==17624==    definitely lost: 248 bytes in 1 blocks
==17624==    indirectly lost: 617 bytes in 30 blocks
==17624==      possibly lost: 0 bytes in 0 blocks
==17624==    still reachable: 0 bytes in 0 blocks
==17624==         suppressed: 0 bytes in 0 blocks
==17624== Rerun with --leak-check=full to see details of leaked memory
==17624== 
==17624== For lists of detected and suppressed errors, rerun with: -s
==17624== ERROR SUMMARY: 42 errors from 2 contexts (suppressed: 0 from 0)
Running valgrind on ./maps/good/sad_face.cub...

[0;31m Error:[Map check in file] Invalid map placement or format
[0m Exit code: 1
[0;31m‚ùå Valgrind alert[0m  
==17670== Memcheck, a memory error detector
==17670== Copyright (C) 2002-2022, and GNU GPL'd, by Julian Seward et al.
==17670== Using Valgrind-3.22.0 and LibVEX; rerun with -h for copyright info
==17670== Command: ./cub3d ./maps/good/sad_face.cub
==17670== Parent PID: 17495
==17670== 
==17670== Invalid read of size 1
==17670==    at 0x10AEC8: map_controls (in /home/yu/Desktop/newnewnew/cub3d_linux/cub3d)
==17670==    by 0x10AC43: format_verification (in /home/yu/Desktop/newnewnew/cub3d_linux/cub3d)
==17670==    by 0x1094E3: map (in /home/yu/Desktop/newnewnew/cub3d_linux/cub3d)
==17670==    by 0x10967B: main (in /home/yu/Desktop/newnewnew/cub3d_linux/cub3d)
==17670==  Address 0x4de20ef is 1 bytes before a block of size 17 alloc'd
==17670==    at 0x4885250: malloc (in /usr/libexec/valgrind/vgpreload_memcheck-arm64-linux.so)
==17670==    by 0x10C84F: get_line (in /home/yu/Desktop/newnewnew/cub3d_linux/cub3d)
==17670==    by 0x10CAD3: get_next_line (in /home/yu/Desktop/newnewnew/cub3d_linux/cub3d)
==17670==    by 0x10B9DB: read_file (in /home/yu/Desktop/newnewnew/cub3d_linux/cub3d)
==17670==    by 0x1094BF: map (in /home/yu/Desktop/newnewnew/cub3d_linux/cub3d)
==17670==    by 0x10967B: main (in /home/yu/Desktop/newnewnew/cub3d_linux/cub3d)
==17670== 
==17670== Invalid read of size 1
==17670==    at 0x10AF00: map_controls (in /home/yu/Desktop/newnewnew/cub3d_linux/cub3d)
==17670==    by 0x10AC43: format_verification (in /home/yu/Desktop/newnewnew/cub3d_linux/cub3d)
==17670==    by 0x1094E3: map (in /home/yu/Desktop/newnewnew/cub3d_linux/cub3d)
==17670==    by 0x10967B: main (in /home/yu/Desktop/newnewnew/cub3d_linux/cub3d)
==17670==  Address 0x4de20ef is 1 bytes before a block of size 17 alloc'd
==17670==    at 0x4885250: malloc (in /usr/libexec/valgrind/vgpreload_memcheck-arm64-linux.so)
==17670==    by 0x10C84F: get_line (in /home/yu/Desktop/newnewnew/cub3d_linux/cub3d)
==17670==    by 0x10CAD3: get_next_line (in /home/yu/Desktop/newnewnew/cub3d_linux/cub3d)
==17670==    by 0x10B9DB: read_file (in /home/yu/Desktop/newnewnew/cub3d_linux/cub3d)
==17670==    by 0x1094BF: map (in /home/yu/Desktop/newnewnew/cub3d_linux/cub3d)
==17670==    by 0x10967B: main (in /home/yu/Desktop/newnewnew/cub3d_linux/cub3d)
==17670== 
==17670== 
==17670== HEAP SUMMARY:
==17670==     in use at exit: 545 bytes in 23 blocks
==17670==   total heap usage: 108 allocs, 85 frees, 4,136 bytes allocated
==17670== 
==17670== LEAK SUMMARY:
==17670==    definitely lost: 184 bytes in 1 blocks
==17670==    indirectly lost: 361 bytes in 22 blocks
==17670==      possibly lost: 0 bytes in 0 blocks
==17670==    still reachable: 0 bytes in 0 blocks
==17670==         suppressed: 0 bytes in 0 blocks
==17670== Rerun with --leak-check=full to see details of leaked memory
==17670== 
==17670== For lists of detected and suppressed errors, rerun with: -s
==17670== ERROR SUMMARY: 26 errors from 2 contexts (suppressed: 0 from 0)
Running valgrind on ./maps/good/square_map.cub...

[0;31m Error:[Map check in file] Invalid map size
[0m Exit code: 1
[0;31m‚ùå Valgrind alert[0m  
==17686== Memcheck, a memory error detector
==17686== Copyright (C) 2002-2022, and GNU GPL'd, by Julian Seward et al.
==17686== Using Valgrind-3.22.0 and LibVEX; rerun with -h for copyright info
==17686== Command: ./cub3d ./maps/good/square_map.cub
==17686== Parent PID: 17495
==17686== 
==17686== Invalid read of size 1
==17686==    at 0x10AEC8: map_controls (in /home/yu/Desktop/newnewnew/cub3d_linux/cub3d)
==17686==    by 0x10AC43: format_verification (in /home/yu/Desktop/newnewnew/cub3d_linux/cub3d)
==17686==    by 0x1094E3: map (in /home/yu/Desktop/newnewnew/cub3d_linux/cub3d)
==17686==    by 0x10967B: main (in /home/yu/Desktop/newnewnew/cub3d_linux/cub3d)
==17686==  Address 0x4de2bbf is 1 bytes before a block of size 26 alloc'd
==17686==    at 0x4885250: malloc (in /usr/libexec/valgrind/vgpreload_memcheck-arm64-linux.so)
==17686==    by 0x10C84F: get_line (in /home/yu/Desktop/newnewnew/cub3d_linux/cub3d)
==17686==    by 0x10CAD3: get_next_line (in /home/yu/Desktop/newnewnew/cub3d_linux/cub3d)
==17686==    by 0x10B9DB: read_file (in /home/yu/Desktop/newnewnew/cub3d_linux/cub3d)
==17686==    by 0x1094BF: map (in /home/yu/Desktop/newnewnew/cub3d_linux/cub3d)
==17686==    by 0x10967B: main (in /home/yu/Desktop/newnewnew/cub3d_linux/cub3d)
==17686== 
==17686== Invalid read of size 1
==17686==    at 0x10AF00: map_controls (in /home/yu/Desktop/newnewnew/cub3d_linux/cub3d)
==17686==    by 0x10AC43: format_verification (in /home/yu/Desktop/newnewnew/cub3d_linux/cub3d)
==17686==    by 0x1094E3: map (in /home/yu/Desktop/newnewnew/cub3d_linux/cub3d)
==17686==    by 0x10967B: main (in /home/yu/Desktop/newnewnew/cub3d_linux/cub3d)
==17686==  Address 0x4de2bbf is 1 bytes before a block of size 26 alloc'd
==17686==    at 0x4885250: malloc (in /usr/libexec/valgrind/vgpreload_memcheck-arm64-linux.so)
==17686==    by 0x10C84F: get_line (in /home/yu/Desktop/newnewnew/cub3d_linux/cub3d)
==17686==    by 0x10CAD3: get_next_line (in /home/yu/Desktop/newnewnew/cub3d_linux/cub3d)
==17686==    by 0x10B9DB: read_file (in /home/yu/Desktop/newnewnew/cub3d_linux/cub3d)
==17686==    by 0x1094BF: map (in /home/yu/Desktop/newnewnew/cub3d_linux/cub3d)
==17686==    by 0x10967B: main (in /home/yu/Desktop/newnewnew/cub3d_linux/cub3d)
==17686== 
==17686== 
==17686== HEAP SUMMARY:
==17686==     in use at exit: 1,233 bytes in 42 blocks
==17686==   total heap usage: 205 allocs, 163 frees, 11,106 bytes allocated
==17686== 
==17686== LEAK SUMMARY:
==17686==    definitely lost: 336 bytes in 1 blocks
==17686==    indirectly lost: 897 bytes in 41 blocks
==17686==      possibly lost: 0 bytes in 0 blocks
==17686==    still reachable: 0 bytes in 0 blocks
==17686==         suppressed: 0 bytes in 0 blocks
==17686== Rerun with --leak-check=full to see details of leaked memory
==17686== 
==17686== For lists of detected and suppressed errors, rerun with: -s
==17686== ERROR SUMMARY: 54 errors from 2 contexts (suppressed: 0 from 0)
Running valgrind on ./maps/good/subject_map.cub...
Starting Valgrind tests...
Running valgrind on ./maps/good/cheese_maze.cub...

Exit code: 0
‚ö†Ô∏è No Valgrind alerts, but with leaks[0m  
==17951== Memcheck, a memory error detector
==17951== Copyright (C) 2002-2022, and GNU GPL'd, by Julian Seward et al.
==17951== Using Valgrind-3.22.0 and LibVEX; rerun with -h for copyright info
==17951== Command: ./cub3d ./maps/good/cheese_maze.cub
==17951== Parent PID: 17949
==17951== 
==17951== 
==17951== HEAP SUMMARY:
==17951==     in use at exit: 1,718 bytes in 67 blocks
==17951==   total heap usage: 209 allocs, 142 frees, 8,190 bytes allocated
==17951== 
==17951== LEAK SUMMARY:
==17951==    definitely lost: 605 bytes in 10 blocks
==17951==    indirectly lost: 1,113 bytes in 57 blocks
==17951==      possibly lost: 0 bytes in 0 blocks
==17951==    still reachable: 0 bytes in 0 blocks
==17951==         suppressed: 0 bytes in 0 blocks
==17951== Rerun with --leak-check=full to see details of leaked memory
==17951== 
==17951== For lists of detected and suppressed errors, rerun with: -s
==17951== ERROR SUMMARY: 0 errors from 0 contexts (suppressed: 0 from 0)
Running valgrind on ./maps/good/creepy.cub...

Exit code: 0
‚ö†Ô∏è No Valgrind alerts, but with leaks[0m  
==17957== Memcheck, a memory error detector
==17957== Copyright (C) 2002-2022, and GNU GPL'd, by Julian Seward et al.
==17957== Using Valgrind-3.22.0 and LibVEX; rerun with -h for copyright info
==17957== Command: ./cub3d ./maps/good/creepy.cub
==17957== Parent PID: 17949
==17957== 
==17957== 
==17957== HEAP SUMMARY:
==17957==     in use at exit: 1,056 bytes in 51 blocks
==17957==   total heap usage: 151 allocs, 100 frees, 4,894 bytes allocated
==17957== 
==17957== LEAK SUMMARY:
==17957==    definitely lost: 471 bytes in 10 blocks
==17957==    indirectly lost: 585 bytes in 41 blocks
==17957==      possibly lost: 0 bytes in 0 blocks
==17957==    still reachable: 0 bytes in 0 blocks
==17957==         suppressed: 0 bytes in 0 blocks
==17957== Rerun with --leak-check=full to see details of leaked memory
==17957== 
==17957== For lists of detected and suppressed errors, rerun with: -s
==17957== ERROR SUMMARY: 0 errors from 0 contexts (suppressed: 0 from 0)
Running valgrind on ./maps/good/dungeon.cub...

Exit code: 0
‚ö†Ô∏è No Valgrind alerts, but with leaks[0m  
==18008== Memcheck, a memory error detector
==18008== Copyright (C) 2002-2022, and GNU GPL'd, by Julian Seward et al.
==18008== Using Valgrind-3.22.0 and LibVEX; rerun with -h for copyright info
==18008== Command: ./cub3d ./maps/good/dungeon.cub
==18008== Parent PID: 17949
==18008== 
==18008== 
==18008== HEAP SUMMARY:
==18008==     in use at exit: 992 bytes in 45 blocks
==18008==   total heap usage: 132 allocs, 87 frees, 4,136 bytes allocated
==18008== 
==18008== LEAK SUMMARY:
==18008==    definitely lost: 424 bytes in 10 blocks
==18008==    indirectly lost: 568 bytes in 35 blocks
==18008==      possibly lost: 0 bytes in 0 blocks
==18008==    still reachable: 0 bytes in 0 blocks
==18008==         suppressed: 0 bytes in 0 blocks
==18008== Rerun with --leak-check=full to see details of leaked memory
==18008== 
==18008== For lists of detected and suppressed errors, rerun with: -s
==18008== ERROR SUMMARY: 0 errors from 0 contexts (suppressed: 0 from 0)
Running valgrind on ./maps/good/library.cub...

Exit code: 0
‚ö†Ô∏è No Valgrind alerts, but with leaks[0m  
==18011== Memcheck, a memory error detector
==18011== Copyright (C) 2002-2022, and GNU GPL'd, by Julian Seward et al.
==18011== Using Valgrind-3.22.0 and LibVEX; rerun with -h for copyright info
==18011== Command: ./cub3d ./maps/good/library.cub
==18011== Parent PID: 17949
==18011== 
==18011== 
==18011== HEAP SUMMARY:
==18011==     in use at exit: 1,004 bytes in 45 blocks
==18011==   total heap usage: 132 allocs, 87 frees, 4,189 bytes allocated
==18011== 
==18011== LEAK SUMMARY:
==18011==    definitely lost: 428 bytes in 10 blocks
==18011==    indirectly lost: 576 bytes in 35 blocks
==18011==      possibly lost: 0 bytes in 0 blocks
==18011==    still reachable: 0 bytes in 0 blocks
==18011==         suppressed: 0 bytes in 0 blocks
==18011== Rerun with --leak-check=full to see details of leaked memory
==18011== 
==18011== For lists of detected and suppressed errors, rerun with: -s
==18011== ERROR SUMMARY: 0 errors from 0 contexts (suppressed: 0 from 0)
Running valgrind on ./maps/good/matrix.cub...

Exit code: 0
‚ö†Ô∏è No Valgrind alerts, but with leaks[0m  
==18095== Memcheck, a memory error detector
==18095== Copyright (C) 2002-2022, and GNU GPL'd, by Julian Seward et al.
==18095== Using Valgrind-3.22.0 and LibVEX; rerun with -h for copyright info
==18095== Command: ./cub3d ./maps/good/matrix.cub
==18095== Parent PID: 17949
==18095== 
==18095== 
==18095== HEAP SUMMARY:
==18095==     in use at exit: 1,685 bytes in 67 blocks
==18095==   total heap usage: 209 allocs, 142 frees, 8,044 bytes allocated
==18095== 
==18095== LEAK SUMMARY:
==18095==    definitely lost: 594 bytes in 10 blocks
==18095==    indirectly lost: 1,091 bytes in 57 blocks
==18095==      possibly lost: 0 bytes in 0 blocks
==18095==    still reachable: 0 bytes in 0 blocks
==18095==         suppressed: 0 bytes in 0 blocks
==18095== Rerun with --leak-check=full to see details of leaked memory
==18095== 
==18095== For lists of detected and suppressed errors, rerun with: -s
==18095== ERROR SUMMARY: 0 errors from 0 contexts (suppressed: 0 from 0)
Running valgrind on ./maps/good/sad_face.cub...

Exit code: 0
‚ö†Ô∏è No Valgrind alerts, but with leaks[0m  
==18098== Memcheck, a memory error detector
==18098== Copyright (C) 2002-2022, and GNU GPL'd, by Julian Seward et al.
==18098== Using Valgrind-3.22.0 and LibVEX; rerun with -h for copyright info
==18098== Command: ./cub3d ./maps/good/sad_face.cub
==18098== Parent PID: 17949
==18098== 
==18098== 
==18098== HEAP SUMMARY:
==18098==     in use at exit: 1,059 bytes in 51 blocks
==18098==   total heap usage: 151 allocs, 100 frees, 4,876 bytes allocated
==18098== 
==18098== LEAK SUMMARY:
==18098==    definitely lost: 472 bytes in 10 blocks
==18098==    indirectly lost: 587 bytes in 41 blocks
==18098==      possibly lost: 0 bytes in 0 blocks
==18098==    still reachable: 0 bytes in 0 blocks
==18098==         suppressed: 0 bytes in 0 blocks
==18098== Rerun with --leak-check=full to see details of leaked memory
==18098== 
==18098== For lists of detected and suppressed errors, rerun with: -s
==18098== ERROR SUMMARY: 0 errors from 0 contexts (suppressed: 0 from 0)
Running valgrind on ./maps/good/square_map.cub...

Exit code: 0
‚ö†Ô∏è No Valgrind alerts, but with leaks[0m  
==18101== Memcheck, a memory error detector
==18101== Copyright (C) 2002-2022, and GNU GPL'd, by Julian Seward et al.
==18101== Using Valgrind-3.22.0 and LibVEX; rerun with -h for copyright info
==18101== Command: ./cub3d ./maps/good/square_map.cub
==18101== Parent PID: 17949
==18101== 
==18101== 
==18101== HEAP SUMMARY:
==18101==     in use at exit: 2,338 bytes in 84 blocks
==18101==   total heap usage: 276 allocs, 192 frees, 12,912 bytes allocated
==18101== 
==18101== LEAK SUMMARY:
==18101==    definitely lost: 744 bytes in 10 blocks
==18101==    indirectly lost: 1,594 bytes in 74 blocks
==18101==      possibly lost: 0 bytes in 0 blocks
==18101==    still reachable: 0 bytes in 0 blocks
==18101==         suppressed: 0 bytes in 0 blocks
==18101== Rerun with --leak-check=full to see details of leaked memory
==18101== 
==18101== For lists of detected and suppressed errors, rerun with: -s
==18101== ERROR SUMMARY: 0 errors from 0 contexts (suppressed: 0 from 0)
Running valgrind on ./maps/good/subject_map.cub...

Exit code: 0
‚ö†Ô∏è No Valgrind alerts, but with leaks[0m  
==18104== Memcheck, a memory error detector
==18104== Copyright (C) 2002-2022, and GNU GPL'd, by Julian Seward et al.
==18104== Using Valgrind-3.22.0 and LibVEX; rerun with -h for copyright info
==18104== Command: ./cub3d ./maps/good/subject_map.cub
==18104== Parent PID: 17949
==18104== 
==18104== 
==18104== HEAP SUMMARY:
==18104==     in use at exit: 1,575 bytes in 52 blocks
==18104==   total heap usage: 163 allocs, 111 frees, 6,032 bytes allocated
==18104== 
==18104== LEAK SUMMARY:
==18104==    definitely lost: 481 bytes in 10 blocks
==18104==    indirectly lost: 1,094 bytes in 42 blocks
==18104==      possibly lost: 0 bytes in 0 blocks
==18104==    still reachable: 0 bytes in 0 blocks
==18104==         suppressed: 0 bytes in 0 blocks
==18104== Rerun with --leak-check=full to see details of leaked memory
==18104== 
==18104== For lists of detected and suppressed errors, rerun with: -s
==18104== ERROR SUMMARY: 0 errors from 0 contexts (suppressed: 0 from 0)
Running valgrind on ./maps/good/test_map.cub...

Exit code: 0
‚ö†Ô∏è No Valgrind alerts, but with leaks[0m  
==18107== Memcheck, a memory error detector
==18107== Copyright (C) 2002-2022, and GNU GPL'd, by Julian Seward et al.
==18107== Using Valgrind-3.22.0 and LibVEX; rerun with -h for copyright info
==18107== Command: ./cub3d ./maps/good/test_map.cub
==18107== Parent PID: 17949
==18107== 
==18107== 
==18107== HEAP SUMMARY:
==18107==     in use at exit: 765 bytes in 40 blocks
==18107==   total heap usage: 112 allocs, 72 frees, 3,133 bytes allocated
==18107== 
==18107== LEAK SUMMARY:
==18107==    definitely lost: 387 bytes in 10 blocks
==18107==    indirectly lost: 378 bytes in 30 blocks
==18107==      possibly lost: 0 bytes in 0 blocks
==18107==    still reachable: 0 bytes in 0 blocks
==18107==         suppressed: 0 bytes in 0 blocks
==18107== Rerun with --leak-check=full to see details of leaked memory
==18107== 
==18107== For lists of detected and suppressed errors, rerun with: -s
==18107== ERROR SUMMARY: 0 errors from 0 contexts (suppressed: 0 from 0)
Running valgrind on ./maps/good/test_map_hole.cub...

Exit code: 0
‚ö†Ô∏è No Valgrind alerts, but with leaks[0m  
==18110== Memcheck, a memory error detector
==18110== Copyright (C) 2002-2022, and GNU GPL'd, by Julian Seward et al.
==18110== Using Valgrind-3.22.0 and LibVEX; rerun with -h for copyright info
==18110== Command: ./cub3d ./maps/good/test_map_hole.cub
==18110== Parent PID: 17949
==18110== 
==18110== 
==18110== HEAP SUMMARY:
==18110==     in use at exit: 765 bytes in 40 blocks
==18110==   total heap usage: 112 allocs, 72 frees, 3,133 bytes allocated
==18110== 
==18110== LEAK SUMMARY:
==18110==    definitely lost: 387 bytes in 10 blocks
==18110==    indirectly lost: 378 bytes in 30 blocks
==18110==      possibly lost: 0 bytes in 0 blocks
==18110==    still reachable: 0 bytes in 0 blocks
==18110==         suppressed: 0 bytes in 0 blocks
==18110== Rerun with --leak-check=full to see details of leaked memory
==18110== 
==18110== For lists of detected and suppressed errors, rerun with: -s
==18110== ERROR SUMMARY: 0 errors from 0 contexts (suppressed: 0 from 0)
Running valgrind on ./maps/good/test_pos_bottom.cub...

Exit code: 0
‚ö†Ô∏è No Valgrind alerts, but with leaks[0m  
==18113== Memcheck, a memory error detector
==18113== Copyright (C) 2002-2022, and GNU GPL'd, by Julian Seward et al.
==18113== Using Valgrind-3.22.0 and LibVEX; rerun with -h for copyright info
==18113== Command: ./cub3d ./maps/good/test_pos_bottom.cub
==18113== Parent PID: 17949
==18113== 
==18113== 
==18113== HEAP SUMMARY:
==18113==     in use at exit: 746 bytes in 50 blocks
==18113==   total heap usage: 140 allocs, 90 frees, 3,911 bytes allocated
==18113== 
==18113== LEAK SUMMARY:
==18113==    definitely lost: 467 bytes in 10 blocks
==18113==    indirectly lost: 279 bytes in 40 blocks
==18113==      possibly lost: 0 bytes in 0 blocks
==18113==    still reachable: 0 bytes in 0 blocks
==18113==         suppressed: 0 bytes in 0 blocks
==18113== Rerun with --leak-check=full to see details of leaked memory
==18113== 
==18113== For lists of detected and suppressed errors, rerun with: -s
==18113== ERROR SUMMARY: 0 errors from 0 contexts (suppressed: 0 from 0)
Running valgrind on ./maps/good/test_pos_left.cub...

Exit code: 0
‚ö†Ô∏è No Valgrind alerts, but with leaks[0m  
==18164== Memcheck, a memory error detector
==18164== Copyright (C) 2002-2022, and GNU GPL'd, by Julian Seward et al.
==18164== Using Valgrind-3.22.0 and LibVEX; rerun with -h for copyright info
==18164== Command: ./cub3d ./maps/good/test_pos_left.cub
==18164== Parent PID: 17949
==18164== 
==18164== 
==18164== HEAP SUMMARY:
==18164==     in use at exit: 604 bytes in 30 blocks
==18164==   total heap usage: 81 allocs, 51 frees, 2,141 bytes allocated
==18164== 
==18164== LEAK SUMMARY:
==18164==    definitely lost: 307 bytes in 10 blocks
==18164==    indirectly lost: 297 bytes in 20 blocks
==18164==      possibly lost: 0 bytes in 0 blocks
==18164==    still reachable: 0 bytes in 0 blocks
==18164==         suppressed: 0 bytes in 0 blocks
==18164== Rerun with --leak-check=full to see details of leaked memory
==18164== 
==18164== For lists of detected and suppressed errors, rerun with: -s
==18164== ERROR SUMMARY: 0 errors from 0 contexts (suppressed: 0 from 0)
Running valgrind on ./maps/good/test_pos_right.cub...

Exit code: 0
‚ö†Ô∏è No Valgrind alerts, but with leaks[0m  
==18248== Memcheck, a memory error detector
==18248== Copyright (C) 2002-2022, and GNU GPL'd, by Julian Seward et al.
==18248== Using Valgrind-3.22.0 and LibVEX; rerun with -h for copyright info
==18248== Command: ./cub3d ./maps/good/test_pos_right.cub
==18248== Parent PID: 17949
==18248== 
==18248== 
==18248== HEAP SUMMARY:
==18248==     in use at exit: 604 bytes in 30 blocks
==18248==   total heap usage: 81 allocs, 51 frees, 2,141 bytes allocated
==18248== 
==18248== LEAK SUMMARY:
==18248==    definitely lost: 307 bytes in 10 blocks
==18248==    indirectly lost: 297 bytes in 20 blocks
==18248==      possibly lost: 0 bytes in 0 blocks
==18248==    still reachable: 0 bytes in 0 blocks
==18248==         suppressed: 0 bytes in 0 blocks
==18248== Rerun with --leak-check=full to see details of leaked memory
==18248== 
==18248== For lists of detected and suppressed errors, rerun with: -s
==18248== ERROR SUMMARY: 0 errors from 0 contexts (suppressed: 0 from 0)
Running valgrind on ./maps/good/test_pos_top.cub...

Exit code: 0
‚ö†Ô∏è No Valgrind alerts, but with leaks[0m  
==18251== Memcheck, a memory error detector
==18251== Copyright (C) 2002-2022, and GNU GPL'd, by Julian Seward et al.
==18251== Using Valgrind-3.22.0 and LibVEX; rerun with -h for copyright info
==18251== Command: ./cub3d ./maps/good/test_pos_top.cub
==18251== Parent PID: 17949
==18251== 
==18251== 
==18251== HEAP SUMMARY:
==18251==     in use at exit: 746 bytes in 50 blocks
==18251==   total heap usage: 140 allocs, 90 frees, 3,911 bytes allocated
==18251== 
==18251== LEAK SUMMARY:
==18251==    definitely lost: 467 bytes in 10 blocks
==18251==    indirectly lost: 279 bytes in 40 blocks
==18251==      possibly lost: 0 bytes in 0 blocks
==18251==    still reachable: 0 bytes in 0 blocks
==18251==         suppressed: 0 bytes in 0 blocks
==18251== Rerun with --leak-check=full to see details of leaked memory
==18251== 
==18251== For lists of detected and suppressed errors, rerun with: -s
==18251== ERROR SUMMARY: 0 errors from 0 contexts (suppressed: 0 from 0)
Running valgrind on ./maps/good/test_textures.cub...

Exit code: 0
‚ö†Ô∏è No Valgrind alerts, but with leaks[0m  
==18254== Memcheck, a memory error detector
==18254== Copyright (C) 2002-2022, and GNU GPL'd, by Julian Seward et al.
==18254== Using Valgrind-3.22.0 and LibVEX; rerun with -h for copyright info
==18254== Command: ./cub3d ./maps/good/test_textures.cub
==18254== Parent PID: 17949
==18254== 
==18254== 
==18254== HEAP SUMMARY:
==18254==     in use at exit: 798 bytes in 50 blocks
==18254==   total heap usage: 141 allocs, 91 frees, 4,050 bytes allocated
==18254== 
==18254== LEAK SUMMARY:
==18254==    definitely lost: 467 bytes in 10 blocks
==18254==    indirectly lost: 331 bytes in 40 blocks
==18254==      possibly lost: 0 bytes in 0 blocks
==18254==    still reachable: 0 bytes in 0 blocks
==18254==         suppressed: 0 bytes in 0 blocks
==18254== Rerun with --leak-check=full to see details of leaked memory
==18254== 
==18254== For lists of detected and suppressed errors, rerun with: -s
==18254== ERROR SUMMARY: 0 errors from 0 contexts (suppressed: 0 from 0)
Running valgrind on ./maps/good/test_whitespace.cub...

Exit code: 0
‚ö†Ô∏è No Valgrind alerts, but with leaks[0m  
==18257== Memcheck, a memory error detector
==18257== Copyright (C) 2002-2022, and GNU GPL'd, by Julian Seward et al.
==18257== Using Valgrind-3.22.0 and LibVEX; rerun with -h for copyright info
==18257== Command: ./cub3d ./maps/good/test_whitespace.cub
==18257== Parent PID: 17949
==18257== 
==18257== 
==18257== HEAP SUMMARY:
==18257==     in use at exit: 1,566 bytes in 89 blocks
==18257==   total heap usage: 305 allocs, 216 frees, 19,323 bytes allocated
==18257== 
==18257== LEAK SUMMARY:
==18257==    definitely lost: 813 bytes in 10 blocks
==18257==    indirectly lost: 753 bytes in 79 blocks
==18257==      possibly lost: 0 bytes in 0 blocks
==18257==    still reachable: 0 bytes in 0 blocks
==18257==         suppressed: 0 bytes in 0 blocks
==18257== Rerun with --leak-check=full to see details of leaked memory
==18257== 
==18257== For lists of detected and suppressed errors, rerun with: -s
==18257== ERROR SUMMARY: 0 errors from 0 contexts (suppressed: 0 from 0)
Running valgrind on ./maps/good/works.cub...

Exit code: 0
‚ö†Ô∏è No Valgrind alerts, but with leaks[0m  
==18260== Memcheck, a memory error detector
==18260== Copyright (C) 2002-2022, and GNU GPL'd, by Julian Seward et al.
==18260== Using Valgrind-3.22.0 and LibVEX; rerun with -h for copyright info
==18260== Command: ./cub3d ./maps/good/works.cub
==18260== Parent PID: 17949
==18260== 
==18260== 
==18260== HEAP SUMMARY:
==18260==     in use at exit: 957 bytes in 42 blocks
==18260==   total heap usage: 129 allocs, 87 frees, 4,316 bytes allocated
==18260== 
==18260== LEAK SUMMARY:
==18260==    definitely lost: 414 bytes in 10 blocks
==18260==    indirectly lost: 543 bytes in 32 blocks
==18260==      possibly lost: 0 bytes in 0 blocks
==18260==    still reachable: 0 bytes in 0 blocks
==18260==         suppressed: 0 bytes in 0 blocks
==18260== Rerun with --leak-check=full to see details of leaked memory
==18260== 
==18260== For lists of detected and suppressed errors, rerun with: -s
==18260== ERROR SUMMARY: 0 errors from 0 contexts (suppressed: 0 from 0)
Valgrind tests completed. Results saved to test_output.txt.
Starting Valgrind tests...
Running valgrind on ./maps/bad/color_invalid_rgb.cub...

Exit code: 0
‚ö†Ô∏è No Valgrind alerts, but with leaks[0m  
==18844== Memcheck, a memory error detector
==18844== Copyright (C) 2002-2022, and GNU GPL'd, by Julian Seward et al.
==18844== Using Valgrind-3.22.0 and LibVEX; rerun with -h for copyright info
==18844== Command: ./cub3d ./maps/bad/color_invalid_rgb.cub
==18844== Parent PID: 18842
==18844== 
==18844== 
==18844== HEAP SUMMARY:
==18844==     in use at exit: 801 bytes in 50 blocks
==18844==   total heap usage: 141 allocs, 91 frees, 4,039 bytes allocated
==18844== 
==18844== LEAK SUMMARY:
==18844==    definitely lost: 468 bytes in 10 blocks
==18844==    indirectly lost: 333 bytes in 40 blocks
==18844==      possibly lost: 0 bytes in 0 blocks
==18844==    still reachable: 0 bytes in 0 blocks
==18844==         suppressed: 0 bytes in 0 blocks
==18844== Rerun with --leak-check=full to see details of leaked memory
==18844== 
==18844== For lists of detected and suppressed errors, rerun with: -s
==18844== ERROR SUMMARY: 0 errors from 0 contexts (suppressed: 0 from 0)
Running valgrind on ./maps/bad/color_missing_ceiling_rgb.cub...

[0;31m Error:[Color] incorrect numbers
[0m Exit code: 1
‚ö†Ô∏è No Valgrind alerts, but with leaks[0m  
==18847== Memcheck, a memory error detector
==18847== Copyright (C) 2002-2022, and GNU GPL'd, by Julian Seward et al.
==18847== Using Valgrind-3.22.0 and LibVEX; rerun with -h for copyright info
==18847== Command: ./cub3d ./maps/bad/color_missing_ceiling_rgb.cub
==18847== Parent PID: 18842
==18847== 
==18847== 
==18847== HEAP SUMMARY:
==18847==     in use at exit: 780 bytes in 49 blocks
==18847==   total heap usage: 140 allocs, 91 frees, 3,986 bytes allocated
==18847== 
==18847== LEAK SUMMARY:
==18847==    definitely lost: 456 bytes in 10 blocks
==18847==    indirectly lost: 324 bytes in 39 blocks
==18847==      possibly lost: 0 bytes in 0 blocks
==18847==    still reachable: 0 bytes in 0 blocks
==18847==         suppressed: 0 bytes in 0 blocks
==18847== Rerun with --leak-check=full to see details of leaked memory
==18847== 
==18847== For lists of detected and suppressed errors, rerun with: -s
==18847== ERROR SUMMARY: 0 errors from 0 contexts (suppressed: 0 from 0)
Running valgrind on ./maps/bad/color_missing.cub...

[0;31m Error:[Color] colors are not complete
[0m Exit code: 1
‚ö†Ô∏è No Valgrind alerts, but with leaks[0m  
==18898== Memcheck, a memory error detector
==18898== Copyright (C) 2002-2022, and GNU GPL'd, by Julian Seward et al.
==18898== Using Valgrind-3.22.0 and LibVEX; rerun with -h for copyright info
==18898== Command: ./cub3d ./maps/bad/color_missing.cub
==18898== Parent PID: 18842
==18898== 
==18898== 
==18898== HEAP SUMMARY:
==18898==     in use at exit: 728 bytes in 44 blocks
==18898==   total heap usage: 131 allocs, 87 frees, 3,780 bytes allocated
==18898== 
==18898== LEAK SUMMARY:
==18898==    definitely lost: 418 bytes in 8 blocks
==18898==    indirectly lost: 310 bytes in 36 blocks
==18898==      possibly lost: 0 bytes in 0 blocks
==18898==    still reachable: 0 bytes in 0 blocks
==18898==         suppressed: 0 bytes in 0 blocks
==18898== Rerun with --leak-check=full to see details of leaked memory
==18898== 
==18898== For lists of detected and suppressed errors, rerun with: -s
==18898== ERROR SUMMARY: 0 errors from 0 contexts (suppressed: 0 from 0)
Running valgrind on ./maps/bad/color_missing_floor_rgb.cub...

[0;31m Error:[Color] incorrect numbers
[0m Exit code: 1
‚ö†Ô∏è No Valgrind alerts, but with leaks[0m  
==18901== Memcheck, a memory error detector
==18901== Copyright (C) 2002-2022, and GNU GPL'd, by Julian Seward et al.
==18901== Using Valgrind-3.22.0 and LibVEX; rerun with -h for copyright info
==18901== Command: ./cub3d ./maps/bad/color_missing_floor_rgb.cub
==18901== Parent PID: 18842
==18901== 
==18901== 
==18901== HEAP SUMMARY:
==18901==     in use at exit: 781 bytes in 49 blocks
==18901==   total heap usage: 140 allocs, 91 frees, 3,993 bytes allocated
==18901== 
==18901== LEAK SUMMARY:
==18901==    definitely lost: 456 bytes in 10 blocks
==18901==    indirectly lost: 325 bytes in 39 blocks
==18901==      possibly lost: 0 bytes in 0 blocks
==18901==    still reachable: 0 bytes in 0 blocks
==18901==         suppressed: 0 bytes in 0 blocks
==18901== Rerun with --leak-check=full to see details of leaked memory
==18901== 
==18901== For lists of detected and suppressed errors, rerun with: -s
==18901== ERROR SUMMARY: 0 errors from 0 contexts (suppressed: 0 from 0)
Running valgrind on ./maps/bad/color_none.cub...

[0;31m Error:[Color] colors are not complete
[0m Exit code: 1
‚ö†Ô∏è No Valgrind alerts, but with leaks[0m  
==18986== Memcheck, a memory error detector
==18986== Copyright (C) 2002-2022, and GNU GPL'd, by Julian Seward et al.
==18986== Using Valgrind-3.22.0 and LibVEX; rerun with -h for copyright info
==18986== Command: ./cub3d ./maps/bad/color_none.cub
==18986== Parent PID: 18842
==18986== 
==18986== 
==18986== HEAP SUMMARY:
==18986==     in use at exit: 639 bytes in 37 blocks
==18986==   total heap usage: 116 allocs, 79 frees, 3,196 bytes allocated
==18986== 
==18986== LEAK SUMMARY:
==18986==    definitely lost: 358 bytes in 6 blocks
==18986==    indirectly lost: 281 bytes in 31 blocks
==18986==      possibly lost: 0 bytes in 0 blocks
==18986==    still reachable: 0 bytes in 0 blocks
==18986==         suppressed: 0 bytes in 0 blocks
==18986== Rerun with --leak-check=full to see details of leaked memory
==18986== 
==18986== For lists of detected and suppressed errors, rerun with: -s
==18986== ERROR SUMMARY: 0 errors from 0 contexts (suppressed: 0 from 0)
Running valgrind on ./maps/bad/empty.cub...
[0;31m Error:[Read file] file is empty
[0m Exit code: 1
[0;32m‚úÖ No Valgrind alerts, no leaks[0m  
==19037== Memcheck, a memory error detector
==19037== Copyright (C) 2002-2022, and GNU GPL'd, by Julian Seward et al.
==19037== Using Valgrind-3.22.0 and LibVEX; rerun with -h for copyright info
==19037== Command: ./cub3d ./maps/bad/empty.cub
==19037== Parent PID: 18842
==19037== 
==19037== 
==19037== HEAP SUMMARY:
==19037==     in use at exit: 0 bytes in 0 blocks
==19037==   total heap usage: 5 allocs, 5 frees, 170 bytes allocated
==19037== 
==19037== All heap blocks were freed -- no leaks are possible
==19037== 
==19037== For lists of detected and suppressed errors, rerun with: -s
==19037== ERROR SUMMARY: 0 errors from 0 contexts (suppressed: 0 from 0)
Running valgrind on ./maps/bad/file_letter_end.cub...

Exit code: 0
‚ö†Ô∏è No Valgrind alerts, but with leaks[0m  
==19109== Memcheck, a memory error detector
==19109== Copyright (C) 2002-2022, and GNU GPL'd, by Julian Seward et al.
==19109== Using Valgrind-3.22.0 and LibVEX; rerun with -h for copyright info
==19109== Command: ./cub3d ./maps/bad/file_letter_end.cub
==19109== Parent PID: 18842
==19109== 
==19109== 
==19109== HEAP SUMMARY:
==19109==     in use at exit: 1,135 bytes in 78 blocks
==19109==   total heap usage: 226 allocs, 148 frees, 8,053 bytes allocated
==19109== 
==19109== LEAK SUMMARY:
==19109==    definitely lost: 691 bytes in 10 blocks
==19109==    indirectly lost: 444 bytes in 68 blocks
==19109==      possibly lost: 0 bytes in 0 blocks
==19109==    still reachable: 0 bytes in 0 blocks
==19109==         suppressed: 0 bytes in 0 blocks
==19109== Rerun with --leak-check=full to see details of leaked memory
==19109== 
==19109== For lists of detected and suppressed errors, rerun with: -s
==19109== ERROR SUMMARY: 0 errors from 0 contexts (suppressed: 0 from 0)
Running valgrind on ./maps/bad/filetype_missing...
[0;31m Error:[Check args] no map or invalid map extension
[0m Exit code: 1
[0;32m‚úÖ No Valgrind alerts, no leaks[0m  
==19125== Memcheck, a memory error detector
==19125== Copyright (C) 2002-2022, and GNU GPL'd, by Julian Seward et al.
==19125== Using Valgrind-3.22.0 and LibVEX; rerun with -h for copyright info
==19125== Command: ./cub3d ./maps/bad/filetype_missing
==19125== Parent PID: 18842
==19125== 
==19125== 
==19125== HEAP SUMMARY:
==19125==     in use at exit: 0 bytes in 0 blocks
==19125==   total heap usage: 3 allocs, 3 frees, 144 bytes allocated
==19125== 
==19125== All heap blocks were freed -- no leaks are possible
==19125== 
==19125== For lists of detected and suppressed errors, rerun with: -s
==19125== ERROR SUMMARY: 0 errors from 0 contexts (suppressed: 0 from 0)
Running valgrind on ./maps/bad/filetype_wrong.buc...
[0;31m Error:[Check args] no map or invalid map extension
[0m Exit code: 1
[0;32m‚úÖ No Valgrind alerts, no leaks[0m  
==19128== Memcheck, a memory error detector
==19128== Copyright (C) 2002-2022, and GNU GPL'd, by Julian Seward et al.
==19128== Using Valgrind-3.22.0 and LibVEX; rerun with -h for copyright info
==19128== Command: ./cub3d ./maps/bad/filetype_wrong.buc
==19128== Parent PID: 18842
==19128== 
==19128== 
==19128== HEAP SUMMARY:
==19128==     in use at exit: 0 bytes in 0 blocks
==19128==   total heap usage: 3 allocs, 3 frees, 144 bytes allocated
==19128== 
==19128== All heap blocks were freed -- no leaks are possible
==19128== 
==19128== For lists of detected and suppressed errors, rerun with: -s
==19128== ERROR SUMMARY: 0 errors from 0 contexts (suppressed: 0 from 0)
Running valgrind on ./maps/bad/map_first.cub...

[0;31m Error:[Map start] No map or incorrect placement
[0m Exit code: 1
‚ö†Ô∏è No Valgrind alerts, but with leaks[0m  
==19131== Memcheck, a memory error detector
==19131== Copyright (C) 2002-2022, and GNU GPL'd, by Julian Seward et al.
==19131== Using Valgrind-3.22.0 and LibVEX; rerun with -h for copyright info
==19131== Command: ./cub3d ./maps/bad/map_first.cub
==19131== Parent PID: 18842
==19131== 
==19131== 
==19131== HEAP SUMMARY:
==19131==     in use at exit: 408 bytes in 22 blocks
==19131==   total heap usage: 98 allocs, 76 frees, 3,476 bytes allocated
==19131== 
==19131== LEAK SUMMARY:
==19131==    definitely lost: 176 bytes in 1 blocks
==19131==    indirectly lost: 232 bytes in 21 blocks
==19131==      possibly lost: 0 bytes in 0 blocks
==19131==    still reachable: 0 bytes in 0 blocks
==19131==         suppressed: 0 bytes in 0 blocks
==19131== Rerun with --leak-check=full to see details of leaked memory
==19131== 
==19131== For lists of detected and suppressed errors, rerun with: -s
==19131== ERROR SUMMARY: 0 errors from 0 contexts (suppressed: 0 from 0)
Running valgrind on ./maps/bad/map_middle.cub...

[0;31m Error:[Map check in file] Invalid map placement or format
[0m Exit code: 1
‚ö†Ô∏è No Valgrind alerts, but with leaks[0m  
==19134== Memcheck, a memory error detector
==19134== Copyright (C) 2002-2022, and GNU GPL'd, by Julian Seward et al.
==19134== Using Valgrind-3.22.0 and LibVEX; rerun with -h for copyright info
==19134== Command: ./cub3d ./maps/bad/map_middle.cub
==19134== Parent PID: 18842
==19134== 
==19134== 
==19134== HEAP SUMMARY:
==19134==     in use at exit: 428 bytes in 24 blocks
==19134==   total heap usage: 106 allocs, 82 frees, 3,963 bytes allocated
==19134== 
==19134== LEAK SUMMARY:
==19134==    definitely lost: 192 bytes in 1 blocks
==19134==    indirectly lost: 236 bytes in 23 blocks
==19134==      possibly lost: 0 bytes in 0 blocks
==19134==    still reachable: 0 bytes in 0 blocks
==19134==         suppressed: 0 bytes in 0 blocks
==19134== Rerun with --leak-check=full to see details of leaked memory
==19134== 
==19134== For lists of detected and suppressed errors, rerun with: -s
==19134== ERROR SUMMARY: 0 errors from 0 contexts (suppressed: 0 from 0)
Running valgrind on ./maps/bad/map_missing.cub...

[0;31m Error:[Map start] No map or incorrect placement
[0m Exit code: 1
‚ö†Ô∏è No Valgrind alerts, but with leaks[0m  
==19137== Memcheck, a memory error detector
==19137== Copyright (C) 2002-2022, and GNU GPL'd, by Julian Seward et al.
==19137== Using Valgrind-3.22.0 and LibVEX; rerun with -h for copyright info
==19137== Command: ./cub3d ./maps/bad/map_missing.cub
==19137== Parent PID: 18842
==19137== 
==19137== 
==19137== HEAP SUMMARY:
==19137==     in use at exit: 213 bytes in 9 blocks
==19137==   total heap usage: 43 allocs, 34 frees, 1,184 bytes allocated
==19137== 
==19137== LEAK SUMMARY:
==19137==    definitely lost: 72 bytes in 1 blocks
==19137==    indirectly lost: 141 bytes in 8 blocks
==19137==      possibly lost: 0 bytes in 0 blocks
==19137==    still reachable: 0 bytes in 0 blocks
==19137==         suppressed: 0 bytes in 0 blocks
==19137== Rerun with --leak-check=full to see details of leaked memory
==19137== 
==19137== For lists of detected and suppressed errors, rerun with: -s
==19137== ERROR SUMMARY: 0 errors from 0 contexts (suppressed: 0 from 0)
Running valgrind on ./maps/bad/map_only.cub...

[0;31m Error:[Map start] No map or incorrect placement
[0m Exit code: 1
‚ö†Ô∏è No Valgrind alerts, but with leaks[0m  
==19140== Memcheck, a memory error detector
==19140== Copyright (C) 2002-2022, and GNU GPL'd, by Julian Seward et al.
==19140== Using Valgrind-3.22.0 and LibVEX; rerun with -h for copyright info
==19140== Command: ./cub3d ./maps/bad/map_only.cub
==19140== Parent PID: 18842
==19140== 
==19140== 
==19140== HEAP SUMMARY:
==19140==     in use at exit: 203 bytes in 14 blocks
==19140==   total heap usage: 61 allocs, 47 frees, 1,634 bytes allocated
==19140== 
==19140== LEAK SUMMARY:
==19140==    definitely lost: 112 bytes in 1 blocks
==19140==    indirectly lost: 91 bytes in 13 blocks
==19140==      possibly lost: 0 bytes in 0 blocks
==19140==    still reachable: 0 bytes in 0 blocks
==19140==         suppressed: 0 bytes in 0 blocks
==19140== Rerun with --leak-check=full to see details of leaked memory
==19140== 
==19140== For lists of detected and suppressed errors, rerun with: -s
==19140== ERROR SUMMARY: 0 errors from 0 contexts (suppressed: 0 from 0)
Running valgrind on ./maps/bad/map_too_small.cub...

[0;31m Error:[Map check in file] Invalid map size
[0m Exit code: 1
‚ö†Ô∏è No Valgrind alerts, but with leaks[0m  
==19192== Memcheck, a memory error detector
==19192== Copyright (C) 2002-2022, and GNU GPL'd, by Julian Seward et al.
==19192== Using Valgrind-3.22.0 and LibVEX; rerun with -h for copyright info
==19192== Command: ./cub3d ./maps/bad/map_too_small.cub
==19192== Parent PID: 18842
==19192== 
==19192== 
==19192== HEAP SUMMARY:
==19192==     in use at exit: 239 bytes in 11 blocks
==19192==   total heap usage: 51 allocs, 40 frees, 1,444 bytes allocated
==19192== 
==19192== LEAK SUMMARY:
==19192==    definitely lost: 88 bytes in 1 blocks
==19192==    indirectly lost: 151 bytes in 10 blocks
==19192==      possibly lost: 0 bytes in 0 blocks
==19192==    still reachable: 0 bytes in 0 blocks
==19192==         suppressed: 0 bytes in 0 blocks
==19192== Rerun with --leak-check=full to see details of leaked memory
==19192== 
==19192== For lists of detected and suppressed errors, rerun with: -s
==19192== ERROR SUMMARY: 0 errors from 0 contexts (suppressed: 0 from 0)
Running valgrind on ./maps/bad/player_multiple.cub...

[0;31m Error:[Map validation] invalid number of player 
[0m Exit code: 1
‚ö†Ô∏è No Valgrind alerts, but with leaks[0m  
==19195== Memcheck, a memory error detector
==19195== Copyright (C) 2002-2022, and GNU GPL'd, by Julian Seward et al.
==19195== Using Valgrind-3.22.0 and LibVEX; rerun with -h for copyright info
==19195== Command: ./cub3d ./maps/bad/player_multiple.cub
==19195== Parent PID: 18842
==19195== 
==19195== 
==19195== HEAP SUMMARY:
==19195==     in use at exit: 598 bytes in 36 blocks
==19195==   total heap usage: 125 allocs, 89 frees, 3,829 bytes allocated
==19195== 
==19195== LEAK SUMMARY:
==19195==    definitely lost: 288 bytes in 2 blocks
==19195==    indirectly lost: 310 bytes in 34 blocks
==19195==      possibly lost: 0 bytes in 0 blocks
==19195==    still reachable: 0 bytes in 0 blocks
==19195==         suppressed: 0 bytes in 0 blocks
==19195== Rerun with --leak-check=full to see details of leaked memory
==19195== 
==19195== For lists of detected and suppressed errors, rerun with: -s
==19195== ERROR SUMMARY: 0 errors from 0 contexts (suppressed: 0 from 0)
Running valgrind on ./maps/bad/player_none.cub...

[0;31m Error:[Map validation] invalid number of player 
[0m Exit code: 1
‚ö†Ô∏è No Valgrind alerts, but with leaks[0m  
==19280== Memcheck, a memory error detector
==19280== Copyright (C) 2002-2022, and GNU GPL'd, by Julian Seward et al.
==19280== Using Valgrind-3.22.0 and LibVEX; rerun with -h for copyright info
==19280== Command: ./cub3d ./maps/bad/player_none.cub
==19280== Parent PID: 18842
==19280== 
==19280== 
==19280== HEAP SUMMARY:
==19280==     in use at exit: 598 bytes in 36 blocks
==19280==   total heap usage: 125 allocs, 89 frees, 3,829 bytes allocated
==19280== 
==19280== LEAK SUMMARY:
==19280==    definitely lost: 288 bytes in 2 blocks
==19280==    indirectly lost: 310 bytes in 34 blocks
==19280==      possibly lost: 0 bytes in 0 blocks
==19280==    still reachable: 0 bytes in 0 blocks
==19280==         suppressed: 0 bytes in 0 blocks
==19280== Rerun with --leak-check=full to see details of leaked memory
==19280== 
==19280== For lists of detected and suppressed errors, rerun with: -s
==19280== ERROR SUMMARY: 0 errors from 0 contexts (suppressed: 0 from 0)
Running valgrind on ./maps/bad/player_on_edge.cub...

[0;31m Error:[Walls check] incorrect horizontal walls
[0m Exit code: 1
‚ö†Ô∏è No Valgrind alerts, but with leaks[0m  
==19283== Memcheck, a memory error detector
==19283== Copyright (C) 2002-2022, and GNU GPL'd, by Julian Seward et al.
==19283== Using Valgrind-3.22.0 and LibVEX; rerun with -h for copyright info
==19283== Command: ./cub3d ./maps/bad/player_on_edge.cub
==19283== Parent PID: 18842
==19283== 
==19283== 
==19283== HEAP SUMMARY:
==19283==     in use at exit: 598 bytes in 36 blocks
==19283==   total heap usage: 125 allocs, 89 frees, 3,829 bytes allocated
==19283== 
==19283== LEAK SUMMARY:
==19283==    definitely lost: 288 bytes in 2 blocks
==19283==    indirectly lost: 310 bytes in 34 blocks
==19283==      possibly lost: 0 bytes in 0 blocks
==19283==    still reachable: 0 bytes in 0 blocks
==19283==         suppressed: 0 bytes in 0 blocks
==19283== Rerun with --leak-check=full to see details of leaked memory
==19283== 
==19283== For lists of detected and suppressed errors, rerun with: -s
==19283== ERROR SUMMARY: 0 errors from 0 contexts (suppressed: 0 from 0)
Running valgrind on ./maps/bad/textures_dir.cub...

[0;31m Error:[Texture verification] invalid texture format
[0m Exit code: 1
‚ö†Ô∏è No Valgrind alerts, but with leaks[0m  
==19286== Memcheck, a memory error detector
==19286== Copyright (C) 2002-2022, and GNU GPL'd, by Julian Seward et al.
==19286== Using Valgrind-3.22.0 and LibVEX; rerun with -h for copyright info
==19286== Command: ./cub3d ./maps/bad/textures_dir.cub
==19286== Parent PID: 18842
==19286== 
==19286== 
==19286== HEAP SUMMARY:
==19286==     in use at exit: 676 bytes in 40 blocks
==19286==   total heap usage: 129 allocs, 89 frees, 3,889 bytes allocated
==19286== 
==19286== LEAK SUMMARY:
==19286==    definitely lost: 374 bytes in 6 blocks
==19286==    indirectly lost: 302 bytes in 34 blocks
==19286==      possibly lost: 0 bytes in 0 blocks
==19286==    still reachable: 0 bytes in 0 blocks
==19286==         suppressed: 0 bytes in 0 blocks
==19286== Rerun with --leak-check=full to see details of leaked memory
==19286== 
==19286== For lists of detected and suppressed errors, rerun with: -s
==19286== ERROR SUMMARY: 0 errors from 0 contexts (suppressed: 0 from 0)
Running valgrind on ./maps/bad/textures_duplicates.cub...

[0;31m Error:[Texture save] Duplicate found
[0m Exit code: 1
‚ö†Ô∏è No Valgrind alerts, but with leaks[0m  
==19289== Memcheck, a memory error detector
==19289== Copyright (C) 2002-2022, and GNU GPL'd, by Julian Seward et al.
==19289== Using Valgrind-3.22.0 and LibVEX; rerun with -h for copyright info
==19289== Command: ./cub3d ./maps/bad/textures_duplicates.cub
==19289== Parent PID: 18842
==19289== 
==19289== 
==19289== HEAP SUMMARY:
==19289==     in use at exit: 750 bytes in 42 blocks
==19289==   total heap usage: 135 allocs, 93 frees, 4,203 bytes allocated
==19289== 
==19289== LEAK SUMMARY:
==19289==    definitely lost: 413 bytes in 7 blocks
==19289==    indirectly lost: 337 bytes in 35 blocks
==19289==      possibly lost: 0 bytes in 0 blocks
==19289==    still reachable: 0 bytes in 0 blocks
==19289==         suppressed: 0 bytes in 0 blocks
==19289== Rerun with --leak-check=full to see details of leaked memory
==19289== 
==19289== For lists of detected and suppressed errors, rerun with: -s
==19289== ERROR SUMMARY: 0 errors from 0 contexts (suppressed: 0 from 0)
Running valgrind on ./maps/bad/textures_invalid.cub...

[0;31m Error:[Texture verification] invalid texture format
[0m Exit code: 1
‚ö†Ô∏è No Valgrind alerts, but with leaks[0m  
==19292== Memcheck, a memory error detector
==19292== Copyright (C) 2002-2022, and GNU GPL'd, by Julian Seward et al.
==19292== Using Valgrind-3.22.0 and LibVEX; rerun with -h for copyright info
==19292== Command: ./cub3d ./maps/bad/textures_invalid.cub
==19292== Parent PID: 18842
==19292== 
==19292== 
==19292== HEAP SUMMARY:
==19292==     in use at exit: 678 bytes in 40 blocks
==19292==   total heap usage: 129 allocs, 89 frees, 3,886 bytes allocated
==19292== 
==19292== LEAK SUMMARY:
==19292==    definitely lost: 375 bytes in 6 blocks
==19292==    indirectly lost: 303 bytes in 34 blocks
==19292==      possibly lost: 0 bytes in 0 blocks
==19292==    still reachable: 0 bytes in 0 blocks
==19292==         suppressed: 0 bytes in 0 blocks
==19292== Rerun with --leak-check=full to see details of leaked memory
==19292== 
==19292== For lists of detected and suppressed errors, rerun with: -s
==19292== ERROR SUMMARY: 0 errors from 0 contexts (suppressed: 0 from 0)
Running valgrind on ./maps/bad/textures_missing.cub...

[0;31m Error:[Texture] textures are not complete
[0m Exit code: 1
‚ö†Ô∏è No Valgrind alerts, but with leaks[0m  
==19295== Memcheck, a memory error detector
==19295== Copyright (C) 2002-2022, and GNU GPL'd, by Julian Seward et al.
==19295== Using Valgrind-3.22.0 and LibVEX; rerun with -h for copyright info
==19295== Command: ./cub3d ./maps/bad/textures_missing.cub
==19295== Parent PID: 18842
==19295== 
==19295== 
==19295== HEAP SUMMARY:
==19295==     in use at exit: 632 bytes in 38 blocks
==19295==   total heap usage: 123 allocs, 85 frees, 3,582 bytes allocated
==19295== 
==19295== LEAK SUMMARY:
==19295==    definitely lost: 350 bytes in 5 blocks
==19295==    indirectly lost: 282 bytes in 33 blocks
==19295==      possibly lost: 0 bytes in 0 blocks
==19295==    still reachable: 0 bytes in 0 blocks
==19295==         suppressed: 0 bytes in 0 blocks
==19295== Rerun with --leak-check=full to see details of leaked memory
==19295== 
==19295== For lists of detected and suppressed errors, rerun with: -s
==19295== ERROR SUMMARY: 0 errors from 0 contexts (suppressed: 0 from 0)
Running valgrind on ./maps/bad/textures_none.cub...

[0;31m Error:[Texture] textures are not complete
[0m Exit code: 1
‚ö†Ô∏è No Valgrind alerts, but with leaks[0m  
==19298== Memcheck, a memory error detector
==19298== Copyright (C) 2002-2022, and GNU GPL'd, by Julian Seward et al.
==19298== Using Valgrind-3.22.0 and LibVEX; rerun with -h for copyright info
==19298== Command: ./cub3d ./maps/bad/textures_none.cub
==19298== Parent PID: 18842
==19298== 
==19298== 
==19298== HEAP SUMMARY:
==19298==     in use at exit: 446 bytes in 31 blocks
==19298==   total heap usage: 101 allocs, 70 frees, 2,538 bytes allocated
==19298== 
==19298== LEAK SUMMARY:
==19298==    definitely lost: 248 bytes in 2 blocks
==19298==    indirectly lost: 198 bytes in 29 blocks
==19298==      possibly lost: 0 bytes in 0 blocks
==19298==    still reachable: 0 bytes in 0 blocks
==19298==         suppressed: 0 bytes in 0 blocks
==19298== Rerun with --leak-check=full to see details of leaked memory
==19298== 
==19298== For lists of detected and suppressed errors, rerun with: -s
==19298== ERROR SUMMARY: 0 errors from 0 contexts (suppressed: 0 from 0)
Running valgrind on ./maps/bad/textures_not_xpm.cub...

[0;31m Error:[Texture verification] invalid texture format
[0m Exit code: 1
‚ö†Ô∏è No Valgrind alerts, but with leaks[0m  
==19349== Memcheck, a memory error detector
==19349== Copyright (C) 2002-2022, and GNU GPL'd, by Julian Seward et al.
==19349== Using Valgrind-3.22.0 and LibVEX; rerun with -h for copyright info
==19349== Command: ./cub3d ./maps/bad/textures_not_xpm.cub
==19349== Parent PID: 18842
==19349== 
==19349== 
==19349== HEAP SUMMARY:
==19349==     in use at exit: 684 bytes in 40 blocks
==19349==   total heap usage: 129 allocs, 89 frees, 3,879 bytes allocated
==19349== 
==19349== LEAK SUMMARY:
==19349==    definitely lost: 378 bytes in 6 blocks
==19349==    indirectly lost: 306 bytes in 34 blocks
==19349==      possibly lost: 0 bytes in 0 blocks
==19349==    still reachable: 0 bytes in 0 blocks
==19349==         suppressed: 0 bytes in 0 blocks
==19349== Rerun with --leak-check=full to see details of leaked memory
==19349== 
==19349== For lists of detected and suppressed errors, rerun with: -s
==19349== ERROR SUMMARY: 0 errors from 0 contexts (suppressed: 0 from 0)
Running valgrind on ./maps/bad/wall_hole_east.cub...

[0;31m Error:[Walls check] incorrect vertical walls 
[0m Exit code: 1
‚ö†Ô∏è No Valgrind alerts, but with leaks[0m  
==19404== Memcheck, a memory error detector
==19404== Copyright (C) 2002-2022, and GNU GPL'd, by Julian Seward et al.
==19404== Using Valgrind-3.22.0 and LibVEX; rerun with -h for copyright info
==19404== Command: ./cub3d ./maps/bad/wall_hole_east.cub
==19404== Parent PID: 18842
==19404== 
==19404== 
==19404== HEAP SUMMARY:
==19404==     in use at exit: 598 bytes in 36 blocks
==19404==   total heap usage: 125 allocs, 89 frees, 3,829 bytes allocated
==19404== 
==19404== LEAK SUMMARY:
==19404==    definitely lost: 288 bytes in 2 blocks
==19404==    indirectly lost: 310 bytes in 34 blocks
==19404==      possibly lost: 0 bytes in 0 blocks
==19404==    still reachable: 0 bytes in 0 blocks
==19404==         suppressed: 0 bytes in 0 blocks
==19404== Rerun with --leak-check=full to see details of leaked memory
==19404== 
==19404== For lists of detected and suppressed errors, rerun with: -s
==19404== ERROR SUMMARY: 0 errors from 0 contexts (suppressed: 0 from 0)
Running valgrind on ./maps/bad/wall_hole_north.cub...

[0;31m Error:[Walls check] incorrect horizontal walls
[0m Exit code: 1
‚ö†Ô∏è No Valgrind alerts, but with leaks[0m  
==19436== Memcheck, a memory error detector
==19436== Copyright (C) 2002-2022, and GNU GPL'd, by Julian Seward et al.
==19436== Using Valgrind-3.22.0 and LibVEX; rerun with -h for copyright info
==19436== Command: ./cub3d ./maps/bad/wall_hole_north.cub
==19436== Parent PID: 18842
==19436== 
==19436== 
==19436== HEAP SUMMARY:
==19436==     in use at exit: 598 bytes in 36 blocks
==19436==   total heap usage: 125 allocs, 89 frees, 3,829 bytes allocated
==19436== 
==19436== LEAK SUMMARY:
==19436==    definitely lost: 288 bytes in 2 blocks
==19436==    indirectly lost: 310 bytes in 34 blocks
==19436==      possibly lost: 0 bytes in 0 blocks
==19436==    still reachable: 0 bytes in 0 blocks
==19436==         suppressed: 0 bytes in 0 blocks
==19436== Rerun with --leak-check=full to see details of leaked memory
==19436== 
==19436== For lists of detected and suppressed errors, rerun with: -s
==19436== ERROR SUMMARY: 0 errors from 0 contexts (suppressed: 0 from 0)
Running valgrind on ./maps/bad/wall_hole_south.cub...

[0;31m Error:[Walls check] incorrect horizontal walls
[0m Exit code: 1
‚ö†Ô∏è No Valgrind alerts, but with leaks[0m  
==19439== Memcheck, a memory error detector
==19439== Copyright (C) 2002-2022, and GNU GPL'd, by Julian Seward et al.
==19439== Using Valgrind-3.22.0 and LibVEX; rerun with -h for copyright info
==19439== Command: ./cub3d ./maps/bad/wall_hole_south.cub
==19439== Parent PID: 18842
==19439== 
==19439== 
==19439== HEAP SUMMARY:
==19439==     in use at exit: 598 bytes in 36 blocks
==19439==   total heap usage: 125 allocs, 89 frees, 3,829 bytes allocated
==19439== 
==19439== LEAK SUMMARY:
==19439==    definitely lost: 288 bytes in 2 blocks
==19439==    indirectly lost: 310 bytes in 34 blocks
==19439==      possibly lost: 0 bytes in 0 blocks
==19439==    still reachable: 0 bytes in 0 blocks
==19439==         suppressed: 0 bytes in 0 blocks
==19439== Rerun with --leak-check=full to see details of leaked memory
==19439== 
==19439== For lists of detected and suppressed errors, rerun with: -s
==19439== ERROR SUMMARY: 0 errors from 0 contexts (suppressed: 0 from 0)
Running valgrind on ./maps/bad/wall_hole_west.cub...

[0;31m Error:[Map check in file] Invalid map placement or format
[0m Exit code: 1
‚ö†Ô∏è No Valgrind alerts, but with leaks[0m  
==19442== Memcheck, a memory error detector
==19442== Copyright (C) 2002-2022, and GNU GPL'd, by Julian Seward et al.
==19442== Using Valgrind-3.22.0 and LibVEX; rerun with -h for copyright info
==19442== Command: ./cub3d ./maps/bad/wall_hole_west.cub
==19442== Parent PID: 18842
==19442== 
==19442== 
==19442== HEAP SUMMARY:
==19442==     in use at exit: 408 bytes in 22 blocks
==19442==   total heap usage: 98 allocs, 76 frees, 3,561 bytes allocated
==19442== 
==19442== LEAK SUMMARY:
==19442==    definitely lost: 176 bytes in 1 blocks
==19442==    indirectly lost: 232 bytes in 21 blocks
==19442==      possibly lost: 0 bytes in 0 blocks
==19442==    still reachable: 0 bytes in 0 blocks
==19442==         suppressed: 0 bytes in 0 blocks
==19442== Rerun with --leak-check=full to see details of leaked memory
==19442== 
==19442== For lists of detected and suppressed errors, rerun with: -s
==19442== ERROR SUMMARY: 0 errors from 0 contexts (suppressed: 0 from 0)
Running valgrind on ./maps/bad/wall_none.cub...

[0;31m Error:[Map start] No map or incorrect placement
[0m Exit code: 1
‚ö†Ô∏è No Valgrind alerts, but with leaks[0m  
==19445== Memcheck, a memory error detector
==19445== Copyright (C) 2002-2022, and GNU GPL'd, by Julian Seward et al.
==19445== Using Valgrind-3.22.0 and LibVEX; rerun with -h for copyright info
==19445== Command: ./cub3d ./maps/bad/wall_none.cub
==19445== Parent PID: 18842
==19445== 
==19445== 
==19445== HEAP SUMMARY:
==19445==     in use at exit: 408 bytes in 22 blocks
==19445==   total heap usage: 98 allocs, 76 frees, 3,561 bytes allocated
==19445== 
==19445== LEAK SUMMARY:
==19445==    definitely lost: 176 bytes in 1 blocks
==19445==    indirectly lost: 232 bytes in 21 blocks
==19445==      possibly lost: 0 bytes in 0 blocks
==19445==    still reachable: 0 bytes in 0 blocks
==19445==         suppressed: 0 bytes in 0 blocks
==19445== Rerun with --leak-check=full to see details of leaked memory
==19445== 
==19445== For lists of detected and suppressed errors, rerun with: -s
==19445== ERROR SUMMARY: 0 errors from 0 contexts (suppressed: 0 from 0)
Valgrind tests completed. Results saved to test_output.txt.
Starting Valgrind tests...
Running valgrind on ./maps/bad/color_invalid_rgb.cub...

Exit code: 0
‚ö†Ô∏è No Valgrind alerts, but with leaks[0m  
==20607== Memcheck, a memory error detector
==20607== Copyright (C) 2002-2022, and GNU GPL'd, by Julian Seward et al.
==20607== Using Valgrind-3.22.0 and LibVEX; rerun with -h for copyright info
==20607== Command: ./cub3d ./maps/bad/color_invalid_rgb.cub
==20607== Parent PID: 20605
==20607== 
==20607== 
==20607== HEAP SUMMARY:
==20607==     in use at exit: 801 bytes in 50 blocks
==20607==   total heap usage: 141 allocs, 91 frees, 4,039 bytes allocated
==20607== 
==20607== LEAK SUMMARY:
==20607==    definitely lost: 468 bytes in 10 blocks
==20607==    indirectly lost: 333 bytes in 40 blocks
==20607==      possibly lost: 0 bytes in 0 blocks
==20607==    still reachable: 0 bytes in 0 blocks
==20607==         suppressed: 0 bytes in 0 blocks
==20607== Rerun with --leak-check=full to see details of leaked memory
==20607== 
==20607== For lists of detected and suppressed errors, rerun with: -s
==20607== ERROR SUMMARY: 0 errors from 0 contexts (suppressed: 0 from 0)
Running valgrind on ./maps/bad/color_missing_ceiling_rgb.cub...

[0;31m Error:[Color] incorrect numbers
[0m Exit code: 1
‚ö†Ô∏è No Valgrind alerts, but with leaks[0m  
==20610== Memcheck, a memory error detector
==20610== Copyright (C) 2002-2022, and GNU GPL'd, by Julian Seward et al.
==20610== Using Valgrind-3.22.0 and LibVEX; rerun with -h for copyright info
==20610== Command: ./cub3d ./maps/bad/color_missing_ceiling_rgb.cub
==20610== Parent PID: 20605
==20610== 
==20610== 
==20610== HEAP SUMMARY:
==20610==     in use at exit: 780 bytes in 49 blocks
==20610==   total heap usage: 140 allocs, 91 frees, 3,986 bytes allocated
==20610== 
==20610== LEAK SUMMARY:
==20610==    definitely lost: 456 bytes in 10 blocks
==20610==    indirectly lost: 324 bytes in 39 blocks
==20610==      possibly lost: 0 bytes in 0 blocks
==20610==    still reachable: 0 bytes in 0 blocks
==20610==         suppressed: 0 bytes in 0 blocks
==20610== Rerun with --leak-check=full to see details of leaked memory
==20610== 
==20610== For lists of detected and suppressed errors, rerun with: -s
==20610== ERROR SUMMARY: 0 errors from 0 contexts (suppressed: 0 from 0)
Running valgrind on ./maps/bad/color_missing.cub...

[0;31m Error:[Color] colors are not complete
[0m Exit code: 1
‚ö†Ô∏è No Valgrind alerts, but with leaks[0m  
==20661== Memcheck, a memory error detector
==20661== Copyright (C) 2002-2022, and GNU GPL'd, by Julian Seward et al.
==20661== Using Valgrind-3.22.0 and LibVEX; rerun with -h for copyright info
==20661== Command: ./cub3d ./maps/bad/color_missing.cub
==20661== Parent PID: 20605
==20661== 
==20661== 
==20661== HEAP SUMMARY:
==20661==     in use at exit: 728 bytes in 44 blocks
==20661==   total heap usage: 131 allocs, 87 frees, 3,780 bytes allocated
==20661== 
==20661== LEAK SUMMARY:
==20661==    definitely lost: 418 bytes in 8 blocks
==20661==    indirectly lost: 310 bytes in 36 blocks
==20661==      possibly lost: 0 bytes in 0 blocks
==20661==    still reachable: 0 bytes in 0 blocks
==20661==         suppressed: 0 bytes in 0 blocks
==20661== Rerun with --leak-check=full to see details of leaked memory
==20661== 
==20661== For lists of detected and suppressed errors, rerun with: -s
==20661== ERROR SUMMARY: 0 errors from 0 contexts (suppressed: 0 from 0)
Running valgrind on ./maps/bad/color_missing_floor_rgb.cub...

[0;31m Error:[Color] incorrect numbers
[0m Exit code: 1
‚ö†Ô∏è No Valgrind alerts, but with leaks[0m  
==20664== Memcheck, a memory error detector
==20664== Copyright (C) 2002-2022, and GNU GPL'd, by Julian Seward et al.
==20664== Using Valgrind-3.22.0 and LibVEX; rerun with -h for copyright info
==20664== Command: ./cub3d ./maps/bad/color_missing_floor_rgb.cub
==20664== Parent PID: 20605
==20664== 
==20664== 
==20664== HEAP SUMMARY:
==20664==     in use at exit: 781 bytes in 49 blocks
==20664==   total heap usage: 140 allocs, 91 frees, 3,993 bytes allocated
==20664== 
==20664== LEAK SUMMARY:
==20664==    definitely lost: 456 bytes in 10 blocks
==20664==    indirectly lost: 325 bytes in 39 blocks
==20664==      possibly lost: 0 bytes in 0 blocks
==20664==    still reachable: 0 bytes in 0 blocks
==20664==         suppressed: 0 bytes in 0 blocks
==20664== Rerun with --leak-check=full to see details of leaked memory
==20664== 
==20664== For lists of detected and suppressed errors, rerun with: -s
==20664== ERROR SUMMARY: 0 errors from 0 contexts (suppressed: 0 from 0)
Running valgrind on ./maps/bad/color_none.cub...

[0;31m Error:[Color] colors are not complete
[0m Exit code: 1
‚ö†Ô∏è No Valgrind alerts, but with leaks[0m  
==20748== Memcheck, a memory error detector
==20748== Copyright (C) 2002-2022, and GNU GPL'd, by Julian Seward et al.
==20748== Using Valgrind-3.22.0 and LibVEX; rerun with -h for copyright info
==20748== Command: ./cub3d ./maps/bad/color_none.cub
==20748== Parent PID: 20605
==20748== 
==20748== 
==20748== HEAP SUMMARY:
==20748==     in use at exit: 639 bytes in 37 blocks
==20748==   total heap usage: 116 allocs, 79 frees, 3,196 bytes allocated
==20748== 
==20748== LEAK SUMMARY:
==20748==    definitely lost: 358 bytes in 6 blocks
==20748==    indirectly lost: 281 bytes in 31 blocks
==20748==      possibly lost: 0 bytes in 0 blocks
==20748==    still reachable: 0 bytes in 0 blocks
==20748==         suppressed: 0 bytes in 0 blocks
==20748== Rerun with --leak-check=full to see details of leaked memory
==20748== 
==20748== For lists of detected and suppressed errors, rerun with: -s
==20748== ERROR SUMMARY: 0 errors from 0 contexts (suppressed: 0 from 0)
Running valgrind on ./maps/bad/empty.cub...
[0;31m Error:[Read file] file is empty
[0m Exit code: 1
[0;32m‚úÖ No Valgrind alerts, no leaks[0m  
==20751== Memcheck, a memory error detector
==20751== Copyright (C) 2002-2022, and GNU GPL'd, by Julian Seward et al.
==20751== Using Valgrind-3.22.0 and LibVEX; rerun with -h for copyright info
==20751== Command: ./cub3d ./maps/bad/empty.cub
==20751== Parent PID: 20605
==20751== 
==20751== 
==20751== HEAP SUMMARY:
==20751==     in use at exit: 0 bytes in 0 blocks
==20751==   total heap usage: 5 allocs, 5 frees, 170 bytes allocated
==20751== 
==20751== All heap blocks were freed -- no leaks are possible
==20751== 
==20751== For lists of detected and suppressed errors, rerun with: -s
==20751== ERROR SUMMARY: 0 errors from 0 contexts (suppressed: 0 from 0)
Running valgrind on ./maps/bad/file_letter_end.cub...

Exit code: 0
‚ö†Ô∏è No Valgrind alerts, but with leaks[0m  
==20754== Memcheck, a memory error detector
==20754== Copyright (C) 2002-2022, and GNU GPL'd, by Julian Seward et al.
==20754== Using Valgrind-3.22.0 and LibVEX; rerun with -h for copyright info
==20754== Command: ./cub3d ./maps/bad/file_letter_end.cub
==20754== Parent PID: 20605
==20754== 
==20754== 
==20754== HEAP SUMMARY:
==20754==     in use at exit: 1,135 bytes in 78 blocks
==20754==   total heap usage: 226 allocs, 148 frees, 8,053 bytes allocated
==20754== 
==20754== LEAK SUMMARY:
==20754==    definitely lost: 691 bytes in 10 blocks
==20754==    indirectly lost: 444 bytes in 68 blocks
==20754==      possibly lost: 0 bytes in 0 blocks
==20754==    still reachable: 0 bytes in 0 blocks
==20754==         suppressed: 0 bytes in 0 blocks
==20754== Rerun with --leak-check=full to see details of leaked memory
==20754== 
==20754== For lists of detected and suppressed errors, rerun with: -s
==20754== ERROR SUMMARY: 0 errors from 0 contexts (suppressed: 0 from 0)
Running valgrind on ./maps/bad/filetype_missing...
[0;31m Error:[Check args] no map or invalid map extension
[0m Exit code: 1
[0;32m‚úÖ No Valgrind alerts, no leaks[0m  
==20757== Memcheck, a memory error detector
==20757== Copyright (C) 2002-2022, and GNU GPL'd, by Julian Seward et al.
==20757== Using Valgrind-3.22.0 and LibVEX; rerun with -h for copyright info
==20757== Command: ./cub3d ./maps/bad/filetype_missing
==20757== Parent PID: 20605
==20757== 
==20757== 
==20757== HEAP SUMMARY:
==20757==     in use at exit: 0 bytes in 0 blocks
==20757==   total heap usage: 3 allocs, 3 frees, 144 bytes allocated
==20757== 
==20757== All heap blocks were freed -- no leaks are possible
==20757== 
==20757== For lists of detected and suppressed errors, rerun with: -s
==20757== ERROR SUMMARY: 0 errors from 0 contexts (suppressed: 0 from 0)
Running valgrind on ./maps/bad/filetype_wrong.buc...
[0;31m Error:[Check args] no map or invalid map extension
[0m Exit code: 1
[0;32m‚úÖ No Valgrind alerts, no leaks[0m  
==20764== Memcheck, a memory error detector
==20764== Copyright (C) 2002-2022, and GNU GPL'd, by Julian Seward et al.
==20764== Using Valgrind-3.22.0 and LibVEX; rerun with -h for copyright info
==20764== Command: ./cub3d ./maps/bad/filetype_wrong.buc
==20764== Parent PID: 20605
==20764== 
==20764== 
==20764== HEAP SUMMARY:
==20764==     in use at exit: 0 bytes in 0 blocks
==20764==   total heap usage: 3 allocs, 3 frees, 144 bytes allocated
==20764== 
==20764== All heap blocks were freed -- no leaks are possible
==20764== 
==20764== For lists of detected and suppressed errors, rerun with: -s
==20764== ERROR SUMMARY: 0 errors from 0 contexts (suppressed: 0 from 0)
Running valgrind on ./maps/bad/map_first.cub...

[0;31m Error:[Map start] No map or incorrect placement
[0m Exit code: 1
‚ö†Ô∏è No Valgrind alerts, but with leaks[0m  
==20811== Memcheck, a memory error detector
==20811== Copyright (C) 2002-2022, and GNU GPL'd, by Julian Seward et al.
==20811== Using Valgrind-3.22.0 and LibVEX; rerun with -h for copyright info
==20811== Command: ./cub3d ./maps/bad/map_first.cub
==20811== Parent PID: 20605
==20811== 
==20811== 
==20811== HEAP SUMMARY:
==20811==     in use at exit: 408 bytes in 22 blocks
==20811==   total heap usage: 98 allocs, 76 frees, 3,476 bytes allocated
==20811== 
==20811== LEAK SUMMARY:
==20811==    definitely lost: 176 bytes in 1 blocks
==20811==    indirectly lost: 232 bytes in 21 blocks
==20811==      possibly lost: 0 bytes in 0 blocks
==20811==    still reachable: 0 bytes in 0 blocks
==20811==         suppressed: 0 bytes in 0 blocks
==20811== Rerun with --leak-check=full to see details of leaked memory
==20811== 
==20811== For lists of detected and suppressed errors, rerun with: -s
==20811== ERROR SUMMARY: 0 errors from 0 contexts (suppressed: 0 from 0)
Running valgrind on ./maps/bad/map_middle.cub...

[0;31m Error:[Map check in file] Invalid map placement or format
[0m Exit code: 1
‚ö†Ô∏è No Valgrind alerts, but with leaks[0m  
==20895== Memcheck, a memory error detector
==20895== Copyright (C) 2002-2022, and GNU GPL'd, by Julian Seward et al.
==20895== Using Valgrind-3.22.0 and LibVEX; rerun with -h for copyright info
==20895== Command: ./cub3d ./maps/bad/map_middle.cub
==20895== Parent PID: 20605
==20895== 
==20895== 
==20895== HEAP SUMMARY:
==20895==     in use at exit: 428 bytes in 24 blocks
==20895==   total heap usage: 106 allocs, 82 frees, 3,963 bytes allocated
==20895== 
==20895== LEAK SUMMARY:
==20895==    definitely lost: 192 bytes in 1 blocks
==20895==    indirectly lost: 236 bytes in 23 blocks
==20895==      possibly lost: 0 bytes in 0 blocks
==20895==    still reachable: 0 bytes in 0 blocks
==20895==         suppressed: 0 bytes in 0 blocks
==20895== Rerun with --leak-check=full to see details of leaked memory
==20895== 
==20895== For lists of detected and suppressed errors, rerun with: -s
==20895== ERROR SUMMARY: 0 errors from 0 contexts (suppressed: 0 from 0)
Running valgrind on ./maps/bad/map_missing.cub...

[0;31m Error:[Map start] No map or incorrect placement
[0m Exit code: 1
‚ö†Ô∏è No Valgrind alerts, but with leaks[0m  
==20898== Memcheck, a memory error detector
==20898== Copyright (C) 2002-2022, and GNU GPL'd, by Julian Seward et al.
==20898== Using Valgrind-3.22.0 and LibVEX; rerun with -h for copyright info
==20898== Command: ./cub3d ./maps/bad/map_missing.cub
==20898== Parent PID: 20605
==20898== 
==20898== 
==20898== HEAP SUMMARY:
==20898==     in use at exit: 213 bytes in 9 blocks
==20898==   total heap usage: 43 allocs, 34 frees, 1,184 bytes allocated
==20898== 
==20898== LEAK SUMMARY:
==20898==    definitely lost: 72 bytes in 1 blocks
==20898==    indirectly lost: 141 bytes in 8 blocks
==20898==      possibly lost: 0 bytes in 0 blocks
==20898==    still reachable: 0 bytes in 0 blocks
==20898==         suppressed: 0 bytes in 0 blocks
==20898== Rerun with --leak-check=full to see details of leaked memory
==20898== 
==20898== For lists of detected and suppressed errors, rerun with: -s
==20898== ERROR SUMMARY: 0 errors from 0 contexts (suppressed: 0 from 0)
Running valgrind on ./maps/bad/map_only.cub...

[0;31m Error:[Map start] No map or incorrect placement
[0m Exit code: 1
‚ö†Ô∏è No Valgrind alerts, but with leaks[0m  
==20901== Memcheck, a memory error detector
==20901== Copyright (C) 2002-2022, and GNU GPL'd, by Julian Seward et al.
==20901== Using Valgrind-3.22.0 and LibVEX; rerun with -h for copyright info
==20901== Command: ./cub3d ./maps/bad/map_only.cub
==20901== Parent PID: 20605
==20901== 
==20901== 
==20901== HEAP SUMMARY:
==20901==     in use at exit: 203 bytes in 14 blocks
==20901==   total heap usage: 61 allocs, 47 frees, 1,634 bytes allocated
==20901== 
==20901== LEAK SUMMARY:
==20901==    definitely lost: 112 bytes in 1 blocks
==20901==    indirectly lost: 91 bytes in 13 blocks
==20901==      possibly lost: 0 bytes in 0 blocks
==20901==    still reachable: 0 bytes in 0 blocks
==20901==         suppressed: 0 bytes in 0 blocks
==20901== Rerun with --leak-check=full to see details of leaked memory
==20901== 
==20901== For lists of detected and suppressed errors, rerun with: -s
==20901== ERROR SUMMARY: 0 errors from 0 contexts (suppressed: 0 from 0)
Running valgrind on ./maps/bad/map_too_small.cub...

[0;31m Error:[Map check in file] Invalid map size
[0m Exit code: 1
‚ö†Ô∏è No Valgrind alerts, but with leaks[0m  
==20904== Memcheck, a memory error detector
==20904== Copyright (C) 2002-2022, and GNU GPL'd, by Julian Seward et al.
==20904== Using Valgrind-3.22.0 and LibVEX; rerun with -h for copyright info
==20904== Command: ./cub3d ./maps/bad/map_too_small.cub
==20904== Parent PID: 20605
==20904== 
==20904== 
==20904== HEAP SUMMARY:
==20904==     in use at exit: 239 bytes in 11 blocks
==20904==   total heap usage: 51 allocs, 40 frees, 1,444 bytes allocated
==20904== 
==20904== LEAK SUMMARY:
==20904==    definitely lost: 88 bytes in 1 blocks
==20904==    indirectly lost: 151 bytes in 10 blocks
==20904==      possibly lost: 0 bytes in 0 blocks
==20904==    still reachable: 0 bytes in 0 blocks
==20904==         suppressed: 0 bytes in 0 blocks
==20904== Rerun with --leak-check=full to see details of leaked memory
==20904== 
==20904== For lists of detected and suppressed errors, rerun with: -s
==20904== ERROR SUMMARY: 0 errors from 0 contexts (suppressed: 0 from 0)
Running valgrind on ./maps/bad/player_multiple.cub...

[0;31m Error:[Map validation] invalid number of player 
[0m Exit code: 1
‚ö†Ô∏è No Valgrind alerts, but with leaks[0m  
==20907== Memcheck, a memory error detector
==20907== Copyright (C) 2002-2022, and GNU GPL'd, by Julian Seward et al.
==20907== Using Valgrind-3.22.0 and LibVEX; rerun with -h for copyright info
==20907== Command: ./cub3d ./maps/bad/player_multiple.cub
==20907== Parent PID: 20605
==20907== 
==20907== 
==20907== HEAP SUMMARY:
==20907==     in use at exit: 598 bytes in 36 blocks
==20907==   total heap usage: 125 allocs, 89 frees, 3,829 bytes allocated
==20907== 
==20907== LEAK SUMMARY:
==20907==    definitely lost: 288 bytes in 2 blocks
==20907==    indirectly lost: 310 bytes in 34 blocks
==20907==      possibly lost: 0 bytes in 0 blocks
==20907==    still reachable: 0 bytes in 0 blocks
==20907==         suppressed: 0 bytes in 0 blocks
==20907== Rerun with --leak-check=full to see details of leaked memory
==20907== 
==20907== For lists of detected and suppressed errors, rerun with: -s
==20907== ERROR SUMMARY: 0 errors from 0 contexts (suppressed: 0 from 0)
Running valgrind on ./maps/bad/player_none.cub...

[0;31m Error:[Map validation] invalid number of player 
[0m Exit code: 1
‚ö†Ô∏è No Valgrind alerts, but with leaks[0m  
==20910== Memcheck, a memory error detector
==20910== Copyright (C) 2002-2022, and GNU GPL'd, by Julian Seward et al.
==20910== Using Valgrind-3.22.0 and LibVEX; rerun with -h for copyright info
==20910== Command: ./cub3d ./maps/bad/player_none.cub
==20910== Parent PID: 20605
==20910== 
==20910== 
==20910== HEAP SUMMARY:
==20910==     in use at exit: 598 bytes in 36 blocks
==20910==   total heap usage: 125 allocs, 89 frees, 3,829 bytes allocated
==20910== 
==20910== LEAK SUMMARY:
==20910==    definitely lost: 288 bytes in 2 blocks
==20910==    indirectly lost: 310 bytes in 34 blocks
==20910==      possibly lost: 0 bytes in 0 blocks
==20910==    still reachable: 0 bytes in 0 blocks
==20910==         suppressed: 0 bytes in 0 blocks
==20910== Rerun with --leak-check=full to see details of leaked memory
==20910== 
==20910== For lists of detected and suppressed errors, rerun with: -s
==20910== ERROR SUMMARY: 0 errors from 0 contexts (suppressed: 0 from 0)
Running valgrind on ./maps/bad/player_on_edge.cub...

[0;31m Error:[Walls check] incorrect horizontal walls
[0m Exit code: 1
‚ö†Ô∏è No Valgrind alerts, but with leaks[0m  
==20913== Memcheck, a memory error detector
==20913== Copyright (C) 2002-2022, and GNU GPL'd, by Julian Seward et al.
==20913== Using Valgrind-3.22.0 and LibVEX; rerun with -h for copyright info
==20913== Command: ./cub3d ./maps/bad/player_on_edge.cub
==20913== Parent PID: 20605
==20913== 
==20913== 
==20913== HEAP SUMMARY:
==20913==     in use at exit: 598 bytes in 36 blocks
==20913==   total heap usage: 125 allocs, 89 frees, 3,829 bytes allocated
==20913== 
==20913== LEAK SUMMARY:
==20913==    definitely lost: 288 bytes in 2 blocks
==20913==    indirectly lost: 310 bytes in 34 blocks
==20913==      possibly lost: 0 bytes in 0 blocks
==20913==    still reachable: 0 bytes in 0 blocks
==20913==         suppressed: 0 bytes in 0 blocks
==20913== Rerun with --leak-check=full to see details of leaked memory
==20913== 
==20913== For lists of detected and suppressed errors, rerun with: -s
==20913== ERROR SUMMARY: 0 errors from 0 contexts (suppressed: 0 from 0)
Running valgrind on ./maps/bad/textures_dir.cub...

[0;31m Error:[Texture verification] invalid texture format
[0m Exit code: 1
‚ö†Ô∏è No Valgrind alerts, but with leaks[0m  
==20965== Memcheck, a memory error detector
==20965== Copyright (C) 2002-2022, and GNU GPL'd, by Julian Seward et al.
==20965== Using Valgrind-3.22.0 and LibVEX; rerun with -h for copyright info
==20965== Command: ./cub3d ./maps/bad/textures_dir.cub
==20965== Parent PID: 20605
==20965== 
==20965== 
==20965== HEAP SUMMARY:
==20965==     in use at exit: 676 bytes in 40 blocks
==20965==   total heap usage: 129 allocs, 89 frees, 3,889 bytes allocated
==20965== 
==20965== LEAK SUMMARY:
==20965==    definitely lost: 374 bytes in 6 blocks
==20965==    indirectly lost: 302 bytes in 34 blocks
==20965==      possibly lost: 0 bytes in 0 blocks
==20965==    still reachable: 0 bytes in 0 blocks
==20965==         suppressed: 0 bytes in 0 blocks
==20965== Rerun with --leak-check=full to see details of leaked memory
==20965== 
==20965== For lists of detected and suppressed errors, rerun with: -s
==20965== ERROR SUMMARY: 0 errors from 0 contexts (suppressed: 0 from 0)
Running valgrind on ./maps/bad/textures_duplicates.cub...

[0;31m Error:[Texture save] Duplicate found
[0m Exit code: 1
‚ö†Ô∏è No Valgrind alerts, but with leaks[0m  
==20968== Memcheck, a memory error detector
==20968== Copyright (C) 2002-2022, and GNU GPL'd, by Julian Seward et al.
==20968== Using Valgrind-3.22.0 and LibVEX; rerun with -h for copyright info
==20968== Command: ./cub3d ./maps/bad/textures_duplicates.cub
==20968== Parent PID: 20605
==20968== 
==20968== 
==20968== HEAP SUMMARY:
==20968==     in use at exit: 750 bytes in 42 blocks
==20968==   total heap usage: 135 allocs, 93 frees, 4,203 bytes allocated
==20968== 
==20968== LEAK SUMMARY:
==20968==    definitely lost: 413 bytes in 7 blocks
==20968==    indirectly lost: 337 bytes in 35 blocks
==20968==      possibly lost: 0 bytes in 0 blocks
==20968==    still reachable: 0 bytes in 0 blocks
==20968==         suppressed: 0 bytes in 0 blocks
==20968== Rerun with --leak-check=full to see details of leaked memory
==20968== 
==20968== For lists of detected and suppressed errors, rerun with: -s
==20968== ERROR SUMMARY: 0 errors from 0 contexts (suppressed: 0 from 0)
Running valgrind on ./maps/bad/textures_invalid.cub...

[0;31m Error:[Texture verification] invalid texture format
[0m Exit code: 1
‚ö†Ô∏è No Valgrind alerts, but with leaks[0m  
==21053== Memcheck, a memory error detector
==21053== Copyright (C) 2002-2022, and GNU GPL'd, by Julian Seward et al.
==21053== Using Valgrind-3.22.0 and LibVEX; rerun with -h for copyright info
==21053== Command: ./cub3d ./maps/bad/textures_invalid.cub
==21053== Parent PID: 20605
==21053== 
==21053== 
==21053== HEAP SUMMARY:
==21053==     in use at exit: 678 bytes in 40 blocks
==21053==   total heap usage: 129 allocs, 89 frees, 3,886 bytes allocated
==21053== 
==21053== LEAK SUMMARY:
==21053==    definitely lost: 375 bytes in 6 blocks
==21053==    indirectly lost: 303 bytes in 34 blocks
==21053==      possibly lost: 0 bytes in 0 blocks
==21053==    still reachable: 0 bytes in 0 blocks
==21053==         suppressed: 0 bytes in 0 blocks
==21053== Rerun with --leak-check=full to see details of leaked memory
==21053== 
==21053== For lists of detected and suppressed errors, rerun with: -s
==21053== ERROR SUMMARY: 0 errors from 0 contexts (suppressed: 0 from 0)
Running valgrind on ./maps/bad/textures_missing.cub...

[0;31m Error:[Texture] textures are not complete
[0m Exit code: 1
‚ö†Ô∏è No Valgrind alerts, but with leaks[0m  
==21056== Memcheck, a memory error detector
==21056== Copyright (C) 2002-2022, and GNU GPL'd, by Julian Seward et al.
==21056== Using Valgrind-3.22.0 and LibVEX; rerun with -h for copyright info
==21056== Command: ./cub3d ./maps/bad/textures_missing.cub
==21056== Parent PID: 20605
==21056== 
==21056== 
==21056== HEAP SUMMARY:
==21056==     in use at exit: 632 bytes in 38 blocks
==21056==   total heap usage: 123 allocs, 85 frees, 3,582 bytes allocated
==21056== 
==21056== LEAK SUMMARY:
==21056==    definitely lost: 350 bytes in 5 blocks
==21056==    indirectly lost: 282 bytes in 33 blocks
==21056==      possibly lost: 0 bytes in 0 blocks
==21056==    still reachable: 0 bytes in 0 blocks
==21056==         suppressed: 0 bytes in 0 blocks
==21056== Rerun with --leak-check=full to see details of leaked memory
==21056== 
==21056== For lists of detected and suppressed errors, rerun with: -s
==21056== ERROR SUMMARY: 0 errors from 0 contexts (suppressed: 0 from 0)
Running valgrind on ./maps/bad/textures_none.cub...

[0;31m Error:[Texture] textures are not complete
[0m Exit code: 1
‚ö†Ô∏è No Valgrind alerts, but with leaks[0m  
==21059== Memcheck, a memory error detector
==21059== Copyright (C) 2002-2022, and GNU GPL'd, by Julian Seward et al.
==21059== Using Valgrind-3.22.0 and LibVEX; rerun with -h for copyright info
==21059== Command: ./cub3d ./maps/bad/textures_none.cub
==21059== Parent PID: 20605
==21059== 
==21059== 
==21059== HEAP SUMMARY:
==21059==     in use at exit: 446 bytes in 31 blocks
==21059==   total heap usage: 101 allocs, 70 frees, 2,538 bytes allocated
==21059== 
==21059== LEAK SUMMARY:
==21059==    definitely lost: 248 bytes in 2 blocks
==21059==    indirectly lost: 198 bytes in 29 blocks
==21059==      possibly lost: 0 bytes in 0 blocks
==21059==    still reachable: 0 bytes in 0 blocks
==21059==         suppressed: 0 bytes in 0 blocks
==21059== Rerun with --leak-check=full to see details of leaked memory
==21059== 
==21059== For lists of detected and suppressed errors, rerun with: -s
==21059== ERROR SUMMARY: 0 errors from 0 contexts (suppressed: 0 from 0)
Running valgrind on ./maps/bad/textures_not_xpm.cub...

[0;31m Error:[Texture verification] invalid texture format
[0m Exit code: 1
‚ö†Ô∏è No Valgrind alerts, but with leaks[0m  
==21062== Memcheck, a memory error detector
==21062== Copyright (C) 2002-2022, and GNU GPL'd, by Julian Seward et al.
==21062== Using Valgrind-3.22.0 and LibVEX; rerun with -h for copyright info
==21062== Command: ./cub3d ./maps/bad/textures_not_xpm.cub
==21062== Parent PID: 20605
==21062== 
==21062== 
==21062== HEAP SUMMARY:
==21062==     in use at exit: 684 bytes in 40 blocks
==21062==   total heap usage: 129 allocs, 89 frees, 3,879 bytes allocated
==21062== 
==21062== LEAK SUMMARY:
==21062==    definitely lost: 378 bytes in 6 blocks
==21062==    indirectly lost: 306 bytes in 34 blocks
==21062==      possibly lost: 0 bytes in 0 blocks
==21062==    still reachable: 0 bytes in 0 blocks
==21062==         suppressed: 0 bytes in 0 blocks
==21062== Rerun with --leak-check=full to see details of leaked memory
==21062== 
==21062== For lists of detected and suppressed errors, rerun with: -s
==21062== ERROR SUMMARY: 0 errors from 0 contexts (suppressed: 0 from 0)
Running valgrind on ./maps/bad/wall_hole_east.cub...

[0;31m Error:[Walls check] incorrect vertical walls 
[0m Exit code: 1
‚ö†Ô∏è No Valgrind alerts, but with leaks[0m  
==21065== Memcheck, a memory error detector
==21065== Copyright (C) 2002-2022, and GNU GPL'd, by Julian Seward et al.
==21065== Using Valgrind-3.22.0 and LibVEX; rerun with -h for copyright info
==21065== Command: ./cub3d ./maps/bad/wall_hole_east.cub
==21065== Parent PID: 20605
==21065== 
==21065== 
==21065== HEAP SUMMARY:
==21065==     in use at exit: 598 bytes in 36 blocks
==21065==   total heap usage: 125 allocs, 89 frees, 3,829 bytes allocated
==21065== 
==21065== LEAK SUMMARY:
==21065==    definitely lost: 288 bytes in 2 blocks
==21065==    indirectly lost: 310 bytes in 34 blocks
==21065==      possibly lost: 0 bytes in 0 blocks
==21065==    still reachable: 0 bytes in 0 blocks
==21065==         suppressed: 0 bytes in 0 blocks
==21065== Rerun with --leak-check=full to see details of leaked memory
==21065== 
==21065== For lists of detected and suppressed errors, rerun with: -s
==21065== ERROR SUMMARY: 0 errors from 0 contexts (suppressed: 0 from 0)
Running valgrind on ./maps/bad/wall_hole_north.cub...

[0;31m Error:[Walls check] incorrect horizontal walls
[0m Exit code: 1
‚ö†Ô∏è No Valgrind alerts, but with leaks[0m  
==21068== Memcheck, a memory error detector
==21068== Copyright (C) 2002-2022, and GNU GPL'd, by Julian Seward et al.
==21068== Using Valgrind-3.22.0 and LibVEX; rerun with -h for copyright info
==21068== Command: ./cub3d ./maps/bad/wall_hole_north.cub
==21068== Parent PID: 20605
==21068== 
==21068== 
==21068== HEAP SUMMARY:
==21068==     in use at exit: 598 bytes in 36 blocks
==21068==   total heap usage: 125 allocs, 89 frees, 3,829 bytes allocated
==21068== 
==21068== LEAK SUMMARY:
==21068==    definitely lost: 288 bytes in 2 blocks
==21068==    indirectly lost: 310 bytes in 34 blocks
==21068==      possibly lost: 0 bytes in 0 blocks
==21068==    still reachable: 0 bytes in 0 blocks
==21068==         suppressed: 0 bytes in 0 blocks
==21068== Rerun with --leak-check=full to see details of leaked memory
==21068== 
==21068== For lists of detected and suppressed errors, rerun with: -s
==21068== ERROR SUMMARY: 0 errors from 0 contexts (suppressed: 0 from 0)
Running valgrind on ./maps/bad/wall_hole_south.cub...

[0;31m Error:[Walls check] incorrect horizontal walls
[0m Exit code: 1
‚ö†Ô∏è No Valgrind alerts, but with leaks[0m  
==21071== Memcheck, a memory error detector
==21071== Copyright (C) 2002-2022, and GNU GPL'd, by Julian Seward et al.
==21071== Using Valgrind-3.22.0 and LibVEX; rerun with -h for copyright info
==21071== Command: ./cub3d ./maps/bad/wall_hole_south.cub
==21071== Parent PID: 20605
==21071== 
==21071== 
==21071== HEAP SUMMARY:
==21071==     in use at exit: 598 bytes in 36 blocks
==21071==   total heap usage: 125 allocs, 89 frees, 3,829 bytes allocated
==21071== 
==21071== LEAK SUMMARY:
==21071==    definitely lost: 288 bytes in 2 blocks
==21071==    indirectly lost: 310 bytes in 34 blocks
==21071==      possibly lost: 0 bytes in 0 blocks
==21071==    still reachable: 0 bytes in 0 blocks
==21071==         suppressed: 0 bytes in 0 blocks
==21071== Rerun with --leak-check=full to see details of leaked memory
==21071== 
==21071== For lists of detected and suppressed errors, rerun with: -s
==21071== ERROR SUMMARY: 0 errors from 0 contexts (suppressed: 0 from 0)
Running valgrind on ./maps/bad/wall_hole_west.cub...

[0;31m Error:[Map check in file] Invalid map placement or format
[0m Exit code: 1
‚ö†Ô∏è No Valgrind alerts, but with leaks[0m  
==21122== Memcheck, a memory error detector
==21122== Copyright (C) 2002-2022, and GNU GPL'd, by Julian Seward et al.
==21122== Using Valgrind-3.22.0 and LibVEX; rerun with -h for copyright info
==21122== Command: ./cub3d ./maps/bad/wall_hole_west.cub
==21122== Parent PID: 20605
==21122== 
==21122== 
==21122== HEAP SUMMARY:
==21122==     in use at exit: 408 bytes in 22 blocks
==21122==   total heap usage: 98 allocs, 76 frees, 3,561 bytes allocated
==21122== 
==21122== LEAK SUMMARY:
==21122==    definitely lost: 176 bytes in 1 blocks
==21122==    indirectly lost: 232 bytes in 21 blocks
==21122==      possibly lost: 0 bytes in 0 blocks
==21122==    still reachable: 0 bytes in 0 blocks
==21122==         suppressed: 0 bytes in 0 blocks
==21122== Rerun with --leak-check=full to see details of leaked memory
==21122== 
==21122== For lists of detected and suppressed errors, rerun with: -s
==21122== ERROR SUMMARY: 0 errors from 0 contexts (suppressed: 0 from 0)
Running valgrind on ./maps/bad/wall_none.cub...

[0;31m Error:[Map start] No map or incorrect placement
[0m Exit code: 1
‚ö†Ô∏è No Valgrind alerts, but with leaks[0m  
==21125== Memcheck, a memory error detector
==21125== Copyright (C) 2002-2022, and GNU GPL'd, by Julian Seward et al.
==21125== Using Valgrind-3.22.0 and LibVEX; rerun with -h for copyright info
==21125== Command: ./cub3d ./maps/bad/wall_none.cub
==21125== Parent PID: 20605
==21125== 
==21125== 
==21125== HEAP SUMMARY:
==21125==     in use at exit: 408 bytes in 22 blocks
==21125==   total heap usage: 98 allocs, 76 frees, 3,561 bytes allocated
==21125== 
==21125== LEAK SUMMARY:
==21125==    definitely lost: 176 bytes in 1 blocks
==21125==    indirectly lost: 232 bytes in 21 blocks
==21125==      possibly lost: 0 bytes in 0 blocks
==21125==    still reachable: 0 bytes in 0 blocks
==21125==         suppressed: 0 bytes in 0 blocks
==21125== Rerun with --leak-check=full to see details of leaked memory
==21125== 
==21125== For lists of detected and suppressed errors, rerun with: -s
==21125== ERROR SUMMARY: 0 errors from 0 contexts (suppressed: 0 from 0)
Valgrind tests completed. Results saved to test_output.txt.
Starting Valgrind tests...
Running valgrind on ./maps/bad/color_invalid_rgb.cub...

Exit code: 0
‚ö†Ô∏è No Valgrind alerts, but with leaks[0m  
==22499== Memcheck, a memory error detector
==22499== Copyright (C) 2002-2022, and GNU GPL'd, by Julian Seward et al.
==22499== Using Valgrind-3.22.0 and LibVEX; rerun with -h for copyright info
==22499== Command: ./cub3d ./maps/bad/color_invalid_rgb.cub
==22499== Parent PID: 22497
==22499== 
==22499== 
==22499== HEAP SUMMARY:
==22499==     in use at exit: 801 bytes in 50 blocks
==22499==   total heap usage: 141 allocs, 91 frees, 4,039 bytes allocated
==22499== 
==22499== LEAK SUMMARY:
==22499==    definitely lost: 468 bytes in 10 blocks
==22499==    indirectly lost: 333 bytes in 40 blocks
==22499==      possibly lost: 0 bytes in 0 blocks
==22499==    still reachable: 0 bytes in 0 blocks
==22499==         suppressed: 0 bytes in 0 blocks
==22499== Rerun with --leak-check=full to see details of leaked memory
==22499== 
==22499== For lists of detected and suppressed errors, rerun with: -s
==22499== ERROR SUMMARY: 0 errors from 0 contexts (suppressed: 0 from 0)
Running valgrind on ./maps/bad/color_missing_ceiling_rgb.cub...

[0;31m Error:[Color] incorrect numbers
[0m Exit code: 1
‚ö†Ô∏è No Valgrind alerts, but with leaks[0m  
==22502== Memcheck, a memory error detector
==22502== Copyright (C) 2002-2022, and GNU GPL'd, by Julian Seward et al.
==22502== Using Valgrind-3.22.0 and LibVEX; rerun with -h for copyright info
==22502== Command: ./cub3d ./maps/bad/color_missing_ceiling_rgb.cub
==22502== Parent PID: 22497
==22502== 
==22502== 
==22502== HEAP SUMMARY:
==22502==     in use at exit: 780 bytes in 49 blocks
==22502==   total heap usage: 140 allocs, 91 frees, 3,986 bytes allocated
==22502== 
==22502== LEAK SUMMARY:
==22502==    definitely lost: 456 bytes in 10 blocks
==22502==    indirectly lost: 324 bytes in 39 blocks
==22502==      possibly lost: 0 bytes in 0 blocks
==22502==    still reachable: 0 bytes in 0 blocks
==22502==         suppressed: 0 bytes in 0 blocks
==22502== Rerun with --leak-check=full to see details of leaked memory
==22502== 
==22502== For lists of detected and suppressed errors, rerun with: -s
==22502== ERROR SUMMARY: 0 errors from 0 contexts (suppressed: 0 from 0)
Running valgrind on ./maps/bad/color_missing.cub...

[0;31m Error:[Color] colors are not complete
[0m Exit code: 1
‚ö†Ô∏è No Valgrind alerts, but with leaks[0m  
==22553== Memcheck, a memory error detector
==22553== Copyright (C) 2002-2022, and GNU GPL'd, by Julian Seward et al.
==22553== Using Valgrind-3.22.0 and LibVEX; rerun with -h for copyright info
==22553== Command: ./cub3d ./maps/bad/color_missing.cub
==22553== Parent PID: 22497
==22553== 
==22553== 
==22553== HEAP SUMMARY:
==22553==     in use at exit: 728 bytes in 44 blocks
==22553==   total heap usage: 131 allocs, 87 frees, 3,780 bytes allocated
==22553== 
==22553== LEAK SUMMARY:
==22553==    definitely lost: 418 bytes in 8 blocks
==22553==    indirectly lost: 310 bytes in 36 blocks
==22553==      possibly lost: 0 bytes in 0 blocks
==22553==    still reachable: 0 bytes in 0 blocks
==22553==         suppressed: 0 bytes in 0 blocks
==22553== Rerun with --leak-check=full to see details of leaked memory
==22553== 
==22553== For lists of detected and suppressed errors, rerun with: -s
==22553== ERROR SUMMARY: 0 errors from 0 contexts (suppressed: 0 from 0)
Running valgrind on ./maps/bad/color_missing_floor_rgb.cub...

[0;31m Error:[Color] incorrect numbers
[0m Exit code: 1
‚ö†Ô∏è No Valgrind alerts, but with leaks[0m  
==22556== Memcheck, a memory error detector
==22556== Copyright (C) 2002-2022, and GNU GPL'd, by Julian Seward et al.
==22556== Using Valgrind-3.22.0 and LibVEX; rerun with -h for copyright info
==22556== Command: ./cub3d ./maps/bad/color_missing_floor_rgb.cub
==22556== Parent PID: 22497
==22556== 
==22556== 
==22556== HEAP SUMMARY:
==22556==     in use at exit: 781 bytes in 49 blocks
==22556==   total heap usage: 140 allocs, 91 frees, 3,993 bytes allocated
==22556== 
==22556== LEAK SUMMARY:
==22556==    definitely lost: 456 bytes in 10 blocks
==22556==    indirectly lost: 325 bytes in 39 blocks
==22556==      possibly lost: 0 bytes in 0 blocks
==22556==    still reachable: 0 bytes in 0 blocks
==22556==         suppressed: 0 bytes in 0 blocks
==22556== Rerun with --leak-check=full to see details of leaked memory
==22556== 
==22556== For lists of detected and suppressed errors, rerun with: -s
==22556== ERROR SUMMARY: 0 errors from 0 contexts (suppressed: 0 from 0)
Running valgrind on ./maps/bad/color_none.cub...

[0;31m Error:[Color] colors are not complete
[0m Exit code: 1
‚ö†Ô∏è No Valgrind alerts, but with leaks[0m  
==22640== Memcheck, a memory error detector
==22640== Copyright (C) 2002-2022, and GNU GPL'd, by Julian Seward et al.
==22640== Using Valgrind-3.22.0 and LibVEX; rerun with -h for copyright info
==22640== Command: ./cub3d ./maps/bad/color_none.cub
==22640== Parent PID: 22497
==22640== 
==22640== 
==22640== HEAP SUMMARY:
==22640==     in use at exit: 639 bytes in 37 blocks
==22640==   total heap usage: 116 allocs, 79 frees, 3,196 bytes allocated
==22640== 
==22640== LEAK SUMMARY:
==22640==    definitely lost: 358 bytes in 6 blocks
==22640==    indirectly lost: 281 bytes in 31 blocks
==22640==      possibly lost: 0 bytes in 0 blocks
==22640==    still reachable: 0 bytes in 0 blocks
==22640==         suppressed: 0 bytes in 0 blocks
==22640== Rerun with --leak-check=full to see details of leaked memory
==22640== 
==22640== For lists of detected and suppressed errors, rerun with: -s
==22640== ERROR SUMMARY: 0 errors from 0 contexts (suppressed: 0 from 0)
Running valgrind on ./maps/bad/empty.cub...
Starting Valgrind tests...
Running valgrind on ./maps/bad/color_invalid_rgb.cub...

Exit code: 0
‚ö†Ô∏è No Valgrind alerts, but with leaks[0m  
==22793== Memcheck, a memory error detector
==22793== Copyright (C) 2002-2022, and GNU GPL'd, by Julian Seward et al.
==22793== Using Valgrind-3.22.0 and LibVEX; rerun with -h for copyright info
==22793== Command: ./cub3d ./maps/bad/color_invalid_rgb.cub
==22793== Parent PID: 22791
==22793== 
==22793== 
==22793== HEAP SUMMARY:
==22793==     in use at exit: 801 bytes in 50 blocks
==22793==   total heap usage: 141 allocs, 91 frees, 4,039 bytes allocated
==22793== 
==22793== LEAK SUMMARY:
==22793==    definitely lost: 468 bytes in 10 blocks
==22793==    indirectly lost: 333 bytes in 40 blocks
==22793==      possibly lost: 0 bytes in 0 blocks
==22793==    still reachable: 0 bytes in 0 blocks
==22793==         suppressed: 0 bytes in 0 blocks
==22793== Rerun with --leak-check=full to see details of leaked memory
==22793== 
==22793== For lists of detected and suppressed errors, rerun with: -s
==22793== ERROR SUMMARY: 0 errors from 0 contexts (suppressed: 0 from 0)
Running valgrind on ./maps/bad/color_missing_ceiling_rgb.cub...

[0;31m Error:[Color] incorrect numbers
[0m Exit code: 1
‚ö†Ô∏è No Valgrind alerts, but with leaks[0m  
==22796== Memcheck, a memory error detector
==22796== Copyright (C) 2002-2022, and GNU GPL'd, by Julian Seward et al.
==22796== Using Valgrind-3.22.0 and LibVEX; rerun with -h for copyright info
==22796== Command: ./cub3d ./maps/bad/color_missing_ceiling_rgb.cub
==22796== Parent PID: 22791
==22796== 
==22796== 
==22796== HEAP SUMMARY:
==22796==     in use at exit: 780 bytes in 49 blocks
==22796==   total heap usage: 140 allocs, 91 frees, 3,986 bytes allocated
==22796== 
==22796== LEAK SUMMARY:
==22796==    definitely lost: 456 bytes in 10 blocks
==22796==    indirectly lost: 324 bytes in 39 blocks
==22796==      possibly lost: 0 bytes in 0 blocks
==22796==    still reachable: 0 bytes in 0 blocks
==22796==         suppressed: 0 bytes in 0 blocks
==22796== Rerun with --leak-check=full to see details of leaked memory
==22796== 
==22796== For lists of detected and suppressed errors, rerun with: -s
==22796== ERROR SUMMARY: 0 errors from 0 contexts (suppressed: 0 from 0)
Running valgrind on ./maps/bad/color_missing.cub...

[0;31m Error:[Color] colors are not complete
[0m Exit code: 1
‚ö†Ô∏è No Valgrind alerts, but with leaks[0m  
==22852== Memcheck, a memory error detector
==22852== Copyright (C) 2002-2022, and GNU GPL'd, by Julian Seward et al.
==22852== Using Valgrind-3.22.0 and LibVEX; rerun with -h for copyright info
==22852== Command: ./cub3d ./maps/bad/color_missing.cub
==22852== Parent PID: 22791
==22852== 
==22852== 
==22852== HEAP SUMMARY:
==22852==     in use at exit: 728 bytes in 44 blocks
==22852==   total heap usage: 131 allocs, 87 frees, 3,780 bytes allocated
==22852== 
==22852== LEAK SUMMARY:
==22852==    definitely lost: 418 bytes in 8 blocks
==22852==    indirectly lost: 310 bytes in 36 blocks
==22852==      possibly lost: 0 bytes in 0 blocks
==22852==    still reachable: 0 bytes in 0 blocks
==22852==         suppressed: 0 bytes in 0 blocks
==22852== Rerun with --leak-check=full to see details of leaked memory
==22852== 
==22852== For lists of detected and suppressed errors, rerun with: -s
==22852== ERROR SUMMARY: 0 errors from 0 contexts (suppressed: 0 from 0)
Running valgrind on ./maps/bad/color_missing_floor_rgb.cub...

[0;31m Error:[Color] incorrect numbers
[0m Exit code: 1
‚ö†Ô∏è No Valgrind alerts, but with leaks[0m  
==22855== Memcheck, a memory error detector
==22855== Copyright (C) 2002-2022, and GNU GPL'd, by Julian Seward et al.
==22855== Using Valgrind-3.22.0 and LibVEX; rerun with -h for copyright info
==22855== Command: ./cub3d ./maps/bad/color_missing_floor_rgb.cub
==22855== Parent PID: 22791
==22855== 
==22855== 
==22855== HEAP SUMMARY:
==22855==     in use at exit: 781 bytes in 49 blocks
==22855==   total heap usage: 140 allocs, 91 frees, 3,993 bytes allocated
==22855== 
==22855== LEAK SUMMARY:
==22855==    definitely lost: 456 bytes in 10 blocks
==22855==    indirectly lost: 325 bytes in 39 blocks
==22855==      possibly lost: 0 bytes in 0 blocks
==22855==    still reachable: 0 bytes in 0 blocks
==22855==         suppressed: 0 bytes in 0 blocks
==22855== Rerun with --leak-check=full to see details of leaked memory
==22855== 
==22855== For lists of detected and suppressed errors, rerun with: -s
==22855== ERROR SUMMARY: 0 errors from 0 contexts (suppressed: 0 from 0)
Running valgrind on ./maps/bad/color_none.cub...

[0;31m Error:[Color] colors are not complete
[0m Exit code: 1
‚ö†Ô∏è No Valgrind alerts, but with leaks[0m  
==22949== Memcheck, a memory error detector
==22949== Copyright (C) 2002-2022, and GNU GPL'd, by Julian Seward et al.
==22949== Using Valgrind-3.22.0 and LibVEX; rerun with -h for copyright info
==22949== Command: ./cub3d ./maps/bad/color_none.cub
==22949== Parent PID: 22791
==22949== 
==22949== 
==22949== HEAP SUMMARY:
==22949==     in use at exit: 639 bytes in 37 blocks
==22949==   total heap usage: 116 allocs, 79 frees, 3,196 bytes allocated
==22949== 
==22949== LEAK SUMMARY:
==22949==    definitely lost: 358 bytes in 6 blocks
==22949==    indirectly lost: 281 bytes in 31 blocks
==22949==      possibly lost: 0 bytes in 0 blocks
==22949==    still reachable: 0 bytes in 0 blocks
==22949==         suppressed: 0 bytes in 0 blocks
==22949== Rerun with --leak-check=full to see details of leaked memory
==22949== 
==22949== For lists of detected and suppressed errors, rerun with: -s
==22949== ERROR SUMMARY: 0 errors from 0 contexts (suppressed: 0 from 0)
Running valgrind on ./maps/bad/empty.cub...
[0;31m Error:[Read file] file is empty
[0m Exit code: 1
[0;32m‚úÖ No Valgrind alerts, no leaks[0m  
==22952== Memcheck, a memory error detector
==22952== Copyright (C) 2002-2022, and GNU GPL'd, by Julian Seward et al.
==22952== Using Valgrind-3.22.0 and LibVEX; rerun with -h for copyright info
==22952== Command: ./cub3d ./maps/bad/empty.cub
==22952== Parent PID: 22791
==22952== 
==22952== 
==22952== HEAP SUMMARY:
==22952==     in use at exit: 0 bytes in 0 blocks
==22952==   total heap usage: 5 allocs, 5 frees, 170 bytes allocated
==22952== 
==22952== All heap blocks were freed -- no leaks are possible
==22952== 
==22952== For lists of detected and suppressed errors, rerun with: -s
==22952== ERROR SUMMARY: 0 errors from 0 contexts (suppressed: 0 from 0)
Running valgrind on ./maps/bad/file_letter_end.cub...

Exit code: 0
‚ö†Ô∏è No Valgrind alerts, but with leaks[0m  
==22955== Memcheck, a memory error detector
==22955== Copyright (C) 2002-2022, and GNU GPL'd, by Julian Seward et al.
==22955== Using Valgrind-3.22.0 and LibVEX; rerun with -h for copyright info
==22955== Command: ./cub3d ./maps/bad/file_letter_end.cub
==22955== Parent PID: 22791
==22955== 
==22955== 
==22955== HEAP SUMMARY:
==22955==     in use at exit: 1,135 bytes in 78 blocks
==22955==   total heap usage: 226 allocs, 148 frees, 8,053 bytes allocated
==22955== 
==22955== LEAK SUMMARY:
==22955==    definitely lost: 691 bytes in 10 blocks
==22955==    indirectly lost: 444 bytes in 68 blocks
==22955==      possibly lost: 0 bytes in 0 blocks
==22955==    still reachable: 0 bytes in 0 blocks
==22955==         suppressed: 0 bytes in 0 blocks
==22955== Rerun with --leak-check=full to see details of leaked memory
==22955== 
==22955== For lists of detected and suppressed errors, rerun with: -s
==22955== ERROR SUMMARY: 0 errors from 0 contexts (suppressed: 0 from 0)
Running valgrind on ./maps/bad/filetype_missing...
[0;31m Error:[Check args] no map or invalid map extension
[0m Exit code: 1
[0;32m‚úÖ No Valgrind alerts, no leaks[0m  
==22958== Memcheck, a memory error detector
==22958== Copyright (C) 2002-2022, and GNU GPL'd, by Julian Seward et al.
==22958== Using Valgrind-3.22.0 and LibVEX; rerun with -h for copyright info
==22958== Command: ./cub3d ./maps/bad/filetype_missing
==22958== Parent PID: 22791
==22958== 
==22958== 
==22958== HEAP SUMMARY:
==22958==     in use at exit: 0 bytes in 0 blocks
==22958==   total heap usage: 3 allocs, 3 frees, 144 bytes allocated
==22958== 
==22958== All heap blocks were freed -- no leaks are possible
==22958== 
==22958== For lists of detected and suppressed errors, rerun with: -s
==22958== ERROR SUMMARY: 0 errors from 0 contexts (suppressed: 0 from 0)
Running valgrind on ./maps/bad/filetype_wrong.buc...
[0;31m Error:[Check args] no map or invalid map extension
[0m Exit code: 1
[0;32m‚úÖ No Valgrind alerts, no leaks[0m  
==22961== Memcheck, a memory error detector
==22961== Copyright (C) 2002-2022, and GNU GPL'd, by Julian Seward et al.
==22961== Using Valgrind-3.22.0 and LibVEX; rerun with -h for copyright info
==22961== Command: ./cub3d ./maps/bad/filetype_wrong.buc
==22961== Parent PID: 22791
==22961== 
==22961== 
==22961== HEAP SUMMARY:
==22961==     in use at exit: 0 bytes in 0 blocks
==22961==   total heap usage: 3 allocs, 3 frees, 144 bytes allocated
==22961== 
==22961== All heap blocks were freed -- no leaks are possible
==22961== 
==22961== For lists of detected and suppressed errors, rerun with: -s
==22961== ERROR SUMMARY: 0 errors from 0 contexts (suppressed: 0 from 0)
Running valgrind on ./maps/bad/map_first.cub...

[0;31m Error:[Map start] No map or incorrect placement
[0m Exit code: 1
‚ö†Ô∏è No Valgrind alerts, but with leaks[0m  
==22964== Memcheck, a memory error detector
==22964== Copyright (C) 2002-2022, and GNU GPL'd, by Julian Seward et al.
==22964== Using Valgrind-3.22.0 and LibVEX; rerun with -h for copyright info
==22964== Command: ./cub3d ./maps/bad/map_first.cub
==22964== Parent PID: 22791
==22964== 
==22964== 
==22964== HEAP SUMMARY:
==22964==     in use at exit: 408 bytes in 22 blocks
==22964==   total heap usage: 98 allocs, 76 frees, 3,476 bytes allocated
==22964== 
==22964== LEAK SUMMARY:
==22964==    definitely lost: 176 bytes in 1 blocks
==22964==    indirectly lost: 232 bytes in 21 blocks
==22964==      possibly lost: 0 bytes in 0 blocks
==22964==    still reachable: 0 bytes in 0 blocks
==22964==         suppressed: 0 bytes in 0 blocks
==22964== Rerun with --leak-check=full to see details of leaked memory
==22964== 
==22964== For lists of detected and suppressed errors, rerun with: -s
==22964== ERROR SUMMARY: 0 errors from 0 contexts (suppressed: 0 from 0)
Running valgrind on ./maps/bad/map_middle.cub...

[0;31m Error:[Map check in file] Invalid map placement or format
[0m Exit code: 1
‚ö†Ô∏è No Valgrind alerts, but with leaks[0m  
==22988== Memcheck, a memory error detector
==22988== Copyright (C) 2002-2022, and GNU GPL'd, by Julian Seward et al.
==22988== Using Valgrind-3.22.0 and LibVEX; rerun with -h for copyright info
==22988== Command: ./cub3d ./maps/bad/map_middle.cub
==22988== Parent PID: 22791
==22988== 
==22988== 
==22988== HEAP SUMMARY:
==22988==     in use at exit: 428 bytes in 24 blocks
==22988==   total heap usage: 106 allocs, 82 frees, 3,963 bytes allocated
==22988== 
==22988== LEAK SUMMARY:
==22988==    definitely lost: 192 bytes in 1 blocks
==22988==    indirectly lost: 236 bytes in 23 blocks
==22988==      possibly lost: 0 bytes in 0 blocks
==22988==    still reachable: 0 bytes in 0 blocks
==22988==         suppressed: 0 bytes in 0 blocks
==22988== Rerun with --leak-check=full to see details of leaked memory
==22988== 
==22988== For lists of detected and suppressed errors, rerun with: -s
==22988== ERROR SUMMARY: 0 errors from 0 contexts (suppressed: 0 from 0)
Running valgrind on ./maps/bad/map_missing.cub...

[0;31m Error:[Map start] No map or incorrect placement
[0m Exit code: 1
‚ö†Ô∏è No Valgrind alerts, but with leaks[0m  
==23023== Memcheck, a memory error detector
==23023== Copyright (C) 2002-2022, and GNU GPL'd, by Julian Seward et al.
==23023== Using Valgrind-3.22.0 and LibVEX; rerun with -h for copyright info
==23023== Command: ./cub3d ./maps/bad/map_missing.cub
==23023== Parent PID: 22791
==23023== 
==23023== 
==23023== HEAP SUMMARY:
==23023==     in use at exit: 213 bytes in 9 blocks
==23023==   total heap usage: 43 allocs, 34 frees, 1,184 bytes allocated
==23023== 
==23023== LEAK SUMMARY:
==23023==    definitely lost: 72 bytes in 1 blocks
==23023==    indirectly lost: 141 bytes in 8 blocks
==23023==      possibly lost: 0 bytes in 0 blocks
==23023==    still reachable: 0 bytes in 0 blocks
==23023==         suppressed: 0 bytes in 0 blocks
==23023== Rerun with --leak-check=full to see details of leaked memory
==23023== 
==23023== For lists of detected and suppressed errors, rerun with: -s
==23023== ERROR SUMMARY: 0 errors from 0 contexts (suppressed: 0 from 0)
Running valgrind on ./maps/bad/map_only.cub...

[0;31m Error:[Map start] No map or incorrect placement
[0m Exit code: 1
‚ö†Ô∏è No Valgrind alerts, but with leaks[0m  
==23117== Memcheck, a memory error detector
==23117== Copyright (C) 2002-2022, and GNU GPL'd, by Julian Seward et al.
==23117== Using Valgrind-3.22.0 and LibVEX; rerun with -h for copyright info
==23117== Command: ./cub3d ./maps/bad/map_only.cub
==23117== Parent PID: 22791
==23117== 
==23117== 
==23117== HEAP SUMMARY:
==23117==     in use at exit: 203 bytes in 14 blocks
==23117==   total heap usage: 61 allocs, 47 frees, 1,634 bytes allocated
==23117== 
==23117== LEAK SUMMARY:
==23117==    definitely lost: 112 bytes in 1 blocks
==23117==    indirectly lost: 91 bytes in 13 blocks
==23117==      possibly lost: 0 bytes in 0 blocks
==23117==    still reachable: 0 bytes in 0 blocks
==23117==         suppressed: 0 bytes in 0 blocks
==23117== Rerun with --leak-check=full to see details of leaked memory
==23117== 
==23117== For lists of detected and suppressed errors, rerun with: -s
==23117== ERROR SUMMARY: 0 errors from 0 contexts (suppressed: 0 from 0)
Running valgrind on ./maps/bad/map_too_small.cub...

[0;31m Error:[Map check in file] Invalid map size
[0m Exit code: 1
‚ö†Ô∏è No Valgrind alerts, but with leaks[0m  
==23120== Memcheck, a memory error detector
==23120== Copyright (C) 2002-2022, and GNU GPL'd, by Julian Seward et al.
==23120== Using Valgrind-3.22.0 and LibVEX; rerun with -h for copyright info
==23120== Command: ./cub3d ./maps/bad/map_too_small.cub
==23120== Parent PID: 22791
==23120== 
==23120== 
==23120== HEAP SUMMARY:
==23120==     in use at exit: 239 bytes in 11 blocks
==23120==   total heap usage: 51 allocs, 40 frees, 1,444 bytes allocated
==23120== 
==23120== LEAK SUMMARY:
==23120==    definitely lost: 88 bytes in 1 blocks
==23120==    indirectly lost: 151 bytes in 10 blocks
==23120==      possibly lost: 0 bytes in 0 blocks
==23120==    still reachable: 0 bytes in 0 blocks
==23120==         suppressed: 0 bytes in 0 blocks
==23120== Rerun with --leak-check=full to see details of leaked memory
==23120== 
==23120== For lists of detected and suppressed errors, rerun with: -s
==23120== ERROR SUMMARY: 0 errors from 0 contexts (suppressed: 0 from 0)
Running valgrind on ./maps/bad/player_multiple.cub...

[0;31m Error:[Map validation] invalid number of player 
[0m Exit code: 1
‚ö†Ô∏è No Valgrind alerts, but with leaks[0m  
==23123== Memcheck, a memory error detector
==23123== Copyright (C) 2002-2022, and GNU GPL'd, by Julian Seward et al.
==23123== Using Valgrind-3.22.0 and LibVEX; rerun with -h for copyright info
==23123== Command: ./cub3d ./maps/bad/player_multiple.cub
==23123== Parent PID: 22791
==23123== 
==23123== 
==23123== HEAP SUMMARY:
==23123==     in use at exit: 598 bytes in 36 blocks
==23123==   total heap usage: 125 allocs, 89 frees, 3,829 bytes allocated
==23123== 
==23123== LEAK SUMMARY:
==23123==    definitely lost: 288 bytes in 2 blocks
==23123==    indirectly lost: 310 bytes in 34 blocks
==23123==      possibly lost: 0 bytes in 0 blocks
==23123==    still reachable: 0 bytes in 0 blocks
==23123==         suppressed: 0 bytes in 0 blocks
==23123== Rerun with --leak-check=full to see details of leaked memory
==23123== 
==23123== For lists of detected and suppressed errors, rerun with: -s
==23123== ERROR SUMMARY: 0 errors from 0 contexts (suppressed: 0 from 0)
Running valgrind on ./maps/bad/player_none.cub...

[0;31m Error:[Map validation] invalid number of player 
[0m Exit code: 1
‚ö†Ô∏è No Valgrind alerts, but with leaks[0m  
==23126== Memcheck, a memory error detector
==23126== Copyright (C) 2002-2022, and GNU GPL'd, by Julian Seward et al.
==23126== Using Valgrind-3.22.0 and LibVEX; rerun with -h for copyright info
==23126== Command: ./cub3d ./maps/bad/player_none.cub
==23126== Parent PID: 22791
==23126== 
==23126== 
==23126== HEAP SUMMARY:
==23126==     in use at exit: 598 bytes in 36 blocks
==23126==   total heap usage: 125 allocs, 89 frees, 3,829 bytes allocated
==23126== 
==23126== LEAK SUMMARY:
==23126==    definitely lost: 288 bytes in 2 blocks
==23126==    indirectly lost: 310 bytes in 34 blocks
==23126==      possibly lost: 0 bytes in 0 blocks
==23126==    still reachable: 0 bytes in 0 blocks
==23126==         suppressed: 0 bytes in 0 blocks
==23126== Rerun with --leak-check=full to see details of leaked memory
==23126== 
==23126== For lists of detected and suppressed errors, rerun with: -s
==23126== ERROR SUMMARY: 0 errors from 0 contexts (suppressed: 0 from 0)
Running valgrind on ./maps/bad/player_on_edge.cub...

[0;31m Error:[Walls check] incorrect horizontal walls
[0m Exit code: 1
‚ö†Ô∏è No Valgrind alerts, but with leaks[0m  
==23129== Memcheck, a memory error detector
==23129== Copyright (C) 2002-2022, and GNU GPL'd, by Julian Seward et al.
==23129== Using Valgrind-3.22.0 and LibVEX; rerun with -h for copyright info
==23129== Command: ./cub3d ./maps/bad/player_on_edge.cub
==23129== Parent PID: 22791
==23129== 
==23129== 
==23129== HEAP SUMMARY:
==23129==     in use at exit: 598 bytes in 36 blocks
==23129==   total heap usage: 125 allocs, 89 frees, 3,829 bytes allocated
==23129== 
==23129== LEAK SUMMARY:
==23129==    definitely lost: 288 bytes in 2 blocks
==23129==    indirectly lost: 310 bytes in 34 blocks
==23129==      possibly lost: 0 bytes in 0 blocks
==23129==    still reachable: 0 bytes in 0 blocks
==23129==         suppressed: 0 bytes in 0 blocks
==23129== Rerun with --leak-check=full to see details of leaked memory
==23129== 
==23129== For lists of detected and suppressed errors, rerun with: -s
==23129== ERROR SUMMARY: 0 errors from 0 contexts (suppressed: 0 from 0)
Running valgrind on ./maps/bad/textures_dir.cub...

[0;31m Error:[Texture verification] invalid texture format
[0m Exit code: 1
‚ö†Ô∏è No Valgrind alerts, but with leaks[0m  
==23132== Memcheck, a memory error detector
==23132== Copyright (C) 2002-2022, and GNU GPL'd, by Julian Seward et al.
==23132== Using Valgrind-3.22.0 and LibVEX; rerun with -h for copyright info
==23132== Command: ./cub3d ./maps/bad/textures_dir.cub
==23132== Parent PID: 22791
==23132== 
==23132== 
==23132== HEAP SUMMARY:
==23132==     in use at exit: 676 bytes in 40 blocks
==23132==   total heap usage: 129 allocs, 89 frees, 3,889 bytes allocated
==23132== 
==23132== LEAK SUMMARY:
==23132==    definitely lost: 374 bytes in 6 blocks
==23132==    indirectly lost: 302 bytes in 34 blocks
==23132==      possibly lost: 0 bytes in 0 blocks
==23132==    still reachable: 0 bytes in 0 blocks
==23132==         suppressed: 0 bytes in 0 blocks
==23132== Rerun with --leak-check=full to see details of leaked memory
==23132== 
==23132== For lists of detected and suppressed errors, rerun with: -s
==23132== ERROR SUMMARY: 0 errors from 0 contexts (suppressed: 0 from 0)
Running valgrind on ./maps/bad/textures_duplicates.cub...

[0;31m Error:[Texture save] Duplicate found
[0m Exit code: 1
‚ö†Ô∏è No Valgrind alerts, but with leaks[0m  
==23135== Memcheck, a memory error detector
==23135== Copyright (C) 2002-2022, and GNU GPL'd, by Julian Seward et al.
==23135== Using Valgrind-3.22.0 and LibVEX; rerun with -h for copyright info
==23135== Command: ./cub3d ./maps/bad/textures_duplicates.cub
==23135== Parent PID: 22791
==23135== 
==23135== 
==23135== HEAP SUMMARY:
==23135==     in use at exit: 750 bytes in 42 blocks
==23135==   total heap usage: 135 allocs, 93 frees, 4,203 bytes allocated
==23135== 
==23135== LEAK SUMMARY:
==23135==    definitely lost: 413 bytes in 7 blocks
==23135==    indirectly lost: 337 bytes in 35 blocks
==23135==      possibly lost: 0 bytes in 0 blocks
==23135==    still reachable: 0 bytes in 0 blocks
==23135==         suppressed: 0 bytes in 0 blocks
==23135== Rerun with --leak-check=full to see details of leaked memory
==23135== 
==23135== For lists of detected and suppressed errors, rerun with: -s
==23135== ERROR SUMMARY: 0 errors from 0 contexts (suppressed: 0 from 0)
Running valgrind on ./maps/bad/textures_invalid.cub...

[0;31m Error:[Texture verification] invalid texture format
[0m Exit code: 1
‚ö†Ô∏è No Valgrind alerts, but with leaks[0m  
==23191== Memcheck, a memory error detector
==23191== Copyright (C) 2002-2022, and GNU GPL'd, by Julian Seward et al.
==23191== Using Valgrind-3.22.0 and LibVEX; rerun with -h for copyright info
==23191== Command: ./cub3d ./maps/bad/textures_invalid.cub
==23191== Parent PID: 22791
==23191== 
==23191== 
==23191== HEAP SUMMARY:
==23191==     in use at exit: 678 bytes in 40 blocks
==23191==   total heap usage: 129 allocs, 89 frees, 3,886 bytes allocated
==23191== 
==23191== LEAK SUMMARY:
==23191==    definitely lost: 375 bytes in 6 blocks
==23191==    indirectly lost: 303 bytes in 34 blocks
==23191==      possibly lost: 0 bytes in 0 blocks
==23191==    still reachable: 0 bytes in 0 blocks
==23191==         suppressed: 0 bytes in 0 blocks
==23191== Rerun with --leak-check=full to see details of leaked memory
==23191== 
==23191== For lists of detected and suppressed errors, rerun with: -s
==23191== ERROR SUMMARY: 0 errors from 0 contexts (suppressed: 0 from 0)
Running valgrind on ./maps/bad/textures_missing.cub...

[0;31m Error:[Texture] textures are not complete
[0m Exit code: 1
‚ö†Ô∏è No Valgrind alerts, but with leaks[0m  
==23194== Memcheck, a memory error detector
==23194== Copyright (C) 2002-2022, and GNU GPL'd, by Julian Seward et al.
==23194== Using Valgrind-3.22.0 and LibVEX; rerun with -h for copyright info
==23194== Command: ./cub3d ./maps/bad/textures_missing.cub
==23194== Parent PID: 22791
==23194== 
==23194== 
==23194== HEAP SUMMARY:
==23194==     in use at exit: 632 bytes in 38 blocks
==23194==   total heap usage: 123 allocs, 85 frees, 3,582 bytes allocated
==23194== 
==23194== LEAK SUMMARY:
==23194==    definitely lost: 350 bytes in 5 blocks
==23194==    indirectly lost: 282 bytes in 33 blocks
==23194==      possibly lost: 0 bytes in 0 blocks
==23194==    still reachable: 0 bytes in 0 blocks
==23194==         suppressed: 0 bytes in 0 blocks
==23194== Rerun with --leak-check=full to see details of leaked memory
==23194== 
==23194== For lists of detected and suppressed errors, rerun with: -s
==23194== ERROR SUMMARY: 0 errors from 0 contexts (suppressed: 0 from 0)
Running valgrind on ./maps/bad/textures_none.cub...

[0;31m Error:[Texture] textures are not complete
[0m Exit code: 1
‚ö†Ô∏è No Valgrind alerts, but with leaks[0m  
==23291== Memcheck, a memory error detector
==23291== Copyright (C) 2002-2022, and GNU GPL'd, by Julian Seward et al.
==23291== Using Valgrind-3.22.0 and LibVEX; rerun with -h for copyright info
==23291== Command: ./cub3d ./maps/bad/textures_none.cub
==23291== Parent PID: 22791
==23291== 
==23291== 
==23291== HEAP SUMMARY:
==23291==     in use at exit: 446 bytes in 31 blocks
==23291==   total heap usage: 101 allocs, 70 frees, 2,538 bytes allocated
==23291== 
==23291== LEAK SUMMARY:
==23291==    definitely lost: 248 bytes in 2 blocks
==23291==    indirectly lost: 198 bytes in 29 blocks
==23291==      possibly lost: 0 bytes in 0 blocks
==23291==    still reachable: 0 bytes in 0 blocks
==23291==         suppressed: 0 bytes in 0 blocks
==23291== Rerun with --leak-check=full to see details of leaked memory
==23291== 
==23291== For lists of detected and suppressed errors, rerun with: -s
==23291== ERROR SUMMARY: 0 errors from 0 contexts (suppressed: 0 from 0)
Running valgrind on ./maps/bad/textures_not_xpm.cub...

[0;31m Error:[Texture verification] invalid texture format
[0m Exit code: 1
‚ö†Ô∏è No Valgrind alerts, but with leaks[0m  
==23294== Memcheck, a memory error detector
==23294== Copyright (C) 2002-2022, and GNU GPL'd, by Julian Seward et al.
==23294== Using Valgrind-3.22.0 and LibVEX; rerun with -h for copyright info
==23294== Command: ./cub3d ./maps/bad/textures_not_xpm.cub
==23294== Parent PID: 22791
==23294== 
==23294== 
==23294== HEAP SUMMARY:
==23294==     in use at exit: 684 bytes in 40 blocks
==23294==   total heap usage: 129 allocs, 89 frees, 3,879 bytes allocated
==23294== 
==23294== LEAK SUMMARY:
==23294==    definitely lost: 378 bytes in 6 blocks
==23294==    indirectly lost: 306 bytes in 34 blocks
==23294==      possibly lost: 0 bytes in 0 blocks
==23294==    still reachable: 0 bytes in 0 blocks
==23294==         suppressed: 0 bytes in 0 blocks
==23294== Rerun with --leak-check=full to see details of leaked memory
==23294== 
==23294== For lists of detected and suppressed errors, rerun with: -s
==23294== ERROR SUMMARY: 0 errors from 0 contexts (suppressed: 0 from 0)
Running valgrind on ./maps/bad/wall_hole_east.cub...
Starting Valgrind tests...
Running valgrind on ./maps/bad/color_invalid_rgb.cub...

Exit code: 0
‚ö†Ô∏è No Valgrind alerts, but with leaks[0m  
==23533== Memcheck, a memory error detector
==23533== Copyright (C) 2002-2022, and GNU GPL'd, by Julian Seward et al.
==23533== Using Valgrind-3.22.0 and LibVEX; rerun with -h for copyright info
==23533== Command: ./cub3d ./maps/bad/color_invalid_rgb.cub
==23533== Parent PID: 23531
==23533== 
==23533== 
==23533== HEAP SUMMARY:
==23533==     in use at exit: 801 bytes in 50 blocks
==23533==   total heap usage: 141 allocs, 91 frees, 4,039 bytes allocated
==23533== 
==23533== LEAK SUMMARY:
==23533==    definitely lost: 468 bytes in 10 blocks
==23533==    indirectly lost: 333 bytes in 40 blocks
==23533==      possibly lost: 0 bytes in 0 blocks
==23533==    still reachable: 0 bytes in 0 blocks
==23533==         suppressed: 0 bytes in 0 blocks
==23533== Rerun with --leak-check=full to see details of leaked memory
==23533== 
==23533== For lists of detected and suppressed errors, rerun with: -s
==23533== ERROR SUMMARY: 0 errors from 0 contexts (suppressed: 0 from 0)
Running valgrind on ./maps/bad/color_missing_ceiling_rgb.cub...

[0;31m Error:[Color] incorrect numbers
[0m Exit code: 1
‚ö†Ô∏è No Valgrind alerts, but with leaks[0m  
==23536== Memcheck, a memory error detector
==23536== Copyright (C) 2002-2022, and GNU GPL'd, by Julian Seward et al.
==23536== Using Valgrind-3.22.0 and LibVEX; rerun with -h for copyright info
==23536== Command: ./cub3d ./maps/bad/color_missing_ceiling_rgb.cub
==23536== Parent PID: 23531
==23536== 
==23536== 
==23536== HEAP SUMMARY:
==23536==     in use at exit: 780 bytes in 49 blocks
==23536==   total heap usage: 140 allocs, 91 frees, 3,986 bytes allocated
==23536== 
==23536== LEAK SUMMARY:
==23536==    definitely lost: 456 bytes in 10 blocks
==23536==    indirectly lost: 324 bytes in 39 blocks
==23536==      possibly lost: 0 bytes in 0 blocks
==23536==    still reachable: 0 bytes in 0 blocks
==23536==         suppressed: 0 bytes in 0 blocks
==23536== Rerun with --leak-check=full to see details of leaked memory
==23536== 
==23536== For lists of detected and suppressed errors, rerun with: -s
==23536== ERROR SUMMARY: 0 errors from 0 contexts (suppressed: 0 from 0)
Running valgrind on ./maps/bad/color_missing.cub...

[0;31m Error:[Color] colors are not complete
[0m Exit code: 1
‚ö†Ô∏è No Valgrind alerts, but with leaks[0m  
==23597== Memcheck, a memory error detector
==23597== Copyright (C) 2002-2022, and GNU GPL'd, by Julian Seward et al.
==23597== Using Valgrind-3.22.0 and LibVEX; rerun with -h for copyright info
==23597== Command: ./cub3d ./maps/bad/color_missing.cub
==23597== Parent PID: 23531
==23597== 
==23597== 
==23597== HEAP SUMMARY:
==23597==     in use at exit: 728 bytes in 44 blocks
==23597==   total heap usage: 131 allocs, 87 frees, 3,780 bytes allocated
==23597== 
==23597== LEAK SUMMARY:
==23597==    definitely lost: 418 bytes in 8 blocks
==23597==    indirectly lost: 310 bytes in 36 blocks
==23597==      possibly lost: 0 bytes in 0 blocks
==23597==    still reachable: 0 bytes in 0 blocks
==23597==         suppressed: 0 bytes in 0 blocks
==23597== Rerun with --leak-check=full to see details of leaked memory
==23597== 
==23597== For lists of detected and suppressed errors, rerun with: -s
==23597== ERROR SUMMARY: 0 errors from 0 contexts (suppressed: 0 from 0)
Running valgrind on ./maps/bad/color_missing_floor_rgb.cub...

[0;31m Error:[Color] incorrect numbers
[0m Exit code: 1
‚ö†Ô∏è No Valgrind alerts, but with leaks[0m  
==23600== Memcheck, a memory error detector
==23600== Copyright (C) 2002-2022, and GNU GPL'd, by Julian Seward et al.
==23600== Using Valgrind-3.22.0 and LibVEX; rerun with -h for copyright info
==23600== Command: ./cub3d ./maps/bad/color_missing_floor_rgb.cub
==23600== Parent PID: 23531
==23600== 
==23600== 
==23600== HEAP SUMMARY:
==23600==     in use at exit: 781 bytes in 49 blocks
==23600==   total heap usage: 140 allocs, 91 frees, 3,993 bytes allocated
==23600== 
==23600== LEAK SUMMARY:
==23600==    definitely lost: 456 bytes in 10 blocks
==23600==    indirectly lost: 325 bytes in 39 blocks
==23600==      possibly lost: 0 bytes in 0 blocks
==23600==    still reachable: 0 bytes in 0 blocks
==23600==         suppressed: 0 bytes in 0 blocks
==23600== Rerun with --leak-check=full to see details of leaked memory
==23600== 
==23600== For lists of detected and suppressed errors, rerun with: -s
==23600== ERROR SUMMARY: 0 errors from 0 contexts (suppressed: 0 from 0)
Running valgrind on ./maps/bad/color_none.cub...

[0;31m Error:[Color] colors are not complete
[0m Exit code: 1
‚ö†Ô∏è No Valgrind alerts, but with leaks[0m  
==23704== Memcheck, a memory error detector
==23704== Copyright (C) 2002-2022, and GNU GPL'd, by Julian Seward et al.
==23704== Using Valgrind-3.22.0 and LibVEX; rerun with -h for copyright info
==23704== Command: ./cub3d ./maps/bad/color_none.cub
==23704== Parent PID: 23531
==23704== 
==23704== 
==23704== HEAP SUMMARY:
==23704==     in use at exit: 639 bytes in 37 blocks
==23704==   total heap usage: 116 allocs, 79 frees, 3,196 bytes allocated
==23704== 
==23704== LEAK SUMMARY:
==23704==    definitely lost: 358 bytes in 6 blocks
==23704==    indirectly lost: 281 bytes in 31 blocks
==23704==      possibly lost: 0 bytes in 0 blocks
==23704==    still reachable: 0 bytes in 0 blocks
==23704==         suppressed: 0 bytes in 0 blocks
==23704== Rerun with --leak-check=full to see details of leaked memory
==23704== 
==23704== For lists of detected and suppressed errors, rerun with: -s
==23704== ERROR SUMMARY: 0 errors from 0 contexts (suppressed: 0 from 0)
Running valgrind on ./maps/bad/empty.cub...
[0;31m Error:[Read file] file is empty
[0m Exit code: 1
[0;32m‚úÖ No Valgrind alerts, no leaks[0m  
==23707== Memcheck, a memory error detector
==23707== Copyright (C) 2002-2022, and GNU GPL'd, by Julian Seward et al.
==23707== Using Valgrind-3.22.0 and LibVEX; rerun with -h for copyright info
==23707== Command: ./cub3d ./maps/bad/empty.cub
==23707== Parent PID: 23531
==23707== 
==23707== 
==23707== HEAP SUMMARY:
==23707==     in use at exit: 0 bytes in 0 blocks
==23707==   total heap usage: 5 allocs, 5 frees, 170 bytes allocated
==23707== 
==23707== All heap blocks were freed -- no leaks are possible
==23707== 
==23707== For lists of detected and suppressed errors, rerun with: -s
==23707== ERROR SUMMARY: 0 errors from 0 contexts (suppressed: 0 from 0)
Running valgrind on ./maps/bad/file_letter_end.cub...

Exit code: 0
‚ö†Ô∏è No Valgrind alerts, but with leaks[0m  
==23710== Memcheck, a memory error detector
==23710== Copyright (C) 2002-2022, and GNU GPL'd, by Julian Seward et al.
==23710== Using Valgrind-3.22.0 and LibVEX; rerun with -h for copyright info
==23710== Command: ./cub3d ./maps/bad/file_letter_end.cub
==23710== Parent PID: 23531
==23710== 
==23710== 
==23710== HEAP SUMMARY:
==23710==     in use at exit: 1,135 bytes in 78 blocks
==23710==   total heap usage: 226 allocs, 148 frees, 8,053 bytes allocated
==23710== 
==23710== LEAK SUMMARY:
==23710==    definitely lost: 691 bytes in 10 blocks
==23710==    indirectly lost: 444 bytes in 68 blocks
==23710==      possibly lost: 0 bytes in 0 blocks
==23710==    still reachable: 0 bytes in 0 blocks
==23710==         suppressed: 0 bytes in 0 blocks
==23710== Rerun with --leak-check=full to see details of leaked memory
==23710== 
==23710== For lists of detected and suppressed errors, rerun with: -s
==23710== ERROR SUMMARY: 0 errors from 0 contexts (suppressed: 0 from 0)
Running valgrind on ./maps/bad/filetype_missing...
[0;31m Error:[Check args] no map or invalid map extension
[0m Exit code: 1
[0;32m‚úÖ No Valgrind alerts, no leaks[0m  
==23761== Memcheck, a memory error detector
==23761== Copyright (C) 2002-2022, and GNU GPL'd, by Julian Seward et al.
==23761== Using Valgrind-3.22.0 and LibVEX; rerun with -h for copyright info
==23761== Command: ./cub3d ./maps/bad/filetype_missing
==23761== Parent PID: 23531
==23761== 
==23761== 
==23761== HEAP SUMMARY:
==23761==     in use at exit: 0 bytes in 0 blocks
==23761==   total heap usage: 3 allocs, 3 frees, 144 bytes allocated
==23761== 
==23761== All heap blocks were freed -- no leaks are possible
==23761== 
==23761== For lists of detected and suppressed errors, rerun with: -s
==23761== ERROR SUMMARY: 0 errors from 0 contexts (suppressed: 0 from 0)
Running valgrind on ./maps/bad/filetype_wrong.buc...
[0;31m Error:[Check args] no map or invalid map extension
[0m Exit code: 1
[0;32m‚úÖ No Valgrind alerts, no leaks[0m  
==23774== Memcheck, a memory error detector
==23774== Copyright (C) 2002-2022, and GNU GPL'd, by Julian Seward et al.
==23774== Using Valgrind-3.22.0 and LibVEX; rerun with -h for copyright info
==23774== Command: ./cub3d ./maps/bad/filetype_wrong.buc
==23774== Parent PID: 23531
==23774== 
==23774== 
==23774== HEAP SUMMARY:
==23774==     in use at exit: 0 bytes in 0 blocks
==23774==   total heap usage: 3 allocs, 3 frees, 144 bytes allocated
==23774== 
==23774== All heap blocks were freed -- no leaks are possible
==23774== 
==23774== For lists of detected and suppressed errors, rerun with: -s
==23774== ERROR SUMMARY: 0 errors from 0 contexts (suppressed: 0 from 0)
Running valgrind on ./maps/bad/map_first.cub...

[0;31m Error:[Map start] No map or incorrect placement
[0m Exit code: 1
‚ö†Ô∏è No Valgrind alerts, but with leaks[0m  
==23878== Memcheck, a memory error detector
==23878== Copyright (C) 2002-2022, and GNU GPL'd, by Julian Seward et al.
==23878== Using Valgrind-3.22.0 and LibVEX; rerun with -h for copyright info
==23878== Command: ./cub3d ./maps/bad/map_first.cub
==23878== Parent PID: 23531
==23878== 
==23878== 
==23878== HEAP SUMMARY:
==23878==     in use at exit: 408 bytes in 22 blocks
==23878==   total heap usage: 98 allocs, 76 frees, 3,476 bytes allocated
==23878== 
==23878== LEAK SUMMARY:
==23878==    definitely lost: 176 bytes in 1 blocks
==23878==    indirectly lost: 232 bytes in 21 blocks
==23878==      possibly lost: 0 bytes in 0 blocks
==23878==    still reachable: 0 bytes in 0 blocks
==23878==         suppressed: 0 bytes in 0 blocks
==23878== Rerun with --leak-check=full to see details of leaked memory
==23878== 
==23878== For lists of detected and suppressed errors, rerun with: -s
==23878== ERROR SUMMARY: 0 errors from 0 contexts (suppressed: 0 from 0)
Running valgrind on ./maps/bad/map_middle.cub...

[0;31m Error:[Map check in file] Invalid map placement or format
[0m Exit code: 1
‚ö†Ô∏è No Valgrind alerts, but with leaks[0m  
==23881== Memcheck, a memory error detector
==23881== Copyright (C) 2002-2022, and GNU GPL'd, by Julian Seward et al.
==23881== Using Valgrind-3.22.0 and LibVEX; rerun with -h for copyright info
==23881== Command: ./cub3d ./maps/bad/map_middle.cub
==23881== Parent PID: 23531
==23881== 
==23881== 
==23881== HEAP SUMMARY:
==23881==     in use at exit: 428 bytes in 24 blocks
==23881==   total heap usage: 106 allocs, 82 frees, 3,963 bytes allocated
==23881== 
==23881== LEAK SUMMARY:
==23881==    definitely lost: 192 bytes in 1 blocks
==23881==    indirectly lost: 236 bytes in 23 blocks
==23881==      possibly lost: 0 bytes in 0 blocks
==23881==    still reachable: 0 bytes in 0 blocks
==23881==         suppressed: 0 bytes in 0 blocks
==23881== Rerun with --leak-check=full to see details of leaked memory
==23881== 
==23881== For lists of detected and suppressed errors, rerun with: -s
==23881== ERROR SUMMARY: 0 errors from 0 contexts (suppressed: 0 from 0)
Running valgrind on ./maps/bad/map_missing.cub...

[0;31m Error:[Map start] No map or incorrect placement
[0m Exit code: 1
‚ö†Ô∏è No Valgrind alerts, but with leaks[0m  
==23884== Memcheck, a memory error detector
==23884== Copyright (C) 2002-2022, and GNU GPL'd, by Julian Seward et al.
==23884== Using Valgrind-3.22.0 and LibVEX; rerun with -h for copyright info
==23884== Command: ./cub3d ./maps/bad/map_missing.cub
==23884== Parent PID: 23531
==23884== 
==23884== 
==23884== HEAP SUMMARY:
==23884==     in use at exit: 213 bytes in 9 blocks
==23884==   total heap usage: 43 allocs, 34 frees, 1,184 bytes allocated
==23884== 
==23884== LEAK SUMMARY:
==23884==    definitely lost: 72 bytes in 1 blocks
==23884==    indirectly lost: 141 bytes in 8 blocks
==23884==      possibly lost: 0 bytes in 0 blocks
==23884==    still reachable: 0 bytes in 0 blocks
==23884==         suppressed: 0 bytes in 0 blocks
==23884== Rerun with --leak-check=full to see details of leaked memory
==23884== 
==23884== For lists of detected and suppressed errors, rerun with: -s
==23884== ERROR SUMMARY: 0 errors from 0 contexts (suppressed: 0 from 0)
Running valgrind on ./maps/bad/map_only.cub...

[0;31m Error:[Map start] No map or incorrect placement
[0m Exit code: 1
‚ö†Ô∏è No Valgrind alerts, but with leaks[0m  
==23887== Memcheck, a memory error detector
==23887== Copyright (C) 2002-2022, and GNU GPL'd, by Julian Seward et al.
==23887== Using Valgrind-3.22.0 and LibVEX; rerun with -h for copyright info
==23887== Command: ./cub3d ./maps/bad/map_only.cub
==23887== Parent PID: 23531
==23887== 
==23887== 
==23887== HEAP SUMMARY:
==23887==     in use at exit: 203 bytes in 14 blocks
==23887==   total heap usage: 61 allocs, 47 frees, 1,634 bytes allocated
==23887== 
==23887== LEAK SUMMARY:
==23887==    definitely lost: 112 bytes in 1 blocks
==23887==    indirectly lost: 91 bytes in 13 blocks
==23887==      possibly lost: 0 bytes in 0 blocks
==23887==    still reachable: 0 bytes in 0 blocks
==23887==         suppressed: 0 bytes in 0 blocks
==23887== Rerun with --leak-check=full to see details of leaked memory
==23887== 
==23887== For lists of detected and suppressed errors, rerun with: -s
==23887== ERROR SUMMARY: 0 errors from 0 contexts (suppressed: 0 from 0)
Running valgrind on ./maps/bad/map_too_small.cub...

[0;31m Error:[Map check in file] Invalid map size
[0m Exit code: 1
‚ö†Ô∏è No Valgrind alerts, but with leaks[0m  
==23890== Memcheck, a memory error detector
==23890== Copyright (C) 2002-2022, and GNU GPL'd, by Julian Seward et al.
==23890== Using Valgrind-3.22.0 and LibVEX; rerun with -h for copyright info
==23890== Command: ./cub3d ./maps/bad/map_too_small.cub
==23890== Parent PID: 23531
==23890== 
==23890== 
==23890== HEAP SUMMARY:
==23890==     in use at exit: 239 bytes in 11 blocks
==23890==   total heap usage: 51 allocs, 40 frees, 1,444 bytes allocated
==23890== 
==23890== LEAK SUMMARY:
==23890==    definitely lost: 88 bytes in 1 blocks
==23890==    indirectly lost: 151 bytes in 10 blocks
==23890==      possibly lost: 0 bytes in 0 blocks
==23890==    still reachable: 0 bytes in 0 blocks
==23890==         suppressed: 0 bytes in 0 blocks
==23890== Rerun with --leak-check=full to see details of leaked memory
==23890== 
==23890== For lists of detected and suppressed errors, rerun with: -s
==23890== ERROR SUMMARY: 0 errors from 0 contexts (suppressed: 0 from 0)
Running valgrind on ./maps/bad/player_multiple.cub...

[0;31m Error:[Map validation] invalid number of player 
[0m Exit code: 1
‚ö†Ô∏è No Valgrind alerts, but with leaks[0m  
==23893== Memcheck, a memory error detector
==23893== Copyright (C) 2002-2022, and GNU GPL'd, by Julian Seward et al.
==23893== Using Valgrind-3.22.0 and LibVEX; rerun with -h for copyright info
==23893== Command: ./cub3d ./maps/bad/player_multiple.cub
==23893== Parent PID: 23531
==23893== 
==23893== 
==23893== HEAP SUMMARY:
==23893==     in use at exit: 598 bytes in 36 blocks
==23893==   total heap usage: 125 allocs, 89 frees, 3,829 bytes allocated
==23893== 
==23893== LEAK SUMMARY:
==23893==    definitely lost: 288 bytes in 2 blocks
==23893==    indirectly lost: 310 bytes in 34 blocks
==23893==      possibly lost: 0 bytes in 0 blocks
==23893==    still reachable: 0 bytes in 0 blocks
==23893==         suppressed: 0 bytes in 0 blocks
==23893== Rerun with --leak-check=full to see details of leaked memory
==23893== 
==23893== For lists of detected and suppressed errors, rerun with: -s
==23893== ERROR SUMMARY: 0 errors from 0 contexts (suppressed: 0 from 0)
Running valgrind on ./maps/bad/player_none.cub...

[0;31m Error:[Map validation] invalid number of player 
[0m Exit code: 1
‚ö†Ô∏è No Valgrind alerts, but with leaks[0m  
==23896== Memcheck, a memory error detector
==23896== Copyright (C) 2002-2022, and GNU GPL'd, by Julian Seward et al.
==23896== Using Valgrind-3.22.0 and LibVEX; rerun with -h for copyright info
==23896== Command: ./cub3d ./maps/bad/player_none.cub
==23896== Parent PID: 23531
==23896== 
==23896== 
==23896== HEAP SUMMARY:
==23896==     in use at exit: 598 bytes in 36 blocks
==23896==   total heap usage: 125 allocs, 89 frees, 3,829 bytes allocated
==23896== 
==23896== LEAK SUMMARY:
==23896==    definitely lost: 288 bytes in 2 blocks
==23896==    indirectly lost: 310 bytes in 34 blocks
==23896==      possibly lost: 0 bytes in 0 blocks
==23896==    still reachable: 0 bytes in 0 blocks
==23896==         suppressed: 0 bytes in 0 blocks
==23896== Rerun with --leak-check=full to see details of leaked memory
==23896== 
==23896== For lists of detected and suppressed errors, rerun with: -s
==23896== ERROR SUMMARY: 0 errors from 0 contexts (suppressed: 0 from 0)
Running valgrind on ./maps/bad/player_on_edge.cub...

[0;31m Error:[Walls check] incorrect horizontal walls
[0m Exit code: 1
‚ö†Ô∏è No Valgrind alerts, but with leaks[0m  
==23957== Memcheck, a memory error detector
==23957== Copyright (C) 2002-2022, and GNU GPL'd, by Julian Seward et al.
==23957== Using Valgrind-3.22.0 and LibVEX; rerun with -h for copyright info
==23957== Command: ./cub3d ./maps/bad/player_on_edge.cub
==23957== Parent PID: 23531
==23957== 
==23957== 
==23957== HEAP SUMMARY:
==23957==     in use at exit: 598 bytes in 36 blocks
==23957==   total heap usage: 125 allocs, 89 frees, 3,829 bytes allocated
==23957== 
==23957== LEAK SUMMARY:
==23957==    definitely lost: 288 bytes in 2 blocks
==23957==    indirectly lost: 310 bytes in 34 blocks
==23957==      possibly lost: 0 bytes in 0 blocks
==23957==    still reachable: 0 bytes in 0 blocks
==23957==         suppressed: 0 bytes in 0 blocks
==23957== Rerun with --leak-check=full to see details of leaked memory
==23957== 
==23957== For lists of detected and suppressed errors, rerun with: -s
==23957== ERROR SUMMARY: 0 errors from 0 contexts (suppressed: 0 from 0)
Running valgrind on ./maps/bad/textures_dir.cub...

[0;31m Error:[Texture verification] invalid texture format
[0m Exit code: 1
‚ö†Ô∏è No Valgrind alerts, but with leaks[0m  
==23960== Memcheck, a memory error detector
==23960== Copyright (C) 2002-2022, and GNU GPL'd, by Julian Seward et al.
==23960== Using Valgrind-3.22.0 and LibVEX; rerun with -h for copyright info
==23960== Command: ./cub3d ./maps/bad/textures_dir.cub
==23960== Parent PID: 23531
==23960== 
==23960== 
==23960== HEAP SUMMARY:
==23960==     in use at exit: 676 bytes in 40 blocks
==23960==   total heap usage: 129 allocs, 89 frees, 3,889 bytes allocated
==23960== 
==23960== LEAK SUMMARY:
==23960==    definitely lost: 374 bytes in 6 blocks
==23960==    indirectly lost: 302 bytes in 34 blocks
==23960==      possibly lost: 0 bytes in 0 blocks
==23960==    still reachable: 0 bytes in 0 blocks
==23960==         suppressed: 0 bytes in 0 blocks
==23960== Rerun with --leak-check=full to see details of leaked memory
==23960== 
==23960== For lists of detected and suppressed errors, rerun with: -s
==23960== ERROR SUMMARY: 0 errors from 0 contexts (suppressed: 0 from 0)
Running valgrind on ./maps/bad/textures_duplicates.cub...

[0;31m Error:[Texture save] Duplicate found
[0m Exit code: 1
‚ö†Ô∏è No Valgrind alerts, but with leaks[0m  
==24064== Memcheck, a memory error detector
==24064== Copyright (C) 2002-2022, and GNU GPL'd, by Julian Seward et al.
==24064== Using Valgrind-3.22.0 and LibVEX; rerun with -h for copyright info
==24064== Command: ./cub3d ./maps/bad/textures_duplicates.cub
==24064== Parent PID: 23531
==24064== 
==24064== 
==24064== HEAP SUMMARY:
==24064==     in use at exit: 750 bytes in 42 blocks
==24064==   total heap usage: 135 allocs, 93 frees, 4,203 bytes allocated
==24064== 
==24064== LEAK SUMMARY:
==24064==    definitely lost: 413 bytes in 7 blocks
==24064==    indirectly lost: 337 bytes in 35 blocks
==24064==      possibly lost: 0 bytes in 0 blocks
==24064==    still reachable: 0 bytes in 0 blocks
==24064==         suppressed: 0 bytes in 0 blocks
==24064== Rerun with --leak-check=full to see details of leaked memory
==24064== 
==24064== For lists of detected and suppressed errors, rerun with: -s
==24064== ERROR SUMMARY: 0 errors from 0 contexts (suppressed: 0 from 0)
Running valgrind on ./maps/bad/textures_invalid.cub...

[0;31m Error:[Texture verification] invalid texture format
[0m Exit code: 1
‚ö†Ô∏è No Valgrind alerts, but with leaks[0m  
==24067== Memcheck, a memory error detector
==24067== Copyright (C) 2002-2022, and GNU GPL'd, by Julian Seward et al.
==24067== Using Valgrind-3.22.0 and LibVEX; rerun with -h for copyright info
==24067== Command: ./cub3d ./maps/bad/textures_invalid.cub
==24067== Parent PID: 23531
==24067== 
==24067== 
==24067== HEAP SUMMARY:
==24067==     in use at exit: 678 bytes in 40 blocks
==24067==   total heap usage: 129 allocs, 89 frees, 3,886 bytes allocated
==24067== 
==24067== LEAK SUMMARY:
==24067==    definitely lost: 375 bytes in 6 blocks
==24067==    indirectly lost: 303 bytes in 34 blocks
==24067==      possibly lost: 0 bytes in 0 blocks
==24067==    still reachable: 0 bytes in 0 blocks
==24067==         suppressed: 0 bytes in 0 blocks
==24067== Rerun with --leak-check=full to see details of leaked memory
==24067== 
==24067== For lists of detected and suppressed errors, rerun with: -s
==24067== ERROR SUMMARY: 0 errors from 0 contexts (suppressed: 0 from 0)
Running valgrind on ./maps/bad/textures_missing.cub...

[0;31m Error:[Texture] textures are not complete
[0m Exit code: 1
‚ö†Ô∏è No Valgrind alerts, but with leaks[0m  
==24070== Memcheck, a memory error detector
==24070== Copyright (C) 2002-2022, and GNU GPL'd, by Julian Seward et al.
==24070== Using Valgrind-3.22.0 and LibVEX; rerun with -h for copyright info
==24070== Command: ./cub3d ./maps/bad/textures_missing.cub
==24070== Parent PID: 23531
==24070== 
==24070== 
==24070== HEAP SUMMARY:
==24070==     in use at exit: 632 bytes in 38 blocks
==24070==   total heap usage: 123 allocs, 85 frees, 3,582 bytes allocated
==24070== 
==24070== LEAK SUMMARY:
==24070==    definitely lost: 350 bytes in 5 blocks
==24070==    indirectly lost: 282 bytes in 33 blocks
==24070==      possibly lost: 0 bytes in 0 blocks
==24070==    still reachable: 0 bytes in 0 blocks
==24070==         suppressed: 0 bytes in 0 blocks
==24070== Rerun with --leak-check=full to see details of leaked memory
==24070== 
==24070== For lists of detected and suppressed errors, rerun with: -s
==24070== ERROR SUMMARY: 0 errors from 0 contexts (suppressed: 0 from 0)
Running valgrind on ./maps/bad/textures_none.cub...

[0;31m Error:[Texture] textures are not complete
[0m Exit code: 1
‚ö†Ô∏è No Valgrind alerts, but with leaks[0m  
==24073== Memcheck, a memory error detector
==24073== Copyright (C) 2002-2022, and GNU GPL'd, by Julian Seward et al.
==24073== Using Valgrind-3.22.0 and LibVEX; rerun with -h for copyright info
==24073== Command: ./cub3d ./maps/bad/textures_none.cub
==24073== Parent PID: 23531
==24073== 
==24073== 
==24073== HEAP SUMMARY:
==24073==     in use at exit: 446 bytes in 31 blocks
==24073==   total heap usage: 101 allocs, 70 frees, 2,538 bytes allocated
==24073== 
==24073== LEAK SUMMARY:
==24073==    definitely lost: 248 bytes in 2 blocks
==24073==    indirectly lost: 198 bytes in 29 blocks
==24073==      possibly lost: 0 bytes in 0 blocks
==24073==    still reachable: 0 bytes in 0 blocks
==24073==         suppressed: 0 bytes in 0 blocks
==24073== Rerun with --leak-check=full to see details of leaked memory
==24073== 
==24073== For lists of detected and suppressed errors, rerun with: -s
==24073== ERROR SUMMARY: 0 errors from 0 contexts (suppressed: 0 from 0)
Running valgrind on ./maps/bad/textures_not_xpm.cub...

[0;31m Error:[Texture verification] invalid texture format
[0m Exit code: 1
‚ö†Ô∏è No Valgrind alerts, but with leaks[0m  
==24076== Memcheck, a memory error detector
==24076== Copyright (C) 2002-2022, and GNU GPL'd, by Julian Seward et al.
==24076== Using Valgrind-3.22.0 and LibVEX; rerun with -h for copyright info
==24076== Command: ./cub3d ./maps/bad/textures_not_xpm.cub
==24076== Parent PID: 23531
==24076== 
==24076== 
==24076== HEAP SUMMARY:
==24076==     in use at exit: 684 bytes in 40 blocks
==24076==   total heap usage: 129 allocs, 89 frees, 3,879 bytes allocated
==24076== 
==24076== LEAK SUMMARY:
==24076==    definitely lost: 378 bytes in 6 blocks
==24076==    indirectly lost: 306 bytes in 34 blocks
==24076==      possibly lost: 0 bytes in 0 blocks
==24076==    still reachable: 0 bytes in 0 blocks
==24076==         suppressed: 0 bytes in 0 blocks
==24076== Rerun with --leak-check=full to see details of leaked memory
==24076== 
==24076== For lists of detected and suppressed errors, rerun with: -s
==24076== ERROR SUMMARY: 0 errors from 0 contexts (suppressed: 0 from 0)
Running valgrind on ./maps/bad/wall_hole_east.cub...

[0;31m Error:[Walls check] incorrect vertical walls 
[0m Exit code: 1
‚ö†Ô∏è No Valgrind alerts, but with leaks[0m  
==24079== Memcheck, a memory error detector
==24079== Copyright (C) 2002-2022, and GNU GPL'd, by Julian Seward et al.
==24079== Using Valgrind-3.22.0 and LibVEX; rerun with -h for copyright info
==24079== Command: ./cub3d ./maps/bad/wall_hole_east.cub
==24079== Parent PID: 23531
==24079== 
==24079== 
==24079== HEAP SUMMARY:
==24079==     in use at exit: 598 bytes in 36 blocks
==24079==   total heap usage: 125 allocs, 89 frees, 3,829 bytes allocated
==24079== 
==24079== LEAK SUMMARY:
==24079==    definitely lost: 288 bytes in 2 blocks
==24079==    indirectly lost: 310 bytes in 34 blocks
==24079==      possibly lost: 0 bytes in 0 blocks
==24079==    still reachable: 0 bytes in 0 blocks
==24079==         suppressed: 0 bytes in 0 blocks
==24079== Rerun with --leak-check=full to see details of leaked memory
==24079== 
==24079== For lists of detected and suppressed errors, rerun with: -s
==24079== ERROR SUMMARY: 0 errors from 0 contexts (suppressed: 0 from 0)
Running valgrind on ./maps/bad/wall_hole_north.cub...

[0;31m Error:[Walls check] incorrect horizontal walls
[0m Exit code: 1
‚ö†Ô∏è No Valgrind alerts, but with leaks[0m  
==24140== Memcheck, a memory error detector
==24140== Copyright (C) 2002-2022, and GNU GPL'd, by Julian Seward et al.
==24140== Using Valgrind-3.22.0 and LibVEX; rerun with -h for copyright info
==24140== Command: ./cub3d ./maps/bad/wall_hole_north.cub
==24140== Parent PID: 23531
==24140== 
==24140== 
==24140== HEAP SUMMARY:
==24140==     in use at exit: 598 bytes in 36 blocks
==24140==   total heap usage: 125 allocs, 89 frees, 3,829 bytes allocated
==24140== 
==24140== LEAK SUMMARY:
==24140==    definitely lost: 288 bytes in 2 blocks
==24140==    indirectly lost: 310 bytes in 34 blocks
==24140==      possibly lost: 0 bytes in 0 blocks
==24140==    still reachable: 0 bytes in 0 blocks
==24140==         suppressed: 0 bytes in 0 blocks
==24140== Rerun with --leak-check=full to see details of leaked memory
==24140== 
==24140== For lists of detected and suppressed errors, rerun with: -s
==24140== ERROR SUMMARY: 0 errors from 0 contexts (suppressed: 0 from 0)
Running valgrind on ./maps/bad/wall_hole_south.cub...

[0;31m Error:[Walls check] incorrect horizontal walls
[0m Exit code: 1
‚ö†Ô∏è No Valgrind alerts, but with leaks[0m  
==24143== Memcheck, a memory error detector
==24143== Copyright (C) 2002-2022, and GNU GPL'd, by Julian Seward et al.
==24143== Using Valgrind-3.22.0 and LibVEX; rerun with -h for copyright info
==24143== Command: ./cub3d ./maps/bad/wall_hole_south.cub
==24143== Parent PID: 23531
==24143== 
==24143== 
==24143== HEAP SUMMARY:
==24143==     in use at exit: 598 bytes in 36 blocks
==24143==   total heap usage: 125 allocs, 89 frees, 3,829 bytes allocated
==24143== 
==24143== LEAK SUMMARY:
==24143==    definitely lost: 288 bytes in 2 blocks
==24143==    indirectly lost: 310 bytes in 34 blocks
==24143==      possibly lost: 0 bytes in 0 blocks
==24143==    still reachable: 0 bytes in 0 blocks
==24143==         suppressed: 0 bytes in 0 blocks
==24143== Rerun with --leak-check=full to see details of leaked memory
==24143== 
==24143== For lists of detected and suppressed errors, rerun with: -s
==24143== ERROR SUMMARY: 0 errors from 0 contexts (suppressed: 0 from 0)
Running valgrind on ./maps/bad/wall_hole_west.cub...

[0;31m Error:[Map check in file] Invalid map placement or format
[0m Exit code: 1
‚ö†Ô∏è No Valgrind alerts, but with leaks[0m  
==24247== Memcheck, a memory error detector
==24247== Copyright (C) 2002-2022, and GNU GPL'd, by Julian Seward et al.
==24247== Using Valgrind-3.22.0 and LibVEX; rerun with -h for copyright info
==24247== Command: ./cub3d ./maps/bad/wall_hole_west.cub
==24247== Parent PID: 23531
==24247== 
==24247== 
==24247== HEAP SUMMARY:
==24247==     in use at exit: 408 bytes in 22 blocks
==24247==   total heap usage: 98 allocs, 76 frees, 3,561 bytes allocated
==24247== 
==24247== LEAK SUMMARY:
==24247==    definitely lost: 176 bytes in 1 blocks
==24247==    indirectly lost: 232 bytes in 21 blocks
==24247==      possibly lost: 0 bytes in 0 blocks
==24247==    still reachable: 0 bytes in 0 blocks
==24247==         suppressed: 0 bytes in 0 blocks
==24247== Rerun with --leak-check=full to see details of leaked memory
==24247== 
==24247== For lists of detected and suppressed errors, rerun with: -s
==24247== ERROR SUMMARY: 0 errors from 0 contexts (suppressed: 0 from 0)
Running valgrind on ./maps/bad/wall_none.cub...

[0;31m Error:[Map start] No map or incorrect placement
[0m Exit code: 1
‚ö†Ô∏è No Valgrind alerts, but with leaks[0m  
==24250== Memcheck, a memory error detector
==24250== Copyright (C) 2002-2022, and GNU GPL'd, by Julian Seward et al.
==24250== Using Valgrind-3.22.0 and LibVEX; rerun with -h for copyright info
==24250== Command: ./cub3d ./maps/bad/wall_none.cub
==24250== Parent PID: 23531
==24250== 
==24250== 
==24250== HEAP SUMMARY:
==24250==     in use at exit: 408 bytes in 22 blocks
==24250==   total heap usage: 98 allocs, 76 frees, 3,561 bytes allocated
==24250== 
==24250== LEAK SUMMARY:
==24250==    definitely lost: 176 bytes in 1 blocks
==24250==    indirectly lost: 232 bytes in 21 blocks
==24250==      possibly lost: 0 bytes in 0 blocks
==24250==    still reachable: 0 bytes in 0 blocks
==24250==         suppressed: 0 bytes in 0 blocks
==24250== Rerun with --leak-check=full to see details of leaked memory
==24250== 
==24250== For lists of detected and suppressed errors, rerun with: -s
==24250== ERROR SUMMARY: 0 errors from 0 contexts (suppressed: 0 from 0)
Valgrind tests completed. Results saved to test_output.txt.
Starting Valgrind tests...
Running valgrind on ./maps/bad/color_invalid_rgb.cub...

Exit code: 0
‚ö†Ô∏è No Valgrind alerts, but with leaks[0m  
==24944== Memcheck, a memory error detector
==24944== Copyright (C) 2002-2022, and GNU GPL'd, by Julian Seward et al.
==24944== Using Valgrind-3.22.0 and LibVEX; rerun with -h for copyright info
==24944== Command: ./cub3d ./maps/bad/color_invalid_rgb.cub
==24944== Parent PID: 24942
==24944== 
==24944== 
==24944== HEAP SUMMARY:
==24944==     in use at exit: 801 bytes in 50 blocks
==24944==   total heap usage: 141 allocs, 91 frees, 4,039 bytes allocated
==24944== 
==24944== LEAK SUMMARY:
==24944==    definitely lost: 468 bytes in 10 blocks
==24944==    indirectly lost: 333 bytes in 40 blocks
==24944==      possibly lost: 0 bytes in 0 blocks
==24944==    still reachable: 0 bytes in 0 blocks
==24944==         suppressed: 0 bytes in 0 blocks
==24944== Rerun with --leak-check=full to see details of leaked memory
==24944== 
==24944== For lists of detected and suppressed errors, rerun with: -s
==24944== ERROR SUMMARY: 0 errors from 0 contexts (suppressed: 0 from 0)
Running valgrind on ./maps/bad/color_missing_ceiling_rgb.cub...

[0;31m Error:[Color] incorrect numbers
[0m Exit code: 1
‚ö†Ô∏è No Valgrind alerts, but with leaks[0m  
==24947== Memcheck, a memory error detector
==24947== Copyright (C) 2002-2022, and GNU GPL'd, by Julian Seward et al.
==24947== Using Valgrind-3.22.0 and LibVEX; rerun with -h for copyright info
==24947== Command: ./cub3d ./maps/bad/color_missing_ceiling_rgb.cub
==24947== Parent PID: 24942
==24947== 
==24947== 
==24947== HEAP SUMMARY:
==24947==     in use at exit: 780 bytes in 49 blocks
==24947==   total heap usage: 140 allocs, 91 frees, 3,986 bytes allocated
==24947== 
==24947== LEAK SUMMARY:
==24947==    definitely lost: 456 bytes in 10 blocks
==24947==    indirectly lost: 324 bytes in 39 blocks
==24947==      possibly lost: 0 bytes in 0 blocks
==24947==    still reachable: 0 bytes in 0 blocks
==24947==         suppressed: 0 bytes in 0 blocks
==24947== Rerun with --leak-check=full to see details of leaked memory
==24947== 
==24947== For lists of detected and suppressed errors, rerun with: -s
==24947== ERROR SUMMARY: 0 errors from 0 contexts (suppressed: 0 from 0)
Running valgrind on ./maps/bad/color_missing.cub...

[0;31m Error:[Color] colors are not complete
[0m Exit code: 1
‚ö†Ô∏è No Valgrind alerts, but with leaks[0m  
==24958== Memcheck, a memory error detector
==24958== Copyright (C) 2002-2022, and GNU GPL'd, by Julian Seward et al.
==24958== Using Valgrind-3.22.0 and LibVEX; rerun with -h for copyright info
==24958== Command: ./cub3d ./maps/bad/color_missing.cub
==24958== Parent PID: 24942
==24958== 
==24958== 
==24958== HEAP SUMMARY:
==24958==     in use at exit: 728 bytes in 44 blocks
==24958==   total heap usage: 131 allocs, 87 frees, 3,780 bytes allocated
==24958== 
==24958== LEAK SUMMARY:
==24958==    definitely lost: 418 bytes in 8 blocks
==24958==    indirectly lost: 310 bytes in 36 blocks
==24958==      possibly lost: 0 bytes in 0 blocks
==24958==    still reachable: 0 bytes in 0 blocks
==24958==         suppressed: 0 bytes in 0 blocks
==24958== Rerun with --leak-check=full to see details of leaked memory
==24958== 
==24958== For lists of detected and suppressed errors, rerun with: -s
==24958== ERROR SUMMARY: 0 errors from 0 contexts (suppressed: 0 from 0)
Running valgrind on ./maps/bad/color_missing_floor_rgb.cub...

[0;31m Error:[Color] incorrect numbers
[0m Exit code: 1
‚ö†Ô∏è No Valgrind alerts, but with leaks[0m  
==25019== Memcheck, a memory error detector
==25019== Copyright (C) 2002-2022, and GNU GPL'd, by Julian Seward et al.
==25019== Using Valgrind-3.22.0 and LibVEX; rerun with -h for copyright info
==25019== Command: ./cub3d ./maps/bad/color_missing_floor_rgb.cub
==25019== Parent PID: 24942
==25019== 
==25019== 
==25019== HEAP SUMMARY:
==25019==     in use at exit: 781 bytes in 49 blocks
==25019==   total heap usage: 140 allocs, 91 frees, 3,993 bytes allocated
==25019== 
==25019== LEAK SUMMARY:
==25019==    definitely lost: 456 bytes in 10 blocks
==25019==    indirectly lost: 325 bytes in 39 blocks
==25019==      possibly lost: 0 bytes in 0 blocks
==25019==    still reachable: 0 bytes in 0 blocks
==25019==         suppressed: 0 bytes in 0 blocks
==25019== Rerun with --leak-check=full to see details of leaked memory
==25019== 
==25019== For lists of detected and suppressed errors, rerun with: -s
==25019== ERROR SUMMARY: 0 errors from 0 contexts (suppressed: 0 from 0)
Running valgrind on ./maps/bad/color_none.cub...

[0;31m Error:[Color] colors are not complete
[0m Exit code: 1
‚ö†Ô∏è No Valgrind alerts, but with leaks[0m  
==25035== Memcheck, a memory error detector
==25035== Copyright (C) 2002-2022, and GNU GPL'd, by Julian Seward et al.
==25035== Using Valgrind-3.22.0 and LibVEX; rerun with -h for copyright info
==25035== Command: ./cub3d ./maps/bad/color_none.cub
==25035== Parent PID: 24942
==25035== 
==25035== 
==25035== HEAP SUMMARY:
==25035==     in use at exit: 639 bytes in 37 blocks
==25035==   total heap usage: 116 allocs, 79 frees, 3,196 bytes allocated
==25035== 
==25035== LEAK SUMMARY:
==25035==    definitely lost: 358 bytes in 6 blocks
==25035==    indirectly lost: 281 bytes in 31 blocks
==25035==      possibly lost: 0 bytes in 0 blocks
==25035==    still reachable: 0 bytes in 0 blocks
==25035==         suppressed: 0 bytes in 0 blocks
==25035== Rerun with --leak-check=full to see details of leaked memory
==25035== 
==25035== For lists of detected and suppressed errors, rerun with: -s
==25035== ERROR SUMMARY: 0 errors from 0 contexts (suppressed: 0 from 0)
Running valgrind on ./maps/bad/empty.cub...
[0;31m Error:[Read file] file is empty
[0m Exit code: 1
[0;32m‚úÖ No Valgrind alerts, no leaks[0m  
==25126== Memcheck, a memory error detector
==25126== Copyright (C) 2002-2022, and GNU GPL'd, by Julian Seward et al.
==25126== Using Valgrind-3.22.0 and LibVEX; rerun with -h for copyright info
==25126== Command: ./cub3d ./maps/bad/empty.cub
==25126== Parent PID: 24942
==25126== 
==25126== 
==25126== HEAP SUMMARY:
==25126==     in use at exit: 0 bytes in 0 blocks
==25126==   total heap usage: 5 allocs, 5 frees, 170 bytes allocated
==25126== 
==25126== All heap blocks were freed -- no leaks are possible
==25126== 
==25126== For lists of detected and suppressed errors, rerun with: -s
==25126== ERROR SUMMARY: 0 errors from 0 contexts (suppressed: 0 from 0)
Running valgrind on ./maps/bad/file_letter_end.cub...

Exit code: 0
‚ö†Ô∏è No Valgrind alerts, but with leaks[0m  
==25129== Memcheck, a memory error detector
==25129== Copyright (C) 2002-2022, and GNU GPL'd, by Julian Seward et al.
==25129== Using Valgrind-3.22.0 and LibVEX; rerun with -h for copyright info
==25129== Command: ./cub3d ./maps/bad/file_letter_end.cub
==25129== Parent PID: 24942
==25129== 
==25129== 
==25129== HEAP SUMMARY:
==25129==     in use at exit: 1,135 bytes in 78 blocks
==25129==   total heap usage: 226 allocs, 148 frees, 8,053 bytes allocated
==25129== 
==25129== LEAK SUMMARY:
==25129==    definitely lost: 691 bytes in 10 blocks
==25129==    indirectly lost: 444 bytes in 68 blocks
==25129==      possibly lost: 0 bytes in 0 blocks
==25129==    still reachable: 0 bytes in 0 blocks
==25129==         suppressed: 0 bytes in 0 blocks
==25129== Rerun with --leak-check=full to see details of leaked memory
==25129== 
==25129== For lists of detected and suppressed errors, rerun with: -s
==25129== ERROR SUMMARY: 0 errors from 0 contexts (suppressed: 0 from 0)
Running valgrind on ./maps/bad/filetype_missing...
[0;31m Error:[Check args] no map or invalid map extension
[0m Exit code: 1
[0;32m‚úÖ No Valgrind alerts, no leaks[0m  
==25132== Memcheck, a memory error detector
==25132== Copyright (C) 2002-2022, and GNU GPL'd, by Julian Seward et al.
==25132== Using Valgrind-3.22.0 and LibVEX; rerun with -h for copyright info
==25132== Command: ./cub3d ./maps/bad/filetype_missing
==25132== Parent PID: 24942
==25132== 
==25132== 
==25132== HEAP SUMMARY:
==25132==     in use at exit: 0 bytes in 0 blocks
==25132==   total heap usage: 3 allocs, 3 frees, 144 bytes allocated
==25132== 
==25132== All heap blocks were freed -- no leaks are possible
==25132== 
==25132== For lists of detected and suppressed errors, rerun with: -s
==25132== ERROR SUMMARY: 0 errors from 0 contexts (suppressed: 0 from 0)
Running valgrind on ./maps/bad/filetype_wrong.buc...
[0;31m Error:[Check args] no map or invalid map extension
[0m Exit code: 1
[0;32m‚úÖ No Valgrind alerts, no leaks[0m  
==25135== Memcheck, a memory error detector
==25135== Copyright (C) 2002-2022, and GNU GPL'd, by Julian Seward et al.
==25135== Using Valgrind-3.22.0 and LibVEX; rerun with -h for copyright info
==25135== Command: ./cub3d ./maps/bad/filetype_wrong.buc
==25135== Parent PID: 24942
==25135== 
==25135== 
==25135== HEAP SUMMARY:
==25135==     in use at exit: 0 bytes in 0 blocks
==25135==   total heap usage: 3 allocs, 3 frees, 144 bytes allocated
==25135== 
==25135== All heap blocks were freed -- no leaks are possible
==25135== 
==25135== For lists of detected and suppressed errors, rerun with: -s
==25135== ERROR SUMMARY: 0 errors from 0 contexts (suppressed: 0 from 0)
Running valgrind on ./maps/bad/map_first.cub...

[0;31m Error:[Map start] No map or incorrect placement
[0m Exit code: 1
‚ö†Ô∏è No Valgrind alerts, but with leaks[0m  
==25138== Memcheck, a memory error detector
==25138== Copyright (C) 2002-2022, and GNU GPL'd, by Julian Seward et al.
==25138== Using Valgrind-3.22.0 and LibVEX; rerun with -h for copyright info
==25138== Command: ./cub3d ./maps/bad/map_first.cub
==25138== Parent PID: 24942
==25138== 
==25138== 
==25138== HEAP SUMMARY:
==25138==     in use at exit: 408 bytes in 22 blocks
==25138==   total heap usage: 98 allocs, 76 frees, 3,476 bytes allocated
==25138== 
==25138== LEAK SUMMARY:
==25138==    definitely lost: 176 bytes in 1 blocks
==25138==    indirectly lost: 232 bytes in 21 blocks
==25138==      possibly lost: 0 bytes in 0 blocks
==25138==    still reachable: 0 bytes in 0 blocks
==25138==         suppressed: 0 bytes in 0 blocks
==25138== Rerun with --leak-check=full to see details of leaked memory
==25138== 
==25138== For lists of detected and suppressed errors, rerun with: -s
==25138== ERROR SUMMARY: 0 errors from 0 contexts (suppressed: 0 from 0)
Running valgrind on ./maps/bad/map_middle.cub...

[0;31m Error:[Map check in file] Invalid map placement or format
[0m Exit code: 1
‚ö†Ô∏è No Valgrind alerts, but with leaks[0m  
==25141== Memcheck, a memory error detector
==25141== Copyright (C) 2002-2022, and GNU GPL'd, by Julian Seward et al.
==25141== Using Valgrind-3.22.0 and LibVEX; rerun with -h for copyright info
==25141== Command: ./cub3d ./maps/bad/map_middle.cub
==25141== Parent PID: 24942
==25141== 
==25141== 
==25141== HEAP SUMMARY:
==25141==     in use at exit: 428 bytes in 24 blocks
==25141==   total heap usage: 106 allocs, 82 frees, 3,963 bytes allocated
==25141== 
==25141== LEAK SUMMARY:
==25141==    definitely lost: 192 bytes in 1 blocks
==25141==    indirectly lost: 236 bytes in 23 blocks
==25141==      possibly lost: 0 bytes in 0 blocks
==25141==    still reachable: 0 bytes in 0 blocks
==25141==         suppressed: 0 bytes in 0 blocks
==25141== Rerun with --leak-check=full to see details of leaked memory
==25141== 
==25141== For lists of detected and suppressed errors, rerun with: -s
==25141== ERROR SUMMARY: 0 errors from 0 contexts (suppressed: 0 from 0)
Running valgrind on ./maps/bad/map_missing.cub...

[0;31m Error:[Map start] No map or incorrect placement
[0m Exit code: 1
‚ö†Ô∏è No Valgrind alerts, but with leaks[0m  
==25203== Memcheck, a memory error detector
==25203== Copyright (C) 2002-2022, and GNU GPL'd, by Julian Seward et al.
==25203== Using Valgrind-3.22.0 and LibVEX; rerun with -h for copyright info
==25203== Command: ./cub3d ./maps/bad/map_missing.cub
==25203== Parent PID: 24942
==25203== 
==25203== 
==25203== HEAP SUMMARY:
==25203==     in use at exit: 213 bytes in 9 blocks
==25203==   total heap usage: 43 allocs, 34 frees, 1,184 bytes allocated
==25203== 
==25203== LEAK SUMMARY:
==25203==    definitely lost: 72 bytes in 1 blocks
==25203==    indirectly lost: 141 bytes in 8 blocks
==25203==      possibly lost: 0 bytes in 0 blocks
==25203==    still reachable: 0 bytes in 0 blocks
==25203==         suppressed: 0 bytes in 0 blocks
==25203== Rerun with --leak-check=full to see details of leaked memory
==25203== 
==25203== For lists of detected and suppressed errors, rerun with: -s
==25203== ERROR SUMMARY: 0 errors from 0 contexts (suppressed: 0 from 0)
Running valgrind on ./maps/bad/map_only.cub...

[0;31m Error:[Map start] No map or incorrect placement
[0m Exit code: 1
‚ö†Ô∏è No Valgrind alerts, but with leaks[0m  
==25206== Memcheck, a memory error detector
==25206== Copyright (C) 2002-2022, and GNU GPL'd, by Julian Seward et al.
==25206== Using Valgrind-3.22.0 and LibVEX; rerun with -h for copyright info
==25206== Command: ./cub3d ./maps/bad/map_only.cub
==25206== Parent PID: 24942
==25206== 
==25206== 
==25206== HEAP SUMMARY:
==25206==     in use at exit: 203 bytes in 14 blocks
==25206==   total heap usage: 61 allocs, 47 frees, 1,634 bytes allocated
==25206== 
==25206== LEAK SUMMARY:
==25206==    definitely lost: 112 bytes in 1 blocks
==25206==    indirectly lost: 91 bytes in 13 blocks
==25206==      possibly lost: 0 bytes in 0 blocks
==25206==    still reachable: 0 bytes in 0 blocks
==25206==         suppressed: 0 bytes in 0 blocks
==25206== Rerun with --leak-check=full to see details of leaked memory
==25206== 
==25206== For lists of detected and suppressed errors, rerun with: -s
==25206== ERROR SUMMARY: 0 errors from 0 contexts (suppressed: 0 from 0)
Running valgrind on ./maps/bad/map_too_small.cub...

[0;31m Error:[Map check in file] Invalid map size
[0m Exit code: 1
‚ö†Ô∏è No Valgrind alerts, but with leaks[0m  
==25310== Memcheck, a memory error detector
==25310== Copyright (C) 2002-2022, and GNU GPL'd, by Julian Seward et al.
==25310== Using Valgrind-3.22.0 and LibVEX; rerun with -h for copyright info
==25310== Command: ./cub3d ./maps/bad/map_too_small.cub
==25310== Parent PID: 24942
==25310== 
==25310== 
==25310== HEAP SUMMARY:
==25310==     in use at exit: 239 bytes in 11 blocks
==25310==   total heap usage: 51 allocs, 40 frees, 1,444 bytes allocated
==25310== 
==25310== LEAK SUMMARY:
==25310==    definitely lost: 88 bytes in 1 blocks
==25310==    indirectly lost: 151 bytes in 10 blocks
==25310==      possibly lost: 0 bytes in 0 blocks
==25310==    still reachable: 0 bytes in 0 blocks
==25310==         suppressed: 0 bytes in 0 blocks
==25310== Rerun with --leak-check=full to see details of leaked memory
==25310== 
==25310== For lists of detected and suppressed errors, rerun with: -s
==25310== ERROR SUMMARY: 0 errors from 0 contexts (suppressed: 0 from 0)
Running valgrind on ./maps/bad/player_multiple.cub...

[0;31m Error:[Map validation] invalid number of player 
[0m Exit code: 1
‚ö†Ô∏è No Valgrind alerts, but with leaks[0m  
==25313== Memcheck, a memory error detector
==25313== Copyright (C) 2002-2022, and GNU GPL'd, by Julian Seward et al.
==25313== Using Valgrind-3.22.0 and LibVEX; rerun with -h for copyright info
==25313== Command: ./cub3d ./maps/bad/player_multiple.cub
==25313== Parent PID: 24942
==25313== 
==25313== 
==25313== HEAP SUMMARY:
==25313==     in use at exit: 598 bytes in 36 blocks
==25313==   total heap usage: 125 allocs, 89 frees, 3,829 bytes allocated
==25313== 
==25313== LEAK SUMMARY:
==25313==    definitely lost: 288 bytes in 2 blocks
==25313==    indirectly lost: 310 bytes in 34 blocks
==25313==      possibly lost: 0 bytes in 0 blocks
==25313==    still reachable: 0 bytes in 0 blocks
==25313==         suppressed: 0 bytes in 0 blocks
==25313== Rerun with --leak-check=full to see details of leaked memory
==25313== 
==25313== For lists of detected and suppressed errors, rerun with: -s
==25313== ERROR SUMMARY: 0 errors from 0 contexts (suppressed: 0 from 0)
Running valgrind on ./maps/bad/player_none.cub...

[0;31m Error:[Map validation] invalid number of player 
[0m Exit code: 1
‚ö†Ô∏è No Valgrind alerts, but with leaks[0m  
==25316== Memcheck, a memory error detector
==25316== Copyright (C) 2002-2022, and GNU GPL'd, by Julian Seward et al.
==25316== Using Valgrind-3.22.0 and LibVEX; rerun with -h for copyright info
==25316== Command: ./cub3d ./maps/bad/player_none.cub
==25316== Parent PID: 24942
==25316== 
==25316== 
==25316== HEAP SUMMARY:
==25316==     in use at exit: 598 bytes in 36 blocks
==25316==   total heap usage: 125 allocs, 89 frees, 3,829 bytes allocated
==25316== 
==25316== LEAK SUMMARY:
==25316==    definitely lost: 288 bytes in 2 blocks
==25316==    indirectly lost: 310 bytes in 34 blocks
==25316==      possibly lost: 0 bytes in 0 blocks
==25316==    still reachable: 0 bytes in 0 blocks
==25316==         suppressed: 0 bytes in 0 blocks
==25316== Rerun with --leak-check=full to see details of leaked memory
==25316== 
==25316== For lists of detected and suppressed errors, rerun with: -s
==25316== ERROR SUMMARY: 0 errors from 0 contexts (suppressed: 0 from 0)
Running valgrind on ./maps/bad/player_on_edge.cub...

[0;31m Error:[Walls check] incorrect horizontal walls
[0m Exit code: 1
‚ö†Ô∏è No Valgrind alerts, but with leaks[0m  
==25319== Memcheck, a memory error detector
==25319== Copyright (C) 2002-2022, and GNU GPL'd, by Julian Seward et al.
==25319== Using Valgrind-3.22.0 and LibVEX; rerun with -h for copyright info
==25319== Command: ./cub3d ./maps/bad/player_on_edge.cub
==25319== Parent PID: 24942
==25319== 
==25319== 
==25319== HEAP SUMMARY:
==25319==     in use at exit: 598 bytes in 36 blocks
==25319==   total heap usage: 125 allocs, 89 frees, 3,829 bytes allocated
==25319== 
==25319== LEAK SUMMARY:
==25319==    definitely lost: 288 bytes in 2 blocks
==25319==    indirectly lost: 310 bytes in 34 blocks
==25319==      possibly lost: 0 bytes in 0 blocks
==25319==    still reachable: 0 bytes in 0 blocks
==25319==         suppressed: 0 bytes in 0 blocks
==25319== Rerun with --leak-check=full to see details of leaked memory
==25319== 
==25319== For lists of detected and suppressed errors, rerun with: -s
==25319== ERROR SUMMARY: 0 errors from 0 contexts (suppressed: 0 from 0)
Running valgrind on ./maps/bad/textures_dir.cub...
Starting Valgrind tests...
Running valgrind on ./maps/bad/color_invalid_rgb.cub...

[0;31m Error:[Color] color number out of range
[0m Exit code: 1
‚ö†Ô∏è No Valgrind alerts, but with leaks[0m  
==47579== Memcheck, a memory error detector
==47579== Copyright (C) 2002-2022, and GNU GPL'd, by Julian Seward et al.
==47579== Using Valgrind-3.22.0 and LibVEX; rerun with -h for copyright info
==47579== Command: ./cub3d ./maps/bad/color_invalid_rgb.cub
==47579== Parent PID: 47577
==47579== 
==47579== 
==47579== HEAP SUMMARY:
==47579==     in use at exit: 796 bytes in 51 blocks
==47579==   total heap usage: 145 allocs, 94 frees, 4,212 bytes allocated
==47579== 
==47579== LEAK SUMMARY:
==47579==    definitely lost: 471 bytes in 10 blocks
==47579==    indirectly lost: 325 bytes in 41 blocks
==47579==      possibly lost: 0 bytes in 0 blocks
==47579==    still reachable: 0 bytes in 0 blocks
==47579==         suppressed: 0 bytes in 0 blocks
==47579== Rerun with --leak-check=full to see details of leaked memory
==47579== 
==47579== For lists of detected and suppressed errors, rerun with: -s
==47579== ERROR SUMMARY: 0 errors from 0 contexts (suppressed: 0 from 0)
Running valgrind on ./maps/bad/color_missing_ceiling_rgb.cub...

[0;31m Error:[Color] incorrect numbers
[0m Exit code: 1
‚ö†Ô∏è No Valgrind alerts, but with leaks[0m  
==47685== Memcheck, a memory error detector
==47685== Copyright (C) 2002-2022, and GNU GPL'd, by Julian Seward et al.
==47685== Using Valgrind-3.22.0 and LibVEX; rerun with -h for copyright info
==47685== Command: ./cub3d ./maps/bad/color_missing_ceiling_rgb.cub
==47685== Parent PID: 47577
==47685== 
==47685== 
==47685== HEAP SUMMARY:
==47685==     in use at exit: 780 bytes in 49 blocks
==47685==   total heap usage: 140 allocs, 91 frees, 3,986 bytes allocated
==47685== 
==47685== LEAK SUMMARY:
==47685==    definitely lost: 456 bytes in 10 blocks
==47685==    indirectly lost: 324 bytes in 39 blocks
==47685==      possibly lost: 0 bytes in 0 blocks
==47685==    still reachable: 0 bytes in 0 blocks
==47685==         suppressed: 0 bytes in 0 blocks
==47685== Rerun with --leak-check=full to see details of leaked memory
==47685== 
==47685== For lists of detected and suppressed errors, rerun with: -s
==47685== ERROR SUMMARY: 0 errors from 0 contexts (suppressed: 0 from 0)
Running valgrind on ./maps/bad/color_missing.cub...

[0;31m Error:[Color] color number out of range
[0m Exit code: 1
‚ö†Ô∏è No Valgrind alerts, but with leaks[0m  
==47689== Memcheck, a memory error detector
==47689== Copyright (C) 2002-2022, and GNU GPL'd, by Julian Seward et al.
==47689== Using Valgrind-3.22.0 and LibVEX; rerun with -h for copyright info
==47689== Command: ./cub3d ./maps/bad/color_missing.cub
==47689== Parent PID: 47577
==47689== 
==47689== 
==47689== HEAP SUMMARY:
==47689==     in use at exit: 728 bytes in 44 blocks
==47689==   total heap usage: 131 allocs, 87 frees, 3,780 bytes allocated
==47689== 
==47689== LEAK SUMMARY:
==47689==    definitely lost: 418 bytes in 8 blocks
==47689==    indirectly lost: 310 bytes in 36 blocks
==47689==      possibly lost: 0 bytes in 0 blocks
==47689==    still reachable: 0 bytes in 0 blocks
==47689==         suppressed: 0 bytes in 0 blocks
==47689== Rerun with --leak-check=full to see details of leaked memory
==47689== 
==47689== For lists of detected and suppressed errors, rerun with: -s
==47689== ERROR SUMMARY: 0 errors from 0 contexts (suppressed: 0 from 0)
Running valgrind on ./maps/bad/color_missing_floor_rgb.cub...

[0;31m Error:[Color] incorrect numbers
[0m Exit code: 1
‚ö†Ô∏è No Valgrind alerts, but with leaks[0m  
==47755== Memcheck, a memory error detector
==47755== Copyright (C) 2002-2022, and GNU GPL'd, by Julian Seward et al.
==47755== Using Valgrind-3.22.0 and LibVEX; rerun with -h for copyright info
==47755== Command: ./cub3d ./maps/bad/color_missing_floor_rgb.cub
==47755== Parent PID: 47577
==47755== 
==47755== 
==47755== HEAP SUMMARY:
==47755==     in use at exit: 781 bytes in 49 blocks
==47755==   total heap usage: 140 allocs, 91 frees, 3,993 bytes allocated
==47755== 
==47755== LEAK SUMMARY:
==47755==    definitely lost: 456 bytes in 10 blocks
==47755==    indirectly lost: 325 bytes in 39 blocks
==47755==      possibly lost: 0 bytes in 0 blocks
==47755==    still reachable: 0 bytes in 0 blocks
==47755==         suppressed: 0 bytes in 0 blocks
==47755== Rerun with --leak-check=full to see details of leaked memory
==47755== 
==47755== For lists of detected and suppressed errors, rerun with: -s
==47755== ERROR SUMMARY: 0 errors from 0 contexts (suppressed: 0 from 0)
Running valgrind on ./maps/bad/color_none.cub...

[0;31m Error:[Color] color number out of range
[0m Exit code: 1
‚ö†Ô∏è No Valgrind alerts, but with leaks[0m  
==47758== Memcheck, a memory error detector
==47758== Copyright (C) 2002-2022, and GNU GPL'd, by Julian Seward et al.
==47758== Using Valgrind-3.22.0 and LibVEX; rerun with -h for copyright info
==47758== Command: ./cub3d ./maps/bad/color_none.cub
==47758== Parent PID: 47577
==47758== 
==47758== 
==47758== HEAP SUMMARY:
==47758==     in use at exit: 639 bytes in 37 blocks
==47758==   total heap usage: 116 allocs, 79 frees, 3,196 bytes allocated
==47758== 
==47758== LEAK SUMMARY:
==47758==    definitely lost: 358 bytes in 6 blocks
==47758==    indirectly lost: 281 bytes in 31 blocks
==47758==      possibly lost: 0 bytes in 0 blocks
==47758==    still reachable: 0 bytes in 0 blocks
==47758==         suppressed: 0 bytes in 0 blocks
==47758== Rerun with --leak-check=full to see details of leaked memory
==47758== 
==47758== For lists of detected and suppressed errors, rerun with: -s
==47758== ERROR SUMMARY: 0 errors from 0 contexts (suppressed: 0 from 0)
Running valgrind on ./maps/bad/empty.cub...
[0;31m Error:[Read file] file is empty
[0m Exit code: 1
[0;32m‚úÖ No Valgrind alerts, no leaks[0m  
==47872== Memcheck, a memory error detector
==47872== Copyright (C) 2002-2022, and GNU GPL'd, by Julian Seward et al.
==47872== Using Valgrind-3.22.0 and LibVEX; rerun with -h for copyright info
==47872== Command: ./cub3d ./maps/bad/empty.cub
==47872== Parent PID: 47577
==47872== 
==47872== 
==47872== HEAP SUMMARY:
==47872==     in use at exit: 0 bytes in 0 blocks
==47872==   total heap usage: 5 allocs, 5 frees, 170 bytes allocated
==47872== 
==47872== All heap blocks were freed -- no leaks are possible
==47872== 
==47872== For lists of detected and suppressed errors, rerun with: -s
==47872== ERROR SUMMARY: 0 errors from 0 contexts (suppressed: 0 from 0)
Running valgrind on ./maps/bad/file_letter_end.cub...

Exit code: 0
‚ö†Ô∏è No Valgrind alerts, but with leaks[0m  
==47875== Memcheck, a memory error detector
==47875== Copyright (C) 2002-2022, and GNU GPL'd, by Julian Seward et al.
==47875== Using Valgrind-3.22.0 and LibVEX; rerun with -h for copyright info
==47875== Command: ./cub3d ./maps/bad/file_letter_end.cub
==47875== Parent PID: 47577
==47875== 
==47875== 
==47875== HEAP SUMMARY:
==47875==     in use at exit: 1,135 bytes in 78 blocks
==47875==   total heap usage: 226 allocs, 148 frees, 8,053 bytes allocated
==47875== 
==47875== LEAK SUMMARY:
==47875==    definitely lost: 691 bytes in 10 blocks
==47875==    indirectly lost: 444 bytes in 68 blocks
==47875==      possibly lost: 0 bytes in 0 blocks
==47875==    still reachable: 0 bytes in 0 blocks
==47875==         suppressed: 0 bytes in 0 blocks
==47875== Rerun with --leak-check=full to see details of leaked memory
==47875== 
==47875== For lists of detected and suppressed errors, rerun with: -s
==47875== ERROR SUMMARY: 0 errors from 0 contexts (suppressed: 0 from 0)
Running valgrind on ./maps/bad/filetype_missing...
[0;31m Error:[Check args] no map or invalid map extension
[0m Exit code: 1
[0;32m‚úÖ No Valgrind alerts, no leaks[0m  
==47878== Memcheck, a memory error detector
==47878== Copyright (C) 2002-2022, and GNU GPL'd, by Julian Seward et al.
==47878== Using Valgrind-3.22.0 and LibVEX; rerun with -h for copyright info
==47878== Command: ./cub3d ./maps/bad/filetype_missing
==47878== Parent PID: 47577
==47878== 
==47878== 
==47878== HEAP SUMMARY:
==47878==     in use at exit: 0 bytes in 0 blocks
==47878==   total heap usage: 3 allocs, 3 frees, 144 bytes allocated
==47878== 
==47878== All heap blocks were freed -- no leaks are possible
==47878== 
==47878== For lists of detected and suppressed errors, rerun with: -s
==47878== ERROR SUMMARY: 0 errors from 0 contexts (suppressed: 0 from 0)
Running valgrind on ./maps/bad/filetype_wrong.buc...
[0;31m Error:[Check args] no map or invalid map extension
[0m Exit code: 1
[0;32m‚úÖ No Valgrind alerts, no leaks[0m  
==47881== Memcheck, a memory error detector
==47881== Copyright (C) 2002-2022, and GNU GPL'd, by Julian Seward et al.
==47881== Using Valgrind-3.22.0 and LibVEX; rerun with -h for copyright info
==47881== Command: ./cub3d ./maps/bad/filetype_wrong.buc
==47881== Parent PID: 47577
==47881== 
==47881== 
==47881== HEAP SUMMARY:
==47881==     in use at exit: 0 bytes in 0 blocks
==47881==   total heap usage: 3 allocs, 3 frees, 144 bytes allocated
==47881== 
==47881== All heap blocks were freed -- no leaks are possible
==47881== 
==47881== For lists of detected and suppressed errors, rerun with: -s
==47881== ERROR SUMMARY: 0 errors from 0 contexts (suppressed: 0 from 0)
Running valgrind on ./maps/bad/map_first.cub...

[0;31m Error:[Map start] No map or incorrect placement
[0m Exit code: 1
‚ö†Ô∏è No Valgrind alerts, but with leaks[0m  
==47884== Memcheck, a memory error detector
==47884== Copyright (C) 2002-2022, and GNU GPL'd, by Julian Seward et al.
==47884== Using Valgrind-3.22.0 and LibVEX; rerun with -h for copyright info
==47884== Command: ./cub3d ./maps/bad/map_first.cub
==47884== Parent PID: 47577
==47884== 
==47884== 
==47884== HEAP SUMMARY:
==47884==     in use at exit: 408 bytes in 22 blocks
==47884==   total heap usage: 98 allocs, 76 frees, 3,476 bytes allocated
==47884== 
==47884== LEAK SUMMARY:
==47884==    definitely lost: 176 bytes in 1 blocks
==47884==    indirectly lost: 232 bytes in 21 blocks
==47884==      possibly lost: 0 bytes in 0 blocks
==47884==    still reachable: 0 bytes in 0 blocks
==47884==         suppressed: 0 bytes in 0 blocks
==47884== Rerun with --leak-check=full to see details of leaked memory
==47884== 
==47884== For lists of detected and suppressed errors, rerun with: -s
==47884== ERROR SUMMARY: 0 errors from 0 contexts (suppressed: 0 from 0)
Running valgrind on ./maps/bad/map_middle.cub...

[0;31m Error:[Map check in file] Invalid map placement or format
[0m Exit code: 1
‚ö†Ô∏è No Valgrind alerts, but with leaks[0m  
==47887== Memcheck, a memory error detector
==47887== Copyright (C) 2002-2022, and GNU GPL'd, by Julian Seward et al.
==47887== Using Valgrind-3.22.0 and LibVEX; rerun with -h for copyright info
==47887== Command: ./cub3d ./maps/bad/map_middle.cub
==47887== Parent PID: 47577
==47887== 
==47887== 
==47887== HEAP SUMMARY:
==47887==     in use at exit: 428 bytes in 24 blocks
==47887==   total heap usage: 106 allocs, 82 frees, 3,963 bytes allocated
==47887== 
==47887== LEAK SUMMARY:
==47887==    definitely lost: 192 bytes in 1 blocks
==47887==    indirectly lost: 236 bytes in 23 blocks
==47887==      possibly lost: 0 bytes in 0 blocks
==47887==    still reachable: 0 bytes in 0 blocks
==47887==         suppressed: 0 bytes in 0 blocks
==47887== Rerun with --leak-check=full to see details of leaked memory
==47887== 
==47887== For lists of detected and suppressed errors, rerun with: -s
==47887== ERROR SUMMARY: 0 errors from 0 contexts (suppressed: 0 from 0)
Running valgrind on ./maps/bad/map_missing.cub...

[0;31m Error:[Map start] No map or incorrect placement
[0m Exit code: 1
‚ö†Ô∏è No Valgrind alerts, but with leaks[0m  
==47893== Memcheck, a memory error detector
==47893== Copyright (C) 2002-2022, and GNU GPL'd, by Julian Seward et al.
==47893== Using Valgrind-3.22.0 and LibVEX; rerun with -h for copyright info
==47893== Command: ./cub3d ./maps/bad/map_missing.cub
==47893== Parent PID: 47577
==47893== 
==47893== 
==47893== HEAP SUMMARY:
==47893==     in use at exit: 213 bytes in 9 blocks
==47893==   total heap usage: 43 allocs, 34 frees, 1,184 bytes allocated
==47893== 
==47893== LEAK SUMMARY:
==47893==    definitely lost: 72 bytes in 1 blocks
==47893==    indirectly lost: 141 bytes in 8 blocks
==47893==      possibly lost: 0 bytes in 0 blocks
==47893==    still reachable: 0 bytes in 0 blocks
==47893==         suppressed: 0 bytes in 0 blocks
==47893== Rerun with --leak-check=full to see details of leaked memory
==47893== 
==47893== For lists of detected and suppressed errors, rerun with: -s
==47893== ERROR SUMMARY: 0 errors from 0 contexts (suppressed: 0 from 0)
Running valgrind on ./maps/bad/map_only.cub...

[0;31m Error:[Map start] No map or incorrect placement
[0m Exit code: 1
‚ö†Ô∏è No Valgrind alerts, but with leaks[0m  
==47957== Memcheck, a memory error detector
==47957== Copyright (C) 2002-2022, and GNU GPL'd, by Julian Seward et al.
==47957== Using Valgrind-3.22.0 and LibVEX; rerun with -h for copyright info
==47957== Command: ./cub3d ./maps/bad/map_only.cub
==47957== Parent PID: 47577
==47957== 
==47957== 
==47957== HEAP SUMMARY:
==47957==     in use at exit: 203 bytes in 14 blocks
==47957==   total heap usage: 61 allocs, 47 frees, 1,634 bytes allocated
==47957== 
==47957== LEAK SUMMARY:
==47957==    definitely lost: 112 bytes in 1 blocks
==47957==    indirectly lost: 91 bytes in 13 blocks
==47957==      possibly lost: 0 bytes in 0 blocks
==47957==    still reachable: 0 bytes in 0 blocks
==47957==         suppressed: 0 bytes in 0 blocks
==47957== Rerun with --leak-check=full to see details of leaked memory
==47957== 
==47957== For lists of detected and suppressed errors, rerun with: -s
==47957== ERROR SUMMARY: 0 errors from 0 contexts (suppressed: 0 from 0)
Running valgrind on ./maps/bad/map_too_small.cub...

[0;31m Error:[Map check in file] Invalid map size
[0m Exit code: 1
‚ö†Ô∏è No Valgrind alerts, but with leaks[0m  
==48026== Memcheck, a memory error detector
==48026== Copyright (C) 2002-2022, and GNU GPL'd, by Julian Seward et al.
==48026== Using Valgrind-3.22.0 and LibVEX; rerun with -h for copyright info
==48026== Command: ./cub3d ./maps/bad/map_too_small.cub
==48026== Parent PID: 47577
==48026== 
==48026== 
==48026== HEAP SUMMARY:
==48026==     in use at exit: 239 bytes in 11 blocks
==48026==   total heap usage: 51 allocs, 40 frees, 1,444 bytes allocated
==48026== 
==48026== LEAK SUMMARY:
==48026==    definitely lost: 88 bytes in 1 blocks
==48026==    indirectly lost: 151 bytes in 10 blocks
==48026==      possibly lost: 0 bytes in 0 blocks
==48026==    still reachable: 0 bytes in 0 blocks
==48026==         suppressed: 0 bytes in 0 blocks
==48026== Rerun with --leak-check=full to see details of leaked memory
==48026== 
==48026== For lists of detected and suppressed errors, rerun with: -s
==48026== ERROR SUMMARY: 0 errors from 0 contexts (suppressed: 0 from 0)
Running valgrind on ./maps/bad/player_multiple.cub...

[0;31m Error:[Map validation] invalid number of player 
[0m Exit code: 1
‚ö†Ô∏è No Valgrind alerts, but with leaks[0m  
==48075== Memcheck, a memory error detector
==48075== Copyright (C) 2002-2022, and GNU GPL'd, by Julian Seward et al.
==48075== Using Valgrind-3.22.0 and LibVEX; rerun with -h for copyright info
==48075== Command: ./cub3d ./maps/bad/player_multiple.cub
==48075== Parent PID: 47577
==48075== 
==48075== 
==48075== HEAP SUMMARY:
==48075==     in use at exit: 598 bytes in 36 blocks
==48075==   total heap usage: 125 allocs, 89 frees, 3,829 bytes allocated
==48075== 
==48075== LEAK SUMMARY:
==48075==    definitely lost: 288 bytes in 2 blocks
==48075==    indirectly lost: 310 bytes in 34 blocks
==48075==      possibly lost: 0 bytes in 0 blocks
==48075==    still reachable: 0 bytes in 0 blocks
==48075==         suppressed: 0 bytes in 0 blocks
==48075== Rerun with --leak-check=full to see details of leaked memory
==48075== 
==48075== For lists of detected and suppressed errors, rerun with: -s
==48075== ERROR SUMMARY: 0 errors from 0 contexts (suppressed: 0 from 0)
Running valgrind on ./maps/bad/player_none.cub...

[0;31m Error:[Map validation] invalid number of player 
[0m Exit code: 1
‚ö†Ô∏è No Valgrind alerts, but with leaks[0m  
==48078== Memcheck, a memory error detector
==48078== Copyright (C) 2002-2022, and GNU GPL'd, by Julian Seward et al.
==48078== Using Valgrind-3.22.0 and LibVEX; rerun with -h for copyright info
==48078== Command: ./cub3d ./maps/bad/player_none.cub
==48078== Parent PID: 47577
==48078== 
==48078== 
==48078== HEAP SUMMARY:
==48078==     in use at exit: 598 bytes in 36 blocks
==48078==   total heap usage: 125 allocs, 89 frees, 3,829 bytes allocated
==48078== 
==48078== LEAK SUMMARY:
==48078==    definitely lost: 288 bytes in 2 blocks
==48078==    indirectly lost: 310 bytes in 34 blocks
==48078==      possibly lost: 0 bytes in 0 blocks
==48078==    still reachable: 0 bytes in 0 blocks
==48078==         suppressed: 0 bytes in 0 blocks
==48078== Rerun with --leak-check=full to see details of leaked memory
==48078== 
==48078== For lists of detected and suppressed errors, rerun with: -s
==48078== ERROR SUMMARY: 0 errors from 0 contexts (suppressed: 0 from 0)
Running valgrind on ./maps/bad/player_on_edge.cub...

[0;31m Error:[Walls check] incorrect horizontal walls
[0m Exit code: 1
‚ö†Ô∏è No Valgrind alerts, but with leaks[0m  
==48081== Memcheck, a memory error detector
==48081== Copyright (C) 2002-2022, and GNU GPL'd, by Julian Seward et al.
==48081== Using Valgrind-3.22.0 and LibVEX; rerun with -h for copyright info
==48081== Command: ./cub3d ./maps/bad/player_on_edge.cub
==48081== Parent PID: 47577
==48081== 
==48081== 
==48081== HEAP SUMMARY:
==48081==     in use at exit: 598 bytes in 36 blocks
==48081==   total heap usage: 125 allocs, 89 frees, 3,829 bytes allocated
==48081== 
==48081== LEAK SUMMARY:
==48081==    definitely lost: 288 bytes in 2 blocks
==48081==    indirectly lost: 310 bytes in 34 blocks
==48081==      possibly lost: 0 bytes in 0 blocks
==48081==    still reachable: 0 bytes in 0 blocks
==48081==         suppressed: 0 bytes in 0 blocks
==48081== Rerun with --leak-check=full to see details of leaked memory
==48081== 
==48081== For lists of detected and suppressed errors, rerun with: -s
==48081== ERROR SUMMARY: 0 errors from 0 contexts (suppressed: 0 from 0)
Running valgrind on ./maps/bad/textures_dir.cub...

[0;31m Error:[Texture verification] invalid texture format
[0m Exit code: 1
‚ö†Ô∏è No Valgrind alerts, but with leaks[0m  
==48084== Memcheck, a memory error detector
==48084== Copyright (C) 2002-2022, and GNU GPL'd, by Julian Seward et al.
==48084== Using Valgrind-3.22.0 and LibVEX; rerun with -h for copyright info
==48084== Command: ./cub3d ./maps/bad/textures_dir.cub
==48084== Parent PID: 47577
==48084== 
==48084== 
==48084== HEAP SUMMARY:
==48084==     in use at exit: 676 bytes in 40 blocks
==48084==   total heap usage: 129 allocs, 89 frees, 3,889 bytes allocated
==48084== 
==48084== LEAK SUMMARY:
==48084==    definitely lost: 374 bytes in 6 blocks
==48084==    indirectly lost: 302 bytes in 34 blocks
==48084==      possibly lost: 0 bytes in 0 blocks
==48084==    still reachable: 0 bytes in 0 blocks
==48084==         suppressed: 0 bytes in 0 blocks
==48084== Rerun with --leak-check=full to see details of leaked memory
==48084== 
==48084== For lists of detected and suppressed errors, rerun with: -s
==48084== ERROR SUMMARY: 0 errors from 0 contexts (suppressed: 0 from 0)
Running valgrind on ./maps/bad/textures_duplicates.cub...

[0;31m Error:[Texture save] Duplicate found
[0m Exit code: 1
‚ö†Ô∏è No Valgrind alerts, but with leaks[0m  
==48087== Memcheck, a memory error detector
==48087== Copyright (C) 2002-2022, and GNU GPL'd, by Julian Seward et al.
==48087== Using Valgrind-3.22.0 and LibVEX; rerun with -h for copyright info
==48087== Command: ./cub3d ./maps/bad/textures_duplicates.cub
==48087== Parent PID: 47577
==48087== 
==48087== 
==48087== HEAP SUMMARY:
==48087==     in use at exit: 750 bytes in 42 blocks
==48087==   total heap usage: 135 allocs, 93 frees, 4,203 bytes allocated
==48087== 
==48087== LEAK SUMMARY:
==48087==    definitely lost: 413 bytes in 7 blocks
==48087==    indirectly lost: 337 bytes in 35 blocks
==48087==      possibly lost: 0 bytes in 0 blocks
==48087==    still reachable: 0 bytes in 0 blocks
==48087==         suppressed: 0 bytes in 0 blocks
==48087== Rerun with --leak-check=full to see details of leaked memory
==48087== 
==48087== For lists of detected and suppressed errors, rerun with: -s
==48087== ERROR SUMMARY: 0 errors from 0 contexts (suppressed: 0 from 0)
Running valgrind on ./maps/bad/textures_invalid.cub...

[0;31m Error:[Texture verification] invalid texture format
[0m Exit code: 1
‚ö†Ô∏è No Valgrind alerts, but with leaks[0m  
==48090== Memcheck, a memory error detector
==48090== Copyright (C) 2002-2022, and GNU GPL'd, by Julian Seward et al.
==48090== Using Valgrind-3.22.0 and LibVEX; rerun with -h for copyright info
==48090== Command: ./cub3d ./maps/bad/textures_invalid.cub
==48090== Parent PID: 47577
==48090== 
==48090== 
==48090== HEAP SUMMARY:
==48090==     in use at exit: 678 bytes in 40 blocks
==48090==   total heap usage: 129 allocs, 89 frees, 3,886 bytes allocated
==48090== 
==48090== LEAK SUMMARY:
==48090==    definitely lost: 375 bytes in 6 blocks
==48090==    indirectly lost: 303 bytes in 34 blocks
==48090==      possibly lost: 0 bytes in 0 blocks
==48090==    still reachable: 0 bytes in 0 blocks
==48090==         suppressed: 0 bytes in 0 blocks
==48090== Rerun with --leak-check=full to see details of leaked memory
==48090== 
==48090== For lists of detected and suppressed errors, rerun with: -s
==48090== ERROR SUMMARY: 0 errors from 0 contexts (suppressed: 0 from 0)
Running valgrind on ./maps/bad/textures_missing.cub...

[0;31m Error:[Texture] textures are not complete
[0m Exit code: 1
‚ö†Ô∏è No Valgrind alerts, but with leaks[0m  
==48157== Memcheck, a memory error detector
==48157== Copyright (C) 2002-2022, and GNU GPL'd, by Julian Seward et al.
==48157== Using Valgrind-3.22.0 and LibVEX; rerun with -h for copyright info
==48157== Command: ./cub3d ./maps/bad/textures_missing.cub
==48157== Parent PID: 47577
==48157== 
==48157== 
==48157== HEAP SUMMARY:
==48157==     in use at exit: 632 bytes in 38 blocks
==48157==   total heap usage: 123 allocs, 85 frees, 3,582 bytes allocated
==48157== 
==48157== LEAK SUMMARY:
==48157==    definitely lost: 350 bytes in 5 blocks
==48157==    indirectly lost: 282 bytes in 33 blocks
==48157==      possibly lost: 0 bytes in 0 blocks
==48157==    still reachable: 0 bytes in 0 blocks
==48157==         suppressed: 0 bytes in 0 blocks
==48157== Rerun with --leak-check=full to see details of leaked memory
==48157== 
==48157== For lists of detected and suppressed errors, rerun with: -s
==48157== ERROR SUMMARY: 0 errors from 0 contexts (suppressed: 0 from 0)
Running valgrind on ./maps/bad/textures_none.cub...

[0;31m Error:[Texture] textures are not complete
[0m Exit code: 1
‚ö†Ô∏è No Valgrind alerts, but with leaks[0m  
==48160== Memcheck, a memory error detector
==48160== Copyright (C) 2002-2022, and GNU GPL'd, by Julian Seward et al.
==48160== Using Valgrind-3.22.0 and LibVEX; rerun with -h for copyright info
==48160== Command: ./cub3d ./maps/bad/textures_none.cub
==48160== Parent PID: 47577
==48160== 
==48160== 
==48160== HEAP SUMMARY:
==48160==     in use at exit: 446 bytes in 31 blocks
==48160==   total heap usage: 101 allocs, 70 frees, 2,538 bytes allocated
==48160== 
==48160== LEAK SUMMARY:
==48160==    definitely lost: 248 bytes in 2 blocks
==48160==    indirectly lost: 198 bytes in 29 blocks
==48160==      possibly lost: 0 bytes in 0 blocks
==48160==    still reachable: 0 bytes in 0 blocks
==48160==         suppressed: 0 bytes in 0 blocks
==48160== Rerun with --leak-check=full to see details of leaked memory
==48160== 
==48160== For lists of detected and suppressed errors, rerun with: -s
==48160== ERROR SUMMARY: 0 errors from 0 contexts (suppressed: 0 from 0)
Running valgrind on ./maps/bad/textures_not_xpm.cub...

[0;31m Error:[Texture verification] invalid texture format
[0m Exit code: 1
‚ö†Ô∏è No Valgrind alerts, but with leaks[0m  
==48275== Memcheck, a memory error detector
==48275== Copyright (C) 2002-2022, and GNU GPL'd, by Julian Seward et al.
==48275== Using Valgrind-3.22.0 and LibVEX; rerun with -h for copyright info
==48275== Command: ./cub3d ./maps/bad/textures_not_xpm.cub
==48275== Parent PID: 47577
==48275== 
==48275== 
==48275== HEAP SUMMARY:
==48275==     in use at exit: 684 bytes in 40 blocks
==48275==   total heap usage: 129 allocs, 89 frees, 3,879 bytes allocated
==48275== 
==48275== LEAK SUMMARY:
==48275==    definitely lost: 378 bytes in 6 blocks
==48275==    indirectly lost: 306 bytes in 34 blocks
==48275==      possibly lost: 0 bytes in 0 blocks
==48275==    still reachable: 0 bytes in 0 blocks
==48275==         suppressed: 0 bytes in 0 blocks
==48275== Rerun with --leak-check=full to see details of leaked memory
==48275== 
==48275== For lists of detected and suppressed errors, rerun with: -s
==48275== ERROR SUMMARY: 0 errors from 0 contexts (suppressed: 0 from 0)
Running valgrind on ./maps/bad/wall_hole_east.cub...

[0;31m Error:[Walls check] incorrect vertical walls 
[0m Exit code: 1
‚ö†Ô∏è No Valgrind alerts, but with leaks[0m  
==48278== Memcheck, a memory error detector
==48278== Copyright (C) 2002-2022, and GNU GPL'd, by Julian Seward et al.
==48278== Using Valgrind-3.22.0 and LibVEX; rerun with -h for copyright info
==48278== Command: ./cub3d ./maps/bad/wall_hole_east.cub
==48278== Parent PID: 47577
==48278== 
==48278== 
==48278== HEAP SUMMARY:
==48278==     in use at exit: 598 bytes in 36 blocks
==48278==   total heap usage: 125 allocs, 89 frees, 3,829 bytes allocated
==48278== 
==48278== LEAK SUMMARY:
==48278==    definitely lost: 288 bytes in 2 blocks
==48278==    indirectly lost: 310 bytes in 34 blocks
==48278==      possibly lost: 0 bytes in 0 blocks
==48278==    still reachable: 0 bytes in 0 blocks
==48278==         suppressed: 0 bytes in 0 blocks
==48278== Rerun with --leak-check=full to see details of leaked memory
==48278== 
==48278== For lists of detected and suppressed errors, rerun with: -s
==48278== ERROR SUMMARY: 0 errors from 0 contexts (suppressed: 0 from 0)
Running valgrind on ./maps/bad/wall_hole_north.cub...

[0;31m Error:[Walls check] incorrect horizontal walls
[0m Exit code: 1
‚ö†Ô∏è No Valgrind alerts, but with leaks[0m  
==48281== Memcheck, a memory error detector
==48281== Copyright (C) 2002-2022, and GNU GPL'd, by Julian Seward et al.
==48281== Using Valgrind-3.22.0 and LibVEX; rerun with -h for copyright info
==48281== Command: ./cub3d ./maps/bad/wall_hole_north.cub
==48281== Parent PID: 47577
==48281== 
==48281== 
==48281== HEAP SUMMARY:
==48281==     in use at exit: 598 bytes in 36 blocks
==48281==   total heap usage: 125 allocs, 89 frees, 3,829 bytes allocated
==48281== 
==48281== LEAK SUMMARY:
==48281==    definitely lost: 288 bytes in 2 blocks
==48281==    indirectly lost: 310 bytes in 34 blocks
==48281==      possibly lost: 0 bytes in 0 blocks
==48281==    still reachable: 0 bytes in 0 blocks
==48281==         suppressed: 0 bytes in 0 blocks
==48281== Rerun with --leak-check=full to see details of leaked memory
==48281== 
==48281== For lists of detected and suppressed errors, rerun with: -s
==48281== ERROR SUMMARY: 0 errors from 0 contexts (suppressed: 0 from 0)
Running valgrind on ./maps/bad/wall_hole_south.cub...

[0;31m Error:[Walls check] incorrect horizontal walls
[0m Exit code: 1
‚ö†Ô∏è No Valgrind alerts, but with leaks[0m  
==48284== Memcheck, a memory error detector
==48284== Copyright (C) 2002-2022, and GNU GPL'd, by Julian Seward et al.
==48284== Using Valgrind-3.22.0 and LibVEX; rerun with -h for copyright info
==48284== Command: ./cub3d ./maps/bad/wall_hole_south.cub
==48284== Parent PID: 47577
==48284== 
==48284== 
==48284== HEAP SUMMARY:
==48284==     in use at exit: 598 bytes in 36 blocks
==48284==   total heap usage: 125 allocs, 89 frees, 3,829 bytes allocated
==48284== 
==48284== LEAK SUMMARY:
==48284==    definitely lost: 288 bytes in 2 blocks
==48284==    indirectly lost: 310 bytes in 34 blocks
==48284==      possibly lost: 0 bytes in 0 blocks
==48284==    still reachable: 0 bytes in 0 blocks
==48284==         suppressed: 0 bytes in 0 blocks
==48284== Rerun with --leak-check=full to see details of leaked memory
==48284== 
==48284== For lists of detected and suppressed errors, rerun with: -s
==48284== ERROR SUMMARY: 0 errors from 0 contexts (suppressed: 0 from 0)
Running valgrind on ./maps/bad/wall_hole_west.cub...

[0;31m Error:[Map check in file] Invalid map placement or format
[0m Exit code: 1
‚ö†Ô∏è No Valgrind alerts, but with leaks[0m  
==48287== Memcheck, a memory error detector
==48287== Copyright (C) 2002-2022, and GNU GPL'd, by Julian Seward et al.
==48287== Using Valgrind-3.22.0 and LibVEX; rerun with -h for copyright info
==48287== Command: ./cub3d ./maps/bad/wall_hole_west.cub
==48287== Parent PID: 47577
==48287== 
==48287== 
==48287== HEAP SUMMARY:
==48287==     in use at exit: 408 bytes in 22 blocks
==48287==   total heap usage: 98 allocs, 76 frees, 3,561 bytes allocated
==48287== 
==48287== LEAK SUMMARY:
==48287==    definitely lost: 176 bytes in 1 blocks
==48287==    indirectly lost: 232 bytes in 21 blocks
==48287==      possibly lost: 0 bytes in 0 blocks
==48287==    still reachable: 0 bytes in 0 blocks
==48287==         suppressed: 0 bytes in 0 blocks
==48287== Rerun with --leak-check=full to see details of leaked memory
==48287== 
==48287== For lists of detected and suppressed errors, rerun with: -s
==48287== ERROR SUMMARY: 0 errors from 0 contexts (suppressed: 0 from 0)
Running valgrind on ./maps/bad/wall_none.cub...

[0;31m Error:[Map start] No map or incorrect placement
[0m Exit code: 1
‚ö†Ô∏è No Valgrind alerts, but with leaks[0m  
==48290== Memcheck, a memory error detector
==48290== Copyright (C) 2002-2022, and GNU GPL'd, by Julian Seward et al.
==48290== Using Valgrind-3.22.0 and LibVEX; rerun with -h for copyright info
==48290== Command: ./cub3d ./maps/bad/wall_none.cub
==48290== Parent PID: 47577
==48290== 
==48290== 
==48290== HEAP SUMMARY:
==48290==     in use at exit: 408 bytes in 22 blocks
==48290==   total heap usage: 98 allocs, 76 frees, 3,561 bytes allocated
==48290== 
==48290== LEAK SUMMARY:
==48290==    definitely lost: 176 bytes in 1 blocks
==48290==    indirectly lost: 232 bytes in 21 blocks
==48290==      possibly lost: 0 bytes in 0 blocks
==48290==    still reachable: 0 bytes in 0 blocks
==48290==         suppressed: 0 bytes in 0 blocks
==48290== Rerun with --leak-check=full to see details of leaked memory
==48290== 
==48290== For lists of detected and suppressed errors, rerun with: -s
==48290== ERROR SUMMARY: 0 errors from 0 contexts (suppressed: 0 from 0)
Valgrind tests completed. Results saved to test_output.txt.
Starting Valgrind tests...
Running valgrind on ./maps/bad/color_invalid_rgb.cub...

[0;31m Error:[Color] color number out of range
[0m Exit code: 1
‚ö†Ô∏è No Valgrind alerts, but with leaks[0m  
==50661== Memcheck, a memory error detector
==50661== Copyright (C) 2002-2022, and GNU GPL'd, by Julian Seward et al.
==50661== Using Valgrind-3.22.0 and LibVEX; rerun with -h for copyright info
==50661== Command: ./cub3d ./maps/bad/color_invalid_rgb.cub
==50661== Parent PID: 50659
==50661== 
==50661== 
==50661== HEAP SUMMARY:
==50661==     in use at exit: 796 bytes in 51 blocks
==50661==   total heap usage: 145 allocs, 94 frees, 4,212 bytes allocated
==50661== 
==50661== LEAK SUMMARY:
==50661==    definitely lost: 471 bytes in 10 blocks
==50661==    indirectly lost: 325 bytes in 41 blocks
==50661==      possibly lost: 0 bytes in 0 blocks
==50661==    still reachable: 0 bytes in 0 blocks
==50661==         suppressed: 0 bytes in 0 blocks
==50661== Rerun with --leak-check=full to see details of leaked memory
==50661== 
==50661== For lists of detected and suppressed errors, rerun with: -s
==50661== ERROR SUMMARY: 0 errors from 0 contexts (suppressed: 0 from 0)
Running valgrind on ./maps/bad/color_missing_ceiling_rgb.cub...

[0;31m Error:[Color] incorrect numbers
[0m Exit code: 1
‚ö†Ô∏è No Valgrind alerts, but with leaks[0m  
==50664== Memcheck, a memory error detector
==50664== Copyright (C) 2002-2022, and GNU GPL'd, by Julian Seward et al.
==50664== Using Valgrind-3.22.0 and LibVEX; rerun with -h for copyright info
==50664== Command: ./cub3d ./maps/bad/color_missing_ceiling_rgb.cub
==50664== Parent PID: 50659
==50664== 
==50664== 
==50664== HEAP SUMMARY:
==50664==     in use at exit: 780 bytes in 49 blocks
==50664==   total heap usage: 140 allocs, 91 frees, 3,986 bytes allocated
==50664== 
==50664== LEAK SUMMARY:
==50664==    definitely lost: 456 bytes in 10 blocks
==50664==    indirectly lost: 324 bytes in 39 blocks
==50664==      possibly lost: 0 bytes in 0 blocks
==50664==    still reachable: 0 bytes in 0 blocks
==50664==         suppressed: 0 bytes in 0 blocks
==50664== Rerun with --leak-check=full to see details of leaked memory
==50664== 
==50664== For lists of detected and suppressed errors, rerun with: -s
==50664== ERROR SUMMARY: 0 errors from 0 contexts (suppressed: 0 from 0)
Running valgrind on ./maps/bad/color_missing.cub...

[0;31m Error:[Color] color number out of range
[0m Exit code: 1
‚ö†Ô∏è No Valgrind alerts, but with leaks[0m  
==50731== Memcheck, a memory error detector
==50731== Copyright (C) 2002-2022, and GNU GPL'd, by Julian Seward et al.
==50731== Using Valgrind-3.22.0 and LibVEX; rerun with -h for copyright info
==50731== Command: ./cub3d ./maps/bad/color_missing.cub
==50731== Parent PID: 50659
==50731== 
==50731== 
==50731== HEAP SUMMARY:
==50731==     in use at exit: 728 bytes in 44 blocks
==50731==   total heap usage: 131 allocs, 87 frees, 3,780 bytes allocated
==50731== 
==50731== LEAK SUMMARY:
==50731==    definitely lost: 418 bytes in 8 blocks
==50731==    indirectly lost: 310 bytes in 36 blocks
==50731==      possibly lost: 0 bytes in 0 blocks
==50731==    still reachable: 0 bytes in 0 blocks
==50731==         suppressed: 0 bytes in 0 blocks
==50731== Rerun with --leak-check=full to see details of leaked memory
==50731== 
==50731== For lists of detected and suppressed errors, rerun with: -s
==50731== ERROR SUMMARY: 0 errors from 0 contexts (suppressed: 0 from 0)
Running valgrind on ./maps/bad/color_missing_floor_rgb.cub...

[0;31m Error:[Color] incorrect numbers
[0m Exit code: 1
‚ö†Ô∏è No Valgrind alerts, but with leaks[0m  
==50748== Memcheck, a memory error detector
==50748== Copyright (C) 2002-2022, and GNU GPL'd, by Julian Seward et al.
==50748== Using Valgrind-3.22.0 and LibVEX; rerun with -h for copyright info
==50748== Command: ./cub3d ./maps/bad/color_missing_floor_rgb.cub
==50748== Parent PID: 50659
==50748== 
==50748== 
==50748== HEAP SUMMARY:
==50748==     in use at exit: 781 bytes in 49 blocks
==50748==   total heap usage: 140 allocs, 91 frees, 3,993 bytes allocated
==50748== 
==50748== LEAK SUMMARY:
==50748==    definitely lost: 456 bytes in 10 blocks
==50748==    indirectly lost: 325 bytes in 39 blocks
==50748==      possibly lost: 0 bytes in 0 blocks
==50748==    still reachable: 0 bytes in 0 blocks
==50748==         suppressed: 0 bytes in 0 blocks
==50748== Rerun with --leak-check=full to see details of leaked memory
==50748== 
==50748== For lists of detected and suppressed errors, rerun with: -s
==50748== ERROR SUMMARY: 0 errors from 0 contexts (suppressed: 0 from 0)
Running valgrind on ./maps/bad/color_none.cub...

[0;31m Error:[Color] color number out of range
[0m Exit code: 1
‚ö†Ô∏è No Valgrind alerts, but with leaks[0m  
==50849== Memcheck, a memory error detector
==50849== Copyright (C) 2002-2022, and GNU GPL'd, by Julian Seward et al.
==50849== Using Valgrind-3.22.0 and LibVEX; rerun with -h for copyright info
==50849== Command: ./cub3d ./maps/bad/color_none.cub
==50849== Parent PID: 50659
==50849== 
==50849== 
==50849== HEAP SUMMARY:
==50849==     in use at exit: 639 bytes in 37 blocks
==50849==   total heap usage: 116 allocs, 79 frees, 3,196 bytes allocated
==50849== 
==50849== LEAK SUMMARY:
==50849==    definitely lost: 358 bytes in 6 blocks
==50849==    indirectly lost: 281 bytes in 31 blocks
==50849==      possibly lost: 0 bytes in 0 blocks
==50849==    still reachable: 0 bytes in 0 blocks
==50849==         suppressed: 0 bytes in 0 blocks
==50849== Rerun with --leak-check=full to see details of leaked memory
==50849== 
==50849== For lists of detected and suppressed errors, rerun with: -s
==50849== ERROR SUMMARY: 0 errors from 0 contexts (suppressed: 0 from 0)
Running valgrind on ./maps/bad/empty.cub...
[0;31m Error:[Read file] file is empty
[0m Exit code: 1
[0;32m‚úÖ No Valgrind alerts, no leaks[0m  
==50915== Memcheck, a memory error detector
==50915== Copyright (C) 2002-2022, and GNU GPL'd, by Julian Seward et al.
==50915== Using Valgrind-3.22.0 and LibVEX; rerun with -h for copyright info
==50915== Command: ./cub3d ./maps/bad/empty.cub
==50915== Parent PID: 50659
==50915== 
==50915== 
==50915== HEAP SUMMARY:
==50915==     in use at exit: 0 bytes in 0 blocks
==50915==   total heap usage: 5 allocs, 5 frees, 170 bytes allocated
==50915== 
==50915== All heap blocks were freed -- no leaks are possible
==50915== 
==50915== For lists of detected and suppressed errors, rerun with: -s
==50915== ERROR SUMMARY: 0 errors from 0 contexts (suppressed: 0 from 0)
Running valgrind on ./maps/bad/file_letter_end.cub...

[0;31m Error:[Map validation] Empty line found[0m Exit code: 1
‚ö†Ô∏è No Valgrind alerts, but with leaks[0m  
==50918== Memcheck, a memory error detector
==50918== Copyright (C) 2002-2022, and GNU GPL'd, by Julian Seward et al.
==50918== Using Valgrind-3.22.0 and LibVEX; rerun with -h for copyright info
==50918== Command: ./cub3d ./maps/bad/file_letter_end.cub
==50918== Parent PID: 50659
==50918== 
==50918== 
==50918== HEAP SUMMARY:
==50918==     in use at exit: 549 bytes in 36 blocks
==50918==   total heap usage: 155 allocs, 119 frees, 7,353 bytes allocated
==50918== 
==50918== LEAK SUMMARY:
==50918==    definitely lost: 288 bytes in 1 blocks
==50918==    indirectly lost: 261 bytes in 35 blocks
==50918==      possibly lost: 0 bytes in 0 blocks
==50918==    still reachable: 0 bytes in 0 blocks
==50918==         suppressed: 0 bytes in 0 blocks
==50918== Rerun with --leak-check=full to see details of leaked memory
==50918== 
==50918== For lists of detected and suppressed errors, rerun with: -s
==50918== ERROR SUMMARY: 0 errors from 0 contexts (suppressed: 0 from 0)
Running valgrind on ./maps/bad/filetype_missing...
[0;31m Error:[Check args] no map or invalid map extension
[0m Exit code: 1
[0;32m‚úÖ No Valgrind alerts, no leaks[0m  
==51032== Memcheck, a memory error detector
==51032== Copyright (C) 2002-2022, and GNU GPL'd, by Julian Seward et al.
==51032== Using Valgrind-3.22.0 and LibVEX; rerun with -h for copyright info
==51032== Command: ./cub3d ./maps/bad/filetype_missing
==51032== Parent PID: 50659
==51032== 
==51032== 
==51032== HEAP SUMMARY:
==51032==     in use at exit: 0 bytes in 0 blocks
==51032==   total heap usage: 3 allocs, 3 frees, 144 bytes allocated
==51032== 
==51032== All heap blocks were freed -- no leaks are possible
==51032== 
==51032== For lists of detected and suppressed errors, rerun with: -s
==51032== ERROR SUMMARY: 0 errors from 0 contexts (suppressed: 0 from 0)
Running valgrind on ./maps/bad/filetype_wrong.buc...
[0;31m Error:[Check args] no map or invalid map extension
[0m Exit code: 1
[0;32m‚úÖ No Valgrind alerts, no leaks[0m  
==51035== Memcheck, a memory error detector
==51035== Copyright (C) 2002-2022, and GNU GPL'd, by Julian Seward et al.
==51035== Using Valgrind-3.22.0 and LibVEX; rerun with -h for copyright info
==51035== Command: ./cub3d ./maps/bad/filetype_wrong.buc
==51035== Parent PID: 50659
==51035== 
==51035== 
==51035== HEAP SUMMARY:
==51035==     in use at exit: 0 bytes in 0 blocks
==51035==   total heap usage: 3 allocs, 3 frees, 144 bytes allocated
==51035== 
==51035== All heap blocks were freed -- no leaks are possible
==51035== 
==51035== For lists of detected and suppressed errors, rerun with: -s
==51035== ERROR SUMMARY: 0 errors from 0 contexts (suppressed: 0 from 0)
Running valgrind on ./maps/bad/map_first.cub...

[0;31m Error:[Map start] No map or incorrect placement
[0m Exit code: 1
‚ö†Ô∏è No Valgrind alerts, but with leaks[0m  
==51038== Memcheck, a memory error detector
==51038== Copyright (C) 2002-2022, and GNU GPL'd, by Julian Seward et al.
==51038== Using Valgrind-3.22.0 and LibVEX; rerun with -h for copyright info
==51038== Command: ./cub3d ./maps/bad/map_first.cub
==51038== Parent PID: 50659
==51038== 
==51038== 
==51038== HEAP SUMMARY:
==51038==     in use at exit: 408 bytes in 22 blocks
==51038==   total heap usage: 98 allocs, 76 frees, 3,476 bytes allocated
==51038== 
==51038== LEAK SUMMARY:
==51038==    definitely lost: 176 bytes in 1 blocks
==51038==    indirectly lost: 232 bytes in 21 blocks
==51038==      possibly lost: 0 bytes in 0 blocks
==51038==    still reachable: 0 bytes in 0 blocks
==51038==         suppressed: 0 bytes in 0 blocks
==51038== Rerun with --leak-check=full to see details of leaked memory
==51038== 
==51038== For lists of detected and suppressed errors, rerun with: -s
==51038== ERROR SUMMARY: 0 errors from 0 contexts (suppressed: 0 from 0)
Running valgrind on ./maps/bad/map_middle.cub...

[0;31m Error:[Map check in file] Invalid map placement or format
[0m Exit code: 1
‚ö†Ô∏è No Valgrind alerts, but with leaks[0m  
==51041== Memcheck, a memory error detector
==51041== Copyright (C) 2002-2022, and GNU GPL'd, by Julian Seward et al.
==51041== Using Valgrind-3.22.0 and LibVEX; rerun with -h for copyright info
==51041== Command: ./cub3d ./maps/bad/map_middle.cub
==51041== Parent PID: 50659
==51041== 
==51041== 
==51041== HEAP SUMMARY:
==51041==     in use at exit: 428 bytes in 24 blocks
==51041==   total heap usage: 106 allocs, 82 frees, 3,963 bytes allocated
==51041== 
==51041== LEAK SUMMARY:
==51041==    definitely lost: 192 bytes in 1 blocks
==51041==    indirectly lost: 236 bytes in 23 blocks
==51041==      possibly lost: 0 bytes in 0 blocks
==51041==    still reachable: 0 bytes in 0 blocks
==51041==         suppressed: 0 bytes in 0 blocks
==51041== Rerun with --leak-check=full to see details of leaked memory
==51041== 
==51041== For lists of detected and suppressed errors, rerun with: -s
==51041== ERROR SUMMARY: 0 errors from 0 contexts (suppressed: 0 from 0)
Running valgrind on ./maps/bad/map_missing.cub...

[0;31m Error:[Map start] No map or incorrect placement
[0m Exit code: 1
‚ö†Ô∏è No Valgrind alerts, but with leaks[0m  
==51044== Memcheck, a memory error detector
==51044== Copyright (C) 2002-2022, and GNU GPL'd, by Julian Seward et al.
==51044== Using Valgrind-3.22.0 and LibVEX; rerun with -h for copyright info
==51044== Command: ./cub3d ./maps/bad/map_missing.cub
==51044== Parent PID: 50659
==51044== 
==51044== 
==51044== HEAP SUMMARY:
==51044==     in use at exit: 213 bytes in 9 blocks
==51044==   total heap usage: 43 allocs, 34 frees, 1,184 bytes allocated
==51044== 
==51044== LEAK SUMMARY:
==51044==    definitely lost: 72 bytes in 1 blocks
==51044==    indirectly lost: 141 bytes in 8 blocks
==51044==      possibly lost: 0 bytes in 0 blocks
==51044==    still reachable: 0 bytes in 0 blocks
==51044==         suppressed: 0 bytes in 0 blocks
==51044== Rerun with --leak-check=full to see details of leaked memory
==51044== 
==51044== For lists of detected and suppressed errors, rerun with: -s
==51044== ERROR SUMMARY: 0 errors from 0 contexts (suppressed: 0 from 0)
Running valgrind on ./maps/bad/map_only.cub...

[0;31m Error:[Map start] No map or incorrect placement
[0m Exit code: 1
‚ö†Ô∏è No Valgrind alerts, but with leaks[0m  
==51047== Memcheck, a memory error detector
==51047== Copyright (C) 2002-2022, and GNU GPL'd, by Julian Seward et al.
==51047== Using Valgrind-3.22.0 and LibVEX; rerun with -h for copyright info
==51047== Command: ./cub3d ./maps/bad/map_only.cub
==51047== Parent PID: 50659
==51047== 
==51047== 
==51047== HEAP SUMMARY:
==51047==     in use at exit: 203 bytes in 14 blocks
==51047==   total heap usage: 61 allocs, 47 frees, 1,634 bytes allocated
==51047== 
==51047== LEAK SUMMARY:
==51047==    definitely lost: 112 bytes in 1 blocks
==51047==    indirectly lost: 91 bytes in 13 blocks
==51047==      possibly lost: 0 bytes in 0 blocks
==51047==    still reachable: 0 bytes in 0 blocks
==51047==         suppressed: 0 bytes in 0 blocks
==51047== Rerun with --leak-check=full to see details of leaked memory
==51047== 
==51047== For lists of detected and suppressed errors, rerun with: -s
==51047== ERROR SUMMARY: 0 errors from 0 contexts (suppressed: 0 from 0)
Running valgrind on ./maps/bad/map_too_small.cub...

[0;31m Error:[Map check in file] Invalid map size
[0m Exit code: 1
‚ö†Ô∏è No Valgrind alerts, but with leaks[0m  
==51050== Memcheck, a memory error detector
==51050== Copyright (C) 2002-2022, and GNU GPL'd, by Julian Seward et al.
==51050== Using Valgrind-3.22.0 and LibVEX; rerun with -h for copyright info
==51050== Command: ./cub3d ./maps/bad/map_too_small.cub
==51050== Parent PID: 50659
==51050== 
==51050== 
==51050== HEAP SUMMARY:
==51050==     in use at exit: 239 bytes in 11 blocks
==51050==   total heap usage: 51 allocs, 40 frees, 1,444 bytes allocated
==51050== 
==51050== LEAK SUMMARY:
==51050==    definitely lost: 88 bytes in 1 blocks
==51050==    indirectly lost: 151 bytes in 10 blocks
==51050==      possibly lost: 0 bytes in 0 blocks
==51050==    still reachable: 0 bytes in 0 blocks
==51050==         suppressed: 0 bytes in 0 blocks
==51050== Rerun with --leak-check=full to see details of leaked memory
==51050== 
==51050== For lists of detected and suppressed errors, rerun with: -s
==51050== ERROR SUMMARY: 0 errors from 0 contexts (suppressed: 0 from 0)
Running valgrind on ./maps/bad/player_multiple.cub...

[0;31m Error:[Map validation] invalid number of player 
[0m Exit code: 1
‚ö†Ô∏è No Valgrind alerts, but with leaks[0m  
==51117== Memcheck, a memory error detector
==51117== Copyright (C) 2002-2022, and GNU GPL'd, by Julian Seward et al.
==51117== Using Valgrind-3.22.0 and LibVEX; rerun with -h for copyright info
==51117== Command: ./cub3d ./maps/bad/player_multiple.cub
==51117== Parent PID: 50659
==51117== 
==51117== 
==51117== HEAP SUMMARY:
==51117==     in use at exit: 598 bytes in 36 blocks
==51117==   total heap usage: 125 allocs, 89 frees, 3,829 bytes allocated
==51117== 
==51117== LEAK SUMMARY:
==51117==    definitely lost: 288 bytes in 2 blocks
==51117==    indirectly lost: 310 bytes in 34 blocks
==51117==      possibly lost: 0 bytes in 0 blocks
==51117==    still reachable: 0 bytes in 0 blocks
==51117==         suppressed: 0 bytes in 0 blocks
==51117== Rerun with --leak-check=full to see details of leaked memory
==51117== 
==51117== For lists of detected and suppressed errors, rerun with: -s
==51117== ERROR SUMMARY: 0 errors from 0 contexts (suppressed: 0 from 0)
Running valgrind on ./maps/bad/player_none.cub...

[0;31m Error:[Map validation] invalid number of player 
[0m Exit code: 1
‚ö†Ô∏è No Valgrind alerts, but with leaks[0m  
==51120== Memcheck, a memory error detector
==51120== Copyright (C) 2002-2022, and GNU GPL'd, by Julian Seward et al.
==51120== Using Valgrind-3.22.0 and LibVEX; rerun with -h for copyright info
==51120== Command: ./cub3d ./maps/bad/player_none.cub
==51120== Parent PID: 50659
==51120== 
==51120== 
==51120== HEAP SUMMARY:
==51120==     in use at exit: 598 bytes in 36 blocks
==51120==   total heap usage: 125 allocs, 89 frees, 3,829 bytes allocated
==51120== 
==51120== LEAK SUMMARY:
==51120==    definitely lost: 288 bytes in 2 blocks
==51120==    indirectly lost: 310 bytes in 34 blocks
==51120==      possibly lost: 0 bytes in 0 blocks
==51120==    still reachable: 0 bytes in 0 blocks
==51120==         suppressed: 0 bytes in 0 blocks
==51120== Rerun with --leak-check=full to see details of leaked memory
==51120== 
==51120== For lists of detected and suppressed errors, rerun with: -s
==51120== ERROR SUMMARY: 0 errors from 0 contexts (suppressed: 0 from 0)
Running valgrind on ./maps/bad/player_on_edge.cub...

[0;31m Error:[Walls check] incorrect horizontal walls
[0m Exit code: 1
‚ö†Ô∏è No Valgrind alerts, but with leaks[0m  
==51235== Memcheck, a memory error detector
==51235== Copyright (C) 2002-2022, and GNU GPL'd, by Julian Seward et al.
==51235== Using Valgrind-3.22.0 and LibVEX; rerun with -h for copyright info
==51235== Command: ./cub3d ./maps/bad/player_on_edge.cub
==51235== Parent PID: 50659
==51235== 
==51235== 
==51235== HEAP SUMMARY:
==51235==     in use at exit: 598 bytes in 36 blocks
==51235==   total heap usage: 125 allocs, 89 frees, 3,829 bytes allocated
==51235== 
==51235== LEAK SUMMARY:
==51235==    definitely lost: 288 bytes in 2 blocks
==51235==    indirectly lost: 310 bytes in 34 blocks
==51235==      possibly lost: 0 bytes in 0 blocks
==51235==    still reachable: 0 bytes in 0 blocks
==51235==         suppressed: 0 bytes in 0 blocks
==51235== Rerun with --leak-check=full to see details of leaked memory
==51235== 
==51235== For lists of detected and suppressed errors, rerun with: -s
==51235== ERROR SUMMARY: 0 errors from 0 contexts (suppressed: 0 from 0)
Running valgrind on ./maps/bad/textures_dir.cub...

[0;31m Error:[Texture verification] invalid texture format
[0m Exit code: 1
‚ö†Ô∏è No Valgrind alerts, but with leaks[0m  
==51238== Memcheck, a memory error detector
==51238== Copyright (C) 2002-2022, and GNU GPL'd, by Julian Seward et al.
==51238== Using Valgrind-3.22.0 and LibVEX; rerun with -h for copyright info
==51238== Command: ./cub3d ./maps/bad/textures_dir.cub
==51238== Parent PID: 50659
==51238== 
==51238== 
==51238== HEAP SUMMARY:
==51238==     in use at exit: 676 bytes in 40 blocks
==51238==   total heap usage: 129 allocs, 89 frees, 3,889 bytes allocated
==51238== 
==51238== LEAK SUMMARY:
==51238==    definitely lost: 374 bytes in 6 blocks
==51238==    indirectly lost: 302 bytes in 34 blocks
==51238==      possibly lost: 0 bytes in 0 blocks
==51238==    still reachable: 0 bytes in 0 blocks
==51238==         suppressed: 0 bytes in 0 blocks
==51238== Rerun with --leak-check=full to see details of leaked memory
==51238== 
==51238== For lists of detected and suppressed errors, rerun with: -s
==51238== ERROR SUMMARY: 0 errors from 0 contexts (suppressed: 0 from 0)
Running valgrind on ./maps/bad/textures_duplicates.cub...

[0;31m Error:[Texture save] Duplicate found
[0m Exit code: 1
‚ö†Ô∏è No Valgrind alerts, but with leaks[0m  
==51241== Memcheck, a memory error detector
==51241== Copyright (C) 2002-2022, and GNU GPL'd, by Julian Seward et al.
==51241== Using Valgrind-3.22.0 and LibVEX; rerun with -h for copyright info
==51241== Command: ./cub3d ./maps/bad/textures_duplicates.cub
==51241== Parent PID: 50659
==51241== 
==51241== 
==51241== HEAP SUMMARY:
==51241==     in use at exit: 750 bytes in 42 blocks
==51241==   total heap usage: 135 allocs, 93 frees, 4,203 bytes allocated
==51241== 
==51241== LEAK SUMMARY:
==51241==    definitely lost: 413 bytes in 7 blocks
==51241==    indirectly lost: 337 bytes in 35 blocks
==51241==      possibly lost: 0 bytes in 0 blocks
==51241==    still reachable: 0 bytes in 0 blocks
==51241==         suppressed: 0 bytes in 0 blocks
==51241== Rerun with --leak-check=full to see details of leaked memory
==51241== 
==51241== For lists of detected and suppressed errors, rerun with: -s
==51241== ERROR SUMMARY: 0 errors from 0 contexts (suppressed: 0 from 0)
Running valgrind on ./maps/bad/textures_invalid.cub...

[0;31m Error:[Texture verification] invalid texture format
[0m Exit code: 1
‚ö†Ô∏è No Valgrind alerts, but with leaks[0m  
==51244== Memcheck, a memory error detector
==51244== Copyright (C) 2002-2022, and GNU GPL'd, by Julian Seward et al.
==51244== Using Valgrind-3.22.0 and LibVEX; rerun with -h for copyright info
==51244== Command: ./cub3d ./maps/bad/textures_invalid.cub
==51244== Parent PID: 50659
==51244== 
==51244== 
==51244== HEAP SUMMARY:
==51244==     in use at exit: 678 bytes in 40 blocks
==51244==   total heap usage: 129 allocs, 89 frees, 3,886 bytes allocated
==51244== 
==51244== LEAK SUMMARY:
==51244==    definitely lost: 375 bytes in 6 blocks
==51244==    indirectly lost: 303 bytes in 34 blocks
==51244==      possibly lost: 0 bytes in 0 blocks
==51244==    still reachable: 0 bytes in 0 blocks
==51244==         suppressed: 0 bytes in 0 blocks
==51244== Rerun with --leak-check=full to see details of leaked memory
==51244== 
==51244== For lists of detected and suppressed errors, rerun with: -s
==51244== ERROR SUMMARY: 0 errors from 0 contexts (suppressed: 0 from 0)
Running valgrind on ./maps/bad/textures_missing.cub...

[0;31m Error:[Texture] textures are not complete
[0m Exit code: 1
‚ö†Ô∏è No Valgrind alerts, but with leaks[0m  
==51247== Memcheck, a memory error detector
==51247== Copyright (C) 2002-2022, and GNU GPL'd, by Julian Seward et al.
==51247== Using Valgrind-3.22.0 and LibVEX; rerun with -h for copyright info
==51247== Command: ./cub3d ./maps/bad/textures_missing.cub
==51247== Parent PID: 50659
==51247== 
==51247== 
==51247== HEAP SUMMARY:
==51247==     in use at exit: 632 bytes in 38 blocks
==51247==   total heap usage: 123 allocs, 85 frees, 3,582 bytes allocated
==51247== 
==51247== LEAK SUMMARY:
==51247==    definitely lost: 350 bytes in 5 blocks
==51247==    indirectly lost: 282 bytes in 33 blocks
==51247==      possibly lost: 0 bytes in 0 blocks
==51247==    still reachable: 0 bytes in 0 blocks
==51247==         suppressed: 0 bytes in 0 blocks
==51247== Rerun with --leak-check=full to see details of leaked memory
==51247== 
==51247== For lists of detected and suppressed errors, rerun with: -s
==51247== ERROR SUMMARY: 0 errors from 0 contexts (suppressed: 0 from 0)
Running valgrind on ./maps/bad/textures_none.cub...

[0;31m Error:[Texture] textures are not complete
[0m Exit code: 1
‚ö†Ô∏è No Valgrind alerts, but with leaks[0m  
==51250== Memcheck, a memory error detector
==51250== Copyright (C) 2002-2022, and GNU GPL'd, by Julian Seward et al.
==51250== Using Valgrind-3.22.0 and LibVEX; rerun with -h for copyright info
==51250== Command: ./cub3d ./maps/bad/textures_none.cub
==51250== Parent PID: 50659
==51250== 
==51250== 
==51250== HEAP SUMMARY:
==51250==     in use at exit: 446 bytes in 31 blocks
==51250==   total heap usage: 101 allocs, 70 frees, 2,538 bytes allocated
==51250== 
==51250== LEAK SUMMARY:
==51250==    definitely lost: 248 bytes in 2 blocks
==51250==    indirectly lost: 198 bytes in 29 blocks
==51250==      possibly lost: 0 bytes in 0 blocks
==51250==    still reachable: 0 bytes in 0 blocks
==51250==         suppressed: 0 bytes in 0 blocks
==51250== Rerun with --leak-check=full to see details of leaked memory
==51250== 
==51250== For lists of detected and suppressed errors, rerun with: -s
==51250== ERROR SUMMARY: 0 errors from 0 contexts (suppressed: 0 from 0)
Running valgrind on ./maps/bad/textures_not_xpm.cub...

[0;31m Error:[Texture verification] invalid texture format
[0m Exit code: 1
‚ö†Ô∏è No Valgrind alerts, but with leaks[0m  
==51316== Memcheck, a memory error detector
==51316== Copyright (C) 2002-2022, and GNU GPL'd, by Julian Seward et al.
==51316== Using Valgrind-3.22.0 and LibVEX; rerun with -h for copyright info
==51316== Command: ./cub3d ./maps/bad/textures_not_xpm.cub
==51316== Parent PID: 50659
==51316== 
==51316== 
==51316== HEAP SUMMARY:
==51316==     in use at exit: 684 bytes in 40 blocks
==51316==   total heap usage: 129 allocs, 89 frees, 3,879 bytes allocated
==51316== 
==51316== LEAK SUMMARY:
==51316==    definitely lost: 378 bytes in 6 blocks
==51316==    indirectly lost: 306 bytes in 34 blocks
==51316==      possibly lost: 0 bytes in 0 blocks
==51316==    still reachable: 0 bytes in 0 blocks
==51316==         suppressed: 0 bytes in 0 blocks
==51316== Rerun with --leak-check=full to see details of leaked memory
==51316== 
==51316== For lists of detected and suppressed errors, rerun with: -s
==51316== ERROR SUMMARY: 0 errors from 0 contexts (suppressed: 0 from 0)
Running valgrind on ./maps/bad/wall_hole_east.cub...

[0;31m Error:[Walls check] incorrect vertical walls 
[0m Exit code: 1
‚ö†Ô∏è No Valgrind alerts, but with leaks[0m  
==51319== Memcheck, a memory error detector
==51319== Copyright (C) 2002-2022, and GNU GPL'd, by Julian Seward et al.
==51319== Using Valgrind-3.22.0 and LibVEX; rerun with -h for copyright info
==51319== Command: ./cub3d ./maps/bad/wall_hole_east.cub
==51319== Parent PID: 50659
==51319== 
==51319== 
==51319== HEAP SUMMARY:
==51319==     in use at exit: 598 bytes in 36 blocks
==51319==   total heap usage: 125 allocs, 89 frees, 3,829 bytes allocated
==51319== 
==51319== LEAK SUMMARY:
==51319==    definitely lost: 288 bytes in 2 blocks
==51319==    indirectly lost: 310 bytes in 34 blocks
==51319==      possibly lost: 0 bytes in 0 blocks
==51319==    still reachable: 0 bytes in 0 blocks
==51319==         suppressed: 0 bytes in 0 blocks
==51319== Rerun with --leak-check=full to see details of leaked memory
==51319== 
==51319== For lists of detected and suppressed errors, rerun with: -s
==51319== ERROR SUMMARY: 0 errors from 0 contexts (suppressed: 0 from 0)
Running valgrind on ./maps/bad/wall_hole_north.cub...

[0;31m Error:[Walls check] incorrect horizontal walls
[0m Exit code: 1
‚ö†Ô∏è No Valgrind alerts, but with leaks[0m  
==51433== Memcheck, a memory error detector
==51433== Copyright (C) 2002-2022, and GNU GPL'd, by Julian Seward et al.
==51433== Using Valgrind-3.22.0 and LibVEX; rerun with -h for copyright info
==51433== Command: ./cub3d ./maps/bad/wall_hole_north.cub
==51433== Parent PID: 50659
==51433== 
==51433== 
==51433== HEAP SUMMARY:
==51433==     in use at exit: 598 bytes in 36 blocks
==51433==   total heap usage: 125 allocs, 89 frees, 3,829 bytes allocated
==51433== 
==51433== LEAK SUMMARY:
==51433==    definitely lost: 288 bytes in 2 blocks
==51433==    indirectly lost: 310 bytes in 34 blocks
==51433==      possibly lost: 0 bytes in 0 blocks
==51433==    still reachable: 0 bytes in 0 blocks
==51433==         suppressed: 0 bytes in 0 blocks
==51433== Rerun with --leak-check=full to see details of leaked memory
==51433== 
==51433== For lists of detected and suppressed errors, rerun with: -s
==51433== ERROR SUMMARY: 0 errors from 0 contexts (suppressed: 0 from 0)
Running valgrind on ./maps/bad/wall_hole_south.cub...

[0;31m Error:[Walls check] incorrect horizontal walls
[0m Exit code: 1
‚ö†Ô∏è No Valgrind alerts, but with leaks[0m  
==51436== Memcheck, a memory error detector
==51436== Copyright (C) 2002-2022, and GNU GPL'd, by Julian Seward et al.
==51436== Using Valgrind-3.22.0 and LibVEX; rerun with -h for copyright info
==51436== Command: ./cub3d ./maps/bad/wall_hole_south.cub
==51436== Parent PID: 50659
==51436== 
==51436== 
==51436== HEAP SUMMARY:
==51436==     in use at exit: 598 bytes in 36 blocks
==51436==   total heap usage: 125 allocs, 89 frees, 3,829 bytes allocated
==51436== 
==51436== LEAK SUMMARY:
==51436==    definitely lost: 288 bytes in 2 blocks
==51436==    indirectly lost: 310 bytes in 34 blocks
==51436==      possibly lost: 0 bytes in 0 blocks
==51436==    still reachable: 0 bytes in 0 blocks
==51436==         suppressed: 0 bytes in 0 blocks
==51436== Rerun with --leak-check=full to see details of leaked memory
==51436== 
==51436== For lists of detected and suppressed errors, rerun with: -s
==51436== ERROR SUMMARY: 0 errors from 0 contexts (suppressed: 0 from 0)
Running valgrind on ./maps/bad/wall_hole_west.cub...

[0;31m Error:[Map check in file] Invalid map placement or format
[0m Exit code: 1
‚ö†Ô∏è No Valgrind alerts, but with leaks[0m  
==51439== Memcheck, a memory error detector
==51439== Copyright (C) 2002-2022, and GNU GPL'd, by Julian Seward et al.
==51439== Using Valgrind-3.22.0 and LibVEX; rerun with -h for copyright info
==51439== Command: ./cub3d ./maps/bad/wall_hole_west.cub
==51439== Parent PID: 50659
==51439== 
==51439== 
==51439== HEAP SUMMARY:
==51439==     in use at exit: 408 bytes in 22 blocks
==51439==   total heap usage: 98 allocs, 76 frees, 3,561 bytes allocated
==51439== 
==51439== LEAK SUMMARY:
==51439==    definitely lost: 176 bytes in 1 blocks
==51439==    indirectly lost: 232 bytes in 21 blocks
==51439==      possibly lost: 0 bytes in 0 blocks
==51439==    still reachable: 0 bytes in 0 blocks
==51439==         suppressed: 0 bytes in 0 blocks
==51439== Rerun with --leak-check=full to see details of leaked memory
==51439== 
==51439== For lists of detected and suppressed errors, rerun with: -s
==51439== ERROR SUMMARY: 0 errors from 0 contexts (suppressed: 0 from 0)
Running valgrind on ./maps/bad/wall_none.cub...

[0;31m Error:[Map start] No map or incorrect placement
[0m Exit code: 1
‚ö†Ô∏è No Valgrind alerts, but with leaks[0m  
==51443== Memcheck, a memory error detector
==51443== Copyright (C) 2002-2022, and GNU GPL'd, by Julian Seward et al.
==51443== Using Valgrind-3.22.0 and LibVEX; rerun with -h for copyright info
==51443== Command: ./cub3d ./maps/bad/wall_none.cub
==51443== Parent PID: 50659
==51443== 
==51443== 
==51443== HEAP SUMMARY:
==51443==     in use at exit: 408 bytes in 22 blocks
==51443==   total heap usage: 98 allocs, 76 frees, 3,561 bytes allocated
==51443== 
==51443== LEAK SUMMARY:
==51443==    definitely lost: 176 bytes in 1 blocks
==51443==    indirectly lost: 232 bytes in 21 blocks
==51443==      possibly lost: 0 bytes in 0 blocks
==51443==    still reachable: 0 bytes in 0 blocks
==51443==         suppressed: 0 bytes in 0 blocks
==51443== Rerun with --leak-check=full to see details of leaked memory
==51443== 
==51443== For lists of detected and suppressed errors, rerun with: -s
==51443== ERROR SUMMARY: 0 errors from 0 contexts (suppressed: 0 from 0)
Valgrind tests completed. Results saved to test_output.txt.
Starting Valgrind tests...
Running valgrind on ./maps/bad/color_invalid_rgb.cub...

[0;31m Error:[Color] color number out of range
[0m Exit code: 1
‚ö†Ô∏è No Valgrind alerts, but with leaks[0m  
==52386== Memcheck, a memory error detector
==52386== Copyright (C) 2002-2022, and GNU GPL'd, by Julian Seward et al.
==52386== Using Valgrind-3.22.0 and LibVEX; rerun with -h for copyright info
==52386== Command: ./cub3d ./maps/bad/color_invalid_rgb.cub
==52386== Parent PID: 52384
==52386== 
==52386== 
==52386== HEAP SUMMARY:
==52386==     in use at exit: 796 bytes in 51 blocks
==52386==   total heap usage: 145 allocs, 94 frees, 4,212 bytes allocated
==52386== 
==52386== LEAK SUMMARY:
==52386==    definitely lost: 471 bytes in 10 blocks
==52386==    indirectly lost: 325 bytes in 41 blocks
==52386==      possibly lost: 0 bytes in 0 blocks
==52386==    still reachable: 0 bytes in 0 blocks
==52386==         suppressed: 0 bytes in 0 blocks
==52386== Rerun with --leak-check=full to see details of leaked memory
==52386== 
==52386== For lists of detected and suppressed errors, rerun with: -s
==52386== ERROR SUMMARY: 0 errors from 0 contexts (suppressed: 0 from 0)
Running valgrind on ./maps/bad/color_missing_ceiling_rgb.cub...

[0;31m Error:[Color] incorrect numbers
[0m Exit code: 1
‚ö†Ô∏è No Valgrind alerts, but with leaks[0m  
==52389== Memcheck, a memory error detector
==52389== Copyright (C) 2002-2022, and GNU GPL'd, by Julian Seward et al.
==52389== Using Valgrind-3.22.0 and LibVEX; rerun with -h for copyright info
==52389== Command: ./cub3d ./maps/bad/color_missing_ceiling_rgb.cub
==52389== Parent PID: 52384
==52389== 
==52389== 
==52389== HEAP SUMMARY:
==52389==     in use at exit: 780 bytes in 49 blocks
==52389==   total heap usage: 140 allocs, 91 frees, 3,986 bytes allocated
==52389== 
==52389== LEAK SUMMARY:
==52389==    definitely lost: 456 bytes in 10 blocks
==52389==    indirectly lost: 324 bytes in 39 blocks
==52389==      possibly lost: 0 bytes in 0 blocks
==52389==    still reachable: 0 bytes in 0 blocks
==52389==         suppressed: 0 bytes in 0 blocks
==52389== Rerun with --leak-check=full to see details of leaked memory
==52389== 
==52389== For lists of detected and suppressed errors, rerun with: -s
==52389== ERROR SUMMARY: 0 errors from 0 contexts (suppressed: 0 from 0)
Running valgrind on ./maps/bad/color_missing.cub...

[0;31m Error:[Color] colors are not complete
[0m Exit code: 1
‚ö†Ô∏è No Valgrind alerts, but with leaks[0m  
==52455== Memcheck, a memory error detector
==52455== Copyright (C) 2002-2022, and GNU GPL'd, by Julian Seward et al.
==52455== Using Valgrind-3.22.0 and LibVEX; rerun with -h for copyright info
==52455== Command: ./cub3d ./maps/bad/color_missing.cub
==52455== Parent PID: 52384
==52455== 
==52455== 
==52455== HEAP SUMMARY:
==52455==     in use at exit: 728 bytes in 44 blocks
==52455==   total heap usage: 131 allocs, 87 frees, 3,780 bytes allocated
==52455== 
==52455== LEAK SUMMARY:
==52455==    definitely lost: 418 bytes in 8 blocks
==52455==    indirectly lost: 310 bytes in 36 blocks
==52455==      possibly lost: 0 bytes in 0 blocks
==52455==    still reachable: 0 bytes in 0 blocks
==52455==         suppressed: 0 bytes in 0 blocks
==52455== Rerun with --leak-check=full to see details of leaked memory
==52455== 
==52455== For lists of detected and suppressed errors, rerun with: -s
==52455== ERROR SUMMARY: 0 errors from 0 contexts (suppressed: 0 from 0)
Running valgrind on ./maps/bad/color_missing_floor_rgb.cub...

[0;31m Error:[Color] incorrect numbers
[0m Exit code: 1
‚ö†Ô∏è No Valgrind alerts, but with leaks[0m  
==52458== Memcheck, a memory error detector
==52458== Copyright (C) 2002-2022, and GNU GPL'd, by Julian Seward et al.
==52458== Using Valgrind-3.22.0 and LibVEX; rerun with -h for copyright info
==52458== Command: ./cub3d ./maps/bad/color_missing_floor_rgb.cub
==52458== Parent PID: 52384
==52458== 
==52458== 
==52458== HEAP SUMMARY:
==52458==     in use at exit: 781 bytes in 49 blocks
==52458==   total heap usage: 140 allocs, 91 frees, 3,993 bytes allocated
==52458== 
==52458== LEAK SUMMARY:
==52458==    definitely lost: 456 bytes in 10 blocks
==52458==    indirectly lost: 325 bytes in 39 blocks
==52458==      possibly lost: 0 bytes in 0 blocks
==52458==    still reachable: 0 bytes in 0 blocks
==52458==         suppressed: 0 bytes in 0 blocks
==52458== Rerun with --leak-check=full to see details of leaked memory
==52458== 
==52458== For lists of detected and suppressed errors, rerun with: -s
==52458== ERROR SUMMARY: 0 errors from 0 contexts (suppressed: 0 from 0)
Running valgrind on ./maps/bad/color_none.cub...

[0;31m Error:[Color] colors are not complete
[0m Starting Valgrind tests...
Running valgrind on ./maps/bad/color_invalid_rgb.cub...

[0;31m Error:[Color] color number out of range
[0m Exit code: 1
‚ö†Ô∏è No Valgrind alerts, but with leaks[0m  
==52977== Memcheck, a memory error detector
==52977== Copyright (C) 2002-2022, and GNU GPL'd, by Julian Seward et al.
==52977== Using Valgrind-3.22.0 and LibVEX; rerun with -h for copyright info
==52977== Command: ./cub3d ./maps/bad/color_invalid_rgb.cub
==52977== Parent PID: 52976
==52977== 
==52977== 
==52977== HEAP SUMMARY:
==52977==     in use at exit: 796 bytes in 51 blocks
==52977==   total heap usage: 145 allocs, 94 frees, 4,212 bytes allocated
==52977== 
==52977== LEAK SUMMARY:
==52977==    definitely lost: 471 bytes in 10 blocks
==52977==    indirectly lost: 325 bytes in 41 blocks
==52977==      possibly lost: 0 bytes in 0 blocks
==52977==    still reachable: 0 bytes in 0 blocks
==52977==         suppressed: 0 bytes in 0 blocks
==52977== Rerun with --leak-check=full to see details of leaked memory
==52977== 
==52977== For lists of detected and suppressed errors, rerun with: -s
==52977== ERROR SUMMARY: 0 errors from 0 contexts (suppressed: 0 from 0)
Running valgrind on ./maps/bad/color_missing_ceiling_rgb.cub...

[0;31m Error:[Color] incorrect numbers
[0m Exit code: 1
‚ö†Ô∏è No Valgrind alerts, but with leaks[0m  
==53008== Memcheck, a memory error detector
==53008== Copyright (C) 2002-2022, and GNU GPL'd, by Julian Seward et al.
==53008== Using Valgrind-3.22.0 and LibVEX; rerun with -h for copyright info
==53008== Command: ./cub3d ./maps/bad/color_missing_ceiling_rgb.cub
==53008== Parent PID: 52976
==53008== 
==53008== 
==53008== HEAP SUMMARY:
==53008==     in use at exit: 780 bytes in 49 blocks
==53008==   total heap usage: 140 allocs, 91 frees, 3,986 bytes allocated
==53008== 
==53008== LEAK SUMMARY:
==53008==    definitely lost: 456 bytes in 10 blocks
==53008==    indirectly lost: 324 bytes in 39 blocks
==53008==      possibly lost: 0 bytes in 0 blocks
==53008==    still reachable: 0 bytes in 0 blocks
==53008==         suppressed: 0 bytes in 0 blocks
==53008== Rerun with --leak-check=full to see details of leaked memory
==53008== 
==53008== For lists of detected and suppressed errors, rerun with: -s
==53008== ERROR SUMMARY: 0 errors from 0 contexts (suppressed: 0 from 0)
Running valgrind on ./maps/bad/color_missing.cub...

[0;31m Error:[Color] colors are not complete
[0m Exit code: 1
‚ö†Ô∏è No Valgrind alerts, but with leaks[0m  
==53193== Memcheck, a memory error detector
==53193== Copyright (C) 2002-2022, and GNU GPL'd, by Julian Seward et al.
==53193== Using Valgrind-3.22.0 and LibVEX; rerun with -h for copyright info
==53193== Command: ./cub3d ./maps/bad/color_missing.cub
==53193== Parent PID: 52976
==53193== 
==53193== 
==53193== HEAP SUMMARY:
==53193==     in use at exit: 728 bytes in 44 blocks
==53193==   total heap usage: 131 allocs, 87 frees, 3,780 bytes allocated
==53193== 
==53193== LEAK SUMMARY:
==53193==    definitely lost: 418 bytes in 8 blocks
==53193==    indirectly lost: 310 bytes in 36 blocks
==53193==      possibly lost: 0 bytes in 0 blocks
==53193==    still reachable: 0 bytes in 0 blocks
==53193==         suppressed: 0 bytes in 0 blocks
==53193== Rerun with --leak-check=full to see details of leaked memory
==53193== 
==53193== For lists of detected and suppressed errors, rerun with: -s
==53193== ERROR SUMMARY: 0 errors from 0 contexts (suppressed: 0 from 0)
Running valgrind on ./maps/bad/color_missing_floor_rgb.cub...

[0;31m Error:[Color] incorrect numbers
[0m Exit code: 1
‚ö†Ô∏è No Valgrind alerts, but with leaks[0m  
==53196== Memcheck, a memory error detector
==53196== Copyright (C) 2002-2022, and GNU GPL'd, by Julian Seward et al.
==53196== Using Valgrind-3.22.0 and LibVEX; rerun with -h for copyright info
==53196== Command: ./cub3d ./maps/bad/color_missing_floor_rgb.cub
==53196== Parent PID: 52976
==53196== 
==53196== 
==53196== HEAP SUMMARY:
==53196==     in use at exit: 781 bytes in 49 blocks
==53196==   total heap usage: 140 allocs, 91 frees, 3,993 bytes allocated
==53196== 
==53196== LEAK SUMMARY:
==53196==    definitely lost: 456 bytes in 10 blocks
==53196==    indirectly lost: 325 bytes in 39 blocks
==53196==      possibly lost: 0 bytes in 0 blocks
==53196==    still reachable: 0 bytes in 0 blocks
==53196==         suppressed: 0 bytes in 0 blocks
==53196== Rerun with --leak-check=full to see details of leaked memory
==53196== 
==53196== For lists of detected and suppressed errors, rerun with: -s
==53196== ERROR SUMMARY: 0 errors from 0 contexts (suppressed: 0 from 0)
Running valgrind on ./maps/bad/color_none.cub...

[0;31m Error:[Color] colors are not complete
[0m Exit code: 1
‚ö†Ô∏è No Valgrind alerts, but with leaks[0m  
==53321== Memcheck, a memory error detector
==53321== Copyright (C) 2002-2022, and GNU GPL'd, by Julian Seward et al.
==53321== Using Valgrind-3.22.0 and LibVEX; rerun with -h for copyright info
==53321== Command: ./cub3d ./maps/bad/color_none.cub
==53321== Parent PID: 52976
==53321== 
==53321== 
==53321== HEAP SUMMARY:
==53321==     in use at exit: 639 bytes in 37 blocks
==53321==   total heap usage: 116 allocs, 79 frees, 3,196 bytes allocated
==53321== 
==53321== LEAK SUMMARY:
==53321==    definitely lost: 358 bytes in 6 blocks
==53321==    indirectly lost: 281 bytes in 31 blocks
==53321==      possibly lost: 0 bytes in 0 blocks
==53321==    still reachable: 0 bytes in 0 blocks
==53321==         suppressed: 0 bytes in 0 blocks
==53321== Rerun with --leak-check=full to see details of leaked memory
==53321== 
==53321== For lists of detected and suppressed errors, rerun with: -s
==53321== ERROR SUMMARY: 0 errors from 0 contexts (suppressed: 0 from 0)
Running valgrind on ./maps/bad/empty.cub...
[0;31m Error:[Read file] file is empty
[0m Exit code: 1
[0;32m‚úÖ No Valgrind alerts, no leaks[0m  
==53324== Memcheck, a memory error detector
==53324== Copyright (C) 2002-2022, and GNU GPL'd, by Julian Seward et al.
==53324== Using Valgrind-3.22.0 and LibVEX; rerun with -h for copyright info
==53324== Command: ./cub3d ./maps/bad/empty.cub
==53324== Parent PID: 52976
==53324== 
==53324== 
==53324== HEAP SUMMARY:
==53324==     in use at exit: 0 bytes in 0 blocks
==53324==   total heap usage: 5 allocs, 5 frees, 170 bytes allocated
==53324== 
==53324== All heap blocks were freed -- no leaks are possible
==53324== 
==53324== For lists of detected and suppressed errors, rerun with: -s
==53324== ERROR SUMMARY: 0 errors from 0 contexts (suppressed: 0 from 0)
Running valgrind on ./maps/bad/file_letter_end.cub...

[0;31m Error:[Map validation] Empty line found[0m Exit code: 1
‚ö†Ô∏è No Valgrind alerts, but with leaks[0m  
==53327== Memcheck, a memory error detector
==53327== Copyright (C) 2002-2022, and GNU GPL'd, by Julian Seward et al.
==53327== Using Valgrind-3.22.0 and LibVEX; rerun with -h for copyright info
==53327== Command: ./cub3d ./maps/bad/file_letter_end.cub
==53327== Parent PID: 52976
==53327== 
==53327== 
==53327== HEAP SUMMARY:
==53327==     in use at exit: 549 bytes in 36 blocks
==53327==   total heap usage: 155 allocs, 119 frees, 7,353 bytes allocated
==53327== 
==53327== LEAK SUMMARY:
==53327==    definitely lost: 288 bytes in 1 blocks
==53327==    indirectly lost: 261 bytes in 35 blocks
==53327==      possibly lost: 0 bytes in 0 blocks
==53327==    still reachable: 0 bytes in 0 blocks
==53327==         suppressed: 0 bytes in 0 blocks
==53327== Rerun with --leak-check=full to see details of leaked memory
==53327== 
==53327== For lists of detected and suppressed errors, rerun with: -s
==53327== ERROR SUMMARY: 0 errors from 0 contexts (suppressed: 0 from 0)
Running valgrind on ./maps/bad/filetype_missing...
[0;31m Error:[Check args] no map or invalid map extension
[0m Exit code: 1
[0;32m‚úÖ No Valgrind alerts, no leaks[0m  
==53330== Memcheck, a memory error detector
==53330== Copyright (C) 2002-2022, and GNU GPL'd, by Julian Seward et al.
==53330== Using Valgrind-3.22.0 and LibVEX; rerun with -h for copyright info
==53330== Command: ./cub3d ./maps/bad/filetype_missing
==53330== Parent PID: 52976
==53330== 
==53330== 
==53330== HEAP SUMMARY:
==53330==     in use at exit: 0 bytes in 0 blocks
==53330==   total heap usage: 3 allocs, 3 frees, 144 bytes allocated
==53330== 
==53330== All heap blocks were freed -- no leaks are possible
==53330== 
==53330== For lists of detected and suppressed errors, rerun with: -s
==53330== ERROR SUMMARY: 0 errors from 0 contexts (suppressed: 0 from 0)
Running valgrind on ./maps/bad/filetype_wrong.buc...
[0;31m Error:[Check args] no map or invalid map extension
[0m Exit code: 1
[0;32m‚úÖ No Valgrind alerts, no leaks[0m  
==53401== Memcheck, a memory error detector
==53401== Copyright (C) 2002-2022, and GNU GPL'd, by Julian Seward et al.
==53401== Using Valgrind-3.22.0 and LibVEX; rerun with -h for copyright info
==53401== Command: ./cub3d ./maps/bad/filetype_wrong.buc
==53401== Parent PID: 52976
==53401== 
==53401== 
==53401== HEAP SUMMARY:
==53401==     in use at exit: 0 bytes in 0 blocks
==53401==   total heap usage: 3 allocs, 3 frees, 144 bytes allocated
==53401== 
==53401== All heap blocks were freed -- no leaks are possible
==53401== 
==53401== For lists of detected and suppressed errors, rerun with: -s
==53401== ERROR SUMMARY: 0 errors from 0 contexts (suppressed: 0 from 0)
Running valgrind on ./maps/bad/map_first.cub...

[0;31m Error:[Map start] No map or incorrect placement
[0m Exit code: 1
‚ö†Ô∏è No Valgrind alerts, but with leaks[0m  
==53404== Memcheck, a memory error detector
==53404== Copyright (C) 2002-2022, and GNU GPL'd, by Julian Seward et al.
==53404== Using Valgrind-3.22.0 and LibVEX; rerun with -h for copyright info
==53404== Command: ./cub3d ./maps/bad/map_first.cub
==53404== Parent PID: 52976
==53404== 
==53404== 
==53404== HEAP SUMMARY:
==53404==     in use at exit: 408 bytes in 22 blocks
==53404==   total heap usage: 98 allocs, 76 frees, 3,476 bytes allocated
==53404== 
==53404== LEAK SUMMARY:
==53404==    definitely lost: 176 bytes in 1 blocks
==53404==    indirectly lost: 232 bytes in 21 blocks
==53404==      possibly lost: 0 bytes in 0 blocks
==53404==    still reachable: 0 bytes in 0 blocks
==53404==         suppressed: 0 bytes in 0 blocks
==53404== Rerun with --leak-check=full to see details of leaked memory
==53404== 
==53404== For lists of detected and suppressed errors, rerun with: -s
==53404== ERROR SUMMARY: 0 errors from 0 contexts (suppressed: 0 from 0)
Running valgrind on ./maps/bad/map_middle.cub...

[0;31m Error:[Map check in file] Invalid map placement or format
[0m Exit code: 1
‚ö†Ô∏è No Valgrind alerts, but with leaks[0m  
==53528== Memcheck, a memory error detector
==53528== Copyright (C) 2002-2022, and GNU GPL'd, by Julian Seward et al.
==53528== Using Valgrind-3.22.0 and LibVEX; rerun with -h for copyright info
==53528== Command: ./cub3d ./maps/bad/map_middle.cub
==53528== Parent PID: 52976
==53528== 
==53528== 
==53528== HEAP SUMMARY:
==53528==     in use at exit: 428 bytes in 24 blocks
==53528==   total heap usage: 106 allocs, 82 frees, 3,963 bytes allocated
==53528== 
==53528== LEAK SUMMARY:
==53528==    definitely lost: 192 bytes in 1 blocks
==53528==    indirectly lost: 236 bytes in 23 blocks
==53528==      possibly lost: 0 bytes in 0 blocks
==53528==    still reachable: 0 bytes in 0 blocks
==53528==         suppressed: 0 bytes in 0 blocks
==53528== Rerun with --leak-check=full to see details of leaked memory
==53528== 
==53528== For lists of detected and suppressed errors, rerun with: -s
==53528== ERROR SUMMARY: 0 errors from 0 contexts (suppressed: 0 from 0)
Running valgrind on ./maps/bad/map_missing.cub...

[0;31m Error:[Map start] No map or incorrect placement
[0m Exit code: 1
‚ö†Ô∏è No Valgrind alerts, but with leaks[0m  
==53531== Memcheck, a memory error detector
==53531== Copyright (C) 2002-2022, and GNU GPL'd, by Julian Seward et al.
==53531== Using Valgrind-3.22.0 and LibVEX; rerun with -h for copyright info
==53531== Command: ./cub3d ./maps/bad/map_missing.cub
==53531== Parent PID: 52976
==53531== 
==53531== 
==53531== HEAP SUMMARY:
==53531==     in use at exit: 213 bytes in 9 blocks
==53531==   total heap usage: 43 allocs, 34 frees, 1,184 bytes allocated
==53531== 
==53531== LEAK SUMMARY:
==53531==    definitely lost: 72 bytes in 1 blocks
==53531==    indirectly lost: 141 bytes in 8 blocks
==53531==      possibly lost: 0 bytes in 0 blocks
==53531==    still reachable: 0 bytes in 0 blocks
==53531==         suppressed: 0 bytes in 0 blocks
==53531== Rerun with --leak-check=full to see details of leaked memory
==53531== 
==53531== For lists of detected and suppressed errors, rerun with: -s
==53531== ERROR SUMMARY: 0 errors from 0 contexts (suppressed: 0 from 0)
Running valgrind on ./maps/bad/map_only.cub...

[0;31m Error:[Map start] No map or incorrect placement
[0m Exit code: 1
‚ö†Ô∏è No Valgrind alerts, but with leaks[0m  
==53534== Memcheck, a memory error detector
==53534== Copyright (C) 2002-2022, and GNU GPL'd, by Julian Seward et al.
==53534== Using Valgrind-3.22.0 and LibVEX; rerun with -h for copyright info
==53534== Command: ./cub3d ./maps/bad/map_only.cub
==53534== Parent PID: 52976
==53534== 
==53534== 
==53534== HEAP SUMMARY:
==53534==     in use at exit: 203 bytes in 14 blocks
==53534==   total heap usage: 61 allocs, 47 frees, 1,634 bytes allocated
==53534== 
==53534== LEAK SUMMARY:
==53534==    definitely lost: 112 bytes in 1 blocks
==53534==    indirectly lost: 91 bytes in 13 blocks
==53534==      possibly lost: 0 bytes in 0 blocks
==53534==    still reachable: 0 bytes in 0 blocks
==53534==         suppressed: 0 bytes in 0 blocks
==53534== Rerun with --leak-check=full to see details of leaked memory
==53534== 
==53534== For lists of detected and suppressed errors, rerun with: -s
==53534== ERROR SUMMARY: 0 errors from 0 contexts (suppressed: 0 from 0)
Running valgrind on ./maps/bad/map_too_small.cub...

[0;31m Error:[Map check in file] Invalid map size
[0m Exit code: 1
‚ö†Ô∏è No Valgrind alerts, but with leaks[0m  
==53537== Memcheck, a memory error detector
==53537== Copyright (C) 2002-2022, and GNU GPL'd, by Julian Seward et al.
==53537== Using Valgrind-3.22.0 and LibVEX; rerun with -h for copyright info
==53537== Command: ./cub3d ./maps/bad/map_too_small.cub
==53537== Parent PID: 52976
==53537== 
==53537== 
==53537== HEAP SUMMARY:
==53537==     in use at exit: 239 bytes in 11 blocks
==53537==   total heap usage: 51 allocs, 40 frees, 1,444 bytes allocated
==53537== 
==53537== LEAK SUMMARY:
==53537==    definitely lost: 88 bytes in 1 blocks
==53537==    indirectly lost: 151 bytes in 10 blocks
==53537==      possibly lost: 0 bytes in 0 blocks
==53537==    still reachable: 0 bytes in 0 blocks
==53537==         suppressed: 0 bytes in 0 blocks
==53537== Rerun with --leak-check=full to see details of leaked memory
==53537== 
==53537== For lists of detected and suppressed errors, rerun with: -s
==53537== ERROR SUMMARY: 0 errors from 0 contexts (suppressed: 0 from 0)
Running valgrind on ./maps/bad/player_multiple.cub...

[0;31m Error:[Map validation] invalid number of player 
[0m Exit code: 1
‚ö†Ô∏è No Valgrind alerts, but with leaks[0m  
==53540== Memcheck, a memory error detector
==53540== Copyright (C) 2002-2022, and GNU GPL'd, by Julian Seward et al.
==53540== Using Valgrind-3.22.0 and LibVEX; rerun with -h for copyright info
==53540== Command: ./cub3d ./maps/bad/player_multiple.cub
==53540== Parent PID: 52976
==53540== 
==53540== 
==53540== HEAP SUMMARY:
==53540==     in use at exit: 598 bytes in 36 blocks
==53540==   total heap usage: 125 allocs, 89 frees, 3,829 bytes allocated
==53540== 
==53540== LEAK SUMMARY:
==53540==    definitely lost: 288 bytes in 2 blocks
==53540==    indirectly lost: 310 bytes in 34 blocks
==53540==      possibly lost: 0 bytes in 0 blocks
==53540==    still reachable: 0 bytes in 0 blocks
==53540==         suppressed: 0 bytes in 0 blocks
==53540== Rerun with --leak-check=full to see details of leaked memory
==53540== 
==53540== For lists of detected and suppressed errors, rerun with: -s
==53540== ERROR SUMMARY: 0 errors from 0 contexts (suppressed: 0 from 0)
Running valgrind on ./maps/bad/player_none.cub...

[0;31m Error:[Map validation] invalid number of player 
[0m Exit code: 1
‚ö†Ô∏è No Valgrind alerts, but with leaks[0m  
==53543== Memcheck, a memory error detector
==53543== Copyright (C) 2002-2022, and GNU GPL'd, by Julian Seward et al.
==53543== Using Valgrind-3.22.0 and LibVEX; rerun with -h for copyright info
==53543== Command: ./cub3d ./maps/bad/player_none.cub
==53543== Parent PID: 52976
==53543== 
==53543== 
==53543== HEAP SUMMARY:
==53543==     in use at exit: 598 bytes in 36 blocks
==53543==   total heap usage: 125 allocs, 89 frees, 3,829 bytes allocated
==53543== 
==53543== LEAK SUMMARY:
==53543==    definitely lost: 288 bytes in 2 blocks
==53543==    indirectly lost: 310 bytes in 34 blocks
==53543==      possibly lost: 0 bytes in 0 blocks
==53543==    still reachable: 0 bytes in 0 blocks
==53543==         suppressed: 0 bytes in 0 blocks
==53543== Rerun with --leak-check=full to see details of leaked memory
==53543== 
==53543== For lists of detected and suppressed errors, rerun with: -s
==53543== ERROR SUMMARY: 0 errors from 0 contexts (suppressed: 0 from 0)
Running valgrind on ./maps/bad/player_on_edge.cub...

[0;31m Error:[Walls check] incorrect horizontal walls
[0m Exit code: 1
‚ö†Ô∏è No Valgrind alerts, but with leaks[0m  
==53546== Memcheck, a memory error detector
==53546== Copyright (C) 2002-2022, and GNU GPL'd, by Julian Seward et al.
==53546== Using Valgrind-3.22.0 and LibVEX; rerun with -h for copyright info
==53546== Command: ./cub3d ./maps/bad/player_on_edge.cub
==53546== Parent PID: 52976
==53546== 
==53546== 
==53546== HEAP SUMMARY:
==53546==     in use at exit: 598 bytes in 36 blocks
==53546==   total heap usage: 125 allocs, 89 frees, 3,829 bytes allocated
==53546== 
==53546== LEAK SUMMARY:
==53546==    definitely lost: 288 bytes in 2 blocks
==53546==    indirectly lost: 310 bytes in 34 blocks
==53546==      possibly lost: 0 bytes in 0 blocks
==53546==    still reachable: 0 bytes in 0 blocks
==53546==         suppressed: 0 bytes in 0 blocks
==53546== Rerun with --leak-check=full to see details of leaked memory
==53546== 
==53546== For lists of detected and suppressed errors, rerun with: -s
==53546== ERROR SUMMARY: 0 errors from 0 contexts (suppressed: 0 from 0)
Running valgrind on ./maps/bad/textures_dir.cub...

[0;31m Error:[Texture verification] invalid texture format
[0m Exit code: 1
‚ö†Ô∏è No Valgrind alerts, but with leaks[0m  
==53617== Memcheck, a memory error detector
==53617== Copyright (C) 2002-2022, and GNU GPL'd, by Julian Seward et al.
==53617== Using Valgrind-3.22.0 and LibVEX; rerun with -h for copyright info
==53617== Command: ./cub3d ./maps/bad/textures_dir.cub
==53617== Parent PID: 52976
==53617== 
==53617== 
==53617== HEAP SUMMARY:
==53617==     in use at exit: 676 bytes in 40 blocks
==53617==   total heap usage: 129 allocs, 89 frees, 3,889 bytes allocated
==53617== 
==53617== LEAK SUMMARY:
==53617==    definitely lost: 374 bytes in 6 blocks
==53617==    indirectly lost: 302 bytes in 34 blocks
==53617==      possibly lost: 0 bytes in 0 blocks
==53617==    still reachable: 0 bytes in 0 blocks
==53617==         suppressed: 0 bytes in 0 blocks
==53617== Rerun with --leak-check=full to see details of leaked memory
==53617== 
==53617== For lists of detected and suppressed errors, rerun with: -s
==53617== ERROR SUMMARY: 0 errors from 0 contexts (suppressed: 0 from 0)
Running valgrind on ./maps/bad/textures_duplicates.cub...

[0;31m Error:[Texture save] Duplicate found
[0m Exit code: 1
‚ö†Ô∏è No Valgrind alerts, but with leaks[0m  
==53657== Memcheck, a memory error detector
==53657== Copyright (C) 2002-2022, and GNU GPL'd, by Julian Seward et al.
==53657== Using Valgrind-3.22.0 and LibVEX; rerun with -h for copyright info
==53657== Command: ./cub3d ./maps/bad/textures_duplicates.cub
==53657== Parent PID: 52976
==53657== 
==53657== 
==53657== HEAP SUMMARY:
==53657==     in use at exit: 750 bytes in 42 blocks
==53657==   total heap usage: 135 allocs, 93 frees, 4,203 bytes allocated
==53657== 
==53657== LEAK SUMMARY:
==53657==    definitely lost: 413 bytes in 7 blocks
==53657==    indirectly lost: 337 bytes in 35 blocks
==53657==      possibly lost: 0 bytes in 0 blocks
==53657==    still reachable: 0 bytes in 0 blocks
==53657==         suppressed: 0 bytes in 0 blocks
==53657== Rerun with --leak-check=full to see details of leaked memory
==53657== 
==53657== For lists of detected and suppressed errors, rerun with: -s
==53657== ERROR SUMMARY: 0 errors from 0 contexts (suppressed: 0 from 0)
Running valgrind on ./maps/bad/textures_invalid.cub...

[0;31m Error:[Texture verification] invalid texture format
[0m Exit code: 1
‚ö†Ô∏è No Valgrind alerts, but with leaks[0m  
==53745== Memcheck, a memory error detector
==53745== Copyright (C) 2002-2022, and GNU GPL'd, by Julian Seward et al.
==53745== Using Valgrind-3.22.0 and LibVEX; rerun with -h for copyright info
==53745== Command: ./cub3d ./maps/bad/textures_invalid.cub
==53745== Parent PID: 52976
==53745== 
==53745== 
==53745== HEAP SUMMARY:
==53745==     in use at exit: 678 bytes in 40 blocks
==53745==   total heap usage: 129 allocs, 89 frees, 3,886 bytes allocated
==53745== 
==53745== LEAK SUMMARY:
==53745==    definitely lost: 375 bytes in 6 blocks
==53745==    indirectly lost: 303 bytes in 34 blocks
==53745==      possibly lost: 0 bytes in 0 blocks
==53745==    still reachable: 0 bytes in 0 blocks
==53745==         suppressed: 0 bytes in 0 blocks
==53745== Rerun with --leak-check=full to see details of leaked memory
==53745== 
==53745== For lists of detected and suppressed errors, rerun with: -s
==53745== ERROR SUMMARY: 0 errors from 0 contexts (suppressed: 0 from 0)
Running valgrind on ./maps/bad/textures_missing.cub...

[0;31m Error:[Texture] textures are not complete
[0m Exit code: 1
‚ö†Ô∏è No Valgrind alerts, but with leaks[0m  
==53748== Memcheck, a memory error detector
==53748== Copyright (C) 2002-2022, and GNU GPL'd, by Julian Seward et al.
==53748== Using Valgrind-3.22.0 and LibVEX; rerun with -h for copyright info
==53748== Command: ./cub3d ./maps/bad/textures_missing.cub
==53748== Parent PID: 52976
==53748== 
==53748== 
==53748== HEAP SUMMARY:
==53748==     in use at exit: 632 bytes in 38 blocks
==53748==   total heap usage: 123 allocs, 85 frees, 3,582 bytes allocated
==53748== 
==53748== LEAK SUMMARY:
==53748==    definitely lost: 350 bytes in 5 blocks
==53748==    indirectly lost: 282 bytes in 33 blocks
==53748==      possibly lost: 0 bytes in 0 blocks
==53748==    still reachable: 0 bytes in 0 blocks
==53748==         suppressed: 0 bytes in 0 blocks
==53748== Rerun with --leak-check=full to see details of leaked memory
==53748== 
==53748== For lists of detected and suppressed errors, rerun with: -s
==53748== ERROR SUMMARY: 0 errors from 0 contexts (suppressed: 0 from 0)
Running valgrind on ./maps/bad/textures_none.cub...

[0;31m Error:[Texture] textures are not complete
[0m Exit code: 1
‚ö†Ô∏è No Valgrind alerts, but with leaks[0m  
==53751== Memcheck, a memory error detector
==53751== Copyright (C) 2002-2022, and GNU GPL'd, by Julian Seward et al.
==53751== Using Valgrind-3.22.0 and LibVEX; rerun with -h for copyright info
==53751== Command: ./cub3d ./maps/bad/textures_none.cub
==53751== Parent PID: 52976
==53751== 
==53751== 
==53751== HEAP SUMMARY:
==53751==     in use at exit: 446 bytes in 31 blocks
==53751==   total heap usage: 101 allocs, 70 frees, 2,538 bytes allocated
==53751== 
==53751== LEAK SUMMARY:
==53751==    definitely lost: 248 bytes in 2 blocks
==53751==    indirectly lost: 198 bytes in 29 blocks
==53751==      possibly lost: 0 bytes in 0 blocks
==53751==    still reachable: 0 bytes in 0 blocks
==53751==         suppressed: 0 bytes in 0 blocks
==53751== Rerun with --leak-check=full to see details of leaked memory
==53751== 
==53751== For lists of detected and suppressed errors, rerun with: -s
==53751== ERROR SUMMARY: 0 errors from 0 contexts (suppressed: 0 from 0)
Running valgrind on ./maps/bad/textures_not_xpm.cub...

[0;31m Error:[Texture verification] invalid texture format
[0m Exit code: 1
‚ö†Ô∏è No Valgrind alerts, but with leaks[0m  
==53754== Memcheck, a memory error detector
==53754== Copyright (C) 2002-2022, and GNU GPL'd, by Julian Seward et al.
==53754== Using Valgrind-3.22.0 and LibVEX; rerun with -h for copyright info
==53754== Command: ./cub3d ./maps/bad/textures_not_xpm.cub
==53754== Parent PID: 52976
==53754== 
==53754== 
==53754== HEAP SUMMARY:
==53754==     in use at exit: 684 bytes in 40 blocks
==53754==   total heap usage: 129 allocs, 89 frees, 3,879 bytes allocated
==53754== 
==53754== LEAK SUMMARY:
==53754==    definitely lost: 378 bytes in 6 blocks
==53754==    indirectly lost: 306 bytes in 34 blocks
==53754==      possibly lost: 0 bytes in 0 blocks
==53754==    still reachable: 0 bytes in 0 blocks
==53754==         suppressed: 0 bytes in 0 blocks
==53754== Rerun with --leak-check=full to see details of leaked memory
==53754== 
==53754== For lists of detected and suppressed errors, rerun with: -s
==53754== ERROR SUMMARY: 0 errors from 0 contexts (suppressed: 0 from 0)
Running valgrind on ./maps/bad/wall_hole_east.cub...

[0;31m Error:[Walls check] incorrect vertical walls 
[0m Exit code: 1
‚ö†Ô∏è No Valgrind alerts, but with leaks[0m  
==53757== Memcheck, a memory error detector
==53757== Copyright (C) 2002-2022, and GNU GPL'd, by Julian Seward et al.
==53757== Using Valgrind-3.22.0 and LibVEX; rerun with -h for copyright info
==53757== Command: ./cub3d ./maps/bad/wall_hole_east.cub
==53757== Parent PID: 52976
==53757== 
==53757== 
==53757== HEAP SUMMARY:
==53757==     in use at exit: 598 bytes in 36 blocks
==53757==   total heap usage: 125 allocs, 89 frees, 3,829 bytes allocated
==53757== 
==53757== LEAK SUMMARY:
==53757==    definitely lost: 288 bytes in 2 blocks
==53757==    indirectly lost: 310 bytes in 34 blocks
==53757==      possibly lost: 0 bytes in 0 blocks
==53757==    still reachable: 0 bytes in 0 blocks
==53757==         suppressed: 0 bytes in 0 blocks
==53757== Rerun with --leak-check=full to see details of leaked memory
==53757== 
==53757== For lists of detected and suppressed errors, rerun with: -s
==53757== ERROR SUMMARY: 0 errors from 0 contexts (suppressed: 0 from 0)
Running valgrind on ./maps/bad/wall_hole_north.cub...

[0;31m Error:[Walls check] incorrect horizontal walls
[0m Exit code: 1
‚ö†Ô∏è No Valgrind alerts, but with leaks[0m  
==53760== Memcheck, a memory error detector
==53760== Copyright (C) 2002-2022, and GNU GPL'd, by Julian Seward et al.
==53760== Using Valgrind-3.22.0 and LibVEX; rerun with -h for copyright info
==53760== Command: ./cub3d ./maps/bad/wall_hole_north.cub
==53760== Parent PID: 52976
==53760== 
==53760== 
==53760== HEAP SUMMARY:
==53760==     in use at exit: 598 bytes in 36 blocks
==53760==   total heap usage: 125 allocs, 89 frees, 3,829 bytes allocated
==53760== 
==53760== LEAK SUMMARY:
==53760==    definitely lost: 288 bytes in 2 blocks
==53760==    indirectly lost: 310 bytes in 34 blocks
==53760==      possibly lost: 0 bytes in 0 blocks
==53760==    still reachable: 0 bytes in 0 blocks
==53760==         suppressed: 0 bytes in 0 blocks
==53760== Rerun with --leak-check=full to see details of leaked memory
==53760== 
==53760== For lists of detected and suppressed errors, rerun with: -s
==53760== ERROR SUMMARY: 0 errors from 0 contexts (suppressed: 0 from 0)
Running valgrind on ./maps/bad/wall_hole_south.cub...

[0;31m Error:[Walls check] incorrect horizontal walls
[0m Exit code: 1
‚ö†Ô∏è No Valgrind alerts, but with leaks[0m  
==53831== Memcheck, a memory error detector
==53831== Copyright (C) 2002-2022, and GNU GPL'd, by Julian Seward et al.
==53831== Using Valgrind-3.22.0 and LibVEX; rerun with -h for copyright info
==53831== Command: ./cub3d ./maps/bad/wall_hole_south.cub
==53831== Parent PID: 52976
==53831== 
==53831== 
==53831== HEAP SUMMARY:
==53831==     in use at exit: 598 bytes in 36 blocks
==53831==   total heap usage: 125 allocs, 89 frees, 3,829 bytes allocated
==53831== 
==53831== LEAK SUMMARY:
==53831==    definitely lost: 288 bytes in 2 blocks
==53831==    indirectly lost: 310 bytes in 34 blocks
==53831==      possibly lost: 0 bytes in 0 blocks
==53831==    still reachable: 0 bytes in 0 blocks
==53831==         suppressed: 0 bytes in 0 blocks
==53831== Rerun with --leak-check=full to see details of leaked memory
==53831== 
==53831== For lists of detected and suppressed errors, rerun with: -s
==53831== ERROR SUMMARY: 0 errors from 0 contexts (suppressed: 0 from 0)
Running valgrind on ./maps/bad/wall_hole_west.cub...

[0;31m Error:[Map check in file] Invalid map placement or format
[0m Exit code: 1
‚ö†Ô∏è No Valgrind alerts, but with leaks[0m  
==53834== Memcheck, a memory error detector
==53834== Copyright (C) 2002-2022, and GNU GPL'd, by Julian Seward et al.
==53834== Using Valgrind-3.22.0 and LibVEX; rerun with -h for copyright info
==53834== Command: ./cub3d ./maps/bad/wall_hole_west.cub
==53834== Parent PID: 52976
==53834== 
==53834== 
==53834== HEAP SUMMARY:
==53834==     in use at exit: 408 bytes in 22 blocks
==53834==   total heap usage: 98 allocs, 76 frees, 3,561 bytes allocated
==53834== 
==53834== LEAK SUMMARY:
==53834==    definitely lost: 176 bytes in 1 blocks
==53834==    indirectly lost: 232 bytes in 21 blocks
==53834==      possibly lost: 0 bytes in 0 blocks
==53834==    still reachable: 0 bytes in 0 blocks
==53834==         suppressed: 0 bytes in 0 blocks
==53834== Rerun with --leak-check=full to see details of leaked memory
==53834== 
==53834== For lists of detected and suppressed errors, rerun with: -s
==53834== ERROR SUMMARY: 0 errors from 0 contexts (suppressed: 0 from 0)
Running valgrind on ./maps/bad/wall_none.cub...

[0;31m Error:[Map start] No map or incorrect placement
[0m Exit code: 1
‚ö†Ô∏è No Valgrind alerts, but with leaks[0m  
==53958== Memcheck, a memory error detector
==53958== Copyright (C) 2002-2022, and GNU GPL'd, by Julian Seward et al.
==53958== Using Valgrind-3.22.0 and LibVEX; rerun with -h for copyright info
==53958== Command: ./cub3d ./maps/bad/wall_none.cub
==53958== Parent PID: 52976
==53958== 
==53958== 
==53958== HEAP SUMMARY:
==53958==     in use at exit: 408 bytes in 22 blocks
==53958==   total heap usage: 98 allocs, 76 frees, 3,561 bytes allocated
==53958== 
==53958== LEAK SUMMARY:
==53958==    definitely lost: 176 bytes in 1 blocks
==53958==    indirectly lost: 232 bytes in 21 blocks
==53958==      possibly lost: 0 bytes in 0 blocks
==53958==    still reachable: 0 bytes in 0 blocks
==53958==         suppressed: 0 bytes in 0 blocks
==53958== Rerun with --leak-check=full to see details of leaked memory
==53958== 
==53958== For lists of detected and suppressed errors, rerun with: -s
==53958== ERROR SUMMARY: 0 errors from 0 contexts (suppressed: 0 from 0)
Valgrind tests completed. Results saved to test_output.txt.
Starting Valgrind tests...
Running valgrind on ./maps/good/cheese_maze.cub...

[0;31m Error:[Map validation] Empty line found
[0m Exit code: 1
‚ö†Ô∏è No Valgrind alerts, but with leaks[0m  
==55539== Memcheck, a memory error detector
==55539== Copyright (C) 2002-2022, and GNU GPL'd, by Julian Seward et al.
==55539== Using Valgrind-3.22.0 and LibVEX; rerun with -h for copyright info
==55539== Command: ./cub3d ./maps/good/cheese_maze.cub
==55539== Parent PID: 55537
==55539== 
==55539== 
==55539== HEAP SUMMARY:
==55539==     in use at exit: 876 bytes in 31 blocks
==55539==   total heap usage: 150 allocs, 119 frees, 6,863 bytes allocated
==55539== 
==55539== LEAK SUMMARY:
==55539==    definitely lost: 248 bytes in 1 blocks
==55539==    indirectly lost: 628 bytes in 30 blocks
==55539==      possibly lost: 0 bytes in 0 blocks
==55539==    still reachable: 0 bytes in 0 blocks
==55539==         suppressed: 0 bytes in 0 blocks
==55539== Rerun with --leak-check=full to see details of leaked memory
==55539== 
==55539== For lists of detected and suppressed errors, rerun with: -s
==55539== ERROR SUMMARY: 0 errors from 0 contexts (suppressed: 0 from 0)
Running valgrind on ./maps/good/creepy.cub...

[0;31m Error:[Map validation] Empty line found
[0m Exit code: 1
‚ö†Ô∏è No Valgrind alerts, but with leaks[0m  
==55542== Memcheck, a memory error detector
==55542== Copyright (C) 2002-2022, and GNU GPL'd, by Julian Seward et al.
==55542== Using Valgrind-3.22.0 and LibVEX; rerun with -h for copyright info
==55542== Command: ./cub3d ./maps/good/creepy.cub
==55542== Parent PID: 55537
==55542== 
==55542== 
==55542== HEAP SUMMARY:
==55542==     in use at exit: 544 bytes in 23 blocks
==55542==   total heap usage: 108 allocs, 85 frees, 4,157 bytes allocated
==55542== 
==55542== LEAK SUMMARY:
==55542==    definitely lost: 184 bytes in 1 blocks
==55542==    indirectly lost: 360 bytes in 22 blocks
==55542==      possibly lost: 0 bytes in 0 blocks
==55542==    still reachable: 0 bytes in 0 blocks
==55542==         suppressed: 0 bytes in 0 blocks
==55542== Rerun with --leak-check=full to see details of leaked memory
==55542== 
==55542== For lists of detected and suppressed errors, rerun with: -s
==55542== ERROR SUMMARY: 0 errors from 0 contexts (suppressed: 0 from 0)
Running valgrind on ./maps/good/dungeon.cub...

[0;31m Error:[Map validation] Empty line found
[0m Exit code: 1
‚ö†Ô∏è No Valgrind alerts, but with leaks[0m  
==55613== Memcheck, a memory error detector
==55613== Copyright (C) 2002-2022, and GNU GPL'd, by Julian Seward et al.
==55613== Using Valgrind-3.22.0 and LibVEX; rerun with -h for copyright info
==55613== Command: ./cub3d ./maps/good/dungeon.cub
==55613== Parent PID: 55537
==55613== 
==55613== 
==55613== HEAP SUMMARY:
==55613==     in use at exit: 510 bytes in 20 blocks
==55613==   total heap usage: 95 allocs, 75 frees, 3,436 bytes allocated
==55613== 
==55613== LEAK SUMMARY:
==55613==    definitely lost: 160 bytes in 1 blocks
==55613==    indirectly lost: 350 bytes in 19 blocks
==55613==      possibly lost: 0 bytes in 0 blocks
==55613==    still reachable: 0 bytes in 0 blocks
==55613==         suppressed: 0 bytes in 0 blocks
==55613== Rerun with --leak-check=full to see details of leaked memory
==55613== 
==55613== For lists of detected and suppressed errors, rerun with: -s
==55613== ERROR SUMMARY: 0 errors from 0 contexts (suppressed: 0 from 0)
Running valgrind on ./maps/good/library.cub...

[0;31m Error:[Map validation] Empty line found
[0m Exit code: 1
‚ö†Ô∏è No Valgrind alerts, but with leaks[0m  
==55616== Memcheck, a memory error detector
==55616== Copyright (C) 2002-2022, and GNU GPL'd, by Julian Seward et al.
==55616== Using Valgrind-3.22.0 and LibVEX; rerun with -h for copyright info
==55616== Command: ./cub3d ./maps/good/library.cub
==55616== Parent PID: 55537
==55616== 
==55616== 
==55616== HEAP SUMMARY:
==55616==     in use at exit: 514 bytes in 20 blocks
==55616==   total heap usage: 95 allocs, 75 frees, 3,477 bytes allocated
==55616== 
==55616== LEAK SUMMARY:
==55616==    definitely lost: 160 bytes in 1 blocks
==55616==    indirectly lost: 354 bytes in 19 blocks
==55616==      possibly lost: 0 bytes in 0 blocks
==55616==    still reachable: 0 bytes in 0 blocks
==55616==         suppressed: 0 bytes in 0 blocks
==55616== Rerun with --leak-check=full to see details of leaked memory
==55616== 
==55616== For lists of detected and suppressed errors, rerun with: -s
==55616== ERROR SUMMARY: 0 errors from 0 contexts (suppressed: 0 from 0)
Running valgrind on ./maps/good/matrix.cub...

[0;31m Error:[Map validation] Empty line found
[0m Exit code: 1
‚ö†Ô∏è No Valgrind alerts, but with leaks[0m  
==55740== Memcheck, a memory error detector
==55740== Copyright (C) 2002-2022, and GNU GPL'd, by Julian Seward et al.
==55740== Using Valgrind-3.22.0 and LibVEX; rerun with -h for copyright info
==55740== Command: ./cub3d ./maps/good/matrix.cub
==55740== Parent PID: 55537
==55740== 
==55740== 
==55740== HEAP SUMMARY:
==55740==     in use at exit: 865 bytes in 31 blocks
==55740==   total heap usage: 150 allocs, 119 frees, 6,750 bytes allocated
==55740== 
==55740== LEAK SUMMARY:
==55740==    definitely lost: 248 bytes in 1 blocks
==55740==    indirectly lost: 617 bytes in 30 blocks
==55740==      possibly lost: 0 bytes in 0 blocks
==55740==    still reachable: 0 bytes in 0 blocks
==55740==         suppressed: 0 bytes in 0 blocks
==55740== Rerun with --leak-check=full to see details of leaked memory
==55740== 
==55740== For lists of detected and suppressed errors, rerun with: -s
==55740== ERROR SUMMARY: 0 errors from 0 contexts (suppressed: 0 from 0)
Running valgrind on ./maps/good/sad_face.cub...

[0;31m Error:[Map validation] Empty line found
[0m Exit code: 1
‚ö†Ô∏è No Valgrind alerts, but with leaks[0m  
==55743== Memcheck, a memory error detector
==55743== Copyright (C) 2002-2022, and GNU GPL'd, by Julian Seward et al.
==55743== Using Valgrind-3.22.0 and LibVEX; rerun with -h for copyright info
==55743== Command: ./cub3d ./maps/good/sad_face.cub
==55743== Parent PID: 55537
==55743== 
==55743== 
==55743== HEAP SUMMARY:
==55743==     in use at exit: 545 bytes in 23 blocks
==55743==   total heap usage: 108 allocs, 85 frees, 4,136 bytes allocated
==55743== 
==55743== LEAK SUMMARY:
==55743==    definitely lost: 184 bytes in 1 blocks
==55743==    indirectly lost: 361 bytes in 22 blocks
==55743==      possibly lost: 0 bytes in 0 blocks
==55743==    still reachable: 0 bytes in 0 blocks
==55743==         suppressed: 0 bytes in 0 blocks
==55743== Rerun with --leak-check=full to see details of leaked memory
==55743== 
==55743== For lists of detected and suppressed errors, rerun with: -s
==55743== ERROR SUMMARY: 0 errors from 0 contexts (suppressed: 0 from 0)
Running valgrind on ./maps/good/square_map.cub...

Exit code: 0
‚ö†Ô∏è No Valgrind alerts, but with leaks[0m  
==55814== Memcheck, a memory error detector
==55814== Copyright (C) 2002-2022, and GNU GPL'd, by Julian Seward et al.
==55814== Using Valgrind-3.22.0 and LibVEX; rerun with -h for copyright info
==55814== Command: ./cub3d ./maps/good/square_map.cub
==55814== Parent PID: 55537
==55814== 
==55814== 
==55814== HEAP SUMMARY:
==55814==     in use at exit: 2,338 bytes in 84 blocks
==55814==   total heap usage: 276 allocs, 192 frees, 12,912 bytes allocated
==55814== 
==55814== LEAK SUMMARY:
==55814==    definitely lost: 744 bytes in 10 blocks
==55814==    indirectly lost: 1,594 bytes in 74 blocks
==55814==      possibly lost: 0 bytes in 0 blocks
==55814==    still reachable: 0 bytes in 0 blocks
==55814==         suppressed: 0 bytes in 0 blocks
==55814== Rerun with --leak-check=full to see details of leaked memory
==55814== 
==55814== For lists of detected and suppressed errors, rerun with: -s
==55814== ERROR SUMMARY: 0 errors from 0 contexts (suppressed: 0 from 0)
Running valgrind on ./maps/good/subject_map.cub...

Exit code: 0
‚ö†Ô∏è No Valgrind alerts, but with leaks[0m  
==55817== Memcheck, a memory error detector
==55817== Copyright (C) 2002-2022, and GNU GPL'd, by Julian Seward et al.
==55817== Using Valgrind-3.22.0 and LibVEX; rerun with -h for copyright info
==55817== Command: ./cub3d ./maps/good/subject_map.cub
==55817== Parent PID: 55537
==55817== 
==55817== 
==55817== HEAP SUMMARY:
==55817==     in use at exit: 1,575 bytes in 52 blocks
==55817==   total heap usage: 163 allocs, 111 frees, 6,032 bytes allocated
==55817== 
==55817== LEAK SUMMARY:
==55817==    definitely lost: 481 bytes in 10 blocks
==55817==    indirectly lost: 1,094 bytes in 42 blocks
==55817==      possibly lost: 0 bytes in 0 blocks
==55817==    still reachable: 0 bytes in 0 blocks
==55817==         suppressed: 0 bytes in 0 blocks
==55817== Rerun with --leak-check=full to see details of leaked memory
==55817== 
==55817== For lists of detected and suppressed errors, rerun with: -s
==55817== ERROR SUMMARY: 0 errors from 0 contexts (suppressed: 0 from 0)
Running valgrind on ./maps/good/test_map.cub...

Exit code: 0
‚ö†Ô∏è No Valgrind alerts, but with leaks[0m  
==55941== Memcheck, a memory error detector
==55941== Copyright (C) 2002-2022, and GNU GPL'd, by Julian Seward et al.
==55941== Using Valgrind-3.22.0 and LibVEX; rerun with -h for copyright info
==55941== Command: ./cub3d ./maps/good/test_map.cub
==55941== Parent PID: 55537
==55941== 
==55941== 
==55941== HEAP SUMMARY:
==55941==     in use at exit: 765 bytes in 40 blocks
==55941==   total heap usage: 112 allocs, 72 frees, 3,133 bytes allocated
==55941== 
==55941== LEAK SUMMARY:
==55941==    definitely lost: 387 bytes in 10 blocks
==55941==    indirectly lost: 378 bytes in 30 blocks
==55941==      possibly lost: 0 bytes in 0 blocks
==55941==    still reachable: 0 bytes in 0 blocks
==55941==         suppressed: 0 bytes in 0 blocks
==55941== Rerun with --leak-check=full to see details of leaked memory
==55941== 
==55941== For lists of detected and suppressed errors, rerun with: -s
==55941== ERROR SUMMARY: 0 errors from 0 contexts (suppressed: 0 from 0)
Running valgrind on ./maps/good/test_map_hole.cub...

Exit code: 0
‚ö†Ô∏è No Valgrind alerts, but with leaks[0m  
==55944== Memcheck, a memory error detector
==55944== Copyright (C) 2002-2022, and GNU GPL'd, by Julian Seward et al.
==55944== Using Valgrind-3.22.0 and LibVEX; rerun with -h for copyright info
==55944== Command: ./cub3d ./maps/good/test_map_hole.cub
==55944== Parent PID: 55537
==55944== 
==55944== 
==55944== HEAP SUMMARY:
==55944==     in use at exit: 765 bytes in 40 blocks
==55944==   total heap usage: 112 allocs, 72 frees, 3,133 bytes allocated
==55944== 
==55944== LEAK SUMMARY:
==55944==    definitely lost: 387 bytes in 10 blocks
==55944==    indirectly lost: 378 bytes in 30 blocks
==55944==      possibly lost: 0 bytes in 0 blocks
==55944==    still reachable: 0 bytes in 0 blocks
==55944==         suppressed: 0 bytes in 0 blocks
==55944== Rerun with --leak-check=full to see details of leaked memory
==55944== 
==55944== For lists of detected and suppressed errors, rerun with: -s
==55944== ERROR SUMMARY: 0 errors from 0 contexts (suppressed: 0 from 0)
Running valgrind on ./maps/good/test_pos_bottom.cub...

Exit code: 0
‚ö†Ô∏è No Valgrind alerts, but with leaks[0m  
==55947== Memcheck, a memory error detector
==55947== Copyright (C) 2002-2022, and GNU GPL'd, by Julian Seward et al.
==55947== Using Valgrind-3.22.0 and LibVEX; rerun with -h for copyright info
==55947== Command: ./cub3d ./maps/good/test_pos_bottom.cub
==55947== Parent PID: 55537
==55947== 
==55947== 
==55947== HEAP SUMMARY:
==55947==     in use at exit: 746 bytes in 50 blocks
==55947==   total heap usage: 140 allocs, 90 frees, 3,911 bytes allocated
==55947== 
==55947== LEAK SUMMARY:
==55947==    definitely lost: 467 bytes in 10 blocks
==55947==    indirectly lost: 279 bytes in 40 blocks
==55947==      possibly lost: 0 bytes in 0 blocks
==55947==    still reachable: 0 bytes in 0 blocks
==55947==         suppressed: 0 bytes in 0 blocks
==55947== Rerun with --leak-check=full to see details of leaked memory
==55947== 
==55947== For lists of detected and suppressed errors, rerun with: -s
==55947== ERROR SUMMARY: 0 errors from 0 contexts (suppressed: 0 from 0)
Running valgrind on ./maps/good/test_pos_left.cub...

Exit code: 0
‚ö†Ô∏è No Valgrind alerts, but with leaks[0m  
==55950== Memcheck, a memory error detector
==55950== Copyright (C) 2002-2022, and GNU GPL'd, by Julian Seward et al.
==55950== Using Valgrind-3.22.0 and LibVEX; rerun with -h for copyright info
==55950== Command: ./cub3d ./maps/good/test_pos_left.cub
==55950== Parent PID: 55537
==55950== 
==55950== 
==55950== HEAP SUMMARY:
==55950==     in use at exit: 604 bytes in 30 blocks
==55950==   total heap usage: 81 allocs, 51 frees, 2,141 bytes allocated
==55950== 
==55950== LEAK SUMMARY:
==55950==    definitely lost: 307 bytes in 10 blocks
==55950==    indirectly lost: 297 bytes in 20 blocks
==55950==      possibly lost: 0 bytes in 0 blocks
==55950==    still reachable: 0 bytes in 0 blocks
==55950==         suppressed: 0 bytes in 0 blocks
==55950== Rerun with --leak-check=full to see details of leaked memory
==55950== 
==55950== For lists of detected and suppressed errors, rerun with: -s
==55950== ERROR SUMMARY: 0 errors from 0 contexts (suppressed: 0 from 0)
Running valgrind on ./maps/good/test_pos_right.cub...

Exit code: 0
‚ö†Ô∏è No Valgrind alerts, but with leaks[0m  
==55953== Memcheck, a memory error detector
==55953== Copyright (C) 2002-2022, and GNU GPL'd, by Julian Seward et al.
==55953== Using Valgrind-3.22.0 and LibVEX; rerun with -h for copyright info
==55953== Command: ./cub3d ./maps/good/test_pos_right.cub
==55953== Parent PID: 55537
==55953== 
==55953== 
==55953== HEAP SUMMARY:
==55953==     in use at exit: 604 bytes in 30 blocks
==55953==   total heap usage: 81 allocs, 51 frees, 2,141 bytes allocated
==55953== 
==55953== LEAK SUMMARY:
==55953==    definitely lost: 307 bytes in 10 blocks
==55953==    indirectly lost: 297 bytes in 20 blocks
==55953==      possibly lost: 0 bytes in 0 blocks
==55953==    still reachable: 0 bytes in 0 blocks
==55953==         suppressed: 0 bytes in 0 blocks
==55953== Rerun with --leak-check=full to see details of leaked memory
==55953== 
==55953== For lists of detected and suppressed errors, rerun with: -s
==55953== ERROR SUMMARY: 0 errors from 0 contexts (suppressed: 0 from 0)
Running valgrind on ./maps/good/test_pos_top.cub...

Exit code: 0
‚ö†Ô∏è No Valgrind alerts, but with leaks[0m  
==55956== Memcheck, a memory error detector
==55956== Copyright (C) 2002-2022, and GNU GPL'd, by Julian Seward et al.
==55956== Using Valgrind-3.22.0 and LibVEX; rerun with -h for copyright info
==55956== Command: ./cub3d ./maps/good/test_pos_top.cub
==55956== Parent PID: 55537
==55956== 
==55956== 
==55956== HEAP SUMMARY:
==55956==     in use at exit: 746 bytes in 50 blocks
==55956==   total heap usage: 140 allocs, 90 frees, 3,911 bytes allocated
==55956== 
==55956== LEAK SUMMARY:
==55956==    definitely lost: 467 bytes in 10 blocks
==55956==    indirectly lost: 279 bytes in 40 blocks
==55956==      possibly lost: 0 bytes in 0 blocks
==55956==    still reachable: 0 bytes in 0 blocks
==55956==         suppressed: 0 bytes in 0 blocks
==55956== Rerun with --leak-check=full to see details of leaked memory
==55956== 
==55956== For lists of detected and suppressed errors, rerun with: -s
==55956== ERROR SUMMARY: 0 errors from 0 contexts (suppressed: 0 from 0)
Running valgrind on ./maps/good/test_textures.cub...

Exit code: 0
‚ö†Ô∏è No Valgrind alerts, but with leaks[0m  
==55959== Memcheck, a memory error detector
==55959== Copyright (C) 2002-2022, and GNU GPL'd, by Julian Seward et al.
==55959== Using Valgrind-3.22.0 and LibVEX; rerun with -h for copyright info
==55959== Command: ./cub3d ./maps/good/test_textures.cub
==55959== Parent PID: 55537
==55959== 
==55959== 
==55959== HEAP SUMMARY:
==55959==     in use at exit: 798 bytes in 50 blocks
==55959==   total heap usage: 141 allocs, 91 frees, 4,050 bytes allocated
==55959== 
==55959== LEAK SUMMARY:
==55959==    definitely lost: 467 bytes in 10 blocks
==55959==    indirectly lost: 331 bytes in 40 blocks
==55959==      possibly lost: 0 bytes in 0 blocks
==55959==    still reachable: 0 bytes in 0 blocks
==55959==         suppressed: 0 bytes in 0 blocks
==55959== Rerun with --leak-check=full to see details of leaked memory
==55959== 
==55959== For lists of detected and suppressed errors, rerun with: -s
==55959== ERROR SUMMARY: 0 errors from 0 contexts (suppressed: 0 from 0)
Running valgrind on ./maps/good/test_whitespace.cub...

[0;31m Error:[Map validation] Empty line found
[0m Exit code: 1
‚ö†Ô∏è No Valgrind alerts, but with leaks[0m  
==56030== Memcheck, a memory error detector
==56030== Copyright (C) 2002-2022, and GNU GPL'd, by Julian Seward et al.
==56030== Using Valgrind-3.22.0 and LibVEX; rerun with -h for copyright info
==56030== Command: ./cub3d ./maps/good/test_whitespace.cub
==56030== Parent PID: 55537
==56030== 
==56030== 
==56030== HEAP SUMMARY:
==56030==     in use at exit: 934 bytes in 61 blocks
==56030==   total heap usage: 262 allocs, 201 frees, 18,516 bytes allocated
==56030== 
==56030== LEAK SUMMARY:
==56030==    definitely lost: 488 bytes in 1 blocks
==56030==    indirectly lost: 446 bytes in 60 blocks
==56030==      possibly lost: 0 bytes in 0 blocks
==56030==    still reachable: 0 bytes in 0 blocks
==56030==         suppressed: 0 bytes in 0 blocks
==56030== Rerun with --leak-check=full to see details of leaked memory
==56030== 
==56030== For lists of detected and suppressed errors, rerun with: -s
==56030== ERROR SUMMARY: 0 errors from 0 contexts (suppressed: 0 from 0)
Running valgrind on ./maps/good/works.cub...

Exit code: 0
‚ö†Ô∏è No Valgrind alerts, but with leaks[0m  
==56033== Memcheck, a memory error detector
==56033== Copyright (C) 2002-2022, and GNU GPL'd, by Julian Seward et al.
==56033== Using Valgrind-3.22.0 and LibVEX; rerun with -h for copyright info
==56033== Command: ./cub3d ./maps/good/works.cub
==56033== Parent PID: 55537
==56033== 
==56033== 
==56033== HEAP SUMMARY:
==56033==     in use at exit: 957 bytes in 42 blocks
==56033==   total heap usage: 129 allocs, 87 frees, 4,316 bytes allocated
==56033== 
==56033== LEAK SUMMARY:
==56033==    definitely lost: 414 bytes in 10 blocks
==56033==    indirectly lost: 543 bytes in 32 blocks
==56033==      possibly lost: 0 bytes in 0 blocks
==56033==    still reachable: 0 bytes in 0 blocks
==56033==         suppressed: 0 bytes in 0 blocks
==56033== Rerun with --leak-check=full to see details of leaked memory
==56033== 
==56033== For lists of detected and suppressed errors, rerun with: -s
==56033== ERROR SUMMARY: 0 errors from 0 contexts (suppressed: 0 from 0)
Valgrind tests completed. Results saved to test_output.txt.
Starting Valgrind tests...
Running valgrind on ./maps/good/cheese_maze.cub...

[0;31m Error:[Map validation] Empty line found
[0m Exit code: 1
‚ö†Ô∏è No Valgrind alerts, but with leaks[0m  
==56797== Memcheck, a memory error detector
==56797== Copyright (C) 2002-2022, and GNU GPL'd, by Julian Seward et al.
==56797== Using Valgrind-3.22.0 and LibVEX; rerun with -h for copyright info
==56797== Command: ./cub3d ./maps/good/cheese_maze.cub
==56797== Parent PID: 56795
==56797== 
==56797== 
==56797== HEAP SUMMARY:
==56797==     in use at exit: 876 bytes in 31 blocks
==56797==   total heap usage: 150 allocs, 119 frees, 6,863 bytes allocated
==56797== 
==56797== LEAK SUMMARY:
==56797==    definitely lost: 248 bytes in 1 blocks
==56797==    indirectly lost: 628 bytes in 30 blocks
==56797==      possibly lost: 0 bytes in 0 blocks
==56797==    still reachable: 0 bytes in 0 blocks
==56797==         suppressed: 0 bytes in 0 blocks
==56797== Rerun with --leak-check=full to see details of leaked memory
==56797== 
==56797== For lists of detected and suppressed errors, rerun with: -s
==56797== ERROR SUMMARY: 0 errors from 0 contexts (suppressed: 0 from 0)
Running valgrind on ./maps/good/creepy.cub...

[0;31m Error:[Map validation] Empty line found
[0m Exit code: 1
‚ö†Ô∏è No Valgrind alerts, but with leaks[0m  
==56800== Memcheck, a memory error detector
==56800== Copyright (C) 2002-2022, and GNU GPL'd, by Julian Seward et al.
==56800== Using Valgrind-3.22.0 and LibVEX; rerun with -h for copyright info
==56800== Command: ./cub3d ./maps/good/creepy.cub
==56800== Parent PID: 56795
==56800== 
==56800== 
==56800== HEAP SUMMARY:
==56800==     in use at exit: 544 bytes in 23 blocks
==56800==   total heap usage: 108 allocs, 85 frees, 4,157 bytes allocated
==56800== 
==56800== LEAK SUMMARY:
==56800==    definitely lost: 184 bytes in 1 blocks
==56800==    indirectly lost: 360 bytes in 22 blocks
==56800==      possibly lost: 0 bytes in 0 blocks
==56800==    still reachable: 0 bytes in 0 blocks
==56800==         suppressed: 0 bytes in 0 blocks
==56800== Rerun with --leak-check=full to see details of leaked memory
==56800== 
==56800== For lists of detected and suppressed errors, rerun with: -s
==56800== ERROR SUMMARY: 0 errors from 0 contexts (suppressed: 0 from 0)
Running valgrind on ./maps/good/dungeon.cub...

[0;31m Error:[Map validation] Empty line found
[0m Exit code: 1
‚ö†Ô∏è No Valgrind alerts, but with leaks[0m  
==56804== Memcheck, a memory error detector
==56804== Copyright (C) 2002-2022, and GNU GPL'd, by Julian Seward et al.
==56804== Using Valgrind-3.22.0 and LibVEX; rerun with -h for copyright info
==56804== Command: ./cub3d ./maps/good/dungeon.cub
==56804== Parent PID: 56795
==56804== 
==56804== 
==56804== HEAP SUMMARY:
==56804==     in use at exit: 510 bytes in 20 blocks
==56804==   total heap usage: 95 allocs, 75 frees, 3,436 bytes allocated
==56804== 
==56804== LEAK SUMMARY:
==56804==    definitely lost: 160 bytes in 1 blocks
==56804==    indirectly lost: 350 bytes in 19 blocks
==56804==      possibly lost: 0 bytes in 0 blocks
==56804==    still reachable: 0 bytes in 0 blocks
==56804==         suppressed: 0 bytes in 0 blocks
==56804== Rerun with --leak-check=full to see details of leaked memory
==56804== 
==56804== For lists of detected and suppressed errors, rerun with: -s
==56804== ERROR SUMMARY: 0 errors from 0 contexts (suppressed: 0 from 0)
Running valgrind on ./maps/good/library.cub...

[0;31m Error:[Map validation] Empty line found
[0m Exit code: 1
‚ö†Ô∏è No Valgrind alerts, but with leaks[0m  
==56875== Memcheck, a memory error detector
==56875== Copyright (C) 2002-2022, and GNU GPL'd, by Julian Seward et al.
==56875== Using Valgrind-3.22.0 and LibVEX; rerun with -h for copyright info
==56875== Command: ./cub3d ./maps/good/library.cub
==56875== Parent PID: 56795
==56875== 
==56875== 
==56875== HEAP SUMMARY:
==56875==     in use at exit: 514 bytes in 20 blocks
==56875==   total heap usage: 95 allocs, 75 frees, 3,477 bytes allocated
==56875== 
==56875== LEAK SUMMARY:
==56875==    definitely lost: 160 bytes in 1 blocks
==56875==    indirectly lost: 354 bytes in 19 blocks
==56875==      possibly lost: 0 bytes in 0 blocks
==56875==    still reachable: 0 bytes in 0 blocks
==56875==         suppressed: 0 bytes in 0 blocks
==56875== Rerun with --leak-check=full to see details of leaked memory
==56875== 
==56875== For lists of detected and suppressed errors, rerun with: -s
==56875== ERROR SUMMARY: 0 errors from 0 contexts (suppressed: 0 from 0)
Running valgrind on ./maps/good/matrix.cub...

[0;31m Error:[Map validation] Empty line found
[0m Exit code: 1
‚ö†Ô∏è No Valgrind alerts, but with leaks[0m  
==56878== Memcheck, a memory error detector
==56878== Copyright (C) 2002-2022, and GNU GPL'd, by Julian Seward et al.
==56878== Using Valgrind-3.22.0 and LibVEX; rerun with -h for copyright info
==56878== Command: ./cub3d ./maps/good/matrix.cub
==56878== Parent PID: 56795
==56878== 
==56878== 
==56878== HEAP SUMMARY:
==56878==     in use at exit: 865 bytes in 31 blocks
==56878==   total heap usage: 150 allocs, 119 frees, 6,750 bytes allocated
==56878== 
==56878== LEAK SUMMARY:
==56878==    definitely lost: 248 bytes in 1 blocks
==56878==    indirectly lost: 617 bytes in 30 blocks
==56878==      possibly lost: 0 bytes in 0 blocks
==56878==    still reachable: 0 bytes in 0 blocks
==56878==         suppressed: 0 bytes in 0 blocks
==56878== Rerun with --leak-check=full to see details of leaked memory
==56878== 
==56878== For lists of detected and suppressed errors, rerun with: -s
==56878== ERROR SUMMARY: 0 errors from 0 contexts (suppressed: 0 from 0)
Running valgrind on ./maps/good/sad_face.cub...
Starting Valgrind tests...
Running valgrind on ./maps/good/cheese_maze.cub...

Exit code: 0
‚ö†Ô∏è No Valgrind alerts, but with leaks[0m  
==57475== Memcheck, a memory error detector
==57475== Copyright (C) 2002-2022, and GNU GPL'd, by Julian Seward et al.
==57475== Using Valgrind-3.22.0 and LibVEX; rerun with -h for copyright info
==57475== Command: ./cub3d ./maps/good/cheese_maze.cub
==57475== Parent PID: 57473
==57475== 
==57475== 
==57475== HEAP SUMMARY:
==57475==     in use at exit: 1,718 bytes in 67 blocks
==57475==   total heap usage: 209 allocs, 142 frees, 8,190 bytes allocated
==57475== 
==57475== LEAK SUMMARY:
==57475==    definitely lost: 605 bytes in 10 blocks
==57475==    indirectly lost: 1,113 bytes in 57 blocks
==57475==      possibly lost: 0 bytes in 0 blocks
==57475==    still reachable: 0 bytes in 0 blocks
==57475==         suppressed: 0 bytes in 0 blocks
==57475== Rerun with --leak-check=full to see details of leaked memory
==57475== 
==57475== For lists of detected and suppressed errors, rerun with: -s
==57475== ERROR SUMMARY: 0 errors from 0 contexts (suppressed: 0 from 0)
Running valgrind on ./maps/good/creepy.cub...

Exit code: 0
‚ö†Ô∏è No Valgrind alerts, but with leaks[0m  
==57478== Memcheck, a memory error detector
==57478== Copyright (C) 2002-2022, and GNU GPL'd, by Julian Seward et al.
==57478== Using Valgrind-3.22.0 and LibVEX; rerun with -h for copyright info
==57478== Command: ./cub3d ./maps/good/creepy.cub
==57478== Parent PID: 57473
==57478== 
==57478== 
==57478== HEAP SUMMARY:
==57478==     in use at exit: 1,056 bytes in 51 blocks
==57478==   total heap usage: 151 allocs, 100 frees, 4,894 bytes allocated
==57478== 
==57478== LEAK SUMMARY:
==57478==    definitely lost: 471 bytes in 10 blocks
==57478==    indirectly lost: 585 bytes in 41 blocks
==57478==      possibly lost: 0 bytes in 0 blocks
==57478==    still reachable: 0 bytes in 0 blocks
==57478==         suppressed: 0 bytes in 0 blocks
==57478== Rerun with --leak-check=full to see details of leaked memory
==57478== 
==57478== For lists of detected and suppressed errors, rerun with: -s
==57478== ERROR SUMMARY: 0 errors from 0 contexts (suppressed: 0 from 0)
Running valgrind on ./maps/good/dungeon.cub...

Exit code: 0
‚ö†Ô∏è No Valgrind alerts, but with leaks[0m  
==57554== Memcheck, a memory error detector
==57554== Copyright (C) 2002-2022, and GNU GPL'd, by Julian Seward et al.
==57554== Using Valgrind-3.22.0 and LibVEX; rerun with -h for copyright info
==57554== Command: ./cub3d ./maps/good/dungeon.cub
==57554== Parent PID: 57473
==57554== 
==57554== 
==57554== HEAP SUMMARY:
==57554==     in use at exit: 992 bytes in 45 blocks
==57554==   total heap usage: 132 allocs, 87 frees, 4,136 bytes allocated
==57554== 
==57554== LEAK SUMMARY:
==57554==    definitely lost: 424 bytes in 10 blocks
==57554==    indirectly lost: 568 bytes in 35 blocks
==57554==      possibly lost: 0 bytes in 0 blocks
==57554==    still reachable: 0 bytes in 0 blocks
==57554==         suppressed: 0 bytes in 0 blocks
==57554== Rerun with --leak-check=full to see details of leaked memory
==57554== 
==57554== For lists of detected and suppressed errors, rerun with: -s
==57554== ERROR SUMMARY: 0 errors from 0 contexts (suppressed: 0 from 0)
Running valgrind on ./maps/good/library.cub...

Exit code: 0
‚ö†Ô∏è No Valgrind alerts, but with leaks[0m  
==57557== Memcheck, a memory error detector
==57557== Copyright (C) 2002-2022, and GNU GPL'd, by Julian Seward et al.
==57557== Using Valgrind-3.22.0 and LibVEX; rerun with -h for copyright info
==57557== Command: ./cub3d ./maps/good/library.cub
==57557== Parent PID: 57473
==57557== 
==57557== 
==57557== HEAP SUMMARY:
==57557==     in use at exit: 1,004 bytes in 45 blocks
==57557==   total heap usage: 132 allocs, 87 frees, 4,189 bytes allocated
==57557== 
==57557== LEAK SUMMARY:
==57557==    definitely lost: 428 bytes in 10 blocks
==57557==    indirectly lost: 576 bytes in 35 blocks
==57557==      possibly lost: 0 bytes in 0 blocks
==57557==    still reachable: 0 bytes in 0 blocks
==57557==         suppressed: 0 bytes in 0 blocks
==57557== Rerun with --leak-check=full to see details of leaked memory
==57557== 
==57557== For lists of detected and suppressed errors, rerun with: -s
==57557== ERROR SUMMARY: 0 errors from 0 contexts (suppressed: 0 from 0)
Running valgrind on ./maps/good/matrix.cub...

Exit code: 0
‚ö†Ô∏è No Valgrind alerts, but with leaks[0m  
==57691== Memcheck, a memory error detector
==57691== Copyright (C) 2002-2022, and GNU GPL'd, by Julian Seward et al.
==57691== Using Valgrind-3.22.0 and LibVEX; rerun with -h for copyright info
==57691== Command: ./cub3d ./maps/good/matrix.cub
==57691== Parent PID: 57473
==57691== 
==57691== 
==57691== HEAP SUMMARY:
==57691==     in use at exit: 1,685 bytes in 67 blocks
==57691==   total heap usage: 209 allocs, 142 frees, 8,044 bytes allocated
==57691== 
==57691== LEAK SUMMARY:
==57691==    definitely lost: 594 bytes in 10 blocks
==57691==    indirectly lost: 1,091 bytes in 57 blocks
==57691==      possibly lost: 0 bytes in 0 blocks
==57691==    still reachable: 0 bytes in 0 blocks
==57691==         suppressed: 0 bytes in 0 blocks
==57691== Rerun with --leak-check=full to see details of leaked memory
==57691== 
==57691== For lists of detected and suppressed errors, rerun with: -s
==57691== ERROR SUMMARY: 0 errors from 0 contexts (suppressed: 0 from 0)
Running valgrind on ./maps/good/sad_face.cub...

Exit code: 0
‚ö†Ô∏è No Valgrind alerts, but with leaks[0m  
==57694== Memcheck, a memory error detector
==57694== Copyright (C) 2002-2022, and GNU GPL'd, by Julian Seward et al.
==57694== Using Valgrind-3.22.0 and LibVEX; rerun with -h for copyright info
==57694== Command: ./cub3d ./maps/good/sad_face.cub
==57694== Parent PID: 57473
==57694== 
==57694== 
==57694== HEAP SUMMARY:
==57694==     in use at exit: 1,059 bytes in 51 blocks
==57694==   total heap usage: 151 allocs, 100 frees, 4,876 bytes allocated
==57694== 
==57694== LEAK SUMMARY:
==57694==    definitely lost: 472 bytes in 10 blocks
==57694==    indirectly lost: 587 bytes in 41 blocks
==57694==      possibly lost: 0 bytes in 0 blocks
==57694==    still reachable: 0 bytes in 0 blocks
==57694==         suppressed: 0 bytes in 0 blocks
==57694== Rerun with --leak-check=full to see details of leaked memory
==57694== 
==57694== For lists of detected and suppressed errors, rerun with: -s
==57694== ERROR SUMMARY: 0 errors from 0 contexts (suppressed: 0 from 0)
Running valgrind on ./maps/good/square_map.cub...

Exit code: 0
‚ö†Ô∏è No Valgrind alerts, but with leaks[0m  
==57697== Memcheck, a memory error detector
==57697== Copyright (C) 2002-2022, and GNU GPL'd, by Julian Seward et al.
==57697== Using Valgrind-3.22.0 and LibVEX; rerun with -h for copyright info
==57697== Command: ./cub3d ./maps/good/square_map.cub
==57697== Parent PID: 57473
==57697== 
==57697== 
==57697== HEAP SUMMARY:
==57697==     in use at exit: 2,338 bytes in 84 blocks
==57697==   total heap usage: 276 allocs, 192 frees, 12,912 bytes allocated
==57697== 
==57697== LEAK SUMMARY:
==57697==    definitely lost: 744 bytes in 10 blocks
==57697==    indirectly lost: 1,594 bytes in 74 blocks
==57697==      possibly lost: 0 bytes in 0 blocks
==57697==    still reachable: 0 bytes in 0 blocks
==57697==         suppressed: 0 bytes in 0 blocks
==57697== Rerun with --leak-check=full to see details of leaked memory
==57697== 
==57697== For lists of detected and suppressed errors, rerun with: -s
==57697== ERROR SUMMARY: 0 errors from 0 contexts (suppressed: 0 from 0)
Running valgrind on ./maps/good/subject_map.cub...

Exit code: 0
‚ö†Ô∏è No Valgrind alerts, but with leaks[0m  
==57700== Memcheck, a memory error detector
==57700== Copyright (C) 2002-2022, and GNU GPL'd, by Julian Seward et al.
==57700== Using Valgrind-3.22.0 and LibVEX; rerun with -h for copyright info
==57700== Command: ./cub3d ./maps/good/subject_map.cub
==57700== Parent PID: 57473
==57700== 
==57700== 
==57700== HEAP SUMMARY:
==57700==     in use at exit: 1,575 bytes in 52 blocks
==57700==   total heap usage: 163 allocs, 111 frees, 6,032 bytes allocated
==57700== 
==57700== LEAK SUMMARY:
==57700==    definitely lost: 481 bytes in 10 blocks
==57700==    indirectly lost: 1,094 bytes in 42 blocks
==57700==      possibly lost: 0 bytes in 0 blocks
==57700==    still reachable: 0 bytes in 0 blocks
==57700==         suppressed: 0 bytes in 0 blocks
==57700== Rerun with --leak-check=full to see details of leaked memory
==57700== 
==57700== For lists of detected and suppressed errors, rerun with: -s
==57700== ERROR SUMMARY: 0 errors from 0 contexts (suppressed: 0 from 0)
Running valgrind on ./maps/good/test_map.cub...

Exit code: 0
‚ö†Ô∏è No Valgrind alerts, but with leaks[0m  
==57703== Memcheck, a memory error detector
==57703== Copyright (C) 2002-2022, and GNU GPL'd, by Julian Seward et al.
==57703== Using Valgrind-3.22.0 and LibVEX; rerun with -h for copyright info
==57703== Command: ./cub3d ./maps/good/test_map.cub
==57703== Parent PID: 57473
==57703== 
==57703== 
==57703== HEAP SUMMARY:
==57703==     in use at exit: 765 bytes in 40 blocks
==57703==   total heap usage: 112 allocs, 72 frees, 3,133 bytes allocated
==57703== 
==57703== LEAK SUMMARY:
==57703==    definitely lost: 387 bytes in 10 blocks
==57703==    indirectly lost: 378 bytes in 30 blocks
==57703==      possibly lost: 0 bytes in 0 blocks
==57703==    still reachable: 0 bytes in 0 blocks
==57703==         suppressed: 0 bytes in 0 blocks
==57703== Rerun with --leak-check=full to see details of leaked memory
==57703== 
==57703== For lists of detected and suppressed errors, rerun with: -s
==57703== ERROR SUMMARY: 0 errors from 0 contexts (suppressed: 0 from 0)
Running valgrind on ./maps/good/test_map_hole.cub...

Exit code: 0
‚ö†Ô∏è No Valgrind alerts, but with leaks[0m  
==57779== Memcheck, a memory error detector
==57779== Copyright (C) 2002-2022, and GNU GPL'd, by Julian Seward et al.
==57779== Using Valgrind-3.22.0 and LibVEX; rerun with -h for copyright info
==57779== Command: ./cub3d ./maps/good/test_map_hole.cub
==57779== Parent PID: 57473
==57779== 
==57779== 
==57779== HEAP SUMMARY:
==57779==     in use at exit: 765 bytes in 40 blocks
==57779==   total heap usage: 112 allocs, 72 frees, 3,133 bytes allocated
==57779== 
==57779== LEAK SUMMARY:
==57779==    definitely lost: 387 bytes in 10 blocks
==57779==    indirectly lost: 378 bytes in 30 blocks
==57779==      possibly lost: 0 bytes in 0 blocks
==57779==    still reachable: 0 bytes in 0 blocks
==57779==         suppressed: 0 bytes in 0 blocks
==57779== Rerun with --leak-check=full to see details of leaked memory
==57779== 
==57779== For lists of detected and suppressed errors, rerun with: -s
==57779== ERROR SUMMARY: 0 errors from 0 contexts (suppressed: 0 from 0)
Running valgrind on ./maps/good/test_pos_bottom.cub...

Exit code: 0
‚ö†Ô∏è No Valgrind alerts, but with leaks[0m  
==57782== Memcheck, a memory error detector
==57782== Copyright (C) 2002-2022, and GNU GPL'd, by Julian Seward et al.
==57782== Using Valgrind-3.22.0 and LibVEX; rerun with -h for copyright info
==57782== Command: ./cub3d ./maps/good/test_pos_bottom.cub
==57782== Parent PID: 57473
==57782== 
==57782== 
==57782== HEAP SUMMARY:
==57782==     in use at exit: 746 bytes in 50 blocks
==57782==   total heap usage: 140 allocs, 90 frees, 3,911 bytes allocated
==57782== 
==57782== LEAK SUMMARY:
==57782==    definitely lost: 467 bytes in 10 blocks
==57782==    indirectly lost: 279 bytes in 40 blocks
==57782==      possibly lost: 0 bytes in 0 blocks
==57782==    still reachable: 0 bytes in 0 blocks
==57782==         suppressed: 0 bytes in 0 blocks
==57782== Rerun with --leak-check=full to see details of leaked memory
==57782== 
==57782== For lists of detected and suppressed errors, rerun with: -s
==57782== ERROR SUMMARY: 0 errors from 0 contexts (suppressed: 0 from 0)
Running valgrind on ./maps/good/test_pos_left.cub...

Exit code: 0
‚ö†Ô∏è No Valgrind alerts, but with leaks[0m  
==57916== Memcheck, a memory error detector
==57916== Copyright (C) 2002-2022, and GNU GPL'd, by Julian Seward et al.
==57916== Using Valgrind-3.22.0 and LibVEX; rerun with -h for copyright info
==57916== Command: ./cub3d ./maps/good/test_pos_left.cub
==57916== Parent PID: 57473
==57916== 
==57916== 
==57916== HEAP SUMMARY:
==57916==     in use at exit: 604 bytes in 30 blocks
==57916==   total heap usage: 81 allocs, 51 frees, 2,141 bytes allocated
==57916== 
==57916== LEAK SUMMARY:
==57916==    definitely lost: 307 bytes in 10 blocks
==57916==    indirectly lost: 297 bytes in 20 blocks
==57916==      possibly lost: 0 bytes in 0 blocks
==57916==    still reachable: 0 bytes in 0 blocks
==57916==         suppressed: 0 bytes in 0 blocks
==57916== Rerun with --leak-check=full to see details of leaked memory
==57916== 
==57916== For lists of detected and suppressed errors, rerun with: -s
==57916== ERROR SUMMARY: 0 errors from 0 contexts (suppressed: 0 from 0)
Running valgrind on ./maps/good/test_pos_right.cub...

Exit code: 0
‚ö†Ô∏è No Valgrind alerts, but with leaks[0m  
==57919== Memcheck, a memory error detector
==57919== Copyright (C) 2002-2022, and GNU GPL'd, by Julian Seward et al.
==57919== Using Valgrind-3.22.0 and LibVEX; rerun with -h for copyright info
==57919== Command: ./cub3d ./maps/good/test_pos_right.cub
==57919== Parent PID: 57473
==57919== 
==57919== 
==57919== HEAP SUMMARY:
==57919==     in use at exit: 604 bytes in 30 blocks
==57919==   total heap usage: 81 allocs, 51 frees, 2,141 bytes allocated
==57919== 
==57919== LEAK SUMMARY:
==57919==    definitely lost: 307 bytes in 10 blocks
==57919==    indirectly lost: 297 bytes in 20 blocks
==57919==      possibly lost: 0 bytes in 0 blocks
==57919==    still reachable: 0 bytes in 0 blocks
==57919==         suppressed: 0 bytes in 0 blocks
==57919== Rerun with --leak-check=full to see details of leaked memory
==57919== 
==57919== For lists of detected and suppressed errors, rerun with: -s
==57919== ERROR SUMMARY: 0 errors from 0 contexts (suppressed: 0 from 0)
Running valgrind on ./maps/good/test_pos_top.cub...

Exit code: 0
‚ö†Ô∏è No Valgrind alerts, but with leaks[0m  
==57922== Memcheck, a memory error detector
==57922== Copyright (C) 2002-2022, and GNU GPL'd, by Julian Seward et al.
==57922== Using Valgrind-3.22.0 and LibVEX; rerun with -h for copyright info
==57922== Command: ./cub3d ./maps/good/test_pos_top.cub
==57922== Parent PID: 57473
==57922== 
==57922== 
==57922== HEAP SUMMARY:
==57922==     in use at exit: 746 bytes in 50 blocks
==57922==   total heap usage: 140 allocs, 90 frees, 3,911 bytes allocated
==57922== 
==57922== LEAK SUMMARY:
==57922==    definitely lost: 467 bytes in 10 blocks
==57922==    indirectly lost: 279 bytes in 40 blocks
==57922==      possibly lost: 0 bytes in 0 blocks
==57922==    still reachable: 0 bytes in 0 blocks
==57922==         suppressed: 0 bytes in 0 blocks
==57922== Rerun with --leak-check=full to see details of leaked memory
==57922== 
==57922== For lists of detected and suppressed errors, rerun with: -s
==57922== ERROR SUMMARY: 0 errors from 0 contexts (suppressed: 0 from 0)
Running valgrind on ./maps/good/test_textures.cub...

Exit code: 0
‚ö†Ô∏è No Valgrind alerts, but with leaks[0m  
==57925== Memcheck, a memory error detector
==57925== Copyright (C) 2002-2022, and GNU GPL'd, by Julian Seward et al.
==57925== Using Valgrind-3.22.0 and LibVEX; rerun with -h for copyright info
==57925== Command: ./cub3d ./maps/good/test_textures.cub
==57925== Parent PID: 57473
==57925== 
==57925== 
==57925== HEAP SUMMARY:
==57925==     in use at exit: 798 bytes in 50 blocks
==57925==   total heap usage: 141 allocs, 91 frees, 4,050 bytes allocated
==57925== 
==57925== LEAK SUMMARY:
==57925==    definitely lost: 467 bytes in 10 blocks
==57925==    indirectly lost: 331 bytes in 40 blocks
==57925==      possibly lost: 0 bytes in 0 blocks
==57925==    still reachable: 0 bytes in 0 blocks
==57925==         suppressed: 0 bytes in 0 blocks
==57925== Rerun with --leak-check=full to see details of leaked memory
==57925== 
==57925== For lists of detected and suppressed errors, rerun with: -s
==57925== ERROR SUMMARY: 0 errors from 0 contexts (suppressed: 0 from 0)
Running valgrind on ./maps/good/test_whitespace.cub...

Exit code: 0
‚ö†Ô∏è No Valgrind alerts, but with leaks[0m  
==57928== Memcheck, a memory error detector
==57928== Copyright (C) 2002-2022, and GNU GPL'd, by Julian Seward et al.
==57928== Using Valgrind-3.22.0 and LibVEX; rerun with -h for copyright info
==57928== Command: ./cub3d ./maps/good/test_whitespace.cub
==57928== Parent PID: 57473
==57928== 
==57928== 
==57928== HEAP SUMMARY:
==57928==     in use at exit: 1,566 bytes in 89 blocks
==57928==   total heap usage: 305 allocs, 216 frees, 19,323 bytes allocated
==57928== 
==57928== LEAK SUMMARY:
==57928==    definitely lost: 813 bytes in 10 blocks
==57928==    indirectly lost: 753 bytes in 79 blocks
==57928==      possibly lost: 0 bytes in 0 blocks
==57928==    still reachable: 0 bytes in 0 blocks
==57928==         suppressed: 0 bytes in 0 blocks
==57928== Rerun with --leak-check=full to see details of leaked memory
==57928== 
==57928== For lists of detected and suppressed errors, rerun with: -s
==57928== ERROR SUMMARY: 0 errors from 0 contexts (suppressed: 0 from 0)
Running valgrind on ./maps/good/works.cub...

Exit code: 0
‚ö†Ô∏è No Valgrind alerts, but with leaks[0m  
==57931== Memcheck, a memory error detector
==57931== Copyright (C) 2002-2022, and GNU GPL'd, by Julian Seward et al.
==57931== Using Valgrind-3.22.0 and LibVEX; rerun with -h for copyright info
==57931== Command: ./cub3d ./maps/good/works.cub
==57931== Parent PID: 57473
==57931== 
==57931== 
==57931== HEAP SUMMARY:
==57931==     in use at exit: 957 bytes in 42 blocks
==57931==   total heap usage: 129 allocs, 87 frees, 4,316 bytes allocated
==57931== 
==57931== LEAK SUMMARY:
==57931==    definitely lost: 414 bytes in 10 blocks
==57931==    indirectly lost: 543 bytes in 32 blocks
==57931==      possibly lost: 0 bytes in 0 blocks
==57931==    still reachable: 0 bytes in 0 blocks
==57931==         suppressed: 0 bytes in 0 blocks
==57931== Rerun with --leak-check=full to see details of leaked memory
==57931== 
==57931== For lists of detected and suppressed errors, rerun with: -s
==57931== ERROR SUMMARY: 0 errors from 0 contexts (suppressed: 0 from 0)
Valgrind tests completed. Results saved to test_output.txt.
Starting Valgrind tests...
Running valgrind on ./maps/bad/color_invalid_rgb.cub...

[0;31m Error:[Color] color number out of range
[0m Exit code: 1
‚ö†Ô∏è No Valgrind alerts, but with leaks[0m  
==67692== Memcheck, a memory error detector
==67692== Copyright (C) 2002-2022, and GNU GPL'd, by Julian Seward et al.
==67692== Using Valgrind-3.22.0 and LibVEX; rerun with -h for copyright info
==67692== Command: ./cub3d ./maps/bad/color_invalid_rgb.cub
==67692== Parent PID: 67690
==67692== 
==67692== 
==67692== HEAP SUMMARY:
==67692==     in use at exit: 796 bytes in 51 blocks
==67692==   total heap usage: 145 allocs, 94 frees, 4,212 bytes allocated
==67692== 
==67692== LEAK SUMMARY:
==67692==    definitely lost: 471 bytes in 10 blocks
==67692==    indirectly lost: 325 bytes in 41 blocks
==67692==      possibly lost: 0 bytes in 0 blocks
==67692==    still reachable: 0 bytes in 0 blocks
==67692==         suppressed: 0 bytes in 0 blocks
==67692== Rerun with --leak-check=full to see details of leaked memory
==67692== 
==67692== For lists of detected and suppressed errors, rerun with: -s
==67692== ERROR SUMMARY: 0 errors from 0 contexts (suppressed: 0 from 0)
Running valgrind on ./maps/bad/color_missing_ceiling_rgb.cub...

[0;31m Error:[Color] incorrect numbers
[0m Exit code: 1
‚ö†Ô∏è No Valgrind alerts, but with leaks[0m  
==67695== Memcheck, a memory error detector
==67695== Copyright (C) 2002-2022, and GNU GPL'd, by Julian Seward et al.
==67695== Using Valgrind-3.22.0 and LibVEX; rerun with -h for copyright info
==67695== Command: ./cub3d ./maps/bad/color_missing_ceiling_rgb.cub
==67695== Parent PID: 67690
==67695== 
==67695== 
==67695== HEAP SUMMARY:
==67695==     in use at exit: 780 bytes in 49 blocks
==67695==   total heap usage: 140 allocs, 91 frees, 3,986 bytes allocated
==67695== 
==67695== LEAK SUMMARY:
==67695==    definitely lost: 456 bytes in 10 blocks
==67695==    indirectly lost: 324 bytes in 39 blocks
==67695==      possibly lost: 0 bytes in 0 blocks
==67695==    still reachable: 0 bytes in 0 blocks
==67695==         suppressed: 0 bytes in 0 blocks
==67695== Rerun with --leak-check=full to see details of leaked memory
==67695== 
==67695== For lists of detected and suppressed errors, rerun with: -s
==67695== ERROR SUMMARY: 0 errors from 0 contexts (suppressed: 0 from 0)
Running valgrind on ./maps/bad/color_missing.cub...

[0;31m Error:[Color] colors are not complete
[0m Exit code: 1
‚ö†Ô∏è No Valgrind alerts, but with leaks[0m  
==67698== Memcheck, a memory error detector
==67698== Copyright (C) 2002-2022, and GNU GPL'd, by Julian Seward et al.
==67698== Using Valgrind-3.22.0 and LibVEX; rerun with -h for copyright info
==67698== Command: ./cub3d ./maps/bad/color_missing.cub
==67698== Parent PID: 67690
==67698== 
==67698== 
==67698== HEAP SUMMARY:
==67698==     in use at exit: 728 bytes in 44 blocks
==67698==   total heap usage: 131 allocs, 87 frees, 3,780 bytes allocated
==67698== 
==67698== LEAK SUMMARY:
==67698==    definitely lost: 418 bytes in 8 blocks
==67698==    indirectly lost: 310 bytes in 36 blocks
==67698==      possibly lost: 0 bytes in 0 blocks
==67698==    still reachable: 0 bytes in 0 blocks
==67698==         suppressed: 0 bytes in 0 blocks
==67698== Rerun with --leak-check=full to see details of leaked memory
==67698== 
==67698== For lists of detected and suppressed errors, rerun with: -s
==67698== ERROR SUMMARY: 0 errors from 0 contexts (suppressed: 0 from 0)
Running valgrind on ./maps/bad/color_missing_floor_rgb.cub...

[0;31m Error:[Color] incorrect numbers
[0m Exit code: 1
‚ö†Ô∏è No Valgrind alerts, but with leaks[0m  
==67775== Memcheck, a memory error detector
==67775== Copyright (C) 2002-2022, and GNU GPL'd, by Julian Seward et al.
==67775== Using Valgrind-3.22.0 and LibVEX; rerun with -h for copyright info
==67775== Command: ./cub3d ./maps/bad/color_missing_floor_rgb.cub
==67775== Parent PID: 67690
==67775== 
==67775== 
==67775== HEAP SUMMARY:
==67775==     in use at exit: 781 bytes in 49 blocks
==67775==   total heap usage: 140 allocs, 91 frees, 3,993 bytes allocated
==67775== 
==67775== LEAK SUMMARY:
==67775==    definitely lost: 456 bytes in 10 blocks
==67775==    indirectly lost: 325 bytes in 39 blocks
==67775==      possibly lost: 0 bytes in 0 blocks
==67775==    still reachable: 0 bytes in 0 blocks
==67775==         suppressed: 0 bytes in 0 blocks
==67775== Rerun with --leak-check=full to see details of leaked memory
==67775== 
==67775== For lists of detected and suppressed errors, rerun with: -s
==67775== ERROR SUMMARY: 0 errors from 0 contexts (suppressed: 0 from 0)
Running valgrind on ./maps/bad/color_none.cub...

[0;31m Error:[Color] colors are not complete
[0m Exit code: 1
‚ö†Ô∏è No Valgrind alerts, but with leaks[0m  
==67788== Memcheck, a memory error detector
==67788== Copyright (C) 2002-2022, and GNU GPL'd, by Julian Seward et al.
==67788== Using Valgrind-3.22.0 and LibVEX; rerun with -h for copyright info
==67788== Command: ./cub3d ./maps/bad/color_none.cub
==67788== Parent PID: 67690
==67788== 
==67788== 
==67788== HEAP SUMMARY:
==67788==     in use at exit: 639 bytes in 37 blocks
==67788==   total heap usage: 116 allocs, 79 frees, 3,196 bytes allocated
==67788== 
==67788== LEAK SUMMARY:
==67788==    definitely lost: 358 bytes in 6 blocks
==67788==    indirectly lost: 281 bytes in 31 blocks
==67788==      possibly lost: 0 bytes in 0 blocks
==67788==    still reachable: 0 bytes in 0 blocks
==67788==         suppressed: 0 bytes in 0 blocks
==67788== Rerun with --leak-check=full to see details of leaked memory
==67788== 
==67788== For lists of detected and suppressed errors, rerun with: -s
==67788== ERROR SUMMARY: 0 errors from 0 contexts (suppressed: 0 from 0)
Running valgrind on ./maps/bad/empty.cub...
[0;31m Error:[Read file] file is empty
[0m Exit code: 1
[0;32m‚úÖ No Valgrind alerts, no leaks[0m  
==67913== Memcheck, a memory error detector
==67913== Copyright (C) 2002-2022, and GNU GPL'd, by Julian Seward et al.
==67913== Using Valgrind-3.22.0 and LibVEX; rerun with -h for copyright info
==67913== Command: ./cub3d ./maps/bad/empty.cub
==67913== Parent PID: 67690
==67913== 
==67913== 
==67913== HEAP SUMMARY:
==67913==     in use at exit: 0 bytes in 0 blocks
==67913==   total heap usage: 5 allocs, 5 frees, 170 bytes allocated
==67913== 
==67913== All heap blocks were freed -- no leaks are possible
==67913== 
==67913== For lists of detected and suppressed errors, rerun with: -s
==67913== ERROR SUMMARY: 0 errors from 0 contexts (suppressed: 0 from 0)
Running valgrind on ./maps/bad/file_letter_end.cub...

[0;31m Error:[Map validation] Empty line found
[0m Exit code: 1
‚ö†Ô∏è No Valgrind alerts, but with leaks[0m  
==67916== Memcheck, a memory error detector
==67916== Copyright (C) 2002-2022, and GNU GPL'd, by Julian Seward et al.
==67916== Using Valgrind-3.22.0 and LibVEX; rerun with -h for copyright info
==67916== Command: ./cub3d ./maps/bad/file_letter_end.cub
==67916== Parent PID: 67690
==67916== 
==67916== 
==67916== HEAP SUMMARY:
==67916==     in use at exit: 549 bytes in 36 blocks
==67916==   total heap usage: 155 allocs, 119 frees, 7,353 bytes allocated
==67916== 
==67916== LEAK SUMMARY:
==67916==    definitely lost: 288 bytes in 1 blocks
==67916==    indirectly lost: 261 bytes in 35 blocks
==67916==      possibly lost: 0 bytes in 0 blocks
==67916==    still reachable: 0 bytes in 0 blocks
==67916==         suppressed: 0 bytes in 0 blocks
==67916== Rerun with --leak-check=full to see details of leaked memory
==67916== 
==67916== For lists of detected and suppressed errors, rerun with: -s
==67916== ERROR SUMMARY: 0 errors from 0 contexts (suppressed: 0 from 0)
Running valgrind on ./maps/bad/filetype_missing...
[0;31m Error:[Check args] no map or invalid map extension
[0m Exit code: 1
[0;32m‚úÖ No Valgrind alerts, no leaks[0m  
==67919== Memcheck, a memory error detector
==67919== Copyright (C) 2002-2022, and GNU GPL'd, by Julian Seward et al.
==67919== Using Valgrind-3.22.0 and LibVEX; rerun with -h for copyright info
==67919== Command: ./cub3d ./maps/bad/filetype_missing
==67919== Parent PID: 67690
==67919== 
==67919== 
==67919== HEAP SUMMARY:
==67919==     in use at exit: 0 bytes in 0 blocks
==67919==   total heap usage: 3 allocs, 3 frees, 144 bytes allocated
==67919== 
==67919== All heap blocks were freed -- no leaks are possible
==67919== 
==67919== For lists of detected and suppressed errors, rerun with: -s
==67919== ERROR SUMMARY: 0 errors from 0 contexts (suppressed: 0 from 0)
Running valgrind on ./maps/bad/filetype_wrong.buc...
[0;31m Error:[Check args] no map or invalid map extension
[0m Exit code: 1
[0;32m‚úÖ No Valgrind alerts, no leaks[0m  
==67922== Memcheck, a memory error detector
==67922== Copyright (C) 2002-2022, and GNU GPL'd, by Julian Seward et al.
==67922== Using Valgrind-3.22.0 and LibVEX; rerun with -h for copyright info
==67922== Command: ./cub3d ./maps/bad/filetype_wrong.buc
==67922== Parent PID: 67690
==67922== 
==67922== 
==67922== HEAP SUMMARY:
==67922==     in use at exit: 0 bytes in 0 blocks
==67922==   total heap usage: 3 allocs, 3 frees, 144 bytes allocated
==67922== 
==67922== All heap blocks were freed -- no leaks are possible
==67922== 
==67922== For lists of detected and suppressed errors, rerun with: -s
==67922== ERROR SUMMARY: 0 errors from 0 contexts (suppressed: 0 from 0)
Running valgrind on ./maps/bad/map_first.cub...

[0;31m Error:[Map start] No map or incorrect placement
[0m Exit code: 1
‚ö†Ô∏è No Valgrind alerts, but with leaks[0m  
==67925== Memcheck, a memory error detector
==67925== Copyright (C) 2002-2022, and GNU GPL'd, by Julian Seward et al.
==67925== Using Valgrind-3.22.0 and LibVEX; rerun with -h for copyright info
==67925== Command: ./cub3d ./maps/bad/map_first.cub
==67925== Parent PID: 67690
==67925== 
==67925== 
==67925== HEAP SUMMARY:
==67925==     in use at exit: 408 bytes in 22 blocks
==67925==   total heap usage: 98 allocs, 76 frees, 3,476 bytes allocated
==67925== 
==67925== LEAK SUMMARY:
==67925==    definitely lost: 176 bytes in 1 blocks
==67925==    indirectly lost: 232 bytes in 21 blocks
==67925==      possibly lost: 0 bytes in 0 blocks
==67925==    still reachable: 0 bytes in 0 blocks
==67925==         suppressed: 0 bytes in 0 blocks
==67925== Rerun with --leak-check=full to see details of leaked memory
==67925== 
==67925== For lists of detected and suppressed errors, rerun with: -s
==67925== ERROR SUMMARY: 0 errors from 0 contexts (suppressed: 0 from 0)
Running valgrind on ./maps/bad/map_middle.cub...

[0;31m Error:[Map check in file] Invalid map placement or format
[0m Exit code: 1
‚ö†Ô∏è No Valgrind alerts, but with leaks[0m  
==67928== Memcheck, a memory error detector
==67928== Copyright (C) 2002-2022, and GNU GPL'd, by Julian Seward et al.
==67928== Using Valgrind-3.22.0 and LibVEX; rerun with -h for copyright info
==67928== Command: ./cub3d ./maps/bad/map_middle.cub
==67928== Parent PID: 67690
==67928== 
==67928== 
==67928== HEAP SUMMARY:
==67928==     in use at exit: 428 bytes in 24 blocks
==67928==   total heap usage: 106 allocs, 82 frees, 3,963 bytes allocated
==67928== 
==67928== LEAK SUMMARY:
==67928==    definitely lost: 192 bytes in 1 blocks
==67928==    indirectly lost: 236 bytes in 23 blocks
==67928==      possibly lost: 0 bytes in 0 blocks
==67928==    still reachable: 0 bytes in 0 blocks
==67928==         suppressed: 0 bytes in 0 blocks
==67928== Rerun with --leak-check=full to see details of leaked memory
==67928== 
==67928== For lists of detected and suppressed errors, rerun with: -s
==67928== ERROR SUMMARY: 0 errors from 0 contexts (suppressed: 0 from 0)
Running valgrind on ./maps/bad/map_missing.cub...

[0;31m Error:[Map start] No map or incorrect placement
[0m Exit code: 1
‚ö†Ô∏è No Valgrind alerts, but with leaks[0m  
==68005== Memcheck, a memory error detector
==68005== Copyright (C) 2002-2022, and GNU GPL'd, by Julian Seward et al.
==68005== Using Valgrind-3.22.0 and LibVEX; rerun with -h for copyright info
==68005== Command: ./cub3d ./maps/bad/map_missing.cub
==68005== Parent PID: 67690
==68005== 
==68005== 
==68005== HEAP SUMMARY:
==68005==     in use at exit: 213 bytes in 9 blocks
==68005==   total heap usage: 43 allocs, 34 frees, 1,184 bytes allocated
==68005== 
==68005== LEAK SUMMARY:
==68005==    definitely lost: 72 bytes in 1 blocks
==68005==    indirectly lost: 141 bytes in 8 blocks
==68005==      possibly lost: 0 bytes in 0 blocks
==68005==    still reachable: 0 bytes in 0 blocks
==68005==         suppressed: 0 bytes in 0 blocks
==68005== Rerun with --leak-check=full to see details of leaked memory
==68005== 
==68005== For lists of detected and suppressed errors, rerun with: -s
==68005== ERROR SUMMARY: 0 errors from 0 contexts (suppressed: 0 from 0)
Running valgrind on ./maps/bad/map_only.cub...

[0;31m Error:[Map start] No map or incorrect placement
[0m Exit code: 1
‚ö†Ô∏è No Valgrind alerts, but with leaks[0m  
==68008== Memcheck, a memory error detector
==68008== Copyright (C) 2002-2022, and GNU GPL'd, by Julian Seward et al.
==68008== Using Valgrind-3.22.0 and LibVEX; rerun with -h for copyright info
==68008== Command: ./cub3d ./maps/bad/map_only.cub
==68008== Parent PID: 67690
==68008== 
==68008== 
==68008== HEAP SUMMARY:
==68008==     in use at exit: 203 bytes in 14 blocks
==68008==   total heap usage: 61 allocs, 47 frees, 1,634 bytes allocated
==68008== 
==68008== LEAK SUMMARY:
==68008==    definitely lost: 112 bytes in 1 blocks
==68008==    indirectly lost: 91 bytes in 13 blocks
==68008==      possibly lost: 0 bytes in 0 blocks
==68008==    still reachable: 0 bytes in 0 blocks
==68008==         suppressed: 0 bytes in 0 blocks
==68008== Rerun with --leak-check=full to see details of leaked memory
==68008== 
==68008== For lists of detected and suppressed errors, rerun with: -s
==68008== ERROR SUMMARY: 0 errors from 0 contexts (suppressed: 0 from 0)
Running valgrind on ./maps/bad/map_too_small.cub...

[0;31m Error:[Map check in file] Invalid map size
[0m Exit code: 1
‚ö†Ô∏è No Valgrind alerts, but with leaks[0m  
==68143== Memcheck, a memory error detector
==68143== Copyright (C) 2002-2022, and GNU GPL'd, by Julian Seward et al.
==68143== Using Valgrind-3.22.0 and LibVEX; rerun with -h for copyright info
==68143== Command: ./cub3d ./maps/bad/map_too_small.cub
==68143== Parent PID: 67690
==68143== 
==68143== 
==68143== HEAP SUMMARY:
==68143==     in use at exit: 239 bytes in 11 blocks
==68143==   total heap usage: 51 allocs, 40 frees, 1,444 bytes allocated
==68143== 
==68143== LEAK SUMMARY:
==68143==    definitely lost: 88 bytes in 1 blocks
==68143==    indirectly lost: 151 bytes in 10 blocks
==68143==      possibly lost: 0 bytes in 0 blocks
==68143==    still reachable: 0 bytes in 0 blocks
==68143==         suppressed: 0 bytes in 0 blocks
==68143== Rerun with --leak-check=full to see details of leaked memory
==68143== 
==68143== For lists of detected and suppressed errors, rerun with: -s
==68143== ERROR SUMMARY: 0 errors from 0 contexts (suppressed: 0 from 0)
Running valgrind on ./maps/bad/player_multiple.cub...

[0;31m Error:[Map validation] invalid number of player 
[0m Exit code: 1
‚ö†Ô∏è No Valgrind alerts, but with leaks[0m  
==68146== Memcheck, a memory error detector
==68146== Copyright (C) 2002-2022, and GNU GPL'd, by Julian Seward et al.
==68146== Using Valgrind-3.22.0 and LibVEX; rerun with -h for copyright info
==68146== Command: ./cub3d ./maps/bad/player_multiple.cub
==68146== Parent PID: 67690
==68146== 
==68146== 
==68146== HEAP SUMMARY:
==68146==     in use at exit: 598 bytes in 36 blocks
==68146==   total heap usage: 125 allocs, 89 frees, 3,829 bytes allocated
==68146== 
==68146== LEAK SUMMARY:
==68146==    definitely lost: 288 bytes in 2 blocks
==68146==    indirectly lost: 310 bytes in 34 blocks
==68146==      possibly lost: 0 bytes in 0 blocks
==68146==    still reachable: 0 bytes in 0 blocks
==68146==         suppressed: 0 bytes in 0 blocks
==68146== Rerun with --leak-check=full to see details of leaked memory
==68146== 
==68146== For lists of detected and suppressed errors, rerun with: -s
==68146== ERROR SUMMARY: 0 errors from 0 contexts (suppressed: 0 from 0)
Running valgrind on ./maps/bad/player_none.cub...

[0;31m Error:[Map validation] invalid number of player 
[0m Exit code: 1
‚ö†Ô∏è No Valgrind alerts, but with leaks[0m  
==68149== Memcheck, a memory error detector
==68149== Copyright (C) 2002-2022, and GNU GPL'd, by Julian Seward et al.
==68149== Using Valgrind-3.22.0 and LibVEX; rerun with -h for copyright info
==68149== Command: ./cub3d ./maps/bad/player_none.cub
==68149== Parent PID: 67690
==68149== 
==68149== 
==68149== HEAP SUMMARY:
==68149==     in use at exit: 598 bytes in 36 blocks
==68149==   total heap usage: 125 allocs, 89 frees, 3,829 bytes allocated
==68149== 
==68149== LEAK SUMMARY:
==68149==    definitely lost: 288 bytes in 2 blocks
==68149==    indirectly lost: 310 bytes in 34 blocks
==68149==      possibly lost: 0 bytes in 0 blocks
==68149==    still reachable: 0 bytes in 0 blocks
==68149==         suppressed: 0 bytes in 0 blocks
==68149== Rerun with --leak-check=full to see details of leaked memory
==68149== 
==68149== For lists of detected and suppressed errors, rerun with: -s
==68149== ERROR SUMMARY: 0 errors from 0 contexts (suppressed: 0 from 0)
Running valgrind on ./maps/bad/player_on_edge.cub...

[0;31m Error:[Walls check] incorrect horizontal walls
[0m Exit code: 1
‚ö†Ô∏è No Valgrind alerts, but with leaks[0m  
==68152== Memcheck, a memory error detector
==68152== Copyright (C) 2002-2022, and GNU GPL'd, by Julian Seward et al.
==68152== Using Valgrind-3.22.0 and LibVEX; rerun with -h for copyright info
==68152== Command: ./cub3d ./maps/bad/player_on_edge.cub
==68152== Parent PID: 67690
==68152== 
==68152== 
==68152== HEAP SUMMARY:
==68152==     in use at exit: 598 bytes in 36 blocks
==68152==   total heap usage: 125 allocs, 89 frees, 3,829 bytes allocated
==68152== 
==68152== LEAK SUMMARY:
==68152==    definitely lost: 288 bytes in 2 blocks
==68152==    indirectly lost: 310 bytes in 34 blocks
==68152==      possibly lost: 0 bytes in 0 blocks
==68152==    still reachable: 0 bytes in 0 blocks
==68152==         suppressed: 0 bytes in 0 blocks
==68152== Rerun with --leak-check=full to see details of leaked memory
==68152== 
==68152== For lists of detected and suppressed errors, rerun with: -s
==68152== ERROR SUMMARY: 0 errors from 0 contexts (suppressed: 0 from 0)
Running valgrind on ./maps/bad/textures_dir.cub...

[0;31m Error:[Texture verification] invalid texture format
[0m Exit code: 1
‚ö†Ô∏è No Valgrind alerts, but with leaks[0m  
==68155== Memcheck, a memory error detector
==68155== Copyright (C) 2002-2022, and GNU GPL'd, by Julian Seward et al.
==68155== Using Valgrind-3.22.0 and LibVEX; rerun with -h for copyright info
==68155== Command: ./cub3d ./maps/bad/textures_dir.cub
==68155== Parent PID: 67690
==68155== 
==68155== 
==68155== HEAP SUMMARY:
==68155==     in use at exit: 676 bytes in 40 blocks
==68155==   total heap usage: 129 allocs, 89 frees, 3,889 bytes allocated
==68155== 
==68155== LEAK SUMMARY:
==68155==    definitely lost: 374 bytes in 6 blocks
==68155==    indirectly lost: 302 bytes in 34 blocks
==68155==      possibly lost: 0 bytes in 0 blocks
==68155==    still reachable: 0 bytes in 0 blocks
==68155==         suppressed: 0 bytes in 0 blocks
==68155== Rerun with --leak-check=full to see details of leaked memory
==68155== 
==68155== For lists of detected and suppressed errors, rerun with: -s
==68155== ERROR SUMMARY: 0 errors from 0 contexts (suppressed: 0 from 0)
Running valgrind on ./maps/bad/textures_duplicates.cub...

[0;31m Error:[Texture save] Duplicate found
[0m Exit code: 1
‚ö†Ô∏è No Valgrind alerts, but with leaks[0m  
==68158== Memcheck, a memory error detector
==68158== Copyright (C) 2002-2022, and GNU GPL'd, by Julian Seward et al.
==68158== Using Valgrind-3.22.0 and LibVEX; rerun with -h for copyright info
==68158== Command: ./cub3d ./maps/bad/textures_duplicates.cub
==68158== Parent PID: 67690
==68158== 
==68158== 
==68158== HEAP SUMMARY:
==68158==     in use at exit: 750 bytes in 42 blocks
==68158==   total heap usage: 135 allocs, 93 frees, 4,203 bytes allocated
==68158== 
==68158== LEAK SUMMARY:
==68158==    definitely lost: 413 bytes in 7 blocks
==68158==    indirectly lost: 337 bytes in 35 blocks
==68158==      possibly lost: 0 bytes in 0 blocks
==68158==    still reachable: 0 bytes in 0 blocks
==68158==         suppressed: 0 bytes in 0 blocks
==68158== Rerun with --leak-check=full to see details of leaked memory
==68158== 
==68158== For lists of detected and suppressed errors, rerun with: -s
==68158== ERROR SUMMARY: 0 errors from 0 contexts (suppressed: 0 from 0)
Running valgrind on ./maps/bad/textures_invalid.cub...

[0;31m Error:[Texture verification] invalid texture format
[0m Exit code: 1
‚ö†Ô∏è No Valgrind alerts, but with leaks[0m  
==68161== Memcheck, a memory error detector
==68161== Copyright (C) 2002-2022, and GNU GPL'd, by Julian Seward et al.
==68161== Using Valgrind-3.22.0 and LibVEX; rerun with -h for copyright info
==68161== Command: ./cub3d ./maps/bad/textures_invalid.cub
==68161== Parent PID: 67690
==68161== 
==68161== 
==68161== HEAP SUMMARY:
==68161==     in use at exit: 678 bytes in 40 blocks
==68161==   total heap usage: 129 allocs, 89 frees, 3,886 bytes allocated
==68161== 
==68161== LEAK SUMMARY:
==68161==    definitely lost: 375 bytes in 6 blocks
==68161==    indirectly lost: 303 bytes in 34 blocks
==68161==      possibly lost: 0 bytes in 0 blocks
==68161==    still reachable: 0 bytes in 0 blocks
==68161==         suppressed: 0 bytes in 0 blocks
==68161== Rerun with --leak-check=full to see details of leaked memory
==68161== 
==68161== For lists of detected and suppressed errors, rerun with: -s
==68161== ERROR SUMMARY: 0 errors from 0 contexts (suppressed: 0 from 0)
Running valgrind on ./maps/bad/textures_missing.cub...

[0;31m Error:[Texture] textures are not complete
[0m Exit code: 1
‚ö†Ô∏è No Valgrind alerts, but with leaks[0m  
==68238== Memcheck, a memory error detector
==68238== Copyright (C) 2002-2022, and GNU GPL'd, by Julian Seward et al.
==68238== Using Valgrind-3.22.0 and LibVEX; rerun with -h for copyright info
==68238== Command: ./cub3d ./maps/bad/textures_missing.cub
==68238== Parent PID: 67690
==68238== 
==68238== 
==68238== HEAP SUMMARY:
==68238==     in use at exit: 632 bytes in 38 blocks
==68238==   total heap usage: 123 allocs, 85 frees, 3,582 bytes allocated
==68238== 
==68238== LEAK SUMMARY:
==68238==    definitely lost: 350 bytes in 5 blocks
==68238==    indirectly lost: 282 bytes in 33 blocks
==68238==      possibly lost: 0 bytes in 0 blocks
==68238==    still reachable: 0 bytes in 0 blocks
==68238==         suppressed: 0 bytes in 0 blocks
==68238== Rerun with --leak-check=full to see details of leaked memory
==68238== 
==68238== For lists of detected and suppressed errors, rerun with: -s
==68238== ERROR SUMMARY: 0 errors from 0 contexts (suppressed: 0 from 0)
Running valgrind on ./maps/bad/textures_none.cub...

[0;31m Error:[Texture] textures are not complete
[0m Exit code: 1
‚ö†Ô∏è No Valgrind alerts, but with leaks[0m  
==68251== Memcheck, a memory error detector
==68251== Copyright (C) 2002-2022, and GNU GPL'd, by Julian Seward et al.
==68251== Using Valgrind-3.22.0 and LibVEX; rerun with -h for copyright info
==68251== Command: ./cub3d ./maps/bad/textures_none.cub
==68251== Parent PID: 67690
==68251== 
==68251== 
==68251== HEAP SUMMARY:
==68251==     in use at exit: 446 bytes in 31 blocks
==68251==   total heap usage: 101 allocs, 70 frees, 2,538 bytes allocated
==68251== 
==68251== LEAK SUMMARY:
==68251==    definitely lost: 248 bytes in 2 blocks
==68251==    indirectly lost: 198 bytes in 29 blocks
==68251==      possibly lost: 0 bytes in 0 blocks
==68251==    still reachable: 0 bytes in 0 blocks
==68251==         suppressed: 0 bytes in 0 blocks
==68251== Rerun with --leak-check=full to see details of leaked memory
==68251== 
==68251== For lists of detected and suppressed errors, rerun with: -s
==68251== ERROR SUMMARY: 0 errors from 0 contexts (suppressed: 0 from 0)
Running valgrind on ./maps/bad/textures_not_xpm.cub...

[0;31m Error:[Texture verification] invalid texture format
[0m Exit code: 1
‚ö†Ô∏è No Valgrind alerts, but with leaks[0m  
==68376== Memcheck, a memory error detector
==68376== Copyright (C) 2002-2022, and GNU GPL'd, by Julian Seward et al.
==68376== Using Valgrind-3.22.0 and LibVEX; rerun with -h for copyright info
==68376== Command: ./cub3d ./maps/bad/textures_not_xpm.cub
==68376== Parent PID: 67690
==68376== 
==68376== 
==68376== HEAP SUMMARY:
==68376==     in use at exit: 684 bytes in 40 blocks
==68376==   total heap usage: 129 allocs, 89 frees, 3,879 bytes allocated
==68376== 
==68376== LEAK SUMMARY:
==68376==    definitely lost: 378 bytes in 6 blocks
==68376==    indirectly lost: 306 bytes in 34 blocks
==68376==      possibly lost: 0 bytes in 0 blocks
==68376==    still reachable: 0 bytes in 0 blocks
==68376==         suppressed: 0 bytes in 0 blocks
==68376== Rerun with --leak-check=full to see details of leaked memory
==68376== 
==68376== For lists of detected and suppressed errors, rerun with: -s
==68376== ERROR SUMMARY: 0 errors from 0 contexts (suppressed: 0 from 0)
Running valgrind on ./maps/bad/wall_hole_east.cub...

[0;31m Error:[Walls check] incorrect vertical walls 
[0m Exit code: 1
‚ö†Ô∏è No Valgrind alerts, but with leaks[0m  
==68379== Memcheck, a memory error detector
==68379== Copyright (C) 2002-2022, and GNU GPL'd, by Julian Seward et al.
==68379== Using Valgrind-3.22.0 and LibVEX; rerun with -h for copyright info
==68379== Command: ./cub3d ./maps/bad/wall_hole_east.cub
==68379== Parent PID: 67690
==68379== 
==68379== 
==68379== HEAP SUMMARY:
==68379==     in use at exit: 598 bytes in 36 blocks
==68379==   total heap usage: 125 allocs, 89 frees, 3,829 bytes allocated
==68379== 
==68379== LEAK SUMMARY:
==68379==    definitely lost: 288 bytes in 2 blocks
==68379==    indirectly lost: 310 bytes in 34 blocks
==68379==      possibly lost: 0 bytes in 0 blocks
==68379==    still reachable: 0 bytes in 0 blocks
==68379==         suppressed: 0 bytes in 0 blocks
==68379== Rerun with --leak-check=full to see details of leaked memory
==68379== 
==68379== For lists of detected and suppressed errors, rerun with: -s
==68379== ERROR SUMMARY: 0 errors from 0 contexts (suppressed: 0 from 0)
Running valgrind on ./maps/bad/wall_hole_north.cub...

[0;31m Error:[Walls check] incorrect horizontal walls
[0m Exit code: 1
‚ö†Ô∏è No Valgrind alerts, but with leaks[0m  
==68382== Memcheck, a memory error detector
==68382== Copyright (C) 2002-2022, and GNU GPL'd, by Julian Seward et al.
==68382== Using Valgrind-3.22.0 and LibVEX; rerun with -h for copyright info
==68382== Command: ./cub3d ./maps/bad/wall_hole_north.cub
==68382== Parent PID: 67690
==68382== 
==68382== 
==68382== HEAP SUMMARY:
==68382==     in use at exit: 598 bytes in 36 blocks
==68382==   total heap usage: 125 allocs, 89 frees, 3,829 bytes allocated
==68382== 
==68382== LEAK SUMMARY:
==68382==    definitely lost: 288 bytes in 2 blocks
==68382==    indirectly lost: 310 bytes in 34 blocks
==68382==      possibly lost: 0 bytes in 0 blocks
==68382==    still reachable: 0 bytes in 0 blocks
==68382==         suppressed: 0 bytes in 0 blocks
==68382== Rerun with --leak-check=full to see details of leaked memory
==68382== 
==68382== For lists of detected and suppressed errors, rerun with: -s
==68382== ERROR SUMMARY: 0 errors from 0 contexts (suppressed: 0 from 0)
Running valgrind on ./maps/bad/wall_hole_south.cub...

[0;31m Error:[Walls check] incorrect horizontal walls
[0m Exit code: 1
‚ö†Ô∏è No Valgrind alerts, but with leaks[0m  
==68385== Memcheck, a memory error detector
==68385== Copyright (C) 2002-2022, and GNU GPL'd, by Julian Seward et al.
==68385== Using Valgrind-3.22.0 and LibVEX; rerun with -h for copyright info
==68385== Command: ./cub3d ./maps/bad/wall_hole_south.cub
==68385== Parent PID: 67690
==68385== 
==68385== 
==68385== HEAP SUMMARY:
==68385==     in use at exit: 598 bytes in 36 blocks
==68385==   total heap usage: 125 allocs, 89 frees, 3,829 bytes allocated
==68385== 
==68385== LEAK SUMMARY:
==68385==    definitely lost: 288 bytes in 2 blocks
==68385==    indirectly lost: 310 bytes in 34 blocks
==68385==      possibly lost: 0 bytes in 0 blocks
==68385==    still reachable: 0 bytes in 0 blocks
==68385==         suppressed: 0 bytes in 0 blocks
==68385== Rerun with --leak-check=full to see details of leaked memory
==68385== 
==68385== For lists of detected and suppressed errors, rerun with: -s
==68385== ERROR SUMMARY: 0 errors from 0 contexts (suppressed: 0 from 0)
Running valgrind on ./maps/bad/wall_hole_west.cub...

[0;31m Error:[Map check in file] Invalid map placement or format
[0m Exit code: 1
‚ö†Ô∏è No Valgrind alerts, but with leaks[0m  
==68388== Memcheck, a memory error detector
==68388== Copyright (C) 2002-2022, and GNU GPL'd, by Julian Seward et al.
==68388== Using Valgrind-3.22.0 and LibVEX; rerun with -h for copyright info
==68388== Command: ./cub3d ./maps/bad/wall_hole_west.cub
==68388== Parent PID: 67690
==68388== 
==68388== 
==68388== HEAP SUMMARY:
==68388==     in use at exit: 408 bytes in 22 blocks
==68388==   total heap usage: 98 allocs, 76 frees, 3,561 bytes allocated
==68388== 
==68388== LEAK SUMMARY:
==68388==    definitely lost: 176 bytes in 1 blocks
==68388==    indirectly lost: 232 bytes in 21 blocks
==68388==      possibly lost: 0 bytes in 0 blocks
==68388==    still reachable: 0 bytes in 0 blocks
==68388==         suppressed: 0 bytes in 0 blocks
==68388== Rerun with --leak-check=full to see details of leaked memory
==68388== 
==68388== For lists of detected and suppressed errors, rerun with: -s
==68388== ERROR SUMMARY: 0 errors from 0 contexts (suppressed: 0 from 0)
Running valgrind on ./maps/bad/wall_none.cub...

[0;31m Error:[Map start] No map or incorrect placement
[0m Exit code: 1
‚ö†Ô∏è No Valgrind alerts, but with leaks[0m  
==68391== Memcheck, a memory error detector
==68391== Copyright (C) 2002-2022, and GNU GPL'd, by Julian Seward et al.
==68391== Using Valgrind-3.22.0 and LibVEX; rerun with -h for copyright info
==68391== Command: ./cub3d ./maps/bad/wall_none.cub
==68391== Parent PID: 67690
==68391== 
==68391== 
==68391== HEAP SUMMARY:
==68391==     in use at exit: 408 bytes in 22 blocks
==68391==   total heap usage: 98 allocs, 76 frees, 3,561 bytes allocated
==68391== 
==68391== LEAK SUMMARY:
==68391==    definitely lost: 176 bytes in 1 blocks
==68391==    indirectly lost: 232 bytes in 21 blocks
==68391==      possibly lost: 0 bytes in 0 blocks
==68391==    still reachable: 0 bytes in 0 blocks
==68391==         suppressed: 0 bytes in 0 blocks
==68391== Rerun with --leak-check=full to see details of leaked memory
==68391== 
==68391== For lists of detected and suppressed errors, rerun with: -s
==68391== ERROR SUMMARY: 0 errors from 0 contexts (suppressed: 0 from 0)
Valgrind tests completed. Results saved to test_output.txt.
Starting Valgrind tests...
Running valgrind on ./maps/good/cheese_maze.cub...

[0;34mN[0;34mO[0;34m [0;34mt[0;34me[0;34mx[0;34mt[0;34mu[0;34mr[0;34me[0;34ms[0;34m/[0;34mt[0;34me[0;34ms[0;34mt[0;34m/[0;34mn[0;34mo[0;34mr[0;34mt[0;34mh[0;34m.[0;34mx[0;34mp[0;34mm
[0m[0;34mS[0;34mO[0;34m [0;34mt[0;34me[0;34mx[0;34mt[0;34mu[0;34mr[0;34me[0;34ms[0;34m/[0;34mt[0;34me[0;34ms[0;34mt[0;34m/[0;34ms[0;34mo[0;34mu[0;34mt[0;34mh[0;34m.[0;34mx[0;34mp[0;34mm
[0m[0;34mW[0;34mE[0;34m [0;34mt[0;34me[0;34mx[0;34mt[0;34mu[0;34mr[0;34me[0;34ms[0;34m/[0;34mt[0;34me[0;34ms[0;34mt[0;34m/[0;34mw[0;34me[0;34ms[0;34mt[0;34m.[0;34mx[0;34mp[0;34mm
[0m[0;34mE[0;34mA[0;34m [0;34mt[0;34me[0;34mx[0;34mt[0;34mu[0;34mr[0;34me[0;34ms[0;34m/[0;34mt[0;34me[0;34ms[0;34mt[0;34m/[0;34me[0;34ma[0;34ms[0;34mt[0;34m.[0;34mx[0;34mp[0;34mm
[0m
[0m[0;34mF[0;34m [0;34m1[0;34m6[0;34m4[0;34m,[0;34m1[0;34m6[0;34m9[0;34m,[0;34m2[0;34m0
[0m[0;34mC[0;34m [0;34m1[0;34m5[0;34m3[0;34m,[0;34m2[0;34m0[0;34m4[0;34m,[0;34m2[0;34m5[0;34m5
[0m
[0m[0;34m1[0;34m1[0;34m1[0;34m1[0;34m1[0;34m1[0;34m1[0;34m1[0;34m1[0;34m1[0;34m1[0;34m1[0;34m1[0;34m1[0;34m1[0;34m1[0;34m1[0;34m1[0;34m1[0;34m1[0;34m1
[0m[0;34m1[0;34m0[0;34m1[0;34m0[0;34m0[0;34m0[0;34m0[0;34m0[0;34m1[0;34m0[0;34m0[0;34m0[0;34m0[0;34m0[0;34m0[0;34m0[0;34m0[0;34m0[0;34m0[0;34m0[0;34m1
[0m[0;34m1[0;34m0[0;34m1[0;34m0[0;34m1[0;34m0[0;34m1[0;34m0[0;34m1[0;34m0[0;34m1[0;34m1[0;34m1[0;34m1[0;34m1[0;34m1[0;34m1[0;34m0[0;34m0[0;34m0[0;34m1
[0m[0;34m1[0;34m0[0;34m0[0;34m0[0;34m1[0;34m0[0;34m1[0;34m0[0;34m0[0;34m0[0;34m1[0;34m0[0;34m0[0;34m0[0;34m0[0;34m0[0;34m1[0;34m0[0;34m0[0;34m0[0;34m1
[0m[0;34m1[0;34m1[0;34m1[0;34m1[0;34m1[0;34m0[0;34m1[0;34m0[0;34m1[0;34m1[0;34m1[0;34m1[0;34m1[0;34m0[0;34m1[0;34m0[0;34m1[0;34m1[0;34m1[0;34m0[0;34m1
[0m[0;34m1[0;34m0[0;34m0[0;34m0[0;34m0[0;34m0[0;34m1[0;34m0[0;34m1[0;34m0[0;34m0[0;34m0[0;34m1[0;34m0[0;34m1[0;34m0[0;34m0[0;34m0[0;34m0[0;34m0[0;34m1
[0m[0;34m1[0;34m0[0;34m1[0;34m1[0;34m1[0;34m1[0;34m1[0;34m0[0;34m1[0;34m0[0;34m1[0;34m1[0;34m1[0;34m0[0;34m1[0;34m1[0;34m1[0;34m1[0;34m1[0;34m1[0;34m1
[0m[0;34m1[0;34m0[0;34m1[0;34m0[0;34m0[0;34m0[0;34m0[0;34m0[0;34m1[0;34m0[0;34m1[0;34m0[0;34m1[0;34m0[0;34m0[0;34m0[0;34m0[0;34m0[0;34m1[0;34m0[0;34m1
[0m[0;34m1[0;34m0[0;34m1[0;34m0[0;34m1[0;34m1[0;34m1[0;34m1[0;34m1[0;34m0[0;34m1[0;34m0[0;34m1[0;34m1[0;34m1[0;34m1[0;34m1[0;34m0[0;34m1[0;34m0[0;34m1
[0m[0;34m1[0;34m0[0;34m1[0;34m0[0;34m1[0;34m0[0;34m0[0;34m0[0;34m1[0;34m0[0;34m1[0;34m0[0;34m1[0;34m0[0;34m0[0;34m0[0;34m1[0;34m0[0;34m1[0;34m0[0;34m1
[0m[0;34m1[0;34m0[0;34m1[0;34m1[0;34m1[0;34m0[0;34m1[0;34m0[0;34m1[0;34m0[0;34m1[0;34m0[0;34m1[0;34m0[0;34m1[0;34m0[0;34m1[0;34m0[0;34m1[0;34m0[0;34m1
[0m[0;34m1[0;34m0[0;34m0[0;34m0[0;34m0[0;34m0[0;34m1[0;34m0[0;34m1[0;34m0[0;34m1[0;34m0[0;34m0[0;34m0[0;34m1[0;34m0[0;34m1[0;34m0[0;34m0[0;34m0[0;34m1
[0m[0;34m1[0;34m1[0;34m1[0;34m1[0;34m1[0;34m1[0;34m1[0;34m0[0;34m1[0;34m0[0;34m1[0;34m1[0;34m1[0;34m1[0;34m1[0;34m0[0;34m1[0;34m1[0;34m1[0;34m0[0;34m1
[0m[0;34m1[0;34m0[0;34m0[0;34m0[0;34m0[0;34m0[0;34m1[0;34m0[0;34m1[0;34m0[0;34m0[0;34m0[0;34m1[0;34m0[0;34m0[0;34m0[0;34m1[0;34m0[0;34m0[0;34m0[0;34m1
[0m[0;34m1[0;34m0[0;34m1[0;34m1[0;34m1[0;34m0[0;34m1[0;34m0[0;34m1[0;34m1[0;34m1[0;34m0[0;34m1[0;34m0[0;34m1[0;34m1[0;34m1[0;34m0[0;34m1[0;34m1[0;34m1
[0m[0;34m1[0;34m0[0;34m1[0;34m0[0;34m0[0;34m0[0;34m1[0;34m0[0;34m0[0;34m0[0;34m0[0;34m0[0;34m1[0;34m0[0;34m0[0;34m0[0;34m1[0;34m0[0;34m1[0;34m0[0;34m1
[0m[0;34m1[0;34m0[0;34m1[0;34m0[0;34m1[0;34m1[0;34m1[0;34m1[0;34m1[0;34m1[0;34m1[0;34m1[0;34m1[0;34m1[0;34m1[0;34m0[0;34m1[0;34m0[0;34m1[0;34m0[0;34m1
[0m[0;34m1[0;34m0[0;34m0[0;34m0[0;34m1[0;34m0[0;34m0[0;34m0[0;34m0[0;34m0[0;34m0[0;34m0[0[0;32m[Debug info] map end:[0m28
[0;32m[Debug info] map height:[0m21
[0;32m[Debug info]üõ†Ô∏è  Map info üîç
[0m[0;32m[Debug info] - Map width:[0m21
[0;32m[Debug info] - Map height:[0m21
[0;32m[Debug info]üõ†Ô∏è  Starting player position info üîç
[0m[0;32m[Debug info] - Player X:[0m1
[0;32m[Debug info] - Player Y:[0m19
[0;32m[Debug info] - Player Direction:[0mN
[0;32m[Debug info]üõ†Ô∏è  Colors info c:  üîç
[0m[0;32m[Debug info]üõ†Ô∏è  Colors info f:  üîç
[0m[0;32m[Debug info]üõ†Ô∏è  Textures info:  üîç
[0m[0;32m[Debug info] Texture north:[0mtextures/test/north.xpm
[0;32m[Debug info] Texture south:[0mtextures/test/south.xpm
[0;32m[Debug info] Texture west:[0mtextures/test/west.xpm
[0;32m[Debug info] Texture east:[0mtextures/test/east.xpm
;34m0[0;34m0[0;34m0[0;34m0[0;34m1[0;34m0[0;34m0[0;34m0[0;34m1
[0m[0;34m1[0;34m0[0;34m1[0;34m0[0;34m1[0;34m0[0;34m1[0;34m1[0;34m1[0;34m0[0;34m1[0;34m1[0;34m1[0;34m1[0;34m1[0;34m1[0;34m1[0;34m1[0;34m1[0;34m0[0;34m1
[0m[0;34m1[0;34mN[0;34m1[0;34m0[0;34m0[0;34m0[0;34m0[0;34m0[0;34m1[0;34m0[0;34m0[0;34m0[0;34m0[0;34m0[0;34m0[0;34m0[0;34m0[0;34m0[0;34m0[0;34m0[0;34m1
[0m[0;34m1[0;34m1[0;34m1[0;34m1[0;34m1[0;34m1[0;34m1[0;34m1[0;34m1[0;34m1[0;34m1[0;34m1[0;34m1[0;34m1[0;34m1[0;34m1[0;34m1[0;34m1[0;34m1[0;34m1[0;34m1
[0m
[0m[0;34m1[0;34m5[0;34m3
[0m[0;34m2[0;34m0[0;34m4
[0m[0;34m2[0;34m5[0;34m5
[0m[0;34m1[0;34m6[0;34m4
[0m[0;34m1[0;34m6[0;34m9
[0m[0;34m2[0;34m0
[0m[0;34m1[0;34m1[0;34m1[0;34m1[0;34m1[0;34m1[0;34m1[0;34m1[0;34m1[0;34m1[0;34m1[0;34m1[0;34m1[0;34m1[0;34m1[0;34m1[0;34m1[0;34m1[0;34m1[0;34m1[0;34m1
[0m[0;34m1[0;34m0[0;34m1[0;34m0[0;34m0[0;34m0[0;34m0[0;34m0[0;34m1[0;34m0[0;34m0[0;34m0[0;34m0[0;34m0[0;34m0[0;34m0[0;34m0[0;34m0[0;34m0[0;34m0[0;34m1
[0m[0;34m1[0;34m0[0;34m1[0;34m0[0;34m1[0;34m0[0;34m1[0;34m0[0;34m1[0;34m0[0;34m1[0;34m1[0;34m1[0;34m1[0;34m1[0;34m1[0;34m1[0;34m0[0;34m0[0;34m0[0;34m1
[0m[0;34m1[0;34m0[0;34m0[0;34m0[0;34m1[0;34m0[0;34m1[0;34m0[0;34m0[0;34m0[0;34m1[0;34m0[0;34m0[0;34m0[0;34m0[0;34m0[0;34m1[0;34m0[0;34m0[0;34m0[0;34m1
[0m[0;34m1[0;34m1[0;34m1[0;34m1[0;34m1[0;34m0[0;34m1[0;34m0[0;34m1[0;34m1[0;34m1[0;34m1[0;34m1[0;34m0[0;34m1[0;34m0[0;34m1[0;34m1[0;34m1[0;34m0[0;34m1
[0m[0;34m1[0;34m0[0;34m0[0;34m0[0;34m0[0;34m0[0;34m1[0;34m0[0;34m1[0;34m0[0;34m0[0;34m0[0;34m1[0;34m0[0;34m1[0;34m0[0;34m0[0;34m0[0;34m0[0;34m0[0;34m1
[0m[0;34m1[0;34m0[0;34m1[0;34m1[0;34m1[0;34m1[0;34m1[0;34m0[0;34m1[0;34m0[0;34m1[0;34m1[0;34m1[0;34m0[0;34m1[0;34m1[0;34m1[0;34m1[0;34m1[0;34m1[0;34m1
[0m[0;34m1[0;34m0[0;34m1[0;34m0[0;34m0[0;34m0[0;34m0[0;34m0[0;34m1[0;34m0[0;34m1[0;34m0[0;34m1[0;34m0[0;34m0[0;34m0[0;34m0[0;34m0[0;34m1[0;34m0[0;34m1
[0m[0;34m1[0;34m0[0;34m1[0;34m0[0;34m1[0;34m1[0;34m1[0;34m1[0;34m1[0;34m0[0;34m1[0;34m0[0;34m1[0;34m1[0;34m1[0;34m1[0;34m1[0;34m0[0;34m1[0;34m0[0;34m1
[0m[0;34m1[0;34m0[0;34m1[0;34m0[0;34m1[0;34m0[0;34m0[0;34m0[0;34m1[0;34m0[0;34m1[0;34m0[0;34m1[0;34m0[0;34m0[0;34m0[0;34m1[0;34m0[0;34m1[0;34m0[0;34m1
[0m[0;34m1[0;34m0[0;34m1[0;34m1[0;34m1[0;34m0[0;34m1[0;34m0[0;34m1[0;34m0[0;34m1[0;34m0[0;34m1[0;34m0[0;34m1[0;34m0[0;34m1[0;34m0[0;34m1[0;34m0[0;34m1
[0m[0;34m1[0;34m0[0;34m0[0;34m0[0;34m0[0;34m0[0;34m1[0;34m0[0;34m1[0;34m0[0;34m1[0;34m0[0;34m0[0;34m0[0;34m1[0;34m0[0;34m1[0;34m0[0;34m0[0;34m0[0;34m1
[0m[0;34m1[0;34m1[0;34m1[0;34m1[0;34m1[0;34m1[0;34m1[0;34m0[0;34m1[0;34m0[0;34m1[0;34m1[0;34m1[0;34m1[0;34m1[0;34m0[0;34m1[0;34m1[0;34m1[0;34m0[0;34m1
[0m[0;34m1[0;34m0[0;34m0[0;34m0[0;34m0[0;34m0[0;34m1[0;34m0[0;34m1[0;34m0[0;34m0[0;34m0[0;34m1[0;34m0[0;34m0[0;34m0[0;34m1[0;34m0[0;34m0[0;34m0[0;34m1
[0m[0;34m1[0;34m0[0;34m1[0;34m1[0;34m1[0;34m0[0;34m1[0;34m0[0;34m1[0;34m1[0;34m1[0;34m0[0;34m1[0;34m0[0;34m1[0;34m1[0;34m1[0;34m0[0;34m1[0;34m1[0;34m1
[0m[0;34m1[0;34m0[0;34m1[0;34m0[0;34m0[0;34m0[0;34m1[0;34m0[0;34m0[0;34m0[0;34m0[0;34m0[0;34m1[0;34m0[0;34m0[0;34m0[0;34m1[0;34m0[0;34m1[0;34m0[0;34m1
[0m[0;34m1[0;34m0[0;34m1[0;34m0[0;34m1[0;34m1[0;34m1[0;34m1[0;34m1[0;34m1[0;34m1[0;34m1[0;34m1[0;34m1[0;34m1[0;34m0[0;34m1[0;34m0[0;34m1[0;34m0[0;34m1
[0m[0;34m1[0;34m0[0;34m0[0;34m0[0;34m1[0;34m0[0;34m0[0;34m0[0;34m0[0;34m0[0;34m0[0;34m0[0;34m0[0;34m0[0;34m0[0;34m0[0;34m1[0;34m0[0;34m0[0;34m0[0;34m1
[0m[0;34m1[0;34m0[0;34m1[0;34m0[0;34m1[0;34m0[0;34m1[0;34m1[0;34m1[0;34m0[0;34m1[0;34m1[0;34m1[0;34m1[0;34m1[0;34m1[0;34m1[0;34m1[0;34m1[0;34m0[0;34m1
[0m[0;34m1[0;34mN[0;34m1[0;34m0[0;34m0[0;34m0[0;34m0[0;34m0[0;34m1[0;34m0[0;34m0[0;34m0[0;34m0[0;34m0[0;34m0[0;34m0[0;34m0[0;34m0[0;34m0[0;34m0[0;34m1
[0m[0;34m1[0;34m1[0;34m1[0;34m1[0;34m1[0;34m1[0;34m1[0;34m1[0;34m1[0;34m1[0;34m1[0;34m1[0;34m1[0;34m1[0;34m1[0;34m1[0;34m1[0;34m1[0;34m1[0;34m1[0;34m1
[0mExit code: 0
‚ö†Ô∏è No Valgrind alerts, but with leaks[0m  
==69291== Memcheck, a memory error detector
==69291== Copyright (C) 2002-2022, and GNU GPL'd, by Julian Seward et al.
==69291== Using Valgrind-3.22.0 and LibVEX; rerun with -h for copyright info
==69291== Command: ./cub3d ./maps/good/cheese_maze.cub
==69291== Parent PID: 69289
==69291== 
==69291== 
==69291== HEAP SUMMARY:
==69291==     in use at exit: 1,718 bytes in 67 blocks
==69291==   total heap usage: 210 allocs, 143 frees, 12,286 bytes allocated
==69291== 
==69291== LEAK SUMMARY:
==69291==    definitely lost: 605 bytes in 10 blocks
==69291==    indirectly lost: 1,113 bytes in 57 blocks
==69291==      possibly lost: 0 bytes in 0 blocks
==69291==    still reachable: 0 bytes in 0 blocks
==69291==         suppressed: 0 bytes in 0 blocks
==69291== Rerun with --leak-check=full to see details of leaked memory
==69291== 
==69291== For lists of detected and suppressed errors, rerun with: -s
==69291== ERROR SUMMARY: 0 errors from 0 contexts (suppressed: 0 from 0)
Running valgrind on ./maps/good/creepy.cub...

[0;32m[Debug info] map end:[0m20
[0;32m[Debug info] map height:[0m13
[0;32m[Debug info]üõ†Ô∏è  Map info üîç
[0m[0;32m[Debug info] - Map width:[0m15
[0;32m[Debug info] - Map height:[0m13
[0;32m[Debug info]üõ†Ô∏è  Starting player position info üîç
[0m[0;32m[Debug info] - Player X:[0m7
[0;32m[Debug info] - Player Y:[0m3
[0;32m[Debug info] - Player Direction:[0mN
[0;32m[Debug info]üõ†Ô∏è  Colors info c:  üîç
[0m[0;32m[Debug info]üõ†Ô∏è  Colors info f:  üîç
[0m[0;32m[Debug info]üõ†Ô∏è  Textures info:  üîç
[0m[0;32m[Debug info] Texture north:[0mtextures/test/north.xpm
[0;32m[Debug info] Texture south:[0mtextures/test/south.xpm
[0;32m[Debug info] Texture west:[0mtextures/test/west.xpm
[0;32m[Debug info] Texture east:[0mtextures/test/east.xpm
[0;34mN[0;34mO[0;34m [0;34mt[0;34me[0;34mx[0;34mt[0;34mu[0;34mr[0;34me[0;34ms[0;34m/[0;34mt[0;34me[0;34ms[0;34mt[0;34m/[0;34mn[0;34mo[0;34mr[0;34mt[0;34mh[0;34m.[0;34mx[0;34mp[0;34mm
[0m[0;34mS[0;34mO[0;34m [0;34mt[0;34me[0;34mx[0;34mt[0;34mu[0;34mr[0;34me[0;34ms[0;34m/[0;34mt[0;34me[0;34ms[0;34mt[0;34m/[0;34ms[0;34mo[0;34mu[0;34mt[0;34mh[0;34m.[0;34mx[0;34mp[0;34mm
[0m[0;34mW[0;34mE[0;34m [0;34mt[0;34me[0;34mx[0;34mt[0;34mu[0;34mr[0;34me[0;34ms[0;34m/[0;34mt[0;34me[0;34ms[0;34mt[0;34m/[0;34mw[0;34me[0;34ms[0;34mt[0;34m.[0;34mx[0;34mp[0;34mm
[0m[0;34mE[0;34mA[0;34m [0;34mt[0;34me[0;34mx[0;34mt[0;34mu[0;34mr[0;34me[0;34ms[0;34m/[0;34mt[0;34me[0;34ms[0;34mt[0;34m/[0;34me[0;34ma[0;34ms[0;34mt[0;34m.[0;34mx[0;34mp[0;34mm
[0m
[0m[0;34mC[0;34m [0;34m3[0;34m5[0;34m,[0;34m1[0;34m9[0;34m,[0;34m7[0;34m3
[0m[0;34mF[0;34m [0;34m1[0;34m5[0;34m,[0;34m6[0;34m,[0;34m4[0;34m0
[0m
[0m[0;34m1[0;34m1[0;34m1[0;34m1[0;34m1[0;34m1[0;34m1[0;34m1[0;34m1[0;34m1[0;34m1[0;34m1[0;34m1[0;34m1[0;34m1
[0m[0;34m1[0;34m1[0;34m1[0;34m1[0;34m1[0;34m1[0;34m0[0;34m0[0;34m0[0;34m1[0;34m1[0;34m1[0;34m1[0;34m1[0;34m1
[0m[0;34m1[0;34m1[0;34m1[0;34m1[0;34m1[0;34m0[0;34m0[0;34m0[0;34m0[0;34m0[0;34m1[0;34m1[0;34m1[0;34m1[0;34m1
[0m[0;34m1[0;34m1[0;34m1[0;34m1[0;34m0[0;34m0[0;34m0[0;34mN[0;34m0[0;34m0[0;34m0[0;34m1[0;34m1[0;34m1[0;34m1
[0m[0;34m1[0;34m1[0;34m1[0;34m0[0;34m0[0;34m0[0;34m0[0;34m0[0;34m0[0;34m0[0;34m0[0;34m0[0;34m1[0;34m1[0;34m1
[0m[0;34m1[0;34m1[0;34m0[0;34m0[0;34m0[0;34m0[0;34m0[0;34m0[0;34m0[0;34m0[0;34m0[0;34m0[0;34m0[0;34m1[0;34m1
[0m[0;34m1[0;34m0[0;34m0[0;34m0[0;34m0[0;34m1[0;34m1[0;34m1[0;34m1[0;34m1[0;34m0[0;34m0[0;34m0[0;34m0[0;34m1
[0m[0;34m1[0;34m1[0;34m0[0;34m0[0;34m0[0;34m0[0;34m1[0;34m1[0;34m1[0;34m0[0;34m0[0;34m0[0;34m0[0;34m1[0;34m1
[0m[0;34m1[0;34m1[0;34m1[0;34m0[0;34m0[0;34m0[0;34m0[0;34m1[0;34m0[0;34m0[0;34m0[0;34m0[0;34m1[0;34m1[0;34m1
[0m[0;34m1[0;34m1[0;34m1[0;34m1[0;34m0[0;34m0[0;34m0[0;34m0[0;34m0[0;34m0[0;34m0[0;34m1[0;34m1[0;34m1[0;34m1
[0m[0;34m1[0;34m1[0;34m1[0;34m1[0;34m1[0;34m0[0;34m0[0;34m0[0;34m0[0;34m0[0;34m1[0;34m1[0;34m1[0;34m1[0;34m1
[0m[0;34m1[0;34m1[0;34m1[0;34m1[0;34m1[0;34m1[0;34m0[0;34m0[0;34m0[0;34m1[0;34m1[0;34m1[0;34m1[0;34m1[0;34m1
[0m[0;34m1[0;34m1[0;34m1[0;34m1[0;34m1[0;34m1[0;34m1[0;34m1[0;34m1[0;34m1[0;34m1[0;34m1[0;34m1[0;34m1[0;34m1
[0m
[0m[0;34m3[0;34m5
[0m[0;34m1[0;34m9
[0m[0;34m7[0;34m3
[0m[0;34m1[0;34m5
[0m[0;34m6
[0m[0;34m4[0;34m0
[0m[0;34m1[0;34m1[0;34m1[0;34m1[0;34m1[0;34m1[0;34m1[0;34m1[0;34m1[0;34m1[0;34m1[0;34m1[0;34m1[0;34m1[0;34m1
[0m[0;34m1[0;34m1[0;34m1[0;34m1[0;34m1[0;34m1[0;34m0[0;34m0[0;34m0[0;34m1[0;34m1[0;34m1[0;34m1[0;34m1[0;34m1
[0m[0;34m1[0;34m1[0;34m1[0;34m1[0;34m1[0;34m0[0;34m0[0;34m0[0;34m0[0;34m0[0;34m1[0;34m1[0;34m1[0;34m1[0;34m1
[0m[0;34m1[0;34m1[0;34m1[0;34m1[0;34m0[0;34m0[0;34m0[0;34mN[0;34m0[0;34m0[0;34m0[0;34m1[0;34m1[0;34m1[0;34m1
[0m[0;34m1[0;34m1[0;34m1[0;34m0[0;34m0[0;34m0[0;34m0[0;34m0[0;34m0[0;34m0[0;34m0[0;34m0[0;34m1[0;34m1[0;34m1
[0m[0;34m1[0;34m1[0;34m0[0;34m0[0;34m0[0;34m0[0;34m0[0;34m0[0;34m0[0;34m0[0;34m0[0;34m0[0;34m0[0;34m1[0;34m1
[0m[0;34m1[0;34m0[0;34m0[0;34m0[0;34m0[0;34m1[0;34m1[0;34m1[0;34m1[0;34m1[0;34m0[0;34m0[0;34m0[0;34m0[0;34m1
[0m[0;34m1[0;34m1[0;34m0[0;34m0[0;34m0[0;34m0[0;34m1[0;34m1[0;34m1[0;34m0[0;34m0[0;34m0[0;34m0[0;34m1[0;34m1
[0m[0;34m1[0;34m1[0;34m1[0;34m0[0;34m0[0;34m0[0;34m0[0;34m1[0;34m0[0;34m0[0;34m0[0;34m0[0;34m1[0;34m1[0;34m1
[0m[0;34m1[0;34m1[0;34m1[0;34m1[0;34m0[0;34m0[0;34m0[0;34m0[0;34m0[0;34m0[0;34m0[0;34m1[0;34m1[0;34m1[0;34m1
[0m[0;34m1[0;34m1[0;34m1[0;34m1[0;34m1[0;34m0[0;34m0[0;34m0[0;34m0[0;34m0[0;34m1[0;34m1[0;34m1[0;34m1[0;34m1
[0m[0;34m1[0;34m1[0;34m1[0;34m1[0;34m1[0;34m1[0;34m0[0;34m0[0;34m0[0;34m1[0;34m1[0;34m1[0;34m1[0;34m1[0;34m1
[0m[0;34m1[0;34m1[0;34m1[0;34m1[0;34m1[0;34m1[0;34m1[0;34m1[0;34m1[0;34m1[0;34m1[0;34m1[0;34m1[0;34m1[0;34m1
[0mExit code: 0
‚ö†Ô∏è No Valgrind alerts, but with leaks[0m  
==69294== Memcheck, a memory error detector
==69294== Copyright (C) 2002-2022, and GNU GPL'd, by Julian Seward et al.
==69294== Using Valgrind-3.22.0 and LibVEX; rerun with -h for copyright info
==69294== Command: ./cub3d ./maps/good/creepy.cub
==69294== Parent PID: 69289
==69294== 
==69294== 
==69294== HEAP SUMMARY:
==69294==     in use at exit: 1,056 bytes in 51 blocks
==69294==   total heap usage: 152 allocs, 101 frees, 8,990 bytes allocated
==69294== 
==69294== LEAK SUMMARY:
==69294==    definitely lost: 471 bytes in 10 blocks
==69294==    indirectly lost: 585 bytes in 41 blocks
==69294==      possibly lost: 0 bytes in 0 blocks
==69294==    still reachable: 0 bytes in 0 blocks
==69294==         suppressed: 0 bytes in 0 blocks
==69294== Rerun with --leak-check=full to see details of leaked memory
==69294== 
==69294== For lists of detected and suppressed errors, rerun with: -s
==69294== ERROR SUMMARY: 0 errors from 0 contexts (suppressed: 0 from 0)
Running valgrind on ./maps/good/dungeon.cub...

[0;32m[Debug info] map end:[0m17
[0;32m[Debug info] map height:[0m10
[0;32m[Debug info]üõ†Ô∏è  Map info üîç
[0m[0;32m[Debug info] - Map width:[0m19
[0;32m[Debug info] - Map height:[0m10
[0;32m[Debug info]üõ†Ô∏è  Starting player position info üîç
[0m[0;32m[Debug info] - Player X:[0m2
[0;32m[Debug info] - Player Y:[0m1
[0;32m[Debug info] - Player Direction:[0mW
[0;32m[Debug info]üõ†Ô∏è  Colors info c:  üîç
[0m[0;32m[Debug info]üõ†Ô∏è  Colors info f:  üîç
[0m[0;32m[Debug info]üõ†Ô∏è  Textures info:  üîç
[0m[0;32m[Debug info] Texture north:[0mtextures/test/north.xpm
[0;32m[Debug info] Texture south:[0mtextures/test/south.xpm
[0;32m[Debug info] Texture west:[0mtextures/test/west.xpm
[0;32m[Debug info] Texture east:[0mtextures/test/east.xpm
[0;34mF[0;34m [0;34m7[0;34m6[0;34m,[0;34m7[0;34m6[0;34m,[0;34m7[0;34m6
[0m[0;34mC[0;34m [0;34m9[0;34m9[0;34m,[0;34m9[0;34m9[0;34m,[0;34m9[0;34m9
[0m
[0m[0;34mN[0;34mO[0;34m [0;34mt[0;34me[0;34mx[0;34mt[0;34mu[0;34mr[0;34me[0;34ms[0;34m/[0;34mt[0;34me[0;34ms[0;34mt[0;34m/[0;34mn[0;34mo[0;34mr[0;34mt[0;34mh[0;34m.[0;34mx[0;34mp[0;34mm
[0m[0;34mS[0;34mO[0;34m [0;34mt[0;34me[0;34mx[0;34mt[0;34mu[0;34mr[0;34me[0;34ms[0;34m/[0;34mt[0;34me[0;34ms[0;34mt[0;34m/[0;34ms[0;34mo[0;34mu[0;34mt[0;34mh[0;34m.[0;34mx[0;34mp[0;34mm
[0m[0;34mW[0;34mE[0;34m [0;34mt[0;34me[0;34mx[0;34mt[0;34mu[0;34mr[0;34me[0;34ms[0;34m/[0;34mt[0;34me[0;34ms[0;34mt[0;34m/[0;34mw[0;34me[0;34ms[0;34mt[0;34m.[0;34mx[0;34mp[0;34mm
[0m[0;34mE[0;34mA[0;34m [0;34mt[0;34me[0;34mx[0;34mt[0;34mu[0;34mr[0;34me[0;34ms[0;34m/[0;34mt[0;34me[0;34ms[0;34mt[0;34m/[0;34me[0;34ma[0;34ms[0;34mt[0;34m.[0;34mx[0;34mp[0;34mm
[0m
[0m[0;34m1[0;34m1[0;34m1[0;34m1[0;34m1[0;34m1[0;34m1[0;34m1[0;34m1[0;34m1[0;34m1[0;34m1[0;34m1[0;34m1[0;34m1[0;34m1[0;34m1[0;34m1[0;34m1
[0m[0;34m1[0;34m0[0;34mW[0;34m1[0;34m0[0;34m0[0;34m1[0;34m0[0;34m0[0;34m1[0;34m0[0;34m0[0;34m1[0;34m0[0;34m0[0;34m0[0;34m0[0;34m0[0;34m1
[0m[0;34m1[0;34m0[0;34m1[0;34m1[0;34m0[0;34m0[0;34m0[0;34m0[0;34m0[0;34m1[0;34m0[0;34m0[0;34m0[0;34m0[0;34m0[0;34m1[0;34m0[0;34m0[0;34m1
[0m[0;34m1[0;34m0[0;34m0[0;34m1[0;34m0[0;34m0[0;34m1[0;34m0[0;34m0[0;34m1[0;34m1[0;34m1[0;34m1[0;34m1[0;34m0[0;34m1[0;34m1[0;34m1[0;34m1
[0m[0;34m1[0;34m0[0;34m0[0;34m1[0;34m1[0;34m1[0;34m1[0;34m0[0;34m0[0;34m0[0;34m0[0;34m0[0;34m1[0;34m0[0;34m0[0;34m1[0;34m0[0;34m0[0;34m1
[0m[0;34m1[0;34m0[0;34m0[0;34m0[0;34m0[0;34m0[0;34m0[0;34m0[0;34m0[0;34m0[0;34m0[0;34m0[0;34m0[0;34m0[0;34m0[0;34m1[0;34m0[0;34m0[0;34m1
[0m[0;34m1[0;34m0[0;34m0[0;34m1[0;34m1[0;34m1[0;34m1[0;34m1[0;34m1[0;34m1[0;34m1[0;34m1[0;34m1[0;34m0[0;34m0[0;34m1[0;34m0[0;34m0[0;34m1
[0m[0;34m1[0;34m1[0;34m1[0;34m1[0;34m0[0;34m0[0;34m0[0;34m0[0;34m0[0;34m0[0;34m0[0;34m0[0;34m0[0;34m0[0;34m0[0;34m1[0;34m0[0;34m1[0;34m1
[0m[0;34m1[0;34m0[0;34m0[0;34m0[0;34m0[0;34m0[0;34m0[0;34m0[0;34m0[0;34m1[0;34m0[0;34m0[0;34m0[0;34m0[0;34m0[0;34m0[0;34m0[0;34m0[0;34m1
[0m[0;34m1[0;34m1[0;34m1[0;34m1[0;34m1[0;34m1[0;34m1[0;34m1[0;34m1[0;34m1[0;34m1[0;34m1[0;34m1[0;34m1[0;34m1[0;34m1[0;34m1[0;34m1[0;34m1
[0m
[0m[0;34m9[0;34m9
[0m[0;34m9[0;34m9
[0m[0;34m9[0;34m9
[0m[0;34m7[0;34m6
[0m[0;34m7[0;34m6
[0m[0;34m7[0;34m6
[0m[0;34m1[0;34m1[0;34m1[0;34m1[0;34m1[0;34m1[0;34m1[0;34m1[0;34m1[0;34m1[0;34m1[0;34m1[0;34m1[0;34m1[0;34m1[0;34m1[0;34m1[0;34m1[0;34m1
[0m[0;34m1[0;34m0[0;34mW[0;34m1[0;34m0[0;34m0[0;34m1[0;34m0[0;34m0[0;34m1[0;34m0[0;34m0[0;34m1[0;34m0[0;34m0[0;34m0[0;34m0[0;34m0[0;34m1
[0m[0;34m1[0;34m0[0;34m1[0;34m1[0;34m0[0;34m0[0;34m0[0;34m0[0;34m0[0;34m1[0;34m0[0;34m0[0;34m0[0;34m0[0;34m0[0;34m1[0;34m0[0;34m0[0;34m1
[0m[0;34m1[0;34m0[0;34m0[0;34m1[0;34m0[0;34m0[0;34m1[0;34m0[0;34m0[0;34m1[0;34m1[0;34m1[0;34m1[0;34m1[0;34m0[0;34m1[0;34m1[0;34m1[0;34m1
[0m[0;34m1[0;34m0[0;34m0[0;34m1[0;34m1[0;34m1[0;34m1[0;34m0[0;34m0[0;34m0[0;34m0[0;34m0[0;34m1[0;34m0[0;34m0[0;34m1[0;34m0[0;34m0[0;34m1
[0m[0;34m1[0;34m0[0;34m0[0;34m0[0;34m0[0;34m0[0;34m0[0;34m0[0;34m0[0;34m0[0;34m0[0;34m0[0;34m0[0;34m0[0;34m0[0;34m1[0;34m0[0;34m0[0;34m1
[0m[0;34m1[0;34m0[0;34m0[0;34m1[0;34m1[0;34m1[0;34m1[0;34m1[0;34m1[0;34m1[0;34m1[0;34m1[0;34m1[0;34m0[0;34m0[0;34m1[0;34m0[0;34m0[0;34m1
[0m[0;34m1[0;34m1[0;34m1[0;34m1[0;34m0[0;34m0[0;34m0[0;34m0[0;34m0[0;34m0[0;34m0[0;34m0[0;34m0[0;34m0[0;34m0[0;34m1[0;34m0[0;34m1[0;34m1
[0m[0;34m1[0;34m0[0;34m0[0;34m0[0;34m0[0;34m0[0;34m0[0;34m0[0;34m0[0;34m1[0;34m0[0;34m0[0;34m0[0;34m0[0;34m0[0;34m0[0;34m0[0;34m0[0;34m1
[0m[0;34m1[0;34m1[0;34m1[0;34m1[0;34m1[0;34m1[0;34m1[0;34m1[0;34m1[0;34m1[0;34m1[0;34m1[0;34m1[0;34m1[0;34m1[0;34m1[0;34m1[0;34m1[0;34m1
[0mExit code: 0
‚ö†Ô∏è No Valgrind alerts, but with leaks[0m  
==69370== Memcheck, a memory error detector
==69370== Copyright (C) 2002-2022, and GNU GPL'd, by Julian Seward et al.
==69370== Using Valgrind-3.22.0 and LibVEX; rerun with -h for copyright info
==69370== Command: ./cub3d ./maps/good/dungeon.cub
==69370== Parent PID: 69289
==69370== 
==69370== 
==69370== HEAP SUMMARY:
==69370==     in use at exit: 992 bytes in 45 blocks
==69370==   total heap usage: 133 allocs, 88 frees, 8,232 bytes allocated
==69370== 
==69370== LEAK SUMMARY:
==69370==    definitely lost: 424 bytes in 10 blocks
==69370==    indirectly lost: 568 bytes in 35 blocks
==69370==      possibly lost: 0 bytes in 0 blocks
==69370==    still reachable: 0 bytes in 0 blocks
==69370==         suppressed: 0 bytes in 0 blocks
==69370== Rerun with --leak-check=full to see details of leaked memory
==69370== 
==69370== For lists of detected and suppressed errors, rerun with: -s
==69370== ERROR SUMMARY: 0 errors from 0 contexts (suppressed: 0 from 0)
Running valgrind on ./maps/good/library.cub...

[0;32m[Debug info] map end:[0m17
[0;32m[Debug info] map height:[0m10
[0;32m[Debug info]üõ†Ô∏è  Map info üîç
[0m[0;32m[Debug info] - Map width:[0m19
[0;32m[Debug info] - Map height:[0m10
[0;32m[Debug info]üõ†Ô∏è  Starting player position info üîç
[0m[0;32m[Debug info] - Player X:[0m9
[0;32m[Debug info] - Player Y:[0m5
[0;32m[Debug info] - Player Direction:[0mS
[0;32m[Debug info]üõ†Ô∏è  Colors info c:  üîç
[0m[0;32m[Debug info]üõ†Ô∏è  Colors info f:  üîç
[0m[0;32m[Debug info]üõ†Ô∏è  Textures info:  üîç
[0m[0;32m[Debug info] Texture north:[0mtextures/test/north.xpm
[0;32m[Debug info] Texture south:[0mtextures/test/south.xpm
[0;32m[Debug info] Texture west:[0mtextures/test/west.xpm
[0;32m[Debug info] Texture east:[0mtextures/test/east.xpm
[0;34mF[0;34m [0;34m1[0;34m3[0;34m9[0;34m,[0;34m9[0;34m9[0;34m,[0;34m5[0;34m8
[0m[0;34mC[0;34m [0;34m1[0;34m7[0;34m1[0;34m,[0;34m1[0;34m5[0;34m4[0;34m,[0;34m1[0;34m3[0;34m7
[0m
[0m[0;34mN[0;34mO[0;34m [0;34mt[0;34me[0;34mx[0;34mt[0;34mu[0;34mr[0;34me[0;34ms[0;34m/[0;34mt[0;34me[0;34ms[0;34mt[0;34m/[0;34mn[0;34mo[0;34mr[0;34mt[0;34mh[0;34m.[0;34mx[0;34mp[0;34mm
[0m[0;34mS[0;34mO[0;34m [0;34mt[0;34me[0;34mx[0;34mt[0;34mu[0;34mr[0;34me[0;34ms[0;34m/[0;34mt[0;34me[0;34ms[0;34mt[0;34m/[0;34ms[0;34mo[0;34mu[0;34mt[0;34mh[0;34m.[0;34mx[0;34mp[0;34mm
[0m[0;34mW[0;34mE[0;34m [0;34mt[0;34me[0;34mx[0;34mt[0;34mu[0;34mr[0;34me[0;34ms[0;34m/[0;34mt[0;34me[0;34ms[0;34mt[0;34m/[0;34mw[0;34me[0;34ms[0;34mt[0;34m.[0;34mx[0;34mp[0;34mm
[0m[0;34mE[0;34mA[0;34m [0;34mt[0;34me[0;34mx[0;34mt[0;34mu[0;34mr[0;34me[0;34ms[0;34m/[0;34mt[0;34me[0;34ms[0;34mt[0;34m/[0;34me[0;34ma[0;34ms[0;34mt[0;34m.[0;34mx[0;34mp[0;34mm
[0m
[0m[0;34m1[0;34m1[0;34m1[0;34m1[0;34m1[0;34m1[0;34m1[0;34m1[0;34m1[0;34m1[0;34m1[0;34m1[0;34m1[0;34m1[0;34m1[0;34m1[0;34m1[0;34m1[0;34m1
[0m[0;34m1[0;34m0[0;34m0[0;34m1[0;34m0[0;34m0[0;34m1[0;34m0[0;34m0[0;34m1[0;34m0[0;34m0[0;34m1[0;34m0[0;34m0[0;34m1[0;34m0[0;34m0[0;34m1
[0m[0;34m1[0;34m0[0;34m0[0;34m1[0;34m0[0;34m0[0;34m1[0;34m0[0;34m0[0;34m1[0;34m0[0;34m0[0;34m1[0;34m0[0;34m0[0;34m1[0;34m0[0;34m0[0;34m1
[0m[0;34m1[0;34m0[0;34m0[0;34m1[0;34m0[0;34m0[0;34m1[0;34m0[0;34m0[0;34m1[0;34m0[0;34m0[0;34m1[0;34m0[0;34m0[0;34m1[0;34m0[0;34m0[0;34m1
[0m[0;34m1[0;34m0[0;34m0[0;34m1[0;34m0[0;34m0[0;34m1[0;34m0[0;34m0[0;34m0[0;34m0[0;34m0[0;34m1[0;34m0[0;34m0[0;34m1[0;34m0[0;34m0[0;34m1
[0m[0;34m1[0;34m0[0;34m0[0;34m0[0;34m0[0;34m0[0;34m0[0;34m0[0;34m0[0;34mS[0;34m0[0;34m0[0;34m0[0;34m0[0;34m0[0;34m0[0;34m0[0;34m0[0;34m1
[0m[0;34m1[0;34m0[0;34m0[0;34m0[0;34m0[0;34m1[0;34m1[0;34m1[0;34m1[0;34m1[0;34m1[0;34m1[0;34m1[0;34m0[0;34m0[0;34m0[0;34m0[0;34m0[0;34m1
[0m[0;34m1[0;34m1[0;34m1[0;34m1[0;34m0[0;34m0[0;34m0[0;34m0[0;34m0[0;34m0[0;34m0[0;34m0[0;34m0[0;34m0[0;34m0[0;34m1[0;34m1[0;34m1[0;34m1
[0m[0;34m1[0;34m0[0;34m0[0;34m0[0;34m0[0;34m0[0;34m0[0;34m1[0;34m0[0;34m1[0;34m0[0;34m1[0;34m0[0;34m0[0;34m0[0;34m0[0;34m0[0;34m0[0;34m1
[0m[0;34m1[0;34m1[0;34m1[0;34m1[0;34m1[0;34m1[0;34m1[0;34m1[0;34m1[0;34m1[0;34m1[0;34m1[0;34m1[0;34m1[0;34m1[0;34m1[0;34m1[0;34m1[0;34m1
[0m
[0m[0;34m1[0;34m7[0;34m1
[0m[0;34m1[0;34m5[0;34m4
[0m[0;34m1[0;34m3[0;34m7
[0m[0;34m1[0;34m3[0;34m9
[0m[0;34m9[0;34m9
[0m[0;34m5[0;34m8
[0m[0;34m1[0;34m1[0;34m1[0;34m1[0;34m1[0;34m1[0;34m1[0;34m1[0;34m1[0;34m1[0;34m1[0;34m1[0;34m1[0;34m1[0;34m1[0;34m1[0;34m1[0;34m1[0;34m1
[0m[0;34m1[0;34m0[0;34m0[0;34m1[0;34m0[0;34m0[0;34m1[0;34m0[0;34m0[0;34m1[0;34m0[0;34m0[0;34m1[0;34m0[0;34m0[0;34m1[0;34m0[0;34m0[0;34m1
[0m[0;34m1[0;34m0[0;34m0[0;34m1[0;34m0[0;34m0[0;34m1[0;34m0[0;34m0[0;34m1[0;34m0[0;34m0[0;34m1[0;34m0[0;34m0[0;34m1[0;34m0[0;34m0[0;34m1
[0m[0;34m1[0;34m0[0;34m0[0;34m1[0;34m0[0;34m0[0;34m1[0;34m0[0;34m0[0;34m1[0;34m0[0;34m0[0;34m1[0;34m0[0;34m0[0;34m1[0;34m0[0;34m0[0;34m1
[0m[0;34m1[0;34m0[0;34m0[0;34m1[0;34m0[0;34m0[0;34m1[0;34m0[0;34m0[0;34m0[0;34m0[0;34m0[0;34m1[0;34m0[0;34m0[0;34m1[0;34m0[0;34m0[0;34m1
[0m[0;34m1[0;34m0[0;34m0[0;34m0[0;34m0[0;34m0[0;34m0[0;34m0[0;34m0[0;34mS[0;34m0[0;34m0[0;34m0[0;34m0[0;34m0[0;34m0[0;34m0[0;34m0[0;34m1
[0m[0;34m1[0;34m0[0;34m0[0;34m0[0;34m0[0;34m1[0;34m1[0;34m1[0;34m1[0;34m1[0;34m1[0;34m1[0;34m1[0;34m0[0;34m0[0;34m0[0;34m0[0;34m0[0;34m1
[0m[0;34m1[0;34m1[0;34m1[0;34m1[0;34m0[0;34m0[0;34m0[0;34m0[0;34m0[0;34m0[0;34m0[0;34m0[0;34m0[0;34m0[0;34m0[0;34m1[0;34m1[0;34m1[0;34m1
[0m[0;34m1[0;34m0[0;34m0[0;34m0[0;34m0[0;34m0[0;34m0[0;34m1[0;34m0[0;34m1[0;34m0[0;34m1[0;34m0[0;34m0[0;34m0[0;34m0[0;34m0[0;34m0[0;34m1
[0m[0;34m1[0;34m1[0;34m1[0;34m1[0;34m1[0;34m1[0;34m1[0;34m1[0;34m1[0;34m1[0;34m1[0;34m1[0;34m1[0;34m1[0;34m1[0;34m1[0;34m1[0;34m1[0;34m1
[0mExit code: 0
‚ö†Ô∏è No Valgrind alerts, but with leaks[0m  
==69373== Memcheck, a memory error detector
==69373== Copyright (C) 2002-2022, and GNU GPL'd, by Julian Seward et al.
==69373== Using Valgrind-3.22.0 and LibVEX; rerun with -h for copyright info
==69373== Command: ./cub3d ./maps/good/library.cub
==69373== Parent PID: 69289
==69373== 
==69373== 
==69373== HEAP SUMMARY:
==69373==     in use at exit: 1,004 bytes in 45 blocks
==69373==   total heap usage: 133 allocs, 88 frees, 8,285 bytes allocated
==69373== 
==69373== LEAK SUMMARY:
==69373==    definitely lost: 428 bytes in 10 blocks
==69373==    indirectly lost: 576 bytes in 35 blocks
==69373==      possibly lost: 0 bytes in 0 blocks
==69373==    still reachable: 0 bytes in 0 blocks
==69373==         suppressed: 0 bytes in 0 blocks
==69373== Rerun with --leak-check=full to see details of leaked memory
==69373== 
==69373== For lists of detected and suppressed errors, rerun with: -s
==69373== ERROR SUMMARY: 0 errors from 0 contexts (suppressed: 0 from 0)
Running valgrind on ./maps/good/matrix.cub...

[0;34mN[0;34mO[0;34m [0;34mt[0;34me[0;34mx[0;34mt[0;34mu[0;34mr[0;34me[0;34ms[0;34m/[0;34mt[0;34me[0;34ms[0;34mt[0;34m/[0;34mn[0;34mo[0;34mr[0;34mt[0;34mh[0;34m.[0;34mx[0;34mp[0;34mm
[0m[0;34mS[0;34mO[0;34m [0;34mt[0;34me[0;34mx[0;34mt[0;34mu[0;34mr[0;34me[0;34ms[0;34m/[0;34mt[0;34me[0;34ms[0;34mt[0;34m/[0;34ms[0;34mo[0;34mu[0;34mt[0;34mh[0;34m.[0;34mx[0;34mp[0;34mm
[0m[0;34mW[0;34mE[0;34m [0;34mt[0;34me[0;34mx[0;34mt[0;34mu[0;34mr[0;34me[0;34ms[0;34m/[0;34mt[0;34me[0;34ms[0;34mt[0;34m/[0;34mw[0;34me[0;34ms[0;34mt[0;34m.[0;34mx[0;34mp[0;34mm
[0m[0;34mE[0;34mA[0;34m [0;34mt[0;34me[0;34mx[0;34mt[0;34mu[0;34mr[0;34me[0;34ms[0;34m/[0;34mt[0;34me[0;34ms[0;34mt[0;34m/[0;34me[0;34ma[0;34ms[0;34mt[0;34m.[0;34mx[0;34mp[0;34mm
[0m
[0m[0;34mF[0;34m [0;34m0[0;34m,[0;34m0[0;34m,[0;34m0
[0m[0;34mC[0;34m [0;34m0[0;34m,[0;34m0[0;34m,[0;34m0
[0m
[0m[0;34m1[0;34m1[0;34m1[0;34m1[0;34m1[0;34m1[0;34m1[0;34m1[0;34m1[0;34m1[0;34m1[0;34m1[0;34m1[0;34m1[0;34m1[0;34m1[0;34m1[0;34m1[0;34m1[0;34m1[0;34m1
[0m[0;34m1[0;34m0[0;34m1[0;34m0[0;34m0[0;34m0[0;34m0[0;34m0[0;34m1[0;34m0[0;34m0[0;34m0[0;34m0[0;34m0[0;34m0[0;34m0[0;34m0[0;34m0[0;34m0[0;34m0[0;34m1
[0m[0;34m1[0;34m0[0;34m1[0;34m0[0;34m1[0;34m0[0;34m1[0;34m0[0;34m1[0;34m0[0;34m1[0;34m1[0;34m1[0;34m1[0;34m1[0;34m1[0;34m1[0;34m0[0;34m0[0;34m0[0;34m1
[0m[0;34m1[0;34m0[0;34m0[0;34m0[0;34m1[0;34m0[0;34m1[0;34m0[0;34m0[0;34m0[0;34m1[0;34m0[0;34m0[0;34m0[0;34m0[0;34m0[0;34m1[0;34m0[0;34m0[0;34m0[0;34m1
[0m[0;34m1[0;34m1[0;34m1[0;34m1[0;34m1[0;34m0[0;34m1[0;34m0[0;34m1[0;34m1[0;34m1[0;34m1[0;34m1[0;34m0[0;34m1[0;34m0[0;34m1[0;34m1[0;34m1[0;34m0[0;34m1
[0m[0;34m1[0;34m0[0;34m0[0;34m0[0;34m0[0;34m0[0;34m1[0;34m0[0;34m1[0;34m0[0;34m0[0;34m0[0;34m1[0;34m0[0;34m1[0;34m0[0;34m0[0;34m0[0;34m0[0;34m0[0;34m1
[0m[0;34m1[0;34m0[0;34m1[0;34m1[0;34m1[0;34m1[0;34m1[0;34m0[0;34m1[0;34m0[0;34m1[0;34m1[0;34m1[0;34m0[0;34m1[0;34m1[0;34m1[0;34m1[0;34m1[0;34m1[0;34m1
[0m[0;34m1[0;34m0[0;34m1[0;34m0[0;34m0[0;34m0[0;34m0[0;34m0[0;34m1[0;34m0[0;34m1[0;34m0[0;34m1[0;34m0[0;34m0[0;34m0[0;34m0[0;34m0[0;34m1[0;34m0[0;34m1
[0m[0;34m1[0;34m0[0;34m1[0;34m0[0;34m1[0;34m1[0;34m1[0;34m1[0;34m1[0;34m0[0;34m1[0;34m0[0;34m1[0;34m1[0;34m1[0;34m1[0;34m1[0;34m0[0;34m1[0;34m0[0;34m1
[0m[0;34m1[0;34m0[0;34m1[0;34m0[0;34m1[0;34m0[0;34m0[0;34m0[0;34m1[0;34m0[0;34m1[0;34m0[0;34m1[0;34m0[0;34m0[0;34m0[0;34m1[0;34m0[0;34m1[0;34m0[0;34m1
[0m[0;34m1[0;34m0[0;34m1[0;34m1[0;34m1[0;34m0[0;34m1[0;34m0[0;34m1[0;34m0[0;34m1[0;34m0[0;34m1[0;34m0[0;34m1[0;34m0[0;34m1[0;34m0[0;34m1[0;34m0[0;34m1
[0m[0;34m1[0;34m0[0;34m0[0;34m0[0;34m0[0;34m0[0;34m1[0;34m0[0;34m1[0;34m0[0;34m1[0;34m0[0;34m0[0;34m0[0;34m1[0;34m0[0;34m1[0;34m0[0;34m0[0;34m0[0;34m1
[0m[0;34m1[0;34m1[0;34m1[0;34m1[0;34m1[0;34m1[0;34m1[0;34m0[0;34m1[0;34m0[0;34m1[0;34m1[0;34m1[0;34m1[0;34m1[0;34m0[0;34m1[0;34m1[0;34m1[0;34m0[0;34m1
[0m[0;34m1[0;34m0[0;34m0[0;34m0[0;34m0[0;34m0[0;34m1[0;34m0[0;34m1[0;34m0[0;34m0[0;34m0[0;34m1[0;34m0[0;34m0[0;34m0[0;34m1[0;34m0[0;34m0[0;34m0[0;34m1
[0m[0;34m1[0;34m0[0;34m1[0;34m1[0;34m1[0;34m0[0;34m1[0;34m0[0;34m1[0;34m1[0;34m1[0;34m0[0;34m1[0;34m0[0;34m1[0;34m1[0;34m1[0;34m0[0;34m1[0;34m1[0;34m1
[0m[0;34m1[0;34m0[0;34m1[0;34m0[0;34m0[0;34m0[0;34m1[0;34m0[0;34m0[0;34m0[0;34m0[0;34m0[0;34m1[0;34m0[0;34m0[0;34m0[0;34m1[0;34m0[0;34m1[0;34m0[0;34m1
[0m[0;34m1[0;34m0[0;34m1[0;34m0[0;34m1[0;34m1[0;34m1[0;34m1[0;34m1[0;34m1[0;34m1[0;34m1[0;34m1[0;34m1[0;34m1[0;34m0[0;34m1[0;34m0[0;34m1[0;34m0[0;34m1
[0m[0;34m1[0;34m0[0;34m0[0;34m0[0;34m1[0;34m0[0;34m0[0;34m0[0;34m0[0;34m0[0;34m0[0;34m0[0;34m0[0;34m0[0;34m0[0;34m0[0;34m1[0;34m0[0;34m0[0;34m0[0;34m1
[0m[0;34m1[0;34[0;32m[Debug info] map end:[0m28
[0;32m[Debug info] map height:[0m21
[0;32m[Debug info]üõ†Ô∏è  Map info üîç
[0m[0;32m[Debug info] - Map width:[0m21
[0;32m[Debug info] - Map height:[0m21
[0;32m[Debug info]üõ†Ô∏è  Starting player position info üîç
[0m[0;32m[Debug info] - Player X:[0m1
[0;32m[Debug info] - Player Y:[0m19
[0;32m[Debug info] - Player Direction:[0mN
[0;32m[Debug info]üõ†Ô∏è  Colors info c:  üîç
[0m[0;32m[Debug info]üõ†Ô∏è  Colors info f:  üîç
[0m[0;32m[Debug info]üõ†Ô∏è  Textures info:  üîç
[0m[0;32m[Debug info] Texture north:[0mtextures/test/north.xpm
[0;32m[Debug info] Texture south:[0mtextures/test/south.xpm
[0;32m[Debug info] Texture west:[0mtextures/test/west.xpm
[0;32m[Debug info] Texture east:[0mtextures/test/east.xpm
m0[0;34m1[0;34m0[0;34m1[0;34m0[0;34m1[0;34m1[0;34m1[0;34m0[0;34m1[0;34m1[0;34m1[0;34m1[0;34m1[0;34m1[0;34m1[0;34m1[0;34m1[0;34m0[0;34m1
[0m[0;34m1[0;34mN[0;34m1[0;34m0[0;34m0[0;34m0[0;34m0[0;34m0[0;34m1[0;34m0[0;34m0[0;34m0[0;34m0[0;34m0[0;34m0[0;34m0[0;34m0[0;34m0[0;34m0[0;34m0[0;34m1
[0m[0;34m1[0;34m1[0;34m1[0;34m1[0;34m1[0;34m1[0;34m1[0;34m1[0;34m1[0;34m1[0;34m1[0;34m1[0;34m1[0;34m1[0;34m1[0;34m1[0;34m1[0;34m1[0;34m1[0;34m1[0;34m1
[0m
[0m[0;34m0
[0m[0;34m0
[0m[0;34m0
[0m[0;34m0
[0m[0;34m0
[0m[0;34m0
[0m[0;34m1[0;34m1[0;34m1[0;34m1[0;34m1[0;34m1[0;34m1[0;34m1[0;34m1[0;34m1[0;34m1[0;34m1[0;34m1[0;34m1[0;34m1[0;34m1[0;34m1[0;34m1[0;34m1[0;34m1[0;34m1
[0m[0;34m1[0;34m0[0;34m1[0;34m0[0;34m0[0;34m0[0;34m0[0;34m0[0;34m1[0;34m0[0;34m0[0;34m0[0;34m0[0;34m0[0;34m0[0;34m0[0;34m0[0;34m0[0;34m0[0;34m0[0;34m1
[0m[0;34m1[0;34m0[0;34m1[0;34m0[0;34m1[0;34m0[0;34m1[0;34m0[0;34m1[0;34m0[0;34m1[0;34m1[0;34m1[0;34m1[0;34m1[0;34m1[0;34m1[0;34m0[0;34m0[0;34m0[0;34m1
[0m[0;34m1[0;34m0[0;34m0[0;34m0[0;34m1[0;34m0[0;34m1[0;34m0[0;34m0[0;34m0[0;34m1[0;34m0[0;34m0[0;34m0[0;34m0[0;34m0[0;34m1[0;34m0[0;34m0[0;34m0[0;34m1
[0m[0;34m1[0;34m1[0;34m1[0;34m1[0;34m1[0;34m0[0;34m1[0;34m0[0;34m1[0;34m1[0;34m1[0;34m1[0;34m1[0;34m0[0;34m1[0;34m0[0;34m1[0;34m1[0;34m1[0;34m0[0;34m1
[0m[0;34m1[0;34m0[0;34m0[0;34m0[0;34m0[0;34m0[0;34m1[0;34m0[0;34m1[0;34m0[0;34m0[0;34m0[0;34m1[0;34m0[0;34m1[0;34m0[0;34m0[0;34m0[0;34m0[0;34m0[0;34m1
[0m[0;34m1[0;34m0[0;34m1[0;34m1[0;34m1[0;34m1[0;34m1[0;34m0[0;34m1[0;34m0[0;34m1[0;34m1[0;34m1[0;34m0[0;34m1[0;34m1[0;34m1[0;34m1[0;34m1[0;34m1[0;34m1
[0m[0;34m1[0;34m0[0;34m1[0;34m0[0;34m0[0;34m0[0;34m0[0;34m0[0;34m1[0;34m0[0;34m1[0;34m0[0;34m1[0;34m0[0;34m0[0;34m0[0;34m0[0;34m0[0;34m1[0;34m0[0;34m1
[0m[0;34m1[0;34m0[0;34m1[0;34m0[0;34m1[0;34m1[0;34m1[0;34m1[0;34m1[0;34m0[0;34m1[0;34m0[0;34m1[0;34m1[0;34m1[0;34m1[0;34m1[0;34m0[0;34m1[0;34m0[0;34m1
[0m[0;34m1[0;34m0[0;34m1[0;34m0[0;34m1[0;34m0[0;34m0[0;34m0[0;34m1[0;34m0[0;34m1[0;34m0[0;34m1[0;34m0[0;34m0[0;34m0[0;34m1[0;34m0[0;34m1[0;34m0[0;34m1
[0m[0;34m1[0;34m0[0;34m1[0;34m1[0;34m1[0;34m0[0;34m1[0;34m0[0;34m1[0;34m0[0;34m1[0;34m0[0;34m1[0;34m0[0;34m1[0;34m0[0;34m1[0;34m0[0;34m1[0;34m0[0;34m1
[0m[0;34m1[0;34m0[0;34m0[0;34m0[0;34m0[0;34m0[0;34m1[0;34m0[0;34m1[0;34m0[0;34m1[0;34m0[0;34m0[0;34m0[0;34m1[0;34m0[0;34m1[0;34m0[0;34m0[0;34m0[0;34m1
[0m[0;34m1[0;34m1[0;34m1[0;34m1[0;34m1[0;34m1[0;34m1[0;34m0[0;34m1[0;34m0[0;34m1[0;34m1[0;34m1[0;34m1[0;34m1[0;34m0[0;34m1[0;34m1[0;34m1[0;34m0[0;34m1
[0m[0;34m1[0;34m0[0;34m0[0;34m0[0;34m0[0;34m0[0;34m1[0;34m0[0;34m1[0;34m0[0;34m0[0;34m0[0;34m1[0;34m0[0;34m0[0;34m0[0;34m1[0;34m0[0;34m0[0;34m0[0;34m1
[0m[0;34m1[0;34m0[0;34m1[0;34m1[0;34m1[0;34m0[0;34m1[0;34m0[0;34m1[0;34m1[0;34m1[0;34m0[0;34m1[0;34m0[0;34m1[0;34m1[0;34m1[0;34m0[0;34m1[0;34m1[0;34m1
[0m[0;34m1[0;34m0[0;34m1[0;34m0[0;34m0[0;34m0[0;34m1[0;34m0[0;34m0[0;34m0[0;34m0[0;34m0[0;34m1[0;34m0[0;34m0[0;34m0[0;34m1[0;34m0[0;34m1[0;34m0[0;34m1
[0m[0;34m1[0;34m0[0;34m1[0;34m0[0;34m1[0;34m1[0;34m1[0;34m1[0;34m1[0;34m1[0;34m1[0;34m1[0;34m1[0;34m1[0;34m1[0;34m0[0;34m1[0;34m0[0;34m1[0;34m0[0;34m1
[0m[0;34m1[0;34m0[0;34m0[0;34m0[0;34m1[0;34m0[0;34m0[0;34m0[0;34m0[0;34m0[0;34m0[0;34m0[0;34m0[0;34m0[0;34m0[0;34m0[0;34m1[0;34m0[0;34m0[0;34m0[0;34m1
[0m[0;34m1[0;34m0[0;34m1[0;34m0[0;34m1[0;34m0[0;34m1[0;34m1[0;34m1[0;34m0[0;34m1[0;34m1[0;34m1[0;34m1[0;34m1[0;34m1[0;34m1[0;34m1[0;34m1[0;34m0[0;34m1
[0m[0;34m1[0;34mN[0;34m1[0;34m0[0;34m0[0;34m0[0;34m0[0;34m0[0;34m1[0;34m0[0;34m0[0;34m0[0;34m0[0;34m0[0;34m0[0;34m0[0;34m0[0;34m0[0;34m0[0;34m0[0;34m1
[0m[0;34m1[0;34m1[0;34m1[0;34m1[0;34m1[0;34m1[0;34m1[0;34m1[0;34m1[0;34m1[0;34m1[0;34m1[0;34m1[0;34m1[0;34m1[0;34m1[0;34m1[0;34m1[0;34m1[0;34m1[0;34m1
[0mExit code: 0
‚ö†Ô∏è No Valgrind alerts, but with leaks[0m  
==69507== Memcheck, a memory error detector
==69507== Copyright (C) 2002-2022, and GNU GPL'd, by Julian Seward et al.
==69507== Using Valgrind-3.22.0 and LibVEX; rerun with -h for copyright info
==69507== Command: ./cub3d ./maps/good/matrix.cub
==69507== Parent PID: 69289
==69507== 
==69507== 
==69507== HEAP SUMMARY:
==69507==     in use at exit: 1,685 bytes in 67 blocks
==69507==   total heap usage: 210 allocs, 143 frees, 12,140 bytes allocated
==69507== 
==69507== LEAK SUMMARY:
==69507==    definitely lost: 594 bytes in 10 blocks
==69507==    indirectly lost: 1,091 bytes in 57 blocks
==69507==      possibly lost: 0 bytes in 0 blocks
==69507==    still reachable: 0 bytes in 0 blocks
==69507==         suppressed: 0 bytes in 0 blocks
==69507== Rerun with --leak-check=full to see details of leaked memory
==69507== 
==69507== For lists of detected and suppressed errors, rerun with: -s
==69507== ERROR SUMMARY: 0 errors from 0 contexts (suppressed: 0 from 0)
Running valgrind on ./maps/good/sad_face.cub...

[0;32m[Debug info] map end:[0m20
[0;32m[Debug info] map height:[0m13
[0;32m[Debug info]üõ†Ô∏è  Map info üîç
[0m[0;32m[Debug info] - Map width:[0m15
[0;32m[Debug info] - Map height:[0m13
[0;32m[Debug info]üõ†Ô∏è  Starting player position info üîç
[0m[0;32m[Debug info] - Player X:[0m7
[0;32m[Debug info] - Player Y:[0m3
[0;32m[Debug info] - Player Direction:[0mN
[0;32m[Debug info]üõ†Ô∏è  Colors info c:  üîç
[0m[0;32m[Debug info]üõ†Ô∏è  Colors info f:  üîç
[0m[0;32m[Debug info]üõ†Ô∏è  Textures info:  üîç
[0m[0;32m[Debug info] Texture north:[0mtextures/test/north.xpm
[0;32m[Debug info] Texture south:[0mtextures/test/south.xpm
[0;32m[Debug info] Texture west:[0mtextures/test/west.xpm
[0;32m[Debug info] Texture east:[0mtextures/test/east.xpm
[0;34mN[0;34mO[0;34m [0;34mt[0;34me[0;34mx[0;34mt[0;34mu[0;34mr[0;34me[0;34ms[0;34m/[0;34mt[0;34me[0;34ms[0;34mt[0;34m/[0;34mn[0;34mo[0;34mr[0;34mt[0;34mh[0;34m.[0;34mx[0;34mp[0;34mm
[0m[0;34mS[0;34mO[0;34m [0;34mt[0;34me[0;34mx[0;34mt[0;34mu[0;34mr[0;34me[0;34ms[0;34m/[0;34mt[0;34me[0;34ms[0;34mt[0;34m/[0;34ms[0;34mo[0;34mu[0;34mt[0;34mh[0;34m.[0;34mx[0;34mp[0;34mm
[0m[0;34mW[0;34mE[0;34m [0;34mt[0;34me[0;34mx[0;34mt[0;34mu[0;34mr[0;34me[0;34ms[0;34m/[0;34mt[0;34me[0;34ms[0;34mt[0;34m/[0;34mw[0;34me[0;34ms[0;34mt[0;34m.[0;34mx[0;34mp[0;34mm
[0m[0;34mE[0;34mA[0;34m [0;34mt[0;34me[0;34mx[0;34mt[0;34mu[0;34mr[0;34me[0;34ms[0;34m/[0;34mt[0;34me[0;34ms[0;34mt[0;34m/[0;34me[0;34ma[0;34ms[0;34mt[0;34m.[0;34mx[0;34mp[0;34mm
[0m
[0m[0;34mC[0;34m [0;34m5[0;34m3[0;34m,[0;34m4[0;34m1[0;34m,[0;34m3[0;34m4
[0m[0;34mF[0;34m [0;34m4[0;34m5[0;34m,[0;34m3[0;34m3[0;34m,[0;34m2[0;34m7
[0m
[0m[0;34m1[0;34m1[0;34m1[0;34m1[0;34m1[0;34m1[0;34m1[0;34m1[0;34m1[0;34m1[0;34m1[0;34m1[0;34m1[0;34m1[0;34m1
[0m[0;34m1[0;34m1[0;34m1[0;34m1[0;34m1[0;34m1[0;34m0[0;34m0[0;34m0[0;34m1[0;34m1[0;34m1[0;34m1[0;34m1[0;34m1
[0m[0;34m1[0;34m1[0;34m1[0;34m1[0;34m1[0;34m0[0;34m0[0;34m0[0;34m0[0;34m0[0;34m1[0;34m1[0;34m1[0;34m1[0;34m1
[0m[0;34m1[0;34m1[0;34m1[0;34m1[0;34m0[0;34m0[0;34m0[0;34mN[0;34m0[0;34m0[0;34m0[0;34m1[0;34m1[0;34m1[0;34m1
[0m[0;34m1[0;34m1[0;34m1[0;34m0[0;34m0[0;34m0[0;34m0[0;34m0[0;34m0[0;34m0[0;34m0[0;34m0[0;34m1[0;34m1[0;34m1
[0m[0;34m1[0;34m1[0;34m0[0;34m0[0;34m0[0;34m0[0;34m0[0;34m0[0;34m0[0;34m0[0;34m0[0;34m0[0;34m0[0;34m1[0;34m1
[0m[0;34m1[0;34m0[0;34m0[0;34m0[0;34m0[0;34m1[0;34m1[0;34m1[0;34m1[0;34m1[0;34m0[0;34m0[0;34m0[0;34m0[0;34m1
[0m[0;34m1[0;34m1[0;34m0[0;34m0[0;34m0[0;34m0[0;34m1[0;34m1[0;34m1[0;34m0[0;34m0[0;34m0[0;34m0[0;34m1[0;34m1
[0m[0;34m1[0;34m1[0;34m1[0;34m0[0;34m0[0;34m0[0;34m0[0;34m1[0;34m0[0;34m0[0;34m0[0;34m0[0;34m1[0;34m1[0;34m1
[0m[0;34m1[0;34m1[0;34m1[0;34m1[0;34m0[0;34m0[0;34m0[0;34m0[0;34m0[0;34m0[0;34m0[0;34m1[0;34m1[0;34m1[0;34m1
[0m[0;34m1[0;34m1[0;34m1[0;34m1[0;34m1[0;34m0[0;34m0[0;34m0[0;34m0[0;34m0[0;34m1[0;34m1[0;34m1[0;34m1[0;34m1
[0m[0;34m1[0;34m1[0;34m1[0;34m1[0;34m1[0;34m1[0;34m0[0;34m0[0;34m0[0;34m1[0;34m1[0;34m1[0;34m1[0;34m1[0;34m1
[0m[0;34m1[0;34m1[0;34m1[0;34m1[0;34m1[0;34m1[0;34m1[0;34m1[0;34m1[0;34m1[0;34m1[0;34m1[0;34m1[0;34m1[0;34m1
[0m
[0m[0;34m5[0;34m3
[0m[0;34m4[0;34m1
[0m[0;34m3[0;34m4
[0m[0;34m4[0;34m5
[0m[0;34m3[0;34m3
[0m[0;34m2[0;34m7
[0m[0;34m1[0;34m1[0;34m1[0;34m1[0;34m1[0;34m1[0;34m1[0;34m1[0;34m1[0;34m1[0;34m1[0;34m1[0;34m1[0;34m1[0;34m1
[0m[0;34m1[0;34m1[0;34m1[0;34m1[0;34m1[0;34m1[0;34m0[0;34m0[0;34m0[0;34m1[0;34m1[0;34m1[0;34m1[0;34m1[0;34m1
[0m[0;34m1[0;34m1[0;34m1[0;34m1[0;34m1[0;34m0[0;34m0[0;34m0[0;34m0[0;34m0[0;34m1[0;34m1[0;34m1[0;34m1[0;34m1
[0m[0;34m1[0;34m1[0;34m1[0;34m1[0;34m0[0;34m0[0;34m0[0;34mN[0;34m0[0;34m0[0;34m0[0;34m1[0;34m1[0;34m1[0;34m1
[0m[0;34m1[0;34m1[0;34m1[0;34m0[0;34m0[0;34m0[0;34m0[0;34m0[0;34m0[0;34m0[0;34m0[0;34m0[0;34m1[0;34m1[0;34m1
[0m[0;34m1[0;34m1[0;34m0[0;34m0[0;34m0[0;34m0[0;34m0[0;34m0[0;34m0[0;34m0[0;34m0[0;34m0[0;34m0[0;34m1[0;34m1
[0m[0;34m1[0;34m0[0;34m0[0;34m0[0;34m0[0;34m1[0;34m1[0;34m1[0;34m1[0;34m1[0;34m0[0;34m0[0;34m0[0;34m0[0;34m1
[0m[0;34m1[0;34m1[0;34m0[0;34m0[0;34m0[0;34m0[0;34m1[0;34m1[0;34m1[0;34m0[0;34m0[0;34m0[0;34m0[0;34m1[0;34m1
[0m[0;34m1[0;34m1[0;34m1[0;34m0[0;34m0[0;34m0[0;34m0[0;34m1[0;34m0[0;34m0[0;34m0[0;34m0[0;34m1[0;34m1[0;34m1
[0m[0;34m1[0;34m1[0;34m1[0;34m1[0;34m0[0;34m0[0;34m0[0;34m0[0;34m0[0;34m0[0;34m0[0;34m1[0;34m1[0;34m1[0;34m1
[0m[0;34m1[0;34m1[0;34m1[0;34m1[0;34m1[0;34m0[0;34m0[0;34m0[0;34m0[0;34m0[0;34m1[0;34m1[0;34m1[0;34m1[0;34m1
[0m[0;34m1[0;34m1[0;34m1[0;34m1[0;34m1[0;34m1[0;34m0[0;34m0[0;34m0[0;34m1[0;34m1[0;34m1[0;34m1[0;34m1[0;34m1
[0m[0;34m1[0;34m1[0;34m1[0;34m1[0;34m1[0;34m1[0;34m1[0;34m1[0;34m1[0;34m1[0;34m1[0;34m1[0;34m1[0;34m1[0;34m1
[0mExit code: 0
‚ö†Ô∏è No Valgrind alerts, but with leaks[0m  
==69510== Memcheck, a memory error detector
==69510== Copyright (C) 2002-2022, and GNU GPL'd, by Julian Seward et al.
==69510== Using Valgrind-3.22.0 and LibVEX; rerun with -h for copyright info
==69510== Command: ./cub3d ./maps/good/sad_face.cub
==69510== Parent PID: 69289
==69510== 
==69510== 
==69510== HEAP SUMMARY:
==69510==     in use at exit: 1,059 bytes in 51 blocks
==69510==   total heap usage: 152 allocs, 101 frees, 8,972 bytes allocated
==69510== 
==69510== LEAK SUMMARY:
==69510==    definitely lost: 472 bytes in 10 blocks
==69510==    indirectly lost: 587 bytes in 41 blocks
==69510==      possibly lost: 0 bytes in 0 blocks
==69510==    still reachable: 0 bytes in 0 blocks
==69510==         suppressed: 0 bytes in 0 blocks
==69510== Rerun with --leak-check=full to see details of leaked memory
==69510== 
==69510== For lists of detected and suppressed errors, rerun with: -s
==69510== ERROR SUMMARY: 0 errors from 0 contexts (suppressed: 0 from 0)
Running valgrind on ./maps/good/square_map.cub...

[0;34m [0;34m [0;34m [0;34mW[0;34mE[0;34m [0;34m [0;34m [0;34m [0;34m [0;34m [0;34m [0;34m [0;34m [0;34m [0;34m [0;34m [0;34m [0;34m [0;34m [0;34m [0;34m [0;34m [0;34m [0;34m [0;34m [0;34m [0;34m [0;34m [0;34m [0;34m [0;34m [0;34m [0;34mt[0;34me[0;34mx[0;34mt[0;34mu[0;34mr[0;34me[0;34ms[0;34m/[0;34mt[0;34me[0;34ms[0;34mt[0;34m/[0;34mw[0;34me[0;34ms[0;34mt[0;34m.[0;34mx[0;34mp[0;34mm
[0m[0;34mN[0;34mO[0;34m [0;34m [0;34m [0;34m [0;34m [0;34m [0;34mt[0;34me[0;34mx[0;34mt[0;34mu[0;34mr[0;34me[0;34ms[0;34m/[0;34mt[0;34me[0;34ms[0;34mt[0;34m/[0;34mn[0;34mo[0;34mr[0;34mt[0;34mh[0;34m.[0;34mx[0;34mp[0;34mm
[0m
[0m
[0m
[0m[0;34mS[0;34mO[0;34m [0;34mt[0;34me[0;34mx[0;34mt[0;34mu[0;34mr[0;34me[0;34ms[0;34m/[0;34mt[0;34me[0;34ms[0;34mt[0;34m/[0;34ms[0;34mo[0;34mu[0;34mt[0;34mh[0;34m.[0;34mx[0;34mp[0;34mm
[0m
[0m[0;34mF[0;34m [0;34m [0;34m [0;34m6[0;34m9[0;34m,[0;34m [0;34m2[0;34m2[0;34m2[0;34m,[0;34m [0;34m1[0;34m9[0;34m9
[0m
[0m[0;34mE[0;34mA[0;34m [0;34mt[0;34me[0;34mx[0;34mt[0;34mu[0;34mr[0;34me[0;34ms[0;34m/[0;34mt[0;34me[0;34ms[0;34mt[0;34m/[0;34me[0;34ma[0;34ms[0;34mt[0;34m.[0;34mx[0;34mp[0;34mm
[0m
[0m
[0m[0;34mC[0;34m [0;34m2[0;34m3[0;34m5[0;34m,[0;34m [0;34m1[0;34m9[0;34m8[0;34m,[0;34m [0;34m5[0;34m2
[0m
[0m[0;34m1[0;34m1[0;34m1[0;34m1[0;34m1[0;34m1[0;34m1[0;34m1[0;34m1[0;34m1[0;34m1[0;34m1[0;34m1[0;34m1[0;34m1[0;34m1[0;34m1[0;34m1[0;34m1[0;34m1[0;34m1[0;34m1[0;34m1[0;34m1
[0m[0;34m1[0;34m0[0;34m0[0;34m0[0;34m0[0;34m0[0;34m0[0;34m0[0;34m0[0;34m0[0;34m0[0;34m0[0;34m0[0;34m0[0;34m0[0;34m0[0;34m0[0;34m0[0;34m0[0;34m0[0;34m0[0;34m0[0;34m0[0;34m1
[0m[0;34m1[0;34m0[0;34m0[0;34m0[0;34m0[0;34m0[0;34m0[0;34m0[0;34m0[0;34m0[0;34m0[0;34m0[0;34m0[0;34m0[0;34m0[0;34m0[0;34m0[0;34m0[0;34m0[0;34m0[0;34m0[0;34m0[0;34m0[0;34m1
[0m[0;34m1[0;34m0[0;34m0[0;34m0[0;34m0[0;34m0[0;34m0[0;34m0[0;34m0[0;34mN[0;34m0[0;34m0[0;34m0[0;34m0[0;34m0[0;34m0[0;34m0[0;34m0[0;34m0[0;34m0[0;34m0[0;34m0[0;34m0[0;34m1
[0m[0;34m1[0;34m0[0;34m0[0;34m0[0;34m0[0;34m0[0;34m0[0;34m0[0;34m0[0;34m0[0;34m0[0;34m0[0;34m0[0;34m0[0;34m0[0;34m0[0;34m0[0;34m0[0;34m0[0;34m0[0;34m0[0;34m0[0;34m0[0;34m1
[0m[0;34m1[0;34m0[0;34m0[0;34m0[0;34m0[0;34m0[0;34m0[0;34m0[0;34m0[0;34m0[0;34m0[0;34m0[0;34m0[0;34m0[0;34m0[0;34m0[0;34m0[0;34m0[0;34m0[0;34m0[0;34m0[0;34m0[0;34m0[0;34m1
[0m[0;34m1[0;34m0[0;34m0[0;34m0[0;34m0[0;34m0[0;34m0[0;34m0[0;34m0[0;34m0[0;34m0[0;34m0[0;34m0[0;34m0[0;34m0[0;34m0[0;34m0[0;34m0[0;34m0[0;34m0[0;34m0[0;34m0[0;34m0[0;34m1
[0m[0;34m1[0;34m0[0;34m0[0;34m0[0;34m0[0;34m0[0;34m1[0;34m1[0;34m1[0;34m1[0;34m1[0;34m0[0;34m0[0;34m0[0;34m0[0;34m1[0;34m0[0;34m1[0;34m0[0;34m1[0;34m0[0;34m0[0;34m0[0;34m1
[0m[0;34m1[0;34m0[0;34m0[0;34m0[0;34m0[0;34m0[0;34m1[0;34m0[0;34m0[0;34m0[0;34m1[0;34m0[0;34m0[0;34m0[0;34m0[0;34m0[0;34m0[0;34m0[0;34m0[0;34m0[0;34m0[0;34m0[0;34m0[0;34m1
[0m[0;34m1[0;34m0[0;34m0[0;34m0[0;34m0[0;34m0[0;34m1[0;34m0[0;34m0[0;34m0[0;34m1[0;34m0[0;34m0[0;34m0[0;34m0[0;34m1[0;34m0[0;34m0[0;34m0[0;34m1[0;34m0[0;34m0[0;34m0[0;34m1
[0m[0;34m1[0;34m0[0;34m0[0;34m0[0;34m0[0;34m0[0;34m1[0;34m0[0;34m0[0;34m0[0;34m1[0;34m0[0;34m0[0;34m0[0;34m0[0;34m0[0;34m0[0;34m0[0;34m0[0;34m0[0;34m0[0;34m0[0;34m0[0;34m1
[0m[0;34m1[0;34m0[0;34m0[0;34m0[0;34m0[0;34m0[0;34m1[0;34m1[0;34m1[0;34m1[0;34m0[0;34m0[0;34m0[0;34m0[0;34m1[0;34m0[0;34m1[0;34m0[0;34m1[0;34m0[0;34m0[0;34m0[0;34m0[0;34m1
[0m[0;34m1[0;34m0[0;34m0[0;34m0[0;34m0[0;34m0[0;34m0[0;34m0[0;34m0[0;34m0[0;34m0[0;34m0[0;34m0[0;34m0[0;34m0[0;34m0[0;34m0[0;34m0[0;34m0[0;34m0[0;34m0[0;34m0[0;34m0[0;34m1
[0m[0;34m1[0;34m0[0;34m0[0;34m0[0;34m0[0;34m0[0;34m0[0;34m0[0;34m0[0;34m0[0;34m0[0;34m0[0;34m0[0;34m0[0;34m0[0;34m0[0;32m[Debug info] map end:[0m40
[0;32m[Debug info] map height:[0m27
[0;32m[Debug info]üõ†Ô∏è  Map info üîç
[0m[0;32m[Debug info] - Map width:[0m24
[0;32m[Debug info] - Map height:[0m27
[0;32m[Debug info]üõ†Ô∏è  Starting player position info üîç
[0m[0;32m[Debug info] - Player X:[0m9
[0;32m[Debug info] - Player Y:[0m3
[0;32m[Debug info] - Player Direction:[0mN
[0;32m[Debug info]üõ†Ô∏è  Colors info c:  üîç
[0m[0;32m[Debug info]üõ†Ô∏è  Colors info f:  üîç
[0m[0;32m[Debug info]üõ†Ô∏è  Textures info:  üîç
[0m[0;32m[Debug info] Texture north:[0mtextures/test/north.xpm
[0;32m[Debug info] Texture south:[0mtextures/test/south.xpm
[0;32m[Debug info] Texture west:[0mtextures/test/west.xpm
[0;32m[Debug info] Texture east:[0mtextures/test/east.xpm
[0;34m0[0;34m0[0;34m0[0;34m0[0;34m0[0;34m0[0;34m0[0;34m1
[0m[0;34m1[0;34m0[0;34m0[0;34m0[0;34m0[0;34m0[0;34m0[0;34m0[0;34m0[0;34m0[0;34m0[0;34m0[0;34m0[0;34m0[0;34m0[0;34m0[0;34m0[0;34m0[0;34m0[0;34m0[0;34m0[0;34m0[0;34m0[0;34m1
[0m[0;34m1[0;34m0[0;34m0[0;34m0[0;34m0[0;34m0[0;34m0[0;34m0[0;34m0[0;34m0[0;34m0[0;34m0[0;34m0[0;34m0[0;34m0[0;34m0[0;34m0[0;34m0[0;34m0[0;34m0[0;34m0[0;34m0[0;34m0[0;34m1
[0m[0;34m1[0;34m0[0;34m0[0;34m0[0;34m0[0;34m0[0;34m0[0;34m0[0;34m0[0;34m0[0;34m0[0;34m0[0;34m0[0;34m0[0;34m0[0;34m0[0;34m0[0;34m0[0;34m0[0;34m0[0;34m0[0;34m0[0;34m0[0;34m1
[0m[0;34m1[0;34m0[0;34m0[0;34m0[0;34m0[0;34m0[0;34m0[0;34m0[0;34m0[0;34m0[0;34m0[0;34m0[0;34m0[0;34m0[0;34m0[0;34m0[0;34m0[0;34m0[0;34m0[0;34m0[0;34m0[0;34m0[0;34m0[0;34m1
[0m[0;34m1[0;34m0[0;34m0[0;34m0[0;34m0[0;34m0[0;34m0[0;34m0[0;34m0[0;34m0[0;34m0[0;34m0[0;34m0[0;34m0[0;34m0[0;34m0[0;34m0[0;34m0[0;34m0[0;34m0[0;34m0[0;34m0[0;34m0[0;34m1
[0m[0;34m1[0;34m1[0;34m1[0;34m1[0;34m1[0;34m1[0;34m1[0;34m1[0;34m1[0;34m0[0;34m0[0;34m0[0;34m0[0;34m0[0;34m0[0;34m0[0;34m0[0;34m0[0;34m0[0;34m0[0;34m0[0;34m0[0;34m0[0;34m1
[0m[0;34m1[0;34m0[0;34m0[0;34m1[0;34m0[0;34m0[0;34m0[0;34m0[0;34m1[0;34m0[0;34m0[0;34m0[0;34m0[0;34m0[0;34m0[0;34m0[0;34m0[0;34m0[0;34m0[0;34m0[0;34m0[0;34m0[0;34m0[0;34m1
[0m[0;34m1[0;34m0[0;34m0[0;34m0[0;34m0[0;34m0[0;34m1[0;34m0[0;34m1[0;34m0[0;34m0[0;34m0[0;34m0[0;34m0[0;34m0[0;34m0[0;34m0[0;34m0[0;34m0[0;34m0[0;34m0[0;34m0[0;34m0[0;34m1
[0m[0;34m1[0;34m0[0;34m0[0;34m1[0;34m0[0;34m0[0;34m0[0;34m0[0;34m1[0;34m0[0;34m0[0;34m0[0;34m0[0;34m0[0;34m0[0;34m0[0;34m0[0;34m0[0;34m0[0;34m0[0;34m0[0;34m0[0;34m0[0;34m1
[0m[0;34m1[0;34m0[0;34m0[0;34m1[0;34m1[0;34m1[0;34m1[0;34m1[0;34m1[0;34m0[0;34m0[0;34m0[0;34m0[0;34m0[0;34m0[0;34m0[0;34m0[0;34m0[0;34m0[0;34m0[0;34m0[0;34m0[0;34m0[0;34m1
[0m[0;34m1[0;34m0[0;34m0[0;34m0[0;34m0[0;34m0[0;34m0[0;34m0[0;34m0[0;34m0[0;34m0[0;34m0[0;34m0[0;34m0[0;34m0[0;34m0[0;34m0[0;34m0[0;34m0[0;34m0[0;34m0[0;34m0[0;34m0[0;34m1
[0m[0;34m1[0;34m0[0;34m0[0;34m0[0;34m0[0;34m0[0;34m0[0;34m0[0;34m0[0;34m0[0;34m0[0;34m0[0;34m0[0;34m0[0;34m0[0;34m0[0;34m0[0;34m0[0;34m0[0;34m0[0;34m0[0;34m0[0;34m0[0;34m1
[0m[0;34m1[0;34m1[0;34m1[0;34m1[0;34m1[0;34m1[0;34m1[0;34m1[0;34m1[0;34m1[0;34m1[0;34m1[0;34m1[0;34m1[0;34m1[0;34m1[0;34m1[0;34m1[0;34m1[0;34m1[0;34m1[0;34m1[0;34m1[0;34m1
[0m[0;34m2[0;34m3[0;34m5
[0m[0;34m1[0;34m9[0;34m8
[0m[0;34m5[0;34m2
[0m[0;34m6[0;34m9
[0m[0;34m2[0;34m2[0;34m2
[0m[0;34m1[0;34m9[0;34m9
[0m[0;34m1[0;34m1[0;34m1[0;34m1[0;34m1[0;34m1[0;34m1[0;34m1[0;34m1[0;34m1[0;34m1[0;34m1[0;34m1[0;34m1[0;34m1[0;34m1[0;34m1[0;34m1[0;34m1[0;34m1[0;34m1[0;34m1[0;34m1[0;34m1
[0m[0;34m1[0;34m0[0;34m0[0;34m0[0;34m0[0;34m0[0;34m0[0;34m0[0;34m0[0;34m0[0;34m0[0;34m0[0;34m0[0;34m0[0;34m0[0;34m0[0;34m0[0;34m0[0;34m0[0;34m0[0;34m0[0;34m0[0;34m0[0;34m1
[0m[0;34m1[0;34m0[0;34m0[0;34m0[0;34m0[0;34m0[0;34m0[0;34m0[0;34m0[0;34m0[0;34m0[0;34m0[0;34m0[0;34m0[0;34m0[0;34m0[0;34m0[0;34m0[0;34m0[0;34m0[0;34m0[0;34m0[0;34m0[0;34m1
[0m[0;34m1[0;34m0[0;34m0[0;34m0[0;34m0[0;34m0[0;34m0[0;34m0[0;34m0[0;34mN[0;34m0[0;34m0[0;34m0[0;34m0[0;34m0[0;34m0[0;34m0[0;34m0[0;34m0[0;34m0[0;34m0[0;34m0[0;34m0[0;34m1
[0m[0;34m1[0;34m0[0;34m0[0;34m0[0;34m0[0;34m0[0;34m0[0;34m0[0;34m0[0;34m0[0;34m0[0;34m0[0;34m0[0;34m0[0;34m0[0;34m0[0;34m0[0;34m0[0;34m0[0;34m0[0;34m0[0;34m0[0;34m0[0;34m1
[0m[0;34m1[0;34m0[0;34m0[0;34m0[0;34m0[0;34m0[0;34m0[0;34m0[0;34m0[0;34m0[0;34m0[0;34m0[0;34m0[0;34m0[0;34m0[0;34m0[0;34m0[0;34m0[0;34m0[0;34m0[0;34m0[0;34m0[0;34m0[0;34m1
[0m[0;34m1[0;34m0[0;34m0[0;34m0[0;34m0[0;34m0[0;34m0[0;34m0[0;34m0[0;34m0[0;34m0[0;34m0[0;34m0[0;34m0[0;34m0[0;34m0[0;34m0[0;34m0[0;34m0[0;34m0[0;34m0[0;34m0[0;34m0[0;34m1
[0m[0;34m1[0;34m0[0;34m0[0;34m0[0;34m0[0;34m0[0;34m1[0;34m1[0;34m1[0;34m1[0;34m1[0;34m0[0;34m0[0;34m0[0;34m0[0;34m1[0;34m0[0;34m1[0;34m0[0;34m1[0;34m0[0;34m0[0;34m0[0;34m1
[0m[0;34m1[0;34m0[0;34m0[0;34m0[0;34m0[0;34m0[0;34m1[0;34m0[0;34m0[0;34m0[0;34m1[0;34m0[0;34m0[0;34m0[0;34m0[0;34m0[0;34m0[0;34m0[0;34m0[0;34m0[0;34m0[0;34m0[0;34m0[0;34m1
[0m[0;34m1[0;34m0[0;34m0[0;34m0[0;34m0[0;34m0[0;34m1[0;34m0[0;34m0[0;34m0[0;34m1[0;34m0[0;34m0[0;34m0[0;34m0[0;34m1[0;34m0[0;34m0[0;34m0[0;34m1[0;34m0[0;34m0[0;34m0[0;34m1
[0m[0;34m1[0;34m0[0;34m0[0;34m0[0;34m0[0;34m0[0;34m1[0;34m0[0;34m0[0;34m0[0;34m1[0;34m0[0;34m0[0;34m0[0;34m0[0;34m0[0;34m0[0;34m0[0;34m0[0;34m0[0;34m0[0;34m0[0;34m0[0;34m1
[0m[0;34m1[0;34m0[0;34m0[0;34m0[0;34m0[0;34m0[0;34m1[0;34m1[0;34m1[0;34m1[0;34m0[0;34m0[0;34m0[0;34m0[0;34m1[0;34m0[0;34m1[0;34m0[0;34m1[0;34m0[0;34m0[0;34m0[0;34m0[0;34m1
[0m[0;34m1[0;34m0[0;34m0[0;34m0[0;34m0[0;34m0[0;34m0[0;34m0[0;34m0[0;34m0[0;34m0[0;34m0[0;34m0[0;34m0[0;34m0[0;34m0[0;34m0[0;34m0[0;34m0[0;34m0[0;34m0[0;34m0[0;34m0[0;34m1
[0m[0;34m1[0;34m0[0;34m0[0;34m0[0;34m0[0;34m0[0;34m0[0;34m0[0;34m0[0;34m0[0;34m0[0;34m0[0;34m0[0;34m0[0;34m0[0;34m0[0;34m0[0;34m0[0;34m0[0;34m0[0;34m0[0;34m0[0;34m0[0;34m1
[0m[0;34m1[0;34m0[0;34m0[0;34m0[0;34m0[0;34m0[0;34m0[0;34m0[0;34m0[0;34m0[0;34m0[0;34m0[0;34m0[0;34m0[0;34m0[0;34m0[0;34m0[0;34m0[0;34m0[0;34m0[0;34m0[0;34m0[0;34m0[0;34m1
[0m[0;34m1[0;34m0[0;34m0[0;34m0[0;34m0[0;34m0[0;34m0[0;34m0[0;34m0[0;34m0[0;34m0[0;34m0[0;34m0[0;34m0[0;34m0[0;34m0[0;34m0[0;34m0[0;34m0[0;34m0[0;34m0[0;34m0[0;34m0[0;34m1
[0m[0;34m1[0;34m0[0;34m0[0;34m0[0;34m0[0;34m0[0;34m0[0;34m0[0;34m0[0;34m0[0;34m0[0;34m0[0;34m0[0;34m0[0;34m0[0;34m0[0;34m0[0;34m0[0;34m0[0;34m0[0;34m0[0;34m0[0;34m0[0;34m1
[0m[0;34m1[0;34m0[0;34m0[0;34m0[0;34m0[0;34m0[0;34m0[0;34m0[0;34m0[0;34m0[0;34m0[0;34m0[0;34m0[0;34m0[0;34m0[0;34m0[0;34m0[0;34m0[0;34m0[0;34m0[0;34m0[0;34m0[0;34m0[0;34m1
[0m[0;34m1[0;34m0[0;34m0[0;34m0[0;34m0[0;34m0[0;34m0[0;34m0[0;34m0[0;34m0[0;34m0[0;34m0[0;34m0[0;34m0[0;34m0[0;34m0[0;34m0[0;34m0[0;34m0[0;34m0[0;34m0[0;34m0[0;34m0[0;34m1
[0m[0;34m1[0;34m1[0;34m1[0;34m1[0;34m1[0;34m1[0;34m1[0;34m1[0;34m1[0;34m0[0;34m0[0;34m0[0;34m0[0;34m0[0;34m0[0;34m0[0;34m0[0;34m0[0;34m0[0;34m0[0;34m0[0;34m0[0;34m0[0;34m1
[0m[0;34m1[0;34m0[0;34m0[0;34m1[0;34m0[0;34m0[0;34m0[0;34m0[0;34m1[0;34m0[0;34m0[0;34m0[0;34m0[0;34m0[0;34m0[0;34m0[0;34m0[0;34m0[0;34m0[0;34m0[0;34m0[0;34m0[0;34m0[0;34m1
[0m[0;34m1[0;34m0[0;34m0[0;34m0[0;34m0[0;34m0[0;34m1[0;34m0[0;34m1[0;34m0[0;34m0[0;34m0[0;34m0[0;34m0[0;34m0[0;34m0[0;34m0[0;34m0[0;34m0[0;34m0[0;34m0[0;34m0[0;34m0[0;34m1
[0m[0;34m1[0;34m0[0;34m0[0;34m1[0;34m0[0;34m0[0;34m0[0;34m0[0;34m1[0;34m0[0;34m0[0;34m0[0;34m0[0;34m0[0;34m0[0;34m0[0;34m0[0;34m0[0;34m0[0;34m0[0;34m0[0;34m0[0;34m0[0;34m1
[0m[0;34m1[0;34m0[0;34m0[0;34m1[0;34m1[0;34m1[0;34m1[0;34m1[0;34m1[0;34m0[0;34m0[0;34m0[0;34m0[0;34m0[0;34m0[0;34m0[0;34m0[0;34m0[0;34m0[0;34m0[0;34m0[0;34m0[0;34m0[0;34m1
[0m[0;34m1[0;34m0[0;34m0[0;34m0[0;34m0[0;34m0[0;34m0[0;34m0[0;34m0[0;34m0[0;34m0[0;34m0[0;34m0[0;34m0[0;34m0[0;34m0[0;34m0[0;34m0[0;34m0[0;34m0[0;34m0[0;34m0[0;34m0[0;34m1
[0m[0;34m1[0;34m0[0;34m0[0;34m0[0;34m0[0;34m0[0;34m0[0;34m0[0;34m0[0;34m0[0;34m0[0;34m0[0;34m0[0;34m0[0;34m0[0;34m0[0;34m0[0;34m0[0;34m0[0;34m0[0;34m0[0;34m0[0;34m0[0;34m1
[0m[0;34m1[0;34m1[0;34m1[0;34m1[0;34m1[0;34m1[0;34m1[0;34m1[0;34m1[0;34m1[0;34m1[0;34m1[0;34m1[0;34m1[0;34m1[0;34m1[0;34m1[0;34m1[0;34m1[0;34m1[0;34m1[0;34m1[0;34m1[0;34m1
[0mExit code: 0
‚ö†Ô∏è No Valgrind alerts, but with leaks[0m  
==69513== Memcheck, a memory error detector
==69513== Copyright (C) 2002-2022, and GNU GPL'd, by Julian Seward et al.
==69513== Using Valgrind-3.22.0 and LibVEX; rerun with -h for copyright info
==69513== Command: ./cub3d ./maps/good/square_map.cub
==69513== Parent PID: 69289
==69513== 
==69513== 
==69513== HEAP SUMMARY:
==69513==     in use at exit: 2,338 bytes in 84 blocks
==69513==   total heap usage: 277 allocs, 193 frees, 17,008 bytes allocated
==69513== 
==69513== LEAK SUMMARY:
==69513==    definitely lost: 744 bytes in 10 blocks
==69513==    indirectly lost: 1,594 bytes in 74 blocks
==69513==      possibly lost: 0 bytes in 0 blocks
==69513==    still reachable: 0 bytes in 0 blocks
==69513==         suppressed: 0 bytes in 0 blocks
==69513== Rerun with --leak-check=full to see details of leaked memory
==69513== 
==69513== For lists of detected and suppressed errors, rerun with: -s
==69513== ERROR SUMMARY: 0 errors from 0 contexts (suppressed: 0 from 0)
Running valgrind on ./maps/good/subject_map.cub...

[0;34mN[0;34mO[0;34m [0;34mt[0;34me[0;34mx[0;34mt[0;34mu[0;34mr[0;34me[0;34ms[0;34m/[0;34mt[0;34me[0;34ms[0;34mt[0;34m/[0;34mn[0;34mo[0;34mr[0;34mt[0;34mh[0;34m.[0;34mx[0;34mp[0;34mm
[0m[0;34mS[0;34mO[0;34m [0;34mt[0;34me[0;34mx[0;34mt[0;34mu[0;34mr[0;34me[0;34ms[0;34m/[0;34mt[0;34me[0;34ms[0;34mt[0;34m/[0;34ms[0;34mo[0;34mu[0;34mt[0;34mh[0;34m.[0;34mx[0;34mp[0;34mm
[0m[0;34mW[0;34mE[0;34m [0;34mt[0;34me[0;34mx[0;34mt[0;34mu[0;34mr[0;34me[0;34ms[0;34m/[0;34mt[0;34me[0;34ms[0;34mt[0;34m/[0;34mw[0;34me[0;34ms[0;34mt[0;34m.[0;34mx[0;34mp[0;34mm
[0m[0;34mE[0;34mA[0;34m [0;34mt[0;34me[0;34mx[0;34mt[0;34mu[0;34mr[0;34me[0;34ms[0;34m/[0;34mt[0;34me[0;34ms[0;34mt[0;34m/[0;34me[0;34ma[0;34ms[0;34mt[0;34m.[0;34mx[0;34mp[0;34mm
[0m
[0m[0;34mF[0;34m [0;34m2[0;34m2[0;34m0[0;34m,[0;34m1[0;34m0[0;34m0[0;34m,[0;34m0
[0m[0;34mC[0;34m [0;34m2[0;34m2[0;34m5[0;34m,[0;34m3[0;34m0[0;34m,[0;34m0
[0m
[0m[0;34m [0;34m [0;34m [0;34m [0;34m [0;34m [0;34m [0;34m [0;34m1[0;34m1[0;34m1[0;34m1[0;34m1[0;34m1[0;34m1[0;34m1[0;34m1[0;34m1[0;34m1[0;34m1[0;34m1[0;34m1[0;34m1[0;34m1[0;34m1[0;34m1[0;34m1[0;34m1[0;34m1[0;34m1[0;34m1[0;34m1[0;34m1
[0m[0;34m [0;34m [0;34m [0;34m [0;34m [0;34m [0;34m [0;34m [0;34m1[0;34m0[0;34m0[0;34m0[0;34m0[0;34m0[0;34m0[0;34m0[0;34m0[0;34m0[0;34m1[0;34m1[0;34m0[0;34m0[0;34m0[0;34m0[0;34m0[0;34m0[0;34m0[0;34m0[0;34m0[0;34m0[0;34m0[0;34m0[0;34m1
[0m[0;34m [0;34m [0;34m [0;34m [0;34m [0;34m [0;34m [0;34m [0;34m1[0;34m0[0;34m1[0;34m1[0;34m0[0;34m0[0;34m0[0;34m0[0;34m0[0;34m1[0;34m1[0;34m1[0;34m0[0;34m0[0;34m0[0;34m0[0;34m0[0;34m0[0;34m0[0;34m0[0;34m0[0;34m0[0;34m0[0;34m0[0;34m1
[0m[0;34m [0;34m [0;34m [0;34m [0;34m [0;34m [0;34m [0;34m [0;34m1[0;34m0[0;34m0[0;34m1[0;34m0[0;34m0[0;34m0[0;34m0[0;34m0[0;34m0[0;34m0[0;34m0[0;34m0[0;34m0[0;34m0[0;34m0[0;34m0[0;34m0[0;34m0[0;34m0[0;34m0[0;34m0[0;34m0[0;34m0[0;34m1
[0m[0;34m1[0;34m1[0;34m1[0;34m1[0;34m1[0;34m1[0;34m1[0;34m1[0;34m1[0;34m0[0;34m1[0;34m1[0;34m0[0;34m0[0;34m0[0;34m0[0;34m0[0;34m1[0;34m1[0;34m1[0;34m0[0;34m0[0;34m0[0;34m0[0;34m0[0;34m0[0;34m0[0;34m0[0;34m0[0;34m0[0;34m0[0;34m0[0;34m1
[0m[0;34m1[0;34m0[0;34m0[0;34m0[0;34m0[0;34m0[0;34m0[0;34m0[0;34m0[0;34m0[0;34m1[0;34m1[0;34m0[0;34m0[0;34m0[0;34m0[0;34m0[0;34m1[0;34m1[0;34m1[0;34m0[0;34m1[0;34m1[0;34m1[0;34m1[0;34m1[0;34m1[0;34m1[0;34m1[0;34m1[0;34m1[0;34m1[0;34m1
[0m[0;34m1[0;34m1[0;34m1[0;34m1[0;34m0[0;34m1[0;34m1[0;34m1[0;34m1[0;34m1[0;34m1[0;34m1[0;34m1[0;34m1[0;34m0[0;34m1[0;34m1[0;34m1[0;34m0[0;34m0[0;34m0[0;34m0[0;34m0[0;34m0[0;34m1[0;34m0[0;34m0[0;34m0[0;34m1
[0m[0;34m1[0;34m1[0;34m1[0;34m1[0;34m0[0;34m1[0;34m1[0;34m1[0;34m1[0;34m1[0;34m1[0;34m1[0;34m1[0;34m1[0;34m0[0;34m1[0;34m1[0;34m1[0;34m0[0;34m1[0;34m0[0;34m1[0;34m0[0;34m0[0;34m1[0;34m0[0;34m0[0;34m0[0;34m1
[0m[0;34m1[0;34m1[0;34m0[0;34m0[0;34m0[0;34m0[0;34m0[0;34m0[0;34m1[0;34m1[0;34m0[0;34m1[0;34m0[0;34m1[0;34m0[0;34m1[0;34m1[0;34m1[0;34m0[0;34m0[0;34m0[0;34m0[0;34m0[0;34m0[0;34m1[0;34m0[0;34m0[0;34m0[0;34m1
[0m[0;34m1[0;34m0[0;34m0[0;34m0[0;34m0[0;34m0[0;34m0[0;34m0[0;34m0[0;34m0[0;34m0[0;34m0[0;34m0[0;34m0[0;34m0[0;34m0[0;34m1[0;34m1[0;34m0[0;34m0[0;34m0[0;34m0[0;34m0[0;34m0[0;34m1[0;34m0[0;34m0[0;34m0[0;34m1
[0m[0;34m1[0;34m0[0;34m0[0;34m0[0;34m0[0;34m0[0;34m0[0;34m0[0;34m0[0;34m0[0;34m0[0;34m0[0;34m0[0;34m0[0;34m0[0;34m0[0;34m1[0;34m1[0;34m0[0;34m1[0;34m0[0;34m1[0;34m0[0;34m0[0;34m1[0;34m0[0;34m0[0;34m0[0;34m1
[0m[0;34m1[0;34m1[0;34m0[0;34m0[0;34m0[0;34m0[0;34m0[0;34m1[0;34m1[0;34m1[0;34m0[0;34m1[0;34m0[0;34m1[0;34m0[0;34m1[0;34m1[0;34m1[0;34m1[0;34m1[0;34m0[0;34m1[0;34m1[0;34m1[0;34m1[0;34m0[0;34mN[0;34m0[0;34m1[0;34m1[0;34m1
[0m[0;34m1[0;34m1[0;[0;32m[Debug info] map end:[0m21
[0;32m[Debug info] map height:[0m14
[0;32m[Debug info]üõ†Ô∏è  Map info üîç
[0m[0;32m[Debug info] - Map width:[0m33
[0;32m[Debug info] - Map height:[0m14
[0;32m[Debug info]üõ†Ô∏è  Starting player position info üîç
[0m[0;32m[Debug info] - Player X:[0m26
[0;32m[Debug info] - Player Y:[0m11
[0;32m[Debug info] - Player Direction:[0mN
[0;32m[Debug info]üõ†Ô∏è  Colors info c:  üîç
[0m[0;32m[Debug info]üõ†Ô∏è  Colors info f:  üîç
[0m[0;32m[Debug info]üõ†Ô∏è  Textures info:  üîç
[0m[0;32m[Debug info] Texture north:[0mtextures/test/north.xpm
[0;32m[Debug info] Texture south:[0mtextures/test/south.xpm
[0;32m[Debug info] Texture west:[0mtextures/test/west.xpm
[0;32m[Debug info] Texture east:[0mtextures/test/east.xpm
34m1[0;34m1[0;34m0[0;34m1[0;34m1[0;34m1[0;34m [0;34m1[0;34m1[0;34m1[0;34m0[0;34m1[0;34m0[0;34m1[0;34m [0;34m1[0;34m0[0;34m1[0;34m1[0;34m1[0;34m1[0;34m0[0;34m1[0;34m0[0;34m0[0;34m0[0;34m1
[0m[0;34m1[0;34m1[0;34m1[0;34m1[0;34m1[0;34m1[0;34m1[0;34m1[0;34m [0;34m1[0;34m1[0;34m1[0;34m1[0;34m1[0;34m1[0;34m1[0;34m [0;34m1[0;34m1[0;34m1[0;34m1[0;34m1[0;34m1[0;34m1[0;34m1[0;34m1[0;34m1[0;34m1[0;34m1
[0m[0;34m2[0;34m2[0;34m5
[0m[0;34m3[0;34m0
[0m[0;34m0
[0m[0;34m2[0;34m2[0;34m0
[0m[0;34m1[0;34m0[0;34m0
[0m[0;34m0
[0m[0;34m1[0;34m1[0;34m1[0;34m1[0;34m1[0;34m1[0;34m1[0;34m1[0;34m1[0;34m1[0;34m1[0;34m1[0;34m1[0;34m1[0;34m1[0;34m1[0;34m1[0;34m1[0;34m1[0;34m1[0;34m1[0;34m1[0;34m1[0;34m1[0;34m1[0;34m1[0;34m1[0;34m1[0;34m1[0;34m1[0;34m1[0;34m1[0;34m1
[0m[0;34m1[0;34m1[0;34m1[0;34m1[0;34m1[0;34m1[0;34m1[0;34m1[0;34m1[0;34m0[0;34m0[0;34m0[0;34m0[0;34m0[0;34m0[0;34m0[0;34m0[0;34m0[0;34m1[0;34m1[0;34m0[0;34m0[0;34m0[0;34m0[0;34m0[0;34m0[0;34m0[0;34m0[0;34m0[0;34m0[0;34m0[0;34m0[0;34m1
[0m[0;34m1[0;34m1[0;34m1[0;34m1[0;34m1[0;34m1[0;34m1[0;34m1[0;34m1[0;34m0[0;34m1[0;34m1[0;34m0[0;34m0[0;34m0[0;34m0[0;34m0[0;34m1[0;34m1[0;34m1[0;34m0[0;34m0[0;34m0[0;34m0[0;34m0[0;34m0[0;34m0[0;34m0[0;34m0[0;34m0[0;34m0[0;34m0[0;34m1
[0m[0;34m1[0;34m1[0;34m1[0;34m1[0;34m1[0;34m1[0;34m1[0;34m1[0;34m1[0;34m0[0;34m0[0;34m1[0;34m0[0;34m0[0;34m0[0;34m0[0;34m0[0;34m0[0;34m0[0;34m0[0;34m0[0;34m0[0;34m0[0;34m0[0;34m0[0;34m0[0;34m0[0;34m0[0;34m0[0;34m0[0;34m0[0;34m0[0;34m1
[0m[0;34m1[0;34m1[0;34m1[0;34m1[0;34m1[0;34m1[0;34m1[0;34m1[0;34m1[0;34m0[0;34m1[0;34m1[0;34m0[0;34m0[0;34m0[0;34m0[0;34m0[0;34m1[0;34m1[0;34m1[0;34m0[0;34m0[0;34m0[0;34m0[0;34m0[0;34m0[0;34m0[0;34m0[0;34m0[0;34m0[0;34m0[0;34m0[0;34m1
[0m[0;34m1[0;34m0[0;34m0[0;34m0[0;34m0[0;34m0[0;34m0[0;34m0[0;34m0[0;34m0[0;34m1[0;34m1[0;34m0[0;34m0[0;34m0[0;34m0[0;34m0[0;34m1[0;34m1[0;34m1[0;34m0[0;34m1[0;34m1[0;34m1[0;34m1[0;34m1[0;34m1[0;34m1[0;34m1[0;34m1[0;34m1[0;34m1[0;34m1
[0m[0;34m1[0;34m1[0;34m1[0;34m1[0;34m0[0;34m1[0;34m1[0;34m1[0;34m1[0;34m1[0;34m1[0;34m1[0;34m1[0;34m1[0;34m0[0;34m1[0;34m1[0;34m1[0;34m0[0;34m0[0;34m0[0;34m0[0;34m0[0;34m0[0;34m1[0;34m0[0;34m0[0;34m0[0;34m1[0;34m1[0;34m1[0;34m1[0;34m1
[0m[0;34m1[0;34m1[0;34m1[0;34m1[0;34m0[0;34m1[0;34m1[0;34m1[0;34m1[0;34m1[0;34m1[0;34m1[0;34m1[0;34m1[0;34m0[0;34m1[0;34m1[0;34m1[0;34m0[0;34m1[0;34m0[0;34m1[0;34m0[0;34m0[0;34m1[0;34m0[0;34m0[0;34m0[0;34m1[0;34m1[0;34m1[0;34m1[0;34m1
[0m[0;34m1[0;34m1[0;34m0[0;34m0[0;34m0[0;34m0[0;34m0[0;34m0[0;34m1[0;34m1[0;34m0[0;34m1[0;34m0[0;34m1[0;34m0[0;34m1[0;34m1[0;34m1[0;34m0[0;34m0[0;34m0[0;34m0[0;34m0[0;34m0[0;34m1[0;34m0[0;34m0[0;34m0[0;34m1[0;34m1[0;34m1[0;34m1[0;34m1
[0m[0;34m1[0;34m0[0;34m0[0;34m0[0;34m0[0;34m0[0;34m0[0;34m0[0;34m0[0;34m0[0;34m0[0;34m0[0;34m0[0;34m0[0;34m0[0;34m0[0;34m1[0;34m1[0;34m0[0;34m0[0;34m0[0;34m0[0;34m0[0;34m0[0;34m1[0;34m0[0;34m0[0;34m0[0;34m1[0;34m1[0;34m1[0;34m1[0;34m1
[0m[0;34m1[0;34m0[0;34m0[0;34m0[0;34m0[0;34m0[0;34m0[0;34m0[0;34m0[0;34m0[0;34m0[0;34m0[0;34m0[0;34m0[0;34m0[0;34m0[0;34m1[0;34m1[0;34m0[0;34m1[0;34m0[0;34m1[0;34m0[0;34m0[0;34m1[0;34m0[0;34m0[0;34m0[0;34m1[0;34m1[0;34m1[0;34m1[0;34m1
[0m[0;34m1[0;34m1[0;34m0[0;34m0[0;34m0[0;34m0[0;34m0[0;34m1[0;34m1[0;34m1[0;34m0[0;34m1[0;34m0[0;34m1[0;34m0[0;34m1[0;34m1[0;34m1[0;34m1[0;34m1[0;34m0[0;34m1[0;34m1[0;34m1[0;34m1[0;34m0[0;34mN[0;34m0[0;34m1[0;34m1[0;34m1[0;34m1[0;34m1
[0m[0;34m1[0;34m1[0;34m1[0;34m1[0;34m0[0;34m1[0;34m1[0;34m1[0;34m1[0;34m1[0;34m1[0;34m1[0;34m0[0;34m1[0;34m0[0;34m1[0;34m1[0;34m1[0;34m0[0;34m1[0;34m1[0;34m1[0;34m1[0;34m0[0;34m1[0;34m0[0;34m0[0;34m0[0;34m1[0;34m1[0;34m1[0;34m1[0;34m1
[0m[0;34m1[0;34m1[0;34m1[0;34m1[0;34m1[0;34m1[0;34m1[0;34m1[0;34m1[0;34m1[0;34m1[0;34m1[0;34m1[0;34m1[0;34m1[0;34m1[0;34m1[0;34m1[0;34m1[0;34m1[0;34m1[0;34m1[0;34m1[0;34m1[0;34m1[0;34m1[0;34m1[0;34m1[0;34m1[0;34m1[0;34m1[0;34m1[0;34m1
[0mExit code: 0
‚ö†Ô∏è No Valgrind alerts, but with leaks[0m  
==69516== Memcheck, a memory error detector
==69516== Copyright (C) 2002-2022, and GNU GPL'd, by Julian Seward et al.
==69516== Using Valgrind-3.22.0 and LibVEX; rerun with -h for copyright info
==69516== Command: ./cub3d ./maps/good/subject_map.cub
==69516== Parent PID: 69289
==69516== 
==69516== 
==69516== HEAP SUMMARY:
==69516==     in use at exit: 1,575 bytes in 52 blocks
==69516==   total heap usage: 164 allocs, 112 frees, 10,128 bytes allocated
==69516== 
==69516== LEAK SUMMARY:
==69516==    definitely lost: 481 bytes in 10 blocks
==69516==    indirectly lost: 1,094 bytes in 42 blocks
==69516==      possibly lost: 0 bytes in 0 blocks
==69516==    still reachable: 0 bytes in 0 blocks
==69516==         suppressed: 0 bytes in 0 blocks
==69516== Rerun with --leak-check=full to see details of leaked memory
==69516== 
==69516== For lists of detected and suppressed errors, rerun with: -s
==69516== ERROR SUMMARY: 0 errors from 0 contexts (suppressed: 0 from 0)
Running valgrind on ./maps/good/test_map.cub...

[0;32m[Debug info] map end:[0m15
[0;32m[Debug info] map height:[0m8
[0;32m[Debug info]üõ†Ô∏è  Map info üîç
[0m[0;32m[Debug info] - Map width:[0m12
[0;32m[Debug info] - Map height:[0m8
[0;32m[Debug info]üõ†Ô∏è  Starting player position info üîç
[0m[0;32m[Debug info] - Player X:[0m2
[0;32m[Debug info] - Player Y:[0m4
[0;32m[Debug info] - Player Direction:[0mS
[0;32m[Debug info]üõ†Ô∏è  Colors info c:  üîç
[0m[0;32m[Debug info]üõ†Ô∏è  Colors info f:  üîç
[0m[0;32m[Debug info]üõ†Ô∏è  Textures info:  üîç
[0m[0;32m[Debug info] Texture north:[0mtextures/test/north.xpm
[0;32m[Debug info] Texture south:[0mtextures/test/south.xpm
[0;32m[Debug info] Texture west:[0mtextures/test/west.xpm
[0;32m[Debug info] Texture east:[0mtextures/test/east.xpm
[0;34mN[0;34mO[0;34m [0;34mt[0;34me[0;34mx[0;34mt[0;34mu[0;34mr[0;34me[0;34ms[0;34m/[0;34mt[0;34me[0;34ms[0;34mt[0;34m/[0;34mn[0;34mo[0;34mr[0;34mt[0;34mh[0;34m.[0;34mx[0;34mp[0;34mm
[0m[0;34mS[0;34mO[0;34m [0;34mt[0;34me[0;34mx[0;34mt[0;34mu[0;34mr[0;34me[0;34ms[0;34m/[0;34mt[0;34me[0;34ms[0;34mt[0;34m/[0;34ms[0;34mo[0;34mu[0;34mt[0;34mh[0;34m.[0;34mx[0;34mp[0;34mm
[0m[0;34mW[0;34mE[0;34m [0;34mt[0;34me[0;34mx[0;34mt[0;34mu[0;34mr[0;34me[0;34ms[0;34m/[0;34mt[0;34me[0;34ms[0;34mt[0;34m/[0;34mw[0;34me[0;34ms[0;34mt[0;34m.[0;34mx[0;34mp[0;34mm
[0m[0;34mE[0;34mA[0;34m [0;34mt[0;34me[0;34mx[0;34mt[0;34mu[0;34mr[0;34me[0;34ms[0;34m/[0;34mt[0;34me[0;34ms[0;34mt[0;34m/[0;34me[0;34ma[0;34ms[0;34mt[0;34m.[0;34mx[0;34mp[0;34mm
[0m
[0m[0;34mF[0;34m [0;34m1[0;34m8[0;34m,[0;34m5[0;34m3[0;34m,[0;34m2[0;34m5
[0m[0;34mC[0;34m [0;34m1[0;34m5[0;34m3[0;34m,[0;34m2[0;34m0[0;34m4[0;34m,[0;34m2[0;34m5[0;34m5
[0m
[0m[0;34m1[0;34m1[0;34m1[0;34m1[0;34m1[0;34m1[0;34m1[0;34m1[0;34m1[0;34m1[0;34m1[0;34m1
[0m[0;34m1[0;34m [0;34m [0;34m [0;34m [0;34m [0;34m [0;34m [0;34m [0;34m [0;34m1[0;34m1
[0m[0;34m1[0;34m [0;34m [0;34m [0;34m [0;34m [0;34m [0;34m [0;34m [0;34m [0;34m [0;34m1
[0m[0;34m1[0;34m1[0;34m1[0;34m1[0;34m1[0;34m1[0;34m1[0;34m1[0;34m1[0;34m1[0;34m1[0;34m1
[0m[0;34m1[0;34m0[0;34mS[0;34m0[0;34m0[0;34m0[0;34m0[0;34m0[0;34m0[0;34m0[0;34m0[0;34m1
[0m[0;34m1[0;34m1[0;34m1[0;34m1[0;34m1[0;34m1[0;34m1[0;34m1[0;34m1[0;34m1[0;34m1[0;34m1
[0m[0;34m1[0;34m1[0;34m [0;34m [0;34m [0;34m [0;34m [0;34m [0;34m [0;34m [0;34m [0;34m1
[0m[0;34m1[0;34m1[0;34m1[0;34m1[0;34m1[0;34m1[0;34m1[0;34m1[0;34m1[0;34m1[0;34m1[0;34m1
[0m[0;34m1[0;34m5[0;34m3
[0m[0;34m2[0;34m0[0;34m4
[0m[0;34m2[0;34m5[0;34m5
[0m[0;34m1[0;34m8
[0m[0;34m5[0;34m3
[0m[0;34m2[0;34m5
[0m[0;34m1[0;34m1[0;34m1[0;34m1[0;34m1[0;34m1[0;34m1[0;34m1[0;34m1[0;34m1[0;34m1[0;34m1
[0m[0;34m1[0;34m1[0;34m1[0;34m1[0;34m1[0;34m1[0;34m1[0;34m1[0;34m1[0;34m1[0;34m1[0;34m1
[0m[0;34m1[0;34m1[0;34m1[0;34m1[0;34m1[0;34m1[0;34m1[0;34m1[0;34m1[0;34m1[0;34m1[0;34m1
[0m[0;34m1[0;34m1[0;34m1[0;34m1[0;34m1[0;34m1[0;34m1[0;34m1[0;34m1[0;34m1[0;34m1[0;34m1
[0m[0;34m1[0;34m0[0;34mS[0;34m0[0;34m0[0;34m0[0;34m0[0;34m0[0;34m0[0;34m0[0;34m0[0;34m1
[0m[0;34m1[0;34m1[0;34m1[0;34m1[0;34m1[0;34m1[0;34m1[0;34m1[0;34m1[0;34m1[0;34m1[0;34m1
[0m[0;34m1[0;34m1[0;34m1[0;34m1[0;34m1[0;34m1[0;34m1[0;34m1[0;34m1[0;34m1[0;34m1[0;34m1
[0m[0;34m1[0;34m1[0;34m1[0;34m1[0;34m1[0;34m1[0;34m1[0;34m1[0;34m1[0;34m1[0;34m1[0;34m1
[0mExit code: 0
‚ö†Ô∏è No Valgrind alerts, but with leaks[0m  
==69519== Memcheck, a memory error detector
==69519== Copyright (C) 2002-2022, and GNU GPL'd, by Julian Seward et al.
==69519== Using Valgrind-3.22.0 and LibVEX; rerun with -h for copyright info
==69519== Command: ./cub3d ./maps/good/test_map.cub
==69519== Parent PID: 69289
==69519== 
==69519== 
==69519== HEAP SUMMARY:
==69519==     in use at exit: 765 bytes in 40 blocks
==69519==   total heap usage: 113 allocs, 73 frees, 7,229 bytes allocated
==69519== 
==69519== LEAK SUMMARY:
==69519==    definitely lost: 387 bytes in 10 blocks
==69519==    indirectly lost: 378 bytes in 30 blocks
==69519==      possibly lost: 0 bytes in 0 blocks
==69519==    still reachable: 0 bytes in 0 blocks
==69519==         suppressed: 0 bytes in 0 blocks
==69519== Rerun with --leak-check=full to see details of leaked memory
==69519== 
==69519== For lists of detected and suppressed errors, rerun with: -s
==69519== ERROR SUMMARY: 0 errors from 0 contexts (suppressed: 0 from 0)
Running valgrind on ./maps/good/test_map_hole.cub...

[0;32m[Debug info] map end:[0m15
[0;32m[Debug info] map height:[0m8
[0;32m[Debug info]üõ†Ô∏è  Map info üîç
[0m[0;32m[Debug info] - Map width:[0m12
[0;32m[Debug info] - Map height:[0m8
[0;32m[Debug info]üõ†Ô∏è  Starting player position info üîç
[0m[0;32m[Debug info] - Player X:[0m2
[0;32m[Debug info] - Player Y:[0m4
[0;32m[Debug info] - Player Direction:[0mS
[0;32m[Debug info]üõ†Ô∏è  Colors info c:  üîç
[0m[0;32m[Debug info]üõ†Ô∏è  Colors info f:  üîç
[0m[0;32m[Debug info]üõ†Ô∏è  Textures info:  üîç
[0m[0;32m[Debug info] Texture north:[0mtextures/test/north.xpm
[0;32m[Debug info] Texture south:[0mtextures/test/south.xpm
[0;32m[Debug info] Texture west:[0mtextures/test/west.xpm
[0;32m[Debug info] Texture east:[0mtextures/test/east.xpm
[0;34mN[0;34mO[0;34m [0;34mt[0;34me[0;34mx[0;34mt[0;34mu[0;34mr[0;34me[0;34ms[0;34m/[0;34mt[0;34me[0;34ms[0;34mt[0;34m/[0;34mn[0;34mo[0;34mr[0;34mt[0;34mh[0;34m.[0;34mx[0;34mp[0;34mm
[0m[0;34mS[0;34mO[0;34m [0;34mt[0;34me[0;34mx[0;34mt[0;34mu[0;34mr[0;34me[0;34ms[0;34m/[0;34mt[0;34me[0;34ms[0;34mt[0;34m/[0;34ms[0;34mo[0;34mu[0;34mt[0;34mh[0;34m.[0;34mx[0;34mp[0;34mm
[0m[0;34mW[0;34mE[0;34m [0;34mt[0;34me[0;34mx[0;34mt[0;34mu[0;34mr[0;34me[0;34ms[0;34m/[0;34mt[0;34me[0;34ms[0;34mt[0;34m/[0;34mw[0;34me[0;34ms[0;34mt[0;34m.[0;34mx[0;34mp[0;34mm
[0m[0;34mE[0;34mA[0;34m [0;34mt[0;34me[0;34mx[0;34mt[0;34mu[0;34mr[0;34me[0;34ms[0;34m/[0;34mt[0;34me[0;34ms[0;34mt[0;34m/[0;34me[0;34ma[0;34ms[0;34mt[0;34m.[0;34mx[0;34mp[0;34mm
[0m
[0m[0;34mF[0;34m [0;34m1[0;34m8[0;34m,[0;34m5[0;34m3[0;34m,[0;34m2[0;34m5
[0m[0;34mC[0;34m [0;34m1[0;34m5[0;34m3[0;34m,[0;34m2[0;34m0[0;34m4[0;34m,[0;34m2[0;34m5[0;34m5
[0m
[0m[0;34m1[0;34m1[0;34m1[0;34m1[0;34m1[0;34m1[0;34m1[0;34m1[0;34m1[0;34m1[0;34m1[0;34m1
[0m[0;34m1[0;34m [0;34m [0;34m [0;34m [0;34m [0;34m [0;34m [0;34m [0;34m [0;34m1[0;34m1
[0m[0;34m1[0;34m [0;34m [0;34m [0;34m [0;34m [0;34m [0;34m [0;34m0[0;34m0[0;34m0[0;34m1
[0m[0;34m1[0;34m0[0;34m0[0;34m0[0;34m0[0;34m0[0;34m0[0;34m [0;34m0[0;34m0[0;34m1[0;34m1
[0m[0;34m1[0;34m0[0;34mS[0;34m0[0;34m0[0;34m0[0;34m0[0;34m0[0;34m0[0;34m0[0;34m0[0;34m1
[0m[0;34m1[0;34m1[0;34m1[0;34m1[0;34m1[0;34m1[0;34m1[0;34m1[0;34m1[0;34m1[0;34m1[0;34m1
[0m[0;34m1[0;34m1[0;34m [0;34m [0;34m [0;34m [0;34m [0;34m [0;34m [0;34m [0;34m [0;34m1
[0m[0;34m1[0;34m1[0;34m1[0;34m1[0;34m1[0;34m1[0;34m1[0;34m1[0;34m1[0;34m1[0;34m1[0;34m1
[0m[0;34m1[0;34m5[0;34m3
[0m[0;34m2[0;34m0[0;34m4
[0m[0;34m2[0;34m5[0;34m5
[0m[0;34m1[0;34m8
[0m[0;34m5[0;34m3
[0m[0;34m2[0;34m5
[0m[0;34m1[0;34m1[0;34m1[0;34m1[0;34m1[0;34m1[0;34m1[0;34m1[0;34m1[0;34m1[0;34m1[0;34m1
[0m[0;34m1[0;34m1[0;34m1[0;34m1[0;34m1[0;34m1[0;34m1[0;34m1[0;34m1[0;34m1[0;34m1[0;34m1
[0m[0;34m1[0;34m1[0;34m1[0;34m1[0;34m1[0;34m1[0;34m1[0;34m1[0;34m0[0;34m0[0;34m0[0;34m1
[0m[0;34m1[0;34m0[0;34m0[0;34m0[0;34m0[0;34m0[0;34m0[0;34m1[0;34m0[0;34m0[0;34m1[0;34m1
[0m[0;34m1[0;34m0[0;34mS[0;34m0[0;34m0[0;34m0[0;34m0[0;34m0[0;34m0[0;34m0[0;34m0[0;34m1
[0m[0;34m1[0;34m1[0;34m1[0;34m1[0;34m1[0;34m1[0;34m1[0;34m1[0;34m1[0;34m1[0;34m1[0;34m1
[0m[0;34m1[0;34m1[0;34m1[0;34m1[0;34m1[0;34m1[0;34m1[0;34m1[0;34m1[0;34m1[0;34m1[0;34m1
[0m[0;34m1[0;34m1[0;34m1[0;34m1[0;34m1[0;34m1[0;34m1[0;34m1[0;34m1[0;34m1[0;34m1[0;34m1
[0mExit code: 0
‚ö†Ô∏è No Valgrind alerts, but with leaks[0m  
==69596== Memcheck, a memory error detector
==69596== Copyright (C) 2002-2022, and GNU GPL'd, by Julian Seward et al.
==69596== Using Valgrind-3.22.0 and LibVEX; rerun with -h for copyright info
==69596== Command: ./cub3d ./maps/good/test_map_hole.cub
==69596== Parent PID: 69289
==69596== 
==69596== 
==69596== HEAP SUMMARY:
==69596==     in use at exit: 765 bytes in 40 blocks
==69596==   total heap usage: 113 allocs, 73 frees, 7,229 bytes allocated
==69596== 
==69596== LEAK SUMMARY:
==69596==    definitely lost: 387 bytes in 10 blocks
==69596==    indirectly lost: 378 bytes in 30 blocks
==69596==      possibly lost: 0 bytes in 0 blocks
==69596==    still reachable: 0 bytes in 0 blocks
==69596==         suppressed: 0 bytes in 0 blocks
==69596== Rerun with --leak-check=full to see details of leaked memory
==69596== 
==69596== For lists of detected and suppressed errors, rerun with: -s
==69596== ERROR SUMMARY: 0 errors from 0 contexts (suppressed: 0 from 0)
Running valgrind on ./maps/good/test_pos_bottom.cub...

[0;32m[Debug info] map end:[0m20
[0;32m[Debug info] map height:[0m13
[0;32m[Debug info]üõ†Ô∏è  Map info üîç
[0m[0;32m[Debug info] - Map width:[0m3
[0;32m[Debug info] - Map height:[0m13
[0;32m[Debug info]üõ†Ô∏è  Starting player position info üîç
[0m[0;32m[Debug info] - Player X:[0m1
[0;32m[Debug info] - Player Y:[0m11
[0;32m[Debug info] - Player Direction:[0mS
[0;32m[Debug info]üõ†Ô∏è  Colors info c:  üîç
[0m[0;32m[Debug info]üõ†Ô∏è  Colors info f:  üîç
[0m[0;32m[Debug info]üõ†Ô∏è  Textures info:  üîç
[0m[0;32m[Debug info] Texture north:[0mtextures/test/north.xpm
[0;32m[Debug info] Texture south:[0mtextures/test/south.xpm
[0;32m[Debug info] Texture west:[0mtextures/test/west.xpm
[0;32m[Debug info] Texture east:[0mtextures/test/east.xpm
[0;34mN[0;34mO[0;34m [0;34mt[0;34me[0;34mx[0;34mt[0;34mu[0;34mr[0;34me[0;34ms[0;34m/[0;34mt[0;34me[0;34ms[0;34mt[0;34m/[0;34mn[0;34mo[0;34mr[0;34mt[0;34mh[0;34m.[0;34mx[0;34mp[0;34mm
[0m[0;34mS[0;34mO[0;34m [0;34mt[0;34me[0;34mx[0;34mt[0;34mu[0;34mr[0;34me[0;34ms[0;34m/[0;34mt[0;34me[0;34ms[0;34mt[0;34m/[0;34ms[0;34mo[0;34mu[0;34mt[0;34mh[0;34m.[0;34mx[0;34mp[0;34mm
[0m[0;34mW[0;34mE[0;34m [0;34mt[0;34me[0;34mx[0;34mt[0;34mu[0;34mr[0;34me[0;34ms[0;34m/[0;34mt[0;34me[0;34ms[0;34mt[0;34m/[0;34mw[0;34me[0;34ms[0;34mt[0;34m.[0;34mx[0;34mp[0;34mm
[0m[0;34mE[0;34mA[0;34m [0;34mt[0;34me[0;34mx[0;34mt[0;34mu[0;34mr[0;34me[0;34ms[0;34m/[0;34mt[0;34me[0;34ms[0;34mt[0;34m/[0;34me[0;34ma[0;34ms[0;34mt[0;34m.[0;34mx[0;34mp[0;34mm
[0m
[0m[0;34mF[0;34m [0;34m2[0;34m0[0;34m,[0;34m2[0;34m0[0;34m,[0;34m2[0;34m0
[0m[0;34mC[0;34m [0;34m2[0;34m0[0;34m0[0;34m,[0;34m2[0;34m0[0;34m0[0;34m,[0;34m2[0;34m0[0;34m0
[0m
[0m[0;34m1[0;34m1[0;34m1
[0m[0;34m1[0;34m0[0;34m1
[0m[0;34m1[0;34m0[0;34m1
[0m[0;34m1[0;34m0[0;34m1
[0m[0;34m1[0;34m0[0;34m1
[0m[0;34m1[0;34m0[0;34m1
[0m[0;34m1[0;34m0[0;34m1
[0m[0;34m1[0;34m0[0;34m1
[0m[0;34m1[0;34m0[0;34m1
[0m[0;34m1[0;34m0[0;34m1
[0m[0;34m1[0;34m0[0;34m1
[0m[0;34m1[0;34mS[0;34m1
[0m[0;34m1[0;34m1[0;34m1
[0m[0;34m2[0;34m0[0;34m0
[0m[0;34m2[0;34m0[0;34m0
[0m[0;34m2[0;34m0[0;34m0
[0m[0;34m2[0;34m0
[0m[0;34m2[0;34m0
[0m[0;34m2[0;34m0
[0m[0;34m1[0;34m1[0;34m1
[0m[0;34m1[0;34m0[0;34m1
[0m[0;34m1[0;34m0[0;34m1
[0m[0;34m1[0;34m0[0;34m1
[0m[0;34m1[0;34m0[0;34m1
[0m[0;34m1[0;34m0[0;34m1
[0m[0;34m1[0;34m0[0;34m1
[0m[0;34m1[0;34m0[0;34m1
[0m[0;34m1[0;34m0[0;34m1
[0m[0;34m1[0;34m0[0;34m1
[0m[0;34m1[0;34m0[0;34m1
[0m[0;34m1[0;34mS[0;34m1
[0m[0;34m1[0;34m1[0;34m1
[0mExit code: 0
‚ö†Ô∏è No Valgrind alerts, but with leaks[0m  
==69601== Memcheck, a memory error detector
==69601== Copyright (C) 2002-2022, and GNU GPL'd, by Julian Seward et al.
==69601== Using Valgrind-3.22.0 and LibVEX; rerun with -h for copyright info
==69601== Command: ./cub3d ./maps/good/test_pos_bottom.cub
==69601== Parent PID: 69289
==69601== 
==69601== 
==69601== HEAP SUMMARY:
==69601==     in use at exit: 746 bytes in 50 blocks
==69601==   total heap usage: 141 allocs, 91 frees, 8,007 bytes allocated
==69601== 
==69601== LEAK SUMMARY:
==69601==    definitely lost: 467 bytes in 10 blocks
==69601==    indirectly lost: 279 bytes in 40 blocks
==69601==      possibly lost: 0 bytes in 0 blocks
==69601==    still reachable: 0 bytes in 0 blocks
==69601==         suppressed: 0 bytes in 0 blocks
==69601== Rerun with --leak-check=full to see details of leaked memory
==69601== 
==69601== For lists of detected and suppressed errors, rerun with: -s
==69601== ERROR SUMMARY: 0 errors from 0 contexts (suppressed: 0 from 0)
Running valgrind on ./maps/good/test_pos_left.cub...

[0;32m[Debug info] map end:[0m10
[0;32m[Debug info] map height:[0m3
[0;32m[Debug info]üõ†Ô∏è  Map info üîç
[0m[0;32m[Debug info] - Map width:[0m21
[0;32m[Debug info] - Map height:[0m3
[0;32m[Debug info]üõ†Ô∏è  Starting player position info üîç
[0m[0;32m[Debug info] - Player X:[0m1
[0;32m[Debug info] - Player Y:[0m1
[0;32m[Debug info] - Player Direction:[0mW
[0;32m[Debug info]üõ†Ô∏è  Colors info c:  üîç
[0m[0;32m[Debug info]üõ†Ô∏è  Colors info f:  üîç
[0m[0;32m[Debug info]üõ†Ô∏è  Textures info:  üîç
[0m[0;32m[Debug info] Texture north:[0mtextures/test/north.xpm
[0;32m[Debug info] Texture south:[0mtextures/test/south.xpm
[0;32m[Debug info] Texture west:[0mtextures/test/west.xpm
[0;32m[Debug info] Texture east:[0mtextures/test/east.xpm
[0;34mN[0;34mO[0;34m [0;34mt[0;34me[0;34mx[0;34mt[0;34mu[0;34mr[0;34me[0;34ms[0;34m/[0;34mt[0;34me[0;34ms[0;34mt[0;34m/[0;34mn[0;34mo[0;34mr[0;34mt[0;34mh[0;34m.[0;34mx[0;34mp[0;34mm
[0m[0;34mS[0;34mO[0;34m [0;34mt[0;34me[0;34mx[0;34mt[0;34mu[0;34mr[0;34me[0;34ms[0;34m/[0;34mt[0;34me[0;34ms[0;34mt[0;34m/[0;34ms[0;34mo[0;34mu[0;34mt[0;34mh[0;34m.[0;34mx[0;34mp[0;34mm
[0m[0;34mW[0;34mE[0;34m [0;34mt[0;34me[0;34mx[0;34mt[0;34mu[0;34mr[0;34me[0;34ms[0;34m/[0;34mt[0;34me[0;34ms[0;34mt[0;34m/[0;34mw[0;34me[0;34ms[0;34mt[0;34m.[0;34mx[0;34mp[0;34mm
[0m[0;34mE[0;34mA[0;34m [0;34mt[0;34me[0;34mx[0;34mt[0;34mu[0;34mr[0;34me[0;34ms[0;34m/[0;34mt[0;34me[0;34ms[0;34mt[0;34m/[0;34me[0;34ma[0;34ms[0;34mt[0;34m.[0;34mx[0;34mp[0;34mm
[0m
[0m[0;34mF[0;34m [0;34m2[0;34m0[0;34m,[0;34m2[0;34m0[0;34m,[0;34m2[0;34m0
[0m[0;34mC[0;34m [0;34m2[0;34m0[0;34m0[0;34m,[0;34m2[0;34m0[0;34m0[0;34m,[0;34m2[0;34m0[0;34m0
[0m
[0m[0;34m1[0;34m1[0;34m1[0;34m1[0;34m1[0;34m1[0;34m1[0;34m1[0;34m1[0;34m1[0;34m1[0;34m1[0;34m1[0;34m1[0;34m1[0;34m1[0;34m1[0;34m1[0;34m1[0;34m1[0;34m1
[0m[0;34m1[0;34mW[0;34m0[0;34m0[0;34m0[0;34m0[0;34m0[0;34m0[0;34m0[0;34m0[0;34m0[0;34m0[0;34m0[0;34m0[0;34m0[0;34m0[0;34m0[0;34m0[0;34m0[0;34m0[0;34m1
[0m[0;34m1[0;34m1[0;34m1[0;34m1[0;34m1[0;34m1[0;34m1[0;34m1[0;34m1[0;34m1[0;34m1[0;34m1[0;34m1[0;34m1[0;34m1[0;34m1[0;34m1[0;34m1[0;34m1[0;34m1[0;34m1
[0m[0;34m2[0;34m0[0;34m0
[0m[0;34m2[0;34m0[0;34m0
[0m[0;34m2[0;34m0[0;34m0
[0m[0;34m2[0;34m0
[0m[0;34m2[0;34m0
[0m[0;34m2[0;34m0
[0m[0;34m1[0;34m1[0;34m1[0;34m1[0;34m1[0;34m1[0;34m1[0;34m1[0;34m1[0;34m1[0;34m1[0;34m1[0;34m1[0;34m1[0;34m1[0;34m1[0;34m1[0;34m1[0;34m1[0;34m1[0;34m1
[0m[0;34m1[0;34mW[0;34m0[0;34m0[0;34m0[0;34m0[0;34m0[0;34m0[0;34m0[0;34m0[0;34m0[0;34m0[0;34m0[0;34m0[0;34m0[0;34m0[0;34m0[0;34m0[0;34m0[0;34m0[0;34m1
[0m[0;34m1[0;34m1[0;34m1[0;34m1[0;34m1[0;34m1[0;34m1[0;34m1[0;34m1[0;34m1[0;34m1[0;34m1[0;34m1[0;34m1[0;34m1[0;34m1[0;34m1[0;34m1[0;34m1[0;34m1[0;34m1
[0mExit code: 0
‚ö†Ô∏è No Valgrind alerts, but with leaks[0m  
==69737== Memcheck, a memory error detector
==69737== Copyright (C) 2002-2022, and GNU GPL'd, by Julian Seward et al.
==69737== Using Valgrind-3.22.0 and LibVEX; rerun with -h for copyright info
==69737== Command: ./cub3d ./maps/good/test_pos_left.cub
==69737== Parent PID: 69289
==69737== 
==69737== 
==69737== HEAP SUMMARY:
==69737==     in use at exit: 604 bytes in 30 blocks
==69737==   total heap usage: 82 allocs, 52 frees, 6,237 bytes allocated
==69737== 
==69737== LEAK SUMMARY:
==69737==    definitely lost: 307 bytes in 10 blocks
==69737==    indirectly lost: 297 bytes in 20 blocks
==69737==      possibly lost: 0 bytes in 0 blocks
==69737==    still reachable: 0 bytes in 0 blocks
==69737==         suppressed: 0 bytes in 0 blocks
==69737== Rerun with --leak-check=full to see details of leaked memory
==69737== 
==69737== For lists of detected and suppressed errors, rerun with: -s
==69737== ERROR SUMMARY: 0 errors from 0 contexts (suppressed: 0 from 0)
Running valgrind on ./maps/good/test_pos_right.cub...

[0;32m[Debug info] map end:[0m10
[0;32m[Debug info] map height:[0m3
[0;32m[Debug info]üõ†Ô∏è  Map info üîç
[0m[0;32m[Debug info] - Map width:[0m21
[0;32m[Debug info] - Map height:[0m3
[0;32m[Debug info]üõ†Ô∏è  Starting player position info üîç
[0m[0;32m[Debug info] - Player X:[0m19
[0;32m[Debug info] - Player Y:[0m1
[0;32m[Debug info] - Player Direction:[0mE
[0;32m[Debug info]üõ†Ô∏è  Colors info c:  üîç
[0m[0;32m[Debug info]üõ†Ô∏è  Colors info f:  üîç
[0m[0;32m[Debug info]üõ†Ô∏è  Textures info:  üîç
[0m[0;32m[Debug info] Texture north:[0mtextures/test/north.xpm
[0;32m[Debug info] Texture south:[0mtextures/test/south.xpm
[0;32m[Debug info] Texture west:[0mtextures/test/west.xpm
[0;32m[Debug info] Texture east:[0mtextures/test/east.xpm
[0;34mN[0;34mO[0;34m [0;34mt[0;34me[0;34mx[0;34mt[0;34mu[0;34mr[0;34me[0;34ms[0;34m/[0;34mt[0;34me[0;34ms[0;34mt[0;34m/[0;34mn[0;34mo[0;34mr[0;34mt[0;34mh[0;34m.[0;34mx[0;34mp[0;34mm
[0m[0;34mS[0;34mO[0;34m [0;34mt[0;34me[0;34mx[0;34mt[0;34mu[0;34mr[0;34me[0;34ms[0;34m/[0;34mt[0;34me[0;34ms[0;34mt[0;34m/[0;34ms[0;34mo[0;34mu[0;34mt[0;34mh[0;34m.[0;34mx[0;34mp[0;34mm
[0m[0;34mW[0;34mE[0;34m [0;34mt[0;34me[0;34mx[0;34mt[0;34mu[0;34mr[0;34me[0;34ms[0;34m/[0;34mt[0;34me[0;34ms[0;34mt[0;34m/[0;34mw[0;34me[0;34ms[0;34mt[0;34m.[0;34mx[0;34mp[0;34mm
[0m[0;34mE[0;34mA[0;34m [0;34mt[0;34me[0;34mx[0;34mt[0;34mu[0;34mr[0;34me[0;34ms[0;34m/[0;34mt[0;34me[0;34ms[0;34mt[0;34m/[0;34me[0;34ma[0;34ms[0;34mt[0;34m.[0;34mx[0;34mp[0;34mm
[0m
[0m[0;34mF[0;34m [0;34m2[0;34m0[0;34m,[0;34m2[0;34m0[0;34m,[0;34m2[0;34m0
[0m[0;34mC[0;34m [0;34m2[0;34m0[0;34m0[0;34m,[0;34m2[0;34m0[0;34m0[0;34m,[0;34m2[0;34m0[0;34m0
[0m
[0m[0;34m1[0;34m1[0;34m1[0;34m1[0;34m1[0;34m1[0;34m1[0;34m1[0;34m1[0;34m1[0;34m1[0;34m1[0;34m1[0;34m1[0;34m1[0;34m1[0;34m1[0;34m1[0;34m1[0;34m1[0;34m1
[0m[0;34m1[0;34m0[0;34m0[0;34m0[0;34m0[0;34m0[0;34m0[0;34m0[0;34m0[0;34m0[0;34m0[0;34m0[0;34m0[0;34m0[0;34m0[0;34m0[0;34m0[0;34m0[0;34m0[0;34mE[0;34m1
[0m[0;34m1[0;34m1[0;34m1[0;34m1[0;34m1[0;34m1[0;34m1[0;34m1[0;34m1[0;34m1[0;34m1[0;34m1[0;34m1[0;34m1[0;34m1[0;34m1[0;34m1[0;34m1[0;34m1[0;34m1[0;34m1
[0m[0;34m2[0;34m0[0;34m0
[0m[0;34m2[0;34m0[0;34m0
[0m[0;34m2[0;34m0[0;34m0
[0m[0;34m2[0;34m0
[0m[0;34m2[0;34m0
[0m[0;34m2[0;34m0
[0m[0;34m1[0;34m1[0;34m1[0;34m1[0;34m1[0;34m1[0;34m1[0;34m1[0;34m1[0;34m1[0;34m1[0;34m1[0;34m1[0;34m1[0;34m1[0;34m1[0;34m1[0;34m1[0;34m1[0;34m1[0;34m1
[0m[0;34m1[0;34m0[0;34m0[0;34m0[0;34m0[0;34m0[0;34m0[0;34m0[0;34m0[0;34m0[0;34m0[0;34m0[0;34m0[0;34m0[0;34m0[0;34m0[0;34m0[0;34m0[0;34m0[0;34mE[0;34m1
[0m[0;34m1[0;34m1[0;34m1[0;34m1[0;34m1[0;34m1[0;34m1[0;34m1[0;34m1[0;34m1[0;34m1[0;34m1[0;34m1[0;34m1[0;34m1[0;34m1[0;34m1[0;34m1[0;34m1[0;34m1[0;34m1
[0mExit code: 0
‚ö†Ô∏è No Valgrind alerts, but with leaks[0m  
==69740== Memcheck, a memory error detector
==69740== Copyright (C) 2002-2022, and GNU GPL'd, by Julian Seward et al.
==69740== Using Valgrind-3.22.0 and LibVEX; rerun with -h for copyright info
==69740== Command: ./cub3d ./maps/good/test_pos_right.cub
==69740== Parent PID: 69289
==69740== 
==69740== 
==69740== HEAP SUMMARY:
==69740==     in use at exit: 604 bytes in 30 blocks
==69740==   total heap usage: 82 allocs, 52 frees, 6,237 bytes allocated
==69740== 
==69740== LEAK SUMMARY:
==69740==    definitely lost: 307 bytes in 10 blocks
==69740==    indirectly lost: 297 bytes in 20 blocks
==69740==      possibly lost: 0 bytes in 0 blocks
==69740==    still reachable: 0 bytes in 0 blocks
==69740==         suppressed: 0 bytes in 0 blocks
==69740== Rerun with --leak-check=full to see details of leaked memory
==69740== 
==69740== For lists of detected and suppressed errors, rerun with: -s
==69740== ERROR SUMMARY: 0 errors from 0 contexts (suppressed: 0 from 0)
Running valgrind on ./maps/good/test_pos_top.cub...

[0;32m[Debug info] map end:[0m20
[0;32m[Debug info] map height:[0m13
[0;32m[Debug info]üõ†Ô∏è  Map info üîç
[0m[0;32m[Debug info] - Map width:[0m3
[0;32m[Debug info] - Map height:[0m13
[0;32m[Debug info]üõ†Ô∏è  Starting player position info üîç
[0m[0;32m[Debug info] - Player X:[0m1
[0;32m[Debug info] - Player Y:[0m1
[0;32m[Debug info] - Player Direction:[0mN
[0;32m[Debug info]üõ†Ô∏è  Colors info c:  üîç
[0m[0;32m[Debug info]üõ†Ô∏è  Colors info f:  üîç
[0m[0;32m[Debug info]üõ†Ô∏è  Textures info:  üîç
[0m[0;32m[Debug info] Texture north:[0mtextures/test/north.xpm
[0;32m[Debug info] Texture south:[0mtextures/test/south.xpm
[0;32m[Debug info] Texture west:[0mtextures/test/west.xpm
[0;32m[Debug info] Texture east:[0mtextures/test/east.xpm
[0;34mN[0;34mO[0;34m [0;34mt[0;34me[0;34mx[0;34mt[0;34mu[0;34mr[0;34me[0;34ms[0;34m/[0;34mt[0;34me[0;34ms[0;34mt[0;34m/[0;34mn[0;34mo[0;34mr[0;34mt[0;34mh[0;34m.[0;34mx[0;34mp[0;34mm
[0m[0;34mS[0;34mO[0;34m [0;34mt[0;34me[0;34mx[0;34mt[0;34mu[0;34mr[0;34me[0;34ms[0;34m/[0;34mt[0;34me[0;34ms[0;34mt[0;34m/[0;34ms[0;34mo[0;34mu[0;34mt[0;34mh[0;34m.[0;34mx[0;34mp[0;34mm
[0m[0;34mW[0;34mE[0;34m [0;34mt[0;34me[0;34mx[0;34mt[0;34mu[0;34mr[0;34me[0;34ms[0;34m/[0;34mt[0;34me[0;34ms[0;34mt[0;34m/[0;34mw[0;34me[0;34ms[0;34mt[0;34m.[0;34mx[0;34mp[0;34mm
[0m[0;34mE[0;34mA[0;34m [0;34mt[0;34me[0;34mx[0;34mt[0;34mu[0;34mr[0;34me[0;34ms[0;34m/[0;34mt[0;34me[0;34ms[0;34mt[0;34m/[0;34me[0;34ma[0;34ms[0;34mt[0;34m.[0;34mx[0;34mp[0;34mm
[0m
[0m[0;34mF[0;34m [0;34m2[0;34m0[0;34m,[0;34m2[0;34m0[0;34m,[0;34m2[0;34m0
[0m[0;34mC[0;34m [0;34m2[0;34m0[0;34m0[0;34m,[0;34m2[0;34m0[0;34m0[0;34m,[0;34m2[0;34m0[0;34m0
[0m
[0m[0;34m1[0;34m1[0;34m1
[0m[0;34m1[0;34mN[0;34m1
[0m[0;34m1[0;34m0[0;34m1
[0m[0;34m1[0;34m0[0;34m1
[0m[0;34m1[0;34m0[0;34m1
[0m[0;34m1[0;34m0[0;34m1
[0m[0;34m1[0;34m0[0;34m1
[0m[0;34m1[0;34m0[0;34m1
[0m[0;34m1[0;34m0[0;34m1
[0m[0;34m1[0;34m0[0;34m1
[0m[0;34m1[0;34m0[0;34m1
[0m[0;34m1[0;34m0[0;34m1
[0m[0;34m1[0;34m1[0;34m1
[0m[0;34m2[0;34m0[0;34m0
[0m[0;34m2[0;34m0[0;34m0
[0m[0;34m2[0;34m0[0;34m0
[0m[0;34m2[0;34m0
[0m[0;34m2[0;34m0
[0m[0;34m2[0;34m0
[0m[0;34m1[0;34m1[0;34m1
[0m[0;34m1[0;34mN[0;34m1
[0m[0;34m1[0;34m0[0;34m1
[0m[0;34m1[0;34m0[0;34m1
[0m[0;34m1[0;34m0[0;34m1
[0m[0;34m1[0;34m0[0;34m1
[0m[0;34m1[0;34m0[0;34m1
[0m[0;34m1[0;34m0[0;34m1
[0m[0;34m1[0;34m0[0;34m1
[0m[0;34m1[0;34m0[0;34m1
[0m[0;34m1[0;34m0[0;34m1
[0m[0;34m1[0;34m0[0;34m1
[0m[0;34m1[0;34m1[0;34m1
[0mExit code: 0
‚ö†Ô∏è No Valgrind alerts, but with leaks[0m  
==69744== Memcheck, a memory error detector
==69744== Copyright (C) 2002-2022, and GNU GPL'd, by Julian Seward et al.
==69744== Using Valgrind-3.22.0 and LibVEX; rerun with -h for copyright info
==69744== Command: ./cub3d ./maps/good/test_pos_top.cub
==69744== Parent PID: 69289
==69744== 
==69744== 
==69744== HEAP SUMMARY:
==69744==     in use at exit: 746 bytes in 50 blocks
==69744==   total heap usage: 141 allocs, 91 frees, 8,007 bytes allocated
==69744== 
==69744== LEAK SUMMARY:
==69744==    definitely lost: 467 bytes in 10 blocks
==69744==    indirectly lost: 279 bytes in 40 blocks
==69744==      possibly lost: 0 bytes in 0 blocks
==69744==    still reachable: 0 bytes in 0 blocks
==69744==         suppressed: 0 bytes in 0 blocks
==69744== Rerun with --leak-check=full to see details of leaked memory
==69744== 
==69744== For lists of detected and suppressed errors, rerun with: -s
==69744== ERROR SUMMARY: 0 errors from 0 contexts (suppressed: 0 from 0)
Running valgrind on ./maps/good/test_textures.cub...

[0;32m[Debug info] map end:[0m20
[0;32m[Debug info] map height:[0m13
[0;32m[Debug info]üõ†Ô∏è  Map info üîç
[0m[0;32m[Debug info] - Map width:[0m5
[0;32m[Debug info] - Map height:[0m13
[0;32m[Debug info]üõ†Ô∏è  Starting player position info üîç
[0m[0;32m[Debug info] - Player X:[0m2
[0;32m[Debug info] - Player Y:[0m2
[0;32m[Debug info] - Player Direction:[0mS
[0;32m[Debug info]üõ†Ô∏è  Colors info c:  üîç
[0m[0;32m[Debug info]üõ†Ô∏è  Colors info f:  üîç
[0m[0;32m[Debug info]üõ†Ô∏è  Textures info:  üîç
[0m[0;32m[Debug info] Texture north:[0mtextures/test/north.xpm
[0;32m[Debug info] Texture south:[0mtextures/test/south.xpm
[0;32m[Debug info] Texture west:[0mtextures/test/west.xpm
[0;32m[Debug info] Texture east:[0mtextures/test/east.xpm
[0;34mN[0;34mO[0;34m [0;34mt[0;34me[0;34mx[0;34mt[0;34mu[0;34mr[0;34me[0;34ms[0;34m/[0;34mt[0;34me[0;34ms[0;34mt[0;34m/[0;34mn[0;34mo[0;34mr[0;34mt[0;34mh[0;34m.[0;34mx[0;34mp[0;34mm
[0m[0;34mS[0;34mO[0;34m [0;34mt[0;34me[0;34mx[0;34mt[0;34mu[0;34mr[0;34me[0;34ms[0;34m/[0;34mt[0;34me[0;34ms[0;34mt[0;34m/[0;34ms[0;34mo[0;34mu[0;34mt[0;34mh[0;34m.[0;34mx[0;34mp[0;34mm
[0m[0;34mW[0;34mE[0;34m [0;34mt[0;34me[0;34mx[0;34mt[0;34mu[0;34mr[0;34me[0;34ms[0;34m/[0;34mt[0;34me[0;34ms[0;34mt[0;34m/[0;34mw[0;34me[0;34ms[0;34mt[0;34m.[0;34mx[0;34mp[0;34mm
[0m[0;34mE[0;34mA[0;34m [0;34mt[0;34me[0;34mx[0;34mt[0;34mu[0;34mr[0;34me[0;34ms[0;34m/[0;34mt[0;34me[0;34ms[0;34mt[0;34m/[0;34me[0;34ma[0;34ms[0;34mt[0;34m.[0;34mx[0;34mp[0;34mm
[0m
[0m[0;34mF[0;34m [0;34m2[0;34m0[0;34m,[0;34m2[0;34m0[0;34m,[0;34m2[0;34m0
[0m[0;34mC[0;34m [0;34m2[0;34m0[0;34m0[0;34m,[0;34m2[0;34m0[0;34m0[0;34m,[0;34m2[0;34m0[0;34m0
[0m
[0m[0;34m1[0;34m1[0;34m1[0;34m1[0;34m1
[0m[0;34m1[0;34m0[0;34m0[0;34m0[0;34m1
[0m[0;34m1[0;34m0[0;34mS[0;34m0[0;34m1
[0m[0;34m1[0;34m0[0;34m0[0;34m0[0;34m1
[0m[0;34m1[0;34m0[0;34m0[0;34m0[0;34m1
[0m[0;34m1[0;34m0[0;34m0[0;34m0[0;34m1
[0m[0;34m1[0;34m1[0;34m0[0;34m0[0;34m1
[0m[0;34m1[0;34m0[0;34m0[0;34m0[0;34m1
[0m[0;34m1[0;34m0[0;34m0[0;34m0[0;34m1
[0m[0;34m1[0;34m0[0;34m0[0;34m0[0;34m1
[0m[0;34m1[0;34m0[0;34m0[0;34m0[0;34m1
[0m[0;34m1[0;34m0[0;34m0[0;34m0[0;34m1
[0m[0;34m1[0;34m1[0;34m1[0;34m1[0;34m1
[0m[0;34m2[0;34m0[0;34m0
[0m[0;34m2[0;34m0[0;34m0
[0m[0;34m2[0;34m0[0;34m0
[0m[0;34m2[0;34m0
[0m[0;34m2[0;34m0
[0m[0;34m2[0;34m0
[0m[0;34m1[0;34m1[0;34m1[0;34m1[0;34m1
[0m[0;34m1[0;34m0[0;34m0[0;34m0[0;34m1
[0m[0;34m1[0;34m0[0;34mS[0;34m0[0;34m1
[0m[0;34m1[0;34m0[0;34m0[0;34m0[0;34m1
[0m[0;34m1[0;34m0[0;34m0[0;34m0[0;34m1
[0m[0;34m1[0;34m0[0;34m0[0;34m0[0;34m1
[0m[0;34m1[0;34m1[0;34m0[0;34m0[0;34m1
[0m[0;34m1[0;34m0[0;34m0[0;34m0[0;34m1
[0m[0;34m1[0;34m0[0;34m0[0;34m0[0;34m1
[0m[0;34m1[0;34m0[0;34m0[0;34m0[0;34m1
[0m[0;34m1[0;34m0[0;34m0[0;34m0[0;34m1
[0m[0;34m1[0;34m0[0;34m0[0;34m0[0;34m1
[0m[0;34m1[0;34m1[0;34m1[0;34m1[0;34m1
[0mExit code: 0
‚ö†Ô∏è No Valgrind alerts, but with leaks[0m  
==69747== Memcheck, a memory error detector
==69747== Copyright (C) 2002-2022, and GNU GPL'd, by Julian Seward et al.
==69747== Using Valgrind-3.22.0 and LibVEX; rerun with -h for copyright info
==69747== Command: ./cub3d ./maps/good/test_textures.cub
==69747== Parent PID: 69289
==69747== 
==69747== 
==69747== HEAP SUMMARY:
==69747==     in use at exit: 798 bytes in 50 blocks
==69747==   total heap usage: 142 allocs, 92 frees, 8,146 bytes allocated
==69747== 
==69747== LEAK SUMMARY:
==69747==    definitely lost: 467 bytes in 10 blocks
==69747==    indirectly lost: 331 bytes in 40 blocks
==69747==      possibly lost: 0 bytes in 0 blocks
==69747==    still reachable: 0 bytes in 0 blocks
==69747==         suppressed: 0 bytes in 0 blocks
==69747== Rerun with --leak-check=full to see details of leaked memory
==69747== 
==69747== For lists of detected and suppressed errors, rerun with: -s
==69747== ERROR SUMMARY: 0 errors from 0 contexts (suppressed: 0 from 0)
Running valgrind on ./maps/good/test_whitespace.cub...

[0;32m[Debug info] map end:[0m36
[0;32m[Debug info] map height:[0m13
[0;32m[Debug info]üõ†Ô∏è  Map info üîç
[0m[0;32m[Debug info] - Map width:[0m21
[0;32m[Debug info] - Map height:[0m13
[0;32m[Debug info]üõ†Ô∏è  Starting player position info üîç
[0m[0;32m[Debug info] - Player X:[0m2
[0;32m[Debug info] - Player Y:[0m2
[0;32m[Debug info] - Player Direction:[0mS
[0;32m[Debug info]üõ†Ô∏è  Colors info c:  üîç
[0m[0;32m[Debug info]üõ†Ô∏è  Colors info f:  üîç
[0m[0;32m[Debug info]üõ†Ô∏è  Textures info:  üîç
[0m[0;32m[Debug info] Texture north:[0mtextures/test/north.xpm
[0;32m[Debug info] Texture south:[0mtextures/test/south.xpm
[0;32m[Debug info] Texture west:[0mtextures/test/west.xpm
[0;32m[Debug info] Texture east:[0mtextures/test/east.xpm

[0m
[0m
[0m
[0m
[0m
[0m
[0m
[0m[0;34mN[0;34mO[0;34m [0;34mt[0;34me[0;34mx[0;34mt[0;34mu[0;34mr[0;34me[0;34ms[0;34m/[0;34mt[0;34me[0;34ms[0;34mt[0;34m/[0;34mn[0;34mo[0;34mr[0;34mt[0;34mh[0;34m.[0;34mx[0;34mp[0;34mm
[0m
[0m
[0m
[0m
[0m
[0m
[0m
[0m
[0m[0;34mS[0;34mO[0;34m [0;34mt[0;34me[0;34mx[0;34mt[0;34mu[0;34mr[0;34me[0;34ms[0;34m/[0;34mt[0;34me[0;34ms[0;34mt[0;34m/[0;34ms[0;34mo[0;34mu[0;34mt[0;34mh[0;34m.[0;34mx[0;34mp[0;34mm
[0m[0;34m [0;34m [0;34m [0;34m [0;34m [0;34m [0;34m [0;34m [0;34m [0;34m [0;34m [0;34m [0;34m [0;34m [0;34m [0;34m [0;34m [0;34m [0;34m [0;34m [0;34m [0;34m [0;34m [0;34m [0;34mW[0;34mE[0;34m [0;34mt[0;34me[0;34mx[0;34mt[0;34mu[0;34mr[0;34me[0;34ms[0;34m/[0;34mt[0;34me[0;34ms[0;34mt[0;34m/[0;34mw[0;34me[0;34ms[0;34mt[0;34m.[0;34mx[0;34mp[0;34mm
[0m[0;34m [0;34m [0;34m [0;34m [0;34m [0;34m [0;34m [0;34m [0;34mE[0;34mA[0;34m [0;34mt[0;34me[0;34mx[0;34mt[0;34mu[0;34mr[0;34me[0;34ms[0;34m/[0;34mt[0;34me[0;34ms[0;34mt[0;34m/[0;34me[0;34ma[0;34ms[0;34mt[0;34m.[0;34mx[0;34mp[0;34mm[0;34m [0;34m [0;34m [0;34m [0;34m [0;34m [0;34m [0;34m [0;34m [0;34m [0;34m [0;34m 
[0m
[0m[0;34m [0;34m [0;34m [0;34m [0;34m [0;34m [0;34m [0;34m [0;34mF[0;34m [0;34m2[0;34m0[0;34m,[0;34m [0;34m [0;34m [0;34m [0;34m [0;34m [0;34m [0;34m [0;34m [0;34m [0;34m [0;34m2[0;34m0[0;34m,[0;34m [0;34m [0;34m [0;34m [0;34m [0;34m [0;34m [0;34m [0;34m [0;34m [0;34m [0;34m [0;34m [0;34m2[0;34m0
[0m[0;34mC[0;34m [0;34m2[0;34m0[0;34m0[0;34m,[0;34m [0;34m [0;34m [0;34m [0;34m [0;34m [0;34m [0;34m [0;34m [0;34m [0;34m2[0;34m0[0;34m0[0;34m,[0;34m2[0;34m0[0;34m0
[0m
[0m[0;34m1[0;34m1[0;34m1[0;34m1[0;34m1
[0m[0;34m1[0;34m0[0;34m0[0;34m0[0;34m1
[0m[0;34m1[0;34m0[0;34mS[0;34m0[0;34m1[0;34m [0;34m [0;34m [0;34m [0;34m [0;34m [0;34m [0;34m [0;34m [0;34m [0;34m [0;34m [0;34m [0;34m [0;34m [0;34m 
[0m[0;34m1[0;34m0[0;34m0[0;34m0[0;34m1
[0m[0;34m1[0;34m0[0;34m0[0;34m0[0;34m1
[0m[0;34m1[0;34m0[0;34m0[0;34m0[0;34m1
[0m[0;34m1[0;34m1[0;34m0[0;34m0[0;34m1[0;34m [0;34m [0;34m [0;34m [0;34m [0;34m [0;34m [0;34m [0;34m [0;34m [0;34m [0;34m [0;34m [0;34m [0;34m 
[0m[0;34m1[0;34m0[0;34m0[0;34m0[0;34m1
[0m[0;34m1[0;34m0[0;34m0[0;34m0[0;34m1
[0m[0;34m1[0;34m0[0;34m0[0;34m0[0;34m1
[0m[0;34m1[0;34m0[0;34m0[0;34m0[0;34m1
[0m[0;34m1[0;34m0[0;34m0[0;34m0[0;34m1
[0m[0;34m1[0;34m1[0;34m1[0;34m1[0;34m1[0;34m [0;34m [0;34m [0;34m [0;34m [0;34m [0;34m [0;34m [0;34m [0;34m [0;34m 
[0m
[0m[0;34m [0;34m [0;34m [0;34m [0;34m [0;34m [0;34m [0;34m 
[0m
[0m
[0m
[0m
[0m
[0m
[0m
[0m
[0m
[0m
[0m
[0m
[0m
[0m
[0m
[0m
[0m
[0m
[0m
[0m
[0m
[0m[0;34m2[0;34m0[0;34m0
[0m[0;34m2[0;34m0[0;34m0
[0m[0;34m2[0;34m0[0;34m0
[0m[0;34m2[0;34m0
[0m[0;34m2[0;34m0
[0m[0;34m2[0;34m0
[0m[0;34m1[0;34m1[0;34m1[0;34m1[0;34m1[0;34m1[0;34m1[0;34m1[0;34m1[0;34m1[0;34m1[0;34m1[0;34m1[0;34m1[0;34m1[0;34m1[0;34m1[0;34m1[0;34m1[0;34m1[0;34m1
[0m[0;34m1[0;34m0[0;34m0[0;34m0[0;34m1[0;34m1[0;34m1[0;34m1[0;34m1[0;34m1[0;34m1[0;34m1[0;34m1[0;34m1[0;34m1[0;34m1[0;34m1[0;34m1[0;34m1[0;34m1[0;34m1
[0m[0;34m1[0;34m0[0;34mS[0;34m0[0;34m1[0;34m1[0;34m1[0;34m1[0;34m1[0;34m1[0;34m1[0;34m1[0;34m1[0;34m1[0;34m1[0;34m1[0;34m1[0;34m1[0;34m1[0;34m1[0;34m1
[0m[0;34m1[0;34m0[0;34m0[0;34m0[0;34m1[0;34m1[0;34m1[0;34m1[0;34m1[0;34m1[0;34m1[0;34m1[0;34m1[0;34m1[0;34m1[0;34m1[0;34m1[0;34m1[0;34m1[0;34m1[0;34m1
[0m[0;34m1[0;34m0[0;34m0[0;34m0[0;34m1[0;34m1[0;34m1[0;34m1[0;34m1[0;34m1[0;34m1[0;34m1[0;34m1[0;34m1[0;34m1[0;34m1[0;34m1[0;34m1[0;34m1[0;34m1[0;34m1
[0m[0;34m1[0;34m0[0;34m0[0;34m0[0;34m1[0;34m1[0;34m1[0;34m1[0;34m1[0;34m1[0;34m1[0;34m1[0;34m1[0;34m1[0;34m1[0;34m1[0;34m1[0;34m1[0;34m1[0;34m1[0;34m1
[0m[0;34m1[0;34m1[0;34m0[0;34m0[0;34m1[0;34m1[0;34m1[0;34m1[0;34m1[0;34m1[0;34m1[0;34m1[0;34m1[0;34m1[0;34m1[0;34m1[0;34m1[0;34m1[0;34m1[0;34m1[0;34m1
[0m[0;34m1[0;34m0[0;34m0[0;34m0[0;34m1[0;34m1[0;34m1[0;34m1[0;34m1[0;34m1[0;34m1[0;34m1[0;34m1[0;34m1[0;34m1[0;34m1[0;34m1[0;34m1[0;34m1[0;34m1[0;34m1
[0m[0;34m1[0;34m0[0;34m0[0;34m0[0;34m1[0;34m1[0;34m1[0;34m1[0;34m1[0;34m1[0;34m1[0;34m1[0;34m1[0;34m1[0;34m1[0;34m1[0;34m1[0;34m1[0;34m1[0;34m1[0;34m1
[0m[0;34m1[0;34m0[0;34m0[0;34m0[0;34m1[0;34m1[0;34m1[0;34m1[0;34m1[0;34m1[0;34m1[0;34m1[0;34m1[0;34m1[0;34m1[0;34m1[0;34m1[0;34m1[0;34m1[0;34m1[0;34m1
[0m[0;34m1[0;34m0[0;34m0[0;34m0[0;34m1[0;34m1[0;34m1[0;34m1[0;34m1[0;34m1[0;34m1[0;34m1[0;34m1[0;34m1[0;34m1[0;34m1[0;34m1[0;34m1[0;34m1[0;34m1[0;34m1
[0m[0;34m1[0;34m0[0;34m0[0;34m0[0;34m1[0;34m1[0;34m1[0;34m1[0;34m1[0;34m1[0;34m1[0;34m1[0;34m1[0;34m1[0;34m1[0;34m1[0;34m1[0;34m1[0;34m1[0;34m1[0;34m1
[0m[0;34m1[0;34m1[0;34m1[0;34m1[0;34m1[0;34m1[0;34m1[0;34m1[0;34m1[0;34m1[0;34m1[0;34m1[0;34m1[0;34m1[0;34m1[0;34m1[0;34m1[0;34m1[0;34m1[0;34m1[0;34m1
[0mExit code: 0
‚ö†Ô∏è No Valgrind alerts, but with leaks[0m  
==69750== Memcheck, a memory error detector
==69750== Copyright (C) 2002-2022, and GNU GPL'd, by Julian Seward et al.
==69750== Using Valgrind-3.22.0 and LibVEX; rerun with -h for copyright info
==69750== Command: ./cub3d ./maps/good/test_whitespace.cub
==69750== Parent PID: 69289
==69750== 
==69750== 
==69750== HEAP SUMMARY:
==69750==     in use at exit: 1,566 bytes in 89 blocks
==69750==   total heap usage: 306 allocs, 217 frees, 23,419 bytes allocated
==69750== 
==69750== LEAK SUMMARY:
==69750==    definitely lost: 813 bytes in 10 blocks
==69750==    indirectly lost: 753 bytes in 79 blocks
==69750==      possibly lost: 0 bytes in 0 blocks
==69750==    still reachable: 0 bytes in 0 blocks
==69750==         suppressed: 0 bytes in 0 blocks
==69750== Rerun with --leak-check=full to see details of leaked memory
==69750== 
==69750== For lists of detected and suppressed errors, rerun with: -s
==69750== ERROR SUMMARY: 0 errors from 0 contexts (suppressed: 0 from 0)
Running valgrind on ./maps/good/works.cub...

[0;32m[Debug info] map end:[0m19
[0;32m[Debug info] map height:[0m6
[0;32m[Debug info]üõ†Ô∏è  Map info üîç
[0m[0;32m[Debug info] - Map width:[0m25
[0;32m[Debug info] - Map height:[0m6
[0;32m[Debug info]üõ†Ô∏è  Starting player position info üîç
[0m[0;32m[Debug info] - Player X:[0m2
[0;32m[Debug info] - Player Y:[0m1
[0;32m[Debug info] - Player Direction:[0mS
[0;32m[Debug info]üõ†Ô∏è  Colors info c:  üîç
[0m[0;32m[Debug info]üõ†Ô∏è  Colors info f:  üîç
[0m[0;32m[Debug info]üõ†Ô∏è  Textures info:  üîç
[0m[0;32m[Debug info] Texture north:[0mtextures/test/north.xpm
[0;32m[Debug info] Texture south:[0mtextures/test/south.xpm
[0;32m[Debug info] Texture west:[0mtextures/test/west.xpm
[0;32m[Debug info] Texture east:[0mtextures/test/east.xpm
[0;34m [0;34m [0;34m [0;34mW[0;34mE[0;34m [0;34m [0;34m [0;34m [0;34m [0;34m [0;34m [0;34m [0;34m [0;34m [0;34m [0;34m [0;34m [0;34m [0;34m [0;34m [0;34m [0;34m [0;34m [0;34m [0;34m [0;34m [0;34m [0;34m [0;34m [0;34m [0;34m [0;34m [0;34mt[0;34me[0;34mx[0;34mt[0;34mu[0;34mr[0;34me[0;34ms[0;34m/[0;34mt[0;34me[0;34ms[0;34mt[0;34m/[0;34mw[0;34me[0;34ms[0;34mt[0;34m.[0;34mx[0;34mp[0;34mm
[0m[0;34mN[0;34mO[0;34m [0;34m [0;34m [0;34m [0;34m [0;34m [0;34mt[0;34me[0;34mx[0;34mt[0;34mu[0;34mr[0;34me[0;34ms[0;34m/[0;34mt[0;34me[0;34ms[0;34mt[0;34m/[0;34mn[0;34mo[0;34mr[0;34mt[0;34mh[0;34m.[0;34mx[0;34mp[0;34mm
[0m
[0m
[0m
[0m[0;34mS[0;34mO[0;34m [0;34mt[0;34me[0;34mx[0;34mt[0;34mu[0;34mr[0;34me[0;34ms[0;34m/[0;34mt[0;34me[0;34ms[0;34mt[0;34m/[0;34ms[0;34mo[0;34mu[0;34mt[0;34mh[0;34m.[0;34mx[0;34mp[0;34mm
[0m
[0m[0;34mF[0;34m [0;34m [0;34m [0;34m [0;34m [0;34m [0;34m1[0;34m7[0;34m,[0;34m [0;34m [0;34m [0;34m [0;34m3[0;34m8[0;34m,[0;34m [0;34m [0;34m [0;34m [0;34m [0;34m6[0;34m4
[0m
[0m[0;34mE[0;34mA[0;34m [0;34mt[0;34me[0;34mx[0;34mt[0;34mu[0;34mr[0;34me[0;34ms[0;34m/[0;34mt[0;34me[0;34ms[0;34mt[0;34m/[0;34me[0;34ma[0;34ms[0;34mt[0;34m.[0;34mx[0;34mp[0;34mm
[0m
[0m
[0m[0;34mC[0;34m [0;34m2[0;34m1[0;34m8[0;34m,[0;34m [0;34m2[0;34m3[0;34m4[0;34m,[0;34m [0;34m2[0;34m3[0;34m5
[0m
[0m[0;34m1[0;34m1[0;34m1[0;34m1[0;34m1[0;34m1[0;34m1[0;34m1[0;34m1[0;34m1[0;34m1[0;34m1[0;34m1[0;34m1[0;34m1[0;34m1[0;34m1[0;34m1[0;34m1[0;34m1[0;34m1[0;34m1[0;34m1[0;34m1[0;34m1
[0m[0;34m1[0;34m0[0;34mS[0;34m0[0;34m1[0;34m1[0;34m0[0;34m0[0;34m0[0;34m0[0;34m1[0;34m0[0;34m0[0;34m0[0;34m0[0;34m0[0;34m0[0;34m0[0;34m0[0;34m0[0;34m0[0;34m0[0;34m0[0;34m0[0;34m1
[0m[0;34m1[0;34m0[0;34m0[0;34m0[0;34m1[0;34m1[0;34m0[0;34m0[0;34m0[0;34m0[0;34m0[0;34m0[0;34m0[0;34m0[0;34m0[0;34m0[0;34m1[0;34m1[0;34m1[0;34m1[0;34m1[0;34m1[0;34m0[0;34m0[0;34m1
[0m[0;34m1[0;34m0[0;34m0[0;34m0[0;34m1[0;34m1[0;34m0[0;34m0[0;34m0[0;34m0[0;34m0[0;34m0[0;34m0[0;34m0[0;34m0[0;34m0[0;34m1[0;34m1[0;34m0[0;34m0[0;34m0[0;34m1[0;34m0[0;34m0[0;34m1
[0m[0;34m1[0;34m0[0;34m0[0;34m0[0;34m0[0;34m0[0;34m0[0;34m0[0;34m0[0;34m0[0;34m1[0;34m0[0;34m0[0;34m0[0;34m0[0;34m0[0;34m0[0;34m0[0;34m0[0;34m0[0;34m0[0;34m1[0;34m0[0;34m0[0;34m1
[0m[0;34m1[0;34m1[0;34m1[0;34m1[0;34m1[0;34m1[0;34m1[0;34m1[0;34m1[0;34m1[0;34m1[0;34m1[0;34m1[0;34m1[0;34m1[0;34m1[0;34m1[0;34m1[0;34m1[0;34m1[0;34m1[0;34m1[0;34m1[0;34m1[0;34m1
[0m[0;34m2[0;34m1[0;34m8
[0m[0;34m2[0;34m3[0;34m4
[0m[0;34m2[0;34m3[0;34m5
[0m[0;34m1[0;34m7
[0m[0;34m3[0;34m8
[0m[0;34m6[0;34m4
[0m[0;34m1[0;34m1[0;34m1[0;34m1[0;34m1[0;34m1[0;34m1[0;34m1[0;34m1[0;34m1[0;34m1[0;34m1[0;34m1[0;34m1[0;34m1[0;34m1[0;34m1[0;34m1[0;34m1[0;34m1[0;34m1[0;34m1[0;34m1[0;34m1[0;34m1
[0m[0;34m1[0;34m0[0;34mS[0;34m0[0;34m1[0;34m1[0;34m0[0;34m0[0;34m0[0;34m0[0;34m1[0;34m0[0;34m0[0;34m0[0;34m0[0;34m0[0;34m0[0;34m0[0;34m0[0;34m0[0;34m0[0;34m0[0;34m0[0;34m0[0;34m1
[0m[0;34m1[0;34m0[0;34m0[0;34m0[0;34m1[0;34m1[0;34m0[0;34m0[0;34m0[0;34m0[0;34m0[0;34m0[0;34m0[0;34m0[0;34m0[0;34m0[0;34m1[0;34m1[0;34m1[0;34m1[0;34m1[0;34m1[0;34m0[0;34m0[0;34m1
[0m[0;34m1[0;34m0[0;34m0[0;34m0[0;34m1[0;34m1[0;34m0[0;34m0[0;34m0[0;34m0[0;34m0[0;34m0[0;34m0[0;34m0[0;34m0[0;34m0[0;34m1[0;34m1[0;34m0[0;34m0[0;34m0[0;34m1[0;34m0[0;34m0[0;34m1
[0m[0;34m1[0;34m0[0;34m0[0;34m0[0;34m0[0;34m0[0;34m0[0;34m0[0;34m0[0;34m0[0;34m1[0;34m0[0;34m0[0;34m0[0;34m0[0;34m0[0;34m0[0;34m0[0;34m0[0;34m0[0;34m0[0;34m1[0;34m0[0;34m0[0;34m1
[0m[0;34m1[0;34m1[0;34m1[0;34m1[0;34m1[0;34m1[0;34m1[0;34m1[0;34m1[0;34m1[0;34m1[0;34m1[0;34m1[0;34m1[0;34m1[0;34m1[0;34m1[0;34m1[0;34m1[0;34m1[0;34m1[0;34m1[0;34m1[0;34m1[0;34m1
[0mExit code: 0
‚ö†Ô∏è No Valgrind alerts, but with leaks[0m  
==69753== Memcheck, a memory error detector
==69753== Copyright (C) 2002-2022, and GNU GPL'd, by Julian Seward et al.
==69753== Using Valgrind-3.22.0 and LibVEX; rerun with -h for copyright info
==69753== Command: ./cub3d ./maps/good/works.cub
==69753== Parent PID: 69289
==69753== 
==69753== 
==69753== HEAP SUMMARY:
==69753==     in use at exit: 957 bytes in 42 blocks
==69753==   total heap usage: 130 allocs, 88 frees, 8,412 bytes allocated
==69753== 
==69753== LEAK SUMMARY:
==69753==    definitely lost: 414 bytes in 10 blocks
==69753==    indirectly lost: 543 bytes in 32 blocks
==69753==      possibly lost: 0 bytes in 0 blocks
==69753==    still reachable: 0 bytes in 0 blocks
==69753==         suppressed: 0 bytes in 0 blocks
==69753== Rerun with --leak-check=full to see details of leaked memory
==69753== 
==69753== For lists of detected and suppressed errors, rerun with: -s
==69753== ERROR SUMMARY: 0 errors from 0 contexts (suppressed: 0 from 0)
Valgrind tests completed. Results saved to test_output.txt.
Starting Valgrind tests...
Running valgrind on ./maps/good/cheese_maze.cub...

[0;32m[Debug info] map end:[0m28
[0;32m[Debug info] map height:[0m21
[0;32m[Debug info]üõ†Ô∏è  Map info üîç
[0m[0;32m[Debug info] - Map width:[0m21
[0;32m[Debug info] - Map height:[0m21
[0;32m[Debug info]üõ†Ô∏è  Starting player position info üîç
[0m[0;32m[Debug info] - Player X:[0m1
[0;32m[Debug info] - Player Y:[0m19
[0;32m[Debug info] - Player Direction:[0mN
[0;32m[Debug info]üõ†Ô∏è  Colors info c:  üîç
[0m[0;32m[Debug info]üõ†Ô∏è  Colors info f:  üîç
[0m[0;32m[Debug info]üõ†Ô∏è  Textures info:  üîç
[0m[0;32m[Debug info] Texture north:[0mtextures/test/north.xpm
[0;32m[Debug info] Texture south:[0mtextures/test/south.xpm
[0;32m[Debug info] Texture west:[0mtextures/test/west.xpm
[0;32m[Debug info] Texture east:[0mtextures/test/east.xpm
[0;34m1[0;34m5[0;34m3
[0m[0;34m2[0;34m0[0;34m4
[0m[0;34m2[0;34m5[0;34m5
[0m[0;34m1[0;34m6[0;34m4
[0m[0;34m1[0;34m6[0;34m9
[0m[0;34m2[0;34m0
[0m[0;34m1[0;34m1[0;34m1[0;34m1[0;34m1[0;34m1[0;34m1[0;34m1[0;34m1[0;34m1[0;34m1[0;34m1[0;34m1[0;34m1[0;34m1[0;34m1[0;34m1[0;34m1[0;34m1[0;34m1[0;34m1
[0m[0;34m1[0;34m0[0;34m1[0;34m0[0;34m0[0;34m0[0;34m0[0;34m0[0;34m1[0;34m0[0;34m0[0;34m0[0;34m0[0;34m0[0;34m0[0;34m0[0;34m0[0;34m0[0;34m0[0;34m0[0;34m1
[0m[0;34m1[0;34m0[0;34m1[0;34m0[0;34m1[0;34m0[0;34m1[0;34m0[0;34m1[0;34m0[0;34m1[0;34m1[0;34m1[0;34m1[0;34m1[0;34m1[0;34m1[0;34m0[0;34m0[0;34m0[0;34m1
[0m[0;34m1[0;34m0[0;34m0[0;34m0[0;34m1[0;34m0[0;34m1[0;34m0[0;34m0[0;34m0[0;34m1[0;34m0[0;34m0[0;34m0[0;34m0[0;34m0[0;34m1[0;34m0[0;34m0[0;34m0[0;34m1
[0m[0;34m1[0;34m1[0;34m1[0;34m1[0;34m1[0;34m0[0;34m1[0;34m0[0;34m1[0;34m1[0;34m1[0;34m1[0;34m1[0;34m0[0;34m1[0;34m0[0;34m1[0;34m1[0;34m1[0;34m0[0;34m1
[0m[0;34m1[0;34m0[0;34m0[0;34m0[0;34m0[0;34m0[0;34m1[0;34m0[0;34m1[0;34m0[0;34m0[0;34m0[0;34m1[0;34m0[0;34m1[0;34m0[0;34m0[0;34m0[0;34m0[0;34m0[0;34m1
[0m[0;34m1[0;34m0[0;34m1[0;34m1[0;34m1[0;34m1[0;34m1[0;34m0[0;34m1[0;34m0[0;34m1[0;34m1[0;34m1[0;34m0[0;34m1[0;34m1[0;34m1[0;34m1[0;34m1[0;34m1[0;34m1
[0m[0;34m1[0;34m0[0;34m1[0;34m0[0;34m0[0;34m0[0;34m0[0;34m0[0;34m1[0;34m0[0;34m1[0;34m0[0;34m1[0;34m0[0;34m0[0;34m0[0;34m0[0;34m0[0;34m1[0;34m0[0;34m1
[0m[0;34m1[0;34m0[0;34m1[0;34m0[0;34m1[0;34m1[0;34m1[0;34m1[0;34m1[0;34m0[0;34m1[0;34m0[0;34m1[0;34m1[0;34m1[0;34m1[0;34m1[0;34m0[0;34m1[0;34m0[0;34m1
[0m[0;34m1[0;34m0[0;34m1[0;34m0[0;34m1[0;34m0[0;34m0[0;34m0[0;34m1[0;34m0[0;34m1[0;34m0[0;34m1[0;34m0[0;34m0[0;34m0[0;34m1[0;34m0[0;34m1[0;34m0[0;34m1
[0m[0;34m1[0;34m0[0;34m1[0;34m1[0;34m1[0;34m0[0;34m1[0;34m0[0;34m1[0;34m0[0;34m1[0;34m0[0;34m1[0;34m0[0;34m1[0;34m0[0;34m1[0;34m0[0;34m1[0;34m0[0;34m1
[0m[0;34m1[0;34m0[0;34m0[0;34m0[0;34m0[0;34m0[0;34m1[0;34m0[0;34m1[0;34m0[0;34m1[0;34m0[0;34m0[0;34m0[0;34m1[0;34m0[0;34m1[0;34m0[0;34m0[0;34m0[0;34m1
[0m[0;34m1[0;34m1[0;34m1[0;34m1[0;34m1[0;34m1[0;34m1[0;34m0[0;34m1[0;34m0[0;34m1[0;34m1[0;34m1[0;34m1[0;34m1[0;34m0[0;34m1[0;34m1[0;34m1[0;34m0[0;34m1
[0m[0;34m1[0;34m0[0;34m0[0;34m0[0;34m0[0;34m0[0;34m1[0;34m0[0;34m1[0;34m0[0;34m0[0;34m0[0;34m1[0;34m0[0;34m0[0;34m0[0;34m1[0;34m0[0;34m0[0;34m0[0;34m1
[0m[0;34m1[0;34m0[0;34m1[0;34m1[0;34m1[0;34m0[0;34m1[0;34m0[0;34m1[0;34m1[0;34m1[0;34m0[0;34m1[0;34m0[0;34m1[0;34m1[0;34m1[0;34m0[0;34m1[0;34m1[0;34m1
[0m[0;34m1[0;34m0[0;34m1[0;34m0[0;34m0[0;34m0[0;34m1[0;34m0[0;34m0[0;34m0[0;34m0[0;34m0[0;34m1[0;34m0[0;34m0[0;34m0[0;34m1[0;34m0[0;34m1[0;34m0[0;34m1
[0m[0;34m1[0;34m0[0;34m1[0;34m0[0;34m1[0;34m1[0;34m1[0;34m1[0;34m1[0;34m1[0;34m1[0;34m1[0;34m1[0;34m1[0;34m1[0;34m0[0;34m1[0;34m0[0;34m1[0;34m0[0;34m1
[0m[0;34m1[0;34m0[0;34m0[0;34m0[0;34m1[0;34m0[0;34m0[0;34m0[0;34m0[0;34m0[0;34m0[0;34m0[0;34m0[0;34m0[0;34m0[0;34m0[0;34m1[0;34m0[0;34m0[0;34m0[0;34m1
[0m[0;34m1[0;34m0[0;34m1[0;34m0[0;34m1[0;34m0[0;34m1[0;34m1[0;34m1[0;34m0[0;34m1[0;34m1[0;34m1[0;34m1[0;34m1[0;34m1[0;34m1[0;34m1[0;34m1[0;34m0[0;34m1
[0m[0;34m1[0;34mN[0;34m1[0;34m0[0;34m0[0;34m0[0;34m0[0;34m0[0;34m1[0;34m0[0;34m0[0;34m0[0;34m0[0;34m0[0;34m0[0;34m0[0;34m0[0;34m0[0;34m0[0;34m0[0;34m1
[0m[0;34m1[0;34m1[0;34m1[0;34m1[0;34m1[0;34m1[0;34m1[0;34m1[0;34m1[0;34m1[0;34m1[0;34m1[0;34m1[0;34m1[0;34m1[0;34m1[0;34m1[0;34m1[0;34m1[0;34m1[0;34m1
[0mExit code: 0
‚ö†Ô∏è No Valgrind alerts, but with leaks[0m  
==71298== Memcheck, a memory error detector
==71298== Copyright (C) 2002-2022, and GNU GPL'd, by Julian Seward et al.
==71298== Using Valgrind-3.22.0 and LibVEX; rerun with -h for copyright info
==71298== Command: ./cub3d ./maps/good/cheese_maze.cub
==71298== Parent PID: 71296
==71298== 
==71298== 
==71298== HEAP SUMMARY:
==71298==     in use at exit: 1,718 bytes in 67 blocks
==71298==   total heap usage: 210 allocs, 143 frees, 12,286 bytes allocated
==71298== 
==71298== LEAK SUMMARY:
==71298==    definitely lost: 605 bytes in 10 blocks
==71298==    indirectly lost: 1,113 bytes in 57 blocks
==71298==      possibly lost: 0 bytes in 0 blocks
==71298==    still reachable: 0 bytes in 0 blocks
==71298==         suppressed: 0 bytes in 0 blocks
==71298== Rerun with --leak-check=full to see details of leaked memory
==71298== 
==71298== For lists of detected and suppressed errors, rerun with: -s
==71298== ERROR SUMMARY: 0 errors from 0 contexts (suppressed: 0 from 0)
Running valgrind on ./maps/good/creepy.cub...

[0;32m[Debug info] map end:[0m20
[0;32m[Debug info] map height:[0m13
[0;32m[Debug info]üõ†Ô∏è  Map info üîç
[0m[0;32m[Debug info] - Map width:[0m15
[0;32m[Debug info] - Map height:[0m13
[0;32m[Debug info]üõ†Ô∏è  Starting player position info üîç
[0m[0;32m[Debug info] - Player X:[0m7
[0;32m[Debug info] - Player Y:[0m3
[0;32m[Debug info] - Player Direction:[0mN
[0;32m[Debug info]üõ†Ô∏è  Colors info c:  üîç
[0m[0;32m[Debug info]üõ†Ô∏è  Colors info f:  üîç
[0m[0;32m[Debug info]üõ†Ô∏è  Textures info:  üîç
[0m[0;32m[Debug info] Texture north:[0mtextures/test/north.xpm
[0;32m[Debug info] Texture south:[0mtextures/test/south.xpm
[0;32m[Debug info] Texture west:[0mtextures/test/west.xpm
[0;32m[Debug info] Texture east:[0mtextures/test/east.xpm
[0;34m3[0;34m5
[0m[0;34m1[0;34m9
[0m[0;34m7[0;34m3
[0m[0;34m1[0;34m5
[0m[0;34m6
[0m[0;34m4[0;34m0
[0m[0;34m1[0;34m1[0;34m1[0;34m1[0;34m1[0;34m1[0;34m1[0;34m1[0;34m1[0;34m1[0;34m1[0;34m1[0;34m1[0;34m1[0;34m1
[0m[0;34m1[0;34m1[0;34m1[0;34m1[0;34m1[0;34m1[0;34m0[0;34m0[0;34m0[0;34m1[0;34m1[0;34m1[0;34m1[0;34m1[0;34m1
[0m[0;34m1[0;34m1[0;34m1[0;34m1[0;34m1[0;34m0[0;34m0[0;34m0[0;34m0[0;34m0[0;34m1[0;34m1[0;34m1[0;34m1[0;34m1
[0m[0;34m1[0;34m1[0;34m1[0;34m1[0;34m0[0;34m0[0;34m0[0;34mN[0;34m0[0;34m0[0;34m0[0;34m1[0;34m1[0;34m1[0;34m1
[0m[0;34m1[0;34m1[0;34m1[0;34m0[0;34m0[0;34m0[0;34m0[0;34m0[0;34m0[0;34m0[0;34m0[0;34m0[0;34m1[0;34m1[0;34m1
[0m[0;34m1[0;34m1[0;34m0[0;34m0[0;34m0[0;34m0[0;34m0[0;34m0[0;34m0[0;34m0[0;34m0[0;34m0[0;34m0[0;34m1[0;34m1
[0m[0;34m1[0;34m0[0;34m0[0;34m0[0;34m0[0;34m1[0;34m1[0;34m1[0;34m1[0;34m1[0;34m0[0;34m0[0;34m0[0;34m0[0;34m1
[0m[0;34m1[0;34m1[0;34m0[0;34m0[0;34m0[0;34m0[0;34m1[0;34m1[0;34m1[0;34m0[0;34m0[0;34m0[0;34m0[0;34m1[0;34m1
[0m[0;34m1[0;34m1[0;34m1[0;34m0[0;34m0[0;34m0[0;34m0[0;34m1[0;34m0[0;34m0[0;34m0[0;34m0[0;34m1[0;34m1[0;34m1
[0m[0;34m1[0;34m1[0;34m1[0;34m1[0;34m0[0;34m0[0;34m0[0;34m0[0;34m0[0;34m0[0;34m0[0;34m1[0;34m1[0;34m1[0;34m1
[0m[0;34m1[0;34m1[0;34m1[0;34m1[0;34m1[0;34m0[0;34m0[0;34m0[0;34m0[0;34m0[0;34m1[0;34m1[0;34m1[0;34m1[0;34m1
[0m[0;34m1[0;34m1[0;34m1[0;34m1[0;34m1[0;34m1[0;34m0[0;34m0[0;34m0[0;34m1[0;34m1[0;34m1[0;34m1[0;34m1[0;34m1
[0m[0;34m1[0;34m1[0;34m1[0;34m1[0;34m1[0;34m1[0;34m1[0;34m1[0;34m1[0;34m1[0;34m1[0;34m1[0;34m1[0;34m1[0;34m1
[0mExit code: 0
‚ö†Ô∏è No Valgrind alerts, but with leaks[0m  
==71301== Memcheck, a memory error detector
==71301== Copyright (C) 2002-2022, and GNU GPL'd, by Julian Seward et al.
==71301== Using Valgrind-3.22.0 and LibVEX; rerun with -h for copyright info
==71301== Command: ./cub3d ./maps/good/creepy.cub
==71301== Parent PID: 71296
==71301== 
==71301== 
==71301== HEAP SUMMARY:
==71301==     in use at exit: 1,056 bytes in 51 blocks
==71301==   total heap usage: 152 allocs, 101 frees, 8,990 bytes allocated
==71301== 
==71301== LEAK SUMMARY:
==71301==    definitely lost: 471 bytes in 10 blocks
==71301==    indirectly lost: 585 bytes in 41 blocks
==71301==      possibly lost: 0 bytes in 0 blocks
==71301==    still reachable: 0 bytes in 0 blocks
==71301==         suppressed: 0 bytes in 0 blocks
==71301== Rerun with --leak-check=full to see details of leaked memory
==71301== 
==71301== For lists of detected and suppressed errors, rerun with: -s
==71301== ERROR SUMMARY: 0 errors from 0 contexts (suppressed: 0 from 0)
Running valgrind on ./maps/good/dungeon.cub...

[0;32m[Debug info] map end:[0m17
[0;32m[Debug info] map height:[0m10
[0;32m[Debug info]üõ†Ô∏è  Map info üîç
[0m[0;32m[Debug info] - Map width:[0m19
[0;32m[Debug info] - Map height:[0m10
[0;32m[Debug info]üõ†Ô∏è  Starting player position info üîç
[0m[0;32m[Debug info] - Player X:[0m2
[0;32m[Debug info] - Player Y:[0m1
[0;32m[Debug info] - Player Direction:[0mW
[0;32m[Debug info]üõ†Ô∏è  Colors info c:  üîç
[0m[0;32m[Debug info]üõ†Ô∏è  Colors info f:  üîç
[0m[0;32m[Debug info]üõ†Ô∏è  Textures info:  üîç
[0m[0;32m[Debug info] Texture north:[0mtextures/test/north.xpm
[0;32m[Debug info] Texture south:[0mtextures/test/south.xpm
[0;32m[Debug info] Texture west:[0mtextures/test/west.xpm
[0;32m[Debug info] Texture east:[0mtextures/test/east.xpm
[0;34m9[0;34m9
[0m[0;34m9[0;34m9
[0m[0;34m9[0;34m9
[0m[0;34m7[0;34m6
[0m[0;34m7[0;34m6
[0m[0;34m7[0;34m6
[0m[0;34m1[0;34m1[0;34m1[0;34m1[0;34m1[0;34m1[0;34m1[0;34m1[0;34m1[0;34m1[0;34m1[0;34m1[0;34m1[0;34m1[0;34m1[0;34m1[0;34m1[0;34m1[0;34m1
[0m[0;34m1[0;34m0[0;34mW[0;34m1[0;34m0[0;34m0[0;34m1[0;34m0[0;34m0[0;34m1[0;34m0[0;34m0[0;34m1[0;34m0[0;34m0[0;34m0[0;34m0[0;34m0[0;34m1
[0m[0;34m1[0;34m0[0;34m1[0;34m1[0;34m0[0;34m0[0;34m0[0;34m0[0;34m0[0;34m1[0;34m0[0;34m0[0;34m0[0;34m0[0;34m0[0;34m1[0;34m0[0;34m0[0;34m1
[0m[0;34m1[0;34m0[0;34m0[0;34m1[0;34m0[0;34m0[0;34m1[0;34m0[0;34m0[0;34m1[0;34m1[0;34m1[0;34m1[0;34m1[0;34m0[0;34m1[0;34m1[0;34m1[0;34m1
[0m[0;34m1[0;34m0[0;34m0[0;34m1[0;34m1[0;34m1[0;34m1[0;34m0[0;34m0[0;34m0[0;34m0[0;34m0[0;34m1[0;34m0[0;34m0[0;34m1[0;34m0[0;34m0[0;34m1
[0m[0;34m1[0;34m0[0;34m0[0;34m0[0;34m0[0;34m0[0;34m0[0;34m0[0;34m0[0;34m0[0;34m0[0;34m0[0;34m0[0;34m0[0;34m0[0;34m1[0;34m0[0;34m0[0;34m1
[0m[0;34m1[0;34m0[0;34m0[0;34m1[0;34m1[0;34m1[0;34m1[0;34m1[0;34m1[0;34m1[0;34m1[0;34m1[0;34m1[0;34m0[0;34m0[0;34m1[0;34m0[0;34m0[0;34m1
[0m[0;34m1[0;34m1[0;34m1[0;34m1[0;34m0[0;34m0[0;34m0[0;34m0[0;34m0[0;34m0[0;34m0[0;34m0[0;34m0[0;34m0[0;34m0[0;34m1[0;34m0[0;34m1[0;34m1
[0m[0;34m1[0;34m0[0;34m0[0;34m0[0;34m0[0;34m0[0;34m0[0;34m0[0;34m0[0;34m1[0;34m0[0;34m0[0;34m0[0;34m0[0;34m0[0;34m0[0;34m0[0;34m0[0;34m1
[0m[0;34m1[0;34m1[0;34m1[0;34m1[0;34m1[0;34m1[0;34m1[0;34m1[0;34m1[0;34m1[0;34m1[0;34m1[0;34m1[0;34m1[0;34m1[0;34m1[0;34m1[0;34m1[0;34m1
[0mExit code: 0
‚ö†Ô∏è No Valgrind alerts, but with leaks[0m  
==71304== Memcheck, a memory error detector
==71304== Copyright (C) 2002-2022, and GNU GPL'd, by Julian Seward et al.
==71304== Using Valgrind-3.22.0 and LibVEX; rerun with -h for copyright info
==71304== Command: ./cub3d ./maps/good/dungeon.cub
==71304== Parent PID: 71296
==71304== 
==71304== 
==71304== HEAP SUMMARY:
==71304==     in use at exit: 992 bytes in 45 blocks
==71304==   total heap usage: 133 allocs, 88 frees, 8,232 bytes allocated
==71304== 
==71304== LEAK SUMMARY:
==71304==    definitely lost: 424 bytes in 10 blocks
==71304==    indirectly lost: 568 bytes in 35 blocks
==71304==      possibly lost: 0 bytes in 0 blocks
==71304==    still reachable: 0 bytes in 0 blocks
==71304==         suppressed: 0 bytes in 0 blocks
==71304== Rerun with --leak-check=full to see details of leaked memory
==71304== 
==71304== For lists of detected and suppressed errors, rerun with: -s
==71304== ERROR SUMMARY: 0 errors from 0 contexts (suppressed: 0 from 0)
Running valgrind on ./maps/good/library.cub...

[0;32m[Debug info] map end:[0m17
[0;32m[Debug info] map height:[0m10
[0;32m[Debug info]üõ†Ô∏è  Map info üîç
[0m[0;32m[Debug info] - Map width:[0m19
[0;32m[Debug info] - Map height:[0m10
[0;32m[Debug info]üõ†Ô∏è  Starting player position info üîç
[0m[0;32m[Debug info] - Player X:[0m9
[0;32m[Debug info] - Player Y:[0m5
[0;32m[Debug info] - Player Direction:[0mS
[0;32m[Debug info]üõ†Ô∏è  Colors info c:  üîç
[0m[0;32m[Debug info]üõ†Ô∏è  Colors info f:  üîç
[0m[0;32m[Debug info]üõ†Ô∏è  Textures info:  üîç
[0m[0;32m[Debug info] Texture north:[0mtextures/test/north.xpm
[0;32m[Debug info] Texture south:[0mtextures/test/south.xpm
[0;32m[Debug info] Texture west:[0mtextures/test/west.xpm
[0;32m[Debug info] Texture east:[0mtextures/test/east.xpm
[0;34m1[0;34m7[0;34m1
[0m[0;34m1[0;34m5[0;34m4
[0m[0;34m1[0;34m3[0;34m7
[0m[0;34m1[0;34m3[0;34m9
[0m[0;34m9[0;34m9
[0m[0;34m5[0;34m8
[0m[0;34m1[0;34m1[0;34m1[0;34m1[0;34m1[0;34m1[0;34m1[0;34m1[0;34m1[0;34m1[0;34m1[0;34m1[0;34m1[0;34m1[0;34m1[0;34m1[0;34m1[0;34m1[0;34m1
[0m[0;34m1[0;34m0[0;34m0[0;34m1[0;34m0[0;34m0[0;34m1[0;34m0[0;34m0[0;34m1[0;34m0[0;34m0[0;34m1[0;34m0[0;34m0[0;34m1[0;34m0[0;34m0[0;34m1
[0m[0;34m1[0;34m0[0;34m0[0;34m1[0;34m0[0;34m0[0;34m1[0;34m0[0;34m0[0;34m1[0;34m0[0;34m0[0;34m1[0;34m0[0;34m0[0;34m1[0;34m0[0;34m0[0;34m1
[0m[0;34m1[0;34m0[0;34m0[0;34m1[0;34m0[0;34m0[0;34m1[0;34m0[0;34m0[0;34m1[0;34m0[0;34m0[0;34m1[0;34m0[0;34m0[0;34m1[0;34m0[0;34m0[0;34m1
[0m[0;34m1[0;34m0[0;34m0[0;34m1[0;34m0[0;34m0[0;34m1[0;34m0[0;34m0[0;34m0[0;34m0[0;34m0[0;34m1[0;34m0[0;34m0[0;34m1[0;34m0[0;34m0[0;34m1
[0m[0;34m1[0;34m0[0;34m0[0;34m0[0;34m0[0;34m0[0;34m0[0;34m0[0;34m0[0;34mS[0;34m0[0;34m0[0;34m0[0;34m0[0;34m0[0;34m0[0;34m0[0;34m0[0;34m1
[0m[0;34m1[0;34m0[0;34m0[0;34m0[0;34m0[0;34m1[0;34m1[0;34m1[0;34m1[0;34m1[0;34m1[0;34m1[0;34m1[0;34m0[0;34m0[0;34m0[0;34m0[0;34m0[0;34m1
[0m[0;34m1[0;34m1[0;34m1[0;34m1[0;34m0[0;34m0[0;34m0[0;34m0[0;34m0[0;34m0[0;34m0[0;34m0[0;34m0[0;34m0[0;34m0[0;34m1[0;34m1[0;34m1[0;34m1
[0m[0;34m1[0;34m0[0;34m0[0;34m0[0;34m0[0;34m0[0;34m0[0;34m1[0;34m0[0;34m1[0;34m0[0;34m1[0;34m0[0;34m0[0;34m0[0;34m0[0;34m0[0;34m0[0;34m1
[0m[0;34m1[0;34m1[0;34m1[0;34m1[0;34m1[0;34m1[0;34m1[0;34m1[0;34m1[0;34m1[0;34m1[0;34m1[0;34m1[0;34m1[0;34m1[0;34m1[0;34m1[0;34m1[0;34m1
[0mExit code: 0
‚ö†Ô∏è No Valgrind alerts, but with leaks[0m  
==71328== Memcheck, a memory error detector
==71328== Copyright (C) 2002-2022, and GNU GPL'd, by Julian Seward et al.
==71328== Using Valgrind-3.22.0 and LibVEX; rerun with -h for copyright info
==71328== Command: ./cub3d ./maps/good/library.cub
==71328== Parent PID: 71296
==71328== 
==71328== 
==71328== HEAP SUMMARY:
==71328==     in use at exit: 1,004 bytes in 45 blocks
==71328==   total heap usage: 133 allocs, 88 frees, 8,285 bytes allocated
==71328== 
==71328== LEAK SUMMARY:
==71328==    definitely lost: 428 bytes in 10 blocks
==71328==    indirectly lost: 576 bytes in 35 blocks
==71328==      possibly lost: 0 bytes in 0 blocks
==71328==    still reachable: 0 bytes in 0 blocks
==71328==         suppressed: 0 bytes in 0 blocks
==71328== Rerun with --leak-check=full to see details of leaked memory
==71328== 
==71328== For lists of detected and suppressed errors, rerun with: -s
==71328== ERROR SUMMARY: 0 errors from 0 contexts (suppressed: 0 from 0)
Running valgrind on ./maps/good/matrix.cub...

[0;32m[Debug info] map end:[0m28
[0;32m[Debug info] map height:[0m21
[0;32m[Debug info]üõ†Ô∏è  Map info üîç
[0m[0;32m[Debug info] - Map width:[0m21
[0;32m[Debug info] - Map height:[0m21
[0;32m[Debug info]üõ†Ô∏è  Starting player position info üîç
[0m[0;32m[Debug info] - Player X:[0m1
[0;32m[Debug info] - Player Y:[0m19
[0;32m[Debug info] - Player Direction:[0mN
[0;32m[Debug info]üõ†Ô∏è  Colors info c:  üîç
[0m[0;32m[Debug info]üõ†Ô∏è  Colors info f:  üîç
[0m[0;32m[Debug info]üõ†Ô∏è  Textures info:  üîç
[0m[0;32m[Debug info] Texture north:[0mtextures/test/north.xpm
[0;32m[Debug info] Texture south:[0mtextures/test/south.xpm
[0;32m[Debug info] Texture west:[0mtextures/test/west.xpm
[0;32m[Debug info] Texture east:[0mtextures/test/east.xpm
[0;34m0
[0m[0;34m0
[0m[0;34m0
[0m[0;34m0
[0m[0;34m0
[0m[0;34m0
[0m[0;34m1[0;34m1[0;34m1[0;34m1[0;34m1[0;34m1[0;34m1[0;34m1[0;34m1[0;34m1[0;34m1[0;34m1[0;34m1[0;34m1[0;34m1[0;34m1[0;34m1[0;34m1[0;34m1[0;34m1[0;34m1
[0m[0;34m1[0;34m0[0;34m1[0;34m0[0;34m0[0;34m0[0;34m0[0;34m0[0;34m1[0;34m0[0;34m0[0;34m0[0;34m0[0;34m0[0;34m0[0;34m0[0;34m0[0;34m0[0;34m0[0;34m0[0;34m1
[0m[0;34m1[0;34m0[0;34m1[0;34m0[0;34m1[0;34m0[0;34m1[0;34m0[0;34m1[0;34m0[0;34m1[0;34m1[0;34m1[0;34m1[0;34m1[0;34m1[0;34m1[0;34m0[0;34m0[0;34m0[0;34m1
[0m[0;34m1[0;34m0[0;34m0[0;34m0[0;34m1[0;34m0[0;34m1[0;34m0[0;34m0[0;34m0[0;34m1[0;34m0[0;34m0[0;34m0[0;34m0[0;34m0[0;34m1[0;34m0[0;34m0[0;34m0[0;34m1
[0m[0;34m1[0;34m1[0;34m1[0;34m1[0;34m1[0;34m0[0;34m1[0;34m0[0;34m1[0;34m1[0;34m1[0;34m1[0;34m1[0;34m0[0;34m1[0;34m0[0;34m1[0;34m1[0;34m1[0;34m0[0;34m1
[0m[0;34m1[0;34m0[0;34m0[0;34m0[0;34m0[0;34m0[0;34m1[0;34m0[0;34m1[0;34m0[0;34m0[0;34m0[0;34m1[0;34m0[0;34m1[0;34m0[0;34m0[0;34m0[0;34m0[0;34m0[0;34m1
[0m[0;34m1[0;34m0[0;34m1[0;34m1[0;34m1[0;34m1[0;34m1[0;34m0[0;34m1[0;34m0[0;34m1[0;34m1[0;34m1[0;34m0[0;34m1[0;34m1[0;34m1[0;34m1[0;34m1[0;34m1[0;34m1
[0m[0;34m1[0;34m0[0;34m1[0;34m0[0;34m0[0;34m0[0;34m0[0;34m0[0;34m1[0;34m0[0;34m1[0;34m0[0;34m1[0;34m0[0;34m0[0;34m0[0;34m0[0;34m0[0;34m1[0;34m0[0;34m1
[0m[0;34m1[0;34m0[0;34m1[0;34m0[0;34m1[0;34m1[0;34m1[0;34m1[0;34m1[0;34m0[0;34m1[0;34m0[0;34m1[0;34m1[0;34m1[0;34m1[0;34m1[0;34m0[0;34m1[0;34m0[0;34m1
[0m[0;34m1[0;34m0[0;34m1[0;34m0[0;34m1[0;34m0[0;34m0[0;34m0[0;34m1[0;34m0[0;34m1[0;34m0[0;34m1[0;34m0[0;34m0[0;34m0[0;34m1[0;34m0[0;34m1[0;34m0[0;34m1
[0m[0;34m1[0;34m0[0;34m1[0;34m1[0;34m1[0;34m0[0;34m1[0;34m0[0;34m1[0;34m0[0;34m1[0;34m0[0;34m1[0;34m0[0;34m1[0;34m0[0;34m1[0;34m0[0;34m1[0;34m0[0;34m1
[0m[0;34m1[0;34m0[0;34m0[0;34m0[0;34m0[0;34m0[0;34m1[0;34m0[0;34m1[0;34m0[0;34m1[0;34m0[0;34m0[0;34m0[0;34m1[0;34m0[0;34m1[0;34m0[0;34m0[0;34m0[0;34m1
[0m[0;34m1[0;34m1[0;34m1[0;34m1[0;34m1[0;34m1[0;34m1[0;34m0[0;34m1[0;34m0[0;34m1[0;34m1[0;34m1[0;34m1[0;34m1[0;34m0[0;34m1[0;34m1[0;34m1[0;34m0[0;34m1
[0m[0;34m1[0;34m0[0;34m0[0;34m0[0;34m0[0;34m0[0;34m1[0;34m0[0;34m1[0;34m0[0;34m0[0;34m0[0;34m1[0;34m0[0;34m0[0;34m0[0;34m1[0;34m0[0;34m0[0;34m0[0;34m1
[0m[0;34m1[0;34m0[0;34m1[0;34m1[0;34m1[0;34m0[0;34m1[0;34m0[0;34m1[0;34m1[0;34m1[0;34m0[0;34m1[0;34m0[0;34m1[0;34m1[0;34m1[0;34m0[0;34m1[0;34m1[0;34m1
[0m[0;34m1[0;34m0[0;34m1[0;34m0[0;34m0[0;34m0[0;34m1[0;34m0[0;34m0[0;34m0[0;34m0[0;34m0[0;34m1[0;34m0[0;34m0[0;34m0[0;34m1[0;34m0[0;34m1[0;34m0[0;34m1
[0m[0;34m1[0;34m0[0;34m1[0;34m0[0;34m1[0;34m1[0;34m1[0;34m1[0;34m1[0;34m1[0;34m1[0;34m1[0;34m1[0;34m1[0;34m1[0;34m0[0;34m1[0;34m0[0;34m1[0;34m0[0;34m1
[0m[0;34m1[0;34m0[0;34m0[0;34m0[0;34m1[0;34m0[0;34m0[0;34m0[0;34m0[0;34m0[0;34m0[0;34m0[0;34m0[0;34m0[0;34m0[0;34m0[0;34m1[0;34m0[0;34m0[0;34m0[0;34m1
[0m[0;34m1[0;34m0[0;34m1[0;34m0[0;34m1[0;34m0[0;34m1[0;34m1[0;34m1[0;34m0[0;34m1[0;34m1[0;34m1[0;34m1[0;34m1[0;34m1[0;34m1[0;34m1[0;34m1[0;34m0[0;34m1
[0m[0;34m1[0;34mN[0;34m1[0;34m0[0;34m0[0;34m0[0;34m0[0;34m0[0;34m1[0;34m0[0;34m0[0;34m0[0;34m0[0;34m0[0;34m0[0;34m0[0;34m0[0;34m0[0;34m0[0;34m0[0;34m1
[0m[0;34m1[0;34m1[0;34m1[0;34m1[0;34m1[0;34m1[0;34m1[0;34m1[0;34m1[0;34m1[0;34m1[0;34m1[0;34m1[0;34m1[0;34m1[0;34m1[0;34m1[0;34m1[0;34m1[0;34m1[0;34m1
[0mExit code: 0
‚ö†Ô∏è No Valgrind alerts, but with leaks[0m  
==71383== Memcheck, a memory error detector
==71383== Copyright (C) 2002-2022, and GNU GPL'd, by Julian Seward et al.
==71383== Using Valgrind-3.22.0 and LibVEX; rerun with -h for copyright info
==71383== Command: ./cub3d ./maps/good/matrix.cub
==71383== Parent PID: 71296
==71383== 
==71383== 
==71383== HEAP SUMMARY:
==71383==     in use at exit: 1,685 bytes in 67 blocks
==71383==   total heap usage: 210 allocs, 143 frees, 12,140 bytes allocated
==71383== 
==71383== LEAK SUMMARY:
==71383==    definitely lost: 594 bytes in 10 blocks
==71383==    indirectly lost: 1,091 bytes in 57 blocks
==71383==      possibly lost: 0 bytes in 0 blocks
==71383==    still reachable: 0 bytes in 0 blocks
==71383==         suppressed: 0 bytes in 0 blocks
==71383== Rerun with --leak-check=full to see details of leaked memory
==71383== 
==71383== For lists of detected and suppressed errors, rerun with: -s
==71383== ERROR SUMMARY: 0 errors from 0 contexts (suppressed: 0 from 0)
Running valgrind on ./maps/good/sad_face.cub...

[0;32m[Debug info] map end:[0m20
[0;32m[Debug info] map height:[0m13
[0;32m[Debug info]üõ†Ô∏è  Map info üîç
[0m[0;32m[Debug info] - Map width:[0m15
[0;32m[Debug info] - Map height:[0m13
[0;32m[Debug info]üõ†Ô∏è  Starting player position info üîç
[0m[0;32m[Debug info] - Player X:[0m7
[0;32m[Debug info] - Player Y:[0m3
[0;32m[Debug info] - Player Direction:[0mN
[0;32m[Debug info]üõ†Ô∏è  Colors info c:  üîç
[0m[0;32m[Debug info]üõ†Ô∏è  Colors info f:  üîç
[0m[0;32m[Debug info]üõ†Ô∏è  Textures info:  üîç
[0m[0;32m[Debug info] Texture north:[0mtextures/test/north.xpm
[0;32m[Debug info] Texture south:[0mtextures/test/south.xpm
[0;32m[Debug info] Texture west:[0mtextures/test/west.xpm
[0;32m[Debug info] Texture east:[0mtextures/test/east.xpm
[0;34m5[0;34m3
[0m[0;34m4[0;34m1
[0m[0;34m3[0;34m4
[0m[0;34m4[0;34m5
[0m[0;34m3[0;34m3
[0m[0;34m2[0;34m7
[0m[0;34m1[0;34m1[0;34m1[0;34m1[0;34m1[0;34m1[0;34m1[0;34m1[0;34m1[0;34m1[0;34m1[0;34m1[0;34m1[0;34m1[0;34m1
[0m[0;34m1[0;34m1[0;34m1[0;34m1[0;34m1[0;34m1[0;34m0[0;34m0[0;34m0[0;34m1[0;34m1[0;34m1[0;34m1[0;34m1[0;34m1
[0m[0;34m1[0;34m1[0;34m1[0;34m1[0;34m1[0;34m0[0;34m0[0;34m0[0;34m0[0;34m0[0;34m1[0;34m1[0;34m1[0;34m1[0;34m1
[0m[0;34m1[0;34m1[0;34m1[0;34m1[0;34m0[0;34m0[0;34m0[0;34mN[0;34m0[0;34m0[0;34m0[0;34m1[0;34m1[0;34m1[0;34m1
[0m[0;34m1[0;34m1[0;34m1[0;34m0[0;34m0[0;34m0[0;34m0[0;34m0[0;34m0[0;34m0[0;34m0[0;34m0[0;34m1[0;34m1[0;34m1
[0m[0;34m1[0;34m1[0;34m0[0;34m0[0;34m0[0;34m0[0;34m0[0;34m0[0;34m0[0;34m0[0;34m0[0;34m0[0;34m0[0;34m1[0;34m1
[0m[0;34m1[0;34m0[0;34m0[0;34m0[0;34m0[0;34m1[0;34m1[0;34m1[0;34m1[0;34m1[0;34m0[0;34m0[0;34m0[0;34m0[0;34m1
[0m[0;34m1[0;34m1[0;34m0[0;34m0[0;34m0[0;34m0[0;34m1[0;34m1[0;34m1[0;34m0[0;34m0[0;34m0[0;34m0[0;34m1[0;34m1
[0m[0;34m1[0;34m1[0;34m1[0;34m0[0;34m0[0;34m0[0;34m0[0;34m1[0;34m0[0;34m0[0;34m0[0;34m0[0;34m1[0;34m1[0;34m1
[0m[0;34m1[0;34m1[0;34m1[0;34m1[0;34m0[0;34m0[0;34m0[0;34m0[0;34m0[0;34m0[0;34m0[0;34m1[0;34m1[0;34m1[0;34m1
[0m[0;34m1[0;34m1[0;34m1[0;34m1[0;34m1[0;34m0[0;34m0[0;34m0[0;34m0[0;34m0[0;34m1[0;34m1[0;34m1[0;34m1[0;34m1
[0m[0;34m1[0;34m1[0;34m1[0;34m1[0;34m1[0;34m1[0;34m0[0;34m0[0;34m0[0;34m1[0;34m1[0;34m1[0;34m1[0;34m1[0;34m1
[0m[0;34m1[0;34m1[0;34m1[0;34m1[0;34m1[0;34m1[0;34m1[0;34m1[0;34m1[0;34m1[0;34m1[0;34m1[0;34m1[0;34m1[0;34m1
[0mExit code: 0
‚ö†Ô∏è No Valgrind alerts, but with leaks[0m  
==71518== Memcheck, a memory error detector
==71518== Copyright (C) 2002-2022, and GNU GPL'd, by Julian Seward et al.
==71518== Using Valgrind-3.22.0 and LibVEX; rerun with -h for copyright info
==71518== Command: ./cub3d ./maps/good/sad_face.cub
==71518== Parent PID: 71296
==71518== 
==71518== 
==71518== HEAP SUMMARY:
==71518==     in use at exit: 1,059 bytes in 51 blocks
==71518==   total heap usage: 152 allocs, 101 frees, 8,972 bytes allocated
==71518== 
==71518== LEAK SUMMARY:
==71518==    definitely lost: 472 bytes in 10 blocks
==71518==    indirectly lost: 587 bytes in 41 blocks
==71518==      possibly lost: 0 bytes in 0 blocks
==71518==    still reachable: 0 bytes in 0 blocks
==71518==         suppressed: 0 bytes in 0 blocks
==71518== Rerun with --leak-check=full to see details of leaked memory
==71518== 
==71518== For lists of detected and suppressed errors, rerun with: -s
==71518== ERROR SUMMARY: 0 errors from 0 contexts (suppressed: 0 from 0)
Running valgrind on ./maps/good/square_map.cub...

[0;32m[Debug info] map end:[0m40
[0;32m[Debug info] map height:[0m27
[0;32m[Debug info]üõ†Ô∏è  Map info üîç
[0m[0;32m[Debug info] - Map width:[0m24
[0;32m[Debug info] - Map height:[0m27
[0;32m[Debug info]üõ†Ô∏è  Starting player position info üîç
[0m[0;32m[Debug info] - Player X:[0m9
[0;32m[Debug info] - Player Y:[0m3
[0;32m[Debug info] - Player Direction:[0mN
[0;32m[Debug info]üõ†Ô∏è  Colors info c:  üîç
[0m[0;32m[Debug info]üõ†Ô∏è  Colors info f:  üîç
[0m[0;32m[Debug info]üõ†Ô∏è  Textures info:  üîç
[0m[0;32m[Debug info] Texture north:[0mtextures/test/north.xpm
[0;32m[Debug info] Texture south:[0mtextures/test/south.xpm
[0;32m[Debug info] Texture west:[0mtextures/test/west.xpm
[0;32m[Debug info] Texture east:[0mtextures/test/east.xpm
[0;34m2[0;34m3[0;34m5
[0m[0;34m1[0;34m9[0;34m8
[0m[0;34m5[0;34m2
[0m[0;34m6[0;34m9
[0m[0;34m2[0;34m2[0;34m2
[0m[0;34m1[0;34m9[0;34m9
[0m[0;34m1[0;34m1[0;34m1[0;34m1[0;34m1[0;34m1[0;34m1[0;34m1[0;34m1[0;34m1[0;34m1[0;34m1[0;34m1[0;34m1[0;34m1[0;34m1[0;34m1[0;34m1[0;34m1[0;34m1[0;34m1[0;34m1[0;34m1[0;34m1
[0m[0;34m1[0;34m0[0;34m0[0;34m0[0;34m0[0;34m0[0;34m0[0;34m0[0;34m0[0;34m0[0;34m0[0;34m0[0;34m0[0;34m0[0;34m0[0;34m0[0;34m0[0;34m0[0;34m0[0;34m0[0;34m0[0;34m0[0;34m0[0;34m1
[0m[0;34m1[0;34m0[0;34m0[0;34m0[0;34m0[0;34m0[0;34m0[0;34m0[0;34m0[0;34m0[0;34m0[0;34m0[0;34m0[0;34m0[0;34m0[0;34m0[0;34m0[0;34m0[0;34m0[0;34m0[0;34m0[0;34m0[0;34m0[0;34m1
[0m[0;34m1[0;34m0[0;34m0[0;34m0[0;34m0[0;34m0[0;34m0[0;34m0[0;34m0[0;34mN[0;34m0[0;34m0[0;34m0[0;34m0[0;34m0[0;34m0[0;34m0[0;34m0[0;34m0[0;34m0[0;34m0[0;34m0[0;34m0[0;34m1
[0m[0;34m1[0;34m0[0;34m0[0;34m0[0;34m0[0;34m0[0;34m0[0;34m0[0;34m0[0;34m0[0;34m0[0;34m0[0;34m0[0;34m0[0;34m0[0;34m0[0;34m0[0;34m0[0;34m0[0;34m0[0;34m0[0;34m0[0;34m0[0;34m1
[0m[0;34m1[0;34m0[0;34m0[0;34m0[0;34m0[0;34m0[0;34m0[0;34m0[0;34m0[0;34m0[0;34m0[0;34m0[0;34m0[0;34m0[0;34m0[0;34m0[0;34m0[0;34m0[0;34m0[0;34m0[0;34m0[0;34m0[0;34m0[0;34m1
[0m[0;34m1[0;34m0[0;34m0[0;34m0[0;34m0[0;34m0[0;34m0[0;34m0[0;34m0[0;34m0[0;34m0[0;34m0[0;34m0[0;34m0[0;34m0[0;34m0[0;34m0[0;34m0[0;34m0[0;34m0[0;34m0[0;34m0[0;34m0[0;34m1
[0m[0;34m1[0;34m0[0;34m0[0;34m0[0;34m0[0;34m0[0;34m1[0;34m1[0;34m1[0;34m1[0;34m1[0;34m0[0;34m0[0;34m0[0;34m0[0;34m1[0;34m0[0;34m1[0;34m0[0;34m1[0;34m0[0;34m0[0;34m0[0;34m1
[0m[0;34m1[0;34m0[0;34m0[0;34m0[0;34m0[0;34m0[0;34m1[0;34m0[0;34m0[0;34m0[0;34m1[0;34m0[0;34m0[0;34m0[0;34m0[0;34m0[0;34m0[0;34m0[0;34m0[0;34m0[0;34m0[0;34m0[0;34m0[0;34m1
[0m[0;34m1[0;34m0[0;34m0[0;34m0[0;34m0[0;34m0[0;34m1[0;34m0[0;34m0[0;34m0[0;34m1[0;34m0[0;34m0[0;34m0[0;34m0[0;34m1[0;34m0[0;34m0[0;34m0[0;34m1[0;34m0[0;34m0[0;34m0[0;34m1
[0m[0;34m1[0;34m0[0;34m0[0;34m0[0;34m0[0;34m0[0;34m1[0;34m0[0;34m0[0;34m0[0;34m1[0;34m0[0;34m0[0;34m0[0;34m0[0;34m0[0;34m0[0;34m0[0;34m0[0;34m0[0;34m0[0;34m0[0;34m0[0;34m1
[0m[0;34m1[0;34m0[0;34m0[0;34m0[0;34m0[0;34m0[0;34m1[0;34m1[0;34m1[0;34m1[0;34m0[0;34m0[0;34m0[0;34m0[0;34m1[0;34m0[0;34m1[0;34m0[0;34m1[0;34m0[0;34m0[0;34m0[0;34m0[0;34m1
[0m[0;34m1[0;34m0[0;34m0[0;34m0[0;34m0[0;34m0[0;34m0[0;34m0[0;34m0[0;34m0[0;34m0[0;34m0[0;34m0[0;34m0[0;34m0[0;34m0[0;34m0[0;34m0[0;34m0[0;34m0[0;34m0[0;34m0[0;34m0[0;34m1
[0m[0;34m1[0;34m0[0;34m0[0;34m0[0;34m0[0;34m0[0;34m0[0;34m0[0;34m0[0;34m0[0;34m0[0;34m0[0;34m0[0;34m0[0;34m0[0;34m0[0;34m0[0;34m0[0;34m0[0;34m0[0;34m0[0;34m0[0;34m0[0;34m1
[0m[0;34m1[0;34m0[0;34m0[0;34m0[0;34m0[0;34m0[0;34m0[0;34m0[0;34m0[0;34m0[0;34m0[0;34m0[0;34m0[0;34m0[0;34m0[0;34m0[0;34m0[0;34m0[0;34m0[0;34m0[0;34m0[0;34m0[0;34m0[0;34m1
[0m[0;34m1[0;34m0[0;34m0[0;34m0[0;34m0[0;34m0[0;34m0[0;34m0[0;34m0[0;34m0[0;34m0[0;34m0[0;34m0[0;34m0[0;34m0[0;34m0[0;34m0[0;34m0[0;34m0[0;34m0[0;34m0[0;34m0[0;34m0[0;34m1
[0m[0;34m1[0;34m0[0;34m0[0;34m0[0;34m0[0;34m0[0;34m0[0;34m0[0;34m0[0;34m0[0;34m0[0;34m0[0;34m0[0;34m0[0;34m0[0;34m0[0;34m0[0;34m0[0;34m0[0;34m0[0;34m0[0;34m0[0;34m0[0;34m1
[0m[0;34m1[0;34m0[0;34m0[0;34m0[0;34m0[0;34m0[0;34m0[0;34m0[0;34m0[0;34m0[0;34m0[0;34m0[0;34m0[0;34m0[0;34m0[0;34m0[0;34m0[0;34m0[0;34m0[0;34m0[0;34m0[0;34m0[0;34m0[0;34m1
[0m[0;34m1[0;34m0[0;34m0[0;34m0[0;34m0[0;34m0[0;34m0[0;34m0[0;34m0[0;34m0[0;34m0[0;34m0[0;34m0[0;34m0[0;34m0[0;34m0[0;34m0[0;34m0[0;34m0[0;34m0[0;34m0[0;34m0[0;34m0[0;34m1
[0m[0;34m1[0;34m1[0;34m1[0;34m1[0;34m1[0;34m1[0;34m1[0;34m1[0;34m1[0;34m0[0;34m0[0;34m0[0;34m0[0;34m0[0;34m0[0;34m0[0;34m0[0;34m0[0;34m0[0;34m0[0;34m0[0;34m0[0;34m0[0;34m1
[0m[0;34m1[0;34m0[0;34m0[0;34m1[0;34m0[0;34m0[0;34m0[0;34m0[0;34m1[0;34m0[0;34m0[0;34m0[0;34m0[0;34m0[0;34m0[0;34m0[0;34m0[0;34m0[0;34m0[0;34m0[0;34m0[0;34m0[0;34m0[0;34m1
[0m[0;34m1[0;34m0[0;34m0[0;34m0[0;34m0[0;34m0[0;34m1[0;34m0[0;34m1[0;34m0[0;34m0[0;34m0[0;34m0[0;34m0[0;34m0[0;34m0[0;34m0[0;34m0[0;34m0[0;34m0[0;34m0[0;34m0[0;34m0[0;34m1
[0m[0;34m1[0;34m0[0;34m0[0;34m1[0;34m0[0;34m0[0;34m0[0;34m0[0;34m1[0;34m0[0;34m0[0;34m0[0;34m0[0;34m0[0;34m0[0;34m0[0;34m0[0;34m0[0;34m0[0;34m0[0;34m0[0;34m0[0;34m0[0;34m1
[0m[0;34m1[0;34m0[0;34m0[0;34m1[0;34m1[0;34m1[0;34m1[0;34m1[0;34m1[0;34m0[0;34m0[0;34m0[0;34m0[0;34m0[0;34m0[0;34m0[0;34m0[0;34m0[0;34m0[0;34m0[0;34m0[0;34m0[0;34m0[0;34m1
[0m[0;34m1[0;34m0[0;34m0[0;34m0[0;34m0[0;34m0[0;34m0[0;34m0[0;34m0[0;34m0[0;34m0[0;34m0[0;34m0[0;34m0[0;34m0[0;34m0[0;34m0[0;34m0[0;34m0[0;34m0[0;34m0[0;34m0[0;34m0[0;34m1
[0m[0;34m1[0;34m0[0;34m0[0;34m0[0;34m0[0;34m0[0;34m0[0;34m0[0;34m0[0;34m0[0;34m0[0;34m0[0;34m0[0;34m0[0;34m0[0;34m0[0;34m0[0;34m0[0;34m0[0;34m0[0;34m0[0;34m0[0;34m0[0;34m1
[0m[0;34m1[0;34m1[0;34m1[0;34m1[0;34m1[0;34m1[0;34m1[0;34m1[0;34m1[0;34m1[0;34m1[0;34m1[0;34m1[0;34m1[0;34m1[0;34m1[0;34m1[0;34m1[0;34m1[0;34m1[0;34m1[0;34m1[0;34m1[0;34m1
[0mExit code: 0
‚ö†Ô∏è No Valgrind alerts, but with leaks[0m  
==71521== Memcheck, a memory error detector
==71521== Copyright (C) 2002-2022, and GNU GPL'd, by Julian Seward et al.
==71521== Using Valgrind-3.22.0 and LibVEX; rerun with -h for copyright info
==71521== Command: ./cub3d ./maps/good/square_map.cub
==71521== Parent PID: 71296
==71521== 
==71521== 
==71521== HEAP SUMMARY:
==71521==     in use at exit: 2,338 bytes in 84 blocks
==71521==   total heap usage: 277 allocs, 193 frees, 17,008 bytes allocated
==71521== 
==71521== LEAK SUMMARY:
==71521==    definitely lost: 744 bytes in 10 blocks
==71521==    indirectly lost: 1,594 bytes in 74 blocks
==71521==      possibly lost: 0 bytes in 0 blocks
==71521==    still reachable: 0 bytes in 0 blocks
==71521==         suppressed: 0 bytes in 0 blocks
==71521== Rerun with --leak-check=full to see details of leaked memory
==71521== 
==71521== For lists of detected and suppressed errors, rerun with: -s
==71521== ERROR SUMMARY: 0 errors from 0 contexts (suppressed: 0 from 0)
Running valgrind on ./maps/good/subject_map.cub...

[0;32m[Debug info] map end:[0m21
[0;32m[Debug info] map height:[0m14
[0;32m[Debug info]üõ†Ô∏è  Map info üîç
[0m[0;32m[Debug info] - Map width:[0m33
[0;32m[Debug info] - Map height:[0m14
[0;32m[Debug info]üõ†Ô∏è  Starting player position info üîç
[0m[0;32m[Debug info] - Player X:[0m26
[0;32m[Debug info] - Player Y:[0m11
[0;32m[Debug info] - Player Direction:[0mN
[0;32m[Debug info]üõ†Ô∏è  Colors info c:  üîç
[0m[0;32m[Debug info]üõ†Ô∏è  Colors info f:  üîç
[0m[0;32m[Debug info]üõ†Ô∏è  Textures info:  üîç
[0m[0;32m[Debug info] Texture north:[0mtextures/test/north.xpm
[0;32m[Debug info] Texture south:[0mtextures/test/south.xpm
[0;32m[Debug info] Texture west:[0mtextures/test/west.xpm
[0;32m[Debug info] Texture east:[0mtextures/test/east.xpm
[0;34m2[0;34m2[0;34m5
[0m[0;34m3[0;34m0
[0m[0;34m0
[0m[0;34m2[0;34m2[0;34m0
[0m[0;34m1[0;34m0[0;34m0
[0m[0;34m0
[0m[0;34m1[0;34m1[0;34m1[0;34m1[0;34m1[0;34m1[0;34m1[0;34m1[0;34m1[0;34m1[0;34m1[0;34m1[0;34m1[0;34m1[0;34m1[0;34m1[0;34m1[0;34m1[0;34m1[0;34m1[0;34m1[0;34m1[0;34m1[0;34m1[0;34m1[0;34m1[0;34m1[0;34m1[0;34m1[0;34m1[0;34m1[0;34m1[0;34m1
[0m[0;34m1[0;34m1[0;34m1[0;34m1[0;34m1[0;34m1[0;34m1[0;34m1[0;34m1[0;34m0[0;34m0[0;34m0[0;34m0[0;34m0[0;34m0[0;34m0[0;34m0[0;34m0[0;34m1[0;34m1[0;34m0[0;34m0[0;34m0[0;34m0[0;34m0[0;34m0[0;34m0[0;34m0[0;34m0[0;34m0[0;34m0[0;34m0[0;34m1
[0m[0;34m1[0;34m1[0;34m1[0;34m1[0;34m1[0;34m1[0;34m1[0;34m1[0;34m1[0;34m0[0;34m1[0;34m1[0;34m0[0;34m0[0;34m0[0;34m0[0;34m0[0;34m1[0;34m1[0;34m1[0;34m0[0;34m0[0;34m0[0;34m0[0;34m0[0;34m0[0;34m0[0;34m0[0;34m0[0;34m0[0;34m0[0;34m0[0;34m1
[0m[0;34m1[0;34m1[0;34m1[0;34m1[0;34m1[0;34m1[0;34m1[0;34m1[0;34m1[0;34m0[0;34m0[0;34m1[0;34m0[0;34m0[0;34m0[0;34m0[0;34m0[0;34m0[0;34m0[0;34m0[0;34m0[0;34m0[0;34m0[0;34m0[0;34m0[0;34m0[0;34m0[0;34m0[0;34m0[0;34m0[0;34m0[0;34m0[0;34m1
[0m[0;34m1[0;34m1[0;34m1[0;34m1[0;34m1[0;34m1[0;34m1[0;34m1[0;34m1[0;34m0[0;34m1[0;34m1[0;34m0[0;34m0[0;34m0[0;34m0[0;34m0[0;34m1[0;34m1[0;34m1[0;34m0[0;34m0[0;34m0[0;34m0[0;34m0[0;34m0[0;34m0[0;34m0[0;34m0[0;34m0[0;34m0[0;34m0[0;34m1
[0m[0;34m1[0;34m0[0;34m0[0;34m0[0;34m0[0;34m0[0;34m0[0;34m0[0;34m0[0;34m0[0;34m1[0;34m1[0;34m0[0;34m0[0;34m0[0;34m0[0;34m0[0;34m1[0;34m1[0;34m1[0;34m0[0;34m1[0;34m1[0;34m1[0;34m1[0;34m1[0;34m1[0;34m1[0;34m1[0;34m1[0;34m1[0;34m1[0;34m1
[0m[0;34m1[0;34m1[0;34m1[0;34m1[0;34m0[0;34m1[0;34m1[0;34m1[0;34m1[0;34m1[0;34m1[0;34m1[0;34m1[0;34m1[0;34m0[0;34m1[0;34m1[0;34m1[0;34m0[0;34m0[0;34m0[0;34m0[0;34m0[0;34m0[0;34m1[0;34m0[0;34m0[0;34m0[0;34m1[0;34m1[0;34m1[0;34m1[0;34m1
[0m[0;34m1[0;34m1[0;34m1[0;34m1[0;34m0[0;34m1[0;34m1[0;34m1[0;34m1[0;34m1[0;34m1[0;34m1[0;34m1[0;34m1[0;34m0[0;34m1[0;34m1[0;34m1[0;34m0[0;34m1[0;34m0[0;34m1[0;34m0[0;34m0[0;34m1[0;34m0[0;34m0[0;34m0[0;34m1[0;34m1[0;34m1[0;34m1[0;34m1
[0m[0;34m1[0;34m1[0;34m0[0;34m0[0;34m0[0;34m0[0;34m0[0;34m0[0;34m1[0;34m1[0;34m0[0;34m1[0;34m0[0;34m1[0;34m0[0;34m1[0;34m1[0;34m1[0;34m0[0;34m0[0;34m0[0;34m0[0;34m0[0;34m0[0;34m1[0;34m0[0;34m0[0;34m0[0;34m1[0;34m1[0;34m1[0;34m1[0;34m1
[0m[0;34m1[0;34m0[0;34m0[0;34m0[0;34m0[0;34m0[0;34m0[0;34m0[0;34m0[0;34m0[0;34m0[0;34m0[0;34m0[0;34m0[0;34m0[0;34m0[0;34m1[0;34m1[0;34m0[0;34m0[0;34m0[0;34m0[0;34m0[0;34m0[0;34m1[0;34m0[0;34m0[0;34m0[0;34m1[0;34m1[0;34m1[0;34m1[0;34m1
[0m[0;34m1[0;34m0[0;34m0[0;34m0[0;34m0[0;34m0[0;34m0[0;34m0[0;34m0[0;34m0[0;34m0[0;34m0[0;34m0[0;34m0[0;34m0[0;34m0[0;34m1[0;34m1[0;34m0[0;34m1[0;34m0[0;34m1[0;34m0[0;34m0[0;34m1[0;34m0[0;34m0[0;34m0[0;34m1[0;34m1[0;34m1[0;34m1[0;34m1
[0m[0;34m1[0;34m1[0;34m0[0;34m0[0;34m0[0;34m0[0;34m0[0;34m1[0;34m1[0;34m1[0;34m0[0;34m1[0;34m0[0;34m1[0;34m0[0;34m1[0;34m1[0;34m1[0;34m1[0;34m1[0;34m0[0;34m1[0;34m1[0;34m1[0;34m1[0;34m0[0;34mN[0;34m0[0;34m1[0;34m1[0;34m1[0;34m1[0;34m1
[0m[0;34m1[0;34m1[0;34m1[0;34m1[0;34m0[0;34m1[0;34m1[0;34m1[0;34m1[0;34m1[0;34m1[0;34m1[0;34m0[0;34m1[0;34m0[0;34m1[0;34m1[0;34m1[0;34m0[0;34m1[0;34m1[0;34m1[0;34m1[0;34m0[0;34m1[0;34m0[0;34m0[0;34m0[0;34m1[0;34m1[0;34m1[0;34m1[0;34m1
[0m[0;34m1[0;34m1[0;34m1[0;34m1[0;34m1[0;34m1[0;34m1[0;34m1[0;34m1[0;34m1[0;34m1[0;34m1[0;34m1[0;34m1[0;34m1[0;34m1[0;34m1[0;34m1[0;34m1[0;34m1[0;34m1[0;34m1[0;34m1[0;34m1[0;34m1[0;34m1[0;34m1[0;34m1[0;34m1[0;34m1[0;34m1[0;34m1[0;34m1
[0mExit code: 0
‚ö†Ô∏è No Valgrind alerts, but with leaks[0m  
==71524== Memcheck, a memory error detector
==71524== Copyright (C) 2002-2022, and GNU GPL'd, by Julian Seward et al.
==71524== Using Valgrind-3.22.0 and LibVEX; rerun with -h for copyright info
==71524== Command: ./cub3d ./maps/good/subject_map.cub
==71524== Parent PID: 71296
==71524== 
==71524== 
==71524== HEAP SUMMARY:
==71524==     in use at exit: 1,575 bytes in 52 blocks
==71524==   total heap usage: 164 allocs, 112 frees, 10,128 bytes allocated
==71524== 
==71524== LEAK SUMMARY:
==71524==    definitely lost: 481 bytes in 10 blocks
==71524==    indirectly lost: 1,094 bytes in 42 blocks
==71524==      possibly lost: 0 bytes in 0 blocks
==71524==    still reachable: 0 bytes in 0 blocks
==71524==         suppressed: 0 bytes in 0 blocks
==71524== Rerun with --leak-check=full to see details of leaked memory
==71524== 
==71524== For lists of detected and suppressed errors, rerun with: -s
==71524== ERROR SUMMARY: 0 errors from 0 contexts (suppressed: 0 from 0)
Running valgrind on ./maps/good/test_map.cub...

[0;32m[Debug info] map end:[0m15
[0;32m[Debug info] map height:[0m8
[0;32m[Debug info]üõ†Ô∏è  Map info üîç
[0m[0;32m[Debug info] - Map width:[0m12
[0;32m[Debug info] - Map height:[0m8
[0;32m[Debug info]üõ†Ô∏è  Starting player position info üîç
[0m[0;32m[Debug info] - Player X:[0m2
[0;32m[Debug info] - Player Y:[0m4
[0;32m[Debug info] - Player Direction:[0mS
[0;32m[Debug info]üõ†Ô∏è  Colors info c:  üîç
[0m[0;32m[Debug info]üõ†Ô∏è  Colors info f:  üîç
[0m[0;32m[Debug info]üõ†Ô∏è  Textures info:  üîç
[0m[0;32m[Debug info] Texture north:[0mtextures/test/north.xpm
[0;32m[Debug info] Texture south:[0mtextures/test/south.xpm
[0;32m[Debug info] Texture west:[0mtextures/test/west.xpm
[0;32m[Debug info] Texture east:[0mtextures/test/east.xpm
[0;34m1[0;34m5[0;34m3
[0m[0;34m2[0;34m0[0;34m4
[0m[0;34m2[0;34m5[0;34m5
[0m[0;34m1[0;34m8
[0m[0;34m5[0;34m3
[0m[0;34m2[0;34m5
[0m[0;34m1[0;34m1[0;34m1[0;34m1[0;34m1[0;34m1[0;34m1[0;34m1[0;34m1[0;34m1[0;34m1[0;34m1
[0m[0;34m1[0;34m1[0;34m1[0;34m1[0;34m1[0;34m1[0;34m1[0;34m1[0;34m1[0;34m1[0;34m1[0;34m1
[0m[0;34m1[0;34m1[0;34m1[0;34m1[0;34m1[0;34m1[0;34m1[0;34m1[0;34m1[0;34m1[0;34m1[0;34m1
[0m[0;34m1[0;34m1[0;34m1[0;34m1[0;34m1[0;34m1[0;34m1[0;34m1[0;34m1[0;34m1[0;34m1[0;34m1
[0m[0;34m1[0;34m0[0;34mS[0;34m0[0;34m0[0;34m0[0;34m0[0;34m0[0;34m0[0;34m0[0;34m0[0;34m1
[0m[0;34m1[0;34m1[0;34m1[0;34m1[0;34m1[0;34m1[0;34m1[0;34m1[0;34m1[0;34m1[0;34m1[0;34m1
[0m[0;34m1[0;34m1[0;34m1[0;34m1[0;34m1[0;34m1[0;34m1[0;34m1[0;34m1[0;34m1[0;34m1[0;34m1
[0m[0;34m1[0;34m1[0;34m1[0;34m1[0;34m1[0;34m1[0;34m1[0;34m1[0;34m1[0;34m1[0;34m1[0;34m1
[0mExit code: 0
‚ö†Ô∏è No Valgrind alerts, but with leaks[0m  
==71527== Memcheck, a memory error detector
==71527== Copyright (C) 2002-2022, and GNU GPL'd, by Julian Seward et al.
==71527== Using Valgrind-3.22.0 and LibVEX; rerun with -h for copyright info
==71527== Command: ./cub3d ./maps/good/test_map.cub
==71527== Parent PID: 71296
==71527== 
==71527== 
==71527== HEAP SUMMARY:
==71527==     in use at exit: 765 bytes in 40 blocks
==71527==   total heap usage: 113 allocs, 73 frees, 7,229 bytes allocated
==71527== 
==71527== LEAK SUMMARY:
==71527==    definitely lost: 387 bytes in 10 blocks
==71527==    indirectly lost: 378 bytes in 30 blocks
==71527==      possibly lost: 0 bytes in 0 blocks
==71527==    still reachable: 0 bytes in 0 blocks
==71527==         suppressed: 0 bytes in 0 blocks
==71527== Rerun with --leak-check=full to see details of leaked memory
==71527== 
==71527== For lists of detected and suppressed errors, rerun with: -s
==71527== ERROR SUMMARY: 0 errors from 0 contexts (suppressed: 0 from 0)
Running valgrind on ./maps/good/test_map_hole.cub...

[0;32m[Debug info] map end:[0m15
[0;32m[Debug info] map height:[0m8
[0;32m[Debug info]üõ†Ô∏è  Map info üîç
[0m[0;32m[Debug info] - Map width:[0m12
[0;32m[Debug info] - Map height:[0m8
[0;32m[Debug info]üõ†Ô∏è  Starting player position info üîç
[0m[0;32m[Debug info] - Player X:[0m2
[0;32m[Debug info] - Player Y:[0m4
[0;32m[Debug info] - Player Direction:[0mS
[0;32m[Debug info]üõ†Ô∏è  Colors info c:  üîç
[0m[0;32m[Debug info]üõ†Ô∏è  Colors info f:  üîç
[0m[0;32m[Debug info]üõ†Ô∏è  Textures info:  üîç
[0m[0;32m[Debug info] Texture north:[0mtextures/test/north.xpm
[0;32m[Debug info] Texture south:[0mtextures/test/south.xpm
[0;32m[Debug info] Texture west:[0mtextures/test/west.xpm
[0;32m[Debug info] Texture east:[0mtextures/test/east.xpm
[0;34m1[0;34m5[0;34m3
[0m[0;34m2[0;34m0[0;34m4
[0m[0;34m2[0;34m5[0;34m5
[0m[0;34m1[0;34m8
[0m[0;34m5[0;34m3
[0m[0;34m2[0;34m5
[0m[0;34m1[0;34m1[0;34m1[0;34m1[0;34m1[0;34m1[0;34m1[0;34m1[0;34m1[0;34m1[0;34m1[0;34m1
[0m[0;34m1[0;34m1[0;34m1[0;34m1[0;34m1[0;34m1[0;34m1[0;34m1[0;34m1[0;34m1[0;34m1[0;34m1
[0m[0;34m1[0;34m1[0;34m1[0;34m1[0;34m1[0;34m1[0;34m1[0;34m1[0;34m0[0;34m0[0;34m0[0;34m1
[0m[0;34m1[0;34m0[0;34m0[0;34m0[0;34m0[0;34m0[0;34m0[0;34m1[0;34m0[0;34m0[0;34m1[0;34m1
[0m[0;34m1[0;34m0[0;34mS[0;34m0[0;34m0[0;34m0[0;34m0[0;34m0[0;34m0[0;34m0[0;34m0[0;34m1
[0m[0;34m1[0;34m1[0;34m1[0;34m1[0;34m1[0;34m1[0;34m1[0;34m1[0;34m1[0;34m1[0;34m1[0;34m1
[0m[0;34m1[0;34m1[0;34m1[0;34m1[0;34m1[0;34m1[0;34m1[0;34m1[0;34m1[0;34m1[0;34m1[0;34m1
[0m[0;34m1[0;34m1[0;34m1[0;34m1[0;34m1[0;34m1[0;34m1[0;34m1[0;34m1[0;34m1[0;34m1[0;34m1
[0mExit code: 0
‚ö†Ô∏è No Valgrind alerts, but with leaks[0m  
==71530== Memcheck, a memory error detector
==71530== Copyright (C) 2002-2022, and GNU GPL'd, by Julian Seward et al.
==71530== Using Valgrind-3.22.0 and LibVEX; rerun with -h for copyright info
==71530== Command: ./cub3d ./maps/good/test_map_hole.cub
==71530== Parent PID: 71296
==71530== 
==71530== 
==71530== HEAP SUMMARY:
==71530==     in use at exit: 765 bytes in 40 blocks
==71530==   total heap usage: 113 allocs, 73 frees, 7,229 bytes allocated
==71530== 
==71530== LEAK SUMMARY:
==71530==    definitely lost: 387 bytes in 10 blocks
==71530==    indirectly lost: 378 bytes in 30 blocks
==71530==      possibly lost: 0 bytes in 0 blocks
==71530==    still reachable: 0 bytes in 0 blocks
==71530==         suppressed: 0 bytes in 0 blocks
==71530== Rerun with --leak-check=full to see details of leaked memory
==71530== 
==71530== For lists of detected and suppressed errors, rerun with: -s
==71530== ERROR SUMMARY: 0 errors from 0 contexts (suppressed: 0 from 0)
Running valgrind on ./maps/good/test_pos_bottom.cub...

[0;32m[Debug info] map end:[0m20
[0;32m[Debug info] map height:[0m13
[0;32m[Debug info]üõ†Ô∏è  Map info üîç
[0m[0;32m[Debug info] - Map width:[0m3
[0;32m[Debug info] - Map height:[0m13
[0;32m[Debug info]üõ†Ô∏è  Starting player position info üîç
[0m[0;32m[Debug info] - Player X:[0m1
[0;32m[Debug info] - Player Y:[0m11
[0;32m[Debug info] - Player Direction:[0mS
[0;32m[Debug info]üõ†Ô∏è  Colors info c:  üîç
[0m[0;32m[Debug info]üõ†Ô∏è  Colors info f:  üîç
[0m[0;32m[Debug info]üõ†Ô∏è  Textures info:  üîç
[0m[0;32m[Debug info] Texture north:[0mtextures/test/north.xpm
[0;32m[Debug info] Texture south:[0mtextures/test/south.xpm
[0;32m[Debug info] Texture west:[0mtextures/test/west.xpm
[0;32m[Debug info] Texture east:[0mtextures/test/east.xpm
[0;34m2[0;34m0[0;34m0
[0m[0;34m2[0;34m0[0;34m0
[0m[0;34m2[0;34m0[0;34m0
[0m[0;34m2[0;34m0
[0m[0;34m2[0;34m0
[0m[0;34m2[0;34m0
[0m[0;34m1[0;34m1[0;34m1
[0m[0;34m1[0;34m0[0;34m1
[0m[0;34m1[0;34m0[0;34m1
[0m[0;34m1[0;34m0[0;34m1
[0m[0;34m1[0;34m0[0;34m1
[0m[0;34m1[0;34m0[0;34m1
[0m[0;34m1[0;34m0[0;34m1
[0m[0;34m1[0;34m0[0;34m1
[0m[0;34m1[0;34m0[0;34m1
[0m[0;34m1[0;34m0[0;34m1
[0m[0;34m1[0;34m0[0;34m1
[0m[0;34m1[0;34mS[0;34m1
[0m[0;34m1[0;34m1[0;34m1
[0mExit code: 0
‚ö†Ô∏è No Valgrind alerts, but with leaks[0m  
==71533== Memcheck, a memory error detector
==71533== Copyright (C) 2002-2022, and GNU GPL'd, by Julian Seward et al.
==71533== Using Valgrind-3.22.0 and LibVEX; rerun with -h for copyright info
==71533== Command: ./cub3d ./maps/good/test_pos_bottom.cub
==71533== Parent PID: 71296
==71533== 
==71533== 
==71533== HEAP SUMMARY:
==71533==     in use at exit: 746 bytes in 50 blocks
==71533==   total heap usage: 141 allocs, 91 frees, 8,007 bytes allocated
==71533== 
==71533== LEAK SUMMARY:
==71533==    definitely lost: 467 bytes in 10 blocks
==71533==    indirectly lost: 279 bytes in 40 blocks
==71533==      possibly lost: 0 bytes in 0 blocks
==71533==    still reachable: 0 bytes in 0 blocks
==71533==         suppressed: 0 bytes in 0 blocks
==71533== Rerun with --leak-check=full to see details of leaked memory
==71533== 
==71533== For lists of detected and suppressed errors, rerun with: -s
==71533== ERROR SUMMARY: 0 errors from 0 contexts (suppressed: 0 from 0)
Running valgrind on ./maps/good/test_pos_left.cub...

[0;32m[Debug info] map end:[0m10
[0;32m[Debug info] map height:[0m3
[0;32m[Debug info]üõ†Ô∏è  Map info üîç
[0m[0;32m[Debug info] - Map width:[0m21
[0;32m[Debug info] - Map height:[0m3
[0;32m[Debug info]üõ†Ô∏è  Starting player position info üîç
[0m[0;32m[Debug info] - Player X:[0m1
[0;32m[Debug info] - Player Y:[0m1
[0;32m[Debug info] - Player Direction:[0mW
[0;32m[Debug info]üõ†Ô∏è  Colors info c:  üîç
[0m[0;32m[Debug info]üõ†Ô∏è  Colors info f:  üîç
[0m[0;32m[Debug info]üõ†Ô∏è  Textures info:  üîç
[0m[0;32m[Debug info] Texture north:[0mtextures/test/north.xpm
[0;32m[Debug info] Texture south:[0mtextures/test/south.xpm
[0;32m[Debug info] Texture west:[0mtextures/test/west.xpm
[0;32m[Debug info] Texture east:[0mtextures/test/east.xpm
[0;34m2[0;34m0[0;34m0
[0m[0;34m2[0;34m0[0;34m0
[0m[0;34m2[0;34m0[0;34m0
[0m[0;34m2[0;34m0
[0m[0;34m2[0;34m0
[0m[0;34m2[0;34m0
[0m[0;34m1[0;34m1[0;34m1[0;34m1[0;34m1[0;34m1[0;34m1[0;34m1[0;34m1[0;34m1[0;34m1[0;34m1[0;34m1[0;34m1[0;34m1[0;34m1[0;34m1[0;34m1[0;34m1[0;34m1[0;34m1
[0m[0;34m1[0;34mW[0;34m0[0;34m0[0;34m0[0;34m0[0;34m0[0;34m0[0;34m0[0;34m0[0;34m0[0;34m0[0;34m0[0;34m0[0;34m0[0;34m0[0;34m0[0;34m0[0;34m0[0;34m0[0;34m1
[0m[0;34m1[0;34m1[0;34m1[0;34m1[0;34m1[0;34m1[0;34m1[0;34m1[0;34m1[0;34m1[0;34m1[0;34m1[0;34m1[0;34m1[0;34m1[0;34m1[0;34m1[0;34m1[0;34m1[0;34m1[0;34m1
[0mExit code: 0
‚ö†Ô∏è No Valgrind alerts, but with leaks[0m  
==71609== Memcheck, a memory error detector
==71609== Copyright (C) 2002-2022, and GNU GPL'd, by Julian Seward et al.
==71609== Using Valgrind-3.22.0 and LibVEX; rerun with -h for copyright info
==71609== Command: ./cub3d ./maps/good/test_pos_left.cub
==71609== Parent PID: 71296
==71609== 
==71609== 
==71609== HEAP SUMMARY:
==71609==     in use at exit: 604 bytes in 30 blocks
==71609==   total heap usage: 82 allocs, 52 frees, 6,237 bytes allocated
==71609== 
==71609== LEAK SUMMARY:
==71609==    definitely lost: 307 bytes in 10 blocks
==71609==    indirectly lost: 297 bytes in 20 blocks
==71609==      possibly lost: 0 bytes in 0 blocks
==71609==    still reachable: 0 bytes in 0 blocks
==71609==         suppressed: 0 bytes in 0 blocks
==71609== Rerun with --leak-check=full to see details of leaked memory
==71609== 
==71609== For lists of detected and suppressed errors, rerun with: -s
==71609== ERROR SUMMARY: 0 errors from 0 contexts (suppressed: 0 from 0)
Running valgrind on ./maps/good/test_pos_right.cub...

[0;32m[Debug info] map end:[0m10
[0;32m[Debug info] map height:[0m3
[0;32m[Debug info]üõ†Ô∏è  Map info üîç
[0m[0;32m[Debug info] - Map width:[0m21
[0;32m[Debug info] - Map height:[0m3
[0;32m[Debug info]üõ†Ô∏è  Starting player position info üîç
[0m[0;32m[Debug info] - Player X:[0m19
[0;32m[Debug info] - Player Y:[0m1
[0;32m[Debug info] - Player Direction:[0mE
[0;32m[Debug info]üõ†Ô∏è  Colors info c:  üîç
[0m[0;32m[Debug info]üõ†Ô∏è  Colors info f:  üîç
[0m[0;32m[Debug info]üõ†Ô∏è  Textures info:  üîç
[0m[0;32m[Debug info] Texture north:[0mtextures/test/north.xpm
[0;32m[Debug info] Texture south:[0mtextures/test/south.xpm
[0;32m[Debug info] Texture west:[0mtextures/test/west.xpm
[0;32m[Debug info] Texture east:[0mtextures/test/east.xpm
[0;34m2[0;34m0[0;34m0
[0m[0;34m2[0;34m0[0;34m0
[0m[0;34m2[0;34m0[0;34m0
[0m[0;34m2[0;34m0
[0m[0;34m2[0;34m0
[0m[0;34m2[0;34m0
[0m[0;34m1[0;34m1[0;34m1[0;34m1[0;34m1[0;34m1[0;34m1[0;34m1[0;34m1[0;34m1[0;34m1[0;34m1[0;34m1[0;34m1[0;34m1[0;34m1[0;34m1[0;34m1[0;34m1[0;34m1[0;34m1
[0m[0;34m1[0;34m0[0;34m0[0;34m0[0;34m0[0;34m0[0;34m0[0;34m0[0;34m0[0;34m0[0;34m0[0;34m0[0;34m0[0;34m0[0;34m0[0;34m0[0;34m0[0;34m0[0;34m0[0;34mE[0;34m1
[0m[0;34m1[0;34m1[0;34m1[0;34m1[0;34m1[0;34m1[0;34m1[0;34m1[0;34m1[0;34m1[0;34m1[0;34m1[0;34m1[0;34m1[0;34m1[0;34m1[0;34m1[0;34m1[0;34m1[0;34m1[0;34m1
[0mExit code: 0
‚ö†Ô∏è No Valgrind alerts, but with leaks[0m  
==71612== Memcheck, a memory error detector
==71612== Copyright (C) 2002-2022, and GNU GPL'd, by Julian Seward et al.
==71612== Using Valgrind-3.22.0 and LibVEX; rerun with -h for copyright info
==71612== Command: ./cub3d ./maps/good/test_pos_right.cub
==71612== Parent PID: 71296
==71612== 
==71612== 
==71612== HEAP SUMMARY:
==71612==     in use at exit: 604 bytes in 30 blocks
==71612==   total heap usage: 82 allocs, 52 frees, 6,237 bytes allocated
==71612== 
==71612== LEAK SUMMARY:
==71612==    definitely lost: 307 bytes in 10 blocks
==71612==    indirectly lost: 297 bytes in 20 blocks
==71612==      possibly lost: 0 bytes in 0 blocks
==71612==    still reachable: 0 bytes in 0 blocks
==71612==         suppressed: 0 bytes in 0 blocks
==71612== Rerun with --leak-check=full to see details of leaked memory
==71612== 
==71612== For lists of detected and suppressed errors, rerun with: -s
==71612== ERROR SUMMARY: 0 errors from 0 contexts (suppressed: 0 from 0)
Running valgrind on ./maps/good/test_pos_top.cub...

[0;32m[Debug info] map end:[0m20
[0;32m[Debug info] map height:[0m13
[0;32m[Debug info]üõ†Ô∏è  Map info üîç
[0m[0;32m[Debug info] - Map width:[0m3
[0;32m[Debug info] - Map height:[0m13
[0;32m[Debug info]üõ†Ô∏è  Starting player position info üîç
[0m[0;32m[Debug info] - Player X:[0m1
[0;32m[Debug info] - Player Y:[0m1
[0;32m[Debug info] - Player Direction:[0mN
[0;32m[Debug info]üõ†Ô∏è  Colors info c:  üîç
[0m[0;32m[Debug info]üõ†Ô∏è  Colors info f:  üîç
[0m[0;32m[Debug info]üõ†Ô∏è  Textures info:  üîç
[0m[0;32m[Debug info] Texture north:[0mtextures/test/north.xpm
[0;32m[Debug info] Texture south:[0mtextures/test/south.xpm
[0;32m[Debug info] Texture west:[0mtextures/test/west.xpm
[0;32m[Debug info] Texture east:[0mtextures/test/east.xpm
[0;34m2[0;34m0[0;34m0
[0m[0;34m2[0;34m0[0;34m0
[0m[0;34m2[0;34m0[0;34m0
[0m[0;34m2[0;34m0
[0m[0;34m2[0;34m0
[0m[0;34m2[0;34m0
[0m[0;34m1[0;34m1[0;34m1
[0m[0;34m1[0;34mN[0;34m1
[0m[0;34m1[0;34m0[0;34m1
[0m[0;34m1[0;34m0[0;34m1
[0m[0;34m1[0;34m0[0;34m1
[0m[0;34m1[0;34m0[0;34m1
[0m[0;34m1[0;34m0[0;34m1
[0m[0;34m1[0;34m0[0;34m1
[0m[0;34m1[0;34m0[0;34m1
[0m[0;34m1[0;34m0[0;34m1
[0m[0;34m1[0;34m0[0;34m1
[0m[0;34m1[0;34m0[0;34m1
[0m[0;34m1[0;34m1[0;34m1
[0mExit code: 0
‚ö†Ô∏è No Valgrind alerts, but with leaks[0m  
==71746== Memcheck, a memory error detector
==71746== Copyright (C) 2002-2022, and GNU GPL'd, by Julian Seward et al.
==71746== Using Valgrind-3.22.0 and LibVEX; rerun with -h for copyright info
==71746== Command: ./cub3d ./maps/good/test_pos_top.cub
==71746== Parent PID: 71296
==71746== 
==71746== 
==71746== HEAP SUMMARY:
==71746==     in use at exit: 746 bytes in 50 blocks
==71746==   total heap usage: 141 allocs, 91 frees, 8,007 bytes allocated
==71746== 
==71746== LEAK SUMMARY:
==71746==    definitely lost: 467 bytes in 10 blocks
==71746==    indirectly lost: 279 bytes in 40 blocks
==71746==      possibly lost: 0 bytes in 0 blocks
==71746==    still reachable: 0 bytes in 0 blocks
==71746==         suppressed: 0 bytes in 0 blocks
==71746== Rerun with --leak-check=full to see details of leaked memory
==71746== 
==71746== For lists of detected and suppressed errors, rerun with: -s
==71746== ERROR SUMMARY: 0 errors from 0 contexts (suppressed: 0 from 0)
Running valgrind on ./maps/good/test_textures.cub...

[0;32m[Debug info] map end:[0m20
[0;32m[Debug info] map height:[0m13
[0;32m[Debug info]üõ†Ô∏è  Map info üîç
[0m[0;32m[Debug info] - Map width:[0m5
[0;32m[Debug info] - Map height:[0m13
[0;32m[Debug info]üõ†Ô∏è  Starting player position info üîç
[0m[0;32m[Debug info] - Player X:[0m2
[0;32m[Debug info] - Player Y:[0m2
[0;32m[Debug info] - Player Direction:[0mS
[0;32m[Debug info]üõ†Ô∏è  Colors info c:  üîç
[0m[0;32m[Debug info]üõ†Ô∏è  Colors info f:  üîç
[0m[0;32m[Debug info]üõ†Ô∏è  Textures info:  üîç
[0m[0;32m[Debug info] Texture north:[0mtextures/test/north.xpm
[0;32m[Debug info] Texture south:[0mtextures/test/south.xpm
[0;32m[Debug info] Texture west:[0mtextures/test/west.xpm
[0;32m[Debug info] Texture east:[0mtextures/test/east.xpm
[0;34m2[0;34m0[0;34m0
[0m[0;34m2[0;34m0[0;34m0
[0m[0;34m2[0;34m0[0;34m0
[0m[0;34m2[0;34m0
[0m[0;34m2[0;34m0
[0m[0;34m2[0;34m0
[0m[0;34m1[0;34m1[0;34m1[0;34m1[0;34m1
[0m[0;34m1[0;34m0[0;34m0[0;34m0[0;34m1
[0m[0;34m1[0;34m0[0;34mS[0;34m0[0;34m1
[0m[0;34m1[0;34m0[0;34m0[0;34m0[0;34m1
[0m[0;34m1[0;34m0[0;34m0[0;34m0[0;34m1
[0m[0;34m1[0;34m0[0;34m0[0;34m0[0;34m1
[0m[0;34m1[0;34m1[0;34m0[0;34m0[0;34m1
[0m[0;34m1[0;34m0[0;34m0[0;34m0[0;34m1
[0m[0;34m1[0;34m0[0;34m0[0;34m0[0;34m1
[0m[0;34m1[0;34m0[0;34m0[0;34m0[0;34m1
[0m[0;34m1[0;34m0[0;34m0[0;34m0[0;34m1
[0m[0;34m1[0;34m0[0;34m0[0;34m0[0;34m1
[0m[0;34m1[0;34m1[0;34m1[0;34m1[0;34m1
[0mExit code: 0
‚ö†Ô∏è No Valgrind alerts, but with leaks[0m  
==71749== Memcheck, a memory error detector
==71749== Copyright (C) 2002-2022, and GNU GPL'd, by Julian Seward et al.
==71749== Using Valgrind-3.22.0 and LibVEX; rerun with -h for copyright info
==71749== Command: ./cub3d ./maps/good/test_textures.cub
==71749== Parent PID: 71296
==71749== 
==71749== 
==71749== HEAP SUMMARY:
==71749==     in use at exit: 798 bytes in 50 blocks
==71749==   total heap usage: 142 allocs, 92 frees, 8,146 bytes allocated
==71749== 
==71749== LEAK SUMMARY:
==71749==    definitely lost: 467 bytes in 10 blocks
==71749==    indirectly lost: 331 bytes in 40 blocks
==71749==      possibly lost: 0 bytes in 0 blocks
==71749==    still reachable: 0 bytes in 0 blocks
==71749==         suppressed: 0 bytes in 0 blocks
==71749== Rerun with --leak-check=full to see details of leaked memory
==71749== 
==71749== For lists of detected and suppressed errors, rerun with: -s
==71749== ERROR SUMMARY: 0 errors from 0 contexts (suppressed: 0 from 0)
Running valgrind on ./maps/good/test_whitespace.cub...

[0;32m[Debug info] map end:[0m36
[0;32m[Debug info] map height:[0m13
[0;32m[Debug info]üõ†Ô∏è  Map info üîç
[0m[0;32m[Debug info] - Map width:[0m21
[0;32m[Debug info] - Map height:[0m13
[0;32m[Debug info]üõ†Ô∏è  Starting player position info üîç
[0m[0;32m[Debug info] - Player X:[0m2
[0;32m[Debug info] - Player Y:[0m2
[0;32m[Debug info] - Player Direction:[0mS
[0;32m[Debug info]üõ†Ô∏è  Colors info c:  üîç
[0m[0;32m[Debug info]üõ†Ô∏è  Colors info f:  üîç
[0m[0;32m[Debug info]üõ†Ô∏è  Textures info:  üîç
[0m[0;32m[Debug info] Texture north:[0mtextures/test/north.xpm
[0;32m[Debug info] Texture south:[0mtextures/test/south.xpm
[0;32m[Debug info] Texture west:[0mtextures/test/west.xpm
[0;32m[Debug info] Texture east:[0mtextures/test/east.xpm
[0;34m2[0;34m0[0;34m0
[0m[0;34m2[0;34m0[0;34m0
[0m[0;34m2[0;34m0[0;34m0
[0m[0;34m2[0;34m0
[0m[0;34m2[0;34m0
[0m[0;34m2[0;34m0
[0m[0;34m1[0;34m1[0;34m1[0;34m1[0;34m1[0;34m1[0;34m1[0;34m1[0;34m1[0;34m1[0;34m1[0;34m1[0;34m1[0;34m1[0;34m1[0;34m1[0;34m1[0;34m1[0;34m1[0;34m1[0;34m1
[0m[0;34m1[0;34m0[0;34m0[0;34m0[0;34m1[0;34m1[0;34m1[0;34m1[0;34m1[0;34m1[0;34m1[0;34m1[0;34m1[0;34m1[0;34m1[0;34m1[0;34m1[0;34m1[0;34m1[0;34m1[0;34m1
[0m[0;34m1[0;34m0[0;34mS[0;34m0[0;34m1[0;34m1[0;34m1[0;34m1[0;34m1[0;34m1[0;34m1[0;34m1[0;34m1[0;34m1[0;34m1[0;34m1[0;34m1[0;34m1[0;34m1[0;34m1[0;34m1
[0m[0;34m1[0;34m0[0;34m0[0;34m0[0;34m1[0;34m1[0;34m1[0;34m1[0;34m1[0;34m1[0;34m1[0;34m1[0;34m1[0;34m1[0;34m1[0;34m1[0;34m1[0;34m1[0;34m1[0;34m1[0;34m1
[0m[0;34m1[0;34m0[0;34m0[0;34m0[0;34m1[0;34m1[0;34m1[0;34m1[0;34m1[0;34m1[0;34m1[0;34m1[0;34m1[0;34m1[0;34m1[0;34m1[0;34m1[0;34m1[0;34m1[0;34m1[0;34m1
[0m[0;34m1[0;34m0[0;34m0[0;34m0[0;34m1[0;34m1[0;34m1[0;34m1[0;34m1[0;34m1[0;34m1[0;34m1[0;34m1[0;34m1[0;34m1[0;34m1[0;34m1[0;34m1[0;34m1[0;34m1[0;34m1
[0m[0;34m1[0;34m1[0;34m0[0;34m0[0;34m1[0;34m1[0;34m1[0;34m1[0;34m1[0;34m1[0;34m1[0;34m1[0;34m1[0;34m1[0;34m1[0;34m1[0;34m1[0;34m1[0;34m1[0;34m1[0;34m1
[0m[0;34m1[0;34m0[0;34m0[0;34m0[0;34m1[0;34m1[0;34m1[0;34m1[0;34m1[0;34m1[0;34m1[0;34m1[0;34m1[0;34m1[0;34m1[0;34m1[0;34m1[0;34m1[0;34m1[0;34m1[0;34m1
[0m[0;34m1[0;34m0[0;34m0[0;34m0[0;34m1[0;34m1[0;34m1[0;34m1[0;34m1[0;34m1[0;34m1[0;34m1[0;34m1[0;34m1[0;34m1[0;34m1[0;34m1[0;34m1[0;34m1[0;34m1[0;34m1
[0m[0;34m1[0;34m0[0;34m0[0;34m0[0;34m1[0;34m1[0;34m1[0;34m1[0;34m1[0;34m1[0;34m1[0;34m1[0;34m1[0;34m1[0;34m1[0;34m1[0;34m1[0;34m1[0;34m1[0;34m1[0;34m1
[0m[0;34m1[0;34m0[0;34m0[0;34m0[0;34m1[0;34m1[0;34m1[0;34m1[0;34m1[0;34m1[0;34m1[0;34m1[0;34m1[0;34m1[0;34m1[0;34m1[0;34m1[0;34m1[0;34m1[0;34m1[0;34m1
[0m[0;34m1[0;34m0[0;34m0[0;34m0[0;34m1[0;34m1[0;34m1[0;34m1[0;34m1[0;34m1[0;34m1[0;34m1[0;34m1[0;34m1[0;34m1[0;34m1[0;34m1[0;34m1[0;34m1[0;34m1[0;34m1
[0m[0;34m1[0;34m1[0;34m1[0;34m1[0;34m1[0;34m1[0;34m1[0;34m1[0;34m1[0;34m1[0;34m1[0;34m1[0;34m1[0;34m1[0;34m1[0;34m1[0;34m1[0;34m1[0;34m1[0;34m1[0;34m1
[0mExit code: 0
‚ö†Ô∏è No Valgrind alerts, but with leaks[0m  
==71752== Memcheck, a memory error detector
==71752== Copyright (C) 2002-2022, and GNU GPL'd, by Julian Seward et al.
==71752== Using Valgrind-3.22.0 and LibVEX; rerun with -h for copyright info
==71752== Command: ./cub3d ./maps/good/test_whitespace.cub
==71752== Parent PID: 71296
==71752== 
==71752== 
==71752== HEAP SUMMARY:
==71752==     in use at exit: 1,566 bytes in 89 blocks
==71752==   total heap usage: 306 allocs, 217 frees, 23,419 bytes allocated
==71752== 
==71752== LEAK SUMMARY:
==71752==    definitely lost: 813 bytes in 10 blocks
==71752==    indirectly lost: 753 bytes in 79 blocks
==71752==      possibly lost: 0 bytes in 0 blocks
==71752==    still reachable: 0 bytes in 0 blocks
==71752==         suppressed: 0 bytes in 0 blocks
==71752== Rerun with --leak-check=full to see details of leaked memory
==71752== 
==71752== For lists of detected and suppressed errors, rerun with: -s
==71752== ERROR SUMMARY: 0 errors from 0 contexts (suppressed: 0 from 0)
Running valgrind on ./maps/good/works.cub...

[0;32m[Debug info] map end:[0m19
[0;32m[Debug info] map height:[0m6
[0;32m[Debug info]üõ†Ô∏è  Map info üîç
[0m[0;32m[Debug info] - Map width:[0m25
[0;32m[Debug info] - Map height:[0m6
[0;32m[Debug info]üõ†Ô∏è  Starting player position info üîç
[0m[0;32m[Debug info] - Player X:[0m2
[0;32m[Debug info] - Player Y:[0m1
[0;32m[Debug info] - Player Direction:[0mS
[0;32m[Debug info]üõ†Ô∏è  Colors info c:  üîç
[0m[0;32m[Debug info]üõ†Ô∏è  Colors info f:  üîç
[0m[0;32m[Debug info]üõ†Ô∏è  Textures info:  üîç
[0m[0;32m[Debug info] Texture north:[0mtextures/test/north.xpm
[0;32m[Debug info] Texture south:[0mtextures/test/south.xpm
[0;32m[Debug info] Texture west:[0mtextures/test/west.xpm
[0;32m[Debug info] Texture east:[0mtextures/test/east.xpm
[0;34m2[0;34m1[0;34m8
[0m[0;34m2[0;34m3[0;34m4
[0m[0;34m2[0;34m3[0;34m5
[0m[0;34m1[0;34m7
[0m[0;34m3[0;34m8
[0m[0;34m6[0;34m4
[0m[0;34m1[0;34m1[0;34m1[0;34m1[0;34m1[0;34m1[0;34m1[0;34m1[0;34m1[0;34m1[0;34m1[0;34m1[0;34m1[0;34m1[0;34m1[0;34m1[0;34m1[0;34m1[0;34m1[0;34m1[0;34m1[0;34m1[0;34m1[0;34m1[0;34m1
[0m[0;34m1[0;34m0[0;34mS[0;34m0[0;34m1[0;34m1[0;34m0[0;34m0[0;34m0[0;34m0[0;34m1[0;34m0[0;34m0[0;34m0[0;34m0[0;34m0[0;34m0[0;34m0[0;34m0[0;34m0[0;34m0[0;34m0[0;34m0[0;34m0[0;34m1
[0m[0;34m1[0;34m0[0;34m0[0;34m0[0;34m1[0;34m1[0;34m0[0;34m0[0;34m0[0;34m0[0;34m0[0;34m0[0;34m0[0;34m0[0;34m0[0;34m0[0;34m1[0;34m1[0;34m1[0;34m1[0;34m1[0;34m1[0;34m0[0;34m0[0;34m1
[0m[0;34m1[0;34m0[0;34m0[0;34m0[0;34m1[0;34m1[0;34m0[0;34m0[0;34m0[0;34m0[0;34m0[0;34m0[0;34m0[0;34m0[0;34m0[0;34m0[0;34m1[0;34m1[0;34m0[0;34m0[0;34m0[0;34m1[0;34m0[0;34m0[0;34m1
[0m[0;34m1[0;34m0[0;34m0[0;34m0[0;34m0[0;34m0[0;34m0[0;34m0[0;34m0[0;34m0[0;34m1[0;34m0[0;34m0[0;34m0[0;34m0[0;34m0[0;34m0[0;34m0[0;34m0[0;34m0[0;34m0[0;34m1[0;34m0[0;34m0[0;34m1
[0m[0;34m1[0;34m1[0;34m1[0;34m1[0;34m1[0;34m1[0;34m1[0;34m1[0;34m1[0;34m1[0;34m1[0;34m1[0;34m1[0;34m1[0;34m1[0;34m1[0;34m1[0;34m1[0;34m1[0;34m1[0;34m1[0;34m1[0;34m1[0;34m1[0;34m1
[0mExit code: 0
‚ö†Ô∏è No Valgrind alerts, but with leaks[0m  
==71755== Memcheck, a memory error detector
==71755== Copyright (C) 2002-2022, and GNU GPL'd, by Julian Seward et al.
==71755== Using Valgrind-3.22.0 and LibVEX; rerun with -h for copyright info
==71755== Command: ./cub3d ./maps/good/works.cub
==71755== Parent PID: 71296
==71755== 
==71755== 
==71755== HEAP SUMMARY:
==71755==     in use at exit: 957 bytes in 42 blocks
==71755==   total heap usage: 130 allocs, 88 frees, 8,412 bytes allocated
==71755== 
==71755== LEAK SUMMARY:
==71755==    definitely lost: 414 bytes in 10 blocks
==71755==    indirectly lost: 543 bytes in 32 blocks
==71755==      possibly lost: 0 bytes in 0 blocks
==71755==    still reachable: 0 bytes in 0 blocks
==71755==         suppressed: 0 bytes in 0 blocks
==71755== Rerun with --leak-check=full to see details of leaked memory
==71755== 
==71755== For lists of detected and suppressed errors, rerun with: -s
==71755== ERROR SUMMARY: 0 errors from 0 contexts (suppressed: 0 from 0)
Valgrind tests completed. Results saved to test_output.txt.
Starting Valgrind tests...
Running valgrind on ./maps/good/cheese_maze.cub...

[0;32m[Debug info] map end:[0m28
[0;32m[Debug info] map height:[0m21
[0;32m[Debug info]üõ†Ô∏è  Map info üîç
[0m[0;32m[Debug info] - Map width:[0m21
[0;32m[Debug info] - Map height:[0m21
[0;32m[Debug info]üõ†Ô∏è  Colors info c:  üîç
[0m[0;32m[Debug info]üõ†Ô∏è  Colors info f:  üîç
[0m[0;32m[Debug info]üõ†Ô∏è  Starting player position info üîç
[0m[0;32m[Debug info] - Player X:[0m1
[0;32m[Debug info] - Player Y:[0m19
[0;32m[Debug info] - Player Direction:[0mN
[0;32m[Debug info]üõ†Ô∏è  Textures info:  üîç
[0m[0;32m[Debug info] Texture north:[0mtextures/test/north.xpm
[0;32m[Debug info] Texture south:[0mtextures/test/south.xpm
[0;32m[Debug info] Texture west:[0mtextures/test/west.xpm
[0;32m[Debug info] Texture east:[0mtextures/test/east.xpm
[0;34m1[0;34m1[0;34m1[0;34m1[0;34m1[0;34m1[0;34m1[0;34m1[0;34m1[0;34m1[0;34m1[0;34m1[0;34m1[0;34m1[0;34m1[0;34m1[0;34m1[0;34m1[0;34m1[0;34m1[0;34m1
[0m[0;34m1[0;34m0[0;34m1[0;34m0[0;34m0[0;34m0[0;34m0[0;34m0[0;34m1[0;34m0[0;34m0[0;34m0[0;34m0[0;34m0[0;34m0[0;34m0[0;34m0[0;34m0[0;34m0[0;34m0[0;34m1
[0m[0;34m1[0;34m0[0;34m1[0;34m0[0;34m1[0;34m0[0;34m1[0;34m0[0;34m1[0;34m0[0;34m1[0;34m1[0;34m1[0;34m1[0;34m1[0;34m1[0;34m1[0;34m0[0;34m0[0;34m0[0;34m1
[0m[0;34m1[0;34m0[0;34m0[0;34m0[0;34m1[0;34m0[0;34m1[0;34m0[0;34m0[0;34m0[0;34m1[0;34m0[0;34m0[0;34m0[0;34m0[0;34m0[0;34m1[0;34m0[0;34m0[0;34m0[0;34m1
[0m[0;34m1[0;34m1[0;34m1[0;34m1[0;34m1[0;34m0[0;34m1[0;34m0[0;34m1[0;34m1[0;34m1[0;34m1[0;34m1[0;34m0[0;34m1[0;34m0[0;34m1[0;34m1[0;34m1[0;34m0[0;34m1
[0m[0;34m1[0;34m0[0;34m0[0;34m0[0;34m0[0;34m0[0;34m1[0;34m0[0;34m1[0;34m0[0;34m0[0;34m0[0;34m1[0;34m0[0;34m1[0;34m0[0;34m0[0;34m0[0;34m0[0;34m0[0;34m1
[0m[0;34m1[0;34m0[0;34m1[0;34m1[0;34m1[0;34m1[0;34m1[0;34m0[0;34m1[0;34m0[0;34m1[0;34m1[0;34m1[0;34m0[0;34m1[0;34m1[0;34m1[0;34m1[0;34m1[0;34m1[0;34m1
[0m[0;34m1[0;34m0[0;34m1[0;34m0[0;34m0[0;34m0[0;34m0[0;34m0[0;34m1[0;34m0[0;34m1[0;34m0[0;34m1[0;34m0[0;34m0[0;34m0[0;34m0[0;34m0[0;34m1[0;34m0[0;34m1
[0m[0;34m1[0;34m0[0;34m1[0;34m0[0;34m1[0;34m1[0;34m1[0;34m1[0;34m1[0;34m0[0;34m1[0;34m0[0;34m1[0;34m1[0;34m1[0;34m1[0;34m1[0;34m0[0;34m1[0;34m0[0;34m1
[0m[0;34m1[0;34m0[0;34m1[0;34m0[0;34m1[0;34m0[0;34m0[0;34m0[0;34m1[0;34m0[0;34m1[0;34m0[0;34m1[0;34m0[0;34m0[0;34m0[0;34m1[0;34m0[0;34m1[0;34m0[0;34m1
[0m[0;34m1[0;34m0[0;34m1[0;34m1[0;34m1[0;34m0[0;34m1[0;34m0[0;34m1[0;34m0[0;34m1[0;34m0[0;34m1[0;34m0[0;34m1[0;34m0[0;34m1[0;34m0[0;34m1[0;34m0[0;34m1
[0m[0;34m1[0;34m0[0;34m0[0;34m0[0;34m0[0;34m0[0;34m1[0;34m0[0;34m1[0;34m0[0;34m1[0;34m0[0;34m0[0;34m0[0;34m1[0;34m0[0;34m1[0;34m0[0;34m0[0;34m0[0;34m1
[0m[0;34m1[0;34m1[0;34m1[0;34m1[0;34m1[0;34m1[0;34m1[0;34m0[0;34m1[0;34m0[0;34m1[0;34m1[0;34m1[0;34m1[0;34m1[0;34m0[0;34m1[0;34m1[0;34m1[0;34m0[0;34m1
[0m[0;34m1[0;34m0[0;34m0[0;34m0[0;34m0[0;34m0[0;34m1[0;34m0[0;34m1[0;34m0[0;34m0[0;34m0[0;34m1[0;34m0[0;34m0[0;34m0[0;34m1[0;34m0[0;34m0[0;34m0[0;34m1
[0m[0;34m1[0;34m0[0;34m1[0;34m1[0;34m1[0;34m0[0;34m1[0;34m0[0;34m1[0;34m1[0;34m1[0;34m0[0;34m1[0;34m0[0;34m1[0;34m1[0;34m1[0;34m0[0;34m1[0;34m1[0;34m1
[0m[0;34m1[0;34m0[0;34m1[0;34m0[0;34m0[0;34m0[0;34m1[0;34m0[0;34m0[0;34m0[0;34m0[0;34m0[0;34m1[0;34m0[0;34m0[0;34m0[0;34m1[0;34m0[0;34m1[0;34m0[0;34m1
[0m[0;34m1[0;34m0[0;34m1[0;34m0[0;34m1[0;34m1[0;34m1[0;34m1[0;34m1[0;34m1[0;34m1[0;34m1[0;34m1[0;34m1[0;34m1[0;34m0[0;34m1[0;34m0[0;34m1[0;34m0[0;34m1
[0m[0;34m1[0;34m0[0;34m0[0;34m0[0;34m1[0;34m0[0;34m0[0;34m0[0;34m0[0;34m0[0;34m0[0;34m0[0;34m0[0;34m0[0;34m0[0;34m0[0;34m1[0;34m0[0;34m0[0;34m0[0;34m1
[0m[0;34m1[0;34m0[0;34m1[0;34m0[0;34m1[0;34m0[0;34m1[0;34m1[0;34m1[0;34m0[0;34m1[0;34m1[0;34m1[0;34m1[0;34m1[0;34m1[0;34m1[0;34m1[0;34m1[0;34m0[0;34m1
[0m[0;34m1[0;34mN[0;34m1[0;34m0[0;34m0[0;34m0[0;34m0[0;34m0[0;34m1[0;34m0[0;34m0[0;34m0[0;34m0[0;34m0[0;34m0[0;34m0[0;34m0[0;34m0[0;34m0[0;34m0[0;34m1
[0m[0;34m1[0;34m1[0;34m1[0;34m1[0;34m1[0;34m1[0;34m1[0;34m1[0;34m1[0;34m1[0;34m1[0;34m1[0;34m1[0;34m1[0;34m1[0;34m1[0;34m1[0;34m1[0;34m1[0;34m1[0;34m1
[0m[0;34m1[0;34m5[0;34m3
[0m[0;34m2[0;34m0[0;34m4
[0m[0;34m2[0;34m5[0;34m5
[0m[0;34m1[0;34m6[0;34m4
[0m[0;34m1[0;34m6[0;34m9
[0m[0;34m2[0;34m0
[0mExit code: 0
‚ö†Ô∏è No Valgrind alerts, but with leaks[0m  
==73626== Memcheck, a memory error detector
==73626== Copyright (C) 2002-2022, and GNU GPL'd, by Julian Seward et al.
==73626== Using Valgrind-3.22.0 and LibVEX; rerun with -h for copyright info
==73626== Command: ./cub3d ./maps/good/cheese_maze.cub
==73626== Parent PID: 73624
==73626== 
==73626== 
==73626== HEAP SUMMARY:
==73626==     in use at exit: 1,718 bytes in 67 blocks
==73626==   total heap usage: 210 allocs, 143 frees, 12,286 bytes allocated
==73626== 
==73626== LEAK SUMMARY:
==73626==    definitely lost: 605 bytes in 10 blocks
==73626==    indirectly lost: 1,113 bytes in 57 blocks
==73626==      possibly lost: 0 bytes in 0 blocks
==73626==    still reachable: 0 bytes in 0 blocks
==73626==         suppressed: 0 bytes in 0 blocks
==73626== Rerun with --leak-check=full to see details of leaked memory
==73626== 
==73626== For lists of detected and suppressed errors, rerun with: -s
==73626== ERROR SUMMARY: 0 errors from 0 contexts (suppressed: 0 from 0)
Running valgrind on ./maps/good/creepy.cub...

[0;32m[Debug info] map end:[0m20
[0;32m[Debug info] map height:[0m13
[0;32m[Debug info]üõ†Ô∏è  Map info üîç
[0m[0;32m[Debug info] - Map width:[0m15
[0;32m[Debug info] - Map height:[0m13
[0;32m[Debug info]üõ†Ô∏è  Colors info c:  üîç
[0m[0;32m[Debug info]üõ†Ô∏è  Colors info f:  üîç
[0m[0;32m[Debug info]üõ†Ô∏è  Starting player position info üîç
[0m[0;32m[Debug info] - Player X:[0m7
[0;32m[Debug info] - Player Y:[0m3
[0;32m[Debug info] - Player Direction:[0mN
[0;32m[Debug info]üõ†Ô∏è  Textures info:  üîç
[0m[0;32m[Debug info] Texture north:[0mtextures/test/north.xpm
[0;32m[Debug info] Texture south:[0mtextures/test/south.xpm
[0;32m[Debug info] Texture west:[0mtextures/test/west.xpm
[0;32m[Debug info] Texture east:[0mtextures/test/east.xpm
[0;34m1[0;34m1[0;34m1[0;34m1[0;34m1[0;34m1[0;34m1[0;34m1[0;34m1[0;34m1[0;34m1[0;34m1[0;34m1[0;34m1[0;34m1
[0m[0;34m1[0;34m1[0;34m1[0;34m1[0;34m1[0;34m1[0;34m0[0;34m0[0;34m0[0;34m1[0;34m1[0;34m1[0;34m1[0;34m1[0;34m1
[0m[0;34m1[0;34m1[0;34m1[0;34m1[0;34m1[0;34m0[0;34m0[0;34m0[0;34m0[0;34m0[0;34m1[0;34m1[0;34m1[0;34m1[0;34m1
[0m[0;34m1[0;34m1[0;34m1[0;34m1[0;34m0[0;34m0[0;34m0[0;34mN[0;34m0[0;34m0[0;34m0[0;34m1[0;34m1[0;34m1[0;34m1
[0m[0;34m1[0;34m1[0;34m1[0;34m0[0;34m0[0;34m0[0;34m0[0;34m0[0;34m0[0;34m0[0;34m0[0;34m0[0;34m1[0;34m1[0;34m1
[0m[0;34m1[0;34m1[0;34m0[0;34m0[0;34m0[0;34m0[0;34m0[0;34m0[0;34m0[0;34m0[0;34m0[0;34m0[0;34m0[0;34m1[0;34m1
[0m[0;34m1[0;34m0[0;34m0[0;34m0[0;34m0[0;34m1[0;34m1[0;34m1[0;34m1[0;34m1[0;34m0[0;34m0[0;34m0[0;34m0[0;34m1
[0m[0;34m1[0;34m1[0;34m0[0;34m0[0;34m0[0;34m0[0;34m1[0;34m1[0;34m1[0;34m0[0;34m0[0;34m0[0;34m0[0;34m1[0;34m1
[0m[0;34m1[0;34m1[0;34m1[0;34m0[0;34m0[0;34m0[0;34m0[0;34m1[0;34m0[0;34m0[0;34m0[0;34m0[0;34m1[0;34m1[0;34m1
[0m[0;34m1[0;34m1[0;34m1[0;34m1[0;34m0[0;34m0[0;34m0[0;34m0[0;34m0[0;34m0[0;34m0[0;34m1[0;34m1[0;34m1[0;34m1
[0m[0;34m1[0;34m1[0;34m1[0;34m1[0;34m1[0;34m0[0;34m0[0;34m0[0;34m0[0;34m0[0;34m1[0;34m1[0;34m1[0;34m1[0;34m1
[0m[0;34m1[0;34m1[0;34m1[0;34m1[0;34m1[0;34m1[0;34m0[0;34m0[0;34m0[0;34m1[0;34m1[0;34m1[0;34m1[0;34m1[0;34m1
[0m[0;34m1[0;34m1[0;34m1[0;34m1[0;34m1[0;34m1[0;34m1[0;34m1[0;34m1[0;34m1[0;34m1[0;34m1[0;34m1[0;34m1[0;34m1
[0m[0;34m3[0;34m5
[0m[0;34m1[0;34m9
[0m[0;34m7[0;34m3
[0m[0;34m1[0;34m5
[0m[0;34m6
[0m[0;34m4[0;34m0
[0mExit code: 0
‚ö†Ô∏è No Valgrind alerts, but with leaks[0m  
==73724== Memcheck, a memory error detector
==73724== Copyright (C) 2002-2022, and GNU GPL'd, by Julian Seward et al.
==73724== Using Valgrind-3.22.0 and LibVEX; rerun with -h for copyright info
==73724== Command: ./cub3d ./maps/good/creepy.cub
==73724== Parent PID: 73624
==73724== 
==73724== 
==73724== HEAP SUMMARY:
==73724==     in use at exit: 1,056 bytes in 51 blocks
==73724==   total heap usage: 152 allocs, 101 frees, 8,990 bytes allocated
==73724== 
==73724== LEAK SUMMARY:
==73724==    definitely lost: 471 bytes in 10 blocks
==73724==    indirectly lost: 585 bytes in 41 blocks
==73724==      possibly lost: 0 bytes in 0 blocks
==73724==    still reachable: 0 bytes in 0 blocks
==73724==         suppressed: 0 bytes in 0 blocks
==73724== Rerun with --leak-check=full to see details of leaked memory
==73724== 
==73724== For lists of detected and suppressed errors, rerun with: -s
==73724== ERROR SUMMARY: 0 errors from 0 contexts (suppressed: 0 from 0)
Running valgrind on ./maps/good/dungeon.cub...

[0;32m[Debug info] map end:[0m17
[0;32m[Debug info] map height:[0m10
[0;32m[Debug info]üõ†Ô∏è  Map info üîç
[0m[0;32m[Debug info] - Map width:[0m19
[0;32m[Debug info] - Map height:[0m10
[0;32m[Debug info]üõ†Ô∏è  Colors info c:  üîç
[0m[0;32m[Debug info]üõ†Ô∏è  Colors info f:  üîç
[0m[0;32m[Debug info]üõ†Ô∏è  Starting player position info üîç
[0m[0;32m[Debug info] - Player X:[0m2
[0;32m[Debug info] - Player Y:[0m1
[0;32m[Debug info] - Player Direction:[0mW
[0;32m[Debug info]üõ†Ô∏è  Textures info:  üîç
[0m[0;32m[Debug info] Texture north:[0mtextures/test/north.xpm
[0;32m[Debug info] Texture south:[0mtextures/test/south.xpm
[0;32m[Debug info] Texture west:[0mtextures/test/west.xpm
[0;32m[Debug info] Texture east:[0mtextures/test/east.xpm
[0;34m1[0;34m1[0;34m1[0;34m1[0;34m1[0;34m1[0;34m1[0;34m1[0;34m1[0;34m1[0;34m1[0;34m1[0;34m1[0;34m1[0;34m1[0;34m1[0;34m1[0;34m1[0;34m1
[0m[0;34m1[0;34m0[0;34mW[0;34m1[0;34m0[0;34m0[0;34m1[0;34m0[0;34m0[0;34m1[0;34m0[0;34m0[0;34m1[0;34m0[0;34m0[0;34m0[0;34m0[0;34m0[0;34m1
[0m[0;34m1[0;34m0[0;34m1[0;34m1[0;34m0[0;34m0[0;34m0[0;34m0[0;34m0[0;34m1[0;34m0[0;34m0[0;34m0[0;34m0[0;34m0[0;34m1[0;34m0[0;34m0[0;34m1
[0m[0;34m1[0;34m0[0;34m0[0;34m1[0;34m0[0;34m0[0;34m1[0;34m0[0;34m0[0;34m1[0;34m1[0;34m1[0;34m1[0;34m1[0;34m0[0;34m1[0;34m1[0;34m1[0;34m1
[0m[0;34m1[0;34m0[0;34m0[0;34m1[0;34m1[0;34m1[0;34m1[0;34m0[0;34m0[0;34m0[0;34m0[0;34m0[0;34m1[0;34m0[0;34m0[0;34m1[0;34m0[0;34m0[0;34m1
[0m[0;34m1[0;34m0[0;34m0[0;34m0[0;34m0[0;34m0[0;34m0[0;34m0[0;34m0[0;34m0[0;34m0[0;34m0[0;34m0[0;34m0[0;34m0[0;34m1[0;34m0[0;34m0[0;34m1
[0m[0;34m1[0;34m0[0;34m0[0;34m1[0;34m1[0;34m1[0;34m1[0;34m1[0;34m1[0;34m1[0;34m1[0;34m1[0;34m1[0;34m0[0;34m0[0;34m1[0;34m0[0;34m0[0;34m1
[0m[0;34m1[0;34m1[0;34m1[0;34m1[0;34m0[0;34m0[0;34m0[0;34m0[0;34m0[0;34m0[0;34m0[0;34m0[0;34m0[0;34m0[0;34m0[0;34m1[0;34m0[0;34m1[0;34m1
[0m[0;34m1[0;34m0[0;34m0[0;34m0[0;34m0[0;34m0[0;34m0[0;34m0[0;34m0[0;34m1[0;34m0[0;34m0[0;34m0[0;34m0[0;34m0[0;34m0[0;34m0[0;34m0[0;34m1
[0m[0;34m1[0;34m1[0;34m1[0;34m1[0;34m1[0;34m1[0;34m1[0;34m1[0;34m1[0;34m1[0;34m1[0;34m1[0;34m1[0;34m1[0;34m1[0;34m1[0;34m1[0;34m1[0;34m1
[0m[0;34m9[0;34m9
[0m[0;34m9[0;34m9
[0m[0;34m9[0;34m9
[0m[0;34m7[0;34m6
[0m[0;34m7[0;34m6
[0m[0;34m7[0;34m6
[0mExit code: 0
‚ö†Ô∏è No Valgrind alerts, but with leaks[0m  
==73801== Memcheck, a memory error detector
==73801== Copyright (C) 2002-2022, and GNU GPL'd, by Julian Seward et al.
==73801== Using Valgrind-3.22.0 and LibVEX; rerun with -h for copyright info
==73801== Command: ./cub3d ./maps/good/dungeon.cub
==73801== Parent PID: 73624
==73801== 
==73801== 
==73801== HEAP SUMMARY:
==73801==     in use at exit: 992 bytes in 45 blocks
==73801==   total heap usage: 133 allocs, 88 frees, 8,232 bytes allocated
==73801== 
==73801== LEAK SUMMARY:
==73801==    definitely lost: 424 bytes in 10 blocks
==73801==    indirectly lost: 568 bytes in 35 blocks
==73801==      possibly lost: 0 bytes in 0 blocks
==73801==    still reachable: 0 bytes in 0 blocks
==73801==         suppressed: 0 bytes in 0 blocks
==73801== Rerun with --leak-check=full to see details of leaked memory
==73801== 
==73801== For lists of detected and suppressed errors, rerun with: -s
==73801== ERROR SUMMARY: 0 errors from 0 contexts (suppressed: 0 from 0)
Running valgrind on ./maps/good/library.cub...

[0;32m[Debug info] map end:[0m17
[0;32m[Debug info] map height:[0m10
[0;32m[Debug info]üõ†Ô∏è  Map info üîç
[0m[0;32m[Debug info] - Map width:[0m19
[0;32m[Debug info] - Map height:[0m10
[0;32m[Debug info]üõ†Ô∏è  Colors info c:  üîç
[0m[0;32m[Debug info]üõ†Ô∏è  Colors info f:  üîç
[0m[0;32m[Debug info]üõ†Ô∏è  Starting player position info üîç
[0m[0;32m[Debug info] - Player X:[0m9
[0;32m[Debug info] - Player Y:[0m5
[0;32m[Debug info] - Player Direction:[0mS
[0;32m[Debug info]üõ†Ô∏è  Textures info:  üîç
[0m[0;32m[Debug info] Texture north:[0mtextures/test/north.xpm
[0;32m[Debug info] Texture south:[0mtextures/test/south.xpm
[0;32m[Debug info] Texture west:[0mtextures/test/west.xpm
[0;32m[Debug info] Texture east:[0mtextures/test/east.xpm
[0;34m1[0;34m1[0;34m1[0;34m1[0;34m1[0;34m1[0;34m1[0;34m1[0;34m1[0;34m1[0;34m1[0;34m1[0;34m1[0;34m1[0;34m1[0;34m1[0;34m1[0;34m1[0;34m1
[0m[0;34m1[0;34m0[0;34m0[0;34m1[0;34m0[0;34m0[0;34m1[0;34m0[0;34m0[0;34m1[0;34m0[0;34m0[0;34m1[0;34m0[0;34m0[0;34m1[0;34m0[0;34m0[0;34m1
[0m[0;34m1[0;34m0[0;34m0[0;34m1[0;34m0[0;34m0[0;34m1[0;34m0[0;34m0[0;34m1[0;34m0[0;34m0[0;34m1[0;34m0[0;34m0[0;34m1[0;34m0[0;34m0[0;34m1
[0m[0;34m1[0;34m0[0;34m0[0;34m1[0;34m0[0;34m0[0;34m1[0;34m0[0;34m0[0;34m1[0;34m0[0;34m0[0;34m1[0;34m0[0;34m0[0;34m1[0;34m0[0;34m0[0;34m1
[0m[0;34m1[0;34m0[0;34m0[0;34m1[0;34m0[0;34m0[0;34m1[0;34m0[0;34m0[0;34m0[0;34m0[0;34m0[0;34m1[0;34m0[0;34m0[0;34m1[0;34m0[0;34m0[0;34m1
[0m[0;34m1[0;34m0[0;34m0[0;34m0[0;34m0[0;34m0[0;34m0[0;34m0[0;34m0[0;34mS[0;34m0[0;34m0[0;34m0[0;34m0[0;34m0[0;34m0[0;34m0[0;34m0[0;34m1
[0m[0;34m1[0;34m0[0;34m0[0;34m0[0;34m0[0;34m1[0;34m1[0;34m1[0;34m1[0;34m1[0;34m1[0;34m1[0;34m1[0;34m0[0;34m0[0;34m0[0;34m0[0;34m0[0;34m1
[0m[0;34m1[0;34m1[0;34m1[0;34m1[0;34m0[0;34m0[0;34m0[0;34m0[0;34m0[0;34m0[0;34m0[0;34m0[0;34m0[0;34m0[0;34m0[0;34m1[0;34m1[0;34m1[0;34m1
[0m[0;34m1[0;34m0[0;34m0[0;34m0[0;34m0[0;34m0[0;34m0[0;34m1[0;34m0[0;34m1[0;34m0[0;34m1[0;34m0[0;34m0[0;34m0[0;34m0[0;34m0[0;34m0[0;34m1
[0m[0;34m1[0;34m1[0;34m1[0;34m1[0;34m1[0;34m1[0;34m1[0;34m1[0;34m1[0;34m1[0;34m1[0;34m1[0;34m1[0;34m1[0;34m1[0;34m1[0;34m1[0;34m1[0;34m1
[0m[0;34m1[0;34m7[0;34m1
[0m[0;34m1[0;34m5[0;34m4
[0m[0;34m1[0;34m3[0;34m7
[0m[0;34m1[0;34m3[0;34m9
[0m[0;34m9[0;34m9
[0m[0;34m5[0;34m8
[0mExit code: 0
‚ö†Ô∏è No Valgrind alerts, but with leaks[0m  
==73804== Memcheck, a memory error detector
==73804== Copyright (C) 2002-2022, and GNU GPL'd, by Julian Seward et al.
==73804== Using Valgrind-3.22.0 and LibVEX; rerun with -h for copyright info
==73804== Command: ./cub3d ./maps/good/library.cub
==73804== Parent PID: 73624
==73804== 
==73804== 
==73804== HEAP SUMMARY:
==73804==     in use at exit: 1,004 bytes in 45 blocks
==73804==   total heap usage: 133 allocs, 88 frees, 8,285 bytes allocated
==73804== 
==73804== LEAK SUMMARY:
==73804==    definitely lost: 428 bytes in 10 blocks
==73804==    indirectly lost: 576 bytes in 35 blocks
==73804==      possibly lost: 0 bytes in 0 blocks
==73804==    still reachable: 0 bytes in 0 blocks
==73804==         suppressed: 0 bytes in 0 blocks
==73804== Rerun with --leak-check=full to see details of leaked memory
==73804== 
==73804== For lists of detected and suppressed errors, rerun with: -s
==73804== ERROR SUMMARY: 0 errors from 0 contexts (suppressed: 0 from 0)
Running valgrind on ./maps/good/matrix.cub...

[0;32m[Debug info] map end:[0m28
[0;32m[Debug info] map height:[0m21
[0;32m[Debug info]üõ†Ô∏è  Map info üîç
[0m[0;32m[Debug info] - Map width:[0m21
[0;32m[Debug info] - Map height:[0m21
[0;32m[Debug info]üõ†Ô∏è  Colors info c:  üîç
[0m[0;32m[Debug info]üõ†Ô∏è  Colors info f:  üîç
[0m[0;32m[Debug info]üõ†Ô∏è  Starting player position info üîç
[0m[0;32m[Debug info] - Player X:[0m1
[0;32m[Debug info] - Player Y:[0m19
[0;32m[Debug info] - Player Direction:[0mN
[0;32m[Debug info]üõ†Ô∏è  Textures info:  üîç
[0m[0;32m[Debug info] Texture north:[0mtextures/test/north.xpm
[0;32m[Debug info] Texture south:[0mtextures/test/south.xpm
[0;32m[Debug info] Texture west:[0mtextures/test/west.xpm
[0;32m[Debug info] Texture east:[0mtextures/test/east.xpm
[0;34m1[0;34m1[0;34m1[0;34m1[0;34m1[0;34m1[0;34m1[0;34m1[0;34m1[0;34m1[0;34m1[0;34m1[0;34m1[0;34m1[0;34m1[0;34m1[0;34m1[0;34m1[0;34m1[0;34m1[0;34m1
[0m[0;34m1[0;34m0[0;34m1[0;34m0[0;34m0[0;34m0[0;34m0[0;34m0[0;34m1[0;34m0[0;34m0[0;34m0[0;34m0[0;34m0[0;34m0[0;34m0[0;34m0[0;34m0[0;34m0[0;34m0[0;34m1
[0m[0;34m1[0;34m0[0;34m1[0;34m0[0;34m1[0;34m0[0;34m1[0;34m0[0;34m1[0;34m0[0;34m1[0;34m1[0;34m1[0;34m1[0;34m1[0;34m1[0;34m1[0;34m0[0;34m0[0;34m0[0;34m1
[0m[0;34m1[0;34m0[0;34m0[0;34m0[0;34m1[0;34m0[0;34m1[0;34m0[0;34m0[0;34m0[0;34m1[0;34m0[0;34m0[0;34m0[0;34m0[0;34m0[0;34m1[0;34m0[0;34m0[0;34m0[0;34m1
[0m[0;34m1[0;34m1[0;34m1[0;34m1[0;34m1[0;34m0[0;34m1[0;34m0[0;34m1[0;34m1[0;34m1[0;34m1[0;34m1[0;34m0[0;34m1[0;34m0[0;34m1[0;34m1[0;34m1[0;34m0[0;34m1
[0m[0;34m1[0;34m0[0;34m0[0;34m0[0;34m0[0;34m0[0;34m1[0;34m0[0;34m1[0;34m0[0;34m0[0;34m0[0;34m1[0;34m0[0;34m1[0;34m0[0;34m0[0;34m0[0;34m0[0;34m0[0;34m1
[0m[0;34m1[0;34m0[0;34m1[0;34m1[0;34m1[0;34m1[0;34m1[0;34m0[0;34m1[0;34m0[0;34m1[0;34m1[0;34m1[0;34m0[0;34m1[0;34m1[0;34m1[0;34m1[0;34m1[0;34m1[0;34m1
[0m[0;34m1[0;34m0[0;34m1[0;34m0[0;34m0[0;34m0[0;34m0[0;34m0[0;34m1[0;34m0[0;34m1[0;34m0[0;34m1[0;34m0[0;34m0[0;34m0[0;34m0[0;34m0[0;34m1[0;34m0[0;34m1
[0m[0;34m1[0;34m0[0;34m1[0;34m0[0;34m1[0;34m1[0;34m1[0;34m1[0;34m1[0;34m0[0;34m1[0;34m0[0;34m1[0;34m1[0;34m1[0;34m1[0;34m1[0;34m0[0;34m1[0;34m0[0;34m1
[0m[0;34m1[0;34m0[0;34m1[0;34m0[0;34m1[0;34m0[0;34m0[0;34m0[0;34m1[0;34m0[0;34m1[0;34m0[0;34m1[0;34m0[0;34m0[0;34m0[0;34m1[0;34m0[0;34m1[0;34m0[0;34m1
[0m[0;34m1[0;34m0[0;34m1[0;34m1[0;34m1[0;34m0[0;34m1[0;34m0[0;34m1[0;34m0[0;34m1[0;34m0[0;34m1[0;34m0[0;34m1[0;34m0[0;34m1[0;34m0[0;34m1[0;34m0[0;34m1
[0m[0;34m1[0;34m0[0;34m0[0;34m0[0;34m0[0;34m0[0;34m1[0;34m0[0;34m1[0;34m0[0;34m1[0;34m0[0;34m0[0;34m0[0;34m1[0;34m0[0;34m1[0;34m0[0;34m0[0;34m0[0;34m1
[0m[0;34m1[0;34m1[0;34m1[0;34m1[0;34m1[0;34m1[0;34m1[0;34m0[0;34m1[0;34m0[0;34m1[0;34m1[0;34m1[0;34m1[0;34m1[0;34m0[0;34m1[0;34m1[0;34m1[0;34m0[0;34m1
[0m[0;34m1[0;34m0[0;34m0[0;34m0[0;34m0[0;34m0[0;34m1[0;34m0[0;34m1[0;34m0[0;34m0[0;34m0[0;34m1[0;34m0[0;34m0[0;34m0[0;34m1[0;34m0[0;34m0[0;34m0[0;34m1
[0m[0;34m1[0;34m0[0;34m1[0;34m1[0;34m1[0;34m0[0;34m1[0;34m0[0;34m1[0;34m1[0;34m1[0;34m0[0;34m1[0;34m0[0;34m1[0;34m1[0;34m1[0;34m0[0;34m1[0;34m1[0;34m1
[0m[0;34m1[0;34m0[0;34m1[0;34m0[0;34m0[0;34m0[0;34m1[0;34m0[0;34m0[0;34m0[0;34m0[0;34m0[0;34m1[0;34m0[0;34m0[0;34m0[0;34m1[0;34m0[0;34m1[0;34m0[0;34m1
[0m[0;34m1[0;34m0[0;34m1[0;34m0[0;34m1[0;34m1[0;34m1[0;34m1[0;34m1[0;34m1[0;34m1[0;34m1[0;34m1[0;34m1[0;34m1[0;34m0[0;34m1[0;34m0[0;34m1[0;34m0[0;34m1
[0m[0;34m1[0;34m0[0;34m0[0;34m0[0;34m1[0;34m0[0;34m0[0;34m0[0;34m0[0;34m0[0;34m0[0;34m0[0;34m0[0;34m0[0;34m0[0;34m0[0;34m1[0;34m0[0;34m0[0;34m0[0;34m1
[0m[0;34m1[0;34m0[0;34m1[0;34m0[0;34m1[0;34m0[0;34m1[0;34m1[0;34m1[0;34m0[0;34m1[0;34m1[0;34m1[0;34m1[0;34m1[0;34m1[0;34m1[0;34m1[0;34m1[0;34m0[0;34m1
[0m[0;34m1[0;34mN[0;34m1[0;34m0[0;34m0[0;34m0[0;34m0[0;34m0[0;34m1[0;34m0[0;34m0[0;34m0[0;34m0[0;34m0[0;34m0[0;34m0[0;34m0[0;34m0[0;34m0[0;34m0[0;34m1
[0m[0;34m1[0;34m1[0;34m1[0;34m1[0;34m1[0;34m1[0;34m1[0;34m1[0;34m1[0;34m1[0;34m1[0;34m1[0;34m1[0;34m1[0;34m1[0;34m1[0;34m1[0;34m1[0;34m1[0;34m1[0;34m1
[0m[0;34m0
[0m[0;34m0
[0m[0;34m0
[0m[0;34m0
[0m[0;34m0
[0m[0;34m0
[0mExit code: 0
‚ö†Ô∏è No Valgrind alerts, but with leaks[0m  
==73939== Memcheck, a memory error detector
==73939== Copyright (C) 2002-2022, and GNU GPL'd, by Julian Seward et al.
==73939== Using Valgrind-3.22.0 and LibVEX; rerun with -h for copyright info
==73939== Command: ./cub3d ./maps/good/matrix.cub
==73939== Parent PID: 73624
==73939== 
==73939== 
==73939== HEAP SUMMARY:
==73939==     in use at exit: 1,685 bytes in 67 blocks
==73939==   total heap usage: 210 allocs, 143 frees, 12,140 bytes allocated
==73939== 
==73939== LEAK SUMMARY:
==73939==    definitely lost: 594 bytes in 10 blocks
==73939==    indirectly lost: 1,091 bytes in 57 blocks
==73939==      possibly lost: 0 bytes in 0 blocks
==73939==    still reachable: 0 bytes in 0 blocks
==73939==         suppressed: 0 bytes in 0 blocks
==73939== Rerun with --leak-check=full to see details of leaked memory
==73939== 
==73939== For lists of detected and suppressed errors, rerun with: -s
==73939== ERROR SUMMARY: 0 errors from 0 contexts (suppressed: 0 from 0)
Running valgrind on ./maps/good/sad_face.cub...

[0;32m[Debug info] map end:[0m20
[0;32m[Debug info] map height:[0m13
[0;32m[Debug info]üõ†Ô∏è  Map info üîç
[0m[0;32m[Debug info] - Map width:[0m15
[0;32m[Debug info] - Map height:[0m13
[0;32m[Debug info]üõ†Ô∏è  Colors info c:  üîç
[0m[0;32m[Debug info]üõ†Ô∏è  Colors info f:  üîç
[0m[0;32m[Debug info]üõ†Ô∏è  Starting player position info üîç
[0m[0;32m[Debug info] - Player X:[0m7
[0;32m[Debug info] - Player Y:[0m3
[0;32m[Debug info] - Player Direction:[0mN
[0;32m[Debug info]üõ†Ô∏è  Textures info:  üîç
[0m[0;32m[Debug info] Texture north:[0mtextures/test/north.xpm
[0;32m[Debug info] Texture south:[0mtextures/test/south.xpm
[0;32m[Debug info] Texture west:[0mtextures/test/west.xpm
[0;32m[Debug info] Texture east:[0mtextures/test/east.xpm
[0;34m1[0;34m1[0;34m1[0;34m1[0;34m1[0;34m1[0;34m1[0;34m1[0;34m1[0;34m1[0;34m1[0;34m1[0;34m1[0;34m1[0;34m1
[0m[0;34m1[0;34m1[0;34m1[0;34m1[0;34m1[0;34m1[0;34m0[0;34m0[0;34m0[0;34m1[0;34m1[0;34m1[0;34m1[0;34m1[0;34m1
[0m[0;34m1[0;34m1[0;34m1[0;34m1[0;34m1[0;34m0[0;34m0[0;34m0[0;34m0[0;34m0[0;34m1[0;34m1[0;34m1[0;34m1[0;34m1
[0m[0;34m1[0;34m1[0;34m1[0;34m1[0;34m0[0;34m0[0;34m0[0;34mN[0;34m0[0;34m0[0;34m0[0;34m1[0;34m1[0;34m1[0;34m1
[0m[0;34m1[0;34m1[0;34m1[0;34m0[0;34m0[0;34m0[0;34m0[0;34m0[0;34m0[0;34m0[0;34m0[0;34m0[0;34m1[0;34m1[0;34m1
[0m[0;34m1[0;34m1[0;34m0[0;34m0[0;34m0[0;34m0[0;34m0[0;34m0[0;34m0[0;34m0[0;34m0[0;34m0[0;34m0[0;34m1[0;34m1
[0m[0;34m1[0;34m0[0;34m0[0;34m0[0;34m0[0;34m1[0;34m1[0;34m1[0;34m1[0;34m1[0;34m0[0;34m0[0;34m0[0;34m0[0;34m1
[0m[0;34m1[0;34m1[0;34m0[0;34m0[0;34m0[0;34m0[0;34m1[0;34m1[0;34m1[0;34m0[0;34m0[0;34m0[0;34m0[0;34m1[0;34m1
[0m[0;34m1[0;34m1[0;34m1[0;34m0[0;34m0[0;34m0[0;34m0[0;34m1[0;34m0[0;34m0[0;34m0[0;34m0[0;34m1[0;34m1[0;34m1
[0m[0;34m1[0;34m1[0;34m1[0;34m1[0;34m0[0;34m0[0;34m0[0;34m0[0;34m0[0;34m0[0;34m0[0;34m1[0;34m1[0;34m1[0;34m1
[0m[0;34m1[0;34m1[0;34m1[0;34m1[0;34m1[0;34m0[0;34m0[0;34m0[0;34m0[0;34m0[0;34m1[0;34m1[0;34m1[0;34m1[0;34m1
[0m[0;34m1[0;34m1[0;34m1[0;34m1[0;34m1[0;34m1[0;34m0[0;34m0[0;34m0[0;34m1[0;34m1[0;34m1[0;34m1[0;34m1[0;34m1
[0m[0;34m1[0;34m1[0;34m1[0;34m1[0;34m1[0;34m1[0;34m1[0;34m1[0;34m1[0;34m1[0;34m1[0;34m1[0;34m1[0;34m1[0;34m1
[0m[0;34m5[0;34m3
[0m[0;34m4[0;34m1
[0m[0;34m3[0;34m4
[0m[0;34m4[0;34m5
[0m[0;34m3[0;34m3
[0m[0;34m2[0;34m7
[0mExit code: 0
‚ö†Ô∏è No Valgrind alerts, but with leaks[0m  
==73942== Memcheck, a memory error detector
==73942== Copyright (C) 2002-2022, and GNU GPL'd, by Julian Seward et al.
==73942== Using Valgrind-3.22.0 and LibVEX; rerun with -h for copyright info
==73942== Command: ./cub3d ./maps/good/sad_face.cub
==73942== Parent PID: 73624
==73942== 
==73942== 
==73942== HEAP SUMMARY:
==73942==     in use at exit: 1,059 bytes in 51 blocks
==73942==   total heap usage: 152 allocs, 101 frees, 8,972 bytes allocated
==73942== 
==73942== LEAK SUMMARY:
==73942==    definitely lost: 472 bytes in 10 blocks
==73942==    indirectly lost: 587 bytes in 41 blocks
==73942==      possibly lost: 0 bytes in 0 blocks
==73942==    still reachable: 0 bytes in 0 blocks
==73942==         suppressed: 0 bytes in 0 blocks
==73942== Rerun with --leak-check=full to see details of leaked memory
==73942== 
==73942== For lists of detected and suppressed errors, rerun with: -s
==73942== ERROR SUMMARY: 0 errors from 0 contexts (suppressed: 0 from 0)
Running valgrind on ./maps/good/square_map.cub...

[0;32m[Debug info] map end:[0m40
[0;32m[Debug info] map height:[0m27
[0;32m[Debug info]üõ†Ô∏è  Map info üîç
[0m[0;32m[Debug info] - Map width:[0m24
[0;32m[Debug info] - Map height:[0m27
[0;34m1[0;34m1[0;34m1[0;34m1[0;34m1[0;34m1[0;34m1[0;34m1[0;34m1[0;34m1[0;34m1[0;34m1[0;34m1[0;34m1[0;34m1[0;34m1[0;34m1[0;34m1[0;34m1[0;34m1[0;34m1[0;34m1[0;34m1[0;34m1
[0m[0;34m1[0;34m0[0;34m0[0;34m0[0;34m0[0;34m0[0;34m0[0;34m0[0;34m0[0;34m0[0;34m0[0;34m0[0;34m0[0;34m0[0;34m0[0;34m0[0;34m0[0;34m0[0;34m0[0;34m0[0;34m0[0;34m0[0;34m0[0;34m1
[0m[0;34m1[0;34m0[0;34m0[0;34m0[0;34m0[0;34m0[0;34m0[0;34m0[0;34m0[0;34m0[0;34m0[0;34m0[0;34m0[0;34m0[0;34m0[0;34m0[0;34m0[0;34m0[0;34m0[0;34m0[0;34m0[0;34m0[0;34m0[0;34m1
[0m[0;34m1[0;34m0[0;34m0[0;34m0[0;34m0[0;34m0[0;34m0[0;34m0[0;34m0[0;34mN[0;34m0[0;34m0[0;34m0[0;34m0[0;34m0[0;34m0[0;34m0[0;34m0[0;34m0[0;34m0[0;34m0[0;34m0[0;34m0[0;34m1
[0m[0;34m1[0;34m0[0;34m0[0;34m0[0;34m0[0;34m0[0;34m0[0;34m0[0;34m0[0;34m0[0;34m0[0;34m0[0;34m0[0;34m0[0;34m0[0;34m0[0;34m0[0;34m0[0;34m0[0;34m0[0;34m0[0;34m0[0;34m0[0;34m1
[0m[0;34m1[0;34m0[0;34m0[0;34m0[0;34m0[0;34m0[0;34m0[0;34m0[0;34m0[0;34m0[0;34m0[0;34m0[0;34m0[0;34m0[0;34m0[0;34m0[0;34m0[0;34m0[0;34m0[0;34m0[0;34m0[0;34m0[0;34m0[0;34m1
[0m[0;34m1[0;34m0[0;34m0[0;34m0[0;34m0[0;34m0[0;34m0[0;34m0[0;34m0[0;34m0[0;34m0[0;34m0[0;34m0[0;34m0[0;34m0[0;34m0[0;34m0[0;34m0[0;34m0[0;34m0[0;34m0[0;34m0[0;34m0[0;34m1
[0m[0;34m1[0;34m0[0;34m0[0;34m0[0;34m0[0;34m0[0;34m1[0;34m1[0;34m1[0;34m1[0;34m1[0;34m0[0;34m0[0;34m0[0;34m0[0;34m1[0;34m0[0;34m1[0;34m0[0;34m1[0;34m0[0;34m0[0;34m0[0;34m1
[0m[0;34m1[0;34m0[0;34m0[0;34m0[0;34m0[0;34m0[0;34m1[0;34m0[0;34m0[0;34m0[0;34m1[0;34m0[0;34m0[0;34m0[0;34m0[0;34m0[0;34m0[0;34m0[0;34m0[0;34m0[0;34m0[0;34m0[0;34m0[0;34m1
[0m[0;34m1[0;34m0[0;34m0[0;34m0[0;34m0[0;34m0[0;34m1[0;34m0[0;34m0[0;34m0[0;34m1[0;34m0[0;34m0[0;34m0[0;34m0[0;34m1[0;34m0[0;34m0[0;34m0[0;34m1[0;34m0[0;34m0[0;34m0[0;34m1
[0m[0;34m1[0;34m0[0;34m0[0;34m0[0;34m0[0;34m0[0;34m1[0;34m0[0;34m0[0;34m0[0;34m1[0;34m0[0;34m0[0;34m0[0;34m0[0;34m0[0;34m0[0;34m0[0;34m0[0;34m0[0;34m0[0;34m0[0;34m0[0;34m1
[0m[0;34m1[0;34m0[0;34m0[0;34m0[0;34m0[0;34m0[0;34m1[0;34m1[0;34m1[0;34m1[0;34m0[0;34m0[0;34m0[0;34m0[0;34m1[0;34m0[0;34m1[0;34m0[0;34m1[0;34m0[0;34m0[0;34m0[0;34m0[0;34m1
[0m[0;34m1[0;34m0[0;34m0[0;34m0[0;34m0[0;34m0[0;34m0[0;34m0[0;34m0[0;34m0[0;34m0[0;34m0[0;34m0[0;34m0[0;34m0[0;34m0[0;34m0[0;34m0[0;34m0[0;34m0[0;34m0[0;34m0[0;34m0[0;34m1
[0m[0;34m1[0;34m0[0;34m0[0;34m0[0;34m0[0;34m0[0;34m0[0;34m0[0;34m0[0;34m0[0;34m0[0;34m0[0;34m0[0;34m0[0;34m0[0;34m0[0;34m0[0;34m0[0;34m0[0;34m0[0;34m0[0;34m0[0;34m0[0;34m1
[0m[0;34m1[0;34m0[0;34m0[0;34m0[0;34m0[0;34m0[0;34m0[0;34m0[0;34m0[0;34m0[0;34m0[0;34m0[0;34m0[0;34m0[0;34m0[0;34m0[0;34m0[0;34m0[0;34m0[0;34m0[0;34m0[0;34m0[0;34m0[0;34m1
[0m[0;34m1[0;34m0[0;34m0[0;34m0[0;34m0[0;34m0[0;34m0[0;34m0[0;34m0[0;34m0[0;34m0[0;34m0[0;34m0[0;34m0[0;34m0[0;34m0[0;34m0[0;34m0[0;34m0[0;34m0[0;34m0[0;34m0[0;34m0[0;34m1
[0m[0;34m1[0;34m0[0;34m0[0;34m0[0;34m0[0;34m0[0;34m0[0;34m0[0;34m0[0;34m0[0;34m0[0;34m0[0;34m0[0;34m0[0;34m0[0;34m0[0;34m0[0;34m0[0;34m0[0;34m0[0;34m0[0;34m0[0;34m0[0;34m1
[0m[0;34m1[0;34m0[0;34m0[0;34m0[0;34m0[0;34m0[0;34m0[0;34m0[0;34m0[0;34m0[0;34m0[0;34m0[0;34m0[0;34m0[0;34m0[0;34m0[0;34m0[0;34m0[0;34m0[0;34m0[0;34m0[0;34m0[0;34m0[0;34m1
[0m[0;34m1[0;34m0[0;34m0[0;34m0[0;34m0[0;34m0[0;34m0[0;34m0[0;34m0[0;34m0[0;34m0[0;34m0[0;34m0[0;34m0[0;34m0[0;34m0[0;34m0[0;34m0[0;34m0[0;34m0[0;34m0[0;34m0[0;34m0[0;34m1
[0m[0;34m1[0;34m1[0;34m1[0;34m1[0;34m1[0;34m1[0;34m1[0;34m1[0;34m1[0;34m0[0;34m0[0;34m0[0;34m0[0;34m0[0;34m0[0;34m0[0;34m0[0;34m0[0;34m0[0;34m0[0;34m0[0;34m0[0;34m0[0;34m1
[0m[0;34m1[0;34m0[0;34m0[0;34m1[0;34m0[0;34m0[0;34m0[0;34m0[0;34m1[0;34m0[0;34m0[0;34m0[0;34m0[0;34m0[0;34m0[0;34m0[0;34m0[0;34m0[0;34m0[0;[0;32m[Debug info]üõ†Ô∏è  Colors info c:  üîç
[0m[0;32m[Debug info]üõ†Ô∏è  Colors info f:  üîç
[0m[0;32m[Debug info]üõ†Ô∏è  Starting player position info üîç
[0m[0;32m[Debug info] - Player X:[0m9
[0;32m[Debug info] - Player Y:[0m3
[0;32m[Debug info] - Player Direction:[0mN
[0;32m[Debug info]üõ†Ô∏è  Textures info:  üîç
[0m[0;32m[Debug info] Texture north:[0mtextures/test/north.xpm
[0;32m[Debug info] Texture south:[0mtextures/test/south.xpm
[0;32m[Debug info] Texture west:[0mtextures/test/west.xpm
[0;32m[Debug info] Texture east:[0mtextures/test/east.xpm
34m0[0;34m0[0;34m0[0;34m0[0;34m1
[0m[0;34m1[0;34m0[0;34m0[0;34m0[0;34m0[0;34m0[0;34m1[0;34m0[0;34m1[0;34m0[0;34m0[0;34m0[0;34m0[0;34m0[0;34m0[0;34m0[0;34m0[0;34m0[0;34m0[0;34m0[0;34m0[0;34m0[0;34m0[0;34m1
[0m[0;34m1[0;34m0[0;34m0[0;34m1[0;34m0[0;34m0[0;34m0[0;34m0[0;34m1[0;34m0[0;34m0[0;34m0[0;34m0[0;34m0[0;34m0[0;34m0[0;34m0[0;34m0[0;34m0[0;34m0[0;34m0[0;34m0[0;34m0[0;34m1
[0m[0;34m1[0;34m0[0;34m0[0;34m1[0;34m1[0;34m1[0;34m1[0;34m1[0;34m1[0;34m0[0;34m0[0;34m0[0;34m0[0;34m0[0;34m0[0;34m0[0;34m0[0;34m0[0;34m0[0;34m0[0;34m0[0;34m0[0;34m0[0;34m1
[0m[0;34m1[0;34m0[0;34m0[0;34m0[0;34m0[0;34m0[0;34m0[0;34m0[0;34m0[0;34m0[0;34m0[0;34m0[0;34m0[0;34m0[0;34m0[0;34m0[0;34m0[0;34m0[0;34m0[0;34m0[0;34m0[0;34m0[0;34m0[0;34m1
[0m[0;34m1[0;34m0[0;34m0[0;34m0[0;34m0[0;34m0[0;34m0[0;34m0[0;34m0[0;34m0[0;34m0[0;34m0[0;34m0[0;34m0[0;34m0[0;34m0[0;34m0[0;34m0[0;34m0[0;34m0[0;34m0[0;34m0[0;34m0[0;34m1
[0m[0;34m1[0;34m1[0;34m1[0;34m1[0;34m1[0;34m1[0;34m1[0;34m1[0;34m1[0;34m1[0;34m1[0;34m1[0;34m1[0;34m1[0;34m1[0;34m1[0;34m1[0;34m1[0;34m1[0;34m1[0;34m1[0;34m1[0;34m1[0;34m1
[0m[0;34m2[0;34m3[0;34m5
[0m[0;34m1[0;34m9[0;34m8
[0m[0;34m5[0;34m2
[0m[0;34m6[0;34m9
[0m[0;34m2[0;34m2[0;34m2
[0m[0;34m1[0;34m9[0;34m9
[0mExit code: 0
‚ö†Ô∏è No Valgrind alerts, but with leaks[0m  
==73945== Memcheck, a memory error detector
==73945== Copyright (C) 2002-2022, and GNU GPL'd, by Julian Seward et al.
==73945== Using Valgrind-3.22.0 and LibVEX; rerun with -h for copyright info
==73945== Command: ./cub3d ./maps/good/square_map.cub
==73945== Parent PID: 73624
==73945== 
==73945== 
==73945== HEAP SUMMARY:
==73945==     in use at exit: 2,338 bytes in 84 blocks
==73945==   total heap usage: 277 allocs, 193 frees, 17,008 bytes allocated
==73945== 
==73945== LEAK SUMMARY:
==73945==    definitely lost: 744 bytes in 10 blocks
==73945==    indirectly lost: 1,594 bytes in 74 blocks
==73945==      possibly lost: 0 bytes in 0 blocks
==73945==    still reachable: 0 bytes in 0 blocks
==73945==         suppressed: 0 bytes in 0 blocks
==73945== Rerun with --leak-check=full to see details of leaked memory
==73945== 
==73945== For lists of detected and suppressed errors, rerun with: -s
==73945== ERROR SUMMARY: 0 errors from 0 contexts (suppressed: 0 from 0)
Running valgrind on ./maps/good/subject_map.cub...

[0;32m[Debug info] map end:[0m21
[0;32m[Debug info] map height:[0m14
[0;32m[Debug info]üõ†Ô∏è  Map info üîç
[0m[0;32m[Debug info] - Map width:[0m33
[0;32m[Debug info] - Map height:[0m14
[0;32m[Debug info]üõ†Ô∏è  Colors info c:  üîç
[0m[0;32m[Debug info]üõ†Ô∏è  Colors info f:  üîç
[0m[0;32m[Debug info]üõ†Ô∏è  Starting player position info üîç
[0m[0;32m[Debug info] - Player X:[0m26
[0;32m[Debug info] - Player Y:[0m11
[0;32m[Debug info] - Player Direction:[0mN
[0;32m[Debug info]üõ†Ô∏è  Textures info:  üîç
[0m[0;32m[Debug info] Texture north:[0mtextures/test/north.xpm
[0;32m[Debug info] Texture south:[0mtextures/test/south.xpm
[0;32m[Debug info] Texture west:[0mtextures/test/west.xpm
[0;32m[Debug info] Texture east:[0mtextures/test/east.xpm
[0;34m1[0;34m1[0;34m1[0;34m1[0;34m1[0;34m1[0;34m1[0;34m1[0;34m1[0;34m1[0;34m1[0;34m1[0;34m1[0;34m1[0;34m1[0;34m1[0;34m1[0;34m1[0;34m1[0;34m1[0;34m1[0;34m1[0;34m1[0;34m1[0;34m1[0;34m1[0;34m1[0;34m1[0;34m1[0;34m1[0;34m1[0;34m1[0;34m1
[0m[0;34m1[0;34m1[0;34m1[0;34m1[0;34m1[0;34m1[0;34m1[0;34m1[0;34m1[0;34m0[0;34m0[0;34m0[0;34m0[0;34m0[0;34m0[0;34m0[0;34m0[0;34m0[0;34m1[0;34m1[0;34m0[0;34m0[0;34m0[0;34m0[0;34m0[0;34m0[0;34m0[0;34m0[0;34m0[0;34m0[0;34m0[0;34m0[0;34m1
[0m[0;34m1[0;34m1[0;34m1[0;34m1[0;34m1[0;34m1[0;34m1[0;34m1[0;34m1[0;34m0[0;34m1[0;34m1[0;34m0[0;34m0[0;34m0[0;34m0[0;34m0[0;34m1[0;34m1[0;34m1[0;34m0[0;34m0[0;34m0[0;34m0[0;34m0[0;34m0[0;34m0[0;34m0[0;34m0[0;34m0[0;34m0[0;34m0[0;34m1
[0m[0;34m1[0;34m1[0;34m1[0;34m1[0;34m1[0;34m1[0;34m1[0;34m1[0;34m1[0;34m0[0;34m0[0;34m1[0;34m0[0;34m0[0;34m0[0;34m0[0;34m0[0;34m0[0;34m0[0;34m0[0;34m0[0;34m0[0;34m0[0;34m0[0;34m0[0;34m0[0;34m0[0;34m0[0;34m0[0;34m0[0;34m0[0;34m0[0;34m1
[0m[0;34m1[0;34m1[0;34m1[0;34m1[0;34m1[0;34m1[0;34m1[0;34m1[0;34m1[0;34m0[0;34m1[0;34m1[0;34m0[0;34m0[0;34m0[0;34m0[0;34m0[0;34m1[0;34m1[0;34m1[0;34m0[0;34m0[0;34m0[0;34m0[0;34m0[0;34m0[0;34m0[0;34m0[0;34m0[0;34m0[0;34m0[0;34m0[0;34m1
[0m[0;34m1[0;34m0[0;34m0[0;34m0[0;34m0[0;34m0[0;34m0[0;34m0[0;34m0[0;34m0[0;34m1[0;34m1[0;34m0[0;34m0[0;34m0[0;34m0[0;34m0[0;34m1[0;34m1[0;34m1[0;34m0[0;34m1[0;34m1[0;34m1[0;34m1[0;34m1[0;34m1[0;34m1[0;34m1[0;34m1[0;34m1[0;34m1[0;34m1
[0m[0;34m1[0;34m1[0;34m1[0;34m1[0;34m0[0;34m1[0;34m1[0;34m1[0;34m1[0;34m1[0;34m1[0;34m1[0;34m1[0;34m1[0;34m0[0;34m1[0;34m1[0;34m1[0;34m0[0;34m0[0;34m0[0;34m0[0;34m0[0;34m0[0;34m1[0;34m0[0;34m0[0;34m0[0;34m1[0;34m1[0;34m1[0;34m1[0;34m1
[0m[0;34m1[0;34m1[0;34m1[0;34m1[0;34m0[0;34m1[0;34m1[0;34m1[0;34m1[0;34m1[0;34m1[0;34m1[0;34m1[0;34m1[0;34m0[0;34m1[0;34m1[0;34m1[0;34m0[0;34m1[0;34m0[0;34m1[0;34m0[0;34m0[0;34m1[0;34m0[0;34m0[0;34m0[0;34m1[0;34m1[0;34m1[0;34m1[0;34m1
[0m[0;34m1[0;34m1[0;34m0[0;34m0[0;34m0[0;34m0[0;34m0[0;34m0[0;34m1[0;34m1[0;34m0[0;34m1[0;34m0[0;34m1[0;34m0[0;34m1[0;34m1[0;34m1[0;34m0[0;34m0[0;34m0[0;34m0[0;34m0[0;34m0[0;34m1[0;34m0[0;34m0[0;34m0[0;34m1[0;34m1[0;34m1[0;34m1[0;34m1
[0m[0;34m1[0;34m0[0;34m0[0;34m0[0;34m0[0;34m0[0;34m0[0;34m0[0;34m0[0;34m0[0;34m0[0;34m0[0;34m0[0;34m0[0;34m0[0;34m0[0;34m1[0;34m1[0;34m0[0;34m0[0;34m0[0;34m0[0;34m0[0;34m0[0;34m1[0;34m0[0;34m0[0;34m0[0;34m1[0;34m1[0;34m1[0;34m1[0;34m1
[0m[0;34m1[0;34m0[0;34m0[0;34m0[0;34m0[0;34m0[0;34m0[0;34m0[0;34m0[0;34m0[0;34m0[0;34m0[0;34m0[0;34m0[0;34m0[0;34m0[0;34m1[0;34m1[0;34m0[0;34m1[0;34m0[0;34m1[0;34m0[0;34m0[0;34m1[0;34m0[0;34m0[0;34m0[0;34m1[0;34m1[0;34m1[0;34m1[0;34m1
[0m[0;34m1[0;34m1[0;34m0[0;34m0[0;34m0[0;34m0[0;34m0[0;34m1[0;34m1[0;34m1[0;34m0[0;34m1[0;34m0[0;34m1[0;34m0[0;34m1[0;34m1[0;34m1[0;34m1[0;34m1[0;34m0[0;34m1[0;34m1[0;34m1[0;34m1[0;34m0[0;34mN[0;34m0[0;34m1[0;34m1[0;34m1[0;34m1[0;34m1
[0m[0;34m1[0;34m1[0;34m1[0;34m1[0;34m0[0;34m1[0;34m1[0;34m1[0;34m1[0;34m1[0;34m1[0;34m1[0;34m0[0;34m1[0;34m0[0;34m1[0;34m1[0;34m1[0;34m0[0;34m1[0;34m1[0;34m1[0;34m1[0;34m0[0;34m1[0;34m0[0;34m0[0;34m0[0;34m1[0;34m1[0;34m1[0;34m1[0;34m1
[0m[0;34m1[0;34m1[0;34m1[0;34m1[0;34m1[0;34m1[0;34m1[0;34m1[0;34m1[0;34m1[0;34m1[0;34m1[0;34m1[0;34m1[0;34m1[0;34m1[0;34m1[0;34m1[0;34m1[0;34m1[0;34m1[0;34m1[0;34m1[0;34m1[0;34m1[0;34m1[0;34m1[0;34m1[0;34m1[0;34m1[0;34m1[0;34m1[0;34m1
[0m[0;34m2[0;34m2[0;34m5
[0m[0;34m3[0;34m0
[0m[0;34m0
[0m[0;34m2[0;34m2[0;34m0
[0m[0;34m1[0;34m0[0;34m0
[0m[0;34m0
[0mExit code: 0
‚ö†Ô∏è No Valgrind alerts, but with leaks[0m  
==73948== Memcheck, a memory error detector
==73948== Copyright (C) 2002-2022, and GNU GPL'd, by Julian Seward et al.
==73948== Using Valgrind-3.22.0 and LibVEX; rerun with -h for copyright info
==73948== Command: ./cub3d ./maps/good/subject_map.cub
==73948== Parent PID: 73624
==73948== 
==73948== 
==73948== HEAP SUMMARY:
==73948==     in use at exit: 1,575 bytes in 52 blocks
==73948==   total heap usage: 164 allocs, 112 frees, 10,128 bytes allocated
==73948== 
==73948== LEAK SUMMARY:
==73948==    definitely lost: 481 bytes in 10 blocks
==73948==    indirectly lost: 1,094 bytes in 42 blocks
==73948==      possibly lost: 0 bytes in 0 blocks
==73948==    still reachable: 0 bytes in 0 blocks
==73948==         suppressed: 0 bytes in 0 blocks
==73948== Rerun with --leak-check=full to see details of leaked memory
==73948== 
==73948== For lists of detected and suppressed errors, rerun with: -s
==73948== ERROR SUMMARY: 0 errors from 0 contexts (suppressed: 0 from 0)
Running valgrind on ./maps/good/test_map.cub...

[0;32m[Debug info] map end:[0m15
[0;32m[Debug info] map height:[0m8
[0;32m[Debug info]üõ†Ô∏è  Map info üîç
[0m[0;32m[Debug info] - Map width:[0m12
[0;32m[Debug info] - Map height:[0m8
[0;32m[Debug info]üõ†Ô∏è  Colors info c:  üîç
[0m[0;32m[Debug info]üõ†Ô∏è  Colors info f:  üîç
[0m[0;32m[Debug info]üõ†Ô∏è  Starting player position info üîç
[0m[0;32m[Debug info] - Player X:[0m2
[0;32m[Debug info] - Player Y:[0m4
[0;32m[Debug info] - Player Direction:[0mS
[0;32m[Debug info]üõ†Ô∏è  Textures info:  üîç
[0m[0;32m[Debug info] Texture north:[0mtextures/test/north.xpm
[0;32m[Debug info] Texture south:[0mtextures/test/south.xpm
[0;32m[Debug info] Texture west:[0mtextures/test/west.xpm
[0;32m[Debug info] Texture east:[0mtextures/test/east.xpm
[0;34m1[0;34m1[0;34m1[0;34m1[0;34m1[0;34m1[0;34m1[0;34m1[0;34m1[0;34m1[0;34m1[0;34m1
[0m[0;34m1[0;34m1[0;34m1[0;34m1[0;34m1[0;34m1[0;34m1[0;34m1[0;34m1[0;34m1[0;34m1[0;34m1
[0m[0;34m1[0;34m1[0;34m1[0;34m1[0;34m1[0;34m1[0;34m1[0;34m1[0;34m1[0;34m1[0;34m1[0;34m1
[0m[0;34m1[0;34m1[0;34m1[0;34m1[0;34m1[0;34m1[0;34m1[0;34m1[0;34m1[0;34m1[0;34m1[0;34m1
[0m[0;34m1[0;34m0[0;34mS[0;34m0[0;34m0[0;34m0[0;34m0[0;34m0[0;34m0[0;34m0[0;34m0[0;34m1
[0m[0;34m1[0;34m1[0;34m1[0;34m1[0;34m1[0;34m1[0;34m1[0;34m1[0;34m1[0;34m1[0;34m1[0;34m1
[0m[0;34m1[0;34m1[0;34m1[0;34m1[0;34m1[0;34m1[0;34m1[0;34m1[0;34m1[0;34m1[0;34m1[0;34m1
[0m[0;34m1[0;34m1[0;34m1[0;34m1[0;34m1[0;34m1[0;34m1[0;34m1[0;34m1[0;34m1[0;34m1[0;34m1
[0m[0;34m1[0;34m5[0;34m3
[0m[0;34m2[0;34m0[0;34m4
[0m[0;34m2[0;34m5[0;34m5
[0m[0;34m1[0;34m8
[0m[0;34m5[0;34m3
[0m[0;34m2[0;34m5
[0mExit code: 0
‚ö†Ô∏è No Valgrind alerts, but with leaks[0m  
==73951== Memcheck, a memory error detector
==73951== Copyright (C) 2002-2022, and GNU GPL'd, by Julian Seward et al.
==73951== Using Valgrind-3.22.0 and LibVEX; rerun with -h for copyright info
==73951== Command: ./cub3d ./maps/good/test_map.cub
==73951== Parent PID: 73624
==73951== 
==73951== 
==73951== HEAP SUMMARY:
==73951==     in use at exit: 765 bytes in 40 blocks
==73951==   total heap usage: 113 allocs, 73 frees, 7,229 bytes allocated
==73951== 
==73951== LEAK SUMMARY:
==73951==    definitely lost: 387 bytes in 10 blocks
==73951==    indirectly lost: 378 bytes in 30 blocks
==73951==      possibly lost: 0 bytes in 0 blocks
==73951==    still reachable: 0 bytes in 0 blocks
==73951==         suppressed: 0 bytes in 0 blocks
==73951== Rerun with --leak-check=full to see details of leaked memory
==73951== 
==73951== For lists of detected and suppressed errors, rerun with: -s
==73951== ERROR SUMMARY: 0 errors from 0 contexts (suppressed: 0 from 0)
Running valgrind on ./maps/good/test_map_hole.cub...

[0;32m[Debug info] map end:[0m15
[0;32m[Debug info] map height:[0m8
[0;32m[Debug info]üõ†Ô∏è  Map info üîç
[0m[0;32m[Debug info] - Map width:[0m12
[0;32m[Debug info] - Map height:[0m8
[0;32m[Debug info]üõ†Ô∏è  Colors info c:  üîç
[0m[0;32m[Debug info]üõ†Ô∏è  Colors info f:  üîç
[0m[0;32m[Debug info]üõ†Ô∏è  Starting player position info üîç
[0m[0;32m[Debug info] - Player X:[0m2
[0;32m[Debug info] - Player Y:[0m4
[0;32m[Debug info] - Player Direction:[0mS
[0;32m[Debug info]üõ†Ô∏è  Textures info:  üîç
[0m[0;32m[Debug info] Texture north:[0mtextures/test/north.xpm
[0;32m[Debug info] Texture south:[0mtextures/test/south.xpm
[0;32m[Debug info] Texture west:[0mtextures/test/west.xpm
[0;32m[Debug info] Texture east:[0mtextures/test/east.xpm
[0;34m1[0;34m1[0;34m1[0;34m1[0;34m1[0;34m1[0;34m1[0;34m1[0;34m1[0;34m1[0;34m1[0;34m1
[0m[0;34m1[0;34m1[0;34m1[0;34m1[0;34m1[0;34m1[0;34m1[0;34m1[0;34m1[0;34m1[0;34m1[0;34m1
[0m[0;34m1[0;34m1[0;34m1[0;34m1[0;34m1[0;34m1[0;34m1[0;34m1[0;34m0[0;34m0[0;34m0[0;34m1
[0m[0;34m1[0;34m0[0;34m0[0;34m0[0;34m0[0;34m0[0;34m0[0;34m1[0;34m0[0;34m0[0;34m1[0;34m1
[0m[0;34m1[0;34m0[0;34mS[0;34m0[0;34m0[0;34m0[0;34m0[0;34m0[0;34m0[0;34m0[0;34m0[0;34m1
[0m[0;34m1[0;34m1[0;34m1[0;34m1[0;34m1[0;34m1[0;34m1[0;34m1[0;34m1[0;34m1[0;34m1[0;34m1
[0m[0;34m1[0;34m1[0;34m1[0;34m1[0;34m1[0;34m1[0;34m1[0;34m1[0;34m1[0;34m1[0;34m1[0;34m1
[0m[0;34m1[0;34m1[0;34m1[0;34m1[0;34m1[0;34m1[0;34m1[0;34m1[0;34m1[0;34m1[0;34m1[0;34m1
[0m[0;34m1[0;34m5[0;34m3
[0m[0;34m2[0;34m0[0;34m4
[0m[0;34m2[0;34m5[0;34m5
[0m[0;34m1[0;34m8
[0m[0;34m5[0;34m3
[0m[0;34m2[0;34m5
[0mExit code: 0
‚ö†Ô∏è No Valgrind alerts, but with leaks[0m  
==74027== Memcheck, a memory error detector
==74027== Copyright (C) 2002-2022, and GNU GPL'd, by Julian Seward et al.
==74027== Using Valgrind-3.22.0 and LibVEX; rerun with -h for copyright info
==74027== Command: ./cub3d ./maps/good/test_map_hole.cub
==74027== Parent PID: 73624
==74027== 
==74027== 
==74027== HEAP SUMMARY:
==74027==     in use at exit: 765 bytes in 40 blocks
==74027==   total heap usage: 113 allocs, 73 frees, 7,229 bytes allocated
==74027== 
==74027== LEAK SUMMARY:
==74027==    definitely lost: 387 bytes in 10 blocks
==74027==    indirectly lost: 378 bytes in 30 blocks
==74027==      possibly lost: 0 bytes in 0 blocks
==74027==    still reachable: 0 bytes in 0 blocks
==74027==         suppressed: 0 bytes in 0 blocks
==74027== Rerun with --leak-check=full to see details of leaked memory
==74027== 
==74027== For lists of detected and suppressed errors, rerun with: -s
==74027== ERROR SUMMARY: 0 errors from 0 contexts (suppressed: 0 from 0)
Running valgrind on ./maps/good/test_pos_bottom.cub...

[0;32m[Debug info] map end:[0m20
[0;32m[Debug info] map height:[0m13
[0;32m[Debug info]üõ†Ô∏è  Map info üîç
[0m[0;32m[Debug info] - Map width:[0m3
[0;32m[Debug info] - Map height:[0m13
[0;32m[Debug info]üõ†Ô∏è  Colors info c:  üîç
[0m[0;32m[Debug info]üõ†Ô∏è  Colors info f:  üîç
[0m[0;32m[Debug info]üõ†Ô∏è  Starting player position info üîç
[0m[0;32m[Debug info] - Player X:[0m1
[0;32m[Debug info] - Player Y:[0m11
[0;32m[Debug info] - Player Direction:[0mS
[0;32m[Debug info]üõ†Ô∏è  Textures info:  üîç
[0m[0;32m[Debug info] Texture north:[0mtextures/test/north.xpm
[0;32m[Debug info] Texture south:[0mtextures/test/south.xpm
[0;32m[Debug info] Texture west:[0mtextures/test/west.xpm
[0;32m[Debug info] Texture east:[0mtextures/test/east.xpm
[0;34m1[0;34m1[0;34m1
[0m[0;34m1[0;34m0[0;34m1
[0m[0;34m1[0;34m0[0;34m1
[0m[0;34m1[0;34m0[0;34m1
[0m[0;34m1[0;34m0[0;34m1
[0m[0;34m1[0;34m0[0;34m1
[0m[0;34m1[0;34m0[0;34m1
[0m[0;34m1[0;34m0[0;34m1
[0m[0;34m1[0;34m0[0;34m1
[0m[0;34m1[0;34m0[0;34m1
[0m[0;34m1[0;34m0[0;34m1
[0m[0;34m1[0;34mS[0;34m1
[0m[0;34m1[0;34m1[0;34m1
[0m[0;34m2[0;34m0[0;34m0
[0m[0;34m2[0;34m0[0;34m0
[0m[0;34m2[0;34m0[0;34m0
[0m[0;34m2[0;34m0
[0m[0;34m2[0;34m0
[0m[0;34m2[0;34m0
[0mExit code: 0
‚ö†Ô∏è No Valgrind alerts, but with leaks[0m  
==74030== Memcheck, a memory error detector
==74030== Copyright (C) 2002-2022, and GNU GPL'd, by Julian Seward et al.
==74030== Using Valgrind-3.22.0 and LibVEX; rerun with -h for copyright info
==74030== Command: ./cub3d ./maps/good/test_pos_bottom.cub
==74030== Parent PID: 73624
==74030== 
==74030== 
==74030== HEAP SUMMARY:
==74030==     in use at exit: 746 bytes in 50 blocks
==74030==   total heap usage: 141 allocs, 91 frees, 8,007 bytes allocated
==74030== 
==74030== LEAK SUMMARY:
==74030==    definitely lost: 467 bytes in 10 blocks
==74030==    indirectly lost: 279 bytes in 40 blocks
==74030==      possibly lost: 0 bytes in 0 blocks
==74030==    still reachable: 0 bytes in 0 blocks
==74030==         suppressed: 0 bytes in 0 blocks
==74030== Rerun with --leak-check=full to see details of leaked memory
==74030== 
==74030== For lists of detected and suppressed errors, rerun with: -s
==74030== ERROR SUMMARY: 0 errors from 0 contexts (suppressed: 0 from 0)
Running valgrind on ./maps/good/test_pos_left.cub...

[0;32m[Debug info] map end:[0m10
[0;32m[Debug info] map height:[0m3
[0;32m[Debug info]üõ†Ô∏è  Map info üîç
[0m[0;32m[Debug info] - Map width:[0m21
[0;32m[Debug info] - Map height:[0m3
[0;32m[Debug info]üõ†Ô∏è  Colors info c:  üîç
[0m[0;32m[Debug info]üõ†Ô∏è  Colors info f:  üîç
[0m[0;32m[Debug info]üõ†Ô∏è  Starting player position info üîç
[0m[0;32m[Debug info] - Player X:[0m1
[0;32m[Debug info] - Player Y:[0m1
[0;32m[Debug info] - Player Direction:[0mW
[0;32m[Debug info]üõ†Ô∏è  Textures info:  üîç
[0m[0;32m[Debug info] Texture north:[0mtextures/test/north.xpm
[0;32m[Debug info] Texture south:[0mtextures/test/south.xpm
[0;32m[Debug info] Texture west:[0mtextures/test/west.xpm
[0;32m[Debug info] Texture east:[0mtextures/test/east.xpm
[0;34m1[0;34m1[0;34m1[0;34m1[0;34m1[0;34m1[0;34m1[0;34m1[0;34m1[0;34m1[0;34m1[0;34m1[0;34m1[0;34m1[0;34m1[0;34m1[0;34m1[0;34m1[0;34m1[0;34m1[0;34m1
[0m[0;34m1[0;34mW[0;34m0[0;34m0[0;34m0[0;34m0[0;34m0[0;34m0[0;34m0[0;34m0[0;34m0[0;34m0[0;34m0[0;34m0[0;34m0[0;34m0[0;34m0[0;34m0[0;34m0[0;34m0[0;34m1
[0m[0;34m1[0;34m1[0;34m1[0;34m1[0;34m1[0;34m1[0;34m1[0;34m1[0;34m1[0;34m1[0;34m1[0;34m1[0;34m1[0;34m1[0;34m1[0;34m1[0;34m1[0;34m1[0;34m1[0;34m1[0;34m1
[0m[0;34m2[0;34m0[0;34m0
[0m[0;34m2[0;34m0[0;34m0
[0m[0;34m2[0;34m0[0;34m0
[0m[0;34m2[0;34m0
[0m[0;34m2[0;34m0
[0m[0;34m2[0;34m0
[0mExit code: 0
‚ö†Ô∏è No Valgrind alerts, but with leaks[0m  
==74164== Memcheck, a memory error detector
==74164== Copyright (C) 2002-2022, and GNU GPL'd, by Julian Seward et al.
==74164== Using Valgrind-3.22.0 and LibVEX; rerun with -h for copyright info
==74164== Command: ./cub3d ./maps/good/test_pos_left.cub
==74164== Parent PID: 73624
==74164== 
==74164== 
==74164== HEAP SUMMARY:
==74164==     in use at exit: 604 bytes in 30 blocks
==74164==   total heap usage: 82 allocs, 52 frees, 6,237 bytes allocated
==74164== 
==74164== LEAK SUMMARY:
==74164==    definitely lost: 307 bytes in 10 blocks
==74164==    indirectly lost: 297 bytes in 20 blocks
==74164==      possibly lost: 0 bytes in 0 blocks
==74164==    still reachable: 0 bytes in 0 blocks
==74164==         suppressed: 0 bytes in 0 blocks
==74164== Rerun with --leak-check=full to see details of leaked memory
==74164== 
==74164== For lists of detected and suppressed errors, rerun with: -s
==74164== ERROR SUMMARY: 0 errors from 0 contexts (suppressed: 0 from 0)
Running valgrind on ./maps/good/test_pos_right.cub...

[0;32m[Debug info] map end:[0m10
[0;32m[Debug info] map height:[0m3
[0;32m[Debug info]üõ†Ô∏è  Map info üîç
[0m[0;32m[Debug info] - Map width:[0m21
[0;32m[Debug info] - Map height:[0m3
[0;32m[Debug info]üõ†Ô∏è  Colors info c:  üîç
[0m[0;32m[Debug info]üõ†Ô∏è  Colors info f:  üîç
[0m[0;32m[Debug info]üõ†Ô∏è  Starting player position info üîç
[0m[0;32m[Debug info] - Player X:[0m19
[0;32m[Debug info] - Player Y:[0m1
[0;32m[Debug info] - Player Direction:[0mE
[0;32m[Debug info]üõ†Ô∏è  Textures info:  üîç
[0m[0;32m[Debug info] Texture north:[0mtextures/test/north.xpm
[0;32m[Debug info] Texture south:[0mtextures/test/south.xpm
[0;32m[Debug info] Texture west:[0mtextures/test/west.xpm
[0;32m[Debug info] Texture east:[0mtextures/test/east.xpm
[0;34m1[0;34m1[0;34m1[0;34m1[0;34m1[0;34m1[0;34m1[0;34m1[0;34m1[0;34m1[0;34m1[0;34m1[0;34m1[0;34m1[0;34m1[0;34m1[0;34m1[0;34m1[0;34m1[0;34m1[0;34m1
[0m[0;34m1[0;34m0[0;34m0[0;34m0[0;34m0[0;34m0[0;34m0[0;34m0[0;34m0[0;34m0[0;34m0[0;34m0[0;34m0[0;34m0[0;34m0[0;34m0[0;34m0[0;34m0[0;34m0[0;34mE[0;34m1
[0m[0;34m1[0;34m1[0;34m1[0;34m1[0;34m1[0;34m1[0;34m1[0;34m1[0;34m1[0;34m1[0;34m1[0;34m1[0;34m1[0;34m1[0;34m1[0;34m1[0;34m1[0;34m1[0;34m1[0;34m1[0;34m1
[0m[0;34m2[0;34m0[0;34m0
[0m[0;34m2[0;34m0[0;34m0
[0m[0;34m2[0;34m0[0;34m0
[0m[0;34m2[0;34m0
[0m[0;34m2[0;34m0
[0m[0;34m2[0;34m0
[0mExit code: 0
‚ö†Ô∏è No Valgrind alerts, but with leaks[0m  
==74167== Memcheck, a memory error detector
==74167== Copyright (C) 2002-2022, and GNU GPL'd, by Julian Seward et al.
==74167== Using Valgrind-3.22.0 and LibVEX; rerun with -h for copyright info
==74167== Command: ./cub3d ./maps/good/test_pos_right.cub
==74167== Parent PID: 73624
==74167== 
==74167== 
==74167== HEAP SUMMARY:
==74167==     in use at exit: 604 bytes in 30 blocks
==74167==   total heap usage: 82 allocs, 52 frees, 6,237 bytes allocated
==74167== 
==74167== LEAK SUMMARY:
==74167==    definitely lost: 307 bytes in 10 blocks
==74167==    indirectly lost: 297 bytes in 20 blocks
==74167==      possibly lost: 0 bytes in 0 blocks
==74167==    still reachable: 0 bytes in 0 blocks
==74167==         suppressed: 0 bytes in 0 blocks
==74167== Rerun with --leak-check=full to see details of leaked memory
==74167== 
==74167== For lists of detected and suppressed errors, rerun with: -s
==74167== ERROR SUMMARY: 0 errors from 0 contexts (suppressed: 0 from 0)
Running valgrind on ./maps/good/test_pos_top.cub...

[0;32m[Debug info] map end:[0m20
[0;32m[Debug info] map height:[0m13
[0;32m[Debug info]üõ†Ô∏è  Map info üîç
[0m[0;32m[Debug info] - Map width:[0m3
[0;32m[Debug info] - Map height:[0m13
[0;32m[Debug info]üõ†Ô∏è  Colors info c:  üîç
[0m[0;32m[Debug info]üõ†Ô∏è  Colors info f:  üîç
[0m[0;32m[Debug info]üõ†Ô∏è  Starting player position info üîç
[0m[0;32m[Debug info] - Player X:[0m1
[0;32m[Debug info] - Player Y:[0m1
[0;32m[Debug info] - Player Direction:[0mN
[0;32m[Debug info]üõ†Ô∏è  Textures info:  üîç
[0m[0;32m[Debug info] Texture north:[0mtextures/test/north.xpm
[0;32m[Debug info] Texture south:[0mtextures/test/south.xpm
[0;32m[Debug info] Texture west:[0mtextures/test/west.xpm
[0;32m[Debug info] Texture east:[0mtextures/test/east.xpm
[0;34m1[0;34m1[0;34m1
[0m[0;34m1[0;34mN[0;34m1
[0m[0;34m1[0;34m0[0;34m1
[0m[0;34m1[0;34m0[0;34m1
[0m[0;34m1[0;34m0[0;34m1
[0m[0;34m1[0;34m0[0;34m1
[0m[0;34m1[0;34m0[0;34m1
[0m[0;34m1[0;34m0[0;34m1
[0m[0;34m1[0;34m0[0;34m1
[0m[0;34m1[0;34m0[0;34m1
[0m[0;34m1[0;34m0[0;34m1
[0m[0;34m1[0;34m0[0;34m1
[0m[0;34m1[0;34m1[0;34m1
[0m[0;34m2[0;34m0[0;34m0
[0m[0;34m2[0;34m0[0;34m0
[0m[0;34m2[0;34m0[0;34m0
[0m[0;34m2[0;34m0
[0m[0;34m2[0;34m0
[0m[0;34m2[0;34m0
[0mExit code: 0
‚ö†Ô∏è No Valgrind alerts, but with leaks[0m  
==74170== Memcheck, a memory error detector
==74170== Copyright (C) 2002-2022, and GNU GPL'd, by Julian Seward et al.
==74170== Using Valgrind-3.22.0 and LibVEX; rerun with -h for copyright info
==74170== Command: ./cub3d ./maps/good/test_pos_top.cub
==74170== Parent PID: 73624
==74170== 
==74170== 
==74170== HEAP SUMMARY:
==74170==     in use at exit: 746 bytes in 50 blocks
==74170==   total heap usage: 141 allocs, 91 frees, 8,007 bytes allocated
==74170== 
==74170== LEAK SUMMARY:
==74170==    definitely lost: 467 bytes in 10 blocks
==74170==    indirectly lost: 279 bytes in 40 blocks
==74170==      possibly lost: 0 bytes in 0 blocks
==74170==    still reachable: 0 bytes in 0 blocks
==74170==         suppressed: 0 bytes in 0 blocks
==74170== Rerun with --leak-check=full to see details of leaked memory
==74170== 
==74170== For lists of detected and suppressed errors, rerun with: -s
==74170== ERROR SUMMARY: 0 errors from 0 contexts (suppressed: 0 from 0)
Running valgrind on ./maps/good/test_textures.cub...

[0;32m[Debug info] map end:[0m20
[0;32m[Debug info] map height:[0m13
[0;32m[Debug info]üõ†Ô∏è  Map info üîç
[0m[0;32m[Debug info] - Map width:[0m5
[0;32m[Debug info] - Map height:[0m13
[0;32m[Debug info]üõ†Ô∏è  Colors info c:  üîç
[0m[0;32m[Debug info]üõ†Ô∏è  Colors info f:  üîç
[0m[0;32m[Debug info]üõ†Ô∏è  Starting player position info üîç
[0m[0;32m[Debug info] - Player X:[0m2
[0;32m[Debug info] - Player Y:[0m2
[0;32m[Debug info] - Player Direction:[0mS
[0;32m[Debug info]üõ†Ô∏è  Textures info:  üîç
[0m[0;32m[Debug info] Texture north:[0mtextures/test/north.xpm
[0;32m[Debug info] Texture south:[0mtextures/test/south.xpm
[0;32m[Debug info] Texture west:[0mtextures/test/west.xpm
[0;32m[Debug info] Texture east:[0mtextures/test/east.xpm
[0;34m1[0;34m1[0;34m1[0;34m1[0;34m1
[0m[0;34m1[0;34m0[0;34m0[0;34m0[0;34m1
[0m[0;34m1[0;34m0[0;34mS[0;34m0[0;34m1
[0m[0;34m1[0;34m0[0;34m0[0;34m0[0;34m1
[0m[0;34m1[0;34m0[0;34m0[0;34m0[0;34m1
[0m[0;34m1[0;34m0[0;34m0[0;34m0[0;34m1
[0m[0;34m1[0;34m1[0;34m0[0;34m0[0;34m1
[0m[0;34m1[0;34m0[0;34m0[0;34m0[0;34m1
[0m[0;34m1[0;34m0[0;34m0[0;34m0[0;34m1
[0m[0;34m1[0;34m0[0;34m0[0;34m0[0;34m1
[0m[0;34m1[0;34m0[0;34m0[0;34m0[0;34m1
[0m[0;34m1[0;34m0[0;34m0[0;34m0[0;34m1
[0m[0;34m1[0;34m1[0;34m1[0;34m1[0;34m1
[0m[0;34m2[0;34m0[0;34m0
[0m[0;34m2[0;34m0[0;34m0
[0m[0;34m2[0;34m0[0;34m0
[0m[0;34m2[0;34m0
[0m[0;34m2[0;34m0
[0m[0;34m2[0;34m0
[0mExit code: 0
‚ö†Ô∏è No Valgrind alerts, but with leaks[0m  
==74173== Memcheck, a memory error detector
==74173== Copyright (C) 2002-2022, and GNU GPL'd, by Julian Seward et al.
==74173== Using Valgrind-3.22.0 and LibVEX; rerun with -h for copyright info
==74173== Command: ./cub3d ./maps/good/test_textures.cub
==74173== Parent PID: 73624
==74173== 
==74173== 
==74173== HEAP SUMMARY:
==74173==     in use at exit: 798 bytes in 50 blocks
==74173==   total heap usage: 142 allocs, 92 frees, 8,146 bytes allocated
==74173== 
==74173== LEAK SUMMARY:
==74173==    definitely lost: 467 bytes in 10 blocks
==74173==    indirectly lost: 331 bytes in 40 blocks
==74173==      possibly lost: 0 bytes in 0 blocks
==74173==    still reachable: 0 bytes in 0 blocks
==74173==         suppressed: 0 bytes in 0 blocks
==74173== Rerun with --leak-check=full to see details of leaked memory
==74173== 
==74173== For lists of detected and suppressed errors, rerun with: -s
==74173== ERROR SUMMARY: 0 errors from 0 contexts (suppressed: 0 from 0)
Running valgrind on ./maps/good/test_whitespace.cub...

[0;32m[Debug info] map end:[0m36
[0;32m[Debug info] map height:[0m13
[0;32m[Debug info]üõ†Ô∏è  Map info üîç
[0m[0;32m[Debug info] - Map width:[0m21
[0;32m[Debug info] - Map height:[0m13
[0;32m[Debug info]üõ†Ô∏è  Colors info c:  üîç
[0m[0;32m[Debug info]üõ†Ô∏è  Colors info f:  üîç
[0m[0;32m[Debug info]üõ†Ô∏è  Starting player position info üîç
[0m[0;32m[Debug info] - Player X:[0m2
[0;32m[Debug info] - Player Y:[0m2
[0;32m[Debug info] - Player Direction:[0mS
[0;32m[Debug info]üõ†Ô∏è  Textures info:  üîç
[0m[0;32m[Debug info] Texture north:[0mtextures/test/north.xpm
[0;32m[Debug info] Texture south:[0mtextures/test/south.xpm
[0;32m[Debug info] Texture west:[0mtextures/test/west.xpm
[0;32m[Debug info] Texture east:[0mtextures/test/east.xpm
[0;34m1[0;34m1[0;34m1[0;34m1[0;34m1[0;34m1[0;34m1[0;34m1[0;34m1[0;34m1[0;34m1[0;34m1[0;34m1[0;34m1[0;34m1[0;34m1[0;34m1[0;34m1[0;34m1[0;34m1[0;34m1
[0m[0;34m1[0;34m0[0;34m0[0;34m0[0;34m1[0;34m1[0;34m1[0;34m1[0;34m1[0;34m1[0;34m1[0;34m1[0;34m1[0;34m1[0;34m1[0;34m1[0;34m1[0;34m1[0;34m1[0;34m1[0;34m1
[0m[0;34m1[0;34m0[0;34mS[0;34m0[0;34m1[0;34m1[0;34m1[0;34m1[0;34m1[0;34m1[0;34m1[0;34m1[0;34m1[0;34m1[0;34m1[0;34m1[0;34m1[0;34m1[0;34m1[0;34m1[0;34m1
[0m[0;34m1[0;34m0[0;34m0[0;34m0[0;34m1[0;34m1[0;34m1[0;34m1[0;34m1[0;34m1[0;34m1[0;34m1[0;34m1[0;34m1[0;34m1[0;34m1[0;34m1[0;34m1[0;34m1[0;34m1[0;34m1
[0m[0;34m1[0;34m0[0;34m0[0;34m0[0;34m1[0;34m1[0;34m1[0;34m1[0;34m1[0;34m1[0;34m1[0;34m1[0;34m1[0;34m1[0;34m1[0;34m1[0;34m1[0;34m1[0;34m1[0;34m1[0;34m1
[0m[0;34m1[0;34m0[0;34m0[0;34m0[0;34m1[0;34m1[0;34m1[0;34m1[0;34m1[0;34m1[0;34m1[0;34m1[0;34m1[0;34m1[0;34m1[0;34m1[0;34m1[0;34m1[0;34m1[0;34m1[0;34m1
[0m[0;34m1[0;34m1[0;34m0[0;34m0[0;34m1[0;34m1[0;34m1[0;34m1[0;34m1[0;34m1[0;34m1[0;34m1[0;34m1[0;34m1[0;34m1[0;34m1[0;34m1[0;34m1[0;34m1[0;34m1[0;34m1
[0m[0;34m1[0;34m0[0;34m0[0;34m0[0;34m1[0;34m1[0;34m1[0;34m1[0;34m1[0;34m1[0;34m1[0;34m1[0;34m1[0;34m1[0;34m1[0;34m1[0;34m1[0;34m1[0;34m1[0;34m1[0;34m1
[0m[0;34m1[0;34m0[0;34m0[0;34m0[0;34m1[0;34m1[0;34m1[0;34m1[0;34m1[0;34m1[0;34m1[0;34m1[0;34m1[0;34m1[0;34m1[0;34m1[0;34m1[0;34m1[0;34m1[0;34m1[0;34m1
[0m[0;34m1[0;34m0[0;34m0[0;34m0[0;34m1[0;34m1[0;34m1[0;34m1[0;34m1[0;34m1[0;34m1[0;34m1[0;34m1[0;34m1[0;34m1[0;34m1[0;34m1[0;34m1[0;34m1[0;34m1[0;34m1
[0m[0;34m1[0;34m0[0;34m0[0;34m0[0;34m1[0;34m1[0;34m1[0;34m1[0;34m1[0;34m1[0;34m1[0;34m1[0;34m1[0;34m1[0;34m1[0;34m1[0;34m1[0;34m1[0;34m1[0;34m1[0;34m1
[0m[0;34m1[0;34m0[0;34m0[0;34m0[0;34m1[0;34m1[0;34m1[0;34m1[0;34m1[0;34m1[0;34m1[0;34m1[0;34m1[0;34m1[0;34m1[0;34m1[0;34m1[0;34m1[0;34m1[0;34m1[0;34m1
[0m[0;34m1[0;34m1[0;34m1[0;34m1[0;34m1[0;34m1[0;34m1[0;34m1[0;34m1[0;34m1[0;34m1[0;34m1[0;34m1[0;34m1[0;34m1[0;34m1[0;34m1[0;34m1[0;34m1[0;34m1[0;34m1
[0m[0;34m2[0;34m0[0;34m0
[0m[0;34m2[0;34m0[0;34m0
[0m[0;34m2[0;34m0[0;34m0
[0m[0;34m2[0;34m0
[0m[0;34m2[0;34m0
[0m[0;34m2[0;34m0
[0mExit code: 0
‚ö†Ô∏è No Valgrind alerts, but with leaks[0m  
==74176== Memcheck, a memory error detector
==74176== Copyright (C) 2002-2022, and GNU GPL'd, by Julian Seward et al.
==74176== Using Valgrind-3.22.0 and LibVEX; rerun with -h for copyright info
==74176== Command: ./cub3d ./maps/good/test_whitespace.cub
==74176== Parent PID: 73624
==74176== 
==74176== 
==74176== HEAP SUMMARY:
==74176==     in use at exit: 1,566 bytes in 89 blocks
==74176==   total heap usage: 306 allocs, 217 frees, 23,419 bytes allocated
==74176== 
==74176== LEAK SUMMARY:
==74176==    definitely lost: 813 bytes in 10 blocks
==74176==    indirectly lost: 753 bytes in 79 blocks
==74176==      possibly lost: 0 bytes in 0 blocks
==74176==    still reachable: 0 bytes in 0 blocks
==74176==         suppressed: 0 bytes in 0 blocks
==74176== Rerun with --leak-check=full to see details of leaked memory
==74176== 
==74176== For lists of detected and suppressed errors, rerun with: -s
==74176== ERROR SUMMARY: 0 errors from 0 contexts (suppressed: 0 from 0)
Running valgrind on ./maps/good/works.cub...

[0;32m[Debug info] map end:[0m19
[0;32m[Debug info] map height:[0m6
[0;32m[Debug info]üõ†Ô∏è  Map info üîç
[0m[0;32m[Debug info] - Map width:[0m25
[0;32m[Debug info] - Map height:[0m6
[0;32m[Debug info]üõ†Ô∏è  Colors info c:  üîç
[0m[0;32m[Debug info]üõ†Ô∏è  Colors info f:  üîç
[0m[0;32m[Debug info]üõ†Ô∏è  Starting player position info üîç
[0m[0;32m[Debug info] - Player X:[0m2
[0;32m[Debug info] - Player Y:[0m1
[0;32m[Debug info] - Player Direction:[0mS
[0;32m[Debug info]üõ†Ô∏è  Textures info:  üîç
[0m[0;32m[Debug info] Texture north:[0mtextures/test/north.xpm
[0;32m[Debug info] Texture south:[0mtextures/test/south.xpm
[0;32m[Debug info] Texture west:[0mtextures/test/west.xpm
[0;32m[Debug info] Texture east:[0mtextures/test/east.xpm
[0;34m1[0;34m1[0;34m1[0;34m1[0;34m1[0;34m1[0;34m1[0;34m1[0;34m1[0;34m1[0;34m1[0;34m1[0;34m1[0;34m1[0;34m1[0;34m1[0;34m1[0;34m1[0;34m1[0;34m1[0;34m1[0;34m1[0;34m1[0;34m1[0;34m1
[0m[0;34m1[0;34m0[0;34mS[0;34m0[0;34m1[0;34m1[0;34m0[0;34m0[0;34m0[0;34m0[0;34m1[0;34m0[0;34m0[0;34m0[0;34m0[0;34m0[0;34m0[0;34m0[0;34m0[0;34m0[0;34m0[0;34m0[0;34m0[0;34m0[0;34m1
[0m[0;34m1[0;34m0[0;34m0[0;34m0[0;34m1[0;34m1[0;34m0[0;34m0[0;34m0[0;34m0[0;34m0[0;34m0[0;34m0[0;34m0[0;34m0[0;34m0[0;34m1[0;34m1[0;34m1[0;34m1[0;34m1[0;34m1[0;34m0[0;34m0[0;34m1
[0m[0;34m1[0;34m0[0;34m0[0;34m0[0;34m1[0;34m1[0;34m0[0;34m0[0;34m0[0;34m0[0;34m0[0;34m0[0;34m0[0;34m0[0;34m0[0;34m0[0;34m1[0;34m1[0;34m0[0;34m0[0;34m0[0;34m1[0;34m0[0;34m0[0;34m1
[0m[0;34m1[0;34m0[0;34m0[0;34m0[0;34m0[0;34m0[0;34m0[0;34m0[0;34m0[0;34m0[0;34m1[0;34m0[0;34m0[0;34m0[0;34m0[0;34m0[0;34m0[0;34m0[0;34m0[0;34m0[0;34m0[0;34m1[0;34m0[0;34m0[0;34m1
[0m[0;34m1[0;34m1[0;34m1[0;34m1[0;34m1[0;34m1[0;34m1[0;34m1[0;34m1[0;34m1[0;34m1[0;34m1[0;34m1[0;34m1[0;34m1[0;34m1[0;34m1[0;34m1[0;34m1[0;34m1[0;34m1[0;34m1[0;34m1[0;34m1[0;34m1
[0m[0;34m2[0;34m1[0;34m8
[0m[0;34m2[0;34m3[0;34m4
[0m[0;34m2[0;34m3[0;34m5
[0m[0;34m1[0;34m7
[0m[0;34m3[0;34m8
[0m[0;34m6[0;34m4
[0mExit code: 0
‚ö†Ô∏è No Valgrind alerts, but with leaks[0m  
==74179== Memcheck, a memory error detector
==74179== Copyright (C) 2002-2022, and GNU GPL'd, by Julian Seward et al.
==74179== Using Valgrind-3.22.0 and LibVEX; rerun with -h for copyright info
==74179== Command: ./cub3d ./maps/good/works.cub
==74179== Parent PID: 73624
==74179== 
==74179== 
==74179== HEAP SUMMARY:
==74179==     in use at exit: 957 bytes in 42 blocks
==74179==   total heap usage: 130 allocs, 88 frees, 8,412 bytes allocated
==74179== 
==74179== LEAK SUMMARY:
==74179==    definitely lost: 414 bytes in 10 blocks
==74179==    indirectly lost: 543 bytes in 32 blocks
==74179==      possibly lost: 0 bytes in 0 blocks
==74179==    still reachable: 0 bytes in 0 blocks
==74179==         suppressed: 0 bytes in 0 blocks
==74179== Rerun with --leak-check=full to see details of leaked memory
==74179== 
==74179== For lists of detected and suppressed errors, rerun with: -s
==74179== ERROR SUMMARY: 0 errors from 0 contexts (suppressed: 0 from 0)
Valgrind tests completed. Results saved to test_output.txt.
Starting Valgrind tests...
Running valgrind on ./maps/good/cheese_maze.cub...

[0;32m[Debug info] map end:[0m28
[0;32m[Debug info] map height:[0m21
[0;32m[Debug info]üõ†Ô∏è  Map info üîç
[0m[0;32m[Debug info] - Map width:[0m21
[0;32m[Debug info] - Map height:[0m21
[0;32m[Debug info]üõ†Ô∏è  Colors info c:  üîç
[0m[0;32m[Debug info]üõ†Ô∏è  Colors info f:  üîç
[0m[0;32m[Debug info]üõ†Ô∏è  Starting player position info üîç
[0m[0;32m[Debug info] - Player X:[0m1
[0;32m[Debug info] - Player Y:[0m19
[0;32m[Debug info] - Player Direction:[0mN
[0;32m[Debug info]üõ†Ô∏è  Textures info:  üîç
[0m[0;32m[Debug info] Texture north:[0mtextures/test/north.xpm
[0;32m[Debug info] Texture south:[0mtextures/test/south.xpm
[0;32m[Debug info] Texture west:[0mtextures/test/west.xpm
[0;32m[Debug info] Texture east:[0mtextures/test/east.xpm
[0;34m1[0;34m1[0;34m1[0;34m1[0;34m1[0;34m1[0;34m1[0;34m1[0;34m1[0;34m1[0;34m1[0;34m1[0;34m1[0;34m1[0;34m1[0;34m1[0;34m1[0;34m1[0;34m1[0;34m1[0;34m1
[0m[0;34m1[0;34m0[0;34m1[0;34m0[0;34m0[0;34m0[0;34m0[0;34m0[0;34m1[0;34m0[0;34m0[0;34m0[0;34m0[0;34m0[0;34m0[0;34m0[0;34m0[0;34m0[0;34m0[0;34m0[0;34m1
[0m[0;34m1[0;34m0[0;34m1[0;34m0[0;34m1[0;34m0[0;34m1[0;34m0[0;34m1[0;34m0[0;34m1[0;34m1[0;34m1[0;34m1[0;34m1[0;34m1[0;34m1[0;34m0[0;34m0[0;34m0[0;34m1
[0m[0;34m1[0;34m0[0;34m0[0;34m0[0;34m1[0;34m0[0;34m1[0;34m0[0;34m0[0;34m0[0;34m1[0;34m0[0;34m0[0;34m0[0;34m0[0;34m0[0;34m1[0;34m0[0;34m0[0;34m0[0;34m1
[0m[0;34m1[0;34m1[0;34m1[0;34m1[0;34m1[0;34m0[0;34m1[0;34m0[0;34m1[0;34m1[0;34m1[0;34m1[0;34m1[0;34m0[0;34m1[0;34m0[0;34m1[0;34m1[0;34m1[0;34m0[0;34m1
[0m[0;34m1[0;34m0[0;34m0[0;34m0[0;34m0[0;34m0[0;34m1[0;34m0[0;34m1[0;34m0[0;34m0[0;34m0[0;34m1[0;34m0[0;34m1[0;34m0[0;34m0[0;34m0[0;34m0[0;34m0[0;34m1
[0m[0;34m1[0;34m0[0;34m1[0;34m1[0;34m1[0;34m1[0;34m1[0;34m0[0;34m1[0;34m0[0;34m1[0;34m1[0;34m1[0;34m0[0;34m1[0;34m1[0;34m1[0;34m1[0;34m1[0;34m1[0;34m1
[0m[0;34m1[0;34m0[0;34m1[0;34m0[0;34m0[0;34m0[0;34m0[0;34m0[0;34m1[0;34m0[0;34m1[0;34m0[0;34m1[0;34m0[0;34m0[0;34m0[0;34m0[0;34m0[0;34m1[0;34m0[0;34m1
[0m[0;34m1[0;34m0[0;34m1[0;34m0[0;34m1[0;34m1[0;34m1[0;34m1[0;34m1[0;34m0[0;34m1[0;34m0[0;34m1[0;34m1[0;34m1[0;34m1[0;34m1[0;34m0[0;34m1[0;34m0[0;34m1
[0m[0;34m1[0;34m0[0;34m1[0;34m0[0;34m1[0;34m0[0;34m0[0;34m0[0;34m1[0;34m0[0;34m1[0;34m0[0;34m1[0;34m0[0;34m0[0;34m0[0;34m1[0;34m0[0;34m1[0;34m0[0;34m1
[0m[0;34m1[0;34m0[0;34m1[0;34m1[0;34m1[0;34m0[0;34m1[0;34m0[0;34m1[0;34m0[0;34m1[0;34m0[0;34m1[0;34m0[0;34m1[0;34m0[0;34m1[0;34m0[0;34m1[0;34m0[0;34m1
[0m[0;34m1[0;34m0[0;34m0[0;34m0[0;34m0[0;34m0[0;34m1[0;34m0[0;34m1[0;34m0[0;34m1[0;34m0[0;34m0[0;34m0[0;34m1[0;34m0[0;34m1[0;34m0[0;34m0[0;34m0[0;34m1
[0m[0;34m1[0;34m1[0;34m1[0;34m1[0;34m1[0;34m1[0;34m1[0;34m0[0;34m1[0;34m0[0;34m1[0;34m1[0;34m1[0;34m1[0;34m1[0;34m0[0;34m1[0;34m1[0;34m1[0;34m0[0;34m1
[0m[0;34m1[0;34m0[0;34m0[0;34m0[0;34m0[0;34m0[0;34m1[0;34m0[0;34m1[0;34m0[0;34m0[0;34m0[0;34m1[0;34m0[0;34m0[0;34m0[0;34m1[0;34m0[0;34m0[0;34m0[0;34m1
[0m[0;34m1[0;34m0[0;34m1[0;34m1[0;34m1[0;34m0[0;34m1[0;34m0[0;34m1[0;34m1[0;34m1[0;34m0[0;34m1[0;34m0[0;34m1[0;34m1[0;34m1[0;34m0[0;34m1[0;34m1[0;34m1
[0m[0;34m1[0;34m0[0;34m1[0;34m0[0;34m0[0;34m0[0;34m1[0;34m0[0;34m0[0;34m0[0;34m0[0;34m0[0;34m1[0;34m0[0;34m0[0;34m0[0;34m1[0;34m0[0;34m1[0;34m0[0;34m1
[0m[0;34m1[0;34m0[0;34m1[0;34m0[0;34m1[0;34m1[0;34m1[0;34m1[0;34m1[0;34m1[0;34m1[0;34m1[0;34m1[0;34m1[0;34m1[0;34m0[0;34m1[0;34m0[0;34m1[0;34m0[0;34m1
[0m[0;34m1[0;34m0[0;34m0[0;34m0[0;34m1[0;34m0[0;34m0[0;34m0[0;34m0[0;34m0[0;34m0[0;34m0[0;34m0[0;34m0[0;34m0[0;34m0[0;34m1[0;34m0[0;34m0[0;34m0[0;34m1
[0m[0;34m1[0;34m0[0;34m1[0;34m0[0;34m1[0;34m0[0;34m1[0;34m1[0;34m1[0;34m0[0;34m1[0;34m1[0;34m1[0;34m1[0;34m1[0;34m1[0;34m1[0;34m1[0;34m1[0;34m0[0;34m1
[0m[0;34m1[0;34mN[0;34m1[0;34m0[0;34m0[0;34m0[0;34m0[0;34m0[0;34m1[0;34m0[0;34m0[0;34m0[0;34m0[0;34m0[0;34m0[0;34m0[0;34m0[0;34m0[0;34m0[0;34m0[0;34m1
[0m[0;34m1[0;34m1[0;34m1[0;34m1[0;34m1[0;34m1[0;34m1[0;34m1[0;34m1[0;34m1[0;34m1[0;34m1[0;34m1[0;34m1[0;34m1[0;34m1[0;34m1[0;34m1[0;34m1[0;34m1[0;34m1
[0m[0;34m1[0;34m5[0;34m3
[0m[0;34m2[0;34m0[0;34m4
[0m[0;34m2[0;34m5[0;34m5
[0m[0;34m1[0;34m6[0;34m4
[0m[0;34m1[0;34m6[0;34m9
[0m[0;34m2[0;34m0
[0mExit code: 0
‚ö†Ô∏è No Valgrind alerts, but with leaks[0m  
==74600== Memcheck, a memory error detector
==74600== Copyright (C) 2002-2022, and GNU GPL'd, by Julian Seward et al.
==74600== Using Valgrind-3.22.0 and LibVEX; rerun with -h for copyright info
==74600== Command: ./cub3d ./maps/good/cheese_maze.cub
==74600== Parent PID: 74598
==74600== 
==74600== 
==74600== HEAP SUMMARY:
==74600==     in use at exit: 1,718 bytes in 67 blocks
==74600==   total heap usage: 210 allocs, 143 frees, 12,286 bytes allocated
==74600== 
==74600== LEAK SUMMARY:
==74600==    definitely lost: 605 bytes in 10 blocks
==74600==    indirectly lost: 1,113 bytes in 57 blocks
==74600==      possibly lost: 0 bytes in 0 blocks
==74600==    still reachable: 0 bytes in 0 blocks
==74600==         suppressed: 0 bytes in 0 blocks
==74600== Rerun with --leak-check=full to see details of leaked memory
==74600== 
==74600== For lists of detected and suppressed errors, rerun with: -s
==74600== ERROR SUMMARY: 0 errors from 0 contexts (suppressed: 0 from 0)
Running valgrind on ./maps/good/creepy.cub...

[0;32m[Debug info] map end:[0m20
[0;32m[Debug info] map height:[0m13
[0;32m[Debug info]üõ†Ô∏è  Map info üîç
[0m[0;32m[Debug info] - Map width:[0m15
[0;32m[Debug info] - Map height:[0m13
[0;32m[Debug info]üõ†Ô∏è  Colors info c:  üîç
[0m[0;32m[Debug info]üõ†Ô∏è  Colors info f:  üîç
[0m[0;32m[Debug info]üõ†Ô∏è  Starting player position info üîç
[0m[0;32m[Debug info] - Player X:[0m7
[0;32m[Debug info] - Player Y:[0m3
[0;32m[Debug info] - Player Direction:[0mN
[0;32m[Debug info]üõ†Ô∏è  Textures info:  üîç
[0m[0;32m[Debug info] Texture north:[0mtextures/test/north.xpm
[0;32m[Debug info] Texture south:[0mtextures/test/south.xpm
[0;32m[Debug info] Texture west:[0mtextures/test/west.xpm
[0;32m[Debug info] Texture east:[0mtextures/test/east.xpm
[0;34m1[0;34m1[0;34m1[0;34m1[0;34m1[0;34m1[0;34m1[0;34m1[0;34m1[0;34m1[0;34m1[0;34m1[0;34m1[0;34m1[0;34m1
[0m[0;34m1[0;34m1[0;34m1[0;34m1[0;34m1[0;34m1[0;34m0[0;34m0[0;34m0[0;34m1[0;34m1[0;34m1[0;34m1[0;34m1[0;34m1
[0m[0;34m1[0;34m1[0;34m1[0;34m1[0;34m1[0;34m0[0;34m0[0;34m0[0;34m0[0;34m0[0;34m1[0;34m1[0;34m1[0;34m1[0;34m1
[0m[0;34m1[0;34m1[0;34m1[0;34m1[0;34m0[0;34m0[0;34m0[0;34mN[0;34m0[0;34m0[0;34m0[0;34m1[0;34m1[0;34m1[0;34m1
[0m[0;34m1[0;34m1[0;34m1[0;34m0[0;34m0[0;34m0[0;34m0[0;34m0[0;34m0[0;34m0[0;34m0[0;34m0[0;34m1[0;34m1[0;34m1
[0m[0;34m1[0;34m1[0;34m0[0;34m0[0;34m0[0;34m0[0;34m0[0;34m0[0;34m0[0;34m0[0;34m0[0;34m0[0;34m0[0;34m1[0;34m1
[0m[0;34m1[0;34m0[0;34m0[0;34m0[0;34m0[0;34m1[0;34m1[0;34m1[0;34m1[0;34m1[0;34m0[0;34m0[0;34m0[0;34m0[0;34m1
[0m[0;34m1[0;34m1[0;34m0[0;34m0[0;34m0[0;34m0[0;34m1[0;34m1[0;34m1[0;34m0[0;34m0[0;34m0[0;34m0[0;34m1[0;34m1
[0m[0;34m1[0;34m1[0;34m1[0;34m0[0;34m0[0;34m0[0;34m0[0;34m1[0;34m0[0;34m0[0;34m0[0;34m0[0;34m1[0;34m1[0;34m1
[0m[0;34m1[0;34m1[0;34m1[0;34m1[0;34m0[0;34m0[0;34m0[0;34m0[0;34m0[0;34m0[0;34m0[0;34m1[0;34m1[0;34m1[0;34m1
[0m[0;34m1[0;34m1[0;34m1[0;34m1[0;34m1[0;34m0[0;34m0[0;34m0[0;34m0[0;34m0[0;34m1[0;34m1[0;34m1[0;34m1[0;34m1
[0m[0;34m1[0;34m1[0;34m1[0;34m1[0;34m1[0;34m1[0;34m0[0;34m0[0;34m0[0;34m1[0;34m1[0;34m1[0;34m1[0;34m1[0;34m1
[0m[0;34m1[0;34m1[0;34m1[0;34m1[0;34m1[0;34m1[0;34m1[0;34m1[0;34m1[0;34m1[0;34m1[0;34m1[0;34m1[0;34m1[0;34m1
[0m[0;34m3[0;34m5
[0m[0;34m1[0;34m9
[0m[0;34m7[0;34m3
[0m[0;34m1[0;34m5
[0m[0;34m6
[0m[0;34m4[0;34m0
[0mExit code: 0
‚ö†Ô∏è No Valgrind alerts, but with leaks[0m  
==74603== Memcheck, a memory error detector
==74603== Copyright (C) 2002-2022, and GNU GPL'd, by Julian Seward et al.
==74603== Using Valgrind-3.22.0 and LibVEX; rerun with -h for copyright info
==74603== Command: ./cub3d ./maps/good/creepy.cub
==74603== Parent PID: 74598
==74603== 
==74603== 
==74603== HEAP SUMMARY:
==74603==     in use at exit: 1,056 bytes in 51 blocks
==74603==   total heap usage: 152 allocs, 101 frees, 8,990 bytes allocated
==74603== 
==74603== LEAK SUMMARY:
==74603==    definitely lost: 471 bytes in 10 blocks
==74603==    indirectly lost: 585 bytes in 41 blocks
==74603==      possibly lost: 0 bytes in 0 blocks
==74603==    still reachable: 0 bytes in 0 blocks
==74603==         suppressed: 0 bytes in 0 blocks
==74603== Rerun with --leak-check=full to see details of leaked memory
==74603== 
==74603== For lists of detected and suppressed errors, rerun with: -s
==74603== ERROR SUMMARY: 0 errors from 0 contexts (suppressed: 0 from 0)
Running valgrind on ./maps/good/dungeon.cub...

[0;32m[Debug info] map end:[0m17
[0;32m[Debug info] map height:[0m10
[0;32m[Debug info]üõ†Ô∏è  Map info üîç
[0m[0;32m[Debug info] - Map width:[0m19
[0;32m[Debug info] - Map height:[0m10
[0;32m[Debug info]üõ†Ô∏è  Colors info c:  üîç
[0m[0;32m[Debug info]üõ†Ô∏è  Colors info f:  üîç
[0m[0;32m[Debug info]üõ†Ô∏è  Starting player position info üîç
[0m[0;32m[Debug info] - Player X:[0m2
[0;32m[Debug info] - Player Y:[0m1
[0;32m[Debug info] - Player Direction:[0mW
[0;32m[Debug info]üõ†Ô∏è  Textures info:  üîç
[0m[0;32m[Debug info] Texture north:[0mtextures/test/north.xpm
[0;32m[Debug info] Texture south:[0mtextures/test/south.xpm
[0;32m[Debug info] Texture west:[0mtextures/test/west.xpm
[0;32m[Debug info] Texture east:[0mtextures/test/east.xpm
[0;34m1[0;34m1[0;34m1[0;34m1[0;34m1[0;34m1[0;34m1[0;34m1[0;34m1[0;34m1[0;34m1[0;34m1[0;34m1[0;34m1[0;34m1[0;34m1[0;34m1[0;34m1[0;34m1
[0m[0;34m1[0;34m0[0;34mW[0;34m1[0;34m0[0;34m0[0;34m1[0;34m0[0;34m0[0;34m1[0;34m0[0;34m0[0;34m1[0;34m0[0;34m0[0;34m0[0;34m0[0;34m0[0;34m1
[0m[0;34m1[0;34m0[0;34m1[0;34m1[0;34m0[0;34m0[0;34m0[0;34m0[0;34m0[0;34m1[0;34m0[0;34m0[0;34m0[0;34m0[0;34m0[0;34m1[0;34m0[0;34m0[0;34m1
[0m[0;34m1[0;34m0[0;34m0[0;34m1[0;34m0[0;34m0[0;34m1[0;34m0[0;34m0[0;34m1[0;34m1[0;34m1[0;34m1[0;34m1[0;34m0[0;34m1[0;34m1[0;34m1[0;34m1
[0m[0;34m1[0;34m0[0;34m0[0;34m1[0;34m1[0;34m1[0;34m1[0;34m0[0;34m0[0;34m0[0;34m0[0;34m0[0;34m1[0;34m0[0;34m0[0;34m1[0;34m0[0;34m0[0;34m1
[0m[0;34m1[0;34m0[0;34m0[0;34m0[0;34m0[0;34m0[0;34m0[0;34m0[0;34m0[0;34m0[0;34m0[0;34m0[0;34m0[0;34m0[0;34m0[0;34m1[0;34m0[0;34m0[0;34m1
[0m[0;34m1[0;34m0[0;34m0[0;34m1[0;34m1[0;34m1[0;34m1[0;34m1[0;34m1[0;34m1[0;34m1[0;34m1[0;34m1[0;34m0[0;34m0[0;34m1[0;34m0[0;34m0[0;34m1
[0m[0;34m1[0;34m1[0;34m1[0;34m1[0;34m0[0;34m0[0;34m0[0;34m0[0;34m0[0;34m0[0;34m0[0;34m0[0;34m0[0;34m0[0;34m0[0;34m1[0;34m0[0;34m1[0;34m1
[0m[0;34m1[0;34m0[0;34m0[0;34m0[0;34m0[0;34m0[0;34m0[0;34m0[0;34m0[0;34m1[0;34m0[0;34m0[0;34m0[0;34m0[0;34m0[0;34m0[0;34m0[0;34m0[0;34m1
[0m[0;34m1[0;34m1[0;34m1[0;34m1[0;34m1[0;34m1[0;34m1[0;34m1[0;34m1[0;34m1[0;34m1[0;34m1[0;34m1[0;34m1[0;34m1[0;34m1[0;34m1[0;34m1[0;34m1
[0m[0;34m9[0;34m9
[0m[0;34m9[0;34m9
[0m[0;34m9[0;34m9
[0m[0;34m7[0;34m6
[0m[0;34m7[0;34m6
[0m[0;34m7[0;34m6
[0mExit code: 0
‚ö†Ô∏è No Valgrind alerts, but with leaks[0m  
==74606== Memcheck, a memory error detector
==74606== Copyright (C) 2002-2022, and GNU GPL'd, by Julian Seward et al.
==74606== Using Valgrind-3.22.0 and LibVEX; rerun with -h for copyright info
==74606== Command: ./cub3d ./maps/good/dungeon.cub
==74606== Parent PID: 74598
==74606== 
==74606== 
==74606== HEAP SUMMARY:
==74606==     in use at exit: 992 bytes in 45 blocks
==74606==   total heap usage: 133 allocs, 88 frees, 8,232 bytes allocated
==74606== 
==74606== LEAK SUMMARY:
==74606==    definitely lost: 424 bytes in 10 blocks
==74606==    indirectly lost: 568 bytes in 35 blocks
==74606==      possibly lost: 0 bytes in 0 blocks
==74606==    still reachable: 0 bytes in 0 blocks
==74606==         suppressed: 0 bytes in 0 blocks
==74606== Rerun with --leak-check=full to see details of leaked memory
==74606== 
==74606== For lists of detected and suppressed errors, rerun with: -s
==74606== ERROR SUMMARY: 0 errors from 0 contexts (suppressed: 0 from 0)
Running valgrind on ./maps/good/library.cub...
Starting Valgrind tests...
Running valgrind on ./maps/good/cheese_maze.cub...

[0;32m[Debug info] map end:[0m28
[0;32m[Debug info] map height:[0m21
[0;32m[Debug info]üõ†Ô∏è  Map info üîç
[0m[0;32m[Debug info] - Map width:[0m21
[0;32m[Debug info] - Map height:[0m21
[0;32m[Debug info]üõ†Ô∏è  Starting player position info üîç
[0m[0;32m[Debug info] - Player X:[0m1
[0;32m[Debug info] - Player Y:[0m19
[0;32m[Debug info] - Player Direction:[0mN
[0;32m[Debug info]üõ†Ô∏è  Textures info:  üîç
[0m[0;32m[Debug info] Texture north:[0mtextures/test/north.xpm
[0;32m[Debug info] Texture south:[0mtextures/test/south.xpm
[0;32m[Debug info] Texture west:[0mtextures/test/west.xpm
[0;32m[Debug info] Texture east:[0mtextures/test/east.xpm
[0;34m1[0;34m1[0;34m1[0;34m1[0;34m1[0;34m1[0;34m1[0;34m1[0;34m1[0;34m1[0;34m1[0;34m1[0;34m1[0;34m1[0;34m1[0;34m1[0;34m1[0;34m1[0;34m1[0;34m1[0;34m1
[0m[0;34m1[0;34m0[0;34m1[0;34m0[0;34m0[0;34m0[0;34m0[0;34m0[0;34m1[0;34m0[0;34m0[0;34m0[0;34m0[0;34m0[0;34m0[0;34m0[0;34m0[0;34m0[0;34m0[0;34m0[0;34m1
[0m[0;34m1[0;34m0[0;34m1[0;34m0[0;34m1[0;34m0[0;34m1[0;34m0[0;34m1[0;34m0[0;34m1[0;34m1[0;34m1[0;34m1[0;34m1[0;34m1[0;34m1[0;34m0[0;34m0[0;34m0[0;34m1
[0m[0;34m1[0;34m0[0;34m0[0;34m0[0;34m1[0;34m0[0;34m1[0;34m0[0;34m0[0;34m0[0;34m1[0;34m0[0;34m0[0;34m0[0;34m0[0;34m0[0;34m1[0;34m0[0;34m0[0;34m0[0;34m1
[0m[0;34m1[0;34m1[0;34m1[0;34m1[0;34m1[0;34m0[0;34m1[0;34m0[0;34m1[0;34m1[0;34m1[0;34m1[0;34m1[0;34m0[0;34m1[0;34m0[0;34m1[0;34m1[0;34m1[0;34m0[0;34m1
[0m[0;34m1[0;34m0[0;34m0[0;34m0[0;34m0[0;34m0[0;34m1[0;34m0[0;34m1[0;34m0[0;34m0[0;34m0[0;34m1[0;34m0[0;34m1[0;34m0[0;34m0[0;34m0[0;34m0[0;34m0[0;34m1
[0m[0;34m1[0;34m0[0;34m1[0;34m1[0;34m1[0;34m1[0;34m1[0;34m0[0;34m1[0;34m0[0;34m1[0;34m1[0;34m1[0;34m0[0;34m1[0;34m1[0;34m1[0;34m1[0;34m1[0;34m1[0;34m1
[0m[0;34m1[0;34m0[0;34m1[0;34m0[0;34m0[0;34m0[0;34m0[0;34m0[0;34m1[0;34m0[0;34m1[0;34m0[0;34m1[0;34m0[0;34m0[0;34m0[0;34m0[0;34m0[0;34m1[0;34m0[0;34m1
[0m[0;34m1[0;34m0[0;34m1[0;34m0[0;34m1[0;34m1[0;34m1[0;34m1[0;34m1[0;34m0[0;34m1[0;34m0[0;34m1[0;34m1[0;34m1[0;34m1[0;34m1[0;34m0[0;34m1[0;34m0[0;34m1
[0m[0;34m1[0;34m0[0;34m1[0;34m0[0;34m1[0;34m0[0;34m0[0;34m0[0;34m1[0;34m0[0;34m1[0;34m0[0;34m1[0;34m0[0;34m0[0;34m0[0;34m1[0;34m0[0;34m1[0;34m0[0;34m1
[0m[0;34m1[0;34m0[0;34m1[0;34m1[0;34m1[0;34m0[0;34m1[0;34m0[0;34m1[0;34m0[0;34m1[0;34m0[0;34m1[0;34m0[0;34m1[0;34m0[0;34m1[0;34m0[0;34m1[0;34m0[0;34m1
[0m[0;34m1[0;34m0[0;34m0[0;34m0[0;34m0[0;34m0[0;34m1[0;34m0[0;34m1[0;34m0[0;34m1[0;34m0[0;34m0[0;34m0[0;34m1[0;34m0[0;34m1[0;34m0[0;34m0[0;34m0[0;34m1
[0m[0;34m1[0;34m1[0;34m1[0;34m1[0;34m1[0;34m1[0;34m1[0;34m0[0;34m1[0;34m0[0;34m1[0;34m1[0;34m1[0;34m1[0;34m1[0;34m0[0;34m1[0;34m1[0;34m1[0;34m0[0;34m1
[0m[0;34m1[0;34m0[0;34m0[0;34m0[0;34m0[0;34m0[0;34m1[0;34m0[0;34m1[0;34m0[0;34m0[0;34m0[0;34m1[0;34m0[0;34m0[0;34m0[0;34m1[0;34m0[0;34m0[0;34m0[0;34m1
[0m[0;34m1[0;34m0[0;34m1[0;34m1[0;34m1[0;34m0[0;34m1[0;34m0[0;34m1[0;34m1[0;34m1[0;34m0[0;34m1[0;34m0[0;34m1[0;34m1[0;34m1[0;34m0[0;34m1[0;34m1[0;34m1
[0m[0;34m1[0;34m0[0;34m1[0;34m0[0;34m0[0;34m0[0;34m1[0;34m0[0;34m0[0;34m0[0;34m0[0;34m0[0;34m1[0;34m0[0;34m0[0;34m0[0;34m1[0;34m0[0;34m1[0;34m0[0;34m1
[0m[0;34m1[0;34m0[0;34m1[0;34m0[0;34m1[0;34m1[0;34m1[0;34m1[0;34m1[0;34m1[0;34m1[0;34m1[0;34m1[0;34m1[0;34m1[0;34m0[0;34m1[0;34m0[0;34m1[0;34m0[0;34m1
[0m[0;34m1[0;34m0[0;34m0[0;34m0[0;34m1[0;34m0[0;34m0[0;34m0[0;34m0[0;34m0[0;34m0[0;34m0[0;34m0[0;34m0[0;34m0[0;34m0[0;34m1[0;34m0[0;34m0[0;34m0[0;34m1
[0m[0;34m1[0;34m0[0;34m1[0;34m0[0;34m1[0;34m0[0;34m1[0;34m1[0;34m1[0;34m0[0;34m1[0;34m1[0;34m1[0;34m1[0;34m1[0;34m1[0;34m1[0;34m1[0;34m1[0;34m0[0;34m1
[0m[0;34m1[0;34mN[0;34m1[0;34m0[0;34m0[0;34m0[0;34m0[0;34m0[0;34m1[0;34m0[0;34m0[0;34m0[0;34m0[0;34m0[0;34m0[0;34m0[0;34m0[0;34m0[0;34m0[0;34m0[0;34m1
[0m[0;34m1[0;34m1[0;34m1[0;34m1[0;34m1[0;34m1[0;34m1[0;34m1[0;34m1[0;34m1[0;34m1[0;34m1[0;34m1[0;34m1[0;34m1[0;34m1[0;34m1[0;34m1[0;34m1[0;34m1[0;34m1
[0mExit code: 0
‚ö†Ô∏è No Valgrind alerts, but with leaks[0m  
==74965== Memcheck, a memory error detector
==74965== Copyright (C) 2002-2022, and GNU GPL'd, by Julian Seward et al.
==74965== Using Valgrind-3.22.0 and LibVEX; rerun with -h for copyright info
==74965== Command: ./cub3d ./maps/good/cheese_maze.cub
==74965== Parent PID: 74963
==74965== 
==74965== 
==74965== HEAP SUMMARY:
==74965==     in use at exit: 1,718 bytes in 67 blocks
==74965==   total heap usage: 210 allocs, 143 frees, 12,286 bytes allocated
==74965== 
==74965== LEAK SUMMARY:
==74965==    definitely lost: 605 bytes in 10 blocks
==74965==    indirectly lost: 1,113 bytes in 57 blocks
==74965==      possibly lost: 0 bytes in 0 blocks
==74965==    still reachable: 0 bytes in 0 blocks
==74965==         suppressed: 0 bytes in 0 blocks
==74965== Rerun with --leak-check=full to see details of leaked memory
==74965== 
==74965== For lists of detected and suppressed errors, rerun with: -s
==74965== ERROR SUMMARY: 0 errors from 0 contexts (suppressed: 0 from 0)
Running valgrind on ./maps/good/creepy.cub...

[0;32m[Debug info] map end:[0m20
[0;32m[Debug info] map height:[0m13
[0;32m[Debug info]üõ†Ô∏è  Map info üîç
[0m[0;32m[Debug info] - Map width:[0m15
[0;32m[Debug info] - Map height:[0m13
[0;32m[Debug info]üõ†Ô∏è  Starting player position info üîç
[0m[0;32m[Debug info] - Player X:[0m7
[0;32m[Debug info] - Player Y:[0m3
[0;32m[Debug info] - Player Direction:[0mN
[0;32m[Debug info]üõ†Ô∏è  Textures info:  üîç
[0m[0;32m[Debug info] Texture north:[0mtextures/test/north.xpm
[0;32m[Debug info] Texture south:[0mtextures/test/south.xpm
[0;32m[Debug info] Texture west:[0mtextures/test/west.xpm
[0;32m[Debug info] Texture east:[0mtextures/test/east.xpm
[0;34m1[0;34m1[0;34m1[0;34m1[0;34m1[0;34m1[0;34m1[0;34m1[0;34m1[0;34m1[0;34m1[0;34m1[0;34m1[0;34m1[0;34m1
[0m[0;34m1[0;34m1[0;34m1[0;34m1[0;34m1[0;34m1[0;34m0[0;34m0[0;34m0[0;34m1[0;34m1[0;34m1[0;34m1[0;34m1[0;34m1
[0m[0;34m1[0;34m1[0;34m1[0;34m1[0;34m1[0;34m0[0;34m0[0;34m0[0;34m0[0;34m0[0;34m1[0;34m1[0;34m1[0;34m1[0;34m1
[0m[0;34m1[0;34m1[0;34m1[0;34m1[0;34m0[0;34m0[0;34m0[0;34mN[0;34m0[0;34m0[0;34m0[0;34m1[0;34m1[0;34m1[0;34m1
[0m[0;34m1[0;34m1[0;34m1[0;34m0[0;34m0[0;34m0[0;34m0[0;34m0[0;34m0[0;34m0[0;34m0[0;34m0[0;34m1[0;34m1[0;34m1
[0m[0;34m1[0;34m1[0;34m0[0;34m0[0;34m0[0;34m0[0;34m0[0;34m0[0;34m0[0;34m0[0;34m0[0;34m0[0;34m0[0;34m1[0;34m1
[0m[0;34m1[0;34m0[0;34m0[0;34m0[0;34m0[0;34m1[0;34m1[0;34m1[0;34m1[0;34m1[0;34m0[0;34m0[0;34m0[0;34m0[0;34m1
[0m[0;34m1[0;34m1[0;34m0[0;34m0[0;34m0[0;34m0[0;34m1[0;34m1[0;34m1[0;34m0[0;34m0[0;34m0[0;34m0[0;34m1[0;34m1
[0m[0;34m1[0;34m1[0;34m1[0;34m0[0;34m0[0;34m0[0;34m0[0;34m1[0;34m0[0;34m0[0;34m0[0;34m0[0;34m1[0;34m1[0;34m1
[0m[0;34m1[0;34m1[0;34m1[0;34m1[0;34m0[0;34m0[0;34m0[0;34m0[0;34m0[0;34m0[0;34m0[0;34m1[0;34m1[0;34m1[0;34m1
[0m[0;34m1[0;34m1[0;34m1[0;34m1[0;34m1[0;34m0[0;34m0[0;34m0[0;34m0[0;34m0[0;34m1[0;34m1[0;34m1[0;34m1[0;34m1
[0m[0;34m1[0;34m1[0;34m1[0;34m1[0;34m1[0;34m1[0;34m0[0;34m0[0;34m0[0;34m1[0;34m1[0;34m1[0;34m1[0;34m1[0;34m1
[0m[0;34m1[0;34m1[0;34m1[0;34m1[0;34m1[0;34m1[0;34m1[0;34m1[0;34m1[0;34m1[0;34m1[0;34m1[0;34m1[0;34m1[0;34m1
[0mExit code: 0
‚ö†Ô∏è No Valgrind alerts, but with leaks[0m  
==75102== Memcheck, a memory error detector
==75102== Copyright (C) 2002-2022, and GNU GPL'd, by Julian Seward et al.
==75102== Using Valgrind-3.22.0 and LibVEX; rerun with -h for copyright info
==75102== Command: ./cub3d ./maps/good/creepy.cub
==75102== Parent PID: 74963
==75102== 
==75102== 
==75102== HEAP SUMMARY:
==75102==     in use at exit: 1,056 bytes in 51 blocks
==75102==   total heap usage: 152 allocs, 101 frees, 8,990 bytes allocated
==75102== 
==75102== LEAK SUMMARY:
==75102==    definitely lost: 471 bytes in 10 blocks
==75102==    indirectly lost: 585 bytes in 41 blocks
==75102==      possibly lost: 0 bytes in 0 blocks
==75102==    still reachable: 0 bytes in 0 blocks
==75102==         suppressed: 0 bytes in 0 blocks
==75102== Rerun with --leak-check=full to see details of leaked memory
==75102== 
==75102== For lists of detected and suppressed errors, rerun with: -s
==75102== ERROR SUMMARY: 0 errors from 0 contexts (suppressed: 0 from 0)
Running valgrind on ./maps/good/dungeon.cub...

[0;32m[Debug info] map end:[0m17
[0;32m[Debug info] map height:[0m10
[0;32m[Debug info]üõ†Ô∏è  Map info üîç
[0m[0;32m[Debug info] - Map width:[0m19
[0;32m[Debug info] - Map height:[0m10
[0;32m[Debug info]üõ†Ô∏è  Starting player position info üîç
[0m[0;32m[Debug info] - Player X:[0m2
[0;32m[Debug info] - Player Y:[0m1
[0;32m[Debug info] - Player Direction:[0mW
[0;32m[Debug info]üõ†Ô∏è  Textures info:  üîç
[0m[0;32m[Debug info] Texture north:[0mtextures/test/north.xpm
[0;32m[Debug info] Texture south:[0mtextures/test/south.xpm
[0;32m[Debug info] Texture west:[0mtextures/test/west.xpm
[0;32m[Debug info] Texture east:[0mtextures/test/east.xpm
[0;34m1[0;34m1[0;34m1[0;34m1[0;34m1[0;34m1[0;34m1[0;34m1[0;34m1[0;34m1[0;34m1[0;34m1[0;34m1[0;34m1[0;34m1[0;34m1[0;34m1[0;34m1[0;34m1
[0m[0;34m1[0;34m0[0;34mW[0;34m1[0;34m0[0;34m0[0;34m1[0;34m0[0;34m0[0;34m1[0;34m0[0;34m0[0;34m1[0;34m0[0;34m0[0;34m0[0;34m0[0;34m0[0;34m1
[0m[0;34m1[0;34m0[0;34m1[0;34m1[0;34m0[0;34m0[0;34m0[0;34m0[0;34m0[0;34m1[0;34m0[0;34m0[0;34m0[0;34m0[0;34m0[0;34m1[0;34m0[0;34m0[0;34m1
[0m[0;34m1[0;34m0[0;34m0[0;34m1[0;34m0[0;34m0[0;34m1[0;34m0[0;34m0[0;34m1[0;34m1[0;34m1[0;34m1[0;34m1[0;34m0[0;34m1[0;34m1[0;34m1[0;34m1
[0m[0;34m1[0;34m0[0;34m0[0;34m1[0;34m1[0;34m1[0;34m1[0;34m0[0;34m0[0;34m0[0;34m0[0;34m0[0;34m1[0;34m0[0;34m0[0;34m1[0;34m0[0;34m0[0;34m1
[0m[0;34m1[0;34m0[0;34m0[0;34m0[0;34m0[0;34m0[0;34m0[0;34m0[0;34m0[0;34m0[0;34m0[0;34m0[0;34m0[0;34m0[0;34m0[0;34m1[0;34m0[0;34m0[0;34m1
[0m[0;34m1[0;34m0[0;34m0[0;34m1[0;34m1[0;34m1[0;34m1[0;34m1[0;34m1[0;34m1[0;34m1[0;34m1[0;34m1[0;34m0[0;34m0[0;34m1[0;34m0[0;34m0[0;34m1
[0m[0;34m1[0;34m1[0;34m1[0;34m1[0;34m0[0;34m0[0;34m0[0;34m0[0;34m0[0;34m0[0;34m0[0;34m0[0;34m0[0;34m0[0;34m0[0;34m1[0;34m0[0;34m1[0;34m1
[0m[0;34m1[0;34m0[0;34m0[0;34m0[0;34m0[0;34m0[0;34m0[0;34m0[0;34m0[0;34m1[0;34m0[0;34m0[0;34m0[0;34m0[0;34m0[0;34m0[0;34m0[0;34m0[0;34m1
[0m[0;34m1[0;34m1[0;34m1[0;34m1[0;34m1[0;34m1[0;34m1[0;34m1[0;34m1[0;34m1[0;34m1[0;34m1[0;34m1[0;34m1[0;34m1[0;34m1[0;34m1[0;34m1[0;34m1
[0mExit code: 0
‚ö†Ô∏è No Valgrind alerts, but with leaks[0m  
==75105== Memcheck, a memory error detector
==75105== Copyright (C) 2002-2022, and GNU GPL'd, by Julian Seward et al.
==75105== Using Valgrind-3.22.0 and LibVEX; rerun with -h for copyright info
==75105== Command: ./cub3d ./maps/good/dungeon.cub
==75105== Parent PID: 74963
==75105== 
==75105== 
==75105== HEAP SUMMARY:
==75105==     in use at exit: 992 bytes in 45 blocks
==75105==   total heap usage: 133 allocs, 88 frees, 8,232 bytes allocated
==75105== 
==75105== LEAK SUMMARY:
==75105==    definitely lost: 424 bytes in 10 blocks
==75105==    indirectly lost: 568 bytes in 35 blocks
==75105==      possibly lost: 0 bytes in 0 blocks
==75105==    still reachable: 0 bytes in 0 blocks
==75105==         suppressed: 0 bytes in 0 blocks
==75105== Rerun with --leak-check=full to see details of leaked memory
==75105== 
==75105== For lists of detected and suppressed errors, rerun with: -s
==75105== ERROR SUMMARY: 0 errors from 0 contexts (suppressed: 0 from 0)
Running valgrind on ./maps/good/library.cub...

[0;32m[Debug info] map end:[0m17
[0;32m[Debug info] map height:[0m10
[0;32m[Debug info]üõ†Ô∏è  Map info üîç
[0m[0;32m[Debug info] - Map width:[0m19
[0;32m[Debug info] - Map height:[0m10
[0;32m[Debug info]üõ†Ô∏è  Starting player position info üîç
[0m[0;32m[Debug info] - Player X:[0m9
[0;32m[Debug info] - Player Y:[0m5
[0;32m[Debug info] - Player Direction:[0mS
[0;32m[Debug info]üõ†Ô∏è  Textures info:  üîç
[0m[0;32m[Debug info] Texture north:[0mtextures/test/north.xpm
[0;32m[Debug info] Texture south:[0mtextures/test/south.xpm
[0;32m[Debug info] Texture west:[0mtextures/test/west.xpm
[0;32m[Debug info] Texture east:[0mtextures/test/east.xpm
[0;34m1[0;34m1[0;34m1[0;34m1[0;34m1[0;34m1[0;34m1[0;34m1[0;34m1[0;34m1[0;34m1[0;34m1[0;34m1[0;34m1[0;34m1[0;34m1[0;34m1[0;34m1[0;34m1
[0m[0;34m1[0;34m0[0;34m0[0;34m1[0;34m0[0;34m0[0;34m1[0;34m0[0;34m0[0;34m1[0;34m0[0;34m0[0;34m1[0;34m0[0;34m0[0;34m1[0;34m0[0;34m0[0;34m1
[0m[0;34m1[0;34m0[0;34m0[0;34m1[0;34m0[0;34m0[0;34m1[0;34m0[0;34m0[0;34m1[0;34m0[0;34m0[0;34m1[0;34m0[0;34m0[0;34m1[0;34m0[0;34m0[0;34m1
[0m[0;34m1[0;34m0[0;34m0[0;34m1[0;34m0[0;34m0[0;34m1[0;34m0[0;34m0[0;34m1[0;34m0[0;34m0[0;34m1[0;34m0[0;34m0[0;34m1[0;34m0[0;34m0[0;34m1
[0m[0;34m1[0;34m0[0;34m0[0;34m1[0;34m0[0;34m0[0;34m1[0;34m0[0;34m0[0;34m0[0;34m0[0;34m0[0;34m1[0;34m0[0;34m0[0;34m1[0;34m0[0;34m0[0;34m1
[0m[0;34m1[0;34m0[0;34m0[0;34m0[0;34m0[0;34m0[0;34m0[0;34m0[0;34m0[0;34mS[0;34m0[0;34m0[0;34m0[0;34m0[0;34m0[0;34m0[0;34m0[0;34m0[0;34m1
[0m[0;34m1[0;34m0[0;34m0[0;34m0[0;34m0[0;34m1[0;34m1[0;34m1[0;34m1[0;34m1[0;34m1[0;34m1[0;34m1[0;34m0[0;34m0[0;34m0[0;34m0[0;34m0[0;34m1
[0m[0;34m1[0;34m1[0;34m1[0;34m1[0;34m0[0;34m0[0;34m0[0;34m0[0;34m0[0;34m0[0;34m0[0;34m0[0;34m0[0;34m0[0;34m0[0;34m1[0;34m1[0;34m1[0;34m1
[0m[0;34m1[0;34m0[0;34m0[0;34m0[0;34m0[0;34m0[0;34m0[0;34m1[0;34m0[0;34m1[0;34m0[0;34m1[0;34m0[0;34m0[0;34m0[0;34m0[0;34m0[0;34m0[0;34m1
[0m[0;34m1[0;34m1[0;34m1[0;34m1[0;34m1[0;34m1[0;34m1[0;34m1[0;34m1[0;34m1[0;34m1[0;34m1[0;34m1[0;34m1[0;34m1[0;34m1[0;34m1[0;34m1[0;34m1
[0mExit code: 0
‚ö†Ô∏è No Valgrind alerts, but with leaks[0m  
==75186== Memcheck, a memory error detector
==75186== Copyright (C) 2002-2022, and GNU GPL'd, by Julian Seward et al.
==75186== Using Valgrind-3.22.0 and LibVEX; rerun with -h for copyright info
==75186== Command: ./cub3d ./maps/good/library.cub
==75186== Parent PID: 74963
==75186== 
==75186== 
==75186== HEAP SUMMARY:
==75186==     in use at exit: 1,004 bytes in 45 blocks
==75186==   total heap usage: 133 allocs, 88 frees, 8,285 bytes allocated
==75186== 
==75186== LEAK SUMMARY:
==75186==    definitely lost: 428 bytes in 10 blocks
==75186==    indirectly lost: 576 bytes in 35 blocks
==75186==      possibly lost: 0 bytes in 0 blocks
==75186==    still reachable: 0 bytes in 0 blocks
==75186==         suppressed: 0 bytes in 0 blocks
==75186== Rerun with --leak-check=full to see details of leaked memory
==75186== 
==75186== For lists of detected and suppressed errors, rerun with: -s
==75186== ERROR SUMMARY: 0 errors from 0 contexts (suppressed: 0 from 0)
Running valgrind on ./maps/good/matrix.cub...

[0;32m[Debug info] map end:[0m28
[0;32m[Debug info] map height:[0m21
[0;32m[Debug info]üõ†Ô∏è  Map info üîç
[0m[0;32m[Debug info] - Map width:[0m21
[0;32m[Debug info] - Map height:[0m21
[0;32m[Debug info]üõ†Ô∏è  Starting player position info üîç
[0m[0;32m[Debug info] - Player X:[0m1
[0;32m[Debug info] - Player Y:[0m19
[0;32m[Debug info] - Player Direction:[0mN
[0;32m[Debug info]üõ†Ô∏è  Textures info:  üîç
[0m[0;32m[Debug info] Texture north:[0mtextures/test/north.xpm
[0;32m[Debug info] Texture south:[0mtextures/test/south.xpm
[0;32m[Debug info] Texture west:[0mtextures/test/west.xpm
[0;32m[Debug info] Texture east:[0mtextures/test/east.xpm
[0;34m1[0;34m1[0;34m1[0;34m1[0;34m1[0;34m1[0;34m1[0;34m1[0;34m1[0;34m1[0;34m1[0;34m1[0;34m1[0;34m1[0;34m1[0;34m1[0;34m1[0;34m1[0;34m1[0;34m1[0;34m1
[0m[0;34m1[0;34m0[0;34m1[0;34m0[0;34m0[0;34m0[0;34m0[0;34m0[0;34m1[0;34m0[0;34m0[0;34m0[0;34m0[0;34m0[0;34m0[0;34m0[0;34m0[0;34m0[0;34m0[0;34m0[0;34m1
[0m[0;34m1[0;34m0[0;34m1[0;34m0[0;34m1[0;34m0[0;34m1[0;34m0[0;34m1[0;34m0[0;34m1[0;34m1[0;34m1[0;34m1[0;34m1[0;34m1[0;34m1[0;34m0[0;34m0[0;34m0[0;34m1
[0m[0;34m1[0;34m0[0;34m0[0;34m0[0;34m1[0;34m0[0;34m1[0;34m0[0;34m0[0;34m0[0;34m1[0;34m0[0;34m0[0;34m0[0;34m0[0;34m0[0;34m1[0;34m0[0;34m0[0;34m0[0;34m1
[0m[0;34m1[0;34m1[0;34m1[0;34m1[0;34m1[0;34m0[0;34m1[0;34m0[0;34m1[0;34m1[0;34m1[0;34m1[0;34m1[0;34m0[0;34m1[0;34m0[0;34m1[0;34m1[0;34m1[0;34m0[0;34m1
[0m[0;34m1[0;34m0[0;34m0[0;34m0[0;34m0[0;34m0[0;34m1[0;34m0[0;34m1[0;34m0[0;34m0[0;34m0[0;34m1[0;34m0[0;34m1[0;34m0[0;34m0[0;34m0[0;34m0[0;34m0[0;34m1
[0m[0;34m1[0;34m0[0;34m1[0;34m1[0;34m1[0;34m1[0;34m1[0;34m0[0;34m1[0;34m0[0;34m1[0;34m1[0;34m1[0;34m0[0;34m1[0;34m1[0;34m1[0;34m1[0;34m1[0;34m1[0;34m1
[0m[0;34m1[0;34m0[0;34m1[0;34m0[0;34m0[0;34m0[0;34m0[0;34m0[0;34m1[0;34m0[0;34m1[0;34m0[0;34m1[0;34m0[0;34m0[0;34m0[0;34m0[0;34m0[0;34m1[0;34m0[0;34m1
[0m[0;34m1[0;34m0[0;34m1[0;34m0[0;34m1[0;34m1[0;34m1[0;34m1[0;34m1[0;34m0[0;34m1[0;34m0[0;34m1[0;34m1[0;34m1[0;34m1[0;34m1[0;34m0[0;34m1[0;34m0[0;34m1
[0m[0;34m1[0;34m0[0;34m1[0;34m0[0;34m1[0;34m0[0;34m0[0;34m0[0;34m1[0;34m0[0;34m1[0;34m0[0;34m1[0;34m0[0;34m0[0;34m0[0;34m1[0;34m0[0;34m1[0;34m0[0;34m1
[0m[0;34m1[0;34m0[0;34m1[0;34m1[0;34m1[0;34m0[0;34m1[0;34m0[0;34m1[0;34m0[0;34m1[0;34m0[0;34m1[0;34m0[0;34m1[0;34m0[0;34m1[0;34m0[0;34m1[0;34m0[0;34m1
[0m[0;34m1[0;34m0[0;34m0[0;34m0[0;34m0[0;34m0[0;34m1[0;34m0[0;34m1[0;34m0[0;34m1[0;34m0[0;34m0[0;34m0[0;34m1[0;34m0[0;34m1[0;34m0[0;34m0[0;34m0[0;34m1
[0m[0;34m1[0;34m1[0;34m1[0;34m1[0;34m1[0;34m1[0;34m1[0;34m0[0;34m1[0;34m0[0;34m1[0;34m1[0;34m1[0;34m1[0;34m1[0;34m0[0;34m1[0;34m1[0;34m1[0;34m0[0;34m1
[0m[0;34m1[0;34m0[0;34m0[0;34m0[0;34m0[0;34m0[0;34m1[0;34m0[0;34m1[0;34m0[0;34m0[0;34m0[0;34m1[0;34m0[0;34m0[0;34m0[0;34m1[0;34m0[0;34m0[0;34m0[0;34m1
[0m[0;34m1[0;34m0[0;34m1[0;34m1[0;34m1[0;34m0[0;34m1[0;34m0[0;34m1[0;34m1[0;34m1[0;34m0[0;34m1[0;34m0[0;34m1[0;34m1[0;34m1[0;34m0[0;34m1[0;34m1[0;34m1
[0m[0;34m1[0;34m0[0;34m1[0;34m0[0;34m0[0;34m0[0;34m1[0;34m0[0;34m0[0;34m0[0;34m0[0;34m0[0;34m1[0;34m0[0;34m0[0;34m0[0;34m1[0;34m0[0;34m1[0;34m0[0;34m1
[0m[0;34m1[0;34m0[0;34m1[0;34m0[0;34m1[0;34m1[0;34m1[0;34m1[0;34m1[0;34m1[0;34m1[0;34m1[0;34m1[0;34m1[0;34m1[0;34m0[0;34m1[0;34m0[0;34m1[0;34m0[0;34m1
[0m[0;34m1[0;34m0[0;34m0[0;34m0[0;34m1[0;34m0[0;34m0[0;34m0[0;34m0[0;34m0[0;34m0[0;34m0[0;34m0[0;34m0[0;34m0[0;34m0[0;34m1[0;34m0[0;34m0[0;34m0[0;34m1
[0m[0;34m1[0;34m0[0;34m1[0;34m0[0;34m1[0;34m0[0;34m1[0;34m1[0;34m1[0;34m0[0;34m1[0;34m1[0;34m1[0;34m1[0;34m1[0;34m1[0;34m1[0;34m1[0;34m1[0;34m0[0;34m1
[0m[0;34m1[0;34mN[0;34m1[0;34m0[0;34m0[0;34m0[0;34m0[0;34m0[0;34m1[0;34m0[0;34m0[0;34m0[0;34m0[0;34m0[0;34m0[0;34m0[0;34m0[0;34m0[0;34m0[0;34m0[0;34m1
[0m[0;34m1[0;34m1[0;34m1[0;34m1[0;34m1[0;34m1[0;34m1[0;34m1[0;34m1[0;34m1[0;34m1[0;34m1[0;34m1[0;34m1[0;34m1[0;34m1[0;34m1[0;34m1[0;34m1[0;34m1[0;34m1
[0mExit code: 0
‚ö†Ô∏è No Valgrind alerts, but with leaks[0m  
==75190== Memcheck, a memory error detector
==75190== Copyright (C) 2002-2022, and GNU GPL'd, by Julian Seward et al.
==75190== Using Valgrind-3.22.0 and LibVEX; rerun with -h for copyright info
==75190== Command: ./cub3d ./maps/good/matrix.cub
==75190== Parent PID: 74963
==75190== 
==75190== 
==75190== HEAP SUMMARY:
==75190==     in use at exit: 1,685 bytes in 67 blocks
==75190==   total heap usage: 210 allocs, 143 frees, 12,140 bytes allocated
==75190== 
==75190== LEAK SUMMARY:
==75190==    definitely lost: 594 bytes in 10 blocks
==75190==    indirectly lost: 1,091 bytes in 57 blocks
==75190==      possibly lost: 0 bytes in 0 blocks
==75190==    still reachable: 0 bytes in 0 blocks
==75190==         suppressed: 0 bytes in 0 blocks
==75190== Rerun with --leak-check=full to see details of leaked memory
==75190== 
==75190== For lists of detected and suppressed errors, rerun with: -s
==75190== ERROR SUMMARY: 0 errors from 0 contexts (suppressed: 0 from 0)
Running valgrind on ./maps/good/sad_face.cub...

[0;32m[Debug info] map end:[0m20
[0;32m[Debug info] map height:[0m13
[0;32m[Debug info]üõ†Ô∏è  Map info üîç
[0m[0;32m[Debug info] - Map width:[0m15
[0;32m[Debug info] - Map height:[0m13
[0;32m[Debug info]üõ†Ô∏è  Starting player position info üîç
[0m[0;32m[Debug info] - Player X:[0m7
[0;32m[Debug info] - Player Y:[0m3
[0;32m[Debug info] - Player Direction:[0mN
[0;32m[Debug info]üõ†Ô∏è  Textures info:  üîç
[0m[0;32m[Debug info] Texture north:[0mtextures/test/north.xpm
[0;32m[Debug info] Texture south:[0mtextures/test/south.xpm
[0;32m[Debug info] Texture west:[0mtextures/test/west.xpm
[0;32m[Debug info] Texture east:[0mtextures/test/east.xpm
[0;34m1[0;34m1[0;34m1[0;34m1[0;34m1[0;34m1[0;34m1[0;34m1[0;34m1[0;34m1[0;34m1[0;34m1[0;34m1[0;34m1[0;34m1
[0m[0;34m1[0;34m1[0;34m1[0;34m1[0;34m1[0;34m1[0;34m0[0;34m0[0;34m0[0;34m1[0;34m1[0;34m1[0;34m1[0;34m1[0;34m1
[0m[0;34m1[0;34m1[0;34m1[0;34m1[0;34m1[0;34m0[0;34m0[0;34m0[0;34m0[0;34m0[0;34m1[0;34m1[0;34m1[0;34m1[0;34m1
[0m[0;34m1[0;34m1[0;34m1[0;34m1[0;34m0[0;34m0[0;34m0[0;34mN[0;34m0[0;34m0[0;34m0[0;34m1[0;34m1[0;34m1[0;34m1
[0m[0;34m1[0;34m1[0;34m1[0;34m0[0;34m0[0;34m0[0;34m0[0;34m0[0;34m0[0;34m0[0;34m0[0;34m0[0;34m1[0;34m1[0;34m1
[0m[0;34m1[0;34m1[0;34m0[0;34m0[0;34m0[0;34m0[0;34m0[0;34m0[0;34m0[0;34m0[0;34m0[0;34m0[0;34m0[0;34m1[0;34m1
[0m[0;34m1[0;34m0[0;34m0[0;34m0[0;34m0[0;34m1[0;34m1[0;34m1[0;34m1[0;34m1[0;34m0[0;34m0[0;34m0[0;34m0[0;34m1
[0m[0;34m1[0;34m1[0;34m0[0;34m0[0;34m0[0;34m0[0;34m1[0;34m1[0;34m1[0;34m0[0;34m0[0;34m0[0;34m0[0;34m1[0;34m1
[0m[0;34m1[0;34m1[0;34m1[0;34m0[0;34m0[0;34m0[0;34m0[0;34m1[0;34m0[0;34m0[0;34m0[0;34m0[0;34m1[0;34m1[0;34m1
[0m[0;34m1[0;34m1[0;34m1[0;34m1[0;34m0[0;34m0[0;34m0[0;34m0[0;34m0[0;34m0[0;34m0[0;34m1[0;34m1[0;34m1[0;34m1
[0m[0;34m1[0;34m1[0;34m1[0;34m1[0;34m1[0;34m0[0;34m0[0;34m0[0;34m0[0;34m0[0;34m1[0;34m1[0;34m1[0;34m1[0;34m1
[0m[0;34m1[0;34m1[0;34m1[0;34m1[0;34m1[0;34m1[0;34m0[0;34m0[0;34m0[0;34m1[0;34m1[0;34m1[0;34m1[0;34m1[0;34m1
[0m[0;34m1[0;34m1[0;34m1[0;34m1[0;34m1[0;34m1[0;34m1[0;34m1[0;34m1[0;34m1[0;34m1[0;34m1[0;34m1[0;34m1[0;34m1
[0mExit code: 0
‚ö†Ô∏è No Valgrind alerts, but with leaks[0m  
==75334== Memcheck, a memory error detector
==75334== Copyright (C) 2002-2022, and GNU GPL'd, by Julian Seward et al.
==75334== Using Valgrind-3.22.0 and LibVEX; rerun with -h for copyright info
==75334== Command: ./cub3d ./maps/good/sad_face.cub
==75334== Parent PID: 74963
==75334== 
==75334== 
==75334== HEAP SUMMARY:
==75334==     in use at exit: 1,059 bytes in 51 blocks
==75334==   total heap usage: 152 allocs, 101 frees, 8,972 bytes allocated
==75334== 
==75334== LEAK SUMMARY:
==75334==    definitely lost: 472 bytes in 10 blocks
==75334==    indirectly lost: 587 bytes in 41 blocks
==75334==      possibly lost: 0 bytes in 0 blocks
==75334==    still reachable: 0 bytes in 0 blocks
==75334==         suppressed: 0 bytes in 0 blocks
==75334== Rerun with --leak-check=full to see details of leaked memory
==75334== 
==75334== For lists of detected and suppressed errors, rerun with: -s
==75334== ERROR SUMMARY: 0 errors from 0 contexts (suppressed: 0 from 0)
Running valgrind on ./maps/good/square_map.cub...

[0;32m[Debug info] map end:[0m40
[0;32m[Debug info] map height:[0m27
[0;32m[Debug info]üõ†Ô∏è  Map info üîç
[0m[0;32m[Debug info] - Map width:[0m24
[0;32m[Debug info] - Map height:[0m27
[0;34m1[0;34m1[0;34m1[0;34m1[0;34m1[0;34m1[0;34m1[0;34m1[0;34m1[0;34m1[0;34m1[0;34m1[0;34m1[0;34m1[0;34m1[0;34m1[0;34m1[0;34m1[0;34m1[0;34m1[0;34m1[0;34m1[0;34m1[0;34m1
[0m[0;34m1[0;34m0[0;34m0[0;34m0[0;34m0[0;34m0[0;34m0[0;34m0[0;34m0[0;34m0[0;34m0[0;34m0[0;34m0[0;34m0[0;34m0[0;34m0[0;34m0[0;34m0[0;34m0[0;34m0[0;34m0[0;34m0[0;34m0[0;34m1
[0m[0;34m1[0;34m0[0;34m0[0;34m0[0;34m0[0;34m0[0;34m0[0;34m0[0;34m0[0;34m0[0;34m0[0;34m0[0;34m0[0;34m0[0;34m0[0;34m0[0;34m0[0;34m0[0;34m0[0;34m0[0;34m0[0;34m0[0;34m0[0;34m1
[0m[0;34m1[0;34m0[0;34m0[0;34m0[0;34m0[0;34m0[0;34m0[0;34m0[0;34m0[0;34mN[0;34m0[0;34m0[0;34m0[0;34m0[0;34m0[0;34m0[0;34m0[0;34m0[0;34m0[0;34m0[0;34m0[0;34m0[0;34m0[0;34m1
[0m[0;34m1[0;34m0[0;34m0[0;34m0[0;34m0[0;34m0[0;34m0[0;34m0[0;34m0[0;34m0[0;34m0[0;34m0[0;34m0[0;34m0[0;34m0[0;34m0[0;34m0[0;34m0[0;34m0[0;34m0[0;34m0[0;34m0[0;34m0[0;34m1
[0m[0;34m1[0;34m0[0;34m0[0;34m0[0;34m0[0;34m0[0;34m0[0;34m0[0;34m0[0;34m0[0;34m0[0;34m0[0;34m0[0;34m0[0;34m0[0;34m0[0;34m0[0;34m0[0;34m0[0;34m0[0;34m0[0;34m0[0;34m0[0;34m1
[0m[0;34m1[0;34m0[0;34m0[0;34m0[0;34m0[0;34m0[0;34m0[0;34m0[0;34m0[0;34m0[0;34m0[0;34m0[0;34m0[0;34m0[0;34m0[0;34m0[0;34m0[0;34m0[0;34m0[0;34m0[0;34m0[0;34m0[0;34m0[0;34m1
[0m[0;34m1[0;34m0[0;34m0[0;34m0[0;34m0[0;34m0[0;34m1[0;34m1[0;34m1[0;34m1[0;34m1[0;34m0[0;34m0[0;34m0[0;34m0[0;34m1[0;34m0[0;34m1[0;34m0[0;34m1[0;34m0[0;34m0[0;34m0[0;34m1
[0m[0;34m1[0;34m0[0;34m0[0;34m0[0;34m0[0;34m0[0;34m1[0;34m0[0;34m0[0;34m0[0;34m1[0;34m0[0;34m0[0;34m0[0;34m0[0;34m0[0;34m0[0;34m0[0;34m0[0;34m0[0;34m0[0;34m0[0;34m0[0;34m1
[0m[0;34m1[0;34m0[0;34m0[0;34m0[0;34m0[0;34m0[0;34m1[0;34m0[0;34m0[0;34m0[0;34m1[0;34m0[0;34m0[0;34m0[0;34m0[0;34m1[0;34m0[0;34m0[0;34m0[0;34m1[0;34m0[0;34m0[0;34m0[0;34m1
[0m[0;34m1[0;34m0[0;34m0[0;34m0[0;34m0[0;34m0[0;34m1[0;34m0[0;34m0[0;34m0[0;34m1[0;34m0[0;34m0[0;34m0[0;34m0[0;34m0[0;34m0[0;34m0[0;34m0[0;34m0[0;34m0[0;34m0[0;34m0[0;34m1
[0m[0;34m1[0;34m0[0;34m0[0;34m0[0;34m0[0;34m0[0;34m1[0;34m1[0;34m1[0;34m1[0;34m0[0;34m0[0;34m0[0;34m0[0;34m1[0;34m0[0;34m1[0;34m0[0;34m1[0;34m0[0;34m0[0;34m0[0;34m0[0;34m1
[0m[0;34m1[0;34m0[0;34m0[0;34m0[0;34m0[0;34m0[0;34m0[0;34m0[0;34m0[0;34m0[0;34m0[0;34m0[0;34m0[0;34m0[0;34m0[0;34m0[0;34m0[0;34m0[0;34m0[0;34m0[0;34m0[0;34m0[0;34m0[0;34m1
[0m[0;34m1[0;34m0[0;34m0[0;34m0[0;34m0[0;34m0[0;34m0[0;34m0[0;34m0[0;34m0[0;34m0[0;34m0[0;34m0[0;34m0[0;34m0[0;34m0[0;34m0[0;34m0[0;34m0[0;34m0[0;34m0[0;34m0[0;34m0[0;34m1
[0m[0;34m1[0;34m0[0;34m0[0;34m0[0;34m0[0;34m0[0;34m0[0;34m0[0;34m0[0;34m0[0;34m0[0;34m0[0;34m0[0;34m0[0;34m0[0;34m0[0;34m0[0;34m0[0;34m0[0;34m0[0;34m0[0;34m0[0;34m0[0;34m1
[0m[0;34m1[0;34m0[0;34m0[0;34m0[0;34m0[0;34m0[0;34m0[0;34m0[0;34m0[0;34m0[0;34m0[0;34m0[0;34m0[0;34m0[0;34m0[0;34m0[0;34m0[0;34m0[0;34m0[0;34m0[0;34m0[0;34m0[0;34m0[0;34m1
[0m[0;34m1[0;34m0[0;34m0[0;34m0[0;34m0[0;34m0[0;34m0[0;34m0[0;34m0[0;34m0[0;34m0[0;34m0[0;34m0[0;34m0[0;34m0[0;34m0[0;34m0[0;34m0[0;34m0[0;34m0[0;34m0[0;34m0[0;34m0[0;34m1
[0m[0;34m1[0;34m0[0;34m0[0;34m0[0;34m0[0;34m0[0;34m0[0;34m0[0;34m0[0;34m0[0;34m0[0;34m0[0;34m0[0;34m0[0;34m0[0;34m0[0;34m0[0;34m0[0;34m0[0;34m0[0;34m0[0;34m0[0;34m0[0;34m1
[0m[0;34m1[0;34m0[0;34m0[0;34m0[0;34m0[0;34m0[0;34m0[0;34m0[0;34m0[0;34m0[0;34m0[0;34m0[0;34m0[0;34m0[0;34m0[0;34m0[0;34m0[0;34m0[0;34m0[0;34m0[0;34m0[0;34m0[0;34m0[0;34m1
[0m[0;34m1[0;34m1[0;34m1[0;34m1[0;34m1[0;34m1[0;34m1[0;34m1[0;34m1[0;34m0[0;34m0[0;34m0[0;34m0[0;34m0[0;34m0[0;34m0[0;34m0[0;34m0[0;34m0[0;34m0[0;34m0[0;34m0[0;34m0[0;34m1
[0m[0;34m1[0;34m0[0;34m0[0;34m1[0;34m0[0;34m0[0;34m0[0;34m0[0;34m1[0;34m0[0;34m0[0;34m0[0;34m0[0;34m0[0;34m0[0;34m0[0;34m0[0;34m0[0;34m0[0;[0;32m[Debug info]üõ†Ô∏è  Starting player position info üîç
[0m[0;32m[Debug info] - Player X:[0m9
[0;32m[Debug info] - Player Y:[0m3
[0;32m[Debug info] - Player Direction:[0mN
[0;32m[Debug info]üõ†Ô∏è  Textures info:  üîç
[0m[0;32m[Debug info] Texture north:[0mtextures/test/north.xpm
[0;32m[Debug info] Texture south:[0mtextures/test/south.xpm
[0;32m[Debug info] Texture west:[0mtextures/test/west.xpm
[0;32m[Debug info] Texture east:[0mtextures/test/east.xpm
34m0[0;34m0[0;34m0[0;34m0[0;34m1
[0m[0;34m1[0;34m0[0;34m0[0;34m0[0;34m0[0;34m0[0;34m1[0;34m0[0;34m1[0;34m0[0;34m0[0;34m0[0;34m0[0;34m0[0;34m0[0;34m0[0;34m0[0;34m0[0;34m0[0;34m0[0;34m0[0;34m0[0;34m0[0;34m1
[0m[0;34m1[0;34m0[0;34m0[0;34m1[0;34m0[0;34m0[0;34m0[0;34m0[0;34m1[0;34m0[0;34m0[0;34m0[0;34m0[0;34m0[0;34m0[0;34m0[0;34m0[0;34m0[0;34m0[0;34m0[0;34m0[0;34m0[0;34m0[0;34m1
[0m[0;34m1[0;34m0[0;34m0[0;34m1[0;34m1[0;34m1[0;34m1[0;34m1[0;34m1[0;34m0[0;34m0[0;34m0[0;34m0[0;34m0[0;34m0[0;34m0[0;34m0[0;34m0[0;34m0[0;34m0[0;34m0[0;34m0[0;34m0[0;34m1
[0m[0;34m1[0;34m0[0;34m0[0;34m0[0;34m0[0;34m0[0;34m0[0;34m0[0;34m0[0;34m0[0;34m0[0;34m0[0;34m0[0;34m0[0;34m0[0;34m0[0;34m0[0;34m0[0;34m0[0;34m0[0;34m0[0;34m0[0;34m0[0;34m1
[0m[0;34m1[0;34m0[0;34m0[0;34m0[0;34m0[0;34m0[0;34m0[0;34m0[0;34m0[0;34m0[0;34m0[0;34m0[0;34m0[0;34m0[0;34m0[0;34m0[0;34m0[0;34m0[0;34m0[0;34m0[0;34m0[0;34m0[0;34m0[0;34m1
[0m[0;34m1[0;34m1[0;34m1[0;34m1[0;34m1[0;34m1[0;34m1[0;34m1[0;34m1[0;34m1[0;34m1[0;34m1[0;34m1[0;34m1[0;34m1[0;34m1[0;34m1[0;34m1[0;34m1[0;34m1[0;34m1[0;34m1[0;34m1[0;34m1
[0mExit code: 0
‚ö†Ô∏è No Valgrind alerts, but with leaks[0m  
==75337== Memcheck, a memory error detector
==75337== Copyright (C) 2002-2022, and GNU GPL'd, by Julian Seward et al.
==75337== Using Valgrind-3.22.0 and LibVEX; rerun with -h for copyright info
==75337== Command: ./cub3d ./maps/good/square_map.cub
==75337== Parent PID: 74963
==75337== 
==75337== 
==75337== HEAP SUMMARY:
==75337==     in use at exit: 2,338 bytes in 84 blocks
==75337==   total heap usage: 277 allocs, 193 frees, 17,008 bytes allocated
==75337== 
==75337== LEAK SUMMARY:
==75337==    definitely lost: 744 bytes in 10 blocks
==75337==    indirectly lost: 1,594 bytes in 74 blocks
==75337==      possibly lost: 0 bytes in 0 blocks
==75337==    still reachable: 0 bytes in 0 blocks
==75337==         suppressed: 0 bytes in 0 blocks
==75337== Rerun with --leak-check=full to see details of leaked memory
==75337== 
==75337== For lists of detected and suppressed errors, rerun with: -s
==75337== ERROR SUMMARY: 0 errors from 0 contexts (suppressed: 0 from 0)
Running valgrind on ./maps/good/subject_map.cub...

[0;32m[Debug info] map end:[0m21
[0;32m[Debug info] map height:[0m14
[0;32m[Debug info]üõ†Ô∏è  Map info üîç
[0m[0;32m[Debug info] - Map width:[0m33
[0;32m[Debug info] - Map height:[0m14
[0;32m[Debug info]üõ†Ô∏è  Starting player position info üîç
[0m[0;32m[Debug info] - Player X:[0m26
[0;32m[Debug info] - Player Y:[0m11
[0;32m[Debug info] - Player Direction:[0mN
[0;32m[Debug info]üõ†Ô∏è  Textures info:  üîç
[0m[0;32m[Debug info] Texture north:[0mtextures/test/north.xpm
[0;32m[Debug info] Texture south:[0mtextures/test/south.xpm
[0;32m[Debug info] Texture west:[0mtextures/test/west.xpm
[0;32m[Debug info] Texture east:[0mtextures/test/east.xpm
[0;34m1[0;34m1[0;34m1[0;34m1[0;34m1[0;34m1[0;34m1[0;34m1[0;34m1[0;34m1[0;34m1[0;34m1[0;34m1[0;34m1[0;34m1[0;34m1[0;34m1[0;34m1[0;34m1[0;34m1[0;34m1[0;34m1[0;34m1[0;34m1[0;34m1[0;34m1[0;34m1[0;34m1[0;34m1[0;34m1[0;34m1[0;34m1[0;34m1
[0m[0;34m1[0;34m1[0;34m1[0;34m1[0;34m1[0;34m1[0;34m1[0;34m1[0;34m1[0;34m0[0;34m0[0;34m0[0;34m0[0;34m0[0;34m0[0;34m0[0;34m0[0;34m0[0;34m1[0;34m1[0;34m0[0;34m0[0;34m0[0;34m0[0;34m0[0;34m0[0;34m0[0;34m0[0;34m0[0;34m0[0;34m0[0;34m0[0;34m1
[0m[0;34m1[0;34m1[0;34m1[0;34m1[0;34m1[0;34m1[0;34m1[0;34m1[0;34m1[0;34m0[0;34m1[0;34m1[0;34m0[0;34m0[0;34m0[0;34m0[0;34m0[0;34m1[0;34m1[0;34m1[0;34m0[0;34m0[0;34m0[0;34m0[0;34m0[0;34m0[0;34m0[0;34m0[0;34m0[0;34m0[0;34m0[0;34m0[0;34m1
[0m[0;34m1[0;34m1[0;34m1[0;34m1[0;34m1[0;34m1[0;34m1[0;34m1[0;34m1[0;34m0[0;34m0[0;34m1[0;34m0[0;34m0[0;34m0[0;34m0[0;34m0[0;34m0[0;34m0[0;34m0[0;34m0[0;34m0[0;34m0[0;34m0[0;34m0[0;34m0[0;34m0[0;34m0[0;34m0[0;34m0[0;34m0[0;34m0[0;34m1
[0m[0;34m1[0;34m1[0;34m1[0;34m1[0;34m1[0;34m1[0;34m1[0;34m1[0;34m1[0;34m0[0;34m1[0;34m1[0;34m0[0;34m0[0;34m0[0;34m0[0;34m0[0;34m1[0;34m1[0;34m1[0;34m0[0;34m0[0;34m0[0;34m0[0;34m0[0;34m0[0;34m0[0;34m0[0;34m0[0;34m0[0;34m0[0;34m0[0;34m1
[0m[0;34m1[0;34m0[0;34m0[0;34m0[0;34m0[0;34m0[0;34m0[0;34m0[0;34m0[0;34m0[0;34m1[0;34m1[0;34m0[0;34m0[0;34m0[0;34m0[0;34m0[0;34m1[0;34m1[0;34m1[0;34m0[0;34m1[0;34m1[0;34m1[0;34m1[0;34m1[0;34m1[0;34m1[0;34m1[0;34m1[0;34m1[0;34m1[0;34m1
[0m[0;34m1[0;34m1[0;34m1[0;34m1[0;34m0[0;34m1[0;34m1[0;34m1[0;34m1[0;34m1[0;34m1[0;34m1[0;34m1[0;34m1[0;34m0[0;34m1[0;34m1[0;34m1[0;34m0[0;34m0[0;34m0[0;34m0[0;34m0[0;34m0[0;34m1[0;34m0[0;34m0[0;34m0[0;34m1[0;34m1[0;34m1[0;34m1[0;34m1
[0m[0;34m1[0;34m1[0;34m1[0;34m1[0;34m0[0;34m1[0;34m1[0;34m1[0;34m1[0;34m1[0;34m1[0;34m1[0;34m1[0;34m1[0;34m0[0;34m1[0;34m1[0;34m1[0;34m0[0;34m1[0;34m0[0;34m1[0;34m0[0;34m0[0;34m1[0;34m0[0;34m0[0;34m0[0;34m1[0;34m1[0;34m1[0;34m1[0;34m1
[0m[0;34m1[0;34m1[0;34m0[0;34m0[0;34m0[0;34m0[0;34m0[0;34m0[0;34m1[0;34m1[0;34m0[0;34m1[0;34m0[0;34m1[0;34m0[0;34m1[0;34m1[0;34m1[0;34m0[0;34m0[0;34m0[0;34m0[0;34m0[0;34m0[0;34m1[0;34m0[0;34m0[0;34m0[0;34m1[0;34m1[0;34m1[0;34m1[0;34m1
[0m[0;34m1[0;34m0[0;34m0[0;34m0[0;34m0[0;34m0[0;34m0[0;34m0[0;34m0[0;34m0[0;34m0[0;34m0[0;34m0[0;34m0[0;34m0[0;34m0[0;34m1[0;34m1[0;34m0[0;34m0[0;34m0[0;34m0[0;34m0[0;34m0[0;34m1[0;34m0[0;34m0[0;34m0[0;34m1[0;34m1[0;34m1[0;34m1[0;34m1
[0m[0;34m1[0;34m0[0;34m0[0;34m0[0;34m0[0;34m0[0;34m0[0;34m0[0;34m0[0;34m0[0;34m0[0;34m0[0;34m0[0;34m0[0;34m0[0;34m0[0;34m1[0;34m1[0;34m0[0;34m1[0;34m0[0;34m1[0;34m0[0;34m0[0;34m1[0;34m0[0;34m0[0;34m0[0;34m1[0;34m1[0;34m1[0;34m1[0;34m1
[0m[0;34m1[0;34m1[0;34m0[0;34m0[0;34m0[0;34m0[0;34m0[0;34m1[0;34m1[0;34m1[0;34m0[0;34m1[0;34m0[0;34m1[0;34m0[0;34m1[0;34m1[0;34m1[0;34m1[0;34m1[0;34m0[0;34m1[0;34m1[0;34m1[0;34m1[0;34m0[0;34mN[0;34m0[0;34m1[0;34m1[0;34m1[0;34m1[0;34m1
[0m[0;34m1[0;34m1[0;34m1[0;34m1[0;34m0[0;34m1[0;34m1[0;34m1[0;34m1[0;34m1[0;34m1[0;34m1[0;34m0[0;34m1[0;34m0[0;34m1[0;34m1[0;34m1[0;34m0[0;34m1[0;34m1[0;34m1[0;34m1[0;34m0[0;34m1[0;34m0[0;34m0[0;34m0[0;34m1[0;34m1[0;34m1[0;34m1[0;34m1
[0m[0;34m1[0;34m1[0;34m1[0;34m1[0;34m1[0;34m1[0;34m1[0;34m1[0;34m1[0;34m1[0;34m1[0;34m1[0;34m1[0;34m1[0;34m1[0;34m1[0;34m1[0;34m1[0;34m1[0;34m1[0;34m1[0;34m1[0;34m1[0;34m1[0;34m1[0;34m1[0;34m1[0;34m1[0;34m1[0;34m1[0;34m1[0;34m1[0;34m1
[0mExit code: 0
‚ö†Ô∏è No Valgrind alerts, but with leaks[0m  
==75340== Memcheck, a memory error detector
==75340== Copyright (C) 2002-2022, and GNU GPL'd, by Julian Seward et al.
==75340== Using Valgrind-3.22.0 and LibVEX; rerun with -h for copyright info
==75340== Command: ./cub3d ./maps/good/subject_map.cub
==75340== Parent PID: 74963
==75340== 
==75340== 
==75340== HEAP SUMMARY:
==75340==     in use at exit: 1,575 bytes in 52 blocks
==75340==   total heap usage: 164 allocs, 112 frees, 10,128 bytes allocated
==75340== 
==75340== LEAK SUMMARY:
==75340==    definitely lost: 481 bytes in 10 blocks
==75340==    indirectly lost: 1,094 bytes in 42 blocks
==75340==      possibly lost: 0 bytes in 0 blocks
==75340==    still reachable: 0 bytes in 0 blocks
==75340==         suppressed: 0 bytes in 0 blocks
==75340== Rerun with --leak-check=full to see details of leaked memory
==75340== 
==75340== For lists of detected and suppressed errors, rerun with: -s
==75340== ERROR SUMMARY: 0 errors from 0 contexts (suppressed: 0 from 0)
Running valgrind on ./maps/good/test_map.cub...

[0;32m[Debug info] map end:[0m15
[0;32m[Debug info] map height:[0m8
[0;32m[Debug info]üõ†Ô∏è  Map info üîç
[0m[0;32m[Debug info] - Map width:[0m12
[0;32m[Debug info] - Map height:[0m8
[0;32m[Debug info]üõ†Ô∏è  Starting player position info üîç
[0m[0;32m[Debug info] - Player X:[0m2
[0;32m[Debug info] - Player Y:[0m4
[0;32m[Debug info] - Player Direction:[0mS
[0;32m[Debug info]üõ†Ô∏è  Textures info:  üîç
[0m[0;32m[Debug info] Texture north:[0mtextures/test/north.xpm
[0;32m[Debug info] Texture south:[0mtextures/test/south.xpm
[0;32m[Debug info] Texture west:[0mtextures/test/west.xpm
[0;32m[Debug info] Texture east:[0mtextures/test/east.xpm
[0;34m1[0;34m1[0;34m1[0;34m1[0;34m1[0;34m1[0;34m1[0;34m1[0;34m1[0;34m1[0;34m1[0;34m1
[0m[0;34m1[0;34m1[0;34m1[0;34m1[0;34m1[0;34m1[0;34m1[0;34m1[0;34m1[0;34m1[0;34m1[0;34m1
[0m[0;34m1[0;34m1[0;34m1[0;34m1[0;34m1[0;34m1[0;34m1[0;34m1[0;34m1[0;34m1[0;34m1[0;34m1
[0m[0;34m1[0;34m1[0;34m1[0;34m1[0;34m1[0;34m1[0;34m1[0;34m1[0;34m1[0;34m1[0;34m1[0;34m1
[0m[0;34m1[0;34m0[0;34mS[0;34m0[0;34m0[0;34m0[0;34m0[0;34m0[0;34m0[0;34m0[0;34m0[0;34m1
[0m[0;34m1[0;34m1[0;34m1[0;34m1[0;34m1[0;34m1[0;34m1[0;34m1[0;34m1[0;34m1[0;34m1[0;34m1
[0m[0;34m1[0;34m1[0;34m1[0;34m1[0;34m1[0;34m1[0;34m1[0;34m1[0;34m1[0;34m1[0;34m1[0;34m1
[0m[0;34m1[0;34m1[0;34m1[0;34m1[0;34m1[0;34m1[0;34m1[0;34m1[0;34m1[0;34m1[0;34m1[0;34m1
[0mExit code: 0
‚ö†Ô∏è No Valgrind alerts, but with leaks[0m  
==75343== Memcheck, a memory error detector
==75343== Copyright (C) 2002-2022, and GNU GPL'd, by Julian Seward et al.
==75343== Using Valgrind-3.22.0 and LibVEX; rerun with -h for copyright info
==75343== Command: ./cub3d ./maps/good/test_map.cub
==75343== Parent PID: 74963
==75343== 
==75343== 
==75343== HEAP SUMMARY:
==75343==     in use at exit: 765 bytes in 40 blocks
==75343==   total heap usage: 113 allocs, 73 frees, 7,229 bytes allocated
==75343== 
==75343== LEAK SUMMARY:
==75343==    definitely lost: 387 bytes in 10 blocks
==75343==    indirectly lost: 378 bytes in 30 blocks
==75343==      possibly lost: 0 bytes in 0 blocks
==75343==    still reachable: 0 bytes in 0 blocks
==75343==         suppressed: 0 bytes in 0 blocks
==75343== Rerun with --leak-check=full to see details of leaked memory
==75343== 
==75343== For lists of detected and suppressed errors, rerun with: -s
==75343== ERROR SUMMARY: 0 errors from 0 contexts (suppressed: 0 from 0)
Running valgrind on ./maps/good/test_map_hole.cub...

[0;32m[Debug info] map end:[0m15
[0;32m[Debug info] map height:[0m8
[0;32m[Debug info]üõ†Ô∏è  Map info üîç
[0m[0;32m[Debug info] - Map width:[0m12
[0;32m[Debug info] - Map height:[0m8
[0;32m[Debug info]üõ†Ô∏è  Starting player position info üîç
[0m[0;32m[Debug info] - Player X:[0m2
[0;32m[Debug info] - Player Y:[0m4
[0;32m[Debug info] - Player Direction:[0mS
[0;32m[Debug info]üõ†Ô∏è  Textures info:  üîç
[0m[0;32m[Debug info] Texture north:[0mtextures/test/north.xpm
[0;32m[Debug info] Texture south:[0mtextures/test/south.xpm
[0;32m[Debug info] Texture west:[0mtextures/test/west.xpm
[0;32m[Debug info] Texture east:[0mtextures/test/east.xpm
[0;34m1[0;34m1[0;34m1[0;34m1[0;34m1[0;34m1[0;34m1[0;34m1[0;34m1[0;34m1[0;34m1[0;34m1
[0m[0;34m1[0;34m1[0;34m1[0;34m1[0;34m1[0;34m1[0;34m1[0;34m1[0;34m1[0;34m1[0;34m1[0;34m1
[0m[0;34m1[0;34m1[0;34m1[0;34m1[0;34m1[0;34m1[0;34m1[0;34m1[0;34m0[0;34m0[0;34m0[0;34m1
[0m[0;34m1[0;34m0[0;34m0[0;34m0[0;34m0[0;34m0[0;34m0[0;34m1[0;34m0[0;34m0[0;34m1[0;34m1
[0m[0;34m1[0;34m0[0;34mS[0;34m0[0;34m0[0;34m0[0;34m0[0;34m0[0;34m0[0;34m0[0;34m0[0;34m1
[0m[0;34m1[0;34m1[0;34m1[0;34m1[0;34m1[0;34m1[0;34m1[0;34m1[0;34m1[0;34m1[0;34m1[0;34m1
[0m[0;34m1[0;34m1[0;34m1[0;34m1[0;34m1[0;34m1[0;34m1[0;34m1[0;34m1[0;34m1[0;34m1[0;34m1
[0m[0;34m1[0;34m1[0;34m1[0;34m1[0;34m1[0;34m1[0;34m1[0;34m1[0;34m1[0;34m1[0;34m1[0;34m1
[0mExit code: 0
‚ö†Ô∏è No Valgrind alerts, but with leaks[0m  
==75346== Memcheck, a memory error detector
==75346== Copyright (C) 2002-2022, and GNU GPL'd, by Julian Seward et al.
==75346== Using Valgrind-3.22.0 and LibVEX; rerun with -h for copyright info
==75346== Command: ./cub3d ./maps/good/test_map_hole.cub
==75346== Parent PID: 74963
==75346== 
==75346== 
==75346== HEAP SUMMARY:
==75346==     in use at exit: 765 bytes in 40 blocks
==75346==   total heap usage: 113 allocs, 73 frees, 7,229 bytes allocated
==75346== 
==75346== LEAK SUMMARY:
==75346==    definitely lost: 387 bytes in 10 blocks
==75346==    indirectly lost: 378 bytes in 30 blocks
==75346==      possibly lost: 0 bytes in 0 blocks
==75346==    still reachable: 0 bytes in 0 blocks
==75346==         suppressed: 0 bytes in 0 blocks
==75346== Rerun with --leak-check=full to see details of leaked memory
==75346== 
==75346== For lists of detected and suppressed errors, rerun with: -s
==75346== ERROR SUMMARY: 0 errors from 0 contexts (suppressed: 0 from 0)
Running valgrind on ./maps/good/test_pos_bottom.cub...

[0;32m[Debug info] map end:[0m20
[0;32m[Debug info] map height:[0m13
[0;32m[Debug info]üõ†Ô∏è  Map info üîç
[0m[0;32m[Debug info] - Map width:[0m3
[0;32m[Debug info] - Map height:[0m13
[0;32m[Debug info]üõ†Ô∏è  Starting player position info üîç
[0m[0;32m[Debug info] - Player X:[0m1
[0;32m[Debug info] - Player Y:[0m11
[0;32m[Debug info] - Player Direction:[0mS
[0;32m[Debug info]üõ†Ô∏è  Textures info:  üîç
[0m[0;32m[Debug info] Texture north:[0mtextures/test/north.xpm
[0;32m[Debug info] Texture south:[0mtextures/test/south.xpm
[0;32m[Debug info] Texture west:[0mtextures/test/west.xpm
[0;32m[Debug info] Texture east:[0mtextures/test/east.xpm
[0;34m1[0;34m1[0;34m1
[0m[0;34m1[0;34m0[0;34m1
[0m[0;34m1[0;34m0[0;34m1
[0m[0;34m1[0;34m0[0;34m1
[0m[0;34m1[0;34m0[0;34m1
[0m[0;34m1[0;34m0[0;34m1
[0m[0;34m1[0;34m0[0;34m1
[0m[0;34m1[0;34m0[0;34m1
[0m[0;34m1[0;34m0[0;34m1
[0m[0;34m1[0;34m0[0;34m1
[0m[0;34m1[0;34m0[0;34m1
[0m[0;34m1[0;34mS[0;34m1
[0m[0;34m1[0;34m1[0;34m1
[0mExit code: 0
‚ö†Ô∏è No Valgrind alerts, but with leaks[0m  
==75349== Memcheck, a memory error detector
==75349== Copyright (C) 2002-2022, and GNU GPL'd, by Julian Seward et al.
==75349== Using Valgrind-3.22.0 and LibVEX; rerun with -h for copyright info
==75349== Command: ./cub3d ./maps/good/test_pos_bottom.cub
==75349== Parent PID: 74963
==75349== 
==75349== 
==75349== HEAP SUMMARY:
==75349==     in use at exit: 746 bytes in 50 blocks
==75349==   total heap usage: 141 allocs, 91 frees, 8,007 bytes allocated
==75349== 
==75349== LEAK SUMMARY:
==75349==    definitely lost: 467 bytes in 10 blocks
==75349==    indirectly lost: 279 bytes in 40 blocks
==75349==      possibly lost: 0 bytes in 0 blocks
==75349==    still reachable: 0 bytes in 0 blocks
==75349==         suppressed: 0 bytes in 0 blocks
==75349== Rerun with --leak-check=full to see details of leaked memory
==75349== 
==75349== For lists of detected and suppressed errors, rerun with: -s
==75349== ERROR SUMMARY: 0 errors from 0 contexts (suppressed: 0 from 0)
Running valgrind on ./maps/good/test_pos_left.cub...

[0;32m[Debug info] map end:[0m10
[0;32m[Debug info] map height:[0m3
[0;32m[Debug info]üõ†Ô∏è  Map info üîç
[0m[0;32m[Debug info] - Map width:[0m21
[0;32m[Debug info] - Map height:[0m3
[0;32m[Debug info]üõ†Ô∏è  Starting player position info üîç
[0m[0;32m[Debug info] - Player X:[0m1
[0;32m[Debug info] - Player Y:[0m1
[0;32m[Debug info] - Player Direction:[0mW
[0;32m[Debug info]üõ†Ô∏è  Textures info:  üîç
[0m[0;32m[Debug info] Texture north:[0mtextures/test/north.xpm
[0;32m[Debug info] Texture south:[0mtextures/test/south.xpm
[0;32m[Debug info] Texture west:[0mtextures/test/west.xpm
[0;32m[Debug info] Texture east:[0mtextures/test/east.xpm
[0;34m1[0;34m1[0;34m1[0;34m1[0;34m1[0;34m1[0;34m1[0;34m1[0;34m1[0;34m1[0;34m1[0;34m1[0;34m1[0;34m1[0;34m1[0;34m1[0;34m1[0;34m1[0;34m1[0;34m1[0;34m1
[0m[0;34m1[0;34mW[0;34m0[0;34m0[0;34m0[0;34m0[0;34m0[0;34m0[0;34m0[0;34m0[0;34m0[0;34m0[0;34m0[0;34m0[0;34m0[0;34m0[0;34m0[0;34m0[0;34m0[0;34m0[0;34m1
[0m[0;34m1[0;34m1[0;34m1[0;34m1[0;34m1[0;34m1[0;34m1[0;34m1[0;34m1[0;34m1[0;34m1[0;34m1[0;34m1[0;34m1[0;34m1[0;34m1[0;34m1[0;34m1[0;34m1[0;34m1[0;34m1
[0mExit code: 0
‚ö†Ô∏è No Valgrind alerts, but with leaks[0m  
==75431== Memcheck, a memory error detector
==75431== Copyright (C) 2002-2022, and GNU GPL'd, by Julian Seward et al.
==75431== Using Valgrind-3.22.0 and LibVEX; rerun with -h for copyright info
==75431== Command: ./cub3d ./maps/good/test_pos_left.cub
==75431== Parent PID: 74963
==75431== 
==75431== 
==75431== HEAP SUMMARY:
==75431==     in use at exit: 604 bytes in 30 blocks
==75431==   total heap usage: 82 allocs, 52 frees, 6,237 bytes allocated
==75431== 
==75431== LEAK SUMMARY:
==75431==    definitely lost: 307 bytes in 10 blocks
==75431==    indirectly lost: 297 bytes in 20 blocks
==75431==      possibly lost: 0 bytes in 0 blocks
==75431==    still reachable: 0 bytes in 0 blocks
==75431==         suppressed: 0 bytes in 0 blocks
==75431== Rerun with --leak-check=full to see details of leaked memory
==75431== 
==75431== For lists of detected and suppressed errors, rerun with: -s
==75431== ERROR SUMMARY: 0 errors from 0 contexts (suppressed: 0 from 0)
Running valgrind on ./maps/good/test_pos_right.cub...

[0;32m[Debug info] map end:[0m10
[0;32m[Debug info] map height:[0m3
[0;32m[Debug info]üõ†Ô∏è  Map info üîç
[0m[0;32m[Debug info] - Map width:[0m21
[0;32m[Debug info] - Map height:[0m3
[0;32m[Debug info]üõ†Ô∏è  Starting player position info üîç
[0m[0;32m[Debug info] - Player X:[0m19
[0;32m[Debug info] - Player Y:[0m1
[0;32m[Debug info] - Player Direction:[0mE
[0;32m[Debug info]üõ†Ô∏è  Textures info:  üîç
[0m[0;32m[Debug info] Texture north:[0mtextures/test/north.xpm
[0;32m[Debug info] Texture south:[0mtextures/test/south.xpm
[0;32m[Debug info] Texture west:[0mtextures/test/west.xpm
[0;32m[Debug info] Texture east:[0mtextures/test/east.xpm
[0;34m1[0;34m1[0;34m1[0;34m1[0;34m1[0;34m1[0;34m1[0;34m1[0;34m1[0;34m1[0;34m1[0;34m1[0;34m1[0;34m1[0;34m1[0;34m1[0;34m1[0;34m1[0;34m1[0;34m1[0;34m1
[0m[0;34m1[0;34m0[0;34m0[0;34m0[0;34m0[0;34m0[0;34m0[0;34m0[0;34m0[0;34m0[0;34m0[0;34m0[0;34m0[0;34m0[0;34m0[0;34m0[0;34m0[0;34m0[0;34m0[0;34mE[0;34m1
[0m[0;34m1[0;34m1[0;34m1[0;34m1[0;34m1[0;34m1[0;34m1[0;34m1[0;34m1[0;34m1[0;34m1[0;34m1[0;34m1[0;34m1[0;34m1[0;34m1[0;34m1[0;34m1[0;34m1[0;34m1[0;34m1
[0mExit code: 0
‚ö†Ô∏è No Valgrind alerts, but with leaks[0m  
==75521== Memcheck, a memory error detector
==75521== Copyright (C) 2002-2022, and GNU GPL'd, by Julian Seward et al.
==75521== Using Valgrind-3.22.0 and LibVEX; rerun with -h for copyright info
==75521== Command: ./cub3d ./maps/good/test_pos_right.cub
==75521== Parent PID: 74963
==75521== 
==75521== 
==75521== HEAP SUMMARY:
==75521==     in use at exit: 604 bytes in 30 blocks
==75521==   total heap usage: 82 allocs, 52 frees, 6,237 bytes allocated
==75521== 
==75521== LEAK SUMMARY:
==75521==    definitely lost: 307 bytes in 10 blocks
==75521==    indirectly lost: 297 bytes in 20 blocks
==75521==      possibly lost: 0 bytes in 0 blocks
==75521==    still reachable: 0 bytes in 0 blocks
==75521==         suppressed: 0 bytes in 0 blocks
==75521== Rerun with --leak-check=full to see details of leaked memory
==75521== 
==75521== For lists of detected and suppressed errors, rerun with: -s
==75521== ERROR SUMMARY: 0 errors from 0 contexts (suppressed: 0 from 0)
Running valgrind on ./maps/good/test_pos_top.cub...

[0;32m[Debug info] map end:[0m20
[0;32m[Debug info] map height:[0m13
[0;32m[Debug info]üõ†Ô∏è  Map info üîç
[0m[0;32m[Debug info] - Map width:[0m3
[0;32m[Debug info] - Map height:[0m13
[0;32m[Debug info]üõ†Ô∏è  Starting player position info üîç
[0m[0;32m[Debug info] - Player X:[0m1
[0;32m[Debug info] - Player Y:[0m1
[0;32m[Debug info] - Player Direction:[0mN
[0;32m[Debug info]üõ†Ô∏è  Textures info:  üîç
[0m[0;32m[Debug info] Texture north:[0mtextures/test/north.xpm
[0;32m[Debug info] Texture south:[0mtextures/test/south.xpm
[0;32m[Debug info] Texture west:[0mtextures/test/west.xpm
[0;32m[Debug info] Texture east:[0mtextures/test/east.xpm
[0;34m1[0;34m1[0;34m1
[0m[0;34m1[0;34mN[0;34m1
[0m[0;34m1[0;34m0[0;34m1
[0m[0;34m1[0;34m0[0;34m1
[0m[0;34m1[0;34m0[0;34m1
[0m[0;34m1[0;34m0[0;34m1
[0m[0;34m1[0;34m0[0;34m1
[0m[0;34m1[0;34m0[0;34m1
[0m[0;34m1[0;34m0[0;34m1
[0m[0;34m1[0;34m0[0;34m1
[0m[0;34m1[0;34m0[0;34m1
[0m[0;34m1[0;34m0[0;34m1
[0m[0;34m1[0;34m1[0;34m1
[0mExit code: 0
‚ö†Ô∏è No Valgrind alerts, but with leaks[0m  
==75579== Memcheck, a memory error detector
==75579== Copyright (C) 2002-2022, and GNU GPL'd, by Julian Seward et al.
==75579== Using Valgrind-3.22.0 and LibVEX; rerun with -h for copyright info
==75579== Command: ./cub3d ./maps/good/test_pos_top.cub
==75579== Parent PID: 74963
==75579== 
==75579== 
==75579== HEAP SUMMARY:
==75579==     in use at exit: 746 bytes in 50 blocks
==75579==   total heap usage: 141 allocs, 91 frees, 8,007 bytes allocated
==75579== 
==75579== LEAK SUMMARY:
==75579==    definitely lost: 467 bytes in 10 blocks
==75579==    indirectly lost: 279 bytes in 40 blocks
==75579==      possibly lost: 0 bytes in 0 blocks
==75579==    still reachable: 0 bytes in 0 blocks
==75579==         suppressed: 0 bytes in 0 blocks
==75579== Rerun with --leak-check=full to see details of leaked memory
==75579== 
==75579== For lists of detected and suppressed errors, rerun with: -s
==75579== ERROR SUMMARY: 0 errors from 0 contexts (suppressed: 0 from 0)
Running valgrind on ./maps/good/test_textures.cub...

[0;32m[Debug info] map end:[0m20
[0;32m[Debug info] map height:[0m13
[0;32m[Debug info]üõ†Ô∏è  Map info üîç
[0m[0;32m[Debug info] - Map width:[0m5
[0;32m[Debug info] - Map height:[0m13
[0;32m[Debug info]üõ†Ô∏è  Starting player position info üîç
[0m[0;32m[Debug info] - Player X:[0m2
[0;32m[Debug info] - Player Y:[0m2
[0;32m[Debug info] - Player Direction:[0mS
[0;32m[Debug info]üõ†Ô∏è  Textures info:  üîç
[0m[0;32m[Debug info] Texture north:[0mtextures/test/north.xpm
[0;32m[Debug info] Texture south:[0mtextures/test/south.xpm
[0;32m[Debug info] Texture west:[0mtextures/test/west.xpm
[0;32m[Debug info] Texture east:[0mtextures/test/east.xpm
[0;34m1[0;34m1[0;34m1[0;34m1[0;34m1
[0m[0;34m1[0;34m0[0;34m0[0;34m0[0;34m1
[0m[0;34m1[0;34m0[0;34mS[0;34m0[0;34m1
[0m[0;34m1[0;34m0[0;34m0[0;34m0[0;34m1
[0m[0;34m1[0;34m0[0;34m0[0;34m0[0;34m1
[0m[0;34m1[0;34m0[0;34m0[0;34m0[0;34m1
[0m[0;34m1[0;34m1[0;34m0[0;34m0[0;34m1
[0m[0;34m1[0;34m0[0;34m0[0;34m0[0;34m1
[0m[0;34m1[0;34m0[0;34m0[0;34m0[0;34m1
[0m[0;34m1[0;34m0[0;34m0[0;34m0[0;34m1
[0m[0;34m1[0;34m0[0;34m0[0;34m0[0;34m1
[0m[0;34m1[0;34m0[0;34m0[0;34m0[0;34m1
[0m[0;34m1[0;34m1[0;34m1[0;34m1[0;34m1
[0mExit code: 0
‚ö†Ô∏è No Valgrind alerts, but with leaks[0m  
==75582== Memcheck, a memory error detector
==75582== Copyright (C) 2002-2022, and GNU GPL'd, by Julian Seward et al.
==75582== Using Valgrind-3.22.0 and LibVEX; rerun with -h for copyright info
==75582== Command: ./cub3d ./maps/good/test_textures.cub
==75582== Parent PID: 74963
==75582== 
==75582== 
==75582== HEAP SUMMARY:
==75582==     in use at exit: 798 bytes in 50 blocks
==75582==   total heap usage: 142 allocs, 92 frees, 8,146 bytes allocated
==75582== 
==75582== LEAK SUMMARY:
==75582==    definitely lost: 467 bytes in 10 blocks
==75582==    indirectly lost: 331 bytes in 40 blocks
==75582==      possibly lost: 0 bytes in 0 blocks
==75582==    still reachable: 0 bytes in 0 blocks
==75582==         suppressed: 0 bytes in 0 blocks
==75582== Rerun with --leak-check=full to see details of leaked memory
==75582== 
==75582== For lists of detected and suppressed errors, rerun with: -s
==75582== ERROR SUMMARY: 0 errors from 0 contexts (suppressed: 0 from 0)
Running valgrind on ./maps/good/test_whitespace.cub...

[0;32m[Debug info] map end:[0m36
[0;32m[Debug info] map height:[0m13
[0;32m[Debug info]üõ†Ô∏è  Map info üîç
[0m[0;32m[Debug info] - Map width:[0m21
[0;32m[Debug info] - Map height:[0m13
[0;32m[Debug info]üõ†Ô∏è  Starting player position info üîç
[0m[0;32m[Debug info] - Player X:[0m2
[0;32m[Debug info] - Player Y:[0m2
[0;32m[Debug info] - Player Direction:[0mS
[0;32m[Debug info]üõ†Ô∏è  Textures info:  üîç
[0m[0;32m[Debug info] Texture north:[0mtextures/test/north.xpm
[0;32m[Debug info] Texture south:[0mtextures/test/south.xpm
[0;32m[Debug info] Texture west:[0mtextures/test/west.xpm
[0;32m[Debug info] Texture east:[0mtextures/test/east.xpm
[0;34m1[0;34m1[0;34m1[0;34m1[0;34m1[0;34m1[0;34m1[0;34m1[0;34m1[0;34m1[0;34m1[0;34m1[0;34m1[0;34m1[0;34m1[0;34m1[0;34m1[0;34m1[0;34m1[0;34m1[0;34m1
[0m[0;34m1[0;34m0[0;34m0[0;34m0[0;34m1[0;34m1[0;34m1[0;34m1[0;34m1[0;34m1[0;34m1[0;34m1[0;34m1[0;34m1[0;34m1[0;34m1[0;34m1[0;34m1[0;34m1[0;34m1[0;34m1
[0m[0;34m1[0;34m0[0;34mS[0;34m0[0;34m1[0;34m1[0;34m1[0;34m1[0;34m1[0;34m1[0;34m1[0;34m1[0;34m1[0;34m1[0;34m1[0;34m1[0;34m1[0;34m1[0;34m1[0;34m1[0;34m1
[0m[0;34m1[0;34m0[0;34m0[0;34m0[0;34m1[0;34m1[0;34m1[0;34m1[0;34m1[0;34m1[0;34m1[0;34m1[0;34m1[0;34m1[0;34m1[0;34m1[0;34m1[0;34m1[0;34m1[0;34m1[0;34m1
[0m[0;34m1[0;34m0[0;34m0[0;34m0[0;34m1[0;34m1[0;34m1[0;34m1[0;34m1[0;34m1[0;34m1[0;34m1[0;34m1[0;34m1[0;34m1[0;34m1[0;34m1[0;34m1[0;34m1[0;34m1[0;34m1
[0m[0;34m1[0;34m0[0;34m0[0;34m0[0;34m1[0;34m1[0;34m1[0;34m1[0;34m1[0;34m1[0;34m1[0;34m1[0;34m1[0;34m1[0;34m1[0;34m1[0;34m1[0;34m1[0;34m1[0;34m1[0;34m1
[0m[0;34m1[0;34m1[0;34m0[0;34m0[0;34m1[0;34m1[0;34m1[0;34m1[0;34m1[0;34m1[0;34m1[0;34m1[0;34m1[0;34m1[0;34m1[0;34m1[0;34m1[0;34m1[0;34m1[0;34m1[0;34m1
[0m[0;34m1[0;34m0[0;34m0[0;34m0[0;34m1[0;34m1[0;34m1[0;34m1[0;34m1[0;34m1[0;34m1[0;34m1[0;34m1[0;34m1[0;34m1[0;34m1[0;34m1[0;34m1[0;34m1[0;34m1[0;34m1
[0m[0;34m1[0;34m0[0;34m0[0;34m0[0;34m1[0;34m1[0;34m1[0;34m1[0;34m1[0;34m1[0;34m1[0;34m1[0;34m1[0;34m1[0;34m1[0;34m1[0;34m1[0;34m1[0;34m1[0;34m1[0;34m1
[0m[0;34m1[0;34m0[0;34m0[0;34m0[0;34m1[0;34m1[0;34m1[0;34m1[0;34m1[0;34m1[0;34m1[0;34m1[0;34m1[0;34m1[0;34m1[0;34m1[0;34m1[0;34m1[0;34m1[0;34m1[0;34m1
[0m[0;34m1[0;34m0[0;34m0[0;34m0[0;34m1[0;34m1[0;34m1[0;34m1[0;34m1[0;34m1[0;34m1[0;34m1[0;34m1[0;34m1[0;34m1[0;34m1[0;34m1[0;34m1[0;34m1[0;34m1[0;34m1
[0m[0;34m1[0;34m0[0;34m0[0;34m0[0;34m1[0;34m1[0;34m1[0;34m1[0;34m1[0;34m1[0;34m1[0;34m1[0;34m1[0;34m1[0;34m1[0;34m1[0;34m1[0;34m1[0;34m1[0;34m1[0;34m1
[0m[0;34m1[0;34m1[0;34m1[0;34m1[0;34m1[0;34m1[0;34m1[0;34m1[0;34m1[0;34m1[0;34m1[0;34m1[0;34m1[0;34m1[0;34m1[0;34m1[0;34m1[0;34m1[0;34m1[0;34m1[0;34m1
[0mExit code: 0
‚ö†Ô∏è No Valgrind alerts, but with leaks[0m  
==75585== Memcheck, a memory error detector
==75585== Copyright (C) 2002-2022, and GNU GPL'd, by Julian Seward et al.
==75585== Using Valgrind-3.22.0 and LibVEX; rerun with -h for copyright info
==75585== Command: ./cub3d ./maps/good/test_whitespace.cub
==75585== Parent PID: 74963
==75585== 
==75585== 
==75585== HEAP SUMMARY:
==75585==     in use at exit: 1,566 bytes in 89 blocks
==75585==   total heap usage: 306 allocs, 217 frees, 23,419 bytes allocated
==75585== 
==75585== LEAK SUMMARY:
==75585==    definitely lost: 813 bytes in 10 blocks
==75585==    indirectly lost: 753 bytes in 79 blocks
==75585==      possibly lost: 0 bytes in 0 blocks
==75585==    still reachable: 0 bytes in 0 blocks
==75585==         suppressed: 0 bytes in 0 blocks
==75585== Rerun with --leak-check=full to see details of leaked memory
==75585== 
==75585== For lists of detected and suppressed errors, rerun with: -s
==75585== ERROR SUMMARY: 0 errors from 0 contexts (suppressed: 0 from 0)
Running valgrind on ./maps/good/works.cub...

[0;32m[Debug info] map end:[0m19
[0;32m[Debug info] map height:[0m6
[0;32m[Debug info]üõ†Ô∏è  Map info üîç
[0m[0;32m[Debug info] - Map width:[0m25
[0;32m[Debug info] - Map height:[0m6
[0;32m[Debug info]üõ†Ô∏è  Starting player position info üîç
[0m[0;32m[Debug info] - Player X:[0m2
[0;32m[Debug info] - Player Y:[0m1
[0;32m[Debug info] - Player Direction:[0mS
[0;32m[Debug info]üõ†Ô∏è  Textures info:  üîç
[0m[0;32m[Debug info] Texture north:[0mtextures/test/north.xpm
[0;32m[Debug info] Texture south:[0mtextures/test/south.xpm
[0;32m[Debug info] Texture west:[0mtextures/test/west.xpm
[0;32m[Debug info] Texture east:[0mtextures/test/east.xpm
[0;34m1[0;34m1[0;34m1[0;34m1[0;34m1[0;34m1[0;34m1[0;34m1[0;34m1[0;34m1[0;34m1[0;34m1[0;34m1[0;34m1[0;34m1[0;34m1[0;34m1[0;34m1[0;34m1[0;34m1[0;34m1[0;34m1[0;34m1[0;34m1[0;34m1
[0m[0;34m1[0;34m0[0;34mS[0;34m0[0;34m1[0;34m1[0;34m0[0;34m0[0;34m0[0;34m0[0;34m1[0;34m0[0;34m0[0;34m0[0;34m0[0;34m0[0;34m0[0;34m0[0;34m0[0;34m0[0;34m0[0;34m0[0;34m0[0;34m0[0;34m1
[0m[0;34m1[0;34m0[0;34m0[0;34m0[0;34m1[0;34m1[0;34m0[0;34m0[0;34m0[0;34m0[0;34m0[0;34m0[0;34m0[0;34m0[0;34m0[0;34m0[0;34m1[0;34m1[0;34m1[0;34m1[0;34m1[0;34m1[0;34m0[0;34m0[0;34m1
[0m[0;34m1[0;34m0[0;34m0[0;34m0[0;34m1[0;34m1[0;34m0[0;34m0[0;34m0[0;34m0[0;34m0[0;34m0[0;34m0[0;34m0[0;34m0[0;34m0[0;34m1[0;34m1[0;34m0[0;34m0[0;34m0[0;34m1[0;34m0[0;34m0[0;34m1
[0m[0;34m1[0;34m0[0;34m0[0;34m0[0;34m0[0;34m0[0;34m0[0;34m0[0;34m0[0;34m0[0;34m1[0;34m0[0;34m0[0;34m0[0;34m0[0;34m0[0;34m0[0;34m0[0;34m0[0;34m0[0;34m0[0;34m1[0;34m0[0;34m0[0;34m1
[0m[0;34m1[0;34m1[0;34m1[0;34m1[0;34m1[0;34m1[0;34m1[0;34m1[0;34m1[0;34m1[0;34m1[0;34m1[0;34m1[0;34m1[0;34m1[0;34m1[0;34m1[0;34m1[0;34m1[0;34m1[0;34m1[0;34m1[0;34m1[0;34m1[0;34m1
[0mExit code: 0
‚ö†Ô∏è No Valgrind alerts, but with leaks[0m  
==75588== Memcheck, a memory error detector
==75588== Copyright (C) 2002-2022, and GNU GPL'd, by Julian Seward et al.
==75588== Using Valgrind-3.22.0 and LibVEX; rerun with -h for copyright info
==75588== Command: ./cub3d ./maps/good/works.cub
==75588== Parent PID: 74963
==75588== 
==75588== 
==75588== HEAP SUMMARY:
==75588==     in use at exit: 957 bytes in 42 blocks
==75588==   total heap usage: 130 allocs, 88 frees, 8,412 bytes allocated
==75588== 
==75588== LEAK SUMMARY:
==75588==    definitely lost: 414 bytes in 10 blocks
==75588==    indirectly lost: 543 bytes in 32 blocks
==75588==      possibly lost: 0 bytes in 0 blocks
==75588==    still reachable: 0 bytes in 0 blocks
==75588==         suppressed: 0 bytes in 0 blocks
==75588== Rerun with --leak-check=full to see details of leaked memory
==75588== 
==75588== For lists of detected and suppressed errors, rerun with: -s
==75588== ERROR SUMMARY: 0 errors from 0 contexts (suppressed: 0 from 0)
Valgrind tests completed. Results saved to test_output.txt.
Starting Valgrind tests...
Running valgrind on ./maps/good/cheese_maze.cub...

[0;32m[Debug info]üõ†Ô∏è  Map info üîç
[0m[0;32m[Debug info] - Map width:[0m21
[0;32m[Debug info] - Map height:[0m21
[0;32m[Debug info]üõ†Ô∏è  Starting player position info üîç
[0m[0;32m[Debug info] - Player X:[0m1
[0;32m[Debug info] - Player Y:[0m19
[0;32m[Debug info] - Player Direction:[0mN
[0;32m[Debug info]üõ†Ô∏è  Textures info:  üîç
[0m[0;32m[Debug info] Texture north:[0mtextures/test/north.xpm
[0;32m[Debug info] Texture south:[0mtextures/test/south.xpm
[0;32m[Debug info] Texture west:[0mtextures/test/west.xpm
[0;32m[Debug info] Texture east:[0mtextures/test/east.xpm
[0;34m1[0;34m1[0;34m1[0;34m1[0;34m1[0;34m1[0;34m1[0;34m1[0;34m1[0;34m1[0;34m1[0;34m1[0;34m1[0;34m1[0;34m1[0;34m1[0;34m1[0;34m1[0;34m1[0;34m1[0;34m1
[0m[0;34m1[0;34m0[0;34m1[0;34m0[0;34m0[0;34m0[0;34m0[0;34m0[0;34m1[0;34m0[0;34m0[0;34m0[0;34m0[0;34m0[0;34m0[0;34m0[0;34m0[0;34m0[0;34m0[0;34m0[0;34m1
[0m[0;34m1[0;34m0[0;34m1[0;34m0[0;34m1[0;34m0[0;34m1[0;34m0[0;34m1[0;34m0[0;34m1[0;34m1[0;34m1[0;34m1[0;34m1[0;34m1[0;34m1[0;34m0[0;34m0[0;34m0[0;34m1
[0m[0;34m1[0;34m0[0;34m0[0;34m0[0;34m1[0;34m0[0;34m1[0;34m0[0;34m0[0;34m0[0;34m1[0;34m0[0;34m0[0;34m0[0;34m0[0;34m0[0;34m1[0;34m0[0;34m0[0;34m0[0;34m1
[0m[0;34m1[0;34m1[0;34m1[0;34m1[0;34m1[0;34m0[0;34m1[0;34m0[0;34m1[0;34m1[0;34m1[0;34m1[0;34m1[0;34m0[0;34m1[0;34m0[0;34m1[0;34m1[0;34m1[0;34m0[0;34m1
[0m[0;34m1[0;34m0[0;34m0[0;34m0[0;34m0[0;34m0[0;34m1[0;34m0[0;34m1[0;34m0[0;34m0[0;34m0[0;34m1[0;34m0[0;34m1[0;34m0[0;34m0[0;34m0[0;34m0[0;34m0[0;34m1
[0m[0;34m1[0;34m0[0;34m1[0;34m1[0;34m1[0;34m1[0;34m1[0;34m0[0;34m1[0;34m0[0;34m1[0;34m1[0;34m1[0;34m0[0;34m1[0;34m1[0;34m1[0;34m1[0;34m1[0;34m1[0;34m1
[0m[0;34m1[0;34m0[0;34m1[0;34m0[0;34m0[0;34m0[0;34m0[0;34m0[0;34m1[0;34m0[0;34m1[0;34m0[0;34m1[0;34m0[0;34m0[0;34m0[0;34m0[0;34m0[0;34m1[0;34m0[0;34m1
[0m[0;34m1[0;34m0[0;34m1[0;34m0[0;34m1[0;34m1[0;34m1[0;34m1[0;34m1[0;34m0[0;34m1[0;34m0[0;34m1[0;34m1[0;34m1[0;34m1[0;34m1[0;34m0[0;34m1[0;34m0[0;34m1
[0m[0;34m1[0;34m0[0;34m1[0;34m0[0;34m1[0;34m0[0;34m0[0;34m0[0;34m1[0;34m0[0;34m1[0;34m0[0;34m1[0;34m0[0;34m0[0;34m0[0;34m1[0;34m0[0;34m1[0;34m0[0;34m1
[0m[0;34m1[0;34m0[0;34m1[0;34m1[0;34m1[0;34m0[0;34m1[0;34m0[0;34m1[0;34m0[0;34m1[0;34m0[0;34m1[0;34m0[0;34m1[0;34m0[0;34m1[0;34m0[0;34m1[0;34m0[0;34m1
[0m[0;34m1[0;34m0[0;34m0[0;34m0[0;34m0[0;34m0[0;34m1[0;34m0[0;34m1[0;34m0[0;34m1[0;34m0[0;34m0[0;34m0[0;34m1[0;34m0[0;34m1[0;34m0[0;34m0[0;34m0[0;34m1
[0m[0;34m1[0;34m1[0;34m1[0;34m1[0;34m1[0;34m1[0;34m1[0;34m0[0;34m1[0;34m0[0;34m1[0;34m1[0;34m1[0;34m1[0;34m1[0;34m0[0;34m1[0;34m1[0;34m1[0;34m0[0;34m1
[0m[0;34m1[0;34m0[0;34m0[0;34m0[0;34m0[0;34m0[0;34m1[0;34m0[0;34m1[0;34m0[0;34m0[0;34m0[0;34m1[0;34m0[0;34m0[0;34m0[0;34m1[0;34m0[0;34m0[0;34m0[0;34m1
[0m[0;34m1[0;34m0[0;34m1[0;34m1[0;34m1[0;34m0[0;34m1[0;34m0[0;34m1[0;34m1[0;34m1[0;34m0[0;34m1[0;34m0[0;34m1[0;34m1[0;34m1[0;34m0[0;34m1[0;34m1[0;34m1
[0m[0;34m1[0;34m0[0;34m1[0;34m0[0;34m0[0;34m0[0;34m1[0;34m0[0;34m0[0;34m0[0;34m0[0;34m0[0;34m1[0;34m0[0;34m0[0;34m0[0;34m1[0;34m0[0;34m1[0;34m0[0;34m1
[0m[0;34m1[0;34m0[0;34m1[0;34m0[0;34m1[0;34m1[0;34m1[0;34m1[0;34m1[0;34m1[0;34m1[0;34m1[0;34m1[0;34m1[0;34m1[0;34m0[0;34m1[0;34m0[0;34m1[0;34m0[0;34m1
[0m[0;34m1[0;34m0[0;34m0[0;34m0[0;34m1[0;34m0[0;34m0[0;34m0[0;34m0[0;34m0[0;34m0[0;34m0[0;34m0[0;34m0[0;34m0[0;34m0[0;34m1[0;34m0[0;34m0[0;34m0[0;34m1
[0m[0;34m1[0;34m0[0;34m1[0;34m0[0;34m1[0;34m0[0;34m1[0;34m1[0;34m1[0;34m0[0;34m1[0;34m1[0;34m1[0;34m1[0;34m1[0;34m1[0;34m1[0;34m1[0;34m1[0;34m0[0;34m1
[0m[0;34m1[0;34mN[0;34m1[0;34m0[0;34m0[0;34m0[0;34m0[0;34m0[0;34m1[0;34m0[0;34m0[0;34m0[0;34m0[0;34m0[0;34m0[0;34m0[0;34m0[0;34m0[0;34m0[0;34m0[0;34m1
[0m[0;34m1[0;34m1[0;34m1[0;34m1[0;34m1[0;34m1[0;34m1[0;34m1[0;34m1[0;34m1[0;34m1[0;34m1[0;34m1[0;34m1[0;34m1[0;34m1[0;34m1[0;34m1[0;34m1[0;34m1[0;34m1
[0mExit code: 0
‚ö†Ô∏è No Valgrind alerts, but with leaks[0m  
==76686== Memcheck, a memory error detector
==76686== Copyright (C) 2002-2022, and GNU GPL'd, by Julian Seward et al.
==76686== Using Valgrind-3.22.0 and LibVEX; rerun with -h for copyright info
==76686== Command: ./cub3d ./maps/good/cheese_maze.cub
==76686== Parent PID: 76684
==76686== 
==76686== 
==76686== HEAP SUMMARY:
==76686==     in use at exit: 1,718 bytes in 67 blocks
==76686==   total heap usage: 210 allocs, 143 frees, 12,286 bytes allocated
==76686== 
==76686== LEAK SUMMARY:
==76686==    definitely lost: 605 bytes in 10 blocks
==76686==    indirectly lost: 1,113 bytes in 57 blocks
==76686==      possibly lost: 0 bytes in 0 blocks
==76686==    still reachable: 0 bytes in 0 blocks
==76686==         suppressed: 0 bytes in 0 blocks
==76686== Rerun with --leak-check=full to see details of leaked memory
==76686== 
==76686== For lists of detected and suppressed errors, rerun with: -s
==76686== ERROR SUMMARY: 0 errors from 0 contexts (suppressed: 0 from 0)
Running valgrind on ./maps/good/creepy.cub...

[0;32m[Debug info]üõ†Ô∏è  Map info üîç
[0m[0;32m[Debug info] - Map width:[0m15
[0;32m[Debug info] - Map height:[0m13
[0;32m[Debug info]üõ†Ô∏è  Starting player position info üîç
[0m[0;32m[Debug info] - Player X:[0m7
[0;32m[Debug info] - Player Y:[0m3
[0;32m[Debug info] - Player Direction:[0mN
[0;32m[Debug info]üõ†Ô∏è  Textures info:  üîç
[0m[0;32m[Debug info] Texture north:[0mtextures/test/north.xpm
[0;32m[Debug info] Texture south:[0mtextures/test/south.xpm
[0;32m[Debug info] Texture west:[0mtextures/test/west.xpm
[0;32m[Debug info] Texture east:[0mtextures/test/east.xpm
[0;34m1[0;34m1[0;34m1[0;34m1[0;34m1[0;34m1[0;34m1[0;34m1[0;34m1[0;34m1[0;34m1[0;34m1[0;34m1[0;34m1[0;34m1
[0m[0;34m1[0;34m1[0;34m1[0;34m1[0;34m1[0;34m1[0;34m0[0;34m0[0;34m0[0;34m1[0;34m1[0;34m1[0;34m1[0;34m1[0;34m1
[0m[0;34m1[0;34m1[0;34m1[0;34m1[0;34m1[0;34m0[0;34m0[0;34m0[0;34m0[0;34m0[0;34m1[0;34m1[0;34m1[0;34m1[0;34m1
[0m[0;34m1[0;34m1[0;34m1[0;34m1[0;34m0[0;34m0[0;34m0[0;34mN[0;34m0[0;34m0[0;34m0[0;34m1[0;34m1[0;34m1[0;34m1
[0m[0;34m1[0;34m1[0;34m1[0;34m0[0;34m0[0;34m0[0;34m0[0;34m0[0;34m0[0;34m0[0;34m0[0;34m0[0;34m1[0;34m1[0;34m1
[0m[0;34m1[0;34m1[0;34m0[0;34m0[0;34m0[0;34m0[0;34m0[0;34m0[0;34m0[0;34m0[0;34m0[0;34m0[0;34m0[0;34m1[0;34m1
[0m[0;34m1[0;34m0[0;34m0[0;34m0[0;34m0[0;34m1[0;34m1[0;34m1[0;34m1[0;34m1[0;34m0[0;34m0[0;34m0[0;34m0[0;34m1
[0m[0;34m1[0;34m1[0;34m0[0;34m0[0;34m0[0;34m0[0;34m1[0;34m1[0;34m1[0;34m0[0;34m0[0;34m0[0;34m0[0;34m1[0;34m1
[0m[0;34m1[0;34m1[0;34m1[0;34m0[0;34m0[0;34m0[0;34m0[0;34m1[0;34m0[0;34m0[0;34m0[0;34m0[0;34m1[0;34m1[0;34m1
[0m[0;34m1[0;34m1[0;34m1[0;34m1[0;34m0[0;34m0[0;34m0[0;34m0[0;34m0[0;34m0[0;34m0[0;34m1[0;34m1[0;34m1[0;34m1
[0m[0;34m1[0;34m1[0;34m1[0;34m1[0;34m1[0;34m0[0;34m0[0;34m0[0;34m0[0;34m0[0;34m1[0;34m1[0;34m1[0;34m1[0;34m1
[0m[0;34m1[0;34m1[0;34m1[0;34m1[0;34m1[0;34m1[0;34m0[0;34m0[0;34m0[0;34m1[0;34m1[0;34m1[0;34m1[0;34m1[0;34m1
[0m[0;34m1[0;34m1[0;34m1[0;34m1[0;34m1[0;34m1[0;34m1[0;34m1[0;34m1[0;34m1[0;34m1[0;34m1[0;34m1[0;34m1[0;34m1
[0mExit code: 0
‚ö†Ô∏è No Valgrind alerts, but with leaks[0m  
==76689== Memcheck, a memory error detector
==76689== Copyright (C) 2002-2022, and GNU GPL'd, by Julian Seward et al.
==76689== Using Valgrind-3.22.0 and LibVEX; rerun with -h for copyright info
==76689== Command: ./cub3d ./maps/good/creepy.cub
==76689== Parent PID: 76684
==76689== 
==76689== 
==76689== HEAP SUMMARY:
==76689==     in use at exit: 1,056 bytes in 51 blocks
==76689==   total heap usage: 152 allocs, 101 frees, 8,990 bytes allocated
==76689== 
==76689== LEAK SUMMARY:
==76689==    definitely lost: 471 bytes in 10 blocks
==76689==    indirectly lost: 585 bytes in 41 blocks
==76689==      possibly lost: 0 bytes in 0 blocks
==76689==    still reachable: 0 bytes in 0 blocks
==76689==         suppressed: 0 bytes in 0 blocks
==76689== Rerun with --leak-check=full to see details of leaked memory
==76689== 
==76689== For lists of detected and suppressed errors, rerun with: -s
==76689== ERROR SUMMARY: 0 errors from 0 contexts (suppressed: 0 from 0)
Running valgrind on ./maps/good/dungeon.cub...

[0;32m[Debug info]üõ†Ô∏è  Map info üîç
[0m[0;32m[Debug info] - Map width:[0m19
[0;32m[Debug info] - Map height:[0m10
[0;32m[Debug info]üõ†Ô∏è  Starting player position info üîç
[0m[0;32m[Debug info] - Player X:[0m2
[0;32m[Debug info] - Player Y:[0m1
[0;32m[Debug info] - Player Direction:[0mW
[0;32m[Debug info]üõ†Ô∏è  Textures info:  üîç
[0m[0;32m[Debug info] Texture north:[0mtextures/test/north.xpm
[0;32m[Debug info] Texture south:[0mtextures/test/south.xpm
[0;32m[Debug info] Texture west:[0mtextures/test/west.xpm
[0;32m[Debug info] Texture east:[0mtextures/test/east.xpm
[0;34m1[0;34m1[0;34m1[0;34m1[0;34m1[0;34m1[0;34m1[0;34m1[0;34m1[0;34m1[0;34m1[0;34m1[0;34m1[0;34m1[0;34m1[0;34m1[0;34m1[0;34m1[0;34m1
[0m[0;34m1[0;34m0[0;34mW[0;34m1[0;34m0[0;34m0[0;34m1[0;34m0[0;34m0[0;34m1[0;34m0[0;34m0[0;34m1[0;34m0[0;34m0[0;34m0[0;34m0[0;34m0[0;34m1
[0m[0;34m1[0;34m0[0;34m1[0;34m1[0;34m0[0;34m0[0;34m0[0;34m0[0;34m0[0;34m1[0;34m0[0;34m0[0;34m0[0;34m0[0;34m0[0;34m1[0;34m0[0;34m0[0;34m1
[0m[0;34m1[0;34m0[0;34m0[0;34m1[0;34m0[0;34m0[0;34m1[0;34m0[0;34m0[0;34m1[0;34m1[0;34m1[0;34m1[0;34m1[0;34m0[0;34m1[0;34m1[0;34m1[0;34m1
[0m[0;34m1[0;34m0[0;34m0[0;34m1[0;34m1[0;34m1[0;34m1[0;34m0[0;34m0[0;34m0[0;34m0[0;34m0[0;34m1[0;34m0[0;34m0[0;34m1[0;34m0[0;34m0[0;34m1
[0m[0;34m1[0;34m0[0;34m0[0;34m0[0;34m0[0;34m0[0;34m0[0;34m0[0;34m0[0;34m0[0;34m0[0;34m0[0;34m0[0;34m0[0;34m0[0;34m1[0;34m0[0;34m0[0;34m1
[0m[0;34m1[0;34m0[0;34m0[0;34m1[0;34m1[0;34m1[0;34m1[0;34m1[0;34m1[0;34m1[0;34m1[0;34m1[0;34m1[0;34m0[0;34m0[0;34m1[0;34m0[0;34m0[0;34m1
[0m[0;34m1[0;34m1[0;34m1[0;34m1[0;34m0[0;34m0[0;34m0[0;34m0[0;34m0[0;34m0[0;34m0[0;34m0[0;34m0[0;34m0[0;34m0[0;34m1[0;34m0[0;34m1[0;34m1
[0m[0;34m1[0;34m0[0;34m0[0;34m0[0;34m0[0;34m0[0;34m0[0;34m0[0;34m0[0;34m1[0;34m0[0;34m0[0;34m0[0;34m0[0;34m0[0;34m0[0;34m0[0;34m0[0;34m1
[0m[0;34m1[0;34m1[0;34m1[0;34m1[0;34m1[0;34m1[0;34m1[0;34m1[0;34m1[0;34m1[0;34m1[0;34m1[0;34m1[0;34m1[0;34m1[0;34m1[0;34m1[0;34m1[0;34m1
[0mExit code: 0
‚ö†Ô∏è No Valgrind alerts, but with leaks[0m  
==76770== Memcheck, a memory error detector
==76770== Copyright (C) 2002-2022, and GNU GPL'd, by Julian Seward et al.
==76770== Using Valgrind-3.22.0 and LibVEX; rerun with -h for copyright info
==76770== Command: ./cub3d ./maps/good/dungeon.cub
==76770== Parent PID: 76684
==76770== 
==76770== 
==76770== HEAP SUMMARY:
==76770==     in use at exit: 992 bytes in 45 blocks
==76770==   total heap usage: 133 allocs, 88 frees, 8,232 bytes allocated
==76770== 
==76770== LEAK SUMMARY:
==76770==    definitely lost: 424 bytes in 10 blocks
==76770==    indirectly lost: 568 bytes in 35 blocks
==76770==      possibly lost: 0 bytes in 0 blocks
==76770==    still reachable: 0 bytes in 0 blocks
==76770==         suppressed: 0 bytes in 0 blocks
==76770== Rerun with --leak-check=full to see details of leaked memory
==76770== 
==76770== For lists of detected and suppressed errors, rerun with: -s
==76770== ERROR SUMMARY: 0 errors from 0 contexts (suppressed: 0 from 0)
Running valgrind on ./maps/good/library.cub...

[0;32m[Debug info]üõ†Ô∏è  Map info üîç
[0m[0;32m[Debug info] - Map width:[0m19
[0;32m[Debug info] - Map height:[0m10
[0;32m[Debug info]üõ†Ô∏è  Starting player position info üîç
[0m[0;32m[Debug info] - Player X:[0m9
[0;32m[Debug info] - Player Y:[0m5
[0;32m[Debug info] - Player Direction:[0mS
[0;32m[Debug info]üõ†Ô∏è  Textures info:  üîç
[0m[0;32m[Debug info] Texture north:[0mtextures/test/north.xpm
[0;32m[Debug info] Texture south:[0mtextures/test/south.xpm
[0;32m[Debug info] Texture west:[0mtextures/test/west.xpm
[0;32m[Debug info] Texture east:[0mtextures/test/east.xpm
[0;34m1[0;34m1[0;34m1[0;34m1[0;34m1[0;34m1[0;34m1[0;34m1[0;34m1[0;34m1[0;34m1[0;34m1[0;34m1[0;34m1[0;34m1[0;34m1[0;34m1[0;34m1[0;34m1
[0m[0;34m1[0;34m0[0;34m0[0;34m1[0;34m0[0;34m0[0;34m1[0;34m0[0;34m0[0;34m1[0;34m0[0;34m0[0;34m1[0;34m0[0;34m0[0;34m1[0;34m0[0;34m0[0;34m1
[0m[0;34m1[0;34m0[0;34m0[0;34m1[0;34m0[0;34m0[0;34m1[0;34m0[0;34m0[0;34m1[0;34m0[0;34m0[0;34m1[0;34m0[0;34m0[0;34m1[0;34m0[0;34m0[0;34m1
[0m[0;34m1[0;34m0[0;34m0[0;34m1[0;34m0[0;34m0[0;34m1[0;34m0[0;34m0[0;34m1[0;34m0[0;34m0[0;34m1[0;34m0[0;34m0[0;34m1[0;34m0[0;34m0[0;34m1
[0m[0;34m1[0;34m0[0;34m0[0;34m1[0;34m0[0;34m0[0;34m1[0;34m0[0;34m0[0;34m0[0;34m0[0;34m0[0;34m1[0;34m0[0;34m0[0;34m1[0;34m0[0;34m0[0;34m1
[0m[0;34m1[0;34m0[0;34m0[0;34m0[0;34m0[0;34m0[0;34m0[0;34m0[0;34m0[0;34mS[0;34m0[0;34m0[0;34m0[0;34m0[0;34m0[0;34m0[0;34m0[0;34m0[0;34m1
[0m[0;34m1[0;34m0[0;34m0[0;34m0[0;34m0[0;34m1[0;34m1[0;34m1[0;34m1[0;34m1[0;34m1[0;34m1[0;34m1[0;34m0[0;34m0[0;34m0[0;34m0[0;34m0[0;34m1
[0m[0;34m1[0;34m1[0;34m1[0;34m1[0;34m0[0;34m0[0;34m0[0;34m0[0;34m0[0;34m0[0;34m0[0;34m0[0;34m0[0;34m0[0;34m0[0;34m1[0;34m1[0;34m1[0;34m1
[0m[0;34m1[0;34m0[0;34m0[0;34m0[0;34m0[0;34m0[0;34m0[0;34m1[0;34m0[0;34m1[0;34m0[0;34m1[0;34m0[0;34m0[0;34m0[0;34m0[0;34m0[0;34m0[0;34m1
[0m[0;34m1[0;34m1[0;34m1[0;34m1[0;34m1[0;34m1[0;34m1[0;34m1[0;34m1[0;34m1[0;34m1[0;34m1[0;34m1[0;34m1[0;34m1[0;34m1[0;34m1[0;34m1[0;34m1
[0mExit code: 0
‚ö†Ô∏è No Valgrind alerts, but with leaks[0m  
==76773== Memcheck, a memory error detector
==76773== Copyright (C) 2002-2022, and GNU GPL'd, by Julian Seward et al.
==76773== Using Valgrind-3.22.0 and LibVEX; rerun with -h for copyright info
==76773== Command: ./cub3d ./maps/good/library.cub
==76773== Parent PID: 76684
==76773== 
==76773== 
==76773== HEAP SUMMARY:
==76773==     in use at exit: 1,004 bytes in 45 blocks
==76773==   total heap usage: 133 allocs, 88 frees, 8,285 bytes allocated
==76773== 
==76773== LEAK SUMMARY:
==76773==    definitely lost: 428 bytes in 10 blocks
==76773==    indirectly lost: 576 bytes in 35 blocks
==76773==      possibly lost: 0 bytes in 0 blocks
==76773==    still reachable: 0 bytes in 0 blocks
==76773==         suppressed: 0 bytes in 0 blocks
==76773== Rerun with --leak-check=full to see details of leaked memory
==76773== 
==76773== For lists of detected and suppressed errors, rerun with: -s
==76773== ERROR SUMMARY: 0 errors from 0 contexts (suppressed: 0 from 0)
Running valgrind on ./maps/good/matrix.cub...

[0;32m[Debug info]üõ†Ô∏è  Map info üîç
[0m[0;32m[Debug info] - Map width:[0m21
[0;32m[Debug info] - Map height:[0m21
[0;32m[Debug info]üõ†Ô∏è  Starting player position info üîç
[0m[0;32m[Debug info] - Player X:[0m1
[0;32m[Debug info] - Player Y:[0m19
[0;32m[Debug info] - Player Direction:[0mN
[0;32m[Debug info]üõ†Ô∏è  Textures info:  üîç
[0m[0;32m[Debug info] Texture north:[0mtextures/test/north.xpm
[0;32m[Debug info] Texture south:[0mtextures/test/south.xpm
[0;32m[Debug info] Texture west:[0mtextures/test/west.xpm
[0;32m[Debug info] Texture east:[0mtextures/test/east.xpm
[0;34m1[0;34m1[0;34m1[0;34m1[0;34m1[0;34m1[0;34m1[0;34m1[0;34m1[0;34m1[0;34m1[0;34m1[0;34m1[0;34m1[0;34m1[0;34m1[0;34m1[0;34m1[0;34m1[0;34m1[0;34m1
[0m[0;34m1[0;34m0[0;34m1[0;34m0[0;34m0[0;34m0[0;34m0[0;34m0[0;34m1[0;34m0[0;34m0[0;34m0[0;34m0[0;34m0[0;34m0[0;34m0[0;34m0[0;34m0[0;34m0[0;34m0[0;34m1
[0m[0;34m1[0;34m0[0;34m1[0;34m0[0;34m1[0;34m0[0;34m1[0;34m0[0;34m1[0;34m0[0;34m1[0;34m1[0;34m1[0;34m1[0;34m1[0;34m1[0;34m1[0;34m0[0;34m0[0;34m0[0;34m1
[0m[0;34m1[0;34m0[0;34m0[0;34m0[0;34m1[0;34m0[0;34m1[0;34m0[0;34m0[0;34m0[0;34m1[0;34m0[0;34m0[0;34m0[0;34m0[0;34m0[0;34m1[0;34m0[0;34m0[0;34m0[0;34m1
[0m[0;34m1[0;34m1[0;34m1[0;34m1[0;34m1[0;34m0[0;34m1[0;34m0[0;34m1[0;34m1[0;34m1[0;34m1[0;34m1[0;34m0[0;34m1[0;34m0[0;34m1[0;34m1[0;34m1[0;34m0[0;34m1
[0m[0;34m1[0;34m0[0;34m0[0;34m0[0;34m0[0;34m0[0;34m1[0;34m0[0;34m1[0;34m0[0;34m0[0;34m0[0;34m1[0;34m0[0;34m1[0;34m0[0;34m0[0;34m0[0;34m0[0;34m0[0;34m1
[0m[0;34m1[0;34m0[0;34m1[0;34m1[0;34m1[0;34m1[0;34m1[0;34m0[0;34m1[0;34m0[0;34m1[0;34m1[0;34m1[0;34m0[0;34m1[0;34m1[0;34m1[0;34m1[0;34m1[0;34m1[0;34m1
[0m[0;34m1[0;34m0[0;34m1[0;34m0[0;34m0[0;34m0[0;34m0[0;34m0[0;34m1[0;34m0[0;34m1[0;34m0[0;34m1[0;34m0[0;34m0[0;34m0[0;34m0[0;34m0[0;34m1[0;34m0[0;34m1
[0m[0;34m1[0;34m0[0;34m1[0;34m0[0;34m1[0;34m1[0;34m1[0;34m1[0;34m1[0;34m0[0;34m1[0;34m0[0;34m1[0;34m1[0;34m1[0;34m1[0;34m1[0;34m0[0;34m1[0;34m0[0;34m1
[0m[0;34m1[0;34m0[0;34m1[0;34m0[0;34m1[0;34m0[0;34m0[0;34m0[0;34m1[0;34m0[0;34m1[0;34m0[0;34m1[0;34m0[0;34m0[0;34m0[0;34m1[0;34m0[0;34m1[0;34m0[0;34m1
[0m[0;34m1[0;34m0[0;34m1[0;34m1[0;34m1[0;34m0[0;34m1[0;34m0[0;34m1[0;34m0[0;34m1[0;34m0[0;34m1[0;34m0[0;34m1[0;34m0[0;34m1[0;34m0[0;34m1[0;34m0[0;34m1
[0m[0;34m1[0;34m0[0;34m0[0;34m0[0;34m0[0;34m0[0;34m1[0;34m0[0;34m1[0;34m0[0;34m1[0;34m0[0;34m0[0;34m0[0;34m1[0;34m0[0;34m1[0;34m0[0;34m0[0;34m0[0;34m1
[0m[0;34m1[0;34m1[0;34m1[0;34m1[0;34m1[0;34m1[0;34m1[0;34m0[0;34m1[0;34m0[0;34m1[0;34m1[0;34m1[0;34m1[0;34m1[0;34m0[0;34m1[0;34m1[0;34m1[0;34m0[0;34m1
[0m[0;34m1[0;34m0[0;34m0[0;34m0[0;34m0[0;34m0[0;34m1[0;34m0[0;34m1[0;34m0[0;34m0[0;34m0[0;34m1[0;34m0[0;34m0[0;34m0[0;34m1[0;34m0[0;34m0[0;34m0[0;34m1
[0m[0;34m1[0;34m0[0;34m1[0;34m1[0;34m1[0;34m0[0;34m1[0;34m0[0;34m1[0;34m1[0;34m1[0;34m0[0;34m1[0;34m0[0;34m1[0;34m1[0;34m1[0;34m0[0;34m1[0;34m1[0;34m1
[0m[0;34m1[0;34m0[0;34m1[0;34m0[0;34m0[0;34m0[0;34m1[0;34m0[0;34m0[0;34m0[0;34m0[0;34m0[0;34m1[0;34m0[0;34m0[0;34m0[0;34m1[0;34m0[0;34m1[0;34m0[0;34m1
[0m[0;34m1[0;34m0[0;34m1[0;34m0[0;34m1[0;34m1[0;34m1[0;34m1[0;34m1[0;34m1[0;34m1[0;34m1[0;34m1[0;34m1[0;34m1[0;34m0[0;34m1[0;34m0[0;34m1[0;34m0[0;34m1
[0m[0;34m1[0;34m0[0;34m0[0;34m0[0;34m1[0;34m0[0;34m0[0;34m0[0;34m0[0;34m0[0;34m0[0;34m0[0;34m0[0;34m0[0;34m0[0;34m0[0;34m1[0;34m0[0;34m0[0;34m0[0;34m1
[0m[0;34m1[0;34m0[0;34m1[0;34m0[0;34m1[0;34m0[0;34m1[0;34m1[0;34m1[0;34m0[0;34m1[0;34m1[0;34m1[0;34m1[0;34m1[0;34m1[0;34m1[0;34m1[0;34m1[0;34m0[0;34m1
[0m[0;34m1[0;34mN[0;34m1[0;34m0[0;34m0[0;34m0[0;34m0[0;34m0[0;34m1[0;34m0[0;34m0[0;34m0[0;34m0[0;34m0[0;34m0[0;34m0[0;34m0[0;34m0[0;34m0[0;34m0[0;34m1
[0m[0;34m1[0;34m1[0;34m1[0;34m1[0;34m1[0;34m1[0;34m1[0;34m1[0;34m1[0;34m1[0;34m1[0;34m1[0;34m1[0;34m1[0;34m1[0;34m1[0;34m1[0;34m1[0;34m1[0;34m1[0;34m1
[0mExit code: 0
‚ö†Ô∏è No Valgrind alerts, but with leaks[0m  
==76917== Memcheck, a memory error detector
==76917== Copyright (C) 2002-2022, and GNU GPL'd, by Julian Seward et al.
==76917== Using Valgrind-3.22.0 and LibVEX; rerun with -h for copyright info
==76917== Command: ./cub3d ./maps/good/matrix.cub
==76917== Parent PID: 76684
==76917== 
==76917== 
==76917== HEAP SUMMARY:
==76917==     in use at exit: 1,685 bytes in 67 blocks
==76917==   total heap usage: 210 allocs, 143 frees, 12,140 bytes allocated
==76917== 
==76917== LEAK SUMMARY:
==76917==    definitely lost: 594 bytes in 10 blocks
==76917==    indirectly lost: 1,091 bytes in 57 blocks
==76917==      possibly lost: 0 bytes in 0 blocks
==76917==    still reachable: 0 bytes in 0 blocks
==76917==         suppressed: 0 bytes in 0 blocks
==76917== Rerun with --leak-check=full to see details of leaked memory
==76917== 
==76917== For lists of detected and suppressed errors, rerun with: -s
==76917== ERROR SUMMARY: 0 errors from 0 contexts (suppressed: 0 from 0)
Running valgrind on ./maps/good/sad_face.cub...

[0;32m[Debug info]üõ†Ô∏è  Map info üîç
[0m[0;32m[Debug info] - Map width:[0m15
[0;32m[Debug info] - Map height:[0m13
[0;32m[Debug info]üõ†Ô∏è  Starting player position info üîç
[0m[0;32m[Debug info] - Player X:[0m7
[0;32m[Debug info] - Player Y:[0m3
[0;32m[Debug info] - Player Direction:[0mN
[0;32m[Debug info]üõ†Ô∏è  Textures info:  üîç
[0m[0;32m[Debug info] Texture north:[0mtextures/test/north.xpm
[0;32m[Debug info] Texture south:[0mtextures/test/south.xpm
[0;32m[Debug info] Texture west:[0mtextures/test/west.xpm
[0;32m[Debug info] Texture east:[0mtextures/test/east.xpm
[0;34m1[0;34m1[0;34m1[0;34m1[0;34m1[0;34m1[0;34m1[0;34m1[0;34m1[0;34m1[0;34m1[0;34m1[0;34m1[0;34m1[0;34m1
[0m[0;34m1[0;34m1[0;34m1[0;34m1[0;34m1[0;34m1[0;34m0[0;34m0[0;34m0[0;34m1[0;34m1[0;34m1[0;34m1[0;34m1[0;34m1
[0m[0;34m1[0;34m1[0;34m1[0;34m1[0;34m1[0;34m0[0;34m0[0;34m0[0;34m0[0;34m0[0;34m1[0;34m1[0;34m1[0;34m1[0;34m1
[0m[0;34m1[0;34m1[0;34m1[0;34m1[0;34m0[0;34m0[0;34m0[0;34mN[0;34m0[0;34m0[0;34m0[0;34m1[0;34m1[0;34m1[0;34m1
[0m[0;34m1[0;34m1[0;34m1[0;34m0[0;34m0[0;34m0[0;34m0[0;34m0[0;34m0[0;34m0[0;34m0[0;34m0[0;34m1[0;34m1[0;34m1
[0m[0;34m1[0;34m1[0;34m0[0;34m0[0;34m0[0;34m0[0;34m0[0;34m0[0;34m0[0;34m0[0;34m0[0;34m0[0;34m0[0;34m1[0;34m1
[0m[0;34m1[0;34m0[0;34m0[0;34m0[0;34m0[0;34m1[0;34m1[0;34m1[0;34m1[0;34m1[0;34m0[0;34m0[0;34m0[0;34m0[0;34m1
[0m[0;34m1[0;34m1[0;34m0[0;34m0[0;34m0[0;34m0[0;34m1[0;34m1[0;34m1[0;34m0[0;34m0[0;34m0[0;34m0[0;34m1[0;34m1
[0m[0;34m1[0;34m1[0;34m1[0;34m0[0;34m0[0;34m0[0;34m0[0;34m1[0;34m0[0;34m0[0;34m0[0;34m0[0;34m1[0;34m1[0;34m1
[0m[0;34m1[0;34m1[0;34m1[0;34m1[0;34m0[0;34m0[0;34m0[0;34m0[0;34m0[0;34m0[0;34m0[0;34m1[0;34m1[0;34m1[0;34m1
[0m[0;34m1[0;34m1[0;34m1[0;34m1[0;34m1[0;34m0[0;34m0[0;34m0[0;34m0[0;34m0[0;34m1[0;34m1[0;34m1[0;34m1[0;34m1
[0m[0;34m1[0;34m1[0;34m1[0;34m1[0;34m1[0;34m1[0;34m0[0;34m0[0;34m0[0;34m1[0;34m1[0;34m1[0;34m1[0;34m1[0;34m1
[0m[0;34m1[0;34m1[0;34m1[0;34m1[0;34m1[0;34m1[0;34m1[0;34m1[0;34m1[0;34m1[0;34m1[0;34m1[0;34m1[0;34m1[0;34m1
[0mExit code: 0
‚ö†Ô∏è No Valgrind alerts, but with leaks[0m  
==76998== Memcheck, a memory error detector
==76998== Copyright (C) 2002-2022, and GNU GPL'd, by Julian Seward et al.
==76998== Using Valgrind-3.22.0 and LibVEX; rerun with -h for copyright info
==76998== Command: ./cub3d ./maps/good/sad_face.cub
==76998== Parent PID: 76684
==76998== 
==76998== 
==76998== HEAP SUMMARY:
==76998==     in use at exit: 1,059 bytes in 51 blocks
==76998==   total heap usage: 152 allocs, 101 frees, 8,972 bytes allocated
==76998== 
==76998== LEAK SUMMARY:
==76998==    definitely lost: 472 bytes in 10 blocks
==76998==    indirectly lost: 587 bytes in 41 blocks
==76998==      possibly lost: 0 bytes in 0 blocks
==76998==    still reachable: 0 bytes in 0 blocks
==76998==         suppressed: 0 bytes in 0 blocks
==76998== Rerun with --leak-check=full to see details of leaked memory
==76998== 
==76998== For lists of detected and suppressed errors, rerun with: -s
==76998== ERROR SUMMARY: 0 errors from 0 contexts (suppressed: 0 from 0)
Running valgrind on ./maps/good/square_map.cub...

[0;32m[Debug info]üõ†Ô∏è  Map info üîç
[0m[0;32m[Debug info] - Map width:[0m24
[0;32m[Debug info] - Map height:[0m27
[0;34m1[0;34m1[0;34m1[0;34m1[0;34m1[0;34m1[0;34m1[0;34m1[0;34m1[0;34m1[0;34m1[0;34m1[0;34m1[0;34m1[0;34m1[0;34m1[0;34m1[0;34m1[0;34m1[0;34m1[0;34m1[0;34m1[0;34m1[0;34m1
[0m[0;34m1[0;34m0[0;34m0[0;34m0[0;34m0[0;34m0[0;34m0[0;34m0[0;34m0[0;34m0[0;34m0[0;34m0[0;34m0[0;34m0[0;34m0[0;34m0[0;34m0[0;34m0[0;34m0[0;34m0[0;34m0[0;34m0[0;34m0[0;34m1
[0m[0;34m1[0;34m0[0;34m0[0;34m0[0;34m0[0;34m0[0;34m0[0;34m0[0;34m0[0;34m0[0;34m0[0;34m0[0;34m0[0;34m0[0;34m0[0;34m0[0;34m0[0;34m0[0;34m0[0;34m0[0;34m0[0;34m0[0;34m0[0;34m1
[0m[0;34m1[0;34m0[0;34m0[0;34m0[0;34m0[0;34m0[0;34m0[0;34m0[0;34m0[0;34mN[0;34m0[0;34m0[0;34m0[0;34m0[0;34m0[0;34m0[0;34m0[0;34m0[0;34m0[0;34m0[0;34m0[0;34m0[0;34m0[0;34m1
[0m[0;34m1[0;34m0[0;34m0[0;34m0[0;34m0[0;34m0[0;34m0[0;34m0[0;34m0[0;34m0[0;34m0[0;34m0[0;34m0[0;34m0[0;34m0[0;34m0[0;34m0[0;34m0[0;34m0[0;34m0[0;34m0[0;34m0[0;34m0[0;34m1
[0m[0;34m1[0;34m0[0;34m0[0;34m0[0;34m0[0;34m0[0;34m0[0;34m0[0;34m0[0;34m0[0;34m0[0;34m0[0;34m0[0;34m0[0;34m0[0;34m0[0;34m0[0;34m0[0;34m0[0;34m0[0;34m0[0;34m0[0;34m0[0;34m1
[0m[0;34m1[0;34m0[0;34m0[0;34m0[0;34m0[0;34m0[0;34m0[0;34m0[0;34m0[0;34m0[0;34m0[0;34m0[0;34m0[0;34m0[0;34m0[0;34m0[0;34m0[0;34m0[0;34m0[0;34m0[0;34m0[0;34m0[0;34m0[0;34m1
[0m[0;34m1[0;34m0[0;34m0[0;34m0[0;34m0[0;34m0[0;34m1[0;34m1[0;34m1[0;34m1[0;34m1[0;34m0[0;34m0[0;34m0[0;34m0[0;34m1[0;34m0[0;34m1[0;34m0[0;34m1[0;34m0[0;34m0[0;34m0[0;34m1
[0m[0;34m1[0;34m0[0;34m0[0;34m0[0;34m0[0;34m0[0;34m1[0;34m0[0;34m0[0;34m0[0;34m1[0;34m0[0;34m0[0;34m0[0;34m0[0;34m0[0;34m0[0;34m0[0;34m0[0;34m0[0;34m0[0;34m0[0;34m0[0;34m1
[0m[0;34m1[0;34m0[0;34m0[0;34m0[0;34m0[0;34m0[0;34m1[0;34m0[0;34m0[0;34m0[0;34m1[0;34m0[0;34m0[0;34m0[0;34m0[0;34m1[0;34m0[0;34m0[0;34m0[0;34m1[0;34m0[0;34m0[0;34m0[0;34m1
[0m[0;34m1[0;34m0[0;34m0[0;34m0[0;34m0[0;34m0[0;34m1[0;34m0[0;34m0[0;34m0[0;34m1[0;34m0[0;34m0[0;34m0[0;34m0[0;34m0[0;34m0[0;34m0[0;34m0[0;34m0[0;34m0[0;34m0[0;34m0[0;34m1
[0m[0;34m1[0;34m0[0;34m0[0;34m0[0;34m0[0;34m0[0;34m1[0;34m1[0;34m1[0;34m1[0;34m0[0;34m0[0;34m0[0;34m0[0;34m1[0;34m0[0;34m1[0;34m0[0;34m1[0;34m0[0;34m0[0;34m0[0;34m0[0;34m1
[0m[0;34m1[0;34m0[0;34m0[0;34m0[0;34m0[0;34m0[0;34m0[0;34m0[0;34m0[0;34m0[0;34m0[0;34m0[0;34m0[0;34m0[0;34m0[0;34m0[0;34m0[0;34m0[0;34m0[0;34m0[0;34m0[0;34m0[0;34m0[0;34m1
[0m[0;34m1[0;34m0[0;34m0[0;34m0[0;34m0[0;34m0[0;34m0[0;34m0[0;34m0[0;34m0[0;34m0[0;34m0[0;34m0[0;34m0[0;34m0[0;34m0[0;34m0[0;34m0[0;34m0[0;34m0[0;34m0[0;34m0[0;34m0[0;34m1
[0m[0;34m1[0;34m0[0;34m0[0;34m0[0;34m0[0;34m0[0;34m0[0;34m0[0;34m0[0;34m0[0;34m0[0;34m0[0;34m0[0;34m0[0;34m0[0;34m0[0;34m0[0;34m0[0;34m0[0;34m0[0;34m0[0;34m0[0;34m0[0;34m1
[0m[0;34m1[0;34m0[0;34m0[0;34m0[0;34m0[0;34m0[0;34m0[0;34m0[0;34m0[0;34m0[0;34m0[0;34m0[0;34m0[0;34m0[0;34m0[0;34m0[0;34m0[0;34m0[0;34m0[0;34m0[0;34m0[0;34m0[0;34m0[0;34m1
[0m[0;34m1[0;34m0[0;34m0[0;34m0[0;34m0[0;34m0[0;34m0[0;34m0[0;34m0[0;34m0[0;34m0[0;34m0[0;34m0[0;34m0[0;34m0[0;34m0[0;34m0[0;34m0[0;34m0[0;34m0[0;34m0[0;34m0[0;34m0[0;34m1
[0m[0;34m1[0;34m0[0;34m0[0;34m0[0;34m0[0;34m0[0;34m0[0;34m0[0;34m0[0;34m0[0;34m0[0;34m0[0;34m0[0;34m0[0;34m0[0;34m0[0;34m0[0;34m0[0;34m0[0;34m0[0;34m0[0;34m0[0;34m0[0;34m1
[0m[0;34m1[0;34m0[0;34m0[0;34m0[0;34m0[0;34m0[0;34m0[0;34m0[0;34m0[0;34m0[0;34m0[0;34m0[0;34m0[0;34m0[0;34m0[0;34m0[0;34m0[0;34m0[0;34m0[0;34m0[0;34m0[0;34m0[0;34m0[0;34m1
[0m[0;34m1[0;34m1[0;34m1[0;34m1[0;34m1[0;34m1[0;34m1[0;34m1[0;34m1[0;34m0[0;34m0[0;34m0[0;34m0[0;34m0[0;34m0[0;34m0[0;34m0[0;34m0[0;34m0[0;34m0[0;34m0[0;34m0[0;34m0[0;34m1
[0m[0;34m1[0;34m0[0;34m0[0;34m1[0;34m0[0;34m0[0;34m0[0;34m0[0;34m1[0;34m0[0;34m0[0;34m0[0;34m0[0;34m0[0;34m0[0;34m0[0;34m0[0;34m0[0;34m0[0;[0;32m[Debug info]üõ†Ô∏è  Starting player position info üîç
[0m[0;32m[Debug info] - Player X:[0m9
[0;32m[Debug info] - Player Y:[0m3
[0;32m[Debug info] - Player Direction:[0mN
[0;32m[Debug info]üõ†Ô∏è  Textures info:  üîç
[0m[0;32m[Debug info] Texture north:[0mtextures/test/north.xpm
[0;32m[Debug info] Texture south:[0mtextures/test/south.xpm
[0;32m[Debug info] Texture west:[0mtextures/test/west.xpm
[0;32m[Debug info] Texture east:[0mtextures/test/east.xpm
34m0[0;34m0[0;34m0[0;34m0[0;34m1
[0m[0;34m1[0;34m0[0;34m0[0;34m0[0;34m0[0;34m0[0;34m1[0;34m0[0;34m1[0;34m0[0;34m0[0;34m0[0;34m0[0;34m0[0;34m0[0;34m0[0;34m0[0;34m0[0;34m0[0;34m0[0;34m0[0;34m0[0;34m0[0;34m1
[0m[0;34m1[0;34m0[0;34m0[0;34m1[0;34m0[0;34m0[0;34m0[0;34m0[0;34m1[0;34m0[0;34m0[0;34m0[0;34m0[0;34m0[0;34m0[0;34m0[0;34m0[0;34m0[0;34m0[0;34m0[0;34m0[0;34m0[0;34m0[0;34m1
[0m[0;34m1[0;34m0[0;34m0[0;34m1[0;34m1[0;34m1[0;34m1[0;34m1[0;34m1[0;34m0[0;34m0[0;34m0[0;34m0[0;34m0[0;34m0[0;34m0[0;34m0[0;34m0[0;34m0[0;34m0[0;34m0[0;34m0[0;34m0[0;34m1
[0m[0;34m1[0;34m0[0;34m0[0;34m0[0;34m0[0;34m0[0;34m0[0;34m0[0;34m0[0;34m0[0;34m0[0;34m0[0;34m0[0;34m0[0;34m0[0;34m0[0;34m0[0;34m0[0;34m0[0;34m0[0;34m0[0;34m0[0;34m0[0;34m1
[0m[0;34m1[0;34m0[0;34m0[0;34m0[0;34m0[0;34m0[0;34m0[0;34m0[0;34m0[0;34m0[0;34m0[0;34m0[0;34m0[0;34m0[0;34m0[0;34m0[0;34m0[0;34m0[0;34m0[0;34m0[0;34m0[0;34m0[0;34m0[0;34m1
[0m[0;34m1[0;34m1[0;34m1[0;34m1[0;34m1[0;34m1[0;34m1[0;34m1[0;34m1[0;34m1[0;34m1[0;34m1[0;34m1[0;34m1[0;34m1[0;34m1[0;34m1[0;34m1[0;34m1[0;34m1[0;34m1[0;34m1[0;34m1[0;34m1
[0mExit code: 0
‚ö†Ô∏è No Valgrind alerts, but with leaks[0m  
==77001== Memcheck, a memory error detector
==77001== Copyright (C) 2002-2022, and GNU GPL'd, by Julian Seward et al.
==77001== Using Valgrind-3.22.0 and LibVEX; rerun with -h for copyright info
==77001== Command: ./cub3d ./maps/good/square_map.cub
==77001== Parent PID: 76684
==77001== 
==77001== 
==77001== HEAP SUMMARY:
==77001==     in use at exit: 2,338 bytes in 84 blocks
==77001==   total heap usage: 277 allocs, 193 frees, 17,008 bytes allocated
==77001== 
==77001== LEAK SUMMARY:
==77001==    definitely lost: 744 bytes in 10 blocks
==77001==    indirectly lost: 1,594 bytes in 74 blocks
==77001==      possibly lost: 0 bytes in 0 blocks
==77001==    still reachable: 0 bytes in 0 blocks
==77001==         suppressed: 0 bytes in 0 blocks
==77001== Rerun with --leak-check=full to see details of leaked memory
==77001== 
==77001== For lists of detected and suppressed errors, rerun with: -s
==77001== ERROR SUMMARY: 0 errors from 0 contexts (suppressed: 0 from 0)
Running valgrind on ./maps/good/subject_map.cub...

[0;32m[Debug info]üõ†Ô∏è  Map info üîç
[0m[0;32m[Debug info] - Map width:[0m33
[0;32m[Debug info] - Map height:[0m14
[0;32m[Debug info]üõ†Ô∏è  Starting player position info üîç
[0m[0;32m[Debug info] - Player X:[0m26
[0;32m[Debug info] - Player Y:[0m11
[0;32m[Debug info] - Player Direction:[0mN
[0;32m[Debug info]üõ†Ô∏è  Textures info:  üîç
[0m[0;32m[Debug info] Texture north:[0mtextures/test/north.xpm
[0;32m[Debug info] Texture south:[0mtextures/test/south.xpm
[0;32m[Debug info] Texture west:[0mtextures/test/west.xpm
[0;32m[Debug info] Texture east:[0mtextures/test/east.xpm
[0;34m1[0;34m1[0;34m1[0;34m1[0;34m1[0;34m1[0;34m1[0;34m1[0;34m1[0;34m1[0;34m1[0;34m1[0;34m1[0;34m1[0;34m1[0;34m1[0;34m1[0;34m1[0;34m1[0;34m1[0;34m1[0;34m1[0;34m1[0;34m1[0;34m1[0;34m1[0;34m1[0;34m1[0;34m1[0;34m1[0;34m1[0;34m1[0;34m1
[0m[0;34m1[0;34m1[0;34m1[0;34m1[0;34m1[0;34m1[0;34m1[0;34m1[0;34m1[0;34m0[0;34m0[0;34m0[0;34m0[0;34m0[0;34m0[0;34m0[0;34m0[0;34m0[0;34m1[0;34m1[0;34m0[0;34m0[0;34m0[0;34m0[0;34m0[0;34m0[0;34m0[0;34m0[0;34m0[0;34m0[0;34m0[0;34m0[0;34m1
[0m[0;34m1[0;34m1[0;34m1[0;34m1[0;34m1[0;34m1[0;34m1[0;34m1[0;34m1[0;34m0[0;34m1[0;34m1[0;34m0[0;34m0[0;34m0[0;34m0[0;34m0[0;34m1[0;34m1[0;34m1[0;34m0[0;34m0[0;34m0[0;34m0[0;34m0[0;34m0[0;34m0[0;34m0[0;34m0[0;34m0[0;34m0[0;34m0[0;34m1
[0m[0;34m1[0;34m1[0;34m1[0;34m1[0;34m1[0;34m1[0;34m1[0;34m1[0;34m1[0;34m0[0;34m0[0;34m1[0;34m0[0;34m0[0;34m0[0;34m0[0;34m0[0;34m0[0;34m0[0;34m0[0;34m0[0;34m0[0;34m0[0;34m0[0;34m0[0;34m0[0;34m0[0;34m0[0;34m0[0;34m0[0;34m0[0;34m0[0;34m1
[0m[0;34m1[0;34m1[0;34m1[0;34m1[0;34m1[0;34m1[0;34m1[0;34m1[0;34m1[0;34m0[0;34m1[0;34m1[0;34m0[0;34m0[0;34m0[0;34m0[0;34m0[0;34m1[0;34m1[0;34m1[0;34m0[0;34m0[0;34m0[0;34m0[0;34m0[0;34m0[0;34m0[0;34m0[0;34m0[0;34m0[0;34m0[0;34m0[0;34m1
[0m[0;34m1[0;34m0[0;34m0[0;34m0[0;34m0[0;34m0[0;34m0[0;34m0[0;34m0[0;34m0[0;34m1[0;34m1[0;34m0[0;34m0[0;34m0[0;34m0[0;34m0[0;34m1[0;34m1[0;34m1[0;34m0[0;34m1[0;34m1[0;34m1[0;34m1[0;34m1[0;34m1[0;34m1[0;34m1[0;34m1[0;34m1[0;34m1[0;34m1
[0m[0;34m1[0;34m1[0;34m1[0;34m1[0;34m0[0;34m1[0;34m1[0;34m1[0;34m1[0;34m1[0;34m1[0;34m1[0;34m1[0;34m1[0;34m0[0;34m1[0;34m1[0;34m1[0;34m0[0;34m0[0;34m0[0;34m0[0;34m0[0;34m0[0;34m1[0;34m0[0;34m0[0;34m0[0;34m1[0;34m1[0;34m1[0;34m1[0;34m1
[0m[0;34m1[0;34m1[0;34m1[0;34m1[0;34m0[0;34m1[0;34m1[0;34m1[0;34m1[0;34m1[0;34m1[0;34m1[0;34m1[0;34m1[0;34m0[0;34m1[0;34m1[0;34m1[0;34m0[0;34m1[0;34m0[0;34m1[0;34m0[0;34m0[0;34m1[0;34m0[0;34m0[0;34m0[0;34m1[0;34m1[0;34m1[0;34m1[0;34m1
[0m[0;34m1[0;34m1[0;34m0[0;34m0[0;34m0[0;34m0[0;34m0[0;34m0[0;34m1[0;34m1[0;34m0[0;34m1[0;34m0[0;34m1[0;34m0[0;34m1[0;34m1[0;34m1[0;34m0[0;34m0[0;34m0[0;34m0[0;34m0[0;34m0[0;34m1[0;34m0[0;34m0[0;34m0[0;34m1[0;34m1[0;34m1[0;34m1[0;34m1
[0m[0;34m1[0;34m0[0;34m0[0;34m0[0;34m0[0;34m0[0;34m0[0;34m0[0;34m0[0;34m0[0;34m0[0;34m0[0;34m0[0;34m0[0;34m0[0;34m0[0;34m1[0;34m1[0;34m0[0;34m0[0;34m0[0;34m0[0;34m0[0;34m0[0;34m1[0;34m0[0;34m0[0;34m0[0;34m1[0;34m1[0;34m1[0;34m1[0;34m1
[0m[0;34m1[0;34m0[0;34m0[0;34m0[0;34m0[0;34m0[0;34m0[0;34m0[0;34m0[0;34m0[0;34m0[0;34m0[0;34m0[0;34m0[0;34m0[0;34m0[0;34m1[0;34m1[0;34m0[0;34m1[0;34m0[0;34m1[0;34m0[0;34m0[0;34m1[0;34m0[0;34m0[0;34m0[0;34m1[0;34m1[0;34m1[0;34m1[0;34m1
[0m[0;34m1[0;34m1[0;34m0[0;34m0[0;34m0[0;34m0[0;34m0[0;34m1[0;34m1[0;34m1[0;34m0[0;34m1[0;34m0[0;34m1[0;34m0[0;34m1[0;34m1[0;34m1[0;34m1[0;34m1[0;34m0[0;34m1[0;34m1[0;34m1[0;34m1[0;34m0[0;34mN[0;34m0[0;34m1[0;34m1[0;34m1[0;34m1[0;34m1
[0m[0;34m1[0;34m1[0;34m1[0;34m1[0;34m0[0;34m1[0;34m1[0;34m1[0;34m1[0;34m1[0;34m1[0;34m1[0;34m0[0;34m1[0;34m0[0;34m1[0;34m1[0;34m1[0;34m0[0;34m1[0;34m1[0;34m1[0;34m1[0;34m0[0;34m1[0;34m0[0;34m0[0;34m0[0;34m1[0;34m1[0;34m1[0;34m1[0;34m1
[0m[0;34m1[0;34m1[0;34m1[0;34m1[0;34m1[0;34m1[0;34m1[0;34m1[0;34m1[0;34m1[0;34m1[0;34m1[0;34m1[0;34m1[0;34m1[0;34m1[0;34m1[0;34m1[0;34m1[0;34m1[0;34m1[0;34m1[0;34m1[0;34m1[0;34m1[0;34m1[0;34m1[0;34m1[0;34m1[0;34m1[0;34m1[0;34m1[0;34m1
[0mExit code: 0
‚ö†Ô∏è No Valgrind alerts, but with leaks[0m  
==77145== Memcheck, a memory error detector
==77145== Copyright (C) 2002-2022, and GNU GPL'd, by Julian Seward et al.
==77145== Using Valgrind-3.22.0 and LibVEX; rerun with -h for copyright info
==77145== Command: ./cub3d ./maps/good/subject_map.cub
==77145== Parent PID: 76684
==77145== 
==77145== 
==77145== HEAP SUMMARY:
==77145==     in use at exit: 1,575 bytes in 52 blocks
==77145==   total heap usage: 164 allocs, 112 frees, 10,128 bytes allocated
==77145== 
==77145== LEAK SUMMARY:
==77145==    definitely lost: 481 bytes in 10 blocks
==77145==    indirectly lost: 1,094 bytes in 42 blocks
==77145==      possibly lost: 0 bytes in 0 blocks
==77145==    still reachable: 0 bytes in 0 blocks
==77145==         suppressed: 0 bytes in 0 blocks
==77145== Rerun with --leak-check=full to see details of leaked memory
==77145== 
==77145== For lists of detected and suppressed errors, rerun with: -s
==77145== ERROR SUMMARY: 0 errors from 0 contexts (suppressed: 0 from 0)
Running valgrind on ./maps/good/test_map.cub...

[0;32m[Debug info]üõ†Ô∏è  Map info üîç
[0m[0;32m[Debug info] - Map width:[0m12
[0;32m[Debug info] - Map height:[0m8
[0;32m[Debug info]üõ†Ô∏è  Starting player position info üîç
[0m[0;32m[Debug info] - Player X:[0m2
[0;32m[Debug info] - Player Y:[0m4
[0;32m[Debug info] - Player Direction:[0mS
[0;32m[Debug info]üõ†Ô∏è  Textures info:  üîç
[0m[0;32m[Debug info] Texture north:[0mtextures/test/north.xpm
[0;32m[Debug info] Texture south:[0mtextures/test/south.xpm
[0;32m[Debug info] Texture west:[0mtextures/test/west.xpm
[0;32m[Debug info] Texture east:[0mtextures/test/east.xpm
[0;34m1[0;34m1[0;34m1[0;34m1[0;34m1[0;34m1[0;34m1[0;34m1[0;34m1[0;34m1[0;34m1[0;34m1
[0m[0;34m1[0;34m1[0;34m1[0;34m1[0;34m1[0;34m1[0;34m1[0;34m1[0;34m1[0;34m1[0;34m1[0;34m1
[0m[0;34m1[0;34m1[0;34m1[0;34m1[0;34m1[0;34m1[0;34m1[0;34m1[0;34m1[0;34m1[0;34m1[0;34m1
[0m[0;34m1[0;34m1[0;34m1[0;34m1[0;34m1[0;34m1[0;34m1[0;34m1[0;34m1[0;34m1[0;34m1[0;34m1
[0m[0;34m1[0;34m0[0;34mS[0;34m0[0;34m0[0;34m0[0;34m0[0;34m0[0;34m0[0;34m0[0;34m0[0;34m1
[0m[0;34m1[0;34m1[0;34m1[0;34m1[0;34m1[0;34m1[0;34m1[0;34m1[0;34m1[0;34m1[0;34m1[0;34m1
[0m[0;34m1[0;34m1[0;34m1[0;34m1[0;34m1[0;34m1[0;34m1[0;34m1[0;34m1[0;34m1[0;34m1[0;34m1
[0m[0;34m1[0;34m1[0;34m1[0;34m1[0;34m1[0;34m1[0;34m1[0;34m1[0;34m1[0;34m1[0;34m1[0;34m1
[0mExit code: 0
‚ö†Ô∏è No Valgrind alerts, but with leaks[0m  
==77148== Memcheck, a memory error detector
==77148== Copyright (C) 2002-2022, and GNU GPL'd, by Julian Seward et al.
==77148== Using Valgrind-3.22.0 and LibVEX; rerun with -h for copyright info
==77148== Command: ./cub3d ./maps/good/test_map.cub
==77148== Parent PID: 76684
==77148== 
==77148== 
==77148== HEAP SUMMARY:
==77148==     in use at exit: 765 bytes in 40 blocks
==77148==   total heap usage: 113 allocs, 73 frees, 7,229 bytes allocated
==77148== 
==77148== LEAK SUMMARY:
==77148==    definitely lost: 387 bytes in 10 blocks
==77148==    indirectly lost: 378 bytes in 30 blocks
==77148==      possibly lost: 0 bytes in 0 blocks
==77148==    still reachable: 0 bytes in 0 blocks
==77148==         suppressed: 0 bytes in 0 blocks
==77148== Rerun with --leak-check=full to see details of leaked memory
==77148== 
==77148== For lists of detected and suppressed errors, rerun with: -s
==77148== ERROR SUMMARY: 0 errors from 0 contexts (suppressed: 0 from 0)
Running valgrind on ./maps/good/test_map_hole.cub...

[0;32m[Debug info]üõ†Ô∏è  Map info üîç
[0m[0;32m[Debug info] - Map width:[0m12
[0;32m[Debug info] - Map height:[0m8
[0;32m[Debug info]üõ†Ô∏è  Starting player position info üîç
[0m[0;32m[Debug info] - Player X:[0m2
[0;32m[Debug info] - Player Y:[0m4
[0;32m[Debug info] - Player Direction:[0mS
[0;32m[Debug info]üõ†Ô∏è  Textures info:  üîç
[0m[0;32m[Debug info] Texture north:[0mtextures/test/north.xpm
[0;32m[Debug info] Texture south:[0mtextures/test/south.xpm
[0;32m[Debug info] Texture west:[0mtextures/test/west.xpm
[0;32m[Debug info] Texture east:[0mtextures/test/east.xpm
[0;34m1[0;34m1[0;34m1[0;34m1[0;34m1[0;34m1[0;34m1[0;34m1[0;34m1[0;34m1[0;34m1[0;34m1
[0m[0;34m1[0;34m1[0;34m1[0;34m1[0;34m1[0;34m1[0;34m1[0;34m1[0;34m1[0;34m1[0;34m1[0;34m1
[0m[0;34m1[0;34m1[0;34m1[0;34m1[0;34m1[0;34m1[0;34m1[0;34m1[0;34m0[0;34m0[0;34m0[0;34m1
[0m[0;34m1[0;34m0[0;34m0[0;34m0[0;34m0[0;34m0[0;34m0[0;34m1[0;34m0[0;34m0[0;34m1[0;34m1
[0m[0;34m1[0;34m0[0;34mS[0;34m0[0;34m0[0;34m0[0;34m0[0;34m0[0;34m0[0;34m0[0;34m0[0;34m1
[0m[0;34m1[0;34m1[0;34m1[0;34m1[0;34m1[0;34m1[0;34m1[0;34m1[0;34m1[0;34m1[0;34m1[0;34m1
[0m[0;34m1[0;34m1[0;34m1[0;34m1[0;34m1[0;34m1[0;34m1[0;34m1[0;34m1[0;34m1[0;34m1[0;34m1
[0m[0;34m1[0;34m1[0;34m1[0;34m1[0;34m1[0;34m1[0;34m1[0;34m1[0;34m1[0;34m1[0;34m1[0;34m1
[0mExit code: 0
‚ö†Ô∏è No Valgrind alerts, but with leaks[0m  
==77151== Memcheck, a memory error detector
==77151== Copyright (C) 2002-2022, and GNU GPL'd, by Julian Seward et al.
==77151== Using Valgrind-3.22.0 and LibVEX; rerun with -h for copyright info
==77151== Command: ./cub3d ./maps/good/test_map_hole.cub
==77151== Parent PID: 76684
==77151== 
==77151== 
==77151== HEAP SUMMARY:
==77151==     in use at exit: 765 bytes in 40 blocks
==77151==   total heap usage: 113 allocs, 73 frees, 7,229 bytes allocated
==77151== 
==77151== LEAK SUMMARY:
==77151==    definitely lost: 387 bytes in 10 blocks
==77151==    indirectly lost: 378 bytes in 30 blocks
==77151==      possibly lost: 0 bytes in 0 blocks
==77151==    still reachable: 0 bytes in 0 blocks
==77151==         suppressed: 0 bytes in 0 blocks
==77151== Rerun with --leak-check=full to see details of leaked memory
==77151== 
==77151== For lists of detected and suppressed errors, rerun with: -s
==77151== ERROR SUMMARY: 0 errors from 0 contexts (suppressed: 0 from 0)
Running valgrind on ./maps/good/test_pos_bottom.cub...

[0;32m[Debug info]üõ†Ô∏è  Map info üîç
[0m[0;32m[Debug info] - Map width:[0m3
[0;32m[Debug info] - Map height:[0m13
[0;32m[Debug info]üõ†Ô∏è  Starting player position info üîç
[0m[0;32m[Debug info] - Player X:[0m1
[0;32m[Debug info] - Player Y:[0m11
[0;32m[Debug info] - Player Direction:[0mS
[0;32m[Debug info]üõ†Ô∏è  Textures info:  üîç
[0m[0;32m[Debug info] Texture north:[0mtextures/test/north.xpm
[0;32m[Debug info] Texture south:[0mtextures/test/south.xpm
[0;32m[Debug info] Texture west:[0mtextures/test/west.xpm
[0;32m[Debug info] Texture east:[0mtextures/test/east.xpm
[0;34m1[0;34m1[0;34m1
[0m[0;34m1[0;34m0[0;34m1
[0m[0;34m1[0;34m0[0;34m1
[0m[0;34m1[0;34m0[0;34m1
[0m[0;34m1[0;34m0[0;34m1
[0m[0;34m1[0;34m0[0;34m1
[0m[0;34m1[0;34m0[0;34m1
[0m[0;34m1[0;34m0[0;34m1
[0m[0;34m1[0;34m0[0;34m1
[0m[0;34m1[0;34m0[0;34m1
[0m[0;34m1[0;34m0[0;34m1
[0m[0;34m1[0;34mS[0;34m1
[0m[0;34m1[0;34m1[0;34m1
[0mExit code: 0
‚ö†Ô∏è No Valgrind alerts, but with leaks[0m  
==77154== Memcheck, a memory error detector
==77154== Copyright (C) 2002-2022, and GNU GPL'd, by Julian Seward et al.
==77154== Using Valgrind-3.22.0 and LibVEX; rerun with -h for copyright info
==77154== Command: ./cub3d ./maps/good/test_pos_bottom.cub
==77154== Parent PID: 76684
==77154== 
==77154== 
==77154== HEAP SUMMARY:
==77154==     in use at exit: 746 bytes in 50 blocks
==77154==   total heap usage: 141 allocs, 91 frees, 8,007 bytes allocated
==77154== 
==77154== LEAK SUMMARY:
==77154==    definitely lost: 467 bytes in 10 blocks
==77154==    indirectly lost: 279 bytes in 40 blocks
==77154==      possibly lost: 0 bytes in 0 blocks
==77154==    still reachable: 0 bytes in 0 blocks
==77154==         suppressed: 0 bytes in 0 blocks
==77154== Rerun with --leak-check=full to see details of leaked memory
==77154== 
==77154== For lists of detected and suppressed errors, rerun with: -s
==77154== ERROR SUMMARY: 0 errors from 0 contexts (suppressed: 0 from 0)
Running valgrind on ./maps/good/test_pos_left.cub...

[0;32m[Debug info]üõ†Ô∏è  Map info üîç
[0m[0;32m[Debug info] - Map width:[0m21
[0;32m[Debug info] - Map height:[0m3
[0;32m[Debug info]üõ†Ô∏è  Starting player position info üîç
[0m[0;32m[Debug info] - Player X:[0m1
[0;32m[Debug info] - Player Y:[0m1
[0;32m[Debug info] - Player Direction:[0mW
[0;32m[Debug info]üõ†Ô∏è  Textures info:  üîç
[0m[0;32m[Debug info] Texture north:[0mtextures/test/north.xpm
[0;32m[Debug info] Texture south:[0mtextures/test/south.xpm
[0;32m[Debug info] Texture west:[0mtextures/test/west.xpm
[0;32m[Debug info] Texture east:[0mtextures/test/east.xpm
[0;34m1[0;34m1[0;34m1[0;34m1[0;34m1[0;34m1[0;34m1[0;34m1[0;34m1[0;34m1[0;34m1[0;34m1[0;34m1[0;34m1[0;34m1[0;34m1[0;34m1[0;34m1[0;34m1[0;34m1[0;34m1
[0m[0;34m1[0;34mW[0;34m0[0;34m0[0;34m0[0;34m0[0;34m0[0;34m0[0;34m0[0;34m0[0;34m0[0;34m0[0;34m0[0;34m0[0;34m0[0;34m0[0;34m0[0;34m0[0;34m0[0;34m0[0;34m1
[0m[0;34m1[0;34m1[0;34m1[0;34m1[0;34m1[0;34m1[0;34m1[0;34m1[0;34m1[0;34m1[0;34m1[0;34m1[0;34m1[0;34m1[0;34m1[0;34m1[0;34m1[0;34m1[0;34m1[0;34m1[0;34m1
[0mExit code: 0
‚ö†Ô∏è No Valgrind alerts, but with leaks[0m  
==77157== Memcheck, a memory error detector
==77157== Copyright (C) 2002-2022, and GNU GPL'd, by Julian Seward et al.
==77157== Using Valgrind-3.22.0 and LibVEX; rerun with -h for copyright info
==77157== Command: ./cub3d ./maps/good/test_pos_left.cub
==77157== Parent PID: 76684
==77157== 
==77157== 
==77157== HEAP SUMMARY:
==77157==     in use at exit: 604 bytes in 30 blocks
==77157==   total heap usage: 82 allocs, 52 frees, 6,237 bytes allocated
==77157== 
==77157== LEAK SUMMARY:
==77157==    definitely lost: 307 bytes in 10 blocks
==77157==    indirectly lost: 297 bytes in 20 blocks
==77157==      possibly lost: 0 bytes in 0 blocks
==77157==    still reachable: 0 bytes in 0 blocks
==77157==         suppressed: 0 bytes in 0 blocks
==77157== Rerun with --leak-check=full to see details of leaked memory
==77157== 
==77157== For lists of detected and suppressed errors, rerun with: -s
==77157== ERROR SUMMARY: 0 errors from 0 contexts (suppressed: 0 from 0)
Running valgrind on ./maps/good/test_pos_right.cub...

[0;32m[Debug info]üõ†Ô∏è  Map info üîç
[0m[0;32m[Debug info] - Map width:[0m21
[0;32m[Debug info] - Map height:[0m3
[0;32m[Debug info]üõ†Ô∏è  Starting player position info üîç
[0m[0;32m[Debug info] - Player X:[0m19
[0;32m[Debug info] - Player Y:[0m1
[0;32m[Debug info] - Player Direction:[0mE
[0;32m[Debug info]üõ†Ô∏è  Textures info:  üîç
[0m[0;32m[Debug info] Texture north:[0mtextures/test/north.xpm
[0;32m[Debug info] Texture south:[0mtextures/test/south.xpm
[0;32m[Debug info] Texture west:[0mtextures/test/west.xpm
[0;32m[Debug info] Texture east:[0mtextures/test/east.xpm
[0;34m1[0;34m1[0;34m1[0;34m1[0;34m1[0;34m1[0;34m1[0;34m1[0;34m1[0;34m1[0;34m1[0;34m1[0;34m1[0;34m1[0;34m1[0;34m1[0;34m1[0;34m1[0;34m1[0;34m1[0;34m1
[0m[0;34m1[0;34m0[0;34m0[0;34m0[0;34m0[0;34m0[0;34m0[0;34m0[0;34m0[0;34m0[0;34m0[0;34m0[0;34m0[0;34m0[0;34m0[0;34m0[0;34m0[0;34m0[0;34m0[0;34mE[0;34m1
[0m[0;34m1[0;34m1[0;34m1[0;34m1[0;34m1[0;34m1[0;34m1[0;34m1[0;34m1[0;34m1[0;34m1[0;34m1[0;34m1[0;34m1[0;34m1[0;34m1[0;34m1[0;34m1[0;34m1[0;34m1[0;34m1
[0mExit code: 0
‚ö†Ô∏è No Valgrind alerts, but with leaks[0m  
==77160== Memcheck, a memory error detector
==77160== Copyright (C) 2002-2022, and GNU GPL'd, by Julian Seward et al.
==77160== Using Valgrind-3.22.0 and LibVEX; rerun with -h for copyright info
==77160== Command: ./cub3d ./maps/good/test_pos_right.cub
==77160== Parent PID: 76684
==77160== 
==77160== 
==77160== HEAP SUMMARY:
==77160==     in use at exit: 604 bytes in 30 blocks
==77160==   total heap usage: 82 allocs, 52 frees, 6,237 bytes allocated
==77160== 
==77160== LEAK SUMMARY:
==77160==    definitely lost: 307 bytes in 10 blocks
==77160==    indirectly lost: 297 bytes in 20 blocks
==77160==      possibly lost: 0 bytes in 0 blocks
==77160==    still reachable: 0 bytes in 0 blocks
==77160==         suppressed: 0 bytes in 0 blocks
==77160== Rerun with --leak-check=full to see details of leaked memory
==77160== 
==77160== For lists of detected and suppressed errors, rerun with: -s
==77160== ERROR SUMMARY: 0 errors from 0 contexts (suppressed: 0 from 0)
Running valgrind on ./maps/good/test_pos_top.cub...

[0;32m[Debug info]üõ†Ô∏è  Map info üîç
[0m[0;32m[Debug info] - Map width:[0m3
[0;32m[Debug info] - Map height:[0m13
[0;32m[Debug info]üõ†Ô∏è  Starting player position info üîç
[0m[0;32m[Debug info] - Player X:[0m1
[0;32m[Debug info] - Player Y:[0m1
[0;32m[Debug info] - Player Direction:[0mN
[0;32m[Debug info]üõ†Ô∏è  Textures info:  üîç
[0m[0;32m[Debug info] Texture north:[0mtextures/test/north.xpm
[0;32m[Debug info] Texture south:[0mtextures/test/south.xpm
[0;32m[Debug info] Texture west:[0mtextures/test/west.xpm
[0;32m[Debug info] Texture east:[0mtextures/test/east.xpm
[0;34m1[0;34m1[0;34m1
[0m[0;34m1[0;34mN[0;34m1
[0m[0;34m1[0;34m0[0;34m1
[0m[0;34m1[0;34m0[0;34m1
[0m[0;34m1[0;34m0[0;34m1
[0m[0;34m1[0;34m0[0;34m1
[0m[0;34m1[0;34m0[0;34m1
[0m[0;34m1[0;34m0[0;34m1
[0m[0;34m1[0;34m0[0;34m1
[0m[0;34m1[0;34m0[0;34m1
[0m[0;34m1[0;34m0[0;34m1
[0m[0;34m1[0;34m0[0;34m1
[0m[0;34m1[0;34m1[0;34m1
[0mExit code: 0
‚ö†Ô∏è No Valgrind alerts, but with leaks[0m  
==77241== Memcheck, a memory error detector
==77241== Copyright (C) 2002-2022, and GNU GPL'd, by Julian Seward et al.
==77241== Using Valgrind-3.22.0 and LibVEX; rerun with -h for copyright info
==77241== Command: ./cub3d ./maps/good/test_pos_top.cub
==77241== Parent PID: 76684
==77241== 
==77241== 
==77241== HEAP SUMMARY:
==77241==     in use at exit: 746 bytes in 50 blocks
==77241==   total heap usage: 141 allocs, 91 frees, 8,007 bytes allocated
==77241== 
==77241== LEAK SUMMARY:
==77241==    definitely lost: 467 bytes in 10 blocks
==77241==    indirectly lost: 279 bytes in 40 blocks
==77241==      possibly lost: 0 bytes in 0 blocks
==77241==    still reachable: 0 bytes in 0 blocks
==77241==         suppressed: 0 bytes in 0 blocks
==77241== Rerun with --leak-check=full to see details of leaked memory
==77241== 
==77241== For lists of detected and suppressed errors, rerun with: -s
==77241== ERROR SUMMARY: 0 errors from 0 contexts (suppressed: 0 from 0)
Running valgrind on ./maps/good/test_textures.cub...

[0;32m[Debug info]üõ†Ô∏è  Map info üîç
[0m[0;32m[Debug info] - Map width:[0m5
[0;32m[Debug info] - Map height:[0m13
[0;32m[Debug info]üõ†Ô∏è  Starting player position info üîç
[0m[0;32m[Debug info] - Player X:[0m2
[0;32m[Debug info] - Player Y:[0m2
[0;32m[Debug info] - Player Direction:[0mS
[0;32m[Debug info]üõ†Ô∏è  Textures info:  üîç
[0m[0;32m[Debug info] Texture north:[0mtextures/test/north.xpm
[0;32m[Debug info] Texture south:[0mtextures/test/south.xpm
[0;32m[Debug info] Texture west:[0mtextures/test/west.xpm
[0;32m[Debug info] Texture east:[0mtextures/test/east.xpm
[0;34m1[0;34m1[0;34m1[0;34m1[0;34m1
[0m[0;34m1[0;34m0[0;34m0[0;34m0[0;34m1
[0m[0;34m1[0;34m0[0;34mS[0;34m0[0;34m1
[0m[0;34m1[0;34m0[0;34m0[0;34m0[0;34m1
[0m[0;34m1[0;34m0[0;34m0[0;34m0[0;34m1
[0m[0;34m1[0;34m0[0;34m0[0;34m0[0;34m1
[0m[0;34m1[0;34m1[0;34m0[0;34m0[0;34m1
[0m[0;34m1[0;34m0[0;34m0[0;34m0[0;34m1
[0m[0;34m1[0;34m0[0;34m0[0;34m0[0;34m1
[0m[0;34m1[0;34m0[0;34m0[0;34m0[0;34m1
[0m[0;34m1[0;34m0[0;34m0[0;34m0[0;34m1
[0m[0;34m1[0;34m0[0;34m0[0;34m0[0;34m1
[0m[0;34m1[0;34m1[0;34m1[0;34m1[0;34m1
[0mExit code: 0
‚ö†Ô∏è No Valgrind alerts, but with leaks[0m  
==77244== Memcheck, a memory error detector
==77244== Copyright (C) 2002-2022, and GNU GPL'd, by Julian Seward et al.
==77244== Using Valgrind-3.22.0 and LibVEX; rerun with -h for copyright info
==77244== Command: ./cub3d ./maps/good/test_textures.cub
==77244== Parent PID: 76684
==77244== 
==77244== 
==77244== HEAP SUMMARY:
==77244==     in use at exit: 798 bytes in 50 blocks
==77244==   total heap usage: 142 allocs, 92 frees, 8,146 bytes allocated
==77244== 
==77244== LEAK SUMMARY:
==77244==    definitely lost: 467 bytes in 10 blocks
==77244==    indirectly lost: 331 bytes in 40 blocks
==77244==      possibly lost: 0 bytes in 0 blocks
==77244==    still reachable: 0 bytes in 0 blocks
==77244==         suppressed: 0 bytes in 0 blocks
==77244== Rerun with --leak-check=full to see details of leaked memory
==77244== 
==77244== For lists of detected and suppressed errors, rerun with: -s
==77244== ERROR SUMMARY: 0 errors from 0 contexts (suppressed: 0 from 0)
Running valgrind on ./maps/good/test_whitespace.cub...

[0;32m[Debug info]üõ†Ô∏è  Map info üîç
[0m[0;32m[Debug info] - Map width:[0m21
[0;32m[Debug info] - Map height:[0m13
[0;32m[Debug info]üõ†Ô∏è  Starting player position info üîç
[0m[0;32m[Debug info] - Player X:[0m2
[0;32m[Debug info] - Player Y:[0m2
[0;32m[Debug info] - Player Direction:[0mS
[0;32m[Debug info]üõ†Ô∏è  Textures info:  üîç
[0m[0;32m[Debug info] Texture north:[0mtextures/test/north.xpm
[0;32m[Debug info] Texture south:[0mtextures/test/south.xpm
[0;32m[Debug info] Texture west:[0mtextures/test/west.xpm
[0;32m[Debug info] Texture east:[0mtextures/test/east.xpm
[0;34m1[0;34m1[0;34m1[0;34m1[0;34m1[0;34m1[0;34m1[0;34m1[0;34m1[0;34m1[0;34m1[0;34m1[0;34m1[0;34m1[0;34m1[0;34m1[0;34m1[0;34m1[0;34m1[0;34m1[0;34m1
[0m[0;34m1[0;34m0[0;34m0[0;34m0[0;34m1[0;34m1[0;34m1[0;34m1[0;34m1[0;34m1[0;34m1[0;34m1[0;34m1[0;34m1[0;34m1[0;34m1[0;34m1[0;34m1[0;34m1[0;34m1[0;34m1
[0m[0;34m1[0;34m0[0;34mS[0;34m0[0;34m1[0;34m1[0;34m1[0;34m1[0;34m1[0;34m1[0;34m1[0;34m1[0;34m1[0;34m1[0;34m1[0;34m1[0;34m1[0;34m1[0;34m1[0;34m1[0;34m1
[0m[0;34m1[0;34m0[0;34m0[0;34m0[0;34m1[0;34m1[0;34m1[0;34m1[0;34m1[0;34m1[0;34m1[0;34m1[0;34m1[0;34m1[0;34m1[0;34m1[0;34m1[0;34m1[0;34m1[0;34m1[0;34m1
[0m[0;34m1[0;34m0[0;34m0[0;34m0[0;34m1[0;34m1[0;34m1[0;34m1[0;34m1[0;34m1[0;34m1[0;34m1[0;34m1[0;34m1[0;34m1[0;34m1[0;34m1[0;34m1[0;34m1[0;34m1[0;34m1
[0m[0;34m1[0;34m0[0;34m0[0;34m0[0;34m1[0;34m1[0;34m1[0;34m1[0;34m1[0;34m1[0;34m1[0;34m1[0;34m1[0;34m1[0;34m1[0;34m1[0;34m1[0;34m1[0;34m1[0;34m1[0;34m1
[0m[0;34m1[0;34m1[0;34m0[0;34m0[0;34m1[0;34m1[0;34m1[0;34m1[0;34m1[0;34m1[0;34m1[0;34m1[0;34m1[0;34m1[0;34m1[0;34m1[0;34m1[0;34m1[0;34m1[0;34m1[0;34m1
[0m[0;34m1[0;34m0[0;34m0[0;34m0[0;34m1[0;34m1[0;34m1[0;34m1[0;34m1[0;34m1[0;34m1[0;34m1[0;34m1[0;34m1[0;34m1[0;34m1[0;34m1[0;34m1[0;34m1[0;34m1[0;34m1
[0m[0;34m1[0;34m0[0;34m0[0;34m0[0;34m1[0;34m1[0;34m1[0;34m1[0;34m1[0;34m1[0;34m1[0;34m1[0;34m1[0;34m1[0;34m1[0;34m1[0;34m1[0;34m1[0;34m1[0;34m1[0;34m1
[0m[0;34m1[0;34m0[0;34m0[0;34m0[0;34m1[0;34m1[0;34m1[0;34m1[0;34m1[0;34m1[0;34m1[0;34m1[0;34m1[0;34m1[0;34m1[0;34m1[0;34m1[0;34m1[0;34m1[0;34m1[0;34m1
[0m[0;34m1[0;34m0[0;34m0[0;34m0[0;34m1[0;34m1[0;34m1[0;34m1[0;34m1[0;34m1[0;34m1[0;34m1[0;34m1[0;34m1[0;34m1[0;34m1[0;34m1[0;34m1[0;34m1[0;34m1[0;34m1
[0m[0;34m1[0;34m0[0;34m0[0;34m0[0;34m1[0;34m1[0;34m1[0;34m1[0;34m1[0;34m1[0;34m1[0;34m1[0;34m1[0;34m1[0;34m1[0;34m1[0;34m1[0;34m1[0;34m1[0;34m1[0;34m1
[0m[0;34m1[0;34m1[0;34m1[0;34m1[0;34m1[0;34m1[0;34m1[0;34m1[0;34m1[0;34m1[0;34m1[0;34m1[0;34m1[0;34m1[0;34m1[0;34m1[0;34m1[0;34m1[0;34m1[0;34m1[0;34m1
[0mExit code: 0
‚ö†Ô∏è No Valgrind alerts, but with leaks[0m  
==77388== Memcheck, a memory error detector
==77388== Copyright (C) 2002-2022, and GNU GPL'd, by Julian Seward et al.
==77388== Using Valgrind-3.22.0 and LibVEX; rerun with -h for copyright info
==77388== Command: ./cub3d ./maps/good/test_whitespace.cub
==77388== Parent PID: 76684
==77388== 
==77388== 
==77388== HEAP SUMMARY:
==77388==     in use at exit: 1,566 bytes in 89 blocks
==77388==   total heap usage: 306 allocs, 217 frees, 23,419 bytes allocated
==77388== 
==77388== LEAK SUMMARY:
==77388==    definitely lost: 813 bytes in 10 blocks
==77388==    indirectly lost: 753 bytes in 79 blocks
==77388==      possibly lost: 0 bytes in 0 blocks
==77388==    still reachable: 0 bytes in 0 blocks
==77388==         suppressed: 0 bytes in 0 blocks
==77388== Rerun with --leak-check=full to see details of leaked memory
==77388== 
==77388== For lists of detected and suppressed errors, rerun with: -s
==77388== ERROR SUMMARY: 0 errors from 0 contexts (suppressed: 0 from 0)
Running valgrind on ./maps/good/works.cub...

[0;32m[Debug info]üõ†Ô∏è  Map info üîç
[0m[0;32m[Debug info] - Map width:[0m25
[0;32m[Debug info] - Map height:[0m6
[0;32m[Debug info]üõ†Ô∏è  Starting player position info üîç
[0m[0;32m[Debug info] - Player X:[0m2
[0;32m[Debug info] - Player Y:[0m1
[0;32m[Debug info] - Player Direction:[0mS
[0;32m[Debug info]üõ†Ô∏è  Textures info:  üîç
[0m[0;32m[Debug info] Texture north:[0mtextures/test/north.xpm
[0;32m[Debug info] Texture south:[0mtextures/test/south.xpm
[0;32m[Debug info] Texture west:[0mtextures/test/west.xpm
[0;32m[Debug info] Texture east:[0mtextures/test/east.xpm
[0;34m1[0;34m1[0;34m1[0;34m1[0;34m1[0;34m1[0;34m1[0;34m1[0;34m1[0;34m1[0;34m1[0;34m1[0;34m1[0;34m1[0;34m1[0;34m1[0;34m1[0;34m1[0;34m1[0;34m1[0;34m1[0;34m1[0;34m1[0;34m1[0;34m1
[0m[0;34m1[0;34m0[0;34mS[0;34m0[0;34m1[0;34m1[0;34m0[0;34m0[0;34m0[0;34m0[0;34m1[0;34m0[0;34m0[0;34m0[0;34m0[0;34m0[0;34m0[0;34m0[0;34m0[0;34m0[0;34m0[0;34m0[0;34m0[0;34m0[0;34m1
[0m[0;34m1[0;34m0[0;34m0[0;34m0[0;34m1[0;34m1[0;34m0[0;34m0[0;34m0[0;34m0[0;34m0[0;34m0[0;34m0[0;34m0[0;34m0[0;34m0[0;34m1[0;34m1[0;34m1[0;34m1[0;34m1[0;34m1[0;34m0[0;34m0[0;34m1
[0m[0;34m1[0;34m0[0;34m0[0;34m0[0;34m1[0;34m1[0;34m0[0;34m0[0;34m0[0;34m0[0;34m0[0;34m0[0;34m0[0;34m0[0;34m0[0;34m0[0;34m1[0;34m1[0;34m0[0;34m0[0;34m0[0;34m1[0;34m0[0;34m0[0;34m1
[0m[0;34m1[0;34m0[0;34m0[0;34m0[0;34m0[0;34m0[0;34m0[0;34m0[0;34m0[0;34m0[0;34m1[0;34m0[0;34m0[0;34m0[0;34m0[0;34m0[0;34m0[0;34m0[0;34m0[0;34m0[0;34m0[0;34m1[0;34m0[0;34m0[0;34m1
[0m[0;34m1[0;34m1[0;34m1[0;34m1[0;34m1[0;34m1[0;34m1[0;34m1[0;34m1[0;34m1[0;34m1[0;34m1[0;34m1[0;34m1[0;34m1[0;34m1[0;34m1[0;34m1[0;34m1[0;34m1[0;34m1[0;34m1[0;34m1[0;34m1[0;34m1
[0mExit code: 0
‚ö†Ô∏è No Valgrind alerts, but with leaks[0m  
==77391== Memcheck, a memory error detector
==77391== Copyright (C) 2002-2022, and GNU GPL'd, by Julian Seward et al.
==77391== Using Valgrind-3.22.0 and LibVEX; rerun with -h for copyright info
==77391== Command: ./cub3d ./maps/good/works.cub
==77391== Parent PID: 76684
==77391== 
==77391== 
==77391== HEAP SUMMARY:
==77391==     in use at exit: 957 bytes in 42 blocks
==77391==   total heap usage: 130 allocs, 88 frees, 8,412 bytes allocated
==77391== 
==77391== LEAK SUMMARY:
==77391==    definitely lost: 414 bytes in 10 blocks
==77391==    indirectly lost: 543 bytes in 32 blocks
==77391==      possibly lost: 0 bytes in 0 blocks
==77391==    still reachable: 0 bytes in 0 blocks
==77391==         suppressed: 0 bytes in 0 blocks
==77391== Rerun with --leak-check=full to see details of leaked memory
==77391== 
==77391== For lists of detected and suppressed errors, rerun with: -s
==77391== ERROR SUMMARY: 0 errors from 0 contexts (suppressed: 0 from 0)
Valgrind tests completed. Results saved to test_output.txt.
Starting Valgrind tests...
Running valgrind on ./maps/good/cheese_maze.cub...

[0;32m[Debug info]üõ†Ô∏è  Map info üîç
[0m[0;32m[Debug info] - Map width:[0m21
[0;32m[Debug info] - Map height:[0m21
[0;32m[Debug info]üõ†Ô∏è  Starting player position info üîç
[0m[0;32m[Debug info] - Player X:[0m1
[0;32m[Debug info] - Player Y:[0m19
[0;32m[Debug info] - Player Direction:[0mN
[0;32m[Debug info]üõ†Ô∏è  Textures info:  üîç
[0m[0;32m[Debug info] Texture north:[0mtextures/test/north.xpm
[0;32m[Debug info] Texture south:[0mtextures/test/south.xpm
[0;32m[Debug info] Texture west:[0mtextures/test/west.xpm
[0;32m[Debug info] Texture east:[0mtextures/test/east.xpm
[0;32m[Debug info]üõ†Ô∏è  Colors info c:  üîç
[0m[0;32m[Debug info]üõ†Ô∏è  Colors info f:  üîç
[0m[0;34m1[0;34m1[0;34m1[0;34m1[0;34m1[0;34m1[0;34m1[0;34m1[0;34m1[0;34m1[0;34m1[0;34m1[0;34m1[0;34m1[0;34m1[0;34m1[0;34m1[0;34m1[0;34m1[0;34m1[0;34m1
[0m[0;34m1[0;34m0[0;34m1[0;34m0[0;34m0[0;34m0[0;34m0[0;34m0[0;34m1[0;34m0[0;34m0[0;34m0[0;34m0[0;34m0[0;34m0[0;34m0[0;34m0[0;34m0[0;34m0[0;34m0[0;34m1
[0m[0;34m1[0;34m0[0;34m1[0;34m0[0;34m1[0;34m0[0;34m1[0;34m0[0;34m1[0;34m0[0;34m1[0;34m1[0;34m1[0;34m1[0;34m1[0;34m1[0;34m1[0;34m0[0;34m0[0;34m0[0;34m1
[0m[0;34m1[0;34m0[0;34m0[0;34m0[0;34m1[0;34m0[0;34m1[0;34m0[0;34m0[0;34m0[0;34m1[0;34m0[0;34m0[0;34m0[0;34m0[0;34m0[0;34m1[0;34m0[0;34m0[0;34m0[0;34m1
[0m[0;34m1[0;34m1[0;34m1[0;34m1[0;34m1[0;34m0[0;34m1[0;34m0[0;34m1[0;34m1[0;34m1[0;34m1[0;34m1[0;34m0[0;34m1[0;34m0[0;34m1[0;34m1[0;34m1[0;34m0[0;34m1
[0m[0;34m1[0;34m0[0;34m0[0;34m0[0;34m0[0;34m0[0;34m1[0;34m0[0;34m1[0;34m0[0;34m0[0;34m0[0;34m1[0;34m0[0;34m1[0;34m0[0;34m0[0;34m0[0;34m0[0;34m0[0;34m1
[0m[0;34m1[0;34m0[0;34m1[0;34m1[0;34m1[0;34m1[0;34m1[0;34m0[0;34m1[0;34m0[0;34m1[0;34m1[0;34m1[0;34m0[0;34m1[0;34m1[0;34m1[0;34m1[0;34m1[0;34m1[0;34m1
[0m[0;34m1[0;34m0[0;34m1[0;34m0[0;34m0[0;34m0[0;34m0[0;34m0[0;34m1[0;34m0[0;34m1[0;34m0[0;34m1[0;34m0[0;34m0[0;34m0[0;34m0[0;34m0[0;34m1[0;34m0[0;34m1
[0m[0;34m1[0;34m0[0;34m1[0;34m0[0;34m1[0;34m1[0;34m1[0;34m1[0;34m1[0;34m0[0;34m1[0;34m0[0;34m1[0;34m1[0;34m1[0;34m1[0;34m1[0;34m0[0;34m1[0;34m0[0;34m1
[0m[0;34m1[0;34m0[0;34m1[0;34m0[0;34m1[0;34m0[0;34m0[0;34m0[0;34m1[0;34m0[0;34m1[0;34m0[0;34m1[0;34m0[0;34m0[0;34m0[0;34m1[0;34m0[0;34m1[0;34m0[0;34m1
[0m[0;34m1[0;34m0[0;34m1[0;34m1[0;34m1[0;34m0[0;34m1[0;34m0[0;34m1[0;34m0[0;34m1[0;34m0[0;34m1[0;34m0[0;34m1[0;34m0[0;34m1[0;34m0[0;34m1[0;34m0[0;34m1
[0m[0;34m1[0;34m0[0;34m0[0;34m0[0;34m0[0;34m0[0;34m1[0;34m0[0;34m1[0;34m0[0;34m1[0;34m0[0;34m0[0;34m0[0;34m1[0;34m0[0;34m1[0;34m0[0;34m0[0;34m0[0;34m1
[0m[0;34m1[0;34m1[0;34m1[0;34m1[0;34m1[0;34m1[0;34m1[0;34m0[0;34m1[0;34m0[0;34m1[0;34m1[0;34m1[0;34m1[0;34m1[0;34m0[0;34m1[0;34m1[0;34m1[0;34m0[0;34m1
[0m[0;34m1[0;34m0[0;34m0[0;34m0[0;34m0[0;34m0[0;34m1[0;34m0[0;34m1[0;34m0[0;34m0[0;34m0[0;34m1[0;34m0[0;34m0[0;34m0[0;34m1[0;34m0[0;34m0[0;34m0[0;34m1
[0m[0;34m1[0;34m0[0;34m1[0;34m1[0;34m1[0;34m0[0;34m1[0;34m0[0;34m1[0;34m1[0;34m1[0;34m0[0;34m1[0;34m0[0;34m1[0;34m1[0;34m1[0;34m0[0;34m1[0;34m1[0;34m1
[0m[0;34m1[0;34m0[0;34m1[0;34m0[0;34m0[0;34m0[0;34m1[0;34m0[0;34m0[0;34m0[0;34m0[0;34m0[0;34m1[0;34m0[0;34m0[0;34m0[0;34m1[0;34m0[0;34m1[0;34m0[0;34m1
[0m[0;34m1[0;34m0[0;34m1[0;34m0[0;34m1[0;34m1[0;34m1[0;34m1[0;34m1[0;34m1[0;34m1[0;34m1[0;34m1[0;34m1[0;34m1[0;34m0[0;34m1[0;34m0[0;34m1[0;34m0[0;34m1
[0m[0;34m1[0;34m0[0;34m0[0;34m0[0;34m1[0;34m0[0;34m0[0;34m0[0;34m0[0;34m0[0;34m0[0;34m0[0;34m0[0;34m0[0;34m0[0;34m0[0;34m1[0;34m0[0;34m0[0;34m0[0;34m1
[0m[0;34m1[0;34m0[0;34m1[0;34m0[0;34m1[0;34m0[0;34m1[0;34m1[0;34m1[0;34m0[0;34m1[0;34m1[0;34m1[0;34m1[0;34m1[0;34m1[0;34m1[0;34m1[0;34m1[0;34m0[0;34m1
[0m[0;34m1[0;34mN[0;34m1[0;34m0[0;34m0[0;34m0[0;34m0[0;34m0[0;34m1[0;34m0[0;34m0[0;34m0[0;34m0[0;34m0[0;34m0[0;34m0[0;34m0[0;34m0[0;34m0[0;34m0[0;34m1
[0m[0;34m1[0;34m1[0;34m1[0;34m1[0;34m1[0;34m1[0;34m1[0;34m1[0;34m1[0;34m1[0;34m1[0;34m1[0;34m1[0;34m1[0;34m1[0;34m1[0;34m1[0;34m1[0;34m1[0;34m1[0;34m1
[0m[0;34m1[0;34m5[0;34m3
[0m[0;34m2[0;34m0[0;34m4
[0m[0;34m2[0;34m5[0;34m5
[0m[0;34m1[0;34m6[0;34m4
[0m[0;34m1[0;34m6[0;34m9
[0m[0;34m2[0;34m0
[0mExit code: 0
‚ö†Ô∏è No Valgrind alerts, but with leaks[0m  
==78234== Memcheck, a memory error detector
==78234== Copyright (C) 2002-2022, and GNU GPL'd, by Julian Seward et al.
==78234== Using Valgrind-3.22.0 and LibVEX; rerun with -h for copyright info
==78234== Command: ./cub3d ./maps/good/cheese_maze.cub
==78234== Parent PID: 78232
==78234== 
==78234== 
==78234== HEAP SUMMARY:
==78234==     in use at exit: 1,718 bytes in 67 blocks
==78234==   total heap usage: 210 allocs, 143 frees, 12,286 bytes allocated
==78234== 
==78234== LEAK SUMMARY:
==78234==    definitely lost: 605 bytes in 10 blocks
==78234==    indirectly lost: 1,113 bytes in 57 blocks
==78234==      possibly lost: 0 bytes in 0 blocks
==78234==    still reachable: 0 bytes in 0 blocks
==78234==         suppressed: 0 bytes in 0 blocks
==78234== Rerun with --leak-check=full to see details of leaked memory
==78234== 
==78234== For lists of detected and suppressed errors, rerun with: -s
==78234== ERROR SUMMARY: 0 errors from 0 contexts (suppressed: 0 from 0)
Running valgrind on ./maps/good/creepy.cub...

[0;32m[Debug info]üõ†Ô∏è  Map info üîç
[0m[0;32m[Debug info] - Map width:[0m15
[0;32m[Debug info] - Map height:[0m13
[0;32m[Debug info]üõ†Ô∏è  Starting player position info üîç
[0m[0;32m[Debug info] - Player X:[0m7
[0;32m[Debug info] - Player Y:[0m3
[0;32m[Debug info] - Player Direction:[0mN
[0;32m[Debug info]üõ†Ô∏è  Textures info:  üîç
[0m[0;32m[Debug info] Texture north:[0mtextures/test/north.xpm
[0;32m[Debug info] Texture south:[0mtextures/test/south.xpm
[0;32m[Debug info] Texture west:[0mtextures/test/west.xpm
[0;32m[Debug info] Texture east:[0mtextures/test/east.xpm
[0;32m[Debug info]üõ†Ô∏è  Colors info c:  üîç
[0m[0;32m[Debug info]üõ†Ô∏è  Colors info f:  üîç
[0m[0;34m1[0;34m1[0;34m1[0;34m1[0;34m1[0;34m1[0;34m1[0;34m1[0;34m1[0;34m1[0;34m1[0;34m1[0;34m1[0;34m1[0;34m1
[0m[0;34m1[0;34m1[0;34m1[0;34m1[0;34m1[0;34m1[0;34m0[0;34m0[0;34m0[0;34m1[0;34m1[0;34m1[0;34m1[0;34m1[0;34m1
[0m[0;34m1[0;34m1[0;34m1[0;34m1[0;34m1[0;34m0[0;34m0[0;34m0[0;34m0[0;34m0[0;34m1[0;34m1[0;34m1[0;34m1[0;34m1
[0m[0;34m1[0;34m1[0;34m1[0;34m1[0;34m0[0;34m0[0;34m0[0;34mN[0;34m0[0;34m0[0;34m0[0;34m1[0;34m1[0;34m1[0;34m1
[0m[0;34m1[0;34m1[0;34m1[0;34m0[0;34m0[0;34m0[0;34m0[0;34m0[0;34m0[0;34m0[0;34m0[0;34m0[0;34m1[0;34m1[0;34m1
[0m[0;34m1[0;34m1[0;34m0[0;34m0[0;34m0[0;34m0[0;34m0[0;34m0[0;34m0[0;34m0[0;34m0[0;34m0[0;34m0[0;34m1[0;34m1
[0m[0;34m1[0;34m0[0;34m0[0;34m0[0;34m0[0;34m1[0;34m1[0;34m1[0;34m1[0;34m1[0;34m0[0;34m0[0;34m0[0;34m0[0;34m1
[0m[0;34m1[0;34m1[0;34m0[0;34m0[0;34m0[0;34m0[0;34m1[0;34m1[0;34m1[0;34m0[0;34m0[0;34m0[0;34m0[0;34m1[0;34m1
[0m[0;34m1[0;34m1[0;34m1[0;34m0[0;34m0[0;34m0[0;34m0[0;34m1[0;34m0[0;34m0[0;34m0[0;34m0[0;34m1[0;34m1[0;34m1
[0m[0;34m1[0;34m1[0;34m1[0;34m1[0;34m0[0;34m0[0;34m0[0;34m0[0;34m0[0;34m0[0;34m0[0;34m1[0;34m1[0;34m1[0;34m1
[0m[0;34m1[0;34m1[0;34m1[0;34m1[0;34m1[0;34m0[0;34m0[0;34m0[0;34m0[0;34m0[0;34m1[0;34m1[0;34m1[0;34m1[0;34m1
[0m[0;34m1[0;34m1[0;34m1[0;34m1[0;34m1[0;34m1[0;34m0[0;34m0[0;34m0[0;34m1[0;34m1[0;34m1[0;34m1[0;34m1[0;34m1
[0m[0;34m1[0;34m1[0;34m1[0;34m1[0;34m1[0;34m1[0;34m1[0;34m1[0;34m1[0;34m1[0;34m1[0;34m1[0;34m1[0;34m1[0;34m1
[0m[0;34m3[0;34m5
[0m[0;34m1[0;34m9
[0m[0;34m7[0;34m3
[0m[0;34m1[0;34m5
[0m[0;34m6
[0m[0;34m4[0;34m0
[0mExit code: 0
‚ö†Ô∏è No Valgrind alerts, but with leaks[0m  
==78237== Memcheck, a memory error detector
==78237== Copyright (C) 2002-2022, and GNU GPL'd, by Julian Seward et al.
==78237== Using Valgrind-3.22.0 and LibVEX; rerun with -h for copyright info
==78237== Command: ./cub3d ./maps/good/creepy.cub
==78237== Parent PID: 78232
==78237== 
==78237== 
==78237== HEAP SUMMARY:
==78237==     in use at exit: 1,056 bytes in 51 blocks
==78237==   total heap usage: 152 allocs, 101 frees, 8,990 bytes allocated
==78237== 
==78237== LEAK SUMMARY:
==78237==    definitely lost: 471 bytes in 10 blocks
==78237==    indirectly lost: 585 bytes in 41 blocks
==78237==      possibly lost: 0 bytes in 0 blocks
==78237==    still reachable: 0 bytes in 0 blocks
==78237==         suppressed: 0 bytes in 0 blocks
==78237== Rerun with --leak-check=full to see details of leaked memory
==78237== 
==78237== For lists of detected and suppressed errors, rerun with: -s
==78237== ERROR SUMMARY: 0 errors from 0 contexts (suppressed: 0 from 0)
Running valgrind on ./maps/good/dungeon.cub...

[0;32m[Debug info]üõ†Ô∏è  Map info üîç
[0m[0;32m[Debug info] - Map width:[0m19
[0;32m[Debug info] - Map height:[0m10
[0;32m[Debug info]üõ†Ô∏è  Starting player position info üîç
[0m[0;32m[Debug info] - Player X:[0m2
[0;32m[Debug info] - Player Y:[0m1
[0;32m[Debug info] - Player Direction:[0mW
[0;32m[Debug info]üõ†Ô∏è  Textures info:  üîç
[0m[0;32m[Debug info] Texture north:[0mtextures/test/north.xpm
[0;32m[Debug info] Texture south:[0mtextures/test/south.xpm
[0;32m[Debug info] Texture west:[0mtextures/test/west.xpm
[0;32m[Debug info] Texture east:[0mtextures/test/east.xpm
[0;32m[Debug info]üõ†Ô∏è  Colors info c:  üîç
[0m[0;32m[Debug info]üõ†Ô∏è  Colors info f:  üîç
[0m[0;34m1[0;34m1[0;34m1[0;34m1[0;34m1[0;34m1[0;34m1[0;34m1[0;34m1[0;34m1[0;34m1[0;34m1[0;34m1[0;34m1[0;34m1[0;34m1[0;34m1[0;34m1[0;34m1
[0m[0;34m1[0;34m0[0;34mW[0;34m1[0;34m0[0;34m0[0;34m1[0;34m0[0;34m0[0;34m1[0;34m0[0;34m0[0;34m1[0;34m0[0;34m0[0;34m0[0;34m0[0;34m0[0;34m1
[0m[0;34m1[0;34m0[0;34m1[0;34m1[0;34m0[0;34m0[0;34m0[0;34m0[0;34m0[0;34m1[0;34m0[0;34m0[0;34m0[0;34m0[0;34m0[0;34m1[0;34m0[0;34m0[0;34m1
[0m[0;34m1[0;34m0[0;34m0[0;34m1[0;34m0[0;34m0[0;34m1[0;34m0[0;34m0[0;34m1[0;34m1[0;34m1[0;34m1[0;34m1[0;34m0[0;34m1[0;34m1[0;34m1[0;34m1
[0m[0;34m1[0;34m0[0;34m0[0;34m1[0;34m1[0;34m1[0;34m1[0;34m0[0;34m0[0;34m0[0;34m0[0;34m0[0;34m1[0;34m0[0;34m0[0;34m1[0;34m0[0;34m0[0;34m1
[0m[0;34m1[0;34m0[0;34m0[0;34m0[0;34m0[0;34m0[0;34m0[0;34m0[0;34m0[0;34m0[0;34m0[0;34m0[0;34m0[0;34m0[0;34m0[0;34m1[0;34m0[0;34m0[0;34m1
[0m[0;34m1[0;34m0[0;34m0[0;34m1[0;34m1[0;34m1[0;34m1[0;34m1[0;34m1[0;34m1[0;34m1[0;34m1[0;34m1[0;34m0[0;34m0[0;34m1[0;34m0[0;34m0[0;34m1
[0m[0;34m1[0;34m1[0;34m1[0;34m1[0;34m0[0;34m0[0;34m0[0;34m0[0;34m0[0;34m0[0;34m0[0;34m0[0;34m0[0;34m0[0;34m0[0;34m1[0;34m0[0;34m1[0;34m1
[0m[0;34m1[0;34m0[0;34m0[0;34m0[0;34m0[0;34m0[0;34m0[0;34m0[0;34m0[0;34m1[0;34m0[0;34m0[0;34m0[0;34m0[0;34m0[0;34m0[0;34m0[0;34m0[0;34m1
[0m[0;34m1[0;34m1[0;34m1[0;34m1[0;34m1[0;34m1[0;34m1[0;34m1[0;34m1[0;34m1[0;34m1[0;34m1[0;34m1[0;34m1[0;34m1[0;34m1[0;34m1[0;34m1[0;34m1
[0m[0;34m9[0;34m9
[0m[0;34m9[0;34m9
[0m[0;34m9[0;34m9
[0m[0;34m7[0;34m6
[0m[0;34m7[0;34m6
[0m[0;34m7[0;34m6
[0mExit code: 0
‚ö†Ô∏è No Valgrind alerts, but with leaks[0m  
==78451== Memcheck, a memory error detector
==78451== Copyright (C) 2002-2022, and GNU GPL'd, by Julian Seward et al.
==78451== Using Valgrind-3.22.0 and LibVEX; rerun with -h for copyright info
==78451== Command: ./cub3d ./maps/good/dungeon.cub
==78451== Parent PID: 78232
==78451== 
==78451== 
==78451== HEAP SUMMARY:
==78451==     in use at exit: 992 bytes in 45 blocks
==78451==   total heap usage: 133 allocs, 88 frees, 8,232 bytes allocated
==78451== 
==78451== LEAK SUMMARY:
==78451==    definitely lost: 424 bytes in 10 blocks
==78451==    indirectly lost: 568 bytes in 35 blocks
==78451==      possibly lost: 0 bytes in 0 blocks
==78451==    still reachable: 0 bytes in 0 blocks
==78451==         suppressed: 0 bytes in 0 blocks
==78451== Rerun with --leak-check=full to see details of leaked memory
==78451== 
==78451== For lists of detected and suppressed errors, rerun with: -s
==78451== ERROR SUMMARY: 0 errors from 0 contexts (suppressed: 0 from 0)
Running valgrind on ./maps/good/library.cub...

[0;32m[Debug info]üõ†Ô∏è  Map info üîç
[0m[0;32m[Debug info] - Map width:[0m19
[0;32m[Debug info] - Map height:[0m10
[0;32m[Debug info]üõ†Ô∏è  Starting player position info üîç
[0m[0;32m[Debug info] - Player X:[0m9
[0;32m[Debug info] - Player Y:[0m5
[0;32m[Debug info] - Player Direction:[0mS
[0;32m[Debug info]üõ†Ô∏è  Textures info:  üîç
[0m[0;32m[Debug info] Texture north:[0mtextures/test/north.xpm
[0;32m[Debug info] Texture south:[0mtextures/test/south.xpm
[0;32m[Debug info] Texture west:[0mtextures/test/west.xpm
[0;32m[Debug info] Texture east:[0mtextures/test/east.xpm
[0;32m[Debug info]üõ†Ô∏è  Colors info c:  üîç
[0m[0;32m[Debug info]üõ†Ô∏è  Colors info f:  üîç
[0m[0;34m1[0;34m1[0;34m1[0;34m1[0;34m1[0;34m1[0;34m1[0;34m1[0;34m1[0;34m1[0;34m1[0;34m1[0;34m1[0;34m1[0;34m1[0;34m1[0;34m1[0;34m1[0;34m1
[0m[0;34m1[0;34m0[0;34m0[0;34m1[0;34m0[0;34m0[0;34m1[0;34m0[0;34m0[0;34m1[0;34m0[0;34m0[0;34m1[0;34m0[0;34m0[0;34m1[0;34m0[0;34m0[0;34m1
[0m[0;34m1[0;34m0[0;34m0[0;34m1[0;34m0[0;34m0[0;34m1[0;34m0[0;34m0[0;34m1[0;34m0[0;34m0[0;34m1[0;34m0[0;34m0[0;34m1[0;34m0[0;34m0[0;34m1
[0m[0;34m1[0;34m0[0;34m0[0;34m1[0;34m0[0;34m0[0;34m1[0;34m0[0;34m0[0;34m1[0;34m0[0;34m0[0;34m1[0;34m0[0;34m0[0;34m1[0;34m0[0;34m0[0;34m1
[0m[0;34m1[0;34m0[0;34m0[0;34m1[0;34m0[0;34m0[0;34m1[0;34m0[0;34m0[0;34m0[0;34m0[0;34m0[0;34m1[0;34m0[0;34m0[0;34m1[0;34m0[0;34m0[0;34m1
[0m[0;34m1[0;34m0[0;34m0[0;34m0[0;34m0[0;34m0[0;34m0[0;34m0[0;34m0[0;34mS[0;34m0[0;34m0[0;34m0[0;34m0[0;34m0[0;34m0[0;34m0[0;34m0[0;34m1
[0m[0;34m1[0;34m0[0;34m0[0;34m0[0;34m0[0;34m1[0;34m1[0;34m1[0;34m1[0;34m1[0;34m1[0;34m1[0;34m1[0;34m0[0;34m0[0;34m0[0;34m0[0;34m0[0;34m1
[0m[0;34m1[0;34m1[0;34m1[0;34m1[0;34m0[0;34m0[0;34m0[0;34m0[0;34m0[0;34m0[0;34m0[0;34m0[0;34m0[0;34m0[0;34m0[0;34m1[0;34m1[0;34m1[0;34m1
[0m[0;34m1[0;34m0[0;34m0[0;34m0[0;34m0[0;34m0[0;34m0[0;34m1[0;34m0[0;34m1[0;34m0[0;34m1[0;34m0[0;34m0[0;34m0[0;34m0[0;34m0[0;34m0[0;34m1
[0m[0;34m1[0;34m1[0;34m1[0;34m1[0;34m1[0;34m1[0;34m1[0;34m1[0;34m1[0;34m1[0;34m1[0;34m1[0;34m1[0;34m1[0;34m1[0;34m1[0;34m1[0;34m1[0;34m1
[0m[0;34m1[0;34m7[0;34m1
[0m[0;34m1[0;34m5[0;34m4
[0m[0;34m1[0;34m3[0;34m7
[0m[0;34m1[0;34m3[0;34m9
[0m[0;34m9[0;34m9
[0m[0;34m5[0;34m8
[0mExit code: 0
‚ö†Ô∏è No Valgrind alerts, but with leaks[0m  
==78454== Memcheck, a memory error detector
==78454== Copyright (C) 2002-2022, and GNU GPL'd, by Julian Seward et al.
==78454== Using Valgrind-3.22.0 and LibVEX; rerun with -h for copyright info
==78454== Command: ./cub3d ./maps/good/library.cub
==78454== Parent PID: 78232
==78454== 
==78454== 
==78454== HEAP SUMMARY:
==78454==     in use at exit: 1,004 bytes in 45 blocks
==78454==   total heap usage: 133 allocs, 88 frees, 8,285 bytes allocated
==78454== 
==78454== LEAK SUMMARY:
==78454==    definitely lost: 428 bytes in 10 blocks
==78454==    indirectly lost: 576 bytes in 35 blocks
==78454==      possibly lost: 0 bytes in 0 blocks
==78454==    still reachable: 0 bytes in 0 blocks
==78454==         suppressed: 0 bytes in 0 blocks
==78454== Rerun with --leak-check=full to see details of leaked memory
==78454== 
==78454== For lists of detected and suppressed errors, rerun with: -s
==78454== ERROR SUMMARY: 0 errors from 0 contexts (suppressed: 0 from 0)
Running valgrind on ./maps/good/matrix.cub...

[0;32m[Debug info]üõ†Ô∏è  Map info üîç
[0m[0;32m[Debug info] - Map width:[0m21
[0;32m[Debug info] - Map height:[0m21
[0;32m[Debug info]üõ†Ô∏è  Starting player position info üîç
[0m[0;32m[Debug info] - Player X:[0m1
[0;32m[Debug info] - Player Y:[0m19
[0;32m[Debug info] - Player Direction:[0mN
[0;32m[Debug info]üõ†Ô∏è  Textures info:  üîç
[0m[0;32m[Debug info] Texture north:[0mtextures/test/north.xpm
[0;32m[Debug info] Texture south:[0mtextures/test/south.xpm
[0;32m[Debug info] Texture west:[0mtextures/test/west.xpm
[0;32m[Debug info] Texture east:[0mtextures/test/east.xpm
[0;32m[Debug info]üõ†Ô∏è  Colors info c:  üîç
[0m[0;32m[Debug info]üõ†Ô∏è  Colors info f:  üîç
[0m[0;34m1[0;34m1[0;34m1[0;34m1[0;34m1[0;34m1[0;34m1[0;34m1[0;34m1[0;34m1[0;34m1[0;34m1[0;34m1[0;34m1[0;34m1[0;34m1[0;34m1[0;34m1[0;34m1[0;34m1[0;34m1
[0m[0;34m1[0;34m0[0;34m1[0;34m0[0;34m0[0;34m0[0;34m0[0;34m0[0;34m1[0;34m0[0;34m0[0;34m0[0;34m0[0;34m0[0;34m0[0;34m0[0;34m0[0;34m0[0;34m0[0;34m0[0;34m1
[0m[0;34m1[0;34m0[0;34m1[0;34m0[0;34m1[0;34m0[0;34m1[0;34m0[0;34m1[0;34m0[0;34m1[0;34m1[0;34m1[0;34m1[0;34m1[0;34m1[0;34m1[0;34m0[0;34m0[0;34m0[0;34m1
[0m[0;34m1[0;34m0[0;34m0[0;34m0[0;34m1[0;34m0[0;34m1[0;34m0[0;34m0[0;34m0[0;34m1[0;34m0[0;34m0[0;34m0[0;34m0[0;34m0[0;34m1[0;34m0[0;34m0[0;34m0[0;34m1
[0m[0;34m1[0;34m1[0;34m1[0;34m1[0;34m1[0;34m0[0;34m1[0;34m0[0;34m1[0;34m1[0;34m1[0;34m1[0;34m1[0;34m0[0;34m1[0;34m0[0;34m1[0;34m1[0;34m1[0;34m0[0;34m1
[0m[0;34m1[0;34m0[0;34m0[0;34m0[0;34m0[0;34m0[0;34m1[0;34m0[0;34m1[0;34m0[0;34m0[0;34m0[0;34m1[0;34m0[0;34m1[0;34m0[0;34m0[0;34m0[0;34m0[0;34m0[0;34m1
[0m[0;34m1[0;34m0[0;34m1[0;34m1[0;34m1[0;34m1[0;34m1[0;34m0[0;34m1[0;34m0[0;34m1[0;34m1[0;34m1[0;34m0[0;34m1[0;34m1[0;34m1[0;34m1[0;34m1[0;34m1[0;34m1
[0m[0;34m1[0;34m0[0;34m1[0;34m0[0;34m0[0;34m0[0;34m0[0;34m0[0;34m1[0;34m0[0;34m1[0;34m0[0;34m1[0;34m0[0;34m0[0;34m0[0;34m0[0;34m0[0;34m1[0;34m0[0;34m1
[0m[0;34m1[0;34m0[0;34m1[0;34m0[0;34m1[0;34m1[0;34m1[0;34m1[0;34m1[0;34m0[0;34m1[0;34m0[0;34m1[0;34m1[0;34m1[0;34m1[0;34m1[0;34m0[0;34m1[0;34m0[0;34m1
[0m[0;34m1[0;34m0[0;34m1[0;34m0[0;34m1[0;34m0[0;34m0[0;34m0[0;34m1[0;34m0[0;34m1[0;34m0[0;34m1[0;34m0[0;34m0[0;34m0[0;34m1[0;34m0[0;34m1[0;34m0[0;34m1
[0m[0;34m1[0;34m0[0;34m1[0;34m1[0;34m1[0;34m0[0;34m1[0;34m0[0;34m1[0;34m0[0;34m1[0;34m0[0;34m1[0;34m0[0;34m1[0;34m0[0;34m1[0;34m0[0;34m1[0;34m0[0;34m1
[0m[0;34m1[0;34m0[0;34m0[0;34m0[0;34m0[0;34m0[0;34m1[0;34m0[0;34m1[0;34m0[0;34m1[0;34m0[0;34m0[0;34m0[0;34m1[0;34m0[0;34m1[0;34m0[0;34m0[0;34m0[0;34m1
[0m[0;34m1[0;34m1[0;34m1[0;34m1[0;34m1[0;34m1[0;34m1[0;34m0[0;34m1[0;34m0[0;34m1[0;34m1[0;34m1[0;34m1[0;34m1[0;34m0[0;34m1[0;34m1[0;34m1[0;34m0[0;34m1
[0m[0;34m1[0;34m0[0;34m0[0;34m0[0;34m0[0;34m0[0;34m1[0;34m0[0;34m1[0;34m0[0;34m0[0;34m0[0;34m1[0;34m0[0;34m0[0;34m0[0;34m1[0;34m0[0;34m0[0;34m0[0;34m1
[0m[0;34m1[0;34m0[0;34m1[0;34m1[0;34m1[0;34m0[0;34m1[0;34m0[0;34m1[0;34m1[0;34m1[0;34m0[0;34m1[0;34m0[0;34m1[0;34m1[0;34m1[0;34m0[0;34m1[0;34m1[0;34m1
[0m[0;34m1[0;34m0[0;34m1[0;34m0[0;34m0[0;34m0[0;34m1[0;34m0[0;34m0[0;34m0[0;34m0[0;34m0[0;34m1[0;34m0[0;34m0[0;34m0[0;34m1[0;34m0[0;34m1[0;34m0[0;34m1
[0m[0;34m1[0;34m0[0;34m1[0;34m0[0;34m1[0;34m1[0;34m1[0;34m1[0;34m1[0;34m1[0;34m1[0;34m1[0;34m1[0;34m1[0;34m1[0;34m0[0;34m1[0;34m0[0;34m1[0;34m0[0;34m1
[0m[0;34m1[0;34m0[0;34m0[0;34m0[0;34m1[0;34m0[0;34m0[0;34m0[0;34m0[0;34m0[0;34m0[0;34m0[0;34m0[0;34m0[0;34m0[0;34m0[0;34m1[0;34m0[0;34m0[0;34m0[0;34m1
[0m[0;34m1[0;34m0[0;34m1[0;34m0[0;34m1[0;34m0[0;34m1[0;34m1[0;34m1[0;34m0[0;34m1[0;34m1[0;34m1[0;34m1[0;34m1[0;34m1[0;34m1[0;34m1[0;34m1[0;34m0[0;34m1
[0m[0;34m1[0;34mN[0;34m1[0;34m0[0;34m0[0;34m0[0;34m0[0;34m0[0;34m1[0;34m0[0;34m0[0;34m0[0;34m0[0;34m0[0;34m0[0;34m0[0;34m0[0;34m0[0;34m0[0;34m0[0;34m1
[0m[0;34m1[0;34m1[0;34m1[0;34m1[0;34m1[0;34m1[0;34m1[0;34m1[0;34m1[0;34m1[0;34m1[0;34m1[0;34m1[0;34m1[0;34m1[0;34m1[0;34m1[0;34m1[0;34m1[0;34m1[0;34m1
[0m[0;34m0
[0m[0;34m0
[0m[0;34m0
[0m[0;34m0
[0m[0;34m0
[0m[0;34m0
[0mExit code: 0
‚ö†Ô∏è No Valgrind alerts, but with leaks[0m  
==78606== Memcheck, a memory error detector
==78606== Copyright (C) 2002-2022, and GNU GPL'd, by Julian Seward et al.
==78606== Using Valgrind-3.22.0 and LibVEX; rerun with -h for copyright info
==78606== Command: ./cub3d ./maps/good/matrix.cub
==78606== Parent PID: 78232
==78606== 
==78606== 
==78606== HEAP SUMMARY:
==78606==     in use at exit: 1,685 bytes in 67 blocks
==78606==   total heap usage: 210 allocs, 143 frees, 12,140 bytes allocated
==78606== 
==78606== LEAK SUMMARY:
==78606==    definitely lost: 594 bytes in 10 blocks
==78606==    indirectly lost: 1,091 bytes in 57 blocks
==78606==      possibly lost: 0 bytes in 0 blocks
==78606==    still reachable: 0 bytes in 0 blocks
==78606==         suppressed: 0 bytes in 0 blocks
==78606== Rerun with --leak-check=full to see details of leaked memory
==78606== 
==78606== For lists of detected and suppressed errors, rerun with: -s
==78606== ERROR SUMMARY: 0 errors from 0 contexts (suppressed: 0 from 0)
Running valgrind on ./maps/good/sad_face.cub...

[0;32m[Debug info]üõ†Ô∏è  Map info üîç
[0m[0;32m[Debug info] - Map width:[0m15
[0;32m[Debug info] - Map height:[0m13
[0;32m[Debug info]üõ†Ô∏è  Starting player position info üîç
[0m[0;32m[Debug info] - Player X:[0m7
[0;32m[Debug info] - Player Y:[0m3
[0;32m[Debug info] - Player Direction:[0mN
[0;32m[Debug info]üõ†Ô∏è  Textures info:  üîç
[0m[0;32m[Debug info] Texture north:[0mtextures/test/north.xpm
[0;32m[Debug info] Texture south:[0mtextures/test/south.xpm
[0;32m[Debug info] Texture west:[0mtextures/test/west.xpm
[0;32m[Debug info] Texture east:[0mtextures/test/east.xpm
[0;32m[Debug info]üõ†Ô∏è  Colors info c:  üîç
[0m[0;32m[Debug info]üõ†Ô∏è  Colors info f:  üîç
[0m[0;34m1[0;34m1[0;34m1[0;34m1[0;34m1[0;34m1[0;34m1[0;34m1[0;34m1[0;34m1[0;34m1[0;34m1[0;34m1[0;34m1[0;34m1
[0m[0;34m1[0;34m1[0;34m1[0;34m1[0;34m1[0;34m1[0;34m0[0;34m0[0;34m0[0;34m1[0;34m1[0;34m1[0;34m1[0;34m1[0;34m1
[0m[0;34m1[0;34m1[0;34m1[0;34m1[0;34m1[0;34m0[0;34m0[0;34m0[0;34m0[0;34m0[0;34m1[0;34m1[0;34m1[0;34m1[0;34m1
[0m[0;34m1[0;34m1[0;34m1[0;34m1[0;34m0[0;34m0[0;34m0[0;34mN[0;34m0[0;34m0[0;34m0[0;34m1[0;34m1[0;34m1[0;34m1
[0m[0;34m1[0;34m1[0;34m1[0;34m0[0;34m0[0;34m0[0;34m0[0;34m0[0;34m0[0;34m0[0;34m0[0;34m0[0;34m1[0;34m1[0;34m1
[0m[0;34m1[0;34m1[0;34m0[0;34m0[0;34m0[0;34m0[0;34m0[0;34m0[0;34m0[0;34m0[0;34m0[0;34m0[0;34m0[0;34m1[0;34m1
[0m[0;34m1[0;34m0[0;34m0[0;34m0[0;34m0[0;34m1[0;34m1[0;34m1[0;34m1[0;34m1[0;34m0[0;34m0[0;34m0[0;34m0[0;34m1
[0m[0;34m1[0;34m1[0;34m0[0;34m0[0;34m0[0;34m0[0;34m1[0;34m1[0;34m1[0;34m0[0;34m0[0;34m0[0;34m0[0;34m1[0;34m1
[0m[0;34m1[0;34m1[0;34m1[0;34m0[0;34m0[0;34m0[0;34m0[0;34m1[0;34m0[0;34m0[0;34m0[0;34m0[0;34m1[0;34m1[0;34m1
[0m[0;34m1[0;34m1[0;34m1[0;34m1[0;34m0[0;34m0[0;34m0[0;34m0[0;34m0[0;34m0[0;34m0[0;34m1[0;34m1[0;34m1[0;34m1
[0m[0;34m1[0;34m1[0;34m1[0;34m1[0;34m1[0;34m0[0;34m0[0;34m0[0;34m0[0;34m0[0;34m1[0;34m1[0;34m1[0;34m1[0;34m1
[0m[0;34m1[0;34m1[0;34m1[0;34m1[0;34m1[0;34m1[0;34m0[0;34m0[0;34m0[0;34m1[0;34m1[0;34m1[0;34m1[0;34m1[0;34m1
[0m[0;34m1[0;34m1[0;34m1[0;34m1[0;34m1[0;34m1[0;34m1[0;34m1[0;34m1[0;34m1[0;34m1[0;34m1[0;34m1[0;34m1[0;34m1
[0m[0;34m5[0;34m3
[0m[0;34m4[0;34m1
[0m[0;34m3[0;34m4
[0m[0;34m4[0;34m5
[0m[0;34m3[0;34m3
[0m[0;34m2[0;34m7
[0mExit code: 0
‚ö†Ô∏è No Valgrind alerts, but with leaks[0m  
==78609== Memcheck, a memory error detector
==78609== Copyright (C) 2002-2022, and GNU GPL'd, by Julian Seward et al.
==78609== Using Valgrind-3.22.0 and LibVEX; rerun with -h for copyright info
==78609== Command: ./cub3d ./maps/good/sad_face.cub
==78609== Parent PID: 78232
==78609== 
==78609== 
==78609== HEAP SUMMARY:
==78609==     in use at exit: 1,059 bytes in 51 blocks
==78609==   total heap usage: 152 allocs, 101 frees, 8,972 bytes allocated
==78609== 
==78609== LEAK SUMMARY:
==78609==    definitely lost: 472 bytes in 10 blocks
==78609==    indirectly lost: 587 bytes in 41 blocks
==78609==      possibly lost: 0 bytes in 0 blocks
==78609==    still reachable: 0 bytes in 0 blocks
==78609==         suppressed: 0 bytes in 0 blocks
==78609== Rerun with --leak-check=full to see details of leaked memory
==78609== 
==78609== For lists of detected and suppressed errors, rerun with: -s
==78609== ERROR SUMMARY: 0 errors from 0 contexts (suppressed: 0 from 0)
Running valgrind on ./maps/good/square_map.cub...

[0;32m[Debug info]üõ†Ô∏è  Map info üîç
[0m[0;32m[Debug info] - Map width:[0m24
[0;32m[Debug info] - Map height:[0m27
[0;34m1[0;34m1[0;34m1[0;34m1[0;34m1[0;34m1[0;34m1[0;34m1[0;34m1[0;34m1[0;34m1[0;34m1[0;34m1[0;34m1[0;34m1[0;34m1[0;34m1[0;34m1[0;34m1[0;34m1[0;34m1[0;34m1[0;34m1[0;34m1
[0m[0;34m1[0;34m0[0;34m0[0;34m0[0;34m0[0;34m0[0;34m0[0;34m0[0;34m0[0;34m0[0;34m0[0;34m0[0;34m0[0;34m0[0;34m0[0;34m0[0;34m0[0;34m0[0;34m0[0;34m0[0;34m0[0;34m0[0;34m0[0;34m1
[0m[0;34m1[0;34m0[0;34m0[0;34m0[0;34m0[0;34m0[0;34m0[0;34m0[0;34m0[0;34m0[0;34m0[0;34m0[0;34m0[0;34m0[0;34m0[0;34m0[0;34m0[0;34m0[0;34m0[0;34m0[0;34m0[0;34m0[0;34m0[0;34m1
[0m[0;34m1[0;34m0[0;34m0[0;34m0[0;34m0[0;34m0[0;34m0[0;34m0[0;34m0[0;34mN[0;34m0[0;34m0[0;34m0[0;34m0[0;34m0[0;34m0[0;34m0[0;34m0[0;34m0[0;34m0[0;34m0[0;34m0[0;34m0[0;34m1
[0m[0;34m1[0;34m0[0;34m0[0;34m0[0;34m0[0;34m0[0;34m0[0;34m0[0;34m0[0;34m0[0;34m0[0;34m0[0;34m0[0;34m0[0;34m0[0;34m0[0;34m0[0;34m0[0;34m0[0;34m0[0;34m0[0;34m0[0;34m0[0;34m1
[0m[0;34m1[0;34m0[0;34m0[0;34m0[0;34m0[0;34m0[0;34m0[0;34m0[0;34m0[0;34m0[0;34m0[0;34m0[0;34m0[0;34m0[0;34m0[0;34m0[0;34m0[0;34m0[0;34m0[0;34m0[0;34m0[0;34m0[0;34m0[0;34m1
[0m[0;34m1[0;34m0[0;34m0[0;34m0[0;34m0[0;34m0[0;34m0[0;34m0[0;34m0[0;34m0[0;34m0[0;34m0[0;34m0[0;34m0[0;34m0[0;34m0[0;34m0[0;34m0[0;34m0[0;34m0[0;34m0[0;34m0[0;34m0[0;34m1
[0m[0;34m1[0;34m0[0;34m0[0;34m0[0;34m0[0;34m0[0;34m1[0;34m1[0;34m1[0;34m1[0;34m1[0;34m0[0;34m0[0;34m0[0;34m0[0;34m1[0;34m0[0;34m1[0;34m0[0;34m1[0;34m0[0;34m0[0;34m0[0;34m1
[0m[0;34m1[0;34m0[0;34m0[0;34m0[0;34m0[0;34m0[0;34m1[0;34m0[0;34m0[0;34m0[0;34m1[0;34m0[0;34m0[0;34m0[0;34m0[0;34m0[0;34m0[0;34m0[0;34m0[0;34m0[0;34m0[0;34m0[0;34m0[0;34m1
[0m[0;34m1[0;34m0[0;34m0[0;34m0[0;34m0[0;34m0[0;34m1[0;34m0[0;34m0[0;34m0[0;34m1[0;34m0[0;34m0[0;34m0[0;34m0[0;34m1[0;34m0[0;34m0[0;34m0[0;34m1[0;34m0[0;34m0[0;34m0[0;34m1
[0m[0;34m1[0;34m0[0;34m0[0;34m0[0;34m0[0;34m0[0;34m1[0;34m0[0;34m0[0;34m0[0;34m1[0;34m0[0;34m0[0;34m0[0;34m0[0;34m0[0;34m0[0;34m0[0;34m0[0;34m0[0;34m0[0;34m0[0;34m0[0;34m1
[0m[0;34m1[0;34m0[0;34m0[0;34m0[0;34m0[0;34m0[0;34m1[0;34m1[0;34m1[0;34m1[0;34m0[0;34m0[0;34m0[0;34m0[0;34m1[0;34m0[0;34m1[0;34m0[0;34m1[0;34m0[0;34m0[0;34m0[0;34m0[0;34m1
[0m[0;34m1[0;34m0[0;34m0[0;34m0[0;34m0[0;34m0[0;34m0[0;34m0[0;34m0[0;34m0[0;34m0[0;34m0[0;34m0[0;34m0[0;34m0[0;34m0[0;34m0[0;34m0[0;34m0[0;34m0[0;34m0[0;34m0[0;34m0[0;34m1
[0m[0;34m1[0;34m0[0;34m0[0;34m0[0;34m0[0;34m0[0;34m0[0;34m0[0;34m0[0;34m0[0;34m0[0;34m0[0;34m0[0;34m0[0;34m0[0;34m0[0;34m0[0;34m0[0;34m0[0;34m0[0;34m0[0;34m0[0;34m0[0;34m1
[0m[0;34m1[0;34m0[0;34m0[0;34m0[0;34m0[0;34m0[0;34m0[0;34m0[0;34m0[0;34m0[0;34m0[0;34m0[0;34m0[0;34m0[0;34m0[0;34m0[0;34m0[0;34m0[0;34m0[0;34m0[0;34m0[0;34m0[0;34m0[0;34m1
[0m[0;34m1[0;34m0[0;34m0[0;34m0[0;34m0[0;34m0[0;34m0[0;34m0[0;34m0[0;34m0[0;34m0[0;34m0[0;34m0[0;34m0[0;34m0[0;34m0[0;34m0[0;34m0[0;34m0[0;34m0[0;34m0[0;34m0[0;34m0[0;34m1
[0m[0;34m1[0;34m0[0;34m0[0;34m0[0;34m0[0;34m0[0;34m0[0;34m0[0;34m0[0;34m0[0;34m0[0;34m0[0;34m0[0;34m0[0;34m0[0;34m0[0;34m0[0;34m0[0;34m0[0;34m0[0;34m0[0;34m0[0;34m0[0;34m1
[0m[0;34m1[0;34m0[0;34m0[0;34m0[0;34m0[0;34m0[0;34m0[0;34m0[0;34m0[0;34m0[0;34m0[0;34m0[0;34m0[0;34m0[0;34m0[0;34m0[0;34m0[0;34m0[0;34m0[0;34m0[0;34m0[0;34m0[0;34m0[0;34m1
[0m[0;34m1[0;34m0[0;34m0[0;34m0[0;34m0[0;34m0[0;34m0[0;34m0[0;34m0[0;34m0[0;34m0[0;34m0[0;34m0[0;34m0[0;34m0[0;34m0[0;34m0[0;34m0[0;34m0[0;34m0[0;34m0[0;34m0[0;34m0[0;34m1
[0m[0;34m1[0;34m1[0;34m1[0;34m1[0;34m1[0;34m1[0;34m1[0;34m1[0;34m1[0;34m0[0;34m0[0;34m0[0;34m0[0;34m0[0;34m0[0;34m0[0;34m0[0;34m0[0;34m0[0;34m0[0;34m0[0;34m0[0;34m0[0;34m1
[0m[0;34m1[0;34m0[0;34m0[0;34m1[0;34m0[0;34m0[0;34m0[0;34m0[0;34m1[0;34m0[0;34m0[0;34m0[0;34m0[0;34m0[0;34m0[0;34m0[0;34m0[0;34m0[0;34m0[0;[0;32m[Debug info]üõ†Ô∏è  Starting player position info üîç
[0m[0;32m[Debug info] - Player X:[0m9
[0;32m[Debug info] - Player Y:[0m3
[0;32m[Debug info] - Player Direction:[0mN
[0;32m[Debug info]üõ†Ô∏è  Textures info:  üîç
[0m[0;32m[Debug info] Texture north:[0mtextures/test/north.xpm
[0;32m[Debug info] Texture south:[0mtextures/test/south.xpm
[0;32m[Debug info] Texture west:[0mtextures/test/west.xpm
[0;32m[Debug info] Texture east:[0mtextures/test/east.xpm
[0;32m[Debug info]üõ†Ô∏è  Colors info c:  üîç
[0m[0;32m[Debug info]üõ†Ô∏è  Colors info f:  üîç
[0m34m0[0;34m0[0;34m0[0;34m0[0;34m1
[0m[0;34m1[0;34m0[0;34m0[0;34m0[0;34m0[0;34m0[0;34m1[0;34m0[0;34m1[0;34m0[0;34m0[0;34m0[0;34m0[0;34m0[0;34m0[0;34m0[0;34m0[0;34m0[0;34m0[0;34m0[0;34m0[0;34m0[0;34m0[0;34m1
[0m[0;34m1[0;34m0[0;34m0[0;34m1[0;34m0[0;34m0[0;34m0[0;34m0[0;34m1[0;34m0[0;34m0[0;34m0[0;34m0[0;34m0[0;34m0[0;34m0[0;34m0[0;34m0[0;34m0[0;34m0[0;34m0[0;34m0[0;34m0[0;34m1
[0m[0;34m1[0;34m0[0;34m0[0;34m1[0;34m1[0;34m1[0;34m1[0;34m1[0;34m1[0;34m0[0;34m0[0;34m0[0;34m0[0;34m0[0;34m0[0;34m0[0;34m0[0;34m0[0;34m0[0;34m0[0;34m0[0;34m0[0;34m0[0;34m1
[0m[0;34m1[0;34m0[0;34m0[0;34m0[0;34m0[0;34m0[0;34m0[0;34m0[0;34m0[0;34m0[0;34m0[0;34m0[0;34m0[0;34m0[0;34m0[0;34m0[0;34m0[0;34m0[0;34m0[0;34m0[0;34m0[0;34m0[0;34m0[0;34m1
[0m[0;34m1[0;34m0[0;34m0[0;34m0[0;34m0[0;34m0[0;34m0[0;34m0[0;34m0[0;34m0[0;34m0[0;34m0[0;34m0[0;34m0[0;34m0[0;34m0[0;34m0[0;34m0[0;34m0[0;34m0[0;34m0[0;34m0[0;34m0[0;34m1
[0m[0;34m1[0;34m1[0;34m1[0;34m1[0;34m1[0;34m1[0;34m1[0;34m1[0;34m1[0;34m1[0;34m1[0;34m1[0;34m1[0;34m1[0;34m1[0;34m1[0;34m1[0;34m1[0;34m1[0;34m1[0;34m1[0;34m1[0;34m1[0;34m1
[0m[0;34m2[0;34m3[0;34m5
[0m[0;34m1[0;34m9[0;34m8
[0m[0;34m5[0;34m2
[0m[0;34m6[0;34m9
[0m[0;34m2[0;34m2[0;34m2
[0m[0;34m1[0;34m9[0;34m9
[0mExit code: 0
‚ö†Ô∏è No Valgrind alerts, but with leaks[0m  
==78612== Memcheck, a memory error detector
==78612== Copyright (C) 2002-2022, and GNU GPL'd, by Julian Seward et al.
==78612== Using Valgrind-3.22.0 and LibVEX; rerun with -h for copyright info
==78612== Command: ./cub3d ./maps/good/square_map.cub
==78612== Parent PID: 78232
==78612== 
==78612== 
==78612== HEAP SUMMARY:
==78612==     in use at exit: 2,338 bytes in 84 blocks
==78612==   total heap usage: 277 allocs, 193 frees, 17,008 bytes allocated
==78612== 
==78612== LEAK SUMMARY:
==78612==    definitely lost: 744 bytes in 10 blocks
==78612==    indirectly lost: 1,594 bytes in 74 blocks
==78612==      possibly lost: 0 bytes in 0 blocks
==78612==    still reachable: 0 bytes in 0 blocks
==78612==         suppressed: 0 bytes in 0 blocks
==78612== Rerun with --leak-check=full to see details of leaked memory
==78612== 
==78612== For lists of detected and suppressed errors, rerun with: -s
==78612== ERROR SUMMARY: 0 errors from 0 contexts (suppressed: 0 from 0)
Running valgrind on ./maps/good/subject_map.cub...

[0;32m[Debug info]üõ†Ô∏è  Map info üîç
[0m[0;32m[Debug info] - Map width:[0m33
[0;32m[Debug info] - Map height:[0m14
[0;32m[Debug info]üõ†Ô∏è  Starting player position info üîç
[0m[0;32m[Debug info] - Player X:[0m26
[0;32m[Debug info] - Player Y:[0m11
[0;32m[Debug info] - Player Direction:[0mN
[0;32m[Debug info]üõ†Ô∏è  Textures info:  üîç
[0m[0;32m[Debug info] Texture north:[0mtextures/test/north.xpm
[0;32m[Debug info] Texture south:[0mtextures/test/south.xpm
[0;32m[Debug info] Texture west:[0mtextures/test/west.xpm
[0;32m[Debug info] Texture east:[0mtextures/test/east.xpm
[0;32m[Debug info]üõ†Ô∏è  Colors info c:  üîç
[0m[0;32m[Debug info]üõ†Ô∏è  Colors info f:  üîç
[0m[0;34m1[0;34m1[0;34m1[0;34m1[0;34m1[0;34m1[0;34m1[0;34m1[0;34m1[0;34m1[0;34m1[0;34m1[0;34m1[0;34m1[0;34m1[0;34m1[0;34m1[0;34m1[0;34m1[0;34m1[0;34m1[0;34m1[0;34m1[0;34m1[0;34m1[0;34m1[0;34m1[0;34m1[0;34m1[0;34m1[0;34m1[0;34m1[0;34m1
[0m[0;34m1[0;34m1[0;34m1[0;34m1[0;34m1[0;34m1[0;34m1[0;34m1[0;34m1[0;34m0[0;34m0[0;34m0[0;34m0[0;34m0[0;34m0[0;34m0[0;34m0[0;34m0[0;34m1[0;34m1[0;34m0[0;34m0[0;34m0[0;34m0[0;34m0[0;34m0[0;34m0[0;34m0[0;34m0[0;34m0[0;34m0[0;34m0[0;34m1
[0m[0;34m1[0;34m1[0;34m1[0;34m1[0;34m1[0;34m1[0;34m1[0;34m1[0;34m1[0;34m0[0;34m1[0;34m1[0;34m0[0;34m0[0;34m0[0;34m0[0;34m0[0;34m1[0;34m1[0;34m1[0;34m0[0;34m0[0;34m0[0;34m0[0;34m0[0;34m0[0;34m0[0;34m0[0;34m0[0;34m0[0;34m0[0;34m0[0;34m1
[0m[0;34m1[0;34m1[0;34m1[0;34m1[0;34m1[0;34m1[0;34m1[0;34m1[0;34m1[0;34m0[0;34m0[0;34m1[0;34m0[0;34m0[0;34m0[0;34m0[0;34m0[0;34m0[0;34m0[0;34m0[0;34m0[0;34m0[0;34m0[0;34m0[0;34m0[0;34m0[0;34m0[0;34m0[0;34m0[0;34m0[0;34m0[0;34m0[0;34m1
[0m[0;34m1[0;34m1[0;34m1[0;34m1[0;34m1[0;34m1[0;34m1[0;34m1[0;34m1[0;34m0[0;34m1[0;34m1[0;34m0[0;34m0[0;34m0[0;34m0[0;34m0[0;34m1[0;34m1[0;34m1[0;34m0[0;34m0[0;34m0[0;34m0[0;34m0[0;34m0[0;34m0[0;34m0[0;34m0[0;34m0[0;34m0[0;34m0[0;34m1
[0m[0;34m1[0;34m0[0;34m0[0;34m0[0;34m0[0;34m0[0;34m0[0;34m0[0;34m0[0;34m0[0;34m1[0;34m1[0;34m0[0;34m0[0;34m0[0;34m0[0;34m0[0;34m1[0;34m1[0;34m1[0;34m0[0;34m1[0;34m1[0;34m1[0;34m1[0;34m1[0;34m1[0;34m1[0;34m1[0;34m1[0;34m1[0;34m1[0;34m1
[0m[0;34m1[0;34m1[0;34m1[0;34m1[0;34m0[0;34m1[0;34m1[0;34m1[0;34m1[0;34m1[0;34m1[0;34m1[0;34m1[0;34m1[0;34m0[0;34m1[0;34m1[0;34m1[0;34m0[0;34m0[0;34m0[0;34m0[0;34m0[0;34m0[0;34m1[0;34m0[0;34m0[0;34m0[0;34m1[0;34m1[0;34m1[0;34m1[0;34m1
[0m[0;34m1[0;34m1[0;34m1[0;34m1[0;34m0[0;34m1[0;34m1[0;34m1[0;34m1[0;34m1[0;34m1[0;34m1[0;34m1[0;34m1[0;34m0[0;34m1[0;34m1[0;34m1[0;34m0[0;34m1[0;34m0[0;34m1[0;34m0[0;34m0[0;34m1[0;34m0[0;34m0[0;34m0[0;34m1[0;34m1[0;34m1[0;34m1[0;34m1
[0m[0;34m1[0;34m1[0;34m0[0;34m0[0;34m0[0;34m0[0;34m0[0;34m0[0;34m1[0;34m1[0;34m0[0;34m1[0;34m0[0;34m1[0;34m0[0;34m1[0;34m1[0;34m1[0;34m0[0;34m0[0;34m0[0;34m0[0;34m0[0;34m0[0;34m1[0;34m0[0;34m0[0;34m0[0;34m1[0;34m1[0;34m1[0;34m1[0;34m1
[0m[0;34m1[0;34m0[0;34m0[0;34m0[0;34m0[0;34m0[0;34m0[0;34m0[0;34m0[0;34m0[0;34m0[0;34m0[0;34m0[0;34m0[0;34m0[0;34m0[0;34m1[0;34m1[0;34m0[0;34m0[0;34m0[0;34m0[0;34m0[0;34m0[0;34m1[0;34m0[0;34m0[0;34m0[0;34m1[0;34m1[0;34m1[0;34m1[0;34m1
[0m[0;34m1[0;34m0[0;34m0[0;34m0[0;34m0[0;34m0[0;34m0[0;34m0[0;34m0[0;34m0[0;34m0[0;34m0[0;34m0[0;34m0[0;34m0[0;34m0[0;34m1[0;34m1[0;34m0[0;34m1[0;34m0[0;34m1[0;34m0[0;34m0[0;34m1[0;34m0[0;34m0[0;34m0[0;34m1[0;34m1[0;34m1[0;34m1[0;34m1
[0m[0;34m1[0;34m1[0;34m0[0;34m0[0;34m0[0;34m0[0;34m0[0;34m1[0;34m1[0;34m1[0;34m0[0;34m1[0;34m0[0;34m1[0;34m0[0;34m1[0;34m1[0;34m1[0;34m1[0;34m1[0;34m0[0;34m1[0;34m1[0;34m1[0;34m1[0;34m0[0;34mN[0;34m0[0;34m1[0;34m1[0;34m1[0;34m1[0;34m1
[0m[0;34m1[0;34m1[0;34m1[0;34m1[0;34m0[0;34m1[0;34m1[0;34m1[0;34m1[0;34m1[0;34m1[0;34m1[0;34m0[0;34m1[0;34m0[0;34m1[0;34m1[0;34m1[0;34m0[0;34m1[0;34m1[0;34m1[0;34m1[0;34m0[0;34m1[0;34m0[0;34m0[0;34m0[0;34m1[0;34m1[0;34m1[0;34m1[0;34m1
[0m[0;34m1[0;34m1[0;34m1[0;34m1[0;34m1[0;34m1[0;34m1[0;34m1[0;34m1[0;34m1[0;34m1[0;34m1[0;34m1[0;34m1[0;34m1[0;34m1[0;34m1[0;34m1[0;34m1[0;34m1[0;34m1[0;34m1[0;34m1[0;34m1[0;34m1[0;34m1[0;34m1[0;34m1[0;34m1[0;34m1[0;34m1[0;34m1[0;34m1
[0m[0;34m2[0;34m2[0;34m5
[0m[0;34m3[0;34m0
[0m[0;34m0
[0m[0;34m2[0;34m2[0;34m0
[0m[0;34m1[0;34m0[0;34m0
[0m[0;34m0
[0mExit code: 0
‚ö†Ô∏è No Valgrind alerts, but with leaks[0m  
==78615== Memcheck, a memory error detector
==78615== Copyright (C) 2002-2022, and GNU GPL'd, by Julian Seward et al.
==78615== Using Valgrind-3.22.0 and LibVEX; rerun with -h for copyright info
==78615== Command: ./cub3d ./maps/good/subject_map.cub
==78615== Parent PID: 78232
==78615== 
==78615== 
==78615== HEAP SUMMARY:
==78615==     in use at exit: 1,575 bytes in 52 blocks
==78615==   total heap usage: 164 allocs, 112 frees, 10,128 bytes allocated
==78615== 
==78615== LEAK SUMMARY:
==78615==    definitely lost: 481 bytes in 10 blocks
==78615==    indirectly lost: 1,094 bytes in 42 blocks
==78615==      possibly lost: 0 bytes in 0 blocks
==78615==    still reachable: 0 bytes in 0 blocks
==78615==         suppressed: 0 bytes in 0 blocks
==78615== Rerun with --leak-check=full to see details of leaked memory
==78615== 
==78615== For lists of detected and suppressed errors, rerun with: -s
==78615== ERROR SUMMARY: 0 errors from 0 contexts (suppressed: 0 from 0)
Running valgrind on ./maps/good/test_map.cub...

[0;32m[Debug info]üõ†Ô∏è  Map info üîç
[0m[0;32m[Debug info] - Map width:[0m12
[0;32m[Debug info] - Map height:[0m8
[0;32m[Debug info]üõ†Ô∏è  Starting player position info üîç
[0m[0;32m[Debug info] - Player X:[0m2
[0;32m[Debug info] - Player Y:[0m4
[0;32m[Debug info] - Player Direction:[0mS
[0;32m[Debug info]üõ†Ô∏è  Textures info:  üîç
[0m[0;32m[Debug info] Texture north:[0mtextures/test/north.xpm
[0;32m[Debug info] Texture south:[0mtextures/test/south.xpm
[0;32m[Debug info] Texture west:[0mtextures/test/west.xpm
[0;32m[Debug info] Texture east:[0mtextures/test/east.xpm
[0;32m[Debug info]üõ†Ô∏è  Colors info c:  üîç
[0m[0;32m[Debug info]üõ†Ô∏è  Colors info f:  üîç
[0m[0;34m1[0;34m1[0;34m1[0;34m1[0;34m1[0;34m1[0;34m1[0;34m1[0;34m1[0;34m1[0;34m1[0;34m1
[0m[0;34m1[0;34m1[0;34m1[0;34m1[0;34m1[0;34m1[0;34m1[0;34m1[0;34m1[0;34m1[0;34m1[0;34m1
[0m[0;34m1[0;34m1[0;34m1[0;34m1[0;34m1[0;34m1[0;34m1[0;34m1[0;34m1[0;34m1[0;34m1[0;34m1
[0m[0;34m1[0;34m1[0;34m1[0;34m1[0;34m1[0;34m1[0;34m1[0;34m1[0;34m1[0;34m1[0;34m1[0;34m1
[0m[0;34m1[0;34m0[0;34mS[0;34m0[0;34m0[0;34m0[0;34m0[0;34m0[0;34m0[0;34m0[0;34m0[0;34m1
[0m[0;34m1[0;34m1[0;34m1[0;34m1[0;34m1[0;34m1[0;34m1[0;34m1[0;34m1[0;34m1[0;34m1[0;34m1
[0m[0;34m1[0;34m1[0;34m1[0;34m1[0;34m1[0;34m1[0;34m1[0;34m1[0;34m1[0;34m1[0;34m1[0;34m1
[0m[0;34m1[0;34m1[0;34m1[0;34m1[0;34m1[0;34m1[0;34m1[0;34m1[0;34m1[0;34m1[0;34m1[0;34m1
[0m[0;34m1[0;34m5[0;34m3
[0m[0;34m2[0;34m0[0;34m4
[0m[0;34m2[0;34m5[0;34m5
[0m[0;34m1[0;34m8
[0m[0;34m5[0;34m3
[0m[0;34m2[0;34m5
[0mExit code: 0
‚ö†Ô∏è No Valgrind alerts, but with leaks[0m  
==78618== Memcheck, a memory error detector
==78618== Copyright (C) 2002-2022, and GNU GPL'd, by Julian Seward et al.
==78618== Using Valgrind-3.22.0 and LibVEX; rerun with -h for copyright info
==78618== Command: ./cub3d ./maps/good/test_map.cub
==78618== Parent PID: 78232
==78618== 
==78618== 
==78618== HEAP SUMMARY:
==78618==     in use at exit: 765 bytes in 40 blocks
==78618==   total heap usage: 113 allocs, 73 frees, 7,229 bytes allocated
==78618== 
==78618== LEAK SUMMARY:
==78618==    definitely lost: 387 bytes in 10 blocks
==78618==    indirectly lost: 378 bytes in 30 blocks
==78618==      possibly lost: 0 bytes in 0 blocks
==78618==    still reachable: 0 bytes in 0 blocks
==78618==         suppressed: 0 bytes in 0 blocks
==78618== Rerun with --leak-check=full to see details of leaked memory
==78618== 
==78618== For lists of detected and suppressed errors, rerun with: -s
==78618== ERROR SUMMARY: 0 errors from 0 contexts (suppressed: 0 from 0)
Running valgrind on ./maps/good/test_map_hole.cub...

[0;32m[Debug info]üõ†Ô∏è  Map info üîç
[0m[0;32m[Debug info] - Map width:[0m12
[0;32m[Debug info] - Map height:[0m8
[0;32m[Debug info]üõ†Ô∏è  Starting player position info üîç
[0m[0;32m[Debug info] - Player X:[0m2
[0;32m[Debug info] - Player Y:[0m4
[0;32m[Debug info] - Player Direction:[0mS
[0;32m[Debug info]üõ†Ô∏è  Textures info:  üîç
[0m[0;32m[Debug info] Texture north:[0mtextures/test/north.xpm
[0;32m[Debug info] Texture south:[0mtextures/test/south.xpm
[0;32m[Debug info] Texture west:[0mtextures/test/west.xpm
[0;32m[Debug info] Texture east:[0mtextures/test/east.xpm
[0;32m[Debug info]üõ†Ô∏è  Colors info c:  üîç
[0m[0;32m[Debug info]üõ†Ô∏è  Colors info f:  üîç
[0m[0;34m1[0;34m1[0;34m1[0;34m1[0;34m1[0;34m1[0;34m1[0;34m1[0;34m1[0;34m1[0;34m1[0;34m1
[0m[0;34m1[0;34m1[0;34m1[0;34m1[0;34m1[0;34m1[0;34m1[0;34m1[0;34m1[0;34m1[0;34m1[0;34m1
[0m[0;34m1[0;34m1[0;34m1[0;34m1[0;34m1[0;34m1[0;34m1[0;34m1[0;34m0[0;34m0[0;34m0[0;34m1
[0m[0;34m1[0;34m0[0;34m0[0;34m0[0;34m0[0;34m0[0;34m0[0;34m1[0;34m0[0;34m0[0;34m1[0;34m1
[0m[0;34m1[0;34m0[0;34mS[0;34m0[0;34m0[0;34m0[0;34m0[0;34m0[0;34m0[0;34m0[0;34m0[0;34m1
[0m[0;34m1[0;34m1[0;34m1[0;34m1[0;34m1[0;34m1[0;34m1[0;34m1[0;34m1[0;34m1[0;34m1[0;34m1
[0m[0;34m1[0;34m1[0;34m1[0;34m1[0;34m1[0;34m1[0;34m1[0;34m1[0;34m1[0;34m1[0;34m1[0;34m1
[0m[0;34m1[0;34m1[0;34m1[0;34m1[0;34m1[0;34m1[0;34m1[0;34m1[0;34m1[0;34m1[0;34m1[0;34m1
[0m[0;34m1[0;34m5[0;34m3
[0m[0;34m2[0;34m0[0;34m4
[0m[0;34m2[0;34m5[0;34m5
[0m[0;34m1[0;34m8
[0m[0;34m5[0;34m3
[0m[0;34m2[0;34m5
[0mExit code: 0
‚ö†Ô∏è No Valgrind alerts, but with leaks[0m  
==78625== Memcheck, a memory error detector
==78625== Copyright (C) 2002-2022, and GNU GPL'd, by Julian Seward et al.
==78625== Using Valgrind-3.22.0 and LibVEX; rerun with -h for copyright info
==78625== Command: ./cub3d ./maps/good/test_map_hole.cub
==78625== Parent PID: 78232
==78625== 
==78625== 
==78625== HEAP SUMMARY:
==78625==     in use at exit: 765 bytes in 40 blocks
==78625==   total heap usage: 113 allocs, 73 frees, 7,229 bytes allocated
==78625== 
==78625== LEAK SUMMARY:
==78625==    definitely lost: 387 bytes in 10 blocks
==78625==    indirectly lost: 378 bytes in 30 blocks
==78625==      possibly lost: 0 bytes in 0 blocks
==78625==    still reachable: 0 bytes in 0 blocks
==78625==         suppressed: 0 bytes in 0 blocks
==78625== Rerun with --leak-check=full to see details of leaked memory
==78625== 
==78625== For lists of detected and suppressed errors, rerun with: -s
==78625== ERROR SUMMARY: 0 errors from 0 contexts (suppressed: 0 from 0)
Running valgrind on ./maps/good/test_pos_bottom.cub...

[0;32m[Debug info]üõ†Ô∏è  Map info üîç
[0m[0;32m[Debug info] - Map width:[0m3
[0;32m[Debug info] - Map height:[0m13
[0;32m[Debug info]üõ†Ô∏è  Starting player position info üîç
[0m[0;32m[Debug info] - Player X:[0m1
[0;32m[Debug info] - Player Y:[0m11
[0;32m[Debug info] - Player Direction:[0mS
[0;32m[Debug info]üõ†Ô∏è  Textures info:  üîç
[0m[0;32m[Debug info] Texture north:[0mtextures/test/north.xpm
[0;32m[Debug info] Texture south:[0mtextures/test/south.xpm
[0;32m[Debug info] Texture west:[0mtextures/test/west.xpm
[0;32m[Debug info] Texture east:[0mtextures/test/east.xpm
[0;32m[Debug info]üõ†Ô∏è  Colors info c:  üîç
[0m[0;32m[Debug info]üõ†Ô∏è  Colors info f:  üîç
[0m[0;34m1[0;34m1[0;34m1
[0m[0;34m1[0;34m0[0;34m1
[0m[0;34m1[0;34m0[0;34m1
[0m[0;34m1[0;34m0[0;34m1
[0m[0;34m1[0;34m0[0;34m1
[0m[0;34m1[0;34m0[0;34m1
[0m[0;34m1[0;34m0[0;34m1
[0m[0;34m1[0;34m0[0;34m1
[0m[0;34m1[0;34m0[0;34m1
[0m[0;34m1[0;34m0[0;34m1
[0m[0;34m1[0;34m0[0;34m1
[0m[0;34m1[0;34mS[0;34m1
[0m[0;34m1[0;34m1[0;34m1
[0m[0;34m2[0;34m0[0;34m0
[0m[0;34m2[0;34m0[0;34m0
[0m[0;34m2[0;34m0[0;34m0
[0m[0;34m2[0;34m0
[0m[0;34m2[0;34m0
[0m[0;34m2[0;34m0
[0mExit code: 0
‚ö†Ô∏è No Valgrind alerts, but with leaks[0m  
==78702== Memcheck, a memory error detector
==78702== Copyright (C) 2002-2022, and GNU GPL'd, by Julian Seward et al.
==78702== Using Valgrind-3.22.0 and LibVEX; rerun with -h for copyright info
==78702== Command: ./cub3d ./maps/good/test_pos_bottom.cub
==78702== Parent PID: 78232
==78702== 
==78702== 
==78702== HEAP SUMMARY:
==78702==     in use at exit: 746 bytes in 50 blocks
==78702==   total heap usage: 141 allocs, 91 frees, 8,007 bytes allocated
==78702== 
==78702== LEAK SUMMARY:
==78702==    definitely lost: 467 bytes in 10 blocks
==78702==    indirectly lost: 279 bytes in 40 blocks
==78702==      possibly lost: 0 bytes in 0 blocks
==78702==    still reachable: 0 bytes in 0 blocks
==78702==         suppressed: 0 bytes in 0 blocks
==78702== Rerun with --leak-check=full to see details of leaked memory
==78702== 
==78702== For lists of detected and suppressed errors, rerun with: -s
==78702== ERROR SUMMARY: 0 errors from 0 contexts (suppressed: 0 from 0)
Running valgrind on ./maps/good/test_pos_left.cub...

[0;32m[Debug info]üõ†Ô∏è  Map info üîç
[0m[0;32m[Debug info] - Map width:[0m21
[0;32m[Debug info] - Map height:[0m3
[0;32m[Debug info]üõ†Ô∏è  Starting player position info üîç
[0m[0;32m[Debug info] - Player X:[0m1
[0;32m[Debug info] - Player Y:[0m1
[0;32m[Debug info] - Player Direction:[0mW
[0;32m[Debug info]üõ†Ô∏è  Textures info:  üîç
[0m[0;32m[Debug info] Texture north:[0mtextures/test/north.xpm
[0;32m[Debug info] Texture south:[0mtextures/test/south.xpm
[0;32m[Debug info] Texture west:[0mtextures/test/west.xpm
[0;32m[Debug info] Texture east:[0mtextures/test/east.xpm
[0;32m[Debug info]üõ†Ô∏è  Colors info c:  üîç
[0m[0;32m[Debug info]üõ†Ô∏è  Colors info f:  üîç
[0m[0;34m1[0;34m1[0;34m1[0;34m1[0;34m1[0;34m1[0;34m1[0;34m1[0;34m1[0;34m1[0;34m1[0;34m1[0;34m1[0;34m1[0;34m1[0;34m1[0;34m1[0;34m1[0;34m1[0;34m1[0;34m1
[0m[0;34m1[0;34mW[0;34m0[0;34m0[0;34m0[0;34m0[0;34m0[0;34m0[0;34m0[0;34m0[0;34m0[0;34m0[0;34m0[0;34m0[0;34m0[0;34m0[0;34m0[0;34m0[0;34m0[0;34m0[0;34m1
[0m[0;34m1[0;34m1[0;34m1[0;34m1[0;34m1[0;34m1[0;34m1[0;34m1[0;34m1[0;34m1[0;34m1[0;34m1[0;34m1[0;34m1[0;34m1[0;34m1[0;34m1[0;34m1[0;34m1[0;34m1[0;34m1
[0m[0;34m2[0;34m0[0;34m0
[0m[0;34m2[0;34m0[0;34m0
[0m[0;34m2[0;34m0[0;34m0
[0m[0;34m2[0;34m0
[0m[0;34m2[0;34m0
[0m[0;34m2[0;34m0
[0mExit code: 0
‚ö†Ô∏è No Valgrind alerts, but with leaks[0m  
==78846== Memcheck, a memory error detector
==78846== Copyright (C) 2002-2022, and GNU GPL'd, by Julian Seward et al.
==78846== Using Valgrind-3.22.0 and LibVEX; rerun with -h for copyright info
==78846== Command: ./cub3d ./maps/good/test_pos_left.cub
==78846== Parent PID: 78232
==78846== 
==78846== 
==78846== HEAP SUMMARY:
==78846==     in use at exit: 604 bytes in 30 blocks
==78846==   total heap usage: 82 allocs, 52 frees, 6,237 bytes allocated
==78846== 
==78846== LEAK SUMMARY:
==78846==    definitely lost: 307 bytes in 10 blocks
==78846==    indirectly lost: 297 bytes in 20 blocks
==78846==      possibly lost: 0 bytes in 0 blocks
==78846==    still reachable: 0 bytes in 0 blocks
==78846==         suppressed: 0 bytes in 0 blocks
==78846== Rerun with --leak-check=full to see details of leaked memory
==78846== 
==78846== For lists of detected and suppressed errors, rerun with: -s
==78846== ERROR SUMMARY: 0 errors from 0 contexts (suppressed: 0 from 0)
Running valgrind on ./maps/good/test_pos_right.cub...

[0;32m[Debug info]üõ†Ô∏è  Map info üîç
[0m[0;32m[Debug info] - Map width:[0m21
[0;32m[Debug info] - Map height:[0m3
[0;32m[Debug info]üõ†Ô∏è  Starting player position info üîç
[0m[0;32m[Debug info] - Player X:[0m19
[0;32m[Debug info] - Player Y:[0m1
[0;32m[Debug info] - Player Direction:[0mE
[0;32m[Debug info]üõ†Ô∏è  Textures info:  üîç
[0m[0;32m[Debug info] Texture north:[0mtextures/test/north.xpm
[0;32m[Debug info] Texture south:[0mtextures/test/south.xpm
[0;32m[Debug info] Texture west:[0mtextures/test/west.xpm
[0;32m[Debug info] Texture east:[0mtextures/test/east.xpm
[0;32m[Debug info]üõ†Ô∏è  Colors info c:  üîç
[0m[0;32m[Debug info]üõ†Ô∏è  Colors info f:  üîç
[0m[0;34m1[0;34m1[0;34m1[0;34m1[0;34m1[0;34m1[0;34m1[0;34m1[0;34m1[0;34m1[0;34m1[0;34m1[0;34m1[0;34m1[0;34m1[0;34m1[0;34m1[0;34m1[0;34m1[0;34m1[0;34m1
[0m[0;34m1[0;34m0[0;34m0[0;34m0[0;34m0[0;34m0[0;34m0[0;34m0[0;34m0[0;34m0[0;34m0[0;34m0[0;34m0[0;34m0[0;34m0[0;34m0[0;34m0[0;34m0[0;34m0[0;34mE[0;34m1
[0m[0;34m1[0;34m1[0;34m1[0;34m1[0;34m1[0;34m1[0;34m1[0;34m1[0;34m1[0;34m1[0;34m1[0;34m1[0;34m1[0;34m1[0;34m1[0;34m1[0;34m1[0;34m1[0;34m1[0;34m1[0;34m1
[0m[0;34m2[0;34m0[0;34m0
[0m[0;34m2[0;34m0[0;34m0
[0m[0;34m2[0;34m0[0;34m0
[0m[0;34m2[0;34m0
[0m[0;34m2[0;34m0
[0m[0;34m2[0;34m0
[0mExit code: 0
‚ö†Ô∏è No Valgrind alerts, but with leaks[0m  
==78849== Memcheck, a memory error detector
==78849== Copyright (C) 2002-2022, and GNU GPL'd, by Julian Seward et al.
==78849== Using Valgrind-3.22.0 and LibVEX; rerun with -h for copyright info
==78849== Command: ./cub3d ./maps/good/test_pos_right.cub
==78849== Parent PID: 78232
==78849== 
==78849== 
==78849== HEAP SUMMARY:
==78849==     in use at exit: 604 bytes in 30 blocks
==78849==   total heap usage: 82 allocs, 52 frees, 6,237 bytes allocated
==78849== 
==78849== LEAK SUMMARY:
==78849==    definitely lost: 307 bytes in 10 blocks
==78849==    indirectly lost: 297 bytes in 20 blocks
==78849==      possibly lost: 0 bytes in 0 blocks
==78849==    still reachable: 0 bytes in 0 blocks
==78849==         suppressed: 0 bytes in 0 blocks
==78849== Rerun with --leak-check=full to see details of leaked memory
==78849== 
==78849== For lists of detected and suppressed errors, rerun with: -s
==78849== ERROR SUMMARY: 0 errors from 0 contexts (suppressed: 0 from 0)
Running valgrind on ./maps/good/test_pos_top.cub...

[0;32m[Debug info]üõ†Ô∏è  Map info üîç
[0m[0;32m[Debug info] - Map width:[0m3
[0;32m[Debug info] - Map height:[0m13
[0;32m[Debug info]üõ†Ô∏è  Starting player position info üîç
[0m[0;32m[Debug info] - Player X:[0m1
[0;32m[Debug info] - Player Y:[0m1
[0;32m[Debug info] - Player Direction:[0mN
[0;32m[Debug info]üõ†Ô∏è  Textures info:  üîç
[0m[0;32m[Debug info] Texture north:[0mtextures/test/north.xpm
[0;32m[Debug info] Texture south:[0mtextures/test/south.xpm
[0;32m[Debug info] Texture west:[0mtextures/test/west.xpm
[0;32m[Debug info] Texture east:[0mtextures/test/east.xpm
[0;32m[Debug info]üõ†Ô∏è  Colors info c:  üîç
[0m[0;32m[Debug info]üõ†Ô∏è  Colors info f:  üîç
[0m[0;34m1[0;34m1[0;34m1
[0m[0;34m1[0;34mN[0;34m1
[0m[0;34m1[0;34m0[0;34m1
[0m[0;34m1[0;34m0[0;34m1
[0m[0;34m1[0;34m0[0;34m1
[0m[0;34m1[0;34m0[0;34m1
[0m[0;34m1[0;34m0[0;34m1
[0m[0;34m1[0;34m0[0;34m1
[0m[0;34m1[0;34m0[0;34m1
[0m[0;34m1[0;34m0[0;34m1
[0m[0;34m1[0;34m0[0;34m1
[0m[0;34m1[0;34m0[0;34m1
[0m[0;34m1[0;34m1[0;34m1
[0m[0;34m2[0;34m0[0;34m0
[0m[0;34m2[0;34m0[0;34m0
[0m[0;34m2[0;34m0[0;34m0
[0m[0;34m2[0;34m0
[0m[0;34m2[0;34m0
[0m[0;34m2[0;34m0
[0mExit code: 0
‚ö†Ô∏è No Valgrind alerts, but with leaks[0m  
==78852== Memcheck, a memory error detector
==78852== Copyright (C) 2002-2022, and GNU GPL'd, by Julian Seward et al.
==78852== Using Valgrind-3.22.0 and LibVEX; rerun with -h for copyright info
==78852== Command: ./cub3d ./maps/good/test_pos_top.cub
==78852== Parent PID: 78232
==78852== 
==78852== 
==78852== HEAP SUMMARY:
==78852==     in use at exit: 746 bytes in 50 blocks
==78852==   total heap usage: 141 allocs, 91 frees, 8,007 bytes allocated
==78852== 
==78852== LEAK SUMMARY:
==78852==    definitely lost: 467 bytes in 10 blocks
==78852==    indirectly lost: 279 bytes in 40 blocks
==78852==      possibly lost: 0 bytes in 0 blocks
==78852==    still reachable: 0 bytes in 0 blocks
==78852==         suppressed: 0 bytes in 0 blocks
==78852== Rerun with --leak-check=full to see details of leaked memory
==78852== 
==78852== For lists of detected and suppressed errors, rerun with: -s
==78852== ERROR SUMMARY: 0 errors from 0 contexts (suppressed: 0 from 0)
Running valgrind on ./maps/good/test_textures.cub...

[0;32m[Debug info]üõ†Ô∏è  Map info üîç
[0m[0;32m[Debug info] - Map width:[0m5
[0;32m[Debug info] - Map height:[0m13
[0;32m[Debug info]üõ†Ô∏è  Starting player position info üîç
[0m[0;32m[Debug info] - Player X:[0m2
[0;32m[Debug info] - Player Y:[0m2
[0;32m[Debug info] - Player Direction:[0mS
[0;32m[Debug info]üõ†Ô∏è  Textures info:  üîç
[0m[0;32m[Debug info] Texture north:[0mtextures/test/north.xpm
[0;32m[Debug info] Texture south:[0mtextures/test/south.xpm
[0;32m[Debug info] Texture west:[0mtextures/test/west.xpm
[0;32m[Debug info] Texture east:[0mtextures/test/east.xpm
[0;32m[Debug info]üõ†Ô∏è  Colors info c:  üîç
[0m[0;32m[Debug info]üõ†Ô∏è  Colors info f:  üîç
[0m[0;34m1[0;34m1[0;34m1[0;34m1[0;34m1
[0m[0;34m1[0;34m0[0;34m0[0;34m0[0;34m1
[0m[0;34m1[0;34m0[0;34mS[0;34m0[0;34m1
[0m[0;34m1[0;34m0[0;34m0[0;34m0[0;34m1
[0m[0;34m1[0;34m0[0;34m0[0;34m0[0;34m1
[0m[0;34m1[0;34m0[0;34m0[0;34m0[0;34m1
[0m[0;34m1[0;34m1[0;34m0[0;34m0[0;34m1
[0m[0;34m1[0;34m0[0;34m0[0;34m0[0;34m1
[0m[0;34m1[0;34m0[0;34m0[0;34m0[0;34m1
[0m[0;34m1[0;34m0[0;34m0[0;34m0[0;34m1
[0m[0;34m1[0;34m0[0;34m0[0;34m0[0;34m1
[0m[0;34m1[0;34m0[0;34m0[0;34m0[0;34m1
[0m[0;34m1[0;34m1[0;34m1[0;34m1[0;34m1
[0m[0;34m2[0;34m0[0;34m0
[0m[0;34m2[0;34m0[0;34m0
[0m[0;34m2[0;34m0[0;34m0
[0m[0;34m2[0;34m0
[0m[0;34m2[0;34m0
[0m[0;34m2[0;34m0
[0mExit code: 0
‚ö†Ô∏è No Valgrind alerts, but with leaks[0m  
==78855== Memcheck, a memory error detector
==78855== Copyright (C) 2002-2022, and GNU GPL'd, by Julian Seward et al.
==78855== Using Valgrind-3.22.0 and LibVEX; rerun with -h for copyright info
==78855== Command: ./cub3d ./maps/good/test_textures.cub
==78855== Parent PID: 78232
==78855== 
==78855== 
==78855== HEAP SUMMARY:
==78855==     in use at exit: 798 bytes in 50 blocks
==78855==   total heap usage: 142 allocs, 92 frees, 8,146 bytes allocated
==78855== 
==78855== LEAK SUMMARY:
==78855==    definitely lost: 467 bytes in 10 blocks
==78855==    indirectly lost: 331 bytes in 40 blocks
==78855==      possibly lost: 0 bytes in 0 blocks
==78855==    still reachable: 0 bytes in 0 blocks
==78855==         suppressed: 0 bytes in 0 blocks
==78855== Rerun with --leak-check=full to see details of leaked memory
==78855== 
==78855== For lists of detected and suppressed errors, rerun with: -s
==78855== ERROR SUMMARY: 0 errors from 0 contexts (suppressed: 0 from 0)
Running valgrind on ./maps/good/test_whitespace.cub...

[0;32m[Debug info]üõ†Ô∏è  Map info üîç
[0m[0;32m[Debug info] - Map width:[0m21
[0;32m[Debug info] - Map height:[0m13
[0;32m[Debug info]üõ†Ô∏è  Starting player position info üîç
[0m[0;32m[Debug info] - Player X:[0m2
[0;32m[Debug info] - Player Y:[0m2
[0;32m[Debug info] - Player Direction:[0mS
[0;32m[Debug info]üõ†Ô∏è  Textures info:  üîç
[0m[0;32m[Debug info] Texture north:[0mtextures/test/north.xpm
[0;32m[Debug info] Texture south:[0mtextures/test/south.xpm
[0;32m[Debug info] Texture west:[0mtextures/test/west.xpm
[0;32m[Debug info] Texture east:[0mtextures/test/east.xpm
[0;32m[Debug info]üõ†Ô∏è  Colors info c:  üîç
[0m[0;32m[Debug info]üõ†Ô∏è  Colors info f:  üîç
[0m[0;34m1[0;34m1[0;34m1[0;34m1[0;34m1[0;34m1[0;34m1[0;34m1[0;34m1[0;34m1[0;34m1[0;34m1[0;34m1[0;34m1[0;34m1[0;34m1[0;34m1[0;34m1[0;34m1[0;34m1[0;34m1
[0m[0;34m1[0;34m0[0;34m0[0;34m0[0;34m1[0;34m1[0;34m1[0;34m1[0;34m1[0;34m1[0;34m1[0;34m1[0;34m1[0;34m1[0;34m1[0;34m1[0;34m1[0;34m1[0;34m1[0;34m1[0;34m1
[0m[0;34m1[0;34m0[0;34mS[0;34m0[0;34m1[0;34m1[0;34m1[0;34m1[0;34m1[0;34m1[0;34m1[0;34m1[0;34m1[0;34m1[0;34m1[0;34m1[0;34m1[0;34m1[0;34m1[0;34m1[0;34m1
[0m[0;34m1[0;34m0[0;34m0[0;34m0[0;34m1[0;34m1[0;34m1[0;34m1[0;34m1[0;34m1[0;34m1[0;34m1[0;34m1[0;34m1[0;34m1[0;34m1[0;34m1[0;34m1[0;34m1[0;34m1[0;34m1
[0m[0;34m1[0;34m0[0;34m0[0;34m0[0;34m1[0;34m1[0;34m1[0;34m1[0;34m1[0;34m1[0;34m1[0;34m1[0;34m1[0;34m1[0;34m1[0;34m1[0;34m1[0;34m1[0;34m1[0;34m1[0;34m1
[0m[0;34m1[0;34m0[0;34m0[0;34m0[0;34m1[0;34m1[0;34m1[0;34m1[0;34m1[0;34m1[0;34m1[0;34m1[0;34m1[0;34m1[0;34m1[0;34m1[0;34m1[0;34m1[0;34m1[0;34m1[0;34m1
[0m[0;34m1[0;34m1[0;34m0[0;34m0[0;34m1[0;34m1[0;34m1[0;34m1[0;34m1[0;34m1[0;34m1[0;34m1[0;34m1[0;34m1[0;34m1[0;34m1[0;34m1[0;34m1[0;34m1[0;34m1[0;34m1
[0m[0;34m1[0;34m0[0;34m0[0;34m0[0;34m1[0;34m1[0;34m1[0;34m1[0;34m1[0;34m1[0;34m1[0;34m1[0;34m1[0;34m1[0;34m1[0;34m1[0;34m1[0;34m1[0;34m1[0;34m1[0;34m1
[0m[0;34m1[0;34m0[0;34m0[0;34m0[0;34m1[0;34m1[0;34m1[0;34m1[0;34m1[0;34m1[0;34m1[0;34m1[0;34m1[0;34m1[0;34m1[0;34m1[0;34m1[0;34m1[0;34m1[0;34m1[0;34m1
[0m[0;34m1[0;34m0[0;34m0[0;34m0[0;34m1[0;34m1[0;34m1[0;34m1[0;34m1[0;34m1[0;34m1[0;34m1[0;34m1[0;34m1[0;34m1[0;34m1[0;34m1[0;34m1[0;34m1[0;34m1[0;34m1
[0m[0;34m1[0;34m0[0;34m0[0;34m0[0;34m1[0;34m1[0;34m1[0;34m1[0;34m1[0;34m1[0;34m1[0;34m1[0;34m1[0;34m1[0;34m1[0;34m1[0;34m1[0;34m1[0;34m1[0;34m1[0;34m1
[0m[0;34m1[0;34m0[0;34m0[0;34m0[0;34m1[0;34m1[0;34m1[0;34m1[0;34m1[0;34m1[0;34m1[0;34m1[0;34m1[0;34m1[0;34m1[0;34m1[0;34m1[0;34m1[0;34m1[0;34m1[0;34m1
[0m[0;34m1[0;34m1[0;34m1[0;34m1[0;34m1[0;34m1[0;34m1[0;34m1[0;34m1[0;34m1[0;34m1[0;34m1[0;34m1[0;34m1[0;34m1[0;34m1[0;34m1[0;34m1[0;34m1[0;34m1[0;34m1
[0m[0;34m2[0;34m0[0;34m0
[0m[0;34m2[0;34m0[0;34m0
[0m[0;34m2[0;34m0[0;34m0
[0m[0;34m2[0;34m0
[0m[0;34m2[0;34m0
[0m[0;34m2[0;34m0
[0mExit code: 0
‚ö†Ô∏è No Valgrind alerts, but with leaks[0m  
==78858== Memcheck, a memory error detector
==78858== Copyright (C) 2002-2022, and GNU GPL'd, by Julian Seward et al.
==78858== Using Valgrind-3.22.0 and LibVEX; rerun with -h for copyright info
==78858== Command: ./cub3d ./maps/good/test_whitespace.cub
==78858== Parent PID: 78232
==78858== 
==78858== 
==78858== HEAP SUMMARY:
==78858==     in use at exit: 1,566 bytes in 89 blocks
==78858==   total heap usage: 306 allocs, 217 frees, 23,419 bytes allocated
==78858== 
==78858== LEAK SUMMARY:
==78858==    definitely lost: 813 bytes in 10 blocks
==78858==    indirectly lost: 753 bytes in 79 blocks
==78858==      possibly lost: 0 bytes in 0 blocks
==78858==    still reachable: 0 bytes in 0 blocks
==78858==         suppressed: 0 bytes in 0 blocks
==78858== Rerun with --leak-check=full to see details of leaked memory
==78858== 
==78858== For lists of detected and suppressed errors, rerun with: -s
==78858== ERROR SUMMARY: 0 errors from 0 contexts (suppressed: 0 from 0)
Running valgrind on ./maps/good/works.cub...

[0;32m[Debug info]üõ†Ô∏è  Map info üîç
[0m[0;32m[Debug info] - Map width:[0m25
[0;32m[Debug info] - Map height:[0m6
[0;32m[Debug info]üõ†Ô∏è  Starting player position info üîç
[0m[0;32m[Debug info] - Player X:[0m2
[0;32m[Debug info] - Player Y:[0m1
[0;32m[Debug info] - Player Direction:[0mS
[0;32m[Debug info]üõ†Ô∏è  Textures info:  üîç
[0m[0;32m[Debug info] Texture north:[0mtextures/test/north.xpm
[0;32m[Debug info] Texture south:[0mtextures/test/south.xpm
[0;32m[Debug info] Texture west:[0mtextures/test/west.xpm
[0;32m[Debug info] Texture east:[0mtextures/test/east.xpm
[0;32m[Debug info]üõ†Ô∏è  Colors info c:  üîç
[0m[0;32m[Debug info]üõ†Ô∏è  Colors info f:  üîç
[0m[0;34m1[0;34m1[0;34m1[0;34m1[0;34m1[0;34m1[0;34m1[0;34m1[0;34m1[0;34m1[0;34m1[0;34m1[0;34m1[0;34m1[0;34m1[0;34m1[0;34m1[0;34m1[0;34m1[0;34m1[0;34m1[0;34m1[0;34m1[0;34m1[0;34m1
[0m[0;34m1[0;34m0[0;34mS[0;34m0[0;34m1[0;34m1[0;34m0[0;34m0[0;34m0[0;34m0[0;34m1[0;34m0[0;34m0[0;34m0[0;34m0[0;34m0[0;34m0[0;34m0[0;34m0[0;34m0[0;34m0[0;34m0[0;34m0[0;34m0[0;34m1
[0m[0;34m1[0;34m0[0;34m0[0;34m0[0;34m1[0;34m1[0;34m0[0;34m0[0;34m0[0;34m0[0;34m0[0;34m0[0;34m0[0;34m0[0;34m0[0;34m0[0;34m1[0;34m1[0;34m1[0;34m1[0;34m1[0;34m1[0;34m0[0;34m0[0;34m1
[0m[0;34m1[0;34m0[0;34m0[0;34m0[0;34m1[0;34m1[0;34m0[0;34m0[0;34m0[0;34m0[0;34m0[0;34m0[0;34m0[0;34m0[0;34m0[0;34m0[0;34m1[0;34m1[0;34m0[0;34m0[0;34m0[0;34m1[0;34m0[0;34m0[0;34m1
[0m[0;34m1[0;34m0[0;34m0[0;34m0[0;34m0[0;34m0[0;34m0[0;34m0[0;34m0[0;34m0[0;34m1[0;34m0[0;34m0[0;34m0[0;34m0[0;34m0[0;34m0[0;34m0[0;34m0[0;34m0[0;34m0[0;34m1[0;34m0[0;34m0[0;34m1
[0m[0;34m1[0;34m1[0;34m1[0;34m1[0;34m1[0;34m1[0;34m1[0;34m1[0;34m1[0;34m1[0;34m1[0;34m1[0;34m1[0;34m1[0;34m1[0;34m1[0;34m1[0;34m1[0;34m1[0;34m1[0;34m1[0;34m1[0;34m1[0;34m1[0;34m1
[0m[0;34m2[0;34m1[0;34m8
[0m[0;34m2[0;34m3[0;34m4
[0m[0;34m2[0;34m3[0;34m5
[0m[0;34m1[0;34m7
[0m[0;34m3[0;34m8
[0m[0;34m6[0;34m4
[0mExit code: 0
‚ö†Ô∏è No Valgrind alerts, but with leaks[0m  
==78861== Memcheck, a memory error detector
==78861== Copyright (C) 2002-2022, and GNU GPL'd, by Julian Seward et al.
==78861== Using Valgrind-3.22.0 and LibVEX; rerun with -h for copyright info
==78861== Command: ./cub3d ./maps/good/works.cub
==78861== Parent PID: 78232
==78861== 
==78861== 
==78861== HEAP SUMMARY:
==78861==     in use at exit: 957 bytes in 42 blocks
==78861==   total heap usage: 130 allocs, 88 frees, 8,412 bytes allocated
==78861== 
==78861== LEAK SUMMARY:
==78861==    definitely lost: 414 bytes in 10 blocks
==78861==    indirectly lost: 543 bytes in 32 blocks
==78861==      possibly lost: 0 bytes in 0 blocks
==78861==    still reachable: 0 bytes in 0 blocks
==78861==         suppressed: 0 bytes in 0 blocks
==78861== Rerun with --leak-check=full to see details of leaked memory
==78861== 
==78861== For lists of detected and suppressed errors, rerun with: -s
==78861== ERROR SUMMARY: 0 errors from 0 contexts (suppressed: 0 from 0)
Valgrind tests completed. Results saved to test_output.txt.
Starting Valgrind tests...
Running valgrind on ./maps/good/cheese_maze.cub...

[0;32m[Debug info]üõ†Ô∏è  Map info üîç
[0m[0;32m[Debug info] - Map width:[0m21
[0;32m[Debug info] - Map height:[0m21
[0;32m[Debug info]üõ†Ô∏è  Starting player position info üîç
[0m[0;32m[Debug info] - Player X:[0m1
[0;32m[Debug info] - Player Y:[0m19
[0;32m[Debug info] - Player Direction:[0mN
[0;32m[Debug info]üõ†Ô∏è  Textures info:  üîç
[0m[0;32m[Debug info] Texture north:[0mtextures/test/north.xpm
[0;32m[Debug info] Texture south:[0mtextures/test/south.xpm
[0;32m[Debug info] Texture west:[0mtextures/test/west.xpm
[0;32m[Debug info] Texture east:[0mtextures/test/east.xpm
[0;32m[Debug info]üõ†Ô∏è  Colors info c:  üîç
[0m[0;32m[Debug info]üõ†Ô∏è  Colors info f:  üîç
[0m[0;34m1[0;34m1[0;34m1[0;34m1[0;34m1[0;34m1[0;34m1[0;34m1[0;34m1[0;34m1[0;34m1[0;34m1[0;34m1[0;34m1[0;34m1[0;34m1[0;34m1[0;34m1[0;34m1[0;34m1[0;34m1
[0m[0;34m1[0;34m0[0;34m1[0;34m0[0;34m0[0;34m0[0;34m0[0;34m0[0;34m1[0;34m0[0;34m0[0;34m0[0;34m0[0;34m0[0;34m0[0;34m0[0;34m0[0;34m0[0;34m0[0;34m0[0;34m1
[0m[0;34m1[0;34m0[0;34m1[0;34m0[0;34m1[0;34m0[0;34m1[0;34m0[0;34m1[0;34m0[0;34m1[0;34m1[0;34m1[0;34m1[0;34m1[0;34m1[0;34m1[0;34m0[0;34m0[0;34m0[0;34m1
[0m[0;34m1[0;34m0[0;34m0[0;34m0[0;34m1[0;34m0[0;34m1[0;34m0[0;34m0[0;34m0[0;34m1[0;34m0[0;34m0[0;34m0[0;34m0[0;34m0[0;34m1[0;34m0[0;34m0[0;34m0[0;34m1
[0m[0;34m1[0;34m1[0;34m1[0;34m1[0;34m1[0;34m0[0;34m1[0;34m0[0;34m1[0;34m1[0;34m1[0;34m1[0;34m1[0;34m0[0;34m1[0;34m0[0;34m1[0;34m1[0;34m1[0;34m0[0;34m1
[0m[0;34m1[0;34m0[0;34m0[0;34m0[0;34m0[0;34m0[0;34m1[0;34m0[0;34m1[0;34m0[0;34m0[0;34m0[0;34m1[0;34m0[0;34m1[0;34m0[0;34m0[0;34m0[0;34m0[0;34m0[0;34m1
[0m[0;34m1[0;34m0[0;34m1[0;34m1[0;34m1[0;34m1[0;34m1[0;34m0[0;34m1[0;34m0[0;34m1[0;34m1[0;34m1[0;34m0[0;34m1[0;34m1[0;34m1[0;34m1[0;34m1[0;34m1[0;34m1
[0m[0;34m1[0;34m0[0;34m1[0;34m0[0;34m0[0;34m0[0;34m0[0;34m0[0;34m1[0;34m0[0;34m1[0;34m0[0;34m1[0;34m0[0;34m0[0;34m0[0;34m0[0;34m0[0;34m1[0;34m0[0;34m1
[0m[0;34m1[0;34m0[0;34m1[0;34m0[0;34m1[0;34m1[0;34m1[0;34m1[0;34m1[0;34m0[0;34m1[0;34m0[0;34m1[0;34m1[0;34m1[0;34m1[0;34m1[0;34m0[0;34m1[0;34m0[0;34m1
[0m[0;34m1[0;34m0[0;34m1[0;34m0[0;34m1[0;34m0[0;34m0[0;34m0[0;34m1[0;34m0[0;34m1[0;34m0[0;34m1[0;34m0[0;34m0[0;34m0[0;34m1[0;34m0[0;34m1[0;34m0[0;34m1
[0m[0;34m1[0;34m0[0;34m1[0;34m1[0;34m1[0;34m0[0;34m1[0;34m0[0;34m1[0;34m0[0;34m1[0;34m0[0;34m1[0;34m0[0;34m1[0;34m0[0;34m1[0;34m0[0;34m1[0;34m0[0;34m1
[0m[0;34m1[0;34m0[0;34m0[0;34m0[0;34m0[0;34m0[0;34m1[0;34m0[0;34m1[0;34m0[0;34m1[0;34m0[0;34m0[0;34m0[0;34m1[0;34m0[0;34m1[0;34m0[0;34m0[0;34m0[0;34m1
[0m[0;34m1[0;34m1[0;34m1[0;34m1[0;34m1[0;34m1[0;34m1[0;34m0[0;34m1[0;34m0[0;34m1[0;34m1[0;34m1[0;34m1[0;34m1[0;34m0[0;34m1[0;34m1[0;34m1[0;34m0[0;34m1
[0m[0;34m1[0;34m0[0;34m0[0;34m0[0;34m0[0;34m0[0;34m1[0;34m0[0;34m1[0;34m0[0;34m0[0;34m0[0;34m1[0;34m0[0;34m0[0;34m0[0;34m1[0;34m0[0;34m0[0;34m0[0;34m1
[0m[0;34m1[0;34m0[0;34m1[0;34m1[0;34m1[0;34m0[0;34m1[0;34m0[0;34m1[0;34m1[0;34m1[0;34m0[0;34m1[0;34m0[0;34m1[0;34m1[0;34m1[0;34m0[0;34m1[0;34m1[0;34m1
[0m[0;34m1[0;34m0[0;34m1[0;34m0[0;34m0[0;34m0[0;34m1[0;34m0[0;34m0[0;34m0[0;34m0[0;34m0[0;34m1[0;34m0[0;34m0[0;34m0[0;34m1[0;34m0[0;34m1[0;34m0[0;34m1
[0m[0;34m1[0;34m0[0;34m1[0;34m0[0;34m1[0;34m1[0;34m1[0;34m1[0;34m1[0;34m1[0;34m1[0;34m1[0;34m1[0;34m1[0;34m1[0;34m0[0;34m1[0;34m0[0;34m1[0;34m0[0;34m1
[0m[0;34m1[0;34m0[0;34m0[0;34m0[0;34m1[0;34m0[0;34m0[0;34m0[0;34m0[0;34m0[0;34m0[0;34m0[0;34m0[0;34m0[0;34m0[0;34m0[0;34m1[0;34m0[0;34m0[0;34m0[0;34m1
[0m[0;34m1[0;34m0[0;34m1[0;34m0[0;34m1[0;34m0[0;34m1[0;34m1[0;34m1[0;34m0[0;34m1[0;34m1[0;34m1[0;34m1[0;34m1[0;34m1[0;34m1[0;34m1[0;34m1[0;34m0[0;34m1
[0m[0;34m1[0;34mN[0;34m1[0;34m0[0;34m0[0;34m0[0;34m0[0;34m0[0;34m1[0;34m0[0;34m0[0;34m0[0;34m0[0;34m0[0;34m0[0;34m0[0;34m0[0;34m0[0;34m0[0;34m0[0;34m1
[0m[0;34m1[0;34m1[0;34m1[0;34m1[0;34m1[0;34m1[0;34m1[0;34m1[0;34m1[0;34m1[0;34m1[0;34m1[0;34m1[0;34m1[0;34m1[0;34m1[0;34m1[0;34m1[0;34m1[0;34m1[0;34m1
[0m[0;34m1[0;34m5[0;34m3
[0m[0;34m2[0;34m0[0;34m4
[0m[0;34m2[0;34m5[0;34m5
[0m[0;34m1[0;34m6[0;34m4
[0m[0;34m1[0;34m6[0;34m9
[0m[0;34m2[0;34m0
[0mExit code: 0
‚ö†Ô∏è No Valgrind alerts, but with leaks[0m  
==79351== Memcheck, a memory error detector
==79351== Copyright (C) 2002-2022, and GNU GPL'd, by Julian Seward et al.
==79351== Using Valgrind-3.22.0 and LibVEX; rerun with -h for copyright info
==79351== Command: ./cub3d ./maps/good/cheese_maze.cub
==79351== Parent PID: 79349
==79351== 
==79351== 
==79351== HEAP SUMMARY:
==79351==     in use at exit: 1,718 bytes in 67 blocks
==79351==   total heap usage: 210 allocs, 143 frees, 12,286 bytes allocated
==79351== 
==79351== LEAK SUMMARY:
==79351==    definitely lost: 605 bytes in 10 blocks
==79351==    indirectly lost: 1,113 bytes in 57 blocks
==79351==      possibly lost: 0 bytes in 0 blocks
==79351==    still reachable: 0 bytes in 0 blocks
==79351==         suppressed: 0 bytes in 0 blocks
==79351== Rerun with --leak-check=full to see details of leaked memory
==79351== 
==79351== For lists of detected and suppressed errors, rerun with: -s
==79351== ERROR SUMMARY: 0 errors from 0 contexts (suppressed: 0 from 0)
Running valgrind on ./maps/good/creepy.cub...

[0;32m[Debug info]üõ†Ô∏è  Map info üîç
[0m[0;32m[Debug info] - Map width:[0m15
[0;32m[Debug info] - Map height:[0m13
[0;32m[Debug info]üõ†Ô∏è  Starting player position info üîç
[0m[0;32m[Debug info] - Player X:[0m7
[0;32m[Debug info] - Player Y:[0m3
[0;32m[Debug info] - Player Direction:[0mN
[0;32m[Debug info]üõ†Ô∏è  Textures info:  üîç
[0m[0;32m[Debug info] Texture north:[0mtextures/test/north.xpm
[0;32m[Debug info] Texture south:[0mtextures/test/south.xpm
[0;32m[Debug info] Texture west:[0mtextures/test/west.xpm
[0;32m[Debug info] Texture east:[0mtextures/test/east.xpm
[0;32m[Debug info]üõ†Ô∏è  Colors info c:  üîç
[0m[0;32m[Debug info]üõ†Ô∏è  Colors info f:  üîç
[0m[0;34m1[0;34m1[0;34m1[0;34m1[0;34m1[0;34m1[0;34m1[0;34m1[0;34m1[0;34m1[0;34m1[0;34m1[0;34m1[0;34m1[0;34m1
[0m[0;34m1[0;34m1[0;34m1[0;34m1[0;34m1[0;34m1[0;34m0[0;34m0[0;34m0[0;34m1[0;34m1[0;34m1[0;34m1[0;34m1[0;34m1
[0m[0;34m1[0;34m1[0;34m1[0;34m1[0;34m1[0;34m0[0;34m0[0;34m0[0;34m0[0;34m0[0;34m1[0;34m1[0;34m1[0;34m1[0;34m1
[0m[0;34m1[0;34m1[0;34m1[0;34m1[0;34m0[0;34m0[0;34m0[0;34mN[0;34m0[0;34m0[0;34m0[0;34m1[0;34m1[0;34m1[0;34m1
[0m[0;34m1[0;34m1[0;34m1[0;34m0[0;34m0[0;34m0[0;34m0[0;34m0[0;34m0[0;34m0[0;34m0[0;34m0[0;34m1[0;34m1[0;34m1
[0m[0;34m1[0;34m1[0;34m0[0;34m0[0;34m0[0;34m0[0;34m0[0;34m0[0;34m0[0;34m0[0;34m0[0;34m0[0;34m0[0;34m1[0;34m1
[0m[0;34m1[0;34m0[0;34m0[0;34m0[0;34m0[0;34m1[0;34m1[0;34m1[0;34m1[0;34m1[0;34m0[0;34m0[0;34m0[0;34m0[0;34m1
[0m[0;34m1[0;34m1[0;34m0[0;34m0[0;34m0[0;34m0[0;34m1[0;34m1[0;34m1[0;34m0[0;34m0[0;34m0[0;34m0[0;34m1[0;34m1
[0m[0;34m1[0;34m1[0;34m1[0;34m0[0;34m0[0;34m0[0;34m0[0;34m1[0;34m0[0;34m0[0;34m0[0;34m0[0;34m1[0;34m1[0;34m1
[0m[0;34m1[0;34m1[0;34m1[0;34m1[0;34m0[0;34m0[0;34m0[0;34m0[0;34m0[0;34m0[0;34m0[0;34m1[0;34m1[0;34m1[0;34m1
[0m[0;34m1[0;34m1[0;34m1[0;34m1[0;34m1[0;34m0[0;34m0[0;34m0[0;34m0[0;34m0[0;34m1[0;34m1[0;34m1[0;34m1[0;34m1
[0m[0;34m1[0;34m1[0;34m1[0;34m1[0;34m1[0;34m1[0;34m0[0;34m0[0;34m0[0;34m1[0;34m1[0;34m1[0;34m1[0;34m1[0;34m1
[0m[0;34m1[0;34m1[0;34m1[0;34m1[0;34m1[0;34m1[0;34m1[0;34m1[0;34m1[0;34m1[0;34m1[0;34m1[0;34m1[0;34m1[0;34m1
[0m[0;34m3[0;34m5
[0m[0;34m1[0;34m9
[0m[0;34m7[0;34m3
[0m[0;34m1[0;34m5
[0m[0;34m6
[0m[0;34m4[0;34m0
[0mExit code: 0
‚ö†Ô∏è No Valgrind alerts, but with leaks[0m  
==79354== Memcheck, a memory error detector
==79354== Copyright (C) 2002-2022, and GNU GPL'd, by Julian Seward et al.
==79354== Using Valgrind-3.22.0 and LibVEX; rerun with -h for copyright info
==79354== Command: ./cub3d ./maps/good/creepy.cub
==79354== Parent PID: 79349
==79354== 
==79354== 
==79354== HEAP SUMMARY:
==79354==     in use at exit: 1,056 bytes in 51 blocks
==79354==   total heap usage: 152 allocs, 101 frees, 8,990 bytes allocated
==79354== 
==79354== LEAK SUMMARY:
==79354==    definitely lost: 471 bytes in 10 blocks
==79354==    indirectly lost: 585 bytes in 41 blocks
==79354==      possibly lost: 0 bytes in 0 blocks
==79354==    still reachable: 0 bytes in 0 blocks
==79354==         suppressed: 0 bytes in 0 blocks
==79354== Rerun with --leak-check=full to see details of leaked memory
==79354== 
==79354== For lists of detected and suppressed errors, rerun with: -s
==79354== ERROR SUMMARY: 0 errors from 0 contexts (suppressed: 0 from 0)
Running valgrind on ./maps/good/dungeon.cub...

[0;32m[Debug info]üõ†Ô∏è  Map info üîç
[0m[0;32m[Debug info] - Map width:[0m19
[0;32m[Debug info] - Map height:[0m10
[0;32m[Debug info]üõ†Ô∏è  Starting player position info üîç
[0m[0;32m[Debug info] - Player X:[0m2
[0;32m[Debug info] - Player Y:[0m1
[0;32m[Debug info] - Player Direction:[0mW
[0;32m[Debug info]üõ†Ô∏è  Textures info:  üîç
[0m[0;32m[Debug info] Texture north:[0mtextures/test/north.xpm
[0;32m[Debug info] Texture south:[0mtextures/test/south.xpm
[0;32m[Debug info] Texture west:[0mtextures/test/west.xpm
[0;32m[Debug info] Texture east:[0mtextures/test/east.xpm
[0;32m[Debug info]üõ†Ô∏è  Colors info c:  üîç
[0m[0;32m[Debug info]üõ†Ô∏è  Colors info f:  üîç
[0m[0;34m1[0;34m1[0;34m1[0;34m1[0;34m1[0;34m1[0;34m1[0;34m1[0;34m1[0;34m1[0;34m1[0;34m1[0;34m1[0;34m1[0;34m1[0;34m1[0;34m1[0;34m1[0;34m1
[0m[0;34m1[0;34m0[0;34mW[0;34m1[0;34m0[0;34m0[0;34m1[0;34m0[0;34m0[0;34m1[0;34m0[0;34m0[0;34m1[0;34m0[0;34m0[0;34m0[0;34m0[0;34m0[0;34m1
[0m[0;34m1[0;34m0[0;34m1[0;34m1[0;34m0[0;34m0[0;34m0[0;34m0[0;34m0[0;34m1[0;34m0[0;34m0[0;34m0[0;34m0[0;34m0[0;34m1[0;34m0[0;34m0[0;34m1
[0m[0;34m1[0;34m0[0;34m0[0;34m1[0;34m0[0;34m0[0;34m1[0;34m0[0;34m0[0;34m1[0;34m1[0;34m1[0;34m1[0;34m1[0;34m0[0;34m1[0;34m1[0;34m1[0;34m1
[0m[0;34m1[0;34m0[0;34m0[0;34m1[0;34m1[0;34m1[0;34m1[0;34m0[0;34m0[0;34m0[0;34m0[0;34m0[0;34m1[0;34m0[0;34m0[0;34m1[0;34m0[0;34m0[0;34m1
[0m[0;34m1[0;34m0[0;34m0[0;34m0[0;34m0[0;34m0[0;34m0[0;34m0[0;34m0[0;34m0[0;34m0[0;34m0[0;34m0[0;34m0[0;34m0[0;34m1[0;34m0[0;34m0[0;34m1
[0m[0;34m1[0;34m0[0;34m0[0;34m1[0;34m1[0;34m1[0;34m1[0;34m1[0;34m1[0;34m1[0;34m1[0;34m1[0;34m1[0;34m0[0;34m0[0;34m1[0;34m0[0;34m0[0;34m1
[0m[0;34m1[0;34m1[0;34m1[0;34m1[0;34m0[0;34m0[0;34m0[0;34m0[0;34m0[0;34m0[0;34m0[0;34m0[0;34m0[0;34m0[0;34m0[0;34m1[0;34m0[0;34m1[0;34m1
[0m[0;34m1[0;34m0[0;34m0[0;34m0[0;34m0[0;34m0[0;34m0[0;34m0[0;34m0[0;34m1[0;34m0[0;34m0[0;34m0[0;34m0[0;34m0[0;34m0[0;34m0[0;34m0[0;34m1
[0m[0;34m1[0;34m1[0;34m1[0;34m1[0;34m1[0;34m1[0;34m1[0;34m1[0;34m1[0;34m1[0;34m1[0;34m1[0;34m1[0;34m1[0;34m1[0;34m1[0;34m1[0;34m1[0;34m1
[0m[0;34m9[0;34m9
[0m[0;34m9[0;34m9
[0m[0;34m9[0;34m9
[0m[0;34m7[0;34m6
[0m[0;34m7[0;34m6
[0m[0;34m7[0;34m6
[0mExit code: 0
‚ö†Ô∏è No Valgrind alerts, but with leaks[0m  
==79436== Memcheck, a memory error detector
==79436== Copyright (C) 2002-2022, and GNU GPL'd, by Julian Seward et al.
==79436== Using Valgrind-3.22.0 and LibVEX; rerun with -h for copyright info
==79436== Command: ./cub3d ./maps/good/dungeon.cub
==79436== Parent PID: 79349
==79436== 
==79436== 
==79436== HEAP SUMMARY:
==79436==     in use at exit: 992 bytes in 45 blocks
==79436==   total heap usage: 133 allocs, 88 frees, 8,232 bytes allocated
==79436== 
==79436== LEAK SUMMARY:
==79436==    definitely lost: 424 bytes in 10 blocks
==79436==    indirectly lost: 568 bytes in 35 blocks
==79436==      possibly lost: 0 bytes in 0 blocks
==79436==    still reachable: 0 bytes in 0 blocks
==79436==         suppressed: 0 bytes in 0 blocks
==79436== Rerun with --leak-check=full to see details of leaked memory
==79436== 
==79436== For lists of detected and suppressed errors, rerun with: -s
==79436== ERROR SUMMARY: 0 errors from 0 contexts (suppressed: 0 from 0)
Running valgrind on ./maps/good/library.cub...

[0;32m[Debug info]üõ†Ô∏è  Map info üîç
[0m[0;32m[Debug info] - Map width:[0m19
[0;32m[Debug info] - Map height:[0m10
[0;32m[Debug info]üõ†Ô∏è  Starting player position info üîç
[0m[0;32m[Debug info] - Player X:[0m9
[0;32m[Debug info] - Player Y:[0m5
[0;32m[Debug info] - Player Direction:[0mS
[0;32m[Debug info]üõ†Ô∏è  Textures info:  üîç
[0m[0;32m[Debug info] Texture north:[0mtextures/test/north.xpm
[0;32m[Debug info] Texture south:[0mtextures/test/south.xpm
[0;32m[Debug info] Texture west:[0mtextures/test/west.xpm
[0;32m[Debug info] Texture east:[0mtextures/test/east.xpm
[0;32m[Debug info]üõ†Ô∏è  Colors info c:  üîç
[0m[0;32m[Debug info]üõ†Ô∏è  Colors info f:  üîç
[0m[0;34m1[0;34m1[0;34m1[0;34m1[0;34m1[0;34m1[0;34m1[0;34m1[0;34m1[0;34m1[0;34m1[0;34m1[0;34m1[0;34m1[0;34m1[0;34m1[0;34m1[0;34m1[0;34m1
[0m[0;34m1[0;34m0[0;34m0[0;34m1[0;34m0[0;34m0[0;34m1[0;34m0[0;34m0[0;34m1[0;34m0[0;34m0[0;34m1[0;34m0[0;34m0[0;34m1[0;34m0[0;34m0[0;34m1
[0m[0;34m1[0;34m0[0;34m0[0;34m1[0;34m0[0;34m0[0;34m1[0;34m0[0;34m0[0;34m1[0;34m0[0;34m0[0;34m1[0;34m0[0;34m0[0;34m1[0;34m0[0;34m0[0;34m1
[0m[0;34m1[0;34m0[0;34m0[0;34m1[0;34m0[0;34m0[0;34m1[0;34m0[0;34m0[0;34m1[0;34m0[0;34m0[0;34m1[0;34m0[0;34m0[0;34m1[0;34m0[0;34m0[0;34m1
[0m[0;34m1[0;34m0[0;34m0[0;34m1[0;34m0[0;34m0[0;34m1[0;34m0[0;34m0[0;34m0[0;34m0[0;34m0[0;34m1[0;34m0[0;34m0[0;34m1[0;34m0[0;34m0[0;34m1
[0m[0;34m1[0;34m0[0;34m0[0;34m0[0;34m0[0;34m0[0;34m0[0;34m0[0;34m0[0;34mS[0;34m0[0;34m0[0;34m0[0;34m0[0;34m0[0;34m0[0;34m0[0;34m0[0;34m1
[0m[0;34m1[0;34m0[0;34m0[0;34m0[0;34m0[0;34m1[0;34m1[0;34m1[0;34m1[0;34m1[0;34m1[0;34m1[0;34m1[0;34m0[0;34m0[0;34m0[0;34m0[0;34m0[0;34m1
[0m[0;34m1[0;34m1[0;34m1[0;34m1[0;34m0[0;34m0[0;34m0[0;34m0[0;34m0[0;34m0[0;34m0[0;34m0[0;34m0[0;34m0[0;34m0[0;34m1[0;34m1[0;34m1[0;34m1
[0m[0;34m1[0;34m0[0;34m0[0;34m0[0;34m0[0;34m0[0;34m0[0;34m1[0;34m0[0;34m1[0;34m0[0;34m1[0;34m0[0;34m0[0;34m0[0;34m0[0;34m0[0;34m0[0;34m1
[0m[0;34m1[0;34m1[0;34m1[0;34m1[0;34m1[0;34m1[0;34m1[0;34m1[0;34m1[0;34m1[0;34m1[0;34m1[0;34m1[0;34m1[0;34m1[0;34m1[0;34m1[0;34m1[0;34m1
[0m[0;34m1[0;34m7[0;34m1
[0m[0;34m1[0;34m5[0;34m4
[0m[0;34m1[0;34m3[0;34m7
[0m[0;34m1[0;34m3[0;34m9
[0m[0;34m9[0;34m9
[0m[0;34m5[0;34m8
[0mExit code: 0
‚ö†Ô∏è No Valgrind alerts, but with leaks[0m  
==79439== Memcheck, a memory error detector
==79439== Copyright (C) 2002-2022, and GNU GPL'd, by Julian Seward et al.
==79439== Using Valgrind-3.22.0 and LibVEX; rerun with -h for copyright info
==79439== Command: ./cub3d ./maps/good/library.cub
==79439== Parent PID: 79349
==79439== 
==79439== 
==79439== HEAP SUMMARY:
==79439==     in use at exit: 1,004 bytes in 45 blocks
==79439==   total heap usage: 133 allocs, 88 frees, 8,285 bytes allocated
==79439== 
==79439== LEAK SUMMARY:
==79439==    definitely lost: 428 bytes in 10 blocks
==79439==    indirectly lost: 576 bytes in 35 blocks
==79439==      possibly lost: 0 bytes in 0 blocks
==79439==    still reachable: 0 bytes in 0 blocks
==79439==         suppressed: 0 bytes in 0 blocks
==79439== Rerun with --leak-check=full to see details of leaked memory
==79439== 
==79439== For lists of detected and suppressed errors, rerun with: -s
==79439== ERROR SUMMARY: 0 errors from 0 contexts (suppressed: 0 from 0)
Running valgrind on ./maps/good/matrix.cub...
Starting Valgrind tests...
Running valgrind on ./maps/good/cheese_maze.cub...

[0;32m[Debug info]üõ†Ô∏è  Map info üîç
[0m[0;32m[Debug info] - Map width:[0m21
[0;32m[Debug info] - Map height:[0m21
[0;34m1[0;34m1[0;34m1[0;34m1[0;34m1[0;34m1[0;34m1[0;34m1[0;34m1[0;34m1[0;34m1[0;34m1[0;34m1[0;34m1[0;34m1[0;34m1[0;34m1[0;34m1[0;34m1[0;34m1[0;34m1
[0m[0;34m1[0;34m0[0;34m1[0;34m0[0;34m0[0;34m0[0;34m0[0;34m0[0;34m1[0;34m0[0;34m0[0;34m0[0;34m0[0;34m0[0;34m0[0;34m0[0;34m0[0;34m0[0;34m0[0;34m0[0;34m1
[0m[0;34m1[0;34m0[0;34m1[0;34m0[0;34m1[0;34m0[0;34m1[0;34m0[0;34m1[0;34m0[0;34m1[0;34m1[0;34m1[0;34m1[0;34m1[0;34m1[0;34m1[0;34m0[0;34m0[0;34m0[0;34m1
[0m[0;34m1[0;34m0[0;34m0[0;34m0[0;34m1[0;34m0[0;34m1[0;34m0[0;34m0[0;34m0[0;34m1[0;34m0[0;34m0[0;34m0[0;34m0[0;34m0[0;34m1[0;34m0[0;34m0[0;34m0[0;34m1
[0m[0;34m1[0;34m1[0;34m1[0;34m1[0;34m1[0;34m0[0;34m1[0;34m0[0;34m1[0;34m1[0;34m1[0;34m1[0;34m1[0;34m0[0;34m1[0;34m0[0;34m1[0;34m1[0;34m1[0;34m0[0;34m1
[0m[0;34m1[0;34m0[0;34m0[0;34m0[0;34m0[0;34m0[0;34m1[0;34m0[0;34m1[0;34m0[0;34m0[0;34m0[0;34m1[0;34m0[0;34m1[0;34m0[0;34m0[0;34m0[0;34m0[0;34m0[0;34m1
[0m[0;34m1[0;34m0[0;34m1[0;34m1[0;34m1[0;34m1[0;34m1[0;34m0[0;34m1[0;34m0[0;34m1[0;34m1[0;34m1[0;34m0[0;34m1[0;34m1[0;34m1[0;34m1[0;34m1[0;34m1[0;34m1
[0m[0;34m1[0;34m0[0;34m1[0;34m0[0;34m0[0;34m0[0;34m0[0;34m0[0;34m1[0;34m0[0;34m1[0;34m0[0;34m1[0;34m0[0;34m0[0;34m0[0;34m0[0;34m0[0;34m1[0;34m0[0;34m1
[0m[0;34m1[0;34m0[0;34m1[0;34m0[0;34m1[0;34m1[0;34m1[0;34m1[0;34m1[0;34m0[0;34m1[0;34m0[0;34m1[0;34m1[0;34m1[0;34m1[0;34m1[0;34m0[0;34m1[0;34m0[0;34m1
[0m[0;34m1[0;34m0[0;34m1[0;34m0[0;34m1[0;34m0[0;34m0[0;34m0[0;34m1[0;34m0[0;34m1[0;34m0[0;34m1[0;34m0[0;34m0[0;34m0[0;34m1[0;34m0[0;34m1[0;34m0[0;34m1
[0m[0;34m1[0;34m0[0;34m1[0;34m1[0;34m1[0;34m0[0;34m1[0;34m0[0;34m1[0;34m0[0;34m1[0;34m0[0;34m1[0;34m0[0;34m1[0;34m0[0;34m1[0;34m0[0;34m1[0;34m0[0;34m1
[0m[0;34m1[0;34m0[0;34m0[0;34m0[0;34m0[0;34m0[0;34m1[0;34m0[0;34m1[0;34m0[0;34m1[0;34m0[0;34m0[0;34m0[0;34m1[0;34m0[0;34m1[0;34m0[0;34m0[0;34m0[0;34m1
[0m[0;34m1[0;34m1[0;34m1[0;34m1[0;34m1[0;34m1[0;34m1[0;34m0[0;34m1[0;34m0[0;34m1[0;34m1[0;34m1[0;34m1[0;34m1[0;34m0[0;34m1[0;34m1[0;34m1[0;34m0[0;34m1
[0m[0;34m1[0;34m0[0;34m0[0;34m0[0;34m0[0;34m0[0;34m1[0;34m0[0;34m1[0;34m0[0;34m0[0;34m0[0;34m1[0;34m0[0;34m0[0;34m0[0;34m1[0;34m0[0;34m0[0;34m0[0;34m1
[0m[0;34m1[0;34m0[0;34m1[0;34m1[0;34m1[0;34m0[0;34m1[0;34m0[0;34m1[0;34m1[0;34m1[0;34m0[0;34m1[0;34m0[0;34m1[0;34m1[0;34m1[0;34m0[0;34m1[0;34m1[0;34m1
[0m[0;34m1[0;34m0[0;34m1[0;34m0[0;34m0[0;34m0[0;34m1[0;34m0[0;34m0[0;34m0[0;34m0[0;34m0[0;34m1[0;34m0[0;34m0[0;34m0[0;34m1[0;34m0[0;34m1[0;34m0[0;34m1
[0m[0;34m1[0;34m0[0;34m1[0;34m0[0;34m1[0;34m1[0;34m1[0;34m1[0;34m1[0;34m1[0;34m1[0;34m1[0;34m1[0;34m1[0;34m1[0;34m0[0;34m1[0;34m0[0;34m1[0;34m0[0;34m1
[0m[0;34m1[0;34m0[0;34m0[0;34m0[0;34m1[0;34m0[0;34m0[0;34m0[0;34m0[0;34m0[0;34m0[0;34m0[0;34m0[0;34m0[0;34m0[0;34m0[0;34m1[0;34m0[0;34m0[0;34m0[0;34m1
[0m[0;34m1[0;34m0[0;34m1[0;34m0[0;34m1[0;34m0[0;34m1[0;34m1[0;34m1[0;34m0[0;34m1[0;34m1[0;34m1[0;34m1[0;34m1[0;34m1[0;34m1[0;34m1[0;34m1[0;34m0[0;34m1
[0m[0;34m1[0;34mN[0;34m1[0;34m0[0;34m0[0;34m0[0;34m0[0;34m0[0;34m1[0;34m0[0;34m0[0;34m0[0;34m0[0;34m0[0;34m0[0;34m0[0;34m0[0;34m0[0;34m0[0;34m0[0;34m1
[0m[0;34m1[0;34m1[0;34m1[0;34m1[0;34m1[0;34m1[0;34m1[0;34m1[0;34m1[0;34m1[0;34m1[0;34m1[0;34m1[0;34m1[0;34m1[0;34m1[0;34m1[0;34m1[0;34m1[0;34m1[0;34m1
[0m[0;32m[Debug info]üõ†Ô∏è  Starting player position info üîç
[0m[0;32m[Debug info] - Player X:[0m1
[0;32m[Debug info] - Player Y:[0m19
[0;32m[Debug info] - Player Direction:[0mN
[0;32m[Debug info]üõ†Ô∏è  Textures info:  üîç
[0m[0;32m[Debug info] Texture north:[0mtextures/test/north.xpm
[0;32m[Debug info] Texture south:[0mtextures/test/south.xpm
[0;32m[Debug info] Texture west:[0mtextures/test/west.xpm
[0;32m[Debug info] Texture east:[0mtextures/test/east.xpm
[0;32m[Debug info]üõ†Ô∏è  Colors info c:  üîç
[0m[0;34m1[0;34m5[0;34m3
[0m[0;34m2[0;34m0[0;34m4
[0m[0;34m2[0;34m5[0;34m5
[0m[0;32m[Debug info]üõ†Ô∏è  Colors info f:  üîç
[0m[0;34m1[0;34m6[0;34m4
[0m[0;34m1[0;34m6[0;34m9
[0m[0;34m2[0;34m0
[0mExit code: 0
‚ö†Ô∏è No Valgrind alerts, but with leaks[0m  
==79740== Memcheck, a memory error detector
==79740== Copyright (C) 2002-2022, and GNU GPL'd, by Julian Seward et al.
==79740== Using Valgrind-3.22.0 and LibVEX; rerun with -h for copyright info
==79740== Command: ./cub3d ./maps/good/cheese_maze.cub
==79740== Parent PID: 79738
==79740== 
==79740== 
==79740== HEAP SUMMARY:
==79740==     in use at exit: 1,718 bytes in 67 blocks
==79740==   total heap usage: 209 allocs, 142 frees, 8,190 bytes allocated
==79740== 
==79740== LEAK SUMMARY:
==79740==    definitely lost: 605 bytes in 10 blocks
==79740==    indirectly lost: 1,113 bytes in 57 blocks
==79740==      possibly lost: 0 bytes in 0 blocks
==79740==    still reachable: 0 bytes in 0 blocks
==79740==         suppressed: 0 bytes in 0 blocks
==79740== Rerun with --leak-check=full to see details of leaked memory
==79740== 
==79740== For lists of detected and suppressed errors, rerun with: -s
==79740== ERROR SUMMARY: 0 errors from 0 contexts (suppressed: 0 from 0)
Running valgrind on ./maps/good/creepy.cub...

[0;32m[Debug info]üõ†Ô∏è  Map info üîç
[0m[0;32m[Debug info] - Map width:[0m15
[0;32m[Debug info] - Map height:[0m13
[0;34m1[0;34m1[0;34m1[0;34m1[0;34m1[0;34m1[0;34m1[0;34m1[0;34m1[0;34m1[0;34m1[0;34m1[0;34m1[0;34m1[0;34m1
[0m[0;34m1[0;34m1[0;34m1[0;34m1[0;34m1[0;34m1[0;34m0[0;34m0[0;34m0[0;34m1[0;34m1[0;34m1[0;34m1[0;34m1[0;34m1
[0m[0;34m1[0;34m1[0;34m1[0;34m1[0;34m1[0;34m0[0;34m0[0;34m0[0;34m0[0;34m0[0;34m1[0;34m1[0;34m1[0;34m1[0;34m1
[0m[0;34m1[0;34m1[0;34m1[0;34m1[0;34m0[0;34m0[0;34m0[0;34mN[0;34m0[0;34m0[0;34m0[0;34m1[0;34m1[0;34m1[0;34m1
[0m[0;34m1[0;34m1[0;34m1[0;34m0[0;34m0[0;34m0[0;34m0[0;34m0[0;34m0[0;34m0[0;34m0[0;34m0[0;34m1[0;34m1[0;34m1
[0m[0;34m1[0;34m1[0;34m0[0;34m0[0;34m0[0;34m0[0;34m0[0;34m0[0;34m0[0;34m0[0;34m0[0;34m0[0;34m0[0;34m1[0;34m1
[0m[0;34m1[0;34m0[0;34m0[0;34m0[0;34m0[0;34m1[0;34m1[0;34m1[0;34m1[0;34m1[0;34m0[0;34m0[0;34m0[0;34m0[0;34m1
[0m[0;34m1[0;34m1[0;34m0[0;34m0[0;34m0[0;34m0[0;34m1[0;34m1[0;34m1[0;34m0[0;34m0[0;34m0[0;34m0[0;34m1[0;34m1
[0m[0;34m1[0;34m1[0;34m1[0;34m0[0;34m0[0;34m0[0;34m0[0;34m1[0;34m0[0;34m0[0;34m0[0;34m0[0;34m1[0;34m1[0;34m1
[0m[0;34m1[0;34m1[0;34m1[0;34m1[0;34m0[0;34m0[0;34m0[0;34m0[0;34m0[0;34m0[0;34m0[0;34m1[0;34m1[0;34m1[0;34m1
[0m[0;34m1[0;34m1[0;34m1[0;34m1[0;34m1[0;34m0[0;34m0[0;34m0[0;34m0[0;34m0[0;34m1[0;34m1[0;34m1[0;34m1[0;34m1
[0m[0;34m1[0;34m1[0;34m1[0;34m1[0;34m1[0;34m1[0;34m0[0;34m0[0;34m0[0;34m1[0;34m1[0;34m1[0;34m1[0;34m1[0;34m1
[0m[0;34m1[0;34m1[0;34m1[0;34m1[0;34m1[0;34m1[0;34m1[0;34m1[0;34m1[0;34m1[0;34m1[0;34m1[0;34m1[0;34m1[0;34m1
[0m[0;32m[Debug info]üõ†Ô∏è  Starting player position info üîç
[0m[0;32m[Debug info] - Player X:[0m7
[0;32m[Debug info] - Player Y:[0m3
[0;32m[Debug info] - Player Direction:[0mN
[0;32m[Debug info]üõ†Ô∏è  Textures info:  üîç
[0m[0;32m[Debug info] Texture north:[0mtextures/test/north.xpm
[0;32m[Debug info] Texture south:[0mtextures/test/south.xpm
[0;32m[Debug info] Texture west:[0mtextures/test/west.xpm
[0;32m[Debug info] Texture east:[0mtextures/test/east.xpm
[0;32m[Debug info]üõ†Ô∏è  Colors info c:  üîç
[0m[0;34m3[0;34m5
[0m[0;34m1[0;34m9
[0m[0;34m7[0;34m3
[0m[0;32m[Debug info]üõ†Ô∏è  Colors info f:  üîç
[0m[0;34m1[0;34m5
[0m[0;34m6
[0m[0;34m4[0;34m0
[0mExit code: 0
‚ö†Ô∏è No Valgrind alerts, but with leaks[0m  
==79886== Memcheck, a memory error detector
==79886== Copyright (C) 2002-2022, and GNU GPL'd, by Julian Seward et al.
==79886== Using Valgrind-3.22.0 and LibVEX; rerun with -h for copyright info
==79886== Command: ./cub3d ./maps/good/creepy.cub
==79886== Parent PID: 79738
==79886== 
==79886== 
==79886== HEAP SUMMARY:
==79886==     in use at exit: 1,056 bytes in 51 blocks
==79886==   total heap usage: 151 allocs, 100 frees, 4,894 bytes allocated
==79886== 
==79886== LEAK SUMMARY:
==79886==    definitely lost: 471 bytes in 10 blocks
==79886==    indirectly lost: 585 bytes in 41 blocks
==79886==      possibly lost: 0 bytes in 0 blocks
==79886==    still reachable: 0 bytes in 0 blocks
==79886==         suppressed: 0 bytes in 0 blocks
==79886== Rerun with --leak-check=full to see details of leaked memory
==79886== 
==79886== For lists of detected and suppressed errors, rerun with: -s
==79886== ERROR SUMMARY: 0 errors from 0 contexts (suppressed: 0 from 0)
Running valgrind on ./maps/good/dungeon.cub...

[0;32m[Debug info]üõ†Ô∏è  Map info üîç
[0m[0;32m[Debug info] - Map width:[0m19
[0;32m[Debug info] - Map height:[0m10
[0;34m1[0;34m1[0;34m1[0;34m1[0;34m1[0;34m1[0;34m1[0;34m1[0;34m1[0;34m1[0;34m1[0;34m1[0;34m1[0;34m1[0;34m1[0;34m1[0;34m1[0;34m1[0;34m1
[0m[0;34m1[0;34m0[0;34mW[0;34m1[0;34m0[0;34m0[0;34m1[0;34m0[0;34m0[0;34m1[0;34m0[0;34m0[0;34m1[0;34m0[0;34m0[0;34m0[0;34m0[0;34m0[0;34m1
[0m[0;34m1[0;34m0[0;34m1[0;34m1[0;34m0[0;34m0[0;34m0[0;34m0[0;34m0[0;34m1[0;34m0[0;34m0[0;34m0[0;34m0[0;34m0[0;34m1[0;34m0[0;34m0[0;34m1
[0m[0;34m1[0;34m0[0;34m0[0;34m1[0;34m0[0;34m0[0;34m1[0;34m0[0;34m0[0;34m1[0;34m1[0;34m1[0;34m1[0;34m1[0;34m0[0;34m1[0;34m1[0;34m1[0;34m1
[0m[0;34m1[0;34m0[0;34m0[0;34m1[0;34m1[0;34m1[0;34m1[0;34m0[0;34m0[0;34m0[0;34m0[0;34m0[0;34m1[0;34m0[0;34m0[0;34m1[0;34m0[0;34m0[0;34m1
[0m[0;34m1[0;34m0[0;34m0[0;34m0[0;34m0[0;34m0[0;34m0[0;34m0[0;34m0[0;34m0[0;34m0[0;34m0[0;34m0[0;34m0[0;34m0[0;34m1[0;34m0[0;34m0[0;34m1
[0m[0;34m1[0;34m0[0;34m0[0;34m1[0;34m1[0;34m1[0;34m1[0;34m1[0;34m1[0;34m1[0;34m1[0;34m1[0;34m1[0;34m0[0;34m0[0;34m1[0;34m0[0;34m0[0;34m1
[0m[0;34m1[0;34m1[0;34m1[0;34m1[0;34m0[0;34m0[0;34m0[0;34m0[0;34m0[0;34m0[0;34m0[0;34m0[0;34m0[0;34m0[0;34m0[0;34m1[0;34m0[0;34m1[0;34m1
[0m[0;34m1[0;34m0[0;34m0[0;34m0[0;34m0[0;34m0[0;34m0[0;34m0[0;34m0[0;34m1[0;34m0[0;34m0[0;34m0[0;34m0[0;34m0[0;34m0[0;34m0[0;34m0[0;34m1
[0m[0;34m1[0;34m1[0;34m1[0;34m1[0;34m1[0;34m1[0;34m1[0;34m1[0;34m1[0;34m1[0;34m1[0;34m1[0;34m1[0;34m1[0;34m1[0;34m1[0;34m1[0;34m1[0;34m1
[0m[0;32m[Debug info]üõ†Ô∏è  Starting player position info üîç
[0m[0;32m[Debug info] - Player X:[0m2
[0;32m[Debug info] - Player Y:[0m1
[0;32m[Debug info] - Player Direction:[0mW
[0;32m[Debug info]üõ†Ô∏è  Textures info:  üîç
[0m[0;32m[Debug info] Texture north:[0mtextures/test/north.xpm
[0;32m[Debug info] Texture south:[0mtextures/test/south.xpm
[0;32m[Debug info] Texture west:[0mtextures/test/west.xpm
[0;32m[Debug info] Texture east:[0mtextures/test/east.xpm
[0;32m[Debug info]üõ†Ô∏è  Colors info c:  üîç
[0m[0;34m9[0;34m9
[0m[0;34m9[0;34m9
[0m[0;34m9[0;34m9
[0m[0;32m[Debug info]üõ†Ô∏è  Colors info f:  üîç
[0m[0;34m7[0;34m6
[0m[0;34m7[0;34m6
[0m[0;34m7[0;34m6
[0mExit code: 0
‚ö†Ô∏è No Valgrind alerts, but with leaks[0m  
==79972== Memcheck, a memory error detector
==79972== Copyright (C) 2002-2022, and GNU GPL'd, by Julian Seward et al.
==79972== Using Valgrind-3.22.0 and LibVEX; rerun with -h for copyright info
==79972== Command: ./cub3d ./maps/good/dungeon.cub
==79972== Parent PID: 79738
==79972== 
==79972== 
==79972== HEAP SUMMARY:
==79972==     in use at exit: 992 bytes in 45 blocks
==79972==   total heap usage: 132 allocs, 87 frees, 4,136 bytes allocated
==79972== 
==79972== LEAK SUMMARY:
==79972==    definitely lost: 424 bytes in 10 blocks
==79972==    indirectly lost: 568 bytes in 35 blocks
==79972==      possibly lost: 0 bytes in 0 blocks
==79972==    still reachable: 0 bytes in 0 blocks
==79972==         suppressed: 0 bytes in 0 blocks
==79972== Rerun with --leak-check=full to see details of leaked memory
==79972== 
==79972== For lists of detected and suppressed errors, rerun with: -s
==79972== ERROR SUMMARY: 0 errors from 0 contexts (suppressed: 0 from 0)
Running valgrind on ./maps/good/library.cub...

[0;32m[Debug info]üõ†Ô∏è  Map info üîç
[0m[0;32m[Debug info] - Map width:[0m19
[0;32m[Debug info] - Map height:[0m10
[0;34m1[0;34m1[0;34m1[0;34m1[0;34m1[0;34m1[0;34m1[0;34m1[0;34m1[0;34m1[0;34m1[0;34m1[0;34m1[0;34m1[0;34m1[0;34m1[0;34m1[0;34m1[0;34m1
[0m[0;34m1[0;34m0[0;34m0[0;34m1[0;34m0[0;34m0[0;34m1[0;34m0[0;34m0[0;34m1[0;34m0[0;34m0[0;34m1[0;34m0[0;34m0[0;34m1[0;34m0[0;34m0[0;34m1
[0m[0;34m1[0;34m0[0;34m0[0;34m1[0;34m0[0;34m0[0;34m1[0;34m0[0;34m0[0;34m1[0;34m0[0;34m0[0;34m1[0;34m0[0;34m0[0;34m1[0;34m0[0;34m0[0;34m1
[0m[0;34m1[0;34m0[0;34m0[0;34m1[0;34m0[0;34m0[0;34m1[0;34m0[0;34m0[0;34m1[0;34m0[0;34m0[0;34m1[0;34m0[0;34m0[0;34m1[0;34m0[0;34m0[0;34m1
[0m[0;34m1[0;34m0[0;34m0[0;34m1[0;34m0[0;34m0[0;34m1[0;34m0[0;34m0[0;34m0[0;34m0[0;34m0[0;34m1[0;34m0[0;34m0[0;34m1[0;34m0[0;34m0[0;34m1
[0m[0;34m1[0;34m0[0;34m0[0;34m0[0;34m0[0;34m0[0;34m0[0;34m0[0;34m0[0;34mS[0;34m0[0;34m0[0;34m0[0;34m0[0;34m0[0;34m0[0;34m0[0;34m0[0;34m1
[0m[0;34m1[0;34m0[0;34m0[0;34m0[0;34m0[0;34m1[0;34m1[0;34m1[0;34m1[0;34m1[0;34m1[0;34m1[0;34m1[0;34m0[0;34m0[0;34m0[0;34m0[0;34m0[0;34m1
[0m[0;34m1[0;34m1[0;34m1[0;34m1[0;34m0[0;34m0[0;34m0[0;34m0[0;34m0[0;34m0[0;34m0[0;34m0[0;34m0[0;34m0[0;34m0[0;34m1[0;34m1[0;34m1[0;34m1
[0m[0;34m1[0;34m0[0;34m0[0;34m0[0;34m0[0;34m0[0;34m0[0;34m1[0;34m0[0;34m1[0;34m0[0;34m1[0;34m0[0;34m0[0;34m0[0;34m0[0;34m0[0;34m0[0;34m1
[0m[0;34m1[0;34m1[0;34m1[0;34m1[0;34m1[0;34m1[0;34m1[0;34m1[0;34m1[0;34m1[0;34m1[0;34m1[0;34m1[0;34m1[0;34m1[0;34m1[0;34m1[0;34m1[0;34m1
[0m[0;32m[Debug info]üõ†Ô∏è  Starting player position info üîç
[0m[0;32m[Debug info] - Player X:[0m9
[0;32m[Debug info] - Player Y:[0m5
[0;32m[Debug info] - Player Direction:[0mS
[0;32m[Debug info]üõ†Ô∏è  Textures info:  üîç
[0m[0;32m[Debug info] Texture north:[0mtextures/test/north.xpm
[0;32m[Debug info] Texture south:[0mtextures/test/south.xpm
[0;32m[Debug info] Texture west:[0mtextures/test/west.xpm
[0;32m[Debug info] Texture east:[0mtextures/test/east.xpm
[0;32m[Debug info]üõ†Ô∏è  Colors info c:  üîç
[0m[0;34m1[0;34m7[0;34m1
[0m[0;34m1[0;34m5[0;34m4
[0m[0;34m1[0;34m3[0;34m7
[0m[0;32m[Debug info]üõ†Ô∏è  Colors info f:  üîç
[0m[0;34m1[0;34m3[0;34m9
[0m[0;34m9[0;34m9
[0m[0;34m5[0;34m8
[0mExit code: 0
‚ö†Ô∏è No Valgrind alerts, but with leaks[0m  
==79975== Memcheck, a memory error detector
==79975== Copyright (C) 2002-2022, and GNU GPL'd, by Julian Seward et al.
==79975== Using Valgrind-3.22.0 and LibVEX; rerun with -h for copyright info
==79975== Command: ./cub3d ./maps/good/library.cub
==79975== Parent PID: 79738
==79975== 
==79975== 
==79975== HEAP SUMMARY:
==79975==     in use at exit: 1,004 bytes in 45 blocks
==79975==   total heap usage: 132 allocs, 87 frees, 4,189 bytes allocated
==79975== 
==79975== LEAK SUMMARY:
==79975==    definitely lost: 428 bytes in 10 blocks
==79975==    indirectly lost: 576 bytes in 35 blocks
==79975==      possibly lost: 0 bytes in 0 blocks
==79975==    still reachable: 0 bytes in 0 blocks
==79975==         suppressed: 0 bytes in 0 blocks
==79975== Rerun with --leak-check=full to see details of leaked memory
==79975== 
==79975== For lists of detected and suppressed errors, rerun with: -s
==79975== ERROR SUMMARY: 0 errors from 0 contexts (suppressed: 0 from 0)
Running valgrind on ./maps/good/matrix.cub...

[0;32m[Debug info]üõ†Ô∏è  Map info üîç
[0m[0;32m[Debug info] - Map width:[0m21
[0;32m[Debug info] - Map height:[0m21
[0;34m1[0;34m1[0;34m1[0;34m1[0;34m1[0;34m1[0;34m1[0;34m1[0;34m1[0;34m1[0;34m1[0;34m1[0;34m1[0;34m1[0;34m1[0;34m1[0;34m1[0;34m1[0;34m1[0;34m1[0;34m1
[0m[0;34m1[0;34m0[0;34m1[0;34m0[0;34m0[0;34m0[0;34m0[0;34m0[0;34m1[0;34m0[0;34m0[0;34m0[0;34m0[0;34m0[0;34m0[0;34m0[0;34m0[0;34m0[0;34m0[0;34m0[0;34m1
[0m[0;34m1[0;34m0[0;34m1[0;34m0[0;34m1[0;34m0[0;34m1[0;34m0[0;34m1[0;34m0[0;34m1[0;34m1[0;34m1[0;34m1[0;34m1[0;34m1[0;34m1[0;34m0[0;34m0[0;34m0[0;34m1
[0m[0;34m1[0;34m0[0;34m0[0;34m0[0;34m1[0;34m0[0;34m1[0;34m0[0;34m0[0;34m0[0;34m1[0;34m0[0;34m0[0;34m0[0;34m0[0;34m0[0;34m1[0;34m0[0;34m0[0;34m0[0;34m1
[0m[0;34m1[0;34m1[0;34m1[0;34m1[0;34m1[0;34m0[0;34m1[0;34m0[0;34m1[0;34m1[0;34m1[0;34m1[0;34m1[0;34m0[0;34m1[0;34m0[0;34m1[0;34m1[0;34m1[0;34m0[0;34m1
[0m[0;34m1[0;34m0[0;34m0[0;34m0[0;34m0[0;34m0[0;34m1[0;34m0[0;34m1[0;34m0[0;34m0[0;34m0[0;34m1[0;34m0[0;34m1[0;34m0[0;34m0[0;34m0[0;34m0[0;34m0[0;34m1
[0m[0;34m1[0;34m0[0;34m1[0;34m1[0;34m1[0;34m1[0;34m1[0;34m0[0;34m1[0;34m0[0;34m1[0;34m1[0;34m1[0;34m0[0;34m1[0;34m1[0;34m1[0;34m1[0;34m1[0;34m1[0;34m1
[0m[0;34m1[0;34m0[0;34m1[0;34m0[0;34m0[0;34m0[0;34m0[0;34m0[0;34m1[0;34m0[0;34m1[0;34m0[0;34m1[0;34m0[0;34m0[0;34m0[0;34m0[0;34m0[0;34m1[0;34m0[0;34m1
[0m[0;34m1[0;34m0[0;34m1[0;34m0[0;34m1[0;34m1[0;34m1[0;34m1[0;34m1[0;34m0[0;34m1[0;34m0[0;34m1[0;34m1[0;34m1[0;34m1[0;34m1[0;34m0[0;34m1[0;34m0[0;34m1
[0m[0;34m1[0;34m0[0;34m1[0;34m0[0;34m1[0;34m0[0;34m0[0;34m0[0;34m1[0;34m0[0;34m1[0;34m0[0;34m1[0;34m0[0;34m0[0;34m0[0;34m1[0;34m0[0;34m1[0;34m0[0;34m1
[0m[0;34m1[0;34m0[0;34m1[0;34m1[0;34m1[0;34m0[0;34m1[0;34m0[0;34m1[0;34m0[0;34m1[0;34m0[0;34m1[0;34m0[0;34m1[0;34m0[0;34m1[0;34m0[0;34m1[0;34m0[0;34m1
[0m[0;34m1[0;34m0[0;34m0[0;34m0[0;34m0[0;34m0[0;34m1[0;34m0[0;34m1[0;34m0[0;34m1[0;34m0[0;34m0[0;34m0[0;34m1[0;34m0[0;34m1[0;34m0[0;34m0[0;34m0[0;34m1
[0m[0;34m1[0;34m1[0;34m1[0;34m1[0;34m1[0;34m1[0;34m1[0;34m0[0;34m1[0;34m0[0;34m1[0;34m1[0;34m1[0;34m1[0;34m1[0;34m0[0;34m1[0;34m1[0;34m1[0;34m0[0;34m1
[0m[0;34m1[0;34m0[0;34m0[0;34m0[0;34m0[0;34m0[0;34m1[0;34m0[0;34m1[0;34m0[0;34m0[0;34m0[0;34m1[0;34m0[0;34m0[0;34m0[0;34m1[0;34m0[0;34m0[0;34m0[0;34m1
[0m[0;34m1[0;34m0[0;34m1[0;34m1[0;34m1[0;34m0[0;34m1[0;34m0[0;34m1[0;34m1[0;34m1[0;34m0[0;34m1[0;34m0[0;34m1[0;34m1[0;34m1[0;34m0[0;34m1[0;34m1[0;34m1
[0m[0;34m1[0;34m0[0;34m1[0;34m0[0;34m0[0;34m0[0;34m1[0;34m0[0;34m0[0;34m0[0;34m0[0;34m0[0;34m1[0;34m0[0;34m0[0;34m0[0;34m1[0;34m0[0;34m1[0;34m0[0;34m1
[0m[0;34m1[0;34m0[0;34m1[0;34m0[0;34m1[0;34m1[0;34m1[0;34m1[0;34m1[0;34m1[0;34m1[0;34m1[0;34m1[0;34m1[0;34m1[0;34m0[0;34m1[0;34m0[0;34m1[0;34m0[0;34m1
[0m[0;34m1[0;34m0[0;34m0[0;34m0[0;34m1[0;34m0[0;34m0[0;34m0[0;34m0[0;34m0[0;34m0[0;34m0[0;34m0[0;34m0[0;34m0[0;34m0[0;34m1[0;34m0[0;34m0[0;34m0[0;34m1
[0m[0;34m1[0;34m0[0;34m1[0;34m0[0;34m1[0;34m0[0;34m1[0;34m1[0;34m1[0;34m0[0;34m1[0;34m1[0;34m1[0;34m1[0;34m1[0;34m1[0;34m1[0;34m1[0;34m1[0;34m0[0;34m1
[0m[0;34m1[0;34mN[0;34m1[0;34m0[0;34m0[0;34m0[0;34m0[0;34m0[0;34m1[0;34m0[0;34m0[0;34m0[0;34m0[0;34m0[0;34m0[0;34m0[0;34m0[0;34m0[0;34m0[0;34m0[0;34m1
[0m[0;34m1[0;34m1[0;34m1[0;34m1[0;34m1[0;34m1[0;34m1[0;34m1[0;34m1[0;34m1[0;34m1[0;34m1[0;34m1[0;34m1[0;34m1[0;34m1[0;34m1[0;34m1[0;34m1[0;34m1[0;34m1
[0m[0;32m[Debug info]üõ†Ô∏è  Starting player position info üîç
[0m[0;32m[Debug info] - Player X:[0m1
[0;32m[Debug info] - Player Y:[0m19
[0;32m[Debug info] - Player Direction:[0mN
[0;32m[Debug info]üõ†Ô∏è  Textures info:  üîç
[0m[0;32m[Debug info] Texture north:[0mtextures/test/north.xpm
[0;32m[Debug info] Texture south:[0mtextures/test/south.xpm
[0;32m[Debug info] Texture west:[0mtextures/test/west.xpm
[0;32m[Debug info] Texture east:[0mtextures/test/east.xpm
[0;32m[Debug info]üõ†Ô∏è  Colors info c:  üîç
[0m[0;34m0
[0m[0;34m0
[0m[0;34m0
[0m[0;32m[Debug info]üõ†Ô∏è  Colors info f:  üîç
[0m[0;34m0
[0m[0;34m0
[0m[0;34m0
[0mExit code: 0
‚ö†Ô∏è No Valgrind alerts, but with leaks[0m  
==80129== Memcheck, a memory error detector
==80129== Copyright (C) 2002-2022, and GNU GPL'd, by Julian Seward et al.
==80129== Using Valgrind-3.22.0 and LibVEX; rerun with -h for copyright info
==80129== Command: ./cub3d ./maps/good/matrix.cub
==80129== Parent PID: 79738
==80129== 
==80129== 
==80129== HEAP SUMMARY:
==80129==     in use at exit: 1,685 bytes in 67 blocks
==80129==   total heap usage: 209 allocs, 142 frees, 8,044 bytes allocated
==80129== 
==80129== LEAK SUMMARY:
==80129==    definitely lost: 594 bytes in 10 blocks
==80129==    indirectly lost: 1,091 bytes in 57 blocks
==80129==      possibly lost: 0 bytes in 0 blocks
==80129==    still reachable: 0 bytes in 0 blocks
==80129==         suppressed: 0 bytes in 0 blocks
==80129== Rerun with --leak-check=full to see details of leaked memory
==80129== 
==80129== For lists of detected and suppressed errors, rerun with: -s
==80129== ERROR SUMMARY: 0 errors from 0 contexts (suppressed: 0 from 0)
Running valgrind on ./maps/good/sad_face.cub...

[0;32m[Debug info]üõ†Ô∏è  Map info üîç
[0m[0;32m[Debug info] - Map width:[0m15
[0;32m[Debug info] - Map height:[0m13
[0;34m1[0;34m1[0;34m1[0;34m1[0;34m1[0;34m1[0;34m1[0;34m1[0;34m1[0;34m1[0;34m1[0;34m1[0;34m1[0;34m1[0;34m1
[0m[0;34m1[0;34m1[0;34m1[0;34m1[0;34m1[0;34m1[0;34m0[0;34m0[0;34m0[0;34m1[0;34m1[0;34m1[0;34m1[0;34m1[0;34m1
[0m[0;34m1[0;34m1[0;34m1[0;34m1[0;34m1[0;34m0[0;34m0[0;34m0[0;34m0[0;34m0[0;34m1[0;34m1[0;34m1[0;34m1[0;34m1
[0m[0;34m1[0;34m1[0;34m1[0;34m1[0;34m0[0;34m0[0;34m0[0;34mN[0;34m0[0;34m0[0;34m0[0;34m1[0;34m1[0;34m1[0;34m1
[0m[0;34m1[0;34m1[0;34m1[0;34m0[0;34m0[0;34m0[0;34m0[0;34m0[0;34m0[0;34m0[0;34m0[0;34m0[0;34m1[0;34m1[0;34m1
[0m[0;34m1[0;34m1[0;34m0[0;34m0[0;34m0[0;34m0[0;34m0[0;34m0[0;34m0[0;34m0[0;34m0[0;34m0[0;34m0[0;34m1[0;34m1
[0m[0;34m1[0;34m0[0;34m0[0;34m0[0;34m0[0;34m1[0;34m1[0;34m1[0;34m1[0;34m1[0;34m0[0;34m0[0;34m0[0;34m0[0;34m1
[0m[0;34m1[0;34m1[0;34m0[0;34m0[0;34m0[0;34m0[0;34m1[0;34m1[0;34m1[0;34m0[0;34m0[0;34m0[0;34m0[0;34m1[0;34m1
[0m[0;34m1[0;34m1[0;34m1[0;34m0[0;34m0[0;34m0[0;34m0[0;34m1[0;34m0[0;34m0[0;34m0[0;34m0[0;34m1[0;34m1[0;34m1
[0m[0;34m1[0;34m1[0;34m1[0;34m1[0;34m0[0;34m0[0;34m0[0;34m0[0;34m0[0;34m0[0;34m0[0;34m1[0;34m1[0;34m1[0;34m1
[0m[0;34m1[0;34m1[0;34m1[0;34m1[0;34m1[0;34m0[0;34m0[0;34m0[0;34m0[0;34m0[0;34m1[0;34m1[0;34m1[0;34m1[0;34m1
[0m[0;34m1[0;34m1[0;34m1[0;34m1[0;34m1[0;34m1[0;34m0[0;34m0[0;34m0[0;34m1[0;34m1[0;34m1[0;34m1[0;34m1[0;34m1
[0m[0;34m1[0;34m1[0;34m1[0;34m1[0;34m1[0;34m1[0;34m1[0;34m1[0;34m1[0;34m1[0;34m1[0;34m1[0;34m1[0;34m1[0;34m1
[0m[0;32m[Debug info]üõ†Ô∏è  Starting player position info üîç
[0m[0;32m[Debug info] - Player X:[0m7
[0;32m[Debug info] - Player Y:[0m3
[0;32m[Debug info] - Player Direction:[0mN
[0;32m[Debug info]üõ†Ô∏è  Textures info:  üîç
[0m[0;32m[Debug info] Texture north:[0mtextures/test/north.xpm
[0;32m[Debug info] Texture south:[0mtextures/test/south.xpm
[0;32m[Debug info] Texture west:[0mtextures/test/west.xpm
[0;32m[Debug info] Texture east:[0mtextures/test/east.xpm
[0;32m[Debug info]üõ†Ô∏è  Colors info c:  üîç
[0m[0;34m5[0;34m3
[0m[0;34m4[0;34m1
[0m[0;34m3[0;34m4
[0m[0;32m[Debug info]üõ†Ô∏è  Colors info f:  üîç
[0m[0;34m4[0;34m5
[0m[0;34m3[0;34m3
[0m[0;34m2[0;34m7
[0mExit code: 0
‚ö†Ô∏è No Valgrind alerts, but with leaks[0m  
==80132== Memcheck, a memory error detector
==80132== Copyright (C) 2002-2022, and GNU GPL'd, by Julian Seward et al.
==80132== Using Valgrind-3.22.0 and LibVEX; rerun with -h for copyright info
==80132== Command: ./cub3d ./maps/good/sad_face.cub
==80132== Parent PID: 79738
==80132== 
==80132== 
==80132== HEAP SUMMARY:
==80132==     in use at exit: 1,059 bytes in 51 blocks
==80132==   total heap usage: 151 allocs, 100 frees, 4,876 bytes allocated
==80132== 
==80132== LEAK SUMMARY:
==80132==    definitely lost: 472 bytes in 10 blocks
==80132==    indirectly lost: 587 bytes in 41 blocks
==80132==      possibly lost: 0 bytes in 0 blocks
==80132==    still reachable: 0 bytes in 0 blocks
==80132==         suppressed: 0 bytes in 0 blocks
==80132== Rerun with --leak-check=full to see details of leaked memory
==80132== 
==80132== For lists of detected and suppressed errors, rerun with: -s
==80132== ERROR SUMMARY: 0 errors from 0 contexts (suppressed: 0 from 0)
Running valgrind on ./maps/good/square_map.cub...

[0;32m[Debug info]üõ†Ô∏è  Map info üîç
[0m[0;32m[Debug info] - Map width:[0m24
[0;32m[Debug info] - Map height:[0m27
[0;34m1[0;34m1[0;34m1[0;34m1[0;34m1[0;34m1[0;34m1[0;34m1[0;34m1[0;34m1[0;34m1[0;34m1[0;34m1[0;34m1[0;34m1[0;34m1[0;34m1[0;34m1[0;34m1[0;34m1[0;34m1[0;34m1[0;34m1[0;34m1
[0m[0;34m1[0;34m0[0;34m0[0;34m0[0;34m0[0;34m0[0;34m0[0;34m0[0;34m0[0;34m0[0;34m0[0;34m0[0;34m0[0;34m0[0;34m0[0;34m0[0;34m0[0;34m0[0;34m0[0;34m0[0;34m0[0;34m0[0;34m0[0;34m1
[0m[0;34m1[0;34m0[0;34m0[0;34m0[0;34m0[0;34m0[0;34m0[0;34m0[0;34m0[0;34m0[0;34m0[0;34m0[0;34m0[0;34m0[0;34m0[0;34m0[0;34m0[0;34m0[0;34m0[0;34m0[0;34m0[0;34m0[0;34m0[0;34m1
[0m[0;34m1[0;34m0[0;34m0[0;34m0[0;34m0[0;34m0[0;34m0[0;34m0[0;34m0[0;34mN[0;34m0[0;34m0[0;34m0[0;34m0[0;34m0[0;34m0[0;34m0[0;34m0[0;34m0[0;34m0[0;34m0[0;34m0[0;34m0[0;34m1
[0m[0;34m1[0;34m0[0;34m0[0;34m0[0;34m0[0;34m0[0;34m0[0;34m0[0;34m0[0;34m0[0;34m0[0;34m0[0;34m0[0;34m0[0;34m0[0;34m0[0;34m0[0;34m0[0;34m0[0;34m0[0;34m0[0;34m0[0;34m0[0;34m1
[0m[0;34m1[0;34m0[0;34m0[0;34m0[0;34m0[0;34m0[0;34m0[0;34m0[0;34m0[0;34m0[0;34m0[0;34m0[0;34m0[0;34m0[0;34m0[0;34m0[0;34m0[0;34m0[0;34m0[0;34m0[0;34m0[0;34m0[0;34m0[0;34m1
[0m[0;34m1[0;34m0[0;34m0[0;34m0[0;34m0[0;34m0[0;34m0[0;34m0[0;34m0[0;34m0[0;34m0[0;34m0[0;34m0[0;34m0[0;34m0[0;34m0[0;34m0[0;34m0[0;34m0[0;34m0[0;34m0[0;34m0[0;34m0[0;34m1
[0m[0;34m1[0;34m0[0;34m0[0;34m0[0;34m0[0;34m0[0;34m1[0;34m1[0;34m1[0;34m1[0;34m1[0;34m0[0;34m0[0;34m0[0;34m0[0;34m1[0;34m0[0;34m1[0;34m0[0;34m1[0;34m0[0;34m0[0;34m0[0;34m1
[0m[0;34m1[0;34m0[0;34m0[0;34m0[0;34m0[0;34m0[0;34m1[0;34m0[0;34m0[0;34m0[0;34m1[0;34m0[0;34m0[0;34m0[0;34m0[0;34m0[0;34m0[0;34m0[0;34m0[0;34m0[0;34m0[0;34m0[0;34m0[0;34m1
[0m[0;34m1[0;34m0[0;34m0[0;34m0[0;34m0[0;34m0[0;34m1[0;34m0[0;34m0[0;34m0[0;34m1[0;34m0[0;34m0[0;34m0[0;34m0[0;34m1[0;34m0[0;34m0[0;34m0[0;34m1[0;34m0[0;34m0[0;34m0[0;34m1
[0m[0;34m1[0;34m0[0;34m0[0;34m0[0;34m0[0;34m0[0;34m1[0;34m0[0;34m0[0;34m0[0;34m1[0;34m0[0;34m0[0;34m0[0;34m0[0;34m0[0;34m0[0;34m0[0;34m0[0;34m0[0;34m0[0;34m0[0;34m0[0;34m1
[0m[0;34m1[0;34m0[0;34m0[0;34m0[0;34m0[0;34m0[0;34m1[0;34m1[0;34m1[0;34m1[0;34m0[0;34m0[0;34m0[0;34m0[0;34m1[0;34m0[0;34m1[0;34m0[0;34m1[0;34m0[0;34m0[0;34m0[0;34m0[0;34m1
[0m[0;34m1[0;34m0[0;34m0[0;34m0[0;34m0[0;34m0[0;34m0[0;34m0[0;34m0[0;34m0[0;34m0[0;34m0[0;34m0[0;34m0[0;34m0[0;34m0[0;34m0[0;34m0[0;34m0[0;34m0[0;34m0[0;34m0[0;34m0[0;34m1
[0m[0;34m1[0;34m0[0;34m0[0;34m0[0;34m0[0;34m0[0;34m0[0;34m0[0;34m0[0;34m0[0;34m0[0;34m0[0;34m0[0;34m0[0;34m0[0;34m0[0;34m0[0;34m0[0;34m0[0;34m0[0;34m0[0;34m0[0;34m0[0;34m1
[0m[0;34m1[0;34m0[0;34m0[0;34m0[0;34m0[0;34m0[0;34m0[0;34m0[0;34m0[0;34m0[0;34m0[0;34m0[0;34m0[0;34m0[0;34m0[0;34m0[0;34m0[0;34m0[0;34m0[0;34m0[0;34m0[0;34m0[0;34m0[0;34m1
[0m[0;34m1[0;34m0[0;34m0[0;34m0[0;34m0[0;34m0[0;34m0[0;34m0[0;34m0[0;34m0[0;34m0[0;34m0[0;34m0[0;34m0[0;34m0[0;34m0[0;34m0[0;34m0[0;34m0[0;34m0[0;34m0[0;34m0[0;34m0[0;34m1
[0m[0;34m1[0;34m0[0;34m0[0;34m0[0;34m0[0;34m0[0;34m0[0;34m0[0;34m0[0;34m0[0;34m0[0;34m0[0;34m0[0;34m0[0;34m0[0;34m0[0;34m0[0;34m0[0;34m0[0;34m0[0;34m0[0;34m0[0;34m0[0;34m1
[0m[0;34m1[0;34m0[0;34m0[0;34m0[0;34m0[0;34m0[0;34m0[0;34m0[0;34m0[0;34m0[0;34m0[0;34m0[0;34m0[0;34m0[0;34m0[0;34m0[0;34m0[0;34m0[0;34m0[0;34m0[0;34m0[0;34m0[0;34m0[0;34m1
[0m[0;34m1[0;34m0[0;34m0[0;34m0[0;34m0[0;34m0[0;34m0[0;34m0[0;34m0[0;34m0[0;34m0[0;34m0[0;34m0[0;34m0[0;34m0[0;34m0[0;34m0[0;34m0[0;34m0[0;34m0[0;34m0[0;34m0[0;34m0[0;34m1
[0m[0;34m1[0;34m1[0;34m1[0;34m1[0;34m1[0;34m1[0;34m1[0;34m1[0;34m1[0;34m0[0;34m0[0;34m0[0;34m0[0;34m0[0;34m0[0;34m0[0;34m0[0;34m0[0;34m0[0;34m0[0;34m0[0;34m0[0;34m0[0;34m1
[0m[0;34m1[0;34m0[0;34m0[0;34m1[0;34m0[0;34m0[0;34m0[0;34m0[0;34m1[0;34m0[0;34m0[0;34m0[0;34m0[0;34m0[0;34m0[0;34m0[0;34m0[0;34m0[0;34m0[0;34m0[0;34m0[0;34m0[0;34m0[0;34m1
[0m[0;34m1[0;34m0[0;34m0[0;34m0[0;34m0[0;34m0[0;34m1[0;34m0[0;34m1[0;34m0[0;34m0[0;34m0[0;34m0[0;34m0[0;34m0[0;34m0[0;34m0[0;34m0[0;34m0[0;34m0[0;34m0[0;34m0[0;34m0[0;34m1
[0m[0;34m1[0;34m0[0;34m0[0;34m1[0;34m0[0;34m0[0;34m0[0;34m0[0;34m1[0;34m0[0;34m0[0;34m0[0;34m0[0;34m0[0;34m0[0;34m0[0;34m0[0;34m0[0;34m0[0;34m0[0;34m0[0;34m0[0;34m0[0;34m1
[0m[0;34m1[0;34m0[0;34m0[0;34m1[0;34m1[0;34m1[0;34m1[0;34m1[0;34m1[0;34m0[0;34m0[0;34m0[0;34m0[0;34m0[0;34m0[0;34m0[0;34m0[0;34m0[0;34m0[0;34m0[0;34m0[0;34m0[0;34m0[0;34m1
[0m[0;34m1[0;34m0[0;34m0[0;34m0[0;34m0[0;34m0[0;34m0[0;34m0[0;34m0[0;34m0[0;34m0[0;34m0[0;34m0[0;34m0[0;34m0[0;34m0[0;34m0[0;34m0[0;34m0[0;34m0[0;34m0[0;34m0[0;34m0[0;34m1
[0m[0;34m1[0;34m0[0;34m0[0;34m0[0;34m0[0;34m0[0;34m0[0;34m0[0;34m0[0;34m0[0;34m0[0;34m0[0;34m0[0;34m0[0;34m0[0;34m0[0;34m0[0;34m0[0;34m0[0;34m0[0;34m0[0;34m0[0;34m0[0;34m1
[0m[0;34m1[0;34m1[0;34m1[0;34m1[0;34m1[0;34m1[0;34m1[0;34m1[0;34m1[0;34m1[0;34m1[0;34m1[0;34m1[0;34m1[0;34m1[0;34m1[0;34m1[0;34m1[0;34m1[0;34m1[0;34m1[0;34m1[0;34m1[0;34m1
[0m[0;32m[Debug info]üõ†Ô∏è  Starting player position info üîç
[0m[0;32m[Debug info] - Player X:[0m9
[0;32m[Debug info] - Player Y:[0m3
[0;32m[Debug info] - Player Direction:[0mN
[0;32m[Debug info]üõ†Ô∏è  Textures info:  üîç
[0m[0;32m[Debug info] Texture north:[0mtextures/test/north.xpm
[0;32m[Debug info] Texture south:[0mtextures/test/south.xpm
[0;32m[Debug info] Texture west:[0mtextures/test/west.xpm
[0;32m[Debug info] Texture east:[0mtextures/test/east.xpm
[0;32m[Debug info]üõ†Ô∏è  Colors info c:  üîç
[0m[0;34m2[0;34m3[0;34m5
[0m[0;34m1[0;34m9[0;34m8
[0m[0;34m5[0;34m2
[0m[0;32m[Debug info]üõ†Ô∏è  Colors info f:  üîç
[0m[0;34m6[0;34m9
[0m[0;34m2[0;34m2[0;34m2
[0m[0;34m1[0;34m9[0;34m9
[0mExit code: 0
‚ö†Ô∏è No Valgrind alerts, but with leaks[0m  
==80218== Memcheck, a memory error detector
==80218== Copyright (C) 2002-2022, and GNU GPL'd, by Julian Seward et al.
==80218== Using Valgrind-3.22.0 and LibVEX; rerun with -h for copyright info
==80218== Command: ./cub3d ./maps/good/square_map.cub
==80218== Parent PID: 79738
==80218== 
==80218== 
==80218== HEAP SUMMARY:
==80218==     in use at exit: 2,338 bytes in 84 blocks
==80218==   total heap usage: 276 allocs, 192 frees, 12,912 bytes allocated
==80218== 
==80218== LEAK SUMMARY:
==80218==    definitely lost: 744 bytes in 10 blocks
==80218==    indirectly lost: 1,594 bytes in 74 blocks
==80218==      possibly lost: 0 bytes in 0 blocks
==80218==    still reachable: 0 bytes in 0 blocks
==80218==         suppressed: 0 bytes in 0 blocks
==80218== Rerun with --leak-check=full to see details of leaked memory
==80218== 
==80218== For lists of detected and suppressed errors, rerun with: -s
==80218== ERROR SUMMARY: 0 errors from 0 contexts (suppressed: 0 from 0)
Running valgrind on ./maps/good/subject_map.cub...

[0;32m[Debug info]üõ†Ô∏è  Map info üîç
[0m[0;32m[Debug info] - Map width:[0m33
[0;32m[Debug info] - Map height:[0m14
[0;34m1[0;34m1[0;34m1[0;34m1[0;34m1[0;34m1[0;34m1[0;34m1[0;34m1[0;34m1[0;34m1[0;34m1[0;34m1[0;34m1[0;34m1[0;34m1[0;34m1[0;34m1[0;34m1[0;34m1[0;34m1[0;34m1[0;34m1[0;34m1[0;34m1[0;34m1[0;34m1[0;34m1[0;34m1[0;34m1[0;34m1[0;34m1[0;34m1
[0m[0;34m1[0;34m1[0;34m1[0;34m1[0;34m1[0;34m1[0;34m1[0;34m1[0;34m1[0;34m0[0;34m0[0;34m0[0;34m0[0;34m0[0;34m0[0;34m0[0;34m0[0;34m0[0;34m1[0;34m1[0;34m0[0;34m0[0;34m0[0;34m0[0;34m0[0;34m0[0;34m0[0;34m0[0;34m0[0;34m0[0;34m0[0;34m0[0;34m1
[0m[0;34m1[0;34m1[0;34m1[0;34m1[0;34m1[0;34m1[0;34m1[0;34m1[0;34m1[0;34m0[0;34m1[0;34m1[0;34m0[0;34m0[0;34m0[0;34m0[0;34m0[0;34m1[0;34m1[0;34m1[0;34m0[0;34m0[0;34m0[0;34m0[0;34m0[0;34m0[0;34m0[0;34m0[0;34m0[0;34m0[0;34m0[0;34m0[0;34m1
[0m[0;34m1[0;34m1[0;34m1[0;34m1[0;34m1[0;34m1[0;34m1[0;34m1[0;34m1[0;34m0[0;34m0[0;34m1[0;34m0[0;34m0[0;34m0[0;34m0[0;34m0[0;34m0[0;34m0[0;34m0[0;34m0[0;34m0[0;34m0[0;34m0[0;34m0[0;34m0[0;34m0[0;34m0[0;34m0[0;34m0[0;34m0[0;34m0[0;34m1
[0m[0;34m1[0;34m1[0;34m1[0;34m1[0;34m1[0;34m1[0;34m1[0;34m1[0;34m1[0;34m0[0;34m1[0;34m1[0;34m0[0;34m0[0;34m0[0;34m0[0;34m0[0;34m1[0;34m1[0;34m1[0;34m0[0;34m0[0;34m0[0;34m0[0;34m0[0;34m0[0;34m0[0;34m0[0;34m0[0;34m0[0;34m0[0;34m0[0;34m1
[0m[0;34m1[0;34m0[0;34m0[0;34m0[0;34m0[0;34m0[0;34m0[0;34m0[0;34m0[0;34m0[0;34m1[0;34m1[0;34m0[0;34m0[0;34m0[0;34m0[0;34m0[0;34m1[0;34m1[0;34m1[0;34m0[0;34m1[0;34m1[0;34m1[0;34m1[0;34m1[0;34m1[0;34m1[0;34m1[0;34m1[0;34m1[0;34m1[0;34m1
[0m[0;34m1[0;34m1[0;34m1[0;34m1[0;34m0[0;34m1[0;34m1[0;34m1[0;34m1[0;34m1[0;34m1[0;34m1[0;34m1[0;34m1[0;34m0[0;34m1[0;34m1[0;34m1[0;34m0[0;34m0[0;34m0[0;34m0[0;34m0[0;34m0[0;34m1[0;34m0[0;34m0[0;34m0[0;34m1[0;34m1[0;34m1[0;34m1[0;34m1
[0m[0;34m1[0;34m1[0;34m1[0;34m1[0;34m0[0;34m1[0;34m1[0;34m1[0;34m1[0;34m1[0;34m1[0;34m1[0;34m1[0;34m1[0;34m0[0;34m1[0;34m1[0;34m1[0;34m0[0;34m1[0;34m0[0;34m1[0;34m0[0;34m0[0;34m1[0;34m0[0;34m0[0;34m0[0;34m1[0;34m1[0;34m1[0;34m1[0;34m1
[0m[0;34m1[0;34m1[0;34m0[0;34m0[0;34m0[0;34m0[0;34m0[0;34m0[0;34m1[0;34m1[0;34m0[0;34m1[0;34m0[0;34m1[0;34m0[0;34m1[0;34m1[0;34m1[0;34m0[0;34m0[0;34m0[0;34m0[0;34m0[0;34m0[0;34m1[0;34m0[0;34m0[0;34m0[0;34m1[0;34m1[0;34m1[0;34m1[0;34m1
[0m[0;34m1[0;34m0[0;34m0[0;34m0[0;34m0[0;34m0[0;34m0[0;34m0[0;34m0[0;34m0[0;34m0[0;34m0[0;34m0[0;34m0[0;34m0[0;34m0[0;34m1[0;34m1[0;34m0[0;34m0[0;34m0[0;34m0[0;34m0[0;34m0[0;34m1[0;34m0[0;34m0[0;34m0[0;34m1[0;34m1[0;34m1[0;34m1[0;34m1
[0m[0;34m1[0;34m0[0;34m0[0;34m0[0;34m0[0;34m0[0;34m0[0;34m0[0;34m0[0;34m0[0;34m0[0;34m0[0;34m0[0;34m0[0;34m0[0;34m0[0;34m1[0;34m1[0;34m0[0;34m1[0;34m0[0;34m1[0;34m0[0;34m0[0;34m1[0;34m0[0;34m0[0;34m0[0;34m1[0;34m1[0;34m1[0;34m1[0;34m1
[0m[0;34m1[0;34m1[0;34m0[0;34m0[0;34m0[0;34m0[0;34m0[0;34m1[0;34m1[0;34m1[0;34m0[0;34m1[0;34m0[0;34m1[0;34m0[0;34m1[0;34m1[0;34m1[0;34m1[0;34m1[0;34m0[0;34m1[0;34m1[0;34m1[0;34m1[0;34m0[0;34mN[0;34m0[0;34m1[0;34m1[0;34m1[0;34m1[0;34m1
[0m[0;34m1[0;34m1[0;34m1[0;34m1[0;34m0[0;34m1[0;34m1[0;34m1[0;34m1[0;34m1[0;34m1[0;34m1[0;34m0[0;34m1[0;34m0[0;34m1[0;34m1[0;34m1[0;34m0[0;34m1[0;34m1[0;34m1[0;34m1[0;34m0[0;34m1[0;34m0[0;34m0[0;34m0[0;34m1[0;34m1[0;34m1[0;34m1[0;34m1
[0m[0;34m1[0;34m1[0;34m1[0;34m1[0;34m1[0;34m1[0;34m1[0;34m1[0;34m1[0;34m1[0;34m1[0;34m1[0;34m1[0;34m1[0;34m1[0;34m1[0;34m1[0;34m1[0;34m1[0;34m1[0;34m1[0;34m1[0;34m1[0;34m1[0;34m1[0;34m1[0;34m1[0;34m1[0;34m1[0;34m1[0;34m1[0;34m1[0;34m1
[0m[0;32m[Debug info]üõ†Ô∏è  Starting player position info üîç
[0m[0;32m[Debug info] - Player X:[0m26
[0;32m[Debug info] - Player Y:[0m11
[0;32m[Debug info] - Player Direction:[0mN
[0;32m[Debug info]üõ†Ô∏è  Textures info:  üîç
[0m[0;32m[Debug info] Texture north:[0mtextures/test/north.xpm
[0;32m[Debug info] Texture south:[0mtextures/test/south.xpm
[0;32m[Debug info] Texture west:[0mtextures/test/west.xpm
[0;32m[Debug info] Texture east:[0mtextures/test/east.xpm
[0;32m[Debug info]üõ†Ô∏è  Colors info c:  üîç
[0m[0;34m2[0;34m2[0;34m5
[0m[0;34m3[0;34m0
[0m[0;34m0
[0m[0;32m[Debug info]üõ†Ô∏è  Colors info f:  üîç
[0m[0;34m2[0;34m2[0;34m0
[0m[0;34m1[0;34m0[0;34m0
[0m[0;34m0
[0mExit code: 0
‚ö†Ô∏è No Valgrind alerts, but with leaks[0m  
==80221== Memcheck, a memory error detector
==80221== Copyright (C) 2002-2022, and GNU GPL'd, by Julian Seward et al.
==80221== Using Valgrind-3.22.0 and LibVEX; rerun with -h for copyright info
==80221== Command: ./cub3d ./maps/good/subject_map.cub
==80221== Parent PID: 79738
==80221== 
==80221== 
==80221== HEAP SUMMARY:
==80221==     in use at exit: 1,575 bytes in 52 blocks
==80221==   total heap usage: 163 allocs, 111 frees, 6,032 bytes allocated
==80221== 
==80221== LEAK SUMMARY:
==80221==    definitely lost: 481 bytes in 10 blocks
==80221==    indirectly lost: 1,094 bytes in 42 blocks
==80221==      possibly lost: 0 bytes in 0 blocks
==80221==    still reachable: 0 bytes in 0 blocks
==80221==         suppressed: 0 bytes in 0 blocks
==80221== Rerun with --leak-check=full to see details of leaked memory
==80221== 
==80221== For lists of detected and suppressed errors, rerun with: -s
==80221== ERROR SUMMARY: 0 errors from 0 contexts (suppressed: 0 from 0)
Running valgrind on ./maps/good/test_map.cub...

[0;32m[Debug info]üõ†Ô∏è  Map info üîç
[0m[0;32m[Debug info] - Map width:[0m12
[0;32m[Debug info] - Map height:[0m8
[0;34m1[0;34m1[0;34m1[0;34m1[0;34m1[0;34m1[0;34m1[0;34m1[0;34m1[0;34m1[0;34m1[0;34m1
[0m[0;34m1[0;34m1[0;34m1[0;34m1[0;34m1[0;34m1[0;34m1[0;34m1[0;34m1[0;34m1[0;34m1[0;34m1
[0m[0;34m1[0;34m1[0;34m1[0;34m1[0;34m1[0;34m1[0;34m1[0;34m1[0;34m1[0;34m1[0;34m1[0;34m1
[0m[0;34m1[0;34m1[0;34m1[0;34m1[0;34m1[0;34m1[0;34m1[0;34m1[0;34m1[0;34m1[0;34m1[0;34m1
[0m[0;34m1[0;34m0[0;34mS[0;34m0[0;34m0[0;34m0[0;34m0[0;34m0[0;34m0[0;34m0[0;34m0[0;34m1
[0m[0;34m1[0;34m1[0;34m1[0;34m1[0;34m1[0;34m1[0;34m1[0;34m1[0;34m1[0;34m1[0;34m1[0;34m1
[0m[0;34m1[0;34m1[0;34m1[0;34m1[0;34m1[0;34m1[0;34m1[0;34m1[0;34m1[0;34m1[0;34m1[0;34m1
[0m[0;34m1[0;34m1[0;34m1[0;34m1[0;34m1[0;34m1[0;34m1[0;34m1[0;34m1[0;34m1[0;34m1[0;34m1
[0m[0;32m[Debug info]üõ†Ô∏è  Starting player position info üîç
[0m[0;32m[Debug info] - Player X:[0m2
[0;32m[Debug info] - Player Y:[0m4
[0;32m[Debug info] - Player Direction:[0mS
[0;32m[Debug info]üõ†Ô∏è  Textures info:  üîç
[0m[0;32m[Debug info] Texture north:[0mtextures/test/north.xpm
[0;32m[Debug info] Texture south:[0mtextures/test/south.xpm
[0;32m[Debug info] Texture west:[0mtextures/test/west.xpm
[0;32m[Debug info] Texture east:[0mtextures/test/east.xpm
[0;32m[Debug info]üõ†Ô∏è  Colors info c:  üîç
[0m[0;34m1[0;34m5[0;34m3
[0m[0;34m2[0;34m0[0;34m4
[0m[0;34m2[0;34m5[0;34m5
[0m[0;32m[Debug info]üõ†Ô∏è  Colors info f:  üîç
[0m[0;34m1[0;34m8
[0m[0;34m5[0;34m3
[0m[0;34m2[0;34m5
[0mExit code: 0
‚ö†Ô∏è No Valgrind alerts, but with leaks[0m  
==80375== Memcheck, a memory error detector
==80375== Copyright (C) 2002-2022, and GNU GPL'd, by Julian Seward et al.
==80375== Using Valgrind-3.22.0 and LibVEX; rerun with -h for copyright info
==80375== Command: ./cub3d ./maps/good/test_map.cub
==80375== Parent PID: 79738
==80375== 
==80375== 
==80375== HEAP SUMMARY:
==80375==     in use at exit: 765 bytes in 40 blocks
==80375==   total heap usage: 112 allocs, 72 frees, 3,133 bytes allocated
==80375== 
==80375== LEAK SUMMARY:
==80375==    definitely lost: 387 bytes in 10 blocks
==80375==    indirectly lost: 378 bytes in 30 blocks
==80375==      possibly lost: 0 bytes in 0 blocks
==80375==    still reachable: 0 bytes in 0 blocks
==80375==         suppressed: 0 bytes in 0 blocks
==80375== Rerun with --leak-check=full to see details of leaked memory
==80375== 
==80375== For lists of detected and suppressed errors, rerun with: -s
==80375== ERROR SUMMARY: 0 errors from 0 contexts (suppressed: 0 from 0)
Running valgrind on ./maps/good/test_map_hole.cub...

[0;32m[Debug info]üõ†Ô∏è  Map info üîç
[0m[0;32m[Debug info] - Map width:[0m12
[0;32m[Debug info] - Map height:[0m8
[0;34m1[0;34m1[0;34m1[0;34m1[0;34m1[0;34m1[0;34m1[0;34m1[0;34m1[0;34m1[0;34m1[0;34m1
[0m[0;34m1[0;34m1[0;34m1[0;34m1[0;34m1[0;34m1[0;34m1[0;34m1[0;34m1[0;34m1[0;34m1[0;34m1
[0m[0;34m1[0;34m1[0;34m1[0;34m1[0;34m1[0;34m1[0;34m1[0;34m1[0;34m0[0;34m0[0;34m0[0;34m1
[0m[0;34m1[0;34m0[0;34m0[0;34m0[0;34m0[0;34m0[0;34m0[0;34m1[0;34m0[0;34m0[0;34m1[0;34m1
[0m[0;34m1[0;34m0[0;34mS[0;34m0[0;34m0[0;34m0[0;34m0[0;34m0[0;34m0[0;34m0[0;34m0[0;34m1
[0m[0;34m1[0;34m1[0;34m1[0;34m1[0;34m1[0;34m1[0;34m1[0;34m1[0;34m1[0;34m1[0;34m1[0;34m1
[0m[0;34m1[0;34m1[0;34m1[0;34m1[0;34m1[0;34m1[0;34m1[0;34m1[0;34m1[0;34m1[0;34m1[0;34m1
[0m[0;34m1[0;34m1[0;34m1[0;34m1[0;34m1[0;34m1[0;34m1[0;34m1[0;34m1[0;34m1[0;34m1[0;34m1
[0m[0;32m[Debug info]üõ†Ô∏è  Starting player position info üîç
[0m[0;32m[Debug info] - Player X:[0m2
[0;32m[Debug info] - Player Y:[0m4
[0;32m[Debug info] - Player Direction:[0mS
[0;32m[Debug info]üõ†Ô∏è  Textures info:  üîç
[0m[0;32m[Debug info] Texture north:[0mtextures/test/north.xpm
[0;32m[Debug info] Texture south:[0mtextures/test/south.xpm
[0;32m[Debug info] Texture west:[0mtextures/test/west.xpm
[0;32m[Debug info] Texture east:[0mtextures/test/east.xpm
[0;32m[Debug info]üõ†Ô∏è  Colors info c:  üîç
[0m[0;34m1[0;34m5[0;34m3
[0m[0;34m2[0;34m0[0;34m4
[0m[0;34m2[0;34m5[0;34m5
[0m[0;32m[Debug info]üõ†Ô∏è  Colors info f:  üîç
[0m[0;34m1[0;34m8
[0m[0;34m5[0;34m3
[0m[0;34m2[0;34m5
[0mExit code: 0
‚ö†Ô∏è No Valgrind alerts, but with leaks[0m  
==80378== Memcheck, a memory error detector
==80378== Copyright (C) 2002-2022, and GNU GPL'd, by Julian Seward et al.
==80378== Using Valgrind-3.22.0 and LibVEX; rerun with -h for copyright info
==80378== Command: ./cub3d ./maps/good/test_map_hole.cub
==80378== Parent PID: 79738
==80378== 
==80378== 
==80378== HEAP SUMMARY:
==80378==     in use at exit: 765 bytes in 40 blocks
==80378==   total heap usage: 112 allocs, 72 frees, 3,133 bytes allocated
==80378== 
==80378== LEAK SUMMARY:
==80378==    definitely lost: 387 bytes in 10 blocks
==80378==    indirectly lost: 378 bytes in 30 blocks
==80378==      possibly lost: 0 bytes in 0 blocks
==80378==    still reachable: 0 bytes in 0 blocks
==80378==         suppressed: 0 bytes in 0 blocks
==80378== Rerun with --leak-check=full to see details of leaked memory
==80378== 
==80378== For lists of detected and suppressed errors, rerun with: -s
==80378== ERROR SUMMARY: 0 errors from 0 contexts (suppressed: 0 from 0)
Running valgrind on ./maps/good/test_pos_bottom.cub...

[0;32m[Debug info]üõ†Ô∏è  Map info üîç
[0m[0;32m[Debug info] - Map width:[0m3
[0;32m[Debug info] - Map height:[0m13
[0;34m1[0;34m1[0;34m1
[0m[0;34m1[0;34m0[0;34m1
[0m[0;34m1[0;34m0[0;34m1
[0m[0;34m1[0;34m0[0;34m1
[0m[0;34m1[0;34m0[0;34m1
[0m[0;34m1[0;34m0[0;34m1
[0m[0;34m1[0;34m0[0;34m1
[0m[0;34m1[0;34m0[0;34m1
[0m[0;34m1[0;34m0[0;34m1
[0m[0;34m1[0;34m0[0;34m1
[0m[0;34m1[0;34m0[0;34m1
[0m[0;34m1[0;34mS[0;34m1
[0m[0;34m1[0;34m1[0;34m1
[0m[0;32m[Debug info]üõ†Ô∏è  Starting player position info üîç
[0m[0;32m[Debug info] - Player X:[0m1
[0;32m[Debug info] - Player Y:[0m11
[0;32m[Debug info] - Player Direction:[0mS
[0;32m[Debug info]üõ†Ô∏è  Textures info:  üîç
[0m[0;32m[Debug info] Texture north:[0mtextures/test/north.xpm
[0;32m[Debug info] Texture south:[0mtextures/test/south.xpm
[0;32m[Debug info] Texture west:[0mtextures/test/west.xpm
[0;32m[Debug info] Texture east:[0mtextures/test/east.xpm
[0;32m[Debug info]üõ†Ô∏è  Colors info c:  üîç
[0m[0;34m2[0;34m0[0;34m0
[0m[0;34m2[0;34m0[0;34m0
[0m[0;34m2[0;34m0[0;34m0
[0m[0;32m[Debug info]üõ†Ô∏è  Colors info f:  üîç
[0m[0;34m2[0;34m0
[0m[0;34m2[0;34m0
[0m[0;34m2[0;34m0
[0mExit code: 0
‚ö†Ô∏è No Valgrind alerts, but with leaks[0m  
==80381== Memcheck, a memory error detector
==80381== Copyright (C) 2002-2022, and GNU GPL'd, by Julian Seward et al.
==80381== Using Valgrind-3.22.0 and LibVEX; rerun with -h for copyright info
==80381== Command: ./cub3d ./maps/good/test_pos_bottom.cub
==80381== Parent PID: 79738
==80381== 
==80381== 
==80381== HEAP SUMMARY:
==80381==     in use at exit: 746 bytes in 50 blocks
==80381==   total heap usage: 140 allocs, 90 frees, 3,911 bytes allocated
==80381== 
==80381== LEAK SUMMARY:
==80381==    definitely lost: 467 bytes in 10 blocks
==80381==    indirectly lost: 279 bytes in 40 blocks
==80381==      possibly lost: 0 bytes in 0 blocks
==80381==    still reachable: 0 bytes in 0 blocks
==80381==         suppressed: 0 bytes in 0 blocks
==80381== Rerun with --leak-check=full to see details of leaked memory
==80381== 
==80381== For lists of detected and suppressed errors, rerun with: -s
==80381== ERROR SUMMARY: 0 errors from 0 contexts (suppressed: 0 from 0)
Running valgrind on ./maps/good/test_pos_left.cub...

[0;32m[Debug info]üõ†Ô∏è  Map info üîç
[0m[0;32m[Debug info] - Map width:[0m21
[0;32m[Debug info] - Map height:[0m3
[0;34m1[0;34m1[0;34m1[0;34m1[0;34m1[0;34m1[0;34m1[0;34m1[0;34m1[0;34m1[0;34m1[0;34m1[0;34m1[0;34m1[0;34m1[0;34m1[0;34m1[0;34m1[0;34m1[0;34m1[0;34m1
[0m[0;34m1[0;34mW[0;34m0[0;34m0[0;34m0[0;34m0[0;34m0[0;34m0[0;34m0[0;34m0[0;34m0[0;34m0[0;34m0[0;34m0[0;34m0[0;34m0[0;34m0[0;34m0[0;34m0[0;34m0[0;34m1
[0m[0;34m1[0;34m1[0;34m1[0;34m1[0;34m1[0;34m1[0;34m1[0;34m1[0;34m1[0;34m1[0;34m1[0;34m1[0;34m1[0;34m1[0;34m1[0;34m1[0;34m1[0;34m1[0;34m1[0;34m1[0;34m1
[0m[0;32m[Debug info]üõ†Ô∏è  Starting player position info üîç
[0m[0;32m[Debug info] - Player X:[0m1
[0;32m[Debug info] - Player Y:[0m1
[0;32m[Debug info] - Player Direction:[0mW
[0;32m[Debug info]üõ†Ô∏è  Textures info:  üîç
[0m[0;32m[Debug info] Texture north:[0mtextures/test/north.xpm
[0;32m[Debug info] Texture south:[0mtextures/test/south.xpm
[0;32m[Debug info] Texture west:[0mtextures/test/west.xpm
[0;32m[Debug info] Texture east:[0mtextures/test/east.xpm
[0;32m[Debug info]üõ†Ô∏è  Colors info c:  üîç
[0m[0;34m2[0;34m0[0;34m0
[0m[0;34m2[0;34m0[0;34m0
[0m[0;34m2[0;34m0[0;34m0
[0m[0;32m[Debug info]üõ†Ô∏è  Colors info f:  üîç
[0m[0;34m2[0;34m0
[0m[0;34m2[0;34m0
[0m[0;34m2[0;34m0
[0mExit code: 0
‚ö†Ô∏è No Valgrind alerts, but with leaks[0m  
==80384== Memcheck, a memory error detector
==80384== Copyright (C) 2002-2022, and GNU GPL'd, by Julian Seward et al.
==80384== Using Valgrind-3.22.0 and LibVEX; rerun with -h for copyright info
==80384== Command: ./cub3d ./maps/good/test_pos_left.cub
==80384== Parent PID: 79738
==80384== 
==80384== 
==80384== HEAP SUMMARY:
==80384==     in use at exit: 604 bytes in 30 blocks
==80384==   total heap usage: 81 allocs, 51 frees, 2,141 bytes allocated
==80384== 
==80384== LEAK SUMMARY:
==80384==    definitely lost: 307 bytes in 10 blocks
==80384==    indirectly lost: 297 bytes in 20 blocks
==80384==      possibly lost: 0 bytes in 0 blocks
==80384==    still reachable: 0 bytes in 0 blocks
==80384==         suppressed: 0 bytes in 0 blocks
==80384== Rerun with --leak-check=full to see details of leaked memory
==80384== 
==80384== For lists of detected and suppressed errors, rerun with: -s
==80384== ERROR SUMMARY: 0 errors from 0 contexts (suppressed: 0 from 0)
Running valgrind on ./maps/good/test_pos_right.cub...

[0;32m[Debug info]üõ†Ô∏è  Map info üîç
[0m[0;32m[Debug info] - Map width:[0m21
[0;32m[Debug info] - Map height:[0m3
[0;34m1[0;34m1[0;34m1[0;34m1[0;34m1[0;34m1[0;34m1[0;34m1[0;34m1[0;34m1[0;34m1[0;34m1[0;34m1[0;34m1[0;34m1[0;34m1[0;34m1[0;34m1[0;34m1[0;34m1[0;34m1
[0m[0;34m1[0;34m0[0;34m0[0;34m0[0;34m0[0;34m0[0;34m0[0;34m0[0;34m0[0;34m0[0;34m0[0;34m0[0;34m0[0;34m0[0;34m0[0;34m0[0;34m0[0;34m0[0;34m0[0;34mE[0;34m1
[0m[0;34m1[0;34m1[0;34m1[0;34m1[0;34m1[0;34m1[0;34m1[0;34m1[0;34m1[0;34m1[0;34m1[0;34m1[0;34m1[0;34m1[0;34m1[0;34m1[0;34m1[0;34m1[0;34m1[0;34m1[0;34m1
[0m[0;32m[Debug info]üõ†Ô∏è  Starting player position info üîç
[0m[0;32m[Debug info] - Player X:[0m19
[0;32m[Debug info] - Player Y:[0m1
[0;32m[Debug info] - Player Direction:[0mE
[0;32m[Debug info]üõ†Ô∏è  Textures info:  üîç
[0m[0;32m[Debug info] Texture north:[0mtextures/test/north.xpm
[0;32m[Debug info] Texture south:[0mtextures/test/south.xpm
[0;32m[Debug info] Texture west:[0mtextures/test/west.xpm
[0;32m[Debug info] Texture east:[0mtextures/test/east.xpm
[0;32m[Debug info]üõ†Ô∏è  Colors info c:  üîç
[0m[0;34m2[0;34m0[0;34m0
[0m[0;34m2[0;34m0[0;34m0
[0m[0;34m2[0;34m0[0;34m0
[0m[0;32m[Debug info]üõ†Ô∏è  Colors info f:  üîç
[0m[0;34m2[0;34m0
[0m[0;34m2[0;34m0
[0m[0;34m2[0;34m0
[0mExit code: 0
‚ö†Ô∏è No Valgrind alerts, but with leaks[0m  
==80387== Memcheck, a memory error detector
==80387== Copyright (C) 2002-2022, and GNU GPL'd, by Julian Seward et al.
==80387== Using Valgrind-3.22.0 and LibVEX; rerun with -h for copyright info
==80387== Command: ./cub3d ./maps/good/test_pos_right.cub
==80387== Parent PID: 79738
==80387== 
==80387== 
==80387== HEAP SUMMARY:
==80387==     in use at exit: 604 bytes in 30 blocks
==80387==   total heap usage: 81 allocs, 51 frees, 2,141 bytes allocated
==80387== 
==80387== LEAK SUMMARY:
==80387==    definitely lost: 307 bytes in 10 blocks
==80387==    indirectly lost: 297 bytes in 20 blocks
==80387==      possibly lost: 0 bytes in 0 blocks
==80387==    still reachable: 0 bytes in 0 blocks
==80387==         suppressed: 0 bytes in 0 blocks
==80387== Rerun with --leak-check=full to see details of leaked memory
==80387== 
==80387== For lists of detected and suppressed errors, rerun with: -s
==80387== ERROR SUMMARY: 0 errors from 0 contexts (suppressed: 0 from 0)
Running valgrind on ./maps/good/test_pos_top.cub...

[0;32m[Debug info]üõ†Ô∏è  Map info üîç
[0m[0;32m[Debug info] - Map width:[0m3
[0;32m[Debug info] - Map height:[0m13
[0;34m1[0;34m1[0;34m1
[0m[0;34m1[0;34mN[0;34m1
[0m[0;34m1[0;34m0[0;34m1
[0m[0;34m1[0;34m0[0;34m1
[0m[0;34m1[0;34m0[0;34m1
[0m[0;34m1[0;34m0[0;34m1
[0m[0;34m1[0;34m0[0;34m1
[0m[0;34m1[0;34m0[0;34m1
[0m[0;34m1[0;34m0[0;34m1
[0m[0;34m1[0;34m0[0;34m1
[0m[0;34m1[0;34m0[0;34m1
[0m[0;34m1[0;34m0[0;34m1
[0m[0;34m1[0;34m1[0;34m1
[0m[0;32m[Debug info]üõ†Ô∏è  Starting player position info üîç
[0m[0;32m[Debug info] - Player X:[0m1
[0;32m[Debug info] - Player Y:[0m1
[0;32m[Debug info] - Player Direction:[0mN
[0;32m[Debug info]üõ†Ô∏è  Textures info:  üîç
[0m[0;32m[Debug info] Texture north:[0mtextures/test/north.xpm
[0;32m[Debug info] Texture south:[0mtextures/test/south.xpm
[0;32m[Debug info] Texture west:[0mtextures/test/west.xpm
[0;32m[Debug info] Texture east:[0mtextures/test/east.xpm
[0;32m[Debug info]üõ†Ô∏è  Colors info c:  üîç
[0m[0;34m2[0;34m0[0;34m0
[0m[0;34m2[0;34m0[0;34m0
[0m[0;34m2[0;34m0[0;34m0
[0m[0;32m[Debug info]üõ†Ô∏è  Colors info f:  üîç
[0m[0;34m2[0;34m0
[0m[0;34m2[0;34m0
[0m[0;34m2[0;34m0
[0mExit code: 0
‚ö†Ô∏è No Valgrind alerts, but with leaks[0m  
==80390== Memcheck, a memory error detector
==80390== Copyright (C) 2002-2022, and GNU GPL'd, by Julian Seward et al.
==80390== Using Valgrind-3.22.0 and LibVEX; rerun with -h for copyright info
==80390== Command: ./cub3d ./maps/good/test_pos_top.cub
==80390== Parent PID: 79738
==80390== 
==80390== 
==80390== HEAP SUMMARY:
==80390==     in use at exit: 746 bytes in 50 blocks
==80390==   total heap usage: 140 allocs, 90 frees, 3,911 bytes allocated
==80390== 
==80390== LEAK SUMMARY:
==80390==    definitely lost: 467 bytes in 10 blocks
==80390==    indirectly lost: 279 bytes in 40 blocks
==80390==      possibly lost: 0 bytes in 0 blocks
==80390==    still reachable: 0 bytes in 0 blocks
==80390==         suppressed: 0 bytes in 0 blocks
==80390== Rerun with --leak-check=full to see details of leaked memory
==80390== 
==80390== For lists of detected and suppressed errors, rerun with: -s
==80390== ERROR SUMMARY: 0 errors from 0 contexts (suppressed: 0 from 0)
Running valgrind on ./maps/good/test_textures.cub...

[0;32m[Debug info]üõ†Ô∏è  Map info üîç
[0m[0;32m[Debug info] - Map width:[0m5
[0;32m[Debug info] - Map height:[0m13
[0;34m1[0;34m1[0;34m1[0;34m1[0;34m1
[0m[0;34m1[0;34m0[0;34m0[0;34m0[0;34m1
[0m[0;34m1[0;34m0[0;34mS[0;34m0[0;34m1
[0m[0;34m1[0;34m0[0;34m0[0;34m0[0;34m1
[0m[0;34m1[0;34m0[0;34m0[0;34m0[0;34m1
[0m[0;34m1[0;34m0[0;34m0[0;34m0[0;34m1
[0m[0;34m1[0;34m1[0;34m0[0;34m0[0;34m1
[0m[0;34m1[0;34m0[0;34m0[0;34m0[0;34m1
[0m[0;34m1[0;34m0[0;34m0[0;34m0[0;34m1
[0m[0;34m1[0;34m0[0;34m0[0;34m0[0;34m1
[0m[0;34m1[0;34m0[0;34m0[0;34m0[0;34m1
[0m[0;34m1[0;34m0[0;34m0[0;34m0[0;34m1
[0m[0;34m1[0;34m1[0;34m1[0;34m1[0;34m1
[0m[0;32m[Debug info]üõ†Ô∏è  Starting player position info üîç
[0m[0;32m[Debug info] - Player X:[0m2
[0;32m[Debug info] - Player Y:[0m2
[0;32m[Debug info] - Player Direction:[0mS
[0;32m[Debug info]üõ†Ô∏è  Textures info:  üîç
[0m[0;32m[Debug info] Texture north:[0mtextures/test/north.xpm
[0;32m[Debug info] Texture south:[0mtextures/test/south.xpm
[0;32m[Debug info] Texture west:[0mtextures/test/west.xpm
[0;32m[Debug info] Texture east:[0mtextures/test/east.xpm
[0;32m[Debug info]üõ†Ô∏è  Colors info c:  üîç
[0m[0;34m2[0;34m0[0;34m0
[0m[0;34m2[0;34m0[0;34m0
[0m[0;34m2[0;34m0[0;34m0
[0m[0;32m[Debug info]üõ†Ô∏è  Colors info f:  üîç
[0m[0;34m2[0;34m0
[0m[0;34m2[0;34m0
[0m[0;34m2[0;34m0
[0mExit code: 0
‚ö†Ô∏è No Valgrind alerts, but with leaks[0m  
==80476== Memcheck, a memory error detector
==80476== Copyright (C) 2002-2022, and GNU GPL'd, by Julian Seward et al.
==80476== Using Valgrind-3.22.0 and LibVEX; rerun with -h for copyright info
==80476== Command: ./cub3d ./maps/good/test_textures.cub
==80476== Parent PID: 79738
==80476== 
==80476== 
==80476== HEAP SUMMARY:
==80476==     in use at exit: 798 bytes in 50 blocks
==80476==   total heap usage: 141 allocs, 91 frees, 4,050 bytes allocated
==80476== 
==80476== LEAK SUMMARY:
==80476==    definitely lost: 467 bytes in 10 blocks
==80476==    indirectly lost: 331 bytes in 40 blocks
==80476==      possibly lost: 0 bytes in 0 blocks
==80476==    still reachable: 0 bytes in 0 blocks
==80476==         suppressed: 0 bytes in 0 blocks
==80476== Rerun with --leak-check=full to see details of leaked memory
==80476== 
==80476== For lists of detected and suppressed errors, rerun with: -s
==80476== ERROR SUMMARY: 0 errors from 0 contexts (suppressed: 0 from 0)
Running valgrind on ./maps/good/test_whitespace.cub...

[0;32m[Debug info]üõ†Ô∏è  Map info üîç
[0m[0;32m[Debug info] - Map width:[0m21
[0;32m[Debug info] - Map height:[0m13
[0;34m1[0;34m1[0;34m1[0;34m1[0;34m1[0;34m1[0;34m1[0;34m1[0;34m1[0;34m1[0;34m1[0;34m1[0;34m1[0;34m1[0;34m1[0;34m1[0;34m1[0;34m1[0;34m1[0;34m1[0;34m1
[0m[0;34m1[0;34m0[0;34m0[0;34m0[0;34m1[0;34m1[0;34m1[0;34m1[0;34m1[0;34m1[0;34m1[0;34m1[0;34m1[0;34m1[0;34m1[0;34m1[0;34m1[0;34m1[0;34m1[0;34m1[0;34m1
[0m[0;34m1[0;34m0[0;34mS[0;34m0[0;34m1[0;34m1[0;34m1[0;34m1[0;34m1[0;34m1[0;34m1[0;34m1[0;34m1[0;34m1[0;34m1[0;34m1[0;34m1[0;34m1[0;34m1[0;34m1[0;34m1
[0m[0;34m1[0;34m0[0;34m0[0;34m0[0;34m1[0;34m1[0;34m1[0;34m1[0;34m1[0;34m1[0;34m1[0;34m1[0;34m1[0;34m1[0;34m1[0;34m1[0;34m1[0;34m1[0;34m1[0;34m1[0;34m1
[0m[0;34m1[0;34m0[0;34m0[0;34m0[0;34m1[0;34m1[0;34m1[0;34m1[0;34m1[0;34m1[0;34m1[0;34m1[0;34m1[0;34m1[0;34m1[0;34m1[0;34m1[0;34m1[0;34m1[0;34m1[0;34m1
[0m[0;34m1[0;34m0[0;34m0[0;34m0[0;34m1[0;34m1[0;34m1[0;34m1[0;34m1[0;34m1[0;34m1[0;34m1[0;34m1[0;34m1[0;34m1[0;34m1[0;34m1[0;34m1[0;34m1[0;34m1[0;34m1
[0m[0;34m1[0;34m1[0;34m0[0;34m0[0;34m1[0;34m1[0;34m1[0;34m1[0;34m1[0;34m1[0;34m1[0;34m1[0;34m1[0;34m1[0;34m1[0;34m1[0;34m1[0;34m1[0;34m1[0;34m1[0;34m1
[0m[0;34m1[0;34m0[0;34m0[0;34m0[0;34m1[0;34m1[0;34m1[0;34m1[0;34m1[0;34m1[0;34m1[0;34m1[0;34m1[0;34m1[0;34m1[0;34m1[0;34m1[0;34m1[0;34m1[0;34m1[0;34m1
[0m[0;34m1[0;34m0[0;34m0[0;34m0[0;34m1[0;34m1[0;34m1[0;34m1[0;34m1[0;34m1[0;34m1[0;34m1[0;34m1[0;34m1[0;34m1[0;34m1[0;34m1[0;34m1[0;34m1[0;34m1[0;34m1
[0m[0;34m1[0;34m0[0;34m0[0;34m0[0;34m1[0;34m1[0;34m1[0;34m1[0;34m1[0;34m1[0;34m1[0;34m1[0;34m1[0;34m1[0;34m1[0;34m1[0;34m1[0;34m1[0;34m1[0;34m1[0;34m1
[0m[0;34m1[0;34m0[0;34m0[0;34m0[0;34m1[0;34m1[0;34m1[0;34m1[0;34m1[0;34m1[0;34m1[0;34m1[0;34m1[0;34m1[0;34m1[0;34m1[0;34m1[0;34m1[0;34m1[0;34m1[0;34m1
[0m[0;34m1[0;34m0[0;34m0[0;34m0[0;34m1[0;34m1[0;34m1[0;34m1[0;34m1[0;34m1[0;34m1[0;34m1[0;34m1[0;34m1[0;34m1[0;34m1[0;34m1[0;34m1[0;34m1[0;34m1[0;34m1
[0m[0;34m1[0;34m1[0;34m1[0;34m1[0;34m1[0;34m1[0;34m1[0;34m1[0;34m1[0;34m1[0;34m1[0;34m1[0;34m1[0;34m1[0;34m1[0;34m1[0;34m1[0;34m1[0;34m1[0;34m1[0;34m1
[0m[0;32m[Debug info]üõ†Ô∏è  Starting player position info üîç
[0m[0;32m[Debug info] - Player X:[0m2
[0;32m[Debug info] - Player Y:[0m2
[0;32m[Debug info] - Player Direction:[0mS
[0;32m[Debug info]üõ†Ô∏è  Textures info:  üîç
[0m[0;32m[Debug info] Texture north:[0mtextures/test/north.xpm
[0;32m[Debug info] Texture south:[0mtextures/test/south.xpm
[0;32m[Debug info] Texture west:[0mtextures/test/west.xpm
[0;32m[Debug info] Texture east:[0mtextures/test/east.xpm
[0;32m[Debug info]üõ†Ô∏è  Colors info c:  üîç
[0m[0;34m2[0;34m0[0;34m0
[0m[0;34m2[0;34m0[0;34m0
[0m[0;34m2[0;34m0[0;34m0
[0m[0;32m[Debug info]üõ†Ô∏è  Colors info f:  üîç
[0m[0;34m2[0;34m0
[0m[0;34m2[0;34m0
[0m[0;34m2[0;34m0
[0mExit code: 0
‚ö†Ô∏è No Valgrind alerts, but with leaks[0m  
==80479== Memcheck, a memory error detector
==80479== Copyright (C) 2002-2022, and GNU GPL'd, by Julian Seward et al.
==80479== Using Valgrind-3.22.0 and LibVEX; rerun with -h for copyright info
==80479== Command: ./cub3d ./maps/good/test_whitespace.cub
==80479== Parent PID: 79738
==80479== 
==80479== 
==80479== HEAP SUMMARY:
==80479==     in use at exit: 1,566 bytes in 89 blocks
==80479==   total heap usage: 305 allocs, 216 frees, 19,323 bytes allocated
==80479== 
==80479== LEAK SUMMARY:
==80479==    definitely lost: 813 bytes in 10 blocks
==80479==    indirectly lost: 753 bytes in 79 blocks
==80479==      possibly lost: 0 bytes in 0 blocks
==80479==    still reachable: 0 bytes in 0 blocks
==80479==         suppressed: 0 bytes in 0 blocks
==80479== Rerun with --leak-check=full to see details of leaked memory
==80479== 
==80479== For lists of detected and suppressed errors, rerun with: -s
==80479== ERROR SUMMARY: 0 errors from 0 contexts (suppressed: 0 from 0)
Running valgrind on ./maps/good/works.cub...

[0;32m[Debug info]üõ†Ô∏è  Map info üîç
[0m[0;32m[Debug info] - Map width:[0m25
[0;32m[Debug info] - Map height:[0m6
[0;34m1[0;34m1[0;34m1[0;34m1[0;34m1[0;34m1[0;34m1[0;34m1[0;34m1[0;34m1[0;34m1[0;34m1[0;34m1[0;34m1[0;34m1[0;34m1[0;34m1[0;34m1[0;34m1[0;34m1[0;34m1[0;34m1[0;34m1[0;34m1[0;34m1
[0m[0;34m1[0;34m0[0;34mS[0;34m0[0;34m1[0;34m1[0;34m0[0;34m0[0;34m0[0;34m0[0;34m1[0;34m0[0;34m0[0;34m0[0;34m0[0;34m0[0;34m0[0;34m0[0;34m0[0;34m0[0;34m0[0;34m0[0;34m0[0;34m0[0;34m1
[0m[0;34m1[0;34m0[0;34m0[0;34m0[0;34m1[0;34m1[0;34m0[0;34m0[0;34m0[0;34m0[0;34m0[0;34m0[0;34m0[0;34m0[0;34m0[0;34m0[0;34m1[0;34m1[0;34m1[0;34m1[0;34m1[0;34m1[0;34m0[0;34m0[0;34m1
[0m[0;34m1[0;34m0[0;34m0[0;34m0[0;34m1[0;34m1[0;34m0[0;34m0[0;34m0[0;34m0[0;34m0[0;34m0[0;34m0[0;34m0[0;34m0[0;34m0[0;34m1[0;34m1[0;34m0[0;34m0[0;34m0[0;34m1[0;34m0[0;34m0[0;34m1
[0m[0;34m1[0;34m0[0;34m0[0;34m0[0;34m0[0;34m0[0;34m0[0;34m0[0;34m0[0;34m0[0;34m1[0;34m0[0;34m0[0;34m0[0;34m0[0;34m0[0;34m0[0;34m0[0;34m0[0;34m0[0;34m0[0;34m1[0;34m0[0;34m0[0;34m1
[0m[0;34m1[0;34m1[0;34m1[0;34m1[0;34m1[0;34m1[0;34m1[0;34m1[0;34m1[0;34m1[0;34m1[0;34m1[0;34m1[0;34m1[0;34m1[0;34m1[0;34m1[0;34m1[0;34m1[0;34m1[0;34m1[0;34m1[0;34m1[0;34m1[0;34m1
[0m[0;32m[Debug info]üõ†Ô∏è  Starting player position info üîç
[0m[0;32m[Debug info] - Player X:[0m2
[0;32m[Debug info] - Player Y:[0m1
[0;32m[Debug info] - Player Direction:[0mS
[0;32m[Debug info]üõ†Ô∏è  Textures info:  üîç
[0m[0;32m[Debug info] Texture north:[0mtextures/test/north.xpm
[0;32m[Debug info] Texture south:[0mtextures/test/south.xpm
[0;32m[Debug info] Texture west:[0mtextures/test/west.xpm
[0;32m[Debug info] Texture east:[0mtextures/test/east.xpm
[0;32m[Debug info]üõ†Ô∏è  Colors info c:  üîç
[0m[0;34m2[0;34m1[0;34m8
[0m[0;34m2[0;34m3[0;34m4
[0m[0;34m2[0;34m3[0;34m5
[0m[0;32m[Debug info]üõ†Ô∏è  Colors info f:  üîç
[0m[0;34m1[0;34m7
[0m[0;34m3[0;34m8
[0m[0;34m6[0;34m4
[0mExit code: 0
‚ö†Ô∏è No Valgrind alerts, but with leaks[0m  
==80633== Memcheck, a memory error detector
==80633== Copyright (C) 2002-2022, and GNU GPL'd, by Julian Seward et al.
==80633== Using Valgrind-3.22.0 and LibVEX; rerun with -h for copyright info
==80633== Command: ./cub3d ./maps/good/works.cub
==80633== Parent PID: 79738
==80633== 
==80633== 
==80633== HEAP SUMMARY:
==80633==     in use at exit: 957 bytes in 42 blocks
==80633==   total heap usage: 129 allocs, 87 frees, 4,316 bytes allocated
==80633== 
==80633== LEAK SUMMARY:
==80633==    definitely lost: 414 bytes in 10 blocks
==80633==    indirectly lost: 543 bytes in 32 blocks
==80633==      possibly lost: 0 bytes in 0 blocks
==80633==    still reachable: 0 bytes in 0 blocks
==80633==         suppressed: 0 bytes in 0 blocks
==80633== Rerun with --leak-check=full to see details of leaked memory
==80633== 
==80633== For lists of detected and suppressed errors, rerun with: -s
==80633== ERROR SUMMARY: 0 errors from 0 contexts (suppressed: 0 from 0)
Valgrind tests completed. Results saved to test_output.txt.
Starting Valgrind tests...
Running valgrind on ./maps/good/cheese_maze.cub...

[0;32m[Debug info]üõ†Ô∏è  Map info üîç
[0m[0;32m[Debug info] - Map width:[0m21
[0;32m[Debug info] - Map height:[0m21
[0;34m1[0;34m1[0;34m1[0;34m1[0;34m1[0;34m1[0;34m1[0;34m1[0;34m1[0;34m1[0;34m1[0;34m1[0;34m1[0;34m1[0;34m1[0;34m1[0;34m1[0;34m1[0;34m1[0;34m1[0;34m1
[0m[0;34m1[0;34m0[0;34m1[0;34m0[0;34m0[0;34m0[0;34m0[0;34m0[0;34m1[0;34m0[0;34m0[0;34m0[0;34m0[0;34m0[0;34m0[0;34m0[0;34m0[0;34m0[0;34m0[0;34m0[0;34m1
[0m[0;34m1[0;34m0[0;34m1[0;34m0[0;34m1[0;34m0[0;34m1[0;34m0[0;34m1[0;34m0[0;34m1[0;34m1[0;34m1[0;34m1[0;34m1[0;34m1[0;34m1[0;34m0[0;34m0[0;34m0[0;34m1
[0m[0;34m1[0;34m0[0;34m0[0;34m0[0;34m1[0;34m0[0;34m1[0;34m0[0;34m0[0;34m0[0;34m1[0;34m0[0;34m0[0;34m0[0;34m0[0;34m0[0;34m1[0;34m0[0;34m0[0;34m0[0;34m1
[0m[0;34m1[0;34m1[0;34m1[0;34m1[0;34m1[0;34m0[0;34m1[0;34m0[0;34m1[0;34m1[0;34m1[0;34m1[0;34m1[0;34m0[0;34m1[0;34m0[0;34m1[0;34m1[0;34m1[0;34m0[0;34m1
[0m[0;34m1[0;34m0[0;34m0[0;34m0[0;34m0[0;34m0[0;34m1[0;34m0[0;34m1[0;34m0[0;34m0[0;34m0[0;34m1[0;34m0[0;34m1[0;34m0[0;34m0[0;34m0[0;34m0[0;34m0[0;34m1
[0m[0;34m1[0;34m0[0;34m1[0;34m1[0;34m1[0;34m1[0;34m1[0;34m0[0;34m1[0;34m0[0;34m1[0;34m1[0;34m1[0;34m0[0;34m1[0;34m1[0;34m1[0;34m1[0;34m1[0;34m1[0;34m1
[0m[0;34m1[0;34m0[0;34m1[0;34m0[0;34m0[0;34m0[0;34m0[0;34m0[0;34m1[0;34m0[0;34m1[0;34m0[0;34m1[0;34m0[0;34m0[0;34m0[0;34m0[0;34m0[0;34m1[0;34m0[0;34m1
[0m[0;34m1[0;34m0[0;34m1[0;34m0[0;34m1[0;34m1[0;34m1[0;34m1[0;34m1[0;34m0[0;34m1[0;34m0[0;34m1[0;34m1[0;34m1[0;34m1[0;34m1[0;34m0[0;34m1[0;34m0[0;34m1
[0m[0;34m1[0;34m0[0;34m1[0;34m0[0;34m1[0;34m0[0;34m0[0;34m0[0;34m1[0;34m0[0;34m1[0;34m0[0;34m1[0;34m0[0;34m0[0;34m0[0;34m1[0;34m0[0;34m1[0;34m0[0;34m1
[0m[0;34m1[0;34m0[0;34m1[0;34m1[0;34m1[0;34m0[0;34m1[0;34m0[0;34m1[0;34m0[0;34m1[0;34m0[0;34m1[0;34m0[0;34m1[0;34m0[0;34m1[0;34m0[0;34m1[0;34m0[0;34m1
[0m[0;34m1[0;34m0[0;34m0[0;34m0[0;34m0[0;34m0[0;34m1[0;34m0[0;34m1[0;34m0[0;34m1[0;34m0[0;34m0[0;34m0[0;34m1[0;34m0[0;34m1[0;34m0[0;34m0[0;34m0[0;34m1
[0m[0;34m1[0;34m1[0;34m1[0;34m1[0;34m1[0;34m1[0;34m1[0;34m0[0;34m1[0;34m0[0;34m1[0;34m1[0;34m1[0;34m1[0;34m1[0;34m0[0;34m1[0;34m1[0;34m1[0;34m0[0;34m1
[0m[0;34m1[0;34m0[0;34m0[0;34m0[0;34m0[0;34m0[0;34m1[0;34m0[0;34m1[0;34m0[0;34m0[0;34m0[0;34m1[0;34m0[0;34m0[0;34m0[0;34m1[0;34m0[0;34m0[0;34m0[0;34m1
[0m[0;34m1[0;34m0[0;34m1[0;34m1[0;34m1[0;34m0[0;34m1[0;34m0[0;34m1[0;34m1[0;34m1[0;34m0[0;34m1[0;34m0[0;34m1[0;34m1[0;34m1[0;34m0[0;34m1[0;34m1[0;34m1
[0m[0;34m1[0;34m0[0;34m1[0;34m0[0;34m0[0;34m0[0;34m1[0;34m0[0;34m0[0;34m0[0;34m0[0;34m0[0;34m1[0;34m0[0;34m0[0;34m0[0;34m1[0;34m0[0;34m1[0;34m0[0;34m1
[0m[0;34m1[0;34m0[0;34m1[0;34m0[0;34m1[0;34m1[0;34m1[0;34m1[0;34m1[0;34m1[0;34m1[0;34m1[0;34m1[0;34m1[0;34m1[0;34m0[0;34m1[0;34m0[0;34m1[0;34m0[0;34m1
[0m[0;34m1[0;34m0[0;34m0[0;34m0[0;34m1[0;34m0[0;34m0[0;34m0[0;34m0[0;34m0[0;34m0[0;34m0[0;34m0[0;34m0[0;34m0[0;34m0[0;34m1[0;34m0[0;34m0[0;34m0[0;34m1
[0m[0;34m1[0;34m0[0;34m1[0;34m0[0;34m1[0;34m0[0;34m1[0;34m1[0;34m1[0;34m0[0;34m1[0;34m1[0;34m1[0;34m1[0;34m1[0;34m1[0;34m1[0;34m1[0;34m1[0;34m0[0;34m1
[0m[0;34m1[0;34mN[0;34m1[0;34m0[0;34m0[0;34m0[0;34m0[0;34m0[0;34m1[0;34m0[0;34m0[0;34m0[0;34m0[0;34m0[0;34m0[0;34m0[0;34m0[0;34m0[0;34m0[0;34m0[0;34m1
[0m[0;34m1[0;34m1[0;34m1[0;34m1[0;34m1[0;34m1[0;34m1[0;34m1[0;34m1[0;34m1[0;34m1[0;34m1[0;34m1[0;34m1[0;34m1[0;34m1[0;34m1[0;34m1[0;34m1[0;34m1[0;34m1
[0m[0;32m[Debug info]üõ†Ô∏è  Starting player position info üîç
[0m[0;32m[Debug info] - Player X:[0m1
[0;32m[Debug info] - Player Y:[0m19
[0;32m[Debug info] - Player Direction:[0mN
[0;32m[Debug info]üõ†Ô∏è  Textures info:  üîç
[0m[0;32m[Debug info] Texture north:[0mtextures/test/north.xpm
[0;32m[Debug info] Texture south:[0mtextures/test/south.xpm
[0;32m[Debug info] Texture west:[0mtextures/test/west.xpm
[0;32m[Debug info] Texture east:[0mtextures/test/east.xpm
[0;32m[Debug info]üõ†Ô∏è  Colors info c:  üîç
[0m[0;34m1[0;34m5[0;34m3
[0m[0;34m2[0;34m0[0;34m4
[0m[0;34m2[0;34m5[0;34m5
[0m[0;32m[Debug info]üõ†Ô∏è  Colors info f:  üîç
[0m[0;34m1[0;34m6[0;34m4
[0m[0;34m1[0;34m6[0;34m9
[0m[0;34m2[0;34m0
[0mExit code: 0
‚ö†Ô∏è No Valgrind alerts, but with leaks[0m  
==81098== Memcheck, a memory error detector
==81098== Copyright (C) 2002-2022, and GNU GPL'd, by Julian Seward et al.
==81098== Using Valgrind-3.22.0 and LibVEX; rerun with -h for copyright info
==81098== Command: ./cub3d ./maps/good/cheese_maze.cub
==81098== Parent PID: 81096
==81098== 
==81098== 
==81098== HEAP SUMMARY:
==81098==     in use at exit: 1,718 bytes in 67 blocks
==81098==   total heap usage: 209 allocs, 142 frees, 8,190 bytes allocated
==81098== 
==81098== LEAK SUMMARY:
==81098==    definitely lost: 605 bytes in 10 blocks
==81098==    indirectly lost: 1,113 bytes in 57 blocks
==81098==      possibly lost: 0 bytes in 0 blocks
==81098==    still reachable: 0 bytes in 0 blocks
==81098==         suppressed: 0 bytes in 0 blocks
==81098== Rerun with --leak-check=full to see details of leaked memory
==81098== 
==81098== For lists of detected and suppressed errors, rerun with: -s
==81098== ERROR SUMMARY: 0 errors from 0 contexts (suppressed: 0 from 0)
Running valgrind on ./maps/good/creepy.cub...

[0;32m[Debug info]üõ†Ô∏è  Map info üîç
[0m[0;32m[Debug info] - Map width:[0m15
[0;32m[Debug info] - Map height:[0m13
[0;34m1[0;34m1[0;34m1[0;34m1[0;34m1[0;34m1[0;34m1[0;34m1[0;34m1[0;34m1[0;34m1[0;34m1[0;34m1[0;34m1[0;34m1
[0m[0;34m1[0;34m1[0;34m1[0;34m1[0;34m1[0;34m1[0;34m0[0;34m0[0;34m0[0;34m1[0;34m1[0;34m1[0;34m1[0;34m1[0;34m1
[0m[0;34m1[0;34m1[0;34m1[0;34m1[0;34m1[0;34m0[0;34m0[0;34m0[0;34m0[0;34m0[0;34m1[0;34m1[0;34m1[0;34m1[0;34m1
[0m[0;34m1[0;34m1[0;34m1[0;34m1[0;34m0[0;34m0[0;34m0[0;34mN[0;34m0[0;34m0[0;34m0[0;34m1[0;34m1[0;34m1[0;34m1
[0m[0;34m1[0;34m1[0;34m1[0;34m0[0;34m0[0;34m0[0;34m0[0;34m0[0;34m0[0;34m0[0;34m0[0;34m0[0;34m1[0;34m1[0;34m1
[0m[0;34m1[0;34m1[0;34m0[0;34m0[0;34m0[0;34m0[0;34m0[0;34m0[0;34m0[0;34m0[0;34m0[0;34m0[0;34m0[0;34m1[0;34m1
[0m[0;34m1[0;34m0[0;34m0[0;34m0[0;34m0[0;34m1[0;34m1[0;34m1[0;34m1[0;34m1[0;34m0[0;34m0[0;34m0[0;34m0[0;34m1
[0m[0;34m1[0;34m1[0;34m0[0;34m0[0;34m0[0;34m0[0;34m1[0;34m1[0;34m1[0;34m0[0;34m0[0;34m0[0;34m0[0;34m1[0;34m1
[0m[0;34m1[0;34m1[0;34m1[0;34m0[0;34m0[0;34m0[0;34m0[0;34m1[0;34m0[0;34m0[0;34m0[0;34m0[0;34m1[0;34m1[0;34m1
[0m[0;34m1[0;34m1[0;34m1[0;34m1[0;34m0[0;34m0[0;34m0[0;34m0[0;34m0[0;34m0[0;34m0[0;34m1[0;34m1[0;34m1[0;34m1
[0m[0;34m1[0;34m1[0;34m1[0;34m1[0;34m1[0;34m0[0;34m0[0;34m0[0;34m0[0;34m0[0;34m1[0;34m1[0;34m1[0;34m1[0;34m1
[0m[0;34m1[0;34m1[0;34m1[0;34m1[0;34m1[0;34m1[0;34m0[0;34m0[0;34m0[0;34m1[0;34m1[0;34m1[0;34m1[0;34m1[0;34m1
[0m[0;34m1[0;34m1[0;34m1[0;34m1[0;34m1[0;34m1[0;34m1[0;34m1[0;34m1[0;34m1[0;34m1[0;34m1[0;34m1[0;34m1[0;34m1
[0m[0;32m[Debug info]üõ†Ô∏è  Starting player position info üîç
[0m[0;32m[Debug info] - Player X:[0m7
[0;32m[Debug info] - Player Y:[0m3
[0;32m[Debug info] - Player Direction:[0mN
[0;32m[Debug info]üõ†Ô∏è  Textures info:  üîç
[0m[0;32m[Debug info] Texture north:[0mtextures/test/north.xpm
[0;32m[Debug info] Texture south:[0mtextures/test/south.xpm
[0;32m[Debug info] Texture west:[0mtextures/test/west.xpm
[0;32m[Debug info] Texture east:[0mtextures/test/east.xpm
[0;32m[Debug info]üõ†Ô∏è  Colors info c:  üîç
[0m[0;34m3[0;34m5
[0m[0;34m1[0;34m9
[0m[0;34m7[0;34m3
[0m[0;32m[Debug info]üõ†Ô∏è  Colors info f:  üîç
[0m[0;34m1[0;34m5
[0m[0;34m6
[0m[0;34m4[0;34m0
[0mExit code: 0
‚ö†Ô∏è No Valgrind alerts, but with leaks[0m  
==81101== Memcheck, a memory error detector
==81101== Copyright (C) 2002-2022, and GNU GPL'd, by Julian Seward et al.
==81101== Using Valgrind-3.22.0 and LibVEX; rerun with -h for copyright info
==81101== Command: ./cub3d ./maps/good/creepy.cub
==81101== Parent PID: 81096
==81101== 
==81101== 
==81101== HEAP SUMMARY:
==81101==     in use at exit: 1,056 bytes in 51 blocks
==81101==   total heap usage: 151 allocs, 100 frees, 4,894 bytes allocated
==81101== 
==81101== LEAK SUMMARY:
==81101==    definitely lost: 471 bytes in 10 blocks
==81101==    indirectly lost: 585 bytes in 41 blocks
==81101==      possibly lost: 0 bytes in 0 blocks
==81101==    still reachable: 0 bytes in 0 blocks
==81101==         suppressed: 0 bytes in 0 blocks
==81101== Rerun with --leak-check=full to see details of leaked memory
==81101== 
==81101== For lists of detected and suppressed errors, rerun with: -s
==81101== ERROR SUMMARY: 0 errors from 0 contexts (suppressed: 0 from 0)
Running valgrind on ./maps/good/dungeon.cub...

[0;32m[Debug info]üõ†Ô∏è  Map info üîç
[0m[0;32m[Debug info] - Map width:[0m19
[0;32m[Debug info] - Map height:[0m10
[0;34m1[0;34m1[0;34m1[0;34m1[0;34m1[0;34m1[0;34m1[0;34m1[0;34m1[0;34m1[0;34m1[0;34m1[0;34m1[0;34m1[0;34m1[0;34m1[0;34m1[0;34m1[0;34m1
[0m[0;34m1[0;34m0[0;34mW[0;34m1[0;34m0[0;34m0[0;34m1[0;34m0[0;34m0[0;34m1[0;34m0[0;34m0[0;34m1[0;34m0[0;34m0[0;34m0[0;34m0[0;34m0[0;34m1
[0m[0;34m1[0;34m0[0;34m1[0;34m1[0;34m0[0;34m0[0;34m0[0;34m0[0;34m0[0;34m1[0;34m0[0;34m0[0;34m0[0;34m0[0;34m0[0;34m1[0;34m0[0;34m0[0;34m1
[0m[0;34m1[0;34m0[0;34m0[0;34m1[0;34m0[0;34m0[0;34m1[0;34m0[0;34m0[0;34m1[0;34m1[0;34m1[0;34m1[0;34m1[0;34m0[0;34m1[0;34m1[0;34m1[0;34m1
[0m[0;34m1[0;34m0[0;34m0[0;34m1[0;34m1[0;34m1[0;34m1[0;34m0[0;34m0[0;34m0[0;34m0[0;34m0[0;34m1[0;34m0[0;34m0[0;34m1[0;34m0[0;34m0[0;34m1
[0m[0;34m1[0;34m0[0;34m0[0;34m0[0;34m0[0;34m0[0;34m0[0;34m0[0;34m0[0;34m0[0;34m0[0;34m0[0;34m0[0;34m0[0;34m0[0;34m1[0;34m0[0;34m0[0;34m1
[0m[0;34m1[0;34m0[0;34m0[0;34m1[0;34m1[0;34m1[0;34m1[0;34m1[0;34m1[0;34m1[0;34m1[0;34m1[0;34m1[0;34m0[0;34m0[0;34m1[0;34m0[0;34m0[0;34m1
[0m[0;34m1[0;34m1[0;34m1[0;34m1[0;34m0[0;34m0[0;34m0[0;34m0[0;34m0[0;34m0[0;34m0[0;34m0[0;34m0[0;34m0[0;34m0[0;34m1[0;34m0[0;34m1[0;34m1
[0m[0;34m1[0;34m0[0;34m0[0;34m0[0;34m0[0;34m0[0;34m0[0;34m0[0;34m0[0;34m1[0;34m0[0;34m0[0;34m0[0;34m0[0;34m0[0;34m0[0;34m0[0;34m0[0;34m1
[0m[0;34m1[0;34m1[0;34m1[0;34m1[0;34m1[0;34m1[0;34m1[0;34m1[0;34m1[0;34m1[0;34m1[0;34m1[0;34m1[0;34m1[0;34m1[0;34m1[0;34m1[0;34m1[0;34m1
[0m[0;32m[Debug info]üõ†Ô∏è  Starting player position info üîç
[0m[0;32m[Debug info] - Player X:[0m2
[0;32m[Debug info] - Player Y:[0m1
[0;32m[Debug info] - Player Direction:[0mW
[0;32m[Debug info]üõ†Ô∏è  Textures info:  üîç
[0m[0;32m[Debug info] Texture north:[0mtextures/test/north.xpm
[0;32m[Debug info] Texture south:[0mtextures/test/south.xpm
[0;32m[Debug info] Texture west:[0mtextures/test/west.xpm
[0;32m[Debug info] Texture east:[0mtextures/test/east.xpm
[0;32m[Debug info]üõ†Ô∏è  Colors info c:  üîç
[0m[0;34m9[0;34m9
[0m[0;34m9[0;34m9
[0m[0;34m9[0;34m9
[0m[0;32m[Debug info]üõ†Ô∏è  Colors info f:  üîç
[0m[0;34m7[0;34m6
[0m[0;34m7[0;34m6
[0m[0;34m7[0;34m6
[0mExit code: 0
‚ö†Ô∏è No Valgrind alerts, but with leaks[0m  
==81105== Memcheck, a memory error detector
==81105== Copyright (C) 2002-2022, and GNU GPL'd, by Julian Seward et al.
==81105== Using Valgrind-3.22.0 and LibVEX; rerun with -h for copyright info
==81105== Command: ./cub3d ./maps/good/dungeon.cub
==81105== Parent PID: 81096
==81105== 
==81105== 
==81105== HEAP SUMMARY:
==81105==     in use at exit: 992 bytes in 45 blocks
==81105==   total heap usage: 132 allocs, 87 frees, 4,136 bytes allocated
==81105== 
==81105== LEAK SUMMARY:
==81105==    definitely lost: 424 bytes in 10 blocks
==81105==    indirectly lost: 568 bytes in 35 blocks
==81105==      possibly lost: 0 bytes in 0 blocks
==81105==    still reachable: 0 bytes in 0 blocks
==81105==         suppressed: 0 bytes in 0 blocks
==81105== Rerun with --leak-check=full to see details of leaked memory
==81105== 
==81105== For lists of detected and suppressed errors, rerun with: -s
==81105== ERROR SUMMARY: 0 errors from 0 contexts (suppressed: 0 from 0)
Running valgrind on ./maps/good/library.cub...

[0;32m[Debug info]üõ†Ô∏è  Map info üîç
[0m[0;32m[Debug info] - Map width:[0m19
[0;32m[Debug info] - Map height:[0m10
[0;34m1[0;34m1[0;34m1[0;34m1[0;34m1[0;34m1[0;34m1[0;34m1[0;34m1[0;34m1[0;34m1[0;34m1[0;34m1[0;34m1[0;34m1[0;34m1[0;34m1[0;34m1[0;34m1
[0m[0;34m1[0;34m0[0;34m0[0;34m1[0;34m0[0;34m0[0;34m1[0;34m0[0;34m0[0;34m1[0;34m0[0;34m0[0;34m1[0;34m0[0;34m0[0;34m1[0;34m0[0;34m0[0;34m1
[0m[0;34m1[0;34m0[0;34m0[0;34m1[0;34m0[0;34m0[0;34m1[0;34m0[0;34m0[0;34m1[0;34m0[0;34m0[0;34m1[0;34m0[0;34m0[0;34m1[0;34m0[0;34m0[0;34m1
[0m[0;34m1[0;34m0[0;34m0[0;34m1[0;34m0[0;34m0[0;34m1[0;34m0[0;34m0[0;34m1[0;34m0[0;34m0[0;34m1[0;34m0[0;34m0[0;34m1[0;34m0[0;34m0[0;34m1
[0m[0;34m1[0;34m0[0;34m0[0;34m1[0;34m0[0;34m0[0;34m1[0;34m0[0;34m0[0;34m0[0;34m0[0;34m0[0;34m1[0;34m0[0;34m0[0;34m1[0;34m0[0;34m0[0;34m1
[0m[0;34m1[0;34m0[0;34m0[0;34m0[0;34m0[0;34m0[0;34m0[0;34m0[0;34m0[0;34mS[0;34m0[0;34m0[0;34m0[0;34m0[0;34m0[0;34m0[0;34m0[0;34m0[0;34m1
[0m[0;34m1[0;34m0[0;34m0[0;34m0[0;34m0[0;34m1[0;34m1[0;34m1[0;34m1[0;34m1[0;34m1[0;34m1[0;34m1[0;34m0[0;34m0[0;34m0[0;34m0[0;34m0[0;34m1
[0m[0;34m1[0;34m1[0;34m1[0;34m1[0;34m0[0;34m0[0;34m0[0;34m0[0;34m0[0;34m0[0;34m0[0;34m0[0;34m0[0;34m0[0;34m0[0;34m1[0;34m1[0;34m1[0;34m1
[0m[0;34m1[0;34m0[0;34m0[0;34m0[0;34m0[0;34m0[0;34m0[0;34m1[0;34m0[0;34m1[0;34m0[0;34m1[0;34m0[0;34m0[0;34m0[0;34m0[0;34m0[0;34m0[0;34m1
[0m[0;34m1[0;34m1[0;34m1[0;34m1[0;34m1[0;34m1[0;34m1[0;34m1[0;34m1[0;34m1[0;34m1[0;34m1[0;34m1[0;34m1[0;34m1[0;34m1[0;34m1[0;34m1[0;34m1
[0m[0;32m[Debug info]üõ†Ô∏è  Starting player position info üîç
[0m[0;32m[Debug info] - Player X:[0m9
[0;32m[Debug info] - Player Y:[0m5
[0;32m[Debug info] - Player Direction:[0mS
[0;32m[Debug info]üõ†Ô∏è  Textures info:  üîç
[0m[0;32m[Debug info] Texture north:[0mtextures/test/north.xpm
[0;32m[Debug info] Texture south:[0mtextures/test/south.xpm
[0;32m[Debug info] Texture west:[0mtextures/test/west.xpm
[0;32m[Debug info] Texture east:[0mtextures/test/east.xpm
[0;32m[Debug info]üõ†Ô∏è  Colors info c:  üîç
[0m[0;34m1[0;34m7[0;34m1
[0m[0;34m1[0;34m5[0;34m4
[0m[0;34m1[0;34m3[0;34m7
[0m[0;32m[Debug info]üõ†Ô∏è  Colors info f:  üîç
[0m[0;34m1[0;34m3[0;34m9
[0m[0;34m9[0;34m9
[0m[0;34m5[0;34m8
[0mExit code: 0
‚ö†Ô∏è No Valgrind alerts, but with leaks[0m  
==81191== Memcheck, a memory error detector
==81191== Copyright (C) 2002-2022, and GNU GPL'd, by Julian Seward et al.
==81191== Using Valgrind-3.22.0 and LibVEX; rerun with -h for copyright info
==81191== Command: ./cub3d ./maps/good/library.cub
==81191== Parent PID: 81096
==81191== 
==81191== 
==81191== HEAP SUMMARY:
==81191==     in use at exit: 1,004 bytes in 45 blocks
==81191==   total heap usage: 132 allocs, 87 frees, 4,189 bytes allocated
==81191== 
==81191== LEAK SUMMARY:
==81191==    definitely lost: 428 bytes in 10 blocks
==81191==    indirectly lost: 576 bytes in 35 blocks
==81191==      possibly lost: 0 bytes in 0 blocks
==81191==    still reachable: 0 bytes in 0 blocks
==81191==         suppressed: 0 bytes in 0 blocks
==81191== Rerun with --leak-check=full to see details of leaked memory
==81191== 
==81191== For lists of detected and suppressed errors, rerun with: -s
==81191== ERROR SUMMARY: 0 errors from 0 contexts (suppressed: 0 from 0)
Running valgrind on ./maps/good/matrix.cub...

[0;32m[Debug info]üõ†Ô∏è  Map info üîç
[0m[0;32m[Debug info] - Map width:[0m21
[0;32m[Debug info] - Map height:[0m21
[0;34m1[0;34m1[0;34m1[0;34m1[0;34m1[0;34m1[0;34m1[0;34m1[0;34m1[0;34m1[0;34m1[0;34m1[0;34m1[0;34m1[0;34m1[0;34m1[0;34m1[0;34m1[0;34m1[0;34m1[0;34m1
[0m[0;34m1[0;34m0[0;34m1[0;34m0[0;34m0[0;34m0[0;34m0[0;34m0[0;34m1[0;34m0[0;34m0[0;34m0[0;34m0[0;34m0[0;34m0[0;34m0[0;34m0[0;34m0[0;34m0[0;34m0[0;34m1
[0m[0;34m1[0;34m0[0;34m1[0;34m0[0;34m1[0;34m0[0;34m1[0;34m0[0;34m1[0;34m0[0;34m1[0;34m1[0;34m1[0;34m1[0;34m1[0;34m1[0;34m1[0;34m0[0;34m0[0;34m0[0;34m1
[0m[0;34m1[0;34m0[0;34m0[0;34m0[0;34m1[0;34m0[0;34m1[0;34m0[0;34m0[0;34m0[0;34m1[0;34m0[0;34m0[0;34m0[0;34m0[0;34m0[0;34m1[0;34m0[0;34m0[0;34m0[0;34m1
[0m[0;34m1[0;34m1[0;34m1[0;34m1[0;34m1[0;34m0[0;34m1[0;34m0[0;34m1[0;34m1[0;34m1[0;34m1[0;34m1[0;34m0[0;34m1[0;34m0[0;34m1[0;34m1[0;34m1[0;34m0[0;34m1
[0m[0;34m1[0;34m0[0;34m0[0;34m0[0;34m0[0;34m0[0;34m1[0;34m0[0;34m1[0;34m0[0;34m0[0;34m0[0;34m1[0;34m0[0;34m1[0;34m0[0;34m0[0;34m0[0;34m0[0;34m0[0;34m1
[0m[0;34m1[0;34m0[0;34m1[0;34m1[0;34m1[0;34m1[0;34m1[0;34m0[0;34m1[0;34m0[0;34m1[0;34m1[0;34m1[0;34m0[0;34m1[0;34m1[0;34m1[0;34m1[0;34m1[0;34m1[0;34m1
[0m[0;34m1[0;34m0[0;34m1[0;34m0[0;34m0[0;34m0[0;34m0[0;34m0[0;34m1[0;34m0[0;34m1[0;34m0[0;34m1[0;34m0[0;34m0[0;34m0[0;34m0[0;34m0[0;34m1[0;34m0[0;34m1
[0m[0;34m1[0;34m0[0;34m1[0;34m0[0;34m1[0;34m1[0;34m1[0;34m1[0;34m1[0;34m0[0;34m1[0;34m0[0;34m1[0;34m1[0;34m1[0;34m1[0;34m1[0;34m0[0;34m1[0;34m0[0;34m1
[0m[0;34m1[0;34m0[0;34m1[0;34m0[0;34m1[0;34m0[0;34m0[0;34m0[0;34m1[0;34m0[0;34m1[0;34m0[0;34m1[0;34m0[0;34m0[0;34m0[0;34m1[0;34m0[0;34m1[0;34m0[0;34m1
[0m[0;34m1[0;34m0[0;34m1[0;34m1[0;34m1[0;34m0[0;34m1[0;34m0[0;34m1[0;34m0[0;34m1[0;34m0[0;34m1[0;34m0[0;34m1[0;34m0[0;34m1[0;34m0[0;34m1[0;34m0[0;34m1
[0m[0;34m1[0;34m0[0;34m0[0;34m0[0;34m0[0;34m0[0;34m1[0;34m0[0;34m1[0;34m0[0;34m1[0;34m0[0;34m0[0;34m0[0;34m1[0;34m0[0;34m1[0;34m0[0;34m0[0;34m0[0;34m1
[0m[0;34m1[0;34m1[0;34m1[0;34m1[0;34m1[0;34m1[0;34m1[0;34m0[0;34m1[0;34m0[0;34m1[0;34m1[0;34m1[0;34m1[0;34m1[0;34m0[0;34m1[0;34m1[0;34m1[0;34m0[0;34m1
[0m[0;34m1[0;34m0[0;34m0[0;34m0[0;34m0[0;34m0[0;34m1[0;34m0[0;34m1[0;34m0[0;34m0[0;34m0[0;34m1[0;34m0[0;34m0[0;34m0[0;34m1[0;34m0[0;34m0[0;34m0[0;34m1
[0m[0;34m1[0;34m0[0;34m1[0;34m1[0;34m1[0;34m0[0;34m1[0;34m0[0;34m1[0;34m1[0;34m1[0;34m0[0;34m1[0;34m0[0;34m1[0;34m1[0;34m1[0;34m0[0;34m1[0;34m1[0;34m1
[0m[0;34m1[0;34m0[0;34m1[0;34m0[0;34m0[0;34m0[0;34m1[0;34m0[0;34m0[0;34m0[0;34m0[0;34m0[0;34m1[0;34m0[0;34m0[0;34m0[0;34m1[0;34m0[0;34m1[0;34m0[0;34m1
[0m[0;34m1[0;34m0[0;34m1[0;34m0[0;34m1[0;34m1[0;34m1[0;34m1[0;34m1[0;34m1[0;34m1[0;34m1[0;34m1[0;34m1[0;34m1[0;34m0[0;34m1[0;34m0[0;34m1[0;34m0[0;34m1
[0m[0;34m1[0;34m0[0;34m0[0;34m0[0;34m1[0;34m0[0;34m0[0;34m0[0;34m0[0;34m0[0;34m0[0;34m0[0;34m0[0;34m0[0;34m0[0;34m0[0;34m1[0;34m0[0;34m0[0;34m0[0;34m1
[0m[0;34m1[0;34m0[0;34m1[0;34m0[0;34m1[0;34m0[0;34m1[0;34m1[0;34m1[0;34m0[0;34m1[0;34m1[0;34m1[0;34m1[0;34m1[0;34m1[0;34m1[0;34m1[0;34m1[0;34m0[0;34m1
[0m[0;34m1[0;34mN[0;34m1[0;34m0[0;34m0[0;34m0[0;34m0[0;34m0[0;34m1[0;34m0[0;34m0[0;34m0[0;34m0[0;34m0[0;34m0[0;34m0[0;34m0[0;34m0[0;34m0[0;34m0[0;34m1
[0m[0;34m1[0;34m1[0;34m1[0;34m1[0;34m1[0;34m1[0;34m1[0;34m1[0;34m1[0;34m1[0;34m1[0;34m1[0;34m1[0;34m1[0;34m1[0;34m1[0;34m1[0;34m1[0;34m1[0;34m1[0;34m1
[0m[0;32m[Debug info]üõ†Ô∏è  Starting player position info üîç
[0m[0;32m[Debug info] - Player X:[0m1
[0;32m[Debug info] - Player Y:[0m19
[0;32m[Debug info] - Player Direction:[0mN
[0;32m[Debug info]üõ†Ô∏è  Textures info:  üîç
[0m[0;32m[Debug info] Texture north:[0mtextures/test/north.xpm
[0;32m[Debug info] Texture south:[0mtextures/test/south.xpm
[0;32m[Debug info] Texture west:[0mtextures/test/west.xpm
[0;32m[Debug info] Texture east:[0mtextures/test/east.xpm
[0;32m[Debug info]üõ†Ô∏è  Colors info c:  üîç
[0m[0;34m0
[0m[0;34m0
[0m[0;34m0
[0m[0;32m[Debug info]üõ†Ô∏è  Colors info f:  üîç
[0m[0;34m0
[0m[0;34m0
[0m[0;34m0
[0mExit code: 0
‚ö†Ô∏è No Valgrind alerts, but with leaks[0m  
==81293== Memcheck, a memory error detector
==81293== Copyright (C) 2002-2022, and GNU GPL'd, by Julian Seward et al.
==81293== Using Valgrind-3.22.0 and LibVEX; rerun with -h for copyright info
==81293== Command: ./cub3d ./maps/good/matrix.cub
==81293== Parent PID: 81096
==81293== 
==81293== 
==81293== HEAP SUMMARY:
==81293==     in use at exit: 1,685 bytes in 67 blocks
==81293==   total heap usage: 209 allocs, 142 frees, 8,044 bytes allocated
==81293== 
==81293== LEAK SUMMARY:
==81293==    definitely lost: 594 bytes in 10 blocks
==81293==    indirectly lost: 1,091 bytes in 57 blocks
==81293==      possibly lost: 0 bytes in 0 blocks
==81293==    still reachable: 0 bytes in 0 blocks
==81293==         suppressed: 0 bytes in 0 blocks
==81293== Rerun with --leak-check=full to see details of leaked memory
==81293== 
==81293== For lists of detected and suppressed errors, rerun with: -s
==81293== ERROR SUMMARY: 0 errors from 0 contexts (suppressed: 0 from 0)
Running valgrind on ./maps/good/sad_face.cub...

[0;32m[Debug info]üõ†Ô∏è  Map info üîç
[0m[0;32m[Debug info] - Map width:[0m15
[0;32m[Debug info] - Map height:[0m13
[0;34m1[0;34m1[0;34m1[0;34m1[0;34m1[0;34m1[0;34m1[0;34m1[0;34m1[0;34m1[0;34m1[0;34m1[0;34m1[0;34m1[0;34m1
[0m[0;34m1[0;34m1[0;34m1[0;34m1[0;34m1[0;34m1[0;34m0[0;34m0[0;34m0[0;34m1[0;34m1[0;34m1[0;34m1[0;34m1[0;34m1
[0m[0;34m1[0;34m1[0;34m1[0;34m1[0;34m1[0;34m0[0;34m0[0;34m0[0;34m0[0;34m0[0;34m1[0;34m1[0;34m1[0;34m1[0;34m1
[0m[0;34m1[0;34m1[0;34m1[0;34m1[0;34m0[0;34m0[0;34m0[0;34mN[0;34m0[0;34m0[0;34m0[0;34m1[0;34m1[0;34m1[0;34m1
[0m[0;34m1[0;34m1[0;34m1[0;34m0[0;34m0[0;34m0[0;34m0[0;34m0[0;34m0[0;34m0[0;34m0[0;34m0[0;34m1[0;34m1[0;34m1
[0m[0;34m1[0;34m1[0;34m0[0;34m0[0;34m0[0;34m0[0;34m0[0;34m0[0;34m0[0;34m0[0;34m0[0;34m0[0;34m0[0;34m1[0;34m1
[0m[0;34m1[0;34m0[0;34m0[0;34m0[0;34m0[0;34m1[0;34m1[0;34m1[0;34m1[0;34m1[0;34m0[0;34m0[0;34m0[0;34m0[0;34m1
[0m[0;34m1[0;34m1[0;34m0[0;34m0[0;34m0[0;34m0[0;34m1[0;34m1[0;34m1[0;34m0[0;34m0[0;34m0[0;34m0[0;34m1[0;34m1
[0m[0;34m1[0;34m1[0;34m1[0;34m0[0;34m0[0;34m0[0;34m0[0;34m1[0;34m0[0;34m0[0;34m0[0;34m0[0;34m1[0;34m1[0;34m1
[0m[0;34m1[0;34m1[0;34m1[0;34m1[0;34m0[0;34m0[0;34m0[0;34m0[0;34m0[0;34m0[0;34m0[0;34m1[0;34m1[0;34m1[0;34m1
[0m[0;34m1[0;34m1[0;34m1[0;34m1[0;34m1[0;34m0[0;34m0[0;34m0[0;34m0[0;34m0[0;34m1[0;34m1[0;34m1[0;34m1[0;34m1
[0m[0;34m1[0;34m1[0;34m1[0;34m1[0;34m1[0;34m1[0;34m0[0;34m0[0;34m0[0;34m1[0;34m1[0;34m1[0;34m1[0;34m1[0;34m1
[0m[0;34m1[0;34m1[0;34m1[0;34m1[0;34m1[0;34m1[0;34m1[0;34m1[0;34m1[0;34m1[0;34m1[0;34m1[0;34m1[0;34m1[0;34m1
[0m[0;32m[Debug info]üõ†Ô∏è  Starting player position info üîç
[0m[0;32m[Debug info] - Player X:[0m7
[0;32m[Debug info] - Player Y:[0m3
[0;32m[Debug info] - Player Direction:[0mN
[0;32m[Debug info]üõ†Ô∏è  Textures info:  üîç
[0m[0;32m[Debug info] Texture north:[0mtextures/test/north.xpm
[0;32m[Debug info] Texture south:[0mtextures/test/south.xpm
[0;32m[Debug info] Texture west:[0mtextures/test/west.xpm
[0;32m[Debug info] Texture east:[0mtextures/test/east.xpm
[0;32m[Debug info]üõ†Ô∏è  Colors info c:  üîç
[0m[0;34m5[0;34m3
[0m[0;34m4[0;34m1
[0m[0;34m3[0;34m4
[0m[0;32m[Debug info]üõ†Ô∏è  Colors info f:  üîç
[0m[0;34m4[0;34m5
[0m[0;34m3[0;34m3
[0m[0;34m2[0;34m7
[0mExit code: 0
‚ö†Ô∏è No Valgrind alerts, but with leaks[0m  
==81348== Memcheck, a memory error detector
==81348== Copyright (C) 2002-2022, and GNU GPL'd, by Julian Seward et al.
==81348== Using Valgrind-3.22.0 and LibVEX; rerun with -h for copyright info
==81348== Command: ./cub3d ./maps/good/sad_face.cub
==81348== Parent PID: 81096
==81348== 
==81348== 
==81348== HEAP SUMMARY:
==81348==     in use at exit: 1,059 bytes in 51 blocks
==81348==   total heap usage: 151 allocs, 100 frees, 4,876 bytes allocated
==81348== 
==81348== LEAK SUMMARY:
==81348==    definitely lost: 472 bytes in 10 blocks
==81348==    indirectly lost: 587 bytes in 41 blocks
==81348==      possibly lost: 0 bytes in 0 blocks
==81348==    still reachable: 0 bytes in 0 blocks
==81348==         suppressed: 0 bytes in 0 blocks
==81348== Rerun with --leak-check=full to see details of leaked memory
==81348== 
==81348== For lists of detected and suppressed errors, rerun with: -s
==81348== ERROR SUMMARY: 0 errors from 0 contexts (suppressed: 0 from 0)
Running valgrind on ./maps/good/square_map.cub...

[0;32m[Debug info]üõ†Ô∏è  Map info üîç
[0m[0;32m[Debug info] - Map width:[0m24
[0;32m[Debug info] - Map height:[0m27
[0;34m1[0;34m1[0;34m1[0;34m1[0;34m1[0;34m1[0;34m1[0;34m1[0;34m1[0;34m1[0;34m1[0;34m1[0;34m1[0;34m1[0;34m1[0;34m1[0;34m1[0;34m1[0;34m1[0;34m1[0;34m1[0;34m1[0;34m1[0;34m1
[0m[0;34m1[0;34m0[0;34m0[0;34m0[0;34m0[0;34m0[0;34m0[0;34m0[0;34m0[0;34m0[0;34m0[0;34m0[0;34m0[0;34m0[0;34m0[0;34m0[0;34m0[0;34m0[0;34m0[0;34m0[0;34m0[0;34m0[0;34m0[0;34m1
[0m[0;34m1[0;34m0[0;34m0[0;34m0[0;34m0[0;34m0[0;34m0[0;34m0[0;34m0[0;34m0[0;34m0[0;34m0[0;34m0[0;34m0[0;34m0[0;34m0[0;34m0[0;34m0[0;34m0[0;34m0[0;34m0[0;34m0[0;34m0[0;34m1
[0m[0;34m1[0;34m0[0;34m0[0;34m0[0;34m0[0;34m0[0;34m0[0;34m0[0;34m0[0;34mN[0;34m0[0;34m0[0;34m0[0;34m0[0;34m0[0;34m0[0;34m0[0;34m0[0;34m0[0;34m0[0;34m0[0;34m0[0;34m0[0;34m1
[0m[0;34m1[0;34m0[0;34m0[0;34m0[0;34m0[0;34m0[0;34m0[0;34m0[0;34m0[0;34m0[0;34m0[0;34m0[0;34m0[0;34m0[0;34m0[0;34m0[0;34m0[0;34m0[0;34m0[0;34m0[0;34m0[0;34m0[0;34m0[0;34m1
[0m[0;34m1[0;34m0[0;34m0[0;34m0[0;34m0[0;34m0[0;34m0[0;34m0[0;34m0[0;34m0[0;34m0[0;34m0[0;34m0[0;34m0[0;34m0[0;34m0[0;34m0[0;34m0[0;34m0[0;34m0[0;34m0[0;34m0[0;34m0[0;34m1
[0m[0;34m1[0;34m0[0;34m0[0;34m0[0;34m0[0;34m0[0;34m0[0;34m0[0;34m0[0;34m0[0;34m0[0;34m0[0;34m0[0;34m0[0;34m0[0;34m0[0;34m0[0;34m0[0;34m0[0;34m0[0;34m0[0;34m0[0;34m0[0;34m1
[0m[0;34m1[0;34m0[0;34m0[0;34m0[0;34m0[0;34m0[0;34m1[0;34m1[0;34m1[0;34m1[0;34m1[0;34m0[0;34m0[0;34m0[0;34m0[0;34m1[0;34m0[0;34m1[0;34m0[0;34m1[0;34m0[0;34m0[0;34m0[0;34m1
[0m[0;34m1[0;34m0[0;34m0[0;34m0[0;34m0[0;34m0[0;34m1[0;34m0[0;34m0[0;34m0[0;34m1[0;34m0[0;34m0[0;34m0[0;34m0[0;34m0[0;34m0[0;34m0[0;34m0[0;34m0[0;34m0[0;34m0[0;34m0[0;34m1
[0m[0;34m1[0;34m0[0;34m0[0;34m0[0;34m0[0;34m0[0;34m1[0;34m0[0;34m0[0;34m0[0;34m1[0;34m0[0;34m0[0;34m0[0;34m0[0;34m1[0;34m0[0;34m0[0;34m0[0;34m1[0;34m0[0;34m0[0;34m0[0;34m1
[0m[0;34m1[0;34m0[0;34m0[0;34m0[0;34m0[0;34m0[0;34m1[0;34m0[0;34m0[0;34m0[0;34m1[0;34m0[0;34m0[0;34m0[0;34m0[0;34m0[0;34m0[0;34m0[0;34m0[0;34m0[0;34m0[0;34m0[0;34m0[0;34m1
[0m[0;34m1[0;34m0[0;34m0[0;34m0[0;34m0[0;34m0[0;34m1[0;34m1[0;34m1[0;34m1[0;34m0[0;34m0[0;34m0[0;34m0[0;34m1[0;34m0[0;34m1[0;34m0[0;34m1[0;34m0[0;34m0[0;34m0[0;34m0[0;34m1
[0m[0;34m1[0;34m0[0;34m0[0;34m0[0;34m0[0;34m0[0;34m0[0;34m0[0;34m0[0;34m0[0;34m0[0;34m0[0;34m0[0;34m0[0;34m0[0;34m0[0;34m0[0;34m0[0;34m0[0;34m0[0;34m0[0;34m0[0;34m0[0;34m1
[0m[0;34m1[0;34m0[0;34m0[0;34m0[0;34m0[0;34m0[0;34m0[0;34m0[0;34m0[0;34m0[0;34m0[0;34m0[0;34m0[0;34m0[0;34m0[0;34m0[0;34m0[0;34m0[0;34m0[0;34m0[0;34m0[0;34m0[0;34m0[0;34m1
[0m[0;34m1[0;34m0[0;34m0[0;34m0[0;34m0[0;34m0[0;34m0[0;34m0[0;34m0[0;34m0[0;34m0[0;34m0[0;34m0[0;34m0[0;34m0[0;34m0[0;34m0[0;34m0[0;34m0[0;34m0[0;34m0[0;34m0[0;34m0[0;34m1
[0m[0;34m1[0;34m0[0;34m0[0;34m0[0;34m0[0;34m0[0;34m0[0;34m0[0;34m0[0;34m0[0;34m0[0;34m0[0;34m0[0;34m0[0;34m0[0;34m0[0;34m0[0;34m0[0;34m0[0;34m0[0;34m0[0;34m0[0;34m0[0;34m1
[0m[0;34m1[0;34m0[0;34m0[0;34m0[0;34m0[0;34m0[0;34m0[0;34m0[0;34m0[0;34m0[0;34m0[0;34m0[0;34m0[0;34m0[0;34m0[0;34m0[0;34m0[0;34m0[0;34m0[0;34m0[0;34m0[0;34m0[0;34m0[0;34m1
[0m[0;34m1[0;34m0[0;34m0[0;34m0[0;34m0[0;34m0[0;34m0[0;34m0[0;34m0[0;34m0[0;34m0[0;34m0[0;34m0[0;34m0[0;34m0[0;34m0[0;34m0[0;34m0[0;34m0[0;34m0[0;34m0[0;34m0[0;34m0[0;34m1
[0m[0;34m1[0;34m0[0;34m0[0;34m0[0;34m0[0;34m0[0;34m0[0;34m0[0;34m0[0;34m0[0;34m0[0;34m0[0;34m0[0;34m0[0;34m0[0;34m0[0;34m0[0;34m0[0;34m0[0;34m0[0;34m0[0;34m0[0;34m0[0;34m1
[0m[0;34m1[0;34m1[0;34m1[0;34m1[0;34m1[0;34m1[0;34m1[0;34m1[0;34m1[0;34m0[0;34m0[0;34m0[0;34m0[0;34m0[0;34m0[0;34m0[0;34m0[0;34m0[0;34m0[0;34m0[0;34m0[0;34m0[0;34m0[0;34m1
[0m[0;34m1[0;34m0[0;34m0[0;34m1[0;34m0[0;34m0[0;34m0[0;34m0[0;34m1[0;34m0[0;34m0[0;34m0[0;34m0[0;34m0[0;34m0[0;34m0[0;34m0[0;34m0[0;34m0[0;34m0[0;34m0[0;34m0[0;34m0[0;34m1
[0m[0;34m1[0;34m0[0;34m0[0;34m0[0;34m0[0;34m0[0;34m1[0;34m0[0;34m1[0;34m0[0;34m0[0;34m0[0;34m0[0;34m0[0;34m0[0;34m0[0;34m0[0;34m0[0;34m0[0;34m0[0;34m0[0;34m0[0;34m0[0;34m1
[0m[0;34m1[0;34m0[0;34m0[0;34m1[0;34m0[0;34m0[0;34m0[0;34m0[0;34m1[0;34m0[0;34m0[0;34m0[0;34m0[0;34m0[0;34m0[0;34m0[0;34m0[0;34m0[0;34m0[0;34m0[0;34m0[0;34m0[0;34m0[0;34m1
[0m[0;34m1[0;34m0[0;34m0[0;34m1[0;34m1[0;34m1[0;34m1[0;34m1[0;34m1[0;34m0[0;34m0[0;34m0[0;34m0[0;34m0[0;34m0[0;34m0[0;34m0[0;34m0[0;34m0[0;34m0[0;34m0[0;34m0[0;34m0[0;34m1
[0m[0;34m1[0;34m0[0;34m0[0;34m0[0;34m0[0;34m0[0;34m0[0;34m0[0;34m0[0;34m0[0;34m0[0;34m0[0;34m0[0;34m0[0;34m0[0;34m0[0;34m0[0;34m0[0;34m0[0;34m0[0;34m0[0;34m0[0;34m0[0;34m1
[0m[0;34m1[0;34m0[0;34m0[0;34m0[0;34m0[0;34m0[0;34m0[0;34m0[0;34m0[0;34m0[0;34m0[0;34m0[0;34m0[0;34m0[0;34m0[0;34m0[0;34m0[0;34m0[0;34m0[0;34m0[0;34m0[0;34m0[0;34m0[0;34m1
[0m[0;34m1[0;34m1[0;34m1[0;34m1[0;34m1[0;34m1[0;34m1[0;34m1[0;34m1[0;34m1[0;34m1[0;34m1[0;34m1[0;34m1[0;34m1[0;34m1[0;34m1[0;34m1[0;34m1[0;34m1[0;34m1[0;34m1[0;34m1[0;34m1
[0m[0;32m[Debug info]üõ†Ô∏è  Starting player position info üîç
[0m[0;32m[Debug info] - Player X:[0m9
[0;32m[Debug info] - Player Y:[0m3
[0;32m[Debug info] - Player Direction:[0mN
[0;32m[Debug info]üõ†Ô∏è  Textures info:  üîç
[0m[0;32m[Debug info] Texture north:[0mtextures/test/north.xpm
[0;32m[Debug info] Texture south:[0mtextures/test/south.xpm
[0;32m[Debug info] Texture west:[0mtextures/test/west.xpm
[0;32m[Debug info] Texture east:[0mtextures/test/east.xpm
[0;32m[Debug info]üõ†Ô∏è  Colors info c:  üîç
[0m[0;34m2[0;34m3[0;34m5
[0m[0;34m1[0;34m9[0;34m8
[0m[0;34m5[0;34m2
[0m[0;32m[Debug info]üõ†Ô∏è  Colors info f:  üîç
[0m[0;34m6[0;34m9
[0m[0;34m2[0;34m2[0;34m2
[0m[0;34m1[0;34m9[0;34m9
[0mExit code: 0
‚ö†Ô∏è No Valgrind alerts, but with leaks[0m  
==81351== Memcheck, a memory error detector
==81351== Copyright (C) 2002-2022, and GNU GPL'd, by Julian Seward et al.
==81351== Using Valgrind-3.22.0 and LibVEX; rerun with -h for copyright info
==81351== Command: ./cub3d ./maps/good/square_map.cub
==81351== Parent PID: 81096
==81351== 
==81351== 
==81351== HEAP SUMMARY:
==81351==     in use at exit: 2,338 bytes in 84 blocks
==81351==   total heap usage: 276 allocs, 192 frees, 12,912 bytes allocated
==81351== 
==81351== LEAK SUMMARY:
==81351==    definitely lost: 744 bytes in 10 blocks
==81351==    indirectly lost: 1,594 bytes in 74 blocks
==81351==      possibly lost: 0 bytes in 0 blocks
==81351==    still reachable: 0 bytes in 0 blocks
==81351==         suppressed: 0 bytes in 0 blocks
==81351== Rerun with --leak-check=full to see details of leaked memory
==81351== 
==81351== For lists of detected and suppressed errors, rerun with: -s
==81351== ERROR SUMMARY: 0 errors from 0 contexts (suppressed: 0 from 0)
Running valgrind on ./maps/good/subject_map.cub...

[0;32m[Debug info]üõ†Ô∏è  Map info üîç
[0m[0;32m[Debug info] - Map width:[0m33
[0;32m[Debug info] - Map height:[0m14
[0;34m1[0;34m1[0;34m1[0;34m1[0;34m1[0;34m1[0;34m1[0;34m1[0;34m1[0;34m1[0;34m1[0;34m1[0;34m1[0;34m1[0;34m1[0;34m1[0;34m1[0;34m1[0;34m1[0;34m1[0;34m1[0;34m1[0;34m1[0;34m1[0;34m1[0;34m1[0;34m1[0;34m1[0;34m1[0;34m1[0;34m1[0;34m1[0;34m1
[0m[0;34m1[0;34m1[0;34m1[0;34m1[0;34m1[0;34m1[0;34m1[0;34m1[0;34m1[0;34m0[0;34m0[0;34m0[0;34m0[0;34m0[0;34m0[0;34m0[0;34m0[0;34m0[0;34m1[0;34m1[0;34m0[0;34m0[0;34m0[0;34m0[0;34m0[0;34m0[0;34m0[0;34m0[0;34m0[0;34m0[0;34m0[0;34m0[0;34m1
[0m[0;34m1[0;34m1[0;34m1[0;34m1[0;34m1[0;34m1[0;34m1[0;34m1[0;34m1[0;34m0[0;34m1[0;34m1[0;34m0[0;34m0[0;34m0[0;34m0[0;34m0[0;34m1[0;34m1[0;34m1[0;34m0[0;34m0[0;34m0[0;34m0[0;34m0[0;34m0[0;34m0[0;34m0[0;34m0[0;34m0[0;34m0[0;34m0[0;34m1
[0m[0;34m1[0;34m1[0;34m1[0;34m1[0;34m1[0;34m1[0;34m1[0;34m1[0;34m1[0;34m0[0;34m0[0;34m1[0;34m0[0;34m0[0;34m0[0;34m0[0;34m0[0;34m0[0;34m0[0;34m0[0;34m0[0;34m0[0;34m0[0;34m0[0;34m0[0;34m0[0;34m0[0;34m0[0;34m0[0;34m0[0;34m0[0;34m0[0;34m1
[0m[0;34m1[0;34m1[0;34m1[0;34m1[0;34m1[0;34m1[0;34m1[0;34m1[0;34m1[0;34m0[0;34m1[0;34m1[0;34m0[0;34m0[0;34m0[0;34m0[0;34m0[0;34m1[0;34m1[0;34m1[0;34m0[0;34m0[0;34m0[0;34m0[0;34m0[0;34m0[0;34m0[0;34m0[0;34m0[0;34m0[0;34m0[0;34m0[0;34m1
[0m[0;34m1[0;34m0[0;34m0[0;34m0[0;34m0[0;34m0[0;34m0[0;34m0[0;34m0[0;34m0[0;34m1[0;34m1[0;34m0[0;34m0[0;34m0[0;34m0[0;34m0[0;34m1[0;34m1[0;34m1[0;34m0[0;34m1[0;34m1[0;34m1[0;34m1[0;34m1[0;34m1[0;34m1[0;34m1[0;34m1[0;34m1[0;34m1[0;34m1
[0m[0;34m1[0;34m1[0;34m1[0;34m1[0;34m0[0;34m1[0;34m1[0;34m1[0;34m1[0;34m1[0;34m1[0;34m1[0;34m1[0;34m1[0;34m0[0;34m1[0;34m1[0;34m1[0;34m0[0;34m0[0;34m0[0;34m0[0;34m0[0;34m0[0;34m1[0;34m0[0;34m0[0;34m0[0;34m1[0;34m1[0;34m1[0;34m1[0;34m1
[0m[0;34m1[0;34m1[0;34m1[0;34m1[0;34m0[0;34m1[0;34m1[0;34m1[0;34m1[0;34m1[0;34m1[0;34m1[0;34m1[0;34m1[0;34m0[0;34m1[0;34m1[0;34m1[0;34m0[0;34m1[0;34m0[0;34m1[0;34m0[0;34m0[0;34m1[0;34m0[0;34m0[0;34m0[0;34m1[0;34m1[0;34m1[0;34m1[0;34m1
[0m[0;34m1[0;34m1[0;34m0[0;34m0[0;34m0[0;34m0[0;34m0[0;34m0[0;34m1[0;34m1[0;34m0[0;34m1[0;34m0[0;34m1[0;34m0[0;34m1[0;34m1[0;34m1[0;34m0[0;34m0[0;34m0[0;34m0[0;34m0[0;34m0[0;34m1[0;34m0[0;34m0[0;34m0[0;34m1[0;34m1[0;34m1[0;34m1[0;34m1
[0m[0;34m1[0;34m0[0;34m0[0;34m0[0;34m0[0;34m0[0;34m0[0;34m0[0;34m0[0;34m0[0;34m0[0;34m0[0;34m0[0;34m0[0;34m0[0;34m0[0;34m1[0;34m1[0;34m0[0;34m0[0;34m0[0;34m0[0;34m0[0;34m0[0;34m1[0;34m0[0;34m0[0;34m0[0;34m1[0;34m1[0;34m1[0;34m1[0;34m1
[0m[0;34m1[0;34m0[0;34m0[0;34m0[0;34m0[0;34m0[0;34m0[0;34m0[0;34m0[0;34m0[0;34m0[0;34m0[0;34m0[0;34m0[0;34m0[0;34m0[0;34m1[0;34m1[0;34m0[0;34m1[0;34m0[0;34m1[0;34m0[0;34m0[0;34m1[0;34m0[0;34m0[0;34m0[0;34m1[0;34m1[0;34m1[0;34m1[0;34m1
[0m[0;34m1[0;34m1[0;34m0[0;34m0[0;34m0[0;34m0[0;34m0[0;34m1[0;34m1[0;34m1[0;34m0[0;34m1[0;34m0[0;34m1[0;34m0[0;34m1[0;34m1[0;34m1[0;34m1[0;34m1[0;34m0[0;34m1[0;34m1[0;34m1[0;34m1[0;34m0[0;34mN[0;34m0[0;34m1[0;34m1[0;34m1[0;34m1[0;34m1
[0m[0;34m1[0;34m1[0;34m1[0;34m1[0;34m0[0;34m1[0;34m1[0;34m1[0;34m1[0;34m1[0;34m1[0;34m1[0;34m0[0;34m1[0;34m0[0;34m1[0;34m1[0;34m1[0;34m0[0;34m1[0;34m1[0;34m1[0;34m1[0;34m0[0;34m1[0;34m0[0;34m0[0;34m0[0;34m1[0;34m1[0;34m1[0;34m1[0;34m1
[0m[0;34m1[0;34m1[0;34m1[0;34m1[0;34m1[0;34m1[0;34m1[0;34m1[0;34m1[0;34m1[0;34m1[0;34m1[0;34m1[0;34m1[0;34m1[0;34m1[0;34m1[0;34m1[0;34m1[0;34m1[0;34m1[0;34m1[0;34m1[0;34m1[0;34m1[0;34m1[0;34m1[0;34m1[0;34m1[0;34m1[0;34m1[0;34m1[0;34m1
[0m[0;32m[Debug info]üõ†Ô∏è  Starting player position info üîç
[0m[0;32m[Debug info] - Player X:[0m26
[0;32m[Debug info] - Player Y:[0m11
[0;32m[Debug info] - Player Direction:[0mN
[0;32m[Debug info]üõ†Ô∏è  Textures info:  üîç
[0m[0;32m[Debug info] Texture north:[0mtextures/test/north.xpm
[0;32m[Debug info] Texture south:[0mtextures/test/south.xpm
[0;32m[Debug info] Texture west:[0mtextures/test/west.xpm
[0;32m[Debug info] Texture east:[0mtextures/test/east.xpm
[0;32m[Debug info]üõ†Ô∏è  Colors info c:  üîç
[0m[0;34m2[0;34m2[0;34m5
[0m[0;34m3[0;34m0
[0m[0;34m0
[0m[0;32m[Debug info]üõ†Ô∏è  Colors info f:  üîç
[0m[0;34m2[0;34m2[0;34m0
[0m[0;34m1[0;34m0[0;34m0
[0m[0;34m0
[0mExit code: 0
‚ö†Ô∏è No Valgrind alerts, but with leaks[0m  
==81354== Memcheck, a memory error detector
==81354== Copyright (C) 2002-2022, and GNU GPL'd, by Julian Seward et al.
==81354== Using Valgrind-3.22.0 and LibVEX; rerun with -h for copyright info
==81354== Command: ./cub3d ./maps/good/subject_map.cub
==81354== Parent PID: 81096
==81354== 
==81354== 
==81354== HEAP SUMMARY:
==81354==     in use at exit: 1,575 bytes in 52 blocks
==81354==   total heap usage: 163 allocs, 111 frees, 6,032 bytes allocated
==81354== 
==81354== LEAK SUMMARY:
==81354==    definitely lost: 481 bytes in 10 blocks
==81354==    indirectly lost: 1,094 bytes in 42 blocks
==81354==      possibly lost: 0 bytes in 0 blocks
==81354==    still reachable: 0 bytes in 0 blocks
==81354==         suppressed: 0 bytes in 0 blocks
==81354== Rerun with --leak-check=full to see details of leaked memory
==81354== 
==81354== For lists of detected and suppressed errors, rerun with: -s
==81354== ERROR SUMMARY: 0 errors from 0 contexts (suppressed: 0 from 0)
Running valgrind on ./maps/good/test_map.cub...

[0;32m[Debug info]üõ†Ô∏è  Map info üîç
[0m[0;32m[Debug info] - Map width:[0m12
[0;32m[Debug info] - Map height:[0m8
[0;34m1[0;34m1[0;34m1[0;34m1[0;34m1[0;34m1[0;34m1[0;34m1[0;34m1[0;34m1[0;34m1[0;34m1
[0m[0;34m1[0;34m1[0;34m1[0;34m1[0;34m1[0;34m1[0;34m1[0;34m1[0;34m1[0;34m1[0;34m1[0;34m1
[0m[0;34m1[0;34m1[0;34m1[0;34m1[0;34m1[0;34m1[0;34m1[0;34m1[0;34m1[0;34m1[0;34m1[0;34m1
[0m[0;34m1[0;34m1[0;34m1[0;34m1[0;34m1[0;34m1[0;34m1[0;34m1[0;34m1[0;34m1[0;34m1[0;34m1
[0m[0;34m1[0;34m0[0;34mS[0;34m0[0;34m0[0;34m0[0;34m0[0;34m0[0;34m0[0;34m0[0;34m0[0;34m1
[0m[0;34m1[0;34m1[0;34m1[0;34m1[0;34m1[0;34m1[0;34m1[0;34m1[0;34m1[0;34m1[0;34m1[0;34m1
[0m[0;34m1[0;34m1[0;34m1[0;34m1[0;34m1[0;34m1[0;34m1[0;34m1[0;34m1[0;34m1[0;34m1[0;34m1
[0m[0;34m1[0;34m1[0;34m1[0;34m1[0;34m1[0;34m1[0;34m1[0;34m1[0;34m1[0;34m1[0;34m1[0;34m1
[0m[0;32m[Debug info]üõ†Ô∏è  Starting player position info üîç
[0m[0;32m[Debug info] - Player X:[0m2
[0;32m[Debug info] - Player Y:[0m4
[0;32m[Debug info] - Player Direction:[0mS
[0;32m[Debug info]üõ†Ô∏è  Textures info:  üîç
[0m[0;32m[Debug info] Texture north:[0mtextures/test/north.xpm
[0;32m[Debug info] Texture south:[0mtextures/test/south.xpm
[0;32m[Debug info] Texture west:[0mtextures/test/west.xpm
[0;32m[Debug info] Texture east:[0mtextures/test/east.xpm
[0;32m[Debug info]üõ†Ô∏è  Colors info c:  üîç
[0m[0;34m1[0;34m5[0;34m3
[0m[0;34m2[0;34m0[0;34m4
[0m[0;34m2[0;34m5[0;34m5
[0m[0;32m[Debug info]üõ†Ô∏è  Colors info f:  üîç
[0m[0;34m1[0;34m8
[0m[0;34m5[0;34m3
[0m[0;34m2[0;34m5
[0mExit code: 0
‚ö†Ô∏è No Valgrind alerts, but with leaks[0m  
==81357== Memcheck, a memory error detector
==81357== Copyright (C) 2002-2022, and GNU GPL'd, by Julian Seward et al.
==81357== Using Valgrind-3.22.0 and LibVEX; rerun with -h for copyright info
==81357== Command: ./cub3d ./maps/good/test_map.cub
==81357== Parent PID: 81096
==81357== 
==81357== 
==81357== HEAP SUMMARY:
==81357==     in use at exit: 765 bytes in 40 blocks
==81357==   total heap usage: 112 allocs, 72 frees, 3,133 bytes allocated
==81357== 
==81357== LEAK SUMMARY:
==81357==    definitely lost: 387 bytes in 10 blocks
==81357==    indirectly lost: 378 bytes in 30 blocks
==81357==      possibly lost: 0 bytes in 0 blocks
==81357==    still reachable: 0 bytes in 0 blocks
==81357==         suppressed: 0 bytes in 0 blocks
==81357== Rerun with --leak-check=full to see details of leaked memory
==81357== 
==81357== For lists of detected and suppressed errors, rerun with: -s
==81357== ERROR SUMMARY: 0 errors from 0 contexts (suppressed: 0 from 0)
Running valgrind on ./maps/good/test_map_hole.cub...

[0;32m[Debug info]üõ†Ô∏è  Map info üîç
[0m[0;32m[Debug info] - Map width:[0m12
[0;32m[Debug info] - Map height:[0m8
[0;34m1[0;34m1[0;34m1[0;34m1[0;34m1[0;34m1[0;34m1[0;34m1[0;34m1[0;34m1[0;34m1[0;34m1
[0m[0;34m1[0;34m1[0;34m1[0;34m1[0;34m1[0;34m1[0;34m1[0;34m1[0;34m1[0;34m1[0;34m1[0;34m1
[0m[0;34m1[0;34m1[0;34m1[0;34m1[0;34m1[0;34m1[0;34m1[0;34m1[0;34m0[0;34m0[0;34m0[0;34m1
[0m[0;34m1[0;34m0[0;34m0[0;34m0[0;34m0[0;34m0[0;34m0[0;34m1[0;34m0[0;34m0[0;34m1[0;34m1
[0m[0;34m1[0;34m0[0;34mS[0;34m0[0;34m0[0;34m0[0;34m0[0;34m0[0;34m0[0;34m0[0;34m0[0;34m1
[0m[0;34m1[0;34m1[0;34m1[0;34m1[0;34m1[0;34m1[0;34m1[0;34m1[0;34m1[0;34m1[0;34m1[0;34m1
[0m[0;34m1[0;34m1[0;34m1[0;34m1[0;34m1[0;34m1[0;34m1[0;34m1[0;34m1[0;34m1[0;34m1[0;34m1
[0m[0;34m1[0;34m1[0;34m1[0;34m1[0;34m1[0;34m1[0;34m1[0;34m1[0;34m1[0;34m1[0;34m1[0;34m1
[0m[0;32m[Debug info]üõ†Ô∏è  Starting player position info üîç
[0m[0;32m[Debug info] - Player X:[0m2
[0;32m[Debug info] - Player Y:[0m4
[0;32m[Debug info] - Player Direction:[0mS
[0;32m[Debug info]üõ†Ô∏è  Textures info:  üîç
[0m[0;32m[Debug info] Texture north:[0mtextures/test/north.xpm
[0;32m[Debug info] Texture south:[0mtextures/test/south.xpm
[0;32m[Debug info] Texture west:[0mtextures/test/west.xpm
[0;32m[Debug info] Texture east:[0mtextures/test/east.xpm
[0;32m[Debug info]üõ†Ô∏è  Colors info c:  üîç
[0m[0;34m1[0;34m5[0;34m3
[0m[0;34m2[0;34m0[0;34m4
[0m[0;34m2[0;34m5[0;34m5
[0m[0;32m[Debug info]üõ†Ô∏è  Colors info f:  üîç
[0m[0;34m1[0;34m8
[0m[0;34m5[0;34m3
[0m[0;34m2[0;34m5
[0mExit code: 0
‚ö†Ô∏è No Valgrind alerts, but with leaks[0m  
==81360== Memcheck, a memory error detector
==81360== Copyright (C) 2002-2022, and GNU GPL'd, by Julian Seward et al.
==81360== Using Valgrind-3.22.0 and LibVEX; rerun with -h for copyright info
==81360== Command: ./cub3d ./maps/good/test_map_hole.cub
==81360== Parent PID: 81096
==81360== 
==81360== 
==81360== HEAP SUMMARY:
==81360==     in use at exit: 765 bytes in 40 blocks
==81360==   total heap usage: 112 allocs, 72 frees, 3,133 bytes allocated
==81360== 
==81360== LEAK SUMMARY:
==81360==    definitely lost: 387 bytes in 10 blocks
==81360==    indirectly lost: 378 bytes in 30 blocks
==81360==      possibly lost: 0 bytes in 0 blocks
==81360==    still reachable: 0 bytes in 0 blocks
==81360==         suppressed: 0 bytes in 0 blocks
==81360== Rerun with --leak-check=full to see details of leaked memory
==81360== 
==81360== For lists of detected and suppressed errors, rerun with: -s
==81360== ERROR SUMMARY: 0 errors from 0 contexts (suppressed: 0 from 0)
Running valgrind on ./maps/good/test_pos_bottom.cub...

[0;32m[Debug info]üõ†Ô∏è  Map info üîç
[0m[0;32m[Debug info] - Map width:[0m3
[0;32m[Debug info] - Map height:[0m13
[0;34m1[0;34m1[0;34m1
[0m[0;34m1[0;34m0[0;34m1
[0m[0;34m1[0;34m0[0;34m1
[0m[0;34m1[0;34m0[0;34m1
[0m[0;34m1[0;34m0[0;34m1
[0m[0;34m1[0;34m0[0;34m1
[0m[0;34m1[0;34m0[0;34m1
[0m[0;34m1[0;34m0[0;34m1
[0m[0;34m1[0;34m0[0;34m1
[0m[0;34m1[0;34m0[0;34m1
[0m[0;34m1[0;34m0[0;34m1
[0m[0;34m1[0;34mS[0;34m1
[0m[0;34m1[0;34m1[0;34m1
[0m[0;32m[Debug info]üõ†Ô∏è  Starting player position info üîç
[0m[0;32m[Debug info] - Player X:[0m1
[0;32m[Debug info] - Player Y:[0m11
[0;32m[Debug info] - Player Direction:[0mS
[0;32m[Debug info]üõ†Ô∏è  Textures info:  üîç
[0m[0;32m[Debug info] Texture north:[0mtextures/test/north.xpm
[0;32m[Debug info] Texture south:[0mtextures/test/south.xpm
[0;32m[Debug info] Texture west:[0mtextures/test/west.xpm
[0;32m[Debug info] Texture east:[0mtextures/test/east.xpm
[0;32m[Debug info]üõ†Ô∏è  Colors info c:  üîç
[0m[0;34m2[0;34m0[0;34m0
[0m[0;34m2[0;34m0[0;34m0
[0m[0;34m2[0;34m0[0;34m0
[0m[0;32m[Debug info]üõ†Ô∏è  Colors info f:  üîç
[0m[0;34m2[0;34m0
[0m[0;34m2[0;34m0
[0m[0;34m2[0;34m0
[0mExit code: 0
‚ö†Ô∏è No Valgrind alerts, but with leaks[0m  
==81363== Memcheck, a memory error detector
==81363== Copyright (C) 2002-2022, and GNU GPL'd, by Julian Seward et al.
==81363== Using Valgrind-3.22.0 and LibVEX; rerun with -h for copyright info
==81363== Command: ./cub3d ./maps/good/test_pos_bottom.cub
==81363== Parent PID: 81096
==81363== 
==81363== 
==81363== HEAP SUMMARY:
==81363==     in use at exit: 746 bytes in 50 blocks
==81363==   total heap usage: 140 allocs, 90 frees, 3,911 bytes allocated
==81363== 
==81363== LEAK SUMMARY:
==81363==    definitely lost: 467 bytes in 10 blocks
==81363==    indirectly lost: 279 bytes in 40 blocks
==81363==      possibly lost: 0 bytes in 0 blocks
==81363==    still reachable: 0 bytes in 0 blocks
==81363==         suppressed: 0 bytes in 0 blocks
==81363== Rerun with --leak-check=full to see details of leaked memory
==81363== 
==81363== For lists of detected and suppressed errors, rerun with: -s
==81363== ERROR SUMMARY: 0 errors from 0 contexts (suppressed: 0 from 0)
Running valgrind on ./maps/good/test_pos_left.cub...

[0;32m[Debug info]üõ†Ô∏è  Map info üîç
[0m[0;32m[Debug info] - Map width:[0m21
[0;32m[Debug info] - Map height:[0m3
[0;34m1[0;34m1[0;34m1[0;34m1[0;34m1[0;34m1[0;34m1[0;34m1[0;34m1[0;34m1[0;34m1[0;34m1[0;34m1[0;34m1[0;34m1[0;34m1[0;34m1[0;34m1[0;34m1[0;34m1[0;34m1
[0m[0;34m1[0;34mW[0;34m0[0;34m0[0;34m0[0;34m0[0;34m0[0;34m0[0;34m0[0;34m0[0;34m0[0;34m0[0;34m0[0;34m0[0;34m0[0;34m0[0;34m0[0;34m0[0;34m0[0;34m0[0;34m1
[0m[0;34m1[0;34m1[0;34m1[0;34m1[0;34m1[0;34m1[0;34m1[0;34m1[0;34m1[0;34m1[0;34m1[0;34m1[0;34m1[0;34m1[0;34m1[0;34m1[0;34m1[0;34m1[0;34m1[0;34m1[0;34m1
[0m[0;32m[Debug info]üõ†Ô∏è  Starting player position info üîç
[0m[0;32m[Debug info] - Player X:[0m1
[0;32m[Debug info] - Player Y:[0m1
[0;32m[Debug info] - Player Direction:[0mW
[0;32m[Debug info]üõ†Ô∏è  Textures info:  üîç
[0m[0;32m[Debug info] Texture north:[0mtextures/test/north.xpm
[0;32m[Debug info] Texture south:[0mtextures/test/south.xpm
[0;32m[Debug info] Texture west:[0mtextures/test/west.xpm
[0;32m[Debug info] Texture east:[0mtextures/test/east.xpm
[0;32m[Debug info]üõ†Ô∏è  Colors info c:  üîç
[0m[0;34m2[0;34m0[0;34m0
[0m[0;34m2[0;34m0[0;34m0
[0m[0;34m2[0;34m0[0;34m0
[0m[0;32m[Debug info]üõ†Ô∏è  Colors info f:  üîç
[0m[0;34m2[0;34m0
[0m[0;34m2[0;34m0
[0m[0;34m2[0;34m0
[0mExit code: 0
‚ö†Ô∏è No Valgrind alerts, but with leaks[0m  
==81449== Memcheck, a memory error detector
==81449== Copyright (C) 2002-2022, and GNU GPL'd, by Julian Seward et al.
==81449== Using Valgrind-3.22.0 and LibVEX; rerun with -h for copyright info
==81449== Command: ./cub3d ./maps/good/test_pos_left.cub
==81449== Parent PID: 81096
==81449== 
==81449== 
==81449== HEAP SUMMARY:
==81449==     in use at exit: 604 bytes in 30 blocks
==81449==   total heap usage: 81 allocs, 51 frees, 2,141 bytes allocated
==81449== 
==81449== LEAK SUMMARY:
==81449==    definitely lost: 307 bytes in 10 blocks
==81449==    indirectly lost: 297 bytes in 20 blocks
==81449==      possibly lost: 0 bytes in 0 blocks
==81449==    still reachable: 0 bytes in 0 blocks
==81449==         suppressed: 0 bytes in 0 blocks
==81449== Rerun with --leak-check=full to see details of leaked memory
==81449== 
==81449== For lists of detected and suppressed errors, rerun with: -s
==81449== ERROR SUMMARY: 0 errors from 0 contexts (suppressed: 0 from 0)
Running valgrind on ./maps/good/test_pos_right.cub...

[0;32m[Debug info]üõ†Ô∏è  Map info üîç
[0m[0;32m[Debug info] - Map width:[0m21
[0;32m[Debug info] - Map height:[0m3
[0;34m1[0;34m1[0;34m1[0;34m1[0;34m1[0;34m1[0;34m1[0;34m1[0;34m1[0;34m1[0;34m1[0;34m1[0;34m1[0;34m1[0;34m1[0;34m1[0;34m1[0;34m1[0;34m1[0;34m1[0;34m1
[0m[0;34m1[0;34m0[0;34m0[0;34m0[0;34m0[0;34m0[0;34m0[0;34m0[0;34m0[0;34m0[0;34m0[0;34m0[0;34m0[0;34m0[0;34m0[0;34m0[0;34m0[0;34m0[0;34m0[0;34mE[0;34m1
[0m[0;34m1[0;34m1[0;34m1[0;34m1[0;34m1[0;34m1[0;34m1[0;34m1[0;34m1[0;34m1[0;34m1[0;34m1[0;34m1[0;34m1[0;34m1[0;34m1[0;34m1[0;34m1[0;34m1[0;34m1[0;34m1
[0m[0;32m[Debug info]üõ†Ô∏è  Starting player position info üîç
[0m[0;32m[Debug info] - Player X:[0m19
[0;32m[Debug info] - Player Y:[0m1
[0;32m[Debug info] - Player Direction:[0mE
[0;32m[Debug info]üõ†Ô∏è  Textures info:  üîç
[0m[0;32m[Debug info] Texture north:[0mtextures/test/north.xpm
[0;32m[Debug info] Texture south:[0mtextures/test/south.xpm
[0;32m[Debug info] Texture west:[0mtextures/test/west.xpm
[0;32m[Debug info] Texture east:[0mtextures/test/east.xpm
[0;32m[Debug info]üõ†Ô∏è  Colors info c:  üîç
[0m[0;34m2[0;34m0[0;34m0
[0m[0;34m2[0;34m0[0;34m0
[0m[0;34m2[0;34m0[0;34m0
[0m[0;32m[Debug info]üõ†Ô∏è  Colors info f:  üîç
[0m[0;34m2[0;34m0
[0m[0;34m2[0;34m0
[0m[0;34m2[0;34m0
[0mExit code: 0
‚ö†Ô∏è No Valgrind alerts, but with leaks[0m  
==81603== Memcheck, a memory error detector
==81603== Copyright (C) 2002-2022, and GNU GPL'd, by Julian Seward et al.
==81603== Using Valgrind-3.22.0 and LibVEX; rerun with -h for copyright info
==81603== Command: ./cub3d ./maps/good/test_pos_right.cub
==81603== Parent PID: 81096
==81603== 
==81603== 
==81603== HEAP SUMMARY:
==81603==     in use at exit: 604 bytes in 30 blocks
==81603==   total heap usage: 81 allocs, 51 frees, 2,141 bytes allocated
==81603== 
==81603== LEAK SUMMARY:
==81603==    definitely lost: 307 bytes in 10 blocks
==81603==    indirectly lost: 297 bytes in 20 blocks
==81603==      possibly lost: 0 bytes in 0 blocks
==81603==    still reachable: 0 bytes in 0 blocks
==81603==         suppressed: 0 bytes in 0 blocks
==81603== Rerun with --leak-check=full to see details of leaked memory
==81603== 
==81603== For lists of detected and suppressed errors, rerun with: -s
==81603== ERROR SUMMARY: 0 errors from 0 contexts (suppressed: 0 from 0)
Running valgrind on ./maps/good/test_pos_top.cub...

[0;32m[Debug info]üõ†Ô∏è  Map info üîç
[0m[0;32m[Debug info] - Map width:[0m3
[0;32m[Debug info] - Map height:[0m13
[0;34m1[0;34m1[0;34m1
[0m[0;34m1[0;34mN[0;34m1
[0m[0;34m1[0;34m0[0;34m1
[0m[0;34m1[0;34m0[0;34m1
[0m[0;34m1[0;34m0[0;34m1
[0m[0;34m1[0;34m0[0;34m1
[0m[0;34m1[0;34m0[0;34m1
[0m[0;34m1[0;34m0[0;34m1
[0m[0;34m1[0;34m0[0;34m1
[0m[0;34m1[0;34m0[0;34m1
[0m[0;34m1[0;34m0[0;34m1
[0m[0;34m1[0;34m0[0;34m1
[0m[0;34m1[0;34m1[0;34m1
[0m[0;32m[Debug info]üõ†Ô∏è  Starting player position info üîç
[0m[0;32m[Debug info] - Player X:[0m1
[0;32m[Debug info] - Player Y:[0m1
[0;32m[Debug info] - Player Direction:[0mN
[0;32m[Debug info]üõ†Ô∏è  Textures info:  üîç
[0m[0;32m[Debug info] Texture north:[0mtextures/test/north.xpm
[0;32m[Debug info] Texture south:[0mtextures/test/south.xpm
[0;32m[Debug info] Texture west:[0mtextures/test/west.xpm
[0;32m[Debug info] Texture east:[0mtextures/test/east.xpm
[0;32m[Debug info]üõ†Ô∏è  Colors info c:  üîç
[0m[0;34m2[0;34m0[0;34m0
[0m[0;34m2[0;34m0[0;34m0
[0m[0;34m2[0;34m0[0;34m0
[0m[0;32m[Debug info]üõ†Ô∏è  Colors info f:  üîç
[0m[0;34m2[0;34m0
[0m[0;34m2[0;34m0
[0m[0;34m2[0;34m0
[0mExit code: 0
‚ö†Ô∏è No Valgrind alerts, but with leaks[0m  
==81606== Memcheck, a memory error detector
==81606== Copyright (C) 2002-2022, and GNU GPL'd, by Julian Seward et al.
==81606== Using Valgrind-3.22.0 and LibVEX; rerun with -h for copyright info
==81606== Command: ./cub3d ./maps/good/test_pos_top.cub
==81606== Parent PID: 81096
==81606== 
==81606== 
==81606== HEAP SUMMARY:
==81606==     in use at exit: 746 bytes in 50 blocks
==81606==   total heap usage: 140 allocs, 90 frees, 3,911 bytes allocated
==81606== 
==81606== LEAK SUMMARY:
==81606==    definitely lost: 467 bytes in 10 blocks
==81606==    indirectly lost: 279 bytes in 40 blocks
==81606==      possibly lost: 0 bytes in 0 blocks
==81606==    still reachable: 0 bytes in 0 blocks
==81606==         suppressed: 0 bytes in 0 blocks
==81606== Rerun with --leak-check=full to see details of leaked memory
==81606== 
==81606== For lists of detected and suppressed errors, rerun with: -s
==81606== ERROR SUMMARY: 0 errors from 0 contexts (suppressed: 0 from 0)
Running valgrind on ./maps/good/test_textures.cub...

[0;32m[Debug info]üõ†Ô∏è  Map info üîç
[0m[0;32m[Debug info] - Map width:[0m5
[0;32m[Debug info] - Map height:[0m13
[0;34m1[0;34m1[0;34m1[0;34m1[0;34m1
[0m[0;34m1[0;34m0[0;34m0[0;34m0[0;34m1
[0m[0;34m1[0;34m0[0;34mS[0;34m0[0;34m1
[0m[0;34m1[0;34m0[0;34m0[0;34m0[0;34m1
[0m[0;34m1[0;34m0[0;34m0[0;34m0[0;34m1
[0m[0;34m1[0;34m0[0;34m0[0;34m0[0;34m1
[0m[0;34m1[0;34m1[0;34m0[0;34m0[0;34m1
[0m[0;34m1[0;34m0[0;34m0[0;34m0[0;34m1
[0m[0;34m1[0;34m0[0;34m0[0;34m0[0;34m1
[0m[0;34m1[0;34m0[0;34m0[0;34m0[0;34m1
[0m[0;34m1[0;34m0[0;34m0[0;34m0[0;34m1
[0m[0;34m1[0;34m0[0;34m0[0;34m0[0;34m1
[0m[0;34m1[0;34m1[0;34m1[0;34m1[0;34m1
[0m[0;32m[Debug info]üõ†Ô∏è  Starting player position info üîç
[0m[0;32m[Debug info] - Player X:[0m2
[0;32m[Debug info] - Player Y:[0m2
[0;32m[Debug info] - Player Direction:[0mS
[0;32m[Debug info]üõ†Ô∏è  Textures info:  üîç
[0m[0;32m[Debug info] Texture north:[0mtextures/test/north.xpm
[0;32m[Debug info] Texture south:[0mtextures/test/south.xpm
[0;32m[Debug info] Texture west:[0mtextures/test/west.xpm
[0;32m[Debug info] Texture east:[0mtextures/test/east.xpm
[0;32m[Debug info]üõ†Ô∏è  Colors info c:  üîç
[0m[0;34m2[0;34m0[0;34m0
[0m[0;34m2[0;34m0[0;34m0
[0m[0;34m2[0;34m0[0;34m0
[0m[0;32m[Debug info]üõ†Ô∏è  Colors info f:  üîç
[0m[0;34m2[0;34m0
[0m[0;34m2[0;34m0
[0m[0;34m2[0;34m0
[0mExit code: 0
‚ö†Ô∏è No Valgrind alerts, but with leaks[0m  
==81609== Memcheck, a memory error detector
==81609== Copyright (C) 2002-2022, and GNU GPL'd, by Julian Seward et al.
==81609== Using Valgrind-3.22.0 and LibVEX; rerun with -h for copyright info
==81609== Command: ./cub3d ./maps/good/test_textures.cub
==81609== Parent PID: 81096
==81609== 
==81609== 
==81609== HEAP SUMMARY:
==81609==     in use at exit: 798 bytes in 50 blocks
==81609==   total heap usage: 141 allocs, 91 frees, 4,050 bytes allocated
==81609== 
==81609== LEAK SUMMARY:
==81609==    definitely lost: 467 bytes in 10 blocks
==81609==    indirectly lost: 331 bytes in 40 blocks
==81609==      possibly lost: 0 bytes in 0 blocks
==81609==    still reachable: 0 bytes in 0 blocks
==81609==         suppressed: 0 bytes in 0 blocks
==81609== Rerun with --leak-check=full to see details of leaked memory
==81609== 
==81609== For lists of detected and suppressed errors, rerun with: -s
==81609== ERROR SUMMARY: 0 errors from 0 contexts (suppressed: 0 from 0)
Running valgrind on ./maps/good/test_whitespace.cub...

[0;32m[Debug info]üõ†Ô∏è  Map info üîç
[0m[0;32m[Debug info] - Map width:[0m21
[0;32m[Debug info] - Map height:[0m13
[0;34m1[0;34m1[0;34m1[0;34m1[0;34m1[0;34m1[0;34m1[0;34m1[0;34m1[0;34m1[0;34m1[0;34m1[0;34m1[0;34m1[0;34m1[0;34m1[0;34m1[0;34m1[0;34m1[0;34m1[0;34m1
[0m[0;34m1[0;34m0[0;34m0[0;34m0[0;34m1[0;34m1[0;34m1[0;34m1[0;34m1[0;34m1[0;34m1[0;34m1[0;34m1[0;34m1[0;34m1[0;34m1[0;34m1[0;34m1[0;34m1[0;34m1[0;34m1
[0m[0;34m1[0;34m0[0;34mS[0;34m0[0;34m1[0;34m1[0;34m1[0;34m1[0;34m1[0;34m1[0;34m1[0;34m1[0;34m1[0;34m1[0;34m1[0;34m1[0;34m1[0;34m1[0;34m1[0;34m1[0;34m1
[0m[0;34m1[0;34m0[0;34m0[0;34m0[0;34m1[0;34m1[0;34m1[0;34m1[0;34m1[0;34m1[0;34m1[0;34m1[0;34m1[0;34m1[0;34m1[0;34m1[0;34m1[0;34m1[0;34m1[0;34m1[0;34m1
[0m[0;34m1[0;34m0[0;34m0[0;34m0[0;34m1[0;34m1[0;34m1[0;34m1[0;34m1[0;34m1[0;34m1[0;34m1[0;34m1[0;34m1[0;34m1[0;34m1[0;34m1[0;34m1[0;34m1[0;34m1[0;34m1
[0m[0;34m1[0;34m0[0;34m0[0;34m0[0;34m1[0;34m1[0;34m1[0;34m1[0;34m1[0;34m1[0;34m1[0;34m1[0;34m1[0;34m1[0;34m1[0;34m1[0;34m1[0;34m1[0;34m1[0;34m1[0;34m1
[0m[0;34m1[0;34m1[0;34m0[0;34m0[0;34m1[0;34m1[0;34m1[0;34m1[0;34m1[0;34m1[0;34m1[0;34m1[0;34m1[0;34m1[0;34m1[0;34m1[0;34m1[0;34m1[0;34m1[0;34m1[0;34m1
[0m[0;34m1[0;34m0[0;34m0[0;34m0[0;34m1[0;34m1[0;34m1[0;34m1[0;34m1[0;34m1[0;34m1[0;34m1[0;34m1[0;34m1[0;34m1[0;34m1[0;34m1[0;34m1[0;34m1[0;34m1[0;34m1
[0m[0;34m1[0;34m0[0;34m0[0;34m0[0;34m1[0;34m1[0;34m1[0;34m1[0;34m1[0;34m1[0;34m1[0;34m1[0;34m1[0;34m1[0;34m1[0;34m1[0;34m1[0;34m1[0;34m1[0;34m1[0;34m1
[0m[0;34m1[0;34m0[0;34m0[0;34m0[0;34m1[0;34m1[0;34m1[0;34m1[0;34m1[0;34m1[0;34m1[0;34m1[0;34m1[0;34m1[0;34m1[0;34m1[0;34m1[0;34m1[0;34m1[0;34m1[0;34m1
[0m[0;34m1[0;34m0[0;34m0[0;34m0[0;34m1[0;34m1[0;34m1[0;34m1[0;34m1[0;34m1[0;34m1[0;34m1[0;34m1[0;34m1[0;34m1[0;34m1[0;34m1[0;34m1[0;34m1[0;34m1[0;34m1
[0m[0;34m1[0;34m0[0;34m0[0;34m0[0;34m1[0;34m1[0;34m1[0;34m1[0;34m1[0;34m1[0;34m1[0;34m1[0;34m1[0;34m1[0;34m1[0;34m1[0;34m1[0;34m1[0;34m1[0;34m1[0;34m1
[0m[0;34m1[0;34m1[0;34m1[0;34m1[0;34m1[0;34m1[0;34m1[0;34m1[0;34m1[0;34m1[0;34m1[0;34m1[0;34m1[0;34m1[0;34m1[0;34m1[0;34m1[0;34m1[0;34m1[0;34m1[0;34m1
[0m[0;32m[Debug info]üõ†Ô∏è  Starting player position info üîç
[0m[0;32m[Debug info] - Player X:[0m2
[0;32m[Debug info] - Player Y:[0m2
[0;32m[Debug info] - Player Direction:[0mS
[0;32m[Debug info]üõ†Ô∏è  Textures info:  üîç
[0m[0;32m[Debug info] Texture north:[0mtextures/test/north.xpm
[0;32m[Debug info] Texture south:[0mtextures/test/south.xpm
[0;32m[Debug info] Texture west:[0mtextures/test/west.xpm
[0;32m[Debug info] Texture east:[0mtextures/test/east.xpm
[0;32m[Debug info]üõ†Ô∏è  Colors info c:  üîç
[0m[0;34m2[0;34m0[0;34m0
[0m[0;34m2[0;34m0[0;34m0
[0m[0;34m2[0;34m0[0;34m0
[0m[0;32m[Debug info]üõ†Ô∏è  Colors info f:  üîç
[0m[0;34m2[0;34m0
[0m[0;34m2[0;34m0
[0m[0;34m2[0;34m0
[0mExit code: 0
‚ö†Ô∏è No Valgrind alerts, but with leaks[0m  
==81612== Memcheck, a memory error detector
==81612== Copyright (C) 2002-2022, and GNU GPL'd, by Julian Seward et al.
==81612== Using Valgrind-3.22.0 and LibVEX; rerun with -h for copyright info
==81612== Command: ./cub3d ./maps/good/test_whitespace.cub
==81612== Parent PID: 81096
==81612== 
==81612== 
==81612== HEAP SUMMARY:
==81612==     in use at exit: 1,566 bytes in 89 blocks
==81612==   total heap usage: 305 allocs, 216 frees, 19,323 bytes allocated
==81612== 
==81612== LEAK SUMMARY:
==81612==    definitely lost: 813 bytes in 10 blocks
==81612==    indirectly lost: 753 bytes in 79 blocks
==81612==      possibly lost: 0 bytes in 0 blocks
==81612==    still reachable: 0 bytes in 0 blocks
==81612==         suppressed: 0 bytes in 0 blocks
==81612== Rerun with --leak-check=full to see details of leaked memory
==81612== 
==81612== For lists of detected and suppressed errors, rerun with: -s
==81612== ERROR SUMMARY: 0 errors from 0 contexts (suppressed: 0 from 0)
Running valgrind on ./maps/good/works.cub...

[0;32m[Debug info]üõ†Ô∏è  Map info üîç
[0m[0;32m[Debug info] - Map width:[0m25
[0;32m[Debug info] - Map height:[0m6
[0;34m1[0;34m1[0;34m1[0;34m1[0;34m1[0;34m1[0;34m1[0;34m1[0;34m1[0;34m1[0;34m1[0;34m1[0;34m1[0;34m1[0;34m1[0;34m1[0;34m1[0;34m1[0;34m1[0;34m1[0;34m1[0;34m1[0;34m1[0;34m1[0;34m1
[0m[0;34m1[0;34m0[0;34mS[0;34m0[0;34m1[0;34m1[0;34m0[0;34m0[0;34m0[0;34m0[0;34m1[0;34m0[0;34m0[0;34m0[0;34m0[0;34m0[0;34m0[0;34m0[0;34m0[0;34m0[0;34m0[0;34m0[0;34m0[0;34m0[0;34m1
[0m[0;34m1[0;34m0[0;34m0[0;34m0[0;34m1[0;34m1[0;34m0[0;34m0[0;34m0[0;34m0[0;34m0[0;34m0[0;34m0[0;34m0[0;34m0[0;34m0[0;34m1[0;34m1[0;34m1[0;34m1[0;34m1[0;34m1[0;34m0[0;34m0[0;34m1
[0m[0;34m1[0;34m0[0;34m0[0;34m0[0;34m1[0;34m1[0;34m0[0;34m0[0;34m0[0;34m0[0;34m0[0;34m0[0;34m0[0;34m0[0;34m0[0;34m0[0;34m1[0;34m1[0;34m0[0;34m0[0;34m0[0;34m1[0;34m0[0;34m0[0;34m1
[0m[0;34m1[0;34m0[0;34m0[0;34m0[0;34m0[0;34m0[0;34m0[0;34m0[0;34m0[0;34m0[0;34m1[0;34m0[0;34m0[0;34m0[0;34m0[0;34m0[0;34m0[0;34m0[0;34m0[0;34m0[0;34m0[0;34m1[0;34m0[0;34m0[0;34m1
[0m[0;34m1[0;34m1[0;34m1[0;34m1[0;34m1[0;34m1[0;34m1[0;34m1[0;34m1[0;34m1[0;34m1[0;34m1[0;34m1[0;34m1[0;34m1[0;34m1[0;34m1[0;34m1[0;34m1[0;34m1[0;34m1[0;34m1[0;34m1[0;34m1[0;34m1
[0m[0;32m[Debug info]üõ†Ô∏è  Starting player position info üîç
[0m[0;32m[Debug info] - Player X:[0m2
[0;32m[Debug info] - Player Y:[0m1
[0;32m[Debug info] - Player Direction:[0mS
[0;32m[Debug info]üõ†Ô∏è  Textures info:  üîç
[0m[0;32m[Debug info] Texture north:[0mtextures/test/north.xpm
[0;32m[Debug info] Texture south:[0mtextures/test/south.xpm
[0;32m[Debug info] Texture west:[0mtextures/test/west.xpm
[0;32m[Debug info] Texture east:[0mtextures/test/east.xpm
[0;32m[Debug info]üõ†Ô∏è  Colors info c:  üîç
[0m[0;34m2[0;34m1[0;34m8
[0m[0;34m2[0;34m3[0;34m4
[0m[0;34m2[0;34m3[0;34m5
[0m[0;32m[Debug info]üõ†Ô∏è  Colors info f:  üîç
[0m[0;34m1[0;34m7
[0m[0;34m3[0;34m8
[0m[0;34m6[0;34m4
[0mExit code: 0
‚ö†Ô∏è No Valgrind alerts, but with leaks[0m  
==81615== Memcheck, a memory error detector
==81615== Copyright (C) 2002-2022, and GNU GPL'd, by Julian Seward et al.
==81615== Using Valgrind-3.22.0 and LibVEX; rerun with -h for copyright info
==81615== Command: ./cub3d ./maps/good/works.cub
==81615== Parent PID: 81096
==81615== 
==81615== 
==81615== HEAP SUMMARY:
==81615==     in use at exit: 957 bytes in 42 blocks
==81615==   total heap usage: 129 allocs, 87 frees, 4,316 bytes allocated
==81615== 
==81615== LEAK SUMMARY:
==81615==    definitely lost: 414 bytes in 10 blocks
==81615==    indirectly lost: 543 bytes in 32 blocks
==81615==      possibly lost: 0 bytes in 0 blocks
==81615==    still reachable: 0 bytes in 0 blocks
==81615==         suppressed: 0 bytes in 0 blocks
==81615== Rerun with --leak-check=full to see details of leaked memory
==81615== 
==81615== For lists of detected and suppressed errors, rerun with: -s
==81615== ERROR SUMMARY: 0 errors from 0 contexts (suppressed: 0 from 0)
Valgrind tests completed. Results saved to test_output.txt.
Starting Valgrind tests...
Running valgrind on ./maps/good/cheese_maze.cub...

[0;32m[Debug info]üõ†Ô∏è  Map info üîç
[0m[0;32m[Debug info] - Map width:[0m21
[0;32m[Debug info] - Map height:[0m21
[0;34m1[0;34m1[0;34m1[0;34m1[0;34m1[0;34m1[0;34m1[0;34m1[0;34m1[0;34m1[0;34m1[0;34m1[0;34m1[0;34m1[0;34m1[0;34m1[0;34m1[0;34m1[0;34m1[0;34m1[0;34m1
[0m[0;34m1[0;34m0[0;34m1[0;34m0[0;34m0[0;34m0[0;34m0[0;34m0[0;34m1[0;34m0[0;34m0[0;34m0[0;34m0[0;34m0[0;34m0[0;34m0[0;34m0[0;34m0[0;34m0[0;34m0[0;34m1
[0m[0;34m1[0;34m0[0;34m1[0;34m0[0;34m1[0;34m0[0;34m1[0;34m0[0;34m1[0;34m0[0;34m1[0;34m1[0;34m1[0;34m1[0;34m1[0;34m1[0;34m1[0;34m0[0;34m0[0;34m0[0;34m1
[0m[0;34m1[0;34m0[0;34m0[0;34m0[0;34m1[0;34m0[0;34m1[0;34m0[0;34m0[0;34m0[0;34m1[0;34m0[0;34m0[0;34m0[0;34m0[0;34m0[0;34m1[0;34m0[0;34m0[0;34m0[0;34m1
[0m[0;34m1[0;34m1[0;34m1[0;34m1[0;34m1[0;34m0[0;34m1[0;34m0[0;34m1[0;34m1[0;34m1[0;34m1[0;34m1[0;34m0[0;34m1[0;34m0[0;34m1[0;34m1[0;34m1[0;34m0[0;34m1
[0m[0;34m1[0;34m0[0;34m0[0;34m0[0;34m0[0;34m0[0;34m1[0;34m0[0;34m1[0;34m0[0;34m0[0;34m0[0;34m1[0;34m0[0;34m1[0;34m0[0;34m0[0;34m0[0;34m0[0;34m0[0;34m1
[0m[0;34m1[0;34m0[0;34m1[0;34m1[0;34m1[0;34m1[0;34m1[0;34m0[0;34m1[0;34m0[0;34m1[0;34m1[0;34m1[0;34m0[0;34m1[0;34m1[0;34m1[0;34m1[0;34m1[0;34m1[0;34m1
[0m[0;34m1[0;34m0[0;34m1[0;34m0[0;34m0[0;34m0[0;34m0[0;34m0[0;34m1[0;34m0[0;34m1[0;34m0[0;34m1[0;34m0[0;34m0[0;34m0[0;34m0[0;34m0[0;34m1[0;34m0[0;34m1
[0m[0;34m1[0;34m0[0;34m1[0;34m0[0;34m1[0;34m1[0;34m1[0;34m1[0;34m1[0;34m0[0;34m1[0;34m0[0;34m1[0;34m1[0;34m1[0;34m1[0;34m1[0;34m0[0;34m1[0;34m0[0;34m1
[0m[0;34m1[0;34m0[0;34m1[0;34m0[0;34m1[0;34m0[0;34m0[0;34m0[0;34m1[0;34m0[0;34m1[0;34m0[0;34m1[0;34m0[0;34m0[0;34m0[0;34m1[0;34m0[0;34m1[0;34m0[0;34m1
[0m[0;34m1[0;34m0[0;34m1[0;34m1[0;34m1[0;34m0[0;34m1[0;34m0[0;34m1[0;34m0[0;34m1[0;34m0[0;34m1[0;34m0[0;34m1[0;34m0[0;34m1[0;34m0[0;34m1[0;34m0[0;34m1
[0m[0;34m1[0;34m0[0;34m0[0;34m0[0;34m0[0;34m0[0;34m1[0;34m0[0;34m1[0;34m0[0;34m1[0;34m0[0;34m0[0;34m0[0;34m1[0;34m0[0;34m1[0;34m0[0;34m0[0;34m0[0;34m1
[0m[0;34m1[0;34m1[0;34m1[0;34m1[0;34m1[0;34m1[0;34m1[0;34m0[0;34m1[0;34m0[0;34m1[0;34m1[0;34m1[0;34m1[0;34m1[0;34m0[0;34m1[0;34m1[0;34m1[0;34m0[0;34m1
[0m[0;34m1[0;34m0[0;34m0[0;34m0[0;34m0[0;34m0[0;34m1[0;34m0[0;34m1[0;34m0[0;34m0[0;34m0[0;34m1[0;34m0[0;34m0[0;34m0[0;34m1[0;34m0[0;34m0[0;34m0[0;34m1
[0m[0;34m1[0;34m0[0;34m1[0;34m1[0;34m1[0;34m0[0;34m1[0;34m0[0;34m1[0;34m1[0;34m1[0;34m0[0;34m1[0;34m0[0;34m1[0;34m1[0;34m1[0;34m0[0;34m1[0;34m1[0;34m1
[0m[0;34m1[0;34m0[0;34m1[0;34m0[0;34m0[0;34m0[0;34m1[0;34m0[0;34m0[0;34m0[0;34m0[0;34m0[0;34m1[0;34m0[0;34m0[0;34m0[0;34m1[0;34m0[0;34m1[0;34m0[0;34m1
[0m[0;34m1[0;34m0[0;34m1[0;34m0[0;34m1[0;34m1[0;34m1[0;34m1[0;34m1[0;34m1[0;34m1[0;34m1[0;34m1[0;34m1[0;34m1[0;34m0[0;34m1[0;34m0[0;34m1[0;34m0[0;34m1
[0m[0;34m1[0;34m0[0;34m0[0;34m0[0;34m1[0;34m0[0;34m0[0;34m0[0;34m0[0;34m0[0;34m0[0;34m0[0;34m0[0;34m0[0;34m0[0;34m0[0;34m1[0;34m0[0;34m0[0;34m0[0;34m1
[0m[0;34m1[0;34m0[0;34m1[0;34m0[0;34m1[0;34m0[0;34m1[0;34m1[0;34m1[0;34m0[0;34m1[0;34m1[0;34m1[0;34m1[0;34m1[0;34m1[0;34m1[0;34m1[0;34m1[0;34m0[0;34m1
[0m[0;34m1[0;34mN[0;34m1[0;34m0[0;34m0[0;34m0[0;34m0[0;34m0[0;34m1[0;34m0[0;34m0[0;34m0[0;34m0[0;34m0[0;34m0[0;34m0[0;34m0[0;34m0[0;34m0[0;34m0[0;34m1
[0m[0;34m1[0;34m1[0;34m1[0;34m1[0;34m1[0;34m1[0;34m1[0;34m1[0;34m1[0;34m1[0;34m1[0;34m1[0;34m1[0;34m1[0;34m1[0;34m1[0;34m1[0;34m1[0;34m1[0;34m1[0;34m1
[0m[0;32m[Debug info]üõ†Ô∏è  Starting player position info üîç
[0m[0;32m[Debug info] - Player X:[0m1
[0;32m[Debug info] - Player Y:[0m19
[0;32m[Debug info] - Player Direction:[0mN
[0;32m[Debug info]üõ†Ô∏è  Textures info:  üîç
[0m[0;32m[Debug info] Texture north:[0mtextures/test/north.xpm
[0;32m[Debug info] Texture south:[0mtextures/test/south.xpm
[0;32m[Debug info] Texture west:[0mtextures/test/west.xpm
[0;32m[Debug info] Texture east:[0mtextures/test/east.xpm
[0;32m[Debug info]üõ†Ô∏è  Colors info c:  üîç
[0m[0;34m1[0;34m5[0;34m3
[0m[0;34m2[0;34m0[0;34m4
[0m[0;34m2[0;34m5[0;34m5
[0m[0;32m[Debug info]üõ†Ô∏è  Colors info f:  üîç
[0m[0;34m1[0;34m6[0;34m4
[0m[0;34m1[0;34m6[0;34m9
[0m[0;34m2[0;34m0
[0mFreeing memory...
Freeing memory...
Freeing memory...
Freeing memory...
Exit code: 0
[0;32m‚úÖ No Valgrind alerts, no leaks[0m  
==133395== Memcheck, a memory error detector
==133395== Copyright (C) 2002-2022, and GNU GPL'd, by Julian Seward et al.
==133395== Using Valgrind-3.22.0 and LibVEX; rerun with -h for copyright info
==133395== Command: ./cub3d ./maps/good/cheese_maze.cub
==133395== Parent PID: 133393
==133395== 
==133395== 
==133395== HEAP SUMMARY:
==133395==     in use at exit: 0 bytes in 0 blocks
==133395==   total heap usage: 210 allocs, 210 frees, 12,286 bytes allocated
==133395== 
==133395== All heap blocks were freed -- no leaks are possible
==133395== 
==133395== For lists of detected and suppressed errors, rerun with: -s
==133395== ERROR SUMMARY: 0 errors from 0 contexts (suppressed: 0 from 0)
Running valgrind on ./maps/good/creepy.cub...

[0;32m[Debug info]üõ†Ô∏è  Map info üîç
[0m[0;32m[Debug info] - Map width:[0m15
[0;32m[Debug info] - Map height:[0m13
[0;34m1[0;34m1[0;34m1[0;34m1[0;34m1[0;34m1[0;34m1[0;34m1[0;34m1[0;34m1[0;34m1[0;34m1[0;34m1[0;34m1[0;34m1
[0m[0;34m1[0;34m1[0;34m1[0;34m1[0;34m1[0;34m1[0;34m0[0;34m0[0;34m0[0;34m1[0;34m1[0;34m1[0;34m1[0;34m1[0;34m1
[0m[0;34m1[0;34m1[0;34m1[0;34m1[0;34m1[0;34m0[0;34m0[0;34m0[0;34m0[0;34m0[0;34m1[0;34m1[0;34m1[0;34m1[0;34m1
[0m[0;34m1[0;34m1[0;34m1[0;34m1[0;34m0[0;34m0[0;34m0[0;34mN[0;34m0[0;34m0[0;34m0[0;34m1[0;34m1[0;34m1[0;34m1
[0m[0;34m1[0;34m1[0;34m1[0;34m0[0;34m0[0;34m0[0;34m0[0;34m0[0;34m0[0;34m0[0;34m0[0;34m0[0;34m1[0;34m1[0;34m1
[0m[0;34m1[0;34m1[0;34m0[0;34m0[0;34m0[0;34m0[0;34m0[0;34m0[0;34m0[0;34m0[0;34m0[0;34m0[0;34m0[0;34m1[0;34m1
[0m[0;34m1[0;34m0[0;34m0[0;34m0[0;34m0[0;34m1[0;34m1[0;34m1[0;34m1[0;34m1[0;34m0[0;34m0[0;34m0[0;34m0[0;34m1
[0m[0;34m1[0;34m1[0;34m0[0;34m0[0;34m0[0;34m0[0;34m1[0;34m1[0;34m1[0;34m0[0;34m0[0;34m0[0;34m0[0;34m1[0;34m1
[0m[0;34m1[0;34m1[0;34m1[0;34m0[0;34m0[0;34m0[0;34m0[0;34m1[0;34m0[0;34m0[0;34m0[0;34m0[0;34m1[0;34m1[0;34m1
[0m[0;34m1[0;34m1[0;34m1[0;34m1[0;34m0[0;34m0[0;34m0[0;34m0[0;34m0[0;34m0[0;34m0[0;34m1[0;34m1[0;34m1[0;34m1
[0m[0;34m1[0;34m1[0;34m1[0;34m1[0;34m1[0;34m0[0;34m0[0;34m0[0;34m0[0;34m0[0;34m1[0;34m1[0;34m1[0;34m1[0;34m1
[0m[0;34m1[0;34m1[0;34m1[0;34m1[0;34m1[0;34m1[0;34m0[0;34m0[0;34m0[0;34m1[0;34m1[0;34m1[0;34m1[0;34m1[0;34m1
[0m[0;34m1[0;34m1[0;34m1[0;34m1[0;34m1[0;34m1[0;34m1[0;34m1[0;34m1[0;34m1[0;34m1[0;34m1[0;34m1[0;34m1[0;34m1
[0m[0;32m[Debug info]üõ†Ô∏è  Starting player position info üîç
[0m[0;32m[Debug info] - Player X:[0m7
[0;32m[Debug info] - Player Y:[0m3
[0;32m[Debug info] - Player Direction:[0mN
[0;32m[Debug info]üõ†Ô∏è  Textures info:  üîç
[0m[0;32m[Debug info] Texture north:[0mtextures/test/north.xpm
[0;32m[Debug info] Texture south:[0mtextures/test/south.xpm
[0;32m[Debug info] Texture west:[0mtextures/test/west.xpm
[0;32m[Debug info] Texture east:[0mtextures/test/east.xpm
[0;32m[Debug info]üõ†Ô∏è  Colors info c:  üîç
[0m[0;34m3[0;34m5
[0m[0;34m1[0;34m9
[0m[0;34m7[0;34m3
[0m[0;32m[Debug info]üõ†Ô∏è  Colors info f:  üîç
[0m[0;34m1[0;34m5
[0m[0;34m6
[0m[0;34m4[0;34m0
[0mFreeing memory...
Freeing memory...
Freeing memory...
Freeing memory...
Exit code: 0
[0;32m‚úÖ No Valgrind alerts, no leaks[0m  
==133541== Memcheck, a memory error detector
==133541== Copyright (C) 2002-2022, and GNU GPL'd, by Julian Seward et al.
==133541== Using Valgrind-3.22.0 and LibVEX; rerun with -h for copyright info
==133541== Command: ./cub3d ./maps/good/creepy.cub
==133541== Parent PID: 133393
==133541== 
==133541== 
==133541== HEAP SUMMARY:
==133541==     in use at exit: 0 bytes in 0 blocks
==133541==   total heap usage: 152 allocs, 152 frees, 8,990 bytes allocated
==133541== 
==133541== All heap blocks were freed -- no leaks are possible
==133541== 
==133541== For lists of detected and suppressed errors, rerun with: -s
==133541== ERROR SUMMARY: 0 errors from 0 contexts (suppressed: 0 from 0)
Running valgrind on ./maps/good/dungeon.cub...

[0;32m[Debug info]üõ†Ô∏è  Map info üîç
[0m[0;32m[Debug info] - Map width:[0m19
[0;32m[Debug info] - Map height:[0m10
[0;34m1[0;34m1[0;34m1[0;34m1[0;34m1[0;34m1[0;34m1[0;34m1[0;34m1[0;34m1[0;34m1[0;34m1[0;34m1[0;34m1[0;34m1[0;34m1[0;34m1[0;34m1[0;34m1
[0m[0;34m1[0;34m0[0;34mW[0;34m1[0;34m0[0;34m0[0;34m1[0;34m0[0;34m0[0;34m1[0;34m0[0;34m0[0;34m1[0;34m0[0;34m0[0;34m0[0;34m0[0;34m0[0;34m1
[0m[0;34m1[0;34m0[0;34m1[0;34m1[0;34m0[0;34m0[0;34m0[0;34m0[0;34m0[0;34m1[0;34m0[0;34m0[0;34m0[0;34m0[0;34m0[0;34m1[0;34m0[0;34m0[0;34m1
[0m[0;34m1[0;34m0[0;34m0[0;34m1[0;34m0[0;34m0[0;34m1[0;34m0[0;34m0[0;34m1[0;34m1[0;34m1[0;34m1[0;34m1[0;34m0[0;34m1[0;34m1[0;34m1[0;34m1
[0m[0;34m1[0;34m0[0;34m0[0;34m1[0;34m1[0;34m1[0;34m1[0;34m0[0;34m0[0;34m0[0;34m0[0;34m0[0;34m1[0;34m0[0;34m0[0;34m1[0;34m0[0;34m0[0;34m1
[0m[0;34m1[0;34m0[0;34m0[0;34m0[0;34m0[0;34m0[0;34m0[0;34m0[0;34m0[0;34m0[0;34m0[0;34m0[0;34m0[0;34m0[0;34m0[0;34m1[0;34m0[0;34m0[0;34m1
[0m[0;34m1[0;34m0[0;34m0[0;34m1[0;34m1[0;34m1[0;34m1[0;34m1[0;34m1[0;34m1[0;34m1[0;34m1[0;34m1[0;34m0[0;34m0[0;34m1[0;34m0[0;34m0[0;34m1
[0m[0;34m1[0;34m1[0;34m1[0;34m1[0;34m0[0;34m0[0;34m0[0;34m0[0;34m0[0;34m0[0;34m0[0;34m0[0;34m0[0;34m0[0;34m0[0;34m1[0;34m0[0;34m1[0;34m1
[0m[0;34m1[0;34m0[0;34m0[0;34m0[0;34m0[0;34m0[0;34m0[0;34m0[0;34m0[0;34m1[0;34m0[0;34m0[0;34m0[0;34m0[0;34m0[0;34m0[0;34m0[0;34m0[0;34m1
[0m[0;34m1[0;34m1[0;34m1[0;34m1[0;34m1[0;34m1[0;34m1[0;34m1[0;34m1[0;34m1[0;34m1[0;34m1[0;34m1[0;34m1[0;34m1[0;34m1[0;34m1[0;34m1[0;34m1
[0m[0;32m[Debug info]üõ†Ô∏è  Starting player position info üîç
[0m[0;32m[Debug info] - Player X:[0m2
[0;32m[Debug info] - Player Y:[0m1
[0;32m[Debug info] - Player Direction:[0mW
[0;32m[Debug info]üõ†Ô∏è  Textures info:  üîç
[0m[0;32m[Debug info] Texture north:[0mtextures/test/north.xpm
[0;32m[Debug info] Texture south:[0mtextures/test/south.xpm
[0;32m[Debug info] Texture west:[0mtextures/test/west.xpm
[0;32m[Debug info] Texture east:[0mtextures/test/east.xpm
[0;32m[Debug info]üõ†Ô∏è  Colors info c:  üîç
[0m[0;34m9[0;34m9
[0m[0;34m9[0;34m9
[0m[0;34m9[0;34m9
[0m[0;32m[Debug info]üõ†Ô∏è  Colors info f:  üîç
[0m[0;34m7[0;34m6
[0m[0;34m7[0;34m6
[0m[0;34m7[0;34m6
[0mFreeing memory...
Freeing memory...
Freeing memory...
Freeing memory...
Exit code: 0
[0;32m‚úÖ No Valgrind alerts, no leaks[0m  
==133544== Memcheck, a memory error detector
==133544== Copyright (C) 2002-2022, and GNU GPL'd, by Julian Seward et al.
==133544== Using Valgrind-3.22.0 and LibVEX; rerun with -h for copyright info
==133544== Command: ./cub3d ./maps/good/dungeon.cub
==133544== Parent PID: 133393
==133544== 
==133544== 
==133544== HEAP SUMMARY:
==133544==     in use at exit: 0 bytes in 0 blocks
==133544==   total heap usage: 133 allocs, 133 frees, 8,232 bytes allocated
==133544== 
==133544== All heap blocks were freed -- no leaks are possible
==133544== 
==133544== For lists of detected and suppressed errors, rerun with: -s
==133544== ERROR SUMMARY: 0 errors from 0 contexts (suppressed: 0 from 0)
Running valgrind on ./maps/good/library.cub...

[0;32m[Debug info]üõ†Ô∏è  Map info üîç
[0m[0;32m[Debug info] - Map width:[0m19
[0;32m[Debug info] - Map height:[0m10
[0;34m1[0;34m1[0;34m1[0;34m1[0;34m1[0;34m1[0;34m1[0;34m1[0;34m1[0;34m1[0;34m1[0;34m1[0;34m1[0;34m1[0;34m1[0;34m1[0;34m1[0;34m1[0;34m1
[0m[0;34m1[0;34m0[0;34m0[0;34m1[0;34m0[0;34m0[0;34m1[0;34m0[0;34m0[0;34m1[0;34m0[0;34m0[0;34m1[0;34m0[0;34m0[0;34m1[0;34m0[0;34m0[0;34m1
[0m[0;34m1[0;34m0[0;34m0[0;34m1[0;34m0[0;34m0[0;34m1[0;34m0[0;34m0[0;34m1[0;34m0[0;34m0[0;34m1[0;34m0[0;34m0[0;34m1[0;34m0[0;34m0[0;34m1
[0m[0;34m1[0;34m0[0;34m0[0;34m1[0;34m0[0;34m0[0;34m1[0;34m0[0;34m0[0;34m1[0;34m0[0;34m0[0;34m1[0;34m0[0;34m0[0;34m1[0;34m0[0;34m0[0;34m1
[0m[0;34m1[0;34m0[0;34m0[0;34m1[0;34m0[0;34m0[0;34m1[0;34m0[0;34m0[0;34m0[0;34m0[0;34m0[0;34m1[0;34m0[0;34m0[0;34m1[0;34m0[0;34m0[0;34m1
[0m[0;34m1[0;34m0[0;34m0[0;34m0[0;34m0[0;34m0[0;34m0[0;34m0[0;34m0[0;34mS[0;34m0[0;34m0[0;34m0[0;34m0[0;34m0[0;34m0[0;34m0[0;34m0[0;34m1
[0m[0;34m1[0;34m0[0;34m0[0;34m0[0;34m0[0;34m1[0;34m1[0;34m1[0;34m1[0;34m1[0;34m1[0;34m1[0;34m1[0;34m0[0;34m0[0;34m0[0;34m0[0;34m0[0;34m1
[0m[0;34m1[0;34m1[0;34m1[0;34m1[0;34m0[0;34m0[0;34m0[0;34m0[0;34m0[0;34m0[0;34m0[0;34m0[0;34m0[0;34m0[0;34m0[0;34m1[0;34m1[0;34m1[0;34m1
[0m[0;34m1[0;34m0[0;34m0[0;34m0[0;34m0[0;34m0[0;34m0[0;34m1[0;34m0[0;34m1[0;34m0[0;34m1[0;34m0[0;34m0[0;34m0[0;34m0[0;34m0[0;34m0[0;34m1
[0m[0;34m1[0;34m1[0;34m1[0;34m1[0;34m1[0;34m1[0;34m1[0;34m1[0;34m1[0;34m1[0;34m1[0;34m1[0;34m1[0;34m1[0;34m1[0;34m1[0;34m1[0;34m1[0;34m1
[0m[0;32m[Debug info]üõ†Ô∏è  Starting player position info üîç
[0m[0;32m[Debug info] - Player X:[0m9
[0;32m[Debug info] - Player Y:[0m5
[0;32m[Debug info] - Player Direction:[0mS
[0;32m[Debug info]üõ†Ô∏è  Textures info:  üîç
[0m[0;32m[Debug info] Texture north:[0mtextures/test/north.xpm
[0;32m[Debug info] Texture south:[0mtextures/test/south.xpm
[0;32m[Debug info] Texture west:[0mtextures/test/west.xpm
[0;32m[Debug info] Texture east:[0mtextures/test/east.xpm
[0;32m[Debug info]üõ†Ô∏è  Colors info c:  üîç
[0m[0;34m1[0;34m7[0;34m1
[0m[0;34m1[0;34m5[0;34m4
[0m[0;34m1[0;34m3[0;34m7
[0m[0;32m[Debug info]üõ†Ô∏è  Colors info f:  üîç
[0m[0;34m1[0;34m3[0;34m9
[0m[0;34m9[0;34m9
[0m[0;34m5[0;34m8
[0mFreeing memory...
Freeing memory...
Freeing memory...
Freeing memory...
Exit code: 0
[0;32m‚úÖ No Valgrind alerts, no leaks[0m  
==133630== Memcheck, a memory error detector
==133630== Copyright (C) 2002-2022, and GNU GPL'd, by Julian Seward et al.
==133630== Using Valgrind-3.22.0 and LibVEX; rerun with -h for copyright info
==133630== Command: ./cub3d ./maps/good/library.cub
==133630== Parent PID: 133393
==133630== 
==133630== 
==133630== HEAP SUMMARY:
==133630==     in use at exit: 0 bytes in 0 blocks
==133630==   total heap usage: 133 allocs, 133 frees, 8,285 bytes allocated
==133630== 
==133630== All heap blocks were freed -- no leaks are possible
==133630== 
==133630== For lists of detected and suppressed errors, rerun with: -s
==133630== ERROR SUMMARY: 0 errors from 0 contexts (suppressed: 0 from 0)
Running valgrind on ./maps/good/matrix.cub...

[0;32m[Debug info]üõ†Ô∏è  Map info üîç
[0m[0;32m[Debug info] - Map width:[0m21
[0;32m[Debug info] - Map height:[0m21
[0;34m1[0;34m1[0;34m1[0;34m1[0;34m1[0;34m1[0;34m1[0;34m1[0;34m1[0;34m1[0;34m1[0;34m1[0;34m1[0;34m1[0;34m1[0;34m1[0;34m1[0;34m1[0;34m1[0;34m1[0;34m1
[0m[0;34m1[0;34m0[0;34m1[0;34m0[0;34m0[0;34m0[0;34m0[0;34m0[0;34m1[0;34m0[0;34m0[0;34m0[0;34m0[0;34m0[0;34m0[0;34m0[0;34m0[0;34m0[0;34m0[0;34m0[0;34m1
[0m[0;34m1[0;34m0[0;34m1[0;34m0[0;34m1[0;34m0[0;34m1[0;34m0[0;34m1[0;34m0[0;34m1[0;34m1[0;34m1[0;34m1[0;34m1[0;34m1[0;34m1[0;34m0[0;34m0[0;34m0[0;34m1
[0m[0;34m1[0;34m0[0;34m0[0;34m0[0;34m1[0;34m0[0;34m1[0;34m0[0;34m0[0;34m0[0;34m1[0;34m0[0;34m0[0;34m0[0;34m0[0;34m0[0;34m1[0;34m0[0;34m0[0;34m0[0;34m1
[0m[0;34m1[0;34m1[0;34m1[0;34m1[0;34m1[0;34m0[0;34m1[0;34m0[0;34m1[0;34m1[0;34m1[0;34m1[0;34m1[0;34m0[0;34m1[0;34m0[0;34m1[0;34m1[0;34m1[0;34m0[0;34m1
[0m[0;34m1[0;34m0[0;34m0[0;34m0[0;34m0[0;34m0[0;34m1[0;34m0[0;34m1[0;34m0[0;34m0[0;34m0[0;34m1[0;34m0[0;34m1[0;34m0[0;34m0[0;34m0[0;34m0[0;34m0[0;34m1
[0m[0;34m1[0;34m0[0;34m1[0;34m1[0;34m1[0;34m1[0;34m1[0;34m0[0;34m1[0;34m0[0;34m1[0;34m1[0;34m1[0;34m0[0;34m1[0;34m1[0;34m1[0;34m1[0;34m1[0;34m1[0;34m1
[0m[0;34m1[0;34m0[0;34m1[0;34m0[0;34m0[0;34m0[0;34m0[0;34m0[0;34m1[0;34m0[0;34m1[0;34m0[0;34m1[0;34m0[0;34m0[0;34m0[0;34m0[0;34m0[0;34m1[0;34m0[0;34m1
[0m[0;34m1[0;34m0[0;34m1[0;34m0[0;34m1[0;34m1[0;34m1[0;34m1[0;34m1[0;34m0[0;34m1[0;34m0[0;34m1[0;34m1[0;34m1[0;34m1[0;34m1[0;34m0[0;34m1[0;34m0[0;34m1
[0m[0;34m1[0;34m0[0;34m1[0;34m0[0;34m1[0;34m0[0;34m0[0;34m0[0;34m1[0;34m0[0;34m1[0;34m0[0;34m1[0;34m0[0;34m0[0;34m0[0;34m1[0;34m0[0;34m1[0;34m0[0;34m1
[0m[0;34m1[0;34m0[0;34m1[0;34m1[0;34m1[0;34m0[0;34m1[0;34m0[0;34m1[0;34m0[0;34m1[0;34m0[0;34m1[0;34m0[0;34m1[0;34m0[0;34m1[0;34m0[0;34m1[0;34m0[0;34m1
[0m[0;34m1[0;34m0[0;34m0[0;34m0[0;34m0[0;34m0[0;34m1[0;34m0[0;34m1[0;34m0[0;34m1[0;34m0[0;34m0[0;34m0[0;34m1[0;34m0[0;34m1[0;34m0[0;34m0[0;34m0[0;34m1
[0m[0;34m1[0;34m1[0;34m1[0;34m1[0;34m1[0;34m1[0;34m1[0;34m0[0;34m1[0;34m0[0;34m1[0;34m1[0;34m1[0;34m1[0;34m1[0;34m0[0;34m1[0;34m1[0;34m1[0;34m0[0;34m1
[0m[0;34m1[0;34m0[0;34m0[0;34m0[0;34m0[0;34m0[0;34m1[0;34m0[0;34m1[0;34m0[0;34m0[0;34m0[0;34m1[0;34m0[0;34m0[0;34m0[0;34m1[0;34m0[0;34m0[0;34m0[0;34m1
[0m[0;34m1[0;34m0[0;34m1[0;34m1[0;34m1[0;34m0[0;34m1[0;34m0[0;34m1[0;34m1[0;34m1[0;34m0[0;34m1[0;34m0[0;34m1[0;34m1[0;34m1[0;34m0[0;34m1[0;34m1[0;34m1
[0m[0;34m1[0;34m0[0;34m1[0;34m0[0;34m0[0;34m0[0;34m1[0;34m0[0;34m0[0;34m0[0;34m0[0;34m0[0;34m1[0;34m0[0;34m0[0;34m0[0;34m1[0;34m0[0;34m1[0;34m0[0;34m1
[0m[0;34m1[0;34m0[0;34m1[0;34m0[0;34m1[0;34m1[0;34m1[0;34m1[0;34m1[0;34m1[0;34m1[0;34m1[0;34m1[0;34m1[0;34m1[0;34m0[0;34m1[0;34m0[0;34m1[0;34m0[0;34m1
[0m[0;34m1[0;34m0[0;34m0[0;34m0[0;34m1[0;34m0[0;34m0[0;34m0[0;34m0[0;34m0[0;34m0[0;34m0[0;34m0[0;34m0[0;34m0[0;34m0[0;34m1[0;34m0[0;34m0[0;34m0[0;34m1
[0m[0;34m1[0;34m0[0;34m1[0;34m0[0;34m1[0;34m0[0;34m1[0;34m1[0;34m1[0;34m0[0;34m1[0;34m1[0;34m1[0;34m1[0;34m1[0;34m1[0;34m1[0;34m1[0;34m1[0;34m0[0;34m1
[0m[0;34m1[0;34mN[0;34m1[0;34m0[0;34m0[0;34m0[0;34m0[0;34m0[0;34m1[0;34m0[0;34m0[0;34m0[0;34m0[0;34m0[0;34m0[0;34m0[0;34m0[0;34m0[0;34m0[0;34m0[0;34m1
[0m[0;34m1[0;34m1[0;34m1[0;34m1[0;34m1[0;34m1[0;34m1[0;34m1[0;34m1[0;34m1[0;34m1[0;34m1[0;34m1[0;34m1[0;34m1[0;34m1[0;34m1[0;34m1[0;34m1[0;34m1[0;34m1
[0m[0;32m[Debug info]üõ†Ô∏è  Starting player position info üîç
[0m[0;32m[Debug info] - Player X:[0m1
[0;32m[Debug info] - Player Y:[0m19
[0;32m[Debug info] - Player Direction:[0mN
[0;32m[Debug info]üõ†Ô∏è  Textures info:  üîç
[0m[0;32m[Debug info] Texture north:[0mtextures/test/north.xpm
[0;32m[Debug info] Texture south:[0mtextures/test/south.xpm
[0;32m[Debug info] Texture west:[0mtextures/test/west.xpm
[0;32m[Debug info] Texture east:[0mtextures/test/east.xpm
[0;32m[Debug info]üõ†Ô∏è  Colors info c:  üîç
[0m[0;34m0
[0m[0;34m0
[0m[0;34m0
[0m[0;32m[Debug info]üõ†Ô∏è  Colors info f:  üîç
[0m[0;34m0
[0m[0;34m0
[0m[0;34m0
[0mFreeing memory...
Freeing memory...
Freeing memory...
Freeing memory...
Exit code: 0
[0;32m‚úÖ No Valgrind alerts, no leaks[0m  
==133633== Memcheck, a memory error detector
==133633== Copyright (C) 2002-2022, and GNU GPL'd, by Julian Seward et al.
==133633== Using Valgrind-3.22.0 and LibVEX; rerun with -h for copyright info
==133633== Command: ./cub3d ./maps/good/matrix.cub
==133633== Parent PID: 133393
==133633== 
==133633== 
==133633== HEAP SUMMARY:
==133633==     in use at exit: 0 bytes in 0 blocks
==133633==   total heap usage: 210 allocs, 210 frees, 12,140 bytes allocated
==133633== 
==133633== All heap blocks were freed -- no leaks are possible
==133633== 
==133633== For lists of detected and suppressed errors, rerun with: -s
==133633== ERROR SUMMARY: 0 errors from 0 contexts (suppressed: 0 from 0)
Running valgrind on ./maps/good/sad_face.cub...

[0;32m[Debug info]üõ†Ô∏è  Map info üîç
[0m[0;32m[Debug info] - Map width:[0m15
[0;32m[Debug info] - Map height:[0m13
[0;34m1[0;34m1[0;34m1[0;34m1[0;34m1[0;34m1[0;34m1[0;34m1[0;34m1[0;34m1[0;34m1[0;34m1[0;34m1[0;34m1[0;34m1
[0m[0;34m1[0;34m1[0;34m1[0;34m1[0;34m1[0;34m1[0;34m0[0;34m0[0;34m0[0;34m1[0;34m1[0;34m1[0;34m1[0;34m1[0;34m1
[0m[0;34m1[0;34m1[0;34m1[0;34m1[0;34m1[0;34m0[0;34m0[0;34m0[0;34m0[0;34m0[0;34m1[0;34m1[0;34m1[0;34m1[0;34m1
[0m[0;34m1[0;34m1[0;34m1[0;34m1[0;34m0[0;34m0[0;34m0[0;34mN[0;34m0[0;34m0[0;34m0[0;34m1[0;34m1[0;34m1[0;34m1
[0m[0;34m1[0;34m1[0;34m1[0;34m0[0;34m0[0;34m0[0;34m0[0;34m0[0;34m0[0;34m0[0;34m0[0;34m0[0;34m1[0;34m1[0;34m1
[0m[0;34m1[0;34m1[0;34m0[0;34m0[0;34m0[0;34m0[0;34m0[0;34m0[0;34m0[0;34m0[0;34m0[0;34m0[0;34m0[0;34m1[0;34m1
[0m[0;34m1[0;34m0[0;34m0[0;34m0[0;34m0[0;34m1[0;34m1[0;34m1[0;34m1[0;34m1[0;34m0[0;34m0[0;34m0[0;34m0[0;34m1
[0m[0;34m1[0;34m1[0;34m0[0;34m0[0;34m0[0;34m0[0;34m1[0;34m1[0;34m1[0;34m0[0;34m0[0;34m0[0;34m0[0;34m1[0;34m1
[0m[0;34m1[0;34m1[0;34m1[0;34m0[0;34m0[0;34m0[0;34m0[0;34m1[0;34m0[0;34m0[0;34m0[0;34m0[0;34m1[0;34m1[0;34m1
[0m[0;34m1[0;34m1[0;34m1[0;34m1[0;34m0[0;34m0[0;34m0[0;34m0[0;34m0[0;34m0[0;34m0[0;34m1[0;34m1[0;34m1[0;34m1
[0m[0;34m1[0;34m1[0;34m1[0;34m1[0;34m1[0;34m0[0;34m0[0;34m0[0;34m0[0;34m0[0;34m1[0;34m1[0;34m1[0;34m1[0;34m1
[0m[0;34m1[0;34m1[0;34m1[0;34m1[0;34m1[0;34m1[0;34m0[0;34m0[0;34m0[0;34m1[0;34m1[0;34m1[0;34m1[0;34m1[0;34m1
[0m[0;34m1[0;34m1[0;34m1[0;34m1[0;34m1[0;34m1[0;34m1[0;34m1[0;34m1[0;34m1[0;34m1[0;34m1[0;34m1[0;34m1[0;34m1
[0m[0;32m[Debug info]üõ†Ô∏è  Starting player position info üîç
[0m[0;32m[Debug info] - Player X:[0m7
[0;32m[Debug info] - Player Y:[0m3
[0;32m[Debug info] - Player Direction:[0mN
[0;32m[Debug info]üõ†Ô∏è  Textures info:  üîç
[0m[0;32m[Debug info] Texture north:[0mtextures/test/north.xpm
[0;32m[Debug info] Texture south:[0mtextures/test/south.xpm
[0;32m[Debug info] Texture west:[0mtextures/test/west.xpm
[0;32m[Debug info] Texture east:[0mtextures/test/east.xpm
[0;32m[Debug info]üõ†Ô∏è  Colors info c:  üîç
[0m[0;34m5[0;34m3
[0m[0;34m4[0;34m1
[0m[0;34m3[0;34m4
[0m[0;32m[Debug info]üõ†Ô∏è  Colors info f:  üîç
[0m[0;34m4[0;34m5
[0m[0;34m3[0;34m3
[0m[0;34m2[0;34m7
[0mFreeing memory...
Freeing memory...
Freeing memory...
Freeing memory...
Exit code: 0
[0;32m‚úÖ No Valgrind alerts, no leaks[0m  
==133787== Memcheck, a memory error detector
==133787== Copyright (C) 2002-2022, and GNU GPL'd, by Julian Seward et al.
==133787== Using Valgrind-3.22.0 and LibVEX; rerun with -h for copyright info
==133787== Command: ./cub3d ./maps/good/sad_face.cub
==133787== Parent PID: 133393
==133787== 
==133787== 
==133787== HEAP SUMMARY:
==133787==     in use at exit: 0 bytes in 0 blocks
==133787==   total heap usage: 152 allocs, 152 frees, 8,972 bytes allocated
==133787== 
==133787== All heap blocks were freed -- no leaks are possible
==133787== 
==133787== For lists of detected and suppressed errors, rerun with: -s
==133787== ERROR SUMMARY: 0 errors from 0 contexts (suppressed: 0 from 0)
Running valgrind on ./maps/good/square_map.cub...

[0;32m[Debug info]üõ†Ô∏è  Map info üîç
[0m[0;32m[Debug info] - Map width:[0m24
[0;32m[Debug info] - Map height:[0m27
[0;34m1[0;34m1[0;34m1[0;34m1[0;34m1[0;34m1[0;34m1[0;34m1[0;34m1[0;34m1[0;34m1[0;34m1[0;34m1[0;34m1[0;34m1[0;34m1[0;34m1[0;34m1[0;34m1[0;34m1[0;34m1[0;34m1[0;34m1[0;34m1
[0m[0;34m1[0;34m0[0;34m0[0;34m0[0;34m0[0;34m0[0;34m0[0;34m0[0;34m0[0;34m0[0;34m0[0;34m0[0;34m0[0;34m0[0;34m0[0;34m0[0;34m0[0;34m0[0;34m0[0;34m0[0;34m0[0;34m0[0;34m0[0;34m1
[0m[0;34m1[0;34m0[0;34m0[0;34m0[0;34m0[0;34m0[0;34m0[0;34m0[0;34m0[0;34m0[0;34m0[0;34m0[0;34m0[0;34m0[0;34m0[0;34m0[0;34m0[0;34m0[0;34m0[0;34m0[0;34m0[0;34m0[0;34m0[0;34m1
[0m[0;34m1[0;34m0[0;34m0[0;34m0[0;34m0[0;34m0[0;34m0[0;34m0[0;34m0[0;34mN[0;34m0[0;34m0[0;34m0[0;34m0[0;34m0[0;34m0[0;34m0[0;34m0[0;34m0[0;34m0[0;34m0[0;34m0[0;34m0[0;34m1
[0m[0;34m1[0;34m0[0;34m0[0;34m0[0;34m0[0;34m0[0;34m0[0;34m0[0;34m0[0;34m0[0;34m0[0;34m0[0;34m0[0;34m0[0;34m0[0;34m0[0;34m0[0;34m0[0;34m0[0;34m0[0;34m0[0;34m0[0;34m0[0;34m1
[0m[0;34m1[0;34m0[0;34m0[0;34m0[0;34m0[0;34m0[0;34m0[0;34m0[0;34m0[0;34m0[0;34m0[0;34m0[0;34m0[0;34m0[0;34m0[0;34m0[0;34m0[0;34m0[0;34m0[0;34m0[0;34m0[0;34m0[0;34m0[0;34m1
[0m[0;34m1[0;34m0[0;34m0[0;34m0[0;34m0[0;34m0[0;34m0[0;34m0[0;34m0[0;34m0[0;34m0[0;34m0[0;34m0[0;34m0[0;34m0[0;34m0[0;34m0[0;34m0[0;34m0[0;34m0[0;34m0[0;34m0[0;34m0[0;34m1
[0m[0;34m1[0;34m0[0;34m0[0;34m0[0;34m0[0;34m0[0;34m1[0;34m1[0;34m1[0;34m1[0;34m1[0;34m0[0;34m0[0;34m0[0;34m0[0;34m1[0;34m0[0;34m1[0;34m0[0;34m1[0;34m0[0;34m0[0;34m0[0;34m1
[0m[0;34m1[0;34m0[0;34m0[0;34m0[0;34m0[0;34m0[0;34m1[0;34m0[0;34m0[0;34m0[0;34m1[0;34m0[0;34m0[0;34m0[0;34m0[0;34m0[0;34m0[0;34m0[0;34m0[0;34m0[0;34m0[0;34m0[0;34m0[0;34m1
[0m[0;34m1[0;34m0[0;34m0[0;34m0[0;34m0[0;34m0[0;34m1[0;34m0[0;34m0[0;34m0[0;34m1[0;34m0[0;34m0[0;34m0[0;34m0[0;34m1[0;34m0[0;34m0[0;34m0[0;34m1[0;34m0[0;34m0[0;34m0[0;34m1
[0m[0;34m1[0;34m0[0;34m0[0;34m0[0;34m0[0;34m0[0;34m1[0;34m0[0;34m0[0;34m0[0;34m1[0;34m0[0;34m0[0;34m0[0;34m0[0;34m0[0;34m0[0;34m0[0;34m0[0;34m0[0;34m0[0;34m0[0;34m0[0;34m1
[0m[0;34m1[0;34m0[0;34m0[0;34m0[0;34m0[0;34m0[0;34m1[0;34m1[0;34m1[0;34m1[0;34m0[0;34m0[0;34m0[0;34m0[0;34m1[0;34m0[0;34m1[0;34m0[0;34m1[0;34m0[0;34m0[0;34m0[0;34m0[0;34m1
[0m[0;34m1[0;34m0[0;34m0[0;34m0[0;34m0[0;34m0[0;34m0[0;34m0[0;34m0[0;34m0[0;34m0[0;34m0[0;34m0[0;34m0[0;34m0[0;34m0[0;34m0[0;34m0[0;34m0[0;34m0[0;34m0[0;34m0[0;34m0[0;34m1
[0m[0;34m1[0;34m0[0;34m0[0;34m0[0;34m0[0;34m0[0;34m0[0;34m0[0;34m0[0;34m0[0;34m0[0;34m0[0;34m0[0;34m0[0;34m0[0;34m0[0;34m0[0;34m0[0;34m0[0;34m0[0;34m0[0;34m0[0;34m0[0;34m1
[0m[0;34m1[0;34m0[0;34m0[0;34m0[0;34m0[0;34m0[0;34m0[0;34m0[0;34m0[0;34m0[0;34m0[0;34m0[0;34m0[0;34m0[0;34m0[0;34m0[0;34m0[0;34m0[0;34m0[0;34m0[0;34m0[0;34m0[0;34m0[0;34m1
[0m[0;34m1[0;34m0[0;34m0[0;34m0[0;34m0[0;34m0[0;34m0[0;34m0[0;34m0[0;34m0[0;34m0[0;34m0[0;34m0[0;34m0[0;34m0[0;34m0[0;34m0[0;34m0[0;34m0[0;34m0[0;34m0[0;34m0[0;34m0[0;34m1
[0m[0;34m1[0;34m0[0;34m0[0;34m0[0;34m0[0;34m0[0;34m0[0;34m0[0;34m0[0;34m0[0;34m0[0;34m0[0;34m0[0;34m0[0;34m0[0;34m0[0;34m0[0;34m0[0;34m0[0;34m0[0;34m0[0;34m0[0;34m0[0;34m1
[0m[0;34m1[0;34m0[0;34m0[0;34m0[0;34m0[0;34m0[0;34m0[0;34m0[0;34m0[0;34m0[0;34m0[0;34m0[0;34m0[0;34m0[0;34m0[0;34m0[0;34m0[0;34m0[0;34m0[0;34m0[0;34m0[0;34m0[0;34m0[0;34m1
[0m[0;34m1[0;34m0[0;34m0[0;34m0[0;34m0[0;34m0[0;34m0[0;34m0[0;34m0[0;34m0[0;34m0[0;34m0[0;34m0[0;34m0[0;34m0[0;34m0[0;34m0[0;34m0[0;34m0[0;34m0[0;34m0[0;34m0[0;34m0[0;34m1
[0m[0;34m1[0;34m1[0;34m1[0;34m1[0;34m1[0;34m1[0;34m1[0;34m1[0;34m1[0;34m0[0;34m0[0;34m0[0;34m0[0;34m0[0;34m0[0;34m0[0;34m0[0;34m0[0;34m0[0;34m0[0;34m0[0;34m0[0;34m0[0;34m1
[0m[0;34m1[0;34m0[0;34m0[0;34m1[0;34m0[0;34m0[0;34m0[0;34m0[0;34m1[0;34m0[0;34m0[0;34m0[0;34m0[0;34m0[0;34m0[0;34m0[0;34m0[0;34m0[0;34m0[0;34m0[0;34m0[0;34m0[0;34m0[0;34m1
[0m[0;34m1[0;34m0[0;34m0[0;34m0[0;34m0[0;34m0[0;34m1[0;34m0[0;34m1[0;34m0[0;34m0[0;34m0[0;34m0[0;34m0[0;34m0[0;34m0[0;34m0[0;34m0[0;34m0[0;34m0[0;34m0[0;34m0[0;34m0[0;34m1
[0m[0;34m1[0;34m0[0;34m0[0;34m1[0;34m0[0;34m0[0;34m0[0;34m0[0;34m1[0;34m0[0;34m0[0;34m0[0;34m0[0;34m0[0;34m0[0;34m0[0;34m0[0;34m0[0;34m0[0;34m0[0;34m0[0;34m0[0;34m0[0;34m1
[0m[0;34m1[0;34m0[0;34m0[0;34m1[0;34m1[0;34m1[0;34m1[0;34m1[0;34m1[0;34m0[0;34m0[0;34m0[0;34m0[0;34m0[0;34m0[0;34m0[0;34m0[0;34m0[0;34m0[0;34m0[0;34m0[0;34m0[0;34m0[0;34m1
[0m[0;34m1[0;34m0[0;34m0[0;34m0[0;34m0[0;34m0[0;34m0[0;34m0[0;34m0[0;34m0[0;34m0[0;34m0[0;34m0[0;34m0[0;34m0[0;34m0[0;34m0[0;34m0[0;34m0[0;34m0[0;34m0[0;34m0[0;34m0[0;34m1
[0m[0;34m1[0;34m0[0;34m0[0;34m0[0;34m0[0;34m0[0;34m0[0;34m0[0;34m0[0;34m0[0;34m0[0;34m0[0;34m0[0;34m0[0;34m0[0;34m0[0;34m0[0;34m0[0;34m0[0;34m0[0;34m0[0;34m0[0;34m0[0;34m1
[0m[0;34m1[0;34m1[0;34m1[0;34m1[0;34m1[0;34m1[0;34m1[0;34m1[0;34m1[0;34m1[0;34m1[0;34m1[0;34m1[0;34m1[0;34m1[0;34m1[0;34m1[0;34m1[0;34m1[0;34m1[0;34m1[0;34m1[0;34m1[0;34m1
[0m[0;32m[Debug info]üõ†Ô∏è  Starting player position info üîç
[0m[0;32m[Debug info] - Player X:[0m9
[0;32m[Debug info] - Player Y:[0m3
[0;32m[Debug info] - Player Direction:[0mN
[0;32m[Debug info]üõ†Ô∏è  Textures info:  üîç
[0m[0;32m[Debug info] Texture north:[0mtextures/test/north.xpm
[0;32m[Debug info] Texture south:[0mtextures/test/south.xpm
[0;32m[Debug info] Texture west:[0mtextures/test/west.xpm
[0;32m[Debug info] Texture east:[0mtextures/test/east.xpm
[0;32m[Debug info]üõ†Ô∏è  Colors info c:  üîç
[0m[0;34m2[0;34m3[0;34m5
[0m[0;34m1[0;34m9[0;34m8
[0m[0;34m5[0;34m2
[0m[0;32m[Debug info]üõ†Ô∏è  Colors info f:  üîç
[0m[0;34m6[0;34m9
[0m[0;34m2[0;34m2[0;34m2
[0m[0;34m1[0;34m9[0;34m9
[0mFreeing memory...
Freeing memory...
Freeing memory...
Freeing memory...
Exit code: 0
[0;32m‚úÖ No Valgrind alerts, no leaks[0m  
==133790== Memcheck, a memory error detector
==133790== Copyright (C) 2002-2022, and GNU GPL'd, by Julian Seward et al.
==133790== Using Valgrind-3.22.0 and LibVEX; rerun with -h for copyright info
==133790== Command: ./cub3d ./maps/good/square_map.cub
==133790== Parent PID: 133393
==133790== 
==133790== 
==133790== HEAP SUMMARY:
==133790==     in use at exit: 0 bytes in 0 blocks
==133790==   total heap usage: 277 allocs, 277 frees, 17,008 bytes allocated
==133790== 
==133790== All heap blocks were freed -- no leaks are possible
==133790== 
==133790== For lists of detected and suppressed errors, rerun with: -s
==133790== ERROR SUMMARY: 0 errors from 0 contexts (suppressed: 0 from 0)
Running valgrind on ./maps/good/subject_map.cub...

[0;32m[Debug info]üõ†Ô∏è  Map info üîç
[0m[0;32m[Debug info] - Map width:[0m33
[0;32m[Debug info] - Map height:[0m14
[0;34m1[0;34m1[0;34m1[0;34m1[0;34m1[0;34m1[0;34m1[0;34m1[0;34m1[0;34m1[0;34m1[0;34m1[0;34m1[0;34m1[0;34m1[0;34m1[0;34m1[0;34m1[0;34m1[0;34m1[0;34m1[0;34m1[0;34m1[0;34m1[0;34m1[0;34m1[0;34m1[0;34m1[0;34m1[0;34m1[0;34m1[0;34m1[0;34m1
[0m[0;34m1[0;34m1[0;34m1[0;34m1[0;34m1[0;34m1[0;34m1[0;34m1[0;34m1[0;34m0[0;34m0[0;34m0[0;34m0[0;34m0[0;34m0[0;34m0[0;34m0[0;34m0[0;34m1[0;34m1[0;34m0[0;34m0[0;34m0[0;34m0[0;34m0[0;34m0[0;34m0[0;34m0[0;34m0[0;34m0[0;34m0[0;34m0[0;34m1
[0m[0;34m1[0;34m1[0;34m1[0;34m1[0;34m1[0;34m1[0;34m1[0;34m1[0;34m1[0;34m0[0;34m1[0;34m1[0;34m0[0;34m0[0;34m0[0;34m0[0;34m0[0;34m1[0;34m1[0;34m1[0;34m0[0;34m0[0;34m0[0;34m0[0;34m0[0;34m0[0;34m0[0;34m0[0;34m0[0;34m0[0;34m0[0;34m0[0;34m1
[0m[0;34m1[0;34m1[0;34m1[0;34m1[0;34m1[0;34m1[0;34m1[0;34m1[0;34m1[0;34m0[0;34m0[0;34m1[0;34m0[0;34m0[0;34m0[0;34m0[0;34m0[0;34m0[0;34m0[0;34m0[0;34m0[0;34m0[0;34m0[0;34m0[0;34m0[0;34m0[0;34m0[0;34m0[0;34m0[0;34m0[0;34m0[0;34m0[0;34m1
[0m[0;34m1[0;34m1[0;34m1[0;34m1[0;34m1[0;34m1[0;34m1[0;34m1[0;34m1[0;34m0[0;34m1[0;34m1[0;34m0[0;34m0[0;34m0[0;34m0[0;34m0[0;34m1[0;34m1[0;34m1[0;34m0[0;34m0[0;34m0[0;34m0[0;34m0[0;34m0[0;34m0[0;34m0[0;34m0[0;34m0[0;34m0[0;34m0[0;34m1
[0m[0;34m1[0;34m0[0;34m0[0;34m0[0;34m0[0;34m0[0;34m0[0;34m0[0;34m0[0;34m0[0;34m1[0;34m1[0;34m0[0;34m0[0;34m0[0;34m0[0;34m0[0;34m1[0;34m1[0;34m1[0;34m0[0;34m1[0;34m1[0;34m1[0;34m1[0;34m1[0;34m1[0;34m1[0;34m1[0;34m1[0;34m1[0;34m1[0;34m1
[0m[0;34m1[0;34m1[0;34m1[0;34m1[0;34m0[0;34m1[0;34m1[0;34m1[0;34m1[0;34m1[0;34m1[0;34m1[0;34m1[0;34m1[0;34m0[0;34m1[0;34m1[0;34m1[0;34m0[0;34m0[0;34m0[0;34m0[0;34m0[0;34m0[0;34m1[0;34m0[0;34m0[0;34m0[0;34m1[0;34m1[0;34m1[0;34m1[0;34m1
[0m[0;34m1[0;34m1[0;34m1[0;34m1[0;34m0[0;34m1[0;34m1[0;34m1[0;34m1[0;34m1[0;34m1[0;34m1[0;34m1[0;34m1[0;34m0[0;34m1[0;34m1[0;34m1[0;34m0[0;34m1[0;34m0[0;34m1[0;34m0[0;34m0[0;34m1[0;34m0[0;34m0[0;34m0[0;34m1[0;34m1[0;34m1[0;34m1[0;34m1
[0m[0;34m1[0;34m1[0;34m0[0;34m0[0;34m0[0;34m0[0;34m0[0;34m0[0;34m1[0;34m1[0;34m0[0;34m1[0;34m0[0;34m1[0;34m0[0;34m1[0;34m1[0;34m1[0;34m0[0;34m0[0;34m0[0;34m0[0;34m0[0;34m0[0;34m1[0;34m0[0;34m0[0;34m0[0;34m1[0;34m1[0;34m1[0;34m1[0;34m1
[0m[0;34m1[0;34m0[0;34m0[0;34m0[0;34m0[0;34m0[0;34m0[0;34m0[0;34m0[0;34m0[0;34m0[0;34m0[0;34m0[0;34m0[0;34m0[0;34m0[0;34m1[0;34m1[0;34m0[0;34m0[0;34m0[0;34m0[0;34m0[0;34m0[0;34m1[0;34m0[0;34m0[0;34m0[0;34m1[0;34m1[0;34m1[0;34m1[0;34m1
[0m[0;34m1[0;34m0[0;34m0[0;34m0[0;34m0[0;34m0[0;34m0[0;34m0[0;34m0[0;34m0[0;34m0[0;34m0[0;34m0[0;34m0[0;34m0[0;34m0[0;34m1[0;34m1[0;34m0[0;34m1[0;34m0[0;34m1[0;34m0[0;34m0[0;34m1[0;34m0[0;34m0[0;34m0[0;34m1[0;34m1[0;34m1[0;34m1[0;34m1
[0m[0;34m1[0;34m1[0;34m0[0;34m0[0;34m0[0;34m0[0;34m0[0;34m1[0;34m1[0;34m1[0;34m0[0;34m1[0;34m0[0;34m1[0;34m0[0;34m1[0;34m1[0;34m1[0;34m1[0;34m1[0;34m0[0;34m1[0;34m1[0;34m1[0;34m1[0;34m0[0;34mN[0;34m0[0;34m1[0;34m1[0;34m1[0;34m1[0;34m1
[0m[0;34m1[0;34m1[0;34m1[0;34m1[0;34m0[0;34m1[0;34m1[0;34m1[0;34m1[0;34m1[0;34m1[0;34m1[0;34m0[0;34m1[0;34m0[0;34m1[0;34m1[0;34m1[0;34m0[0;34m1[0;34m1[0;34m1[0;34m1[0;34m0[0;34m1[0;34m0[0;34m0[0;34m0[0;34m1[0;34m1[0;34m1[0;34m1[0;34m1
[0m[0;34m1[0;34m1[0;34m1[0;34m1[0;34m1[0;34m1[0;34m1[0;34m1[0;34m1[0;34m1[0;34m1[0;34m1[0;34m1[0;34m1[0;34m1[0;34m1[0;34m1[0;34m1[0;34m1[0;34m1[0;34m1[0;34m1[0;34m1[0;34m1[0;34m1[0;34m1[0;34m1[0;34m1[0;34m1[0;34m1[0;34m1[0;34m1[0;34m1
[0m[0;32m[Debug info]üõ†Ô∏è  Starting player position info üîç
[0m[0;32m[Debug info] - Player X:[0m26
[0;32m[Debug info] - Player Y:[0m11
[0;32m[Debug info] - Player Direction:[0mN
[0;32m[Debug info]üõ†Ô∏è  Textures info:  üîç
[0m[0;32m[Debug info] Texture north:[0mtextures/test/north.xpm
[0;32m[Debug info] Texture south:[0mtextures/test/south.xpm
[0;32m[Debug info] Texture west:[0mtextures/test/west.xpm
[0;32m[Debug info] Texture east:[0mtextures/test/east.xpm
[0;32m[Debug info]üõ†Ô∏è  Colors info c:  üîç
[0m[0;34m2[0;34m2[0;34m5
[0m[0;34m3[0;34m0
[0m[0;34m0
[0m[0;32m[Debug info]üõ†Ô∏è  Colors info f:  üîç
[0m[0;34m2[0;34m2[0;34m0
[0m[0;34m1[0;34m0[0;34m0
[0m[0;34m0
[0mFreeing memory...
Freeing memory...
Freeing memory...
Freeing memory...
Exit code: 0
[0;32m‚úÖ No Valgrind alerts, no leaks[0m  
==133793== Memcheck, a memory error detector
==133793== Copyright (C) 2002-2022, and GNU GPL'd, by Julian Seward et al.
==133793== Using Valgrind-3.22.0 and LibVEX; rerun with -h for copyright info
==133793== Command: ./cub3d ./maps/good/subject_map.cub
==133793== Parent PID: 133393
==133793== 
==133793== 
==133793== HEAP SUMMARY:
==133793==     in use at exit: 0 bytes in 0 blocks
==133793==   total heap usage: 164 allocs, 164 frees, 10,128 bytes allocated
==133793== 
==133793== All heap blocks were freed -- no leaks are possible
==133793== 
==133793== For lists of detected and suppressed errors, rerun with: -s
==133793== ERROR SUMMARY: 0 errors from 0 contexts (suppressed: 0 from 0)
Running valgrind on ./maps/good/test_map.cub...

[0;32m[Debug info]üõ†Ô∏è  Map info üîç
[0m[0;32m[Debug info] - Map width:[0m12
[0;32m[Debug info] - Map height:[0m8
[0;34m1[0;34m1[0;34m1[0;34m1[0;34m1[0;34m1[0;34m1[0;34m1[0;34m1[0;34m1[0;34m1[0;34m1
[0m[0;34m1[0;34m1[0;34m1[0;34m1[0;34m1[0;34m1[0;34m1[0;34m1[0;34m1[0;34m1[0;34m1[0;34m1
[0m[0;34m1[0;34m1[0;34m1[0;34m1[0;34m1[0;34m1[0;34m1[0;34m1[0;34m1[0;34m1[0;34m1[0;34m1
[0m[0;34m1[0;34m1[0;34m1[0;34m1[0;34m1[0;34m1[0;34m1[0;34m1[0;34m1[0;34m1[0;34m1[0;34m1
[0m[0;34m1[0;34m0[0;34mS[0;34m0[0;34m0[0;34m0[0;34m0[0;34m0[0;34m0[0;34m0[0;34m0[0;34m1
[0m[0;34m1[0;34m1[0;34m1[0;34m1[0;34m1[0;34m1[0;34m1[0;34m1[0;34m1[0;34m1[0;34m1[0;34m1
[0m[0;34m1[0;34m1[0;34m1[0;34m1[0;34m1[0;34m1[0;34m1[0;34m1[0;34m1[0;34m1[0;34m1[0;34m1
[0m[0;34m1[0;34m1[0;34m1[0;34m1[0;34m1[0;34m1[0;34m1[0;34m1[0;34m1[0;34m1[0;34m1[0;34m1
[0m[0;32m[Debug info]üõ†Ô∏è  Starting player position info üîç
[0m[0;32m[Debug info] - Player X:[0m2
[0;32m[Debug info] - Player Y:[0m4
[0;32m[Debug info] - Player Direction:[0mS
[0;32m[Debug info]üõ†Ô∏è  Textures info:  üîç
[0m[0;32m[Debug info] Texture north:[0mtextures/test/north.xpm
[0;32m[Debug info] Texture south:[0mtextures/test/south.xpm
[0;32m[Debug info] Texture west:[0mtextures/test/west.xpm
[0;32m[Debug info] Texture east:[0mtextures/test/east.xpm
[0;32m[Debug info]üõ†Ô∏è  Colors info c:  üîç
[0m[0;34m1[0;34m5[0;34m3
[0m[0;34m2[0;34m0[0;34m4
[0m[0;34m2[0;34m5[0;34m5
[0m[0;32m[Debug info]üõ†Ô∏è  Colors info f:  üîç
[0m[0;34m1[0;34m8
[0m[0;34m5[0;34m3
[0m[0;34m2[0;34m5
[0mFreeing memory...
Freeing memory...
Freeing memory...
Freeing memory...
Exit code: 0
[0;32m‚úÖ No Valgrind alerts, no leaks[0m  
==133796== Memcheck, a memory error detector
==133796== Copyright (C) 2002-2022, and GNU GPL'd, by Julian Seward et al.
==133796== Using Valgrind-3.22.0 and LibVEX; rerun with -h for copyright info
==133796== Command: ./cub3d ./maps/good/test_map.cub
==133796== Parent PID: 133393
==133796== 
==133796== 
==133796== HEAP SUMMARY:
==133796==     in use at exit: 0 bytes in 0 blocks
==133796==   total heap usage: 113 allocs, 113 frees, 7,229 bytes allocated
==133796== 
==133796== All heap blocks were freed -- no leaks are possible
==133796== 
==133796== For lists of detected and suppressed errors, rerun with: -s
==133796== ERROR SUMMARY: 0 errors from 0 contexts (suppressed: 0 from 0)
Running valgrind on ./maps/good/test_map_hole.cub...

[0;32m[Debug info]üõ†Ô∏è  Map info üîç
[0m[0;32m[Debug info] - Map width:[0m12
[0;32m[Debug info] - Map height:[0m8
[0;34m1[0;34m1[0;34m1[0;34m1[0;34m1[0;34m1[0;34m1[0;34m1[0;34m1[0;34m1[0;34m1[0;34m1
[0m[0;34m1[0;34m1[0;34m1[0;34m1[0;34m1[0;34m1[0;34m1[0;34m1[0;34m1[0;34m1[0;34m1[0;34m1
[0m[0;34m1[0;34m1[0;34m1[0;34m1[0;34m1[0;34m1[0;34m1[0;34m1[0;34m0[0;34m0[0;34m0[0;34m1
[0m[0;34m1[0;34m0[0;34m0[0;34m0[0;34m0[0;34m0[0;34m0[0;34m1[0;34m0[0;34m0[0;34m1[0;34m1
[0m[0;34m1[0;34m0[0;34mS[0;34m0[0;34m0[0;34m0[0;34m0[0;34m0[0;34m0[0;34m0[0;34m0[0;34m1
[0m[0;34m1[0;34m1[0;34m1[0;34m1[0;34m1[0;34m1[0;34m1[0;34m1[0;34m1[0;34m1[0;34m1[0;34m1
[0m[0;34m1[0;34m1[0;34m1[0;34m1[0;34m1[0;34m1[0;34m1[0;34m1[0;34m1[0;34m1[0;34m1[0;34m1
[0m[0;34m1[0;34m1[0;34m1[0;34m1[0;34m1[0;34m1[0;34m1[0;34m1[0;34m1[0;34m1[0;34m1[0;34m1
[0m[0;32m[Debug info]üõ†Ô∏è  Starting player position info üîç
[0m[0;32m[Debug info] - Player X:[0m2
[0;32m[Debug info] - Player Y:[0m4
[0;32m[Debug info] - Player Direction:[0mS
[0;32m[Debug info]üõ†Ô∏è  Textures info:  üîç
[0m[0;32m[Debug info] Texture north:[0mtextures/test/north.xpm
[0;32m[Debug info] Texture south:[0mtextures/test/south.xpm
[0;32m[Debug info] Texture west:[0mtextures/test/west.xpm
[0;32m[Debug info] Texture east:[0mtextures/test/east.xpm
[0;32m[Debug info]üõ†Ô∏è  Colors info c:  üîç
[0m[0;34m1[0;34m5[0;34m3
[0m[0;34m2[0;34m0[0;34m4
[0m[0;34m2[0;34m5[0;34m5
[0m[0;32m[Debug info]üõ†Ô∏è  Colors info f:  üîç
[0m[0;34m1[0;34m8
[0m[0;34m5[0;34m3
[0m[0;34m2[0;34m5
[0mFreeing memory...
Freeing memory...
Freeing memory...
Freeing memory...
Exit code: 0
[0;32m‚úÖ No Valgrind alerts, no leaks[0m  
==133799== Memcheck, a memory error detector
==133799== Copyright (C) 2002-2022, and GNU GPL'd, by Julian Seward et al.
==133799== Using Valgrind-3.22.0 and LibVEX; rerun with -h for copyright info
==133799== Command: ./cub3d ./maps/good/test_map_hole.cub
==133799== Parent PID: 133393
==133799== 
==133799== 
==133799== HEAP SUMMARY:
==133799==     in use at exit: 0 bytes in 0 blocks
==133799==   total heap usage: 113 allocs, 113 frees, 7,229 bytes allocated
==133799== 
==133799== All heap blocks were freed -- no leaks are possible
==133799== 
==133799== For lists of detected and suppressed errors, rerun with: -s
==133799== ERROR SUMMARY: 0 errors from 0 contexts (suppressed: 0 from 0)
Running valgrind on ./maps/good/test_pos_bottom.cub...
Starting Valgrind tests...
Running valgrind on ./maps/good/cheese_maze.cub...

Freeing memory...
Freeing memory...
Freeing memory...
Freeing memory...
Exit code: 0
[0;32m‚úÖ No Valgrind alerts, no leaks[0m  
==135819== Memcheck, a memory error detector
==135819== Copyright (C) 2002-2022, and GNU GPL'd, by Julian Seward et al.
==135819== Using Valgrind-3.22.0 and LibVEX; rerun with -h for copyright info
==135819== Command: ./cub3d ./maps/good/cheese_maze.cub
==135819== Parent PID: 135817
==135819== 
==135819== 
==135819== HEAP SUMMARY:
==135819==     in use at exit: 0 bytes in 0 blocks
==135819==   total heap usage: 210 allocs, 210 frees, 12,286 bytes allocated
==135819== 
==135819== All heap blocks were freed -- no leaks are possible
==135819== 
==135819== For lists of detected and suppressed errors, rerun with: -s
==135819== ERROR SUMMARY: 0 errors from 0 contexts (suppressed: 0 from 0)
Running valgrind on ./maps/good/creepy.cub...

Freeing memory...
Freeing memory...
Freeing memory...
Freeing memory...
Exit code: 0
[0;32m‚úÖ No Valgrind alerts, no leaks[0m  
==135822== Memcheck, a memory error detector
==135822== Copyright (C) 2002-2022, and GNU GPL'd, by Julian Seward et al.
==135822== Using Valgrind-3.22.0 and LibVEX; rerun with -h for copyright info
==135822== Command: ./cub3d ./maps/good/creepy.cub
==135822== Parent PID: 135817
==135822== 
==135822== 
==135822== HEAP SUMMARY:
==135822==     in use at exit: 0 bytes in 0 blocks
==135822==   total heap usage: 152 allocs, 152 frees, 8,990 bytes allocated
==135822== 
==135822== All heap blocks were freed -- no leaks are possible
==135822== 
==135822== For lists of detected and suppressed errors, rerun with: -s
==135822== ERROR SUMMARY: 0 errors from 0 contexts (suppressed: 0 from 0)
Running valgrind on ./maps/good/dungeon.cub...

Freeing memory...
Freeing memory...
Freeing memory...
Freeing memory...
Exit code: 0
[0;32m‚úÖ No Valgrind alerts, no leaks[0m  
==135913== Memcheck, a memory error detector
==135913== Copyright (C) 2002-2022, and GNU GPL'd, by Julian Seward et al.
==135913== Using Valgrind-3.22.0 and LibVEX; rerun with -h for copyright info
==135913== Command: ./cub3d ./maps/good/dungeon.cub
==135913== Parent PID: 135817
==135913== 
==135913== 
==135913== HEAP SUMMARY:
==135913==     in use at exit: 0 bytes in 0 blocks
==135913==   total heap usage: 133 allocs, 133 frees, 8,232 bytes allocated
==135913== 
==135913== All heap blocks were freed -- no leaks are possible
==135913== 
==135913== For lists of detected and suppressed errors, rerun with: -s
==135913== ERROR SUMMARY: 0 errors from 0 contexts (suppressed: 0 from 0)
Running valgrind on ./maps/good/library.cub...

Freeing memory...
Freeing memory...
Freeing memory...
Freeing memory...
Exit code: 0
[0;32m‚úÖ No Valgrind alerts, no leaks[0m  
==135923== Memcheck, a memory error detector
==135923== Copyright (C) 2002-2022, and GNU GPL'd, by Julian Seward et al.
==135923== Using Valgrind-3.22.0 and LibVEX; rerun with -h for copyright info
==135923== Command: ./cub3d ./maps/good/library.cub
==135923== Parent PID: 135817
==135923== 
==135923== 
==135923== HEAP SUMMARY:
==135923==     in use at exit: 0 bytes in 0 blocks
==135923==   total heap usage: 133 allocs, 133 frees, 8,285 bytes allocated
==135923== 
==135923== All heap blocks were freed -- no leaks are possible
==135923== 
==135923== For lists of detected and suppressed errors, rerun with: -s
==135923== ERROR SUMMARY: 0 errors from 0 contexts (suppressed: 0 from 0)
Running valgrind on ./maps/good/matrix.cub...

Freeing memory...
Freeing memory...
Freeing memory...
Freeing memory...
Exit code: 0
[0;32m‚úÖ No Valgrind alerts, no leaks[0m  
==136080== Memcheck, a memory error detector
==136080== Copyright (C) 2002-2022, and GNU GPL'd, by Julian Seward et al.
==136080== Using Valgrind-3.22.0 and LibVEX; rerun with -h for copyright info
==136080== Command: ./cub3d ./maps/good/matrix.cub
==136080== Parent PID: 135817
==136080== 
==136080== 
==136080== HEAP SUMMARY:
==136080==     in use at exit: 0 bytes in 0 blocks
==136080==   total heap usage: 210 allocs, 210 frees, 12,140 bytes allocated
==136080== 
==136080== All heap blocks were freed -- no leaks are possible
==136080== 
==136080== For lists of detected and suppressed errors, rerun with: -s
==136080== ERROR SUMMARY: 0 errors from 0 contexts (suppressed: 0 from 0)
Running valgrind on ./maps/good/sad_face.cub...

Freeing memory...
Freeing memory...
Freeing memory...
Freeing memory...
Exit code: 0
[0;32m‚úÖ No Valgrind alerts, no leaks[0m  
==136083== Memcheck, a memory error detector
==136083== Copyright (C) 2002-2022, and GNU GPL'd, by Julian Seward et al.
==136083== Using Valgrind-3.22.0 and LibVEX; rerun with -h for copyright info
==136083== Command: ./cub3d ./maps/good/sad_face.cub
==136083== Parent PID: 135817
==136083== 
==136083== 
==136083== HEAP SUMMARY:
==136083==     in use at exit: 0 bytes in 0 blocks
==136083==   total heap usage: 152 allocs, 152 frees, 8,972 bytes allocated
==136083== 
==136083== All heap blocks were freed -- no leaks are possible
==136083== 
==136083== For lists of detected and suppressed errors, rerun with: -s
==136083== ERROR SUMMARY: 0 errors from 0 contexts (suppressed: 0 from 0)
Running valgrind on ./maps/good/square_map.cub...

Freeing memory...
Freeing memory...
Freeing memory...
Freeing memory...
Exit code: 0
[0;32m‚úÖ No Valgrind alerts, no leaks[0m  
==136086== Memcheck, a memory error detector
==136086== Copyright (C) 2002-2022, and GNU GPL'd, by Julian Seward et al.
==136086== Using Valgrind-3.22.0 and LibVEX; rerun with -h for copyright info
==136086== Command: ./cub3d ./maps/good/square_map.cub
==136086== Parent PID: 135817
==136086== 
==136086== 
==136086== HEAP SUMMARY:
==136086==     in use at exit: 0 bytes in 0 blocks
==136086==   total heap usage: 277 allocs, 277 frees, 17,008 bytes allocated
==136086== 
==136086== All heap blocks were freed -- no leaks are possible
==136086== 
==136086== For lists of detected and suppressed errors, rerun with: -s
==136086== ERROR SUMMARY: 0 errors from 0 contexts (suppressed: 0 from 0)
Running valgrind on ./maps/good/subject_map.cub...

Freeing memory...
Freeing memory...
Freeing memory...
Freeing memory...
Exit code: 0
[0;32m‚úÖ No Valgrind alerts, no leaks[0m  
==136089== Memcheck, a memory error detector
==136089== Copyright (C) 2002-2022, and GNU GPL'd, by Julian Seward et al.
==136089== Using Valgrind-3.22.0 and LibVEX; rerun with -h for copyright info
==136089== Command: ./cub3d ./maps/good/subject_map.cub
==136089== Parent PID: 135817
==136089== 
==136089== 
==136089== HEAP SUMMARY:
==136089==     in use at exit: 0 bytes in 0 blocks
==136089==   total heap usage: 164 allocs, 164 frees, 10,128 bytes allocated
==136089== 
==136089== All heap blocks were freed -- no leaks are possible
==136089== 
==136089== For lists of detected and suppressed errors, rerun with: -s
==136089== ERROR SUMMARY: 0 errors from 0 contexts (suppressed: 0 from 0)
Running valgrind on ./maps/good/test_map.cub...

Freeing memory...
Freeing memory...
Freeing memory...
Freeing memory...
Exit code: 0
[0;32m‚úÖ No Valgrind alerts, no leaks[0m  
==136150== Memcheck, a memory error detector
==136150== Copyright (C) 2002-2022, and GNU GPL'd, by Julian Seward et al.
==136150== Using Valgrind-3.22.0 and LibVEX; rerun with -h for copyright info
==136150== Command: ./cub3d ./maps/good/test_map.cub
==136150== Parent PID: 135817
==136150== 
==136150== 
==136150== HEAP SUMMARY:
==136150==     in use at exit: 0 bytes in 0 blocks
==136150==   total heap usage: 113 allocs, 113 frees, 7,229 bytes allocated
==136150== 
==136150== All heap blocks were freed -- no leaks are possible
==136150== 
==136150== For lists of detected and suppressed errors, rerun with: -s
==136150== ERROR SUMMARY: 0 errors from 0 contexts (suppressed: 0 from 0)
Running valgrind on ./maps/good/test_map_hole.cub...

Freeing memory...
Freeing memory...
Freeing memory...
Freeing memory...
Exit code: 0
[0;32m‚úÖ No Valgrind alerts, no leaks[0m  
==136183== Memcheck, a memory error detector
==136183== Copyright (C) 2002-2022, and GNU GPL'd, by Julian Seward et al.
==136183== Using Valgrind-3.22.0 and LibVEX; rerun with -h for copyright info
==136183== Command: ./cub3d ./maps/good/test_map_hole.cub
==136183== Parent PID: 135817
==136183== 
==136183== 
==136183== HEAP SUMMARY:
==136183==     in use at exit: 0 bytes in 0 blocks
==136183==   total heap usage: 113 allocs, 113 frees, 7,229 bytes allocated
==136183== 
==136183== All heap blocks were freed -- no leaks are possible
==136183== 
==136183== For lists of detected and suppressed errors, rerun with: -s
==136183== ERROR SUMMARY: 0 errors from 0 contexts (suppressed: 0 from 0)
Running valgrind on ./maps/good/test_pos_bottom.cub...

Freeing memory...
Freeing memory...
Freeing memory...
Freeing memory...
Exit code: 0
[0;32m‚úÖ No Valgrind alerts, no leaks[0m  
==136347== Memcheck, a memory error detector
==136347== Copyright (C) 2002-2022, and GNU GPL'd, by Julian Seward et al.
==136347== Using Valgrind-3.22.0 and LibVEX; rerun with -h for copyright info
==136347== Command: ./cub3d ./maps/good/test_pos_bottom.cub
==136347== Parent PID: 135817
==136347== 
==136347== 
==136347== HEAP SUMMARY:
==136347==     in use at exit: 0 bytes in 0 blocks
==136347==   total heap usage: 141 allocs, 141 frees, 8,007 bytes allocated
==136347== 
==136347== All heap blocks were freed -- no leaks are possible
==136347== 
==136347== For lists of detected and suppressed errors, rerun with: -s
==136347== ERROR SUMMARY: 0 errors from 0 contexts (suppressed: 0 from 0)
Running valgrind on ./maps/good/test_pos_left.cub...

Freeing memory...
Freeing memory...
Freeing memory...
Freeing memory...
Exit code: 0
[0;32m‚úÖ No Valgrind alerts, no leaks[0m  
==136350== Memcheck, a memory error detector
==136350== Copyright (C) 2002-2022, and GNU GPL'd, by Julian Seward et al.
==136350== Using Valgrind-3.22.0 and LibVEX; rerun with -h for copyright info
==136350== Command: ./cub3d ./maps/good/test_pos_left.cub
==136350== Parent PID: 135817
==136350== 
==136350== 
==136350== HEAP SUMMARY:
==136350==     in use at exit: 0 bytes in 0 blocks
==136350==   total heap usage: 82 allocs, 82 frees, 6,237 bytes allocated
==136350== 
==136350== All heap blocks were freed -- no leaks are possible
==136350== 
==136350== For lists of detected and suppressed errors, rerun with: -s
==136350== ERROR SUMMARY: 0 errors from 0 contexts (suppressed: 0 from 0)
Running valgrind on ./maps/good/test_pos_right.cub...

Freeing memory...
Freeing memory...
Freeing memory...
Freeing memory...
Exit code: 0
[0;32m‚úÖ No Valgrind alerts, no leaks[0m  
==136353== Memcheck, a memory error detector
==136353== Copyright (C) 2002-2022, and GNU GPL'd, by Julian Seward et al.
==136353== Using Valgrind-3.22.0 and LibVEX; rerun with -h for copyright info
==136353== Command: ./cub3d ./maps/good/test_pos_right.cub
==136353== Parent PID: 135817
==136353== 
==136353== 
==136353== HEAP SUMMARY:
==136353==     in use at exit: 0 bytes in 0 blocks
==136353==   total heap usage: 82 allocs, 82 frees, 6,237 bytes allocated
==136353== 
==136353== All heap blocks were freed -- no leaks are possible
==136353== 
==136353== For lists of detected and suppressed errors, rerun with: -s
==136353== ERROR SUMMARY: 0 errors from 0 contexts (suppressed: 0 from 0)
Running valgrind on ./maps/good/test_pos_top.cub...

Freeing memory...
Freeing memory...
Freeing memory...
Freeing memory...
Exit code: 0
[0;32m‚úÖ No Valgrind alerts, no leaks[0m  
==136356== Memcheck, a memory error detector
==136356== Copyright (C) 2002-2022, and GNU GPL'd, by Julian Seward et al.
==136356== Using Valgrind-3.22.0 and LibVEX; rerun with -h for copyright info
==136356== Command: ./cub3d ./maps/good/test_pos_top.cub
==136356== Parent PID: 135817
==136356== 
==136356== 
==136356== HEAP SUMMARY:
==136356==     in use at exit: 0 bytes in 0 blocks
==136356==   total heap usage: 141 allocs, 141 frees, 8,007 bytes allocated
==136356== 
==136356== All heap blocks were freed -- no leaks are possible
==136356== 
==136356== For lists of detected and suppressed errors, rerun with: -s
==136356== ERROR SUMMARY: 0 errors from 0 contexts (suppressed: 0 from 0)
Running valgrind on ./maps/good/test_textures.cub...

Freeing memory...
Freeing memory...
Freeing memory...
Freeing memory...
Exit code: 0
[0;32m‚úÖ No Valgrind alerts, no leaks[0m  
==136359== Memcheck, a memory error detector
==136359== Copyright (C) 2002-2022, and GNU GPL'd, by Julian Seward et al.
==136359== Using Valgrind-3.22.0 and LibVEX; rerun with -h for copyright info
==136359== Command: ./cub3d ./maps/good/test_textures.cub
==136359== Parent PID: 135817
==136359== 
==136359== 
==136359== HEAP SUMMARY:
==136359==     in use at exit: 0 bytes in 0 blocks
==136359==   total heap usage: 142 allocs, 142 frees, 8,146 bytes allocated
==136359== 
==136359== All heap blocks were freed -- no leaks are possible
==136359== 
==136359== For lists of detected and suppressed errors, rerun with: -s
==136359== ERROR SUMMARY: 0 errors from 0 contexts (suppressed: 0 from 0)
Running valgrind on ./maps/good/test_whitespace.cub...

Freeing memory...
Freeing memory...
Freeing memory...
Freeing memory...
Exit code: 0
[0;32m‚úÖ No Valgrind alerts, no leaks[0m  
==136362== Memcheck, a memory error detector
==136362== Copyright (C) 2002-2022, and GNU GPL'd, by Julian Seward et al.
==136362== Using Valgrind-3.22.0 and LibVEX; rerun with -h for copyright info
==136362== Command: ./cub3d ./maps/good/test_whitespace.cub
==136362== Parent PID: 135817
==136362== 
==136362== 
==136362== HEAP SUMMARY:
==136362==     in use at exit: 0 bytes in 0 blocks
==136362==   total heap usage: 306 allocs, 306 frees, 23,419 bytes allocated
==136362== 
==136362== All heap blocks were freed -- no leaks are possible
==136362== 
==136362== For lists of detected and suppressed errors, rerun with: -s
==136362== ERROR SUMMARY: 0 errors from 0 contexts (suppressed: 0 from 0)
Running valgrind on ./maps/good/works.cub...

Freeing memory...
Freeing memory...
Freeing memory...
Freeing memory...
Exit code: 0
[0;32m‚úÖ No Valgrind alerts, no leaks[0m  
==136453== Memcheck, a memory error detector
==136453== Copyright (C) 2002-2022, and GNU GPL'd, by Julian Seward et al.
==136453== Using Valgrind-3.22.0 and LibVEX; rerun with -h for copyright info
==136453== Command: ./cub3d ./maps/good/works.cub
==136453== Parent PID: 135817
==136453== 
==136453== 
==136453== HEAP SUMMARY:
==136453==     in use at exit: 0 bytes in 0 blocks
==136453==   total heap usage: 130 allocs, 130 frees, 8,412 bytes allocated
==136453== 
==136453== All heap blocks were freed -- no leaks are possible
==136453== 
==136453== For lists of detected and suppressed errors, rerun with: -s
==136453== ERROR SUMMARY: 0 errors from 0 contexts (suppressed: 0 from 0)
Valgrind tests completed. Results saved to test_output.txt.
Starting Valgrind tests...
Running valgrind on ./maps/bad/color_invalid_rgb.cub...

[0;31m Error:[Color] color number out of range
[0m Exit code: 1
[0;31m‚ùå Valgrind alert[0m  
==138145== Memcheck, a memory error detector
==138145== Copyright (C) 2002-2022, and GNU GPL'd, by Julian Seward et al.
==138145== Using Valgrind-3.22.0 and LibVEX; rerun with -h for copyright info
==138145== Command: ./cub3d ./maps/bad/color_invalid_rgb.cub
==138145== Parent PID: 138143
==138145== 
==138145== Invalid read of size 8
==138145==    at 0x10C608: free_memory_array (in /home/yu/Desktop/newnewnew/cub3d_linux/cub3d)
==138145==    by 0x10958F: map (in /home/yu/Desktop/newnewnew/cub3d_linux/cub3d)
==138145==    by 0x10971F: main (in /home/yu/Desktop/newnewnew/cub3d_linux/cub3d)
==138145==  Address 0x4de45f0 is 0 bytes inside a block of size 32 free'd
==138145==    at 0x48882A8: free (in /usr/libexec/valgrind/vgpreload_memcheck-arm64-linux.so)
==138145==    by 0x10C61B: free_memory_array (in /home/yu/Desktop/newnewnew/cub3d_linux/cub3d)
==138145==    by 0x10957B: map (in /home/yu/Desktop/newnewnew/cub3d_linux/cub3d)
==138145==    by 0x10971F: main (in /home/yu/Desktop/newnewnew/cub3d_linux/cub3d)
==138145==  Block was alloc'd at
==138145==    at 0x4885250: malloc (in /usr/libexec/valgrind/vgpreload_memcheck-arm64-linux.so)
==138145==    by 0x10C84B: split_create_array (in /home/yu/Desktop/newnewnew/cub3d_linux/cub3d)
==138145==    by 0x10C927: ft_split_comma (in /home/yu/Desktop/newnewnew/cub3d_linux/cub3d)
==138145==    by 0x10A867: color_array_save (in /home/yu/Desktop/newnewnew/cub3d_linux/cub3d)
==138145==    by 0x10A5AB: color_manipulation (in /home/yu/Desktop/newnewnew/cub3d_linux/cub3d)
==138145==    by 0x109567: map (in /home/yu/Desktop/newnewnew/cub3d_linux/cub3d)
==138145==    by 0x10971F: main (in /home/yu/Desktop/newnewnew/cub3d_linux/cub3d)
==138145== 
==138145== Invalid read of size 8
==138145==    at 0x10C5E4: free_memory_array (in /home/yu/Desktop/newnewnew/cub3d_linux/cub3d)
==138145==    by 0x10958F: map (in /home/yu/Desktop/newnewnew/cub3d_linux/cub3d)
==138145==    by 0x10971F: main (in /home/yu/Desktop/newnewnew/cub3d_linux/cub3d)
==138145==  Address 0x4de45f0 is 0 bytes inside a block of size 32 free'd
==138145==    at 0x48882A8: free (in /usr/libexec/valgrind/vgpreload_memcheck-arm64-linux.so)
==138145==    by 0x10C61B: free_memory_array (in /home/yu/Desktop/newnewnew/cub3d_linux/cub3d)
==138145==    by 0x10957B: map (in /home/yu/Desktop/newnewnew/cub3d_linux/cub3d)
==138145==    by 0x10971F: main (in /home/yu/Desktop/newnewnew/cub3d_linux/cub3d)
==138145==  Block was alloc'd at
==138145==    at 0x4885250: malloc (in /usr/libexec/valgrind/vgpreload_memcheck-arm64-linux.so)
==138145==    by 0x10C84B: split_create_array (in /home/yu/Desktop/newnewnew/cub3d_linux/cub3d)
==138145==    by 0x10C927: ft_split_comma (in /home/yu/Desktop/newnewnew/cub3d_linux/cub3d)
==138145==    by 0x10A867: color_array_save (in /home/yu/Desktop/newnewnew/cub3d_linux/cub3d)
==138145==    by 0x10A5AB: color_manipulation (in /home/yu/Desktop/newnewnew/cub3d_linux/cub3d)
==138145==    by 0x109567: map (in /home/yu/Desktop/newnewnew/cub3d_linux/cub3d)
==138145==    by 0x10971F: main (in /home/yu/Desktop/newnewnew/cub3d_linux/cub3d)
==138145== 
==138145== Invalid free() / delete / delete[] / realloc()
==138145==    at 0x48882A8: free (in /usr/libexec/valgrind/vgpreload_memcheck-arm64-linux.so)
==138145==    by 0x10C5EB: free_memory_array (in /home/yu/Desktop/newnewnew/cub3d_linux/cub3d)
==138145==    by 0x10958F: map (in /home/yu/Desktop/newnewnew/cub3d_linux/cub3d)
==138145==    by 0x10971F: main (in /home/yu/Desktop/newnewnew/cub3d_linux/cub3d)
==138145==  Address 0x4de4650 is 0 bytes inside a block of size 4 free'd
==138145==    at 0x48882A8: free (in /usr/libexec/valgrind/vgpreload_memcheck-arm64-linux.so)
==138145==    by 0x10C5EB: free_memory_array (in /home/yu/Desktop/newnewnew/cub3d_linux/cub3d)
==138145==    by 0x10957B: map (in /home/yu/Desktop/newnewnew/cub3d_linux/cub3d)
==138145==    by 0x10971F: main (in /home/yu/Desktop/newnewnew/cub3d_linux/cub3d)
==138145==  Block was alloc'd at
==138145==    at 0x4885250: malloc (in /usr/libexec/valgrind/vgpreload_memcheck-arm64-linux.so)
==138145==    by 0x10C8AB: split_save_string (in /home/yu/Desktop/newnewnew/cub3d_linux/cub3d)
==138145==    by 0x10CA8B: ft_split_comma (in /home/yu/Desktop/newnewnew/cub3d_linux/cub3d)
==138145==    by 0x10A867: color_array_save (in /home/yu/Desktop/newnewnew/cub3d_linux/cub3d)
==138145==    by 0x10A5AB: color_manipulation (in /home/yu/Desktop/newnewnew/cub3d_linux/cub3d)
==138145==    by 0x109567: map (in /home/yu/Desktop/newnewnew/cub3d_linux/cub3d)
==138145==    by 0x10971F: main (in /home/yu/Desktop/newnewnew/cub3d_linux/cub3d)
==138145== 
==138145== Invalid free() / delete / delete[] / realloc()
==138145==    at 0x48882A8: free (in /usr/libexec/valgrind/vgpreload_memcheck-arm64-linux.so)
==138145==    by 0x10C61B: free_memory_array (in /home/yu/Desktop/newnewnew/cub3d_linux/cub3d)
==138145==    by 0x10958F: map (in /home/yu/Desktop/newnewnew/cub3d_linux/cub3d)
==138145==    by 0x10971F: main (in /home/yu/Desktop/newnewnew/cub3d_linux/cub3d)
==138145==  Address 0x4de45f0 is 0 bytes inside a block of size 32 free'd
==138145==    at 0x48882A8: free (in /usr/libexec/valgrind/vgpreload_memcheck-arm64-linux.so)
==138145==    by 0x10C61B: free_memory_array (in /home/yu/Desktop/newnewnew/cub3d_linux/cub3d)
==138145==    by 0x10957B: map (in /home/yu/Desktop/newnewnew/cub3d_linux/cub3d)
==138145==    by 0x10971F: main (in /home/yu/Desktop/newnewnew/cub3d_linux/cub3d)
==138145==  Block was alloc'd at
==138145==    at 0x4885250: malloc (in /usr/libexec/valgrind/vgpreload_memcheck-arm64-linux.so)
==138145==    by 0x10C84B: split_create_array (in /home/yu/Desktop/newnewnew/cub3d_linux/cub3d)
==138145==    by 0x10C927: ft_split_comma (in /home/yu/Desktop/newnewnew/cub3d_linux/cub3d)
==138145==    by 0x10A867: color_array_save (in /home/yu/Desktop/newnewnew/cub3d_linux/cub3d)
==138145==    by 0x10A5AB: color_manipulation (in /home/yu/Desktop/newnewnew/cub3d_linux/cub3d)
==138145==    by 0x109567: map (in /home/yu/Desktop/newnewnew/cub3d_linux/cub3d)
==138145==    by 0x10971F: main (in /home/yu/Desktop/newnewnew/cub3d_linux/cub3d)
==138145== 
==138145== 
==138145== HEAP SUMMARY:
==138145==     in use at exit: 737 bytes in 45 blocks
==138145==   total heap usage: 145 allocs, 104 frees, 4,212 bytes allocated
==138145== 
==138145== LEAK SUMMARY:
==138145==    definitely lost: 422 bytes in 7 blocks
==138145==    indirectly lost: 315 bytes in 38 blocks
==138145==      possibly lost: 0 bytes in 0 blocks
==138145==    still reachable: 0 bytes in 0 blocks
==138145==         suppressed: 0 bytes in 0 blocks
==138145== Rerun with --leak-check=full to see details of leaked memory
==138145== 
==138145== For lists of detected and suppressed errors, rerun with: -s
==138145== ERROR SUMMARY: 11 errors from 4 contexts (suppressed: 0 from 0)
Running valgrind on ./maps/bad/color_missing_ceiling_rgb.cub...

[0;31m Error:[Color] incorrect numbers
[0m Exit code: 1
[0;31m‚ùå Valgrind alert[0m  
==138148== Memcheck, a memory error detector
==138148== Copyright (C) 2002-2022, and GNU GPL'd, by Julian Seward et al.
==138148== Using Valgrind-3.22.0 and LibVEX; rerun with -h for copyright info
==138148== Command: ./cub3d ./maps/bad/color_missing_ceiling_rgb.cub
==138148== Parent PID: 138143
==138148== 
==138148== Invalid read of size 8
==138148==    at 0x10C608: free_memory_array (in /home/yu/Desktop/newnewnew/cub3d_linux/cub3d)
==138148==    by 0x10958F: map (in /home/yu/Desktop/newnewnew/cub3d_linux/cub3d)
==138148==    by 0x10971F: main (in /home/yu/Desktop/newnewnew/cub3d_linux/cub3d)
==138148==  Address 0x4de45e0 is 0 bytes inside a block of size 24 free'd
==138148==    at 0x48882A8: free (in /usr/libexec/valgrind/vgpreload_memcheck-arm64-linux.so)
==138148==    by 0x10C61B: free_memory_array (in /home/yu/Desktop/newnewnew/cub3d_linux/cub3d)
==138148==    by 0x10957B: map (in /home/yu/Desktop/newnewnew/cub3d_linux/cub3d)
==138148==    by 0x10971F: main (in /home/yu/Desktop/newnewnew/cub3d_linux/cub3d)
==138148==  Block was alloc'd at
==138148==    at 0x4885250: malloc (in /usr/libexec/valgrind/vgpreload_memcheck-arm64-linux.so)
==138148==    by 0x10C84B: split_create_array (in /home/yu/Desktop/newnewnew/cub3d_linux/cub3d)
==138148==    by 0x10C927: ft_split_comma (in /home/yu/Desktop/newnewnew/cub3d_linux/cub3d)
==138148==    by 0x10A867: color_array_save (in /home/yu/Desktop/newnewnew/cub3d_linux/cub3d)
==138148==    by 0x10A5AB: color_manipulation (in /home/yu/Desktop/newnewnew/cub3d_linux/cub3d)
==138148==    by 0x109567: map (in /home/yu/Desktop/newnewnew/cub3d_linux/cub3d)
==138148==    by 0x10971F: main (in /home/yu/Desktop/newnewnew/cub3d_linux/cub3d)
==138148== 
==138148== Invalid read of size 8
==138148==    at 0x10C5E4: free_memory_array (in /home/yu/Desktop/newnewnew/cub3d_linux/cub3d)
==138148==    by 0x10958F: map (in /home/yu/Desktop/newnewnew/cub3d_linux/cub3d)
==138148==    by 0x10971F: main (in /home/yu/Desktop/newnewnew/cub3d_linux/cub3d)
==138148==  Address 0x4de45e0 is 0 bytes inside a block of size 24 free'd
==138148==    at 0x48882A8: free (in /usr/libexec/valgrind/vgpreload_memcheck-arm64-linux.so)
==138148==    by 0x10C61B: free_memory_array (in /home/yu/Desktop/newnewnew/cub3d_linux/cub3d)
==138148==    by 0x10957B: map (in /home/yu/Desktop/newnewnew/cub3d_linux/cub3d)
==138148==    by 0x10971F: main (in /home/yu/Desktop/newnewnew/cub3d_linux/cub3d)
==138148==  Block was alloc'd at
==138148==    at 0x4885250: malloc (in /usr/libexec/valgrind/vgpreload_memcheck-arm64-linux.so)
==138148==    by 0x10C84B: split_create_array (in /home/yu/Desktop/newnewnew/cub3d_linux/cub3d)
==138148==    by 0x10C927: ft_split_comma (in /home/yu/Desktop/newnewnew/cub3d_linux/cub3d)
==138148==    by 0x10A867: color_array_save (in /home/yu/Desktop/newnewnew/cub3d_linux/cub3d)
==138148==    by 0x10A5AB: color_manipulation (in /home/yu/Desktop/newnewnew/cub3d_linux/cub3d)
==138148==    by 0x109567: map (in /home/yu/Desktop/newnewnew/cub3d_linux/cub3d)
==138148==    by 0x10971F: main (in /home/yu/Desktop/newnewnew/cub3d_linux/cub3d)
==138148== 
==138148== Invalid free() / delete / delete[] / realloc()
==138148==    at 0x48882A8: free (in /usr/libexec/valgrind/vgpreload_memcheck-arm64-linux.so)
==138148==    by 0x10C5EB: free_memory_array (in /home/yu/Desktop/newnewnew/cub3d_linux/cub3d)
==138148==    by 0x10958F: map (in /home/yu/Desktop/newnewnew/cub3d_linux/cub3d)
==138148==    by 0x10971F: main (in /home/yu/Desktop/newnewnew/cub3d_linux/cub3d)
==138148==  Address 0x4de4640 is 0 bytes inside a block of size 4 free'd
==138148==    at 0x48882A8: free (in /usr/libexec/valgrind/vgpreload_memcheck-arm64-linux.so)
==138148==    by 0x10C5EB: free_memory_array (in /home/yu/Desktop/newnewnew/cub3d_linux/cub3d)
==138148==    by 0x10957B: map (in /home/yu/Desktop/newnewnew/cub3d_linux/cub3d)
==138148==    by 0x10971F: main (in /home/yu/Desktop/newnewnew/cub3d_linux/cub3d)
==138148==  Block was alloc'd at
==138148==    at 0x4885250: malloc (in /usr/libexec/valgrind/vgpreload_memcheck-arm64-linux.so)
==138148==    by 0x10C8AB: split_save_string (in /home/yu/Desktop/newnewnew/cub3d_linux/cub3d)
==138148==    by 0x10CA8B: ft_split_comma (in /home/yu/Desktop/newnewnew/cub3d_linux/cub3d)
==138148==    by 0x10A867: color_array_save (in /home/yu/Desktop/newnewnew/cub3d_linux/cub3d)
==138148==    by 0x10A5AB: color_manipulation (in /home/yu/Desktop/newnewnew/cub3d_linux/cub3d)
==138148==    by 0x109567: map (in /home/yu/Desktop/newnewnew/cub3d_linux/cub3d)
==138148==    by 0x10971F: main (in /home/yu/Desktop/newnewnew/cub3d_linux/cub3d)
==138148== 
==138148== Invalid free() / delete / delete[] / realloc()
==138148==    at 0x48882A8: free (in /usr/libexec/valgrind/vgpreload_memcheck-arm64-linux.so)
==138148==    by 0x10C61B: free_memory_array (in /home/yu/Desktop/newnewnew/cub3d_linux/cub3d)
==138148==    by 0x10958F: map (in /home/yu/Desktop/newnewnew/cub3d_linux/cub3d)
==138148==    by 0x10971F: main (in /home/yu/Desktop/newnewnew/cub3d_linux/cub3d)
==138148==  Address 0x4de45e0 is 0 bytes inside a block of size 24 free'd
==138148==    at 0x48882A8: free (in /usr/libexec/valgrind/vgpreload_memcheck-arm64-linux.so)
==138148==    by 0x10C61B: free_memory_array (in /home/yu/Desktop/newnewnew/cub3d_linux/cub3d)
==138148==    by 0x10957B: map (in /home/yu/Desktop/newnewnew/cub3d_linux/cub3d)
==138148==    by 0x10971F: main (in /home/yu/Desktop/newnewnew/cub3d_linux/cub3d)
==138148==  Block was alloc'd at
==138148==    at 0x4885250: malloc (in /usr/libexec/valgrind/vgpreload_memcheck-arm64-linux.so)
==138148==    by 0x10C84B: split_create_array (in /home/yu/Desktop/newnewnew/cub3d_linux/cub3d)
==138148==    by 0x10C927: ft_split_comma (in /home/yu/Desktop/newnewnew/cub3d_linux/cub3d)
==138148==    by 0x10A867: color_array_save (in /home/yu/Desktop/newnewnew/cub3d_linux/cub3d)
==138148==    by 0x10A5AB: color_manipulation (in /home/yu/Desktop/newnewnew/cub3d_linux/cub3d)
==138148==    by 0x109567: map (in /home/yu/Desktop/newnewnew/cub3d_linux/cub3d)
==138148==    by 0x10971F: main (in /home/yu/Desktop/newnewnew/cub3d_linux/cub3d)
==138148== 
==138148== 
==138148== HEAP SUMMARY:
==138148==     in use at exit: 730 bytes in 44 blocks
==138148==   total heap usage: 140 allocs, 99 frees, 3,986 bytes allocated
==138148== 
==138148== LEAK SUMMARY:
==138148==    definitely lost: 414 bytes in 7 blocks
==138148==    indirectly lost: 316 bytes in 37 blocks
==138148==      possibly lost: 0 bytes in 0 blocks
==138148==    still reachable: 0 bytes in 0 blocks
==138148==         suppressed: 0 bytes in 0 blocks
==138148== Rerun with --leak-check=full to see details of leaked memory
==138148== 
==138148== For lists of detected and suppressed errors, rerun with: -s
==138148== ERROR SUMMARY: 8 errors from 4 contexts (suppressed: 0 from 0)
Running valgrind on ./maps/bad/color_missing.cub...

[0;31m Error:[Color] colors are not complete
[0m Exit code: 1
[0;31m‚ùå Valgrind alert[0m  
==138239== Memcheck, a memory error detector
==138239== Copyright (C) 2002-2022, and GNU GPL'd, by Julian Seward et al.
==138239== Using Valgrind-3.22.0 and LibVEX; rerun with -h for copyright info
==138239== Command: ./cub3d ./maps/bad/color_missing.cub
==138239== Parent PID: 138143
==138239== 
==138239== Invalid read of size 8
==138239==    at 0x10C608: free_memory_array (in /home/yu/Desktop/newnewnew/cub3d_linux/cub3d)
==138239==    by 0x10958F: map (in /home/yu/Desktop/newnewnew/cub3d_linux/cub3d)
==138239==    by 0x10971F: main (in /home/yu/Desktop/newnewnew/cub3d_linux/cub3d)
==138239==  Address 0x4de4240 is 0 bytes inside a block of size 32 free'd
==138239==    at 0x48882A8: free (in /usr/libexec/valgrind/vgpreload_memcheck-arm64-linux.so)
==138239==    by 0x10C61B: free_memory_array (in /home/yu/Desktop/newnewnew/cub3d_linux/cub3d)
==138239==    by 0x10957B: map (in /home/yu/Desktop/newnewnew/cub3d_linux/cub3d)
==138239==    by 0x10971F: main (in /home/yu/Desktop/newnewnew/cub3d_linux/cub3d)
==138239==  Block was alloc'd at
==138239==    at 0x4885250: malloc (in /usr/libexec/valgrind/vgpreload_memcheck-arm64-linux.so)
==138239==    by 0x10C84B: split_create_array (in /home/yu/Desktop/newnewnew/cub3d_linux/cub3d)
==138239==    by 0x10C927: ft_split_comma (in /home/yu/Desktop/newnewnew/cub3d_linux/cub3d)
==138239==    by 0x10A867: color_array_save (in /home/yu/Desktop/newnewnew/cub3d_linux/cub3d)
==138239==    by 0x10A5AB: color_manipulation (in /home/yu/Desktop/newnewnew/cub3d_linux/cub3d)
==138239==    by 0x109567: map (in /home/yu/Desktop/newnewnew/cub3d_linux/cub3d)
==138239==    by 0x10971F: main (in /home/yu/Desktop/newnewnew/cub3d_linux/cub3d)
==138239== 
==138239== Invalid read of size 8
==138239==    at 0x10C5E4: free_memory_array (in /home/yu/Desktop/newnewnew/cub3d_linux/cub3d)
==138239==    by 0x10958F: map (in /home/yu/Desktop/newnewnew/cub3d_linux/cub3d)
==138239==    by 0x10971F: main (in /home/yu/Desktop/newnewnew/cub3d_linux/cub3d)
==138239==  Address 0x4de4240 is 0 bytes inside a block of size 32 free'd
==138239==    at 0x48882A8: free (in /usr/libexec/valgrind/vgpreload_memcheck-arm64-linux.so)
==138239==    by 0x10C61B: free_memory_array (in /home/yu/Desktop/newnewnew/cub3d_linux/cub3d)
==138239==    by 0x10957B: map (in /home/yu/Desktop/newnewnew/cub3d_linux/cub3d)
==138239==    by 0x10971F: main (in /home/yu/Desktop/newnewnew/cub3d_linux/cub3d)
==138239==  Block was alloc'd at
==138239==    at 0x4885250: malloc (in /usr/libexec/valgrind/vgpreload_memcheck-arm64-linux.so)
==138239==    by 0x10C84B: split_create_array (in /home/yu/Desktop/newnewnew/cub3d_linux/cub3d)
==138239==    by 0x10C927: ft_split_comma (in /home/yu/Desktop/newnewnew/cub3d_linux/cub3d)
==138239==    by 0x10A867: color_array_save (in /home/yu/Desktop/newnewnew/cub3d_linux/cub3d)
==138239==    by 0x10A5AB: color_manipulation (in /home/yu/Desktop/newnewnew/cub3d_linux/cub3d)
==138239==    by 0x109567: map (in /home/yu/Desktop/newnewnew/cub3d_linux/cub3d)
==138239==    by 0x10971F: main (in /home/yu/Desktop/newnewnew/cub3d_linux/cub3d)
==138239== 
==138239== Invalid free() / delete / delete[] / realloc()
==138239==    at 0x48882A8: free (in /usr/libexec/valgrind/vgpreload_memcheck-arm64-linux.so)
==138239==    by 0x10C5EB: free_memory_array (in /home/yu/Desktop/newnewnew/cub3d_linux/cub3d)
==138239==    by 0x10958F: map (in /home/yu/Desktop/newnewnew/cub3d_linux/cub3d)
==138239==    by 0x10971F: main (in /home/yu/Desktop/newnewnew/cub3d_linux/cub3d)
==138239==  Address 0x4de42a0 is 0 bytes inside a block of size 4 free'd
==138239==    at 0x48882A8: free (in /usr/libexec/valgrind/vgpreload_memcheck-arm64-linux.so)
==138239==    by 0x10C5EB: free_memory_array (in /home/yu/Desktop/newnewnew/cub3d_linux/cub3d)
==138239==    by 0x10957B: map (in /home/yu/Desktop/newnewnew/cub3d_linux/cub3d)
==138239==    by 0x10971F: main (in /home/yu/Desktop/newnewnew/cub3d_linux/cub3d)
==138239==  Block was alloc'd at
==138239==    at 0x4885250: malloc (in /usr/libexec/valgrind/vgpreload_memcheck-arm64-linux.so)
==138239==    by 0x10C8AB: split_save_string (in /home/yu/Desktop/newnewnew/cub3d_linux/cub3d)
==138239==    by 0x10CA8B: ft_split_comma (in /home/yu/Desktop/newnewnew/cub3d_linux/cub3d)
==138239==    by 0x10A867: color_array_save (in /home/yu/Desktop/newnewnew/cub3d_linux/cub3d)
==138239==    by 0x10A5AB: color_manipulation (in /home/yu/Desktop/newnewnew/cub3d_linux/cub3d)
==138239==    by 0x109567: map (in /home/yu/Desktop/newnewnew/cub3d_linux/cub3d)
==138239==    by 0x10971F: main (in /home/yu/Desktop/newnewnew/cub3d_linux/cub3d)
==138239== 
==138239== Invalid free() / delete / delete[] / realloc()
==138239==    at 0x48882A8: free (in /usr/libexec/valgrind/vgpreload_memcheck-arm64-linux.so)
==138239==    by 0x10C61B: free_memory_array (in /home/yu/Desktop/newnewnew/cub3d_linux/cub3d)
==138239==    by 0x10958F: map (in /home/yu/Desktop/newnewnew/cub3d_linux/cub3d)
==138239==    by 0x10971F: main (in /home/yu/Desktop/newnewnew/cub3d_linux/cub3d)
==138239==  Address 0x4de4240 is 0 bytes inside a block of size 32 free'd
==138239==    at 0x48882A8: free (in /usr/libexec/valgrind/vgpreload_memcheck-arm64-linux.so)
==138239==    by 0x10C61B: free_memory_array (in /home/yu/Desktop/newnewnew/cub3d_linux/cub3d)
==138239==    by 0x10957B: map (in /home/yu/Desktop/newnewnew/cub3d_linux/cub3d)
==138239==    by 0x10971F: main (in /home/yu/Desktop/newnewnew/cub3d_linux/cub3d)
==138239==  Block was alloc'd at
==138239==    at 0x4885250: malloc (in /usr/libexec/valgrind/vgpreload_memcheck-arm64-linux.so)
==138239==    by 0x10C84B: split_create_array (in /home/yu/Desktop/newnewnew/cub3d_linux/cub3d)
==138239==    by 0x10C927: ft_split_comma (in /home/yu/Desktop/newnewnew/cub3d_linux/cub3d)
==138239==    by 0x10A867: color_array_save (in /home/yu/Desktop/newnewnew/cub3d_linux/cub3d)
==138239==    by 0x10A5AB: color_manipulation (in /home/yu/Desktop/newnewnew/cub3d_linux/cub3d)
==138239==    by 0x109567: map (in /home/yu/Desktop/newnewnew/cub3d_linux/cub3d)
==138239==    by 0x10971F: main (in /home/yu/Desktop/newnewnew/cub3d_linux/cub3d)
==138239== 
==138239== 
==138239== HEAP SUMMARY:
==138239==     in use at exit: 672 bytes in 39 blocks
==138239==   total heap usage: 131 allocs, 96 frees, 3,780 bytes allocated
==138239== 
==138239== LEAK SUMMARY:
==138239==    definitely lost: 374 bytes in 6 blocks
==138239==    indirectly lost: 298 bytes in 33 blocks
==138239==      possibly lost: 0 bytes in 0 blocks
==138239==    still reachable: 0 bytes in 0 blocks
==138239==         suppressed: 0 bytes in 0 blocks
==138239== Rerun with --leak-check=full to see details of leaked memory
==138239== 
==138239== For lists of detected and suppressed errors, rerun with: -s
==138239== ERROR SUMMARY: 11 errors from 4 contexts (suppressed: 0 from 0)
Running valgrind on ./maps/bad/color_missing_floor_rgb.cub...

[0;31m Error:[Color] incorrect numbers
[0m Exit code: 1
[0;31m‚ùå Valgrind alert[0m  
==138242== Memcheck, a memory error detector
==138242== Copyright (C) 2002-2022, and GNU GPL'd, by Julian Seward et al.
==138242== Using Valgrind-3.22.0 and LibVEX; rerun with -h for copyright info
==138242== Command: ./cub3d ./maps/bad/color_missing_floor_rgb.cub
==138242== Parent PID: 138143
==138242== 
==138242== Invalid read of size 8
==138242==    at 0x10C608: free_memory_array (in /home/yu/Desktop/newnewnew/cub3d_linux/cub3d)
==138242==    by 0x10958F: map (in /home/yu/Desktop/newnewnew/cub3d_linux/cub3d)
==138242==    by 0x10971F: main (in /home/yu/Desktop/newnewnew/cub3d_linux/cub3d)
==138242==  Address 0x4de4590 is 0 bytes inside a block of size 32 free'd
==138242==    at 0x48882A8: free (in /usr/libexec/valgrind/vgpreload_memcheck-arm64-linux.so)
==138242==    by 0x10C61B: free_memory_array (in /home/yu/Desktop/newnewnew/cub3d_linux/cub3d)
==138242==    by 0x10957B: map (in /home/yu/Desktop/newnewnew/cub3d_linux/cub3d)
==138242==    by 0x10971F: main (in /home/yu/Desktop/newnewnew/cub3d_linux/cub3d)
==138242==  Block was alloc'd at
==138242==    at 0x4885250: malloc (in /usr/libexec/valgrind/vgpreload_memcheck-arm64-linux.so)
==138242==    by 0x10C84B: split_create_array (in /home/yu/Desktop/newnewnew/cub3d_linux/cub3d)
==138242==    by 0x10C927: ft_split_comma (in /home/yu/Desktop/newnewnew/cub3d_linux/cub3d)
==138242==    by 0x10A867: color_array_save (in /home/yu/Desktop/newnewnew/cub3d_linux/cub3d)
==138242==    by 0x10A5AB: color_manipulation (in /home/yu/Desktop/newnewnew/cub3d_linux/cub3d)
==138242==    by 0x109567: map (in /home/yu/Desktop/newnewnew/cub3d_linux/cub3d)
==138242==    by 0x10971F: main (in /home/yu/Desktop/newnewnew/cub3d_linux/cub3d)
==138242== 
==138242== Invalid read of size 8
==138242==    at 0x10C5E4: free_memory_array (in /home/yu/Desktop/newnewnew/cub3d_linux/cub3d)
==138242==    by 0x10958F: map (in /home/yu/Desktop/newnewnew/cub3d_linux/cub3d)
==138242==    by 0x10971F: main (in /home/yu/Desktop/newnewnew/cub3d_linux/cub3d)
==138242==  Address 0x4de4590 is 0 bytes inside a block of size 32 free'd
==138242==    at 0x48882A8: free (in /usr/libexec/valgrind/vgpreload_memcheck-arm64-linux.so)
==138242==    by 0x10C61B: free_memory_array (in /home/yu/Desktop/newnewnew/cub3d_linux/cub3d)
==138242==    by 0x10957B: map (in /home/yu/Desktop/newnewnew/cub3d_linux/cub3d)
==138242==    by 0x10971F: main (in /home/yu/Desktop/newnewnew/cub3d_linux/cub3d)
==138242==  Block was alloc'd at
==138242==    at 0x4885250: malloc (in /usr/libexec/valgrind/vgpreload_memcheck-arm64-linux.so)
==138242==    by 0x10C84B: split_create_array (in /home/yu/Desktop/newnewnew/cub3d_linux/cub3d)
==138242==    by 0x10C927: ft_split_comma (in /home/yu/Desktop/newnewnew/cub3d_linux/cub3d)
==138242==    by 0x10A867: color_array_save (in /home/yu/Desktop/newnewnew/cub3d_linux/cub3d)
==138242==    by 0x10A5AB: color_manipulation (in /home/yu/Desktop/newnewnew/cub3d_linux/cub3d)
==138242==    by 0x109567: map (in /home/yu/Desktop/newnewnew/cub3d_linux/cub3d)
==138242==    by 0x10971F: main (in /home/yu/Desktop/newnewnew/cub3d_linux/cub3d)
==138242== 
==138242== Invalid free() / delete / delete[] / realloc()
==138242==    at 0x48882A8: free (in /usr/libexec/valgrind/vgpreload_memcheck-arm64-linux.so)
==138242==    by 0x10C5EB: free_memory_array (in /home/yu/Desktop/newnewnew/cub3d_linux/cub3d)
==138242==    by 0x10958F: map (in /home/yu/Desktop/newnewnew/cub3d_linux/cub3d)
==138242==    by 0x10971F: main (in /home/yu/Desktop/newnewnew/cub3d_linux/cub3d)
==138242==  Address 0x4de45f0 is 0 bytes inside a block of size 4 free'd
==138242==    at 0x48882A8: free (in /usr/libexec/valgrind/vgpreload_memcheck-arm64-linux.so)
==138242==    by 0x10C5EB: free_memory_array (in /home/yu/Desktop/newnewnew/cub3d_linux/cub3d)
==138242==    by 0x10957B: map (in /home/yu/Desktop/newnewnew/cub3d_linux/cub3d)
==138242==    by 0x10971F: main (in /home/yu/Desktop/newnewnew/cub3d_linux/cub3d)
==138242==  Block was alloc'd at
==138242==    at 0x4885250: malloc (in /usr/libexec/valgrind/vgpreload_memcheck-arm64-linux.so)
==138242==    by 0x10C8AB: split_save_string (in /home/yu/Desktop/newnewnew/cub3d_linux/cub3d)
==138242==    by 0x10CA8B: ft_split_comma (in /home/yu/Desktop/newnewnew/cub3d_linux/cub3d)
==138242==    by 0x10A867: color_array_save (in /home/yu/Desktop/newnewnew/cub3d_linux/cub3d)
==138242==    by 0x10A5AB: color_manipulation (in /home/yu/Desktop/newnewnew/cub3d_linux/cub3d)
==138242==    by 0x109567: map (in /home/yu/Desktop/newnewnew/cub3d_linux/cub3d)
==138242==    by 0x10971F: main (in /home/yu/Desktop/newnewnew/cub3d_linux/cub3d)
==138242== 
==138242== Invalid free() / delete / delete[] / realloc()
==138242==    at 0x48882A8: free (in /usr/libexec/valgrind/vgpreload_memcheck-arm64-linux.so)
==138242==    by 0x10C61B: free_memory_array (in /home/yu/Desktop/newnewnew/cub3d_linux/cub3d)
==138242==    by 0x10958F: map (in /home/yu/Desktop/newnewnew/cub3d_linux/cub3d)
==138242==    by 0x10971F: main (in /home/yu/Desktop/newnewnew/cub3d_linux/cub3d)
==138242==  Address 0x4de4590 is 0 bytes inside a block of size 32 free'd
==138242==    at 0x48882A8: free (in /usr/libexec/valgrind/vgpreload_memcheck-arm64-linux.so)
==138242==    by 0x10C61B: free_memory_array (in /home/yu/Desktop/newnewnew/cub3d_linux/cub3d)
==138242==    by 0x10957B: map (in /home/yu/Desktop/newnewnew/cub3d_linux/cub3d)
==138242==    by 0x10971F: main (in /home/yu/Desktop/newnewnew/cub3d_linux/cub3d)
==138242==  Block was alloc'd at
==138242==    at 0x4885250: malloc (in /usr/libexec/valgrind/vgpreload_memcheck-arm64-linux.so)
==138242==    by 0x10C84B: split_create_array (in /home/yu/Desktop/newnewnew/cub3d_linux/cub3d)
==138242==    by 0x10C927: ft_split_comma (in /home/yu/Desktop/newnewnew/cub3d_linux/cub3d)
==138242==    by 0x10A867: color_array_save (in /home/yu/Desktop/newnewnew/cub3d_linux/cub3d)
==138242==    by 0x10A5AB: color_manipulation (in /home/yu/Desktop/newnewnew/cub3d_linux/cub3d)
==138242==    by 0x109567: map (in /home/yu/Desktop/newnewnew/cub3d_linux/cub3d)
==138242==    by 0x10971F: main (in /home/yu/Desktop/newnewnew/cub3d_linux/cub3d)
==138242== 
==138242== 
==138242== HEAP SUMMARY:
==138242==     in use at exit: 719 bytes in 43 blocks
==138242==   total heap usage: 140 allocs, 101 frees, 3,993 bytes allocated
==138242== 
==138242== LEAK SUMMARY:
==138242==    definitely lost: 406 bytes in 7 blocks
==138242==    indirectly lost: 313 bytes in 36 blocks
==138242==      possibly lost: 0 bytes in 0 blocks
==138242==    still reachable: 0 bytes in 0 blocks
==138242==         suppressed: 0 bytes in 0 blocks
==138242== Rerun with --leak-check=full to see details of leaked memory
==138242== 
==138242== For lists of detected and suppressed errors, rerun with: -s
==138242== ERROR SUMMARY: 11 errors from 4 contexts (suppressed: 0 from 0)
Running valgrind on ./maps/bad/color_none.cub...

[0;31m Error:[Color] colors are not complete
[0m Exit code: 1
‚ö†Ô∏è No Valgrind alerts, but with leaks[0m  
==138406== Memcheck, a memory error detector
==138406== Copyright (C) 2002-2022, and GNU GPL'd, by Julian Seward et al.
==138406== Using Valgrind-3.22.0 and LibVEX; rerun with -h for copyright info
==138406== Command: ./cub3d ./maps/bad/color_none.cub
==138406== Parent PID: 138143
==138406== 
==138406== 
==138406== HEAP SUMMARY:
==138406==     in use at exit: 639 bytes in 37 blocks
==138406==   total heap usage: 116 allocs, 79 frees, 3,196 bytes allocated
==138406== 
==138406== LEAK SUMMARY:
==138406==    definitely lost: 358 bytes in 6 blocks
==138406==    indirectly lost: 281 bytes in 31 blocks
==138406==      possibly lost: 0 bytes in 0 blocks
==138406==    still reachable: 0 bytes in 0 blocks
==138406==         suppressed: 0 bytes in 0 blocks
==138406== Rerun with --leak-check=full to see details of leaked memory
==138406== 
==138406== For lists of detected and suppressed errors, rerun with: -s
==138406== ERROR SUMMARY: 0 errors from 0 contexts (suppressed: 0 from 0)
Running valgrind on ./maps/bad/empty.cub...
[0;31m Error:[Read file] file is empty
[0m Exit code: 1
[0;32m‚úÖ No Valgrind alerts, no leaks[0m  
==138409== Memcheck, a memory error detector
==138409== Copyright (C) 2002-2022, and GNU GPL'd, by Julian Seward et al.
==138409== Using Valgrind-3.22.0 and LibVEX; rerun with -h for copyright info
==138409== Command: ./cub3d ./maps/bad/empty.cub
==138409== Parent PID: 138143
==138409== 
==138409== 
==138409== HEAP SUMMARY:
==138409==     in use at exit: 0 bytes in 0 blocks
==138409==   total heap usage: 5 allocs, 5 frees, 170 bytes allocated
==138409== 
==138409== All heap blocks were freed -- no leaks are possible
==138409== 
==138409== For lists of detected and suppressed errors, rerun with: -s
==138409== ERROR SUMMARY: 0 errors from 0 contexts (suppressed: 0 from 0)
Running valgrind on ./maps/bad/file_letter_end.cub...

[0;31m Error:[Map validation] Empty line found
[0m Exit code: 1
[0;32m‚úÖ No Valgrind alerts, no leaks[0m  
==138412== Memcheck, a memory error detector
==138412== Copyright (C) 2002-2022, and GNU GPL'd, by Julian Seward et al.
==138412== Using Valgrind-3.22.0 and LibVEX; rerun with -h for copyright info
==138412== Command: ./cub3d ./maps/bad/file_letter_end.cub
==138412== Parent PID: 138143
==138412== 
==138412== 
==138412== HEAP SUMMARY:
==138412==     in use at exit: 0 bytes in 0 blocks
==138412==   total heap usage: 155 allocs, 155 frees, 7,353 bytes allocated
==138412== 
==138412== All heap blocks were freed -- no leaks are possible
==138412== 
==138412== For lists of detected and suppressed errors, rerun with: -s
==138412== ERROR SUMMARY: 0 errors from 0 contexts (suppressed: 0 from 0)
Running valgrind on ./maps/bad/filetype_missing...
[0;31m Error:[Check args] no map or invalid map extension
[0m Exit code: 1
[0;32m‚úÖ No Valgrind alerts, no leaks[0m  
==138503== Memcheck, a memory error detector
==138503== Copyright (C) 2002-2022, and GNU GPL'd, by Julian Seward et al.
==138503== Using Valgrind-3.22.0 and LibVEX; rerun with -h for copyright info
==138503== Command: ./cub3d ./maps/bad/filetype_missing
==138503== Parent PID: 138143
==138503== 
==138503== 
==138503== HEAP SUMMARY:
==138503==     in use at exit: 0 bytes in 0 blocks
==138503==   total heap usage: 3 allocs, 3 frees, 144 bytes allocated
==138503== 
==138503== All heap blocks were freed -- no leaks are possible
==138503== 
==138503== For lists of detected and suppressed errors, rerun with: -s
==138503== ERROR SUMMARY: 0 errors from 0 contexts (suppressed: 0 from 0)
Running valgrind on ./maps/bad/filetype_wrong.buc...
[0;31m Error:[Check args] no map or invalid map extension
[0m Exit code: 1
[0;32m‚úÖ No Valgrind alerts, no leaks[0m  
==138506== Memcheck, a memory error detector
==138506== Copyright (C) 2002-2022, and GNU GPL'd, by Julian Seward et al.
==138506== Using Valgrind-3.22.0 and LibVEX; rerun with -h for copyright info
==138506== Command: ./cub3d ./maps/bad/filetype_wrong.buc
==138506== Parent PID: 138143
==138506== 
==138506== 
==138506== HEAP SUMMARY:
==138506==     in use at exit: 0 bytes in 0 blocks
==138506==   total heap usage: 3 allocs, 3 frees, 144 bytes allocated
==138506== 
==138506== All heap blocks were freed -- no leaks are possible
==138506== 
==138506== For lists of detected and suppressed errors, rerun with: -s
==138506== ERROR SUMMARY: 0 errors from 0 contexts (suppressed: 0 from 0)
Running valgrind on ./maps/bad/map_first.cub...

[0;31m Error:[Map start] No map or incorrect placement
[0m Exit code: 1
[0;32m‚úÖ No Valgrind alerts, no leaks[0m  
==138670== Memcheck, a memory error detector
==138670== Copyright (C) 2002-2022, and GNU GPL'd, by Julian Seward et al.
==138670== Using Valgrind-3.22.0 and LibVEX; rerun with -h for copyright info
==138670== Command: ./cub3d ./maps/bad/map_first.cub
==138670== Parent PID: 138143
==138670== 
==138670== 
==138670== HEAP SUMMARY:
==138670==     in use at exit: 0 bytes in 0 blocks
==138670==   total heap usage: 98 allocs, 98 frees, 3,476 bytes allocated
==138670== 
==138670== All heap blocks were freed -- no leaks are possible
==138670== 
==138670== For lists of detected and suppressed errors, rerun with: -s
==138670== ERROR SUMMARY: 0 errors from 0 contexts (suppressed: 0 from 0)
Running valgrind on ./maps/bad/map_middle.cub...

[0;31m Error:[Map check in file] Invalid map placement or format
[0m Exit code: 1
[0;32m‚úÖ No Valgrind alerts, no leaks[0m  
==138673== Memcheck, a memory error detector
==138673== Copyright (C) 2002-2022, and GNU GPL'd, by Julian Seward et al.
==138673== Using Valgrind-3.22.0 and LibVEX; rerun with -h for copyright info
==138673== Command: ./cub3d ./maps/bad/map_middle.cub
==138673== Parent PID: 138143
==138673== 
==138673== 
==138673== HEAP SUMMARY:
==138673==     in use at exit: 0 bytes in 0 blocks
==138673==   total heap usage: 106 allocs, 106 frees, 3,963 bytes allocated
==138673== 
==138673== All heap blocks were freed -- no leaks are possible
==138673== 
==138673== For lists of detected and suppressed errors, rerun with: -s
==138673== ERROR SUMMARY: 0 errors from 0 contexts (suppressed: 0 from 0)
Running valgrind on ./maps/bad/map_missing.cub...

[0;31m Error:[Map start] No map or incorrect placement
[0m Exit code: 1
[0;32m‚úÖ No Valgrind alerts, no leaks[0m  
==138676== Memcheck, a memory error detector
==138676== Copyright (C) 2002-2022, and GNU GPL'd, by Julian Seward et al.
==138676== Using Valgrind-3.22.0 and LibVEX; rerun with -h for copyright info
==138676== Command: ./cub3d ./maps/bad/map_missing.cub
==138676== Parent PID: 138143
==138676== 
==138676== 
==138676== HEAP SUMMARY:
==138676==     in use at exit: 0 bytes in 0 blocks
==138676==   total heap usage: 43 allocs, 43 frees, 1,184 bytes allocated
==138676== 
==138676== All heap blocks were freed -- no leaks are possible
==138676== 
==138676== For lists of detected and suppressed errors, rerun with: -s
==138676== ERROR SUMMARY: 0 errors from 0 contexts (suppressed: 0 from 0)
Running valgrind on ./maps/bad/map_only.cub...

[0;31m Error:[Map start] No map or incorrect placement
[0m Exit code: 1
[0;32m‚úÖ No Valgrind alerts, no leaks[0m  
==138679== Memcheck, a memory error detector
==138679== Copyright (C) 2002-2022, and GNU GPL'd, by Julian Seward et al.
==138679== Using Valgrind-3.22.0 and LibVEX; rerun with -h for copyright info
==138679== Command: ./cub3d ./maps/bad/map_only.cub
==138679== Parent PID: 138143
==138679== 
==138679== 
==138679== HEAP SUMMARY:
==138679==     in use at exit: 0 bytes in 0 blocks
==138679==   total heap usage: 61 allocs, 61 frees, 1,634 bytes allocated
==138679== 
==138679== All heap blocks were freed -- no leaks are possible
==138679== 
==138679== For lists of detected and suppressed errors, rerun with: -s
==138679== ERROR SUMMARY: 0 errors from 0 contexts (suppressed: 0 from 0)
Running valgrind on ./maps/bad/map_too_small.cub...

[0;31m Error:[Map check in file] Invalid map size
[0m Exit code: 1
[0;32m‚úÖ No Valgrind alerts, no leaks[0m  
==138682== Memcheck, a memory error detector
==138682== Copyright (C) 2002-2022, and GNU GPL'd, by Julian Seward et al.
==138682== Using Valgrind-3.22.0 and LibVEX; rerun with -h for copyright info
==138682== Command: ./cub3d ./maps/bad/map_too_small.cub
==138682== Parent PID: 138143
==138682== 
==138682== 
==138682== HEAP SUMMARY:
==138682==     in use at exit: 0 bytes in 0 blocks
==138682==   total heap usage: 51 allocs, 51 frees, 1,444 bytes allocated
==138682== 
==138682== All heap blocks were freed -- no leaks are possible
==138682== 
==138682== For lists of detected and suppressed errors, rerun with: -s
==138682== ERROR SUMMARY: 0 errors from 0 contexts (suppressed: 0 from 0)
Running valgrind on ./maps/bad/player_multiple.cub...

[0;31m Error:[Map validation] invalid number of player 
[0m Exit code: 1
‚ö†Ô∏è No Valgrind alerts, but with leaks[0m  
==138685== Memcheck, a memory error detector
==138685== Copyright (C) 2002-2022, and GNU GPL'd, by Julian Seward et al.
==138685== Using Valgrind-3.22.0 and LibVEX; rerun with -h for copyright info
==138685== Command: ./cub3d ./maps/bad/player_multiple.cub
==138685== Parent PID: 138143
==138685== 
==138685== 
==138685== HEAP SUMMARY:
==138685==     in use at exit: 408 bytes in 22 blocks
==138685==   total heap usage: 125 allocs, 103 frees, 3,829 bytes allocated
==138685== 
==138685== LEAK SUMMARY:
==138685==    definitely lost: 176 bytes in 1 blocks
==138685==    indirectly lost: 232 bytes in 21 blocks
==138685==      possibly lost: 0 bytes in 0 blocks
==138685==    still reachable: 0 bytes in 0 blocks
==138685==         suppressed: 0 bytes in 0 blocks
==138685== Rerun with --leak-check=full to see details of leaked memory
==138685== 
==138685== For lists of detected and suppressed errors, rerun with: -s
==138685== ERROR SUMMARY: 0 errors from 0 contexts (suppressed: 0 from 0)
Running valgrind on ./maps/bad/player_none.cub...

[0;31m Error:[Map validation] invalid number of player 
[0m Exit code: 1
‚ö†Ô∏è No Valgrind alerts, but with leaks[0m  
==138688== Memcheck, a memory error detector
==138688== Copyright (C) 2002-2022, and GNU GPL'd, by Julian Seward et al.
==138688== Using Valgrind-3.22.0 and LibVEX; rerun with -h for copyright info
==138688== Command: ./cub3d ./maps/bad/player_none.cub
==138688== Parent PID: 138143
==138688== 
==138688== 
==138688== HEAP SUMMARY:
==138688==     in use at exit: 408 bytes in 22 blocks
==138688==   total heap usage: 125 allocs, 103 frees, 3,829 bytes allocated
==138688== 
==138688== LEAK SUMMARY:
==138688==    definitely lost: 176 bytes in 1 blocks
==138688==    indirectly lost: 232 bytes in 21 blocks
==138688==      possibly lost: 0 bytes in 0 blocks
==138688==    still reachable: 0 bytes in 0 blocks
==138688==         suppressed: 0 bytes in 0 blocks
==138688== Rerun with --leak-check=full to see details of leaked memory
==138688== 
==138688== For lists of detected and suppressed errors, rerun with: -s
==138688== ERROR SUMMARY: 0 errors from 0 contexts (suppressed: 0 from 0)
Running valgrind on ./maps/bad/player_on_edge.cub...

[0;31m Error:[Walls check] incorrect horizontal walls
[0m Exit code: 1
‚ö†Ô∏è No Valgrind alerts, but with leaks[0m  
==138779== Memcheck, a memory error detector
==138779== Copyright (C) 2002-2022, and GNU GPL'd, by Julian Seward et al.
==138779== Using Valgrind-3.22.0 and LibVEX; rerun with -h for copyright info
==138779== Command: ./cub3d ./maps/bad/player_on_edge.cub
==138779== Parent PID: 138143
==138779== 
==138779== 
==138779== HEAP SUMMARY:
==138779==     in use at exit: 408 bytes in 22 blocks
==138779==   total heap usage: 125 allocs, 103 frees, 3,829 bytes allocated
==138779== 
==138779== LEAK SUMMARY:
==138779==    definitely lost: 176 bytes in 1 blocks
==138779==    indirectly lost: 232 bytes in 21 blocks
==138779==      possibly lost: 0 bytes in 0 blocks
==138779==    still reachable: 0 bytes in 0 blocks
==138779==         suppressed: 0 bytes in 0 blocks
==138779== Rerun with --leak-check=full to see details of leaked memory
==138779== 
==138779== For lists of detected and suppressed errors, rerun with: -s
==138779== ERROR SUMMARY: 0 errors from 0 contexts (suppressed: 0 from 0)
Running valgrind on ./maps/bad/textures_dir.cub...

[0;31m Error:[Texture verification] invalid texture format
[0m Exit code: 1
‚ö†Ô∏è No Valgrind alerts, but with leaks[0m  
==138782== Memcheck, a memory error detector
==138782== Copyright (C) 2002-2022, and GNU GPL'd, by Julian Seward et al.
==138782== Using Valgrind-3.22.0 and LibVEX; rerun with -h for copyright info
==138782== Command: ./cub3d ./maps/bad/textures_dir.cub
==138782== Parent PID: 138143
==138782== 
==138782== 
==138782== HEAP SUMMARY:
==138782==     in use at exit: 676 bytes in 40 blocks
==138782==   total heap usage: 129 allocs, 89 frees, 3,889 bytes allocated
==138782== 
==138782== LEAK SUMMARY:
==138782==    definitely lost: 374 bytes in 6 blocks
==138782==    indirectly lost: 302 bytes in 34 blocks
==138782==      possibly lost: 0 bytes in 0 blocks
==138782==    still reachable: 0 bytes in 0 blocks
==138782==         suppressed: 0 bytes in 0 blocks
==138782== Rerun with --leak-check=full to see details of leaked memory
==138782== 
==138782== For lists of detected and suppressed errors, rerun with: -s
==138782== ERROR SUMMARY: 0 errors from 0 contexts (suppressed: 0 from 0)
Running valgrind on ./maps/bad/textures_duplicates.cub...

[0;31m Error:[Texture save] Duplicate found
[0m Exit code: 1
‚ö†Ô∏è No Valgrind alerts, but with leaks[0m  
==138946== Memcheck, a memory error detector
==138946== Copyright (C) 2002-2022, and GNU GPL'd, by Julian Seward et al.
==138946== Using Valgrind-3.22.0 and LibVEX; rerun with -h for copyright info
==138946== Command: ./cub3d ./maps/bad/textures_duplicates.cub
==138946== Parent PID: 138143
==138946== 
==138946== 
==138946== HEAP SUMMARY:
==138946==     in use at exit: 750 bytes in 42 blocks
==138946==   total heap usage: 135 allocs, 93 frees, 4,203 bytes allocated
==138946== 
==138946== LEAK SUMMARY:
==138946==    definitely lost: 413 bytes in 7 blocks
==138946==    indirectly lost: 337 bytes in 35 blocks
==138946==      possibly lost: 0 bytes in 0 blocks
==138946==    still reachable: 0 bytes in 0 blocks
==138946==         suppressed: 0 bytes in 0 blocks
==138946== Rerun with --leak-check=full to see details of leaked memory
==138946== 
==138946== For lists of detected and suppressed errors, rerun with: -s
==138946== ERROR SUMMARY: 0 errors from 0 contexts (suppressed: 0 from 0)
Running valgrind on ./maps/bad/textures_invalid.cub...

[0;31m Error:[Texture verification] invalid texture format
[0m Exit code: 1
‚ö†Ô∏è No Valgrind alerts, but with leaks[0m  
==138949== Memcheck, a memory error detector
==138949== Copyright (C) 2002-2022, and GNU GPL'd, by Julian Seward et al.
==138949== Using Valgrind-3.22.0 and LibVEX; rerun with -h for copyright info
==138949== Command: ./cub3d ./maps/bad/textures_invalid.cub
==138949== Parent PID: 138143
==138949== 
==138949== 
==138949== HEAP SUMMARY:
==138949==     in use at exit: 678 bytes in 40 blocks
==138949==   total heap usage: 129 allocs, 89 frees, 3,886 bytes allocated
==138949== 
==138949== LEAK SUMMARY:
==138949==    definitely lost: 375 bytes in 6 blocks
==138949==    indirectly lost: 303 bytes in 34 blocks
==138949==      possibly lost: 0 bytes in 0 blocks
==138949==    still reachable: 0 bytes in 0 blocks
==138949==         suppressed: 0 bytes in 0 blocks
==138949== Rerun with --leak-check=full to see details of leaked memory
==138949== 
==138949== For lists of detected and suppressed errors, rerun with: -s
==138949== ERROR SUMMARY: 0 errors from 0 contexts (suppressed: 0 from 0)
Running valgrind on ./maps/bad/textures_missing.cub...

[0;31m Error:[Texture] textures are not complete
[0m Exit code: 1
‚ö†Ô∏è No Valgrind alerts, but with leaks[0m  
==138952== Memcheck, a memory error detector
==138952== Copyright (C) 2002-2022, and GNU GPL'd, by Julian Seward et al.
==138952== Using Valgrind-3.22.0 and LibVEX; rerun with -h for copyright info
==138952== Command: ./cub3d ./maps/bad/textures_missing.cub
==138952== Parent PID: 138143
==138952== 
==138952== 
==138952== HEAP SUMMARY:
==138952==     in use at exit: 632 bytes in 38 blocks
==138952==   total heap usage: 123 allocs, 85 frees, 3,582 bytes allocated
==138952== 
==138952== LEAK SUMMARY:
==138952==    definitely lost: 350 bytes in 5 blocks
==138952==    indirectly lost: 282 bytes in 33 blocks
==138952==      possibly lost: 0 bytes in 0 blocks
==138952==    still reachable: 0 bytes in 0 blocks
==138952==         suppressed: 0 bytes in 0 blocks
==138952== Rerun with --leak-check=full to see details of leaked memory
==138952== 
==138952== For lists of detected and suppressed errors, rerun with: -s
==138952== ERROR SUMMARY: 0 errors from 0 contexts (suppressed: 0 from 0)
Running valgrind on ./maps/bad/textures_none.cub...

[0;31m Error:[Texture] textures are not complete
[0m Exit code: 1
‚ö†Ô∏è No Valgrind alerts, but with leaks[0m  
==138955== Memcheck, a memory error detector
==138955== Copyright (C) 2002-2022, and GNU GPL'd, by Julian Seward et al.
==138955== Using Valgrind-3.22.0 and LibVEX; rerun with -h for copyright info
==138955== Command: ./cub3d ./maps/bad/textures_none.cub
==138955== Parent PID: 138143
==138955== 
==138955== 
==138955== HEAP SUMMARY:
==138955==     in use at exit: 446 bytes in 31 blocks
==138955==   total heap usage: 101 allocs, 70 frees, 2,538 bytes allocated
==138955== 
==138955== LEAK SUMMARY:
==138955==    definitely lost: 248 bytes in 2 blocks
==138955==    indirectly lost: 198 bytes in 29 blocks
==138955==      possibly lost: 0 bytes in 0 blocks
==138955==    still reachable: 0 bytes in 0 blocks
==138955==         suppressed: 0 bytes in 0 blocks
==138955== Rerun with --leak-check=full to see details of leaked memory
==138955== 
==138955== For lists of detected and suppressed errors, rerun with: -s
==138955== ERROR SUMMARY: 0 errors from 0 contexts (suppressed: 0 from 0)
Running valgrind on ./maps/bad/textures_not_xpm.cub...

[0;31m Error:[Texture verification] invalid texture format
[0m Exit code: 1
‚ö†Ô∏è No Valgrind alerts, but with leaks[0m  
==138961== Memcheck, a memory error detector
==138961== Copyright (C) 2002-2022, and GNU GPL'd, by Julian Seward et al.
==138961== Using Valgrind-3.22.0 and LibVEX; rerun with -h for copyright info
==138961== Command: ./cub3d ./maps/bad/textures_not_xpm.cub
==138961== Parent PID: 138143
==138961== 
==138961== 
==138961== HEAP SUMMARY:
==138961==     in use at exit: 684 bytes in 40 blocks
==138961==   total heap usage: 129 allocs, 89 frees, 3,879 bytes allocated
==138961== 
==138961== LEAK SUMMARY:
==138961==    definitely lost: 378 bytes in 6 blocks
==138961==    indirectly lost: 306 bytes in 34 blocks
==138961==      possibly lost: 0 bytes in 0 blocks
==138961==    still reachable: 0 bytes in 0 blocks
==138961==         suppressed: 0 bytes in 0 blocks
==138961== Rerun with --leak-check=full to see details of leaked memory
==138961== 
==138961== For lists of detected and suppressed errors, rerun with: -s
==138961== ERROR SUMMARY: 0 errors from 0 contexts (suppressed: 0 from 0)
Running valgrind on ./maps/bad/wall_hole_east.cub...

[0;31m Error:[Walls check] incorrect vertical walls 
[0m Exit code: 1
‚ö†Ô∏è No Valgrind alerts, but with leaks[0m  
==138964== Memcheck, a memory error detector
==138964== Copyright (C) 2002-2022, and GNU GPL'd, by Julian Seward et al.
==138964== Using Valgrind-3.22.0 and LibVEX; rerun with -h for copyright info
==138964== Command: ./cub3d ./maps/bad/wall_hole_east.cub
==138964== Parent PID: 138143
==138964== 
==138964== 
==138964== HEAP SUMMARY:
==138964==     in use at exit: 408 bytes in 22 blocks
==138964==   total heap usage: 125 allocs, 103 frees, 3,829 bytes allocated
==138964== 
==138964== LEAK SUMMARY:
==138964==    definitely lost: 176 bytes in 1 blocks
==138964==    indirectly lost: 232 bytes in 21 blocks
==138964==      possibly lost: 0 bytes in 0 blocks
==138964==    still reachable: 0 bytes in 0 blocks
==138964==         suppressed: 0 bytes in 0 blocks
==138964== Rerun with --leak-check=full to see details of leaked memory
==138964== 
==138964== For lists of detected and suppressed errors, rerun with: -s
==138964== ERROR SUMMARY: 0 errors from 0 contexts (suppressed: 0 from 0)
Running valgrind on ./maps/bad/wall_hole_north.cub...

[0;31m Error:[Walls check] incorrect horizontal walls
[0m Exit code: 1
‚ö†Ô∏è No Valgrind alerts, but with leaks[0m  
==139057== Memcheck, a memory error detector
==139057== Copyright (C) 2002-2022, and GNU GPL'd, by Julian Seward et al.
==139057== Using Valgrind-3.22.0 and LibVEX; rerun with -h for copyright info
==139057== Command: ./cub3d ./maps/bad/wall_hole_north.cub
==139057== Parent PID: 138143
==139057== 
==139057== 
==139057== HEAP SUMMARY:
==139057==     in use at exit: 408 bytes in 22 blocks
==139057==   total heap usage: 125 allocs, 103 frees, 3,829 bytes allocated
==139057== 
==139057== LEAK SUMMARY:
==139057==    definitely lost: 176 bytes in 1 blocks
==139057==    indirectly lost: 232 bytes in 21 blocks
==139057==      possibly lost: 0 bytes in 0 blocks
==139057==    still reachable: 0 bytes in 0 blocks
==139057==         suppressed: 0 bytes in 0 blocks
==139057== Rerun with --leak-check=full to see details of leaked memory
==139057== 
==139057== For lists of detected and suppressed errors, rerun with: -s
==139057== ERROR SUMMARY: 0 errors from 0 contexts (suppressed: 0 from 0)
Running valgrind on ./maps/bad/wall_hole_south.cub...

[0;31m Error:[Walls check] incorrect horizontal walls
[0m Exit code: 1
‚ö†Ô∏è No Valgrind alerts, but with leaks[0m  
==139060== Memcheck, a memory error detector
==139060== Copyright (C) 2002-2022, and GNU GPL'd, by Julian Seward et al.
==139060== Using Valgrind-3.22.0 and LibVEX; rerun with -h for copyright info
==139060== Command: ./cub3d ./maps/bad/wall_hole_south.cub
==139060== Parent PID: 138143
==139060== 
==139060== 
==139060== HEAP SUMMARY:
==139060==     in use at exit: 408 bytes in 22 blocks
==139060==   total heap usage: 125 allocs, 103 frees, 3,829 bytes allocated
==139060== 
==139060== LEAK SUMMARY:
==139060==    definitely lost: 176 bytes in 1 blocks
==139060==    indirectly lost: 232 bytes in 21 blocks
==139060==      possibly lost: 0 bytes in 0 blocks
==139060==    still reachable: 0 bytes in 0 blocks
==139060==         suppressed: 0 bytes in 0 blocks
==139060== Rerun with --leak-check=full to see details of leaked memory
==139060== 
==139060== For lists of detected and suppressed errors, rerun with: -s
==139060== ERROR SUMMARY: 0 errors from 0 contexts (suppressed: 0 from 0)
Running valgrind on ./maps/bad/wall_hole_west.cub...

[0;31m Error:[Map check in file] Invalid map placement or format
[0m Exit code: 1
[0;32m‚úÖ No Valgrind alerts, no leaks[0m  
==139225== Memcheck, a memory error detector
==139225== Copyright (C) 2002-2022, and GNU GPL'd, by Julian Seward et al.
==139225== Using Valgrind-3.22.0 and LibVEX; rerun with -h for copyright info
==139225== Command: ./cub3d ./maps/bad/wall_hole_west.cub
==139225== Parent PID: 138143
==139225== 
==139225== 
==139225== HEAP SUMMARY:
==139225==     in use at exit: 0 bytes in 0 blocks
==139225==   total heap usage: 98 allocs, 98 frees, 3,561 bytes allocated
==139225== 
==139225== All heap blocks were freed -- no leaks are possible
==139225== 
==139225== For lists of detected and suppressed errors, rerun with: -s
==139225== ERROR SUMMARY: 0 errors from 0 contexts (suppressed: 0 from 0)
Running valgrind on ./maps/bad/wall_none.cub...

[0;31m Error:[Map start] No map or incorrect placement
[0m Exit code: 1
[0;32m‚úÖ No Valgrind alerts, no leaks[0m  
==139228== Memcheck, a memory error detector
==139228== Copyright (C) 2002-2022, and GNU GPL'd, by Julian Seward et al.
==139228== Using Valgrind-3.22.0 and LibVEX; rerun with -h for copyright info
==139228== Command: ./cub3d ./maps/bad/wall_none.cub
==139228== Parent PID: 138143
==139228== 
==139228== 
==139228== HEAP SUMMARY:
==139228==     in use at exit: 0 bytes in 0 blocks
==139228==   total heap usage: 98 allocs, 98 frees, 3,561 bytes allocated
==139228== 
==139228== All heap blocks were freed -- no leaks are possible
==139228== 
==139228== For lists of detected and suppressed errors, rerun with: -s
==139228== ERROR SUMMARY: 0 errors from 0 contexts (suppressed: 0 from 0)
Valgrind tests completed. Results saved to test_output.txt.
Starting Valgrind tests...
Running valgrind on ./maps/bad/color_invalid_rgb.cub...

[0;31m Error:[Color] color number out of range
[0m Exit code: 1
[0;31m‚ùå Valgrind alert[0m  
==140531== Memcheck, a memory error detector
==140531== Copyright (C) 2002-2022, and GNU GPL'd, by Julian Seward et al.
==140531== Using Valgrind-3.22.0 and LibVEX; rerun with -h for copyright info
==140531== Command: ./cub3d ./maps/bad/color_invalid_rgb.cub
==140531== Parent PID: 140529
==140531== 
==140531== Invalid read of size 8
==140531==    at 0x10C608: free_memory_array (in /home/yu/Desktop/newnewnew/cub3d_linux/cub3d)
==140531==    by 0x10958F: map (in /home/yu/Desktop/newnewnew/cub3d_linux/cub3d)
==140531==    by 0x10971F: main (in /home/yu/Desktop/newnewnew/cub3d_linux/cub3d)
==140531==  Address 0x4de45f0 is 0 bytes inside a block of size 32 free'd
==140531==    at 0x48882A8: free (in /usr/libexec/valgrind/vgpreload_memcheck-arm64-linux.so)
==140531==    by 0x10C61B: free_memory_array (in /home/yu/Desktop/newnewnew/cub3d_linux/cub3d)
==140531==    by 0x10957B: map (in /home/yu/Desktop/newnewnew/cub3d_linux/cub3d)
==140531==    by 0x10971F: main (in /home/yu/Desktop/newnewnew/cub3d_linux/cub3d)
==140531==  Block was alloc'd at
==140531==    at 0x4885250: malloc (in /usr/libexec/valgrind/vgpreload_memcheck-arm64-linux.so)
==140531==    by 0x10C84B: split_create_array (in /home/yu/Desktop/newnewnew/cub3d_linux/cub3d)
==140531==    by 0x10C927: ft_split_comma (in /home/yu/Desktop/newnewnew/cub3d_linux/cub3d)
==140531==    by 0x10A867: color_array_save (in /home/yu/Desktop/newnewnew/cub3d_linux/cub3d)
==140531==    by 0x10A5AB: color_manipulation (in /home/yu/Desktop/newnewnew/cub3d_linux/cub3d)
==140531==    by 0x109567: map (in /home/yu/Desktop/newnewnew/cub3d_linux/cub3d)
==140531==    by 0x10971F: main (in /home/yu/Desktop/newnewnew/cub3d_linux/cub3d)
==140531== 
==140531== Invalid read of size 8
==140531==    at 0x10C5E4: free_memory_array (in /home/yu/Desktop/newnewnew/cub3d_linux/cub3d)
==140531==    by 0x10958F: map (in /home/yu/Desktop/newnewnew/cub3d_linux/cub3d)
==140531==    by 0x10971F: main (in /home/yu/Desktop/newnewnew/cub3d_linux/cub3d)
==140531==  Address 0x4de45f0 is 0 bytes inside a block of size 32 free'd
==140531==    at 0x48882A8: free (in /usr/libexec/valgrind/vgpreload_memcheck-arm64-linux.so)
==140531==    by 0x10C61B: free_memory_array (in /home/yu/Desktop/newnewnew/cub3d_linux/cub3d)
==140531==    by 0x10957B: map (in /home/yu/Desktop/newnewnew/cub3d_linux/cub3d)
==140531==    by 0x10971F: main (in /home/yu/Desktop/newnewnew/cub3d_linux/cub3d)
==140531==  Block was alloc'd at
==140531==    at 0x4885250: malloc (in /usr/libexec/valgrind/vgpreload_memcheck-arm64-linux.so)
==140531==    by 0x10C84B: split_create_array (in /home/yu/Desktop/newnewnew/cub3d_linux/cub3d)
==140531==    by 0x10C927: ft_split_comma (in /home/yu/Desktop/newnewnew/cub3d_linux/cub3d)
==140531==    by 0x10A867: color_array_save (in /home/yu/Desktop/newnewnew/cub3d_linux/cub3d)
==140531==    by 0x10A5AB: color_manipulation (in /home/yu/Desktop/newnewnew/cub3d_linux/cub3d)
==140531==    by 0x109567: map (in /home/yu/Desktop/newnewnew/cub3d_linux/cub3d)
==140531==    by 0x10971F: main (in /home/yu/Desktop/newnewnew/cub3d_linux/cub3d)
==140531== 
==140531== Invalid free() / delete / delete[] / realloc()
==140531==    at 0x48882A8: free (in /usr/libexec/valgrind/vgpreload_memcheck-arm64-linux.so)
==140531==    by 0x10C5EB: free_memory_array (in /home/yu/Desktop/newnewnew/cub3d_linux/cub3d)
==140531==    by 0x10958F: map (in /home/yu/Desktop/newnewnew/cub3d_linux/cub3d)
==140531==    by 0x10971F: main (in /home/yu/Desktop/newnewnew/cub3d_linux/cub3d)
==140531==  Address 0x4de4650 is 0 bytes inside a block of size 4 free'd
==140531==    at 0x48882A8: free (in /usr/libexec/valgrind/vgpreload_memcheck-arm64-linux.so)
==140531==    by 0x10C5EB: free_memory_array (in /home/yu/Desktop/newnewnew/cub3d_linux/cub3d)
==140531==    by 0x10957B: map (in /home/yu/Desktop/newnewnew/cub3d_linux/cub3d)
==140531==    by 0x10971F: main (in /home/yu/Desktop/newnewnew/cub3d_linux/cub3d)
==140531==  Block was alloc'd at
==140531==    at 0x4885250: malloc (in /usr/libexec/valgrind/vgpreload_memcheck-arm64-linux.so)
==140531==    by 0x10C8AB: split_save_string (in /home/yu/Desktop/newnewnew/cub3d_linux/cub3d)
==140531==    by 0x10CA8B: ft_split_comma (in /home/yu/Desktop/newnewnew/cub3d_linux/cub3d)
==140531==    by 0x10A867: color_array_save (in /home/yu/Desktop/newnewnew/cub3d_linux/cub3d)
==140531==    by 0x10A5AB: color_manipulation (in /home/yu/Desktop/newnewnew/cub3d_linux/cub3d)
==140531==    by 0x109567: map (in /home/yu/Desktop/newnewnew/cub3d_linux/cub3d)
==140531==    by 0x10971F: main (in /home/yu/Desktop/newnewnew/cub3d_linux/cub3d)
==140531== 
==140531== Invalid free() / delete / delete[] / realloc()
==140531==    at 0x48882A8: free (in /usr/libexec/valgrind/vgpreload_memcheck-arm64-linux.so)
==140531==    by 0x10C61B: free_memory_array (in /home/yu/Desktop/newnewnew/cub3d_linux/cub3d)
==140531==    by 0x10958F: map (in /home/yu/Desktop/newnewnew/cub3d_linux/cub3d)
==140531==    by 0x10971F: main (in /home/yu/Desktop/newnewnew/cub3d_linux/cub3d)
==140531==  Address 0x4de45f0 is 0 bytes inside a block of size 32 free'd
==140531==    at 0x48882A8: free (in /usr/libexec/valgrind/vgpreload_memcheck-arm64-linux.so)
==140531==    by 0x10C61B: free_memory_array (in /home/yu/Desktop/newnewnew/cub3d_linux/cub3d)
==140531==    by 0x10957B: map (in /home/yu/Desktop/newnewnew/cub3d_linux/cub3d)
==140531==    by 0x10971F: main (in /home/yu/Desktop/newnewnew/cub3d_linux/cub3d)
==140531==  Block was alloc'd at
==140531==    at 0x4885250: malloc (in /usr/libexec/valgrind/vgpreload_memcheck-arm64-linux.so)
==140531==    by 0x10C84B: split_create_array (in /home/yu/Desktop/newnewnew/cub3d_linux/cub3d)
==140531==    by 0x10C927: ft_split_comma (in /home/yu/Desktop/newnewnew/cub3d_linux/cub3d)
==140531==    by 0x10A867: color_array_save (in /home/yu/Desktop/newnewnew/cub3d_linux/cub3d)
==140531==    by 0x10A5AB: color_manipulation (in /home/yu/Desktop/newnewnew/cub3d_linux/cub3d)
==140531==    by 0x109567: map (in /home/yu/Desktop/newnewnew/cub3d_linux/cub3d)
==140531==    by 0x10971F: main (in /home/yu/Desktop/newnewnew/cub3d_linux/cub3d)
==140531== 
==140531== 
==140531== HEAP SUMMARY:
==140531==     in use at exit: 737 bytes in 45 blocks
==140531==   total heap usage: 145 allocs, 104 frees, 4,212 bytes allocated
==140531== 
==140531== LEAK SUMMARY:
==140531==    definitely lost: 422 bytes in 7 blocks
==140531==    indirectly lost: 315 bytes in 38 blocks
==140531==      possibly lost: 0 bytes in 0 blocks
==140531==    still reachable: 0 bytes in 0 blocks
==140531==         suppressed: 0 bytes in 0 blocks
==140531== Rerun with --leak-check=full to see details of leaked memory
==140531== 
==140531== For lists of detected and suppressed errors, rerun with: -s
==140531== ERROR SUMMARY: 11 errors from 4 contexts (suppressed: 0 from 0)
Running valgrind on ./maps/bad/color_missing_ceiling_rgb.cub...

[0;31m Error:[Color] incorrect numbers
[0m Exit code: 1
[0;31m‚ùå Valgrind alert[0m  
==140534== Memcheck, a memory error detector
==140534== Copyright (C) 2002-2022, and GNU GPL'd, by Julian Seward et al.
==140534== Using Valgrind-3.22.0 and LibVEX; rerun with -h for copyright info
==140534== Command: ./cub3d ./maps/bad/color_missing_ceiling_rgb.cub
==140534== Parent PID: 140529
==140534== 
==140534== Invalid read of size 8
==140534==    at 0x10C608: free_memory_array (in /home/yu/Desktop/newnewnew/cub3d_linux/cub3d)
==140534==    by 0x10958F: map (in /home/yu/Desktop/newnewnew/cub3d_linux/cub3d)
==140534==    by 0x10971F: main (in /home/yu/Desktop/newnewnew/cub3d_linux/cub3d)
==140534==  Address 0x4de45e0 is 0 bytes inside a block of size 24 free'd
==140534==    at 0x48882A8: free (in /usr/libexec/valgrind/vgpreload_memcheck-arm64-linux.so)
==140534==    by 0x10C61B: free_memory_array (in /home/yu/Desktop/newnewnew/cub3d_linux/cub3d)
==140534==    by 0x10957B: map (in /home/yu/Desktop/newnewnew/cub3d_linux/cub3d)
==140534==    by 0x10971F: main (in /home/yu/Desktop/newnewnew/cub3d_linux/cub3d)
==140534==  Block was alloc'd at
==140534==    at 0x4885250: malloc (in /usr/libexec/valgrind/vgpreload_memcheck-arm64-linux.so)
==140534==    by 0x10C84B: split_create_array (in /home/yu/Desktop/newnewnew/cub3d_linux/cub3d)
==140534==    by 0x10C927: ft_split_comma (in /home/yu/Desktop/newnewnew/cub3d_linux/cub3d)
==140534==    by 0x10A867: color_array_save (in /home/yu/Desktop/newnewnew/cub3d_linux/cub3d)
==140534==    by 0x10A5AB: color_manipulation (in /home/yu/Desktop/newnewnew/cub3d_linux/cub3d)
==140534==    by 0x109567: map (in /home/yu/Desktop/newnewnew/cub3d_linux/cub3d)
==140534==    by 0x10971F: main (in /home/yu/Desktop/newnewnew/cub3d_linux/cub3d)
==140534== 
==140534== Invalid read of size 8
==140534==    at 0x10C5E4: free_memory_array (in /home/yu/Desktop/newnewnew/cub3d_linux/cub3d)
==140534==    by 0x10958F: map (in /home/yu/Desktop/newnewnew/cub3d_linux/cub3d)
==140534==    by 0x10971F: main (in /home/yu/Desktop/newnewnew/cub3d_linux/cub3d)
==140534==  Address 0x4de45e0 is 0 bytes inside a block of size 24 free'd
==140534==    at 0x48882A8: free (in /usr/libexec/valgrind/vgpreload_memcheck-arm64-linux.so)
==140534==    by 0x10C61B: free_memory_array (in /home/yu/Desktop/newnewnew/cub3d_linux/cub3d)
==140534==    by 0x10957B: map (in /home/yu/Desktop/newnewnew/cub3d_linux/cub3d)
==140534==    by 0x10971F: main (in /home/yu/Desktop/newnewnew/cub3d_linux/cub3d)
==140534==  Block was alloc'd at
==140534==    at 0x4885250: malloc (in /usr/libexec/valgrind/vgpreload_memcheck-arm64-linux.so)
==140534==    by 0x10C84B: split_create_array (in /home/yu/Desktop/newnewnew/cub3d_linux/cub3d)
==140534==    by 0x10C927: ft_split_comma (in /home/yu/Desktop/newnewnew/cub3d_linux/cub3d)
==140534==    by 0x10A867: color_array_save (in /home/yu/Desktop/newnewnew/cub3d_linux/cub3d)
==140534==    by 0x10A5AB: color_manipulation (in /home/yu/Desktop/newnewnew/cub3d_linux/cub3d)
==140534==    by 0x109567: map (in /home/yu/Desktop/newnewnew/cub3d_linux/cub3d)
==140534==    by 0x10971F: main (in /home/yu/Desktop/newnewnew/cub3d_linux/cub3d)
==140534== 
==140534== Invalid free() / delete / delete[] / realloc()
==140534==    at 0x48882A8: free (in /usr/libexec/valgrind/vgpreload_memcheck-arm64-linux.so)
==140534==    by 0x10C5EB: free_memory_array (in /home/yu/Desktop/newnewnew/cub3d_linux/cub3d)
==140534==    by 0x10958F: map (in /home/yu/Desktop/newnewnew/cub3d_linux/cub3d)
==140534==    by 0x10971F: main (in /home/yu/Desktop/newnewnew/cub3d_linux/cub3d)
==140534==  Address 0x4de4640 is 0 bytes inside a block of size 4 free'd
==140534==    at 0x48882A8: free (in /usr/libexec/valgrind/vgpreload_memcheck-arm64-linux.so)
==140534==    by 0x10C5EB: free_memory_array (in /home/yu/Desktop/newnewnew/cub3d_linux/cub3d)
==140534==    by 0x10957B: map (in /home/yu/Desktop/newnewnew/cub3d_linux/cub3d)
==140534==    by 0x10971F: main (in /home/yu/Desktop/newnewnew/cub3d_linux/cub3d)
==140534==  Block was alloc'd at
==140534==    at 0x4885250: malloc (in /usr/libexec/valgrind/vgpreload_memcheck-arm64-linux.so)
==140534==    by 0x10C8AB: split_save_string (in /home/yu/Desktop/newnewnew/cub3d_linux/cub3d)
==140534==    by 0x10CA8B: ft_split_comma (in /home/yu/Desktop/newnewnew/cub3d_linux/cub3d)
==140534==    by 0x10A867: color_array_save (in /home/yu/Desktop/newnewnew/cub3d_linux/cub3d)
==140534==    by 0x10A5AB: color_manipulation (in /home/yu/Desktop/newnewnew/cub3d_linux/cub3d)
==140534==    by 0x109567: map (in /home/yu/Desktop/newnewnew/cub3d_linux/cub3d)
==140534==    by 0x10971F: main (in /home/yu/Desktop/newnewnew/cub3d_linux/cub3d)
==140534== 
==140534== Invalid free() / delete / delete[] / realloc()
==140534==    at 0x48882A8: free (in /usr/libexec/valgrind/vgpreload_memcheck-arm64-linux.so)
==140534==    by 0x10C61B: free_memory_array (in /home/yu/Desktop/newnewnew/cub3d_linux/cub3d)
==140534==    by 0x10958F: map (in /home/yu/Desktop/newnewnew/cub3d_linux/cub3d)
==140534==    by 0x10971F: main (in /home/yu/Desktop/newnewnew/cub3d_linux/cub3d)
==140534==  Address 0x4de45e0 is 0 bytes inside a block of size 24 free'd
==140534==    at 0x48882A8: free (in /usr/libexec/valgrind/vgpreload_memcheck-arm64-linux.so)
==140534==    by 0x10C61B: free_memory_array (in /home/yu/Desktop/newnewnew/cub3d_linux/cub3d)
==140534==    by 0x10957B: map (in /home/yu/Desktop/newnewnew/cub3d_linux/cub3d)
==140534==    by 0x10971F: main (in /home/yu/Desktop/newnewnew/cub3d_linux/cub3d)
==140534==  Block was alloc'd at
==140534==    at 0x4885250: malloc (in /usr/libexec/valgrind/vgpreload_memcheck-arm64-linux.so)
==140534==    by 0x10C84B: split_create_array (in /home/yu/Desktop/newnewnew/cub3d_linux/cub3d)
==140534==    by 0x10C927: ft_split_comma (in /home/yu/Desktop/newnewnew/cub3d_linux/cub3d)
==140534==    by 0x10A867: color_array_save (in /home/yu/Desktop/newnewnew/cub3d_linux/cub3d)
==140534==    by 0x10A5AB: color_manipulation (in /home/yu/Desktop/newnewnew/cub3d_linux/cub3d)
==140534==    by 0x109567: map (in /home/yu/Desktop/newnewnew/cub3d_linux/cub3d)
==140534==    by 0x10971F: main (in /home/yu/Desktop/newnewnew/cub3d_linux/cub3d)
==140534== 
==140534== 
==140534== HEAP SUMMARY:
==140534==     in use at exit: 730 bytes in 44 blocks
==140534==   total heap usage: 140 allocs, 99 frees, 3,986 bytes allocated
==140534== 
==140534== LEAK SUMMARY:
==140534==    definitely lost: 414 bytes in 7 blocks
==140534==    indirectly lost: 316 bytes in 37 blocks
==140534==      possibly lost: 0 bytes in 0 blocks
==140534==    still reachable: 0 bytes in 0 blocks
==140534==         suppressed: 0 bytes in 0 blocks
==140534== Rerun with --leak-check=full to see details of leaked memory
==140534== 
==140534== For lists of detected and suppressed errors, rerun with: -s
==140534== ERROR SUMMARY: 8 errors from 4 contexts (suppressed: 0 from 0)
Running valgrind on ./maps/bad/color_missing.cub...

[0;31m Error:[Color] colors are not complete
[0m Exit code: 1
[0;31m‚ùå Valgrind alert[0m  
==140625== Memcheck, a memory error detector
==140625== Copyright (C) 2002-2022, and GNU GPL'd, by Julian Seward et al.
==140625== Using Valgrind-3.22.0 and LibVEX; rerun with -h for copyright info
==140625== Command: ./cub3d ./maps/bad/color_missing.cub
==140625== Parent PID: 140529
==140625== 
==140625== Invalid read of size 8
==140625==    at 0x10C608: free_memory_array (in /home/yu/Desktop/newnewnew/cub3d_linux/cub3d)
==140625==    by 0x10958F: map (in /home/yu/Desktop/newnewnew/cub3d_linux/cub3d)
==140625==    by 0x10971F: main (in /home/yu/Desktop/newnewnew/cub3d_linux/cub3d)
==140625==  Address 0x4de4240 is 0 bytes inside a block of size 32 free'd
==140625==    at 0x48882A8: free (in /usr/libexec/valgrind/vgpreload_memcheck-arm64-linux.so)
==140625==    by 0x10C61B: free_memory_array (in /home/yu/Desktop/newnewnew/cub3d_linux/cub3d)
==140625==    by 0x10957B: map (in /home/yu/Desktop/newnewnew/cub3d_linux/cub3d)
==140625==    by 0x10971F: main (in /home/yu/Desktop/newnewnew/cub3d_linux/cub3d)
==140625==  Block was alloc'd at
==140625==    at 0x4885250: malloc (in /usr/libexec/valgrind/vgpreload_memcheck-arm64-linux.so)
==140625==    by 0x10C84B: split_create_array (in /home/yu/Desktop/newnewnew/cub3d_linux/cub3d)
==140625==    by 0x10C927: ft_split_comma (in /home/yu/Desktop/newnewnew/cub3d_linux/cub3d)
==140625==    by 0x10A867: color_array_save (in /home/yu/Desktop/newnewnew/cub3d_linux/cub3d)
==140625==    by 0x10A5AB: color_manipulation (in /home/yu/Desktop/newnewnew/cub3d_linux/cub3d)
==140625==    by 0x109567: map (in /home/yu/Desktop/newnewnew/cub3d_linux/cub3d)
==140625==    by 0x10971F: main (in /home/yu/Desktop/newnewnew/cub3d_linux/cub3d)
==140625== 
==140625== Invalid read of size 8
==140625==    at 0x10C5E4: free_memory_array (in /home/yu/Desktop/newnewnew/cub3d_linux/cub3d)
==140625==    by 0x10958F: map (in /home/yu/Desktop/newnewnew/cub3d_linux/cub3d)
==140625==    by 0x10971F: main (in /home/yu/Desktop/newnewnew/cub3d_linux/cub3d)
==140625==  Address 0x4de4240 is 0 bytes inside a block of size 32 free'd
==140625==    at 0x48882A8: free (in /usr/libexec/valgrind/vgpreload_memcheck-arm64-linux.so)
==140625==    by 0x10C61B: free_memory_array (in /home/yu/Desktop/newnewnew/cub3d_linux/cub3d)
==140625==    by 0x10957B: map (in /home/yu/Desktop/newnewnew/cub3d_linux/cub3d)
==140625==    by 0x10971F: main (in /home/yu/Desktop/newnewnew/cub3d_linux/cub3d)
==140625==  Block was alloc'd at
==140625==    at 0x4885250: malloc (in /usr/libexec/valgrind/vgpreload_memcheck-arm64-linux.so)
==140625==    by 0x10C84B: split_create_array (in /home/yu/Desktop/newnewnew/cub3d_linux/cub3d)
==140625==    by 0x10C927: ft_split_comma (in /home/yu/Desktop/newnewnew/cub3d_linux/cub3d)
==140625==    by 0x10A867: color_array_save (in /home/yu/Desktop/newnewnew/cub3d_linux/cub3d)
==140625==    by 0x10A5AB: color_manipulation (in /home/yu/Desktop/newnewnew/cub3d_linux/cub3d)
==140625==    by 0x109567: map (in /home/yu/Desktop/newnewnew/cub3d_linux/cub3d)
==140625==    by 0x10971F: main (in /home/yu/Desktop/newnewnew/cub3d_linux/cub3d)
==140625== 
==140625== Invalid free() / delete / delete[] / realloc()
==140625==    at 0x48882A8: free (in /usr/libexec/valgrind/vgpreload_memcheck-arm64-linux.so)
==140625==    by 0x10C5EB: free_memory_array (in /home/yu/Desktop/newnewnew/cub3d_linux/cub3d)
==140625==    by 0x10958F: map (in /home/yu/Desktop/newnewnew/cub3d_linux/cub3d)
==140625==    by 0x10971F: main (in /home/yu/Desktop/newnewnew/cub3d_linux/cub3d)
==140625==  Address 0x4de42a0 is 0 bytes inside a block of size 4 free'd
==140625==    at 0x48882A8: free (in /usr/libexec/valgrind/vgpreload_memcheck-arm64-linux.so)
==140625==    by 0x10C5EB: free_memory_array (in /home/yu/Desktop/newnewnew/cub3d_linux/cub3d)
==140625==    by 0x10957B: map (in /home/yu/Desktop/newnewnew/cub3d_linux/cub3d)
==140625==    by 0x10971F: main (in /home/yu/Desktop/newnewnew/cub3d_linux/cub3d)
==140625==  Block was alloc'd at
==140625==    at 0x4885250: malloc (in /usr/libexec/valgrind/vgpreload_memcheck-arm64-linux.so)
==140625==    by 0x10C8AB: split_save_string (in /home/yu/Desktop/newnewnew/cub3d_linux/cub3d)
==140625==    by 0x10CA8B: ft_split_comma (in /home/yu/Desktop/newnewnew/cub3d_linux/cub3d)
==140625==    by 0x10A867: color_array_save (in /home/yu/Desktop/newnewnew/cub3d_linux/cub3d)
==140625==    by 0x10A5AB: color_manipulation (in /home/yu/Desktop/newnewnew/cub3d_linux/cub3d)
==140625==    by 0x109567: map (in /home/yu/Desktop/newnewnew/cub3d_linux/cub3d)
==140625==    by 0x10971F: main (in /home/yu/Desktop/newnewnew/cub3d_linux/cub3d)
==140625== 
==140625== Invalid free() / delete / delete[] / realloc()
==140625==    at 0x48882A8: free (in /usr/libexec/valgrind/vgpreload_memcheck-arm64-linux.so)
==140625==    by 0x10C61B: free_memory_array (in /home/yu/Desktop/newnewnew/cub3d_linux/cub3d)
==140625==    by 0x10958F: map (in /home/yu/Desktop/newnewnew/cub3d_linux/cub3d)
==140625==    by 0x10971F: main (in /home/yu/Desktop/newnewnew/cub3d_linux/cub3d)
==140625==  Address 0x4de4240 is 0 bytes inside a block of size 32 free'd
==140625==    at 0x48882A8: free (in /usr/libexec/valgrind/vgpreload_memcheck-arm64-linux.so)
==140625==    by 0x10C61B: free_memory_array (in /home/yu/Desktop/newnewnew/cub3d_linux/cub3d)
==140625==    by 0x10957B: map (in /home/yu/Desktop/newnewnew/cub3d_linux/cub3d)
==140625==    by 0x10971F: main (in /home/yu/Desktop/newnewnew/cub3d_linux/cub3d)
==140625==  Block was alloc'd at
==140625==    at 0x4885250: malloc (in /usr/libexec/valgrind/vgpreload_memcheck-arm64-linux.so)
==140625==    by 0x10C84B: split_create_array (in /home/yu/Desktop/newnewnew/cub3d_linux/cub3d)
==140625==    by 0x10C927: ft_split_comma (in /home/yu/Desktop/newnewnew/cub3d_linux/cub3d)
==140625==    by 0x10A867: color_array_save (in /home/yu/Desktop/newnewnew/cub3d_linux/cub3d)
==140625==    by 0x10A5AB: color_manipulation (in /home/yu/Desktop/newnewnew/cub3d_linux/cub3d)
==140625==    by 0x109567: map (in /home/yu/Desktop/newnewnew/cub3d_linux/cub3d)
==140625==    by 0x10971F: main (in /home/yu/Desktop/newnewnew/cub3d_linux/cub3d)
==140625== 
==140625== 
==140625== HEAP SUMMARY:
==140625==     in use at exit: 672 bytes in 39 blocks
==140625==   total heap usage: 131 allocs, 96 frees, 3,780 bytes allocated
==140625== 
==140625== LEAK SUMMARY:
==140625==    definitely lost: 374 bytes in 6 blocks
==140625==    indirectly lost: 298 bytes in 33 blocks
==140625==      possibly lost: 0 bytes in 0 blocks
==140625==    still reachable: 0 bytes in 0 blocks
==140625==         suppressed: 0 bytes in 0 blocks
==140625== Rerun with --leak-check=full to see details of leaked memory
==140625== 
==140625== For lists of detected and suppressed errors, rerun with: -s
==140625== ERROR SUMMARY: 11 errors from 4 contexts (suppressed: 0 from 0)
Running valgrind on ./maps/bad/color_missing_floor_rgb.cub...

[0;31m Error:[Color] incorrect numbers
[0m Exit code: 1
[0;31m‚ùå Valgrind alert[0m  
==140628== Memcheck, a memory error detector
==140628== Copyright (C) 2002-2022, and GNU GPL'd, by Julian Seward et al.
==140628== Using Valgrind-3.22.0 and LibVEX; rerun with -h for copyright info
==140628== Command: ./cub3d ./maps/bad/color_missing_floor_rgb.cub
==140628== Parent PID: 140529
==140628== 
==140628== Invalid read of size 8
==140628==    at 0x10C608: free_memory_array (in /home/yu/Desktop/newnewnew/cub3d_linux/cub3d)
==140628==    by 0x10958F: map (in /home/yu/Desktop/newnewnew/cub3d_linux/cub3d)
==140628==    by 0x10971F: main (in /home/yu/Desktop/newnewnew/cub3d_linux/cub3d)
==140628==  Address 0x4de4590 is 0 bytes inside a block of size 32 free'd
==140628==    at 0x48882A8: free (in /usr/libexec/valgrind/vgpreload_memcheck-arm64-linux.so)
==140628==    by 0x10C61B: free_memory_array (in /home/yu/Desktop/newnewnew/cub3d_linux/cub3d)
==140628==    by 0x10957B: map (in /home/yu/Desktop/newnewnew/cub3d_linux/cub3d)
==140628==    by 0x10971F: main (in /home/yu/Desktop/newnewnew/cub3d_linux/cub3d)
==140628==  Block was alloc'd at
==140628==    at 0x4885250: malloc (in /usr/libexec/valgrind/vgpreload_memcheck-arm64-linux.so)
==140628==    by 0x10C84B: split_create_array (in /home/yu/Desktop/newnewnew/cub3d_linux/cub3d)
==140628==    by 0x10C927: ft_split_comma (in /home/yu/Desktop/newnewnew/cub3d_linux/cub3d)
==140628==    by 0x10A867: color_array_save (in /home/yu/Desktop/newnewnew/cub3d_linux/cub3d)
==140628==    by 0x10A5AB: color_manipulation (in /home/yu/Desktop/newnewnew/cub3d_linux/cub3d)
==140628==    by 0x109567: map (in /home/yu/Desktop/newnewnew/cub3d_linux/cub3d)
==140628==    by 0x10971F: main (in /home/yu/Desktop/newnewnew/cub3d_linux/cub3d)
==140628== 
==140628== Invalid read of size 8
==140628==    at 0x10C5E4: free_memory_array (in /home/yu/Desktop/newnewnew/cub3d_linux/cub3d)
==140628==    by 0x10958F: map (in /home/yu/Desktop/newnewnew/cub3d_linux/cub3d)
==140628==    by 0x10971F: main (in /home/yu/Desktop/newnewnew/cub3d_linux/cub3d)
==140628==  Address 0x4de4590 is 0 bytes inside a block of size 32 free'd
==140628==    at 0x48882A8: free (in /usr/libexec/valgrind/vgpreload_memcheck-arm64-linux.so)
==140628==    by 0x10C61B: free_memory_array (in /home/yu/Desktop/newnewnew/cub3d_linux/cub3d)
==140628==    by 0x10957B: map (in /home/yu/Desktop/newnewnew/cub3d_linux/cub3d)
==140628==    by 0x10971F: main (in /home/yu/Desktop/newnewnew/cub3d_linux/cub3d)
==140628==  Block was alloc'd at
==140628==    at 0x4885250: malloc (in /usr/libexec/valgrind/vgpreload_memcheck-arm64-linux.so)
==140628==    by 0x10C84B: split_create_array (in /home/yu/Desktop/newnewnew/cub3d_linux/cub3d)
==140628==    by 0x10C927: ft_split_comma (in /home/yu/Desktop/newnewnew/cub3d_linux/cub3d)
==140628==    by 0x10A867: color_array_save (in /home/yu/Desktop/newnewnew/cub3d_linux/cub3d)
==140628==    by 0x10A5AB: color_manipulation (in /home/yu/Desktop/newnewnew/cub3d_linux/cub3d)
==140628==    by 0x109567: map (in /home/yu/Desktop/newnewnew/cub3d_linux/cub3d)
==140628==    by 0x10971F: main (in /home/yu/Desktop/newnewnew/cub3d_linux/cub3d)
==140628== 
==140628== Invalid free() / delete / delete[] / realloc()
==140628==    at 0x48882A8: free (in /usr/libexec/valgrind/vgpreload_memcheck-arm64-linux.so)
==140628==    by 0x10C5EB: free_memory_array (in /home/yu/Desktop/newnewnew/cub3d_linux/cub3d)
==140628==    by 0x10958F: map (in /home/yu/Desktop/newnewnew/cub3d_linux/cub3d)
==140628==    by 0x10971F: main (in /home/yu/Desktop/newnewnew/cub3d_linux/cub3d)
==140628==  Address 0x4de45f0 is 0 bytes inside a block of size 4 free'd
==140628==    at 0x48882A8: free (in /usr/libexec/valgrind/vgpreload_memcheck-arm64-linux.so)
==140628==    by 0x10C5EB: free_memory_array (in /home/yu/Desktop/newnewnew/cub3d_linux/cub3d)
==140628==    by 0x10957B: map (in /home/yu/Desktop/newnewnew/cub3d_linux/cub3d)
==140628==    by 0x10971F: main (in /home/yu/Desktop/newnewnew/cub3d_linux/cub3d)
==140628==  Block was alloc'd at
==140628==    at 0x4885250: malloc (in /usr/libexec/valgrind/vgpreload_memcheck-arm64-linux.so)
==140628==    by 0x10C8AB: split_save_string (in /home/yu/Desktop/newnewnew/cub3d_linux/cub3d)
==140628==    by 0x10CA8B: ft_split_comma (in /home/yu/Desktop/newnewnew/cub3d_linux/cub3d)
==140628==    by 0x10A867: color_array_save (in /home/yu/Desktop/newnewnew/cub3d_linux/cub3d)
==140628==    by 0x10A5AB: color_manipulation (in /home/yu/Desktop/newnewnew/cub3d_linux/cub3d)
==140628==    by 0x109567: map (in /home/yu/Desktop/newnewnew/cub3d_linux/cub3d)
==140628==    by 0x10971F: main (in /home/yu/Desktop/newnewnew/cub3d_linux/cub3d)
==140628== 
==140628== Invalid free() / delete / delete[] / realloc()
==140628==    at 0x48882A8: free (in /usr/libexec/valgrind/vgpreload_memcheck-arm64-linux.so)
==140628==    by 0x10C61B: free_memory_array (in /home/yu/Desktop/newnewnew/cub3d_linux/cub3d)
==140628==    by 0x10958F: map (in /home/yu/Desktop/newnewnew/cub3d_linux/cub3d)
==140628==    by 0x10971F: main (in /home/yu/Desktop/newnewnew/cub3d_linux/cub3d)
==140628==  Address 0x4de4590 is 0 bytes inside a block of size 32 free'd
==140628==    at 0x48882A8: free (in /usr/libexec/valgrind/vgpreload_memcheck-arm64-linux.so)
==140628==    by 0x10C61B: free_memory_array (in /home/yu/Desktop/newnewnew/cub3d_linux/cub3d)
==140628==    by 0x10957B: map (in /home/yu/Desktop/newnewnew/cub3d_linux/cub3d)
==140628==    by 0x10971F: main (in /home/yu/Desktop/newnewnew/cub3d_linux/cub3d)
==140628==  Block was alloc'd at
==140628==    at 0x4885250: malloc (in /usr/libexec/valgrind/vgpreload_memcheck-arm64-linux.so)
==140628==    by 0x10C84B: split_create_array (in /home/yu/Desktop/newnewnew/cub3d_linux/cub3d)
==140628==    by 0x10C927: ft_split_comma (in /home/yu/Desktop/newnewnew/cub3d_linux/cub3d)
==140628==    by 0x10A867: color_array_save (in /home/yu/Desktop/newnewnew/cub3d_linux/cub3d)
==140628==    by 0x10A5AB: color_manipulation (in /home/yu/Desktop/newnewnew/cub3d_linux/cub3d)
==140628==    by 0x109567: map (in /home/yu/Desktop/newnewnew/cub3d_linux/cub3d)
==140628==    by 0x10971F: main (in /home/yu/Desktop/newnewnew/cub3d_linux/cub3d)
==140628== 
==140628== 
==140628== HEAP SUMMARY:
==140628==     in use at exit: 719 bytes in 43 blocks
==140628==   total heap usage: 140 allocs, 101 frees, 3,993 bytes allocated
==140628== 
==140628== LEAK SUMMARY:
==140628==    definitely lost: 406 bytes in 7 blocks
==140628==    indirectly lost: 313 bytes in 36 blocks
==140628==      possibly lost: 0 bytes in 0 blocks
==140628==    still reachable: 0 bytes in 0 blocks
==140628==         suppressed: 0 bytes in 0 blocks
==140628== Rerun with --leak-check=full to see details of leaked memory
==140628== 
==140628== For lists of detected and suppressed errors, rerun with: -s
==140628== ERROR SUMMARY: 11 errors from 4 contexts (suppressed: 0 from 0)
Running valgrind on ./maps/bad/color_none.cub...

[0;31m Error:[Color] colors are not complete
[0m Exit code: 1
‚ö†Ô∏è No Valgrind alerts, but with leaks[0m  
==140792== Memcheck, a memory error detector
==140792== Copyright (C) 2002-2022, and GNU GPL'd, by Julian Seward et al.
==140792== Using Valgrind-3.22.0 and LibVEX; rerun with -h for copyright info
==140792== Command: ./cub3d ./maps/bad/color_none.cub
==140792== Parent PID: 140529
==140792== 
==140792== 
==140792== HEAP SUMMARY:
==140792==     in use at exit: 639 bytes in 37 blocks
==140792==   total heap usage: 116 allocs, 79 frees, 3,196 bytes allocated
==140792== 
==140792== LEAK SUMMARY:
==140792==    definitely lost: 358 bytes in 6 blocks
==140792==    indirectly lost: 281 bytes in 31 blocks
==140792==      possibly lost: 0 bytes in 0 blocks
==140792==    still reachable: 0 bytes in 0 blocks
==140792==         suppressed: 0 bytes in 0 blocks
==140792== Rerun with --leak-check=full to see details of leaked memory
==140792== 
==140792== For lists of detected and suppressed errors, rerun with: -s
==140792== ERROR SUMMARY: 0 errors from 0 contexts (suppressed: 0 from 0)
Running valgrind on ./maps/bad/empty.cub...
[0;31m Error:[Read file] file is empty
[0m Exit code: 1
[0;32m‚úÖ No Valgrind alerts, no leaks[0m  
==140795== Memcheck, a memory error detector
==140795== Copyright (C) 2002-2022, and GNU GPL'd, by Julian Seward et al.
==140795== Using Valgrind-3.22.0 and LibVEX; rerun with -h for copyright info
==140795== Command: ./cub3d ./maps/bad/empty.cub
==140795== Parent PID: 140529
==140795== 
==140795== 
==140795== HEAP SUMMARY:
==140795==     in use at exit: 0 bytes in 0 blocks
==140795==   total heap usage: 5 allocs, 5 frees, 170 bytes allocated
==140795== 
==140795== All heap blocks were freed -- no leaks are possible
==140795== 
==140795== For lists of detected and suppressed errors, rerun with: -s
==140795== ERROR SUMMARY: 0 errors from 0 contexts (suppressed: 0 from 0)
Running valgrind on ./maps/bad/file_letter_end.cub...

[0;31m Error:[Map validation] Empty line found
[0m Exit code: 1
[0;32m‚úÖ No Valgrind alerts, no leaks[0m  
==140798== Memcheck, a memory error detector
==140798== Copyright (C) 2002-2022, and GNU GPL'd, by Julian Seward et al.
==140798== Using Valgrind-3.22.0 and LibVEX; rerun with -h for copyright info
==140798== Command: ./cub3d ./maps/bad/file_letter_end.cub
==140798== Parent PID: 140529
==140798== 
==140798== 
==140798== HEAP SUMMARY:
==140798==     in use at exit: 0 bytes in 0 blocks
==140798==   total heap usage: 155 allocs, 155 frees, 7,353 bytes allocated
==140798== 
==140798== All heap blocks were freed -- no leaks are possible
==140798== 
==140798== For lists of detected and suppressed errors, rerun with: -s
==140798== ERROR SUMMARY: 0 errors from 0 contexts (suppressed: 0 from 0)
Running valgrind on ./maps/bad/filetype_missing...
[0;31m Error:[Check args] no map or invalid map extension
[0m Exit code: 1
[0;32m‚úÖ No Valgrind alerts, no leaks[0m  
==140801== Memcheck, a memory error detector
==140801== Copyright (C) 2002-2022, and GNU GPL'd, by Julian Seward et al.
==140801== Using Valgrind-3.22.0 and LibVEX; rerun with -h for copyright info
==140801== Command: ./cub3d ./maps/bad/filetype_missing
==140801== Parent PID: 140529
==140801== 
==140801== 
==140801== HEAP SUMMARY:
==140801==     in use at exit: 0 bytes in 0 blocks
==140801==   total heap usage: 3 allocs, 3 frees, 144 bytes allocated
==140801== 
==140801== All heap blocks were freed -- no leaks are possible
==140801== 
==140801== For lists of detected and suppressed errors, rerun with: -s
==140801== ERROR SUMMARY: 0 errors from 0 contexts (suppressed: 0 from 0)
Running valgrind on ./maps/bad/filetype_wrong.buc...
[0;31m Error:[Check args] no map or invalid map extension
[0m Exit code: 1
[0;32m‚úÖ No Valgrind alerts, no leaks[0m  
==140804== Memcheck, a memory error detector
==140804== Copyright (C) 2002-2022, and GNU GPL'd, by Julian Seward et al.
==140804== Using Valgrind-3.22.0 and LibVEX; rerun with -h for copyright info
==140804== Command: ./cub3d ./maps/bad/filetype_wrong.buc
==140804== Parent PID: 140529
==140804== 
==140804== 
==140804== HEAP SUMMARY:
==140804==     in use at exit: 0 bytes in 0 blocks
==140804==   total heap usage: 3 allocs, 3 frees, 144 bytes allocated
==140804== 
==140804== All heap blocks were freed -- no leaks are possible
==140804== 
==140804== For lists of detected and suppressed errors, rerun with: -s
==140804== ERROR SUMMARY: 0 errors from 0 contexts (suppressed: 0 from 0)
Running valgrind on ./maps/bad/map_first.cub...

[0;31m Error:[Map start] No map or incorrect placement
[0m Exit code: 1
[0;32m‚úÖ No Valgrind alerts, no leaks[0m  
==140895== Memcheck, a memory error detector
==140895== Copyright (C) 2002-2022, and GNU GPL'd, by Julian Seward et al.
==140895== Using Valgrind-3.22.0 and LibVEX; rerun with -h for copyright info
==140895== Command: ./cub3d ./maps/bad/map_first.cub
==140895== Parent PID: 140529
==140895== 
==140895== 
==140895== HEAP SUMMARY:
==140895==     in use at exit: 0 bytes in 0 blocks
==140895==   total heap usage: 98 allocs, 98 frees, 3,476 bytes allocated
==140895== 
==140895== All heap blocks were freed -- no leaks are possible
==140895== 
==140895== For lists of detected and suppressed errors, rerun with: -s
==140895== ERROR SUMMARY: 0 errors from 0 contexts (suppressed: 0 from 0)
Running valgrind on ./maps/bad/map_middle.cub...

[0;31m Error:[Map check in file] Invalid map placement or format
[0m Exit code: 1
[0;32m‚úÖ No Valgrind alerts, no leaks[0m  
==140898== Memcheck, a memory error detector
==140898== Copyright (C) 2002-2022, and GNU GPL'd, by Julian Seward et al.
==140898== Using Valgrind-3.22.0 and LibVEX; rerun with -h for copyright info
==140898== Command: ./cub3d ./maps/bad/map_middle.cub
==140898== Parent PID: 140529
==140898== 
==140898== 
==140898== HEAP SUMMARY:
==140898==     in use at exit: 0 bytes in 0 blocks
==140898==   total heap usage: 106 allocs, 106 frees, 3,963 bytes allocated
==140898== 
==140898== All heap blocks were freed -- no leaks are possible
==140898== 
==140898== For lists of detected and suppressed errors, rerun with: -s
==140898== ERROR SUMMARY: 0 errors from 0 contexts (suppressed: 0 from 0)
Running valgrind on ./maps/bad/map_missing.cub...
Starting Valgrind tests...
Running valgrind on ./maps/bad/color_invalid_rgb.cub...

[0;31m Error:[Color] color number out of range
[0m Exit code: 1
‚ö†Ô∏è No Valgrind alerts, but with leaks[0m  
==141141== Memcheck, a memory error detector
==141141== Copyright (C) 2002-2022, and GNU GPL'd, by Julian Seward et al.
==141141== Using Valgrind-3.22.0 and LibVEX; rerun with -h for copyright info
==141141== Command: ./cub3d ./maps/bad/color_invalid_rgb.cub
==141141== Parent PID: 141139
==141141== 
==141141== 
==141141== HEAP SUMMARY:
==141141==     in use at exit: 779 bytes in 49 blocks
==141141==   total heap usage: 145 allocs, 96 frees, 4,212 bytes allocated
==141141== 
==141141== LEAK SUMMARY:
==141141==    definitely lost: 454 bytes in 8 blocks
==141141==    indirectly lost: 325 bytes in 41 blocks
==141141==      possibly lost: 0 bytes in 0 blocks
==141141==    still reachable: 0 bytes in 0 blocks
==141141==         suppressed: 0 bytes in 0 blocks
==141141== Rerun with --leak-check=full to see details of leaked memory
==141141== 
==141141== For lists of detected and suppressed errors, rerun with: -s
==141141== ERROR SUMMARY: 0 errors from 0 contexts (suppressed: 0 from 0)
Running valgrind on ./maps/bad/color_missing_ceiling_rgb.cub...

[0;31m Error:[Color] incorrect numbers
[0m Exit code: 1
‚ö†Ô∏è No Valgrind alerts, but with leaks[0m  
==141144== Memcheck, a memory error detector
==141144== Copyright (C) 2002-2022, and GNU GPL'd, by Julian Seward et al.
==141144== Using Valgrind-3.22.0 and LibVEX; rerun with -h for copyright info
==141144== Command: ./cub3d ./maps/bad/color_missing_ceiling_rgb.cub
==141144== Parent PID: 141139
==141144== 
==141144== 
==141144== HEAP SUMMARY:
==141144==     in use at exit: 762 bytes in 47 blocks
==141144==   total heap usage: 140 allocs, 93 frees, 3,986 bytes allocated
==141144== 
==141144== LEAK SUMMARY:
==141144==    definitely lost: 438 bytes in 8 blocks
==141144==    indirectly lost: 324 bytes in 39 blocks
==141144==      possibly lost: 0 bytes in 0 blocks
==141144==    still reachable: 0 bytes in 0 blocks
==141144==         suppressed: 0 bytes in 0 blocks
==141144== Rerun with --leak-check=full to see details of leaked memory
==141144== 
==141144== For lists of detected and suppressed errors, rerun with: -s
==141144== ERROR SUMMARY: 0 errors from 0 contexts (suppressed: 0 from 0)
Running valgrind on ./maps/bad/color_missing.cub...

[0;31m Error:[Color] colors are not complete
[0m Exit code: 1
‚ö†Ô∏è No Valgrind alerts, but with leaks[0m  
==141240== Memcheck, a memory error detector
==141240== Copyright (C) 2002-2022, and GNU GPL'd, by Julian Seward et al.
==141240== Using Valgrind-3.22.0 and LibVEX; rerun with -h for copyright info
==141240== Command: ./cub3d ./maps/bad/color_missing.cub
==141240== Parent PID: 141139
==141240== 
==141240== 
==141240== HEAP SUMMARY:
==141240==     in use at exit: 716 bytes in 43 blocks
==141240==   total heap usage: 131 allocs, 88 frees, 3,780 bytes allocated
==141240== 
==141240== LEAK SUMMARY:
==141240==    definitely lost: 406 bytes in 7 blocks
==141240==    indirectly lost: 310 bytes in 36 blocks
==141240==      possibly lost: 0 bytes in 0 blocks
==141240==    still reachable: 0 bytes in 0 blocks
==141240==         suppressed: 0 bytes in 0 blocks
==141240== Rerun with --leak-check=full to see details of leaked memory
==141240== 
==141240== For lists of detected and suppressed errors, rerun with: -s
==141240== ERROR SUMMARY: 0 errors from 0 contexts (suppressed: 0 from 0)
Running valgrind on ./maps/bad/color_missing_floor_rgb.cub...

[0;31m Error:[Color] incorrect numbers
[0m Exit code: 1
‚ö†Ô∏è No Valgrind alerts, but with leaks[0m  
==141243== Memcheck, a memory error detector
==141243== Copyright (C) 2002-2022, and GNU GPL'd, by Julian Seward et al.
==141243== Using Valgrind-3.22.0 and LibVEX; rerun with -h for copyright info
==141243== Command: ./cub3d ./maps/bad/color_missing_floor_rgb.cub
==141243== Parent PID: 141139
==141243== 
==141243== 
==141243== HEAP SUMMARY:
==141243==     in use at exit: 763 bytes in 47 blocks
==141243==   total heap usage: 140 allocs, 93 frees, 3,993 bytes allocated
==141243== 
==141243== LEAK SUMMARY:
==141243==    definitely lost: 438 bytes in 8 blocks
==141243==    indirectly lost: 325 bytes in 39 blocks
==141243==      possibly lost: 0 bytes in 0 blocks
==141243==    still reachable: 0 bytes in 0 blocks
==141243==         suppressed: 0 bytes in 0 blocks
==141243== Rerun with --leak-check=full to see details of leaked memory
==141243== 
==141243== For lists of detected and suppressed errors, rerun with: -s
==141243== ERROR SUMMARY: 0 errors from 0 contexts (suppressed: 0 from 0)
Running valgrind on ./maps/bad/color_none.cub...

[0;31m Error:[Color] colors are not complete
[0m Exit code: 1
‚ö†Ô∏è No Valgrind alerts, but with leaks[0m  
==141425== Memcheck, a memory error detector
==141425== Copyright (C) 2002-2022, and GNU GPL'd, by Julian Seward et al.
==141425== Using Valgrind-3.22.0 and LibVEX; rerun with -h for copyright info
==141425== Command: ./cub3d ./maps/bad/color_none.cub
==141425== Parent PID: 141139
==141425== 
==141425== 
==141425== HEAP SUMMARY:
==141425==     in use at exit: 639 bytes in 37 blocks
==141425==   total heap usage: 116 allocs, 79 frees, 3,196 bytes allocated
==141425== 
==141425== LEAK SUMMARY:
==141425==    definitely lost: 358 bytes in 6 blocks
==141425==    indirectly lost: 281 bytes in 31 blocks
==141425==      possibly lost: 0 bytes in 0 blocks
==141425==    still reachable: 0 bytes in 0 blocks
==141425==         suppressed: 0 bytes in 0 blocks
==141425== Rerun with --leak-check=full to see details of leaked memory
==141425== 
==141425== For lists of detected and suppressed errors, rerun with: -s
==141425== ERROR SUMMARY: 0 errors from 0 contexts (suppressed: 0 from 0)
Running valgrind on ./maps/bad/empty.cub...
[0;31m Error:[Read file] file is empty
[0m Exit code: 1
[0;32m‚úÖ No Valgrind alerts, no leaks[0m  
==141428== Memcheck, a memory error detector
==141428== Copyright (C) 2002-2022, and GNU GPL'd, by Julian Seward et al.
==141428== Using Valgrind-3.22.0 and LibVEX; rerun with -h for copyright info
==141428== Command: ./cub3d ./maps/bad/empty.cub
==141428== Parent PID: 141139
==141428== 
==141428== 
==141428== HEAP SUMMARY:
==141428==     in use at exit: 0 bytes in 0 blocks
==141428==   total heap usage: 5 allocs, 5 frees, 170 bytes allocated
==141428== 
==141428== All heap blocks were freed -- no leaks are possible
==141428== 
==141428== For lists of detected and suppressed errors, rerun with: -s
==141428== ERROR SUMMARY: 0 errors from 0 contexts (suppressed: 0 from 0)
Running valgrind on ./maps/bad/file_letter_end.cub...

[0;31m Error:[Map validation] Empty line found
[0m Exit code: 1
[0;32m‚úÖ No Valgrind alerts, no leaks[0m  
==141431== Memcheck, a memory error detector
==141431== Copyright (C) 2002-2022, and GNU GPL'd, by Julian Seward et al.
==141431== Using Valgrind-3.22.0 and LibVEX; rerun with -h for copyright info
==141431== Command: ./cub3d ./maps/bad/file_letter_end.cub
==141431== Parent PID: 141139
==141431== 
==141431== 
==141431== HEAP SUMMARY:
==141431==     in use at exit: 0 bytes in 0 blocks
==141431==   total heap usage: 155 allocs, 155 frees, 7,353 bytes allocated
==141431== 
==141431== All heap blocks were freed -- no leaks are possible
==141431== 
==141431== For lists of detected and suppressed errors, rerun with: -s
==141431== ERROR SUMMARY: 0 errors from 0 contexts (suppressed: 0 from 0)
Running valgrind on ./maps/bad/filetype_missing...
[0;31m Error:[Check args] no map or invalid map extension
[0m Exit code: 1
[0;32m‚úÖ No Valgrind alerts, no leaks[0m  
==141527== Memcheck, a memory error detector
==141527== Copyright (C) 2002-2022, and GNU GPL'd, by Julian Seward et al.
==141527== Using Valgrind-3.22.0 and LibVEX; rerun with -h for copyright info
==141527== Command: ./cub3d ./maps/bad/filetype_missing
==141527== Parent PID: 141139
==141527== 
==141527== 
==141527== HEAP SUMMARY:
==141527==     in use at exit: 0 bytes in 0 blocks
==141527==   total heap usage: 3 allocs, 3 frees, 144 bytes allocated
==141527== 
==141527== All heap blocks were freed -- no leaks are possible
==141527== 
==141527== For lists of detected and suppressed errors, rerun with: -s
==141527== ERROR SUMMARY: 0 errors from 0 contexts (suppressed: 0 from 0)
Running valgrind on ./maps/bad/filetype_wrong.buc...
[0;31m Error:[Check args] no map or invalid map extension
[0m Exit code: 1
[0;32m‚úÖ No Valgrind alerts, no leaks[0m  
==141530== Memcheck, a memory error detector
==141530== Copyright (C) 2002-2022, and GNU GPL'd, by Julian Seward et al.
==141530== Using Valgrind-3.22.0 and LibVEX; rerun with -h for copyright info
==141530== Command: ./cub3d ./maps/bad/filetype_wrong.buc
==141530== Parent PID: 141139
==141530== 
==141530== 
==141530== HEAP SUMMARY:
==141530==     in use at exit: 0 bytes in 0 blocks
==141530==   total heap usage: 3 allocs, 3 frees, 144 bytes allocated
==141530== 
==141530== All heap blocks were freed -- no leaks are possible
==141530== 
==141530== For lists of detected and suppressed errors, rerun with: -s
==141530== ERROR SUMMARY: 0 errors from 0 contexts (suppressed: 0 from 0)
Running valgrind on ./maps/bad/map_first.cub...

[0;31m Error:[Map start] No map or incorrect placement
[0m Exit code: 1
[0;32m‚úÖ No Valgrind alerts, no leaks[0m  
==141704== Memcheck, a memory error detector
==141704== Copyright (C) 2002-2022, and GNU GPL'd, by Julian Seward et al.
==141704== Using Valgrind-3.22.0 and LibVEX; rerun with -h for copyright info
==141704== Command: ./cub3d ./maps/bad/map_first.cub
==141704== Parent PID: 141139
==141704== 
==141704== 
==141704== HEAP SUMMARY:
==141704==     in use at exit: 0 bytes in 0 blocks
==141704==   total heap usage: 98 allocs, 98 frees, 3,476 bytes allocated
==141704== 
==141704== All heap blocks were freed -- no leaks are possible
==141704== 
==141704== For lists of detected and suppressed errors, rerun with: -s
==141704== ERROR SUMMARY: 0 errors from 0 contexts (suppressed: 0 from 0)
Running valgrind on ./maps/bad/map_middle.cub...

[0;31m Error:[Map check in file] Invalid map placement or format
[0m Exit code: 1
[0;32m‚úÖ No Valgrind alerts, no leaks[0m  
==141707== Memcheck, a memory error detector
==141707== Copyright (C) 2002-2022, and GNU GPL'd, by Julian Seward et al.
==141707== Using Valgrind-3.22.0 and LibVEX; rerun with -h for copyright info
==141707== Command: ./cub3d ./maps/bad/map_middle.cub
==141707== Parent PID: 141139
==141707== 
==141707== 
==141707== HEAP SUMMARY:
==141707==     in use at exit: 0 bytes in 0 blocks
==141707==   total heap usage: 106 allocs, 106 frees, 3,963 bytes allocated
==141707== 
==141707== All heap blocks were freed -- no leaks are possible
==141707== 
==141707== For lists of detected and suppressed errors, rerun with: -s
==141707== ERROR SUMMARY: 0 errors from 0 contexts (suppressed: 0 from 0)
Running valgrind on ./maps/bad/map_missing.cub...

[0;31m Error:[Map start] No map or incorrect placement
[0m Exit code: 1
[0;32m‚úÖ No Valgrind alerts, no leaks[0m  
==141710== Memcheck, a memory error detector
==141710== Copyright (C) 2002-2022, and GNU GPL'd, by Julian Seward et al.
==141710== Using Valgrind-3.22.0 and LibVEX; rerun with -h for copyright info
==141710== Command: ./cub3d ./maps/bad/map_missing.cub
==141710== Parent PID: 141139
==141710== 
==141710== 
==141710== HEAP SUMMARY:
==141710==     in use at exit: 0 bytes in 0 blocks
==141710==   total heap usage: 43 allocs, 43 frees, 1,184 bytes allocated
==141710== 
==141710== All heap blocks were freed -- no leaks are possible
==141710== 
==141710== For lists of detected and suppressed errors, rerun with: -s
==141710== ERROR SUMMARY: 0 errors from 0 contexts (suppressed: 0 from 0)
Running valgrind on ./maps/bad/map_only.cub...

[0;31m Error:[Map start] No map or incorrect placement
[0m Exit code: 1
[0;32m‚úÖ No Valgrind alerts, no leaks[0m  
==141713== Memcheck, a memory error detector
==141713== Copyright (C) 2002-2022, and GNU GPL'd, by Julian Seward et al.
==141713== Using Valgrind-3.22.0 and LibVEX; rerun with -h for copyright info
==141713== Command: ./cub3d ./maps/bad/map_only.cub
==141713== Parent PID: 141139
==141713== 
==141713== 
==141713== HEAP SUMMARY:
==141713==     in use at exit: 0 bytes in 0 blocks
==141713==   total heap usage: 61 allocs, 61 frees, 1,634 bytes allocated
==141713== 
==141713== All heap blocks were freed -- no leaks are possible
==141713== 
==141713== For lists of detected and suppressed errors, rerun with: -s
==141713== ERROR SUMMARY: 0 errors from 0 contexts (suppressed: 0 from 0)
Running valgrind on ./maps/bad/map_too_small.cub...

[0;31m Error:[Map check in file] Invalid map size
[0m Exit code: 1
[0;32m‚úÖ No Valgrind alerts, no leaks[0m  
==141716== Memcheck, a memory error detector
==141716== Copyright (C) 2002-2022, and GNU GPL'd, by Julian Seward et al.
==141716== Using Valgrind-3.22.0 and LibVEX; rerun with -h for copyright info
==141716== Command: ./cub3d ./maps/bad/map_too_small.cub
==141716== Parent PID: 141139
==141716== 
==141716== 
==141716== HEAP SUMMARY:
==141716==     in use at exit: 0 bytes in 0 blocks
==141716==   total heap usage: 51 allocs, 51 frees, 1,444 bytes allocated
==141716== 
==141716== All heap blocks were freed -- no leaks are possible
==141716== 
==141716== For lists of detected and suppressed errors, rerun with: -s
==141716== ERROR SUMMARY: 0 errors from 0 contexts (suppressed: 0 from 0)
Running valgrind on ./maps/bad/player_multiple.cub...

[0;31m Error:[Map validation] invalid number of player 
[0m Exit code: 1
‚ö†Ô∏è No Valgrind alerts, but with leaks[0m  
==141719== Memcheck, a memory error detector
==141719== Copyright (C) 2002-2022, and GNU GPL'd, by Julian Seward et al.
==141719== Using Valgrind-3.22.0 and LibVEX; rerun with -h for copyright info
==141719== Command: ./cub3d ./maps/bad/player_multiple.cub
==141719== Parent PID: 141139
==141719== 
==141719== 
==141719== HEAP SUMMARY:
==141719==     in use at exit: 408 bytes in 22 blocks
==141719==   total heap usage: 125 allocs, 103 frees, 3,829 bytes allocated
==141719== 
==141719== LEAK SUMMARY:
==141719==    definitely lost: 176 bytes in 1 blocks
==141719==    indirectly lost: 232 bytes in 21 blocks
==141719==      possibly lost: 0 bytes in 0 blocks
==141719==    still reachable: 0 bytes in 0 blocks
==141719==         suppressed: 0 bytes in 0 blocks
==141719== Rerun with --leak-check=full to see details of leaked memory
==141719== 
==141719== For lists of detected and suppressed errors, rerun with: -s
==141719== ERROR SUMMARY: 0 errors from 0 contexts (suppressed: 0 from 0)
Running valgrind on ./maps/bad/player_none.cub...

[0;31m Error:[Map validation] invalid number of player 
[0m Exit code: 1
‚ö†Ô∏è No Valgrind alerts, but with leaks[0m  
==141815== Memcheck, a memory error detector
==141815== Copyright (C) 2002-2022, and GNU GPL'd, by Julian Seward et al.
==141815== Using Valgrind-3.22.0 and LibVEX; rerun with -h for copyright info
==141815== Command: ./cub3d ./maps/bad/player_none.cub
==141815== Parent PID: 141139
==141815== 
==141815== 
==141815== HEAP SUMMARY:
==141815==     in use at exit: 408 bytes in 22 blocks
==141815==   total heap usage: 125 allocs, 103 frees, 3,829 bytes allocated
==141815== 
==141815== LEAK SUMMARY:
==141815==    definitely lost: 176 bytes in 1 blocks
==141815==    indirectly lost: 232 bytes in 21 blocks
==141815==      possibly lost: 0 bytes in 0 blocks
==141815==    still reachable: 0 bytes in 0 blocks
==141815==         suppressed: 0 bytes in 0 blocks
==141815== Rerun with --leak-check=full to see details of leaked memory
==141815== 
==141815== For lists of detected and suppressed errors, rerun with: -s
==141815== ERROR SUMMARY: 0 errors from 0 contexts (suppressed: 0 from 0)
Running valgrind on ./maps/bad/player_on_edge.cub...

[0;31m Error:[Walls check] incorrect horizontal walls
[0m Exit code: 1
‚ö†Ô∏è No Valgrind alerts, but with leaks[0m  
==141818== Memcheck, a memory error detector
==141818== Copyright (C) 2002-2022, and GNU GPL'd, by Julian Seward et al.
==141818== Using Valgrind-3.22.0 and LibVEX; rerun with -h for copyright info
==141818== Command: ./cub3d ./maps/bad/player_on_edge.cub
==141818== Parent PID: 141139
==141818== 
==141818== 
==141818== HEAP SUMMARY:
==141818==     in use at exit: 408 bytes in 22 blocks
==141818==   total heap usage: 125 allocs, 103 frees, 3,829 bytes allocated
==141818== 
==141818== LEAK SUMMARY:
==141818==    definitely lost: 176 bytes in 1 blocks
==141818==    indirectly lost: 232 bytes in 21 blocks
==141818==      possibly lost: 0 bytes in 0 blocks
==141818==    still reachable: 0 bytes in 0 blocks
==141818==         suppressed: 0 bytes in 0 blocks
==141818== Rerun with --leak-check=full to see details of leaked memory
==141818== 
==141818== For lists of detected and suppressed errors, rerun with: -s
==141818== ERROR SUMMARY: 0 errors from 0 contexts (suppressed: 0 from 0)
Running valgrind on ./maps/bad/textures_dir.cub...

[0;31m Error:[Texture verification] invalid texture format
[0m Exit code: 1
‚ö†Ô∏è No Valgrind alerts, but with leaks[0m  
==141992== Memcheck, a memory error detector
==141992== Copyright (C) 2002-2022, and GNU GPL'd, by Julian Seward et al.
==141992== Using Valgrind-3.22.0 and LibVEX; rerun with -h for copyright info
==141992== Command: ./cub3d ./maps/bad/textures_dir.cub
==141992== Parent PID: 141139
==141992== 
==141992== 
==141992== HEAP SUMMARY:
==141992==     in use at exit: 676 bytes in 40 blocks
==141992==   total heap usage: 129 allocs, 89 frees, 3,889 bytes allocated
==141992== 
==141992== LEAK SUMMARY:
==141992==    definitely lost: 374 bytes in 6 blocks
==141992==    indirectly lost: 302 bytes in 34 blocks
==141992==      possibly lost: 0 bytes in 0 blocks
==141992==    still reachable: 0 bytes in 0 blocks
==141992==         suppressed: 0 bytes in 0 blocks
==141992== Rerun with --leak-check=full to see details of leaked memory
==141992== 
==141992== For lists of detected and suppressed errors, rerun with: -s
==141992== ERROR SUMMARY: 0 errors from 0 contexts (suppressed: 0 from 0)
Running valgrind on ./maps/bad/textures_duplicates.cub...

[0;31m Error:[Texture save] Duplicate found
[0m Exit code: 1
‚ö†Ô∏è No Valgrind alerts, but with leaks[0m  
==141995== Memcheck, a memory error detector
==141995== Copyright (C) 2002-2022, and GNU GPL'd, by Julian Seward et al.
==141995== Using Valgrind-3.22.0 and LibVEX; rerun with -h for copyright info
==141995== Command: ./cub3d ./maps/bad/textures_duplicates.cub
==141995== Parent PID: 141139
==141995== 
==141995== 
==141995== HEAP SUMMARY:
==141995==     in use at exit: 750 bytes in 42 blocks
==141995==   total heap usage: 135 allocs, 93 frees, 4,203 bytes allocated
==141995== 
==141995== LEAK SUMMARY:
==141995==    definitely lost: 413 bytes in 7 blocks
==141995==    indirectly lost: 337 bytes in 35 blocks
==141995==      possibly lost: 0 bytes in 0 blocks
==141995==    still reachable: 0 bytes in 0 blocks
==141995==         suppressed: 0 bytes in 0 blocks
==141995== Rerun with --leak-check=full to see details of leaked memory
==141995== 
==141995== For lists of detected and suppressed errors, rerun with: -s
==141995== ERROR SUMMARY: 0 errors from 0 contexts (suppressed: 0 from 0)
Running valgrind on ./maps/bad/textures_invalid.cub...

[0;31m Error:[Texture verification] invalid texture format
[0m Exit code: 1
‚ö†Ô∏è No Valgrind alerts, but with leaks[0m  
==141998== Memcheck, a memory error detector
==141998== Copyright (C) 2002-2022, and GNU GPL'd, by Julian Seward et al.
==141998== Using Valgrind-3.22.0 and LibVEX; rerun with -h for copyright info
==141998== Command: ./cub3d ./maps/bad/textures_invalid.cub
==141998== Parent PID: 141139
==141998== 
==141998== 
==141998== HEAP SUMMARY:
==141998==     in use at exit: 678 bytes in 40 blocks
==141998==   total heap usage: 129 allocs, 89 frees, 3,886 bytes allocated
==141998== 
==141998== LEAK SUMMARY:
==141998==    definitely lost: 375 bytes in 6 blocks
==141998==    indirectly lost: 303 bytes in 34 blocks
==141998==      possibly lost: 0 bytes in 0 blocks
==141998==    still reachable: 0 bytes in 0 blocks
==141998==         suppressed: 0 bytes in 0 blocks
==141998== Rerun with --leak-check=full to see details of leaked memory
==141998== 
==141998== For lists of detected and suppressed errors, rerun with: -s
==141998== ERROR SUMMARY: 0 errors from 0 contexts (suppressed: 0 from 0)
Running valgrind on ./maps/bad/textures_missing.cub...

[0;31m Error:[Texture] textures are not complete
[0m Exit code: 1
‚ö†Ô∏è No Valgrind alerts, but with leaks[0m  
==142001== Memcheck, a memory error detector
==142001== Copyright (C) 2002-2022, and GNU GPL'd, by Julian Seward et al.
==142001== Using Valgrind-3.22.0 and LibVEX; rerun with -h for copyright info
==142001== Command: ./cub3d ./maps/bad/textures_missing.cub
==142001== Parent PID: 141139
==142001== 
==142001== 
==142001== HEAP SUMMARY:
==142001==     in use at exit: 632 bytes in 38 blocks
==142001==   total heap usage: 123 allocs, 85 frees, 3,582 bytes allocated
==142001== 
==142001== LEAK SUMMARY:
==142001==    definitely lost: 350 bytes in 5 blocks
==142001==    indirectly lost: 282 bytes in 33 blocks
==142001==      possibly lost: 0 bytes in 0 blocks
==142001==    still reachable: 0 bytes in 0 blocks
==142001==         suppressed: 0 bytes in 0 blocks
==142001== Rerun with --leak-check=full to see details of leaked memory
==142001== 
==142001== For lists of detected and suppressed errors, rerun with: -s
==142001== ERROR SUMMARY: 0 errors from 0 contexts (suppressed: 0 from 0)
Running valgrind on ./maps/bad/textures_none.cub...

[0;31m Error:[Texture] textures are not complete
[0m Exit code: 1
‚ö†Ô∏è No Valgrind alerts, but with leaks[0m  
==142004== Memcheck, a memory error detector
==142004== Copyright (C) 2002-2022, and GNU GPL'd, by Julian Seward et al.
==142004== Using Valgrind-3.22.0 and LibVEX; rerun with -h for copyright info
==142004== Command: ./cub3d ./maps/bad/textures_none.cub
==142004== Parent PID: 141139
==142004== 
==142004== 
==142004== HEAP SUMMARY:
==142004==     in use at exit: 446 bytes in 31 blocks
==142004==   total heap usage: 101 allocs, 70 frees, 2,538 bytes allocated
==142004== 
==142004== LEAK SUMMARY:
==142004==    definitely lost: 248 bytes in 2 blocks
==142004==    indirectly lost: 198 bytes in 29 blocks
==142004==      possibly lost: 0 bytes in 0 blocks
==142004==    still reachable: 0 bytes in 0 blocks
==142004==         suppressed: 0 bytes in 0 blocks
==142004== Rerun with --leak-check=full to see details of leaked memory
==142004== 
==142004== For lists of detected and suppressed errors, rerun with: -s
==142004== ERROR SUMMARY: 0 errors from 0 contexts (suppressed: 0 from 0)
Running valgrind on ./maps/bad/textures_not_xpm.cub...

[0;31m Error:[Texture verification] invalid texture format
[0m Exit code: 1
‚ö†Ô∏è No Valgrind alerts, but with leaks[0m  
==142007== Memcheck, a memory error detector
==142007== Copyright (C) 2002-2022, and GNU GPL'd, by Julian Seward et al.
==142007== Using Valgrind-3.22.0 and LibVEX; rerun with -h for copyright info
==142007== Command: ./cub3d ./maps/bad/textures_not_xpm.cub
==142007== Parent PID: 141139
==142007== 
==142007== 
==142007== HEAP SUMMARY:
==142007==     in use at exit: 684 bytes in 40 blocks
==142007==   total heap usage: 129 allocs, 89 frees, 3,879 bytes allocated
==142007== 
==142007== LEAK SUMMARY:
==142007==    definitely lost: 378 bytes in 6 blocks
==142007==    indirectly lost: 306 bytes in 34 blocks
==142007==      possibly lost: 0 bytes in 0 blocks
==142007==    still reachable: 0 bytes in 0 blocks
==142007==         suppressed: 0 bytes in 0 blocks
==142007== Rerun with --leak-check=full to see details of leaked memory
==142007== 
==142007== For lists of detected and suppressed errors, rerun with: -s
==142007== ERROR SUMMARY: 0 errors from 0 contexts (suppressed: 0 from 0)
Running valgrind on ./maps/bad/wall_hole_east.cub...

[0;31m Error:[Walls check] incorrect vertical walls 
[0m Exit code: 1
‚ö†Ô∏è No Valgrind alerts, but with leaks[0m  
==142010== Memcheck, a memory error detector
==142010== Copyright (C) 2002-2022, and GNU GPL'd, by Julian Seward et al.
==142010== Using Valgrind-3.22.0 and LibVEX; rerun with -h for copyright info
==142010== Command: ./cub3d ./maps/bad/wall_hole_east.cub
==142010== Parent PID: 141139
==142010== 
==142010== 
==142010== HEAP SUMMARY:
==142010==     in use at exit: 408 bytes in 22 blocks
==142010==   total heap usage: 125 allocs, 103 frees, 3,829 bytes allocated
==142010== 
==142010== LEAK SUMMARY:
==142010==    definitely lost: 176 bytes in 1 blocks
==142010==    indirectly lost: 232 bytes in 21 blocks
==142010==      possibly lost: 0 bytes in 0 blocks
==142010==    still reachable: 0 bytes in 0 blocks
==142010==         suppressed: 0 bytes in 0 blocks
==142010== Rerun with --leak-check=full to see details of leaked memory
==142010== 
==142010== For lists of detected and suppressed errors, rerun with: -s
==142010== ERROR SUMMARY: 0 errors from 0 contexts (suppressed: 0 from 0)
Running valgrind on ./maps/bad/wall_hole_north.cub...

[0;31m Error:[Walls check] incorrect horizontal walls
[0m Exit code: 1
‚ö†Ô∏è No Valgrind alerts, but with leaks[0m  
==142106== Memcheck, a memory error detector
==142106== Copyright (C) 2002-2022, and GNU GPL'd, by Julian Seward et al.
==142106== Using Valgrind-3.22.0 and LibVEX; rerun with -h for copyright info
==142106== Command: ./cub3d ./maps/bad/wall_hole_north.cub
==142106== Parent PID: 141139
==142106== 
==142106== 
==142106== HEAP SUMMARY:
==142106==     in use at exit: 408 bytes in 22 blocks
==142106==   total heap usage: 125 allocs, 103 frees, 3,829 bytes allocated
==142106== 
==142106== LEAK SUMMARY:
==142106==    definitely lost: 176 bytes in 1 blocks
==142106==    indirectly lost: 232 bytes in 21 blocks
==142106==      possibly lost: 0 bytes in 0 blocks
==142106==    still reachable: 0 bytes in 0 blocks
==142106==         suppressed: 0 bytes in 0 blocks
==142106== Rerun with --leak-check=full to see details of leaked memory
==142106== 
==142106== For lists of detected and suppressed errors, rerun with: -s
==142106== ERROR SUMMARY: 0 errors from 0 contexts (suppressed: 0 from 0)
Running valgrind on ./maps/bad/wall_hole_south.cub...

[0;31m Error:[Walls check] incorrect horizontal walls
[0m Exit code: 1
‚ö†Ô∏è No Valgrind alerts, but with leaks[0m  
==142157== Memcheck, a memory error detector
==142157== Copyright (C) 2002-2022, and GNU GPL'd, by Julian Seward et al.
==142157== Using Valgrind-3.22.0 and LibVEX; rerun with -h for copyright info
==142157== Command: ./cub3d ./maps/bad/wall_hole_south.cub
==142157== Parent PID: 141139
==142157== 
==142157== 
==142157== HEAP SUMMARY:
==142157==     in use at exit: 408 bytes in 22 blocks
==142157==   total heap usage: 125 allocs, 103 frees, 3,829 bytes allocated
==142157== 
==142157== LEAK SUMMARY:
==142157==    definitely lost: 176 bytes in 1 blocks
==142157==    indirectly lost: 232 bytes in 21 blocks
==142157==      possibly lost: 0 bytes in 0 blocks
==142157==    still reachable: 0 bytes in 0 blocks
==142157==         suppressed: 0 bytes in 0 blocks
==142157== Rerun with --leak-check=full to see details of leaked memory
==142157== 
==142157== For lists of detected and suppressed errors, rerun with: -s
==142157== ERROR SUMMARY: 0 errors from 0 contexts (suppressed: 0 from 0)
Running valgrind on ./maps/bad/wall_hole_west.cub...

[0;31m Error:[Map check in file] Invalid map placement or format
[0m Exit code: 1
[0;32m‚úÖ No Valgrind alerts, no leaks[0m  
==142283== Memcheck, a memory error detector
==142283== Copyright (C) 2002-2022, and GNU GPL'd, by Julian Seward et al.
==142283== Using Valgrind-3.22.0 and LibVEX; rerun with -h for copyright info
==142283== Command: ./cub3d ./maps/bad/wall_hole_west.cub
==142283== Parent PID: 141139
==142283== 
==142283== 
==142283== HEAP SUMMARY:
==142283==     in use at exit: 0 bytes in 0 blocks
==142283==   total heap usage: 98 allocs, 98 frees, 3,561 bytes allocated
==142283== 
==142283== All heap blocks were freed -- no leaks are possible
==142283== 
==142283== For lists of detected and suppressed errors, rerun with: -s
==142283== ERROR SUMMARY: 0 errors from 0 contexts (suppressed: 0 from 0)
Running valgrind on ./maps/bad/wall_none.cub...

[0;31m Error:[Map start] No map or incorrect placement
[0m Exit code: 1
[0;32m‚úÖ No Valgrind alerts, no leaks[0m  
==142286== Memcheck, a memory error detector
==142286== Copyright (C) 2002-2022, and GNU GPL'd, by Julian Seward et al.
==142286== Using Valgrind-3.22.0 and LibVEX; rerun with -h for copyright info
==142286== Command: ./cub3d ./maps/bad/wall_none.cub
==142286== Parent PID: 141139
==142286== 
==142286== 
==142286== HEAP SUMMARY:
==142286==     in use at exit: 0 bytes in 0 blocks
==142286==   total heap usage: 98 allocs, 98 frees, 3,561 bytes allocated
==142286== 
==142286== All heap blocks were freed -- no leaks are possible
==142286== 
==142286== For lists of detected and suppressed errors, rerun with: -s
==142286== ERROR SUMMARY: 0 errors from 0 contexts (suppressed: 0 from 0)
Valgrind tests completed. Results saved to test_output.txt.
Starting Valgrind tests...
Running valgrind on ./maps/bad/color_invalid_rgb.cub...

[0;31m Error:[Color] color number out of range
[0m Exit code: 1
‚ö†Ô∏è No Valgrind alerts, but with leaks[0m  
==142721== Memcheck, a memory error detector
==142721== Copyright (C) 2002-2022, and GNU GPL'd, by Julian Seward et al.
==142721== Using Valgrind-3.22.0 and LibVEX; rerun with -h for copyright info
==142721== Command: ./cub3d ./maps/bad/color_invalid_rgb.cub
==142721== Parent PID: 142719
==142721== 
==142721== 
==142721== HEAP SUMMARY:
==142721==     in use at exit: 779 bytes in 49 blocks
==142721==   total heap usage: 145 allocs, 96 frees, 4,212 bytes allocated
==142721== 
==142721== LEAK SUMMARY:
==142721==    definitely lost: 454 bytes in 8 blocks
==142721==    indirectly lost: 325 bytes in 41 blocks
==142721==      possibly lost: 0 bytes in 0 blocks
==142721==    still reachable: 0 bytes in 0 blocks
==142721==         suppressed: 0 bytes in 0 blocks
==142721== Rerun with --leak-check=full to see details of leaked memory
==142721== 
==142721== For lists of detected and suppressed errors, rerun with: -s
==142721== ERROR SUMMARY: 0 errors from 0 contexts (suppressed: 0 from 0)
Running valgrind on ./maps/bad/color_missing_ceiling_rgb.cub...

[0;31m Error:[Color] incorrect numbers
[0m Exit code: 1
‚ö†Ô∏è No Valgrind alerts, but with leaks[0m  
==142887== Memcheck, a memory error detector
==142887== Copyright (C) 2002-2022, and GNU GPL'd, by Julian Seward et al.
==142887== Using Valgrind-3.22.0 and LibVEX; rerun with -h for copyright info
==142887== Command: ./cub3d ./maps/bad/color_missing_ceiling_rgb.cub
==142887== Parent PID: 142719
==142887== 
==142887== 
==142887== HEAP SUMMARY:
==142887==     in use at exit: 762 bytes in 47 blocks
==142887==   total heap usage: 140 allocs, 93 frees, 3,986 bytes allocated
==142887== 
==142887== LEAK SUMMARY:
==142887==    definitely lost: 438 bytes in 8 blocks
==142887==    indirectly lost: 324 bytes in 39 blocks
==142887==      possibly lost: 0 bytes in 0 blocks
==142887==    still reachable: 0 bytes in 0 blocks
==142887==         suppressed: 0 bytes in 0 blocks
==142887== Rerun with --leak-check=full to see details of leaked memory
==142887== 
==142887== For lists of detected and suppressed errors, rerun with: -s
==142887== ERROR SUMMARY: 0 errors from 0 contexts (suppressed: 0 from 0)
Running valgrind on ./maps/bad/color_missing.cub...
Starting Valgrind tests...
Running valgrind on ./maps/bad/color_invalid_rgb.cub...

[0;31m Error:[Color] color number out of range
[0m Freeing memory...
Freeing memory...
Freeing memory...
Freeing memory...
Exit code: 1
‚ö†Ô∏è No Valgrind alerts, but with leaks[0m  
==143499== Memcheck, a memory error detector
==143499== Copyright (C) 2002-2022, and GNU GPL'd, by Julian Seward et al.
==143499== Using Valgrind-3.22.0 and LibVEX; rerun with -h for copyright info
==143499== Command: ./cub3d ./maps/bad/color_invalid_rgb.cub
==143499== Parent PID: 143497
==143499== 
==143499== 
==143499== HEAP SUMMARY:
==143499==     in use at exit: 495 bytes in 31 blocks
==143499==   total heap usage: 146 allocs, 115 frees, 8,308 bytes allocated
==143499== 
==143499== LEAK SUMMARY:
==143499==    definitely lost: 248 bytes in 3 blocks
==143499==    indirectly lost: 247 bytes in 28 blocks
==143499==      possibly lost: 0 bytes in 0 blocks
==143499==    still reachable: 0 bytes in 0 blocks
==143499==         suppressed: 0 bytes in 0 blocks
==143499== Rerun with --leak-check=full to see details of leaked memory
==143499== 
==143499== For lists of detected and suppressed errors, rerun with: -s
==143499== ERROR SUMMARY: 0 errors from 0 contexts (suppressed: 0 from 0)
Running valgrind on ./maps/bad/color_missing_ceiling_rgb.cub...

[0;31m Error:[Color] incorrect numbers
[0m Freeing memory...
Freeing memory...
Freeing memory...
Freeing memory...
Exit code: 1
‚ö†Ô∏è No Valgrind alerts, but with leaks[0m  
==143502== Memcheck, a memory error detector
==143502== Copyright (C) 2002-2022, and GNU GPL'd, by Julian Seward et al.
==143502== Using Valgrind-3.22.0 and LibVEX; rerun with -h for copyright info
==143502== Command: ./cub3d ./maps/bad/color_missing_ceiling_rgb.cub
==143502== Parent PID: 143497
==143502== 
==143502== 
==143502== HEAP SUMMARY:
==143502==     in use at exit: 478 bytes in 29 blocks
==143502==   total heap usage: 141 allocs, 112 frees, 8,082 bytes allocated
==143502== 
==143502== LEAK SUMMARY:
==143502==    definitely lost: 232 bytes in 3 blocks
==143502==    indirectly lost: 246 bytes in 26 blocks
==143502==      possibly lost: 0 bytes in 0 blocks
==143502==    still reachable: 0 bytes in 0 blocks
==143502==         suppressed: 0 bytes in 0 blocks
==143502== Rerun with --leak-check=full to see details of leaked memory
==143502== 
==143502== For lists of detected and suppressed errors, rerun with: -s
==143502== ERROR SUMMARY: 0 errors from 0 contexts (suppressed: 0 from 0)
Running valgrind on ./maps/bad/color_missing.cub...

[0;31m Error:[Color] colors are not complete
[0m Freeing memory...
Freeing memory...
Freeing memory...
Freeing memory...
Exit code: 1
‚ö†Ô∏è No Valgrind alerts, but with leaks[0m  
==143604== Memcheck, a memory error detector
==143604== Copyright (C) 2002-2022, and GNU GPL'd, by Julian Seward et al.
==143604== Using Valgrind-3.22.0 and LibVEX; rerun with -h for copyright info
==143604== Command: ./cub3d ./maps/bad/color_missing.cub
==143604== Parent PID: 143497
==143604== 
==143604== 
==143604== HEAP SUMMARY:
==143604==     in use at exit: 432 bytes in 25 blocks
==143604==   total heap usage: 132 allocs, 107 frees, 7,876 bytes allocated
==143604== 
==143604== LEAK SUMMARY:
==143604==    definitely lost: 200 bytes in 2 blocks
==143604==    indirectly lost: 232 bytes in 23 blocks
==143604==      possibly lost: 0 bytes in 0 blocks
==143604==    still reachable: 0 bytes in 0 blocks
==143604==         suppressed: 0 bytes in 0 blocks
==143604== Rerun with --leak-check=full to see details of leaked memory
==143604== 
==143604== For lists of detected and suppressed errors, rerun with: -s
==143604== ERROR SUMMARY: 0 errors from 0 contexts (suppressed: 0 from 0)
Running valgrind on ./maps/bad/color_missing_floor_rgb.cub...

[0;31m Error:[Color] incorrect numbers
[0m Freeing memory...
Freeing memory...
Freeing memory...
Freeing memory...
Exit code: 1
‚ö†Ô∏è No Valgrind alerts, but with leaks[0m  
==143607== Memcheck, a memory error detector
==143607== Copyright (C) 2002-2022, and GNU GPL'd, by Julian Seward et al.
==143607== Using Valgrind-3.22.0 and LibVEX; rerun with -h for copyright info
==143607== Command: ./cub3d ./maps/bad/color_missing_floor_rgb.cub
==143607== Parent PID: 143497
==143607== 
==143607== 
==143607== HEAP SUMMARY:
==143607==     in use at exit: 479 bytes in 29 blocks
==143607==   total heap usage: 141 allocs, 112 frees, 8,089 bytes allocated
==143607== 
==143607== LEAK SUMMARY:
==143607==    definitely lost: 232 bytes in 3 blocks
==143607==    indirectly lost: 247 bytes in 26 blocks
==143607==      possibly lost: 0 bytes in 0 blocks
==143607==    still reachable: 0 bytes in 0 blocks
==143607==         suppressed: 0 bytes in 0 blocks
==143607== Rerun with --leak-check=full to see details of leaked memory
==143607== 
==143607== For lists of detected and suppressed errors, rerun with: -s
==143607== ERROR SUMMARY: 0 errors from 0 contexts (suppressed: 0 from 0)
Running valgrind on ./maps/bad/color_none.cub...

[0;31m Error:[Color] colors are not complete
[0m Freeing memory...
Freeing memory...
Freeing memory...
Freeing memory...
Exit code: 1
‚ö†Ô∏è No Valgrind alerts, but with leaks[0m  
==143792== Memcheck, a memory error detector
==143792== Copyright (C) 2002-2022, and GNU GPL'd, by Julian Seward et al.
==143792== Using Valgrind-3.22.0 and LibVEX; rerun with -h for copyright info
==143792== Command: ./cub3d ./maps/bad/color_none.cub
==143792== Parent PID: 143497
==143792== 
==143792== 
==143792== HEAP SUMMARY:
==143792==     in use at exit: 355 bytes in 19 blocks
==143792==   total heap usage: 117 allocs, 98 frees, 7,292 bytes allocated
==143792== 
==143792== LEAK SUMMARY:
==143792==    definitely lost: 152 bytes in 1 blocks
==143792==    indirectly lost: 203 bytes in 18 blocks
==143792==      possibly lost: 0 bytes in 0 blocks
==143792==    still reachable: 0 bytes in 0 blocks
==143792==         suppressed: 0 bytes in 0 blocks
==143792== Rerun with --leak-check=full to see details of leaked memory
==143792== 
==143792== For lists of detected and suppressed errors, rerun with: -s
==143792== ERROR SUMMARY: 0 errors from 0 contexts (suppressed: 0 from 0)
Running valgrind on ./maps/bad/empty.cub...
[0;31m Error:[Read file] file is empty
[0m Exit code: 1
[0;32m‚úÖ No Valgrind alerts, no leaks[0m  
==143795== Memcheck, a memory error detector
==143795== Copyright (C) 2002-2022, and GNU GPL'd, by Julian Seward et al.
==143795== Using Valgrind-3.22.0 and LibVEX; rerun with -h for copyright info
==143795== Command: ./cub3d ./maps/bad/empty.cub
==143795== Parent PID: 143497
==143795== 
==143795== 
==143795== HEAP SUMMARY:
==143795==     in use at exit: 0 bytes in 0 blocks
==143795==   total heap usage: 5 allocs, 5 frees, 170 bytes allocated
==143795== 
==143795== All heap blocks were freed -- no leaks are possible
==143795== 
==143795== For lists of detected and suppressed errors, rerun with: -s
==143795== ERROR SUMMARY: 0 errors from 0 contexts (suppressed: 0 from 0)
Running valgrind on ./maps/bad/file_letter_end.cub...

[0;31m Error:[Map validation] Empty line found
[0m Exit code: 1
[0;32m‚úÖ No Valgrind alerts, no leaks[0m  
==143904== Memcheck, a memory error detector
==143904== Copyright (C) 2002-2022, and GNU GPL'd, by Julian Seward et al.
==143904== Using Valgrind-3.22.0 and LibVEX; rerun with -h for copyright info
==143904== Command: ./cub3d ./maps/bad/file_letter_end.cub
==143904== Parent PID: 143497
==143904== 
==143904== 
==143904== HEAP SUMMARY:
==143904==     in use at exit: 0 bytes in 0 blocks
==143904==   total heap usage: 155 allocs, 155 frees, 7,353 bytes allocated
==143904== 
==143904== All heap blocks were freed -- no leaks are possible
==143904== 
==143904== For lists of detected and suppressed errors, rerun with: -s
==143904== ERROR SUMMARY: 0 errors from 0 contexts (suppressed: 0 from 0)
Running valgrind on ./maps/bad/filetype_missing...
[0;31m Error:[Check args] no map or invalid map extension
[0m Exit code: 1
[0;32m‚úÖ No Valgrind alerts, no leaks[0m  
==143907== Memcheck, a memory error detector
==143907== Copyright (C) 2002-2022, and GNU GPL'd, by Julian Seward et al.
==143907== Using Valgrind-3.22.0 and LibVEX; rerun with -h for copyright info
==143907== Command: ./cub3d ./maps/bad/filetype_missing
==143907== Parent PID: 143497
==143907== 
==143907== 
==143907== HEAP SUMMARY:
==143907==     in use at exit: 0 bytes in 0 blocks
==143907==   total heap usage: 3 allocs, 3 frees, 144 bytes allocated
==143907== 
==143907== All heap blocks were freed -- no leaks are possible
==143907== 
==143907== For lists of detected and suppressed errors, rerun with: -s
==143907== ERROR SUMMARY: 0 errors from 0 contexts (suppressed: 0 from 0)
Running valgrind on ./maps/bad/filetype_wrong.buc...
[0;31m Error:[Check args] no map or invalid map extension
[0m Exit code: 1
[0;32m‚úÖ No Valgrind alerts, no leaks[0m  
==144091== Memcheck, a memory error detector
==144091== Copyright (C) 2002-2022, and GNU GPL'd, by Julian Seward et al.
==144091== Using Valgrind-3.22.0 and LibVEX; rerun with -h for copyright info
==144091== Command: ./cub3d ./maps/bad/filetype_wrong.buc
==144091== Parent PID: 143497
==144091== 
==144091== 
==144091== HEAP SUMMARY:
==144091==     in use at exit: 0 bytes in 0 blocks
==144091==   total heap usage: 3 allocs, 3 frees, 144 bytes allocated
==144091== 
==144091== All heap blocks were freed -- no leaks are possible
==144091== 
==144091== For lists of detected and suppressed errors, rerun with: -s
==144091== ERROR SUMMARY: 0 errors from 0 contexts (suppressed: 0 from 0)
Running valgrind on ./maps/bad/map_first.cub...

[0;31m Error:[Map start] No map or incorrect placement
[0m Exit code: 1
[0;32m‚úÖ No Valgrind alerts, no leaks[0m  
==144094== Memcheck, a memory error detector
==144094== Copyright (C) 2002-2022, and GNU GPL'd, by Julian Seward et al.
==144094== Using Valgrind-3.22.0 and LibVEX; rerun with -h for copyright info
==144094== Command: ./cub3d ./maps/bad/map_first.cub
==144094== Parent PID: 143497
==144094== 
==144094== 
==144094== HEAP SUMMARY:
==144094==     in use at exit: 0 bytes in 0 blocks
==144094==   total heap usage: 98 allocs, 98 frees, 3,476 bytes allocated
==144094== 
==144094== All heap blocks were freed -- no leaks are possible
==144094== 
==144094== For lists of detected and suppressed errors, rerun with: -s
==144094== ERROR SUMMARY: 0 errors from 0 contexts (suppressed: 0 from 0)
Running valgrind on ./maps/bad/map_middle.cub...

[0;31m Error:[Map check in file] Invalid map placement or format
[0m Exit code: 1
[0;32m‚úÖ No Valgrind alerts, no leaks[0m  
==144097== Memcheck, a memory error detector
==144097== Copyright (C) 2002-2022, and GNU GPL'd, by Julian Seward et al.
==144097== Using Valgrind-3.22.0 and LibVEX; rerun with -h for copyright info
==144097== Command: ./cub3d ./maps/bad/map_middle.cub
==144097== Parent PID: 143497
==144097== 
==144097== 
==144097== HEAP SUMMARY:
==144097==     in use at exit: 0 bytes in 0 blocks
==144097==   total heap usage: 106 allocs, 106 frees, 3,963 bytes allocated
==144097== 
==144097== All heap blocks were freed -- no leaks are possible
==144097== 
==144097== For lists of detected and suppressed errors, rerun with: -s
==144097== ERROR SUMMARY: 0 errors from 0 contexts (suppressed: 0 from 0)
Running valgrind on ./maps/bad/map_missing.cub...

[0;31m Error:[Map start] No map or incorrect placement
[0m Exit code: 1
[0;32m‚úÖ No Valgrind alerts, no leaks[0m  
==144100== Memcheck, a memory error detector
==144100== Copyright (C) 2002-2022, and GNU GPL'd, by Julian Seward et al.
==144100== Using Valgrind-3.22.0 and LibVEX; rerun with -h for copyright info
==144100== Command: ./cub3d ./maps/bad/map_missing.cub
==144100== Parent PID: 143497
==144100== 
==144100== 
==144100== HEAP SUMMARY:
==144100==     in use at exit: 0 bytes in 0 blocks
==144100==   total heap usage: 43 allocs, 43 frees, 1,184 bytes allocated
==144100== 
==144100== All heap blocks were freed -- no leaks are possible
==144100== 
==144100== For lists of detected and suppressed errors, rerun with: -s
==144100== ERROR SUMMARY: 0 errors from 0 contexts (suppressed: 0 from 0)
Running valgrind on ./maps/bad/map_only.cub...

[0;31m Error:[Map start] No map or incorrect placement
[0m Exit code: 1
[0;32m‚úÖ No Valgrind alerts, no leaks[0m  
==144103== Memcheck, a memory error detector
==144103== Copyright (C) 2002-2022, and GNU GPL'd, by Julian Seward et al.
==144103== Using Valgrind-3.22.0 and LibVEX; rerun with -h for copyright info
==144103== Command: ./cub3d ./maps/bad/map_only.cub
==144103== Parent PID: 143497
==144103== 
==144103== 
==144103== HEAP SUMMARY:
==144103==     in use at exit: 0 bytes in 0 blocks
==144103==   total heap usage: 61 allocs, 61 frees, 1,634 bytes allocated
==144103== 
==144103== All heap blocks were freed -- no leaks are possible
==144103== 
==144103== For lists of detected and suppressed errors, rerun with: -s
==144103== ERROR SUMMARY: 0 errors from 0 contexts (suppressed: 0 from 0)
Running valgrind on ./maps/bad/map_too_small.cub...

[0;31m Error:[Map check in file] Invalid map size
[0m Exit code: 1
[0;32m‚úÖ No Valgrind alerts, no leaks[0m  
==144106== Memcheck, a memory error detector
==144106== Copyright (C) 2002-2022, and GNU GPL'd, by Julian Seward et al.
==144106== Using Valgrind-3.22.0 and LibVEX; rerun with -h for copyright info
==144106== Command: ./cub3d ./maps/bad/map_too_small.cub
==144106== Parent PID: 143497
==144106== 
==144106== 
==144106== HEAP SUMMARY:
==144106==     in use at exit: 0 bytes in 0 blocks
==144106==   total heap usage: 51 allocs, 51 frees, 1,444 bytes allocated
==144106== 
==144106== All heap blocks were freed -- no leaks are possible
==144106== 
==144106== For lists of detected and suppressed errors, rerun with: -s
==144106== ERROR SUMMARY: 0 errors from 0 contexts (suppressed: 0 from 0)
Running valgrind on ./maps/bad/player_multiple.cub...

[0;31m Error:[Map validation] invalid number of player 
[0m Exit code: 1
‚ö†Ô∏è No Valgrind alerts, but with leaks[0m  
==144109== Memcheck, a memory error detector
==144109== Copyright (C) 2002-2022, and GNU GPL'd, by Julian Seward et al.
==144109== Using Valgrind-3.22.0 and LibVEX; rerun with -h for copyright info
==144109== Command: ./cub3d ./maps/bad/player_multiple.cub
==144109== Parent PID: 143497
==144109== 
==144109== 
==144109== HEAP SUMMARY:
==144109==     in use at exit: 408 bytes in 22 blocks
==144109==   total heap usage: 125 allocs, 103 frees, 3,829 bytes allocated
==144109== 
==144109== LEAK SUMMARY:
==144109==    definitely lost: 176 bytes in 1 blocks
==144109==    indirectly lost: 232 bytes in 21 blocks
==144109==      possibly lost: 0 bytes in 0 blocks
==144109==    still reachable: 0 bytes in 0 blocks
==144109==         suppressed: 0 bytes in 0 blocks
==144109== Rerun with --leak-check=full to see details of leaked memory
==144109== 
==144109== For lists of detected and suppressed errors, rerun with: -s
==144109== ERROR SUMMARY: 0 errors from 0 contexts (suppressed: 0 from 0)
Running valgrind on ./maps/bad/player_none.cub...

[0;31m Error:[Map validation] invalid number of player 
[0m Exit code: 1
‚ö†Ô∏è No Valgrind alerts, but with leaks[0m  
==144210== Memcheck, a memory error detector
==144210== Copyright (C) 2002-2022, and GNU GPL'd, by Julian Seward et al.
==144210== Using Valgrind-3.22.0 and LibVEX; rerun with -h for copyright info
==144210== Command: ./cub3d ./maps/bad/player_none.cub
==144210== Parent PID: 143497
==144210== 
==144210== 
==144210== HEAP SUMMARY:
==144210==     in use at exit: 408 bytes in 22 blocks
==144210==   total heap usage: 125 allocs, 103 frees, 3,829 bytes allocated
==144210== 
==144210== LEAK SUMMARY:
==144210==    definitely lost: 176 bytes in 1 blocks
==144210==    indirectly lost: 232 bytes in 21 blocks
==144210==      possibly lost: 0 bytes in 0 blocks
==144210==    still reachable: 0 bytes in 0 blocks
==144210==         suppressed: 0 bytes in 0 blocks
==144210== Rerun with --leak-check=full to see details of leaked memory
==144210== 
==144210== For lists of detected and suppressed errors, rerun with: -s
==144210== ERROR SUMMARY: 0 errors from 0 contexts (suppressed: 0 from 0)
Running valgrind on ./maps/bad/player_on_edge.cub...

[0;31m Error:[Walls check] incorrect horizontal walls
[0m Exit code: 1
‚ö†Ô∏è No Valgrind alerts, but with leaks[0m  
==144213== Memcheck, a memory error detector
==144213== Copyright (C) 2002-2022, and GNU GPL'd, by Julian Seward et al.
==144213== Using Valgrind-3.22.0 and LibVEX; rerun with -h for copyright info
==144213== Command: ./cub3d ./maps/bad/player_on_edge.cub
==144213== Parent PID: 143497
==144213== 
==144213== 
==144213== HEAP SUMMARY:
==144213==     in use at exit: 408 bytes in 22 blocks
==144213==   total heap usage: 125 allocs, 103 frees, 3,829 bytes allocated
==144213== 
==144213== LEAK SUMMARY:
==144213==    definitely lost: 176 bytes in 1 blocks
==144213==    indirectly lost: 232 bytes in 21 blocks
==144213==      possibly lost: 0 bytes in 0 blocks
==144213==    still reachable: 0 bytes in 0 blocks
==144213==         suppressed: 0 bytes in 0 blocks
==144213== Rerun with --leak-check=full to see details of leaked memory
==144213== 
==144213== For lists of detected and suppressed errors, rerun with: -s
==144213== ERROR SUMMARY: 0 errors from 0 contexts (suppressed: 0 from 0)
Running valgrind on ./maps/bad/textures_dir.cub...

[0;31m Error:[Texture verification] invalid texture format
[0m Exit code: 1
‚ö†Ô∏è No Valgrind alerts, but with leaks[0m  
==144397== Memcheck, a memory error detector
==144397== Copyright (C) 2002-2022, and GNU GPL'd, by Julian Seward et al.
==144397== Using Valgrind-3.22.0 and LibVEX; rerun with -h for copyright info
==144397== Command: ./cub3d ./maps/bad/textures_dir.cub
==144397== Parent PID: 143497
==144397== 
==144397== 
==144397== HEAP SUMMARY:
==144397==     in use at exit: 676 bytes in 40 blocks
==144397==   total heap usage: 129 allocs, 89 frees, 3,889 bytes allocated
==144397== 
==144397== LEAK SUMMARY:
==144397==    definitely lost: 374 bytes in 6 blocks
==144397==    indirectly lost: 302 bytes in 34 blocks
==144397==      possibly lost: 0 bytes in 0 blocks
==144397==    still reachable: 0 bytes in 0 blocks
==144397==         suppressed: 0 bytes in 0 blocks
==144397== Rerun with --leak-check=full to see details of leaked memory
==144397== 
==144397== For lists of detected and suppressed errors, rerun with: -s
==144397== ERROR SUMMARY: 0 errors from 0 contexts (suppressed: 0 from 0)
Running valgrind on ./maps/bad/textures_duplicates.cub...

[0;31m Error:[Texture save] Duplicate found
[0m Exit code: 1
‚ö†Ô∏è No Valgrind alerts, but with leaks[0m  
==144400== Memcheck, a memory error detector
==144400== Copyright (C) 2002-2022, and GNU GPL'd, by Julian Seward et al.
==144400== Using Valgrind-3.22.0 and LibVEX; rerun with -h for copyright info
==144400== Command: ./cub3d ./maps/bad/textures_duplicates.cub
==144400== Parent PID: 143497
==144400== 
==144400== 
==144400== HEAP SUMMARY:
==144400==     in use at exit: 750 bytes in 42 blocks
==144400==   total heap usage: 135 allocs, 93 frees, 4,203 bytes allocated
==144400== 
==144400== LEAK SUMMARY:
==144400==    definitely lost: 413 bytes in 7 blocks
==144400==    indirectly lost: 337 bytes in 35 blocks
==144400==      possibly lost: 0 bytes in 0 blocks
==144400==    still reachable: 0 bytes in 0 blocks
==144400==         suppressed: 0 bytes in 0 blocks
==144400== Rerun with --leak-check=full to see details of leaked memory
==144400== 
==144400== For lists of detected and suppressed errors, rerun with: -s
==144400== ERROR SUMMARY: 0 errors from 0 contexts (suppressed: 0 from 0)
Running valgrind on ./maps/bad/textures_invalid.cub...

[0;31m Error:[Texture verification] invalid texture format
[0m Exit code: 1
‚ö†Ô∏è No Valgrind alerts, but with leaks[0m  
==144403== Memcheck, a memory error detector
==144403== Copyright (C) 2002-2022, and GNU GPL'd, by Julian Seward et al.
==144403== Using Valgrind-3.22.0 and LibVEX; rerun with -h for copyright info
==144403== Command: ./cub3d ./maps/bad/textures_invalid.cub
==144403== Parent PID: 143497
==144403== 
==144403== 
==144403== HEAP SUMMARY:
==144403==     in use at exit: 678 bytes in 40 blocks
==144403==   total heap usage: 129 allocs, 89 frees, 3,886 bytes allocated
==144403== 
==144403== LEAK SUMMARY:
==144403==    definitely lost: 375 bytes in 6 blocks
==144403==    indirectly lost: 303 bytes in 34 blocks
==144403==      possibly lost: 0 bytes in 0 blocks
==144403==    still reachable: 0 bytes in 0 blocks
==144403==         suppressed: 0 bytes in 0 blocks
==144403== Rerun with --leak-check=full to see details of leaked memory
==144403== 
==144403== For lists of detected and suppressed errors, rerun with: -s
==144403== ERROR SUMMARY: 0 errors from 0 contexts (suppressed: 0 from 0)
Running valgrind on ./maps/bad/textures_missing.cub...

[0;31m Error:[Texture] textures are not complete
[0m Exit code: 1
‚ö†Ô∏è No Valgrind alerts, but with leaks[0m  
==144406== Memcheck, a memory error detector
==144406== Copyright (C) 2002-2022, and GNU GPL'd, by Julian Seward et al.
==144406== Using Valgrind-3.22.0 and LibVEX; rerun with -h for copyright info
==144406== Command: ./cub3d ./maps/bad/textures_missing.cub
==144406== Parent PID: 143497
==144406== 
==144406== 
==144406== HEAP SUMMARY:
==144406==     in use at exit: 632 bytes in 38 blocks
==144406==   total heap usage: 123 allocs, 85 frees, 3,582 bytes allocated
==144406== 
==144406== LEAK SUMMARY:
==144406==    definitely lost: 350 bytes in 5 blocks
==144406==    indirectly lost: 282 bytes in 33 blocks
==144406==      possibly lost: 0 bytes in 0 blocks
==144406==    still reachable: 0 bytes in 0 blocks
==144406==         suppressed: 0 bytes in 0 blocks
==144406== Rerun with --leak-check=full to see details of leaked memory
==144406== 
==144406== For lists of detected and suppressed errors, rerun with: -s
==144406== ERROR SUMMARY: 0 errors from 0 contexts (suppressed: 0 from 0)
Running valgrind on ./maps/bad/textures_none.cub...

[0;31m Error:[Texture] textures are not complete
[0m Exit code: 1
‚ö†Ô∏è No Valgrind alerts, but with leaks[0m  
==144409== Memcheck, a memory error detector
==144409== Copyright (C) 2002-2022, and GNU GPL'd, by Julian Seward et al.
==144409== Using Valgrind-3.22.0 and LibVEX; rerun with -h for copyright info
==144409== Command: ./cub3d ./maps/bad/textures_none.cub
==144409== Parent PID: 143497
==144409== 
==144409== 
==144409== HEAP SUMMARY:
==144409==     in use at exit: 446 bytes in 31 blocks
==144409==   total heap usage: 101 allocs, 70 frees, 2,538 bytes allocated
==144409== 
==144409== LEAK SUMMARY:
==144409==    definitely lost: 248 bytes in 2 blocks
==144409==    indirectly lost: 198 bytes in 29 blocks
==144409==      possibly lost: 0 bytes in 0 blocks
==144409==    still reachable: 0 bytes in 0 blocks
==144409==         suppressed: 0 bytes in 0 blocks
==144409== Rerun with --leak-check=full to see details of leaked memory
==144409== 
==144409== For lists of detected and suppressed errors, rerun with: -s
==144409== ERROR SUMMARY: 0 errors from 0 contexts (suppressed: 0 from 0)
Running valgrind on ./maps/bad/textures_not_xpm.cub...

[0;31m Error:[Texture verification] invalid texture format
[0m Exit code: 1
‚ö†Ô∏è No Valgrind alerts, but with leaks[0m  
==144412== Memcheck, a memory error detector
==144412== Copyright (C) 2002-2022, and GNU GPL'd, by Julian Seward et al.
==144412== Using Valgrind-3.22.0 and LibVEX; rerun with -h for copyright info
==144412== Command: ./cub3d ./maps/bad/textures_not_xpm.cub
==144412== Parent PID: 143497
==144412== 
==144412== 
==144412== HEAP SUMMARY:
==144412==     in use at exit: 684 bytes in 40 blocks
==144412==   total heap usage: 129 allocs, 89 frees, 3,879 bytes allocated
==144412== 
==144412== LEAK SUMMARY:
==144412==    definitely lost: 378 bytes in 6 blocks
==144412==    indirectly lost: 306 bytes in 34 blocks
==144412==      possibly lost: 0 bytes in 0 blocks
==144412==    still reachable: 0 bytes in 0 blocks
==144412==         suppressed: 0 bytes in 0 blocks
==144412== Rerun with --leak-check=full to see details of leaked memory
==144412== 
==144412== For lists of detected and suppressed errors, rerun with: -s
==144412== ERROR SUMMARY: 0 errors from 0 contexts (suppressed: 0 from 0)
Running valgrind on ./maps/bad/wall_hole_east.cub...

[0;31m Error:[Walls check] incorrect vertical walls 
[0m Exit code: 1
‚ö†Ô∏è No Valgrind alerts, but with leaks[0m  
==144454== Memcheck, a memory error detector
==144454== Copyright (C) 2002-2022, and GNU GPL'd, by Julian Seward et al.
==144454== Using Valgrind-3.22.0 and LibVEX; rerun with -h for copyright info
==144454== Command: ./cub3d ./maps/bad/wall_hole_east.cub
==144454== Parent PID: 143497
==144454== 
==144454== 
==144454== HEAP SUMMARY:
==144454==     in use at exit: 408 bytes in 22 blocks
==144454==   total heap usage: 125 allocs, 103 frees, 3,829 bytes allocated
==144454== 
==144454== LEAK SUMMARY:
==144454==    definitely lost: 176 bytes in 1 blocks
==144454==    indirectly lost: 232 bytes in 21 blocks
==144454==      possibly lost: 0 bytes in 0 blocks
==144454==    still reachable: 0 bytes in 0 blocks
==144454==         suppressed: 0 bytes in 0 blocks
==144454== Rerun with --leak-check=full to see details of leaked memory
==144454== 
==144454== For lists of detected and suppressed errors, rerun with: -s
==144454== ERROR SUMMARY: 0 errors from 0 contexts (suppressed: 0 from 0)
Running valgrind on ./maps/bad/wall_hole_north.cub...

[0;31m Error:[Walls check] incorrect horizontal walls
[0m Exit code: 1
‚ö†Ô∏è No Valgrind alerts, but with leaks[0m  
==144516== Memcheck, a memory error detector
==144516== Copyright (C) 2002-2022, and GNU GPL'd, by Julian Seward et al.
==144516== Using Valgrind-3.22.0 and LibVEX; rerun with -h for copyright info
==144516== Command: ./cub3d ./maps/bad/wall_hole_north.cub
==144516== Parent PID: 143497
==144516== 
==144516== 
==144516== HEAP SUMMARY:
==144516==     in use at exit: 408 bytes in 22 blocks
==144516==   total heap usage: 125 allocs, 103 frees, 3,829 bytes allocated
==144516== 
==144516== LEAK SUMMARY:
==144516==    definitely lost: 176 bytes in 1 blocks
==144516==    indirectly lost: 232 bytes in 21 blocks
==144516==      possibly lost: 0 bytes in 0 blocks
==144516==    still reachable: 0 bytes in 0 blocks
==144516==         suppressed: 0 bytes in 0 blocks
==144516== Rerun with --leak-check=full to see details of leaked memory
==144516== 
==144516== For lists of detected and suppressed errors, rerun with: -s
==144516== ERROR SUMMARY: 0 errors from 0 contexts (suppressed: 0 from 0)
Running valgrind on ./maps/bad/wall_hole_south.cub...

[0;31m Error:[Walls check] incorrect horizontal walls
[0m Exit code: 1
‚ö†Ô∏è No Valgrind alerts, but with leaks[0m  
==144684== Memcheck, a memory error detector
==144684== Copyright (C) 2002-2022, and GNU GPL'd, by Julian Seward et al.
==144684== Using Valgrind-3.22.0 and LibVEX; rerun with -h for copyright info
==144684== Command: ./cub3d ./maps/bad/wall_hole_south.cub
==144684== Parent PID: 143497
==144684== 
==144684== 
==144684== HEAP SUMMARY:
==144684==     in use at exit: 408 bytes in 22 blocks
==144684==   total heap usage: 125 allocs, 103 frees, 3,829 bytes allocated
==144684== 
==144684== LEAK SUMMARY:
==144684==    definitely lost: 176 bytes in 1 blocks
==144684==    indirectly lost: 232 bytes in 21 blocks
==144684==      possibly lost: 0 bytes in 0 blocks
==144684==    still reachable: 0 bytes in 0 blocks
==144684==         suppressed: 0 bytes in 0 blocks
==144684== Rerun with --leak-check=full to see details of leaked memory
==144684== 
==144684== For lists of detected and suppressed errors, rerun with: -s
==144684== ERROR SUMMARY: 0 errors from 0 contexts (suppressed: 0 from 0)
Running valgrind on ./maps/bad/wall_hole_west.cub...

[0;31m Error:[Map check in file] Invalid map placement or format
[0m Exit code: 1
[0;32m‚úÖ No Valgrind alerts, no leaks[0m  
==144703== Memcheck, a memory error detector
==144703== Copyright (C) 2002-2022, and GNU GPL'd, by Julian Seward et al.
==144703== Using Valgrind-3.22.0 and LibVEX; rerun with -h for copyright info
==144703== Command: ./cub3d ./maps/bad/wall_hole_west.cub
==144703== Parent PID: 143497
==144703== 
==144703== 
==144703== HEAP SUMMARY:
==144703==     in use at exit: 0 bytes in 0 blocks
==144703==   total heap usage: 98 allocs, 98 frees, 3,561 bytes allocated
==144703== 
==144703== All heap blocks were freed -- no leaks are possible
==144703== 
==144703== For lists of detected and suppressed errors, rerun with: -s
==144703== ERROR SUMMARY: 0 errors from 0 contexts (suppressed: 0 from 0)
Running valgrind on ./maps/bad/wall_none.cub...

[0;31m Error:[Map start] No map or incorrect placement
[0m Exit code: 1
[0;32m‚úÖ No Valgrind alerts, no leaks[0m  
==144706== Memcheck, a memory error detector
==144706== Copyright (C) 2002-2022, and GNU GPL'd, by Julian Seward et al.
==144706== Using Valgrind-3.22.0 and LibVEX; rerun with -h for copyright info
==144706== Command: ./cub3d ./maps/bad/wall_none.cub
==144706== Parent PID: 143497
==144706== 
==144706== 
==144706== HEAP SUMMARY:
==144706==     in use at exit: 0 bytes in 0 blocks
==144706==   total heap usage: 98 allocs, 98 frees, 3,561 bytes allocated
==144706== 
==144706== All heap blocks were freed -- no leaks are possible
==144706== 
==144706== For lists of detected and suppressed errors, rerun with: -s
==144706== ERROR SUMMARY: 0 errors from 0 contexts (suppressed: 0 from 0)
Valgrind tests completed. Results saved to test_output.txt.
Starting Valgrind tests...
Running valgrind on ./maps/bad/color_invalid_rgb.cub...

[0;31m Error:[Color] color number out of range
[0m Freeing memory...
Freeing memory...
Freeing memory...
Freeing memory...
Exit code: 1
‚ö†Ô∏è No Valgrind alerts, but with leaks[0m  
==145668== Memcheck, a memory error detector
==145668== Copyright (C) 2002-2022, and GNU GPL'd, by Julian Seward et al.
==145668== Using Valgrind-3.22.0 and LibVEX; rerun with -h for copyright info
==145668== Command: ./cub3d ./maps/bad/color_invalid_rgb.cub
==145668== Parent PID: 145666
==145668== 
==145668== 
==145668== HEAP SUMMARY:
==145668==     in use at exit: 81 bytes in 8 blocks
==145668==   total heap usage: 146 allocs, 138 frees, 8,308 bytes allocated
==145668== 
==145668== LEAK SUMMARY:
==145668==    definitely lost: 64 bytes in 2 blocks
==145668==    indirectly lost: 17 bytes in 6 blocks
==145668==      possibly lost: 0 bytes in 0 blocks
==145668==    still reachable: 0 bytes in 0 blocks
==145668==         suppressed: 0 bytes in 0 blocks
==145668== Rerun with --leak-check=full to see details of leaked memory
==145668== 
==145668== For lists of detected and suppressed errors, rerun with: -s
==145668== ERROR SUMMARY: 0 errors from 0 contexts (suppressed: 0 from 0)
Running valgrind on ./maps/bad/color_missing_ceiling_rgb.cub...

[0;31m Error:[Color] incorrect numbers
[0m Freeing memory...
Freeing memory...
Freeing memory...
Freeing memory...
Exit code: 1
‚ö†Ô∏è No Valgrind alerts, but with leaks[0m  
==145711== Memcheck, a memory error detector
==145711== Copyright (C) 2002-2022, and GNU GPL'd, by Julian Seward et al.
==145711== Using Valgrind-3.22.0 and LibVEX; rerun with -h for copyright info
==145711== Command: ./cub3d ./maps/bad/color_missing_ceiling_rgb.cub
==145711== Parent PID: 145666
==145711== 
==145711== 
==145711== HEAP SUMMARY:
==145711==     in use at exit: 73 bytes in 7 blocks
==145711==   total heap usage: 141 allocs, 134 frees, 8,082 bytes allocated
==145711== 
==145711== LEAK SUMMARY:
==145711==    definitely lost: 56 bytes in 2 blocks
==145711==    indirectly lost: 17 bytes in 5 blocks
==145711==      possibly lost: 0 bytes in 0 blocks
==145711==    still reachable: 0 bytes in 0 blocks
==145711==         suppressed: 0 bytes in 0 blocks
==145711== Rerun with --leak-check=full to see details of leaked memory
==145711== 
==145711== For lists of detected and suppressed errors, rerun with: -s
==145711== ERROR SUMMARY: 0 errors from 0 contexts (suppressed: 0 from 0)
Running valgrind on ./maps/bad/color_missing.cub...

[0;31m Error:[Color] colors are not complete
[0m Freeing memory...
Freeing memory...
Freeing memory...
Freeing memory...
Exit code: 1
‚ö†Ô∏è No Valgrind alerts, but with leaks[0m  
==145985== Memcheck, a memory error detector
==145985== Copyright (C) 2002-2022, and GNU GPL'd, by Julian Seward et al.
==145985== Using Valgrind-3.22.0 and LibVEX; rerun with -h for copyright info
==145985== Command: ./cub3d ./maps/bad/color_missing.cub
==145985== Parent PID: 145666
==145985== 
==145985== 
==145985== HEAP SUMMARY:
==145985==     in use at exit: 44 bytes in 4 blocks
==145985==   total heap usage: 132 allocs, 128 frees, 7,876 bytes allocated
==145985== 
==145985== LEAK SUMMARY:
==145985==    definitely lost: 32 bytes in 1 blocks
==145985==    indirectly lost: 12 bytes in 3 blocks
==145985==      possibly lost: 0 bytes in 0 blocks
==145985==    still reachable: 0 bytes in 0 blocks
==145985==         suppressed: 0 bytes in 0 blocks
==145985== Rerun with --leak-check=full to see details of leaked memory
==145985== 
==145985== For lists of detected and suppressed errors, rerun with: -s
==145985== ERROR SUMMARY: 0 errors from 0 contexts (suppressed: 0 from 0)
Running valgrind on ./maps/bad/color_missing_floor_rgb.cub...

[0;31m Error:[Color] incorrect numbers
[0m Freeing memory...
Freeing memory...
Freeing memory...
Freeing memory...
Exit code: 1
‚ö†Ô∏è No Valgrind alerts, but with leaks[0m  
==145988== Memcheck, a memory error detector
==145988== Copyright (C) 2002-2022, and GNU GPL'd, by Julian Seward et al.
==145988== Using Valgrind-3.22.0 and LibVEX; rerun with -h for copyright info
==145988== Command: ./cub3d ./maps/bad/color_missing_floor_rgb.cub
==145988== Parent PID: 145666
==145988== 
==145988== 
==145988== HEAP SUMMARY:
==145988==     in use at exit: 74 bytes in 7 blocks
==145988==   total heap usage: 141 allocs, 134 frees, 8,089 bytes allocated
==145988== 
==145988== LEAK SUMMARY:
==145988==    definitely lost: 56 bytes in 2 blocks
==145988==    indirectly lost: 18 bytes in 5 blocks
==145988==      possibly lost: 0 bytes in 0 blocks
==145988==    still reachable: 0 bytes in 0 blocks
==145988==         suppressed: 0 bytes in 0 blocks
==145988== Rerun with --leak-check=full to see details of leaked memory
==145988== 
==145988== For lists of detected and suppressed errors, rerun with: -s
==145988== ERROR SUMMARY: 0 errors from 0 contexts (suppressed: 0 from 0)
Running valgrind on ./maps/bad/color_none.cub...

[0;31m Error:[Color] colors are not complete
[0m Freeing memory...
Freeing memory...
Freeing memory...
Freeing memory...
Exit code: 1
[0;32m‚úÖ No Valgrind alerts, no leaks[0m  
==146270== Memcheck, a memory error detector
==146270== Copyright (C) 2002-2022, and GNU GPL'd, by Julian Seward et al.
==146270== Using Valgrind-3.22.0 and LibVEX; rerun with -h for copyright info
==146270== Command: ./cub3d ./maps/bad/color_none.cub
==146270== Parent PID: 145666
==146270== 
==146270== 
==146270== HEAP SUMMARY:
==146270==     in use at exit: 0 bytes in 0 blocks
==146270==   total heap usage: 117 allocs, 117 frees, 7,292 bytes allocated
==146270== 
==146270== All heap blocks were freed -- no leaks are possible
==146270== 
==146270== For lists of detected and suppressed errors, rerun with: -s
==146270== ERROR SUMMARY: 0 errors from 0 contexts (suppressed: 0 from 0)
Running valgrind on ./maps/bad/empty.cub...
[0;31m Error:[Read file] file is empty
[0m Exit code: 1
[0;32m‚úÖ No Valgrind alerts, no leaks[0m  
==146329== Memcheck, a memory error detector
==146329== Copyright (C) 2002-2022, and GNU GPL'd, by Julian Seward et al.
==146329== Using Valgrind-3.22.0 and LibVEX; rerun with -h for copyright info
==146329== Command: ./cub3d ./maps/bad/empty.cub
==146329== Parent PID: 145666
==146329== 
==146329== 
==146329== HEAP SUMMARY:
==146329==     in use at exit: 0 bytes in 0 blocks
==146329==   total heap usage: 5 allocs, 5 frees, 170 bytes allocated
==146329== 
==146329== All heap blocks were freed -- no leaks are possible
==146329== 
==146329== For lists of detected and suppressed errors, rerun with: -s
==146329== ERROR SUMMARY: 0 errors from 0 contexts (suppressed: 0 from 0)
Running valgrind on ./maps/bad/file_letter_end.cub...

[0;31m Error:[Map validation] Empty line found
[0m Exit code: 1
[0;32m‚úÖ No Valgrind alerts, no leaks[0m  
==146465== Memcheck, a memory error detector
==146465== Copyright (C) 2002-2022, and GNU GPL'd, by Julian Seward et al.
==146465== Using Valgrind-3.22.0 and LibVEX; rerun with -h for copyright info
==146465== Command: ./cub3d ./maps/bad/file_letter_end.cub
==146465== Parent PID: 145666
==146465== 
==146465== 
==146465== HEAP SUMMARY:
==146465==     in use at exit: 0 bytes in 0 blocks
==146465==   total heap usage: 155 allocs, 155 frees, 7,353 bytes allocated
==146465== 
==146465== All heap blocks were freed -- no leaks are possible
==146465== 
==146465== For lists of detected and suppressed errors, rerun with: -s
==146465== ERROR SUMMARY: 0 errors from 0 contexts (suppressed: 0 from 0)
Running valgrind on ./maps/bad/filetype_missing...
[0;31m Error:[Check args] no map or invalid map extension
[0m Exit code: 1
[0;32m‚úÖ No Valgrind alerts, no leaks[0m  
==146468== Memcheck, a memory error detector
==146468== Copyright (C) 2002-2022, and GNU GPL'd, by Julian Seward et al.
==146468== Using Valgrind-3.22.0 and LibVEX; rerun with -h for copyright info
==146468== Command: ./cub3d ./maps/bad/filetype_missing
==146468== Parent PID: 145666
==146468== 
==146468== 
==146468== HEAP SUMMARY:
==146468==     in use at exit: 0 bytes in 0 blocks
==146468==   total heap usage: 3 allocs, 3 frees, 144 bytes allocated
==146468== 
==146468== All heap blocks were freed -- no leaks are possible
==146468== 
==146468== For lists of detected and suppressed errors, rerun with: -s
==146468== ERROR SUMMARY: 0 errors from 0 contexts (suppressed: 0 from 0)
Running valgrind on ./maps/bad/filetype_wrong.buc...
[0;31m Error:[Check args] no map or invalid map extension
[0m Exit code: 1
[0;32m‚úÖ No Valgrind alerts, no leaks[0m  
==146471== Memcheck, a memory error detector
==146471== Copyright (C) 2002-2022, and GNU GPL'd, by Julian Seward et al.
==146471== Using Valgrind-3.22.0 and LibVEX; rerun with -h for copyright info
==146471== Command: ./cub3d ./maps/bad/filetype_wrong.buc
==146471== Parent PID: 145666
==146471== 
==146471== 
==146471== HEAP SUMMARY:
==146471==     in use at exit: 0 bytes in 0 blocks
==146471==   total heap usage: 3 allocs, 3 frees, 144 bytes allocated
==146471== 
==146471== All heap blocks were freed -- no leaks are possible
==146471== 
==146471== For lists of detected and suppressed errors, rerun with: -s
==146471== ERROR SUMMARY: 0 errors from 0 contexts (suppressed: 0 from 0)
Running valgrind on ./maps/bad/map_first.cub...

[0;31m Error:[Map start] No map or incorrect placement
[0m Exit code: 1
[0;32m‚úÖ No Valgrind alerts, no leaks[0m  
==146474== Memcheck, a memory error detector
==146474== Copyright (C) 2002-2022, and GNU GPL'd, by Julian Seward et al.
==146474== Using Valgrind-3.22.0 and LibVEX; rerun with -h for copyright info
==146474== Command: ./cub3d ./maps/bad/map_first.cub
==146474== Parent PID: 145666
==146474== 
==146474== 
==146474== HEAP SUMMARY:
==146474==     in use at exit: 0 bytes in 0 blocks
==146474==   total heap usage: 98 allocs, 98 frees, 3,476 bytes allocated
==146474== 
==146474== All heap blocks were freed -- no leaks are possible
==146474== 
==146474== For lists of detected and suppressed errors, rerun with: -s
==146474== ERROR SUMMARY: 0 errors from 0 contexts (suppressed: 0 from 0)
Running valgrind on ./maps/bad/map_middle.cub...
Starting Valgrind tests...
Running valgrind on ./maps/bad/color_invalid_rgb.cub...

[0;31m Error:[Color] color number out of range
[0m Freeing memory...
Freeing memory...
Freeing memory...
Freeing memory...
Exit code: 1
[0;32m‚úÖ No Valgrind alerts, no leaks[0m  
==150442== Memcheck, a memory error detector
==150442== Copyright (C) 2002-2022, and GNU GPL'd, by Julian Seward et al.
==150442== Using Valgrind-3.22.0 and LibVEX; rerun with -h for copyright info
==150442== Command: ./cub3d ./maps/bad/color_invalid_rgb.cub
==150442== Parent PID: 150440
==150442== 
==150442== 
==150442== HEAP SUMMARY:
==150442==     in use at exit: 0 bytes in 0 blocks
==150442==   total heap usage: 146 allocs, 146 frees, 8,308 bytes allocated
==150442== 
==150442== All heap blocks were freed -- no leaks are possible
==150442== 
==150442== For lists of detected and suppressed errors, rerun with: -s
==150442== ERROR SUMMARY: 0 errors from 0 contexts (suppressed: 0 from 0)
Running valgrind on ./maps/bad/color_missing_ceiling_rgb.cub...

[0;31m Error:[Color] incorrect numbers
[0m Freeing memory...
Freeing memory...
Freeing memory...
Freeing memory...
Exit code: 1
[0;32m‚úÖ No Valgrind alerts, no leaks[0m  
==150526== Memcheck, a memory error detector
==150526== Copyright (C) 2002-2022, and GNU GPL'd, by Julian Seward et al.
==150526== Using Valgrind-3.22.0 and LibVEX; rerun with -h for copyright info
==150526== Command: ./cub3d ./maps/bad/color_missing_ceiling_rgb.cub
==150526== Parent PID: 150440
==150526== 
==150526== 
==150526== HEAP SUMMARY:
==150526==     in use at exit: 0 bytes in 0 blocks
==150526==   total heap usage: 141 allocs, 141 frees, 8,082 bytes allocated
==150526== 
==150526== All heap blocks were freed -- no leaks are possible
==150526== 
==150526== For lists of detected and suppressed errors, rerun with: -s
==150526== ERROR SUMMARY: 0 errors from 0 contexts (suppressed: 0 from 0)
Running valgrind on ./maps/bad/color_missing.cub...

[0;31m Error:[Color] colors are not complete
[0m Freeing memory...
Freeing memory...
Freeing memory...
Freeing memory...
Exit code: 1
[0;32m‚úÖ No Valgrind alerts, no leaks[0m  
==150815== Memcheck, a memory error detector
==150815== Copyright (C) 2002-2022, and GNU GPL'd, by Julian Seward et al.
==150815== Using Valgrind-3.22.0 and LibVEX; rerun with -h for copyright info
==150815== Command: ./cub3d ./maps/bad/color_missing.cub
==150815== Parent PID: 150440
==150815== 
==150815== 
==150815== HEAP SUMMARY:
==150815==     in use at exit: 0 bytes in 0 blocks
==150815==   total heap usage: 132 allocs, 132 frees, 7,876 bytes allocated
==150815== 
==150815== All heap blocks were freed -- no leaks are possible
==150815== 
==150815== For lists of detected and suppressed errors, rerun with: -s
==150815== ERROR SUMMARY: 0 errors from 0 contexts (suppressed: 0 from 0)
Running valgrind on ./maps/bad/color_missing_floor_rgb.cub...

[0;31m Error:[Color] incorrect numbers
[0m Freeing memory...
Freeing memory...
Freeing memory...
Freeing memory...
Exit code: 1
[0;32m‚úÖ No Valgrind alerts, no leaks[0m  
==151113== Memcheck, a memory error detector
==151113== Copyright (C) 2002-2022, and GNU GPL'd, by Julian Seward et al.
==151113== Using Valgrind-3.22.0 and LibVEX; rerun with -h for copyright info
==151113== Command: ./cub3d ./maps/bad/color_missing_floor_rgb.cub
==151113== Parent PID: 150440
==151113== 
==151113== 
==151113== HEAP SUMMARY:
==151113==     in use at exit: 0 bytes in 0 blocks
==151113==   total heap usage: 141 allocs, 141 frees, 8,089 bytes allocated
==151113== 
==151113== All heap blocks were freed -- no leaks are possible
==151113== 
==151113== For lists of detected and suppressed errors, rerun with: -s
==151113== ERROR SUMMARY: 0 errors from 0 contexts (suppressed: 0 from 0)
Running valgrind on ./maps/bad/color_none.cub...

[0;31m Error:[Color] colors are not complete
[0m Freeing memory...
Freeing memory...
Freeing memory...
Freeing memory...
Exit code: 1
[0;32m‚úÖ No Valgrind alerts, no leaks[0m  
==151116== Memcheck, a memory error detector
==151116== Copyright (C) 2002-2022, and GNU GPL'd, by Julian Seward et al.
==151116== Using Valgrind-3.22.0 and LibVEX; rerun with -h for copyright info
==151116== Command: ./cub3d ./maps/bad/color_none.cub
==151116== Parent PID: 150440
==151116== 
==151116== 
==151116== HEAP SUMMARY:
==151116==     in use at exit: 0 bytes in 0 blocks
==151116==   total heap usage: 117 allocs, 117 frees, 7,292 bytes allocated
==151116== 
==151116== All heap blocks were freed -- no leaks are possible
==151116== 
==151116== For lists of detected and suppressed errors, rerun with: -s
==151116== ERROR SUMMARY: 0 errors from 0 contexts (suppressed: 0 from 0)
Running valgrind on ./maps/bad/empty.cub...
[0;31m Error:[Read file] file is empty
[0m Exit code: 1
[0;32m‚úÖ No Valgrind alerts, no leaks[0m  
==151311== Memcheck, a memory error detector
==151311== Copyright (C) 2002-2022, and GNU GPL'd, by Julian Seward et al.
==151311== Using Valgrind-3.22.0 and LibVEX; rerun with -h for copyright info
==151311== Command: ./cub3d ./maps/bad/empty.cub
==151311== Parent PID: 150440
==151311== 
==151311== 
==151311== HEAP SUMMARY:
==151311==     in use at exit: 0 bytes in 0 blocks
==151311==   total heap usage: 5 allocs, 5 frees, 170 bytes allocated
==151311== 
==151311== All heap blocks were freed -- no leaks are possible
==151311== 
==151311== For lists of detected and suppressed errors, rerun with: -s
==151311== ERROR SUMMARY: 0 errors from 0 contexts (suppressed: 0 from 0)
Running valgrind on ./maps/bad/file_letter_end.cub...

[0;31m Error:[Map validation] Empty line found
[0m Starting Valgrind tests...
Running valgrind on ./maps/bad/color_invalid_rgb.cub...

[0;31m Error:[Color] color number out of range
[0m Freeing memory...
Freeing memory...
Freeing memory...
Freeing memory...
Exit code: 1
[0;32m‚úÖ No Valgrind alerts, no leaks[0m  
==151629== Memcheck, a memory error detector
==151629== Copyright (C) 2002-2022, and GNU GPL'd, by Julian Seward et al.
==151629== Using Valgrind-3.22.0 and LibVEX; rerun with -h for copyright info
==151629== Command: ./cub3d ./maps/bad/color_invalid_rgb.cub
==151629== Parent PID: 151627
==151629== 
==151629== 
==151629== HEAP SUMMARY:
==151629==     in use at exit: 0 bytes in 0 blocks
==151629==   total heap usage: 146 allocs, 146 frees, 8,308 bytes allocated
==151629== 
==151629== All heap blocks were freed -- no leaks are possible
==151629== 
==151629== For lists of detected and suppressed errors, rerun with: -s
==151629== ERROR SUMMARY: 0 errors from 0 contexts (suppressed: 0 from 0)
Running valgrind on ./maps/bad/color_missing_ceiling_rgb.cub...

[0;31m Error:[Color] incorrect numbers
[0m Freeing memory...
Freeing memory...
Freeing memory...
Freeing memory...
Exit code: 1
[0;32m‚úÖ No Valgrind alerts, no leaks[0m  
==151632== Memcheck, a memory error detector
==151632== Copyright (C) 2002-2022, and GNU GPL'd, by Julian Seward et al.
==151632== Using Valgrind-3.22.0 and LibVEX; rerun with -h for copyright info
==151632== Command: ./cub3d ./maps/bad/color_missing_ceiling_rgb.cub
==151632== Parent PID: 151627
==151632== 
==151632== 
==151632== HEAP SUMMARY:
==151632==     in use at exit: 0 bytes in 0 blocks
==151632==   total heap usage: 141 allocs, 141 frees, 8,082 bytes allocated
==151632== 
==151632== All heap blocks were freed -- no leaks are possible
==151632== 
==151632== For lists of detected and suppressed errors, rerun with: -s
==151632== ERROR SUMMARY: 0 errors from 0 contexts (suppressed: 0 from 0)
Running valgrind on ./maps/bad/color_missing.cub...

[0;31m Error:[Color] colors are not complete
[0m Freeing memory...
Freeing memory...
Freeing memory...
Freeing memory...
Exit code: 1
[0;32m‚úÖ No Valgrind alerts, no leaks[0m  
==151743== Memcheck, a memory error detector
==151743== Copyright (C) 2002-2022, and GNU GPL'd, by Julian Seward et al.
==151743== Using Valgrind-3.22.0 and LibVEX; rerun with -h for copyright info
==151743== Command: ./cub3d ./maps/bad/color_missing.cub
==151743== Parent PID: 151627
==151743== 
==151743== 
==151743== HEAP SUMMARY:
==151743==     in use at exit: 0 bytes in 0 blocks
==151743==   total heap usage: 132 allocs, 132 frees, 7,876 bytes allocated
==151743== 
==151743== All heap blocks were freed -- no leaks are possible
==151743== 
==151743== For lists of detected and suppressed errors, rerun with: -s
==151743== ERROR SUMMARY: 0 errors from 0 contexts (suppressed: 0 from 0)
Running valgrind on ./maps/bad/color_missing_floor_rgb.cub...

[0;31m Error:[Color] incorrect numbers
[0m Freeing memory...
Freeing memory...
Freeing memory...
Freeing memory...
Exit code: 1
[0;32m‚úÖ No Valgrind alerts, no leaks[0m  
==151746== Memcheck, a memory error detector
==151746== Copyright (C) 2002-2022, and GNU GPL'd, by Julian Seward et al.
==151746== Using Valgrind-3.22.0 and LibVEX; rerun with -h for copyright info
==151746== Command: ./cub3d ./maps/bad/color_missing_floor_rgb.cub
==151746== Parent PID: 151627
==151746== 
==151746== 
==151746== HEAP SUMMARY:
==151746==     in use at exit: 0 bytes in 0 blocks
==151746==   total heap usage: 141 allocs, 141 frees, 8,089 bytes allocated
==151746== 
==151746== All heap blocks were freed -- no leaks are possible
==151746== 
==151746== For lists of detected and suppressed errors, rerun with: -s
==151746== ERROR SUMMARY: 0 errors from 0 contexts (suppressed: 0 from 0)
Running valgrind on ./maps/bad/color_none.cub...

[0;31m Error:[Color] colors are not complete
[0m Freeing memory...
Freeing memory...
Freeing memory...
Freeing memory...
Exit code: 1
[0;32m‚úÖ No Valgrind alerts, no leaks[0m  
==151950== Memcheck, a memory error detector
==151950== Copyright (C) 2002-2022, and GNU GPL'd, by Julian Seward et al.
==151950== Using Valgrind-3.22.0 and LibVEX; rerun with -h for copyright info
==151950== Command: ./cub3d ./maps/bad/color_none.cub
==151950== Parent PID: 151627
==151950== 
==151950== 
==151950== HEAP SUMMARY:
==151950==     in use at exit: 0 bytes in 0 blocks
==151950==   total heap usage: 117 allocs, 117 frees, 7,292 bytes allocated
==151950== 
==151950== All heap blocks were freed -- no leaks are possible
==151950== 
==151950== For lists of detected and suppressed errors, rerun with: -s
==151950== ERROR SUMMARY: 0 errors from 0 contexts (suppressed: 0 from 0)
Running valgrind on ./maps/bad/empty.cub...
[0;31m Error:[Read file] file is empty
[0m Exit code: 1
[0;32m‚úÖ No Valgrind alerts, no leaks[0m  
==151953== Memcheck, a memory error detector
==151953== Copyright (C) 2002-2022, and GNU GPL'd, by Julian Seward et al.
==151953== Using Valgrind-3.22.0 and LibVEX; rerun with -h for copyright info
==151953== Command: ./cub3d ./maps/bad/empty.cub
==151953== Parent PID: 151627
==151953== 
==151953== 
==151953== HEAP SUMMARY:
==151953==     in use at exit: 0 bytes in 0 blocks
==151953==   total heap usage: 5 allocs, 5 frees, 170 bytes allocated
==151953== 
==151953== All heap blocks were freed -- no leaks are possible
==151953== 
==151953== For lists of detected and suppressed errors, rerun with: -s
==151953== ERROR SUMMARY: 0 errors from 0 contexts (suppressed: 0 from 0)
Running valgrind on ./maps/bad/file_letter_end.cub...

[0;31m Error:[Map validation] Empty line found
[0m Exit code: 1
[0;32m‚úÖ No Valgrind alerts, no leaks[0m  
==151956== Memcheck, a memory error detector
==151956== Copyright (C) 2002-2022, and GNU GPL'd, by Julian Seward et al.
==151956== Using Valgrind-3.22.0 and LibVEX; rerun with -h for copyright info
==151956== Command: ./cub3d ./maps/bad/file_letter_end.cub
==151956== Parent PID: 151627
==151956== 
==151956== 
==151956== HEAP SUMMARY:
==151956==     in use at exit: 0 bytes in 0 blocks
==151956==   total heap usage: 155 allocs, 155 frees, 7,353 bytes allocated
==151956== 
==151956== All heap blocks were freed -- no leaks are possible
==151956== 
==151956== For lists of detected and suppressed errors, rerun with: -s
==151956== ERROR SUMMARY: 0 errors from 0 contexts (suppressed: 0 from 0)
Running valgrind on ./maps/bad/filetype_missing...
[0;31m Error:[Check args] no map or invalid map extension
[0m Exit code: 1
[0;32m‚úÖ No Valgrind alerts, no leaks[0m  
==151959== Memcheck, a memory error detector
==151959== Copyright (C) 2002-2022, and GNU GPL'd, by Julian Seward et al.
==151959== Using Valgrind-3.22.0 and LibVEX; rerun with -h for copyright info
==151959== Command: ./cub3d ./maps/bad/filetype_missing
==151959== Parent PID: 151627
==151959== 
==151959== 
==151959== HEAP SUMMARY:
==151959==     in use at exit: 0 bytes in 0 blocks
==151959==   total heap usage: 3 allocs, 3 frees, 144 bytes allocated
==151959== 
==151959== All heap blocks were freed -- no leaks are possible
==151959== 
==151959== For lists of detected and suppressed errors, rerun with: -s
==151959== ERROR SUMMARY: 0 errors from 0 contexts (suppressed: 0 from 0)
Running valgrind on ./maps/bad/filetype_wrong.buc...
[0;31m Error:[Check args] no map or invalid map extension
[0m Exit code: 1
[0;32m‚úÖ No Valgrind alerts, no leaks[0m  
==151962== Memcheck, a memory error detector
==151962== Copyright (C) 2002-2022, and GNU GPL'd, by Julian Seward et al.
==151962== Using Valgrind-3.22.0 and LibVEX; rerun with -h for copyright info
==151962== Command: ./cub3d ./maps/bad/filetype_wrong.buc
==151962== Parent PID: 151627
==151962== 
==151962== 
==151962== HEAP SUMMARY:
==151962==     in use at exit: 0 bytes in 0 blocks
==151962==   total heap usage: 3 allocs, 3 frees, 144 bytes allocated
==151962== 
==151962== All heap blocks were freed -- no leaks are possible
==151962== 
==151962== For lists of detected and suppressed errors, rerun with: -s
==151962== ERROR SUMMARY: 0 errors from 0 contexts (suppressed: 0 from 0)
Running valgrind on ./maps/bad/map_first.cub...

[0;31m Error:[Map start] No map or incorrect placement
[0m Exit code: 1
[0;32m‚úÖ No Valgrind alerts, no leaks[0m  
==151965== Memcheck, a memory error detector
==151965== Copyright (C) 2002-2022, and GNU GPL'd, by Julian Seward et al.
==151965== Using Valgrind-3.22.0 and LibVEX; rerun with -h for copyright info
==151965== Command: ./cub3d ./maps/bad/map_first.cub
==151965== Parent PID: 151627
==151965== 
==151965== 
==151965== HEAP SUMMARY:
==151965==     in use at exit: 0 bytes in 0 blocks
==151965==   total heap usage: 98 allocs, 98 frees, 3,476 bytes allocated
==151965== 
==151965== All heap blocks were freed -- no leaks are possible
==151965== 
==151965== For lists of detected and suppressed errors, rerun with: -s
==151965== ERROR SUMMARY: 0 errors from 0 contexts (suppressed: 0 from 0)
Running valgrind on ./maps/bad/map_middle.cub...

[0;31m Error:[Map check in file] Invalid map placement or format
[0m Exit code: 1
[0;32m‚úÖ No Valgrind alerts, no leaks[0m  
==152076== Memcheck, a memory error detector
==152076== Copyright (C) 2002-2022, and GNU GPL'd, by Julian Seward et al.
==152076== Using Valgrind-3.22.0 and LibVEX; rerun with -h for copyright info
==152076== Command: ./cub3d ./maps/bad/map_middle.cub
==152076== Parent PID: 151627
==152076== 
==152076== 
==152076== HEAP SUMMARY:
==152076==     in use at exit: 0 bytes in 0 blocks
==152076==   total heap usage: 106 allocs, 106 frees, 3,963 bytes allocated
==152076== 
==152076== All heap blocks were freed -- no leaks are possible
==152076== 
==152076== For lists of detected and suppressed errors, rerun with: -s
==152076== ERROR SUMMARY: 0 errors from 0 contexts (suppressed: 0 from 0)
Running valgrind on ./maps/bad/map_missing.cub...

[0;31m Error:[Map start] No map or incorrect placement
[0m Exit code: 1
[0;32m‚úÖ No Valgrind alerts, no leaks[0m  
==152079== Memcheck, a memory error detector
==152079== Copyright (C) 2002-2022, and GNU GPL'd, by Julian Seward et al.
==152079== Using Valgrind-3.22.0 and LibVEX; rerun with -h for copyright info
==152079== Command: ./cub3d ./maps/bad/map_missing.cub
==152079== Parent PID: 151627
==152079== 
==152079== 
==152079== HEAP SUMMARY:
==152079==     in use at exit: 0 bytes in 0 blocks
==152079==   total heap usage: 43 allocs, 43 frees, 1,184 bytes allocated
==152079== 
==152079== All heap blocks were freed -- no leaks are possible
==152079== 
==152079== For lists of detected and suppressed errors, rerun with: -s
==152079== ERROR SUMMARY: 0 errors from 0 contexts (suppressed: 0 from 0)
Running valgrind on ./maps/bad/map_only.cub...

[0;31m Error:[Map start] No map or incorrect placement
[0m Exit code: 1
[0;32m‚úÖ No Valgrind alerts, no leaks[0m  
==152283== Memcheck, a memory error detector
==152283== Copyright (C) 2002-2022, and GNU GPL'd, by Julian Seward et al.
==152283== Using Valgrind-3.22.0 and LibVEX; rerun with -h for copyright info
==152283== Command: ./cub3d ./maps/bad/map_only.cub
==152283== Parent PID: 151627
==152283== 
==152283== 
==152283== HEAP SUMMARY:
==152283==     in use at exit: 0 bytes in 0 blocks
==152283==   total heap usage: 61 allocs, 61 frees, 1,634 bytes allocated
==152283== 
==152283== All heap blocks were freed -- no leaks are possible
==152283== 
==152283== For lists of detected and suppressed errors, rerun with: -s
==152283== ERROR SUMMARY: 0 errors from 0 contexts (suppressed: 0 from 0)
Running valgrind on ./maps/bad/map_too_small.cub...

[0;31m Error:[Map check in file] Invalid map size
[0m Exit code: 1
[0;32m‚úÖ No Valgrind alerts, no leaks[0m  
==152286== Memcheck, a memory error detector
==152286== Copyright (C) 2002-2022, and GNU GPL'd, by Julian Seward et al.
==152286== Using Valgrind-3.22.0 and LibVEX; rerun with -h for copyright info
==152286== Command: ./cub3d ./maps/bad/map_too_small.cub
==152286== Parent PID: 151627
==152286== 
==152286== 
==152286== HEAP SUMMARY:
==152286==     in use at exit: 0 bytes in 0 blocks
==152286==   total heap usage: 51 allocs, 51 frees, 1,444 bytes allocated
==152286== 
==152286== All heap blocks were freed -- no leaks are possible
==152286== 
==152286== For lists of detected and suppressed errors, rerun with: -s
==152286== ERROR SUMMARY: 0 errors from 0 contexts (suppressed: 0 from 0)
Running valgrind on ./maps/bad/player_multiple.cub...

[0;31m Error:[Map validation] invalid number of player 
[0m Exit code: 1
‚ö†Ô∏è No Valgrind alerts, but with leaks[0m  
==152289== Memcheck, a memory error detector
==152289== Copyright (C) 2002-2022, and GNU GPL'd, by Julian Seward et al.
==152289== Using Valgrind-3.22.0 and LibVEX; rerun with -h for copyright info
==152289== Command: ./cub3d ./maps/bad/player_multiple.cub
==152289== Parent PID: 151627
==152289== 
==152289== 
==152289== HEAP SUMMARY:
==152289==     in use at exit: 408 bytes in 22 blocks
==152289==   total heap usage: 125 allocs, 103 frees, 3,829 bytes allocated
==152289== 
==152289== LEAK SUMMARY:
==152289==    definitely lost: 176 bytes in 1 blocks
==152289==    indirectly lost: 232 bytes in 21 blocks
==152289==      possibly lost: 0 bytes in 0 blocks
==152289==    still reachable: 0 bytes in 0 blocks
==152289==         suppressed: 0 bytes in 0 blocks
==152289== Rerun with --leak-check=full to see details of leaked memory
==152289== 
==152289== For lists of detected and suppressed errors, rerun with: -s
==152289== ERROR SUMMARY: 0 errors from 0 contexts (suppressed: 0 from 0)
Running valgrind on ./maps/bad/player_none.cub...

[0;31m Error:[Map validation] invalid number of player 
[0m Exit code: 1
‚ö†Ô∏è No Valgrind alerts, but with leaks[0m  
==152292== Memcheck, a memory error detector
==152292== Copyright (C) 2002-2022, and GNU GPL'd, by Julian Seward et al.
==152292== Using Valgrind-3.22.0 and LibVEX; rerun with -h for copyright info
==152292== Command: ./cub3d ./maps/bad/player_none.cub
==152292== Parent PID: 151627
==152292== 
==152292== 
==152292== HEAP SUMMARY:
==152292==     in use at exit: 408 bytes in 22 blocks
==152292==   total heap usage: 125 allocs, 103 frees, 3,829 bytes allocated
==152292== 
==152292== LEAK SUMMARY:
==152292==    definitely lost: 176 bytes in 1 blocks
==152292==    indirectly lost: 232 bytes in 21 blocks
==152292==      possibly lost: 0 bytes in 0 blocks
==152292==    still reachable: 0 bytes in 0 blocks
==152292==         suppressed: 0 bytes in 0 blocks
==152292== Rerun with --leak-check=full to see details of leaked memory
==152292== 
==152292== For lists of detected and suppressed errors, rerun with: -s
==152292== ERROR SUMMARY: 0 errors from 0 contexts (suppressed: 0 from 0)
Running valgrind on ./maps/bad/player_on_edge.cub...

[0;31m Error:[Walls check] incorrect horizontal walls
[0m Exit code: 1
‚ö†Ô∏è No Valgrind alerts, but with leaks[0m  
==152295== Memcheck, a memory error detector
==152295== Copyright (C) 2002-2022, and GNU GPL'd, by Julian Seward et al.
==152295== Using Valgrind-3.22.0 and LibVEX; rerun with -h for copyright info
==152295== Command: ./cub3d ./maps/bad/player_on_edge.cub
==152295== Parent PID: 151627
==152295== 
==152295== 
==152295== HEAP SUMMARY:
==152295==     in use at exit: 408 bytes in 22 blocks
==152295==   total heap usage: 125 allocs, 103 frees, 3,829 bytes allocated
==152295== 
==152295== LEAK SUMMARY:
==152295==    definitely lost: 176 bytes in 1 blocks
==152295==    indirectly lost: 232 bytes in 21 blocks
==152295==      possibly lost: 0 bytes in 0 blocks
==152295==    still reachable: 0 bytes in 0 blocks
==152295==         suppressed: 0 bytes in 0 blocks
==152295== Rerun with --leak-check=full to see details of leaked memory
==152295== 
==152295== For lists of detected and suppressed errors, rerun with: -s
==152295== ERROR SUMMARY: 0 errors from 0 contexts (suppressed: 0 from 0)
Running valgrind on ./maps/bad/textures_dir.cub...

[0;31m Error:[Texture verification] invalid texture format
[0m Exit code: 1
‚ö†Ô∏è No Valgrind alerts, but with leaks[0m  
==152298== Memcheck, a memory error detector
==152298== Copyright (C) 2002-2022, and GNU GPL'd, by Julian Seward et al.
==152298== Using Valgrind-3.22.0 and LibVEX; rerun with -h for copyright info
==152298== Command: ./cub3d ./maps/bad/textures_dir.cub
==152298== Parent PID: 151627
==152298== 
==152298== 
==152298== HEAP SUMMARY:
==152298==     in use at exit: 676 bytes in 40 blocks
==152298==   total heap usage: 129 allocs, 89 frees, 3,889 bytes allocated
==152298== 
==152298== LEAK SUMMARY:
==152298==    definitely lost: 374 bytes in 6 blocks
==152298==    indirectly lost: 302 bytes in 34 blocks
==152298==      possibly lost: 0 bytes in 0 blocks
==152298==    still reachable: 0 bytes in 0 blocks
==152298==         suppressed: 0 bytes in 0 blocks
==152298== Rerun with --leak-check=full to see details of leaked memory
==152298== 
==152298== For lists of detected and suppressed errors, rerun with: -s
==152298== ERROR SUMMARY: 0 errors from 0 contexts (suppressed: 0 from 0)
Running valgrind on ./maps/bad/textures_duplicates.cub...

[0;31m Error:[Texture save] Duplicate found
[0m Exit code: 1
‚ö†Ô∏è No Valgrind alerts, but with leaks[0m  
==152305== Memcheck, a memory error detector
==152305== Copyright (C) 2002-2022, and GNU GPL'd, by Julian Seward et al.
==152305== Using Valgrind-3.22.0 and LibVEX; rerun with -h for copyright info
==152305== Command: ./cub3d ./maps/bad/textures_duplicates.cub
==152305== Parent PID: 151627
==152305== 
==152305== 
==152305== HEAP SUMMARY:
==152305==     in use at exit: 750 bytes in 42 blocks
==152305==   total heap usage: 135 allocs, 93 frees, 4,203 bytes allocated
==152305== 
==152305== LEAK SUMMARY:
==152305==    definitely lost: 413 bytes in 7 blocks
==152305==    indirectly lost: 337 bytes in 35 blocks
==152305==      possibly lost: 0 bytes in 0 blocks
==152305==    still reachable: 0 bytes in 0 blocks
==152305==         suppressed: 0 bytes in 0 blocks
==152305== Rerun with --leak-check=full to see details of leaked memory
==152305== 
==152305== For lists of detected and suppressed errors, rerun with: -s
==152305== ERROR SUMMARY: 0 errors from 0 contexts (suppressed: 0 from 0)
Running valgrind on ./maps/bad/textures_invalid.cub...

[0;31m Error:[Texture verification] invalid texture format
[0m Exit code: 1
‚ö†Ô∏è No Valgrind alerts, but with leaks[0m  
==152413== Memcheck, a memory error detector
==152413== Copyright (C) 2002-2022, and GNU GPL'd, by Julian Seward et al.
==152413== Using Valgrind-3.22.0 and LibVEX; rerun with -h for copyright info
==152413== Command: ./cub3d ./maps/bad/textures_invalid.cub
==152413== Parent PID: 151627
==152413== 
==152413== 
==152413== HEAP SUMMARY:
==152413==     in use at exit: 678 bytes in 40 blocks
==152413==   total heap usage: 129 allocs, 89 frees, 3,886 bytes allocated
==152413== 
==152413== LEAK SUMMARY:
==152413==    definitely lost: 375 bytes in 6 blocks
==152413==    indirectly lost: 303 bytes in 34 blocks
==152413==      possibly lost: 0 bytes in 0 blocks
==152413==    still reachable: 0 bytes in 0 blocks
==152413==         suppressed: 0 bytes in 0 blocks
==152413== Rerun with --leak-check=full to see details of leaked memory
==152413== 
==152413== For lists of detected and suppressed errors, rerun with: -s
==152413== ERROR SUMMARY: 0 errors from 0 contexts (suppressed: 0 from 0)
Running valgrind on ./maps/bad/textures_missing.cub...

[0;31m Error:[Texture] textures are not complete
[0m Exit code: 1
‚ö†Ô∏è No Valgrind alerts, but with leaks[0m  
==152536== Memcheck, a memory error detector
==152536== Copyright (C) 2002-2022, and GNU GPL'd, by Julian Seward et al.
==152536== Using Valgrind-3.22.0 and LibVEX; rerun with -h for copyright info
==152536== Command: ./cub3d ./maps/bad/textures_missing.cub
==152536== Parent PID: 151627
==152536== 
==152536== 
==152536== HEAP SUMMARY:
==152536==     in use at exit: 632 bytes in 38 blocks
==152536==   total heap usage: 123 allocs, 85 frees, 3,582 bytes allocated
==152536== 
==152536== LEAK SUMMARY:
==152536==    definitely lost: 350 bytes in 5 blocks
==152536==    indirectly lost: 282 bytes in 33 blocks
==152536==      possibly lost: 0 bytes in 0 blocks
==152536==    still reachable: 0 bytes in 0 blocks
==152536==         suppressed: 0 bytes in 0 blocks
==152536== Rerun with --leak-check=full to see details of leaked memory
==152536== 
==152536== For lists of detected and suppressed errors, rerun with: -s
==152536== ERROR SUMMARY: 0 errors from 0 contexts (suppressed: 0 from 0)
Running valgrind on ./maps/bad/textures_none.cub...

[0;31m Error:[Texture] textures are not complete
[0m Exit code: 1
‚ö†Ô∏è No Valgrind alerts, but with leaks[0m  
==152621== Memcheck, a memory error detector
==152621== Copyright (C) 2002-2022, and GNU GPL'd, by Julian Seward et al.
==152621== Using Valgrind-3.22.0 and LibVEX; rerun with -h for copyright info
==152621== Command: ./cub3d ./maps/bad/textures_none.cub
==152621== Parent PID: 151627
==152621== 
==152621== 
==152621== HEAP SUMMARY:
==152621==     in use at exit: 446 bytes in 31 blocks
==152621==   total heap usage: 101 allocs, 70 frees, 2,538 bytes allocated
==152621== 
==152621== LEAK SUMMARY:
==152621==    definitely lost: 248 bytes in 2 blocks
==152621==    indirectly lost: 198 bytes in 29 blocks
==152621==      possibly lost: 0 bytes in 0 blocks
==152621==    still reachable: 0 bytes in 0 blocks
==152621==         suppressed: 0 bytes in 0 blocks
==152621== Rerun with --leak-check=full to see details of leaked memory
==152621== 
==152621== For lists of detected and suppressed errors, rerun with: -s
==152621== ERROR SUMMARY: 0 errors from 0 contexts (suppressed: 0 from 0)
Running valgrind on ./maps/bad/textures_not_xpm.cub...

[0;31m Error:[Texture verification] invalid texture format
[0m Exit code: 1
‚ö†Ô∏è No Valgrind alerts, but with leaks[0m  
==152624== Memcheck, a memory error detector
==152624== Copyright (C) 2002-2022, and GNU GPL'd, by Julian Seward et al.
==152624== Using Valgrind-3.22.0 and LibVEX; rerun with -h for copyright info
==152624== Command: ./cub3d ./maps/bad/textures_not_xpm.cub
==152624== Parent PID: 151627
==152624== 
==152624== 
==152624== HEAP SUMMARY:
==152624==     in use at exit: 684 bytes in 40 blocks
==152624==   total heap usage: 129 allocs, 89 frees, 3,879 bytes allocated
==152624== 
==152624== LEAK SUMMARY:
==152624==    definitely lost: 378 bytes in 6 blocks
==152624==    indirectly lost: 306 bytes in 34 blocks
==152624==      possibly lost: 0 bytes in 0 blocks
==152624==    still reachable: 0 bytes in 0 blocks
==152624==         suppressed: 0 bytes in 0 blocks
==152624== Rerun with --leak-check=full to see details of leaked memory
==152624== 
==152624== For lists of detected and suppressed errors, rerun with: -s
==152624== ERROR SUMMARY: 0 errors from 0 contexts (suppressed: 0 from 0)
Running valgrind on ./maps/bad/wall_hole_east.cub...

[0;31m Error:[Walls check] incorrect vertical walls 
[0m Exit code: 1
‚ö†Ô∏è No Valgrind alerts, but with leaks[0m  
==152627== Memcheck, a memory error detector
==152627== Copyright (C) 2002-2022, and GNU GPL'd, by Julian Seward et al.
==152627== Using Valgrind-3.22.0 and LibVEX; rerun with -h for copyright info
==152627== Command: ./cub3d ./maps/bad/wall_hole_east.cub
==152627== Parent PID: 151627
==152627== 
==152627== 
==152627== HEAP SUMMARY:
==152627==     in use at exit: 408 bytes in 22 blocks
==152627==   total heap usage: 125 allocs, 103 frees, 3,829 bytes allocated
==152627== 
==152627== LEAK SUMMARY:
==152627==    definitely lost: 176 bytes in 1 blocks
==152627==    indirectly lost: 232 bytes in 21 blocks
==152627==      possibly lost: 0 bytes in 0 blocks
==152627==    still reachable: 0 bytes in 0 blocks
==152627==         suppressed: 0 bytes in 0 blocks
==152627== Rerun with --leak-check=full to see details of leaked memory
==152627== 
==152627== For lists of detected and suppressed errors, rerun with: -s
==152627== ERROR SUMMARY: 0 errors from 0 contexts (suppressed: 0 from 0)
Running valgrind on ./maps/bad/wall_hole_north.cub...

[0;31m Error:[Walls check] incorrect horizontal walls
[0m Exit code: 1
‚ö†Ô∏è No Valgrind alerts, but with leaks[0m  
==152630== Memcheck, a memory error detector
==152630== Copyright (C) 2002-2022, and GNU GPL'd, by Julian Seward et al.
==152630== Using Valgrind-3.22.0 and LibVEX; rerun with -h for copyright info
==152630== Command: ./cub3d ./maps/bad/wall_hole_north.cub
==152630== Parent PID: 151627
==152630== 
==152630== 
==152630== HEAP SUMMARY:
==152630==     in use at exit: 408 bytes in 22 blocks
==152630==   total heap usage: 125 allocs, 103 frees, 3,829 bytes allocated
==152630== 
==152630== LEAK SUMMARY:
==152630==    definitely lost: 176 bytes in 1 blocks
==152630==    indirectly lost: 232 bytes in 21 blocks
==152630==      possibly lost: 0 bytes in 0 blocks
==152630==    still reachable: 0 bytes in 0 blocks
==152630==         suppressed: 0 bytes in 0 blocks
==152630== Rerun with --leak-check=full to see details of leaked memory
==152630== 
==152630== For lists of detected and suppressed errors, rerun with: -s
==152630== ERROR SUMMARY: 0 errors from 0 contexts (suppressed: 0 from 0)
Running valgrind on ./maps/bad/wall_hole_south.cub...

[0;31m Error:[Walls check] incorrect horizontal walls
[0m Exit code: 1
‚ö†Ô∏è No Valgrind alerts, but with leaks[0m  
==152633== Memcheck, a memory error detector
==152633== Copyright (C) 2002-2022, and GNU GPL'd, by Julian Seward et al.
==152633== Using Valgrind-3.22.0 and LibVEX; rerun with -h for copyright info
==152633== Command: ./cub3d ./maps/bad/wall_hole_south.cub
==152633== Parent PID: 151627
==152633== 
==152633== 
==152633== HEAP SUMMARY:
==152633==     in use at exit: 408 bytes in 22 blocks
==152633==   total heap usage: 125 allocs, 103 frees, 3,829 bytes allocated
==152633== 
==152633== LEAK SUMMARY:
==152633==    definitely lost: 176 bytes in 1 blocks
==152633==    indirectly lost: 232 bytes in 21 blocks
==152633==      possibly lost: 0 bytes in 0 blocks
==152633==    still reachable: 0 bytes in 0 blocks
==152633==         suppressed: 0 bytes in 0 blocks
==152633== Rerun with --leak-check=full to see details of leaked memory
==152633== 
==152633== For lists of detected and suppressed errors, rerun with: -s
==152633== ERROR SUMMARY: 0 errors from 0 contexts (suppressed: 0 from 0)
Running valgrind on ./maps/bad/wall_hole_west.cub...

[0;31m Error:[Map check in file] Invalid map placement or format
[0m Exit code: 1
[0;32m‚úÖ No Valgrind alerts, no leaks[0m  
==152636== Memcheck, a memory error detector
==152636== Copyright (C) 2002-2022, and GNU GPL'd, by Julian Seward et al.
==152636== Using Valgrind-3.22.0 and LibVEX; rerun with -h for copyright info
==152636== Command: ./cub3d ./maps/bad/wall_hole_west.cub
==152636== Parent PID: 151627
==152636== 
==152636== 
==152636== HEAP SUMMARY:
==152636==     in use at exit: 0 bytes in 0 blocks
==152636==   total heap usage: 98 allocs, 98 frees, 3,561 bytes allocated
==152636== 
==152636== All heap blocks were freed -- no leaks are possible
==152636== 
==152636== For lists of detected and suppressed errors, rerun with: -s
==152636== ERROR SUMMARY: 0 errors from 0 contexts (suppressed: 0 from 0)
Running valgrind on ./maps/bad/wall_none.cub...

[0;31m Error:[Map start] No map or incorrect placement
[0m Exit code: 1
[0;32m‚úÖ No Valgrind alerts, no leaks[0m  
==152748== Memcheck, a memory error detector
==152748== Copyright (C) 2002-2022, and GNU GPL'd, by Julian Seward et al.
==152748== Using Valgrind-3.22.0 and LibVEX; rerun with -h for copyright info
==152748== Command: ./cub3d ./maps/bad/wall_none.cub
==152748== Parent PID: 151627
==152748== 
==152748== 
==152748== HEAP SUMMARY:
==152748==     in use at exit: 0 bytes in 0 blocks
==152748==   total heap usage: 98 allocs, 98 frees, 3,561 bytes allocated
==152748== 
==152748== All heap blocks were freed -- no leaks are possible
==152748== 
==152748== For lists of detected and suppressed errors, rerun with: -s
==152748== ERROR SUMMARY: 0 errors from 0 contexts (suppressed: 0 from 0)
Valgrind tests completed. Results saved to test_output.txt.
Starting Valgrind tests...
Running valgrind on ./maps/bad/color_invalid_rgb.cub...

[0;31m Error:[Color] color number out of range
[0m Freeing memory...
Freeing memory...
Freeing memory...
Freeing memory...
Exit code: 1
[0;32m‚úÖ No Valgrind alerts, no leaks[0m  
==155397== Memcheck, a memory error detector
==155397== Copyright (C) 2002-2022, and GNU GPL'd, by Julian Seward et al.
==155397== Using Valgrind-3.22.0 and LibVEX; rerun with -h for copyright info
==155397== Command: ./cub3d ./maps/bad/color_invalid_rgb.cub
==155397== Parent PID: 155395
==155397== 
==155397== 
==155397== HEAP SUMMARY:
==155397==     in use at exit: 0 bytes in 0 blocks
==155397==   total heap usage: 146 allocs, 146 frees, 8,308 bytes allocated
==155397== 
==155397== All heap blocks were freed -- no leaks are possible
==155397== 
==155397== For lists of detected and suppressed errors, rerun with: -s
==155397== ERROR SUMMARY: 0 errors from 0 contexts (suppressed: 0 from 0)
Running valgrind on ./maps/bad/color_missing_ceiling_rgb.cub...
Starting Valgrind tests...
Running valgrind on ./maps/bad/color_invalid_rgb.cub...

[0;31m Error:[Color] color number out of range
[0m Freeing memory...
Freeing memory...
Freeing memory...
Freeing memory...
Exit code: 1
[0;32m‚úÖ No Valgrind alerts, no leaks[0m  
==156377== Memcheck, a memory error detector
==156377== Copyright (C) 2002-2022, and GNU GPL'd, by Julian Seward et al.
==156377== Using Valgrind-3.22.0 and LibVEX; rerun with -h for copyright info
==156377== Command: ./cub3d ./maps/bad/color_invalid_rgb.cub
==156377== Parent PID: 156375
==156377== 
==156377== 
==156377== HEAP SUMMARY:
==156377==     in use at exit: 0 bytes in 0 blocks
==156377==   total heap usage: 146 allocs, 146 frees, 8,308 bytes allocated
==156377== 
==156377== All heap blocks were freed -- no leaks are possible
==156377== 
==156377== For lists of detected and suppressed errors, rerun with: -s
==156377== ERROR SUMMARY: 0 errors from 0 contexts (suppressed: 0 from 0)
Running valgrind on ./maps/bad/color_missing_ceiling_rgb.cub...

[0;31m Error:[Color] incorrect numbers
[0m Freeing memory...
Freeing memory...
Freeing memory...
Freeing memory...
Exit code: 1
[0;32m‚úÖ No Valgrind alerts, no leaks[0m  
==156380== Memcheck, a memory error detector
==156380== Copyright (C) 2002-2022, and GNU GPL'd, by Julian Seward et al.
==156380== Using Valgrind-3.22.0 and LibVEX; rerun with -h for copyright info
==156380== Command: ./cub3d ./maps/bad/color_missing_ceiling_rgb.cub
==156380== Parent PID: 156375
==156380== 
==156380== 
==156380== HEAP SUMMARY:
==156380==     in use at exit: 0 bytes in 0 blocks
==156380==   total heap usage: 141 allocs, 141 frees, 8,082 bytes allocated
==156380== 
==156380== All heap blocks were freed -- no leaks are possible
==156380== 
==156380== For lists of detected and suppressed errors, rerun with: -s
==156380== ERROR SUMMARY: 0 errors from 0 contexts (suppressed: 0 from 0)
Running valgrind on ./maps/bad/color_missing.cub...

[0;31m Error:[Color] colors are not complete
[0m Freeing memory...
Freeing memory...
Freeing memory...
Freeing memory...
Exit code: 1
[0;32m‚úÖ No Valgrind alerts, no leaks[0m  
==156383== Memcheck, a memory error detector
==156383== Copyright (C) 2002-2022, and GNU GPL'd, by Julian Seward et al.
==156383== Using Valgrind-3.22.0 and LibVEX; rerun with -h for copyright info
==156383== Command: ./cub3d ./maps/bad/color_missing.cub
==156383== Parent PID: 156375
==156383== 
==156383== 
==156383== HEAP SUMMARY:
==156383==     in use at exit: 0 bytes in 0 blocks
==156383==   total heap usage: 132 allocs, 132 frees, 7,876 bytes allocated
==156383== 
==156383== All heap blocks were freed -- no leaks are possible
==156383== 
==156383== For lists of detected and suppressed errors, rerun with: -s
==156383== ERROR SUMMARY: 0 errors from 0 contexts (suppressed: 0 from 0)
Running valgrind on ./maps/bad/color_missing_floor_rgb.cub...

[0;31m Error:[Color] incorrect numbers
[0m Freeing memory...
Freeing memory...
Freeing memory...
Freeing memory...
Exit code: 1
[0;32m‚úÖ No Valgrind alerts, no leaks[0m  
==156499== Memcheck, a memory error detector
==156499== Copyright (C) 2002-2022, and GNU GPL'd, by Julian Seward et al.
==156499== Using Valgrind-3.22.0 and LibVEX; rerun with -h for copyright info
==156499== Command: ./cub3d ./maps/bad/color_missing_floor_rgb.cub
==156499== Parent PID: 156375
==156499== 
==156499== 
==156499== HEAP SUMMARY:
==156499==     in use at exit: 0 bytes in 0 blocks
==156499==   total heap usage: 141 allocs, 141 frees, 8,089 bytes allocated
==156499== 
==156499== All heap blocks were freed -- no leaks are possible
==156499== 
==156499== For lists of detected and suppressed errors, rerun with: -s
==156499== ERROR SUMMARY: 0 errors from 0 contexts (suppressed: 0 from 0)
Running valgrind on ./maps/bad/color_none.cub...

[0;31m Error:[Color] colors are not complete
[0m Freeing memory...
Freeing memory...
Freeing memory...
Freeing memory...
Exit code: 1
[0;32m‚úÖ No Valgrind alerts, no leaks[0m  
==156502== Memcheck, a memory error detector
==156502== Copyright (C) 2002-2022, and GNU GPL'd, by Julian Seward et al.
==156502== Using Valgrind-3.22.0 and LibVEX; rerun with -h for copyright info
==156502== Command: ./cub3d ./maps/bad/color_none.cub
==156502== Parent PID: 156375
==156502== 
==156502== 
==156502== HEAP SUMMARY:
==156502==     in use at exit: 0 bytes in 0 blocks
==156502==   total heap usage: 117 allocs, 117 frees, 7,292 bytes allocated
==156502== 
==156502== All heap blocks were freed -- no leaks are possible
==156502== 
==156502== For lists of detected and suppressed errors, rerun with: -s
==156502== ERROR SUMMARY: 0 errors from 0 contexts (suppressed: 0 from 0)
Running valgrind on ./maps/bad/empty.cub...
[0;31m Error:[Read file] file is empty
[0m Exit code: 1
[0;32m‚úÖ No Valgrind alerts, no leaks[0m  
==156716== Memcheck, a memory error detector
==156716== Copyright (C) 2002-2022, and GNU GPL'd, by Julian Seward et al.
==156716== Using Valgrind-3.22.0 and LibVEX; rerun with -h for copyright info
==156716== Command: ./cub3d ./maps/bad/empty.cub
==156716== Parent PID: 156375
==156716== 
==156716== 
==156716== HEAP SUMMARY:
==156716==     in use at exit: 0 bytes in 0 blocks
==156716==   total heap usage: 5 allocs, 5 frees, 170 bytes allocated
==156716== 
==156716== All heap blocks were freed -- no leaks are possible
==156716== 
==156716== For lists of detected and suppressed errors, rerun with: -s
==156716== ERROR SUMMARY: 0 errors from 0 contexts (suppressed: 0 from 0)
Running valgrind on ./maps/bad/file_letter_end.cub...

[0;31m Error:[Map validation] Empty line found
[0m Exit code: 1
[0;32m‚úÖ No Valgrind alerts, no leaks[0m  
==156719== Memcheck, a memory error detector
==156719== Copyright (C) 2002-2022, and GNU GPL'd, by Julian Seward et al.
==156719== Using Valgrind-3.22.0 and LibVEX; rerun with -h for copyright info
==156719== Command: ./cub3d ./maps/bad/file_letter_end.cub
==156719== Parent PID: 156375
==156719== 
==156719== 
==156719== HEAP SUMMARY:
==156719==     in use at exit: 0 bytes in 0 blocks
==156719==   total heap usage: 155 allocs, 155 frees, 7,353 bytes allocated
==156719== 
==156719== All heap blocks were freed -- no leaks are possible
==156719== 
==156719== For lists of detected and suppressed errors, rerun with: -s
==156719== ERROR SUMMARY: 0 errors from 0 contexts (suppressed: 0 from 0)
Running valgrind on ./maps/bad/filetype_missing...
[0;31m Error:[Check args] no map or invalid map extension
[0m Exit code: 1
[0;32m‚úÖ No Valgrind alerts, no leaks[0m  
==156730== Memcheck, a memory error detector
==156730== Copyright (C) 2002-2022, and GNU GPL'd, by Julian Seward et al.
==156730== Using Valgrind-3.22.0 and LibVEX; rerun with -h for copyright info
==156730== Command: ./cub3d ./maps/bad/filetype_missing
==156730== Parent PID: 156375
==156730== 
==156730== 
==156730== HEAP SUMMARY:
==156730==     in use at exit: 0 bytes in 0 blocks
==156730==   total heap usage: 3 allocs, 3 frees, 144 bytes allocated
==156730== 
==156730== All heap blocks were freed -- no leaks are possible
==156730== 
==156730== For lists of detected and suppressed errors, rerun with: -s
==156730== ERROR SUMMARY: 0 errors from 0 contexts (suppressed: 0 from 0)
Running valgrind on ./maps/bad/filetype_wrong.buc...
[0;31m Error:[Check args] no map or invalid map extension
[0m Exit code: 1
[0;32m‚úÖ No Valgrind alerts, no leaks[0m  
==156733== Memcheck, a memory error detector
==156733== Copyright (C) 2002-2022, and GNU GPL'd, by Julian Seward et al.
==156733== Using Valgrind-3.22.0 and LibVEX; rerun with -h for copyright info
==156733== Command: ./cub3d ./maps/bad/filetype_wrong.buc
==156733== Parent PID: 156375
==156733== 
==156733== 
==156733== HEAP SUMMARY:
==156733==     in use at exit: 0 bytes in 0 blocks
==156733==   total heap usage: 3 allocs, 3 frees, 144 bytes allocated
==156733== 
==156733== All heap blocks were freed -- no leaks are possible
==156733== 
==156733== For lists of detected and suppressed errors, rerun with: -s
==156733== ERROR SUMMARY: 0 errors from 0 contexts (suppressed: 0 from 0)
Running valgrind on ./maps/bad/map_first.cub...

[0;31m Error:[Map start] No map or incorrect placement
[0m Exit code: 1
[0;32m‚úÖ No Valgrind alerts, no leaks[0m  
==156736== Memcheck, a memory error detector
==156736== Copyright (C) 2002-2022, and GNU GPL'd, by Julian Seward et al.
==156736== Using Valgrind-3.22.0 and LibVEX; rerun with -h for copyright info
==156736== Command: ./cub3d ./maps/bad/map_first.cub
==156736== Parent PID: 156375
==156736== 
==156736== 
==156736== HEAP SUMMARY:
==156736==     in use at exit: 0 bytes in 0 blocks
==156736==   total heap usage: 98 allocs, 98 frees, 3,476 bytes allocated
==156736== 
==156736== All heap blocks were freed -- no leaks are possible
==156736== 
==156736== For lists of detected and suppressed errors, rerun with: -s
==156736== ERROR SUMMARY: 0 errors from 0 contexts (suppressed: 0 from 0)
Running valgrind on ./maps/bad/map_middle.cub...

[0;31m Error:[Map check in file] Invalid map placement or format
[0m Exit code: 1
[0;32m‚úÖ No Valgrind alerts, no leaks[0m  
==156739== Memcheck, a memory error detector
==156739== Copyright (C) 2002-2022, and GNU GPL'd, by Julian Seward et al.
==156739== Using Valgrind-3.22.0 and LibVEX; rerun with -h for copyright info
==156739== Command: ./cub3d ./maps/bad/map_middle.cub
==156739== Parent PID: 156375
==156739== 
==156739== 
==156739== HEAP SUMMARY:
==156739==     in use at exit: 0 bytes in 0 blocks
==156739==   total heap usage: 106 allocs, 106 frees, 3,963 bytes allocated
==156739== 
==156739== All heap blocks were freed -- no leaks are possible
==156739== 
==156739== For lists of detected and suppressed errors, rerun with: -s
==156739== ERROR SUMMARY: 0 errors from 0 contexts (suppressed: 0 from 0)
Running valgrind on ./maps/bad/map_missing.cub...

[0;31m Error:[Map start] No map or incorrect placement
[0m Exit code: 1
[0;32m‚úÖ No Valgrind alerts, no leaks[0m  
==156752== Memcheck, a memory error detector
==156752== Copyright (C) 2002-2022, and GNU GPL'd, by Julian Seward et al.
==156752== Using Valgrind-3.22.0 and LibVEX; rerun with -h for copyright info
==156752== Command: ./cub3d ./maps/bad/map_missing.cub
==156752== Parent PID: 156375
==156752== 
==156752== 
==156752== HEAP SUMMARY:
==156752==     in use at exit: 0 bytes in 0 blocks
==156752==   total heap usage: 43 allocs, 43 frees, 1,184 bytes allocated
==156752== 
==156752== All heap blocks were freed -- no leaks are possible
==156752== 
==156752== For lists of detected and suppressed errors, rerun with: -s
==156752== ERROR SUMMARY: 0 errors from 0 contexts (suppressed: 0 from 0)
Running valgrind on ./maps/bad/map_only.cub...

[0;31m Error:[Map start] No map or incorrect placement
[0m Exit code: 1
[0;32m‚úÖ No Valgrind alerts, no leaks[0m  
==156858== Memcheck, a memory error detector
==156858== Copyright (C) 2002-2022, and GNU GPL'd, by Julian Seward et al.
==156858== Using Valgrind-3.22.0 and LibVEX; rerun with -h for copyright info
==156858== Command: ./cub3d ./maps/bad/map_only.cub
==156858== Parent PID: 156375
==156858== 
==156858== 
==156858== HEAP SUMMARY:
==156858==     in use at exit: 0 bytes in 0 blocks
==156858==   total heap usage: 61 allocs, 61 frees, 1,634 bytes allocated
==156858== 
==156858== All heap blocks were freed -- no leaks are possible
==156858== 
==156858== For lists of detected and suppressed errors, rerun with: -s
==156858== ERROR SUMMARY: 0 errors from 0 contexts (suppressed: 0 from 0)
Running valgrind on ./maps/bad/map_too_small.cub...

[0;31m Error:[Map check in file] Invalid map size
[0m Exit code: 1
[0;32m‚úÖ No Valgrind alerts, no leaks[0m  
==156961== Memcheck, a memory error detector
==156961== Copyright (C) 2002-2022, and GNU GPL'd, by Julian Seward et al.
==156961== Using Valgrind-3.22.0 and LibVEX; rerun with -h for copyright info
==156961== Command: ./cub3d ./maps/bad/map_too_small.cub
==156961== Parent PID: 156375
==156961== 
==156961== 
==156961== HEAP SUMMARY:
==156961==     in use at exit: 0 bytes in 0 blocks
==156961==   total heap usage: 51 allocs, 51 frees, 1,444 bytes allocated
==156961== 
==156961== All heap blocks were freed -- no leaks are possible
==156961== 
==156961== For lists of detected and suppressed errors, rerun with: -s
==156961== ERROR SUMMARY: 0 errors from 0 contexts (suppressed: 0 from 0)
Running valgrind on ./maps/bad/player_multiple.cub...

[0;31m Error:[Map validation] invalid number of player 
[0m Exit code: 1
‚ö†Ô∏è No Valgrind alerts, but with leaks[0m  
==157075== Memcheck, a memory error detector
==157075== Copyright (C) 2002-2022, and GNU GPL'd, by Julian Seward et al.
==157075== Using Valgrind-3.22.0 and LibVEX; rerun with -h for copyright info
==157075== Command: ./cub3d ./maps/bad/player_multiple.cub
==157075== Parent PID: 156375
==157075== 
==157075== 
==157075== HEAP SUMMARY:
==157075==     in use at exit: 408 bytes in 22 blocks
==157075==   total heap usage: 125 allocs, 103 frees, 3,829 bytes allocated
==157075== 
==157075== LEAK SUMMARY:
==157075==    definitely lost: 176 bytes in 1 blocks
==157075==    indirectly lost: 232 bytes in 21 blocks
==157075==      possibly lost: 0 bytes in 0 blocks
==157075==    still reachable: 0 bytes in 0 blocks
==157075==         suppressed: 0 bytes in 0 blocks
==157075== Rerun with --leak-check=full to see details of leaked memory
==157075== 
==157075== For lists of detected and suppressed errors, rerun with: -s
==157075== ERROR SUMMARY: 0 errors from 0 contexts (suppressed: 0 from 0)
Running valgrind on ./maps/bad/player_none.cub...

[0;31m Error:[Map validation] invalid number of player 
[0m Exit code: 1
‚ö†Ô∏è No Valgrind alerts, but with leaks[0m  
==157078== Memcheck, a memory error detector
==157078== Copyright (C) 2002-2022, and GNU GPL'd, by Julian Seward et al.
==157078== Using Valgrind-3.22.0 and LibVEX; rerun with -h for copyright info
==157078== Command: ./cub3d ./maps/bad/player_none.cub
==157078== Parent PID: 156375
==157078== 
==157078== 
==157078== HEAP SUMMARY:
==157078==     in use at exit: 408 bytes in 22 blocks
==157078==   total heap usage: 125 allocs, 103 frees, 3,829 bytes allocated
==157078== 
==157078== LEAK SUMMARY:
==157078==    definitely lost: 176 bytes in 1 blocks
==157078==    indirectly lost: 232 bytes in 21 blocks
==157078==      possibly lost: 0 bytes in 0 blocks
==157078==    still reachable: 0 bytes in 0 blocks
==157078==         suppressed: 0 bytes in 0 blocks
==157078== Rerun with --leak-check=full to see details of leaked memory
==157078== 
==157078== For lists of detected and suppressed errors, rerun with: -s
==157078== ERROR SUMMARY: 0 errors from 0 contexts (suppressed: 0 from 0)
Running valgrind on ./maps/bad/player_on_edge.cub...

[0;31m Error:[Walls check] incorrect horizontal walls
[0m Exit code: 1
‚ö†Ô∏è No Valgrind alerts, but with leaks[0m  
==157081== Memcheck, a memory error detector
==157081== Copyright (C) 2002-2022, and GNU GPL'd, by Julian Seward et al.
==157081== Using Valgrind-3.22.0 and LibVEX; rerun with -h for copyright info
==157081== Command: ./cub3d ./maps/bad/player_on_edge.cub
==157081== Parent PID: 156375
==157081== 
==157081== 
==157081== HEAP SUMMARY:
==157081==     in use at exit: 408 bytes in 22 blocks
==157081==   total heap usage: 125 allocs, 103 frees, 3,829 bytes allocated
==157081== 
==157081== LEAK SUMMARY:
==157081==    definitely lost: 176 bytes in 1 blocks
==157081==    indirectly lost: 232 bytes in 21 blocks
==157081==      possibly lost: 0 bytes in 0 blocks
==157081==    still reachable: 0 bytes in 0 blocks
==157081==         suppressed: 0 bytes in 0 blocks
==157081== Rerun with --leak-check=full to see details of leaked memory
==157081== 
==157081== For lists of detected and suppressed errors, rerun with: -s
==157081== ERROR SUMMARY: 0 errors from 0 contexts (suppressed: 0 from 0)
Running valgrind on ./maps/bad/textures_dir.cub...

[0;31m Error:[Texture verification] invalid texture format
[0m Freeing memory...
Freeing memory...
Freeing memory...
Freeing memory...
Exit code: 1
[0;32m‚úÖ No Valgrind alerts, no leaks[0m  
==157084== Memcheck, a memory error detector
==157084== Copyright (C) 2002-2022, and GNU GPL'd, by Julian Seward et al.
==157084== Using Valgrind-3.22.0 and LibVEX; rerun with -h for copyright info
==157084== Command: ./cub3d ./maps/bad/textures_dir.cub
==157084== Parent PID: 156375
==157084== 
==157084== 
==157084== HEAP SUMMARY:
==157084==     in use at exit: 0 bytes in 0 blocks
==157084==   total heap usage: 130 allocs, 130 frees, 7,985 bytes allocated
==157084== 
==157084== All heap blocks were freed -- no leaks are possible
==157084== 
==157084== For lists of detected and suppressed errors, rerun with: -s
==157084== ERROR SUMMARY: 0 errors from 0 contexts (suppressed: 0 from 0)
Running valgrind on ./maps/bad/textures_duplicates.cub...

[0;31m Error:[Texture save] Duplicate found
[0m Freeing memory...
Freeing memory...
Freeing memory...
Freeing memory...
Exit code: 1
‚ö†Ô∏è No Valgrind alerts, but with leaks[0m  
==157087== Memcheck, a memory error detector
==157087== Copyright (C) 2002-2022, and GNU GPL'd, by Julian Seward et al.
==157087== Using Valgrind-3.22.0 and LibVEX; rerun with -h for copyright info
==157087== Command: ./cub3d ./maps/bad/textures_duplicates.cub
==157087== Parent PID: 156375
==157087== 
==157087== 
==157087== HEAP SUMMARY:
==157087==     in use at exit: 23 bytes in 1 blocks
==157087==   total heap usage: 136 allocs, 135 frees, 8,299 bytes allocated
==157087== 
==157087== LEAK SUMMARY:
==157087==    definitely lost: 23 bytes in 1 blocks
==157087==    indirectly lost: 0 bytes in 0 blocks
==157087==      possibly lost: 0 bytes in 0 blocks
==157087==    still reachable: 0 bytes in 0 blocks
==157087==         suppressed: 0 bytes in 0 blocks
==157087== Rerun with --leak-check=full to see details of leaked memory
==157087== 
==157087== For lists of detected and suppressed errors, rerun with: -s
==157087== ERROR SUMMARY: 0 errors from 0 contexts (suppressed: 0 from 0)
Running valgrind on ./maps/bad/textures_invalid.cub...

[0;31m Error:[Texture verification] invalid texture format
[0m Freeing memory...
Freeing memory...
Freeing memory...
Freeing memory...
Exit code: 1
[0;32m‚úÖ No Valgrind alerts, no leaks[0m  
==157090== Memcheck, a memory error detector
==157090== Copyright (C) 2002-2022, and GNU GPL'd, by Julian Seward et al.
==157090== Using Valgrind-3.22.0 and LibVEX; rerun with -h for copyright info
==157090== Command: ./cub3d ./maps/bad/textures_invalid.cub
==157090== Parent PID: 156375
==157090== 
==157090== 
==157090== HEAP SUMMARY:
==157090==     in use at exit: 0 bytes in 0 blocks
==157090==   total heap usage: 130 allocs, 130 frees, 7,982 bytes allocated
==157090== 
==157090== All heap blocks were freed -- no leaks are possible
==157090== 
==157090== For lists of detected and suppressed errors, rerun with: -s
==157090== ERROR SUMMARY: 0 errors from 0 contexts (suppressed: 0 from 0)
Running valgrind on ./maps/bad/textures_missing.cub...

[0;31m Error:[Texture] textures are not complete
[0m Freeing memory...
Freeing memory...
Freeing memory...
Exit code: 1
[0;32m‚úÖ No Valgrind alerts, no leaks[0m  
==157206== Memcheck, a memory error detector
==157206== Copyright (C) 2002-2022, and GNU GPL'd, by Julian Seward et al.
==157206== Using Valgrind-3.22.0 and LibVEX; rerun with -h for copyright info
==157206== Command: ./cub3d ./maps/bad/textures_missing.cub
==157206== Parent PID: 156375
==157206== 
==157206== 
==157206== HEAP SUMMARY:
==157206==     in use at exit: 0 bytes in 0 blocks
==157206==   total heap usage: 124 allocs, 124 frees, 7,678 bytes allocated
==157206== 
==157206== All heap blocks were freed -- no leaks are possible
==157206== 
==157206== For lists of detected and suppressed errors, rerun with: -s
==157206== ERROR SUMMARY: 0 errors from 0 contexts (suppressed: 0 from 0)
Running valgrind on ./maps/bad/textures_none.cub...

[0;31m Error:[Texture] textures are not complete
[0m Exit code: 1
[0;32m‚úÖ No Valgrind alerts, no leaks[0m  
==157209== Memcheck, a memory error detector
==157209== Copyright (C) 2002-2022, and GNU GPL'd, by Julian Seward et al.
==157209== Using Valgrind-3.22.0 and LibVEX; rerun with -h for copyright info
==157209== Command: ./cub3d ./maps/bad/textures_none.cub
==157209== Parent PID: 156375
==157209== 
==157209== 
==157209== HEAP SUMMARY:
==157209==     in use at exit: 0 bytes in 0 blocks
==157209==   total heap usage: 101 allocs, 101 frees, 2,538 bytes allocated
==157209== 
==157209== All heap blocks were freed -- no leaks are possible
==157209== 
==157209== For lists of detected and suppressed errors, rerun with: -s
==157209== ERROR SUMMARY: 0 errors from 0 contexts (suppressed: 0 from 0)
Running valgrind on ./maps/bad/textures_not_xpm.cub...

[0;31m Error:[Texture verification] invalid texture format
[0m Freeing memory...
Freeing memory...
Freeing memory...
Freeing memory...
Exit code: 1
[0;32m‚úÖ No Valgrind alerts, no leaks[0m  
==157423== Memcheck, a memory error detector
==157423== Copyright (C) 2002-2022, and GNU GPL'd, by Julian Seward et al.
==157423== Using Valgrind-3.22.0 and LibVEX; rerun with -h for copyright info
==157423== Command: ./cub3d ./maps/bad/textures_not_xpm.cub
==157423== Parent PID: 156375
==157423== 
==157423== 
==157423== HEAP SUMMARY:
==157423==     in use at exit: 0 bytes in 0 blocks
==157423==   total heap usage: 130 allocs, 130 frees, 7,975 bytes allocated
==157423== 
==157423== All heap blocks were freed -- no leaks are possible
==157423== 
==157423== For lists of detected and suppressed errors, rerun with: -s
==157423== ERROR SUMMARY: 0 errors from 0 contexts (suppressed: 0 from 0)
Running valgrind on ./maps/bad/wall_hole_east.cub...

[0;31m Error:[Walls check] incorrect vertical walls 
[0m Exit code: 1
‚ö†Ô∏è No Valgrind alerts, but with leaks[0m  
==157426== Memcheck, a memory error detector
==157426== Copyright (C) 2002-2022, and GNU GPL'd, by Julian Seward et al.
==157426== Using Valgrind-3.22.0 and LibVEX; rerun with -h for copyright info
==157426== Command: ./cub3d ./maps/bad/wall_hole_east.cub
==157426== Parent PID: 156375
==157426== 
==157426== 
==157426== HEAP SUMMARY:
==157426==     in use at exit: 408 bytes in 22 blocks
==157426==   total heap usage: 125 allocs, 103 frees, 3,829 bytes allocated
==157426== 
==157426== LEAK SUMMARY:
==157426==    definitely lost: 176 bytes in 1 blocks
==157426==    indirectly lost: 232 bytes in 21 blocks
==157426==      possibly lost: 0 bytes in 0 blocks
==157426==    still reachable: 0 bytes in 0 blocks
==157426==         suppressed: 0 bytes in 0 blocks
==157426== Rerun with --leak-check=full to see details of leaked memory
==157426== 
==157426== For lists of detected and suppressed errors, rerun with: -s
==157426== ERROR SUMMARY: 0 errors from 0 contexts (suppressed: 0 from 0)
Running valgrind on ./maps/bad/wall_hole_north.cub...

[0;31m Error:[Walls check] incorrect horizontal walls
[0m Exit code: 1
‚ö†Ô∏è No Valgrind alerts, but with leaks[0m  
==157429== Memcheck, a memory error detector
==157429== Copyright (C) 2002-2022, and GNU GPL'd, by Julian Seward et al.
==157429== Using Valgrind-3.22.0 and LibVEX; rerun with -h for copyright info
==157429== Command: ./cub3d ./maps/bad/wall_hole_north.cub
==157429== Parent PID: 156375
==157429== 
==157429== 
==157429== HEAP SUMMARY:
==157429==     in use at exit: 408 bytes in 22 blocks
==157429==   total heap usage: 125 allocs, 103 frees, 3,829 bytes allocated
==157429== 
==157429== LEAK SUMMARY:
==157429==    definitely lost: 176 bytes in 1 blocks
==157429==    indirectly lost: 232 bytes in 21 blocks
==157429==      possibly lost: 0 bytes in 0 blocks
==157429==    still reachable: 0 bytes in 0 blocks
==157429==         suppressed: 0 bytes in 0 blocks
==157429== Rerun with --leak-check=full to see details of leaked memory
==157429== 
==157429== For lists of detected and suppressed errors, rerun with: -s
==157429== ERROR SUMMARY: 0 errors from 0 contexts (suppressed: 0 from 0)
Running valgrind on ./maps/bad/wall_hole_south.cub...

[0;31m Error:[Walls check] incorrect horizontal walls
[0m Exit code: 1
‚ö†Ô∏è No Valgrind alerts, but with leaks[0m  
==157432== Memcheck, a memory error detector
==157432== Copyright (C) 2002-2022, and GNU GPL'd, by Julian Seward et al.
==157432== Using Valgrind-3.22.0 and LibVEX; rerun with -h for copyright info
==157432== Command: ./cub3d ./maps/bad/wall_hole_south.cub
==157432== Parent PID: 156375
==157432== 
==157432== 
==157432== HEAP SUMMARY:
==157432==     in use at exit: 408 bytes in 22 blocks
==157432==   total heap usage: 125 allocs, 103 frees, 3,829 bytes allocated
==157432== 
==157432== LEAK SUMMARY:
==157432==    definitely lost: 176 bytes in 1 blocks
==157432==    indirectly lost: 232 bytes in 21 blocks
==157432==      possibly lost: 0 bytes in 0 blocks
==157432==    still reachable: 0 bytes in 0 blocks
==157432==         suppressed: 0 bytes in 0 blocks
==157432== Rerun with --leak-check=full to see details of leaked memory
==157432== 
==157432== For lists of detected and suppressed errors, rerun with: -s
==157432== ERROR SUMMARY: 0 errors from 0 contexts (suppressed: 0 from 0)
Running valgrind on ./maps/bad/wall_hole_west.cub...

[0;31m Error:[Map check in file] Invalid map placement or format
[0m Exit code: 1
[0;32m‚úÖ No Valgrind alerts, no leaks[0m  
==157435== Memcheck, a memory error detector
==157435== Copyright (C) 2002-2022, and GNU GPL'd, by Julian Seward et al.
==157435== Using Valgrind-3.22.0 and LibVEX; rerun with -h for copyright info
==157435== Command: ./cub3d ./maps/bad/wall_hole_west.cub
==157435== Parent PID: 156375
==157435== 
==157435== 
==157435== HEAP SUMMARY:
==157435==     in use at exit: 0 bytes in 0 blocks
==157435==   total heap usage: 98 allocs, 98 frees, 3,561 bytes allocated
==157435== 
==157435== All heap blocks were freed -- no leaks are possible
==157435== 
==157435== For lists of detected and suppressed errors, rerun with: -s
==157435== ERROR SUMMARY: 0 errors from 0 contexts (suppressed: 0 from 0)
Running valgrind on ./maps/bad/wall_none.cub...

[0;31m Error:[Map start] No map or incorrect placement
[0m Exit code: 1
[0;32m‚úÖ No Valgrind alerts, no leaks[0m  
==157438== Memcheck, a memory error detector
==157438== Copyright (C) 2002-2022, and GNU GPL'd, by Julian Seward et al.
==157438== Using Valgrind-3.22.0 and LibVEX; rerun with -h for copyright info
==157438== Command: ./cub3d ./maps/bad/wall_none.cub
==157438== Parent PID: 156375
==157438== 
==157438== 
==157438== HEAP SUMMARY:
==157438==     in use at exit: 0 bytes in 0 blocks
==157438==   total heap usage: 98 allocs, 98 frees, 3,561 bytes allocated
==157438== 
==157438== All heap blocks were freed -- no leaks are possible
==157438== 
==157438== For lists of detected and suppressed errors, rerun with: -s
==157438== ERROR SUMMARY: 0 errors from 0 contexts (suppressed: 0 from 0)
Valgrind tests completed. Results saved to test_output.txt.
Starting Valgrind tests...
Running valgrind on ./maps/bad/color_invalid_rgb.cub...

[0;31m Error:[Color] color number out of range
[0m Freeing memory...
Freeing memory...
Freeing memory...
Freeing memory...
Exit code: 1
[0;32m‚úÖ No Valgrind alerts, no leaks[0m  
==160459== Memcheck, a memory error detector
==160459== Copyright (C) 2002-2022, and GNU GPL'd, by Julian Seward et al.
==160459== Using Valgrind-3.22.0 and LibVEX; rerun with -h for copyright info
==160459== Command: ./cub3d ./maps/bad/color_invalid_rgb.cub
==160459== Parent PID: 160457
==160459== 
==160459== 
==160459== HEAP SUMMARY:
==160459==     in use at exit: 0 bytes in 0 blocks
==160459==   total heap usage: 146 allocs, 146 frees, 8,308 bytes allocated
==160459== 
==160459== All heap blocks were freed -- no leaks are possible
==160459== 
==160459== For lists of detected and suppressed errors, rerun with: -s
==160459== ERROR SUMMARY: 0 errors from 0 contexts (suppressed: 0 from 0)
Running valgrind on ./maps/bad/color_missing_ceiling_rgb.cub...

[0;31m Error:[Color] incorrect numbers
[0m Freeing memory...
Freeing memory...
Freeing memory...
Freeing memory...
Exit code: 1
[0;32m‚úÖ No Valgrind alerts, no leaks[0m  
==160462== Memcheck, a memory error detector
==160462== Copyright (C) 2002-2022, and GNU GPL'd, by Julian Seward et al.
==160462== Using Valgrind-3.22.0 and LibVEX; rerun with -h for copyright info
==160462== Command: ./cub3d ./maps/bad/color_missing_ceiling_rgb.cub
==160462== Parent PID: 160457
==160462== 
==160462== 
==160462== HEAP SUMMARY:
==160462==     in use at exit: 0 bytes in 0 blocks
==160462==   total heap usage: 141 allocs, 141 frees, 8,082 bytes allocated
==160462== 
==160462== All heap blocks were freed -- no leaks are possible
==160462== 
==160462== For lists of detected and suppressed errors, rerun with: -s
==160462== ERROR SUMMARY: 0 errors from 0 contexts (suppressed: 0 from 0)
Running valgrind on ./maps/bad/color_missing.cub...

[0;31m Error:[Color] colors are not complete
[0m Freeing memory...
Freeing memory...
Freeing memory...
Freeing memory...
Exit code: 1
[0;32m‚úÖ No Valgrind alerts, no leaks[0m  
==160578== Memcheck, a memory error detector
==160578== Copyright (C) 2002-2022, and GNU GPL'd, by Julian Seward et al.
==160578== Using Valgrind-3.22.0 and LibVEX; rerun with -h for copyright info
==160578== Command: ./cub3d ./maps/bad/color_missing.cub
==160578== Parent PID: 160457
==160578== 
==160578== 
==160578== HEAP SUMMARY:
==160578==     in use at exit: 0 bytes in 0 blocks
==160578==   total heap usage: 132 allocs, 132 frees, 7,876 bytes allocated
==160578== 
==160578== All heap blocks were freed -- no leaks are possible
==160578== 
==160578== For lists of detected and suppressed errors, rerun with: -s
==160578== ERROR SUMMARY: 0 errors from 0 contexts (suppressed: 0 from 0)
Running valgrind on ./maps/bad/color_missing_floor_rgb.cub...

[0;31m Error:[Color] incorrect numbers
[0m Freeing memory...
Freeing memory...
Freeing memory...
Freeing memory...
Exit code: 1
[0;32m‚úÖ No Valgrind alerts, no leaks[0m  
==160581== Memcheck, a memory error detector
==160581== Copyright (C) 2002-2022, and GNU GPL'd, by Julian Seward et al.
==160581== Using Valgrind-3.22.0 and LibVEX; rerun with -h for copyright info
==160581== Command: ./cub3d ./maps/bad/color_missing_floor_rgb.cub
==160581== Parent PID: 160457
==160581== 
==160581== 
==160581== HEAP SUMMARY:
==160581==     in use at exit: 0 bytes in 0 blocks
==160581==   total heap usage: 141 allocs, 141 frees, 8,089 bytes allocated
==160581== 
==160581== All heap blocks were freed -- no leaks are possible
==160581== 
==160581== For lists of detected and suppressed errors, rerun with: -s
==160581== ERROR SUMMARY: 0 errors from 0 contexts (suppressed: 0 from 0)
Running valgrind on ./maps/bad/color_none.cub...

[0;31m Error:[Color] colors are not complete
[0m Freeing memory...
Freeing memory...
Freeing memory...
Freeing memory...
Exit code: 1
[0;32m‚úÖ No Valgrind alerts, no leaks[0m  
==160795== Memcheck, a memory error detector
==160795== Copyright (C) 2002-2022, and GNU GPL'd, by Julian Seward et al.
==160795== Using Valgrind-3.22.0 and LibVEX; rerun with -h for copyright info
==160795== Command: ./cub3d ./maps/bad/color_none.cub
==160795== Parent PID: 160457
==160795== 
==160795== 
==160795== HEAP SUMMARY:
==160795==     in use at exit: 0 bytes in 0 blocks
==160795==   total heap usage: 117 allocs, 117 frees, 7,292 bytes allocated
==160795== 
==160795== All heap blocks were freed -- no leaks are possible
==160795== 
==160795== For lists of detected and suppressed errors, rerun with: -s
==160795== ERROR SUMMARY: 0 errors from 0 contexts (suppressed: 0 from 0)
Running valgrind on ./maps/bad/empty.cub...
[0;31m Error:[Read file] file is empty
[0m Exit code: 1
[0;32m‚úÖ No Valgrind alerts, no leaks[0m  
==160798== Memcheck, a memory error detector
==160798== Copyright (C) 2002-2022, and GNU GPL'd, by Julian Seward et al.
==160798== Using Valgrind-3.22.0 and LibVEX; rerun with -h for copyright info
==160798== Command: ./cub3d ./maps/bad/empty.cub
==160798== Parent PID: 160457
==160798== 
==160798== 
==160798== HEAP SUMMARY:
==160798==     in use at exit: 0 bytes in 0 blocks
==160798==   total heap usage: 5 allocs, 5 frees, 170 bytes allocated
==160798== 
==160798== All heap blocks were freed -- no leaks are possible
==160798== 
==160798== For lists of detected and suppressed errors, rerun with: -s
==160798== ERROR SUMMARY: 0 errors from 0 contexts (suppressed: 0 from 0)
Running valgrind on ./maps/bad/file_letter_end.cub...

[0;31m Error:[Map validation] Empty line found
[0m Exit code: 1
[0;32m‚úÖ No Valgrind alerts, no leaks[0m  
==160801== Memcheck, a memory error detector
==160801== Copyright (C) 2002-2022, and GNU GPL'd, by Julian Seward et al.
==160801== Using Valgrind-3.22.0 and LibVEX; rerun with -h for copyright info
==160801== Command: ./cub3d ./maps/bad/file_letter_end.cub
==160801== Parent PID: 160457
==160801== 
==160801== 
==160801== HEAP SUMMARY:
==160801==     in use at exit: 0 bytes in 0 blocks
==160801==   total heap usage: 155 allocs, 155 frees, 7,353 bytes allocated
==160801== 
==160801== All heap blocks were freed -- no leaks are possible
==160801== 
==160801== For lists of detected and suppressed errors, rerun with: -s
==160801== ERROR SUMMARY: 0 errors from 0 contexts (suppressed: 0 from 0)
Running valgrind on ./maps/bad/filetype_missing...
[0;31m Error:[Check args] no map or invalid map extension
[0m Exit code: 1
[0;32m‚úÖ No Valgrind alerts, no leaks[0m  
==160804== Memcheck, a memory error detector
==160804== Copyright (C) 2002-2022, and GNU GPL'd, by Julian Seward et al.
==160804== Using Valgrind-3.22.0 and LibVEX; rerun with -h for copyright info
==160804== Command: ./cub3d ./maps/bad/filetype_missing
==160804== Parent PID: 160457
==160804== 
==160804== 
==160804== HEAP SUMMARY:
==160804==     in use at exit: 0 bytes in 0 blocks
==160804==   total heap usage: 3 allocs, 3 frees, 144 bytes allocated
==160804== 
==160804== All heap blocks were freed -- no leaks are possible
==160804== 
==160804== For lists of detected and suppressed errors, rerun with: -s
==160804== ERROR SUMMARY: 0 errors from 0 contexts (suppressed: 0 from 0)
Running valgrind on ./maps/bad/filetype_wrong.buc...
[0;31m Error:[Check args] no map or invalid map extension
[0m Exit code: 1
[0;32m‚úÖ No Valgrind alerts, no leaks[0m  
==160807== Memcheck, a memory error detector
==160807== Copyright (C) 2002-2022, and GNU GPL'd, by Julian Seward et al.
==160807== Using Valgrind-3.22.0 and LibVEX; rerun with -h for copyright info
==160807== Command: ./cub3d ./maps/bad/filetype_wrong.buc
==160807== Parent PID: 160457
==160807== 
==160807== 
==160807== HEAP SUMMARY:
==160807==     in use at exit: 0 bytes in 0 blocks
==160807==   total heap usage: 3 allocs, 3 frees, 144 bytes allocated
==160807== 
==160807== All heap blocks were freed -- no leaks are possible
==160807== 
==160807== For lists of detected and suppressed errors, rerun with: -s
==160807== ERROR SUMMARY: 0 errors from 0 contexts (suppressed: 0 from 0)
Running valgrind on ./maps/bad/map_first.cub...

[0;31m Error:[Map start] No map or incorrect placement
[0m Exit code: 1
[0;32m‚úÖ No Valgrind alerts, no leaks[0m  
==160810== Memcheck, a memory error detector
==160810== Copyright (C) 2002-2022, and GNU GPL'd, by Julian Seward et al.
==160810== Using Valgrind-3.22.0 and LibVEX; rerun with -h for copyright info
==160810== Command: ./cub3d ./maps/bad/map_first.cub
==160810== Parent PID: 160457
==160810== 
==160810== 
==160810== HEAP SUMMARY:
==160810==     in use at exit: 0 bytes in 0 blocks
==160810==   total heap usage: 98 allocs, 98 frees, 3,476 bytes allocated
==160810== 
==160810== All heap blocks were freed -- no leaks are possible
==160810== 
==160810== For lists of detected and suppressed errors, rerun with: -s
==160810== ERROR SUMMARY: 0 errors from 0 contexts (suppressed: 0 from 0)
Running valgrind on ./maps/bad/map_middle.cub...

[0;31m Error:[Map check in file] Invalid map placement or format
[0m Exit code: 1
[0;32m‚úÖ No Valgrind alerts, no leaks[0m  
==160926== Memcheck, a memory error detector
==160926== Copyright (C) 2002-2022, and GNU GPL'd, by Julian Seward et al.
==160926== Using Valgrind-3.22.0 and LibVEX; rerun with -h for copyright info
==160926== Command: ./cub3d ./maps/bad/map_middle.cub
==160926== Parent PID: 160457
==160926== 
==160926== 
==160926== HEAP SUMMARY:
==160926==     in use at exit: 0 bytes in 0 blocks
==160926==   total heap usage: 106 allocs, 106 frees, 3,963 bytes allocated
==160926== 
==160926== All heap blocks were freed -- no leaks are possible
==160926== 
==160926== For lists of detected and suppressed errors, rerun with: -s
==160926== ERROR SUMMARY: 0 errors from 0 contexts (suppressed: 0 from 0)
Running valgrind on ./maps/bad/map_missing.cub...

[0;31m Error:[Map start] No map or incorrect placement
[0m Exit code: 1
[0;32m‚úÖ No Valgrind alerts, no leaks[0m  
==160945== Memcheck, a memory error detector
==160945== Copyright (C) 2002-2022, and GNU GPL'd, by Julian Seward et al.
==160945== Using Valgrind-3.22.0 and LibVEX; rerun with -h for copyright info
==160945== Command: ./cub3d ./maps/bad/map_missing.cub
==160945== Parent PID: 160457
==160945== 
==160945== 
==160945== HEAP SUMMARY:
==160945==     in use at exit: 0 bytes in 0 blocks
==160945==   total heap usage: 43 allocs, 43 frees, 1,184 bytes allocated
==160945== 
==160945== All heap blocks were freed -- no leaks are possible
==160945== 
==160945== For lists of detected and suppressed errors, rerun with: -s
==160945== ERROR SUMMARY: 0 errors from 0 contexts (suppressed: 0 from 0)
Running valgrind on ./maps/bad/map_only.cub...

[0;31m Error:[Map start] No map or incorrect placement
[0m Exit code: 1
[0;32m‚úÖ No Valgrind alerts, no leaks[0m  
==161143== Memcheck, a memory error detector
==161143== Copyright (C) 2002-2022, and GNU GPL'd, by Julian Seward et al.
==161143== Using Valgrind-3.22.0 and LibVEX; rerun with -h for copyright info
==161143== Command: ./cub3d ./maps/bad/map_only.cub
==161143== Parent PID: 160457
==161143== 
==161143== 
==161143== HEAP SUMMARY:
==161143==     in use at exit: 0 bytes in 0 blocks
==161143==   total heap usage: 61 allocs, 61 frees, 1,634 bytes allocated
==161143== 
==161143== All heap blocks were freed -- no leaks are possible
==161143== 
==161143== For lists of detected and suppressed errors, rerun with: -s
==161143== ERROR SUMMARY: 0 errors from 0 contexts (suppressed: 0 from 0)
Running valgrind on ./maps/bad/map_too_small.cub...

[0;31m Error:[Map check in file] Invalid map size
[0m Exit code: 1
[0;32m‚úÖ No Valgrind alerts, no leaks[0m  
==161146== Memcheck, a memory error detector
==161146== Copyright (C) 2002-2022, and GNU GPL'd, by Julian Seward et al.
==161146== Using Valgrind-3.22.0 and LibVEX; rerun with -h for copyright info
==161146== Command: ./cub3d ./maps/bad/map_too_small.cub
==161146== Parent PID: 160457
==161146== 
==161146== 
==161146== HEAP SUMMARY:
==161146==     in use at exit: 0 bytes in 0 blocks
==161146==   total heap usage: 51 allocs, 51 frees, 1,444 bytes allocated
==161146== 
==161146== All heap blocks were freed -- no leaks are possible
==161146== 
==161146== For lists of detected and suppressed errors, rerun with: -s
==161146== ERROR SUMMARY: 0 errors from 0 contexts (suppressed: 0 from 0)
Running valgrind on ./maps/bad/player_multiple.cub...

[0;31m Error:[Map validation] invalid number of player 
[0m Exit code: 1
[0;32m‚úÖ No Valgrind alerts, no leaks[0m  
==161149== Memcheck, a memory error detector
==161149== Copyright (C) 2002-2022, and GNU GPL'd, by Julian Seward et al.
==161149== Using Valgrind-3.22.0 and LibVEX; rerun with -h for copyright info
==161149== Command: ./cub3d ./maps/bad/player_multiple.cub
==161149== Parent PID: 160457
==161149== 
==161149== 
==161149== HEAP SUMMARY:
==161149==     in use at exit: 0 bytes in 0 blocks
==161149==   total heap usage: 125 allocs, 125 frees, 3,829 bytes allocated
==161149== 
==161149== All heap blocks were freed -- no leaks are possible
==161149== 
==161149== For lists of detected and suppressed errors, rerun with: -s
==161149== ERROR SUMMARY: 0 errors from 0 contexts (suppressed: 0 from 0)
Running valgrind on ./maps/bad/player_none.cub...

[0;31m Error:[Map validation] invalid number of player 
[0m Exit code: 1
[0;32m‚úÖ No Valgrind alerts, no leaks[0m  
==161152== Memcheck, a memory error detector
==161152== Copyright (C) 2002-2022, and GNU GPL'd, by Julian Seward et al.
==161152== Using Valgrind-3.22.0 and LibVEX; rerun with -h for copyright info
==161152== Command: ./cub3d ./maps/bad/player_none.cub
==161152== Parent PID: 160457
==161152== 
==161152== 
==161152== HEAP SUMMARY:
==161152==     in use at exit: 0 bytes in 0 blocks
==161152==   total heap usage: 125 allocs, 125 frees, 3,829 bytes allocated
==161152== 
==161152== All heap blocks were freed -- no leaks are possible
==161152== 
==161152== For lists of detected and suppressed errors, rerun with: -s
==161152== ERROR SUMMARY: 0 errors from 0 contexts (suppressed: 0 from 0)
Running valgrind on ./maps/bad/player_on_edge.cub...

[0;31m Error:[Walls check] incorrect horizontal walls
[0m Exit code: 1
[0;32m‚úÖ No Valgrind alerts, no leaks[0m  
==161155== Memcheck, a memory error detector
==161155== Copyright (C) 2002-2022, and GNU GPL'd, by Julian Seward et al.
==161155== Using Valgrind-3.22.0 and LibVEX; rerun with -h for copyright info
==161155== Command: ./cub3d ./maps/bad/player_on_edge.cub
==161155== Parent PID: 160457
==161155== 
==161155== 
==161155== HEAP SUMMARY:
==161155==     in use at exit: 0 bytes in 0 blocks
==161155==   total heap usage: 125 allocs, 125 frees, 3,829 bytes allocated
==161155== 
==161155== All heap blocks were freed -- no leaks are possible
==161155== 
==161155== For lists of detected and suppressed errors, rerun with: -s
==161155== ERROR SUMMARY: 0 errors from 0 contexts (suppressed: 0 from 0)
Running valgrind on ./maps/bad/textures_dir.cub...

[0;31m Error:[Texture verification] invalid texture format
[0m Freeing memory...
Freeing memory...
Freeing memory...
Freeing memory...
Exit code: 1
[0;32m‚úÖ No Valgrind alerts, no leaks[0m  
==161158== Memcheck, a memory error detector
==161158== Copyright (C) 2002-2022, and GNU GPL'd, by Julian Seward et al.
==161158== Using Valgrind-3.22.0 and LibVEX; rerun with -h for copyright info
==161158== Command: ./cub3d ./maps/bad/textures_dir.cub
==161158== Parent PID: 160457
==161158== 
==161158== 
==161158== HEAP SUMMARY:
==161158==     in use at exit: 0 bytes in 0 blocks
==161158==   total heap usage: 130 allocs, 130 frees, 7,985 bytes allocated
==161158== 
==161158== All heap blocks were freed -- no leaks are possible
==161158== 
==161158== For lists of detected and suppressed errors, rerun with: -s
==161158== ERROR SUMMARY: 0 errors from 0 contexts (suppressed: 0 from 0)
Running valgrind on ./maps/bad/textures_duplicates.cub...

[0;31m Error:[Texture save] Duplicate found
[0m Freeing memory...
Freeing memory...
Freeing memory...
Freeing memory...
Exit code: 1
‚ö†Ô∏è No Valgrind alerts, but with leaks[0m  
==161274== Memcheck, a memory error detector
==161274== Copyright (C) 2002-2022, and GNU GPL'd, by Julian Seward et al.
==161274== Using Valgrind-3.22.0 and LibVEX; rerun with -h for copyright info
==161274== Command: ./cub3d ./maps/bad/textures_duplicates.cub
==161274== Parent PID: 160457
==161274== 
==161274== 
==161274== HEAP SUMMARY:
==161274==     in use at exit: 23 bytes in 1 blocks
==161274==   total heap usage: 136 allocs, 135 frees, 8,299 bytes allocated
==161274== 
==161274== LEAK SUMMARY:
==161274==    definitely lost: 23 bytes in 1 blocks
==161274==    indirectly lost: 0 bytes in 0 blocks
==161274==      possibly lost: 0 bytes in 0 blocks
==161274==    still reachable: 0 bytes in 0 blocks
==161274==         suppressed: 0 bytes in 0 blocks
==161274== Rerun with --leak-check=full to see details of leaked memory
==161274== 
==161274== For lists of detected and suppressed errors, rerun with: -s
==161274== ERROR SUMMARY: 0 errors from 0 contexts (suppressed: 0 from 0)
Running valgrind on ./maps/bad/textures_invalid.cub...

[0;31m Error:[Texture verification] invalid texture format
[0m Freeing memory...
Freeing memory...
Freeing memory...
Freeing memory...
Exit code: 1
[0;32m‚úÖ No Valgrind alerts, no leaks[0m  
==161277== Memcheck, a memory error detector
==161277== Copyright (C) 2002-2022, and GNU GPL'd, by Julian Seward et al.
==161277== Using Valgrind-3.22.0 and LibVEX; rerun with -h for copyright info
==161277== Command: ./cub3d ./maps/bad/textures_invalid.cub
==161277== Parent PID: 160457
==161277== 
==161277== 
==161277== HEAP SUMMARY:
==161277==     in use at exit: 0 bytes in 0 blocks
==161277==   total heap usage: 130 allocs, 130 frees, 7,982 bytes allocated
==161277== 
==161277== All heap blocks were freed -- no leaks are possible
==161277== 
==161277== For lists of detected and suppressed errors, rerun with: -s
==161277== ERROR SUMMARY: 0 errors from 0 contexts (suppressed: 0 from 0)
Running valgrind on ./maps/bad/textures_missing.cub...

[0;31m Error:[Texture] textures are not complete
[0m Freeing memory...
Freeing memory...
Freeing memory...
Exit code: 1
[0;32m‚úÖ No Valgrind alerts, no leaks[0m  
==161491== Memcheck, a memory error detector
==161491== Copyright (C) 2002-2022, and GNU GPL'd, by Julian Seward et al.
==161491== Using Valgrind-3.22.0 and LibVEX; rerun with -h for copyright info
==161491== Command: ./cub3d ./maps/bad/textures_missing.cub
==161491== Parent PID: 160457
==161491== 
==161491== 
==161491== HEAP SUMMARY:
==161491==     in use at exit: 0 bytes in 0 blocks
==161491==   total heap usage: 124 allocs, 124 frees, 7,678 bytes allocated
==161491== 
==161491== All heap blocks were freed -- no leaks are possible
==161491== 
==161491== For lists of detected and suppressed errors, rerun with: -s
==161491== ERROR SUMMARY: 0 errors from 0 contexts (suppressed: 0 from 0)
Running valgrind on ./maps/bad/textures_none.cub...

[0;31m Error:[Texture] textures are not complete
[0m Exit code: 1
[0;32m‚úÖ No Valgrind alerts, no leaks[0m  
==161494== Memcheck, a memory error detector
==161494== Copyright (C) 2002-2022, and GNU GPL'd, by Julian Seward et al.
==161494== Using Valgrind-3.22.0 and LibVEX; rerun with -h for copyright info
==161494== Command: ./cub3d ./maps/bad/textures_none.cub
==161494== Parent PID: 160457
==161494== 
==161494== 
==161494== HEAP SUMMARY:
==161494==     in use at exit: 0 bytes in 0 blocks
==161494==   total heap usage: 101 allocs, 101 frees, 2,538 bytes allocated
==161494== 
==161494== All heap blocks were freed -- no leaks are possible
==161494== 
==161494== For lists of detected and suppressed errors, rerun with: -s
==161494== ERROR SUMMARY: 0 errors from 0 contexts (suppressed: 0 from 0)
Running valgrind on ./maps/bad/textures_not_xpm.cub...

[0;31m Error:[Texture verification] invalid texture format
[0m Freeing memory...
Freeing memory...
Freeing memory...
Freeing memory...
Exit code: 1
[0;32m‚úÖ No Valgrind alerts, no leaks[0m  
==161497== Memcheck, a memory error detector
==161497== Copyright (C) 2002-2022, and GNU GPL'd, by Julian Seward et al.
==161497== Using Valgrind-3.22.0 and LibVEX; rerun with -h for copyright info
==161497== Command: ./cub3d ./maps/bad/textures_not_xpm.cub
==161497== Parent PID: 160457
==161497== 
==161497== 
==161497== HEAP SUMMARY:
==161497==     in use at exit: 0 bytes in 0 blocks
==161497==   total heap usage: 130 allocs, 130 frees, 7,975 bytes allocated
==161497== 
==161497== All heap blocks were freed -- no leaks are possible
==161497== 
==161497== For lists of detected and suppressed errors, rerun with: -s
==161497== ERROR SUMMARY: 0 errors from 0 contexts (suppressed: 0 from 0)
Running valgrind on ./maps/bad/wall_hole_east.cub...

[0;31m Error:[Walls check] incorrect vertical walls 
[0m Exit code: 1
[0;32m‚úÖ No Valgrind alerts, no leaks[0m  
==161500== Memcheck, a memory error detector
==161500== Copyright (C) 2002-2022, and GNU GPL'd, by Julian Seward et al.
==161500== Using Valgrind-3.22.0 and LibVEX; rerun with -h for copyright info
==161500== Command: ./cub3d ./maps/bad/wall_hole_east.cub
==161500== Parent PID: 160457
==161500== 
==161500== 
==161500== HEAP SUMMARY:
==161500==     in use at exit: 0 bytes in 0 blocks
==161500==   total heap usage: 125 allocs, 125 frees, 3,829 bytes allocated
==161500== 
==161500== All heap blocks were freed -- no leaks are possible
==161500== 
==161500== For lists of detected and suppressed errors, rerun with: -s
==161500== ERROR SUMMARY: 0 errors from 0 contexts (suppressed: 0 from 0)
Running valgrind on ./maps/bad/wall_hole_north.cub...

[0;31m Error:[Walls check] incorrect horizontal walls
[0m Exit code: 1
[0;32m‚úÖ No Valgrind alerts, no leaks[0m  
==161503== Memcheck, a memory error detector
==161503== Copyright (C) 2002-2022, and GNU GPL'd, by Julian Seward et al.
==161503== Using Valgrind-3.22.0 and LibVEX; rerun with -h for copyright info
==161503== Command: ./cub3d ./maps/bad/wall_hole_north.cub
==161503== Parent PID: 160457
==161503== 
==161503== 
==161503== HEAP SUMMARY:
==161503==     in use at exit: 0 bytes in 0 blocks
==161503==   total heap usage: 125 allocs, 125 frees, 3,829 bytes allocated
==161503== 
==161503== All heap blocks were freed -- no leaks are possible
==161503== 
==161503== For lists of detected and suppressed errors, rerun with: -s
==161503== ERROR SUMMARY: 0 errors from 0 contexts (suppressed: 0 from 0)
Running valgrind on ./maps/bad/wall_hole_south.cub...

[0;31m Error:[Walls check] incorrect horizontal walls
[0m Exit code: 1
[0;32m‚úÖ No Valgrind alerts, no leaks[0m  
==161506== Memcheck, a memory error detector
==161506== Copyright (C) 2002-2022, and GNU GPL'd, by Julian Seward et al.
==161506== Using Valgrind-3.22.0 and LibVEX; rerun with -h for copyright info
==161506== Command: ./cub3d ./maps/bad/wall_hole_south.cub
==161506== Parent PID: 160457
==161506== 
==161506== 
==161506== HEAP SUMMARY:
==161506==     in use at exit: 0 bytes in 0 blocks
==161506==   total heap usage: 125 allocs, 125 frees, 3,829 bytes allocated
==161506== 
==161506== All heap blocks were freed -- no leaks are possible
==161506== 
==161506== For lists of detected and suppressed errors, rerun with: -s
==161506== ERROR SUMMARY: 0 errors from 0 contexts (suppressed: 0 from 0)
Running valgrind on ./maps/bad/wall_hole_west.cub...

[0;31m Error:[Map check in file] Invalid map placement or format
[0m Exit code: 1
[0;32m‚úÖ No Valgrind alerts, no leaks[0m  
==161554== Memcheck, a memory error detector
==161554== Copyright (C) 2002-2022, and GNU GPL'd, by Julian Seward et al.
==161554== Using Valgrind-3.22.0 and LibVEX; rerun with -h for copyright info
==161554== Command: ./cub3d ./maps/bad/wall_hole_west.cub
==161554== Parent PID: 160457
==161554== 
==161554== 
==161554== HEAP SUMMARY:
==161554==     in use at exit: 0 bytes in 0 blocks
==161554==   total heap usage: 98 allocs, 98 frees, 3,561 bytes allocated
==161554== 
==161554== All heap blocks were freed -- no leaks are possible
==161554== 
==161554== For lists of detected and suppressed errors, rerun with: -s
==161554== ERROR SUMMARY: 0 errors from 0 contexts (suppressed: 0 from 0)
Running valgrind on ./maps/bad/wall_none.cub...

[0;31m Error:[Map start] No map or incorrect placement
[0m Exit code: 1
[0;32m‚úÖ No Valgrind alerts, no leaks[0m  
==161625== Memcheck, a memory error detector
==161625== Copyright (C) 2002-2022, and GNU GPL'd, by Julian Seward et al.
==161625== Using Valgrind-3.22.0 and LibVEX; rerun with -h for copyright info
==161625== Command: ./cub3d ./maps/bad/wall_none.cub
==161625== Parent PID: 160457
==161625== 
==161625== 
==161625== HEAP SUMMARY:
==161625==     in use at exit: 0 bytes in 0 blocks
==161625==   total heap usage: 98 allocs, 98 frees, 3,561 bytes allocated
==161625== 
==161625== All heap blocks were freed -- no leaks are possible
==161625== 
==161625== For lists of detected and suppressed errors, rerun with: -s
==161625== ERROR SUMMARY: 0 errors from 0 contexts (suppressed: 0 from 0)
Valgrind tests completed. Results saved to test_output.txt.
Starting Valgrind tests...
Running valgrind on ./maps/bad/color_invalid_rgb.cub...

[0;31m Error:[Color] color number out of range
[0m Freeing memory...
Freeing memory...
Freeing memory...
Freeing memory...
Exit code: 1
[0;32m‚úÖ No Valgrind alerts, no leaks[0m  
==176785== Memcheck, a memory error detector
==176785== Copyright (C) 2002-2022, and GNU GPL'd, by Julian Seward et al.
==176785== Using Valgrind-3.22.0 and LibVEX; rerun with -h for copyright info
==176785== Command: ./cub3d ./maps/bad/color_invalid_rgb.cub
==176785== Parent PID: 176783
==176785== 
==176785== 
==176785== HEAP SUMMARY:
==176785==     in use at exit: 0 bytes in 0 blocks
==176785==   total heap usage: 146 allocs, 146 frees, 8,308 bytes allocated
==176785== 
==176785== All heap blocks were freed -- no leaks are possible
==176785== 
==176785== For lists of detected and suppressed errors, rerun with: -s
==176785== ERROR SUMMARY: 0 errors from 0 contexts (suppressed: 0 from 0)
Running valgrind on ./maps/bad/color_missing_ceiling_rgb.cub...

[0;31m Error:[Color] incorrect numbers
[0m Freeing memory...
Freeing memory...
Freeing memory...
Freeing memory...
Exit code: 1
[0;32m‚úÖ No Valgrind alerts, no leaks[0m  
==176788== Memcheck, a memory error detector
==176788== Copyright (C) 2002-2022, and GNU GPL'd, by Julian Seward et al.
==176788== Using Valgrind-3.22.0 and LibVEX; rerun with -h for copyright info
==176788== Command: ./cub3d ./maps/bad/color_missing_ceiling_rgb.cub
==176788== Parent PID: 176783
==176788== 
==176788== 
==176788== HEAP SUMMARY:
==176788==     in use at exit: 0 bytes in 0 blocks
==176788==   total heap usage: 141 allocs, 141 frees, 8,082 bytes allocated
==176788== 
==176788== All heap blocks were freed -- no leaks are possible
==176788== 
==176788== For lists of detected and suppressed errors, rerun with: -s
==176788== ERROR SUMMARY: 0 errors from 0 contexts (suppressed: 0 from 0)
Running valgrind on ./maps/bad/color_missing.cub...

[0;31m Error:[Color] colors are not complete
[0m Freeing memory...
Freeing memory...
Freeing memory...
Freeing memory...
Exit code: 1
[0;32m‚úÖ No Valgrind alerts, no leaks[0m  
==176791== Memcheck, a memory error detector
==176791== Copyright (C) 2002-2022, and GNU GPL'd, by Julian Seward et al.
==176791== Using Valgrind-3.22.0 and LibVEX; rerun with -h for copyright info
==176791== Command: ./cub3d ./maps/bad/color_missing.cub
==176791== Parent PID: 176783
==176791== 
==176791== 
==176791== HEAP SUMMARY:
==176791==     in use at exit: 0 bytes in 0 blocks
==176791==   total heap usage: 132 allocs, 132 frees, 7,876 bytes allocated
==176791== 
==176791== All heap blocks were freed -- no leaks are possible
==176791== 
==176791== For lists of detected and suppressed errors, rerun with: -s
==176791== ERROR SUMMARY: 0 errors from 0 contexts (suppressed: 0 from 0)
Running valgrind on ./maps/bad/color_missing_floor_rgb.cub...

[0;31m Error:[Color] incorrect numbers
[0m Freeing memory...
Freeing memory...
Freeing memory...
Freeing memory...
Exit code: 1
[0;32m‚úÖ No Valgrind alerts, no leaks[0m  
==176907== Memcheck, a memory error detector
==176907== Copyright (C) 2002-2022, and GNU GPL'd, by Julian Seward et al.
==176907== Using Valgrind-3.22.0 and LibVEX; rerun with -h for copyright info
==176907== Command: ./cub3d ./maps/bad/color_missing_floor_rgb.cub
==176907== Parent PID: 176783
==176907== 
==176907== 
==176907== HEAP SUMMARY:
==176907==     in use at exit: 0 bytes in 0 blocks
==176907==   total heap usage: 141 allocs, 141 frees, 8,089 bytes allocated
==176907== 
==176907== All heap blocks were freed -- no leaks are possible
==176907== 
==176907== For lists of detected and suppressed errors, rerun with: -s
==176907== ERROR SUMMARY: 0 errors from 0 contexts (suppressed: 0 from 0)
Running valgrind on ./maps/bad/color_none.cub...

[0;31m Error:[Color] colors are not complete
[0m Freeing memory...
Freeing memory...
Freeing memory...
Freeing memory...
Exit code: 1
[0;32m‚úÖ No Valgrind alerts, no leaks[0m  
==176910== Memcheck, a memory error detector
==176910== Copyright (C) 2002-2022, and GNU GPL'd, by Julian Seward et al.
==176910== Using Valgrind-3.22.0 and LibVEX; rerun with -h for copyright info
==176910== Command: ./cub3d ./maps/bad/color_none.cub
==176910== Parent PID: 176783
==176910== 
==176910== 
==176910== HEAP SUMMARY:
==176910==     in use at exit: 0 bytes in 0 blocks
==176910==   total heap usage: 117 allocs, 117 frees, 7,292 bytes allocated
==176910== 
==176910== All heap blocks were freed -- no leaks are possible
==176910== 
==176910== For lists of detected and suppressed errors, rerun with: -s
==176910== ERROR SUMMARY: 0 errors from 0 contexts (suppressed: 0 from 0)
Running valgrind on ./maps/bad/empty.cub...
[0;31m Error:[Read file] file is empty
[0m Exit code: 1
[0;32m‚úÖ No Valgrind alerts, no leaks[0m  
==177124== Memcheck, a memory error detector
==177124== Copyright (C) 2002-2022, and GNU GPL'd, by Julian Seward et al.
==177124== Using Valgrind-3.22.0 and LibVEX; rerun with -h for copyright info
==177124== Command: ./cub3d ./maps/bad/empty.cub
==177124== Parent PID: 176783
==177124== 
==177124== 
==177124== HEAP SUMMARY:
==177124==     in use at exit: 0 bytes in 0 blocks
==177124==   total heap usage: 5 allocs, 5 frees, 170 bytes allocated
==177124== 
==177124== All heap blocks were freed -- no leaks are possible
==177124== 
==177124== For lists of detected and suppressed errors, rerun with: -s
==177124== ERROR SUMMARY: 0 errors from 0 contexts (suppressed: 0 from 0)
Running valgrind on ./maps/bad/file_letter_end.cub...

[0;31m Error:[Map validation] Empty line found
[0m Exit code: 1
[0;32m‚úÖ No Valgrind alerts, no leaks[0m  
==177127== Memcheck, a memory error detector
==177127== Copyright (C) 2002-2022, and GNU GPL'd, by Julian Seward et al.
==177127== Using Valgrind-3.22.0 and LibVEX; rerun with -h for copyright info
==177127== Command: ./cub3d ./maps/bad/file_letter_end.cub
==177127== Parent PID: 176783
==177127== 
==177127== 
==177127== HEAP SUMMARY:
==177127==     in use at exit: 0 bytes in 0 blocks
==177127==   total heap usage: 155 allocs, 155 frees, 7,353 bytes allocated
==177127== 
==177127== All heap blocks were freed -- no leaks are possible
==177127== 
==177127== For lists of detected and suppressed errors, rerun with: -s
==177127== ERROR SUMMARY: 0 errors from 0 contexts (suppressed: 0 from 0)
Running valgrind on ./maps/bad/filetype_missing...
[0;31m Error:[Check args] no map or invalid map extension
[0m Exit code: 1
[0;32m‚úÖ No Valgrind alerts, no leaks[0m  
==177130== Memcheck, a memory error detector
==177130== Copyright (C) 2002-2022, and GNU GPL'd, by Julian Seward et al.
==177130== Using Valgrind-3.22.0 and LibVEX; rerun with -h for copyright info
==177130== Command: ./cub3d ./maps/bad/filetype_missing
==177130== Parent PID: 176783
==177130== 
==177130== 
==177130== HEAP SUMMARY:
==177130==     in use at exit: 0 bytes in 0 blocks
==177130==   total heap usage: 3 allocs, 3 frees, 144 bytes allocated
==177130== 
==177130== All heap blocks were freed -- no leaks are possible
==177130== 
==177130== For lists of detected and suppressed errors, rerun with: -s
==177130== ERROR SUMMARY: 0 errors from 0 contexts (suppressed: 0 from 0)
Running valgrind on ./maps/bad/filetype_wrong.buc...
[0;31m Error:[Check args] no map or invalid map extension
[0m Exit code: 1
[0;32m‚úÖ No Valgrind alerts, no leaks[0m  
==177133== Memcheck, a memory error detector
==177133== Copyright (C) 2002-2022, and GNU GPL'd, by Julian Seward et al.
==177133== Using Valgrind-3.22.0 and LibVEX; rerun with -h for copyright info
==177133== Command: ./cub3d ./maps/bad/filetype_wrong.buc
==177133== Parent PID: 176783
==177133== 
==177133== 
==177133== HEAP SUMMARY:
==177133==     in use at exit: 0 bytes in 0 blocks
==177133==   total heap usage: 3 allocs, 3 frees, 144 bytes allocated
==177133== 
==177133== All heap blocks were freed -- no leaks are possible
==177133== 
==177133== For lists of detected and suppressed errors, rerun with: -s
==177133== ERROR SUMMARY: 0 errors from 0 contexts (suppressed: 0 from 0)
Running valgrind on ./maps/bad/map_first.cub...

[0;31m Error:[Map start] No map or incorrect placement
[0m Exit code: 1
[0;32m‚úÖ No Valgrind alerts, no leaks[0m  
==177136== Memcheck, a memory error detector
==177136== Copyright (C) 2002-2022, and GNU GPL'd, by Julian Seward et al.
==177136== Using Valgrind-3.22.0 and LibVEX; rerun with -h for copyright info
==177136== Command: ./cub3d ./maps/bad/map_first.cub
==177136== Parent PID: 176783
==177136== 
==177136== 
==177136== HEAP SUMMARY:
==177136==     in use at exit: 0 bytes in 0 blocks
==177136==   total heap usage: 98 allocs, 98 frees, 3,476 bytes allocated
==177136== 
==177136== All heap blocks were freed -- no leaks are possible
==177136== 
==177136== For lists of detected and suppressed errors, rerun with: -s
==177136== ERROR SUMMARY: 0 errors from 0 contexts (suppressed: 0 from 0)
Running valgrind on ./maps/bad/map_middle.cub...

[0;31m Error:[Map check in file] Invalid map placement or format
[0m Exit code: 1
[0;32m‚úÖ No Valgrind alerts, no leaks[0m  
==177139== Memcheck, a memory error detector
==177139== Copyright (C) 2002-2022, and GNU GPL'd, by Julian Seward et al.
==177139== Using Valgrind-3.22.0 and LibVEX; rerun with -h for copyright info
==177139== Command: ./cub3d ./maps/bad/map_middle.cub
==177139== Parent PID: 176783
==177139== 
==177139== 
==177139== HEAP SUMMARY:
==177139==     in use at exit: 0 bytes in 0 blocks
==177139==   total heap usage: 106 allocs, 106 frees, 3,963 bytes allocated
==177139== 
==177139== All heap blocks were freed -- no leaks are possible
==177139== 
==177139== For lists of detected and suppressed errors, rerun with: -s
==177139== ERROR SUMMARY: 0 errors from 0 contexts (suppressed: 0 from 0)
Running valgrind on ./maps/bad/map_missing.cub...

[0;31m Error:[Map start] No map or incorrect placement
[0m Exit code: 1
[0;32m‚úÖ No Valgrind alerts, no leaks[0m  
==177255== Memcheck, a memory error detector
==177255== Copyright (C) 2002-2022, and GNU GPL'd, by Julian Seward et al.
==177255== Using Valgrind-3.22.0 and LibVEX; rerun with -h for copyright info
==177255== Command: ./cub3d ./maps/bad/map_missing.cub
==177255== Parent PID: 176783
==177255== 
==177255== 
==177255== HEAP SUMMARY:
==177255==     in use at exit: 0 bytes in 0 blocks
==177255==   total heap usage: 43 allocs, 43 frees, 1,184 bytes allocated
==177255== 
==177255== All heap blocks were freed -- no leaks are possible
==177255== 
==177255== For lists of detected and suppressed errors, rerun with: -s
==177255== ERROR SUMMARY: 0 errors from 0 contexts (suppressed: 0 from 0)
Running valgrind on ./maps/bad/map_only.cub...

[0;31m Error:[Map start] No map or incorrect placement
[0m Exit code: 1
[0;32m‚úÖ No Valgrind alerts, no leaks[0m  
==177258== Memcheck, a memory error detector
==177258== Copyright (C) 2002-2022, and GNU GPL'd, by Julian Seward et al.
==177258== Using Valgrind-3.22.0 and LibVEX; rerun with -h for copyright info
==177258== Command: ./cub3d ./maps/bad/map_only.cub
==177258== Parent PID: 176783
==177258== 
==177258== 
==177258== HEAP SUMMARY:
==177258==     in use at exit: 0 bytes in 0 blocks
==177258==   total heap usage: 61 allocs, 61 frees, 1,634 bytes allocated
==177258== 
==177258== All heap blocks were freed -- no leaks are possible
==177258== 
==177258== For lists of detected and suppressed errors, rerun with: -s
==177258== ERROR SUMMARY: 0 errors from 0 contexts (suppressed: 0 from 0)
Running valgrind on ./maps/bad/map_too_small.cub...

[0;31m Error:[Map check in file] Invalid map size
[0m Exit code: 1
[0;32m‚úÖ No Valgrind alerts, no leaks[0m  
==177472== Memcheck, a memory error detector
==177472== Copyright (C) 2002-2022, and GNU GPL'd, by Julian Seward et al.
==177472== Using Valgrind-3.22.0 and LibVEX; rerun with -h for copyright info
==177472== Command: ./cub3d ./maps/bad/map_too_small.cub
==177472== Parent PID: 176783
==177472== 
==177472== 
==177472== HEAP SUMMARY:
==177472==     in use at exit: 0 bytes in 0 blocks
==177472==   total heap usage: 51 allocs, 51 frees, 1,444 bytes allocated
==177472== 
==177472== All heap blocks were freed -- no leaks are possible
==177472== 
==177472== For lists of detected and suppressed errors, rerun with: -s
==177472== ERROR SUMMARY: 0 errors from 0 contexts (suppressed: 0 from 0)
Running valgrind on ./maps/bad/player_multiple.cub...

[0;31m Error:[Map validation] invalid number of player 
[0m Exit code: 1
[0;32m‚úÖ No Valgrind alerts, no leaks[0m  
==177475== Memcheck, a memory error detector
==177475== Copyright (C) 2002-2022, and GNU GPL'd, by Julian Seward et al.
==177475== Using Valgrind-3.22.0 and LibVEX; rerun with -h for copyright info
==177475== Command: ./cub3d ./maps/bad/player_multiple.cub
==177475== Parent PID: 176783
==177475== 
==177475== 
==177475== HEAP SUMMARY:
==177475==     in use at exit: 0 bytes in 0 blocks
==177475==   total heap usage: 125 allocs, 125 frees, 3,829 bytes allocated
==177475== 
==177475== All heap blocks were freed -- no leaks are possible
==177475== 
==177475== For lists of detected and suppressed errors, rerun with: -s
==177475== ERROR SUMMARY: 0 errors from 0 contexts (suppressed: 0 from 0)
Running valgrind on ./maps/bad/player_none.cub...

[0;31m Error:[Map validation] invalid number of player 
[0m Exit code: 1
[0;32m‚úÖ No Valgrind alerts, no leaks[0m  
==177478== Memcheck, a memory error detector
==177478== Copyright (C) 2002-2022, and GNU GPL'd, by Julian Seward et al.
==177478== Using Valgrind-3.22.0 and LibVEX; rerun with -h for copyright info
==177478== Command: ./cub3d ./maps/bad/player_none.cub
==177478== Parent PID: 176783
==177478== 
==177478== 
==177478== HEAP SUMMARY:
==177478==     in use at exit: 0 bytes in 0 blocks
==177478==   total heap usage: 125 allocs, 125 frees, 3,829 bytes allocated
==177478== 
==177478== All heap blocks were freed -- no leaks are possible
==177478== 
==177478== For lists of detected and suppressed errors, rerun with: -s
==177478== ERROR SUMMARY: 0 errors from 0 contexts (suppressed: 0 from 0)
Running valgrind on ./maps/bad/player_on_edge.cub...

[0;31m Error:[Walls check] incorrect horizontal walls
[0m Exit code: 1
[0;32m‚úÖ No Valgrind alerts, no leaks[0m  
==177481== Memcheck, a memory error detector
==177481== Copyright (C) 2002-2022, and GNU GPL'd, by Julian Seward et al.
==177481== Using Valgrind-3.22.0 and LibVEX; rerun with -h for copyright info
==177481== Command: ./cub3d ./maps/bad/player_on_edge.cub
==177481== Parent PID: 176783
==177481== 
==177481== 
==177481== HEAP SUMMARY:
==177481==     in use at exit: 0 bytes in 0 blocks
==177481==   total heap usage: 125 allocs, 125 frees, 3,829 bytes allocated
==177481== 
==177481== All heap blocks were freed -- no leaks are possible
==177481== 
==177481== For lists of detected and suppressed errors, rerun with: -s
==177481== ERROR SUMMARY: 0 errors from 0 contexts (suppressed: 0 from 0)
Running valgrind on ./maps/bad/textures_dir.cub...

[0;31m Error:[Texture verification] invalid texture format
[0m Freeing memory...
Freeing memory...
Freeing memory...
Freeing memory...
Exit code: 1
[0;32m‚úÖ No Valgrind alerts, no leaks[0m  
==177484== Memcheck, a memory error detector
==177484== Copyright (C) 2002-2022, and GNU GPL'd, by Julian Seward et al.
==177484== Using Valgrind-3.22.0 and LibVEX; rerun with -h for copyright info
==177484== Command: ./cub3d ./maps/bad/textures_dir.cub
==177484== Parent PID: 176783
==177484== 
==177484== 
==177484== HEAP SUMMARY:
==177484==     in use at exit: 0 bytes in 0 blocks
==177484==   total heap usage: 130 allocs, 130 frees, 7,985 bytes allocated
==177484== 
==177484== All heap blocks were freed -- no leaks are possible
==177484== 
==177484== For lists of detected and suppressed errors, rerun with: -s
==177484== ERROR SUMMARY: 0 errors from 0 contexts (suppressed: 0 from 0)
Running valgrind on ./maps/bad/textures_duplicates.cub...

[0;31m Error:[Texture save] Duplicate found
[0m Freeing memory...
Freeing memory...
Freeing memory...
Freeing memory...
Freeing memory...
Exit code: 1
[0;32m‚úÖ No Valgrind alerts, no leaks[0m  
==177487== Memcheck, a memory error detector
==177487== Copyright (C) 2002-2022, and GNU GPL'd, by Julian Seward et al.
==177487== Using Valgrind-3.22.0 and LibVEX; rerun with -h for copyright info
==177487== Command: ./cub3d ./maps/bad/textures_duplicates.cub
==177487== Parent PID: 176783
==177487== 
==177487== 
==177487== HEAP SUMMARY:
==177487==     in use at exit: 0 bytes in 0 blocks
==177487==   total heap usage: 136 allocs, 136 frees, 8,299 bytes allocated
==177487== 
==177487== All heap blocks were freed -- no leaks are possible
==177487== 
==177487== For lists of detected and suppressed errors, rerun with: -s
==177487== ERROR SUMMARY: 0 errors from 0 contexts (suppressed: 0 from 0)
Running valgrind on ./maps/bad/textures_invalid.cub...

[0;31m Error:[Texture verification] invalid texture format
[0m Freeing memory...
Freeing memory...
Freeing memory...
Freeing memory...
Exit code: 1
[0;32m‚úÖ No Valgrind alerts, no leaks[0m  
==177490== Memcheck, a memory error detector
==177490== Copyright (C) 2002-2022, and GNU GPL'd, by Julian Seward et al.
==177490== Using Valgrind-3.22.0 and LibVEX; rerun with -h for copyright info
==177490== Command: ./cub3d ./maps/bad/textures_invalid.cub
==177490== Parent PID: 176783
==177490== 
==177490== 
==177490== HEAP SUMMARY:
==177490==     in use at exit: 0 bytes in 0 blocks
==177490==   total heap usage: 130 allocs, 130 frees, 7,982 bytes allocated
==177490== 
==177490== All heap blocks were freed -- no leaks are possible
==177490== 
==177490== For lists of detected and suppressed errors, rerun with: -s
==177490== ERROR SUMMARY: 0 errors from 0 contexts (suppressed: 0 from 0)
Running valgrind on ./maps/bad/textures_missing.cub...

[0;31m Error:[Texture] textures are not complete
[0m Freeing memory...
Freeing memory...
Freeing memory...
Exit code: 1
[0;32m‚úÖ No Valgrind alerts, no leaks[0m  
==177606== Memcheck, a memory error detector
==177606== Copyright (C) 2002-2022, and GNU GPL'd, by Julian Seward et al.
==177606== Using Valgrind-3.22.0 and LibVEX; rerun with -h for copyright info
==177606== Command: ./cub3d ./maps/bad/textures_missing.cub
==177606== Parent PID: 176783
==177606== 
==177606== 
==177606== HEAP SUMMARY:
==177606==     in use at exit: 0 bytes in 0 blocks
==177606==   total heap usage: 124 allocs, 124 frees, 7,678 bytes allocated
==177606== 
==177606== All heap blocks were freed -- no leaks are possible
==177606== 
==177606== For lists of detected and suppressed errors, rerun with: -s
==177606== ERROR SUMMARY: 0 errors from 0 contexts (suppressed: 0 from 0)
Running valgrind on ./maps/bad/textures_none.cub...

[0;31m Error:[Texture] textures are not complete
[0m Exit code: 1
[0;32m‚úÖ No Valgrind alerts, no leaks[0m  
==177691== Memcheck, a memory error detector
==177691== Copyright (C) 2002-2022, and GNU GPL'd, by Julian Seward et al.
==177691== Using Valgrind-3.22.0 and LibVEX; rerun with -h for copyright info
==177691== Command: ./cub3d ./maps/bad/textures_none.cub
==177691== Parent PID: 176783
==177691== 
==177691== 
==177691== HEAP SUMMARY:
==177691==     in use at exit: 0 bytes in 0 blocks
==177691==   total heap usage: 101 allocs, 101 frees, 2,538 bytes allocated
==177691== 
==177691== All heap blocks were freed -- no leaks are possible
==177691== 
==177691== For lists of detected and suppressed errors, rerun with: -s
==177691== ERROR SUMMARY: 0 errors from 0 contexts (suppressed: 0 from 0)
Running valgrind on ./maps/bad/textures_not_xpm.cub...

[0;31m Error:[Texture verification] invalid texture format
[0m Freeing memory...
Freeing memory...
Freeing memory...
Freeing memory...
Exit code: 1
[0;32m‚úÖ No Valgrind alerts, no leaks[0m  
==177823== Memcheck, a memory error detector
==177823== Copyright (C) 2002-2022, and GNU GPL'd, by Julian Seward et al.
==177823== Using Valgrind-3.22.0 and LibVEX; rerun with -h for copyright info
==177823== Command: ./cub3d ./maps/bad/textures_not_xpm.cub
==177823== Parent PID: 176783
==177823== 
==177823== 
==177823== HEAP SUMMARY:
==177823==     in use at exit: 0 bytes in 0 blocks
==177823==   total heap usage: 130 allocs, 130 frees, 7,975 bytes allocated
==177823== 
==177823== All heap blocks were freed -- no leaks are possible
==177823== 
==177823== For lists of detected and suppressed errors, rerun with: -s
==177823== ERROR SUMMARY: 0 errors from 0 contexts (suppressed: 0 from 0)
Running valgrind on ./maps/bad/wall_hole_east.cub...

[0;31m Error:[Walls check] incorrect vertical walls 
[0m Exit code: 1
[0;32m‚úÖ No Valgrind alerts, no leaks[0m  
==177826== Memcheck, a memory error detector
==177826== Copyright (C) 2002-2022, and GNU GPL'd, by Julian Seward et al.
==177826== Using Valgrind-3.22.0 and LibVEX; rerun with -h for copyright info
==177826== Command: ./cub3d ./maps/bad/wall_hole_east.cub
==177826== Parent PID: 176783
==177826== 
==177826== 
==177826== HEAP SUMMARY:
==177826==     in use at exit: 0 bytes in 0 blocks
==177826==   total heap usage: 125 allocs, 125 frees, 3,829 bytes allocated
==177826== 
==177826== All heap blocks were freed -- no leaks are possible
==177826== 
==177826== For lists of detected and suppressed errors, rerun with: -s
==177826== ERROR SUMMARY: 0 errors from 0 contexts (suppressed: 0 from 0)
Running valgrind on ./maps/bad/wall_hole_north.cub...

[0;31m Error:[Walls check] incorrect horizontal walls
[0m Exit code: 1
[0;32m‚úÖ No Valgrind alerts, no leaks[0m  
==177829== Memcheck, a memory error detector
==177829== Copyright (C) 2002-2022, and GNU GPL'd, by Julian Seward et al.
==177829== Using Valgrind-3.22.0 and LibVEX; rerun with -h for copyright info
==177829== Command: ./cub3d ./maps/bad/wall_hole_north.cub
==177829== Parent PID: 176783
==177829== 
==177829== 
==177829== HEAP SUMMARY:
==177829==     in use at exit: 0 bytes in 0 blocks
==177829==   total heap usage: 125 allocs, 125 frees, 3,829 bytes allocated
==177829== 
==177829== All heap blocks were freed -- no leaks are possible
==177829== 
==177829== For lists of detected and suppressed errors, rerun with: -s
==177829== ERROR SUMMARY: 0 errors from 0 contexts (suppressed: 0 from 0)
Running valgrind on ./maps/bad/wall_hole_south.cub...

[0;31m Error:[Walls check] incorrect horizontal walls
[0m Exit code: 1
[0;32m‚úÖ No Valgrind alerts, no leaks[0m  
==177832== Memcheck, a memory error detector
==177832== Copyright (C) 2002-2022, and GNU GPL'd, by Julian Seward et al.
==177832== Using Valgrind-3.22.0 and LibVEX; rerun with -h for copyright info
==177832== Command: ./cub3d ./maps/bad/wall_hole_south.cub
==177832== Parent PID: 176783
==177832== 
==177832== 
==177832== HEAP SUMMARY:
==177832==     in use at exit: 0 bytes in 0 blocks
==177832==   total heap usage: 125 allocs, 125 frees, 3,829 bytes allocated
==177832== 
==177832== All heap blocks were freed -- no leaks are possible
==177832== 
==177832== For lists of detected and suppressed errors, rerun with: -s
==177832== ERROR SUMMARY: 0 errors from 0 contexts (suppressed: 0 from 0)
Running valgrind on ./maps/bad/wall_hole_west.cub...

[0;31m Error:[Map check in file] Invalid map placement or format
[0m Exit code: 1
[0;32m‚úÖ No Valgrind alerts, no leaks[0m  
==177835== Memcheck, a memory error detector
==177835== Copyright (C) 2002-2022, and GNU GPL'd, by Julian Seward et al.
==177835== Using Valgrind-3.22.0 and LibVEX; rerun with -h for copyright info
==177835== Command: ./cub3d ./maps/bad/wall_hole_west.cub
==177835== Parent PID: 176783
==177835== 
==177835== 
==177835== HEAP SUMMARY:
==177835==     in use at exit: 0 bytes in 0 blocks
==177835==   total heap usage: 98 allocs, 98 frees, 3,561 bytes allocated
==177835== 
==177835== All heap blocks were freed -- no leaks are possible
==177835== 
==177835== For lists of detected and suppressed errors, rerun with: -s
==177835== ERROR SUMMARY: 0 errors from 0 contexts (suppressed: 0 from 0)
Running valgrind on ./maps/bad/wall_none.cub...

[0;31m Error:[Map start] No map or incorrect placement
[0m Exit code: 1
[0;32m‚úÖ No Valgrind alerts, no leaks[0m  
==177838== Memcheck, a memory error detector
==177838== Copyright (C) 2002-2022, and GNU GPL'd, by Julian Seward et al.
==177838== Using Valgrind-3.22.0 and LibVEX; rerun with -h for copyright info
==177838== Command: ./cub3d ./maps/bad/wall_none.cub
==177838== Parent PID: 176783
==177838== 
==177838== 
==177838== HEAP SUMMARY:
==177838==     in use at exit: 0 bytes in 0 blocks
==177838==   total heap usage: 98 allocs, 98 frees, 3,561 bytes allocated
==177838== 
==177838== All heap blocks were freed -- no leaks are possible
==177838== 
==177838== For lists of detected and suppressed errors, rerun with: -s
==177838== ERROR SUMMARY: 0 errors from 0 contexts (suppressed: 0 from 0)
Valgrind tests completed. Results saved to test_output.txt.
Starting Valgrind tests...
Running valgrind on ./maps/good/cheese_maze.cub...

Freeing memory...
Freeing memory...
Freeing memory...
Freeing memory...
Exit code: 0
[0;32m‚úÖ No Valgrind alerts, no leaks[0m  
==180097== Memcheck, a memory error detector
==180097== Copyright (C) 2002-2022, and GNU GPL'd, by Julian Seward et al.
==180097== Using Valgrind-3.22.0 and LibVEX; rerun with -h for copyright info
==180097== Command: ./cub3d ./maps/good/cheese_maze.cub
==180097== Parent PID: 180094
==180097== 
==180097== 
==180097== HEAP SUMMARY:
==180097==     in use at exit: 0 bytes in 0 blocks
==180097==   total heap usage: 210 allocs, 210 frees, 12,286 bytes allocated
==180097== 
==180097== All heap blocks were freed -- no leaks are possible
==180097== 
==180097== For lists of detected and suppressed errors, rerun with: -s
==180097== ERROR SUMMARY: 0 errors from 0 contexts (suppressed: 0 from 0)
Running valgrind on ./maps/good/creepy.cub...

Freeing memory...
Freeing memory...
Freeing memory...
Freeing memory...
Exit code: 0
[0;32m‚úÖ No Valgrind alerts, no leaks[0m  
==180182== Memcheck, a memory error detector
==180182== Copyright (C) 2002-2022, and GNU GPL'd, by Julian Seward et al.
==180182== Using Valgrind-3.22.0 and LibVEX; rerun with -h for copyright info
==180182== Command: ./cub3d ./maps/good/creepy.cub
==180182== Parent PID: 180094
==180182== 
==180182== 
==180182== HEAP SUMMARY:
==180182==     in use at exit: 0 bytes in 0 blocks
==180182==   total heap usage: 152 allocs, 152 frees, 8,990 bytes allocated
==180182== 
==180182== All heap blocks were freed -- no leaks are possible
==180182== 
==180182== For lists of detected and suppressed errors, rerun with: -s
==180182== ERROR SUMMARY: 0 errors from 0 contexts (suppressed: 0 from 0)
Running valgrind on ./maps/good/dungeon.cub...

Freeing memory...
Freeing memory...
Freeing memory...
Freeing memory...
Exit code: 0
[0;32m‚úÖ No Valgrind alerts, no leaks[0m  
==180501== Memcheck, a memory error detector
==180501== Copyright (C) 2002-2022, and GNU GPL'd, by Julian Seward et al.
==180501== Using Valgrind-3.22.0 and LibVEX; rerun with -h for copyright info
==180501== Command: ./cub3d ./maps/good/dungeon.cub
==180501== Parent PID: 180094
==180501== 
==180501== 
==180501== HEAP SUMMARY:
==180501==     in use at exit: 0 bytes in 0 blocks
==180501==   total heap usage: 133 allocs, 133 frees, 8,232 bytes allocated
==180501== 
==180501== All heap blocks were freed -- no leaks are possible
==180501== 
==180501== For lists of detected and suppressed errors, rerun with: -s
==180501== ERROR SUMMARY: 0 errors from 0 contexts (suppressed: 0 from 0)
Running valgrind on ./maps/good/library.cub...

Freeing memory...
Freeing memory...
Freeing memory...
Freeing memory...
Exit code: 0
[0;32m‚úÖ No Valgrind alerts, no leaks[0m  
==180504== Memcheck, a memory error detector
==180504== Copyright (C) 2002-2022, and GNU GPL'd, by Julian Seward et al.
==180504== Using Valgrind-3.22.0 and LibVEX; rerun with -h for copyright info
==180504== Command: ./cub3d ./maps/good/library.cub
==180504== Parent PID: 180094
==180504== 
==180504== 
==180504== HEAP SUMMARY:
==180504==     in use at exit: 0 bytes in 0 blocks
==180504==   total heap usage: 133 allocs, 133 frees, 8,285 bytes allocated
==180504== 
==180504== All heap blocks were freed -- no leaks are possible
==180504== 
==180504== For lists of detected and suppressed errors, rerun with: -s
==180504== ERROR SUMMARY: 0 errors from 0 contexts (suppressed: 0 from 0)
Running valgrind on ./maps/good/matrix.cub...

Freeing memory...
Freeing memory...
Freeing memory...
Freeing memory...
Exit code: 0
[0;32m‚úÖ No Valgrind alerts, no leaks[0m  
==180718== Memcheck, a memory error detector
==180718== Copyright (C) 2002-2022, and GNU GPL'd, by Julian Seward et al.
==180718== Using Valgrind-3.22.0 and LibVEX; rerun with -h for copyright info
==180718== Command: ./cub3d ./maps/good/matrix.cub
==180718== Parent PID: 180094
==180718== 
==180718== 
==180718== HEAP SUMMARY:
==180718==     in use at exit: 0 bytes in 0 blocks
==180718==   total heap usage: 210 allocs, 210 frees, 12,140 bytes allocated
==180718== 
==180718== All heap blocks were freed -- no leaks are possible
==180718== 
==180718== For lists of detected and suppressed errors, rerun with: -s
==180718== ERROR SUMMARY: 0 errors from 0 contexts (suppressed: 0 from 0)
Running valgrind on ./maps/good/sad_face.cub...

Freeing memory...
Freeing memory...
Freeing memory...
Freeing memory...
Exit code: 0
[0;32m‚úÖ No Valgrind alerts, no leaks[0m  
==180721== Memcheck, a memory error detector
==180721== Copyright (C) 2002-2022, and GNU GPL'd, by Julian Seward et al.
==180721== Using Valgrind-3.22.0 and LibVEX; rerun with -h for copyright info
==180721== Command: ./cub3d ./maps/good/sad_face.cub
==180721== Parent PID: 180094
==180721== 
==180721== 
==180721== HEAP SUMMARY:
==180721==     in use at exit: 0 bytes in 0 blocks
==180721==   total heap usage: 152 allocs, 152 frees, 8,972 bytes allocated
==180721== 
==180721== All heap blocks were freed -- no leaks are possible
==180721== 
==180721== For lists of detected and suppressed errors, rerun with: -s
==180721== ERROR SUMMARY: 0 errors from 0 contexts (suppressed: 0 from 0)
Running valgrind on ./maps/good/square_map.cub...

Freeing memory...
Freeing memory...
Freeing memory...
Freeing memory...
Exit code: 0
[0;32m‚úÖ No Valgrind alerts, no leaks[0m  
==180724== Memcheck, a memory error detector
==180724== Copyright (C) 2002-2022, and GNU GPL'd, by Julian Seward et al.
==180724== Using Valgrind-3.22.0 and LibVEX; rerun with -h for copyright info
==180724== Command: ./cub3d ./maps/good/square_map.cub
==180724== Parent PID: 180094
==180724== 
==180724== 
==180724== HEAP SUMMARY:
==180724==     in use at exit: 0 bytes in 0 blocks
==180724==   total heap usage: 277 allocs, 277 frees, 17,008 bytes allocated
==180724== 
==180724== All heap blocks were freed -- no leaks are possible
==180724== 
==180724== For lists of detected and suppressed errors, rerun with: -s
==180724== ERROR SUMMARY: 0 errors from 0 contexts (suppressed: 0 from 0)
Running valgrind on ./maps/good/subject_map.cub...

Freeing memory...
Freeing memory...
Freeing memory...
Freeing memory...
Exit code: 0
[0;32m‚úÖ No Valgrind alerts, no leaks[0m  
==180840== Memcheck, a memory error detector
==180840== Copyright (C) 2002-2022, and GNU GPL'd, by Julian Seward et al.
==180840== Using Valgrind-3.22.0 and LibVEX; rerun with -h for copyright info
==180840== Command: ./cub3d ./maps/good/subject_map.cub
==180840== Parent PID: 180094
==180840== 
==180840== 
==180840== HEAP SUMMARY:
==180840==     in use at exit: 0 bytes in 0 blocks
==180840==   total heap usage: 164 allocs, 164 frees, 10,128 bytes allocated
==180840== 
==180840== All heap blocks were freed -- no leaks are possible
==180840== 
==180840== For lists of detected and suppressed errors, rerun with: -s
==180840== ERROR SUMMARY: 0 errors from 0 contexts (suppressed: 0 from 0)
Running valgrind on ./maps/good/test_map.cub...

Freeing memory...
Freeing memory...
Freeing memory...
Freeing memory...
Exit code: 0
[0;32m‚úÖ No Valgrind alerts, no leaks[0m  
==180843== Memcheck, a memory error detector
==180843== Copyright (C) 2002-2022, and GNU GPL'd, by Julian Seward et al.
==180843== Using Valgrind-3.22.0 and LibVEX; rerun with -h for copyright info
==180843== Command: ./cub3d ./maps/good/test_map.cub
==180843== Parent PID: 180094
==180843== 
==180843== 
==180843== HEAP SUMMARY:
==180843==     in use at exit: 0 bytes in 0 blocks
==180843==   total heap usage: 113 allocs, 113 frees, 7,229 bytes allocated
==180843== 
==180843== All heap blocks were freed -- no leaks are possible
==180843== 
==180843== For lists of detected and suppressed errors, rerun with: -s
==180843== ERROR SUMMARY: 0 errors from 0 contexts (suppressed: 0 from 0)
Running valgrind on ./maps/good/test_map_hole.cub...

Freeing memory...
Freeing memory...
Freeing memory...
Freeing memory...
Exit code: 0
[0;32m‚úÖ No Valgrind alerts, no leaks[0m  
==181057== Memcheck, a memory error detector
==181057== Copyright (C) 2002-2022, and GNU GPL'd, by Julian Seward et al.
==181057== Using Valgrind-3.22.0 and LibVEX; rerun with -h for copyright info
==181057== Command: ./cub3d ./maps/good/test_map_hole.cub
==181057== Parent PID: 180094
==181057== 
==181057== 
==181057== HEAP SUMMARY:
==181057==     in use at exit: 0 bytes in 0 blocks
==181057==   total heap usage: 113 allocs, 113 frees, 7,229 bytes allocated
==181057== 
==181057== All heap blocks were freed -- no leaks are possible
==181057== 
==181057== For lists of detected and suppressed errors, rerun with: -s
==181057== ERROR SUMMARY: 0 errors from 0 contexts (suppressed: 0 from 0)
Running valgrind on ./maps/good/test_pos_bottom.cub...

Freeing memory...
Freeing memory...
Freeing memory...
Freeing memory...
Exit code: 0
[0;32m‚úÖ No Valgrind alerts, no leaks[0m  
==181060== Memcheck, a memory error detector
==181060== Copyright (C) 2002-2022, and GNU GPL'd, by Julian Seward et al.
==181060== Using Valgrind-3.22.0 and LibVEX; rerun with -h for copyright info
==181060== Command: ./cub3d ./maps/good/test_pos_bottom.cub
==181060== Parent PID: 180094
==181060== 
==181060== 
==181060== HEAP SUMMARY:
==181060==     in use at exit: 0 bytes in 0 blocks
==181060==   total heap usage: 141 allocs, 141 frees, 8,007 bytes allocated
==181060== 
==181060== All heap blocks were freed -- no leaks are possible
==181060== 
==181060== For lists of detected and suppressed errors, rerun with: -s
==181060== ERROR SUMMARY: 0 errors from 0 contexts (suppressed: 0 from 0)
Running valgrind on ./maps/good/test_pos_left.cub...

Freeing memory...
Freeing memory...
Freeing memory...
Freeing memory...
Exit code: 0
[0;32m‚úÖ No Valgrind alerts, no leaks[0m  
==181063== Memcheck, a memory error detector
==181063== Copyright (C) 2002-2022, and GNU GPL'd, by Julian Seward et al.
==181063== Using Valgrind-3.22.0 and LibVEX; rerun with -h for copyright info
==181063== Command: ./cub3d ./maps/good/test_pos_left.cub
==181063== Parent PID: 180094
==181063== 
==181063== 
==181063== HEAP SUMMARY:
==181063==     in use at exit: 0 bytes in 0 blocks
==181063==   total heap usage: 82 allocs, 82 frees, 6,237 bytes allocated
==181063== 
==181063== All heap blocks were freed -- no leaks are possible
==181063== 
==181063== For lists of detected and suppressed errors, rerun with: -s
==181063== ERROR SUMMARY: 0 errors from 0 contexts (suppressed: 0 from 0)
Running valgrind on ./maps/good/test_pos_right.cub...

Freeing memory...
Freeing memory...
Freeing memory...
Freeing memory...
Exit code: 0
[0;32m‚úÖ No Valgrind alerts, no leaks[0m  
==181066== Memcheck, a memory error detector
==181066== Copyright (C) 2002-2022, and GNU GPL'd, by Julian Seward et al.
==181066== Using Valgrind-3.22.0 and LibVEX; rerun with -h for copyright info
==181066== Command: ./cub3d ./maps/good/test_pos_right.cub
==181066== Parent PID: 180094
==181066== 
==181066== 
==181066== HEAP SUMMARY:
==181066==     in use at exit: 0 bytes in 0 blocks
==181066==   total heap usage: 82 allocs, 82 frees, 6,237 bytes allocated
==181066== 
==181066== All heap blocks were freed -- no leaks are possible
==181066== 
==181066== For lists of detected and suppressed errors, rerun with: -s
==181066== ERROR SUMMARY: 0 errors from 0 contexts (suppressed: 0 from 0)
Running valgrind on ./maps/good/test_pos_top.cub...

Freeing memory...
Freeing memory...
Freeing memory...
Freeing memory...
Exit code: 0
[0;32m‚úÖ No Valgrind alerts, no leaks[0m  
==181069== Memcheck, a memory error detector
==181069== Copyright (C) 2002-2022, and GNU GPL'd, by Julian Seward et al.
==181069== Using Valgrind-3.22.0 and LibVEX; rerun with -h for copyright info
==181069== Command: ./cub3d ./maps/good/test_pos_top.cub
==181069== Parent PID: 180094
==181069== 
==181069== 
==181069== HEAP SUMMARY:
==181069==     in use at exit: 0 bytes in 0 blocks
==181069==   total heap usage: 141 allocs, 141 frees, 8,007 bytes allocated
==181069== 
==181069== All heap blocks were freed -- no leaks are possible
==181069== 
==181069== For lists of detected and suppressed errors, rerun with: -s
==181069== ERROR SUMMARY: 0 errors from 0 contexts (suppressed: 0 from 0)
Running valgrind on ./maps/good/test_textures.cub...

Freeing memory...
Freeing memory...
Freeing memory...
Freeing memory...
Exit code: 0
[0;32m‚úÖ No Valgrind alerts, no leaks[0m  
==181072== Memcheck, a memory error detector
==181072== Copyright (C) 2002-2022, and GNU GPL'd, by Julian Seward et al.
==181072== Using Valgrind-3.22.0 and LibVEX; rerun with -h for copyright info
==181072== Command: ./cub3d ./maps/good/test_textures.cub
==181072== Parent PID: 180094
==181072== 
==181072== 
==181072== HEAP SUMMARY:
==181072==     in use at exit: 0 bytes in 0 blocks
==181072==   total heap usage: 142 allocs, 142 frees, 8,146 bytes allocated
==181072== 
==181072== All heap blocks were freed -- no leaks are possible
==181072== 
==181072== For lists of detected and suppressed errors, rerun with: -s
==181072== ERROR SUMMARY: 0 errors from 0 contexts (suppressed: 0 from 0)
Running valgrind on ./maps/good/test_whitespace.cub...

Freeing memory...
Freeing memory...
Freeing memory...
Freeing memory...
Exit code: 0
[0;32m‚úÖ No Valgrind alerts, no leaks[0m  
==181188== Memcheck, a memory error detector
==181188== Copyright (C) 2002-2022, and GNU GPL'd, by Julian Seward et al.
==181188== Using Valgrind-3.22.0 and LibVEX; rerun with -h for copyright info
==181188== Command: ./cub3d ./maps/good/test_whitespace.cub
==181188== Parent PID: 180094
==181188== 
==181188== 
==181188== HEAP SUMMARY:
==181188==     in use at exit: 0 bytes in 0 blocks
==181188==   total heap usage: 306 allocs, 306 frees, 23,419 bytes allocated
==181188== 
==181188== All heap blocks were freed -- no leaks are possible
==181188== 
==181188== For lists of detected and suppressed errors, rerun with: -s
==181188== ERROR SUMMARY: 0 errors from 0 contexts (suppressed: 0 from 0)
Running valgrind on ./maps/good/works.cub...

Freeing memory...
Freeing memory...
Freeing memory...
Freeing memory...
Exit code: 0
[0;32m‚úÖ No Valgrind alerts, no leaks[0m  
==181191== Memcheck, a memory error detector
==181191== Copyright (C) 2002-2022, and GNU GPL'd, by Julian Seward et al.
==181191== Using Valgrind-3.22.0 and LibVEX; rerun with -h for copyright info
==181191== Command: ./cub3d ./maps/good/works.cub
==181191== Parent PID: 180094
==181191== 
==181191== 
==181191== HEAP SUMMARY:
==181191==     in use at exit: 0 bytes in 0 blocks
==181191==   total heap usage: 130 allocs, 130 frees, 8,412 bytes allocated
==181191== 
==181191== All heap blocks were freed -- no leaks are possible
==181191== 
==181191== For lists of detected and suppressed errors, rerun with: -s
==181191== ERROR SUMMARY: 0 errors from 0 contexts (suppressed: 0 from 0)
Valgrind tests completed. Results saved to test_output.txt.
Starting Valgrind tests...
Running valgrind on ./maps/good/cheese_maze.cub...

Freeing memory...
Freeing memory...
Freeing memory...
Freeing memory...
Exit code: 0
[0;32m‚úÖ No Valgrind alerts, no leaks[0m  
==184868== Memcheck, a memory error detector
==184868== Copyright (C) 2002-2022, and GNU GPL'd, by Julian Seward et al.
==184868== Using Valgrind-3.22.0 and LibVEX; rerun with -h for copyright info
==184868== Command: ./cub3d ./maps/good/cheese_maze.cub
==184868== Parent PID: 184866
==184868== 
==184868== 
==184868== HEAP SUMMARY:
==184868==     in use at exit: 0 bytes in 0 blocks
==184868==   total heap usage: 210 allocs, 210 frees, 12,286 bytes allocated
==184868== 
==184868== All heap blocks were freed -- no leaks are possible
==184868== 
==184868== For lists of detected and suppressed errors, rerun with: -s
==184868== ERROR SUMMARY: 0 errors from 0 contexts (suppressed: 0 from 0)
Running valgrind on ./maps/good/creepy.cub...

Freeing memory...
Freeing memory...
Freeing memory...
Freeing memory...
Exit code: 0
[0;32m‚úÖ No Valgrind alerts, no leaks[0m  
==185073== Memcheck, a memory error detector
==185073== Copyright (C) 2002-2022, and GNU GPL'd, by Julian Seward et al.
==185073== Using Valgrind-3.22.0 and LibVEX; rerun with -h for copyright info
==185073== Command: ./cub3d ./maps/good/creepy.cub
==185073== Parent PID: 184866
==185073== 
==185073== 
==185073== HEAP SUMMARY:
==185073==     in use at exit: 0 bytes in 0 blocks
==185073==   total heap usage: 152 allocs, 152 frees, 8,990 bytes allocated
==185073== 
==185073== All heap blocks were freed -- no leaks are possible
==185073== 
==185073== For lists of detected and suppressed errors, rerun with: -s
==185073== ERROR SUMMARY: 0 errors from 0 contexts (suppressed: 0 from 0)
Running valgrind on ./maps/good/dungeon.cub...

Freeing memory...
Freeing memory...
Freeing memory...
Freeing memory...
Exit code: 0
[0;32m‚úÖ No Valgrind alerts, no leaks[0m  
==185190== Memcheck, a memory error detector
==185190== Copyright (C) 2002-2022, and GNU GPL'd, by Julian Seward et al.
==185190== Using Valgrind-3.22.0 and LibVEX; rerun with -h for copyright info
==185190== Command: ./cub3d ./maps/good/dungeon.cub
==185190== Parent PID: 184866
==185190== 
==185190== 
==185190== HEAP SUMMARY:
==185190==     in use at exit: 0 bytes in 0 blocks
==185190==   total heap usage: 133 allocs, 133 frees, 8,232 bytes allocated
==185190== 
==185190== All heap blocks were freed -- no leaks are possible
==185190== 
==185190== For lists of detected and suppressed errors, rerun with: -s
==185190== ERROR SUMMARY: 0 errors from 0 contexts (suppressed: 0 from 0)
Running valgrind on ./maps/good/library.cub...

Freeing memory...
Freeing memory...
Freeing memory...
Freeing memory...
Exit code: 0
[0;32m‚úÖ No Valgrind alerts, no leaks[0m  
==185193== Memcheck, a memory error detector
==185193== Copyright (C) 2002-2022, and GNU GPL'd, by Julian Seward et al.
==185193== Using Valgrind-3.22.0 and LibVEX; rerun with -h for copyright info
==185193== Command: ./cub3d ./maps/good/library.cub
==185193== Parent PID: 184866
==185193== 
==185193== 
==185193== HEAP SUMMARY:
==185193==     in use at exit: 0 bytes in 0 blocks
==185193==   total heap usage: 133 allocs, 133 frees, 8,285 bytes allocated
==185193== 
==185193== All heap blocks were freed -- no leaks are possible
==185193== 
==185193== For lists of detected and suppressed errors, rerun with: -s
==185193== ERROR SUMMARY: 0 errors from 0 contexts (suppressed: 0 from 0)
Running valgrind on ./maps/good/matrix.cub...

Starting Valgrind tests...
Running valgrind on ./maps/good/cheese_maze.cub...

Exit code: 0
[0;32m‚úÖ No Valgrind alerts, no leaks[0m  
==185600== Memcheck, a memory error detector
==185600== Copyright (C) 2002-2022, and GNU GPL'd, by Julian Seward et al.
==185600== Using Valgrind-3.22.0 and LibVEX; rerun with -h for copyright info
==185600== Command: ./cub3d ./maps/good/cheese_maze.cub
==185600== Parent PID: 185598
==185600== 
==185600== 
==185600== HEAP SUMMARY:
==185600==     in use at exit: 0 bytes in 0 blocks
==185600==   total heap usage: 209 allocs, 209 frees, 8,190 bytes allocated
==185600== 
==185600== All heap blocks were freed -- no leaks are possible
==185600== 
==185600== For lists of detected and suppressed errors, rerun with: -s
==185600== ERROR SUMMARY: 0 errors from 0 contexts (suppressed: 0 from 0)
Running valgrind on ./maps/good/creepy.cub...

Exit code: 0
[0;32m‚úÖ No Valgrind alerts, no leaks[0m  
==185816== Memcheck, a memory error detector
==185816== Copyright (C) 2002-2022, and GNU GPL'd, by Julian Seward et al.
==185816== Using Valgrind-3.22.0 and LibVEX; rerun with -h for copyright info
==185816== Command: ./cub3d ./maps/good/creepy.cub
==185816== Parent PID: 185598
==185816== 
==185816== 
==185816== HEAP SUMMARY:
==185816==     in use at exit: 0 bytes in 0 blocks
==185816==   total heap usage: 151 allocs, 151 frees, 4,894 bytes allocated
==185816== 
==185816== All heap blocks were freed -- no leaks are possible
==185816== 
==185816== For lists of detected and suppressed errors, rerun with: -s
==185816== ERROR SUMMARY: 0 errors from 0 contexts (suppressed: 0 from 0)
Running valgrind on ./maps/good/dungeon.cub...

Exit code: 0
[0;32m‚úÖ No Valgrind alerts, no leaks[0m  
==185937== Memcheck, a memory error detector
==185937== Copyright (C) 2002-2022, and GNU GPL'd, by Julian Seward et al.
==185937== Using Valgrind-3.22.0 and LibVEX; rerun with -h for copyright info
==185937== Command: ./cub3d ./maps/good/dungeon.cub
==185937== Parent PID: 185598
==185937== 
==185937== 
==185937== HEAP SUMMARY:
==185937==     in use at exit: 0 bytes in 0 blocks
==185937==   total heap usage: 132 allocs, 132 frees, 4,136 bytes allocated
==185937== 
==185937== All heap blocks were freed -- no leaks are possible
==185937== 
==185937== For lists of detected and suppressed errors, rerun with: -s
==185937== ERROR SUMMARY: 0 errors from 0 contexts (suppressed: 0 from 0)
Running valgrind on ./maps/good/library.cub...

Exit code: 0
[0;32m‚úÖ No Valgrind alerts, no leaks[0m  
==185940== Memcheck, a memory error detector
==185940== Copyright (C) 2002-2022, and GNU GPL'd, by Julian Seward et al.
==185940== Using Valgrind-3.22.0 and LibVEX; rerun with -h for copyright info
==185940== Command: ./cub3d ./maps/good/library.cub
==185940== Parent PID: 185598
==185940== 
==185940== 
==185940== HEAP SUMMARY:
==185940==     in use at exit: 0 bytes in 0 blocks
==185940==   total heap usage: 132 allocs, 132 frees, 4,189 bytes allocated
==185940== 
==185940== All heap blocks were freed -- no leaks are possible
==185940== 
==185940== For lists of detected and suppressed errors, rerun with: -s
==185940== ERROR SUMMARY: 0 errors from 0 contexts (suppressed: 0 from 0)
Running valgrind on ./maps/good/matrix.cub...

Exit code: 0
[0;32m‚úÖ No Valgrind alerts, no leaks[0m  
==186164== Memcheck, a memory error detector
==186164== Copyright (C) 2002-2022, and GNU GPL'd, by Julian Seward et al.
==186164== Using Valgrind-3.22.0 and LibVEX; rerun with -h for copyright info
==186164== Command: ./cub3d ./maps/good/matrix.cub
==186164== Parent PID: 185598
==186164== 
==186164== 
==186164== HEAP SUMMARY:
==186164==     in use at exit: 0 bytes in 0 blocks
==186164==   total heap usage: 209 allocs, 209 frees, 8,044 bytes allocated
==186164== 
==186164== All heap blocks were freed -- no leaks are possible
==186164== 
==186164== For lists of detected and suppressed errors, rerun with: -s
==186164== ERROR SUMMARY: 0 errors from 0 contexts (suppressed: 0 from 0)
Running valgrind on ./maps/good/sad_face.cub...

Exit code: 0
[0;32m‚úÖ No Valgrind alerts, no leaks[0m  
==186167== Memcheck, a memory error detector
==186167== Copyright (C) 2002-2022, and GNU GPL'd, by Julian Seward et al.
==186167== Using Valgrind-3.22.0 and LibVEX; rerun with -h for copyright info
==186167== Command: ./cub3d ./maps/good/sad_face.cub
==186167== Parent PID: 185598
==186167== 
==186167== 
==186167== HEAP SUMMARY:
==186167==     in use at exit: 0 bytes in 0 blocks
==186167==   total heap usage: 151 allocs, 151 frees, 4,876 bytes allocated
==186167== 
==186167== All heap blocks were freed -- no leaks are possible
==186167== 
==186167== For lists of detected and suppressed errors, rerun with: -s
==186167== ERROR SUMMARY: 0 errors from 0 contexts (suppressed: 0 from 0)
Running valgrind on ./maps/good/square_map.cub...

Exit code: 0
[0;32m‚úÖ No Valgrind alerts, no leaks[0m  
==186170== Memcheck, a memory error detector
==186170== Copyright (C) 2002-2022, and GNU GPL'd, by Julian Seward et al.
==186170== Using Valgrind-3.22.0 and LibVEX; rerun with -h for copyright info
==186170== Command: ./cub3d ./maps/good/square_map.cub
==186170== Parent PID: 185598
==186170== 
==186170== 
==186170== HEAP SUMMARY:
==186170==     in use at exit: 0 bytes in 0 blocks
==186170==   total heap usage: 276 allocs, 276 frees, 12,912 bytes allocated
==186170== 
==186170== All heap blocks were freed -- no leaks are possible
==186170== 
==186170== For lists of detected and suppressed errors, rerun with: -s
==186170== ERROR SUMMARY: 0 errors from 0 contexts (suppressed: 0 from 0)
Running valgrind on ./maps/good/subject_map.cub...

Exit code: 0
[0;32m‚úÖ No Valgrind alerts, no leaks[0m  
==186173== Memcheck, a memory error detector
==186173== Copyright (C) 2002-2022, and GNU GPL'd, by Julian Seward et al.
==186173== Using Valgrind-3.22.0 and LibVEX; rerun with -h for copyright info
==186173== Command: ./cub3d ./maps/good/subject_map.cub
==186173== Parent PID: 185598
==186173== 
==186173== 
==186173== HEAP SUMMARY:
==186173==     in use at exit: 0 bytes in 0 blocks
==186173==   total heap usage: 163 allocs, 163 frees, 6,032 bytes allocated
==186173== 
==186173== All heap blocks were freed -- no leaks are possible
==186173== 
==186173== For lists of detected and suppressed errors, rerun with: -s
==186173== ERROR SUMMARY: 0 errors from 0 contexts (suppressed: 0 from 0)
Running valgrind on ./maps/good/test_map.cub...

Exit code: 0
[0;32m‚úÖ No Valgrind alerts, no leaks[0m  
==186176== Memcheck, a memory error detector
==186176== Copyright (C) 2002-2022, and GNU GPL'd, by Julian Seward et al.
==186176== Using Valgrind-3.22.0 and LibVEX; rerun with -h for copyright info
==186176== Command: ./cub3d ./maps/good/test_map.cub
==186176== Parent PID: 185598
==186176== 
==186176== 
==186176== HEAP SUMMARY:
==186176==     in use at exit: 0 bytes in 0 blocks
==186176==   total heap usage: 112 allocs, 112 frees, 3,133 bytes allocated
==186176== 
==186176== All heap blocks were freed -- no leaks are possible
==186176== 
==186176== For lists of detected and suppressed errors, rerun with: -s
==186176== ERROR SUMMARY: 0 errors from 0 contexts (suppressed: 0 from 0)
Running valgrind on ./maps/good/test_map_hole.cub...

Exit code: 0
[0;32m‚úÖ No Valgrind alerts, no leaks[0m  
==186179== Memcheck, a memory error detector
==186179== Copyright (C) 2002-2022, and GNU GPL'd, by Julian Seward et al.
==186179== Using Valgrind-3.22.0 and LibVEX; rerun with -h for copyright info
==186179== Command: ./cub3d ./maps/good/test_map_hole.cub
==186179== Parent PID: 185598
==186179== 
==186179== 
==186179== HEAP SUMMARY:
==186179==     in use at exit: 0 bytes in 0 blocks
==186179==   total heap usage: 112 allocs, 112 frees, 3,133 bytes allocated
==186179== 
==186179== All heap blocks were freed -- no leaks are possible
==186179== 
==186179== For lists of detected and suppressed errors, rerun with: -s
==186179== ERROR SUMMARY: 0 errors from 0 contexts (suppressed: 0 from 0)
Running valgrind on ./maps/good/test_pos_bottom.cub...

Exit code: 0
[0;32m‚úÖ No Valgrind alerts, no leaks[0m  
==186300== Memcheck, a memory error detector
==186300== Copyright (C) 2002-2022, and GNU GPL'd, by Julian Seward et al.
==186300== Using Valgrind-3.22.0 and LibVEX; rerun with -h for copyright info
==186300== Command: ./cub3d ./maps/good/test_pos_bottom.cub
==186300== Parent PID: 185598
==186300== 
==186300== 
==186300== HEAP SUMMARY:
==186300==     in use at exit: 0 bytes in 0 blocks
==186300==   total heap usage: 140 allocs, 140 frees, 3,911 bytes allocated
==186300== 
==186300== All heap blocks were freed -- no leaks are possible
==186300== 
==186300== For lists of detected and suppressed errors, rerun with: -s
==186300== ERROR SUMMARY: 0 errors from 0 contexts (suppressed: 0 from 0)
Running valgrind on ./maps/good/test_pos_left.cub...

Exit code: 0
[0;32m‚úÖ No Valgrind alerts, no leaks[0m  
==186303== Memcheck, a memory error detector
==186303== Copyright (C) 2002-2022, and GNU GPL'd, by Julian Seward et al.
==186303== Using Valgrind-3.22.0 and LibVEX; rerun with -h for copyright info
==186303== Command: ./cub3d ./maps/good/test_pos_left.cub
==186303== Parent PID: 185598
==186303== 
==186303== 
==186303== HEAP SUMMARY:
==186303==     in use at exit: 0 bytes in 0 blocks
==186303==   total heap usage: 81 allocs, 81 frees, 2,141 bytes allocated
==186303== 
==186303== All heap blocks were freed -- no leaks are possible
==186303== 
==186303== For lists of detected and suppressed errors, rerun with: -s
==186303== ERROR SUMMARY: 0 errors from 0 contexts (suppressed: 0 from 0)
Running valgrind on ./maps/good/test_pos_right.cub...

Exit code: 0
[0;32m‚úÖ No Valgrind alerts, no leaks[0m  
==186527== Memcheck, a memory error detector
==186527== Copyright (C) 2002-2022, and GNU GPL'd, by Julian Seward et al.
==186527== Using Valgrind-3.22.0 and LibVEX; rerun with -h for copyright info
==186527== Command: ./cub3d ./maps/good/test_pos_right.cub
==186527== Parent PID: 185598
==186527== 
==186527== 
==186527== HEAP SUMMARY:
==186527==     in use at exit: 0 bytes in 0 blocks
==186527==   total heap usage: 81 allocs, 81 frees, 2,141 bytes allocated
==186527== 
==186527== All heap blocks were freed -- no leaks are possible
==186527== 
==186527== For lists of detected and suppressed errors, rerun with: -s
==186527== ERROR SUMMARY: 0 errors from 0 contexts (suppressed: 0 from 0)
Running valgrind on ./maps/good/test_pos_top.cub...

Exit code: 0
[0;32m‚úÖ No Valgrind alerts, no leaks[0m  
==186530== Memcheck, a memory error detector
==186530== Copyright (C) 2002-2022, and GNU GPL'd, by Julian Seward et al.
==186530== Using Valgrind-3.22.0 and LibVEX; rerun with -h for copyright info
==186530== Command: ./cub3d ./maps/good/test_pos_top.cub
==186530== Parent PID: 185598
==186530== 
==186530== 
==186530== HEAP SUMMARY:
==186530==     in use at exit: 0 bytes in 0 blocks
==186530==   total heap usage: 140 allocs, 140 frees, 3,911 bytes allocated
==186530== 
==186530== All heap blocks were freed -- no leaks are possible
==186530== 
==186530== For lists of detected and suppressed errors, rerun with: -s
==186530== ERROR SUMMARY: 0 errors from 0 contexts (suppressed: 0 from 0)
Running valgrind on ./maps/good/test_textures.cub...

Exit code: 0
[0;32m‚úÖ No Valgrind alerts, no leaks[0m  
==186533== Memcheck, a memory error detector
==186533== Copyright (C) 2002-2022, and GNU GPL'd, by Julian Seward et al.
==186533== Using Valgrind-3.22.0 and LibVEX; rerun with -h for copyright info
==186533== Command: ./cub3d ./maps/good/test_textures.cub
==186533== Parent PID: 185598
==186533== 
==186533== 
==186533== HEAP SUMMARY:
==186533==     in use at exit: 0 bytes in 0 blocks
==186533==   total heap usage: 141 allocs, 141 frees, 4,050 bytes allocated
==186533== 
==186533== All heap blocks were freed -- no leaks are possible
==186533== 
==186533== For lists of detected and suppressed errors, rerun with: -s
==186533== ERROR SUMMARY: 0 errors from 0 contexts (suppressed: 0 from 0)
Running valgrind on ./maps/good/test_whitespace.cub...

Exit code: 0
[0;32m‚úÖ No Valgrind alerts, no leaks[0m  
==186536== Memcheck, a memory error detector
==186536== Copyright (C) 2002-2022, and GNU GPL'd, by Julian Seward et al.
==186536== Using Valgrind-3.22.0 and LibVEX; rerun with -h for copyright info
==186536== Command: ./cub3d ./maps/good/test_whitespace.cub
==186536== Parent PID: 185598
==186536== 
==186536== 
==186536== HEAP SUMMARY:
==186536==     in use at exit: 0 bytes in 0 blocks
==186536==   total heap usage: 305 allocs, 305 frees, 19,323 bytes allocated
==186536== 
==186536== All heap blocks were freed -- no leaks are possible
==186536== 
==186536== For lists of detected and suppressed errors, rerun with: -s
==186536== ERROR SUMMARY: 0 errors from 0 contexts (suppressed: 0 from 0)
Running valgrind on ./maps/good/works.cub...

Exit code: 0
[0;32m‚úÖ No Valgrind alerts, no leaks[0m  
==186539== Memcheck, a memory error detector
==186539== Copyright (C) 2002-2022, and GNU GPL'd, by Julian Seward et al.
==186539== Using Valgrind-3.22.0 and LibVEX; rerun with -h for copyright info
==186539== Command: ./cub3d ./maps/good/works.cub
==186539== Parent PID: 185598
==186539== 
==186539== 
==186539== HEAP SUMMARY:
==186539==     in use at exit: 0 bytes in 0 blocks
==186539==   total heap usage: 129 allocs, 129 frees, 4,316 bytes allocated
==186539== 
==186539== All heap blocks were freed -- no leaks are possible
==186539== 
==186539== For lists of detected and suppressed errors, rerun with: -s
==186539== ERROR SUMMARY: 0 errors from 0 contexts (suppressed: 0 from 0)
Valgrind tests completed. Results saved to test_output.txt.
Starting Valgrind tests...
Running valgrind on ./maps/bad/color_invalid_rgb.cub...

[0;31m Error:[Color] color number out of range
[0m Exit code: 1
[0;32m‚úÖ No Valgrind alerts, no leaks[0m  
==188725== Memcheck, a memory error detector
==188725== Copyright (C) 2002-2022, and GNU GPL'd, by Julian Seward et al.
==188725== Using Valgrind-3.22.0 and LibVEX; rerun with -h for copyright info
==188725== Command: ./cub3d ./maps/bad/color_invalid_rgb.cub
==188725== Parent PID: 188723
==188725== 
==188725== 
==188725== HEAP SUMMARY:
==188725==     in use at exit: 0 bytes in 0 blocks
==188725==   total heap usage: 145 allocs, 145 frees, 4,212 bytes allocated
==188725== 
==188725== All heap blocks were freed -- no leaks are possible
==188725== 
==188725== For lists of detected and suppressed errors, rerun with: -s
==188725== ERROR SUMMARY: 0 errors from 0 contexts (suppressed: 0 from 0)
Running valgrind on ./maps/bad/color_missing_ceiling_rgb.cub...

[0;31m Error:[Color] incorrect numbers
[0m Exit code: 1
[0;32m‚úÖ No Valgrind alerts, no leaks[0m  
==188941== Memcheck, a memory error detector
==188941== Copyright (C) 2002-2022, and GNU GPL'd, by Julian Seward et al.
==188941== Using Valgrind-3.22.0 and LibVEX; rerun with -h for copyright info
==188941== Command: ./cub3d ./maps/bad/color_missing_ceiling_rgb.cub
==188941== Parent PID: 188723
==188941== 
==188941== 
==188941== HEAP SUMMARY:
==188941==     in use at exit: 0 bytes in 0 blocks
==188941==   total heap usage: 140 allocs, 140 frees, 3,986 bytes allocated
==188941== 
==188941== All heap blocks were freed -- no leaks are possible
==188941== 
==188941== For lists of detected and suppressed errors, rerun with: -s
==188941== ERROR SUMMARY: 0 errors from 0 contexts (suppressed: 0 from 0)
Running valgrind on ./maps/bad/color_missing.cub...

[0;31m Error:[Color] colors are not complete
[0m Exit code: 1
[0;32m‚úÖ No Valgrind alerts, no leaks[0m  
==189062== Memcheck, a memory error detector
==189062== Copyright (C) 2002-2022, and GNU GPL'd, by Julian Seward et al.
==189062== Using Valgrind-3.22.0 and LibVEX; rerun with -h for copyright info
==189062== Command: ./cub3d ./maps/bad/color_missing.cub
==189062== Parent PID: 188723
==189062== 
==189062== 
==189062== HEAP SUMMARY:
==189062==     in use at exit: 0 bytes in 0 blocks
==189062==   total heap usage: 131 allocs, 131 frees, 3,780 bytes allocated
==189062== 
==189062== All heap blocks were freed -- no leaks are possible
==189062== 
==189062== For lists of detected and suppressed errors, rerun with: -s
==189062== ERROR SUMMARY: 0 errors from 0 contexts (suppressed: 0 from 0)
Running valgrind on ./maps/bad/color_missing_floor_rgb.cub...

[0;31m Error:[Color] incorrect numbers
[0m Exit code: 1
[0;32m‚úÖ No Valgrind alerts, no leaks[0m  
==189065== Memcheck, a memory error detector
==189065== Copyright (C) 2002-2022, and GNU GPL'd, by Julian Seward et al.
==189065== Using Valgrind-3.22.0 and LibVEX; rerun with -h for copyright info
==189065== Command: ./cub3d ./maps/bad/color_missing_floor_rgb.cub
==189065== Parent PID: 188723
==189065== 
==189065== 
==189065== HEAP SUMMARY:
==189065==     in use at exit: 0 bytes in 0 blocks
==189065==   total heap usage: 140 allocs, 140 frees, 3,993 bytes allocated
==189065== 
==189065== All heap blocks were freed -- no leaks are possible
==189065== 
==189065== For lists of detected and suppressed errors, rerun with: -s
==189065== ERROR SUMMARY: 0 errors from 0 contexts (suppressed: 0 from 0)
Running valgrind on ./maps/bad/color_none.cub...

[0;31m Error:[Color] colors are not complete
[0m Exit code: 1
[0;32m‚úÖ No Valgrind alerts, no leaks[0m  
==189289== Memcheck, a memory error detector
==189289== Copyright (C) 2002-2022, and GNU GPL'd, by Julian Seward et al.
==189289== Using Valgrind-3.22.0 and LibVEX; rerun with -h for copyright info
==189289== Command: ./cub3d ./maps/bad/color_none.cub
==189289== Parent PID: 188723
==189289== 
==189289== 
==189289== HEAP SUMMARY:
==189289==     in use at exit: 0 bytes in 0 blocks
==189289==   total heap usage: 116 allocs, 116 frees, 3,196 bytes allocated
==189289== 
==189289== All heap blocks were freed -- no leaks are possible
==189289== 
==189289== For lists of detected and suppressed errors, rerun with: -s
==189289== ERROR SUMMARY: 0 errors from 0 contexts (suppressed: 0 from 0)
Running valgrind on ./maps/bad/empty.cub...
[0;31m Error:[Read file] file is empty
[0m Exit code: 1
[0;32m‚úÖ No Valgrind alerts, no leaks[0m  
==189292== Memcheck, a memory error detector
==189292== Copyright (C) 2002-2022, and GNU GPL'd, by Julian Seward et al.
==189292== Using Valgrind-3.22.0 and LibVEX; rerun with -h for copyright info
==189292== Command: ./cub3d ./maps/bad/empty.cub
==189292== Parent PID: 188723
==189292== 
==189292== 
==189292== HEAP SUMMARY:
==189292==     in use at exit: 0 bytes in 0 blocks
==189292==   total heap usage: 5 allocs, 5 frees, 170 bytes allocated
==189292== 
==189292== All heap blocks were freed -- no leaks are possible
==189292== 
==189292== For lists of detected and suppressed errors, rerun with: -s
==189292== ERROR SUMMARY: 0 errors from 0 contexts (suppressed: 0 from 0)
Running valgrind on ./maps/bad/file_letter_end.cub...

[0;31m Error:[Map validation] Empty line found
[0m Exit code: 1
[0;32m‚úÖ No Valgrind alerts, no leaks[0m  
==189295== Memcheck, a memory error detector
==189295== Copyright (C) 2002-2022, and GNU GPL'd, by Julian Seward et al.
==189295== Using Valgrind-3.22.0 and LibVEX; rerun with -h for copyright info
==189295== Command: ./cub3d ./maps/bad/file_letter_end.cub
==189295== Parent PID: 188723
==189295== 
==189295== 
==189295== HEAP SUMMARY:
==189295==     in use at exit: 0 bytes in 0 blocks
==189295==   total heap usage: 155 allocs, 155 frees, 7,353 bytes allocated
==189295== 
==189295== All heap blocks were freed -- no leaks are possible
==189295== 
==189295== For lists of detected and suppressed errors, rerun with: -s
==189295== ERROR SUMMARY: 0 errors from 0 contexts (suppressed: 0 from 0)
Running valgrind on ./maps/bad/filetype_missing...
[0;31m Error:[Check args] no map or invalid map extension
[0m Exit code: 1
[0;32m‚úÖ No Valgrind alerts, no leaks[0m  
==189417== Memcheck, a memory error detector
==189417== Copyright (C) 2002-2022, and GNU GPL'd, by Julian Seward et al.
==189417== Using Valgrind-3.22.0 and LibVEX; rerun with -h for copyright info
==189417== Command: ./cub3d ./maps/bad/filetype_missing
==189417== Parent PID: 188723
==189417== 
==189417== 
==189417== HEAP SUMMARY:
==189417==     in use at exit: 0 bytes in 0 blocks
==189417==   total heap usage: 3 allocs, 3 frees, 144 bytes allocated
==189417== 
==189417== All heap blocks were freed -- no leaks are possible
==189417== 
==189417== For lists of detected and suppressed errors, rerun with: -s
==189417== ERROR SUMMARY: 0 errors from 0 contexts (suppressed: 0 from 0)
Running valgrind on ./maps/bad/filetype_wrong.buc...
[0;31m Error:[Check args] no map or invalid map extension
[0m Exit code: 1
[0;32m‚úÖ No Valgrind alerts, no leaks[0m  
==189420== Memcheck, a memory error detector
==189420== Copyright (C) 2002-2022, and GNU GPL'd, by Julian Seward et al.
==189420== Using Valgrind-3.22.0 and LibVEX; rerun with -h for copyright info
==189420== Command: ./cub3d ./maps/bad/filetype_wrong.buc
==189420== Parent PID: 188723
==189420== 
==189420== 
==189420== HEAP SUMMARY:
==189420==     in use at exit: 0 bytes in 0 blocks
==189420==   total heap usage: 3 allocs, 3 frees, 144 bytes allocated
==189420== 
==189420== All heap blocks were freed -- no leaks are possible
==189420== 
==189420== For lists of detected and suppressed errors, rerun with: -s
==189420== ERROR SUMMARY: 0 errors from 0 contexts (suppressed: 0 from 0)
Running valgrind on ./maps/bad/map_first.cub...

[0;31m Error:[Map start] No map or incorrect placement
[0m Exit code: 1
[0;32m‚úÖ No Valgrind alerts, no leaks[0m  
==189645== Memcheck, a memory error detector
==189645== Copyright (C) 2002-2022, and GNU GPL'd, by Julian Seward et al.
==189645== Using Valgrind-3.22.0 and LibVEX; rerun with -h for copyright info
==189645== Command: ./cub3d ./maps/bad/map_first.cub
==189645== Parent PID: 188723
==189645== 
==189645== 
==189645== HEAP SUMMARY:
==189645==     in use at exit: 0 bytes in 0 blocks
==189645==   total heap usage: 98 allocs, 98 frees, 3,476 bytes allocated
==189645== 
==189645== All heap blocks were freed -- no leaks are possible
==189645== 
==189645== For lists of detected and suppressed errors, rerun with: -s
==189645== ERROR SUMMARY: 0 errors from 0 contexts (suppressed: 0 from 0)
Running valgrind on ./maps/bad/map_middle.cub...

[0;31m Error:[Map check in file] Invalid map placement or format
[0m Exit code: 1
[0;32m‚úÖ No Valgrind alerts, no leaks[0m  
==189648== Memcheck, a memory error detector
==189648== Copyright (C) 2002-2022, and GNU GPL'd, by Julian Seward et al.
==189648== Using Valgrind-3.22.0 and LibVEX; rerun with -h for copyright info
==189648== Command: ./cub3d ./maps/bad/map_middle.cub
==189648== Parent PID: 188723
==189648== 
==189648== 
==189648== HEAP SUMMARY:
==189648==     in use at exit: 0 bytes in 0 blocks
==189648==   total heap usage: 106 allocs, 106 frees, 3,963 bytes allocated
==189648== 
==189648== All heap blocks were freed -- no leaks are possible
==189648== 
==189648== For lists of detected and suppressed errors, rerun with: -s
==189648== ERROR SUMMARY: 0 errors from 0 contexts (suppressed: 0 from 0)
Running valgrind on ./maps/bad/map_missing.cub...

[0;31m Error:[Map start] No map or incorrect placement
[0m Exit code: 1
[0;32m‚úÖ No Valgrind alerts, no leaks[0m  
==189651== Memcheck, a memory error detector
==189651== Copyright (C) 2002-2022, and GNU GPL'd, by Julian Seward et al.
==189651== Using Valgrind-3.22.0 and LibVEX; rerun with -h for copyright info
==189651== Command: ./cub3d ./maps/bad/map_missing.cub
==189651== Parent PID: 188723
==189651== 
==189651== 
==189651== HEAP SUMMARY:
==189651==     in use at exit: 0 bytes in 0 blocks
==189651==   total heap usage: 43 allocs, 43 frees, 1,184 bytes allocated
==189651== 
==189651== All heap blocks were freed -- no leaks are possible
==189651== 
==189651== For lists of detected and suppressed errors, rerun with: -s
==189651== ERROR SUMMARY: 0 errors from 0 contexts (suppressed: 0 from 0)
Running valgrind on ./maps/bad/map_only.cub...

[0;31m Error:[Map start] No map or incorrect placement
[0m Exit code: 1
[0;32m‚úÖ No Valgrind alerts, no leaks[0m  
==189654== Memcheck, a memory error detector
==189654== Copyright (C) 2002-2022, and GNU GPL'd, by Julian Seward et al.
==189654== Using Valgrind-3.22.0 and LibVEX; rerun with -h for copyright info
==189654== Command: ./cub3d ./maps/bad/map_only.cub
==189654== Parent PID: 188723
==189654== 
==189654== 
==189654== HEAP SUMMARY:
==189654==     in use at exit: 0 bytes in 0 blocks
==189654==   total heap usage: 61 allocs, 61 frees, 1,634 bytes allocated
==189654== 
==189654== All heap blocks were freed -- no leaks are possible
==189654== 
==189654== For lists of detected and suppressed errors, rerun with: -s
==189654== ERROR SUMMARY: 0 errors from 0 contexts (suppressed: 0 from 0)
Running valgrind on ./maps/bad/map_too_small.cub...

[0;31m Error:[Map check in file] Invalid map size
[0m Exit code: 1
[0;32m‚úÖ No Valgrind alerts, no leaks[0m  
==189657== Memcheck, a memory error detector
==189657== Copyright (C) 2002-2022, and GNU GPL'd, by Julian Seward et al.
==189657== Using Valgrind-3.22.0 and LibVEX; rerun with -h for copyright info
==189657== Command: ./cub3d ./maps/bad/map_too_small.cub
==189657== Parent PID: 188723
==189657== 
==189657== 
==189657== HEAP SUMMARY:
==189657==     in use at exit: 0 bytes in 0 blocks
==189657==   total heap usage: 51 allocs, 51 frees, 1,444 bytes allocated
==189657== 
==189657== All heap blocks were freed -- no leaks are possible
==189657== 
==189657== For lists of detected and suppressed errors, rerun with: -s
==189657== ERROR SUMMARY: 0 errors from 0 contexts (suppressed: 0 from 0)
Running valgrind on ./maps/bad/player_multiple.cub...

[0;31m Error:[Map validation] invalid number of player 
[0m Exit code: 1
[0;32m‚úÖ No Valgrind alerts, no leaks[0m  
==189660== Memcheck, a memory error detector
==189660== Copyright (C) 2002-2022, and GNU GPL'd, by Julian Seward et al.
==189660== Using Valgrind-3.22.0 and LibVEX; rerun with -h for copyright info
==189660== Command: ./cub3d ./maps/bad/player_multiple.cub
==189660== Parent PID: 188723
==189660== 
==189660== 
==189660== HEAP SUMMARY:
==189660==     in use at exit: 0 bytes in 0 blocks
==189660==   total heap usage: 125 allocs, 125 frees, 3,829 bytes allocated
==189660== 
==189660== All heap blocks were freed -- no leaks are possible
==189660== 
==189660== For lists of detected and suppressed errors, rerun with: -s
==189660== ERROR SUMMARY: 0 errors from 0 contexts (suppressed: 0 from 0)
Running valgrind on ./maps/bad/player_none.cub...

[0;31m Error:[Map validation] invalid number of player 
[0m Exit code: 1
[0;32m‚úÖ No Valgrind alerts, no leaks[0m  
==189663== Memcheck, a memory error detector
==189663== Copyright (C) 2002-2022, and GNU GPL'd, by Julian Seward et al.
==189663== Using Valgrind-3.22.0 and LibVEX; rerun with -h for copyright info
==189663== Command: ./cub3d ./maps/bad/player_none.cub
==189663== Parent PID: 188723
==189663== 
==189663== 
==189663== HEAP SUMMARY:
==189663==     in use at exit: 0 bytes in 0 blocks
==189663==   total heap usage: 125 allocs, 125 frees, 3,829 bytes allocated
==189663== 
==189663== All heap blocks were freed -- no leaks are possible
==189663== 
==189663== For lists of detected and suppressed errors, rerun with: -s
==189663== ERROR SUMMARY: 0 errors from 0 contexts (suppressed: 0 from 0)
Running valgrind on ./maps/bad/player_on_edge.cub...

[0;31m Error:[Walls check] incorrect horizontal walls
[0m Exit code: 1
[0;32m‚úÖ No Valgrind alerts, no leaks[0m  
==189784== Memcheck, a memory error detector
==189784== Copyright (C) 2002-2022, and GNU GPL'd, by Julian Seward et al.
==189784== Using Valgrind-3.22.0 and LibVEX; rerun with -h for copyright info
==189784== Command: ./cub3d ./maps/bad/player_on_edge.cub
==189784== Parent PID: 188723
==189784== 
==189784== 
==189784== HEAP SUMMARY:
==189784==     in use at exit: 0 bytes in 0 blocks
==189784==   total heap usage: 125 allocs, 125 frees, 3,829 bytes allocated
==189784== 
==189784== All heap blocks were freed -- no leaks are possible
==189784== 
==189784== For lists of detected and suppressed errors, rerun with: -s
==189784== ERROR SUMMARY: 0 errors from 0 contexts (suppressed: 0 from 0)
Running valgrind on ./maps/bad/textures_dir.cub...

[0;31m Error:[Texture verification] invalid texture format
[0m Exit code: 1
[0;32m‚úÖ No Valgrind alerts, no leaks[0m  
==189787== Memcheck, a memory error detector
==189787== Copyright (C) 2002-2022, and GNU GPL'd, by Julian Seward et al.
==189787== Using Valgrind-3.22.0 and LibVEX; rerun with -h for copyright info
==189787== Command: ./cub3d ./maps/bad/textures_dir.cub
==189787== Parent PID: 188723
==189787== 
==189787== 
==189787== HEAP SUMMARY:
==189787==     in use at exit: 0 bytes in 0 blocks
==189787==   total heap usage: 129 allocs, 129 frees, 3,889 bytes allocated
==189787== 
==189787== All heap blocks were freed -- no leaks are possible
==189787== 
==189787== For lists of detected and suppressed errors, rerun with: -s
==189787== ERROR SUMMARY: 0 errors from 0 contexts (suppressed: 0 from 0)
Running valgrind on ./maps/bad/textures_duplicates.cub...

[0;31m Error:[Texture save] Duplicate found
[0m Exit code: 1
[0;32m‚úÖ No Valgrind alerts, no leaks[0m  
==190011== Memcheck, a memory error detector
==190011== Copyright (C) 2002-2022, and GNU GPL'd, by Julian Seward et al.
==190011== Using Valgrind-3.22.0 and LibVEX; rerun with -h for copyright info
==190011== Command: ./cub3d ./maps/bad/textures_duplicates.cub
==190011== Parent PID: 188723
==190011== 
==190011== 
==190011== HEAP SUMMARY:
==190011==     in use at exit: 0 bytes in 0 blocks
==190011==   total heap usage: 135 allocs, 135 frees, 4,203 bytes allocated
==190011== 
==190011== All heap blocks were freed -- no leaks are possible
==190011== 
==190011== For lists of detected and suppressed errors, rerun with: -s
==190011== ERROR SUMMARY: 0 errors from 0 contexts (suppressed: 0 from 0)
Running valgrind on ./maps/bad/textures_invalid.cub...

[0;31m Error:[Texture verification] invalid texture format
[0m Exit code: 1
[0;32m‚úÖ No Valgrind alerts, no leaks[0m  
==190014== Memcheck, a memory error detector
==190014== Copyright (C) 2002-2022, and GNU GPL'd, by Julian Seward et al.
==190014== Using Valgrind-3.22.0 and LibVEX; rerun with -h for copyright info
==190014== Command: ./cub3d ./maps/bad/textures_invalid.cub
==190014== Parent PID: 188723
==190014== 
==190014== 
==190014== HEAP SUMMARY:
==190014==     in use at exit: 0 bytes in 0 blocks
==190014==   total heap usage: 129 allocs, 129 frees, 3,886 bytes allocated
==190014== 
==190014== All heap blocks were freed -- no leaks are possible
==190014== 
==190014== For lists of detected and suppressed errors, rerun with: -s
==190014== ERROR SUMMARY: 0 errors from 0 contexts (suppressed: 0 from 0)
Running valgrind on ./maps/bad/textures_missing.cub...

[0;31m Error:[Texture] textures are not complete
[0m Exit code: 1
[0;32m‚úÖ No Valgrind alerts, no leaks[0m  
==190017== Memcheck, a memory error detector
==190017== Copyright (C) 2002-2022, and GNU GPL'd, by Julian Seward et al.
==190017== Using Valgrind-3.22.0 and LibVEX; rerun with -h for copyright info
==190017== Command: ./cub3d ./maps/bad/textures_missing.cub
==190017== Parent PID: 188723
==190017== 
==190017== 
==190017== HEAP SUMMARY:
==190017==     in use at exit: 0 bytes in 0 blocks
==190017==   total heap usage: 123 allocs, 123 frees, 3,582 bytes allocated
==190017== 
==190017== All heap blocks were freed -- no leaks are possible
==190017== 
==190017== For lists of detected and suppressed errors, rerun with: -s
==190017== ERROR SUMMARY: 0 errors from 0 contexts (suppressed: 0 from 0)
Running valgrind on ./maps/bad/textures_none.cub...

[0;31m Error:[Texture] textures are not complete
[0m Exit code: 1
[0;32m‚úÖ No Valgrind alerts, no leaks[0m  
==190020== Memcheck, a memory error detector
==190020== Copyright (C) 2002-2022, and GNU GPL'd, by Julian Seward et al.
==190020== Using Valgrind-3.22.0 and LibVEX; rerun with -h for copyright info
==190020== Command: ./cub3d ./maps/bad/textures_none.cub
==190020== Parent PID: 188723
==190020== 
==190020== 
==190020== HEAP SUMMARY:
==190020==     in use at exit: 0 bytes in 0 blocks
==190020==   total heap usage: 101 allocs, 101 frees, 2,538 bytes allocated
==190020== 
==190020== All heap blocks were freed -- no leaks are possible
==190020== 
==190020== For lists of detected and suppressed errors, rerun with: -s
==190020== ERROR SUMMARY: 0 errors from 0 contexts (suppressed: 0 from 0)
Running valgrind on ./maps/bad/textures_not_xpm.cub...

[0;31m Error:[Texture verification] invalid texture format
[0m Exit code: 1
[0;32m‚úÖ No Valgrind alerts, no leaks[0m  
==190023== Memcheck, a memory error detector
==190023== Copyright (C) 2002-2022, and GNU GPL'd, by Julian Seward et al.
==190023== Using Valgrind-3.22.0 and LibVEX; rerun with -h for copyright info
==190023== Command: ./cub3d ./maps/bad/textures_not_xpm.cub
==190023== Parent PID: 188723
==190023== 
==190023== 
==190023== HEAP SUMMARY:
==190023==     in use at exit: 0 bytes in 0 blocks
==190023==   total heap usage: 129 allocs, 129 frees, 3,879 bytes allocated
==190023== 
==190023== All heap blocks were freed -- no leaks are possible
==190023== 
==190023== For lists of detected and suppressed errors, rerun with: -s
==190023== ERROR SUMMARY: 0 errors from 0 contexts (suppressed: 0 from 0)
Running valgrind on ./maps/bad/wall_hole_east.cub...

[0;31m Error:[Walls check] incorrect vertical walls 
[0m Exit code: 1
[0;32m‚úÖ No Valgrind alerts, no leaks[0m  
==190026== Memcheck, a memory error detector
==190026== Copyright (C) 2002-2022, and GNU GPL'd, by Julian Seward et al.
==190026== Using Valgrind-3.22.0 and LibVEX; rerun with -h for copyright info
==190026== Command: ./cub3d ./maps/bad/wall_hole_east.cub
==190026== Parent PID: 188723
==190026== 
==190026== 
==190026== HEAP SUMMARY:
==190026==     in use at exit: 0 bytes in 0 blocks
==190026==   total heap usage: 125 allocs, 125 frees, 3,829 bytes allocated
==190026== 
==190026== All heap blocks were freed -- no leaks are possible
==190026== 
==190026== For lists of detected and suppressed errors, rerun with: -s
==190026== ERROR SUMMARY: 0 errors from 0 contexts (suppressed: 0 from 0)
Running valgrind on ./maps/bad/wall_hole_north.cub...

[0;31m Error:[Walls check] incorrect horizontal walls
[0m Exit code: 1
[0;32m‚úÖ No Valgrind alerts, no leaks[0m  
==190033== Memcheck, a memory error detector
==190033== Copyright (C) 2002-2022, and GNU GPL'd, by Julian Seward et al.
==190033== Using Valgrind-3.22.0 and LibVEX; rerun with -h for copyright info
==190033== Command: ./cub3d ./maps/bad/wall_hole_north.cub
==190033== Parent PID: 188723
==190033== 
==190033== 
==190033== HEAP SUMMARY:
==190033==     in use at exit: 0 bytes in 0 blocks
==190033==   total heap usage: 125 allocs, 125 frees, 3,829 bytes allocated
==190033== 
==190033== All heap blocks were freed -- no leaks are possible
==190033== 
==190033== For lists of detected and suppressed errors, rerun with: -s
==190033== ERROR SUMMARY: 0 errors from 0 contexts (suppressed: 0 from 0)
Running valgrind on ./maps/bad/wall_hole_south.cub...

[0;31m Error:[Walls check] incorrect horizontal walls
[0m Exit code: 1
[0;32m‚úÖ No Valgrind alerts, no leaks[0m  
==190150== Memcheck, a memory error detector
==190150== Copyright (C) 2002-2022, and GNU GPL'd, by Julian Seward et al.
==190150== Using Valgrind-3.22.0 and LibVEX; rerun with -h for copyright info
==190150== Command: ./cub3d ./maps/bad/wall_hole_south.cub
==190150== Parent PID: 188723
==190150== 
==190150== 
==190150== HEAP SUMMARY:
==190150==     in use at exit: 0 bytes in 0 blocks
==190150==   total heap usage: 125 allocs, 125 frees, 3,829 bytes allocated
==190150== 
==190150== All heap blocks were freed -- no leaks are possible
==190150== 
==190150== For lists of detected and suppressed errors, rerun with: -s
==190150== ERROR SUMMARY: 0 errors from 0 contexts (suppressed: 0 from 0)
Running valgrind on ./maps/bad/wall_hole_west.cub...

[0;31m Error:[Map check in file] Invalid map placement or format
[0m Exit code: 1
[0;32m‚úÖ No Valgrind alerts, no leaks[0m  
==190253== Memcheck, a memory error detector
==190253== Copyright (C) 2002-2022, and GNU GPL'd, by Julian Seward et al.
==190253== Using Valgrind-3.22.0 and LibVEX; rerun with -h for copyright info
==190253== Command: ./cub3d ./maps/bad/wall_hole_west.cub
==190253== Parent PID: 188723
==190253== 
==190253== 
==190253== HEAP SUMMARY:
==190253==     in use at exit: 0 bytes in 0 blocks
==190253==   total heap usage: 98 allocs, 98 frees, 3,561 bytes allocated
==190253== 
==190253== All heap blocks were freed -- no leaks are possible
==190253== 
==190253== For lists of detected and suppressed errors, rerun with: -s
==190253== ERROR SUMMARY: 0 errors from 0 contexts (suppressed: 0 from 0)
Running valgrind on ./maps/bad/wall_none.cub...

[0;31m Error:[Map start] No map or incorrect placement
[0m Exit code: 1
[0;32m‚úÖ No Valgrind alerts, no leaks[0m  
==190377== Memcheck, a memory error detector
==190377== Copyright (C) 2002-2022, and GNU GPL'd, by Julian Seward et al.
==190377== Using Valgrind-3.22.0 and LibVEX; rerun with -h for copyright info
==190377== Command: ./cub3d ./maps/bad/wall_none.cub
==190377== Parent PID: 188723
==190377== 
==190377== 
==190377== HEAP SUMMARY:
==190377==     in use at exit: 0 bytes in 0 blocks
==190377==   total heap usage: 98 allocs, 98 frees, 3,561 bytes allocated
==190377== 
==190377== All heap blocks were freed -- no leaks are possible
==190377== 
==190377== For lists of detected and suppressed errors, rerun with: -s
==190377== ERROR SUMMARY: 0 errors from 0 contexts (suppressed: 0 from 0)
Valgrind tests completed. Results saved to test_output.txt.
